08-31 17:22:37.765   673 10250 E         : mm_camera_module_send_cmd: rc = 0
08-31 17:22:37.766   673 10252 E CamDev@1.0-impl: lmj debug mem->vif_value is 0
08-31 17:22:37.766   673 10250 E libc    : Access denied finding property "persist.denoise.process.plates"
08-31 17:22:37.767   673 10250 E libc    : Access denied finding property "persist.denoise.process.plates"
08-31 17:22:37.768   673 10250 E         : mm_camera_module_send_cmd: rc = 0
08-31 17:22:37.768   673 10250 E         : mm_camera_module_send_cmd: rc = 0
08-31 17:22:37.769   673 10252 E CamDev@1.0-impl: lmj debug mem->vif_value is 0
08-31 17:22:37.770   673 10250 E         : mm_camera_module_send_cmd: rc = 0
08-31 17:22:37.770   673 10250 E         : mm_camera_module_send_cmd: rc = 0
08-31 17:22:37.771   673 10252 E CamDev@1.0-impl: lmj debug mem->vif_value is 0
08-31 17:22:37.771   673 10250 E         : mm_camera_module_send_cmd: rc = 0
08-31 17:22:37.772   673 10250 E         : mm_camera_module_send_cmd: rc = 0
08-31 17:22:37.773   673 10252 E CamDev@1.0-impl: lmj debug mem->vif_value is 0
08-31 17:22:37.779   673 10252 I chatty  : uid=1047(cameraserver) provider@2.4-se identical 3 lines
08-31 17:22:37.781   673 10252 E CamDev@1.0-impl: lmj debug mem->vif_value is 0
08-31 17:22:37.782   673 10252 E QCamera2HWI: deferredWorkRoutine: dw->cmd = 7, dw->id = 7, pme->mInitPProcJob = 0, job_status = 0x0 at 13123
08-31 17:22:37.782   673 10252 E         : mm_camera_module_send_cmd: rc = 0
08-31 17:22:37.783   673  1419 E quadracfa_dummy: inside dummy remosaic_init 1
08-31 17:22:37.783   673  1419 E quadracfa_dummy: inside dummy remosaic_gainmap_gen 1
08-31 17:22:37.784   673 10269 E mm-camera: s5k2l8_pd1728front_m24c64s_eeprom_get_calibration_items:212,Enter
08-31 17:22:37.784   673 10269 E mm-camera: s5k2l8_pd1728front_m24c64s_eeprom_get_calibration_items:226,is_wbc:1,is_afc:0,is_lsc:1,is_dpc:0,is_insensor:0,  is_ois:0
08-31 17:22:37.788   673 10284 E ta      : TAAWB<ERROR> 2132: awb_set_init_vivo_chromatix: enableExtendGainAdjust 0
08-31 17:22:37.824   673 10284 E libc    : Access denied finding property "persist.front.camera.qcom.awb"
08-31 17:22:37.825   673 10269 E libc    : Access denied finding property "cpp.set.clock"
08-31 17:22:37.825   673 10269 E         : ctrl->cpphw->stream_type = 1
08-31 17:22:37.836   673 10250 E         : mm_camera_module_send_cmd: rc = 0
08-31 17:22:37.849   673 10250 E         : mm_camera_module_send_cmd: rc = 0
08-31 17:22:37.849   673 10252 E QCamera2HWI: deferredWorkRoutine: dw->cmd = 2, dw->id = 8, pme->mInitPProcJob = 8, job_status = 0x0 at 13123
08-31 17:22:37.849   673  1213 E         : mm_camera_module_send_cmd: rc = 0
08-31 17:22:37.876   673 10252 E mm-still: omx_component_set_callbacks: Bad Parameter
08-31 17:22:37.898   673 10270 E libc    : Access denied finding property "persist.front.camera.qcom.awb"
08-31 17:22:37.903   673 10250 E CamDev@1.0-impl: lmj debug mem->vif_value is 0
08-31 17:22:37.990   673 10258 E         : cpp_thread_handle_process_buf_event, stream_type = 1
08-31 17:22:37.992   673 10258 E libc    : Access denied finding property "disable.cpp.power.collapse"
08-31 17:22:37.992   673 10258 E libc    : Access denied finding property "camera.cpp.dumppreviewpayload"
08-31 17:22:37.995   673 10284 E ta      : TAAEC<ERROR> 2520: aec_process_parse_input_info: AEC error: invalid param type: 21
08-31 17:22:38.002   673 10270 E libc    : Access denied finding property "persist.front.camera.qcom.awb"
08-31 17:22:38.004   694   756 E ANDR-PERF-MPCTL: Invalid profile no. 0, total profiles 0 only
08-31 17:22:38.005   673 10298 E libc    : Access denied finding property "persist.aicamera.needlut"
08-31 17:22:38.024   673 10306 E libc    : Access denied finding property "cpp.set.clock"
08-31 17:22:38.024   673 10258 E         : cpp_thread_handle_process_buf_event, stream_type = 1
08-31 17:22:38.024   673 10258 E libc    : Access denied finding property "disable.cpp.power.collapse"
08-31 17:22:38.024   673 10258 E libc    : Access denied finding property "camera.cpp.dumppreviewpayload"
08-31 17:22:38.028   673 10284 E ta      : TAAEC<ERROR> 2520: aec_process_parse_input_info: AEC error: invalid param type: 21
08-31 17:22:38.031   673 10270 E libc    : Access denied finding property "persist.front.camera.qcom.awb"
08-31 17:22:38.043   673 10298 E libc    : Access denied finding property "persist.aicamera.needlut"
08-31 17:22:38.057   673 10258 E         : cpp_thread_handle_process_buf_event, stream_type = 1
08-31 17:22:38.057   673 10258 E libc    : Access denied finding property "disable.cpp.power.collapse"
08-31 17:22:38.058   673 10258 E libc    : Access denied finding property "camera.cpp.dumppreviewpayload"
08-31 17:22:38.062   673 10284 E ta      : TAAEC<ERROR> 2520: aec_process_parse_input_info: AEC error: invalid param type: 21
08-31 17:22:38.066   673 10284 E libc    : Access denied finding property "persist.front.camera.qcom.awb"
08-31 17:22:38.076   673 10298 E libc    : Access denied finding property "persist.aicamera.needlut"
08-31 17:22:38.091   673 10258 E         : cpp_thread_handle_process_buf_event, stream_type = 1
08-31 17:22:38.091   673 10258 E libc    : Access denied finding property "disable.cpp.power.collapse"
08-31 17:22:38.091   673 10258 E libc    : Access denied finding property "camera.cpp.dumppreviewpayload"
08-31 17:22:38.095   673 10284 E ta      : TAAEC<ERROR> 2520: aec_process_parse_input_info: AEC error: invalid param type: 21
08-31 17:22:38.100   673 10284 E libc    : Access denied finding property "persist.front.camera.qcom.awb"
08-31 17:22:38.110   673 10298 E libc    : Access denied finding property "persist.aicamera.needlut"
08-31 17:22:38.124   673 10258 E         : cpp_thread_handle_process_buf_event, stream_type = 1
08-31 17:22:38.124   673 10258 E libc    : Access denied finding property "disable.cpp.power.collapse"
08-31 17:22:38.125   673 10258 E libc    : Access denied finding property "camera.cpp.dumppreviewpayload"
08-31 17:22:38.129   673 10284 E ta      : TAAEC<ERROR> 2520: aec_process_parse_input_info: AEC error: invalid param type: 21
08-31 17:22:38.134   673 10284 E libc    : Access denied finding property "persist.front.camera.qcom.awb"
08-31 17:22:38.143   673 10298 E libc    : Access denied finding property "persist.aicamera.needlut"
08-31 17:22:38.157   673 10258 E         : cpp_thread_handle_process_buf_event, stream_type = 1
08-31 17:22:38.158   673 10258 E libc    : Access denied finding property "disable.cpp.power.collapse"
08-31 17:22:38.158   673 10258 E libc    : Access denied finding property "camera.cpp.dumppreviewpayload"
08-31 17:22:38.162   673 10284 E ta      : TAAEC<ERROR> 2520: aec_process_parse_input_info: AEC error: invalid param type: 21
08-31 17:22:38.165   673 10284 E libc    : Access denied finding property "persist.front.camera.qcom.awb"
08-31 17:22:38.177   673 10298 E libc    : Access denied finding property "persist.aicamera.needlut"
08-31 17:22:38.191   673 10258 E         : cpp_thread_handle_process_buf_event, stream_type = 1
08-31 17:22:38.191   673 10258 E libc    : Access denied finding property "disable.cpp.power.collapse"
08-31 17:22:38.191   673 10258 E libc    : Access denied finding property "camera.cpp.dumppreviewpayload"
08-31 17:22:38.196   673 10284 E ta      : TAAEC<ERROR> 2520: aec_process_parse_input_info: AEC error: invalid param type: 21
08-31 17:22:38.200   673 10284 E libc    : Access denied finding property "persist.front.camera.qcom.awb"
08-31 17:22:38.210   673 10298 E libc    : Access denied finding property "persist.aicamera.needlut"
08-31 17:22:38.224  1724  2178 I chatty  : uid=1000(system) AutobacklightTh identical 82 lines
08-31 17:22:38.224   673 10258 E         : cpp_thread_handle_process_buf_event, stream_type = 1
08-31 17:22:38.225   673 10258 E libc    : Access denied finding property "disable.cpp.power.collapse"
08-31 17:22:38.225   673 10258 E libc    : Access denied finding property "camera.cpp.dumppreviewpayload"
08-31 17:22:38.229   673 10284 E ta      : TAAEC<ERROR> 2520: aec_process_parse_input_info: AEC error: invalid param type: 21
08-31 17:22:38.232   673 10284 E libc    : Access denied finding property "persist.front.camera.qcom.awb"
08-31 17:22:38.243   673 10298 E libc    : Access denied finding property "persist.aicamera.needlut"
08-31 17:22:38.257   673 10258 E         : cpp_thread_handle_process_buf_event, stream_type = 1
08-31 17:22:38.258   673 10258 E libc    : Access denied finding property "disable.cpp.power.collapse"
08-31 17:22:38.258   673 10258 E libc    : Access denied finding property "camera.cpp.dumppreviewpayload"
08-31 17:22:38.262   673 10284 E ta      : TAAEC<ERROR> 2520: aec_process_parse_input_info: AEC error: invalid param type: 21
08-31 17:22:38.267   673 10270 E libc    : Access denied finding property "persist.front.camera.qcom.awb"
08-31 17:22:38.277   673 10298 E libc    : Access denied finding property "persist.aicamera.needlut"
08-31 17:22:38.291   673 10258 E         : cpp_thread_handle_process_buf_event, stream_type = 1
08-31 17:22:38.291   673 10258 E libc    : Access denied finding property "disable.cpp.power.collapse"
08-31 17:22:38.291   673 10258 E libc    : Access denied finding property "camera.cpp.dumppreviewpayload"
08-31 17:22:38.295   673 10284 E ta      : TAAEC<ERROR> 2520: aec_process_parse_input_info: AEC error: invalid param type: 21
08-31 17:22:38.298   673 10270 E libc    : Access denied finding property "persist.front.camera.qcom.awb"
08-31 17:22:38.310   673 10298 E libc    : Access denied finding property "persist.aicamera.needlut"
08-31 17:22:38.324   673 10258 E         : cpp_thread_handle_process_buf_event, stream_type = 1
08-31 17:22:38.324   673 10258 E libc    : Access denied finding property "disable.cpp.power.collapse"
08-31 17:22:38.324   673 10258 E libc    : Access denied finding property "camera.cpp.dumppreviewpayload"
08-31 17:22:38.329   673 10284 E ta      : TAAEC<ERROR> 2520: aec_process_parse_input_info: AEC error: invalid param type: 21
08-31 17:22:38.334   673 10284 E libc    : Access denied finding property "persist.front.camera.qcom.awb"
08-31 17:22:38.343   673 10298 E libc    : Access denied finding property "persist.aicamera.needlut"
08-31 17:22:38.357   673 10258 E         : cpp_thread_handle_process_buf_event, stream_type = 1
08-31 17:22:38.358   673 10258 E libc    : Access denied finding property "disable.cpp.power.collapse"
08-31 17:22:38.358   673 10258 E libc    : Access denied finding property "camera.cpp.dumppreviewpayload"
08-31 17:22:38.362   673 10284 E ta      : TAAEC<ERROR> 2520: aec_process_parse_input_info: AEC error: invalid param type: 21
08-31 17:22:38.366   673 10284 E libc    : Access denied finding property "persist.front.camera.qcom.awb"
08-31 17:22:38.376   673 10298 E libc    : Access denied finding property "persist.aicamera.needlut"
08-31 17:22:38.391   673 10258 E         : cpp_thread_handle_process_buf_event, stream_type = 1
08-31 17:22:38.391   673 10258 E libc    : Access denied finding property "disable.cpp.power.collapse"
08-31 17:22:38.391   673 10258 E libc    : Access denied finding property "camera.cpp.dumppreviewpayload"
08-31 17:22:38.395   673 10284 E ta      : TAAEC<ERROR> 2520: aec_process_parse_input_info: AEC error: invalid param type: 21
08-31 17:22:38.402   673 10270 E libc    : Access denied finding property "persist.front.camera.qcom.awb"
08-31 17:22:38.410   673 10298 E libc    : Access denied finding property "persist.aicamera.needlut"
08-31 17:22:38.424   673 10258 E         : cpp_thread_handle_process_buf_event, stream_type = 1
08-31 17:22:38.424   673 10258 E libc    : Access denied finding property "disable.cpp.power.collapse"
08-31 17:22:38.424   673 10258 E libc    : Access denied finding property "camera.cpp.dumppreviewpayload"
08-31 17:22:38.428   673 10284 E ta      : TAAEC<ERROR> 2520: aec_process_parse_input_info: AEC error: invalid param type: 21
08-31 17:22:38.433   673 10270 E libc    : Access denied finding property "persist.front.camera.qcom.awb"
08-31 17:22:38.443   673 10298 E libc    : Access denied finding property "persist.aicamera.needlut"
08-31 17:22:38.457   673 10258 E         : cpp_thread_handle_process_buf_event, stream_type = 1
08-31 17:22:38.458   673 10258 E libc    : Access denied finding property "disable.cpp.power.collapse"
08-31 17:22:38.458   673 10258 E libc    : Access denied finding property "camera.cpp.dumppreviewpayload"
08-31 17:22:38.462   673 10284 E ta      : TAAEC<ERROR> 2520: aec_process_parse_input_info: AEC error: invalid param type: 21
08-31 17:22:38.467   673 10284 E libc    : Access denied finding property "persist.front.camera.qcom.awb"
08-31 17:22:38.476   673 10298 E libc    : Access denied finding property "persist.aicamera.needlut"
08-31 17:22:38.485  1724  2184 E DisplayPowerState: run changed=true mNightPearlManager is null! or state != Display.STATE_OFF
08-31 17:22:38.491   673 10258 E         : cpp_thread_handle_process_buf_event, stream_type = 1
08-31 17:22:38.491   673 10258 E libc    : Access denied finding property "disable.cpp.power.collapse"
08-31 17:22:38.491   673 10258 E libc    : Access denied finding property "camera.cpp.dumppreviewpayload"
08-31 17:22:38.495   673 10284 E ta      : TAAEC<ERROR> 2520: aec_process_parse_input_info: AEC error: invalid param type: 21
08-31 17:22:38.500   673 10270 E libc    : Access denied finding property "persist.front.camera.qcom.awb"
08-31 17:22:38.501  1724  2184 E DisplayPowerState: run changed=true mNightPearlManager is null! or state != Display.STATE_OFF
08-31 17:22:38.509   673 10298 E libc    : Access denied finding property "persist.aicamera.needlut"
08-31 17:22:38.519  1724  2184 E DisplayPowerState: run changed=true mNightPearlManager is null! or state != Display.STATE_OFF
08-31 17:22:38.524   673 10258 E         : cpp_thread_handle_process_buf_event, stream_type = 1
08-31 17:22:38.524   673 10258 E libc    : Access denied finding property "disable.cpp.power.collapse"
08-31 17:22:38.524   673 10258 E libc    : Access denied finding property "camera.cpp.dumppreviewpayload"
08-31 17:22:38.528   673 10284 E ta      : TAAEC<ERROR> 2520: aec_process_parse_input_info: AEC error: invalid param type: 21
08-31 17:22:38.532   673 10270 E libc    : Access denied finding property "persist.front.camera.qcom.awb"
08-31 17:22:38.534  1724  2184 E DisplayPowerState: run changed=true mNightPearlManager is null! or state != Display.STATE_OFF
08-31 17:22:38.543   673 10298 E libc    : Access denied finding property "persist.aicamera.needlut"
08-31 17:22:38.552  1724  2184 E DisplayPowerState: run changed=true mNightPearlManager is null! or state != Display.STATE_OFF
08-31 17:22:38.557   673 10258 E         : cpp_thread_handle_process_buf_event, stream_type = 1
08-31 17:22:38.558   673 10258 E libc    : Access denied finding property "disable.cpp.power.collapse"
08-31 17:22:38.558   673 10258 E libc    : Access denied finding property "camera.cpp.dumppreviewpayload"
08-31 17:22:38.562   673 10284 E ta      : TAAEC<ERROR> 2520: aec_process_parse_input_info: AEC error: invalid param type: 21
08-31 17:22:38.565   673 10270 E libc    : Access denied finding property "persist.front.camera.qcom.awb"
08-31 17:22:38.567  1724  2184 E DisplayPowerState: run changed=true mNightPearlManager is null! or state != Display.STATE_OFF
08-31 17:22:38.576   673 10298 E libc    : Access denied finding property "persist.aicamera.needlut"
08-31 17:22:38.585  1724  2184 E DisplayPowerState: run changed=true mNightPearlManager is null! or state != Display.STATE_OFF
08-31 17:22:38.591   673 10258 E         : cpp_thread_handle_process_buf_event, stream_type = 1
08-31 17:22:38.591   673 10258 E libc    : Access denied finding property "disable.cpp.power.collapse"
08-31 17:22:38.591   673 10258 E libc    : Access denied finding property "camera.cpp.dumppreviewpayload"
08-31 17:22:38.595   673 10284 E ta      : TAAEC<ERROR> 2520: aec_process_parse_input_info: AEC error: invalid param type: 21
08-31 17:22:38.600   673 10284 E libc    : Access denied finding property "persist.front.camera.qcom.awb"
08-31 17:22:38.601  1724  2184 E DisplayPowerState: run changed=true mNightPearlManager is null! or state != Display.STATE_OFF
08-31 17:22:38.609   673 10298 E libc    : Access denied finding property "persist.aicamera.needlut"
08-31 17:22:38.618  1724  2184 E DisplayPowerState: run changed=true mNightPearlManager is null! or state != Display.STATE_OFF
08-31 17:22:38.624   673 10258 E         : cpp_thread_handle_process_buf_event, stream_type = 1
08-31 17:22:38.624   673 10258 E libc    : Access denied finding property "disable.cpp.power.collapse"
08-31 17:22:38.624   673 10258 E libc    : Access denied finding property "camera.cpp.dumppreviewpayload"
08-31 17:22:38.628   673 10284 E ta      : TAAEC<ERROR> 2520: aec_process_parse_input_info: AEC error: invalid param type: 21
08-31 17:22:38.631   673 10270 E libc    : Access denied finding property "persist.front.camera.qcom.awb"
08-31 17:22:38.634  1724  2184 E DisplayPowerState: run changed=true mNightPearlManager is null! or state != Display.STATE_OFF
08-31 17:22:38.643   673 10298 E libc    : Access denied finding property "persist.aicamera.needlut"
08-31 17:22:38.651  1724  2184 E DisplayPowerState: run changed=true mNightPearlManager is null! or state != Display.STATE_OFF
08-31 17:22:38.658   673 10258 E         : cpp_thread_handle_process_buf_event, stream_type = 1
08-31 17:22:38.658   673 10258 E libc    : Access denied finding property "disable.cpp.power.collapse"
08-31 17:22:38.658   673 10258 E libc    : Access denied finding property "camera.cpp.dumppreviewpayload"
08-31 17:22:38.662   673 10284 E ta      : TAAEC<ERROR> 2520: aec_process_parse_input_info: AEC error: invalid param type: 21
08-31 17:22:38.666   673 10270 E libc    : Access denied finding property "persist.front.camera.qcom.awb"
08-31 17:22:38.667  1724  2184 E DisplayPowerState: run changed=true mNightPearlManager is null! or state != Display.STATE_OFF
08-31 17:22:38.676   673 10298 E libc    : Access denied finding property "persist.aicamera.needlut"
08-31 17:22:38.684  1724  2184 E DisplayPowerState: run changed=true mNightPearlManager is null! or state != Display.STATE_OFF
08-31 17:22:38.691   673 10258 E         : cpp_thread_handle_process_buf_event, stream_type = 1
08-31 17:22:38.691   673 10258 E libc    : Access denied finding property "disable.cpp.power.collapse"
08-31 17:22:38.691   673 10258 E libc    : Access denied finding property "camera.cpp.dumppreviewpayload"
08-31 17:22:38.695   673 10284 E ta      : TAAEC<ERROR> 2520: aec_process_parse_input_info: AEC error: invalid param type: 21
08-31 17:22:38.698   673 10270 E libc    : Access denied finding property "persist.front.camera.qcom.awb"
08-31 17:22:38.700  1724  2184 E DisplayPowerState: run changed=true mNightPearlManager is null! or state != Display.STATE_OFF
08-31 17:22:38.709   673 10298 E libc    : Access denied finding property "persist.aicamera.needlut"
08-31 17:22:38.717  1724  2184 E DisplayPowerState: run changed=true mNightPearlManager is null! or state != Display.STATE_OFF
08-31 17:22:38.724   673 10258 E         : cpp_thread_handle_process_buf_event, stream_type = 1
08-31 17:22:38.724   673 10258 E libc    : Access denied finding property "disable.cpp.power.collapse"
08-31 17:22:38.724   673 10258 E libc    : Access denied finding property "camera.cpp.dumppreviewpayload"
08-31 17:22:38.730   673 10284 E ta      : TAAEC<ERROR> 2520: aec_process_parse_input_info: AEC error: invalid param type: 21
08-31 17:22:38.732   673 10270 E libc    : Access denied finding property "persist.front.camera.qcom.awb"
08-31 17:22:38.735  1724  2184 E DisplayPowerState: run changed=true mNightPearlManager is null! or state != Display.STATE_OFF
08-31 17:22:38.743   673 10298 E libc    : Access denied finding property "persist.aicamera.needlut"
08-31 17:22:38.752  1724  2184 E DisplayPowerState: run changed=true mNightPearlManager is null! or state != Display.STATE_OFF
08-31 17:22:38.757   673 10258 E         : cpp_thread_handle_process_buf_event, stream_type = 1
08-31 17:22:38.758   673 10258 E libc    : Access denied finding property "disable.cpp.power.collapse"
08-31 17:22:38.758   673 10258 E libc    : Access denied finding property "camera.cpp.dumppreviewpayload"
08-31 17:22:38.762   673 10284 E ta      : TAAEC<ERROR> 2520: aec_process_parse_input_info: AEC error: invalid param type: 21
08-31 17:22:38.764   673 10270 E libc    : Access denied finding property "persist.front.camera.qcom.awb"
08-31 17:22:38.767  1724  2184 E DisplayPowerState: run changed=true mNightPearlManager is null! or state != Display.STATE_OFF
08-31 17:22:38.776   673 10298 E libc    : Access denied finding property "persist.aicamera.needlut"
08-31 17:22:38.783  1724  2184 E DisplayPowerState: run changed=true mNightPearlManager is null! or state != Display.STATE_OFF
08-31 17:22:38.791   673 10258 E         : cpp_thread_handle_process_buf_event, stream_type = 1
08-31 17:22:38.791   673 10258 E libc    : Access denied finding property "disable.cpp.power.collapse"
08-31 17:22:38.792   673 10258 E libc    : Access denied finding property "camera.cpp.dumppreviewpayload"
08-31 17:22:38.796   673 10284 E ta      : TAAEC<ERROR> 2520: aec_process_parse_input_info: AEC error: invalid param type: 21
08-31 17:22:38.801   673 10270 E libc    : Access denied finding property "persist.front.camera.qcom.awb"
08-31 17:22:38.802  1724  2184 E DisplayPowerState: run changed=true mNightPearlManager is null! or state != Display.STATE_OFF
08-31 17:22:38.810   673 10298 E libc    : Access denied finding property "persist.aicamera.needlut"
08-31 17:22:38.824   673 10258 E         : cpp_thread_handle_process_buf_event, stream_type = 1
08-31 17:22:38.824   673 10258 E libc    : Access denied finding property "disable.cpp.power.collapse"
08-31 17:22:38.825   673 10258 E libc    : Access denied finding property "camera.cpp.dumppreviewpayload"
08-31 17:22:38.829   673 10284 E ta      : TAAEC<ERROR> 2520: aec_process_parse_input_info: AEC error: invalid param type: 21
08-31 17:22:38.831   673 10270 E libc    : Access denied finding property "persist.front.camera.qcom.awb"
08-31 17:22:38.843   673 10298 E libc    : Access denied finding property "persist.aicamera.needlut"
08-31 17:22:38.857   673 10258 E         : cpp_thread_handle_process_buf_event, stream_type = 1
08-31 17:22:38.858   673 10258 E libc    : Access denied finding property "disable.cpp.power.collapse"
08-31 17:22:38.858   673 10258 E libc    : Access denied finding property "camera.cpp.dumppreviewpayload"
08-31 17:22:38.864   673 10284 E ta      : TAAEC<ERROR> 2520: aec_process_parse_input_info: AEC error: invalid param type: 21
08-31 17:22:38.868   673 10284 E libc    : Access denied finding property "persist.front.camera.qcom.awb"
08-31 17:22:38.877   673 10298 E libc    : Access denied finding property "persist.aicamera.needlut"
08-31 17:22:38.891   673 10258 E         : cpp_thread_handle_process_buf_event, stream_type = 1
08-31 17:22:38.891   673 10258 E libc    : Access denied finding property "disable.cpp.power.collapse"
08-31 17:22:38.891   673 10258 E libc    : Access denied finding property "camera.cpp.dumppreviewpayload"
08-31 17:22:38.895   673 10284 E ta      : TAAEC<ERROR> 2520: aec_process_parse_input_info: AEC error: invalid param type: 21
08-31 17:22:38.900   673 10270 E libc    : Access denied finding property "persist.front.camera.qcom.awb"
08-31 17:22:38.910   673 10298 E libc    : Access denied finding property "persist.aicamera.needlut"
08-31 17:22:38.924   673 10258 E         : cpp_thread_handle_process_buf_event, stream_type = 1
08-31 17:22:38.924   673 10258 E libc    : Access denied finding property "disable.cpp.power.collapse"
08-31 17:22:38.925   673 10258 E libc    : Access denied finding property "camera.cpp.dumppreviewpayload"
08-31 17:22:38.929   673 10284 E ta      : TAAEC<ERROR> 2520: aec_process_parse_input_info: AEC error: invalid param type: 21
08-31 17:22:38.935   673 10284 E libc    : Access denied finding property "persist.front.camera.qcom.awb"
08-31 17:22:38.943   673 10298 E libc    : Access denied finding property "persist.aicamera.needlut"
08-31 17:22:38.957   673 10258 E         : cpp_thread_handle_process_buf_event, stream_type = 1
08-31 17:22:38.958   673 10258 E libc    : Access denied finding property "disable.cpp.power.collapse"
08-31 17:22:38.958   673 10258 E libc    : Access denied finding property "camera.cpp.dumppreviewpayload"
08-31 17:22:38.962   673 10284 E ta      : TAAEC<ERROR> 2520: aec_process_parse_input_info: AEC error: invalid param type: 21
08-31 17:22:38.967   673 10270 E libc    : Access denied finding property "persist.front.camera.qcom.awb"
08-31 17:22:38.977   673 10298 E libc    : Access denied finding property "persist.aicamera.needlut"
08-31 17:22:38.991   673 10258 E         : cpp_thread_handle_process_buf_event, stream_type = 1
08-31 17:22:38.991   673 10258 E libc    : Access denied finding property "disable.cpp.power.collapse"
08-31 17:22:38.991   673 10258 E libc    : Access denied finding property "camera.cpp.dumppreviewpayload"
08-31 17:22:38.995   673 10284 E ta      : TAAEC<ERROR> 2520: aec_process_parse_input_info: AEC error: invalid param type: 21
08-31 17:22:38.999   673 10284 E libc    : Access denied finding property "persist.front.camera.qcom.awb"
08-31 17:22:39.010   673 10298 E libc    : Access denied finding property "persist.aicamera.needlut"
08-31 17:22:39.024   673 10258 E         : cpp_thread_handle_process_buf_event, stream_type = 1
08-31 17:22:39.024   673 10258 E libc    : Access denied finding property "disable.cpp.power.collapse"
08-31 17:22:39.025   673 10258 E libc    : Access denied finding property "camera.cpp.dumppreviewpayload"
08-31 17:22:39.033   673 10284 E ta      : TAAEC<ERROR> 2520: aec_process_parse_input_info: AEC error: invalid param type: 21
08-31 17:22:39.035   673 10284 E libc    : Access denied finding property "persist.front.camera.qcom.awb"
08-31 17:22:39.043   673 10298 E libc    : Access denied finding property "persist.aicamera.needlut"
08-31 17:22:39.057   673 10258 E         : cpp_thread_handle_process_buf_event, stream_type = 1
08-31 17:22:39.058   673 10258 E libc    : Access denied finding property "disable.cpp.power.collapse"
08-31 17:22:39.058   673 10258 E libc    : Access denied finding property "camera.cpp.dumppreviewpayload"
08-31 17:22:39.062   673 10284 E ta      : TAAEC<ERROR> 2520: aec_process_parse_input_info: AEC error: invalid param type: 21
08-31 17:22:39.071   673 10284 E libc    : Access denied finding property "persist.front.camera.qcom.awb"
08-31 17:22:39.077   673 10298 E libc    : Access denied finding property "persist.aicamera.needlut"
08-31 17:22:39.091   673 10258 E         : cpp_thread_handle_process_buf_event, stream_type = 1
08-31 17:22:39.091   673 10258 E libc    : Access denied finding property "disable.cpp.power.collapse"
08-31 17:22:39.091   673 10258 E libc    : Access denied finding property "camera.cpp.dumppreviewpayload"
08-31 17:22:39.096   673 10284 E ta      : TAAEC<ERROR> 2520: aec_process_parse_input_info: AEC error: invalid param type: 21
08-31 17:22:39.100   673 10284 E libc    : Access denied finding property "persist.front.camera.qcom.awb"
08-31 17:22:39.110   673 10298 E libc    : Access denied finding property "persist.aicamera.needlut"
08-31 17:22:39.124   673 10258 E         : cpp_thread_handle_process_buf_event, stream_type = 1
08-31 17:22:39.124   673 10258 E libc    : Access denied finding property "disable.cpp.power.collapse"
08-31 17:22:39.125   673 10258 E libc    : Access denied finding property "camera.cpp.dumppreviewpayload"
08-31 17:22:39.129   673 10284 E ta      : TAAEC<ERROR> 2520: aec_process_parse_input_info: AEC error: invalid param type: 21
08-31 17:22:39.132   673 10270 E libc    : Access denied finding property "persist.front.camera.qcom.awb"
08-31 17:22:39.143   673 10298 E libc    : Access denied finding property "persist.aicamera.needlut"
08-31 17:22:39.157   673 10258 E         : cpp_thread_handle_process_buf_event, stream_type = 1
08-31 17:22:39.158   673 10258 E libc    : Access denied finding property "disable.cpp.power.collapse"
08-31 17:22:39.158   673 10258 E libc    : Access denied finding property "camera.cpp.dumppreviewpayload"
08-31 17:22:39.162   673 10284 E ta      : TAAEC<ERROR> 2520: aec_process_parse_input_info: AEC error: invalid param type: 21
08-31 17:22:39.165   673 10270 E libc    : Access denied finding property "persist.front.camera.qcom.awb"
08-31 17:22:39.176   673 10298 E libc    : Access denied finding property "persist.aicamera.needlut"
08-31 17:22:39.191   673 10258 E         : cpp_thread_handle_process_buf_event, stream_type = 1
08-31 17:22:39.191   673 10258 E libc    : Access denied finding property "disable.cpp.power.collapse"
08-31 17:22:39.191   673 10258 E libc    : Access denied finding property "camera.cpp.dumppreviewpayload"
08-31 17:22:39.195   673 10284 E ta      : TAAEC<ERROR> 2520: aec_process_parse_input_info: AEC error: invalid param type: 21
08-31 17:22:39.200   673 10284 E libc    : Access denied finding property "persist.front.camera.qcom.awb"
08-31 17:22:39.210   673 10298 E libc    : Access denied finding property "persist.aicamera.needlut"
08-31 17:22:39.224   673 10258 E         : cpp_thread_handle_process_buf_event, stream_type = 1
08-31 17:22:39.224   673 10258 E libc    : Access denied finding property "disable.cpp.power.collapse"
08-31 17:22:39.225   673 10258 E libc    : Access denied finding property "camera.cpp.dumppreviewpayload"
08-31 17:22:39.229   673 10284 E ta      : TAAEC<ERROR> 2520: aec_process_parse_input_info: AEC error: invalid param type: 21
08-31 17:22:39.232   673 10270 E libc    : Access denied finding property "persist.front.camera.qcom.awb"
08-31 17:22:39.243   673 10298 E libc    : Access denied finding property "persist.aicamera.needlut"
08-31 17:22:39.257   673 10258 E         : cpp_thread_handle_process_buf_event, stream_type = 1
08-31 17:22:39.258   673 10258 E libc    : Access denied finding property "disable.cpp.power.collapse"
08-31 17:22:39.258   673 10258 E libc    : Access denied finding property "camera.cpp.dumppreviewpayload"
08-31 17:22:39.262   673 10284 E ta      : TAAEC<ERROR> 2520: aec_process_parse_input_info: AEC error: invalid param type: 21
08-31 17:22:39.266   673 10270 E libc    : Access denied finding property "persist.front.camera.qcom.awb"
08-31 17:22:39.277   673 10298 E libc    : Access denied finding property "persist.aicamera.needlut"
08-31 17:22:39.291   673 10258 E         : cpp_thread_handle_process_buf_event, stream_type = 1
08-31 17:22:39.291   673 10258 E libc    : Access denied finding property "disable.cpp.power.collapse"
08-31 17:22:39.291   673 10258 E libc    : Access denied finding property "camera.cpp.dumppreviewpayload"
08-31 17:22:39.295   673 10284 E ta      : TAAEC<ERROR> 2520: aec_process_parse_input_info: AEC error: invalid param type: 21
08-31 17:22:39.299   673 10270 E libc    : Access denied finding property "persist.front.camera.qcom.awb"
08-31 17:22:39.310   673 10298 E libc    : Access denied finding property "persist.aicamera.needlut"
08-31 17:22:39.324   673 10258 E         : cpp_thread_handle_process_buf_event, stream_type = 1
08-31 17:22:39.324   673 10258 E libc    : Access denied finding property "disable.cpp.power.collapse"
08-31 17:22:39.325   673 10258 E libc    : Access denied finding property "camera.cpp.dumppreviewpayload"
08-31 17:22:39.329   673 10284 E ta      : TAAEC<ERROR> 2520: aec_process_parse_input_info: AEC error: invalid param type: 21
08-31 17:22:39.333   673 10270 E libc    : Access denied finding property "persist.front.camera.qcom.awb"
08-31 17:22:39.343   673 10298 E libc    : Access denied finding property "persist.aicamera.needlut"
08-31 17:22:39.357   673 10258 E         : cpp_thread_handle_process_buf_event, stream_type = 1
08-31 17:22:39.358   673 10258 E libc    : Access denied finding property "disable.cpp.power.collapse"
08-31 17:22:39.358   673 10258 E libc    : Access denied finding property "camera.cpp.dumppreviewpayload"
08-31 17:22:39.362   673 10284 E ta      : TAAEC<ERROR> 2520: aec_process_parse_input_info: AEC error: invalid param type: 21
08-31 17:22:39.366   673 10270 E libc    : Access denied finding property "persist.front.camera.qcom.awb"
08-31 17:22:39.376   673 10298 E libc    : Access denied finding property "persist.aicamera.needlut"
08-31 17:22:39.391   673 10258 E         : cpp_thread_handle_process_buf_event, stream_type = 1
08-31 17:22:39.391   673 10258 E libc    : Access denied finding property "disable.cpp.power.collapse"
08-31 17:22:39.391   673 10258 E libc    : Access denied finding property "camera.cpp.dumppreviewpayload"
08-31 17:22:39.396   673 10284 E ta      : TAAEC<ERROR> 2520: aec_process_parse_input_info: AEC error: invalid param type: 21
08-31 17:22:39.405   673 10270 E libc    : Access denied finding property "persist.front.camera.qcom.awb"
08-31 17:22:39.410   673 10298 E libc    : Access denied finding property "persist.aicamera.needlut"
08-31 17:22:39.424   673 10258 E         : cpp_thread_handle_process_buf_event, stream_type = 1
08-31 17:22:39.424   673 10258 E libc    : Access denied finding property "disable.cpp.power.collapse"
08-31 17:22:39.425   673 10258 E libc    : Access denied finding property "camera.cpp.dumppreviewpayload"
08-31 17:22:39.429   673 10284 E ta      : TAAEC<ERROR> 2520: aec_process_parse_input_info: AEC error: invalid param type: 21
08-31 17:22:39.434   673 10270 E libc    : Access denied finding property "persist.front.camera.qcom.awb"
08-31 17:22:39.443   673 10298 E libc    : Access denied finding property "persist.aicamera.needlut"
08-31 17:22:39.458   673 10258 E         : cpp_thread_handle_process_buf_event, stream_type = 1
08-31 17:22:39.458   673 10258 E libc    : Access denied finding property "disable.cpp.power.collapse"
08-31 17:22:39.458   673 10258 E libc    : Access denied finding property "camera.cpp.dumppreviewpayload"
08-31 17:22:39.462   673 10284 E ta      : TAAEC<ERROR> 2520: aec_process_parse_input_info: AEC error: invalid param type: 21
08-31 17:22:39.467   673 10270 E libc    : Access denied finding property "persist.front.camera.qcom.awb"
08-31 17:22:39.477   673 10298 E libc    : Access denied finding property "persist.aicamera.needlut"
08-31 17:22:39.491   673 10258 E         : cpp_thread_handle_process_buf_event, stream_type = 1
08-31 17:22:39.491   673 10258 E libc    : Access denied finding property "disable.cpp.power.collapse"
08-31 17:22:39.491   673 10258 E libc    : Access denied finding property "camera.cpp.dumppreviewpayload"
08-31 17:22:39.495   673 10284 E ta      : TAAEC<ERROR> 2520: aec_process_parse_input_info: AEC error: invalid param type: 21
08-31 17:22:39.499   673 10270 E libc    : Access denied finding property "persist.front.camera.qcom.awb"
08-31 17:22:39.510   673 10298 E libc    : Access denied finding property "persist.aicamera.needlut"
08-31 17:22:39.524   673 10258 E         : cpp_thread_handle_process_buf_event, stream_type = 1
08-31 17:22:39.524   673 10258 E libc    : Access denied finding property "disable.cpp.power.collapse"
08-31 17:22:39.525   673 10258 E libc    : Access denied finding property "camera.cpp.dumppreviewpayload"
08-31 17:22:39.531   673 10284 E ta      : TAAEC<ERROR> 2520: aec_process_parse_input_info: AEC error: invalid param type: 21
08-31 17:22:39.535   673 10284 E libc    : Access denied finding property "persist.front.camera.qcom.awb"
08-31 17:22:39.545   673 10298 E libc    : Access denied finding property "persist.aicamera.needlut"
08-31 17:22:39.558   673 10258 E         : cpp_thread_handle_process_buf_event, stream_type = 1
08-31 17:22:39.558   673 10258 E libc    : Access denied finding property "disable.cpp.power.collapse"
08-31 17:22:39.558   673 10258 E libc    : Access denied finding property "camera.cpp.dumppreviewpayload"
08-31 17:22:39.562   673 10284 E ta      : TAAEC<ERROR> 2520: aec_process_parse_input_info: AEC error: invalid param type: 21
08-31 17:22:39.565   673 10270 E libc    : Access denied finding property "persist.front.camera.qcom.awb"
08-31 17:22:39.577   673 10298 E libc    : Access denied finding property "persist.aicamera.needlut"
08-31 17:22:39.591   673 10258 E         : cpp_thread_handle_process_buf_event, stream_type = 1
08-31 17:22:39.591   673 10258 E libc    : Access denied finding property "disable.cpp.power.collapse"
08-31 17:22:39.591   673 10258 E libc    : Access denied finding property "camera.cpp.dumppreviewpayload"
08-31 17:22:39.595   673 10284 E ta      : TAAEC<ERROR> 2520: aec_process_parse_input_info: AEC error: invalid param type: 21
08-31 17:22:39.601   673 10284 E libc    : Access denied finding property "persist.front.camera.qcom.awb"
08-31 17:22:39.610   673 10298 E libc    : Access denied finding property "persist.aicamera.needlut"
08-31 17:22:39.624   673 10258 E         : cpp_thread_handle_process_buf_event, stream_type = 1
08-31 17:22:39.624   673 10258 E libc    : Access denied finding property "disable.cpp.power.collapse"
08-31 17:22:39.625   673 10258 E libc    : Access denied finding property "camera.cpp.dumppreviewpayload"
08-31 17:22:39.629   673 10284 E ta      : TAAEC<ERROR> 2520: aec_process_parse_input_info: AEC error: invalid param type: 21
08-31 17:22:39.632   673 10270 E libc    : Access denied finding property "persist.front.camera.qcom.awb"
08-31 17:22:39.643   673 10298 E libc    : Access denied finding property "persist.aicamera.needlut"
08-31 17:22:39.658   673 10258 E         : cpp_thread_handle_process_buf_event, stream_type = 1
08-31 17:22:39.658   673 10258 E libc    : Access denied finding property "disable.cpp.power.collapse"
08-31 17:22:39.658   673 10258 E libc    : Access denied finding property "camera.cpp.dumppreviewpayload"
08-31 17:22:39.662   673 10284 E ta      : TAAEC<ERROR> 2520: aec_process_parse_input_info: AEC error: invalid param type: 21
08-31 17:22:39.666   673 10270 E libc    : Access denied finding property "persist.front.camera.qcom.awb"
08-31 17:22:39.677   673 10298 E libc    : Access denied finding property "persist.aicamera.needlut"
08-31 17:22:39.691   673 10258 E         : cpp_thread_handle_process_buf_event, stream_type = 1
08-31 17:22:39.691   673 10258 E libc    : Access denied finding property "disable.cpp.power.collapse"
08-31 17:22:39.691   673 10258 E libc    : Access denied finding property "camera.cpp.dumppreviewpayload"
08-31 17:22:39.695   673 10284 E ta      : TAAEC<ERROR> 2520: aec_process_parse_input_info: AEC error: invalid param type: 21
08-31 17:22:39.699   673 10270 E libc    : Access denied finding property "persist.front.camera.qcom.awb"
08-31 17:22:39.710   673 10298 E libc    : Access denied finding property "persist.aicamera.needlut"
08-31 17:22:39.724   673 10258 E         : cpp_thread_handle_process_buf_event, stream_type = 1
08-31 17:22:39.725   673 10258 E libc    : Access denied finding property "disable.cpp.power.collapse"
08-31 17:22:39.725   673 10258 E libc    : Access denied finding property "camera.cpp.dumppreviewpayload"
08-31 17:22:39.729   673 10284 E ta      : TAAEC<ERROR> 2520: aec_process_parse_input_info: AEC error: invalid param type: 21
08-31 17:22:39.734   673 10284 E libc    : Access denied finding property "persist.front.camera.qcom.awb"
08-31 17:22:39.743   673 10298 E libc    : Access denied finding property "persist.aicamera.needlut"
08-31 17:22:39.757   673 10258 E         : cpp_thread_handle_process_buf_event, stream_type = 1
08-31 17:22:39.758   673 10258 E libc    : Access denied finding property "disable.cpp.power.collapse"
08-31 17:22:39.758   673 10258 E libc    : Access denied finding property "camera.cpp.dumppreviewpayload"
08-31 17:22:39.762   673 10284 E ta      : TAAEC<ERROR> 2520: aec_process_parse_input_info: AEC error: invalid param type: 21
08-31 17:22:39.765   673 10270 E libc    : Access denied finding property "persist.front.camera.qcom.awb"
08-31 17:22:39.777   673 10298 E libc    : Access denied finding property "persist.aicamera.needlut"
08-31 17:22:39.791   673 10258 E         : cpp_thread_handle_process_buf_event, stream_type = 1
08-31 17:22:39.791   673 10258 E libc    : Access denied finding property "disable.cpp.power.collapse"
08-31 17:22:39.791   673 10258 E libc    : Access denied finding property "camera.cpp.dumppreviewpayload"
08-31 17:22:39.796   673 10284 E ta      : TAAEC<ERROR> 2520: aec_process_parse_input_info: AEC error: invalid param type: 21
08-31 17:22:39.803   673 10284 E libc    : Access denied finding property "persist.front.camera.qcom.awb"
08-31 17:22:39.810   673 10298 E libc    : Access denied finding property "persist.aicamera.needlut"
08-31 17:22:39.824   673 10258 E         : cpp_thread_handle_process_buf_event, stream_type = 1
08-31 17:22:39.824   673 10258 E libc    : Access denied finding property "disable.cpp.power.collapse"
08-31 17:22:39.825   673 10258 E libc    : Access denied finding property "camera.cpp.dumppreviewpayload"
08-31 17:22:39.829   673 10284 E ta      : TAAEC<ERROR> 2520: aec_process_parse_input_info: AEC error: invalid param type: 21
08-31 17:22:39.832   673 10270 E libc    : Access denied finding property "persist.front.camera.qcom.awb"
08-31 17:22:39.843   673 10298 E libc    : Access denied finding property "persist.aicamera.needlut"
08-31 17:22:39.858   673 10258 E         : cpp_thread_handle_process_buf_event, stream_type = 1
08-31 17:22:39.858   673 10258 E libc    : Access denied finding property "disable.cpp.power.collapse"
08-31 17:22:39.858   673 10258 E libc    : Access denied finding property "camera.cpp.dumppreviewpayload"
08-31 17:22:39.862   673 10284 E ta      : TAAEC<ERROR> 2520: aec_process_parse_input_info: AEC error: invalid param type: 21
08-31 17:22:39.865   673 10270 E libc    : Access denied finding property "persist.front.camera.qcom.awb"
08-31 17:22:39.877   673 10298 E libc    : Access denied finding property "persist.aicamera.needlut"
08-31 17:22:39.891   673 10258 E         : cpp_thread_handle_process_buf_event, stream_type = 1
08-31 17:22:39.891   673 10258 E libc    : Access denied finding property "disable.cpp.power.collapse"
08-31 17:22:39.892   673 10258 E libc    : Access denied finding property "camera.cpp.dumppreviewpayload"
08-31 17:22:39.896   673 10284 E ta      : TAAEC<ERROR> 2520: aec_process_parse_input_info: AEC error: invalid param type: 21
08-31 17:22:39.902   673 10270 E libc    : Access denied finding property "persist.front.camera.qcom.awb"
08-31 17:22:39.910   673 10298 E libc    : Access denied finding property "persist.aicamera.needlut"
08-31 17:22:39.924   673 10258 E         : cpp_thread_handle_process_buf_event, stream_type = 1
08-31 17:22:39.925   673 10258 E libc    : Access denied finding property "disable.cpp.power.collapse"
08-31 17:22:39.925   673 10258 E libc    : Access denied finding property "camera.cpp.dumppreviewpayload"
08-31 17:22:39.929   673 10284 E ta      : TAAEC<ERROR> 2520: aec_process_parse_input_info: AEC error: invalid param type: 21
08-31 17:22:39.933   673 10284 E libc    : Access denied finding property "persist.front.camera.qcom.awb"
08-31 17:22:39.943   673 10298 E libc    : Access denied finding property "persist.aicamera.needlut"
08-31 17:22:39.957   673 10258 E         : cpp_thread_handle_process_buf_event, stream_type = 1
08-31 17:22:39.958   673 10258 E libc    : Access denied finding property "disable.cpp.power.collapse"
08-31 17:22:39.958   673 10258 E libc    : Access denied finding property "camera.cpp.dumppreviewpayload"
08-31 17:22:39.963   673 10284 E ta      : TAAEC<ERROR> 2520: aec_process_parse_input_info: AEC error: invalid param type: 21
08-31 17:22:39.965   673 10270 E libc    : Access denied finding property "persist.front.camera.qcom.awb"
08-31 17:22:39.977   673 10298 E libc    : Access denied finding property "persist.aicamera.needlut"
08-31 17:22:39.991   673 10258 E         : cpp_thread_handle_process_buf_event, stream_type = 1
08-31 17:22:39.991   673 10258 E libc    : Access denied finding property "disable.cpp.power.collapse"
08-31 17:22:39.992   673 10258 E libc    : Access denied finding property "camera.cpp.dumppreviewpayload"
08-31 17:22:39.996   673 10284 E ta      : TAAEC<ERROR> 2520: aec_process_parse_input_info: AEC error: invalid param type: 21
08-31 17:22:40.001   673 10270 E libc    : Access denied finding property "persist.front.camera.qcom.awb"
08-31 17:22:40.010   673 10298 E libc    : Access denied finding property "persist.aicamera.needlut"
08-31 17:22:40.024   673 10258 E         : cpp_thread_handle_process_buf_event, stream_type = 1
08-31 17:22:40.024   673 10258 E libc    : Access denied finding property "disable.cpp.power.collapse"
08-31 17:22:40.025   673 10258 E libc    : Access denied finding property "camera.cpp.dumppreviewpayload"
08-31 17:22:40.030   673 10284 E ta      : TAAEC<ERROR> 2520: aec_process_parse_input_info: AEC error: invalid param type: 21
08-31 17:22:40.033   673 10270 E libc    : Access denied finding property "persist.front.camera.qcom.awb"
08-31 17:22:40.043   673 10298 E libc    : Access denied finding property "persist.aicamera.needlut"
08-31 17:22:40.058   673 10258 E         : cpp_thread_handle_process_buf_event, stream_type = 1
08-31 17:22:40.058   673 10258 E libc    : Access denied finding property "disable.cpp.power.collapse"
08-31 17:22:40.059   673 10258 E libc    : Access denied finding property "camera.cpp.dumppreviewpayload"
08-31 17:22:40.063   673 10284 E ta      : TAAEC<ERROR> 2520: aec_process_parse_input_info: AEC error: invalid param type: 21
08-31 17:22:40.069   673 10284 E libc    : Access denied finding property "persist.front.camera.qcom.awb"
08-31 17:22:40.077   673 10298 E libc    : Access denied finding property "persist.aicamera.needlut"
08-31 17:22:40.091   673 10258 E         : cpp_thread_handle_process_buf_event, stream_type = 1
08-31 17:22:40.091   673 10258 E libc    : Access denied finding property "disable.cpp.power.collapse"
08-31 17:22:40.091   673 10258 E libc    : Access denied finding property "camera.cpp.dumppreviewpayload"
08-31 17:22:40.095   673 10284 E ta      : TAAEC<ERROR> 2520: aec_process_parse_input_info: AEC error: invalid param type: 21
08-31 17:22:40.101   673 10270 E libc    : Access denied finding property "persist.front.camera.qcom.awb"
08-31 17:22:40.110   673 10298 E libc    : Access denied finding property "persist.aicamera.needlut"
08-31 17:22:40.124   673 10258 E         : cpp_thread_handle_process_buf_event, stream_type = 1
08-31 17:22:40.125   673 10258 E libc    : Access denied finding property "disable.cpp.power.collapse"
08-31 17:22:40.125   673 10258 E libc    : Access denied finding property "camera.cpp.dumppreviewpayload"
08-31 17:22:40.129   673 10284 E ta      : TAAEC<ERROR> 2520: aec_process_parse_input_info: AEC error: invalid param type: 21
08-31 17:22:40.133   673 10284 E libc    : Access denied finding property "persist.front.camera.qcom.awb"
08-31 17:22:40.144   673 10298 E libc    : Access denied finding property "persist.aicamera.needlut"
08-31 17:22:40.157   673 10258 E         : cpp_thread_handle_process_buf_event, stream_type = 1
08-31 17:22:40.158   673 10258 E libc    : Access denied finding property "disable.cpp.power.collapse"
08-31 17:22:40.158   673 10258 E libc    : Access denied finding property "camera.cpp.dumppreviewpayload"
08-31 17:22:40.162   673 10284 E ta      : TAAEC<ERROR> 2520: aec_process_parse_input_info: AEC error: invalid param type: 21
08-31 17:22:40.165   673 10270 E libc    : Access denied finding property "persist.front.camera.qcom.awb"
08-31 17:22:40.177   673 10298 E libc    : Access denied finding property "persist.aicamera.needlut"
08-31 17:22:40.191   673 10258 E         : cpp_thread_handle_process_buf_event, stream_type = 1
08-31 17:22:40.191   673 10258 E libc    : Access denied finding property "disable.cpp.power.collapse"
08-31 17:22:40.192   673 10258 E libc    : Access denied finding property "camera.cpp.dumppreviewpayload"
08-31 17:22:40.195   673 10284 E ta      : TAAEC<ERROR> 2520: aec_process_parse_input_info: AEC error: invalid param type: 21
08-31 17:22:40.199   673 10284 E libc    : Access denied finding property "persist.front.camera.qcom.awb"
08-31 17:22:40.210   673 10298 E libc    : Access denied finding property "persist.aicamera.needlut"
08-31 17:22:40.224   673 10258 E         : cpp_thread_handle_process_buf_event, stream_type = 1
08-31 17:22:40.224   673 10258 E libc    : Access denied finding property "disable.cpp.power.collapse"
08-31 17:22:40.225   673 10258 E libc    : Access denied finding property "camera.cpp.dumppreviewpayload"
08-31 17:22:40.229   673 10284 E ta      : TAAEC<ERROR> 2520: aec_process_parse_input_info: AEC error: invalid param type: 21
08-31 17:22:40.232   673 10270 E libc    : Access denied finding property "persist.front.camera.qcom.awb"
08-31 17:22:40.243   673 10298 E libc    : Access denied finding property "persist.aicamera.needlut"
08-31 17:22:40.258   673 10258 E         : cpp_thread_handle_process_buf_event, stream_type = 1
08-31 17:22:40.258   673 10258 E libc    : Access denied finding property "disable.cpp.power.collapse"
08-31 17:22:40.258   673 10258 E libc    : Access denied finding property "camera.cpp.dumppreviewpayload"
08-31 17:22:40.262   673 10284 E ta      : TAAEC<ERROR> 2520: aec_process_parse_input_info: AEC error: invalid param type: 21
08-31 17:22:40.266   673 10270 E libc    : Access denied finding property "persist.front.camera.qcom.awb"
08-31 17:22:40.277   673 10298 E libc    : Access denied finding property "persist.aicamera.needlut"
08-31 17:22:40.291   673 10258 E         : cpp_thread_handle_process_buf_event, stream_type = 1
08-31 17:22:40.291   673 10258 E libc    : Access denied finding property "disable.cpp.power.collapse"
