08-31 16:59:27.509  2746  3159 W ProcessCpuTracker: Skipping unknown process pid 9305
08-31 16:59:27.509  2746  3159 W ProcessCpuTracker: Skipping unknown process pid 9307
08-31 16:59:27.510  2746  3159 W ProcessCpuTracker: Skipping unknown process pid 9308
08-31 16:59:27.703   717   717 I SurfaceFlinger: FPS: 2
08-31 16:59:28.791   694   756 E ANDR-PERF-MPCTL: Invalid profile no. 0, total profiles 0 only
08-31 16:59:28.956  8968  9159 D NAccs.InAppConn_default:  startChannelService
08-31 16:59:28.957  8968  9159 D NAccs.Config:  getAgooAppKey appkey:umeng:546d7dd7fd98c58fc800082c
08-31 16:59:28.957  8968  9159 I NAccs.a :  dispatchIntent bind service start intent:Intent { act=com.taobao.accs.intent.action.START_SERVICE cmp=cn.missevan/com.taobao.accs.ChannelService (has extras) }
08-31 16:59:28.965  8968  8968 D NAccs.a :  bindService connected componentName:ComponentInfo{cn.missevan/com.taobao.accs.ChannelService}
08-31 16:59:28.967  9182  9182 I NAccs.BaseService:  handleMessage on receive msg msg:{ id=77 when=0 what=0 target=com.taobao.accs.base.BaseService$1 }
08-31 16:59:28.967  9182  9182 I NAccs.BaseService:  handleMessage get intent success intent:Intent { act=com.taobao.accs.intent.action.START_SERVICE cmp=cn.missevan/com.taobao.accs.ChannelService (has extras) }
08-31 16:59:28.968  9182  9245 I NAccs.ElectionServiceImpl:  onStartCommand begin action:com.taobao.accs.intent.action.START_SERVICE
08-31 16:59:28.969  9182  9245 I NAccs.ElectionServiceImpl:  handleStartCommand configTag:default appkey:umeng:546d7dd7fd98c58fc800082c appSecret:64e8358a59d434e5546720db97ab5996 ttid:android@umeng pkg:cn.missevan
08-31 16:59:28.970  9182  9245 I NAccs.ElectionServiceImpl:  getConnection configTag:default start:false
08-31 16:59:28.970  9182  9245 I NAccs.ServiceImpl:  onHostStartCommand intent:Intent { act=com.taobao.accs.intent.action.START_SERVICE cmp=cn.missevan/com.taobao.accs.ChannelService (has extras) }
08-31 16:59:28.971  9182  9245 D NAccs.ServiceImpl:  onHostStartCommand key:appKey  value:umeng:546d7dd7fd98c58fc800082c
08-31 16:59:28.971  9182  9245 D NAccs.ServiceImpl:  onHostStartCommand key:configTag  value:default
08-31 16:59:28.971  9182  9245 D NAccs.ServiceImpl:  onHostStartCommand key:mode  value:0
08-31 16:59:28.971  9182  9245 D NAccs.ServiceImpl:  onHostStartCommand key:ttid  value:android@umeng
08-31 16:59:28.971  9182  9245 D NAccs.ServiceImpl:  onHostStartCommand key:packageName  value:cn.missevan
08-31 16:59:28.971  9182  9245 D NAccs.ServiceImpl:  onHostStartCommand key:app_sercet  value:64e8358a59d434e5546720db97ab5996
08-31 16:59:28.971  9182  9245 D NAccs.ServiceImpl:  onHostStartCommand key:agoo_app_key  value:umeng:546d7dd7fd98c58fc800082c
08-31 16:59:28.971  9182  9245 I NAccs.LoadSoFailUtil:  getSoFailTimes times:0
08-31 16:59:28.972  9182  9245 D NAccs.ServiceImpl:  handleAction action:com.taobao.accs.intent.action.START_SERVICE
08-31 16:59:28.972  9182  9245 I NAccs.ServiceImpl:  tryConnect appkey:umeng:546d7dd7fd98c58fc800082c configTag:default|0
08-31 16:59:28.972  9182  9245 D NAccs.SilenceConn_default:  start
08-31 16:59:28.972  9182  9245 D NAccs.SilenceConn_default:  try ping, force:false
08-31 16:59:28.973  8968  9159 D NAccs.AdapterGlobalClientInfo:  getAgooCustomServiceName serviceName:com.umeng.message.component.UmengIntentService
08-31 16:59:28.974  9182  9245 D NAccs.SilenceConn_default:  sendMessage ready dataId:1661936368972.10 type:PING delay:0
08-31 16:59:28.975  8968  9159 I NAccs.a :  dispatchIntent bind service start intent:Intent { act=org.agoo.android.intent.action.REPORT pkg=cn.missevan cmp=cn.missevan/com.umeng.message.component.UmengIntentService }
08-31 16:59:28.975  9182  9245 D NAccs.SilenceConn_default:  clearRepeatControlCommand message:201/
08-31 16:59:28.980  8968  8968 D NAccs.a :  bindService connected componentName:ComponentInfo{cn.missevan/com.umeng.message.component.UmengIntentService}
08-31 16:59:28.982  9182  9182 I NAccs.BaseIntentService:  handleMessage on receive msg msg:{ id=78 when=0 what=0 target=org.android.agoo.control.g }
08-31 16:59:28.982  9182  9182 I NAccs.BaseIntentService:  handleMessage get intent success intent:Intent { act=org.agoo.android.intent.action.REPORT pkg=cn.missevan cmp=cn.missevan/com.umeng.message.component.UmengIntentService }
08-31 16:59:28.983  9182  9245 I NAccs.BaseIntentService:  onHandleIntent,action=org.agoo.android.intent.action.REPORT,agooCommand=cn.missevan.intent.action.COMMAND,mipushCommand=cn.missevan.intent.thirdPush.action.COMMAND
08-31 16:59:28.983  9182  9245 I NAccs.BaseIntentService:  is report cache msg,Config.isReportCacheMsg(mContext)=false
08-31 16:59:28.985  9182  9245 D NAccs.isClearTime:  now=1661936368984,now - lastTime=2081468,istrue=false
08-31 16:59:28.985  9182  9245 I NAccs.BaseIntentService:  is clear all msg=false
08-31 16:59:28.985  9182  9245 D NAccs.isClearTime:  now=1661936368984,now - lastTime=2081468,istrue=false
08-31 16:59:30.440   717   717 I SurfaceFlinger: FPS: 1
08-31 16:59:30.734 17295 17419 D MemoryCeilingMonitor: [handleMemoryCalculate]
08-31 16:59:30.735 17295 17419 D MemoryCeilingMonitor: [calculate] tot: 3445728, max: 268435456, free: 597784, heap: 2847944, per: 0.010609418153762817
08-31 16:59:31.798   694   756 E ANDR-PERF-MPCTL: Invalid profile no. 0, total profiles 0 only
08-31 16:59:32.419   685   891 E qti_sensors_hal: AmbientLightScene 2 10 0
08-31 16:59:33.436   717   717 I SurfaceFlinger: FPS: 1
08-31 16:59:34.779  9182  9245 D NAccs.InAppConn_default:  startChannelService
08-31 16:59:34.781  9182  9245 D NAccs.Config:  getAgooAppKey appkey:umeng:546d7dd7fd98c58fc800082c
08-31 16:59:34.782  9182  9245 I NAccs.a :  dispatchIntent bind service start intent:Intent { act=com.taobao.accs.intent.action.START_SERVICE cmp=cn.missevan/com.taobao.accs.ChannelService (has extras) }
08-31 16:59:34.790  9182  9182 D NAccs.a :  bindService connected componentName:ComponentInfo{cn.missevan/com.taobao.accs.ChannelService}
08-31 16:59:34.792  9182  9245 D NAccs.AdapterGlobalClientInfo:  getAgooCustomServiceName serviceName:com.umeng.message.component.UmengIntentService
08-31 16:59:34.792  9182  9245 I NAccs.a :  dispatchIntent bind service start intent:Intent { act=org.agoo.android.intent.action.REPORT pkg=cn.missevan cmp=cn.missevan/com.umeng.message.component.UmengIntentService }
08-31 16:59:34.801  9182  9182 I NAccs.BaseService:  handleMessage on receive msg msg:{ id=82 when=-10ms what=0 target=com.taobao.accs.base.BaseService$1 }
08-31 16:59:34.801  9182  9182 I NAccs.BaseService:  handleMessage get intent success intent:Intent { act=com.taobao.accs.intent.action.START_SERVICE cmp=cn.missevan/com.taobao.accs.ChannelService (has extras) }
08-31 16:59:34.802  9182  9182 D NAccs.a :  bindService connected componentName:ComponentInfo{cn.missevan/com.umeng.message.component.UmengIntentService}
08-31 16:59:34.802  9182  9245 I NAccs.ElectionServiceImpl:  onStartCommand begin action:com.taobao.accs.intent.action.START_SERVICE
08-31 16:59:34.802  9182  9245 I NAccs.ElectionServiceImpl:  handleStartCommand configTag:default appkey:umeng:546d7dd7fd98c58fc800082c appSecret:64e8358a59d434e5546720db97ab5996 ttid:android@umeng pkg:cn.missevan
08-31 16:59:34.805   694   756 E ANDR-PERF-MPCTL: Invalid profile no. 0, total profiles 0 only
08-31 16:59:34.808  9182  9245 I NAccs.ElectionServiceImpl:  getConnection configTag:default start:false
08-31 16:59:34.809  9182  9245 I NAccs.ServiceImpl:  onHostStartCommand intent:Intent { act=com.taobao.accs.intent.action.START_SERVICE cmp=cn.missevan/com.taobao.accs.ChannelService (has extras) }
08-31 16:59:34.809  9182  9245 D NAccs.ServiceImpl:  onHostStartCommand key:appKey  value:umeng:546d7dd7fd98c58fc800082c
08-31 16:59:34.810  9182  9182 I NAccs.BaseIntentService:  handleMessage on receive msg msg:{ id=84 when=-9ms what=0 target=org.android.agoo.control.g }
08-31 16:59:34.811  9182  9245 D NAccs.ServiceImpl:  onHostStartCommand key:configTag  value:default
08-31 16:59:34.811  9182  9245 D NAccs.ServiceImpl:  onHostStartCommand key:mode  value:0
08-31 16:59:34.811  9182  9245 D NAccs.ServiceImpl:  onHostStartCommand key:ttid  value:android@umeng
08-31 16:59:34.811  9182  9245 D NAccs.ServiceImpl:  onHostStartCommand key:packageName  value:cn.missevan
08-31 16:59:34.811  9182  9245 D NAccs.ServiceImpl:  onHostStartCommand key:app_sercet  value:64e8358a59d434e5546720db97ab5996
08-31 16:59:34.811  9182  9245 D NAccs.ServiceImpl:  onHostStartCommand key:agoo_app_key  value:umeng:546d7dd7fd98c58fc800082c
08-31 16:59:34.811  9182  9182 I NAccs.BaseIntentService:  handleMessage get intent success intent:Intent { act=org.agoo.android.intent.action.REPORT pkg=cn.missevan cmp=cn.missevan/com.umeng.message.component.UmengIntentService }
08-31 16:59:34.811  9182  9245 I NAccs.LoadSoFailUtil:  getSoFailTimes times:0
08-31 16:59:34.812  9182  9245 D NAccs.ServiceImpl:  handleAction action:com.taobao.accs.intent.action.START_SERVICE
08-31 16:59:34.812  9182  9245 I NAccs.ServiceImpl:  tryConnect appkey:umeng:546d7dd7fd98c58fc800082c configTag:default|0
08-31 16:59:34.812  9182  9245 D NAccs.SilenceConn_default:  start
08-31 16:59:34.812  9182  9245 D NAccs.SilenceConn_default:  try ping, force:false
08-31 16:59:34.814  9182  9245 D NAccs.SilenceConn_default:  sendMessage ready dataId:1661936374812.11 type:PING delay:0
08-31 16:59:34.815  9182  9245 I NAccs.BaseIntentService:  onHandleIntent,action=org.agoo.android.intent.action.REPORT,agooCommand=cn.missevan.intent.action.COMMAND,mipushCommand=cn.missevan.intent.thirdPush.action.COMMAND
08-31 16:59:34.815  9182  9245 I NAccs.BaseIntentService:  is report cache msg,Config.isReportCacheMsg(mContext)=false
08-31 16:59:34.816  9182  9245 D NAccs.isClearTime:  now=1661936374815,now - lastTime=2087299,istrue=false
08-31 16:59:34.816  9182  9245 I NAccs.BaseIntentService:  is clear all msg=false
08-31 16:59:34.816  9182  9245 D NAccs.isClearTime:  now=1661936374815,now - lastTime=2087299,istrue=false
08-31 16:59:34.817  9182  9245 D NAccs.SilenceConn_default:  clearRepeatControlCommand message:201/
08-31 16:59:35.946 17295 18614 I SocketReaderNewtrue: SocketReader(5003) continue
08-31 16:59:35.947 17295 18614 D MSF.C.NetConnTag.true: MsfCoreSocketReaderNew closeConn socketEngineID: 0 socket hashcode: 0 for reason: readError
08-31 16:59:35.949 17295 18614 E MSF.C.NetConnTag.true: conn is already closed on readError closeConn socketEngineID: 0 socket hashcode: 0java.lang.Throwable
08-31 16:59:35.949 17295 18614 E MSF.C.NetConnTag.true: 	at com.tencent.mobileqq.msf.core.net.m.b(P:27)
08-31 16:59:35.949 17295 18614 E MSF.C.NetConnTag.true: 	at com.tencent.mobileqq.msf.core.net.m$b.run(P:24)
08-31 16:59:35.950 17295 18614 E SocketReaderNewtrue: socketEngine: 0socket hashCode: 0SocketReader(5003) errorjava.net.SocketException: Socket is closed
08-31 16:59:35.950 17295 18614 I SocketReaderNewtrue: SocketReader(5003) wait
08-31 16:59:36.434   717   717 I SurfaceFlinger: FPS: 1
08-31 16:59:36.587  1724  2070 I chatty  : uid=1000(system) WifiStateMachin expire 16 lines
08-31 16:59:37.819   694   756 E ANDR-PERF-MPCTL: Invalid profile no. 0, total profiles 0 only
08-31 16:59:39.420   717   717 I SurfaceFlinger: FPS: 1
08-31 16:59:40.735 17295 17419 D MemoryCeilingMonitor: [handleMemoryCalculate]
08-31 16:59:40.736 17295 17419 D MemoryCeilingMonitor: [calculate] tot: 3445728, max: 268435456, free: 548120, heap: 2897608, per: 0.01079443097114563
08-31 16:59:40.827   694   756 E ANDR-PERF-MPCTL: Invalid profile no. 0, total profiles 0 only
08-31 16:59:42.433   717   717 I SurfaceFlinger: FPS: 1
08-31 16:59:43.372  1724  2178 I chatty  : uid=1000(system) AutobacklightTh identical 98 lines
08-31 16:59:43.577  1724  2879 W ActivityManager: Unable to start service Intent { act=android.security.IKeyChainService cmp=com.android.keychain/.KeyChainService } U=999: not found
08-31 16:59:43.588  2404  9358 I SecurityController: java.lang.AssertionError: could not bind to KeyChainService
08-31 16:59:43.836   694   756 E ANDR-PERF-MPCTL: Invalid profile no. 0, total profiles 0 only
08-31 16:59:43.990   685   817 E qti_sensors_hal: acquire proximity wakelock
08-31 16:59:43.991  2765  2765 I chatty  : uid=1000(system) com.vivo.daemonService expire 14 lines
08-31 16:59:44.091   685   891 E qti_sensors_hal: AmbientLightScene 20 56 0
08-31 16:59:45.170  2765  3774 I chatty  : uid=1000(system) Timer-0 expire 14 lines
08-31 16:59:45.429   717   717 I SurfaceFlinger: FPS: 1
08-31 16:59:45.990   685   833 E qti_sensors_hal: relase proximity wakelock
08-31 16:59:46.112  1724  2178 I chatty  : uid=1000(system) AutobacklightTh identical 13 lines
08-31 16:59:46.313  2404  2404 D KeyguardUpdateMonitor: received broadcast android.intent.action.BATTERY_CHANGED
08-31 16:59:46.316  1724  1724 I chatty  : uid=1000 system_server expire 14 lines
08-31 16:59:46.316  2404  2404 D KeyguardUpdateMonitor: handleBatteryUpdate
08-31 16:59:46.323  2831  2831 D QtiCarrierConfigHelper: WARNING, no carrier configs on phone Id: 0
08-31 16:59:46.330   692   692 V LocSvc_HIDL_IzatSubscription: [batteryLevelUpdate][777] [HS] <<<<= [HC]
08-31 16:59:46.845   694   756 E ANDR-PERF-MPCTL: Invalid profile no. 0, total profiles 0 only
08-31 16:59:48.434   717   717 I SurfaceFlinger: FPS: 1
08-31 16:59:49.854   694   756 E ANDR-PERF-MPCTL: Invalid profile no. 0, total profiles 0 only
08-31 16:59:49.861   685   817 E qti_sensors_hal: acquire proximity wakelock
08-31 16:59:49.655  1724  2178 I chatty  : uid=1000(system) AutobacklightTh identical 20 lines
08-31 16:59:50.747 17295 17419 D MemoryCeilingMonitor: [handleMemoryCalculate]
08-31 16:59:50.747 17295 17419 D MemoryCeilingMonitor: [calculate] tot: 3445728, max: 268435456, free: 531608, heap: 2914120, per: 0.010855942964553833
08-31 16:59:51.442   717   717 I SurfaceFlinger: FPS: 1
08-31 16:59:51.861   685   833 E qti_sensors_hal: relase proximity wakelock
08-31 16:59:52.694   685   817 E qti_sensors_hal: acquire proximity wakelock
08-31 16:59:52.392  1724  2178 I chatty  : uid=1000(system) AutobacklightTh identical 15 lines
08-31 16:59:52.867   694   756 E ANDR-PERF-MPCTL: Invalid profile no. 0, total profiles 0 only
08-31 16:59:53.762   717   717 I SurfaceFlinger: FPS: 1
08-31 16:59:54.694   685   833 E qti_sensors_hal: relase proximity wakelock
08-31 16:59:54.768   717   717 I SurfaceFlinger: FPS: 2
08-31 16:59:55.146  8676  8689 I cn.missevan: Background concurrent copying GC freed 212664(14MB) AllocSpace objects, 67(4MB) LOS objects, 50% free, 20MB/41MB, paused 362us total 195.678ms
08-31 16:59:55.875   694   756 E ANDR-PERF-MPCTL: Invalid profile no. 0, total profiles 0 only
08-31 16:59:57.438   717   717 I SurfaceFlinger: FPS: 1
08-31 16:59:58.019  5065  6201 E MtpServer: request read returned -1, errno: 5
08-31 16:59:58.020 28096  6164 E adbd    : aio: got error event on read total bufs 1: Cannot send after transport endpoint shutdown
08-31 16:59:58.020 28096  6164 E adbd    : remote usb: read terminated (message): Cannot send after transport endpoint shutdown
08-31 16:59:58.026 28096 28096 I adbd    : closing functionfs transport
08-31 16:59:58.881   694   756 E ANDR-PERF-MPCTL: Invalid profile no. 0, total profiles 0 only
08-31 17:00:00.113  4240  4357 E BitmapFactory: Unable to decode stream: java.io.FileNotFoundException: /oem/etc/theme/icons/dynamic_icon/com.android.BBKClock/res/drawable-sw360dp-xxhdpi/clock_hour.png (No such file or directory)
08-31 17:00:00.115  4240  4357 E BitmapFactory: Unable to decode stream: java.io.FileNotFoundException: /oem/etc/theme/icons/dynamic_icon/com.android.BBKClock/res/drawable-sw360dp-xxhdpi/clock_minute.png (No such file or directory)
08-31 17:00:00.116  4240  4357 E BitmapFactory: Unable to decode stream: java.io.FileNotFoundException: /oem/etc/theme/icons/dynamic_icon/com.android.BBKClock/res/drawable-sw360dp-xxhdpi/clock_dial.png (No such file or directory)
08-31 17:00:00.121  4240  4357 E BitmapFactory: Unable to decode stream: java.io.FileNotFoundException: /oem/etc/theme/icons/dynamic_icon/com.android.BBKClock/res/drawable-sw360dp-xxhdpi/clock_dial_center.png (No such file or directory)
08-31 17:00:01.890   694   756 E ANDR-PERF-MPCTL: Invalid profile no. 0, total profiles 0 only
08-31 17:00:04.901   694   756 E ANDR-PERF-MPCTL: Invalid profile no. 0, total profiles 0 only
08-31 17:00:05.962 17295 18614 E MSF.C.NetConnTag.true: conn is already closed on readError closeConn socketEngineID: 0 socket hashcode: 0java.lang.Throwable
08-31 17:00:05.962 17295 18614 E MSF.C.NetConnTag.true: 	at com.tencent.mobileqq.msf.core.net.m.b(P:27)
08-31 17:00:05.962 17295 18614 E MSF.C.NetConnTag.true: 	at com.tencent.mobileqq.msf.core.net.m$b.run(P:24)
08-31 17:00:05.965 17295 18614 E SocketReaderNewtrue: socketEngine: 0socket hashCode: 0SocketReader(5003) errorjava.net.SocketException: Socket is closed
08-31 17:00:07.917   694   756 E ANDR-PERF-MPCTL: Invalid profile no. 0, total profiles 0 only
08-31 17:00:09.298  4152 14944 I chatty  : uid=10092(com.vivo.pushservice) pool-3-thread-4 identical 1 line
08-31 17:00:10.924   694   756 E ANDR-PERF-MPCTL: Invalid profile no. 0, total profiles 0 only
08-31 17:00:19.947   694   756 E ANDR-PERF-MPCTL: Invalid profile no. 0, total profiles 0 only
08-31 17:00:21.541  1724  3768 I chatty  : uid=1000(system) Binder:1724_12 expire 10 lines
08-31 17:00:22.962   694   756 E ANDR-PERF-MPCTL: Invalid profile no. 0, total profiles 0 only
08-31 17:00:23.949  1724  2178 I chatty  : uid=1000(system) AutobacklightTh identical 194 lines
08-31 17:00:24.191  1007  1109 E storaged: getDiskStats failed with result NOT_SUPPORTED and size 0
08-31 17:00:34.992   694   756 E ANDR-PERF-MPCTL: Invalid profile no. 0, total profiles 0 only
08-31 17:00:35.977 17295 18614 E MSF.C.NetConnTag.true: conn is already closed on readError closeConn socketEngineID: 0 socket hashcode: 0java.lang.Throwable
08-31 17:00:35.977 17295 18614 E MSF.C.NetConnTag.true: 	at com.tencent.mobileqq.msf.core.net.m.b(P:27)
08-31 17:00:35.977 17295 18614 E MSF.C.NetConnTag.true: 	at com.tencent.mobileqq.msf.core.net.m$b.run(P:24)
08-31 17:00:35.978 17295 18614 E SocketReaderNewtrue: socketEngine: 0socket hashCode: 0SocketReader(5003) errorjava.net.SocketException: Socket is closed
08-31 17:00:38.006   694   756 E ANDR-PERF-MPCTL: Invalid profile no. 0, total profiles 0 only
08-31 17:00:44.024   694   756 E ANDR-PERF-MPCTL: Invalid profile no. 0, total profiles 0 only
08-31 17:00:44.317 18939 19783 E memtrack: Couldn't load memtrack module
08-31 17:00:47.033   694   756 E ANDR-PERF-MPCTL: Invalid profile no. 0, total profiles 0 only
08-31 17:00:53.052   694   756 E ANDR-PERF-MPCTL: Invalid profile no. 0, total profiles 0 only
08-31 17:00:53.720  2682  3066 E PowerMonitor: exception In sysProcTransDectect java.lang.NoSuchMethodException: vivoGetNetworkStatsUidDetailWithPackInfo [int]
08-31 17:00:56.059   694   756 E ANDR-PERF-MPCTL: Invalid profile no. 0, total profiles 0 only
08-31 17:00:59.068   694   756 E ANDR-PERF-MPCTL: Invalid profile no. 0, total profiles 0 only
08-31 17:01:00.121  4240  4357 E BitmapFactory: Unable to decode stream: java.io.FileNotFoundException: /oem/etc/theme/icons/dynamic_icon/com.android.BBKClock/res/drawable-sw360dp-xxhdpi/clock_hour.png (No such file or directory)
08-31 17:01:00.123  4240  4357 E BitmapFactory: Unable to decode stream: java.io.FileNotFoundException: /oem/etc/theme/icons/dynamic_icon/com.android.BBKClock/res/drawable-sw360dp-xxhdpi/clock_minute.png (No such file or directory)
08-31 17:01:00.124  4240  4357 E BitmapFactory: Unable to decode stream: java.io.FileNotFoundException: /oem/etc/theme/icons/dynamic_icon/com.android.BBKClock/res/drawable-sw360dp-xxhdpi/clock_dial.png (No such file or directory)
08-31 17:01:00.127  4240  4357 E BitmapFactory: Unable to decode stream: java.io.FileNotFoundException: /oem/etc/theme/icons/dynamic_icon/com.android.BBKClock/res/drawable-sw360dp-xxhdpi/clock_dial_center.png (No such file or directory)
08-31 17:01:02.074   694   756 E ANDR-PERF-MPCTL: Invalid profile no. 0, total profiles 0 only
08-31 17:01:05.081   694   756 E ANDR-PERF-MPCTL: Invalid profile no. 0, total profiles 0 only
08-31 17:01:05.991 17295 18614 E MSF.C.NetConnTag.true: conn is already closed on readError closeConn socketEngineID: 0 socket hashcode: 0java.lang.Throwable
08-31 17:01:05.991 17295 18614 E MSF.C.NetConnTag.true: 	at com.tencent.mobileqq.msf.core.net.m.b(P:27)
08-31 17:01:05.991 17295 18614 E MSF.C.NetConnTag.true: 	at com.tencent.mobileqq.msf.core.net.m$b.run(P:24)
08-31 17:01:05.991 17295 18614 E SocketReaderNewtrue: socketEngine: 0socket hashCode: 0SocketReader(5003) errorjava.net.SocketException: Socket is closed
08-31 17:01:08.095   694   756 E ANDR-PERF-MPCTL: Invalid profile no. 0, total profiles 0 only
08-31 17:01:10.211 18581 18846 E memtrack: Couldn't load memtrack module
08-31 17:01:11.103   694   756 E ANDR-PERF-MPCTL: Invalid profile no. 0, total profiles 0 only
08-31 17:01:24.021  1724  2178 I chatty  : uid=1000(system) AutobacklightTh identical 371 lines
08-31 17:01:24.194  1007  1109 E storaged: getDiskStats failed with result NOT_SUPPORTED and size 0
08-31 17:01:35.167   694   756 E ANDR-PERF-MPCTL: Invalid profile no. 0, total profiles 0 only
08-31 17:01:36.004 17295 18614 E MSF.C.NetConnTag.true: conn is already closed on readError closeConn socketEngineID: 0 socket hashcode: 0java.lang.Throwable
08-31 17:01:36.004 17295 18614 E MSF.C.NetConnTag.true: 	at com.tencent.mobileqq.msf.core.net.m.b(P:27)
08-31 17:01:36.004 17295 18614 E MSF.C.NetConnTag.true: 	at com.tencent.mobileqq.msf.core.net.m$b.run(P:24)
08-31 17:01:36.004 17295 18614 E SocketReaderNewtrue: socketEngine: 0socket hashCode: 0SocketReader(5003) errorjava.net.SocketException: Socket is closed
08-31 17:01:38.176   694   756 E ANDR-PERF-MPCTL: Invalid profile no. 0, total profiles 0 only
08-31 17:01:56.220   694   756 I chatty  : uid=0(root) perf@1.0-servic identical 10 lines
08-31 17:01:59.228   694   756 E ANDR-PERF-MPCTL: Invalid profile no. 0, total profiles 0 only
08-31 17:02:00.115  4240  4357 E BitmapFactory: Unable to decode stream: java.io.FileNotFoundException: /oem/etc/theme/icons/dynamic_icon/com.android.BBKClock/res/drawable-sw360dp-xxhdpi/clock_hour.png (No such file or directory)
08-31 17:02:00.116  4240  4357 E BitmapFactory: Unable to decode stream: java.io.FileNotFoundException: /oem/etc/theme/icons/dynamic_icon/com.android.BBKClock/res/drawable-sw360dp-xxhdpi/clock_minute.png (No such file or directory)
08-31 17:02:00.117  4240  4357 E BitmapFactory: Unable to decode stream: java.io.FileNotFoundException: /oem/etc/theme/icons/dynamic_icon/com.android.BBKClock/res/drawable-sw360dp-xxhdpi/clock_dial.png (No such file or directory)
08-31 17:02:00.120  4240  4357 E BitmapFactory: Unable to decode stream: java.io.FileNotFoundException: /oem/etc/theme/icons/dynamic_icon/com.android.BBKClock/res/drawable-sw360dp-xxhdpi/clock_dial_center.png (No such file or directory)
08-31 17:02:02.236   694   756 E ANDR-PERF-MPCTL: Invalid profile no. 0, total profiles 0 only
08-31 17:02:05.241   694   756 E ANDR-PERF-MPCTL: Invalid profile no. 0, total profiles 0 only
08-31 17:02:06.013 17295 18614 E MSF.C.NetConnTag.true: conn is already closed on readError closeConn socketEngineID: 0 socket hashcode: 0java.lang.Throwable
08-31 17:02:06.013 17295 18614 E MSF.C.NetConnTag.true: 	at com.tencent.mobileqq.msf.core.net.m.b(P:27)
08-31 17:02:06.013 17295 18614 E MSF.C.NetConnTag.true: 	at com.tencent.mobileqq.msf.core.net.m$b.run(P:24)
08-31 17:02:06.013 17295 18614 E SocketReaderNewtrue: socketEngine: 0socket hashCode: 0SocketReader(5003) errorjava.net.SocketException: Socket is closed
08-31 17:02:08.256   694   756 E ANDR-PERF-MPCTL: Invalid profile no. 0, total profiles 0 only
08-31 17:02:20.279   694   756 E ANDR-PERF-MPCTL: Invalid profile no. 0, total profiles 0 only
08-31 17:02:21.412   685   817 E qti_sensors_hal: acquire proximity wakelock
08-31 17:02:23.286   694   756 E ANDR-PERF-MPCTL: Invalid profile no. 0, total profiles 0 only
08-31 17:02:23.413   685   833 E qti_sensors_hal: relase proximity wakelock
08-31 17:02:23.924  1724  2178 I chatty  : uid=1000(system) AutobacklightTh identical 370 lines
08-31 17:02:24.197  1007  1109 E storaged: getDiskStats failed with result NOT_SUPPORTED and size 0
08-31 17:02:26.180  1724  2178 I chatty  : uid=1000(system) AutobacklightTh identical 12 lines
08-31 17:02:26.291   694   756 E ANDR-PERF-MPCTL: Invalid profile no. 0, total profiles 0 only
08-31 17:02:26.370   685   817 E qti_sensors_hal: acquire proximity wakelock
08-31 17:02:28.274  1724  2178 I chatty  : uid=1000(system) AutobacklightTh identical 11 lines
08-31 17:02:28.497   685   817 E qti_sensors_hal: acquire proximity wakelock
08-31 17:02:29.298   694   756 E ANDR-PERF-MPCTL: Invalid profile no. 0, total profiles 0 only
08-31 17:02:30.135  5065  9372 E MtpServer: request read returned -1, errno: 5
08-31 17:02:30.136 28096  9371 E adbd    : aio: got error event on read total bufs 1: Cannot send after transport endpoint shutdown
08-31 17:02:30.136 28096  9371 E adbd    : remote usb: read terminated (message): Cannot send after transport endpoint shutdown
08-31 17:02:30.497   685   833 E qti_sensors_hal: relase proximity wakelock
08-31 17:02:31.357  1724 16082 I chatty  : uid=1000(system) Binder:1724_1F expire 1 line
08-31 17:02:31.404   694   756 E ANDR-PERF-MPCTL: Invalid profile no. 0, total profiles 0 only
08-31 17:02:31.408   671  4200 E msm8916_platform: platform_set_codec_backend_cfg:becf: afe: Could not get ctl for mixer command - INT4_MI2S_RX Format
08-31 17:02:31.408   671  4200 E msm8916_platform: platform_check_backends_match: Invalid snd_device =
08-31 17:02:31.413   671  4200 E ACDB-LOADER: Error: ACDB_CMD_GET_AFE_COMMON_TABLE_SIZE Returned = -19
08-31 17:02:31.413   671  4200 E ACDB-LOADER: Error: ACDB AFE returned = -19
08-31 17:02:31.569  9551  9551 E ppstore:reserv: Not starting debugger since process cannot load the jdwp agent.
08-31 17:02:31.573  9557  9557 E thod.sogou.viv: Not starting debugger since process cannot load the jdwp agent.
08-31 17:02:31.819  9557  9557 E RePlugin.ws001: plugins-builtin.json not found
08-31 17:02:31.825  9557  9557 E RePlugin.PluginInfoList: load: Read Json error!
08-31 17:02:31.910  9557  9557 E test-bugly: bugly is closed!
08-31 17:02:31.929  9557  9557 E AutoUpgradeReceiver:  <<<<<<<<<<< receive the upgrade dict broadcast >>>>>>>>>>>>>
08-31 17:02:32.051   992  1195 E Netd    : tether checkPermission, pid:1724 uid:1000
08-31 17:02:32.304   694   756 E ANDR-PERF-MPCTL: Invalid profile no. 0, total profiles 0 only
08-31 17:02:35.314   694   756 E ANDR-PERF-MPCTL: Invalid profile no. 0, total profiles 0 only
08-31 17:02:36.023 17295 18614 E MSF.C.NetConnTag.true: conn is already closed on readError closeConn socketEngineID: 0 socket hashcode: 0java.lang.Throwable
08-31 17:02:36.023 17295 18614 E MSF.C.NetConnTag.true: 	at com.tencent.mobileqq.msf.core.net.m.b(P:27)
08-31 17:02:36.023 17295 18614 E MSF.C.NetConnTag.true: 	at com.tencent.mobileqq.msf.core.net.m$b.run(P:24)
08-31 17:02:36.023 17295 18614 E SocketReaderNewtrue: socketEngine: 0socket hashCode: 0SocketReader(5003) errorjava.net.SocketException: Socket is closed
08-31 17:02:38.331   694   756 E ANDR-PERF-MPCTL: Invalid profile no. 0, total profiles 0 only
08-31 17:02:44.347   694   756 E ANDR-PERF-MPCTL: Invalid profile no. 0, total profiles 0 only
08-31 17:02:47.354   694   756 E ANDR-PERF-MPCTL: Invalid profile no. 0, total profiles 0 only
08-31 17:02:56.385   694   756 I chatty  : uid=0(root) perf@1.0-servic identical 15 lines
08-31 17:02:59.393   694   756 E ANDR-PERF-MPCTL: Invalid profile no. 0, total profiles 0 only
08-31 17:03:00.065  4240  4357 E BitmapFactory: Unable to decode stream: java.io.FileNotFoundException: /oem/etc/theme/icons/dynamic_icon/com.android.BBKClock/res/drawable-sw360dp-xxhdpi/clock_hour.png (No such file or directory)
08-31 17:03:00.066  4240  4357 E BitmapFactory: Unable to decode stream: java.io.FileNotFoundException: /oem/etc/theme/icons/dynamic_icon/com.android.BBKClock/res/drawable-sw360dp-xxhdpi/clock_minute.png (No such file or directory)
08-31 17:03:00.067  4240  4357 E BitmapFactory: Unable to decode stream: java.io.FileNotFoundException: /oem/etc/theme/icons/dynamic_icon/com.android.BBKClock/res/drawable-sw360dp-xxhdpi/clock_dial.png (No such file or directory)
08-31 17:03:00.069  4240  4357 E BitmapFactory: Unable to decode stream: java.io.FileNotFoundException: /oem/etc/theme/icons/dynamic_icon/com.android.BBKClock/res/drawable-sw360dp-xxhdpi/clock_dial_center.png (No such file or directory)
08-31 17:03:02.404   694   756 E ANDR-PERF-MPCTL: Invalid profile no. 0, total profiles 0 only
08-31 17:03:05.412   694   756 E ANDR-PERF-MPCTL: Invalid profile no. 0, total profiles 0 only
08-31 17:03:06.029 17295 18614 E MSF.C.NetConnTag.true: conn is already closed on readError closeConn socketEngineID: 0 socket hashcode: 0java.lang.Throwable
08-31 17:03:06.029 17295 18614 E MSF.C.NetConnTag.true: 	at com.tencent.mobileqq.msf.core.net.m.b(P:27)
08-31 17:03:06.029 17295 18614 E MSF.C.NetConnTag.true: 	at com.tencent.mobileqq.msf.core.net.m$b.run(P:24)
08-31 17:03:06.029 17295 18614 E SocketReaderNewtrue: socketEngine: 0socket hashCode: 0SocketReader(5003) errorjava.net.SocketException: Socket is closed
08-31 17:03:08.423   694   756 E ANDR-PERF-MPCTL: Invalid profile no. 0, total profiles 0 only
08-31 17:03:23.456   694   756 E ANDR-PERF-MPCTL: Invalid profile no. 0, total profiles 0 only
08-31 17:03:23.778  2682  3066 E PowerMonitor: exception In sysProcTransDectect java.lang.NoSuchMethodException: vivoGetNetworkStatsUidDetailWithPackInfo [int]
08-31 17:03:23.991  1724  2178 I chatty  : uid=1000(system) AutobacklightTh identical 344 lines
08-31 17:03:24.199  1007  1109 E storaged: getDiskStats failed with result NOT_SUPPORTED and size 0
08-31 17:03:26.463   694   756 E ANDR-PERF-MPCTL: Invalid profile no. 0, total profiles 0 only
08-31 17:03:35.485   694   756 E ANDR-PERF-MPCTL: Invalid profile no. 0, total profiles 0 only
08-31 17:03:36.040 17295 18614 E MSF.C.NetConnTag.true: conn is already closed on readError closeConn socketEngineID: 0 socket hashcode: 0java.lang.Throwable
08-31 17:03:36.040 17295 18614 E MSF.C.NetConnTag.true: 	at com.tencent.mobileqq.msf.core.net.m.b(P:27)
08-31 17:03:36.040 17295 18614 E MSF.C.NetConnTag.true: 	at com.tencent.mobileqq.msf.core.net.m$b.run(P:24)
08-31 17:03:36.040 17295 18614 E SocketReaderNewtrue: socketEngine: 0socket hashCode: 0SocketReader(5003) errorjava.net.SocketException: Socket is closed
08-31 17:03:38.493   694   756 E ANDR-PERF-MPCTL: Invalid profile no. 0, total profiles 0 only
08-31 17:03:59.541   694   756 E ANDR-PERF-MPCTL: Invalid profile no. 0, total profiles 0 only
08-31 17:04:00.074  4240  4357 E BitmapFactory: Unable to decode stream: java.io.FileNotFoundException: /oem/etc/theme/icons/dynamic_icon/com.android.BBKClock/res/drawable-sw360dp-xxhdpi/clock_hour.png (No such file or directory)
08-31 17:04:00.075  4240  4357 E BitmapFactory: Unable to decode stream: java.io.FileNotFoundException: /oem/etc/theme/icons/dynamic_icon/com.android.BBKClock/res/drawable-sw360dp-xxhdpi/clock_minute.png (No such file or directory)
08-31 17:04:00.076  4240  4357 E BitmapFactory: Unable to decode stream: java.io.FileNotFoundException: /oem/etc/theme/icons/dynamic_icon/com.android.BBKClock/res/drawable-sw360dp-xxhdpi/clock_dial.png (No such file or directory)
08-31 17:04:00.080  4240  4357 E BitmapFactory: Unable to decode stream: java.io.FileNotFoundException: /oem/etc/theme/icons/dynamic_icon/com.android.BBKClock/res/drawable-sw360dp-xxhdpi/clock_dial_center.png (No such file or directory)
08-31 17:04:02.549   694   756 E ANDR-PERF-MPCTL: Invalid profile no. 0, total profiles 0 only
08-31 17:04:05.556   694   756 E ANDR-PERF-MPCTL: Invalid profile no. 0, total profiles 0 only
08-31 17:04:06.044 17295 18614 E MSF.C.NetConnTag.true: conn is already closed on readError closeConn socketEngineID: 0 socket hashcode: 0java.lang.Throwable
08-31 17:04:06.044 17295 18614 E MSF.C.NetConnTag.true: 	at com.tencent.mobileqq.msf.core.net.m.b(P:27)
08-31 17:04:06.044 17295 18614 E MSF.C.NetConnTag.true: 	at com.tencent.mobileqq.msf.core.net.m$b.run(P:24)
08-31 17:04:06.044 17295 18614 E SocketReaderNewtrue: socketEngine: 0socket hashCode: 0SocketReader(5003) errorjava.net.SocketException: Socket is closed
08-31 17:04:08.568   694   756 E ANDR-PERF-MPCTL: Invalid profile no. 0, total profiles 0 only
08-31 17:04:11.574   694   756 E ANDR-PERF-MPCTL: Invalid profile no. 0, total profiles 0 only
08-31 17:04:14.581   694   756 E ANDR-PERF-MPCTL: Invalid profile no. 0, total profiles 0 only
08-31 17:04:17.590   694   756 I chatty  : uid=0(root) perf@1.0-servic identical 10 lines
08-31 17:04:20.595   694   756 E ANDR-PERF-MPCTL: Invalid profile no. 0, total profiles 0 only
08-31 17:04:21.662  1724  4404 I chatty  : uid=1000(system) Binder:1724_14 expire 1 line
08-31 17:04:23.605   694   756 E ANDR-PERF-MPCTL: Invalid profile no. 0, total profiles 0 only
08-31 17:04:23.901  1724  2178 I chatty  : uid=1000(system) AutobacklightTh identical 370 lines
08-31 17:04:24.200  1007  1109 E storaged: getDiskStats failed with result NOT_SUPPORTED and size 0
08-31 17:04:35.630   694   756 E ANDR-PERF-MPCTL: Invalid profile no. 0, total profiles 0 only
08-31 17:04:36.050 17295 18614 E MSF.C.NetConnTag.true: conn is already closed on readError closeConn socketEngineID: 0 socket hashcode: 0java.lang.Throwable
08-31 17:04:36.050 17295 18614 E MSF.C.NetConnTag.true: 	at com.tencent.mobileqq.msf.core.net.m.b(P:27)
08-31 17:04:36.050 17295 18614 E MSF.C.NetConnTag.true: 	at com.tencent.mobileqq.msf.core.net.m$b.run(P:24)
08-31 17:04:36.050 17295 18614 E SocketReaderNewtrue: socketEngine: 0socket hashCode: 0SocketReader(5003) errorjava.net.SocketException: Socket is closed
08-31 17:04:38.639   694   756 E ANDR-PERF-MPCTL: Invalid profile no. 0, total profiles 0 only
08-31 17:04:59.688   694   756 E ANDR-PERF-MPCTL: Invalid profile no. 0, total profiles 0 only
08-31 17:05:00.062  4240  4357 E BitmapFactory: Unable to decode stream: java.io.FileNotFoundException: /oem/etc/theme/icons/dynamic_icon/com.android.BBKClock/res/drawable-sw360dp-xxhdpi/clock_hour.png (No such file or directory)
08-31 17:05:00.063  4240  4357 E BitmapFactory: Unable to decode stream: java.io.FileNotFoundException: /oem/etc/theme/icons/dynamic_icon/com.android.BBKClock/res/drawable-sw360dp-xxhdpi/clock_minute.png (No such file or directory)
08-31 17:05:00.064  4240  4357 E BitmapFactory: Unable to decode stream: java.io.FileNotFoundException: /oem/etc/theme/icons/dynamic_icon/com.android.BBKClock/res/drawable-sw360dp-xxhdpi/clock_dial.png (No such file or directory)
08-31 17:05:00.066  4240  4357 E BitmapFactory: Unable to decode stream: java.io.FileNotFoundException: /oem/etc/theme/icons/dynamic_icon/com.android.BBKClock/res/drawable-sw360dp-xxhdpi/clock_dial_center.png (No such file or directory)
08-31 17:05:02.694   694   756 E ANDR-PERF-MPCTL: Invalid profile no. 0, total profiles 0 only
08-31 17:05:05.702   694   756 E ANDR-PERF-MPCTL: Invalid profile no. 0, total profiles 0 only
08-31 17:05:06.055 17295 18614 E MSF.C.NetConnTag.true: conn is already closed on readError closeConn socketEngineID: 0 socket hashcode: 0java.lang.Throwable
08-31 17:05:06.055 17295 18614 E MSF.C.NetConnTag.true: 	at com.tencent.mobileqq.msf.core.net.m.b(P:27)
08-31 17:05:06.055 17295 18614 E MSF.C.NetConnTag.true: 	at com.tencent.mobileqq.msf.core.net.m$b.run(P:24)
08-31 17:05:06.055 17295 18614 E SocketReaderNewtrue: socketEngine: 0socket hashCode: 0SocketReader(5003) errorjava.net.SocketException: Socket is closed
08-31 17:05:08.711   694   756 E ANDR-PERF-MPCTL: Invalid profile no. 0, total profiles 0 only
08-31 17:05:23.978  1724  2178 I chatty  : uid=1000(system) AutobacklightTh identical 371 lines
08-31 17:05:24.200  1007  1109 E storaged: getDiskStats failed with result NOT_SUPPORTED and size 0
08-31 17:05:32.767   694   756 I chatty  : uid=0(root) perf@1.0-servic identical 10 lines
08-31 17:05:35.771   694   756 E ANDR-PERF-MPCTL: Invalid profile no. 0, total profiles 0 only
08-31 17:05:36.059 17295 18614 E MSF.C.NetConnTag.true: conn is already closed on readError closeConn socketEngineID: 0 socket hashcode: 0java.lang.Throwable
08-31 17:05:36.059 17295 18614 E MSF.C.NetConnTag.true: 	at com.tencent.mobileqq.msf.core.net.m.b(P:27)
08-31 17:05:36.059 17295 18614 E MSF.C.NetConnTag.true: 	at com.tencent.mobileqq.msf.core.net.m$b.run(P:24)
08-31 17:05:36.059 17295 18614 E SocketReaderNewtrue: socketEngine: 0socket hashCode: 0SocketReader(5003) errorjava.net.SocketException: Socket is closed
08-31 17:05:38.777   694   756 E ANDR-PERF-MPCTL: Invalid profile no. 0, total profiles 0 only
08-31 17:05:41.782   694   756 E ANDR-PERF-MPCTL: Invalid profile no. 0, total profiles 0 only
08-31 17:05:44.660 18939 19699 E memtrack: Couldn't load memtrack module
08-31 17:05:44.787   694   756 E ANDR-PERF-MPCTL: Invalid profile no. 0, total profiles 0 only
08-31 17:05:53.808   694   756 E ANDR-PERF-MPCTL: Invalid profile no. 0, total profiles 0 only
08-31 17:05:53.891  2682  3066 E PowerMonitor: exception In sysProcTransDectect java.lang.NoSuchMethodException: vivoGetNetworkStatsUidDetailWithPackInfo [int]
08-31 17:05:56.816   694   756 E ANDR-PERF-MPCTL: Invalid profile no. 0, total profiles 0 only
08-31 17:05:59.823   694   756 E ANDR-PERF-MPCTL: Invalid profile no. 0, total profiles 0 only
08-31 17:06:00.080  4240  4357 E BitmapFactory: Unable to decode stream: java.io.FileNotFoundException: /oem/etc/theme/icons/dynamic_icon/com.android.BBKClock/res/drawable-sw360dp-xxhdpi/clock_hour.png (No such file or directory)
08-31 17:06:00.081  4240  4357 E BitmapFactory: Unable to decode stream: java.io.FileNotFoundException: /oem/etc/theme/icons/dynamic_icon/com.android.BBKClock/res/drawable-sw360dp-xxhdpi/clock_minute.png (No such file or directory)
08-31 17:06:00.082  4240  4357 E BitmapFactory: Unable to decode stream: java.io.FileNotFoundException: /oem/etc/theme/icons/dynamic_icon/com.android.BBKClock/res/drawable-sw360dp-xxhdpi/clock_dial.png (No such file or directory)
08-31 17:06:00.086  4240  4357 E BitmapFactory: Unable to decode stream: java.io.FileNotFoundException: /oem/etc/theme/icons/dynamic_icon/com.android.BBKClock/res/drawable-sw360dp-xxhdpi/clock_dial_center.png (No such file or directory)
08-31 17:06:02.832   694   756 E ANDR-PERF-MPCTL: Invalid profile no. 0, total profiles 0 only
08-31 17:06:05.836   694   756 E ANDR-PERF-MPCTL: Invalid profile no. 0, total profiles 0 only
08-31 17:06:06.069 17295 18614 E MSF.C.NetConnTag.true: conn is already closed on readError closeConn socketEngineID: 0 socket hashcode: 0java.lang.Throwable
08-31 17:06:06.069 17295 18614 E MSF.C.NetConnTag.true: 	at com.tencent.mobileqq.msf.core.net.m.b(P:27)
08-31 17:06:06.069 17295 18614 E MSF.C.NetConnTag.true: 	at com.tencent.mobileqq.msf.core.net.m$b.run(P:24)
08-31 17:06:06.069 17295 18614 E SocketReaderNewtrue: socketEngine: 0socket hashCode: 0SocketReader(5003) errorjava.net.SocketException: Socket is closed
08-31 17:06:08.846   694   756 E ANDR-PERF-MPCTL: Invalid profile no. 0, total profiles 0 only
08-31 17:06:10.728 18581 18830 E memtrack: Couldn't load memtrack module
08-31 17:06:11.853   694   756 E ANDR-PERF-MPCTL: Invalid profile no. 0, total profiles 0 only
08-31 17:06:17.865   694   756 I chatty  : uid=0(root) perf@1.0-servic identical 11 lines
08-31 17:06:20.872   694   756 E ANDR-PERF-MPCTL: Invalid profile no. 0, total profiles 0 only
08-31 17:06:21.723  1724 16084 I chatty  : uid=1000(system) Binder:1724_20 expire 1 line
08-31 17:06:23.880   694   756 E ANDR-PERF-MPCTL: Invalid profile no. 0, total profiles 0 only
08-31 17:06:23.889  1724  2178 I chatty  : uid=1000(system) AutobacklightTh identical 370 lines
08-31 17:06:24.201  1007  1109 E storaged: getDiskStats failed with result NOT_SUPPORTED and size 0
08-31 17:06:35.908   694   756 E ANDR-PERF-MPCTL: Invalid profile no. 0, total profiles 0 only
08-31 17:06:36.079 17295 18614 E MSF.C.NetConnTag.true: conn is already closed on readError closeConn socketEngineID: 0 socket hashcode: 0java.lang.Throwable
08-31 17:06:36.079 17295 18614 E MSF.C.NetConnTag.true: 	at com.tencent.mobileqq.msf.core.net.m.b(P:27)
08-31 17:06:36.079 17295 18614 E MSF.C.NetConnTag.true: 	at com.tencent.mobileqq.msf.core.net.m$b.run(P:24)
08-31 17:06:36.079 17295 18614 E SocketReaderNewtrue: socketEngine: 0socket hashCode: 0SocketReader(5003) errorjava.net.SocketException: Socket is closed
08-31 17:06:38.916   694   756 E ANDR-PERF-MPCTL: Invalid profile no. 0, total profiles 0 only
08-31 17:06:59.966   694   756 E ANDR-PERF-MPCTL: Invalid profile no. 0, total profiles 0 only
08-31 17:07:00.060  4240  4357 E BitmapFactory: Unable to decode stream: java.io.FileNotFoundException: /oem/etc/theme/icons/dynamic_icon/com.android.BBKClock/res/drawable-sw360dp-xxhdpi/clock_hour.png (No such file or directory)
08-31 17:07:00.061  4240  4357 E BitmapFactory: Unable to decode stream: java.io.FileNotFoundException: /oem/etc/theme/icons/dynamic_icon/com.android.BBKClock/res/drawable-sw360dp-xxhdpi/clock_minute.png (No such file or directory)
08-31 17:07:00.062  4240  4357 E BitmapFactory: Unable to decode stream: java.io.FileNotFoundException: /oem/etc/theme/icons/dynamic_icon/com.android.BBKClock/res/drawable-sw360dp-xxhdpi/clock_dial.png (No such file or directory)
08-31 17:07:00.064  4240  4357 E BitmapFactory: Unable to decode stream: java.io.FileNotFoundException: /oem/etc/theme/icons/dynamic_icon/com.android.BBKClock/res/drawable-sw360dp-xxhdpi/clock_dial_center.png (No such file or directory)
08-31 17:07:02.973   694   756 E ANDR-PERF-MPCTL: Invalid profile no. 0, total profiles 0 only
08-31 17:07:05.980   694   756 E ANDR-PERF-MPCTL: Invalid profile no. 0, total profiles 0 only
08-31 17:07:06.083 17295 18614 E MSF.C.NetConnTag.true: conn is already closed on readError closeConn socketEngineID: 0 socket hashcode: 0java.lang.Throwable
08-31 17:07:06.083 17295 18614 E MSF.C.NetConnTag.true: 	at com.tencent.mobileqq.msf.core.net.m.b(P:27)
08-31 17:07:06.083 17295 18614 E MSF.C.NetConnTag.true: 	at com.tencent.mobileqq.msf.core.net.m$b.run(P:24)
08-31 17:07:06.083 17295 18614 E SocketReaderNewtrue: socketEngine: 0socket hashCode: 0SocketReader(5003) errorjava.net.SocketException: Socket is closed
08-31 17:07:08.991   694   756 E ANDR-PERF-MPCTL: Invalid profile no. 0, total profiles 0 only
08-31 17:07:23.964  1724  2178 I chatty  : uid=1000(system) AutobacklightTh identical 371 lines
08-31 17:07:24.202  1007  1109 E storaged: getDiskStats failed with result NOT_SUPPORTED and size 0
08-31 17:07:33.045   694   756 I chatty  : uid=0(root) perf@1.0-servic identical 14 lines
08-31 17:07:36.051   694   756 E ANDR-PERF-MPCTL: Invalid profile no. 0, total profiles 0 only
08-31 17:07:36.094 17295 18614 E MSF.C.NetConnTag.true: conn is already closed on readError closeConn socketEngineID: 0 socket hashcode: 0java.lang.Throwable
08-31 17:07:36.094 17295 18614 E MSF.C.NetConnTag.true: 	at com.tencent.mobileqq.msf.core.net.m.b(P:27)
08-31 17:07:36.094 17295 18614 E MSF.C.NetConnTag.true: 	at com.tencent.mobileqq.msf.core.net.m$b.run(P:24)
08-31 17:07:36.094 17295 18614 E SocketReaderNewtrue: socketEngine: 0socket hashCode: 0SocketReader(5003) errorjava.net.SocketException: Socket is closed
08-31 17:07:39.061   694   756 E ANDR-PERF-MPCTL: Invalid profile no. 0, total profiles 0 only
08-31 17:08:00.107   694   756 E ANDR-PERF-MPCTL: Invalid profile no. 0, total profiles 0 only
08-31 17:08:00.120  4240  4357 E BitmapFactory: Unable to decode stream: java.io.FileNotFoundException: /oem/etc/theme/icons/dynamic_icon/com.android.BBKClock/res/drawable-sw360dp-xxhdpi/clock_hour.png (No such file or directory)
08-31 17:08:00.121  4240  4357 E BitmapFactory: Unable to decode stream: java.io.FileNotFoundException: /oem/etc/theme/icons/dynamic_icon/com.android.BBKClock/res/drawable-sw360dp-xxhdpi/clock_minute.png (No such file or directory)
08-31 17:08:00.122  4240  4357 E BitmapFactory: Unable to decode stream: java.io.FileNotFoundException: /oem/etc/theme/icons/dynamic_icon/com.android.BBKClock/res/drawable-sw360dp-xxhdpi/clock_dial.png (No such file or directory)
08-31 17:08:00.126  4240  4357 E BitmapFactory: Unable to decode stream: java.io.FileNotFoundException: /oem/etc/theme/icons/dynamic_icon/com.android.BBKClock/res/drawable-sw360dp-xxhdpi/clock_dial_center.png (No such file or directory)
08-31 17:08:03.113   694   756 E ANDR-PERF-MPCTL: Invalid profile no. 0, total profiles 0 only
08-31 17:08:06.099 17295 18614 E MSF.C.NetConnTag.true: conn is already closed on readError closeConn socketEngineID: 0 socket hashcode: 0java.lang.Throwable
08-31 17:08:06.099 17295 18614 E MSF.C.NetConnTag.true: 	at com.tencent.mobileqq.msf.core.net.m.b(P:27)
08-31 17:08:06.099 17295 18614 E MSF.C.NetConnTag.true: 	at com.tencent.mobileqq.msf.core.net.m$b.run(P:24)
08-31 17:08:06.099 17295 18614 E SocketReaderNewtrue: socketEngine: 0socket hashCode: 0SocketReader(5003) errorjava.net.SocketException: Socket is closed
08-31 17:08:06.118   694   756 E ANDR-PERF-MPCTL: Invalid profile no. 0, total profiles 0 only
08-31 17:08:18.145   694   756 I chatty  : uid=0(root) perf@1.0-servic identical 16 lines
08-31 17:08:21.150   694   756 E ANDR-PERF-MPCTL: Invalid profile no. 0, total profiles 0 only
08-31 17:08:24.027  2682  3066 E PowerMonitor: exception In sysProcTransDectect java.lang.NoSuchMethodException: vivoGetNetworkStatsUidDetailWithPackInfo [int]
08-31 17:08:24.032  1724  2178 I chatty  : uid=1000(system) AutobacklightTh identical 371 lines
08-31 17:08:24.160   694   756 E ANDR-PERF-MPCTL: Invalid profile no. 0, total profiles 0 only
08-31 17:08:24.203  1007  1109 E storaged: getDiskStats failed with result NOT_SUPPORTED and size 0
08-31 17:08:27.165   694   756 E ANDR-PERF-MPCTL: Invalid profile no. 0, total profiles 0 only
08-31 17:08:29.520  1724  2178 I chatty  : uid=1000(system) AutobacklightTh identical 32 lines
08-31 17:08:29.646   992  1195 E Netd    : tether checkPermission, pid:1724 uid:1000
08-31 17:08:29.701  1724  2364 E SyncManager: Bind attempt failed - target: ComponentInfo{com.tencent.android.qqdownloader/com.live.sync.YYBLiveSyncService}
08-31 17:08:29.792   992  1195 E Netd    : tether checkPermission, pid:1724 uid:1000
08-31 17:08:29.843  2831  4354 I chatty  : uid=1001(radio) Binder:2831_A identical 10 lines
08-31 17:08:30.170   694   756 E ANDR-PERF-MPCTL: Invalid profile no. 0, total profiles 0 only
08-31 17:08:33.176   694   756 E ANDR-PERF-MPCTL: Invalid profile no. 0, total profiles 0 only
08-31 17:08:36.113 17295 18614 E MSF.C.NetConnTag.true: conn is already closed on readError closeConn socketEngineID: 0 socket hashcode: 0java.lang.Throwable
08-31 17:08:36.113 17295 18614 E MSF.C.NetConnTag.true: 	at com.tencent.mobileqq.msf.core.net.m.b(P:27)
08-31 17:08:36.113 17295 18614 E MSF.C.NetConnTag.true: 	at com.tencent.mobileqq.msf.core.net.m$b.run(P:24)
08-31 17:08:36.113 17295 18614 E SocketReaderNewtrue: socketEngine: 0socket hashCode: 0SocketReader(5003) errorjava.net.SocketException: Socket is closed
08-31 17:08:36.181   694   756 E ANDR-PERF-MPCTL: Invalid profile no. 0, total profiles 0 only
08-31 17:08:48.210   694   756 E ANDR-PERF-MPCTL: Invalid profile no. 0, total profiles 0 only
08-31 17:08:51.215   694   756 E ANDR-PERF-MPCTL: Invalid profile no. 0, total profiles 0 only
08-31 17:08:54.225   694   756 E ANDR-PERF-MPCTL: Invalid profile no. 0, total profiles 0 only
08-31 17:08:57.156  5065  9598 E MtpServer: request read returned -1, errno: 5
08-31 17:08:57.157 28096  9518 E adbd    : aio: got error event on read total bufs 1: Cannot send after transport endpoint shutdown
08-31 17:08:57.157 28096  9518 E adbd    : remote usb: read terminated (message): Cannot send after transport endpoint shutdown
08-31 17:08:57.232   694   756 E ANDR-PERF-MPCTL: Invalid profile no. 0, total profiles 0 only
08-31 17:08:58.031   685   883 E qti_sensors_hal: w_orient output WORT 0 34 3
08-31 17:08:58.109   685   883 E qti_sensors_hal: w_orient output WORT 0 31 4
08-31 17:08:58.168   685   883 E qti_sensors_hal: w_orient output WORT 0 30 4
08-31 17:08:58.246   685   883 E qti_sensors_hal: w_orient output WORT 0 31 1
08-31 17:08:58.302   685   883 E qti_sensors_hal: w_orient output WORT 0 33 0
08-31 17:08:58.780  1724  2881 I chatty  : uid=1000(system) Binder:1724_A expire 1 line
08-31 17:08:58.798  1724  3767 I chatty  : uid=1000(system) Binder:1724_11 expire 2 lines
08-31 17:08:58.819   694   756 E ANDR-PERF-MPCTL: Invalid profile no. 0, total profiles 0 only
08-31 17:08:58.830  1724  2053 I chatty  : uid=1000(system) InputDispatcher expire 1 line
08-31 17:08:58.929   717  4080 E         : IProducerListener: malformed binder reply
08-31 17:08:59.143  8676  8880 E chromium: [0831/170859.143494:ERROR:request.cc(346)] Error net::ERR_CONNECTION_RESET on chromium request: http://203.107.1.34/191607/resolve?host=data.uat.missevan.com&query=4
08-31 17:08:59.144  8676  8879 E chromium: [0831/170859.144020:ERROR:response_handler.cc(47)] OnFailed net::ERR_CONNECTION_RESET
08-31 17:08:59.187  8676  9892 E anet.HorseRaceDetector:  network detect thread start
08-31 17:08:59.504   685   883 E qti_sensors_hal: w_orient output WORT -1 76 0
08-31 17:08:59.563   685   883 E qti_sensors_hal: w_orient output WORT -1 78 0
08-31 17:08:59.639   685   883 E qti_sensors_hal: w_orient output WORT -1 80 0
08-31 17:08:59.697   685   883 E qti_sensors_hal: w_orient output WORT -1 82 0
08-31 17:08:59.774   685   883 E qti_sensors_hal: w_orient output WORT -1 84 0
