08-31 17:43:39.143   685   883 E qti_sensors_hal: w_orient output WORT 0 48 59
08-31 17:43:39.201   685   883 E qti_sensors_hal: w_orient output WORT 0 45 64
08-31 17:43:39.279   685   883 E qti_sensors_hal: w_orient output WORT 0 50 61
08-31 17:43:39.345   685   883 E qti_sensors_hal: w_orient output WORT 0 51 58
08-31 17:43:41.707 11379 11462 E awcn.GlobalAppRuntimeInfo:   CurrentProcess:cn.missevan TargetProcess:cn.missevan
08-31 17:43:41.710 11379 11462 E awcn.StrategyCenter:  registerListener listener:[]
08-31 17:43:41.722 11379 11462 E awcn.Inet64Util:  startIpStackDetect ip stack:1 detectType:udp_connect
08-31 17:43:41.725 11379 11471 E awcn.SessionCenter: |[seq:[default]] onNetworkStatusChanged. networkStatus:WIFI
08-31 17:43:41.818 11379 11462 E awcn.StrategyCenter:  registerListener listener:[anet.channel.SessionCenter$a@9f693e1]
08-31 17:43:41.820 11379 11462 E awcn.Http3ConnDetector:  registerListener http3Enable:false
08-31 17:43:41.820 11379 11462 E awcn.StrategyCenter:  registerListener listener:[anet.channel.SessionCenter$a@9f693e1, anet.channel.detect.e@bb838bf]
08-31 17:43:41.820 11379 11462 E awcn.StrategyCenter:  registerListener listener:[anet.channel.SessionCenter$a@9f693e1, anet.channel.detect.e@bb838bf, anet.channel.e.c@b6c42d5]
08-31 17:43:41.838 11379 11462 E awcn.TnetSpdySession: |[seq:umeng:546d7dd7fd98c58fc800082c.AWCN1_1] connect host:https://umengacs.m.taobao.com ip:203.119.215.108 port:443 sessionId:1661939021838 SpdyProtocol,:http2_0rtt_acs proxyIp,: proxyPort,:0
08-31 17:43:41.843 11379 11462 E awcn.Session: |[seq:umeng:546d7dd7fd98c58fc800082c.AWCN1_1] notifyStatus status:CONNECTING
08-31 17:43:41.851 11379 11462 E NAccs.MsgDistribute:  distribute ready action:com.taobao.accs.intent.action.RECEIVE dataId: serviceId:
08-31 17:43:41.882 11379 11462 E NAccs.MsgDistribute:  handBroadCastMsg command:1
08-31 17:43:41.883 11379 11485 E NAccs.InAppConn_default:  sendMessage start dataId:1661939021878.3 type:DATA
08-31 17:43:41.891 11379 11470 E awcn.Session: |[seq:umeng:546d7dd7fd98c58fc800082c.AWCN1_1] notifyStatus status:CONNECTED
08-31 17:43:41.893 11379 11470 E NAccs.InAppConn_default:  auth URL:https://umengacs.m.taobao.com/accs/auth?1=Yw2XOaoLvJsDAIIIET1UzMcv&2=cd5f3bf08e614d8b231cb5f3f61614e1dd531ce2e70ff50466533118bb57b035&3=umeng:546d7dd7fd98c58fc800082c&5=1&6=wifi&7=null&8=1.1.2&9=1661939021823&10=1&11=28&12=cn.missevan&13=5.7.3&14=android@umeng&15=vivo+X21A&16=vivo&17=221&19=0&20=
08-31 17:43:41.899 11379 11470 E awcn.TnetSpdySession: |[seq:umeng:546d7dd7fd98c58fc800082c.AWCN1_1] spdySessionConnectCB connect connectTime:48 sslTime:0
08-31 17:43:41.939 11379 11470 E NAccs.InAppConn_default:  auth httpStatusCode:200
08-31 17:43:41.940 11379 11470 E awcn.Session: |[seq:umeng:546d7dd7fd98c58fc800082c.AWCN1_1] notifyStatus status:AUTH_SUCC
08-31 17:43:41.940 11379 11487 E awcn.SessionRequest:  sendConnectInfoToAccsByService
08-31 17:43:41.954 11379 11487 E awcn.SessionRequest:  sendConnectInfoToAccsByCallBack
08-31 17:43:41.955 11379 11471 E NAccs.InAppConn_default:  onConnectionChanged currentHost:https://umengacs.m.taobao.com changeHost:https://umengacs.m.taobao.com state:true
08-31 17:43:41.958 11379 11485 E awcn.TnetSpdySession: |[seq:umeng:546d7dd7fd98c58fc800082c.AWCN1_1] sendCustomFrame dataId:3 type:200
08-31 17:43:41.959 11379 11485 E NAccs.InAppConn_default:  sendMessage end dataId:1661939021878.3 status:true
08-31 17:43:41.984  1724  2178 I chatty  : uid=1000(system) AutobacklightTh identical 82 lines
08-31 17:43:42.000 11379 11470 E awcn.TnetSpdySession: |[seq:umeng:546d7dd7fd98c58fc800082c.AWCN1_1] [spdyCustomControlFrameRecvCallback] len:194 frameCb:com.taobao.accs.net.k@84c6387
08-31 17:43:42.002 11379 11470 E awcn.TnetSpdySession: |[seq:umeng:546d7dd7fd98c58fc800082c.AWCN1_1] str:20 40 0 be 0 bc e0 0 33 59 77 32 58 4f 61 6f 4c 76 4a 73 44 41 49 49 49 45 54 31 55 7a 4d 63 76 7c 63 6e 2e 6d 69 73 73 65 76 61 6e 7c 41 67 6f 6f 44 65 76 69 63 65 43 6d 64 7c 10 32 7c 41 67 6f 6f 44 65 76 69 63 65 43 6d 64 7c f 31 36 36 31 39 33 39 30 32 31 38 37 38 2e 33 0 0 7b 22 72 65 73 75 6c 74 43 6f 64 65 22 3a 22 73 75 63 63 65 73 73 22 2c 22 63 6d 64 22 3a 22 72 65 67 69 73 74 65 72 22 2c 22 64 65 76 69 63 65 49 64 22 3a 22 41 71 44 33 6d 64 79 67 76 48 4f 39 30 78 6a 65 36 7a 50 35 50 55 52 57 6f 71 33 58 6d 6b 61 65 6f 4b 37 4c 5f 33 55 76 50 70 57 6e 22 7d
08-31 17:43:42.002 11379 11470 E NAccs.InAppConn_default:  onDataReceive type:200 dataid:-1
08-31 17:43:42.004 11379 11463 E NAccs.MsgRecv_default:  handleMessage dataId:1661939021878.3 type:DATA reqType:RES resType:NO_ACK target:Yw2XOaoLvJsDAIIIET1UzMcv|cn.missevan|AgooDeviceCmd|
08-31 17:43:42.005 11379 11463 E NAccs.MsgDistribute:  distribute ready action:com.taobao.accs.intent.action.RECEIVE dataId:1661939021878.3 serviceId:AgooDeviceCmd
08-31 17:43:42.005 11379 11463 E NAccs.MsgDistribute:  handleBusinessMsg start dataId:1661939021878.3 serviceId:AgooDeviceCmd command:100 t1:0 t2:0 t3:0 t4:0 t5:0 t6:0
08-31 17:43:42.006 11379 11463 E NAccs.MsgDistribute:  handleBusinessMsg start dataId:1661939021878.3 serviceId:AgooDeviceCmd command:100
08-31 17:43:42.006 11379 11463 E NAccs.MsgDistribute:  handleBusinessMsg getListener not null
08-31 17:43:42.006 11379 11463 E NAccs.a :  onReceiveData dataId:1661939021878.3 serviceId:AgooDeviceCmd command:100 className:com.taobao.agoo.a.b
08-31 17:43:42.150  1724  2233 E TaskPersister: File error accessing recents directory (directory doesn't exist?).
08-31 17:43:42.171 11499 11499 E webview_servic: Not starting debugger since process cannot load the jdwp agent.
08-31 17:43:42.237 11379 11379 E YZSDK   : ----->isDebug = false
08-31 17:43:42.313 11379 11434 E Storages: [DefaultDispatcher-worker-1] VideoCache is empty!
08-31 17:43:42.315 11379 11434 E Storages: [DefaultDispatcher-worker-1] AudioSingleCache is empty!
08-31 17:43:42.318 11379 11434 E Storages: [DefaultDispatcher-worker-1] BBPlayerCache is empty!
08-31 17:43:42.319 11379 11434 E Storages: [DefaultDispatcher-worker-1] BBPlayerAlphaVideo is empty!
08-31 17:43:42.427 11379 11379 E FileNotFoundException: [main] java.io.FileNotFoundException: /system/build.prop (Permission denied)
08-31 17:43:42.427 11379 11379 E FileNotFoundException: 	at java.io.FileInputStream.open0(Native Method)
08-31 17:43:42.427 11379 11379 E FileNotFoundException: 	at java.io.FileInputStream.open(FileInputStream.java:231)
08-31 17:43:42.427 11379 11379 E FileNotFoundException: 	at java.io.FileInputStream.<init>(FileInputStream.java:165)
08-31 17:43:42.427 11379 11379 E FileNotFoundException: 	at cn.missevan.library.util.DeviceHelper.<clinit>(SourceFile:46)
08-31 17:43:42.427 11379 11379 E FileNotFoundException: 	at cn.missevan.library.util.DeviceHelper.isZTKC2016(SourceFile:182)
08-31 17:43:42.427 11379 11379 E FileNotFoundException: 	at cn.missevan.library.util.StatusBarUtils.setStatusBarLightMode(SourceFile:152)
08-31 17:43:42.427 11379 11379 E FileNotFoundException: 	at cn.missevan.library.util.StatusBarUtils.setStatusAndNavigationBarLightMode(SourceFile:138)
08-31 17:43:42.427 11379 11379 E FileNotFoundException: 	at cn.missevan.activity.SplashActivity.eX(SourceFile:93)
08-31 17:43:42.427 11379 11379 E FileNotFoundException: 	at cn.missevan.activity.SplashActivity.onCreate(SourceFile:36)
08-31 17:43:42.427 11379 11379 E FileNotFoundException: 	at android.app.Activity.performCreate(Activity.java:7248)
08-31 17:43:42.427 11379 11379 E FileNotFoundException: 	at android.app.Activity.performCreate(Activity.java:7239)
08-31 17:43:42.427 11379 11379 E FileNotFoundException: 	at android.app.Instrumentation.callActivityOnCreate(Instrumentation.java:1275)
08-31 17:43:42.427 11379 11379 E FileNotFoundException: 	at android.app.ActivityThread.performLaunchActivity(ActivityThread.java:3111)
08-31 17:43:42.427 11379 11379 E FileNotFoundException: 	at android.app.ActivityThread.handleLaunchActivity(ActivityThread.java:3266)
08-31 17:43:42.427 11379 11379 E FileNotFoundException: 	at android.app.servertransaction.LaunchActivityItem.execute(LaunchActivityItem.java:78)
08-31 17:43:42.427 11379 11379 E FileNotFoundException: 	at android.app.servertransaction.TransactionExecutor.executeCallbacks(TransactionExecutor.java:108)
08-31 17:43:42.427 11379 11379 E FileNotFoundException: 	at android.app.servertransaction.TransactionExecutor.execute(TransactionExecutor.java:68)
08-31 17:43:42.427 11379 11379 E FileNotFoundException: 	at android.app.ActivityThread$H.handleMessage(ActivityThread.java:2009)
08-31 17:43:42.427 11379 11379 E FileNotFoundException: 	at com.didichuxing.doraemonkit.kit.timecounter.instrumentation.ProxyHandlerCallback.handleMessage(SourceFile:44)
08-31 17:43:42.427 11379 11379 E FileNotFoundException: 	at android.os.Handler.dispatchMessage(Handler.java:102)
08-31 17:43:42.427 11379 11379 E FileNotFoundException: 	at android.os.Looper.loop(Looper.java:224)
08-31 17:43:42.427 11379 11379 E FileNotFoundException: 	at android.app.ActivityThread.main(ActivityThread.java:7042)
08-31 17:43:42.427 11379 11379 E FileNotFoundException: 	at java.lang.reflect.Method.invoke(Native Method)
08-31 17:43:42.427 11379 11379 E FileNotFoundException: 	at com.android.internal.os.RuntimeInit$MethodAndArgsCaller.run(RuntimeInit.java:536)
08-31 17:43:42.427 11379 11379 E FileNotFoundException: 	at com.android.internal.os.ZygoteInit.main(ZygoteInit.java:868)
08-31 17:43:42.427 11379 11379 E FileNotFoundException:
08-31 17:43:42.476  1724 16084 E ActivityTrigger: activityStartTrigger: not whiteListedcn.missevan/cn.missevan.activity.MainActivity/5070300
08-31 17:43:42.478  1724 16084 E ActivityTrigger: activityResumeTrigger: not whiteListedcn.missevan/cn.missevan.activity.MainActivity/5070300
08-31 17:43:42.543 11379 11379 E NAccs.a :  onResponse start dataId:1661939021878.3 serviceId:AgooDeviceCmd
08-31 17:43:42.552 11379 11379 E NAccs.a :  onResponse end dataId:1661939021878.3
08-31 17:43:42.560  1724  2403 E ActivityTrigger: activityResumeTrigger: not whiteListedcn.missevan/cn.missevan.activity.MainActivity/5070300
08-31 17:43:42.561   694   756 E ANDR-PERF-MPCTL: Invalid profile no. 0, total profiles 0 only
08-31 17:43:42.795 11379 11379 E NowPlayingFragmentVM: [main] New NowPlayingViewModel instance
08-31 17:43:43.194 11379 11446 E cn.missevan: Invalid ID 0x00000000.
08-31 17:43:43.271  1724  2178 I chatty  : uid=1000(system) AutobacklightTh identical 6 lines
08-31 17:43:43.459  1724  2931 E WindowManager: App trying to use insecure INPUT_FEATURE_NO_INPUT_CHANNEL flag. Ignoring
08-31 17:43:43.474 11379 11379 E NAccs.MsgDistribute:  distribMessage dataId:
08-31 17:43:43.475 11379 11463 E NAccs.MsgDistribute:  distribute ready action:com.taobao.accs.intent.action.RECEIVE dataId: serviceId:
08-31 17:43:43.476 11379 11463 E NAccs.MsgDistribute:  handBroadCastMsg command:103
08-31 17:43:43.526 11379 11485 E NAccs.InAppConn_default:  sendMessage start dataId:1661939023524.4 type:DATA
08-31 17:43:43.529 11379 11485 E awcn.TnetSpdySession: |[seq:umeng:546d7dd7fd98c58fc800082c.AWCN1_1] sendCustomFrame dataId:4 type:200
08-31 17:43:43.530 11379 11485 E NAccs.InAppConn_default:  sendMessage end dataId:1661939023524.4 status:true
08-31 17:43:43.531 11379 11554 E NAccs.HuaWeiRegister:  register checkDevice false
08-31 17:43:43.567 11379 11470 E awcn.TnetSpdySession: |[seq:umeng:546d7dd7fd98c58fc800082c.AWCN1_1] [spdyCustomControlFrameRecvCallback] len:138 frameCb:com.taobao.accs.net.k@84c6387
08-31 17:43:43.570 11379 11470 E awcn.TnetSpdySession: |[seq:umeng:546d7dd7fd98c58fc800082c.AWCN1_1] str:20 40 0 86 0 84 e0 0 33 59 77 32 58 4f 61 6f 4c 76 4a 73 44 41 49 49 49 45 54 31 55 7a 4d 63 76 7c 63 6e 2e 6d 69 73 73 65 76 61 6e 7c 41 67 6f 6f 44 65 76 69 63 65 43 6d 64 7c 10 32 7c 41 67 6f 6f 44 65 76 69 63 65 43 6d 64 7c f 31 36 36 31 39 33 39 30 32 33 35 32 34 2e 34 0 0 7b 22 72 65 73 75 6c 74 43 6f 64 65 22 3a 22 73 75 63 63 65 73 73 22 2c 22 63 6d 64 22 3a 22 65 6e 61 62 6c 65 50 75 73 68 22 7d
08-31 17:43:43.573 11379 11470 E NAccs.InAppConn_default:  onDataReceive type:200 dataid:-1
08-31 17:43:43.574 11379 11463 E NAccs.MsgRecv_default:  handleMessage dataId:1661939023524.4 type:DATA reqType:RES resType:NO_ACK target:Yw2XOaoLvJsDAIIIET1UzMcv|cn.missevan|AgooDeviceCmd|
08-31 17:43:43.574 11379 11554 E mcssdk---: MCS-->isExistPackage NameNotFoundException:com.coloros.mcs
08-31 17:43:43.575 11379 11463 E NAccs.MsgDistribute:  distribute ready action:com.taobao.accs.intent.action.RECEIVE dataId:1661939023524.4 serviceId:AgooDeviceCmd
08-31 17:43:43.575 11379 11463 E NAccs.MsgDistribute:  handleBusinessMsg start dataId:1661939023524.4 serviceId:AgooDeviceCmd command:100 t1:0 t2:0 t3:0 t4:0 t5:0 t6:0
08-31 17:43:43.575 11379 11463 E NAccs.MsgDistribute:  handleBusinessMsg start dataId:1661939023524.4 serviceId:AgooDeviceCmd command:100
08-31 17:43:43.575 11379 11463 E NAccs.MsgDistribute:  handleBusinessMsg getListener not null
08-31 17:43:43.575 11379 11463 E NAccs.a :  onReceiveData dataId:1661939023524.4 serviceId:AgooDeviceCmd command:100 className:com.taobao.agoo.a.b
08-31 17:43:43.715   717  2381 E         : IProducerListener: malformed binder reply
08-31 17:43:43.833  1724  2038 E ActivityManager: Sending non-protected broadcast com.vivo.aiengine.intent.action.SMART_SCHEDULER from system uid 1000 pkg com.vivo.aiengine
08-31 17:43:43.862 11379 11379 E NAccs.a :  onResponse start dataId:1661939023524.4 serviceId:AgooDeviceCmd
08-31 17:43:43.865   992  1195 E Netd    : tether checkPermission, pid:1724 uid:1000
08-31 17:43:43.867   694   756 E ANDR-PERF-MPCTL: Invalid profile no. 0, total profiles 0 only
08-31 17:43:43.877  1031  1031 E SecKeyCA: vivo_security_key_operate enter. operate_type = 1
08-31 17:43:43.877  1031  1031 E SecKeyCA: encrypt_type = 1
08-31 17:43:43.932 11379 11379 E NAccs.a :  onResponse end dataId:1661939023524.4
08-31 17:43:44.220  1031  1031 E SecKeyCA: vivo_security_key_operate enter. operate_type = 2
08-31 17:43:44.220  1031  1031 E SecKeyCA: encrypt_type = 1
08-31 17:43:44.884 11379 11379 E MissEvanHotfixReporterImpl: [main] report: description: patch not need to update, internal_version: 5070300, result_code: 10108, patch_md5: none, process_name: cn.missevan, manufacturer: vivo, env: prod,
08-31 17:43:45.686  1724  2178 I chatty  : uid=1000(system) AutobacklightTh identical 13 lines
08-31 17:43:46.006  1724  2233 E TaskPersister: File error accessing recents directory (directory doesn't exist?).
08-31 17:43:46.912   694   756 E ANDR-PERF-MPCTL: Invalid profile no. 0, total profiles 0 only
08-31 17:43:47.039   717  2381 E         : IProducerListener: malformed binder reply
08-31 17:43:47.730 11379 11379 E IllegalStateException: [main] java.lang.IllegalStateException: FragmentManager is already executing transactions
08-31 17:43:47.730 11379 11379 E IllegalStateException: 	at androidx.fragment.app.FragmentManager.ensureExecReady(SourceFile:1586)
08-31 17:43:47.730 11379 11379 E IllegalStateException: 	at androidx.fragment.app.FragmentManager.execSingleAction(SourceFile:1616)
08-31 17:43:47.730 11379 11379 E IllegalStateException: 	at androidx.fragment.app.BackStackRecord.commitNow(SourceFile:317)
08-31 17:43:47.730 11379 11379 E IllegalStateException: 	at com.tbruyelle.rxpermissions2.c.e(SourceFile:77)
08-31 17:43:47.730 11379 11379 E IllegalStateException: 	at com.tbruyelle.rxpermissions2.c.a(SourceFile:36)
08-31 17:43:47.730 11379 11379 E IllegalStateException: 	at com.tbruyelle.rxpermissions2.c$1.bTZ(SourceFile:61)
08-31 17:43:47.730 11379 11379 E IllegalStateException: 	at com.tbruyelle.rxpermissions2.c$1.get(SourceFile:54)
08-31 17:43:47.730 11379 11379 E IllegalStateException: 	at com.tbruyelle.rxpermissions2.c.F(SourceFile:211)
08-31 17:43:47.730 11379 11379 E IllegalStateException: 	at com.tbruyelle.rxpermissions2.c.a(SourceFile:200)
08-31 17:43:47.730 11379 11379 E IllegalStateException: 	at com.tbruyelle.rxpermissions2.c.a(SourceFile:36)
08-31 17:43:47.730 11379 11379 E IllegalStateException: 	at com.tbruyelle.rxpermissions2.c$2.apply(SourceFile:102)
08-31 17:43:47.730 11379 11379 E IllegalStateException: 	at io.a.ab.compose(SourceFile:6418)
08-31 17:43:47.730 11379 11379 E IllegalStateException: 	at com.tbruyelle.rxpermissions2.c.C(SourceFile:176)
08-31 17:43:47.730 11379 11379 E IllegalStateException: 	at cn.missevan.utils.PermissionChecker.requestPermissionsInnerCall(SourceFile:558)
08-31 17:43:47.730 11379 11379 E IllegalStateException: 	at cn.missevan.utils.PermissionChecker.requestPermission(SourceFile:478)
08-31 17:43:47.730 11379 11379 E IllegalStateException: 	at cn.missevan.utils.PermissionChecker.requestExternalFilePermission(SourceFile:360)
08-31 17:43:47.730 11379 11379 E IllegalStateException: 	at cn.missevan.utils.PermissionChecker.requestExternalFilePermission(SourceFile:348)
08-31 17:43:47.730 11379 11379 E IllegalStateException: 	at cn.missevan.utils.PermissionChecker.requestExternalFilePermission(SourceFile:341)
08-31 17:43:47.730 11379 11379 E IllegalStateException: 	at cn.missevan.view.fragment.main.HomeFragment.initView(SourceFile:413)
08-31 17:43:47.730 11379 11379 E IllegalStateException: 	at cn.missevan.library.fragment.BaseMainFragment.onCreateView(SourceFile:69)
08-31 17:43:47.730 11379 11379 E IllegalStateException: 	at androidx.fragment.app.Fragment.performCreateView(SourceFile:2961)
08-31 17:43:47.730 11379 11379 E IllegalStateException: 	at androidx.fragment.app.FragmentStateManager.createView(SourceFile:504)
08-31 17:43:47.730 11379 11379 E IllegalStateException: 	at androidx.fragment.app.FragmentStateManager.moveToExpectedState(SourceFile:259)
08-31 17:43:47.730 11379 11379 E IllegalStateException: 	at androidx.fragment.app.FragmentManager.executeOpsTogether(SourceFile:1790)
08-31 17:43:47.730 11379 11379 E IllegalStateException: 	at androidx.fragment.app.FragmentManager.removeRedundantOperationsAndExecute(SourceFile:1708)
08-31 17:43:47.730 11379 11379 E IllegalStateException: 	at androidx.fragment.app.FragmentManager.execPendingActions(SourceFile:1651)
08-31 17:43:47.730 11379 11379 E IllegalStateException: 	at androidx.fragment.app.FragmentManager$4.run(SourceFile:485)
08-31 17:43:47.730 11379 11379 E IllegalStateException: 	at android.os.Handler.handleCallback(Handler.java:873)
08-31 17:43:47.730 11379 11379 E IllegalStateException: 	at android.os.Handler.dispatchMessage(Handler.java:99)
08-31 17:43:47.730 11379 11379 E IllegalStateException: 	at android.os.Looper.loop(Looper.java:224)
08-31 17:43:47.730 11379 11379 E IllegalStateException: 	at android.app.ActivityThread.main(ActivityThread.java:7042)
08-31 17:43:47.730 11379 11379 E IllegalStateException: 	at java.lang.reflect.Method.invoke(Native Method)
08-31 17:43:47.730 11379 11379 E IllegalStateException: 	at com.android.internal.os.RuntimeInit$MethodAndArgsCaller.run(RuntimeInit.java:536)
08-31 17:43:47.730 11379 11379 E IllegalStateException: 	at com.android.internal.os.ZygoteInit.main(ZygoteInit.java:868)
08-31 17:43:47.730 11379 11379 E IllegalStateException:
08-31 17:43:48.555  1724  2101 E ActivityTrigger: activityResumeTrigger: not whiteListedcom.vivo.upslide/com.vivo.upslide.recents.RecentsActivity/1
08-31 17:43:48.560   694   756 E ANDR-PERF-MPCTL: Invalid profile no. 0, total profiles 0 only
08-31 17:43:48.611   717   805 E         : IProducerListener: malformed binder reply
08-31 17:43:49.228  1724  2178 I chatty  : uid=1000(system) AutobacklightTh identical 20 lines
08-31 17:43:49.440   694   756 E ANDR-PERF-MPCTL: Invalid profile no. 0, total profiles 0 only
08-31 17:43:49.485  1724  9731 E ActivityTrigger: activityResumeTrigger: not whiteListedcom.bbk.launcher2/com.bbk.launcher2.Launcher/90003028
08-31 17:43:49.536  1724  2233 E TaskPersister: File error accessing recents directory (directory doesn't exist?).
08-31 17:43:49.563   717   804 E         : IProducerListener: malformed binder reply
08-31 17:43:49.685   717  2381 E         : IProducerListener: malformed binder reply
08-31 17:43:50.469  4240  4357 E BitmapFactory: Unable to decode stream: java.io.FileNotFoundException: /oem/etc/theme/icons/dynamic_icon/com.vivo.weather/res/drawable-sw360dp-xxhdpi/dynamic_weather_overcast.png (No such file or directory)
08-31 17:43:50.473  4240  4357 E BitmapFactory: Unable to decode stream: java.io.FileNotFoundException: /oem/etc/theme/icons/dynamic_icon/com.vivo.weather/res/drawable-sw360dp-xxhdpi/dynamic_weather_degree.png (No such file or directory)
08-31 17:43:50.474  4240  4357 E BitmapFactory: Unable to decode stream: java.io.FileNotFoundException: /oem/etc/theme/icons/dynamic_icon/com.vivo.weather/res/drawable-sw360dp-xxhdpi/dynamic_weather_minus.png (No such file or directory)
08-31 17:43:57.751   685   883 E qti_sensors_hal: w_orient output WORT -1 79 0
08-31 17:43:57.808   685   883 E qti_sensors_hal: w_orient output WORT -1 81 0
08-31 17:43:57.886   685   883 E qti_sensors_hal: w_orient output WORT -1 82 0
08-31 17:43:57.944   685   883 E qti_sensors_hal: w_orient output WORT -1 84 0
08-31 17:43:58.020   685   883 E qti_sensors_hal: w_orient output WORT -1 85 0
08-31 17:44:00.085  4240  4357 E BitmapFactory: Unable to decode stream: java.io.FileNotFoundException: /oem/etc/theme/icons/dynamic_icon/com.android.BBKClock/res/drawable-sw360dp-xxhdpi/clock_hour.png (No such file or directory)
08-31 17:44:00.086  4240  4357 E BitmapFactory: Unable to decode stream: java.io.FileNotFoundException: /oem/etc/theme/icons/dynamic_icon/com.android.BBKClock/res/drawable-sw360dp-xxhdpi/clock_minute.png (No such file or directory)
08-31 17:44:00.087  4240  4357 E BitmapFactory: Unable to decode stream: java.io.FileNotFoundException: /oem/etc/theme/icons/dynamic_icon/com.android.BBKClock/res/drawable-sw360dp-xxhdpi/clock_dial.png (No such file or directory)
08-31 17:44:00.091  4240  4357 E BitmapFactory: Unable to decode stream: java.io.FileNotFoundException: /oem/etc/theme/icons/dynamic_icon/com.android.BBKClock/res/drawable-sw360dp-xxhdpi/clock_dial_center.png (No such file or directory)
08-31 17:44:07.023 17295 18614 E MSF.C.NetConnTag.true: conn is already closed on readError closeConn socketEngineID: 0 socket hashcode: 0java.lang.Throwable
08-31 17:44:07.023 17295 18614 E MSF.C.NetConnTag.true: 	at com.tencent.mobileqq.msf.core.net.m.b(P:27)
08-31 17:44:07.023 17295 18614 E MSF.C.NetConnTag.true: 	at com.tencent.mobileqq.msf.core.net.m$b.run(P:24)
08-31 17:44:07.023 17295 18614 E SocketReaderNewtrue: socketEngine: 0socket hashCode: 0SocketReader(5003) errorjava.net.SocketException: Socket is closed
08-31 17:44:23.369  1724  6436 E ActivityManager: Sending non-protected broadcast com.vivo.pem.temperature_has_changed from system 2682:com.vivo.pem/1000 pkg com.vivo.pem
08-31 17:44:24.812  1724  2178 I chatty  : uid=1000(system) AutobacklightTh identical 219 lines
08-31 17:44:25.092  1007  1109 E storaged: getDiskStats failed with result NOT_SUPPORTED and size 0
08-31 17:44:37.033 17295 18614 E MSF.C.NetConnTag.true: conn is already closed on readError closeConn socketEngineID: 0 socket hashcode: 0java.lang.Throwable
08-31 17:44:37.033 17295 18614 E MSF.C.NetConnTag.true: 	at com.tencent.mobileqq.msf.core.net.m.b(P:27)
08-31 17:44:37.033 17295 18614 E MSF.C.NetConnTag.true: 	at com.tencent.mobileqq.msf.core.net.m$b.run(P:24)
08-31 17:44:37.034 17295 18614 E SocketReaderNewtrue: socketEngine: 0socket hashCode: 0SocketReader(5003) errorjava.net.SocketException: Socket is closed
08-31 17:44:52.604   685   883 E qti_sensors_hal: w_orient output WORT 0 47 359
08-31 17:44:52.644   694   756 E ANDR-PERF-MPCTL: Invalid profile no. 0, total profiles 0 only
08-31 17:44:52.658   685   883 E qti_sensors_hal: w_orient output WORT 0 48 358
08-31 17:44:52.705   694   756 E ANDR-PERF-MPCTL: Invalid profile no. 0, total profiles 0 only
08-31 17:44:52.715  1724  2363 E ANDR-PERF-JNI: Iop tryGetService failed
08-31 17:44:52.730  1724  2363 E ActivityTrigger: activityStartTrigger: not whiteListedcn.missevan/cn.missevan.activity.SplashActivity/5070300
08-31 17:44:52.731  1724  2363 E ActivityTrigger: activityResumeTrigger: not whiteListedcn.missevan/cn.missevan.activity.SplashActivity/5070300
08-31 17:44:52.735  1724  2023 E BackgroundFallback: initVivoBgFallback callstackcom.android.internal.policy.DecorView.<init>:378 com.android.internal.policy.PhoneWindow.generateDecor:2421 com.android.internal.policy.PhoneWindow.installDecor:2800 com.android.internal.policy.PhoneWindow.getDecorView:2163 com.android.server.policy.PhoneWindowManager.addSplashScreen:4017 com.android.server.wm.SplashScreenStartingData.createStartingSurface:56 com.android.server.wm.AppWindowContainerController$1.run:155 android.os.Handler.handleCallback:873 android.os.Handler.dispatchMessage:99 android.os.Looper.loop:224
08-31 17:44:52.736   685   883 E qti_sensors_hal: w_orient output WORT 0 46 358
08-31 17:44:52.738  1724  2363 E ActivityTrigger: activityResumeTrigger: not whiteListedcn.missevan/cn.missevan.activity.SplashActivity/5070300
08-31 17:44:52.774   717  2381 E         : IProducerListener: malformed binder reply
08-31 17:44:52.793   685   883 E qti_sensors_hal: w_orient output WORT 0 45 358
08-31 17:44:52.871   685   883 E qti_sensors_hal: w_orient output WORT 0 46 358
08-31 17:44:55.001   685   883 E qti_sensors_hal: w_orient output WORT -1 78 0
08-31 17:44:55.059   685   883 E qti_sensors_hal: w_orient output WORT -1 80 0
08-31 17:44:55.136   685   883 E qti_sensors_hal: w_orient output WORT -1 82 0
08-31 17:44:55.195   685   883 E qti_sensors_hal: w_orient output WORT -1 83 0
08-31 17:44:55.272   685   883 E qti_sensors_hal: w_orient output WORT -1 85 0
08-31 17:44:56.048  1724  2178 I chatty  : uid=1000(system) AutobacklightTh identical 192 lines
08-31 17:44:56.313  1724  2233 E TaskPersister: File error accessing recents directory (directory doesn't exist?).
08-31 17:44:56.381 11891 11986 E awcn.GlobalAppRuntimeInfo:   CurrentProcess:cn.missevan TargetProcess:cn.missevan
08-31 17:44:56.385 11891 11986 E awcn.StrategyCenter:  registerListener listener:[]
08-31 17:44:56.396 11891 11986 E awcn.Inet64Util:  startIpStackDetect ip stack:1 detectType:udp_connect
08-31 17:44:56.399 11891 12000 E awcn.SessionCenter: |[seq:[default]] onNetworkStatusChanged. networkStatus:WIFI
08-31 17:44:56.496 11891 11986 E awcn.StrategyCenter:  registerListener listener:[anet.channel.SessionCenter$a@c445ede]
08-31 17:44:56.497 11891 11986 E awcn.Http3ConnDetector:  registerListener http3Enable:false
08-31 17:44:56.497 11891 11986 E awcn.StrategyCenter:  registerListener listener:[anet.channel.SessionCenter$a@c445ede, anet.channel.detect.e@bb838bf]
08-31 17:44:56.498 11891 11986 E awcn.StrategyCenter:  registerListener listener:[anet.channel.SessionCenter$a@c445ede, anet.channel.detect.e@bb838bf, anet.channel.e.c@b6c42d5]
08-31 17:44:56.515 11891 11986 E awcn.TnetSpdySession: |[seq:umeng:546d7dd7fd98c58fc800082c.AWCN1_1] connect host:https://umengacs.m.taobao.com ip:203.119.128.124 port:443 sessionId:1661939096514 SpdyProtocol,:http2_0rtt_acs proxyIp,: proxyPort,:0
08-31 17:44:56.519 11891 11986 E awcn.Session: |[seq:umeng:546d7dd7fd98c58fc800082c.AWCN1_1] notifyStatus status:CONNECTING
08-31 17:44:56.527 11891 11986 E NAccs.MsgDistribute:  distribute ready action:com.taobao.accs.intent.action.RECEIVE dataId: serviceId:
08-31 17:44:56.552 11891 11986 E NAccs.MsgDistribute:  handBroadCastMsg command:1
08-31 17:44:56.672 11891 11997 E awcn.Session: |[seq:umeng:546d7dd7fd98c58fc800082c.AWCN1_1] notifyStatus status:CONNECTED
08-31 17:44:56.673 11891 11997 E NAccs.InAppConn_default:  auth URL:https://umengacs.m.taobao.com/accs/auth?1=Yw2XOaoLvJsDAIIIET1UzMcv&2=cd5f3bf08e614d8b231cb5f3f61614e1dd531ce2e70ff50466533118bb57b035&3=umeng:546d7dd7fd98c58fc800082c&5=1&6=wifi&7=null&8=1.1.2&9=1661939096501&10=1&11=28&12=cn.missevan&13=5.7.3&14=android@umeng&15=vivo+X21A&16=vivo&17=221&19=0&20=
08-31 17:44:56.689 11891 11997 E awcn.TnetSpdySession: |[seq:umeng:546d7dd7fd98c58fc800082c.AWCN1_1] spdySessionConnectCB connect connectTime:149 sslTime:5
08-31 17:44:56.731 11891 11997 E NAccs.InAppConn_default:  auth httpStatusCode:200
08-31 17:44:56.731 11891 11997 E awcn.Session: |[seq:umeng:546d7dd7fd98c58fc800082c.AWCN1_1] notifyStatus status:AUTH_SUCC
08-31 17:44:56.731 11891 12029 E awcn.SessionRequest:  sendConnectInfoToAccsByService
08-31 17:44:56.740 11891 12029 E awcn.SessionRequest:  sendConnectInfoToAccsByCallBack
08-31 17:44:56.741 11891 12000 E NAccs.InAppConn_default:  onConnectionChanged currentHost:https://umengacs.m.taobao.com changeHost:https://umengacs.m.taobao.com state:true
08-31 17:44:56.925 11891 11891 E YZSDK   : ----->isDebug = false
08-31 17:44:57.004 11891 11946 E Storages: [DefaultDispatcher-worker-4] VideoCache is empty!
08-31 17:44:57.006 11891 11946 E Storages: [DefaultDispatcher-worker-4] AudioSingleCache is empty!
08-31 17:44:57.010 11891 11946 E Storages: [DefaultDispatcher-worker-4] BBPlayerCache is empty!
08-31 17:44:57.011 11891 11946 E Storages: [DefaultDispatcher-worker-4] BBPlayerAlphaVideo is empty!
08-31 17:44:57.122 11891 11891 E FileNotFoundException: [main] java.io.FileNotFoundException: /system/build.prop (Permission denied)
08-31 17:44:57.122 11891 11891 E FileNotFoundException: 	at java.io.FileInputStream.open0(Native Method)
08-31 17:44:57.122 11891 11891 E FileNotFoundException: 	at java.io.FileInputStream.open(FileInputStream.java:231)
08-31 17:44:57.122 11891 11891 E FileNotFoundException: 	at java.io.FileInputStream.<init>(FileInputStream.java:165)
08-31 17:44:57.122 11891 11891 E FileNotFoundException: 	at cn.missevan.library.util.DeviceHelper.<clinit>(SourceFile:46)
08-31 17:44:57.122 11891 11891 E FileNotFoundException: 	at cn.missevan.library.util.DeviceHelper.isZTKC2016(SourceFile:182)
08-31 17:44:57.122 11891 11891 E FileNotFoundException: 	at cn.missevan.library.util.StatusBarUtils.setStatusBarLightMode(SourceFile:152)
08-31 17:44:57.122 11891 11891 E FileNotFoundException: 	at cn.missevan.library.util.StatusBarUtils.setStatusAndNavigationBarLightMode(SourceFile:138)
08-31 17:44:57.122 11891 11891 E FileNotFoundException: 	at cn.missevan.activity.SplashActivity.eX(SourceFile:93)
08-31 17:44:57.122 11891 11891 E FileNotFoundException: 	at cn.missevan.activity.SplashActivity.onCreate(SourceFile:36)
08-31 17:44:57.122 11891 11891 E FileNotFoundException: 	at android.app.Activity.performCreate(Activity.java:7248)
08-31 17:44:57.122 11891 11891 E FileNotFoundException: 	at android.app.Activity.performCreate(Activity.java:7239)
08-31 17:44:57.122 11891 11891 E FileNotFoundException: 	at android.app.Instrumentation.callActivityOnCreate(Instrumentation.java:1275)
08-31 17:44:57.122 11891 11891 E FileNotFoundException: 	at android.app.ActivityThread.performLaunchActivity(ActivityThread.java:3111)
08-31 17:44:57.122 11891 11891 E FileNotFoundException: 	at android.app.ActivityThread.handleLaunchActivity(ActivityThread.java:3266)
08-31 17:44:57.122 11891 11891 E FileNotFoundException: 	at android.app.servertransaction.LaunchActivityItem.execute(LaunchActivityItem.java:78)
08-31 17:44:57.122 11891 11891 E FileNotFoundException: 	at android.app.servertransaction.TransactionExecutor.executeCallbacks(TransactionExecutor.java:108)
08-31 17:44:57.122 11891 11891 E FileNotFoundException: 	at android.app.servertransaction.TransactionExecutor.execute(TransactionExecutor.java:68)
08-31 17:44:57.122 11891 11891 E FileNotFoundException: 	at android.app.ActivityThread$H.handleMessage(ActivityThread.java:2009)
08-31 17:44:57.122 11891 11891 E FileNotFoundException: 	at com.didichuxing.doraemonkit.kit.timecounter.instrumentation.ProxyHandlerCallback.handleMessage(SourceFile:44)
08-31 17:44:57.122 11891 11891 E FileNotFoundException: 	at android.os.Handler.dispatchMessage(Handler.java:102)
08-31 17:44:57.122 11891 11891 E FileNotFoundException: 	at android.os.Looper.loop(Looper.java:224)
08-31 17:44:57.122 11891 11891 E FileNotFoundException: 	at android.app.ActivityThread.main(ActivityThread.java:7042)
08-31 17:44:57.122 11891 11891 E FileNotFoundException: 	at java.lang.reflect.Method.invoke(Native Method)
08-31 17:44:57.122 11891 11891 E FileNotFoundException: 	at com.android.internal.os.RuntimeInit$MethodAndArgsCaller.run(RuntimeInit.java:536)
08-31 17:44:57.122 11891 11891 E FileNotFoundException: 	at com.android.internal.os.ZygoteInit.main(ZygoteInit.java:868)
08-31 17:44:57.122 11891 11891 E FileNotFoundException:
08-31 17:44:57.176  1724  2655 E ActivityTrigger: activityStartTrigger: not whiteListedcn.missevan/cn.missevan.activity.MainActivity/5070300
08-31 17:44:57.178  1724  2655 E ActivityTrigger: activityResumeTrigger: not whiteListedcn.missevan/cn.missevan.activity.MainActivity/5070300
08-31 17:44:57.270  1724  2892 E ActivityTrigger: activityResumeTrigger: not whiteListedcn.missevan/cn.missevan.activity.MainActivity/5070300
08-31 17:44:57.359 11891 12083 E NAccs.InAppConn_default:  sendMessage start dataId:1661939097345.3 type:DATA
08-31 17:44:57.367 11891 12079 E NAccs.HuaWeiRegister:  register checkDevice false
08-31 17:44:57.369 11891 12083 E awcn.TnetSpdySession: |[seq:umeng:546d7dd7fd98c58fc800082c.AWCN1_1] sendCustomFrame dataId:3 type:200
08-31 17:44:57.370 11891 12083 E NAccs.InAppConn_default:  sendMessage end dataId:1661939097345.3 status:true
08-31 17:44:57.397 11891 12079 E mcssdk---: MCS-->isExistPackage NameNotFoundException:com.coloros.mcs
08-31 17:44:57.408 11891 11997 E awcn.TnetSpdySession: |[seq:umeng:546d7dd7fd98c58fc800082c.AWCN1_1] [spdyCustomControlFrameRecvCallback] len:138 frameCb:com.taobao.accs.net.k@2b2874c
08-31 17:44:57.409 11891 11997 E awcn.TnetSpdySession: |[seq:umeng:546d7dd7fd98c58fc800082c.AWCN1_1] str:20 40 0 86 0 84 e0 0 33 59 77 32 58 4f 61 6f 4c 76 4a 73 44 41 49 49 49 45 54 31 55 7a 4d 63 76 7c 63 6e 2e 6d 69 73 73 65 76 61 6e 7c 41 67 6f 6f 44 65 76 69 63 65 43 6d 64 7c 10 32 7c 41 67 6f 6f 44 65 76 69 63 65 43 6d 64 7c f 31 36 36 31 39 33 39 30 39 37 33 34 35 2e 33 0 0 7b 22 72 65 73 75 6c 74 43 6f 64 65 22 3a 22 73 75 63 63 65 73 73 22 2c 22 63 6d 64 22 3a 22 65 6e 61 62 6c 65 50 75 73 68 22 7d
08-31 17:44:57.409 11891 11997 E NAccs.InAppConn_default:  onDataReceive type:200 dataid:-1
08-31 17:44:57.411 11891 11987 E NAccs.MsgRecv_default:  handleMessage dataId:1661939097345.3 type:DATA reqType:RES resType:NO_ACK target:Yw2XOaoLvJsDAIIIET1UzMcv|cn.missevan|AgooDeviceCmd|
08-31 17:44:57.412 11891 11987 E NAccs.MsgDistribute:  distribute ready action:com.taobao.accs.intent.action.RECEIVE dataId:1661939097345.3 serviceId:AgooDeviceCmd
08-31 17:44:57.413 11891 11987 E NAccs.MsgDistribute:  handleBusinessMsg start dataId:1661939097345.3 serviceId:AgooDeviceCmd command:100 t1:0 t2:0 t3:0 t4:0 t5:0 t6:0
08-31 17:44:57.413 11891 11987 E NAccs.MsgDistribute:  handleBusinessMsg start dataId:1661939097345.3 serviceId:AgooDeviceCmd command:100
08-31 17:44:57.413 11891 11987 E NAccs.MsgDistribute:  handleBusinessMsg getListener not null
08-31 17:44:57.413 11891 11987 E NAccs.a :  onReceiveData dataId:1661939097345.3 serviceId:AgooDeviceCmd command:100 className:com.taobao.agoo.a.b
08-31 17:44:57.494 11891 11891 E NowPlayingFragmentVM: [main] New NowPlayingViewModel instance
08-31 17:44:57.979  1724  2178 I chatty  : uid=1000(system) AutobacklightTh identical 10 lines
08-31 17:44:58.175  1724  2892 E WindowManager: App trying to use insecure INPUT_FEATURE_NO_INPUT_CHANNEL flag. Ignoring
08-31 17:44:58.193 11891 11891 E NAccs.MsgDistribute:  distribMessage dataId:
08-31 17:44:58.194 11891 11987 E NAccs.MsgDistribute:  distribute ready action:com.taobao.accs.intent.action.RECEIVE dataId: serviceId:
08-31 17:44:58.194 11891 11987 E NAccs.MsgDistribute:  handBroadCastMsg command:103
08-31 17:44:58.196 11891 11891 E NAccs.a :  onResponse start dataId:1661939097345.3 serviceId:AgooDeviceCmd
08-31 17:44:58.208 11891 11891 E NAccs.a :  onResponse end dataId:1661939097345.3
08-31 17:44:58.435   717   804 E         : IProducerListener: malformed binder reply
08-31 17:44:58.592 11891 11891 E libc    : Access denied finding property "persist.vendor.radio.msim.stackid_0"
08-31 17:44:58.597 11891 11891 E SecurityException: [main] java.lang.SecurityException: getImeiForSlot
08-31 17:44:58.597 11891 11891 E SecurityException: 	at android.os.Parcel.createException(Parcel.java:1950)
08-31 17:44:58.597 11891 11891 E SecurityException: 	at android.os.Parcel.readException(Parcel.java:1918)
08-31 17:44:58.597 11891 11891 E SecurityException: 	at android.os.Parcel.readException(Parcel.java:1868)
08-31 17:44:58.597 11891 11891 E SecurityException: 	at com.android.internal.telephony.ITelephony$Stub$Proxy.getImeiForSlot(ITelephony.java:5514)
08-31 17:44:58.597 11891 11891 E SecurityException: 	at android.telephony.TelephonyManager.getImei(TelephonyManager.java:1331)
08-31 17:44:58.597 11891 11891 E SecurityException: 	at cn.missevan.lib.utils.t.i(SourceFile:294)
08-31 17:44:58.597 11891 11891 E SecurityException: 	at cn.missevan.lib.utils.s.getImei(SourceFile:102)
08-31 17:44:58.597 11891 11891 E SecurityException: 	at cn.missevan.library.baseapp.BaseApplication.getImei(SourceFile:725)
08-31 17:44:58.597 11891 11891 E SecurityException: 	at cn.missevan.library.statistics.StatisticsTable.getDeviceId(SourceFile:186)
08-31 17:44:58.597 11891 11891 E SecurityException: 	at java.lang.reflect.Method.invoke(Native Method)
08-31 17:44:58.597 11891 11891 E SecurityException: 	at com.alibaba.fastjson.util.FieldInfo.get(SourceFile:571)
08-31 17:44:58.597 11891 11891 E SecurityException: 	at com.alibaba.fastjson.serializer.FieldSerializer.getPropertyValueDirect(SourceFile:143)
08-31 17:44:58.597 11891 11891 E SecurityException: 	at com.alibaba.fastjson.serializer.JavaBeanSerializer.write(SourceFile:284)
08-31 17:44:58.597 11891 11891 E SecurityException: 	at com.alibaba.fastjson.serializer.JavaBeanSerializer.write(SourceFile:154)
08-31 17:44:58.597 11891 11891 E SecurityException: 	at com.alibaba.fastjson.serializer.ListSerializer.write(SourceFile:135)
08-31 17:44:58.597 11891 11891 E SecurityException: 	at com.alibaba.fastjson.serializer.JSONSerializer.write(SourceFile:312)
08-31 17:44:58.597 11891 11891 E SecurityException: 	at com.alibaba.fastjson.JSON.toJSONString(SourceFile:793)
08-31 17:44:58.597 11891 11891 E SecurityException: 	at com.alibaba.fastjson.JSON.toJSONString(SourceFile:731)
08-31 17:44:58.597 11891 11891 E SecurityException: 	at com.alibaba.fastjson.JSON.toJSONString(SourceFile:688)
08-31 17:44:58.597 11891 11891 E SecurityException: 	at cn.missevan.play.hook.StatisticsCommonImpl.buildBody(SourceFile:110)
08-31 17:44:58.597 11891 11891 E SecurityException: 	at cn.missevan.play.hook.StatisticsCommonImpl.sendLog(SourceFile:78)
08-31 17:44:58.597 11891 11891 E SecurityException: 	at cn.missevan.play.hook.AbsStatistics.sendRequestDatas(SourceFile:96)
08-31 17:44:58.597 11891 11891 E SecurityException: 	at cn.missevan.play.hook.StatisticsCommonImpl.lambda$reportData$1$StatisticsCommonImpl(SourceFile:69)
08-31 17:44:58.597 11891 11891 E SecurityException: 	at cn.missevan.play.hook.-$$Lambda$StatisticsCommonImpl$1ihaZTd5OL23Up_e7q_C9AiHJ0Q.accept(Unknown Source:4)
08-31 17:44:58.597 11891 11891 E SecurityException: 	at io.a.g.d.u.onNext(SourceFile:63)
08-31 17:44:58.597 11891 11891 E SecurityException: 	at io.a.g.e.e.cd$a.ccg(SourceFile:201)
08-31 17:44:58.597 11891 11891 E SecurityException: 	at io.a.g.e.e.cd$a.run(SourceFile:255)
08-31 17:44:58.597 11891 11891 E SecurityException: 	at io.a.a.b.b$b.run(SourceFile:124)
08-31 17:44:58.597 11891 11891 E SecurityException: 	at android.os.Handler.handleCallback(Handler.java:873)
08-31 17:44:58.597 11891 11891 E SecurityException: 	at android.os.Handler.dispatchMessage(Handler.java:99)
08-31 17:44:58.597 11891 11891 E SecurityException: 	at android.os.Looper.loop(Looper.java:224)
08-31 17:44:58.597 11891 11891 E SecurityException: 	at android.app.ActivityThread.main(ActivityThread.java:7042)
08-31 17:44:58.597 11891 11891 E SecurityException: 	at java.lang.reflect.Method.invoke(Native Method)
08-31 17:44:58.597 11891 11891 E SecurityException: 	at com.android.internal.os.RuntimeInit$MethodAndArgsCaller.run(RuntimeInit.java:536)
08-31 17:44:58.597 11891 11891 E SecurityException: 	at com.android.internal.os.ZygoteInit.main(ZygoteInit.java:868)
08-31 17:44:58.597 11891 11891 E SecurityException:
08-31 17:44:59.607 11891 11891 E MissEvanHotfixReporterImpl: [main] report: description: patch not need to update, internal_version: 5070300, result_code: 10108, patch_md5: none, process_name: cn.missevan, manufacturer: vivo, env: prod,
08-31 17:45:00.060  4240  4357 E BitmapFactory: Unable to decode stream: java.io.FileNotFoundException: /oem/etc/theme/icons/dynamic_icon/com.android.BBKClock/res/drawable-sw360dp-xxhdpi/clock_hour.png (No such file or directory)
08-31 17:45:00.061  4240  4357 E BitmapFactory: Unable to decode stream: java.io.FileNotFoundException: /oem/etc/theme/icons/dynamic_icon/com.android.BBKClock/res/drawable-sw360dp-xxhdpi/clock_minute.png (No such file or directory)
08-31 17:45:00.062  4240  4357 E BitmapFactory: Unable to decode stream: java.io.FileNotFoundException: /oem/etc/theme/icons/dynamic_icon/com.android.BBKClock/res/drawable-sw360dp-xxhdpi/clock_dial.png (No such file or directory)
08-31 17:45:00.065  4240  4357 E BitmapFactory: Unable to decode stream: java.io.FileNotFoundException: /oem/etc/theme/icons/dynamic_icon/com.android.BBKClock/res/drawable-sw360dp-xxhdpi/clock_dial_center.png (No such file or directory)
08-31 17:45:00.393  1724  2178 I chatty  : uid=1000(system) AutobacklightTh identical 13 lines
08-31 17:45:00.707  1724  2233 E TaskPersister: File error accessing recents directory (directory doesn't exist?).
08-31 17:45:01.319 11891 11956 E cn.missevan: Invalid ID 0x00000000.
08-31 17:45:01.776   717   933 E         : IProducerListener: malformed binder reply
08-31 17:45:02.454 11891 11891 E IllegalStateException: [main] java.lang.IllegalStateException: FragmentManager is already executing transactions
08-31 17:45:02.454 11891 11891 E IllegalStateException: 	at androidx.fragment.app.FragmentManager.ensureExecReady(SourceFile:1586)
08-31 17:45:02.454 11891 11891 E IllegalStateException: 	at androidx.fragment.app.FragmentManager.execSingleAction(SourceFile:1616)
08-31 17:45:02.454 11891 11891 E IllegalStateException: 	at androidx.fragment.app.BackStackRecord.commitNow(SourceFile:317)
08-31 17:45:02.454 11891 11891 E IllegalStateException: 	at com.tbruyelle.rxpermissions2.c.e(SourceFile:77)
08-31 17:45:02.454 11891 11891 E IllegalStateException: 	at com.tbruyelle.rxpermissions2.c.a(SourceFile:36)
08-31 17:45:02.454 11891 11891 E IllegalStateException: 	at com.tbruyelle.rxpermissions2.c$1.bTZ(SourceFile:61)
08-31 17:45:02.454 11891 11891 E IllegalStateException: 	at com.tbruyelle.rxpermissions2.c$1.get(SourceFile:54)
08-31 17:45:02.454 11891 11891 E IllegalStateException: 	at com.tbruyelle.rxpermissions2.c.F(SourceFile:211)
08-31 17:45:02.454 11891 11891 E IllegalStateException: 	at com.tbruyelle.rxpermissions2.c.a(SourceFile:200)
08-31 17:45:02.454 11891 11891 E IllegalStateException: 	at com.tbruyelle.rxpermissions2.c.a(SourceFile:36)
08-31 17:45:02.454 11891 11891 E IllegalStateException: 	at com.tbruyelle.rxpermissions2.c$2.apply(SourceFile:102)
08-31 17:45:02.454 11891 11891 E IllegalStateException: 	at io.a.ab.compose(SourceFile:6418)
08-31 17:45:02.454 11891 11891 E IllegalStateException: 	at com.tbruyelle.rxpermissions2.c.C(SourceFile:176)
08-31 17:45:02.454 11891 11891 E IllegalStateException: 	at cn.missevan.utils.PermissionChecker.requestPermissionsInnerCall(SourceFile:558)
08-31 17:45:02.454 11891 11891 E IllegalStateException: 	at cn.missevan.utils.PermissionChecker.requestPermission(SourceFile:478)
08-31 17:45:02.454 11891 11891 E IllegalStateException: 	at cn.missevan.utils.PermissionChecker.requestExternalFilePermission(SourceFile:360)
08-31 17:45:02.454 11891 11891 E IllegalStateException: 	at cn.missevan.utils.PermissionChecker.requestExternalFilePermission(SourceFile:348)
08-31 17:45:02.454 11891 11891 E IllegalStateException: 	at cn.missevan.utils.PermissionChecker.requestExternalFilePermission(SourceFile:341)
08-31 17:45:02.454 11891 11891 E IllegalStateException: 	at cn.missevan.view.fragment.main.HomeFragment.initView(SourceFile:413)
08-31 17:45:02.454 11891 11891 E IllegalStateException: 	at cn.missevan.library.fragment.BaseMainFragment.onCreateView(SourceFile:69)
08-31 17:45:02.454 11891 11891 E IllegalStateException: 	at androidx.fragment.app.Fragment.performCreateView(SourceFile:2961)
08-31 17:45:02.454 11891 11891 E IllegalStateException: 	at androidx.fragment.app.FragmentStateManager.createView(SourceFile:504)
08-31 17:45:02.454 11891 11891 E IllegalStateException: 	at androidx.fragment.app.FragmentStateManager.moveToExpectedState(SourceFile:259)
08-31 17:45:02.454 11891 11891 E IllegalStateException: 	at androidx.fragment.app.FragmentManager.executeOpsTogether(SourceFile:1790)
08-31 17:45:02.454 11891 11891 E IllegalStateException: 	at androidx.fragment.app.FragmentManager.removeRedundantOperationsAndExecute(SourceFile:1708)
08-31 17:45:02.454 11891 11891 E IllegalStateException: 	at androidx.fragment.app.FragmentManager.execPendingActions(SourceFile:1651)
08-31 17:45:02.454 11891 11891 E IllegalStateException: 	at androidx.fragment.app.FragmentManager$4.run(SourceFile:485)
08-31 17:45:02.454 11891 11891 E IllegalStateException: 	at android.os.Handler.handleCallback(Handler.java:873)
08-31 17:45:02.454 11891 11891 E IllegalStateException: 	at android.os.Handler.dispatchMessage(Handler.java:99)
08-31 17:45:02.454 11891 11891 E IllegalStateException: 	at android.os.Looper.loop(Looper.java:224)
08-31 17:45:02.454 11891 11891 E IllegalStateException: 	at android.app.ActivityThread.main(ActivityThread.java:7042)
08-31 17:45:02.454 11891 11891 E IllegalStateException: 	at java.lang.reflect.Method.invoke(Native Method)
08-31 17:45:02.454 11891 11891 E IllegalStateException: 	at com.android.internal.os.RuntimeInit$MethodAndArgsCaller.run(RuntimeInit.java:536)
08-31 17:45:02.454 11891 11891 E IllegalStateException: 	at com.android.internal.os.ZygoteInit.main(ZygoteInit.java:868)
08-31 17:45:02.454 11891 11891 E IllegalStateException:
08-31 17:45:05.409 11891 11891 E BLOG    : [main] 
08-31 17:45:05.986 11891 11891 E cn.missevan: No package ID ff found for ID 0xffffffff.
08-31 17:45:06.056 11891 11891 I chatty  : uid=10598(cn.missevan) identical 8 lines
08-31 17:45:06.057 11891 11891 E cn.missevan: No package ID ff found for ID 0xffffffff.
08-31 17:45:06.317 11891 11891 E ThemeUtils: View class skin.support.widget.SkinCompatImageView is an AppCompat widget that can only be used with a Theme.AppCompat theme (or descendant).
08-31 17:45:06.320 11891 11891 E ThemeUtils: View class skin.support.widget.SkinCompatTextView is an AppCompat widget that can only be used with a Theme.AppCompat theme (or descendant).
08-31 17:45:07.039 17295 18614 E MSF.C.NetConnTag.true: conn is already closed on readError closeConn socketEngineID: 0 socket hashcode: 0java.lang.Throwable
08-31 17:45:07.039 17295 18614 E MSF.C.NetConnTag.true: 	at com.tencent.mobileqq.msf.core.net.m.b(P:27)
08-31 17:45:07.039 17295 18614 E MSF.C.NetConnTag.true: 	at com.tencent.mobileqq.msf.core.net.m$b.run(P:24)
08-31 17:45:07.039 17295 18614 E SocketReaderNewtrue: socketEngine: 0socket hashCode: 0SocketReader(5003) errorjava.net.SocketException: Socket is closed
08-31 17:45:07.461 11891 11987 E NAccs.ACCSMgrImpl_default:  sendMessage dataId:1661939107461.4
08-31 17:45:07.463 11891 12083 E NAccs.InAppConn_default:  sendMessage start dataId:1661939107461.4 type:DATA
08-31 17:45:07.465 11891 12083 E awcn.TnetSpdySession: |[seq:umeng:546d7dd7fd98c58fc800082c.AWCN1_1] sendCustomFrame dataId:4 type:200
08-31 17:45:07.465 11891 12083 E NAccs.InAppConn_default:  sendMessage end dataId:1661939107461.4 status:true
08-31 17:45:07.519 11891 11997 E awcn.TnetSpdySession: |[seq:umeng:546d7dd7fd98c58fc800082c.AWCN1_1] [spdyCustomControlFrameRecvCallback] len:99 frameCb:com.taobao.accs.net.k@2b2874c
08-31 17:45:07.520 11891 11997 E awcn.TnetSpdySession: |[seq:umeng:546d7dd7fd98c58fc800082c.AWCN1_1] str:20 40 0 5f 0 5d a0 0 35 59 77 32 58 4f 61 6f 4c 76 4a 73 44 41 49 49 49 45 54 31 55 7a 4d 63 76 7c 63 6e 2e 6d 69 73 73 65 76 61 6e 7c 61 67 6f 6f 54 6f 6b 65 6e 52 65 70 6f 72 74 7c 12 32 7c 61 67 6f 6f 54 6f 6b 65 6e 52 65 70 6f 72 74 7c f 31 36 36 31 39 33 39 31 30 37 34 36 31 2e 34 0 0
08-31 17:45:07.520 11891 11997 E NAccs.InAppConn_default:  onDataReceive type:200 dataid:-1
08-31 17:45:07.521 11891 11987 E NAccs.MsgRecv_default:  handleMessage dataId:1661939107461.4 type:DATA reqType:ACK resType:NO_ACK target:Yw2XOaoLvJsDAIIIET1UzMcv|cn.missevan|agooTokenReport|
08-31 17:45:07.522 11891 11987 E NAccs.MsgDistribute:  distribute ready action:com.taobao.accs.intent.action.RECEIVE dataId:1661939107461.4 serviceId:agooTokenReport
08-31 17:45:07.522 11891 11987 E NAccs.MsgDistribute:  handleBusinessMsg start dataId:1661939107461.4 serviceId:agooTokenReport command:100 t1:0 t2:0 t3:0 t4:0 t5:0 t6:0
08-31 17:45:07.523 11891 11987 E NAccs.MsgDistribute:  handleBusinessMsg start dataId:1661939107461.4 serviceId:agooTokenReport command:100
08-31 17:45:07.523 11891 11987 E NAccs.MsgDistribute:  handleBusinessMsg to start service className:org.android.agoo.accs.AgooService
08-31 17:45:07.584 11891 11987 E NAccs.a :  onReceiveData dataId:1661939107461.4 serviceId:agooTokenReport command:100 className:org.android.agoo.accs.AgooService
08-31 17:45:07.584 11891 11891 E NAccs.a :  onSendData start dataId:1661939107461.4 serviceId:agooTokenReport
08-31 17:45:07.585 11891 11891 E NAccs.a :  onSendData end dataId:1661939107461.4
08-31 17:45:07.873   694   756 E ANDR-PERF-MPCTL: Invalid profile no. 0, total profiles 0 only
08-31 17:45:10.480 12404 12462 E awcn.GlobalAppRuntimeInfo:   CurrentProcess:cn.missevan:channel TargetProcess:cn.missevan
08-31 17:45:10.483 12404 12462 E awcn.StrategyCenter:  registerListener listener:[]
