08-31 17:45:10.494 12404 12462 E awcn.Inet64Util:  startIpStackDetect ip stack:1 detectType:udp_connect
08-31 17:45:10.498 12404 12473 E awcn.SessionCenter: |[seq:[default]] onNetworkStatusChanged. networkStatus:WIFI
08-31 17:45:10.582 12404 12462 E awcn.StrategyCenter:  registerListener listener:[anet.channel.SessionCenter$a@1cc4cd2]
08-31 17:45:10.885   694   756 E ANDR-PERF-MPCTL: Invalid profile no. 0, total profiles 0 only
08-31 17:45:13.893   694   756 E ANDR-PERF-MPCTL: Invalid profile no. 0, total profiles 0 only
08-31 17:45:15.621 12404 12476 E NAccs.SilenceConn_default:  connect ip:203.119.205.127 port:80
08-31 17:45:15.622 12404 12476 E NAccs.SilenceConn_default:  connect ip:203.119.128.3 port:80
08-31 17:45:15.622 12404 12476 E NAccs.SilenceConn_default:  connect ip:203.119.205.127 port:443
08-31 17:45:15.622 12404 12476 E NAccs.SilenceConn_default:  connect ip:203.119.128.3 port:443
08-31 17:45:15.622 12404 12476 E NAccs.SilenceConn_default:  connect from amdc succ ip:203.119.205.127 port:80 originPos:0
08-31 17:45:15.622 12404 12476 E NAccs.SilenceConn_default:  connect URL:https://203.119.205.127:80/accs/
08-31 17:45:15.625 12404 12476 E NAccs.SilenceConn_default:  notifyStatus start status:CONNECTING
08-31 17:45:15.625 12404 12476 E NAccs.SilenceConn_default:  connect normal
08-31 17:45:15.692 12404 12470 E NAccs.SilenceConn_default:  spdySessionConnectCB sessionConnectInterval:55 sslTime:1 reuse:0
08-31 17:45:15.699 12404 12470 E NAccs.SilenceConn_default:  auth url:https://203.119.205.127:80/accs/auth?1=Yw2XOaoLvJsDAIIIET1UzMcv&2=cd5f3bf08e614d8b231cb5f3f61614e1dd531ce2e70ff50466533118bb57b035&3=umeng:546d7dd7fd98c58fc800082c&5=0&6=wifi&7=null&8=221&9=1661939115698&10=1&11=28&12=cn.missevan&13=5.7.3&14=android@umeng&15=vivo+X21A&16=vivo&17=221&19=0&20=
08-31 17:45:15.751 12404 12470 E NAccs.SilenceConn_default:  spdyOnStreamResponse httpStatusCode:200
08-31 17:45:15.752 12404 12470 E NAccs.SilenceConn_default:  notifyStatus start status:CONNECTED
08-31 17:45:16.904   694   756 E ANDR-PERF-MPCTL: Invalid profile no. 0, total profiles 0 only
08-31 17:45:24.863  1724  2178 I chatty  : uid=1000(system) AutobacklightTh identical 150 lines
08-31 17:45:25.093  1007  1109 E storaged: getDiskStats failed with result NOT_SUPPORTED and size 0
08-31 17:45:34.970   694   756 E ANDR-PERF-MPCTL: Invalid profile no. 0, total profiles 0 only
08-31 17:45:37.050 17295 18614 E MSF.C.NetConnTag.true: conn is already closed on readError closeConn socketEngineID: 0 socket hashcode: 0java.lang.Throwable
08-31 17:45:37.050 17295 18614 E MSF.C.NetConnTag.true: 	at com.tencent.mobileqq.msf.core.net.m.b(P:27)
08-31 17:45:37.050 17295 18614 E MSF.C.NetConnTag.true: 	at com.tencent.mobileqq.msf.core.net.m$b.run(P:24)
08-31 17:45:37.050 17295 18614 E SocketReaderNewtrue: socketEngine: 0socket hashCode: 0SocketReader(5003) errorjava.net.SocketException: Socket is closed
08-31 17:45:37.984   694   756 E ANDR-PERF-MPCTL: Invalid profile no. 0, total profiles 0 only
08-31 17:45:47.032   694   756 E ANDR-PERF-MPCTL: Invalid profile no. 0, total profiles 0 only
08-31 17:45:47.900 18939 19538 E memtrack: Couldn't load memtrack module
08-31 17:45:50.037   694   756 E ANDR-PERF-MPCTL: Invalid profile no. 0, total profiles 0 only
08-31 17:45:50.548  2682  3066 E PowerMonitor: exception In sysProcTransDectect java.lang.NoSuchMethodException: vivoGetNetworkStatsUidDetailWithPackInfo [int]
08-31 17:45:50.556  1724  9731 E ActivityManager: Sending non-protected broadcast action.topinfo from system 2682:com.vivo.pem/1000 pkg com.vivo.pem
08-31 17:45:50.559  1724  9731 E ActivityManager: Sending non-protected broadcast action.topinfo from system 2682:com.vivo.pem/1000 pkg com.vivo.pem
08-31 17:45:53.048   694   756 E ANDR-PERF-MPCTL: Invalid profile no. 0, total profiles 0 only
08-31 17:45:59.069   694   756 E ANDR-PERF-MPCTL: Invalid profile no. 0, total profiles 0 only
08-31 17:46:00.087  4240  4357 E BitmapFactory: Unable to decode stream: java.io.FileNotFoundException: /oem/etc/theme/icons/dynamic_icon/com.android.BBKClock/res/drawable-sw360dp-xxhdpi/clock_hour.png (No such file or directory)
08-31 17:46:00.100  4240  4357 E BitmapFactory: Unable to decode stream: java.io.FileNotFoundException: /oem/etc/theme/icons/dynamic_icon/com.android.BBKClock/res/drawable-sw360dp-xxhdpi/clock_minute.png (No such file or directory)
08-31 17:46:00.106  4240  4357 E BitmapFactory: Unable to decode stream: java.io.FileNotFoundException: /oem/etc/theme/icons/dynamic_icon/com.android.BBKClock/res/drawable-sw360dp-xxhdpi/clock_dial.png (No such file or directory)
08-31 17:46:00.109  4240  4357 E BitmapFactory: Unable to decode stream: java.io.FileNotFoundException: /oem/etc/theme/icons/dynamic_icon/com.android.BBKClock/res/drawable-sw360dp-xxhdpi/clock_dial_center.png (No such file or directory)
08-31 17:46:02.079   694   756 E ANDR-PERF-MPCTL: Invalid profile no. 0, total profiles 0 only
08-31 17:46:05.086   694   756 E ANDR-PERF-MPCTL: Invalid profile no. 0, total profiles 0 only
08-31 17:46:07.059 17295 18614 E MSF.C.NetConnTag.true: conn is already closed on readError closeConn socketEngineID: 0 socket hashcode: 0java.lang.Throwable
08-31 17:46:07.059 17295 18614 E MSF.C.NetConnTag.true: 	at com.tencent.mobileqq.msf.core.net.m.b(P:27)
08-31 17:46:07.059 17295 18614 E MSF.C.NetConnTag.true: 	at com.tencent.mobileqq.msf.core.net.m$b.run(P:24)
08-31 17:46:07.060 17295 18614 E SocketReaderNewtrue: socketEngine: 0socket hashCode: 0SocketReader(5003) errorjava.net.SocketException: Socket is closed
08-31 17:46:08.093   694   756 E ANDR-PERF-MPCTL: Invalid profile no. 0, total profiles 0 only
08-31 17:46:14.128   694   756 E ANDR-PERF-MPCTL: Invalid profile no. 0, total profiles 0 only
08-31 17:46:15.137   685   883 E qti_sensors_hal: w_orient output WORT 0 49 3
08-31 17:46:15.215   685   883 E qti_sensors_hal: w_orient output WORT 0 48 3
08-31 17:46:15.409   685   883 E qti_sensors_hal: w_orient output WORT 0 48 3
08-31 17:46:15.471 18581 18794 E memtrack: Couldn't load memtrack module
08-31 17:46:17.144   694   756 E ANDR-PERF-MPCTL: Invalid profile no. 0, total profiles 0 only
08-31 17:46:19.595  1724  2178 I chatty  : uid=1000(system) AutobacklightTh identical 338 lines
08-31 17:46:19.673 28096 28096 E adbd    : Invalid base64 key  in /data/misc/adb/adb_keys
08-31 17:46:19.717   694   756 E ANDR-PERF-MPCTL: Invalid profile no. 0, total profiles 0 only
08-31 17:46:19.720  1724  1876 E ANDR-PERF-JNI: Iop tryGetService failed
08-31 17:46:19.828  1724  2881 E WindowManager: App trying to use insecure INPUT_FEATURE_NO_INPUT_CHANNEL flag. Ignoring
08-31 17:46:19.850   717   933 E         : IProducerListener: malformed binder reply
08-31 17:46:22.032  1724  3997 E ActivityTrigger: activityResumeTrigger: not whiteListedcn.missevan/cn.missevan.activity.MainActivity/5070300
08-31 17:46:22.034   694   756 E ANDR-PERF-MPCTL: Invalid profile no. 0, total profiles 0 only
08-31 17:46:22.419  1724  2892 E ActivityTrigger: activityStartTrigger: not whiteListedio.appium.settings/io.appium.settings.Settings/27
08-31 17:46:22.420  1724  2892 E ActivityTrigger: activityResumeTrigger: not whiteListedio.appium.settings/io.appium.settings.Settings/27
08-31 17:46:22.428  1724  2023 E BackgroundFallback: initVivoBgFallback callstackcom.android.internal.policy.DecorView.<init>:378 com.android.internal.policy.PhoneWindow.generateDecor:2421 com.android.internal.policy.PhoneWindow.installDecor:2800 com.android.internal.policy.PhoneWindow.getDecorView:2163 com.android.server.policy.PhoneWindowManager.addSplashScreen:4017 com.android.server.wm.SplashScreenStartingData.createStartingSurface:56 com.android.server.wm.AppWindowContainerController$1.run:155 android.os.Handler.handleCallback:873 android.os.Handler.dispatchMessage:99 android.os.Looper.loop:224
08-31 17:46:22.469   717  2381 E         : IProducerListener: malformed binder reply
08-31 17:46:22.499  1724  9731 E ActivityTrigger: activityResumeTrigger: not whiteListedio.appium.settings/io.appium.settings.Settings/27
08-31 17:46:22.651  1724  2178 I chatty  : uid=1000(system) AutobacklightTh identical 17 lines
08-31 17:46:22.844  1724  6436 E WindowManager: App trying to use insecure INPUT_FEATURE_NO_INPUT_CHANNEL flag. Ignoring
08-31 17:46:22.869  1724  1852 E NotificationService: Suppressing notification from package by user request.
08-31 17:46:22.914   717   933 E         : IProducerListener: malformed binder reply
08-31 17:46:22.954 12590 12590 E LocationTracker: Appium Settings has no access to location permission
08-31 17:46:22.954 12590 12590 E LocationTracker: java.lang.SecurityException: Client must have ACCESS_COARSE_LOCATION or ACCESS_FINE_LOCATION permission to perform any location operations.
08-31 17:46:22.954 12590 12590 E LocationTracker: 	at android.os.Parcel.createException(Parcel.java:1950)
08-31 17:46:22.954 12590 12590 E LocationTracker: 	at android.os.Parcel.readException(Parcel.java:1918)
08-31 17:46:22.954 12590 12590 E LocationTracker: 	at android.os.Parcel.readException(Parcel.java:1868)
08-31 17:46:22.954 12590 12590 E LocationTracker: 	at com.google.android.gms.internal.location.zza.transactAndReadExceptionReturnVoid(Unknown Source:10)
08-31 17:46:22.954 12590 12590 E LocationTracker: 	at com.google.android.gms.internal.location.zzap.zza(Unknown Source:9)
08-31 17:46:22.954 12590 12590 E LocationTracker: 	at com.google.android.gms.internal.location.zzas.zza(Unknown Source:43)
08-31 17:46:22.954 12590 12590 E LocationTracker: 	at com.google.android.gms.internal.location.zzaz.zza(Unknown Source:5)
08-31 17:46:22.954 12590 12590 E LocationTracker: 	at com.google.android.gms.internal.location.zzr.doExecute(Unknown Source:25)
08-31 17:46:22.954 12590 12590 E LocationTracker: 	at com.google.android.gms.common.api.internal.BaseImplementation$ApiMethodImpl.run(Unknown Source:19)
08-31 17:46:22.954 12590 12590 E LocationTracker: 	at com.google.android.gms.common.api.internal.zaah.execute(Unknown Source:20)
08-31 17:46:22.954 12590 12590 E LocationTracker: 	at com.google.android.gms.common.api.internal.zabe.execute(Unknown Source:23)
08-31 17:46:22.954 12590 12590 E LocationTracker: 	at com.google.android.gms.common.api.internal.zaaw.execute(Unknown Source:74)
08-31 17:46:22.954 12590 12590 E LocationTracker: 	at com.google.android.gms.internal.location.zzq.requestLocationUpdates(Unknown Source:14)
08-31 17:46:22.954 12590 12590 E LocationTracker: 	at io.appium.settings.LocationTracker.onConnected(LocationTracker.java:101)
08-31 17:46:22.954 12590 12590 E LocationTracker: 	at com.google.android.gms.common.internal.GmsClientEventManager.onConnectionSuccess(Unknown Source:34)
08-31 17:46:22.954 12590 12590 E LocationTracker: 	at com.google.android.gms.common.api.internal.zaaw.zab(Unknown Source:292)
08-31 17:46:22.954 12590 12590 E LocationTracker: 	at com.google.android.gms.common.api.internal.zaak.zaaq(Unknown Source:125)
08-31 17:46:22.954 12590 12590 E LocationTracker: 	at com.google.android.gms.common.api.internal.zaak.onConnected(Unknown Source:105)
08-31 17:46:22.954 12590 12590 E LocationTracker: 	at com.google.android.gms.common.api.internal.zabe.onConnected(Unknown Source:101)
08-31 17:46:22.954 12590 12590 E LocationTracker: 	at com.google.android.gms.common.api.internal.zaq.onConnected(Unknown Source:6)
08-31 17:46:22.954 12590 12590 E LocationTracker: 	at com.google.android.gms.common.internal.zaf.onConnected(Unknown Source:2)
08-31 17:46:22.954 12590 12590 E LocationTracker: 	at com.google.android.gms.common.internal.BaseGmsClient$zzf.zzm(Unknown Source:24)
08-31 17:46:22.954 12590 12590 E LocationTracker: 	at com.google.android.gms.common.internal.BaseGmsClient$zza.zza(Unknown Source:12)
08-31 17:46:22.954 12590 12590 E LocationTracker: 	at com.google.android.gms.common.internal.BaseGmsClient$zzc.zzo(Unknown Source:11)
08-31 17:46:22.954 12590 12590 E LocationTracker: 	at com.google.android.gms.common.internal.BaseGmsClient$zzb.handleMessage(Unknown Source:48)
08-31 17:46:22.954 12590 12590 E LocationTracker: 	at android.os.Handler.dispatchMessage(Handler.java:106)
08-31 17:46:22.954 12590 12590 E LocationTracker: 	at android.os.Looper.loop(Looper.java:224)
08-31 17:46:22.954 12590 12590 E LocationTracker: 	at android.app.ActivityThread.main(ActivityThread.java:7042)
08-31 17:46:22.954 12590 12590 E LocationTracker: 	at java.lang.reflect.Method.invoke(Native Method)
08-31 17:46:22.954 12590 12590 E LocationTracker: 	at com.android.internal.os.RuntimeInit$MethodAndArgsCaller.run(RuntimeInit.java:536)
08-31 17:46:22.954 12590 12590 E LocationTracker: 	at com.android.internal.os.ZygoteInit.main(ZygoteInit.java:868)
08-31 17:46:23.009  1724  1852 D ActivityTrigger: ActivityTrigger activityStopTrigger
08-31 17:46:23.047 11891 11891 I awcn.AppLifeCycle:  onTrimMemory level:20
08-31 17:46:23.047 11891 11891 I awcn.AppLifeCycle:  notifyListener foreground:false
08-31 17:46:23.048 11891 12000 I awcn.SessionCenter: |[seq:[default]] [background]
08-31 17:46:23.048 11891 12000 I awcn.StrategyCenter:  saveData
08-31 17:46:23.049 11891 12000 I awcn.AmdcThreadPoolExecutor:  thread created! name:AMDC2
08-31 17:46:23.050 11891 12000 I anet.HorseRaceDetector:  background
08-31 17:46:23.050 11891 12000 I awcn.ThreadPoolExecutorFactory:  thread created! name:AWCN HR1
08-31 17:46:23.051 11891 12000 I awcn.SessionCenter: |[seq:umeng:546d7dd7fd98c58fc800082c] [background]
08-31 17:46:23.051 11891 12000 I awcn.StrategyCenter:  saveData
08-31 17:46:23.051 11891 11891 D Tinker.DefaultAppLike: [main] onTrimMemory level:20
08-31 17:46:23.051 11891 12628 E anet.HorseRaceDetector:  network detect thread start
08-31 17:46:23.085 11891 11891 I BLOG    : [main] onActivityStopped: cn.missevan.activity.MainActivity@b371ac0
08-31 17:46:23.086 11891 11891 I Player.SinglePlayerConnection: [main] updateAllConfig
08-31 17:46:23.089 12099 12114 I Player.BaseAidlPlayerService: [Binder:12099_2] updateConfig, configs: Bundle[mParcelledData.dataSize=32]
08-31 17:46:23.094 12099 12099 I Player.Aidl: [main] updateConfig
08-31 17:46:23.096 12099 12099 I Player.BBPlayer.core0: [main] updateConfig, suspend: true
08-31 17:46:23.097 12099 12099 I Player.AlphaVideoPlayerCore: [main] updateConfig, suspend: true
08-31 17:46:23.121   717  4080 W SurfaceFlinger: Attempting to set client state on removed layer: Splash Screen io.appium.settings#0
08-31 17:46:23.121   717  4080 W SurfaceFlinger: Attempting to destroy on removed layer: Splash Screen io.appium.settings#0
08-31 17:46:23.118  1724  2023 I chatty  : uid=1000(system) android.anim identical 2 lines
08-31 17:46:23.195 11891 11891 I MainFragment: [main] onStop
08-31 17:46:23.243  1724 12856 I Adreno  : QUALCOMM build                   : 9128d71, Ib33d3e8e13
08-31 17:46:23.243  1724 12856 I Adreno  : Build Date                       : 11/02/18
08-31 17:46:23.243  1724 12856 I Adreno  : OpenGL ES Shader Compiler Version: EV031.25.03.01
08-31 17:46:23.243  1724 12856 I Adreno  : Local Branch                     :
08-31 17:46:23.243  1724 12856 I Adreno  : Remote Branch                    :
08-31 17:46:23.243  1724 12856 I Adreno  : Remote Branch                    :
08-31 17:46:23.243  1724 12856 I Adreno  : Reconstruct Branch               :
08-31 17:46:23.243  1724 12856 I Adreno  : Build Config                     : S L 6.0.7 AArch64
08-31 17:46:23.248  1724 12856 I Adreno  : PFP: 0x005ff112, ME: 0x005ff066
08-31 17:46:23.250  1724 12856 I ConfigStore: android::hardware::configstore::V1_0::ISurfaceFlingerConfigs::hasWideColorDisplay retrieved: 0
08-31 17:46:23.250  1724 12856 I ConfigStore: android::hardware::configstore::V1_0::ISurfaceFlingerConfigs::hasHDRDisplay retrieved: 0
08-31 17:46:23.251  1724 12856 I OpenGLRenderer: Initialized EGL, version 1.4
08-31 17:46:23.251  1724 12856 D OpenGLRenderer: Swap behavior 2
08-31 17:46:23.262 11891 12028 I CronetEngine: [thread_background]
08-31 17:46:23.262 11891 12028 I CronetEngine: url: https://data.uat.missevan.com/v2/site/notifications?active=0
08-31 17:46:23.262 11891 12028 I CronetEngine:  ip: 10.21.250.10
08-31 17:46:23.262 11891 12028 I CronetEngine:  hostResolverProvider:
08-31 17:46:23.262 11891 12028 I CronetEngine:  hostResolveIps: []
08-31 17:46:23.262 11891 12028 I CronetEngine:
08-31 17:46:23.265 11891 12034 I BLOG    : [RxCachedThreadScheduler-3] HTTP request: [2022-08-31T09:46:23.147Z] GET https://data.uat.missevan.com/v2/site/notifications?active=0 200 109ms 0
08-31 17:46:23.286 11891 11891 I Banner  : [main] banner pause loop
08-31 17:46:23.295 11891 11891 I Banner  : [main] banner pause loop
08-31 17:46:23.364  1724  2892 D PackageManager: package:1000 check permission,PERMISSION_GRANTED
08-31 17:46:23.364  2765 16737 I chatty  : uid=1000(system) Binder:2765_E expire 8 lines
08-31 17:46:23.364  1724  2363 D PackageManager: package:1000 check permission,PERMISSION_GRANTED
08-31 17:46:23.367  1724  1853 D UiModeManager: onForegroundActivitiesChanged: pid=11891, uid=10598, foregroundActivities=false
08-31 17:46:23.433  1724 16082 E ActivityManager: Sending non-protected broadcast com.vivo.pem.temperature_has_changed from system 2682:com.vivo.pem/1000 pkg com.vivo.pem
08-31 17:46:23.494 11891 12028 I CronetEngine: [thread_background]
08-31 17:46:23.494 11891 12028 I CronetEngine: url: https://data.uat.missevan.com/statistics/collect-events
08-31 17:46:23.494 11891 12028 I CronetEngine:  ip: 10.21.250.10
08-31 17:46:23.494 11891 12028 I CronetEngine:  hostResolverProvider:
08-31 17:46:23.494 11891 12028 I CronetEngine:  hostResolveIps: []
08-31 17:46:23.494 11891 12028 I CronetEngine:
08-31 17:46:23.536  1724  1724 V SettingsProvider: Notifying for 0: content://settings/secure/input_methods_subtype_history
08-31 17:46:23.538  9557  9557 D logVersionTime: 20201215
08-31 17:46:23.539  1724  1853 D WindowManager: update vivoChangeNavPosition = false
08-31 17:46:23.542  1724  1724 V SettingsProvider: Notifying for 0: content://settings/secure/default_input_method
08-31 17:46:23.543  1724  1724 V SettingsProvider: Notifying for 999: content://settings/secure/default_input_method
08-31 17:46:23.545  2682  3066 W System.err: java.lang.NoSuchMethodException: forceUnfreezePackage [class java.lang.String]
08-31 17:46:23.545  2682  3066 W System.err: 	at java.lang.Class.getMethod(Class.java:2068)
08-31 17:46:23.545  2682  3066 W System.err: 	at java.lang.Class.getMethod(Class.java:1690)
08-31 17:46:23.545  2682  3066 W System.err: 	at com.vivo.pem.e.a.a(FrozenPackageManager.java:268)
08-31 17:46:23.545  2682  3066 W System.err: 	at com.vivo.pem.e.b$h.handleMessage(PowerMonitor.java:1830)
08-31 17:46:23.545  2682  3066 W System.err: 	at android.os.Handler.dispatchMessage(Handler.java:106)
08-31 17:46:23.545  2682  3066 W System.err: 	at android.os.Looper.loop(Looper.java:224)
08-31 17:46:23.545  2682  3066 W System.err: 	at android.os.HandlerThread.run(HandlerThread.java:65)
08-31 17:46:23.550  1724  1853 D WindowManager: update vivoChangeNavPosition = false
08-31 17:46:23.551  1724 16082 D PackageManager: package:1000 check permission,PERMISSION_GRANTED
08-31 17:46:23.557  1724  2892 D CompatibilityInfo: mCompatibilityFlags - 0
08-31 17:46:23.557  1724  2892 D CompatibilityInfo: applicationDensity - 480
08-31 17:46:23.557  1724  2892 D CompatibilityInfo: applicationScale - 1.0
08-31 17:46:23.580  1724  1724 W system_server: resources.arsc in APK '/data/app/com.sohu.inputmethod.sogou.vivo-yMVtgCaRNquGk3avhhMc6w==/base.apk' is compressed.
08-31 17:46:23.583  1724  1855 I ActivityManager: Start proc 12640:com.sohu.inputmethod.status/u0a41 for service com.sohu.inputmethod.sogou.vivo/com.sohu.inputmethod.settings.status.SogouStatusService
08-31 17:46:23.587 11891 12627 I awcn.SerializeHelper:  persist end. file:/data/user/0/cn.missevan/files/awcn_strategy/StrategyConfig size:1387 cost:27
08-31 17:46:23.597  1724  1746 I system_server: NativeAlloc concurrent copying GC freed 487984(18MB) AllocSpace objects, 85(2MB) LOS objects, 33% free, 48MB/72MB, paused 300us total 296.161ms
08-31 17:46:23.605  1724  9731 E InputMethodManagerService: Ignoring com.android.server.VivoInputMethodManagerService.calledWithValidToken:109 due to an invalid token. uid:10041 token:android.os.Binder@4e408e4
08-31 17:46:23.605 12640 12640 E utmethod.statu: Not starting debugger since process cannot load the jdwp agent.
08-31 17:46:23.614  1724  1744 W System  : A resource failed to call release.
08-31 17:46:23.615  1724  1744 W System  : A resource failed to call release.
08-31 17:46:23.617  2404  2404 D KeyguardUpdateMonitor: received broadcast android.app.action.DEVICE_POLICY_MANAGER_STATE_CHANGED
08-31 17:46:23.618  1724  1876 D UsbDeviceManager: handleMessage MSG_UPDATE_USER_RESTRICTIONS ,message.what=6
08-31 17:46:23.618  2404 13901 D KeyguardViewMediator: setKeyguardEnabled(true)
08-31 17:46:23.624 12590 12590 E BackgroundFallback: initVivoBgFallback callstackcom.android.internal.policy.DecorView.<init>:378 com.android.internal.policy.PhoneWindow.generateDecor:2421 com.android.internal.policy.PhoneWindow.installDecor:2800 com.android.internal.policy.PhoneWindow.setContentView:487 com.android.internal.policy.PhoneWindow.setContentView:478 android.app.Dialog.setContentView:603 android.inputmethodservice.InputMethodService.initViews:1015 android.inputmethodservice.InputMethodService.onCreate:985 android.app.ActivityThread.handleCreateService:3769 android.app.ActivityThread.access$1400:236
08-31 17:46:23.638 17295 17419 D MemoryCeilingMonitor: [handleMemoryCalculate]
08-31 17:46:23.639 17295 17419 D MemoryCeilingMonitor: [calculate] tot: 3446805, max: 268435456, free: 664325, heap: 2782480, per: 0.010365545749664307
08-31 17:46:23.641  1724  2881 D CompatibilityInfo: mCompatibilityFlags - 0
08-31 17:46:23.641  1724  2881 D CompatibilityInfo: applicationDensity - 480
08-31 17:46:23.641  1724  2881 D CompatibilityInfo: applicationScale - 1.0
08-31 17:46:23.644  1724  2881 D CompatibilityInfo: mCompatibilityFlags - 0
08-31 17:46:23.644  1724  2881 D CompatibilityInfo: applicationDensity - 480
08-31 17:46:23.644  1724  2881 D CompatibilityInfo: applicationScale - 1.0
08-31 17:46:23.646 12590 12590 I UnicodeIME: onStartInput
08-31 17:46:23.654  1724  2881 D CompatibilityInfo: mCompatibilityFlags - 0
08-31 17:46:23.654  1724  2881 D CompatibilityInfo: applicationDensity - 480
08-31 17:46:23.654  1724  2881 D CompatibilityInfo: applicationScale - 1.0
08-31 17:46:23.655  9557  9557 W com.typany.shell.debug: ShellLog is true
08-31 17:46:23.667  9557  9557 D CheckTimeoutThread: put task com.typany.thread.ThrowableFutureTask@903398
08-31 17:46:23.667  9557 12667 D CheckTimeoutThread: get task com.typany.thread.ThrowableFutureTask@903398
08-31 17:46:23.668  9557  9557 D CheckTimeoutThread: put task com.typany.thread.ThrowableFutureTask@43aafd6
08-31 17:46:23.668  9557  9557 D CheckTimeoutThread: put task com.typany.thread.ThrowableFutureTask@4144257
08-31 17:46:23.668  9557 12663 D CheckTimeoutThread: get task com.typany.thread.ThrowableFutureTask@4144257
08-31 17:46:23.669  9557 12666 E chromium: [0831/174623:ERROR:AsyncAdapter.cpp(32)] Thread <GIME_Core_Thread] registered.
08-31 17:46:23.670  9557 12660 E chromium: [0831/174623:ERROR:AsyncAdapter.cpp(32)] Thread <GIME_FileSystem_Thread] registered.
08-31 17:46:23.670  9557 12661 D CheckTimeoutThread: get task com.typany.thread.ThrowableFutureTask@43aafd6
08-31 17:46:23.677 12640 12640 I utmethod.statu: The ClassLoaderContext is a special shared library.
08-31 17:46:23.707 12640 12640 W utmethod.statu: resources.arsc in APK '/data/app/com.sohu.inputmethod.sogou.vivo-yMVtgCaRNquGk3avhhMc6w==/base.apk' is compressed.
08-31 17:46:23.723  9557 12662 E chromium: [0831/174623:ERROR:AsyncAdapter.cpp(32)] Thread <GIME_Network_Thread] registered.
08-31 17:46:23.738 12640 12640 I Perf    : Connecting to perf service.
08-31 17:46:23.770 12640 12640 D RePlugin.ws001: plugin process checker: non plugin process in=com.sohu.inputmethod.status
08-31 17:46:23.771 12640 12640 D RePlugin.ws001: list plugins from persistent process
08-31 17:46:23.776  9557  9901 D RePlugin.ws001: stubMain projection=[main] selection=main_binder
08-31 17:46:23.776  9557  9901 D RePlugin.ws001: query binder = aeb@f20f144
08-31 17:46:23.783 12640 12640 D RePlugin.ws001: get binder = android.os.BinderProxy@d5db487
08-31 17:46:23.783 12640 12640 D RePlugin.ws001: proxy fetch binder: binder=android.os.BinderProxy@d5db487
08-31 17:46:23.785 12640 12640 D RePlugin.ws001: host binder = android.os.BinderProxy@d5db487
08-31 17:46:23.785 12640 12640 D RePlugin.ws001: host binder.i = adg$a$a@5512fb4
08-31 17:46:23.787  9557  9901 D adu     : adu.a(SogouSource:588)(0ms@Thread[Binder:9557_3,5,main]) WRITING
08-31 17:46:23.787  9557  9901 D adu     : adu.a(SogouSource:588)(1ms@Thread[Binder:9557_3,5,main]) WRITING DONE
08-31 17:46:23.788  9557  9901 D RePlugin.ws001: build plugins
08-31 17:46:23.788  9557  9901 D RePlugin.ws001: build 0 plugins
08-31 17:46:23.790 12640 12640 D PatchClassLoaderUtils: patch: mBase cl=class android.app.ContextImpl; mPackageInfo cl=class android.app.LoadedApk
08-31 17:46:23.790 12640 12640 W System  : ClassLoader referenced unknown path:
08-31 17:46:23.791 12640 12640 D RePlugin.RePluginClassLoader: copyFieldValue: Copied. f=pathList; actually=DexPathList[[zip file "/system/framework/org.apache.http.legacy.boot.jar", zip file "/data/app/com.sohu.inputmethod.sogou.vivo-yMVtgCaRNquGk3avhhMc6w==/base.apk"],nativeLibraryDirectories=[/data/app/com.sohu.inputmethod.sogou.vivo-yMVtgCaRNquGk3avhhMc6w==/lib/arm, /data/app/com.sohu.inputmethod.sogou.vivo-yMVtgCaRNquGk3avhhMc6w==/base.apk!/lib/armeabi, /system/lib]]; orig=DexPathList[[zip file "/system/framework/org.apache.http.legacy.boot.jar", zip file "/data/app/com.sohu.inputmethod.sogou.vivo-yMVtgCaRNquGk3avhhMc6w==/base.apk"],nativeLibraryDirectories=[/data/app/com.sohu.inputmethod.sogou.vivo-yMVtgCaRNquGk3avhhMc6w==/lib/arm, /data/app/com.sohu.inputmethod.sogou.vivo-yMVtgCaRNquGk3avhhMc6w==/base.apk!/lib/armeabi, /system/lib]]
08-31 17:46:23.792 12640 12640 D PatchClassLoaderUtils: patch: patch mClassLoader ok
08-31 17:46:23.793  1724 16082 D PackageManager: package:10041 check permission,PERMISSION_GRANTED
08-31 17:46:23.817  1724 16082 V AlarmAlign: setLocked to kernel, type = 2, when = 515366626, curTime = 515298362
08-31 17:46:23.817  1724 16082 V AlarmAlign: setLocked to kernel, type = 3, when = 515304611, curTime = 515298362
08-31 17:46:23.815 12640 12640 W Thread-3: type=1400 audit(0.0:49961): avc: denied { read } for name="anr" dev="dm-1" ino=1048578 scontext=u:r:priv_app:s0:c512,c768 tcontext=u:object_r:anr_data_file:s0 tclass=dir permissive=0
08-31 17:46:23.822  1724  2892 D ActivityTrigger: ActivityTrigger activityPauseTrigger
08-31 17:46:23.828  1724 16082 V AlarmAlign: setLocked to kernel, type = 2, when = 515366626, curTime = 515298373
08-31 17:46:23.828  1724 16082 V AlarmAlign: setLocked to kernel, type = 3, when = 515304611, curTime = 515298373
08-31 17:46:23.830  1724 16082 W ActivityManager: vivo occlude resumeTop canOccclude = false next.occlude = false
08-31 17:46:23.830  1724 16082 D ActivityTrigger: activityResumeTrigger: The activity in ApplicationInfo{bef7ab6 cn.missevan} is now in focus and seems to be in full-screen mode
08-31 17:46:23.830  1724 16082 E ActivityTrigger: activityResumeTrigger: not whiteListedcn.missevan/cn.missevan.activity.MainActivity/5070300
08-31 17:46:23.832 12640 12640 E test-bugly: bugly is closed!
08-31 17:46:23.857  1724  2881 D PackageManager: package:1000 check permission,PERMISSION_GRANTED
08-31 17:46:23.857  1724 16082 D PackageManager: package:1000 check permission,PERMISSION_GRANTED
08-31 17:46:23.858  1724  1853 D PackageManager: package:1000 check permission,PERMISSION_GRANTED
08-31 17:46:23.858  1724  6436 D PackageManager: package:1002 check permission,PERMISSION_GRANTED
08-31 17:46:23.860  1724 16082 D PackageManager: package:1000 check permission,PERMISSION_GRANTED
08-31 17:46:23.861  1724  1853 D UiModeManager: onForegroundActivitiesChanged: pid=11891, uid=10598, foregroundActivities=true
08-31 17:46:23.862  1724  2881 D PackageManager: package:1000 check permission,PERMISSION_GRANTED
08-31 17:46:23.865  1724  6436 D PackageManager: package:1000 check permission,PERMISSION_GRANTED
08-31 17:46:23.870  2765 14957 I chatty  : uid=1000(system) Binder:2765_C expire 11 lines
08-31 17:46:23.870 11891 11891 W MainActivity: [main] Notice Network change type
08-31 17:46:23.872 11891 11891 D BLOG    : [main] MainActivity onRestart()...
08-31 17:46:23.873  1724  2881 D PackageManager: package:1000 check permission,PERMISSION_GRANTED
08-31 17:46:23.879 11891 11891 I BLOG    : [main] onActivityStared: cn.missevan.activity.MainActivity@b371ac0
08-31 17:46:23.880 11891 11891 I Player.SinglePlayerConnection: [main] updateAllConfig
08-31 17:46:23.885 12099 12114 I Player.BaseAidlPlayerService: [Binder:12099_2] updateConfig, configs: Bundle[mParcelledData.dataSize=32]
08-31 17:46:23.886 12640 12680 I MMKV    : page size:4096
08-31 17:46:23.886 12640 12680 I MMKV    : root dir: /data/user/0/com.sohu.inputmethod.sogou.vivo/files/mmkv
08-31 17:46:23.887 12640 12680 I MMKV    : loading [settings_mmkv] with 18995 size in total, file size is 32768
08-31 17:46:23.887 12640 12680 I MMKV    : loading [settings_mmkv] with crc 1923634751 sequence 45
08-31 17:46:23.887 12099 12099 I Player.Aidl: [main] updateConfig
08-31 17:46:23.887 12640 12680 I MMKV    : loaded [settings_mmkv] with 3 values
08-31 17:46:23.888 12099 12099 I Player.BBPlayer.core0: [main] updateConfig, suspend: false
08-31 17:46:23.889 12099 12099 I Player.AlphaVideoPlayerCore: [main] updateConfig, suspend: false
08-31 17:46:23.903  1724  2881 D PackageManager: package:10041 check permission,PERMISSION_GRANTED
08-31 17:46:23.925  1724  2656 D PackageManager: package:1001 check permission,PERMISSION_GRANTED
08-31 17:46:23.935  1724  2881 E InputMethodManagerService: Ignoring com.android.server.VivoInputMethodManagerService.calledWithValidToken:109 due to an invalid token. uid:10041 token:android.os.Binder@4e408e4
08-31 17:46:23.936 11891 11891 I awcn.AppLifeCycle:  notifyListener foreground:true
08-31 17:46:23.936 11891 11891 I BLOG    : [main] onActivityResumed: cn.missevan.activity.MainActivity@b371ac0
08-31 17:46:23.936 11891 12000 I awcn.SessionCenter: |[seq:[default]] [forground]
08-31 17:46:23.937 11891 12000 I awcn.SessionCenter: |[seq:umeng:546d7dd7fd98c58fc800082c] [forground]
08-31 17:46:23.937 11891 12000 D awcn.StrategyCenter:  getSchemeByHost host:umengacs.m.taobao.com scheme:https
08-31 17:46:23.937 11891 12000 D awcn.SessionCenter: |[seq:umeng:546d7dd7fd98c58fc800082c] getInternal u:https://umengacs.m.taobao.com sessionType:LongLink timeout:0
08-31 17:46:23.937 11891 12000 D awcn.StrategyCenter:  getSchemeByHost host:umengacs.m.taobao.com scheme:https
08-31 17:46:23.937 11891 12000 D awcn.SessionCenter: |[seq:umeng:546d7dd7fd98c58fc800082c] get internal hit cache session session:Session@[umeng:546d7dd7fd98c58fc800082c.AWCN1_1|http2_0rtt_acs]
08-31 17:46:23.938  1724  2881 E InputMethodManagerService: Ignoring com.android.server.VivoInputMethodManagerService.calledWithValidToken:109 due to an invalid token. uid:10041 token:android.os.Binder@4e408e4
08-31 17:46:23.938  9557  9557 I Process : Sending signal. PID: 9557 SIG: 9
08-31 17:46:23.942  1724  2881 D PackageManager: package:10598 check permission,PERMISSION_GRANTED
08-31 17:46:23.953  1724  2656 D PackageManager: package:10598 check permission,PERMISSION_GRANTED
08-31 17:46:23.964 11891 11956 D MobclickAgent: : E20A66B5154FCC55F0C5B39530151A91
08-31 17:46:23.973 11891 11956 D UMLog   : : 90 https://developer.umeng.com/docs/66632/detail/66976?um_channel=sdk
08-31 17:46:23.979  1724  2656 I ActivityManager: Process com.sohu.inputmethod.sogou.vivo (pid 9557) has died: fore SVC
08-31 17:46:23.980  1724  2881 I LocationManagerService: shouldRequest for passive  ? true
08-31 17:46:23.980  1724  1857 W libprocessgroup: kill(-9557, 9) failed: No such process
08-31 17:46:23.980 12640 12658 I ws001   : p.p d, p.h s n
08-31 17:46:23.981   980   980 I Zygote  : Process 9557 exited due to signal (9)
08-31 17:46:23.984 11891 11891 I Banner  : [main] banner resume loop
08-31 17:46:23.985 11891 11891 I Banner  : [main] banner resume loop
08-31 17:46:23.986 11891 11891 I Banner  : [main] banner resume loop
08-31 17:46:23.986  1724  1857 W libprocessgroup: kill(-9557, 9) failed: No such process
08-31 17:46:23.986  1724  1857 I libprocessgroup: Successfully killed process cgroup uid 10041 pid 9557 in 6ms
08-31 17:46:23.987 11891 11891 I Banner  : [main] banner resume loop
08-31 17:46:23.987  1724  2656 D PackageManager: package:1000 check permission,PERMISSION_GRANTED
08-31 17:46:23.988  1724  6436 D PackageManager: package:1000 check permission,PERMISSION_GRANTED
08-31 17:46:23.990  1724  6436 D PackageManager: package:1000 check permission,PERMISSION_GRANTED
08-31 17:46:23.992  1724 16082 D PackageManager: package:1000 check permission,PERMISSION_GRANTED
08-31 17:46:23.996  1724  2656 D PackageManager: package:1000 check permission,PERMISSION_GRANTED
08-31 17:46:24.001 11891 12028 I CronetEngine: [thread_background]
08-31 17:46:24.001 11891 12028 I CronetEngine: url: http://static-test.maoercdn.com/coversmini/201409/13/c0f14cde5ce8dc0d6b89b3d15cbfe801182705.jpg?x-oss-process=image/resize,w_306/format,webp
08-31 17:46:24.001 11891 12028 I CronetEngine:  ip: 58.216.14.242
08-31 17:46:24.001 11891 12028 I CronetEngine:  hostResolverProvider:
08-31 17:46:24.001 11891 12028 I CronetEngine:  hostResolveIps: []
08-31 17:46:24.001 11891 12028 I CronetEngine:
08-31 17:46:24.009   717   933 E         : IProducerListener: malformed binder reply
08-31 17:46:24.017   717   717 I SurfaceFlinger: FPS: 20
08-31 17:46:24.022 11891 12028 I CronetEngine: [thread_background]
08-31 17:46:24.022 11891 12028 I CronetEngine: url: https://data.uat.missevan.com/v2/site/notifications?active=1
08-31 17:46:24.022 11891 12028 I CronetEngine:  ip: 10.21.250.10
08-31 17:46:24.022 11891 12028 I CronetEngine:  hostResolverProvider:
08-31 17:46:24.022 11891 12028 I CronetEngine:  hostResolveIps: []
08-31 17:46:24.022 11891 12028 I CronetEngine:
08-31 17:46:24.024 11891 12027 I BLOG    : [RxCachedThreadScheduler-2] HTTP request: [2022-08-31T09:46:23.890Z] GET https://data.uat.missevan.com/v2/site/notifications?active=1 200 124ms 0
08-31 17:46:24.037 11891 12028 I CronetEngine: [thread_background]
08-31 17:46:24.037 11891 12028 I CronetEngine: url: http://static-test.missevan.com/dramacoversmini/201604/20/4ee0abe42a28ebac1ef8e3a0eda0daa0150201.jpg?x-oss-process=image/resize,w_270/format,webp
08-31 17:46:24.037 11891 12028 I CronetEngine:  ip: 101.226.28.222
08-31 17:46:24.037 11891 12028 I CronetEngine:  hostResolverProvider:
08-31 17:46:24.037 11891 12028 I CronetEngine:  hostResolveIps: []
08-31 17:46:24.037 11891 12028 I CronetEngine:
08-31 17:46:24.038 11891 12028 I CronetEngine: [thread_background]
08-31 17:46:24.038 11891 12028 I CronetEngine: url: https://www.uat.missevan.com/files/2021-07-08/dc6eb90c968aa330313818387a792dd1.jpg?x-oss-process=image/resize,w_996/format,webp
08-31 17:46:24.038 11891 12028 I CronetEngine:  ip: 10.21.250.10
08-31 17:46:24.038 11891 12028 I CronetEngine:  hostResolverProvider:
08-31 17:46:24.038 11891 12028 I CronetEngine:  hostResolveIps: []
08-31 17:46:24.038 11891 12028 I CronetEngine:
08-31 17:46:24.039 11891 12028 I CronetEngine: [thread_background]
08-31 17:46:24.039 11891 12028 I CronetEngine: url: http://static-test.missevan.com/dramacoversmini/201605/01/0a6ca0ceeb612fbf29d7ea609b171bcf061022.jpg?x-oss-process=image/resize,w_306/format,webp
08-31 17:46:24.039 11891 12028 I CronetEngine:  ip: 101.226.28.222
08-31 17:46:24.039 11891 12028 I CronetEngine:  hostResolverProvider:
08-31 17:46:24.039 11891 12028 I CronetEngine:  hostResolveIps: []
08-31 17:46:24.039 11891 12028 I CronetEngine:
08-31 17:46:24.046 11891 12028 I CronetEngine: [thread_background]
08-31 17:46:24.046 11891 12028 I CronetEngine: url: http://static-test.missevan.com/dramacoversmini/201604/20/57a934f8d31a7ace356108ae3526c419151604.jpg?x-oss-process=image/resize,w_306/format,webp
08-31 17:46:24.046 11891 12028 I CronetEngine:  ip: 101.226.28.222
08-31 17:46:24.046 11891 12028 I CronetEngine:  hostResolverProvider:
08-31 17:46:24.046 11891 12028 I CronetEngine:  hostResolveIps: []
08-31 17:46:24.046 11891 12028 I CronetEngine:
08-31 17:46:24.061 11891 12028 I CronetEngine: [thread_background]
08-31 17:46:24.061 11891 12028 I CronetEngine: url: http://static-test.maoercdn.com/coversmini/201409/13/caf7eedaeec9504142ed04a28e085b64164513.jpg?x-oss-process=image/resize,w_306/format,webp
08-31 17:46:24.061 11891 12028 I CronetEngine:  ip: 182.40.18.117
08-31 17:46:24.061 11891 12028 I CronetEngine:  hostResolverProvider:
08-31 17:46:24.061 11891 12028 I CronetEngine:  hostResolveIps: []
08-31 17:46:24.061 11891 12028 I CronetEngine:
08-31 17:46:24.063 11891 11891 W Glide   : Load failed for http://static-test.maoercdn.com/coversmini/201409/13/c0f14cde5ce8dc0d6b89b3d15cbfe801182705.jpg with size [306x306]
08-31 17:46:24.063 11891 11891 W Glide   : class com.bumptech.glide.load.a.q: Failed to load resource
08-31 17:46:24.063 11891 11891 W Glide   : There was 1 root cause:
08-31 17:46:24.063 11891 11891 W Glide   : com.bumptech.glide.load.e(Not Found, status code: 404)
08-31 17:46:24.063 11891 11891 W Glide   :  call GlideException#logRootCauses(String) for more detail
08-31 17:46:24.063 11891 11891 W Glide   :   Cause (1 of 1): class com.bumptech.glide.load.a.q: Fetching data failed, class java.io.InputStream, REMOTE
08-31 17:46:24.063 11891 11891 W Glide   : There was 1 root cause:
08-31 17:46:24.063 11891 11891 W Glide   : com.bumptech.glide.load.e(Not Found, status code: 404)
08-31 17:46:24.063 11891 11891 W Glide   :  call GlideException#logRootCauses(String) for more detail
08-31 17:46:24.063 11891 11891 W Glide   :     Cause (1 of 1): class com.bumptech.glide.load.e: Not Found, status code: 404
08-31 17:46:24.063 11891 11891 I Glide   : Root cause (1 of 1)
08-31 17:46:24.063 11891 11891 I Glide   : com.bumptech.glide.load.e: Not Found, status code: 404
08-31 17:46:24.063 11891 11891 I Glide   : 	at com.bumptech.glide.integration.okhttp3.b.onResponse(SourceFile:71)
08-31 17:46:24.063 11891 11891 I Glide   : 	at okhttp3.ac$a.execute(SourceFile:221)
08-31 17:46:24.063 11891 11891 I Glide   : 	at okhttp3.internal.b.run(SourceFile:32)
08-31 17:46:24.063 11891 11891 I Glide   : 	at java.util.concurrent.ThreadPoolExecutor.runWorker(ThreadPoolExecutor.java:1167)
08-31 17:46:24.063 11891 11891 I Glide   : 	at java.util.concurrent.ThreadPoolExecutor$Worker.run(ThreadPoolExecutor.java:641)
08-31 17:46:24.063 11891 11891 I Glide   : 	at java.lang.Thread.run(Thread.java:764)
08-31 17:46:24.068 11891 12028 I CronetEngine: [thread_background]
08-31 17:46:24.068 11891 12028 I CronetEngine: url: http://static-test.missevan.com/dramacoversmini/201709/07/1f7769e03f2eeafbf233803f7c16b360192304.png?x-oss-process=image/resize,w_306/format,webp
08-31 17:46:24.068 11891 12028 I CronetEngine:  ip: 101.226.28.222
08-31 17:46:24.068 11891 12028 I CronetEngine:  hostResolverProvider:
08-31 17:46:24.068 11891 12028 I CronetEngine:  hostResolveIps: []
08-31 17:46:24.068 11891 12028 I CronetEngine:
08-31 17:46:24.080   717   717 I ConfigStore: android::hardware::configstore::V1_0::ISurfaceFlingerConfigs::hasHDRDisplay retrieved: 0
08-31 17:46:24.103 12590 12590 I UnicodeIME: onFinishInput:
08-31 17:46:24.103 12590 12590 I UnicodeIME: onStartInput
08-31 17:46:24.111 11891 11891 W Glide   : Load failed for http://static-test.missevan.com/dramacoversmini/201605/01/0a6ca0ceeb612fbf29d7ea609b171bcf061022.jpg with size [306x306]
08-31 17:46:24.111 11891 11891 W Glide   : class com.bumptech.glide.load.a.q: Failed to load resource
08-31 17:46:24.111 11891 11891 W Glide   : There was 1 root cause:
08-31 17:46:24.111 11891 11891 W Glide   : com.bumptech.glide.load.e(Not Found, status code: 404)
08-31 17:46:24.111 11891 11891 W Glide   :  call GlideException#logRootCauses(String) for more detail
08-31 17:46:24.111 11891 11891 W Glide   :   Cause (1 of 1): class com.bumptech.glide.load.a.q: Fetching data failed, class java.io.InputStream, REMOTE
08-31 17:46:24.111 11891 11891 W Glide   : There was 1 root cause:
08-31 17:46:24.111 11891 11891 W Glide   : com.bumptech.glide.load.e(Not Found, status code: 404)
08-31 17:46:24.111 11891 11891 W Glide   :  call GlideException#logRootCauses(String) for more detail
08-31 17:46:24.111 11891 11891 W Glide   :     Cause (1 of 1): class com.bumptech.glide.load.e: Not Found, status code: 404
08-31 17:46:24.112 11891 11891 I Glide   : Root cause (1 of 1)
08-31 17:46:24.112 11891 11891 I Glide   : com.bumptech.glide.load.e: Not Found, status code: 404
08-31 17:46:24.112 11891 11891 I Glide   : 	at com.bumptech.glide.integration.okhttp3.b.onResponse(SourceFile:71)
08-31 17:46:24.112 11891 11891 I Glide   : 	at okhttp3.ac$a.execute(SourceFile:221)
08-31 17:46:24.112 11891 11891 I Glide   : 	at okhttp3.internal.b.run(SourceFile:32)
08-31 17:46:24.112 11891 11891 I Glide   : 	at java.util.concurrent.ThreadPoolExecutor.runWorker(ThreadPoolExecutor.java:1167)
08-31 17:46:24.112 11891 11891 I Glide   : 	at java.util.concurrent.ThreadPoolExecutor$Worker.run(ThreadPoolExecutor.java:641)
08-31 17:46:24.112 11891 11891 I Glide   : 	at java.lang.Thread.run(Thread.java:764)
08-31 17:46:24.113 11891 11891 W Glide   : Load failed for https://www.uat.missevan.com/files/2021-07-08/dc6eb90c968aa330313818387a792dd1.jpg with size [996x261]
08-31 17:46:24.113 11891 11891 W Glide   : class com.bumptech.glide.load.a.q: Failed to load resource
08-31 17:46:24.113 11891 11891 W Glide   : There was 1 root cause:
08-31 17:46:24.113 11891 11891 W Glide   : com.bumptech.glide.load.e(, status code: 404)
08-31 17:46:24.113 11891 11891 W Glide   :  call GlideException#logRootCauses(String) for more detail
08-31 17:46:24.113 11891 11891 W Glide   :   Cause (1 of 1): class com.bumptech.glide.load.a.q: Fetching data failed, class java.io.InputStream, REMOTE
08-31 17:46:24.113 11891 11891 W Glide   : There was 1 root cause:
08-31 17:46:24.113 11891 11891 W Glide   : com.bumptech.glide.load.e(, status code: 404)
08-31 17:46:24.113 11891 11891 W Glide   :  call GlideException#logRootCauses(String) for more detail
08-31 17:46:24.113 11891 11891 W Glide   :     Cause (1 of 1): class com.bumptech.glide.load.e: , status code: 404
08-31 17:46:24.113 11891 11891 I Glide   : Root cause (1 of 1)
08-31 17:46:24.113 11891 11891 I Glide   : com.bumptech.glide.load.e: , status code: 404
08-31 17:46:24.113 11891 11891 I Glide   : 	at com.bumptech.glide.integration.okhttp3.b.onResponse(SourceFile:71)
08-31 17:46:24.113 11891 11891 I Glide   : 	at okhttp3.ac$a.execute(SourceFile:221)
08-31 17:46:24.113 11891 11891 I Glide   : 	at okhttp3.internal.b.run(SourceFile:32)
08-31 17:46:24.113 11891 11891 I Glide   : 	at java.util.concurrent.ThreadPoolExecutor.runWorker(ThreadPoolExecutor.java:1167)
08-31 17:46:24.113 11891 11891 I Glide   : 	at java.util.concurrent.ThreadPoolExecutor$Worker.run(ThreadPoolExecutor.java:641)
08-31 17:46:24.113 11891 11891 I Glide   : 	at java.lang.Thread.run(Thread.java:764)
08-31 17:46:24.114 11891 11891 W Glide   : Load failed for http://static-test.missevan.com/dramacoversmini/201604/20/4ee0abe42a28ebac1ef8e3a0eda0daa0150201.jpg with size [270x270]
08-31 17:46:24.114 11891 11891 W Glide   : class com.bumptech.glide.load.a.q: Failed to load resource
08-31 17:46:24.114 11891 11891 W Glide   : There was 1 root cause:
08-31 17:46:24.114 11891 11891 W Glide   : com.bumptech.glide.load.e(Not Found, status code: 404)
08-31 17:46:24.114 11891 11891 W Glide   :  call GlideException#logRootCauses(String) for more detail
08-31 17:46:24.114 11891 11891 W Glide   :   Cause (1 of 1): class com.bumptech.glide.load.a.q: Fetching data failed, class java.io.InputStream, REMOTE
08-31 17:46:24.114 11891 11891 W Glide   : There was 1 root cause:
08-31 17:46:24.114 11891 11891 W Glide   : com.bumptech.glide.load.e(Not Found, status code: 404)
08-31 17:46:24.114 11891 11891 W Glide   :  call GlideException#logRootCauses(String) for more detail
08-31 17:46:24.114 11891 11891 W Glide   :     Cause (1 of 1): class com.bumptech.glide.load.e: Not Found, status code: 404
08-31 17:46:24.114 11891 11891 I Glide   : Root cause (1 of 1)
08-31 17:46:24.114 11891 11891 I Glide   : com.bumptech.glide.load.e: Not Found, status code: 404
08-31 17:46:24.114 11891 11891 I Glide   : 	at com.bumptech.glide.integration.okhttp3.b.onResponse(SourceFile:71)
08-31 17:46:24.114 11891 11891 I Glide   : 	at okhttp3.ac$a.execute(SourceFile:221)
08-31 17:46:24.114 11891 11891 I Glide   : 	at okhttp3.internal.b.run(SourceFile:32)
08-31 17:46:24.114 11891 11891 I Glide   : 	at java.util.concurrent.ThreadPoolExecutor.runWorker(ThreadPoolExecutor.java:1167)
08-31 17:46:24.114 11891 11891 I Glide   : 	at java.util.concurrent.ThreadPoolExecutor$Worker.run(ThreadPoolExecutor.java:641)
08-31 17:46:24.114 11891 11891 I Glide   : 	at java.lang.Thread.run(Thread.java:764)
08-31 17:46:24.116 11891 11891 W Glide   : Load failed for http://static-test.missevan.com/dramacoversmini/201604/20/57a934f8d31a7ace356108ae3526c419151604.jpg with size [306x306]
08-31 17:46:24.116 11891 11891 W Glide   : class com.bumptech.glide.load.a.q: Failed to load resource
08-31 17:46:24.116 11891 11891 W Glide   : There was 1 root cause:
08-31 17:46:24.116 11891 11891 W Glide   : com.bumptech.glide.load.e(Not Found, status code: 404)
08-31 17:46:24.116 11891 11891 W Glide   :  call GlideException#logRootCauses(String) for more detail
08-31 17:46:24.116 11891 11891 W Glide   :   Cause (1 of 1): class com.bumptech.glide.load.a.q: Fetching data failed, class java.io.InputStream, REMOTE
08-31 17:46:24.116 11891 11891 W Glide   : There was 1 root cause:
08-31 17:46:24.116 11891 11891 W Glide   : com.bumptech.glide.load.e(Not Found, status code: 404)
08-31 17:46:24.116 11891 11891 W Glide   :  call GlideException#logRootCauses(String) for more detail
08-31 17:46:24.116 11891 11891 W Glide   :     Cause (1 of 1): class com.bumptech.glide.load.e: Not Found, status code: 404
08-31 17:46:24.116 11891 11891 I Glide   : Root cause (1 of 1)
08-31 17:46:24.116 11891 11891 I Glide   : com.bumptech.glide.load.e: Not Found, status code: 404
08-31 17:46:24.116 11891 11891 I Glide   : 	at com.bumptech.glide.integration.okhttp3.b.onResponse(SourceFile:71)
08-31 17:46:24.116 11891 11891 I Glide   : 	at okhttp3.ac$a.execute(SourceFile:221)
08-31 17:46:24.116 11891 11891 I Glide   : 	at okhttp3.internal.b.run(SourceFile:32)
08-31 17:46:24.116 11891 11891 I Glide   : 	at java.util.concurrent.ThreadPoolExecutor.runWorker(ThreadPoolExecutor.java:1167)
08-31 17:46:24.116 11891 11891 I Glide   : 	at java.util.concurrent.ThreadPoolExecutor$Worker.run(ThreadPoolExecutor.java:641)
08-31 17:46:24.116 11891 11891 I Glide   : 	at java.lang.Thread.run(Thread.java:764)
08-31 17:46:24.117 11891 11891 W Glide   : Load failed for http://static-test.maoercdn.com/coversmini/201409/13/caf7eedaeec9504142ed04a28e085b64164513.jpg with size [306x306]
08-31 17:46:24.117 11891 11891 W Glide   : class com.bumptech.glide.load.a.q: Failed to load resource
08-31 17:46:24.117 11891 11891 W Glide   : There was 1 root cause:
08-31 17:46:24.117 11891 11891 W Glide   : com.bumptech.glide.load.e(Not Found, status code: 404)
08-31 17:46:24.117 11891 11891 W Glide   :  call GlideException#logRootCauses(String) for more detail
08-31 17:46:24.117 11891 11891 W Glide   :   Cause (1 of 1): class com.bumptech.glide.load.a.q: Fetching data failed, class java.io.InputStream, REMOTE
08-31 17:46:24.117 11891 11891 W Glide   : There was 1 root cause:
08-31 17:46:24.117 11891 11891 W Glide   : com.bumptech.glide.load.e(Not Found, status code: 404)
08-31 17:46:24.117 11891 11891 W Glide   :  call GlideException#logRootCauses(String) for more detail
08-31 17:46:24.117 11891 11891 W Glide   :     Cause (1 of 1): class com.bumptech.glide.load.e: Not Found, status code: 404
08-31 17:46:24.118 11891 11891 I Glide   : Root cause (1 of 1)
08-31 17:46:24.118 11891 11891 I Glide   : com.bumptech.glide.load.e: Not Found, status code: 404
08-31 17:46:24.118 11891 11891 I Glide   : 	at com.bumptech.glide.integration.okhttp3.b.onResponse(SourceFile:71)
08-31 17:46:24.118 11891 11891 I Glide   : 	at okhttp3.ac$a.execute(SourceFile:221)
08-31 17:46:24.118 11891 11891 I Glide   : 	at okhttp3.internal.b.run(SourceFile:32)
08-31 17:46:24.118 11891 11891 I Glide   : 	at java.util.concurrent.ThreadPoolExecutor.runWorker(ThreadPoolExecutor.java:1167)
08-31 17:46:24.118 11891 11891 I Glide   : 	at java.util.concurrent.ThreadPoolExecutor$Worker.run(ThreadPoolExecutor.java:641)
08-31 17:46:24.118 11891 11891 I Glide   : 	at java.lang.Thread.run(Thread.java:764)
08-31 17:46:24.119 11891 11891 W Glide   : Load failed for http://static-test.missevan.com/dramacoversmini/201709/07/1f7769e03f2eeafbf233803f7c16b360192304.png with size [306x306]
08-31 17:46:24.119 11891 11891 W Glide   : class com.bumptech.glide.load.a.q: Failed to load resource
08-31 17:46:24.119 11891 11891 W Glide   : There was 1 root cause:
08-31 17:46:24.119 11891 11891 W Glide   : com.bumptech.glide.load.e(Not Found, status code: 404)
08-31 17:46:24.119 11891 11891 W Glide   :  call GlideException#logRootCauses(String) for more detail
08-31 17:46:24.119 11891 11891 W Glide   :   Cause (1 of 1): class com.bumptech.glide.load.a.q: Fetching data failed, class java.io.InputStream, REMOTE
08-31 17:46:24.119 11891 11891 W Glide   : There was 1 root cause:
08-31 17:46:24.119 11891 11891 W Glide   : com.bumptech.glide.load.e(Not Found, status code: 404)
08-31 17:46:24.119 11891 11891 W Glide   :  call GlideException#logRootCauses(String) for more detail
