09-07 17:35:37.150 21364 21364 I Player.SinglePlayerConnection: [main] updateAllConfig
09-07 17:35:37.151 21364 21364 W Player.SinglePlayerConnection: [main] mService is null, bindService
09-07 17:35:37.152 21364 21364 I Player.SinglePlayerConnection.core-1: [main] Suspend action: update_all_config
09-07 17:35:37.152 21364 21364 W Player.SinglePlayerConnection: [main] Player index is invalid, action will not suspend.
09-07 17:35:37.153 21364 21364 I Player.SinglePlayerConnection: [main] bindService, service is connecting: true
09-07 17:35:37.179 21364 21364 I SplashFragment: [main] onCreateView
09-07 17:35:37.188 21364 21433 D MobclickAgent: 数据发送策略 : ReportByInterval
09-07 17:35:37.189 21364 21433 D UMLog   : 当前发送策略为: 间隔发送。间隔时间为：90秒。详见链接 https://developer.umeng.com/docs/66632/detail/66976?um_channel=sdk
09-07 17:35:37.229 21364 21433 I UMLog   : 统计SDK版本号: 9.5.0
09-07 17:35:37.229 21364 21433 I UMLog   : ZID SDK版本号: 1.6.3
09-07 17:35:37.230 21364 21433 I UMLog   : 推送SDK版本号: 6.5.3
09-07 17:35:37.230 21364 21433 I UMLog   : 分享SDK版本号: 1.0
09-07 17:35:37.237 21364 21433 I MobclickAgent: module init:apszion
09-07 17:35:37.255 21364 21433 E cn.missevan: Invalid ID 0x00000000.
09-07 17:35:37.283  1710  2176 I chatty  : uid=1000(system) AutobacklightTh identical 1 line
09-07 17:35:37.386 21364 21364 I SplashFragment: [main] doAfterVerifyPermission
09-07 17:35:37.407 21364 21433 D MobclickAgent: 事件:{"ekv":[{"9327447B8479A3B5101E6467A77914C5":[{"id":"$$_onUMengEnterBackground","ts":1662540993305,"reason":"Normal","activityName":"cn.missevan.activity.MainActivity@82713ca","pid":18625,"isMainProcess":1,"pairUUID":"3b5a0cdd-48af-4216-862f-fcaa60f6d3aa","ds":0,"pn":"cn.missevan"},{"id":"$$_onUMengEnterForeground","ts":1662540994110,"activityName":"cn.missevan.activity.MainActivity@82713ca","pid":18625,"isMainProcess":1,"pairUUID":"3d8a483b-2f00-4d6d-aba9-720dbd31061a","ds":0,"pn":"cn.missevan"},{"id":"$$_onUMengEnterBackground","ts":1662542715834,"reason":"Normal","activityName":"cn.missevan.activity.MainActivity@82713ca","pid":18625,"isMainProcess":1,"pairUUID":"3d8a483b-2f00-4d6d-aba9-720dbd31061a","ds":0,"pn":"cn.missevan"},{"id":"Um_Event_AppStart","ts":1662543337120,"Um_Key_Duration":3043,"equip_id":"6316f88c-9359-7715-6d21-da94c5b44efc","Um_Key_UserID":0,"Um_Key_AppStartType":"正常启动","ds":0,"pn":"cn.missevan"}]}]}
09-07 17:35:37.407 21364 21433 D MobclickAgent: 账号:{"active_user":{"provider":"_adhoc","puid":"14241060"}}
09-07 17:35:37.407 21364 21433 D MobclickAgent: 基础信息:{"sdk_version":"9.5.0","device_id":"776ba695d5c3ba5d","device_model":"vivo X21A","version":5070300,"appkey":"546d7dd7fd98c58fc800082c","channel":"missevan"}
09-07 17:35:37.436 21364 21364 I RuntimeAbi: [main] arm64-v8a
09-07 17:35:37.437 21364 21364 I SplashFragment: [main] 应用启动，支持 ABI：arm64-v8a,armeabi-v7a,armeabi，当前 ABI：arm64-v8a，commit 号：e89fe33-64-debug，版本号：5070300
09-07 17:35:37.438 21364 21364 I SplashFragment: [main] use CRONET
09-07 17:35:37.467 21364 21626 D SentryLog: [SentryAsyncConnection-0] Serializing object: {"sid":"7a1809d1-7897-40ce-b1e9-7ffd51c3d383","did":"5b35e393-7583-4eb7-8e6a-954fc6529aee","init":true,"started":"2022-09-07T09:35:37.459Z","status":"ok","timestamp":"2022-09-07T09:35:37.459Z","attrs":{"release":"cn.missevan@5.7.3+5070300","environment":"staging"}}
09-07 17:35:37.472 21364 21364 D SentryLog: [main] Capturing transaction: 1ecd25a0949d4543bd4f0b72daa8c747
09-07 17:35:37.474 21364 21626 D SentryLog: [SentryAsyncConnection-0] Serializing object: {"sid":"7a1809d1-7897-40ce-b1e9-7ffd51c3d383","did":"5b35e393-7583-4eb7-8e6a-954fc6529aee","init":true,"started":"2022-09-07T09:35:37.459Z","status":"ok","timestamp":"2022-09-07T09:35:37.459Z","attrs":{"release":"cn.missevan@5.7.3+5070300","environment":"staging"}}
09-07 17:35:37.477 21364 21626 D SentryLog: [SentryAsyncConnection-0] Adding Envelope to offline storage: /data/user/0/cn.missevan/cache/sentry/a95dbab4-6fa8-4617-887a-b5179433e6d3.envelope
09-07 17:35:37.479 21364 21364 I awcn.AppLifeCycle:  notifyListener foreground:true
09-07 17:35:37.480 21364 21459 I awcn.SessionCenter: |[seq:[default]] [forground]
09-07 17:35:37.480 21364 21459 I awcn.SessionCenter: |[seq:umeng:546d7dd7fd98c58fc800082c] [forground]
09-07 17:35:37.480 21364 21459 D awcn.StrategyCenter:  getSchemeByHost host:umengacs.m.taobao.com scheme:https
09-07 17:35:37.481 21364 21459 D awcn.SessionCenter: |[seq:umeng:546d7dd7fd98c58fc800082c] getInternal u:https://umengacs.m.taobao.com sessionType:LongLink timeout:0
09-07 17:35:37.481 21364 21459 D awcn.StrategyCenter:  getSchemeByHost host:umengacs.m.taobao.com scheme:https
09-07 17:35:37.481 21364 21459 D awcn.SessionCenter: |[seq:umeng:546d7dd7fd98c58fc800082c] get internal hit cache session session:Session@[umeng:546d7dd7fd98c58fc800082c.AWCN1_1|http2_0rtt_acs]
09-07 17:35:37.497  1710  2069 I chatty  : uid=1000(system) WifiStateMachin expire 2 lines
09-07 17:35:37.511 21364 21364 I BLOG    : [main] onActivityResumed: cn.missevan.activity.MainActivity@6497410
09-07 17:35:37.515 21364 21364 D OpenGLRenderer: Skia GL Pipeline
09-07 17:35:37.533  1710  5423 E WindowManager: App trying to use insecure INPUT_FEATURE_NO_INPUT_CHANNEL flag. Ignoring
09-07 17:35:37.548 21364 21364 I NAccs.MsgDistributeService:  handleMessage on receive msg msg:{ id=58 when=-848ms what=0 target=com.taobao.accs.data.j }
09-07 17:35:37.549 21364 21364 I NAccs.MsgDistributeService:  handleMessage get intent success intent:Intent { act=com.taobao.accs.intent.action.RECEIVE pkg=cn.missevan cmp=cn.missevan/com.taobao.accs.data.MsgDistributeService (has extras) }
09-07 17:35:37.549 21364 21364 I NAccs.MsgDistributeService:  onStartCommand action:com.taobao.accs.intent.action.RECEIVE
09-07 17:35:37.549 21364 21364 I NAccs.MsgDistributeService:  onStartCommand distribute message
09-07 17:35:37.549 21364 21364 E NAccs.MsgDistribute:  distribMessage dataId:
09-07 17:35:37.550 21364 21449 E NAccs.MsgDistribute:  distribute ready action:com.taobao.accs.intent.action.RECEIVE dataId: serviceId:
09-07 17:35:37.551 21364 21449 D NAccs.MsgDistribute:  distribute start appkey: config:
09-07 17:35:37.551 21364 21449 D NAccs.MsgDistribute:  handleControlMsg configTag: dataId: serviceId: command:103 errorCode:0 appReceiver:
09-07 17:35:37.552 21364 21449 E NAccs.MsgDistribute:  handBroadCastMsg command:103
09-07 17:35:37.552 21364 21364 D LeakCanary: Watching instance of com.umeng.message.component.UmengMessageHandlerService (com.umeng.message.component.UmengMessageHandlerService received Service#onDestroy() callback) with key b6d6fa19-2326-43ad-8001-dbc49c7d5c48
09-07 17:35:37.553 21364 21449 D NAccs.MsgDistribute:  handBroadCastMsg ACTION_CONNECT_INFO ConnectInfo{host='https://umengacs.m.taobao.com', isInapp=true, isCenterHost=true, connected=true, errorCode=0, errorDetail='null'}
09-07 17:35:37.553 21364 21364 E NAccs.a :  onResponse start dataId:1662543336757.3 serviceId:AgooDeviceCmd
09-07 17:35:37.553 21364 21364 I NAccs.RequestListener:  RequestListener onResponse dataId:1662543336757.3 listener:com.umeng.message.proguard.t$4@ce63674 json:{"resultCode":"success","cmd":"enablePush"}
09-07 17:35:37.553 21364 21364 D UPush.Impl: push enable success.
09-07 17:35:37.554 21364 21364 I UPush.BaseService: enqueue cls:UmengMessageHandlerService
09-07 17:35:37.554 21364 21364 I UPush.BaseService: jobId:21000
09-07 17:35:37.554   718   718 I SurfaceFlinger: FPS: 26
09-07 17:35:37.557  1710  5425 I chatty  : uid=1000(system) Binder:1710_18 expire 6 lines
09-07 17:35:37.560 21364 21364 E NAccs.a :  onResponse end dataId:1662543336757.3
09-07 17:35:37.561 21364 21364 W PlayUtils: [main] MediaBrowser disconnected. checkPosition = true
09-07 17:35:37.561 21364 21364 I NowPlayingFragmentVM: [main] MediaBrowser disconnected.
09-07 17:35:37.562  1710  5425 I PackageManager: ### pkg:Package{387a64 cn.missevan}
09-07 17:35:37.568 21364 21364 D PlayUtils: [main] reset playback position.
09-07 17:35:37.569 21364 21364 I NowPlayingFragmentVM: [main] PlayingViewModel playbackState onChanged  STATE_NONE, playbackSpeed = 1.0
09-07 17:35:37.586 21364 21521 I httpdns.holder.native: [RxCachedThreadScheduler-2] host rules *.maoercdn.com, *.bilivideo.com, *.missevan.com.
09-07 17:35:37.590 21364 21521 I httpdns.holder.native: [RxCachedThreadScheduler-2] Init native httpdns with provider ali.
09-07 17:35:37.600  1710  1841 I ActivityManager: Start proc 21629:cn.missevan:player/u0a612 for service cn.missevan/.play.player.PlayerService
09-07 17:35:37.607 21629 21629 I missevan:playe: Late-enabling -Xcheck:jni
09-07 17:35:37.621 21364 21434 D MobclickAgent: 普通统计数据: 发送成功!
09-07 17:35:37.626  1710  5423 I chatty  : uid=1000(system) Binder:1710_16 expire 1 line
09-07 17:35:37.627 21364 21521 I cr_BiliCrLibraryLoader: BiliCr version: 88.0.4324.188, arch: aarch64
09-07 17:35:37.628 21364 21521 W chromium: [0907/173537.627995:WARNING:httpdns_adapter.cc(290)] HttpDns init
09-07 17:35:37.630 21364 21421 D BLOG    : [DefaultDispatcher-worker-1] MissEvanFileMigrateHelper move4Q /storage/emulated/0/Download/MaoerFM/sound_blob to /storage/emulated/0/Android/data/cn.missevan/files/Audio/SoundBlob start
09-07 17:35:37.632 21364 21421 D BLOG    : [DefaultDispatcher-worker-1] MissEvanFileMigrateHelper start move /storage/emulated/0/Download/MaoerFM/sound_blob to /storage/emulated/0/Android/data/cn.missevan/files/Audio/SoundBlob
09-07 17:35:37.634 21364 21421 D MissEvanFileMigrateHelper: [DefaultDispatcher-worker-1] /storage/emulated/0/Download/MaoerFM/sound_blob/.temp dir is empty
09-07 17:35:37.635 21364 21421 D BLOG    : [DefaultDispatcher-worker-1] MissEvanFileMigrateHelper move /storage/emulated/0/Download/MaoerFM/sound_blob to /storage/emulated/0/Android/data/cn.missevan/files/Audio/SoundBlob done. cost 1 ms
09-07 17:35:37.636 21364 21421 D BLOG    : [DefaultDispatcher-worker-1] MissEvanFileMigrateHelper move4Q /storage/emulated/0/Download/MaoerFM/sound_blob to /storage/emulated/0/Android/data/cn.missevan/files/Audio/SoundBlob success
09-07 17:35:37.639  1710  5423 D ConnectivityService: requestNetwork for uid/pid:10612/21364 NetworkRequest [ TRACK_DEFAULT id=3237, [ Capabilities: INTERNET&NOT_RESTRICTED&TRUSTED Unwanted:  Uid: 10612] ]
09-07 17:35:37.640  1710  2069 I chatty  : uid=1000(system) WifiStateMachin expire 2 lines
09-07 17:35:37.641  1710  2083 D ConnectivityService: isWifiPoorLink:false, nai.everValidated:true, networkType:1, networkDetailedState:CONNECTED, nai.isLingering():false, unneeded(nai, UnneededFor.TEARDOWN):false
09-07 17:35:37.641  1710  2156 I chatty  : uid=1000(system) EthernetService expire 1 line
09-07 17:35:37.641  2762  2762 D PhoneSwitcherNetworkRequstListener: got request NetworkRequest [ TRACK_DEFAULT id=3237, [ Capabilities: INTERNET&NOT_RESTRICTED&TRUSTED Unwanted:  Uid: 10612] ] with score 60
09-07 17:35:37.645  1710  2083 D ConnectivityService: isWifiPoorLink:false, nai.everValidated:true, networkType:1, networkDetailedState:CONNECTED, nai.isLingering():false, unneeded(nai, UnneededFor.TEARDOWN):false
09-07 17:35:37.648 21364 21421 D BLOG    : [DefaultDispatcher-worker-1] MissEvanFileMigrateHelper move4Q /storage/emulated/0/Download/MaoerFM/Alarm to /storage/emulated/0/Android/data/cn.missevan/files/Audio/Alarm start
09-07 17:35:37.656 21364 21421 D BLOG    : [DefaultDispatcher-worker-1] MissEvanFileMigrateHelper start move /storage/emulated/0/Download/MaoerFM/Alarm to /storage/emulated/0/Android/data/cn.missevan/files/Audio/Alarm
09-07 17:35:37.661 21364 21626 D SentryLog: [SentryAsyncConnection-0] Envelope sent successfully.
09-07 17:35:37.664 21364 21626 D SentryLog: [SentryAsyncConnection-0] Discarding envelope from cache: /data/user/0/cn.missevan/cache/sentry/a95dbab4-6fa8-4617-887a-b5179433e6d3.envelope
09-07 17:35:37.665 21364 21421 D MissEvanFileMigrateHelper: [DefaultDispatcher-worker-1] /storage/emulated/0/Download/MaoerFM/Alarm dir is empty
09-07 17:35:37.666 21364 21626 D SentryLog: [SentryAsyncConnection-0] Envelope flushed
09-07 17:35:37.667 21364 21421 D BLOG    : [DefaultDispatcher-worker-1] MissEvanFileMigrateHelper move /storage/emulated/0/Download/MaoerFM/Alarm to /storage/emulated/0/Android/data/cn.missevan/files/Audio/Alarm done. cost 1 ms
09-07 17:35:37.668 21364 21626 D SentryLog: [SentryAsyncConnection-0] Adding Envelope to offline storage: /data/user/0/cn.missevan/cache/sentry/1ecd25a0949d4543bd4f0b72daa8c747.envelope
09-07 17:35:37.668 21364 21421 D BLOG    : [DefaultDispatcher-worker-1] MissEvanFileMigrateHelper move4Q /storage/emulated/0/Download/MaoerFM/Alarm to /storage/emulated/0/Android/data/cn.missevan/files/Audio/Alarm success
09-07 17:35:37.690  1710  5183 I chatty  : uid=1000(system) Binder:1710_12 expire 11 lines
09-07 17:35:37.699 21364 21433 D UMLog   : 当前发送策略为: 间隔发送。间隔时间为：90秒。详见链接 https://developer.umeng.com/docs/66632/detail/66976?um_channel=sdk
09-07 17:35:37.703 21364 21640 I chromium: [0907/173537.702972:INFO:httpdns.cc(234)] OnEffectiveConnectionTypeChanged called by httpdns context networks 5
09-07 17:35:37.731 21364 21626 D SentryLog: [SentryAsyncConnection-0] Serializing object: {"start_timestamp":"2022-09-07T09:35:36.809Z","timestamp":"2022-09-07T09:35:37.470Z","transaction":"MainActivity","type":"transaction","breadcrumbs":[{"category":"ui.lifecycle","data":{"screen":"SplashActivity","state":"created"},"level":"info","timestamp":"2022-09-07T09:35:36.275Z","type":"navigation"},{"category":"ui.lifecycle","data":{"screen":"MainActivity","state":"created"},"level":"info","timestamp":"2022-09-07T09:35:36.801Z","type":"navigation"},{"category":"ui.lifecycle","data":{"screen":"MainActivity","state":"started"},"level":"info","timestamp":"2022-09-07T09:35:37.139Z","type":"navigation"},{"category":"app.lifecycle","data":{"state":"start"},"level":"info","timestamp":"2022-09-07T09:35:37.457Z","type":"session"},{"category":"app.lifecycle","data":{"state":"foreground"},"level":"info","timestamp":"2022-09-07T09:35:37.463Z","type":"navigation"},{"category":"ui.lifecycle","data":{"screen":"MainActivity","state":"resumed"},"level":"info","timestamp":"2022-09-07T09:35:37.469Z","type":"navigation"}],"contexts":{"app":{"app_build":"5070300","app_identifier":"cn.missevan","app_name":"猫耳FM","app_start_time":"2022-09-07T09:35:34.189Z","app_version":"5.7.3"},"trace":{"op":"ui.load","span_id":"bfa4bd3db15b4b31","status":"ok","trace_id":"6f949520271945b8a452c3afb03a354a"},"os":{"build":"PKQ1.180819.001 release-keys","kernel_version":"4.4.153-perf+","name":"Android","rooted":false,"version":"9"},"device":{"archs":["arm64-v8a","armeabi-v7a","armeabi"],"boot_time":"2022-09-01T19:25:18.185Z","brand":"vivo","family":"vivo","id":"5b35e393-7583-4eb7-8e6a-954fc6529aee","language":"zh","locale":"zh_CN","manufacturer":"vivo","model":"vivo X21A","model_id":"PKQ1.180819.001","name":"vivo X21A","orientation":"portrait","screen_density":3.0,"screen_dpi":480,"screen_height_pixels":2075,"screen_width_pixels":1080,"simulator":false,"timezone":"Asia/Shanghai"}},"dist":"5070300","environment":"staging","event_id":"1ecd25a0949d4543bd4f0b72daa8c747","platform":"java","release":"cn.missevan@5.7.3+5070300","sdk":{"name":"sentry.java.android","packages":[{"name":"maven:io.sentry:sentry","version":"5.6.3"},{"name":"maven:io.sentry:sentry-android-core","version":"5.6.3"},{"name":"maven:io.sentry:sentry-android-ndk","version":"5.6.3"}],"version":"5.6.3"},"tags":{"equip_id":"6316f88c-9359-7715-6d21-da94c5b44efc","installerStore":"com.android.packageinstaller","buvid":"XY277FF2DFB139F19721118D30677E832AAF4","channel":"missevan","version_code":"5070300","isSideLoaded":"false","commitId":"e89fe33-64-debug","version":"5.7.3"},"user":{"id":"5b35e393-7583-4eb7-8e6a-954fc6529aee","other":{"equip_id":"6316f88c-9359-7715-6d21-da94c5b44efc","buvid":"XY277FF2DFB139F19721118D30677E832AAF4"}}}
09-07 17:35:37.743 21629 21629 I missevan:playe: The ClassLoaderContext is a special shared library.
09-07 17:35:37.761 21364 21640 E chromium: [0907/173537.761266:ERROR:request.cc(346)] Error net::ERR_CONNECTION_RESET on chromium request: http://203.107.1.34/191607/resolve?host=fm.uat.missevan.com&query=4
09-07 17:35:37.761 21364 21639 E chromium: [0907/173537.761451:ERROR:response_handler.cc(47)] OnFailed net::ERR_CONNECTION_RESET
09-07 17:35:37.808 21364 21433 D MobclickAgent: 本次启动会话:{"sessions":[{"id":"765D530EED57EBB7B3CE1DD3F3908707","start_time":"1662543337479"}]}
09-07 17:35:37.809 21364 21433 D MobclickAgent: 本次启动账号:{"active_user":{"provider":"_adhoc","puid":"14241060"}}
09-07 17:35:37.809 21364 21433 D MobclickAgent: 本次启动基础信息:{"sdk_version":"9.5.0","device_id":"776ba695d5c3ba5d","device_model":"vivo X21A","version":5070300,"appkey":"546d7dd7fd98c58fc800082c","channel":"missevan"}
09-07 17:35:37.822 21364 21628 I Adreno  : QUALCOMM build                   : 9128d71, Ib33d3e8e13
09-07 17:35:37.822 21364 21628 I Adreno  : Build Date                       : 11/02/18
09-07 17:35:37.822 21364 21628 I Adreno  : OpenGL ES Shader Compiler Version: EV031.25.03.01
09-07 17:35:37.822 21364 21628 I Adreno  : Local Branch                     :
09-07 17:35:37.822 21364 21628 I Adreno  : Remote Branch                    :
09-07 17:35:37.822 21364 21628 I Adreno  : Remote Branch                    :
09-07 17:35:37.822 21364 21628 I Adreno  : Reconstruct Branch               :
09-07 17:35:37.822 21364 21628 I Adreno  : Build Config                     : S L 6.0.7 AArch64
09-07 17:35:37.827 21364 21628 I Adreno  : PFP: 0x005ff112, ME: 0x005ff066
09-07 17:35:37.828 21364 21628 I ConfigStore: android::hardware::configstore::V1_0::ISurfaceFlingerConfigs::hasWideColorDisplay retrieved: 0
09-07 17:35:37.828 21364 21628 I ConfigStore: android::hardware::configstore::V1_0::ISurfaceFlingerConfigs::hasHDRDisplay retrieved: 0
09-07 17:35:37.829 21364 21628 I OpenGLRenderer: Initialized EGL, version 1.4
09-07 17:35:37.829 21364 21628 D OpenGLRenderer: Swap behavior 2
09-07 17:35:37.835   718  3686 E         : IProducerListener: malformed binder reply
09-07 17:35:37.847 21364 21433 D UMLog   : 当前发送策略为: 间隔发送。间隔时间为：90秒。详见链接 https://developer.umeng.com/docs/66632/detail/66976?um_channel=sdk
09-07 17:35:37.855 21364 21433 D MobclickAgent: 数据发送策略 : ReportByInterval
09-07 17:35:37.856 21364 21433 D UMLog   : 当前发送策略为: 间隔发送。间隔时间为：90秒。详见链接 https://developer.umeng.com/docs/66632/detail/66976?um_channel=sdk
09-07 17:35:37.875 21364 21626 D SentryLog: [SentryAsyncConnection-0] Envelope sent successfully.
09-07 17:35:37.880 21364 21626 D SentryLog: [SentryAsyncConnection-0] Discarding envelope from cache: /data/user/0/cn.missevan/cache/sentry/1ecd25a0949d4543bd4f0b72daa8c747.envelope
09-07 17:35:37.884 21364 21626 D SentryLog: [SentryAsyncConnection-0] Envelope flushed
09-07 17:35:37.916  1710  5423 I chatty  : uid=1000(system) Binder:1710_16 expire 2 lines
09-07 17:35:37.939  1710  1863 I chatty  : uid=1000(system) android.display expire 1 line
09-07 17:35:37.958 21364 21532 I BLOG    : [RxCachedThreadScheduler-3] HTTP request: [2022-09-07T09:35:36.891Z] GET https://fm.uat.missevan.com/api/user/info 200 1059ms 0
09-07 17:35:37.960 21364 21542 I BLOG    : [RxCachedThreadScheduler-4] HTTP request: [2022-09-07T09:35:37.437Z] GET https://app.uat.missevan.com/site/tabs 200 512ms 0
09-07 17:35:37.961 21364 21524 I CronetEngine: [thread_background]
09-07 17:35:37.961 21364 21524 I CronetEngine: url: https://data.uat.missevan.com/v2/site/notifications?active=1
09-07 17:35:37.961 21364 21524 I CronetEngine:  ip: 10.21.250.10
09-07 17:35:37.961 21364 21524 I CronetEngine:  hostResolverProvider: system
09-07 17:35:37.961 21364 21524 I CronetEngine:  hostResolveIps: ["10.21.250.10"]
09-07 17:35:37.961 21364 21524 I CronetEngine:
09-07 17:35:37.963 21364 21510 I BLOG    : [RxCachedThreadScheduler-1] HTTP request: [2022-09-07T09:35:37.164Z] GET https://data.uat.missevan.com/v2/site/notifications?active=1 200 711ms 0
09-07 17:35:37.963 21364 21524 I CronetEngine: [thread_background]
09-07 17:35:37.963 21364 21524 I CronetEngine: url: https://app.uat.missevan.com/site/tabs
09-07 17:35:37.963 21364 21524 I CronetEngine:  ip: 10.21.250.10
09-07 17:35:37.963 21364 21524 I CronetEngine:  hostResolverProvider:
09-07 17:35:37.963 21364 21524 I CronetEngine:  hostResolveIps: []
09-07 17:35:37.963 21364 21524 I CronetEngine:
09-07 17:35:37.964 21364 21524 I CronetEngine: [thread_background]
09-07 17:35:37.964 21364 21524 I CronetEngine: url: https://fm.uat.missevan.com/api/user/info
09-07 17:35:37.964 21364 21524 I CronetEngine:  ip: 10.21.250.10
09-07 17:35:37.964 21364 21524 I CronetEngine:  hostResolverProvider: system
09-07 17:35:37.964 21364 21524 I CronetEngine:  hostResolveIps: ["10.21.250.10"]
09-07 17:35:37.964 21364 21524 I CronetEngine:
09-07 17:35:37.976 21364 21364 W MainActivityViewModel: [main] DownloadFileResolver, Start process local downloaded files!!!
09-07 17:35:37.976 21364 21524 I CronetEngine: [thread_background]
09-07 17:35:37.976 21364 21524 I CronetEngine: url: https://app.uat.missevan.com/site/get-emote
09-07 17:35:37.976 21364 21524 I CronetEngine:  ip: 10.21.250.10
09-07 17:35:37.976 21364 21524 I CronetEngine:  hostResolverProvider: system
09-07 17:35:37.976 21364 21524 I CronetEngine:  hostResolveIps: ["10.21.250.10"]
09-07 17:35:37.976 21364 21524 I CronetEngine:
09-07 17:35:37.977 21364 21524 I CronetEngine: [thread_background]
09-07 17:35:37.977 21364 21524 I CronetEngine: url: https://app.uat.missevan.com/site/config
09-07 17:35:37.977 21364 21524 I CronetEngine:  ip: 10.21.250.10
09-07 17:35:37.977 21364 21524 I CronetEngine:  hostResolverProvider:
09-07 17:35:37.977 21364 21524 I CronetEngine:  hostResolveIps: []
09-07 17:35:37.977 21364 21524 I CronetEngine:
09-07 17:35:37.979 21364 21543 I BLOG    : [RxCachedThreadScheduler-5] HTTP request: [2022-09-07T09:35:37.394Z] GET https://app.uat.missevan.com/site/get-emote 200 560ms 0
09-07 17:35:37.993  4737  4737 D logVersionTime: 20201215
09-07 17:35:37.994 21364 21524 I CronetEngine: [thread_background]
09-07 17:35:37.994 21364 21524 I CronetEngine: url: https://app.uat.missevan.com/site/launch?app_sign=926d1dd5ca9cbb9704250acdd3c95abb&supported_abis=arm64-v8a%2Carmeabi-v7a%2Carmeabi&runtime_abi=arm64-v8a&version_code=5070300
09-07 17:35:37.994 21364 21524 I CronetEngine:  ip: 10.21.250.10
09-07 17:35:37.994 21364 21524 I CronetEngine:  hostResolverProvider:
09-07 17:35:37.994 21364 21524 I CronetEngine:  hostResolveIps: []
09-07 17:35:37.994 21364 21524 I CronetEngine:
09-07 17:35:37.995 21364 21624 D SentryLog: [RxCachedThreadScheduler-6] Capturing transaction: 696a489bc47a405e84b12654cfb12fde
09-07 17:35:38.002 21364 21612 I UPush.BaseService: onHandleWork
09-07 17:35:38.004 21364 21421 I DownloadFileResolver: [DefaultDispatcher-worker-1] Found downloaded files: 0
09-07 17:35:38.012 21364 21612 I UPush.MessageHandlerService: action: com.umeng.message.action command:enable
09-07 17:35:38.012 21364 21612 I UPush.MessageHandlerService: push open status:true
09-07 17:35:38.014 21364 21626 D SentryLog: [SentryAsyncConnection-0] Adding Envelope to offline storage: /data/user/0/cn.missevan/cache/sentry/696a489bc47a405e84b12654cfb12fde.envelope
09-07 17:35:38.019  1710  2664 I chatty  : uid=1000(system) Binder:1710_8 expire 1 line
09-07 17:35:38.025 21364 21364 D LeakCanary: Watching instance of androidx.fragment.app.FragmentManagerViewModel (androidx.fragment.app.FragmentManagerViewModel received ViewModel#onCleared() callback) with key 89e2a472-75f7-43d8-9fab-b06a12169e30
09-07 17:35:38.026 21364 21364 D LeakCanary: Watching instance of leakcanary.internal.ViewModelClearedWatcher (leakcanary.internal.ViewModelClearedWatcher received ViewModel#onCleared() callback) with key 983e27e4-830c-4105-b4de-faf0300f0070
09-07 17:35:38.026 21364 21434 D MobclickAgent: 本次启动数据: 发送成功!
09-07 17:35:38.026 21364 21364 D LeakCanary: Watching instance of androidx.lifecycle.ReportFragment (androidx.lifecycle.ReportFragment received Fragment#onDestroy() callback) with key a4248b1a-e445-444b-94e3-0b49892f59fb
09-07 17:35:38.027 21364 21364 D LeakCanary: Watching instance of cn.missevan.activity.SplashActivity (cn.missevan.activity.SplashActivity received Activity#onDestroy() callback) with key 71847d0d-e6c3-48a0-84dc-3c0d704b9a6a
09-07 17:35:38.038 21364 21624 I BLOG    : [RxCachedThreadScheduler-6] HTTP request: [2022-09-07T09:35:37.451Z] GET https://app.uat.missevan.com/site/launch?app_sign=926d1dd5ca9cbb9704250acdd3c95abb&supported_abis=arm64-v8a%2Carmeabi-v7a%2Carmeabi&runtime_abi=arm64-v8a&version_code=5070300 200 530ms 0
09-07 17:35:38.042 21364 21421 I EmoteUtil: [DefaultDispatcher-worker-1] Same emoticon package. load emotes from local..
09-07 17:35:38.045  4737  4737 D MainImeServiceDel: mHandler = 76
09-07 17:35:38.058  1710  1840 I chatty  : uid=1000(system) android.ui expire 2 lines
09-07 17:35:38.059  2713 11977 I chatty  : uid=1000(system) Binder:2713_F expire 3 lines
09-07 17:35:38.059  2713  3727 I chatty  : uid=1000(system) Binder:2713_6 expire 4 lines
09-07 17:35:38.060  1710  5183 I chatty  : uid=1000(system) Binder:1710_12 expire 2 lines
09-07 17:35:38.069 21364 21422 I EmoteUtil: [DefaultDispatcher-worker-2] Add 80 emotes
09-07 17:35:38.071 21364 21422 I EmoteUtil: [DefaultDispatcher-worker-2] Add 50 emotes
09-07 17:35:38.072 21364 21422 I EmoteUtil: [DefaultDispatcher-worker-2] Add 18 emotes
09-07 17:35:38.075 21364 21626 D SentryLog: [SentryAsyncConnection-0] Serializing object: {"measurements":{"app_start_cold":{"value":3279.0}},"spans":[{"description":"Cold Start","op":"app.start.cold","parent_span_id":"acb1e53dea7344cc","span_id":"c158798587da4270","start_timestamp":"2022-09-07T09:35:34.189Z","timestamp":"2022-09-07T09:35:37.469Z","trace_id":"9e66ae2b39cb49908683068d75f03f40"},{"description":"GET https://data.uat.missevan.com/v2/site/notifications?active=1","op":"http.client","parent_span_id":"c158798587da4270","span_id":"2c3d8ecb3ccd4013","start_timestamp":"2022-09-07T09:35:37.162Z","status":"ok","timestamp":"2022-09-07T09:35:37.941Z","trace_id":"9e66ae2b39cb49908683068d75f03f40"},{"description":"GET https://app.uat.missevan.com/site/tabs","op":"http.client","parent_span_id":"2c3d8ecb3ccd4013","span_id":"73e21cac50354757","start_timestamp":"2022-09-07T09:35:37.436Z","status":"ok","timestamp":"2022-09-07T09:35:37.954Z","trace_id":"9e66ae2b39cb49908683068d75f03f40"},{"description":"GET https://app.uat.missevan.com/site/launch?app_sign=926d1dd5ca9cbb9704250acdd3c95abb&supported_abis=arm64-v8a%2Carmeabi-v7a%2Carmeabi&runtime_abi=arm64-v8a&version_code=5070300","op":"http.client","parent_span_id":"73e21cac50354757","span_id":"15332b9f7bd84ef2","start_timestamp":"2022-09-07T09:35:37.450Z","status":"ok","timestamp":"2022-09-07T09:35:37.993Z","trace_id":"9e66ae2b39cb49908683068d75f03f40"}],"start_timestamp":"2022-09-07T09:35:34.189Z","timestamp":"2022-09-07T09:35:37.994Z","transaction":"SplashActivity","type":"transaction","breadcrumbs":[{"category":"ui.lifecycle","data":{"screen":"SplashActivity","state":"created"},"level":"info","timestamp":"2022-09-07T09:35:36.275Z","type":"navigation"},{"category":"ui.lifecycle","data":{"screen":"MainActivity","state":"created"},"level":"info","timestamp":"2022-09-07T09:35:36.801Z","type":"navigation"},{"category":"ui.lifecycle","data":{"screen":"MainActivity","state":"started"},"level":"info","timestamp":"2022-09-07T09:35:37.139Z","type":"navigation"},{"category":"app.lifecycle","data":{"state":"start"},"level":"info","timestamp":"2022-09-07T09:35:37.457Z","type":"session"},{"category":"app.lifecycle","data":{"state":"foreground"},"level":"info","timestamp":"2022-09-07T09:35:37.463Z","type":"navigation"},{"category":"ui.lifecycle","data":{"screen":"MainActivity","state":"resumed"},"level":"info","timestamp":"2022-09-07T09:35:37.469Z","type":"navigation"},{"category":"http","data":{"status_code":200,"method":"GET","url":"https://data.uat.missevan.com/v2/site/notifications?active=1","response_body_size":36},"timestamp":"2022-09-07T09:35:37.941Z","type":"http"},{"category":"http","data":{"status_code":200,"method":"GET","url":"https://app.uat.missevan.com/site/tabs","response_body_size":415},"timestamp":"2022-09-07T09:35:37.954Z","type":"http"},{"category":"http","data":{"status_code":200,"method":"GET","url":"https://fm.uat.missevan.com/api/user/info","response_body_size":67},"timestamp":"2022-09-07T09:35:37.955Z","type":"http"},{"category":"http","data":{"status_code":200,"method":"GET","url":"https://app.uat.missevan.com/site/config","response_body_size":8706},"timestamp":"2022-09-07T09:35:37.973Z","type":"http"}],"contexts":{"app":{"app_build":"5070300","app_identifier":"cn.missevan","app_name":"猫耳FM","app_start_time":"2022-09-07T09:35:34.189Z","app_version":"5.7.3"},"trace":{"op":"ui.load","span_id":"acb1e53dea7344cc","status":"ok","trace_id":"9e66ae2b39cb49908683068d75f03f40"},"os":{"build":"PKQ1.180819.001 release-keys","kernel_version":"4.4.153-perf+","name":"Android","rooted":false,"version":"9"},"device":{"archs":["arm64-v8a","armeabi-v7a","armeabi"],"boot_time":"2022-09-01T19:25:18.184Z","brand":"vivo","family":"vivo","id":"5b35e393-7583-4eb7-8e6a-954fc6529aee","language":"zh","locale":"zh_CN","manufacturer":"vivo","model":"vivo X21A","model_id":"PKQ1.180819.001","name":"vivo X21A","orientation":"portrait","screen_density":3.0,"screen_dpi":480,"screen_height_pixels":2075,"screen_width_pixels":1080,"simulator":false,"timezone":"Asia/Shangh
09-07 17:35:38.075 21364 21626 D SentryLog: ai"}},"dist":"5070300","environment":"staging","event_id":"696a489bc47a405e84b12654cfb12fde","platform":"java","release":"cn.missevan@5.7.3+5070300","sdk":{"name":"sentry.java.android","packages":[{"name":"maven:io.sentry:sentry","version":"5.6.3"},{"name":"maven:io.sentry:sentry-android-core","version":"5.6.3"},{"name":"maven:io.sentry:sentry-android-ndk","version":"5.6.3"}],"version":"5.6.3"},"tags":{"equip_id":"6316f88c-9359-7715-6d21-da94c5b44efc","installerStore":"com.android.packageinstaller","buvid":"XY277FF2DFB139F19721118D30677E832AAF4","channel":"missevan","version_code":"5070300","isSideLoaded":"false","commitId":"e89fe33-64-debug","version":"5.7.3"},"user":{"id":"5b35e393-7583-4eb7-8e6a-954fc6529aee","other":{"equip_id":"6316f88c-9359-7715-6d21-da94c5b44efc","buvid":"XY277FF2DFB139F19721118D30677E832AAF4"}}}
09-07 17:35:38.089 21364 21433 D MobclickAgent: 事件:{"ekv":[{"9327447B8479A3B5101E6467A77914C5":[{"id":"$$_onUMengEnterForeground","ts":1662543337142,"activityName":"cn.missevan.activity.MainActivity@6497410","pid":21364,"isMainProcess":1,"pairUUID":"98445bf1-ea2d-4217-8d8b-04c151e253ac","ds":0,"pn":"cn.missevan"}]}]}
09-07 17:35:38.089 21364 21433 D MobclickAgent: 会话:{"sessions":[{"id":"9327447B8479A3B5101E6467A77914C5","start_time":"1662540943177","end_time":"1662542715729","duration":1772552,"traffic":{"download_traffic":172443781,"upload_traffic":6317883},"pages":[{"page_name":"cn.missevan.activity.MainActivity","duration":49530,"type":0,"ts":1662540943177},{"page_name":"cn.missevan.activity.MainActivity","duration":1721582,"type":0,"ts":1662540994146}],"$page_num":2}]}
09-07 17:35:38.089 21364 21433 D MobclickAgent: 账号:{"active_user":{"provider":"_adhoc","puid":"14241060"}}
09-07 17:35:38.090 21364 21433 D MobclickAgent: 基础信息:{"sdk_version":"9.5.0","device_id":"776ba695d5c3ba5d","device_model":"vivo X21A","version":5070300,"appkey":"546d7dd7fd98c58fc800082c","channel":"missevan"}
09-07 17:35:38.104  1710  2023 I Letterbox: setColorInner, color = ffffffff, callers = com.android.server.wm.VivoBaseLetterbox$VivoBaseLetterboxSurface.setColor:66 com.android.server.wm.VivoBaseLetterbox.setColors:46 com.android.server.wm.VivoBaseAppWindowToken.updateLetterboxColor:323 com.android.server.wm.VivoBaseAppWindowToken.updateLetterboxSurface:82 com.android.server.wm.AppWindowToken.updateLetterboxSurface:1669
09-07 17:35:38.112   718  3686 W SurfaceFlinger: Attempting to set client state on removed layer: Splash Screen cn.missevan#0
09-07 17:35:38.112   718  3686 W SurfaceFlinger: Attempting to destroy on removed layer: Splash Screen cn.missevan#0
09-07 17:35:38.128 21364 21433 D MobclickAgent: 创建新会话: 765D530EED57EBB7B3CE1DD3F3908707
09-07 17:35:38.141 21364 21364 I PlayApplication: [main] getConfig, vivoChannelUseX5: 1, otherChannelUseX5: 2
09-07 17:35:38.160 21364 21364 I PlayApplication: [main] localPlayerType: 1, serverPlayerType: 1
09-07 17:35:38.172 21364 21364 D LeakCanary: Watching instance of com.umeng.message.component.UmengMessageHandlerService (com.umeng.message.component.UmengMessageHandlerService received Service#onDestroy() callback) with key e2d46aee-1418-4276-9340-6e11feafa0ec
09-07 17:35:38.172 21364 21364 I BLOG    : [main] launch api success
09-07 17:35:38.182 21364 21364 I SplashFragment: [main] waitContinue action executing, launch api is success
09-07 17:35:38.183 21364 21364 I SplashFragment: [main] initCustomStartSound
09-07 17:35:38.227 21364 21626 D SentryLog: [SentryAsyncConnection-0] Envelope sent successfully.
09-07 17:35:38.230 21364 21626 D SentryLog: [SentryAsyncConnection-0] Discarding envelope from cache: /data/user/0/cn.missevan/cache/sentry/696a489bc47a405e84b12654cfb12fde.envelope
09-07 17:35:38.231 21364 21626 D SentryLog: [SentryAsyncConnection-0] Envelope flushed
09-07 17:35:38.255 21364 21434 D MobclickAgent: 普通统计数据: 发送成功!
09-07 17:35:38.300 21364 21364 I httpdns.okhttp.wrapper: [main] OkHttp httpdns enabled.
09-07 17:35:38.331 21364 21364 I MainActivity: [main] webview config, isVivo: true, mUseX5WebCore: true, vivoUseX5: true, otherUseX5: true
09-07 17:35:38.367 21364 21611 D UPush.Net: req: https://msg.umengcloud.com/v3/alias/delete
09-07 17:35:38.367 21364 21611 D UPush.Net: {"header":{"appkey":"546d7dd7fd98c58fc800082c","channel":"missevan","umid":"aie23efbafd38e95fbe62c2198813cfa3f","din":"","device_id":"RyNUt34RQuqi7ohCa8YHKRusS9Ee9DfE6bI2BmKqewo=","idmd5":"BF6490B2F2E3CE1888812881A57A74D1","mc":"02:00:00:00:00:00","android_id":"776ba695d5c3ba5d","serial_number":"","push_switch":"true","sdk_type":"Android","sdk_version":"6.5.3","access":"Wi-Fi","access_subtype":"","carrier":"","device_model":"vivo X21A","os":"Android","os_version":"9","app_version":"5.7.3","version_code":"5070300","package_name":"cn.missevan","resolution":"1080*2075","cpu":"AArch64 Processor rev 2 (aarch64)","timezone":8,"country":"CN","language":"zh"},"utdid":"Yxb4jenW6G8DAAMnawpgwtMM","device_token":"AsW6hOOy22KJLf-ncGHDmVI4cndJlqhPXVeMFEiiaiip","alias":"dev","type":"user_id","ts":1662543338111}
09-07 17:35:38.367 21364 21611 D UPush.Net: resp:
09-07 17:35:38.367 21364 21611 D UPush.Net: {"success":"ok","interval":0}
09-07 17:35:38.367 21364 21611 D UPush.Net: consume:254
09-07 17:35:38.378 21364 21611 I Umeng   : [UPush-4] userId: alias:dev,type:user_id删除成功
09-07 17:35:38.382 21364 21611 I UPush.Prefs: type:uuid,alias:umeng:dev6316f88c-9359-7715-6d21-da94c5b44efc,exclusive:0
09-07 17:35:38.385 21364 21611 I UPush.Prefs: count:1
09-07 17:35:38.385 21364 21611 I UPush.Prefs: typeTmp:uuid,aliasTmp:umeng:dev6316f88c-9359-7715-6d21-da94c5b44efc,type:uuid,alias:umeng:dev6316f88c-9359-7715-6d21-da94c5b44efc
09-07 17:35:38.386 21364 21611 D UPush.Track: addAlias: <dev6316f88c-9359-7715-6d21-da94c5b44efc, uuid> has been synced to the server before. Ignore this request
09-07 17:35:38.398 21364 21676 I cn.missevan: Thread[40,tid=21676,Native,Thread*=0x7e281c0800,peer=0x16728488,"glide-source-thread-0"] recursive attempt to load library "/data/app/cn.missevan-8kelM4HJoTWVrdStME8bVQ==/lib/arm64/libglide-webp.so"
09-07 17:35:38.409  1710  2176 I chatty  : uid=1000(system) AutobacklightTh identical 1 line
09-07 17:35:38.413 21364 21611 I Umeng   : [UPush-4] equipId: alias:dev6316f88c-9359-7715-6d21-da94c5b44efc已经添加
09-07 17:35:38.423 21364 21611 I UPush.Prefs: type:buvid,alias:umeng:devXY277FF2DFB139F19721118D30677E832AAF4,exclusive:0
09-07 17:35:38.426 21364 21611 I UPush.Prefs: count:1
09-07 17:35:38.426 21364 21611 I UPush.Prefs: typeTmp:buvid,aliasTmp:umeng:devXY277FF2DFB139F19721118D30677E832AAF4,type:buvid,alias:umeng:devXY277FF2DFB139F19721118D30677E832AAF4
09-07 17:35:38.427 21364 21611 D UPush.Track: addAlias: <devXY277FF2DFB139F19721118D30677E832AAF4, buvid> has been synced to the server before. Ignore this request
09-07 17:35:38.437 21364 21375 I cn.missevan: Background concurrent copying GC freed 347659(17MB) AllocSpace objects, 94(7MB) LOS objects, 49% free, 21MB/43MB, paused 534us total 104.481ms
09-07 17:35:38.444 21364 21611 I Umeng   : [UPush-4] buvid: alias:devXY277FF2DFB139F19721118D30677E832AAF4已经添加
09-07 17:35:38.520 21364 21364 I ExoPlayerImpl: Init bdd0319 [ExoPlayerLib/2.17.1] [PD1728, vivo X21A, vivo, 28]
09-07 17:35:38.648   716 23466 V AudioFlinger: registerClient() client 0xe34096a8, pid 21364
09-07 17:35:38.649   716 23466 V AudioFlinger: sendConfigEvent_l() num events 1 event 0
09-07 17:35:38.649   716 23466 I chatty  : uid=1041(audioserver) Binder:716_6 identical 1 line
09-07 17:35:38.649   716 23466 V AudioFlinger: sendConfigEvent_l() num events 1 event 0
09-07 17:35:38.649   716   917 V AudioFlinger: thread 0xe2f15e00 type 0 TID 917 waking up
09-07 17:35:38.649   716   920 V AudioFlinger: thread 0xe2883d00 type 0 TID 920 waking up
09-07 17:35:38.650   716   917 V AudioFlinger: acquireWakeLock_l() AudioOut_D status 0
09-07 17:35:38.650   716   917 D AudioFlinger: updateWakeLockUids_l AudioOut_D uids:
09-07 17:35:38.651   716   920 V AudioFlinger: acquireWakeLock_l() AudioOut_25 status 0
09-07 17:35:38.651   716   920 D AudioFlinger: updateWakeLockUids_l AudioOut_25 uids:
09-07 17:35:38.651   716   919 V AudioFlinger: thread 0xe2b839c0 type 0 TID 919 waking up
09-07 17:35:38.651   716   920 V AudioFlinger: updateWakeLockUids_l() AudioOut_25 status 0
09-07 17:35:38.651   716   920 V AudioFlinger: processConfigEvents_l() remaining events 1
09-07 17:35:38.651   716   920 V AudioFlinger: PlaybackThread::ioConfigChanged, thread 0xe2883d00, event 0
09-07 17:35:38.651   716   919 V AudioFlinger: acquireWakeLock_l() AudioOut_15 status 0
09-07 17:35:38.651   716   919 D AudioFlinger: updateWakeLockUids_l AudioOut_15 uids:
09-07 17:35:38.651   716   919 V AudioFlinger: updateWakeLockUids_l() AudioOut_15 status 0
09-07 17:35:38.652   716   919 V AudioFlinger: processConfigEvents_l() remaining events 1
09-07 17:35:38.652   716   919 V AudioFlinger: PlaybackThread::ioConfigChanged, thread 0xe2b839c0, event 0
09-07 17:35:38.652   716   917 V AudioFlinger: updateWakeLockUids_l() AudioOut_D status 0
09-07 17:35:38.652   716   917 V AudioFlinger: processConfigEvents_l() remaining events 1
09-07 17:35:38.652   716   917 V AudioFlinger: PlaybackThread::ioConfigChanged, thread 0xe2f15e00, event 0
09-07 17:35:38.652   716   920 V AudioFlinger: processConfigEvents_l() DONE thread 0xe2883d00
09-07 17:35:38.653   716   917 V AudioFlinger: processConfigEvents_l() DONE thread 0xe2f15e00
09-07 17:35:38.653   716   919 V AudioFlinger: processConfigEvents_l() DONE thread 0xe2b839c0
09-07 17:35:38.654   716 23466 V APM::AudioPolicyEngine: getDeviceForStrategy() strategy 0, device 2
09-07 17:35:38.670 21364 21364 W AudioManager: Use of stream types is deprecated for operations other than volume control
09-07 17:35:38.670 21364 21364 W AudioManager: See the documentation of requestAudioFocus() for what to use instead with android.media.AudioAttributes to qualify your playback use case
09-07 17:35:38.672  1710  2986 I chatty  : uid=1000(system) Binder:1710_D expire 2 lines
09-07 17:35:38.690 21364 21364 D DexLoader: WebCoreClassLoader - loadClass(com.tencent.smtt.net.SWOfflineFramework$4,false)...
09-07 17:35:38.691 21364 21364 D DexLoader: WebCoreClassLoader - loadClass(com.tencent.smtt.net.SWOfflineFramework$2,false)...
09-07 17:35:38.691 21364 21364 D DexLoader: WebCoreClassLoader - loadClass(com.tencent.smtt.net.SWOfflineFramework$3,false)...
09-07 17:35:38.692 21364 21364 D DexLoader: WebCoreClassLoader - loadClass(com.tencent.smtt.net.SWOfflineFramework$1,false)...
09-07 17:35:38.692 21364 21364 D DexLoader: WebCoreClassLoader - loadClass(com.tencent.smtt.net.SWOfflineFramework$5,false)...
09-07 17:35:38.705 21364 21364 V HotfixManager: [main] try to start patch info update
09-07 17:35:38.709  2389  2389 D KeyguardUpdateMonitor: received broadcast android.intent.action.BATTERY_CHANGED
09-07 17:35:38.709  2713  3240 I chatty  : uid=1000(system) NightPearlSubTh expire 9 lines
09-07 17:35:38.709  2389  2389 D KeyguardUpdateMonitor: handleBatteryUpdate
09-07 17:35:38.711  1710  1710 I chatty  : uid=1000 system_server expire 2 lines
09-07 17:35:38.712  1710  5524 I chatty  : uid=1000(system) IzatProvider expire 3 lines
09-07 17:35:38.713   693   693 V LocSvc_HIDL_IzatSubscription: [batteryLevelUpdate][777] [HS] <<<<= [HC]
09-07 17:35:38.714  2762  2762 D QtiCarrierConfigHelper: WARNING, no carrier configs on phone Id: 0
09-07 17:35:38.718   718   718 I SurfaceFlinger: FPS: 32
09-07 17:35:38.723  1710  2664 I chatty  : uid=1000(system) Binder:1710_8 expire 1 line
09-07 17:35:38.724  1710  2986 I chatty  : uid=1000(system) Binder:1710_D expire 1 line
09-07 17:35:38.732 27410 30956 I ThreadPool.Execute: [:30956, ]:<<< com.tencent.matrix.c.c$3$$ExternalSyntheticLambda3@148383174 state=COMPLETE cost=8ms/3ms HotPool start@=1662543338723ms delay=0ms run@=1662543338723
09-07 17:35:38.931 21554 21554 I Perf    : Connecting to perf service.
09-07 17:35:38.947 21364 21680 W AudioCapabilities: Unsupported mime audio/adpcm
09-07 17:35:38.948 21364 21680 W AudioCapabilities: Unsupported mime audio/x-ms-adpcm
09-07 17:35:38.949 21364 21680 W AudioCapabilities: Unsupported mime audio/alac
09-07 17:35:38.952 21554 21554 D Tinker.TinkerLoader: tryLoad test test
09-07 17:35:38.955 21364 21680 W AudioCapabilities: Unsupported mime audio/ape
09-07 17:35:38.955  1710  5423 I chatty  : uid=1000(system) Binder:1710_16 expire 4 lines
09-07 17:35:38.956 21554 21554 W Tinker.TinkerLoader: tryLoadPatchFiles:patch dir not exist:/data/user/0/cn.missevan/tinker
09-07 17:35:38.957 21364 21680 W AudioCapabilities: Unsupported mime audio/dsd
09-07 17:35:38.969 21364 21680 W AudioCapabilities: Unsupported mime audio/mpeg-L1
09-07 17:35:38.970 21364 21680 W AudioCapabilities: Unsupported mime audio/mpeg-L2
09-07 17:35:38.974 21364 21680 W AudioCapabilities: Unsupported mime audio/pcm
09-07 17:35:38.975 21364 21680 W AudioCapabilities: Unsupported mime audio/ra
09-07 17:35:38.980 21364 21680 W AudioCapabilities: Unsupported mime audio/x-ms-wma
09-07 17:35:38.996 21364 21680 W VideoCapabilities: Unsupported mime video/divx
09-07 17:35:38.999 21364 21680 W VideoCapabilities: Unsupported mime video/divx3
09-07 17:35:39.001 21364 21680 W VideoCapabilities: Unsupported mime video/divx311
09-07 17:35:39.003 21364 21680 W VideoCapabilities: Unsupported mime video/divx4
09-07 17:35:39.006 21364 21680 W VideoCapabilities: Unsupported mime video/flv1
09-07 17:35:39.008 21364 21680 W VideoCapabilities: Unsupported mime video/x-flv
09-07 17:35:39.020 21364 21680 W VideoCapabilities: Unrecognized profile 4 for video/hevc
09-07 17:35:39.023 21364 21680 W VideoCapabilities: Unsupported mime video/mjpeg
09-07 17:35:39.023 21364 21684 D config.Worker: config,ver: null
09-07 17:35:39.023 21364 21684 D ab.Worker: ab,ver: null
09-07 17:35:39.025 21364 21680 W VideoCapabilities: Unsupported mime video/x-motion-jpeg
09-07 17:35:39.027 21554 21554 D Tinker.DefaultAppLike: onBaseContextAttached:
09-07 17:35:39.028 21364 21680 W VideoCapabilities: Unrecognized profile/level 0/3 for video/mpeg2
09-07 17:35:39.031 21364 21680 W VideoCapabilities: Unrecognized profile/level 0/3 for video/mpeg2
09-07 17:35:39.037 21554 21554 I MultiDex: VM with version 2.1.0 has multidex support
09-07 17:35:39.037 21554 21554 I MultiDex: Installing application
09-07 17:35:39.037 21554 21554 I MultiDex: VM has multidex support, MultiDex support library is disabled.
09-07 17:35:39.039 21364 21680 W VideoCapabilities: Unsupported mime video/rv
09-07 17:35:39.042 21364 21680 W VideoCapabilities: Unsupported mime video/x-ms-wmv
09-07 17:35:39.043 21364 21680 I chatty  : uid=10612(cn.missevan) identical 1 line
09-07 17:35:39.045 21364 21680 W VideoCapabilities: Unsupported mime video/x-ms-wmv
09-07 17:35:39.046 21364 21680 W VideoCapabilities: Unsupported mime video/x-ms-wmv2
09-07 17:35:39.050  1710  2176 I chatty  : uid=1000(system) AutobacklightTh identical 2 lines
09-07 17:35:39.072 21364 21680 I VideoCapabilities: Unsupported profile 4 for video/mp4v-es
09-07 17:35:39.074 21364 21680 W Utils   : could not parse long range '175-174'
09-07 17:35:39.087 21364 21364 E MissEvanHotfixReporterImpl: [main] report: description: patch not need to update, internal_version: 5070300, result_code: 10108, patch_md5: none, process_name: cn.missevan, manufacturer: vivo, env: prod,
09-07 17:35:39.094 21364 21364 I neuron.api: [main]
09-07 17:35:39.109  2713  3513 I chatty  : uid=1000(system) Timer-0 expire 4 lines
09-07 17:35:39.149 21554 21554 D Tinker.DefaultAppLike: onCreate
09-07 17:35:39.152 21364 21680 I MediaCodec: MediaCodec constructor
09-07 17:35:39.152 21364 21680 D MediaCodec: MediaCodec CreateByComponentName name:OMX.google.mp3.decoder, pid:-1
09-07 17:35:39.152 21364 21680 I VideoBlackWhiteList: getVideoBWList from mediaserver
09-07 17:35:39.152  1000  5206 I MediaPlayerService: MediaPlayerService::getVideoBWList
09-07 17:35:39.152  1000  5206 I VideoBlackWhiteList: getLocalInstance
09-07 17:35:39.153 21364 21680 E VideoBlackWhiteList: getVideoBWList OK
09-07 17:35:39.153 21364 21680 I MediaCodec: Sucess get videobwlist
09-07 17:35:39.153 21364 21680 D MediaCodec: client name cn.missevan(21364)
09-07 17:35:39.154  1000  5206 I VideoBlackWhiteList: GetSupportApp name is cn.missevan
09-07 17:35:39.154  1000  5206 I VideoBlackWhiteList: IsSupportApp AppInfolist size is 1
09-07 17:35:39.154  1000  5206 I VideoBlackWhiteList: this client is not in videobwlist
09-07 17:35:39.154 21364 21680 I MediaCodec:  App do not match videobwlist!
09-07 17:35:39.154 21364 21680 I ACodec  : mIsVivoLogEnable = 0
09-07 17:35:39.157 21364 21699 I OMXClient: IOmx service obtained
09-07 17:35:39.158  1011 31441 I OMXMaster: makeComponentInstance(OMX.google.mp3.decoder) in omx@1.0-service process
09-07 17:35:39.160 21364 21699 I ACodec  : [OMX.google.mp3.decoder]configureCodec AMessage(what = 'conf', target = 1) = {
09-07 17:35:39.160 21364 21699 I ACodec  :   int32_t sample-rate = 44100
09-07 17:35:39.160 21364 21699 I ACodec  :   string mime = "audio/mpeg"
09-07 17:35:39.160 21364 21699 I ACodec  :   int32_t channel-count = 2
09-07 17:35:39.160 21364 21699 I ACodec  :   int32_t priority = 0
09-07 17:35:39.160 21364 21699 I ACodec  :   int32_t max-input-size = 4096
09-07 17:35:39.160 21364 21699 I ACodec  : }
09-07 17:35:39.162  1011 31441 E OMXNodeInstance: setConfig(0xeeda8080:google.mp3.decoder, ConfigPriority(0x6f800002)) ERROR: Undefined(0x80001001)
09-07 17:35:39.162 21364 21699 I ACodec  : codec does not support config priority (err -2147483648)
09-07 17:35:39.162  1011 31441 E OMXNodeInstance: getConfig(0xeeda8080:google.mp3.decoder, ConfigAndroidVendorExtension(0x6f100004)) ERROR: Undefined(0x80001001)
09-07 17:35:39.166   670   670 W AshmemAllocator: ashmem_create_region(8192) returning hidl_memory(0x7d7482c100, 8192)
09-07 17:35:39.171   670   670 I chatty  : uid=1000(system) allocator@1.0-s identical 4 lines
09-07 17:35:39.172   670   670 W AshmemAllocator: ashmem_create_region(8192) returning hidl_memory(0x7d7482c100, 8192)
09-07 17:35:39.174   670   670 W AshmemAllocator: ashmem_create_region(9216) returning hidl_memory(0x7d7482c100, 9216)
09-07 17:35:39.176   670   670 W AshmemAllocator: ashmem_create_region(9216) returning hidl_memory(0x7d7482c100, 9216)
09-07 17:35:39.188   716 23466 V AudioPolicyService: registerClient() client 0xe4d1c4a0, uid 10612
09-07 17:35:39.188   716 23466 V APM::AudioPolicyEngine: getDeviceForStrategy() strategy 0, device 2
09-07 17:35:39.188   716 23466 V APM_AudioPolicyManager: selectOutput() commonFlags for output 13, 0000
09-07 17:35:39.188   716 23466 V APM_AudioPolicyManager: selectOutput() commonFlags for output 21, 0000
09-07 17:35:39.188   716 23466 V APM_AudioPolicyManager: getOutput() stream 3 selected device 00000002, output 13
09-07 17:35:39.188   716 23466 V APM::AudioPolicyEngine: getDeviceForStrategy() strategy 0, device 2
09-07 17:35:39.188   716 23466 V APM_AudioPolicyManager: selectOutput() commonFlags for output 13, 0000
09-07 17:35:39.188   716 23466 V APM_AudioPolicyManager: selectOutput() commonFlags for output 21, 0000
09-07 17:35:39.188   716 23466 V APM_AudioPolicyManager: getOutput() stream 3 selected device 00000002, output 13
09-07 17:35:39.188   716 23466 V APM::AudioPolicyEngine: getDeviceForStrategy() strategy 0, device 2
09-07 17:35:39.188   716 23466 V APM_AudioPolicyManager: selectOutput() commonFlags for output 13, 0000
09-07 17:35:39.188   716 23466 V APM_AudioPolicyManager: selectOutput() commonFlags for output 21, 0000
09-07 17:35:39.188   716 23466 V APM_AudioPolicyManager: getOutput() stream 3 selected device 00000002, output 13
09-07 17:35:39.188 21364 21680 V AudioTrack: getMinFrameCount=3544: afFrameCount=960, afSampleRate=48000, afLatency=80
09-07 17:35:39.191 21364 21680 D AudioTrack: set(): streamType -1, sampleRate 44100, format 0x1, channelMask 0x3, frameCount 14176, flags #0, notificationFrames 0, sessionId 2753, transferType 3, uid -1, pid -1
09-07 17:35:39.191 21364 21680 V AudioTrack: set() streamType -1 frameCount 14176 flags 0000
09-07 17:35:39.191 21364 21680 V AudioTrack: Building AudioTrack with attributes: usage=1 content=2 flags=0x200 tags=[]
09-07 17:35:39.191   716 23466 V APM_AudioPolicyManager: getOutputForAttr() usage=1, content=2, tag= flags=00000200 session 2753 selectedDeviceId 0
09-07 17:35:39.191   716 23466 V APM::AudioPolicyEngine: getDeviceForStrategy() strategy 0, device 2
09-07 17:35:39.191   716 23466 V APM_AudioPolicyManager: getOutputForAttr() device 0x2, sampling rate 44100, format 0x1, channel mask 0x3, flags 0x8
