09-07 17:35:35.976 21364 21364 I cn.missevan:   at void cn.missevan.hotfix.MissevanApplicationLike.onCreate() (SourceFile:89)
09-07 17:35:35.976 21364 21364 I cn.missevan:   at void com.tencent.tinker.entry.TinkerApplicationInlineFence.handleMessageImpl(android.os.Message) (SourceFile:71)
09-07 17:35:35.976 21364 21364 I cn.missevan:   at void com.tencent.tinker.entry.TinkerApplicationInlineFence.handleMessage_$noinline$(android.os.Message) (SourceFile:60)
09-07 17:35:35.976 21364 21364 I cn.missevan:   at void com.tencent.tinker.entry.TinkerApplicationInlineFence.handleMessage(android.os.Message) (SourceFile:53)
09-07 17:35:35.976 21364 21364 I cn.missevan:   at void com.tencent.tinker.loader.app.TinkerInlineFenceAction.callOnCreate(android.os.Handler) (SourceFile:50)
09-07 17:35:35.976 21364 21364 I cn.missevan:   at void com.tencent.tinker.loader.app.TinkerApplication.onCreate() (SourceFile:184)
09-07 17:35:35.976 21364 21364 I cn.missevan:   at void android.app.Instrumentation.callApplicationOnCreate(android.app.Application) (Instrumentation.java:1158)
09-07 17:35:35.976 21364 21364 I cn.missevan:   at void android.app.ActivityThread.handleBindApplication(android.app.ActivityThread$AppBindData) (ActivityThread.java:6200)
09-07 17:35:35.976 21364 21364 I cn.missevan:   at void android.app.ActivityThread.access$1200(android.app.ActivityThread, android.app.ActivityThread$AppBindData) (ActivityThread.java:236)
09-07 17:35:35.976 21364 21364 I cn.missevan:   at void android.app.ActivityThread$H.handleMessage(android.os.Message) (ActivityThread.java:1851)
09-07 17:35:35.976 21364 21364 I cn.missevan:   at void android.os.Handler.dispatchMessage(android.os.Message) (Handler.java:106)
09-07 17:35:35.976 21364 21364 I cn.missevan:   at void android.os.Looper.loop() (Looper.java:224)
09-07 17:35:35.976 21364 21364 I cn.missevan:   at void android.app.ActivityThread.main(java.lang.String[]) (ActivityThread.java:7042)
09-07 17:35:35.976 21364 21364 I cn.missevan:   at java.lang.Object java.lang.reflect.Method.invoke(java.lang.Object, java.lang.Object[]) (Method.java:-2)
09-07 17:35:35.976 21364 21364 I cn.missevan:   at void com.android.internal.os.RuntimeInit$MethodAndArgsCaller.run() (RuntimeInit.java:536)
09-07 17:35:35.976 21364 21364 I cn.missevan:   at void com.android.internal.os.ZygoteInit.main(java.lang.String[]) (ZygoteInit.java:868)
09-07 17:35:35.976 21364 21364 I cn.missevan: Caused by: java.lang.ClassNotFoundException: Didn't find class "android.webkit.PacProcessor" on path: DexPathList[[zip file "/data/app/com.google.android.webview-a_HHZDdUsph3mFOhOiXgBQ==/base.apk"],nativeLibraryDirectories=[/data/app/com.google.android.webview-a_HHZDdUsph3mFOhOiXgBQ==/lib/arm64, /data/app/com.google.android.webview-a_HHZDdUsph3mFOhOiXgBQ==/base.apk!/lib/arm64-v8a, /system/lib64]]
09-07 17:35:35.976 21364 21364 I cn.missevan:   at java.lang.Class dalvik.system.BaseDexClassLoader.findClass(java.lang.String) (BaseDexClassLoader.java:134)
09-07 17:35:35.976 21364 21364 I cn.missevan:   at java.lang.Class java.lang.ClassLoader.loadClass(java.lang.String, boolean) (ClassLoader.java:379)
09-07 17:35:35.976 21364 21364 I cn.missevan:   at java.lang.Class java.lang.ClassLoader.loadClass(java.lang.String) (ClassLoader.java:312)
09-07 17:35:35.976 21364 21364 I cn.missevan:   at java.lang.Class java.lang.Class.classForName(java.lang.String, boolean, java.lang.ClassLoader) (Class.java:-2)
09-07 17:35:35.976 21364 21364 I cn.missevan:   at java.lang.Class java.lang.Class.forName(java.lang.String, boolean, java.lang.ClassLoader) (Class.java:453)
09-07 17:35:35.976 21364 21364 I cn.missevan:   at java.lang.Class android.webkit.WebViewFactory.getWebViewProviderClass(java.lang.ClassLoader) (WebViewFactory.java:176)
09-07 17:35:35.976 21364 21364 I cn.missevan:   at java.lang.Class android.webkit.WebViewFactory.getProviderClass() (WebViewFactory.java:459)
09-07 17:35:35.976 21364 21364 I cn.missevan:   at android.webkit.WebViewFactoryProvider android.webkit.WebViewFactory.getProvider() (WebViewFactory.java:251)
09-07 17:35:35.976 21364 21364 I cn.missevan:   at android.webkit.CookieManager android.webkit.CookieManager.getInstance() (CookieManager.java:40)
09-07 17:35:35.976 21364 21364 I cn.missevan:   at void cn.missevan.web.d.b.eu(boolean) (SourceFile:135)
09-07 17:35:35.976 21364 21364 I cn.missevan:   at void cn.missevan.web.d.b.setAcceptCookie(boolean) (SourceFile:120)
09-07 17:35:35.976 21364 21364 I cn.missevan:   at void cn.missevan.web.d.b.eG(java.lang.String) (SourceFile:68)
09-07 17:35:35.976 21364 21364 I cn.missevan:   at void cn.missevan.web.d.b.syncCookie() (SourceFile:50)
09-07 17:35:35.976 21364 21364 I cn.missevan:   at void cn.missevan.MissEvanApplication.syncCookie() (SourceFile:672)
09-07 17:35:35.976 21364 21364 I cn.missevan:   at void cn.missevan.MissEvanApplication.onCreate() (SourceFile:365)
09-07 17:35:35.976 21364 21364 I cn.missevan:   at void cn.missevan.hotfix.MissevanApplicationLike.onCreate() (SourceFile:89)
09-07 17:35:35.976 21364 21364 I cn.missevan:   at void com.tencent.tinker.entry.TinkerApplicationInlineFence.handleMessageImpl(android.os.Message) (SourceFile:71)
09-07 17:35:35.976 21364 21364 I cn.missevan:   at void com.tencent.tinker.entry.TinkerApplicationInlineFence.handleMessage_$noinline$(android.os.Message) (SourceFile:60)
09-07 17:35:35.976 21364 21364 I cn.missevan:   at void com.tencent.tinker.entry.TinkerApplicationInlineFence.handleMessage(android.os.Message) (SourceFile:53)
09-07 17:35:35.976 21364 21364 I cn.missevan:   at void com.tencent.tinker.loader.app.TinkerInlineFenceAction.callOnCreate(android.os.Handler) (SourceFile:50)
09-07 17:35:35.976 21364 21364 I cn.missevan:   at void com.tencent.tinker.loader.app.TinkerApplication.onCreate() (SourceFile:184)
09-07 17:35:35.976 21364 21364 I cn.missevan:   at void android.app.Instrumentation.callApplicationOnCreate(android.app.Application) (Instrumentation.java:1158)
09-07 17:35:35.976 21364 21364 I cn.missevan:   at void android.app.ActivityThread.handleBindApplication(android.app.ActivityThread$AppBindData) (ActivityThread.java:6200)
09-07 17:35:35.976 21364 21364 I cn.missevan:   at void android.app.ActivityThread.access$1200(android.app.ActivityThread, android.app.ActivityThread$AppBindData) (ActivityThread.java:236)
09-07 17:35:35.976 21364 21364 I cn.missevan:   at void android.app.ActivityThread$H.handleMessage(android.os.Message) (ActivityThread.java:1851)
09-07 17:35:35.976 21364 21364 I cn.missevan:   at void android.os.Handler.dispatchMessage(android.os.Message) (Handler.java:106)
09-07 17:35:35.976 21364 21364 I cn.missevan:   at void android.os.Looper.loop() (Looper.java:224)
09-07 17:35:35.976 21364 21364 I cn.missevan:   at void android.app.ActivityThread.main(java.lang.String[]) (ActivityThread.java:7042)
09-07 17:35:35.976 21364 21364 I cn.missevan:   at java.lang.Object java.lang.reflect.Method.invoke(java.lang.Object, java.lang.Object[]) (Method.java:-2)
09-07 17:35:35.976 21364 21364 I cn.missevan:   at void com.android.internal.os.RuntimeInit$MethodAndArgsCaller.run() (RuntimeInit.java:536)
09-07 17:35:35.976 21364 21364 I cn.missevan:   at void com.android.internal.os.ZygoteInit.main(java.lang.String[]) (ZygoteInit.java:868)
09-07 17:35:35.976 21364 21364 I cn.missevan:
09-07 17:35:35.976 21364 21364 I cn.missevan: Rejecting re-init on previously-failed class java.lang.Class<Wb0>: java.lang.NoClassDefFoundError: Failed resolution of: Landroid/webkit/PacProcessor;
09-07 17:35:35.976 21364 21364 I cn.missevan:   at java.lang.Class java.lang.Class.classForName(java.lang.String, boolean, java.lang.ClassLoader) (Class.java:-2)
09-07 17:35:35.976 21364 21364 I cn.missevan:   at java.lang.Class java.lang.Class.forName(java.lang.String, boolean, java.lang.ClassLoader) (Class.java:453)
09-07 17:35:35.976 21364 21364 I cn.missevan:   at java.lang.Class android.webkit.WebViewFactory.getWebViewProviderClass(java.lang.ClassLoader) (WebViewFactory.java:176)
09-07 17:35:35.976 21364 21364 I cn.missevan:   at java.lang.Class android.webkit.WebViewFactory.getProviderClass() (WebViewFactory.java:459)
09-07 17:35:35.976 21364 21364 I cn.missevan:   at android.webkit.WebViewFactoryProvider android.webkit.WebViewFactory.getProvider() (WebViewFactory.java:251)
09-07 17:35:35.976 21364 21364 I cn.missevan:   at android.webkit.CookieManager android.webkit.CookieManager.getInstance() (CookieManager.java:40)
09-07 17:35:35.976 21364 21364 I cn.missevan:   at void cn.missevan.web.d.b.eu(boolean) (SourceFile:135)
09-07 17:35:35.976 21364 21364 I cn.missevan:   at void cn.missevan.web.d.b.setAcceptCookie(boolean) (SourceFile:120)
09-07 17:35:35.976 21364 21364 I cn.missevan:   at void cn.missevan.web.d.b.eG(java.lang.String) (SourceFile:68)
09-07 17:35:35.976 21364 21364 I cn.missevan:   at void cn.missevan.web.d.b.syncCookie() (SourceFile:50)
09-07 17:35:35.976 21364 21364 I cn.missevan:   at void cn.missevan.MissEvanApplication.syncCookie() (SourceFile:672)
09-07 17:35:35.976 21364 21364 I cn.missevan:   at void cn.missevan.MissEvanApplication.onCreate() (SourceFile:365)
09-07 17:35:35.976 21364 21364 I cn.missevan:   at void cn.missevan.hotfix.MissevanApplicationLike.onCreate() (SourceFile:89)
09-07 17:35:35.976 21364 21364 I cn.missevan:   at void com.tencent.tinker.entry.TinkerApplicationInlineFence.handleMessageImpl(android.os.Message) (SourceFile:71)
09-07 17:35:35.976 21364 21364 I cn.missevan:   at void com.tencent.tinker.entry.TinkerApplicationInlineFence.handleMessage_$noinline$(android.os.Message) (SourceFile:60)
09-07 17:35:35.976 21364 21364 I cn.missevan:   at void com.tencent.tinker.entry.TinkerApplicationInlineFence.handleMessage(android.os.Message) (SourceFile:53)
09-07 17:35:35.976 21364 21364 I cn.missevan:   at void com.tencent.tinker.loader.app.TinkerInlineFenceAction.callOnCreate(android.os.Handler) (SourceFile:50)
09-07 17:35:35.976 21364 21364 I cn.missevan:   at void com.tencent.tinker.loader.app.TinkerApplication.onCreate() (SourceFile:184)
09-07 17:35:35.976 21364 21364 I cn.missevan:   at void android.app.Instrumentation.callApplicationOnCreate(android.app.Application) (Instrumentation.java:1158)
09-07 17:35:35.976 21364 21364 I cn.missevan:   at void android.app.ActivityThread.handleBindApplication(android.app.ActivityThread$AppBindData) (ActivityThread.java:6200)
09-07 17:35:35.976 21364 21364 I cn.missevan:   at void android.app.ActivityThread.access$1200(android.app.ActivityThread, android.app.ActivityThread$AppBindData) (ActivityThread.java:236)
09-07 17:35:35.976 21364 21364 I cn.missevan:   at void android.app.ActivityThread$H.handleMessage(android.os.Message) (ActivityThread.java:1851)
09-07 17:35:35.976 21364 21364 I cn.missevan:   at void android.os.Handler.dispatchMessage(android.os.Message) (Handler.java:106)
09-07 17:35:35.976 21364 21364 I cn.missevan:   at void android.os.Looper.loop() (Looper.java:224)
09-07 17:35:35.976 21364 21364 I cn.missevan:   at void android.app.ActivityThread.main(java.lang.String[]) (ActivityThread.java:7042)
09-07 17:35:35.976 21364 21364 I cn.missevan:   at java.lang.Object java.lang.reflect.Method.invoke(java.lang.Object, java.lang.Object[]) (Method.java:-2)
09-07 17:35:35.976 21364 21364 I cn.missevan:   at void com.android.internal.os.RuntimeInit$MethodAndArgsCaller.run() (RuntimeInit.java:536)
09-07 17:35:35.976 21364 21364 I cn.missevan:   at void com.android.internal.os.ZygoteInit.main(java.lang.String[]) (ZygoteInit.java:868)
09-07 17:35:35.976 21364 21364 I cn.missevan: Caused by: java.lang.ClassNotFoundException: Didn't find class "android.webkit.PacProcessor" on path: DexPathList[[zip file "/data/app/com.google.android.webview-a_HHZDdUsph3mFOhOiXgBQ==/base.apk"],nativeLibraryDirectories=[/data/app/com.google.android.webview-a_HHZDdUsph3mFOhOiXgBQ==/lib/arm64, /data/app/com.google.android.webview-a_HHZDdUsph3mFOhOiXgBQ==/base.apk!/lib/arm64-v8a, /system/lib64]]
09-07 17:35:35.976 21364 21364 I cn.missevan:   at java.lang.Class dalvik.system.BaseDexClassLoader.findClass(java.lang.String) (BaseDexClassLoader.java:134)
09-07 17:35:35.976 21364 21364 I cn.missevan:   at java.lang.Class java.lang.ClassLoader.loadClass(java.lang.String, boolean) (ClassLoader.java:379)
09-07 17:35:35.976 21364 21364 I cn.missevan:   at java.lang.Class java.lang.ClassLoader.loadClass(java.lang.String) (ClassLoader.java:312)
09-07 17:35:35.976 21364 21364 I cn.missevan:   at java.lang.Class java.lang.Class.classForName(java.lang.String, boolean, java.lang.ClassLoader) (Class.java:-2)
09-07 17:35:35.976 21364 21364 I cn.missevan:   at java.lang.Class java.lang.Class.forName(java.lang.String, boolean, java.lang.ClassLoader) (Class.java:453)
09-07 17:35:35.976 21364 21364 I cn.missevan:   at java.lang.Class android.webkit.WebViewFactory.getWebViewProviderClass(java.lang.ClassLoader) (WebViewFactory.java:176)
09-07 17:35:35.976 21364 21364 I cn.missevan:   at java.lang.Class android.webkit.WebViewFactory.getProviderClass() (WebViewFactory.java:459)
09-07 17:35:35.976 21364 21364 I cn.missevan:   at android.webkit.WebViewFactoryProvider android.webkit.WebViewFactory.getProvider() (WebViewFactory.java:251)
09-07 17:35:35.976 21364 21364 I cn.missevan:   at android.webkit.CookieManager android.webkit.CookieManager.getInstance() (CookieManager.java:40)
09-07 17:35:35.976 21364 21364 I cn.missevan:   at void cn.missevan.web.d.b.eu(boolean) (SourceFile:135)
09-07 17:35:35.976 21364 21364 I cn.missevan:   at void cn.missevan.web.d.b.setAcceptCookie(boolean) (SourceFile:120)
09-07 17:35:35.976 21364 21364 I cn.missevan:   at void cn.missevan.web.d.b.eG(java.lang.String) (SourceFile:68)
09-07 17:35:35.976 21364 21364 I cn.missevan:   at void cn.missevan.web.d.b.syncCookie() (SourceFile:50)
09-07 17:35:35.976 21364 21364 I cn.missevan:   at void cn.missevan.MissEvanApplication.syncCookie() (SourceFile:672)
09-07 17:35:35.976 21364 21364 I cn.missevan:   at void cn.missevan.MissEvanApplication.onCreate() (SourceFile:365)
09-07 17:35:35.976 21364 21364 I cn.missevan:   at void cn.missevan.hotfix.MissevanApplicationLike.onCreate() (SourceFile:89)
09-07 17:35:35.976 21364 21364 I cn.missevan:   at void com.tencent.tinker.entry.TinkerApplicationInlineFence.handleMessageImpl(android.os.Message) (SourceFile:71)
09-07 17:35:35.976 21364 21364 I cn.missevan:   at void com.tencent.tinker.entry.TinkerApplicationInlineFence.handleMessage_$noinline$(android.os.Message) (SourceFile:60)
09-07 17:35:35.976 21364 21364 I cn.missevan:   at void com.tencent.tinker.entry.TinkerApplicationInlineFence.handleMessage(android.os.Message) (SourceFile:53)
09-07 17:35:35.976 21364 21364 I cn.missevan:   at void com.tencent.tinker.loader.app.TinkerInlineFenceAction.callOnCreate(android.os.Handler) (SourceFile:50)
09-07 17:35:35.976 21364 21364 I cn.missevan:   at void com.tencent.tinker.loader.app.TinkerApplication.onCreate() (SourceFile:184)
09-07 17:35:35.976 21364 21364 I cn.missevan:   at void android.app.Instrumentation.callApplicationOnCreate(android.app.Application) (Instrumentation.java:1158)
09-07 17:35:35.976 21364 21364 I cn.missevan:   at void android.app.ActivityThread.handleBindApplication(android.app.ActivityThread$AppBindData) (ActivityThread.java:6200)
09-07 17:35:35.976 21364 21364 I cn.missevan:   at void android.app.ActivityThread.access$1200(android.app.ActivityThread, android.app.ActivityThread$AppBindData) (ActivityThread.java:236)
09-07 17:35:35.976 21364 21364 I cn.missevan:   at void android.app.ActivityThread$H.handleMessage(android.os.Message) (ActivityThread.java:1851)
09-07 17:35:35.976 21364 21364 I cn.missevan:   at void android.os.Handler.dispatchMessage(android.os.Message) (Handler.java:106)
09-07 17:35:35.976 21364 21364 I cn.missevan:   at void android.os.Looper.loop() (Looper.java:224)
09-07 17:35:35.976 21364 21364 I cn.missevan:   at void android.app.ActivityThread.main(java.lang.String[]) (ActivityThread.java:7042)
09-07 17:35:35.976 21364 21364 I cn.missevan:   at java.lang.Object java.lang.reflect.Method.invoke(java.lang.Object, java.lang.Object[]) (Method.java:-2)
09-07 17:35:35.976 21364 21364 I cn.missevan:   at void com.android.internal.os.RuntimeInit$MethodAndArgsCaller.run() (RuntimeInit.java:536)
09-07 17:35:35.976 21364 21364 I cn.missevan:   at void com.android.internal.os.ZygoteInit.main(java.lang.String[]) (ZygoteInit.java:868)
09-07 17:35:35.976 21364 21364 I cn.missevan:
09-07 17:35:35.983 21364 21483 D DexLoader: WebCoreClassLoader - loadClass(com.tencent.tbs.pb.TbsPbBridge,false)...
09-07 17:35:35.983 21364 21364 I cr_WVCFactoryProvider: Loaded version=104.0.5112.97 minSdkVersion=23 isBundle=true multiprocess=true packageId=2
09-07 17:35:35.984 21364 21483 D DexLoader: WebCoreClassLoader - loadClass(com.tencent.tbs.pb.ITbsPbBridge,false)...
09-07 17:35:35.984 21364 21483 D DexLoader: WebCoreClassLoader - loadClass(com.tencent.tbs.protobuf.InvalidProtocolBufferException,false)...
09-07 17:35:35.993  1710  2176 I chatty  : uid=1000(system) AutobacklightTh identical 2 lines
09-07 17:35:36.001 21364 21364 I cr_LibraryLoader: Successfully loaded native library
09-07 17:35:36.003 21364 21364 I cr_CachingUmaRecorder: Flushed 8 samples from 8 histograms.
09-07 17:35:36.004 21364 21364 D DexLoader: WebCoreClassLoader - loadClass(org.chromium.android_webview.m$c,false)...
09-07 17:35:36.087 21364 21364 E YZSDK   : ----->isDebug = false
09-07 17:35:36.104 21364 21364 I MissEvanApplication: [main] init You Zan x5 webview
09-07 17:35:36.162 21364 21364 I MissEvanApplication: [main] initPlayer
09-07 17:35:36.165 21364 21364 I Players : [main] cleanPlayerCache
09-07 17:35:36.168 21364 21422 I Player.ExoCacheUtil: [DefaultDispatcher-worker-2] cleanAllCache
09-07 17:35:36.171 21364 21422 I Player.ExoCacheUtil: [DefaultDispatcher-worker-2] Clean cache: audio
09-07 17:35:36.174 21364 21364 I Player.SinglePlayerConnection: [main] init
09-07 17:35:36.174 21364 21422 I Storages: [DefaultDispatcher-worker-2] AudioCache not need to clean
09-07 17:35:36.175 21364 21364 I Player.SinglePlayerConnection: [main] bindService, service is connecting: false
09-07 17:35:36.175 21364 21422 I Player.ExoCacheUtil: [DefaultDispatcher-worker-2] Clean cache: video
09-07 17:35:36.177 21364 21422 E Storages: [DefaultDispatcher-worker-2] VideoCache is empty!
09-07 17:35:36.178 21364 21422 I Player.ExoCacheUtil: [DefaultDispatcher-worker-2] Clean cache: audio_single
09-07 17:35:36.179 21364 21422 E Storages: [DefaultDispatcher-worker-2] AudioSingleCache is empty!
09-07 17:35:36.181 21364 21422 I Player.BBPlayer: [DefaultDispatcher-worker-2] cleanBBPlayer
09-07 17:35:36.182 21364 21422 I Storages: [DefaultDispatcher-worker-2] BBPlayerCache not need to clean
09-07 17:35:36.183 21364 21422 E Storages: [DefaultDispatcher-worker-2] BBPlayerAlphaVideo is empty!
09-07 17:35:36.187 21364 21364 I Player.MainPlayerConnection: [main] init
09-07 17:35:36.188 21364 21364 I Player.MainPlayerConnection: [main] connectService, isConnecting: false
09-07 17:35:36.188 21364 21364 D MediaBrowserCompat: Connecting to a MediaBrowserService.
09-07 17:35:36.217  1710  1841 I ActivityManager: Start proc 21554:cn.missevan:player.main/u0a612 for service cn.missevan/.lib.common.player.service.aidl.AidlPlayerService
09-07 17:35:36.223 21554 21554 I van:player.mai: Late-enabling -Xcheck:jni
09-07 17:35:36.249 21364 21364 I FtBuild : getRomVersion mRomVer=9.0
09-07 17:35:36.296 21364 21364 D DexLoader: WebCoreClassLoader - loadClass(com.tencent.tbsbeacon.d.a.b,false)...
09-07 17:35:36.318 21364 21364 E FileNotFoundException: [main] java.io.FileNotFoundException: /system/build.prop (Permission denied)
09-07 17:35:36.318 21364 21364 E FileNotFoundException: 	at java.io.FileInputStream.open0(Native Method)
09-07 17:35:36.318 21364 21364 E FileNotFoundException: 	at java.io.FileInputStream.open(FileInputStream.java:231)
09-07 17:35:36.318 21364 21364 E FileNotFoundException: 	at java.io.FileInputStream.<init>(FileInputStream.java:165)
09-07 17:35:36.318 21364 21364 E FileNotFoundException: 	at cn.missevan.library.util.DeviceHelper.<clinit>(SourceFile:46)
09-07 17:35:36.318 21364 21364 E FileNotFoundException: 	at cn.missevan.library.util.DeviceHelper.isZTKC2016(SourceFile:182)
09-07 17:35:36.318 21364 21364 E FileNotFoundException: 	at cn.missevan.library.util.StatusBarUtils.setStatusBarLightMode(SourceFile:152)
09-07 17:35:36.318 21364 21364 E FileNotFoundException: 	at cn.missevan.library.util.StatusBarUtils.setStatusAndNavigationBarLightMode(SourceFile:138)
09-07 17:35:36.318 21364 21364 E FileNotFoundException: 	at cn.missevan.activity.SplashActivity.eX(SourceFile:93)
09-07 17:35:36.318 21364 21364 E FileNotFoundException: 	at cn.missevan.activity.SplashActivity.onCreate(SourceFile:36)
09-07 17:35:36.318 21364 21364 E FileNotFoundException: 	at android.app.Activity.performCreate(Activity.java:7248)
09-07 17:35:36.318 21364 21364 E FileNotFoundException: 	at android.app.Activity.performCreate(Activity.java:7239)
09-07 17:35:36.318 21364 21364 E FileNotFoundException: 	at android.app.Instrumentation.callActivityOnCreate(Instrumentation.java:1275)
09-07 17:35:36.318 21364 21364 E FileNotFoundException: 	at android.app.ActivityThread.performLaunchActivity(ActivityThread.java:3111)
09-07 17:35:36.318 21364 21364 E FileNotFoundException: 	at android.app.ActivityThread.handleLaunchActivity(ActivityThread.java:3266)
09-07 17:35:36.318 21364 21364 E FileNotFoundException: 	at android.app.servertransaction.LaunchActivityItem.execute(LaunchActivityItem.java:78)
09-07 17:35:36.318 21364 21364 E FileNotFoundException: 	at android.app.servertransaction.TransactionExecutor.executeCallbacks(TransactionExecutor.java:108)
09-07 17:35:36.318 21364 21364 E FileNotFoundException: 	at android.app.servertransaction.TransactionExecutor.execute(TransactionExecutor.java:68)
09-07 17:35:36.318 21364 21364 E FileNotFoundException: 	at android.app.ActivityThread$H.handleMessage(ActivityThread.java:2009)
09-07 17:35:36.318 21364 21364 E FileNotFoundException: 	at com.didichuxing.doraemonkit.kit.timecounter.instrumentation.ProxyHandlerCallback.handleMessage(SourceFile:44)
09-07 17:35:36.318 21364 21364 E FileNotFoundException: 	at android.os.Handler.dispatchMessage(Handler.java:102)
09-07 17:35:36.318 21364 21364 E FileNotFoundException: 	at android.os.Looper.loop(Looper.java:224)
09-07 17:35:36.318 21364 21364 E FileNotFoundException: 	at android.app.ActivityThread.main(ActivityThread.java:7042)
09-07 17:35:36.318 21364 21364 E FileNotFoundException: 	at java.lang.reflect.Method.invoke(Native Method)
09-07 17:35:36.318 21364 21364 E FileNotFoundException: 	at com.android.internal.os.RuntimeInit$MethodAndArgsCaller.run(RuntimeInit.java:536)
09-07 17:35:36.318 21364 21364 E FileNotFoundException: 	at com.android.internal.os.ZygoteInit.main(ZygoteInit.java:868)
09-07 17:35:36.318 21364 21364 E FileNotFoundException:
09-07 17:35:36.325  1710  5183 I chatty  : uid=1000(system) Binder:1710_12 expire 1 line
09-07 17:35:36.347 21554 21554 I van:player.mai: The ClassLoaderContext is a special shared library.
09-07 17:35:36.351  1710  5423 I chatty  : uid=1000(system) Binder:1710_16 expire 10 lines
09-07 17:35:36.352  1710  5423 I ActivityManager: START u0 {cmp=cn.missevan/.activity.MainActivity} from uid 10612
09-07 17:35:36.352  1710  5423 I ActivityManager: send message.
09-07 17:35:36.352 21364 21400 D LeakCanary: Setting up flushing for Thread[LeakCanary-Heap-Dump,5,main]
09-07 17:35:36.353  2713 19107 W ContextImpl: Calling a method in the system process without a qualified user: android.app.ContextImpl.bindService:1645 android.content.ContextWrapper.bindService:698 com.vivo.daemonService.i.c.a:9 com.vivo.daemonService.i.c.a:13 com.vivo.daemonService.IqooSecure.SoftwareLockService$a.activityStarting:5
09-07 17:35:36.354 21364 21400 D LeakCanary: Setting up flushing for Thread[ConnectivityThread,5,main]
09-07 17:35:36.354 21364 21400 D LeakCanary: Setting up flushing for Thread[mod_resource_work_thread,5,main]
09-07 17:35:36.354 21364 21400 D LeakCanary: Setting up flushing for Thread[queued-work-looper,5,main]
09-07 17:35:36.354  1710  5423 W ActivityManager: Unable to start service Intent { act=com.vivo.thirdappbehavior.ThirdAppBehaviorService pkg=com.vivo.abe } U=0: not found
09-07 17:35:36.355 21364 21400 D LeakCanary: Setting up flushing for Thread[TbsHandlerThread,5,main]
09-07 17:35:36.355 21364 21400 D LeakCanary: Setting up flushing for Thread[work_thread,5,main]
09-07 17:35:36.355  1710  5423 I ActivityManager: remove message.
09-07 17:35:36.355  1710  5423 I ActivityManager: send message.
09-07 17:35:36.355 21364 21400 D LeakCanary: Setting up flushing for Thread[NetWorkSender,5,main]
09-07 17:35:36.355 21364 21400 D LeakCanary: Setting up flushing for Thread[SqlWorkThread,5,main]
09-07 17:35:36.355  1710  5423 I ActivityManager: remove message.
09-07 17:35:36.355 21364 21400 D LeakCanary: Setting up flushing for Thread[TbsLogReportThread,5,main]
09-07 17:35:36.356 21364 21400 D LeakCanary: Setting up flushing for Thread[log-handler,10,main]
09-07 17:35:36.356 21364 21400 D LeakCanary: Setting up flushing for Thread[ThreadPool_threadhandler_pluginThread,10,main]
09-07 17:35:36.356 21364 21400 D LeakCanary: Setting up flushing for Thread[down_db,10,main]
09-07 17:35:36.356 21364 21400 D LeakCanary: Setting up flushing for Thread[down_callback,10,main]
09-07 17:35:36.357 21364 21400 D LeakCanary: Setting up flushing for Thread[down_sdl,10,main]
09-07 17:35:36.357 21364 21400 D LeakCanary: Setting up flushing for Thread[TBSBeaconUploader,10,main]
09-07 17:35:36.357 21364 21400 D LeakCanary: Setting up flushing for Thread[Chrome_ProcessLauncherThread,10,main]
09-07 17:35:36.357 21364 21400 D LeakCanary: Setting up flushing for Thread[X5MemoryMonitor,10,main]
09-07 17:35:36.358 21364 21400 D LeakCanary: Setting up flushing for Thread[tbs_basemodule_handle_thread,10,main]
09-07 17:35:36.358 21364 21400 D LeakCanary: Setting up flushing for Thread[AdblockThread,10,main]
09-07 17:35:36.358 21364 21400 D LeakCanary: Setting up flushing for Thread[GlobalHandlerThread,5,main]
09-07 17:35:36.358 21364 21400 D LeakCanary: Setting up flushing for Thread[LaserReport,5,main]
09-07 17:35:36.358 21364 21400 D LeakCanary: Setting up flushing for Thread[beacon-thread-4,10,main]
09-07 17:35:36.358 21364 21400 D LeakCanary: Setting up flushing for Thread[thread_back_io,5,main]
09-07 17:35:36.358 21364 21400 D LeakCanary: Setting up flushing for Thread[Qp_main,10,main]
09-07 17:35:36.359 21364 21400 D LeakCanary: Setting up flushing for Thread[thread_background,5,main]
09-07 17:35:36.359 21364 21400 D LeakCanary: Setting up flushing for Thread[ThreadPool_threadhandler_time_fast,10,main]
09-07 17:35:36.359 21364 21400 D LeakCanary: Setting up flushing for Thread[Qp_Download,10,main]
09-07 17:35:36.359 21364 21400 D LeakCanary: Setting up flushing for Thread[ThreadPool_threadhandler_time_consuming,10,main]
09-07 17:35:36.363  1710  5423 W ActivityManager: vivo occlude resumeTop canOccclude = false next.occlude = false
09-07 17:35:36.364  1710  2023 I Letterbox: setColorInner, color = ff000000, callers = com.android.server.wm.VivoBaseLetterbox$VivoBaseLetterboxSurface.setColor:66 com.android.server.wm.VivoBaseLetterbox.setColors:46 com.android.server.wm.VivoBaseAppWindowToken.updateLetterboxColor:323 com.android.server.wm.VivoBaseAppWindowToken.updateLetterboxSurface:82 com.android.server.wm.AppWindowToken.updateLetterboxSurface:1669
09-07 17:35:36.364  1710  2023 I Letterbox: null setColorInner, color = fff6f6f6, callers = com.android.server.wm.VivoBaseLetterbox$VivoBaseLetterboxSurface.setColor:66 com.android.server.wm.VivoBaseLetterbox.setColors:46 com.android.server.wm.VivoBaseAppWindowToken.updateLetterboxColor:323 com.android.server.wm.VivoBaseAppWindowToken.onLetterboxCreated:271 com.android.server.wm.VivoBaseAppWindowToken.layoutLetterbox:249
09-07 17:35:36.366   718   718 I SurfaceFlinger: FPS: 1
09-07 17:35:36.366   718   718 D SurfaceFlinger: duplicate layer name: changing Letterbox - top to Letterbox - top#1
09-07 17:35:36.368  1710  2023 I Letterbox: setColorInner, color = ff000000, callers = com.android.server.wm.VivoBaseLetterbox$VivoBaseLetterboxSurface.onSurfaceCreated:71 com.android.server.wm.Letterbox$LetterboxSurface.createSurface:169 com.android.server.wm.Letterbox$LetterboxSurface.applySurfaceChanges:207 com.android.server.wm.VivoBaseLetterbox.applySurfaceChanges:35 com.android.server.wm.VivoBaseAppWindowToken.updateLetterboxSurface:83
09-07 17:35:36.369   718   718 D SurfaceFlinger: duplicate layer name: changing Letterbox - bottom to Letterbox - bottom#2
09-07 17:35:36.371  1710  2023 I Letterbox: setColorInner, color = fff6f6f6, callers = com.android.server.wm.VivoBaseLetterbox$VivoBaseLetterboxSurface.onSurfaceCreated:71 com.android.server.wm.Letterbox$LetterboxSurface.createSurface:169 com.android.server.wm.Letterbox$LetterboxSurface.applySurfaceChanges:207 com.android.server.wm.VivoBaseLetterbox.applySurfaceChanges:37 com.android.server.wm.VivoBaseAppWindowToken.updateLetterboxSurface:83
09-07 17:35:36.409 21364 21396 D LeakCanary: LeakCanary is running and ready to detect memory leaks.
09-07 17:35:36.416 21364 21364 D awcn.NetworkStatusMonitor:  receiver:android.net.conn.CONNECTIVITY_CHANGE
09-07 17:35:36.416 21364 21459 D awcn.NetworkStatusMonitor:  [checkNetworkStatus]
09-07 17:35:36.419 21364 21459 I awcn.NetworkStatusMonitor:  checkNetworkStatus info.isConnected:true info.isAvailable:true info.getType:1
09-07 17:35:36.434 21364 21443 I DpmTcmClient: RegisterTcmMonitor from: $Proxy0
09-07 17:35:36.440 21364 21364 D DexLoader: WebCoreClassLoader - loadClass(com.tencent.tbs.common.net.ConnectivityChangedObserver$1,false)...
09-07 17:35:36.443 21364 21472 D DexLoader: WebCoreClassLoader - loadClass(com.tencent.tbs.common.utils.NetworkUtils,false)...
09-07 17:35:36.444 21364 21364 I webkit_app: [main]  onViewInitFinished has Finished cn.missevan
09-07 17:35:36.445 21364 21364 D DexLoader: WebCoreClassLoader - loadClass(com.tencent.tbs.tbsshell.partner.e.a$1,false)...
09-07 17:35:36.449 21364 21364 D DexLoader: WebCoreClassLoader - loadClass(com.tencent.smtt.d.a$a,false)...
09-07 17:35:36.459 21364 21364 D DexLoader: WebCoreClassLoader - loadClass(org.chromium.android_webview.-$$Lambda$AwBrowserProcess$zBQlsOkN6B00MALQF45VLOHB7eo,false)...
09-07 17:35:36.463 21364 21364 D DexLoader: WebCoreClassLoader - loadClass(org.chromium.android_webview.safe_browsing.-$$Lambda$AwSafeBrowsingConfigHelper$RSf0f1oqojD3nKuvmDJLguYezJE,false)...
09-07 17:35:36.464 21364 21364 D DexLoader: WebCoreClassLoader - loadClass(org.chromium.content_public.browser.b$-CC,false)...
09-07 17:35:36.485 21364 21364 D DexLoader: WebCoreClassLoader - loadClass(org.chromium.base.-$$Lambda$MemoryPressureListener$9HB6imdDmgZxnETH4qdWSLA03iA,false)...
09-07 17:35:36.526 21364 21364 D DexLoader: WebCoreClassLoader - loadClass(org.chromium.tencent.a.a,false)...
09-07 17:35:36.527 21364 21364 D DexLoader: WebCoreClassLoader - loadClass(org.chromium.tencent.a.a$a,false)...
09-07 17:35:36.527 21364 21364 D DexLoader: WebCoreClassLoader - loadClass(org.chromium.android_webview.AwSettings$c,false)...
09-07 17:35:36.529 21364 21364 D DexLoader: WebCoreClassLoader - loadClass(org.chromium.android_webview.-$$Lambda$AwSettings$7Abo6e-MCMc9nYwPTghH9ex6xo8,false)...
09-07 17:35:36.530 21364 21364 D DexLoader: WebCoreClassLoader - loadClass(org.chromium.android_webview.-$$Lambda$bw$rB1jkOWmY-RirXAMjsJIu1SLl1w,false)...
09-07 17:35:36.531 21364 21364 D DexLoader: WebCoreClassLoader - loadClass(org.chromium.android_webview.-$$Lambda$AwSettings$sRKs44dRHaLYJMQRsw2amwow6EU,false)...
09-07 17:35:36.532 21364 21364 D DexLoader: WebCoreClassLoader - loadClass(org.chromium.android_webview.-$$Lambda$AwContents$ud4GmUJeibjU8kmT_1FDfVpg44w,false)...
09-07 17:35:36.532 21364 21364 D DexLoader: WebCoreClassLoader - loadClass(org.chromium.android_webview.j$a,false)...
09-07 17:35:36.532 21364 21364 D DexLoader: WebCoreClassLoader - loadClass(org.chromium.android_webview.-$$Lambda$AwContents$2O75Bi-su4o3xYK-lFlgtkCWfEc,false)...
09-07 17:35:36.532 21364 21364 D DexLoader: WebCoreClassLoader - loadClass(org.chromium.android_webview.-$$Lambda$AwContents$qSlzRAHfZ8iM5HObuzA0LLBHi2w,false)...
09-07 17:35:36.532 21364 21364 D DexLoader: WebCoreClassLoader - loadClass(org.chromium.android_webview.AwSettings$e,false)...
09-07 17:35:36.532 21364 21364 D DexLoader: WebCoreClassLoader - loadClass(org.chromium.android_webview.-$$Lambda$AwSettings$a$4skCs7TGCXor8Oragqa43HmB24E,false)...
09-07 17:35:36.549  1710  2664 D ConnectivityService: requestNetwork for uid/pid:10612/21364 NetworkRequest [ TRACK_DEFAULT id=3235, [ Capabilities: INTERNET&NOT_RESTRICTED&TRUSTED Unwanted:  Uid: 10612] ]
09-07 17:35:36.550  1710  2083 D ConnectivityService: isWifiPoorLink:false, nai.everValidated:true, networkType:1, networkDetailedState:CONNECTED, nai.isLingering():false, unneeded(nai, UnneededFor.TEARDOWN):false
09-07 17:35:36.551  1710  2069 I chatty  : uid=1000(system) WifiStateMachin expire 2 lines
09-07 17:35:36.551  1710  2156 I chatty  : uid=1000(system) EthernetService expire 1 line
09-07 17:35:36.551  2762  2762 D PhoneSwitcherNetworkRequstListener: got request NetworkRequest [ TRACK_DEFAULT id=3235, [ Capabilities: INTERNET&NOT_RESTRICTED&TRUSTED Unwanted:  Uid: 10612] ] with score 60
09-07 17:35:36.554  1710  2083 D ConnectivityService: isWifiPoorLink:false, nai.everValidated:true, networkType:1, networkDetailedState:CONNECTED, nai.isLingering():false, unneeded(nai, UnneededFor.TEARDOWN):false
09-07 17:35:36.559 21364 21364 D DexLoader: WebCoreClassLoader - loadClass(org.chromium.ui.base.-$$Lambda$f$XeY-Vmwfh45-kxv25zohW9WL0yI,false)...
09-07 17:35:36.560 21364 21364 D DexLoader: WebCoreClassLoader - loadClass(org.chromium.android_webview.ba$a,false)...
09-07 17:35:36.560 21364 21364 D DexLoader: WebCoreClassLoader - loadClass(org.chromium.android_webview.ba$a$1,false)...
09-07 17:35:36.562 21364 21364 D DexLoader: WebCoreClassLoader - loadClass(org.chromium.content.browser.ap$a,false)...
09-07 17:35:36.562 21364 21364 D DexLoader: WebCoreClassLoader - loadClass(org.chromium.content.browser.-$$Lambda$ap$a$-PZcuQB0posBE3knwyUVjPKEHfg,false)...
09-07 17:35:36.562 21364 21364 D DexLoader: WebCoreClassLoader - loadClass(org.chromium.content.browser.an$a,false)...
09-07 17:35:36.562 21364 21364 D DexLoader: WebCoreClassLoader - loadClass(org.chromium.content.browser.-$$Lambda$093_6-rj8DTtKcUl2oOLs7My2Ls,false)...
09-07 17:35:36.562 21364 21364 D DexLoader: WebCoreClassLoader - loadClass(org.chromium.content.browser.GestureListenerManagerImpl$c,false)...
09-07 17:35:36.563 21364 21364 D DexLoader: WebCoreClassLoader - loadClass(org.chromium.content.browser.ContentUiEventHandler$b,false)...
09-07 17:35:36.563 21364 21364 D DexLoader: WebCoreClassLoader - loadClass(org.chromium.content.browser.-$$Lambda$DiXSkBXQJXlJ0E7GNTUv4jBXawQ,false)...
09-07 17:35:36.564 21364 21364 D DexLoader: WebCoreClassLoader - loadClass(org.chromium.content_public.browser.am$-CC,false)...
09-07 17:35:36.564 21364 21364 D DexLoader: WebCoreClassLoader - loadClass(org.chromium.content.browser.input.ImeAdapterImpl$c,false)...
09-07 17:35:36.566 21364 21364 D DexLoader: WebCoreClassLoader - loadClass(org.chromium.content.browser.selection.-$$Lambda$g$d0HlSeBR-Swcc9mEyl9YatnfVs4,false)...
09-07 17:35:36.566 21364 21364 D DexLoader: WebCoreClassLoader - loadClass(org.chromium.content.browser.ae$b,false)...
09-07 17:35:36.566 21364 21364 D DexLoader: WebCoreClassLoader - loadClass(org.chromium.content.browser.-$$Lambda$ae$b$qtNh3S4AjgFyoVM-9yqfFuZfXYs,false)...
09-07 17:35:36.566 21364 21364 D DexLoader: WebCoreClassLoader - loadClass(org.chromium.content_public.browser.ag$-CC,false)...
09-07 17:35:36.569 21364 21364 D DexLoader: WebCoreClassLoader - loadClass(org.chromium.content_public.browser.n,false)...
09-07 17:35:36.580 21364 21364 D DexLoader: WebCoreClassLoader - loadClass(org.chromium.android_webview.-$$Lambda$AwSettings$8p1VLs9a-Erq-m_qec00XZD9G4c,false)...
09-07 17:35:36.581 21364 21364 D DexLoader: WebCoreClassLoader - loadClass(org.chromium.content.browser.accessibility.WebContentsAccessibilityImpl$c,false)...
09-07 17:35:36.584 21364 21364 D DexLoader: WebCoreClassLoader - loadClass(org.chromium.tencent.TencentAwContent$2,false)...
09-07 17:35:36.586 21364 21364 D DexLoader: WebCoreClassLoader - loadClass(org.chromium.android_webview.bg,false)...
09-07 17:35:36.588 21364 21364 D DexLoader: WebCoreClassLoader - loadClass(org.chromium.content_public.browser.m$-CC,false)...
09-07 17:35:36.605 21364 21364 D DexLoader: WebCoreClassLoader - loadClass(org.chromium.content.browser.input.SelectPopup$d,false)...
09-07 17:35:36.610 21364 21582 D DexLoader: WebCoreClassLoader - loadClass(com.tencent.smtt.net.g,false)...
09-07 17:35:36.611 21364 21364 D DexLoader: WebCoreClassLoader - loadClass(com.tencent.smtt.webkit.e.b,false)...
09-07 17:35:36.613 21364 21364 D DexLoader: WebCoreClassLoader - loadClass(com.tencent.smtt.webkit.e.b$1,false)...
09-07 17:35:36.613 21364 21364 D DexLoader: WebCoreClassLoader - loadClass(org.chromium.content_public.browser.t$-CC,false)...
09-07 17:35:36.614 21364 21364 D DexLoader: WebCoreClassLoader - loadClass(org.chromium.content.browser.JavascriptInjectorImpl$b,false)...
09-07 17:35:36.614 21364 21364 D DexLoader: WebCoreClassLoader - loadClass(org.chromium.content.browser.-$$Lambda$P-_G5ISaVtLdCnG3UFxwZ3lP6CA,false)...
09-07 17:35:36.618 21364 21364 D DexLoader: WebCoreClassLoader - loadClass(com.tencent.tbs.tbsshell.partner.jsapi.JsExtensions$1,false)...
09-07 17:35:36.618 21364 21364 D DexLoader: WebCoreClassLoader - loadClass(com.tencent.tbs.tbsshell.partner.jsapi.a,false)...
09-07 17:35:36.618 21364 21364 D DexLoader: WebCoreClassLoader - loadClass(com.tencent.tbs.tbsshell.partner.jsapi.JsExtensions$jsPackagesOld,false)...
09-07 17:35:36.626 21364 21364 I webkit_app: [main]  onViewInitFinished is true cn.missevan
09-07 17:35:36.638 21364 21364 D Tinker.TinkerLoader: [main] [PendingLog @ 2022-09-07 17:35:34.009] tryLoad test test
09-07 17:35:36.652 21364 21364 W Tinker.TinkerLoader: [main] [PendingLog @ 2022-09-07 17:35:34.012] tryLoadPatchFiles:patch dir not exist:/data/user/0/cn.missevan/tinker
09-07 17:35:36.653 21364 21364 D Tinker.DefaultAppLike: [main] [PendingLog @ 2022-09-07 17:35:34.067] onBaseContextAttached:
09-07 17:35:36.654 21364 21364 D Tinker.DefaultAppLike: [main] [PendingLog @ 2022-09-07 17:35:34.379] onCreate
09-07 17:35:36.655 21364 21364 D DexLoader: WebCoreClassLoader - loadClass(com.tencent.common.wup.base.WupTimeOutController,false)...
09-07 17:35:36.656 21364 21364 D DexLoader: WebCoreClassLoader - loadClass(com.tencent.common.wup.base.a,false)...
09-07 17:35:36.665  1710  2029 I chatty  : uid=1000(system) Binder:1710_3 expire 3 lines
09-07 17:35:36.669  1710  5423 W ActivityManager: vivo occlude resumeTop canOccclude = false next.occlude = false
09-07 17:35:36.669  1710  5423 I chatty  : uid=1000(system) Binder:1710_16 expire 5 lines
09-07 17:35:36.696 21364 21580 D DexLoader: WebCoreClassLoader - loadClass(org.chromium.net.z,false)...
09-07 17:35:36.696 21364 21580 D DexLoader: WebCoreClassLoader - loadClass(org.chromium.tencent.net.a,false)...
09-07 17:35:36.697 21364 21580 D DexLoader: WebCoreClassLoader - loadClass(org.chromium.net.z$e,false)...
09-07 17:35:36.697 21364 21580 D DexLoader: WebCoreClassLoader - loadClass(org.chromium.net.z$d,false)...
09-07 17:35:36.698 21364 21580 D DexLoader: WebCoreClassLoader - loadClass(org.chromium.net.z$b,false)...
09-07 17:35:36.699 21364 21364 D awcn.SessionRequest:  onServiceConnected
09-07 17:35:36.714 21364 21364 D DexLoader: WebCoreClassLoader - loadClass(org.chromium.net.NetworkChangeNotifierAutoDetect$d$1,false)...
09-07 17:35:36.716 21364 21364 D DexLoader: WebCoreClassLoader - loadClass(org.chromium.net.NetworkChangeNotifierAutoDetect$d$2,false)...
09-07 17:35:36.717 21364 21364 D DexLoader: WebCoreClassLoader - loadClass(com.tencent.smtt.memory.-$$Lambda$X5MemoryPressureMonitor$T4GdNqqGkAheTaBos5zxBSKvo50,false)...
09-07 17:35:36.720 21364 21602 I UPush.BaseService: onHandleWork
09-07 17:35:36.720 21364 21602 I UPush.MessageHandlerService: action: com.umeng.message.action command:register
09-07 17:35:36.721 21364 21364 W ActivityThread: handleWindowVisibility: no activity for token android.os.BinderProxy@c5f803f
09-07 17:35:36.723 21364 21602 I UPush.MessageHandlerService: deviceToken: AsW6hOOy22KJLf-ncGHDmVI4cndJlqhPXVeMFEiiaiip status：true
09-07 17:35:36.728 21364 21448 I Umeng   : [UPush-1] device token: AsW6hOOy22KJLf-ncGHDmVI4cndJlqhPXVeMFEiiaiip
09-07 17:35:36.755 21364 21448 I NAccs.Config:  getDeviceToken token:AsW6hOOy22KJLf-ncGHDmVI4cndJlqhPXVeMFEiiaiip
09-07 17:35:36.755 21364 21448 D NAccs.Config:  getAgooAppKey appkey:umeng:546d7dd7fd98c58fc800082c
09-07 17:35:36.756 21364 21448 D NAccs.ACCSManager:  getAccsInstance key:default|0
09-07 17:35:36.756 21364 21448 I NAccs.SwitchDO:  buildData data:{"cmd":"enablePush","appKey":"umeng:546d7dd7fd98c58fc800082c","deviceId":"AsW6hOOy22KJLf-ncGHDmVI4cndJlqhPXVeMFEiiaiip"}
09-07 17:35:36.757 21364 21448 D NAccs.InAppConn_default:  start
09-07 17:35:36.760 21364 21448 D NAccs.InAppConn_default:  sendMessage ready dataId:1662543336757.3 type:DATA delay:0
09-07 17:35:36.775 21364 21448 E NAccs.HuaWeiRegister:  register checkDevice false
09-07 17:35:36.776 21364 21448 I NAccs.MeizuPush:  not meizu return
09-07 17:35:36.783 21364 21605 E NAccs.InAppConn_default:  sendMessage start dataId:1662543336757.3 type:DATA
09-07 17:35:36.783 21364 21605 D NAccs.OrangeAdapter:  getConnectTimeout result:10000
09-07 17:35:36.783 21364 21605 D awcn.SessionCenter: |[seq:umeng:546d7dd7fd98c58fc800082c] getInternal u:https://umengacs.m.taobao.com sessionType:LongLink timeout:10000
09-07 17:35:36.783 21364 21605 D awcn.StrategyCenter:  getSchemeByHost host:umengacs.m.taobao.com scheme:https
09-07 17:35:36.784 21364 21605 D awcn.SessionCenter: |[seq:umeng:546d7dd7fd98c58fc800082c] get internal hit cache session session:Session@[umeng:546d7dd7fd98c58fc800082c.AWCN1_1|http2_0rtt_acs]
09-07 17:35:36.788 21364 21605 D NAccs.Msg_default:  Build Message dataId:1662543336757.3
09-07 17:35:36.788 21364 21605 D NAccs.Msg_default:  	version:2 compress:0
09-07 17:35:36.788 21364 21605 D NAccs.Msg_default:  	flag: 0x40
09-07 17:35:36.788 21364 21605 D NAccs.Msg_default:  	totalLength:211
09-07 17:35:36.788 21364 21605 D NAccs.Msg_default:  	dataLength:209
09-07 17:35:36.788 21364 21605 D NAccs.Msg_default:  	flags:ffffc800
09-07 17:35:36.788 21364 21605 D NAccs.Msg_default:  	targetLength:16
09-07 17:35:36.789 21364 21605 D NAccs.Msg_default:  	target:2|AgooDeviceCmd|
09-07 17:35:36.789 21364 21605 D NAccs.Msg_default:  	sourceLength:51
09-07 17:35:36.789 21364 21605 D NAccs.Msg_default:  	source:Yxb4jenW6G8DAAMnawpgwtMM|cn.missevan|AgooDeviceCmd|
09-07 17:35:36.789 21364 21605 D NAccs.Msg_default:  	dataIdLength:15
09-07 17:35:36.789 21364 21605 D NAccs.Msg_default:  	dataId:1662543336757.3
09-07 17:35:36.789 21364 21605 D NAccs.Msg_default:  	extHeader len:0
09-07 17:35:36.789 21364 21605 D NAccs.Msg_default:  	oriData:{"cmd":"enablePush","appKey":"umeng:546d7dd7fd98c58fc800082c","deviceId":"AsW6hOOy22KJLf-ncGHDmVI4cndJlqhPXVeMFEiiaiip"}
09-07 17:35:36.789 21364 21605 D NAccs.InAppConn_default:  sendMessage dataId:1662543336757.3 command:100 host:https://umengacs.m.taobao.com len:215 utdid:Yxb4jenW6G8DAAMnawpgwtMM
09-07 17:35:36.789 21364 21605 E awcn.TnetSpdySession: |[seq:umeng:546d7dd7fd98c58fc800082c.AWCN1_1] sendCustomFrame dataId:3 type:200
09-07 17:35:36.805 21364 21605 E NAccs.InAppConn_default:  sendMessage end dataId:1662543336757.3 status:true
09-07 17:35:36.809 21364 21580 D DexLoader: WebCoreClassLoader - loadClass(org.chromium.net.AndroidCertVerifyResult,false)...
09-07 17:35:36.811 21364 21364 D SentryLog: [main] Transaction 'MainActivity' won't be bound to the Scope since there's one already in there.
09-07 17:35:36.812  1710  5425 I chatty  : uid=1000(system) Binder:1710_18 expire 1 line
09-07 17:35:36.812 21364 21448 E mcssdk---: MCS-->isExistPackage NameNotFoundException:com.coloros.mcs
09-07 17:35:36.812 21364 21448 I NAccs.OppoPush:  not support oppo push
09-07 17:35:36.831 21364 21458 E awcn.TnetSpdySession: |[seq:umeng:546d7dd7fd98c58fc800082c.AWCN1_1] [spdyCustomControlFrameRecvCallback] len:138 frameCb:com.taobao.accs.net.k@ca3521
09-07 17:35:36.833 21364 21458 E awcn.TnetSpdySession: |[seq:umeng:546d7dd7fd98c58fc800082c.AWCN1_1] str:20 40 0 86 0 84 e0 0 33 59 78 62 34 6a 65 6e 57 36 47 38 44 41 41 4d 6e 61 77 70 67 77 74 4d 4d 7c 63 6e 2e 6d 69 73 73 65 76 61 6e 7c 41 67 6f 6f 44 65 76 69 63 65 43 6d 64 7c 10 32 7c 41 67 6f 6f 44 65 76 69 63 65 43 6d 64 7c f 31 36 36 32 35 34 33 33 33 36 37 35 37 2e 33 0 0 7b 22 72 65 73 75 6c 74 43 6f 64 65 22 3a 22 73 75 63 63 65 73 73 22 2c 22 63 6d 64 22 3a 22 65 6e 61 62 6c 65 50 75 73 68 22 7d
09-07 17:35:36.833 21364 21458 E NAccs.InAppConn_default:  onDataReceive type:200 dataid:-1
09-07 17:35:36.833 21364 21606 D mcssdk---: MCS-->fbeVersion is false
09-07 17:35:36.836 21364 21449 I NAccs.MsgRecv_default:  onMessage host:https://umengacs.m.taobao.com
09-07 17:35:36.836 21364 21449 D NAccs.MsgRecv_default:  version:2
09-07 17:35:36.836 21364 21449 D NAccs.MsgRecv_default:  compress:0
09-07 17:35:36.837 21364 21449 D NAccs.MsgRecv_default:  totalLen:134
09-07 17:35:36.837 21364 21449 D NAccs.MsgRecv_default:  buf len:132
09-07 17:35:36.837 21364 21449 D NAccs.MsgRecv_default:  flag:e000
09-07 17:35:36.837 21364 21449 D NAccs.MsgRecv_default:  target:Yxb4jenW6G8DAAMnawpgwtMM|cn.missevan|AgooDeviceCmd|
09-07 17:35:36.837 21364 21449 D NAccs.MsgRecv_default:  source:2|AgooDeviceCmd|
09-07 17:35:36.837 21364 21449 D NAccs.MsgRecv_default:  dataId:1662543336757.3
09-07 17:35:36.837 21364 21449 D NAccs.MsgRecv_default:  extHeaderLen:0
09-07 17:35:36.837 21364 21449 D NAccs.MsgRecv_default:  oriData:[B@acedd46
09-07 17:35:36.837 21364 21449 E NAccs.MsgRecv_default:  handleMessage dataId:1662543336757.3 type:DATA reqType:RES resType:NO_ACK target:Yxb4jenW6G8DAAMnawpgwtMM|cn.missevan|AgooDeviceCmd|
09-07 17:35:36.838 21364 21449 D NAccs.MsgRecv_default:  handleMessage reqMessage not null
09-07 17:35:36.838 21364 21449 D NAccs.MsgRecv_default:  onResult command:100 erorcode:200
09-07 17:35:36.839 21364 21449 E NAccs.MsgDistribute:  distribute ready action:com.taobao.accs.intent.action.RECEIVE dataId:1662543336757.3 serviceId:AgooDeviceCmd
09-07 17:35:36.839 21364 21449 D NAccs.MsgDistribute:  distribute start appkey:umeng:546d7dd7fd98c58fc800082c config:default
09-07 17:35:36.839 21364 21449 D NAccs.MsgDistribute:  handleControlMsg configTag:default dataId:1662543336757.3 serviceId:AgooDeviceCmd command:100 errorCode:200 appReceiver:
09-07 17:35:36.851 21364 21449 E NAccs.MsgDistribute:  handleBusinessMsg start dataId:1662543336757.3 serviceId:AgooDeviceCmd command:100 t1:0 t2:0 t3:0 t4:0 t5:0 t6:0
09-07 17:35:36.851 21364 21449 E NAccs.MsgDistribute:  handleBusinessMsg start dataId:1662543336757.3 serviceId:AgooDeviceCmd command:100
09-07 17:35:36.851 21364 21449 E NAccs.MsgDistribute:  handleBusinessMsg getListener not null
09-07 17:35:36.851  1710  5425 I PackageManager: ### pkg:Package{387a64 cn.missevan}
09-07 17:35:36.851 21364 21449 E NAccs.a :  onReceiveData dataId:1662543336757.3 serviceId:AgooDeviceCmd command:100 className:com.taobao.agoo.a.b
09-07 17:35:36.895 21364 21364 I Injector: [main] provide play service connection
09-07 17:35:36.900 31788 31861 I NearbySharing: FastInitiation warming period has ended [CONTEXT service_id=194 ]
09-07 17:35:36.903 21364 21364 I PlayerServiceConnection: [main] New PlayerServiceConnection instance
09-07 17:35:36.908  1710  5423 I PackageManager: ### pkg:Package{387a64 cn.missevan}
09-07 17:35:36.909  1710  5183 I PackageManager: ### pkg:Package{387a64 cn.missevan}
09-07 17:35:36.909  1710  5183 I PackageManager: ### pkg:Package{387a64 cn.missevan}
09-07 17:35:36.915 21364 21364 I PlayerServiceConnection: [main] MediaBrowser start first connect.
09-07 17:35:36.916 21364 21364 D MediaBrowserCompat: Connecting to a MediaBrowserService.
09-07 17:35:36.936  1710  5183 I chatty  : uid=1000(system) Binder:1710_12 expire 3 lines
09-07 17:35:36.954 21364 21521 I okhttp.cronet.httpdns: [RxCachedThreadScheduler-2] OkHttp cronet native httpdns enabled.
09-07 17:35:36.961 21364 21375 I cn.missevan: Background concurrent copying GC freed 96978(5MB) AllocSpace objects, 17(2MB) LOS objects, 50% free, 19MB/38MB, paused 1.614ms total 188.812ms
09-07 17:35:36.964 21364 21521 D CronetEngine: [RxCachedThreadScheduler-2] cronet httpdns open!
09-07 17:35:36.964 21364 21521 D CronetEngine:  configure dns ips: [203.107.1.65, 203.107.1.34, 203.107.1.66, 203.107.1.33]
09-07 17:35:36.965 21364 21364 I Injector: [main] provide NowPlayingFragmentViewModel
09-07 17:35:36.967 21364 21364 I NowPlayingFragmentVM: [main] New NowPlayingViewModel instance
09-07 17:35:36.971 21364 21521 I httpdns.native: [RxCachedThreadScheduler-2] Native httpdns enabled.
09-07 17:35:36.977 21364 21521 I okhttp.cronet.httpdns: [RxCachedThreadScheduler-2] OkHttp cronet native httpdns enabled.
09-07 17:35:36.995 21364 21364 I Injector: [main] provide play service connection
09-07 17:35:36.997 21364 21364 I PlayerServiceConnection: [main] connection: subscribe to parent with id: /
09-07 17:35:37.022 21364 21364 I Injector: [main] provide MainActivityViewModel
09-07 17:35:37.023 21364 21364 I Injector: [main] provide play service connection
09-07 17:35:37.040  1710  1710 D NotificationService: handleSavePolicyFile
09-07 17:35:37.135 21364 21433 D UMLog   : 当前发送策略为: 间隔发送。间隔时间为：90秒。详见链接 https://developer.umeng.com/docs/66632/detail/66976?um_channel=sdk
09-07 17:35:37.149 21364 21364 I BLOG    : [main] onActivityStared: cn.missevan.activity.MainActivity@6497410
