09-07 17:25:15.359   674 20933 E libc    : Access denied finding property "disable.cpp.power.collapse"
09-07 17:25:15.360   674 20933 E libc    : Access denied finding property "camera.cpp.dumppreviewpayload"
09-07 17:25:15.364   674 20958 E ta      : TAAEC<ERROR> 2520: aec_process_parse_input_info: AEC error: invalid param type: 21
09-07 17:25:15.365   674 20958 I ta      : TAAEC< INFO> 4280: aec_process_calc_roi_luma_ctrl: FACE_PROTECTION: AE FACE FEATURE DISABLED
09-07 17:25:15.365   674 20958 I ta      : TAAEC< INFO> 4324: aec_process_calc_roi_luma_ctrl: FACE_PROTECTION: Face Portection FALSE
09-07 17:25:15.368   674 20945 E libc    : Access denied finding property "persist.front.camera.qcom.awb"
09-07 17:25:15.378   674 20971 E libc    : Access denied finding property "persist.aicamera.needlut"
09-07 17:25:15.392   674 20933 E         : cpp_thread_handle_process_buf_event, stream_type = 1
09-07 17:25:15.392   674 20933 E libc    : Access denied finding property "disable.cpp.power.collapse"
09-07 17:25:15.393   674 20933 E libc    : Access denied finding property "camera.cpp.dumppreviewpayload"
09-07 17:25:15.397   674 20958 E ta      : TAAEC<ERROR> 2520: aec_process_parse_input_info: AEC error: invalid param type: 21
09-07 17:25:15.401   674 20945 E libc    : Access denied finding property "persist.front.camera.qcom.awb"
09-07 17:25:15.411   674 20971 E libc    : Access denied finding property "persist.aicamera.needlut"
09-07 17:25:15.426   674 20933 E         : cpp_thread_handle_process_buf_event, stream_type = 1
09-07 17:25:15.426   674 20933 E libc    : Access denied finding property "disable.cpp.power.collapse"
09-07 17:25:15.426   674 20933 E libc    : Access denied finding property "camera.cpp.dumppreviewpayload"
09-07 17:25:15.430   674 20958 E ta      : TAAEC<ERROR> 2520: aec_process_parse_input_info: AEC error: invalid param type: 21
09-07 17:25:15.431   674 20958 I ta      : TAAEC< INFO> 4280: aec_process_calc_roi_luma_ctrl: FACE_PROTECTION: AE FACE FEATURE DISABLED
09-07 17:25:15.432   674 20958 I ta      : TAAEC< INFO> 4324: aec_process_calc_roi_luma_ctrl: FACE_PROTECTION: Face Portection FALSE
09-07 17:25:15.437   674 20945 E libc    : Access denied finding property "persist.front.camera.qcom.awb"
09-07 17:25:15.445   674 20971 E libc    : Access denied finding property "persist.aicamera.needlut"
09-07 17:25:15.446  1710  2176 I chatty  : uid=1000(system) AutobacklightTh identical 8 lines
09-07 17:25:15.459   674 20933 E         : cpp_thread_handle_process_buf_event, stream_type = 1
09-07 17:25:15.459   674 20933 E libc    : Access denied finding property "disable.cpp.power.collapse"
09-07 17:25:15.459   674 20933 E libc    : Access denied finding property "camera.cpp.dumppreviewpayload"
09-07 17:25:15.463   674 20958 E ta      : TAAEC<ERROR> 2520: aec_process_parse_input_info: AEC error: invalid param type: 21
09-07 17:25:15.467   674 20945 E libc    : Access denied finding property "persist.front.camera.qcom.awb"
09-07 17:25:15.478   674 20971 E libc    : Access denied finding property "persist.aicamera.needlut"
09-07 17:25:15.492   674 20933 E         : cpp_thread_handle_process_buf_event, stream_type = 1
09-07 17:25:15.493   674 20933 E libc    : Access denied finding property "disable.cpp.power.collapse"
09-07 17:25:15.493   674 20933 E libc    : Access denied finding property "camera.cpp.dumppreviewpayload"
09-07 17:25:15.497   674 20958 E ta      : TAAEC<ERROR> 2520: aec_process_parse_input_info: AEC error: invalid param type: 21
09-07 17:25:15.502   674 20958 I ta      : TAAEC< INFO> 4280: aec_process_calc_roi_luma_ctrl: FACE_PROTECTION: AE FACE FEATURE DISABLED
09-07 17:25:15.502   674 20958 I ta      : TAAEC< INFO> 4324: aec_process_calc_roi_luma_ctrl: FACE_PROTECTION: Face Portection FALSE
09-07 17:25:15.504   674 20958 E libc    : Access denied finding property "persist.front.camera.qcom.awb"
09-07 17:25:15.512   674 20971 E libc    : Access denied finding property "persist.aicamera.needlut"
09-07 17:25:15.525   674 20933 E         : cpp_thread_handle_process_buf_event, stream_type = 1
09-07 17:25:15.526   674 20933 E libc    : Access denied finding property "disable.cpp.power.collapse"
09-07 17:25:15.526   674 20933 E libc    : Access denied finding property "camera.cpp.dumppreviewpayload"
09-07 17:25:15.533   674 20958 E ta      : TAAEC<ERROR> 2520: aec_process_parse_input_info: AEC error: invalid param type: 21
09-07 17:25:15.535   674 20958 E libc    : Access denied finding property "persist.front.camera.qcom.awb"
09-07 17:25:15.545   674 20971 E libc    : Access denied finding property "persist.aicamera.needlut"
09-07 17:25:15.559   674 20933 E         : cpp_thread_handle_process_buf_event, stream_type = 1
09-07 17:25:15.559   674 20933 E libc    : Access denied finding property "disable.cpp.power.collapse"
09-07 17:25:15.560   674 20933 E libc    : Access denied finding property "camera.cpp.dumppreviewpayload"
09-07 17:25:15.565   674 20958 I ta      : TAAEC< INFO> 4280: aec_process_calc_roi_luma_ctrl: FACE_PROTECTION: AE FACE FEATURE DISABLED
09-07 17:25:15.565   674 20958 I ta      : TAAEC< INFO> 4324: aec_process_calc_roi_luma_ctrl: FACE_PROTECTION: Face Portection FALSE
09-07 17:25:15.568   674 20958 E libc    : Access denied finding property "persist.front.camera.qcom.awb"
09-07 17:25:15.578   674 20971 E libc    : Access denied finding property "persist.aicamera.needlut"
09-07 17:25:15.593   674 20933 E         : cpp_thread_handle_process_buf_event, stream_type = 1
09-07 17:25:15.594   674 20933 E libc    : Access denied finding property "disable.cpp.power.collapse"
09-07 17:25:15.594   674 20933 E libc    : Access denied finding property "camera.cpp.dumppreviewpayload"
09-07 17:25:15.597   674 20958 E ta      : TAAEC<ERROR> 2520: aec_process_parse_input_info: AEC error: invalid param type: 21
09-07 17:25:15.602   674 20958 E libc    : Access denied finding property "persist.front.camera.qcom.awb"
09-07 17:25:15.613   674 20971 E libc    : Access denied finding property "persist.aicamera.needlut"
09-07 17:25:15.626   674 20933 E         : cpp_thread_handle_process_buf_event, stream_type = 1
09-07 17:25:15.626   674 20933 E libc    : Access denied finding property "disable.cpp.power.collapse"
09-07 17:25:15.626   674 20933 E libc    : Access denied finding property "camera.cpp.dumppreviewpayload"
09-07 17:25:15.630   674 20958 E ta      : TAAEC<ERROR> 2520: aec_process_parse_input_info: AEC error: invalid param type: 21
09-07 17:25:15.632   674 20958 I ta      : TAAEC< INFO> 4280: aec_process_calc_roi_luma_ctrl: FACE_PROTECTION: AE FACE FEATURE DISABLED
09-07 17:25:15.632   674 20958 I ta      : TAAEC< INFO> 4324: aec_process_calc_roi_luma_ctrl: FACE_PROTECTION: Face Portection FALSE
09-07 17:25:15.633  1710  1866 I PowerManagerService: Going to sleep due to screen timeout (uid 1000)...
09-07 17:25:15.634  1710  1866 D FingerprintWakeHook: Screen OFF
09-07 17:25:15.634  1710  1866 D PowerManagerService: handleSandman go to sleep
09-07 17:25:15.634  1710  1866 I PowerManagerService: Sleeping (uid 1000)...
09-07 17:25:15.635  2389 27872 I chatty  : uid=10018(com.android.systemui) Binder:2389_F expire 6 lines
09-07 17:25:15.636  1710  1866 I DisplayPowerController: Blocking screen off
09-07 17:25:15.636   674 20945 E libc    : Access denied finding property "persist.front.camera.qcom.awb"
09-07 17:25:15.638  1710  2183 I DisplayPowerState: mBlockedByFingerprint = 0
09-07 17:25:15.639  1710  1866 I DisplayPowerController: Unblocked screen off after 3 ms
09-07 17:25:15.640  1710  5560 D FingerprintWakeHook: after PROP_FP_AOD set 0
09-07 17:25:15.640   686   885 I chatty  : uid=1000(system) sensors@1.0-ser expire 2 lines
09-07 17:25:15.645  1710  2183 E DisplayPowerState: run changed=true mNightPearlManager is null! or state != Display.STATE_OFF
09-07 17:25:15.645  1710  2183 D DisplayPowerState: run normal set state ON brightness:0
09-07 17:25:15.645  1710  2183 W LightsService: setBrightness:0
09-07 17:25:15.646   674 20971 E libc    : Access denied finding property "persist.aicamera.needlut"
09-07 17:25:15.649  1710  2183 D FingerprintWakeHook: Display state changed to ON
09-07 17:25:15.649  1710  2183 D DisplayPowerState: run normal set state end
09-07 17:25:15.650 18625 18625 I chatty  : uid=10612(cn.missevan) expire 13 lines
09-07 17:25:15.655  1710  2183 D DisplayPowerState: run state:ON on:true backlight:0
09-07 17:25:15.659   718   718 I ConfigStore: android::hardware::configstore::V1_0::ISurfaceFlingerConfigs::hasHDRDisplay retrieved: 0
09-07 17:25:15.660   701   701 E touchscreen: Open /sys/touchscreen/gesture_sign_switch failed
09-07 17:25:15.662   674 20933 E         : cpp_thread_handle_process_buf_event, stream_type = 1
09-07 17:25:15.663   674 20933 E libc    : Access denied finding property "disable.cpp.power.collapse"
09-07 17:25:15.663   674 20933 E libc    : Access denied finding property "camera.cpp.dumppreviewpayload"
09-07 17:25:15.664   674 20958 E ta      : TAAEC<ERROR> 2520: aec_process_parse_input_info: AEC error: invalid param type: 21
09-07 17:25:15.668   674 20945 E libc    : Access denied finding property "persist.front.camera.qcom.awb"
09-07 17:25:15.682   674 20971 E libc    : Access denied finding property "persist.aicamera.needlut"
09-07 17:25:15.687  2389  2433 I chatty  : uid=10018(com.android.systemui) VivoKeyguardHan expire 1 line
09-07 17:25:15.688   686  2027 I chatty  : uid=1000(system) HwBinder:686_1 expire 2 lines
09-07 17:25:15.693   718   718 D SurfaceFlinger: Set power mode=0, type=0 flinger=0x775f255000
09-07 17:25:15.693  1710  1863 I DisplayManagerService: Display device changed state: "内置屏幕", OFF
09-07 17:25:15.694  4737  4737 D MainImeServiceDel: mHandler = 76
09-07 17:25:15.696  1710  5421 D KeyguardServiceDelegate: onKeyguardShowing: true
09-07 17:25:15.696  1710  1866 I chatty  : uid=1000(system) PowerManagerSer expire 1 line
09-07 17:25:15.697 20904 20904 I SurfaceView: updateSystemUiVisibility, blackBackground = false, viewVisibility = 0, appBounds = Rect(0, 0 - 70, 70), mScreenRect = Rect(70, 0 - 140, 70), surface = android.view.SurfaceView{2602e78 V.E...... ........ 0,0-70,70}
09-07 17:25:15.698  4383  4383 D ViewRootImpl[Launcher]: onDisplayChange oldDisplayState=2 newDisplayState=1
09-07 17:25:15.700  4514  4514 D ViewRootImpl[HiBoard]: onDisplayChange oldDisplayState=2 newDisplayState=1
09-07 17:25:15.701   674 20924 E         : mm_camera_module_send_cmd: rc = 0
09-07 17:25:15.703   674   791 I QTI PowerHAL: Got process_video_encode_hint
09-07 17:25:15.704  4340  4340 D ViewRootImpl[FloatingBallIdleView]: onDisplayChange oldDisplayState=2 newDisplayState=1
09-07 17:25:15.704  2793  2793 D ViewRootImpl[DockedStackDivider]: onDisplayChange oldDisplayState=2 newDisplayState=1
09-07 17:25:15.705   674 20933 E         : cpp_thread_handle_process_buf_event, stream_type = 1
09-07 17:25:15.705   674 20933 E libc    : Access denied finding property "disable.cpp.power.collapse"
09-07 17:25:15.706   674 20933 E libc    : Access denied finding property "camera.cpp.dumppreviewpayload"
09-07 17:25:15.706   674 20958 E ta      : TAAEC<ERROR> 2520: aec_process_parse_input_info: AEC error: invalid param type: 21
09-07 17:25:15.707  2793  2793 D ViewRootImpl[PopMenuView]: onDisplayChange oldDisplayState=2 newDisplayState=1
09-07 17:25:15.707   674 20958 I ta      : TAAEC< INFO> 4280: aec_process_calc_roi_luma_ctrl: FACE_PROTECTION: AE FACE FEATURE DISABLED
09-07 17:25:15.707   674 20958 I ta      : TAAEC< INFO> 4324: aec_process_calc_roi_luma_ctrl: FACE_PROTECTION: Face Portection FALSE
09-07 17:25:15.709   674 20958 E libc    : Access denied finding property "persist.front.camera.qcom.awb"
09-07 17:25:15.709   681  5753 I SDM     : DisplayBase::SetDisplayState: Set state = 0, display 0
09-07 17:25:15.710  4340  4340 D ViewRootImpl[FloatingBallExpandedView]: onDisplayChange oldDisplayState=2 newDisplayState=1
09-07 17:25:15.716  4340  4340 D ViewRootImpl[FloatingBallContent]: onDisplayChange oldDisplayState=2 newDisplayState=1
09-07 17:25:15.717  4737  4737 D ViewRootImpl[InputMethod]: onDisplayChange oldDisplayState=2 newDisplayState=1
09-07 17:25:15.718  4340  4340 D ViewRootImpl[FloatingBallEdgeView]: onDisplayChange oldDisplayState=2 newDisplayState=1
09-07 17:25:15.723 20364 20364 D ViewRootImpl[Settings]: onDisplayChange oldDisplayState=2 newDisplayState=1
09-07 17:25:15.724 14731 14731 D ViewRootImpl[PurviewTabActivity]: onDisplayChange oldDisplayState=2 newDisplayState=1
09-07 17:25:15.726 27792 27792 D ViewRootImpl[BrowserActivity]: onDisplayChange oldDisplayState=2 newDisplayState=1
09-07 17:25:15.726   674 20977 E libc    : Access denied finding property "cpp.set.clock"
09-07 17:25:15.726  4603  4603 D ViewRootImpl[LocalCameraActivity]: onDisplayChange oldDisplayState=2 newDisplayState=1
09-07 17:25:15.729   674 20933 E         : cpp_thread_handle_process_buf_event, stream_type = 1
09-07 17:25:15.729   674 20933 E libc    : Access denied finding property "disable.cpp.power.collapse"
09-07 17:25:15.729   674 20933 E libc    : Access denied finding property "camera.cpp.dumppreviewpayload"
09-07 17:25:15.731  2389 26086 I chatty  : uid=10018(com.android.systemui) Binder:2389_D expire 1 line
09-07 17:25:15.731  2160  2188 W System.err: java.lang.ClassNotFoundException: com.vivo.services.cipher.utils.SecurityPhoneLockFieldUtil
09-07 17:25:15.732  2160  2188 W System.err: 	at java.lang.Class.classForName(Native Method)
09-07 17:25:15.732  2160  2188 W System.err: 	at java.lang.Class.forName(Class.java:453)
09-07 17:25:15.732  2160  2188 W System.err: 	at java.lang.Class.forName(Class.java:378)
09-07 17:25:15.732  2160  2188 W System.err: 	at com.vivo.fingerprintui.keyguard.n.C(SourceFile:2)
09-07 17:25:15.732  2160  2188 W System.err: 	at com.vivo.fingerprintui.keyguard.n.x(SourceFile:14)
09-07 17:25:15.732  2160  2188 W System.err: 	at com.vivo.fingerprintui.keyguard.n.j(SourceFile:3)
09-07 17:25:15.732  2160  2188 W System.err: 	at com.vivo.fingerprintui.keyguard.n.k(SourceFile:13)
09-07 17:25:15.732  2160  2188 W System.err: 	at com.vivo.fingerprintui.keyguard.n.p(SourceFile:9)
09-07 17:25:15.732  2160  2188 W System.err: 	at com.vivo.fingerprintui.keyguard.n.k(SourceFile:1)
09-07 17:25:15.732  2160  2188 W System.err: 	at com.vivo.fingerprintui.keyguard.n$b.handleMessage(SourceFile:26)
09-07 17:25:15.732  2160  2188 W System.err: 	at android.os.Handler.dispatchMessage(Handler.java:106)
09-07 17:25:15.732  2160  2188 W System.err: 	at android.os.Looper.loop(Looper.java:224)
09-07 17:25:15.732  1710  1866 D PowerManagerService: reset mPrimaryDisplayIsDoze
09-07 17:25:15.732  2160  2188 W System.err: 	at android.os.HandlerThread.run(HandlerThread.java:65)
09-07 17:25:15.732  1710  2183 I DisplayPowerState: mBlockedByFingerprint = 0
09-07 17:25:15.732  2160  2188 W System.err: Caused by: java.lang.ClassNotFoundException: Didn't find class "com.vivo.services.cipher.utils.SecurityPhoneLockFieldUtil" on path: DexPathList[[zip file "/system/app/FingerprintUI/FingerprintUI.apk"],nativeLibraryDirectories=[/system/app/FingerprintUI/lib/arm64, /system/app/FingerprintUI/FingerprintUI.apk!/lib/arm64-v8a, /system/lib64, /system/lib64]]
09-07 17:25:15.733   686   686 I chatty  : uid=1000(system) sensors@1.0-ser expire 6 lines
09-07 17:25:15.734  1710  5746 I ActivityManager: Killing 14773:com.android.packageinstaller/u0a19 (adj 906): empty for 5982s
09-07 17:25:15.734  4836  4836 D ViewRootImpl[SecureInputMethod]: onDisplayChange oldDisplayState=2 newDisplayState=1
09-07 17:25:15.735  1710  2183 D DisplayPowerState: run normal set state OFF brightness:0
09-07 17:25:15.740   674 20958 E ta      : TAAEC<ERROR> 2520: aec_process_parse_input_info: AEC error: invalid param type: 21
09-07 17:25:15.745   674 20958 E libc    : Access denied finding property "persist.front.camera.qcom.awb"
09-07 17:25:15.747 20364 20364 D ViewRootImpl[Settings$GeneralSettingsActivity]: onDisplayChange oldDisplayState=2 newDisplayState=1
09-07 17:25:15.748  1710  5748 I chatty  : uid=1000(system) Binder:1710_1F expire 5 lines
09-07 17:25:15.751  2160  2188 W System.err: 	at dalvik.system.BaseDexClassLoader.findClass(BaseDexClassLoader.java:134)
09-07 17:25:15.751  2160  2188 W System.err: 	at java.lang.ClassLoader.loadClass(ClassLoader.java:379)
09-07 17:25:15.751  2160  2188 W System.err: 	at java.lang.ClassLoader.loadClass(ClassLoader.java:312)
09-07 17:25:15.751  2160  2188 W System.err: 	... 13 more
09-07 17:25:15.753  1710  5748 D FingerprintService: set homekey to HOMEKEY_FREE
09-07 17:25:15.757  2160  2188 W System.err: java.lang.ClassNotFoundException: com.vivo.services.cipher.utils.SecurityPhoneLockFieldUtil
09-07 17:25:15.757  2160  2188 W System.err: 	at java.lang.Class.classForName(Native Method)
09-07 17:25:15.757  2160  2188 W System.err: 	at java.lang.Class.forName(Class.java:453)
09-07 17:25:15.757  2160  2188 W System.err: 	at java.lang.Class.forName(Class.java:378)
09-07 17:25:15.757  2160  2188 W System.err: 	at com.vivo.fingerprintui.keyguard.n.C(SourceFile:2)
09-07 17:25:15.757  2160  2188 W System.err: 	at com.vivo.fingerprintui.keyguard.n.x(SourceFile:14)
09-07 17:25:15.757  2160  2188 W System.err: 	at com.vivo.fingerprintui.keyguard.n.j(SourceFile:3)
09-07 17:25:15.757  2160  2188 W System.err: 	at com.vivo.fingerprintui.keyguard.n.s(SourceFile:20)
09-07 17:25:15.757  2160  2188 W System.err: 	at com.vivo.fingerprintui.keyguard.n.j(SourceFile:1)
09-07 17:25:15.757  2160  2188 W System.err: 	at com.vivo.fingerprintui.keyguard.n$b.handleMessage(SourceFile:27)
09-07 17:25:15.757  2160  2188 W System.err: 	at android.os.Handler.dispatchMessage(Handler.java:106)
09-07 17:25:15.757  2160  2188 W System.err: 	at android.os.Looper.loop(Looper.java:224)
09-07 17:25:15.757  2160  2188 W System.err: 	at android.os.HandlerThread.run(HandlerThread.java:65)
09-07 17:25:15.757  2160  2188 W System.err: Caused by: java.lang.ClassNotFoundException: Didn't find class "com.vivo.services.cipher.utils.SecurityPhoneLockFieldUtil" on path: DexPathList[[zip file "/system/app/FingerprintUI/FingerprintUI.apk"],nativeLibraryDirectories=[/system/app/FingerprintUI/lib/arm64, /system/app/FingerprintUI/FingerprintUI.apk!/lib/arm64-v8a, /system/lib64, /system/lib64]]
09-07 17:25:15.757  2160  2188 W System.err: 	at dalvik.system.BaseDexClassLoader.findClass(BaseDexClassLoader.java:134)
09-07 17:25:15.757  2160  2188 W System.err: 	at java.lang.ClassLoader.loadClass(ClassLoader.java:379)
09-07 17:25:15.757  2160  2188 W System.err: 	at java.lang.ClassLoader.loadClass(ClassLoader.java:312)
09-07 17:25:15.757  2160  2188 W System.err: 	... 12 more
09-07 17:25:15.759  2389  3469 I chatty  : uid=10018(com.android.systemui) vivo_offload-8 expire 1 line
09-07 17:25:15.759   674 20933 E         : cpp_thread_handle_process_buf_event, stream_type = 1
09-07 17:25:15.760   674 20933 E libc    : Access denied finding property "disable.cpp.power.collapse"
09-07 17:25:15.760   674 20933 E libc    : Access denied finding property "camera.cpp.dumppreviewpayload"
09-07 17:25:15.761 27792 27792 D ViewRootImpl[BrowserActivity]: onDisplayChange oldDisplayState=2 newDisplayState=1
09-07 17:25:15.763   674 20958 E ta      : TAAEC<ERROR> 2520: aec_process_parse_input_info: AEC error: invalid param type: 21
09-07 17:25:15.764   674 20958 I ta      : TAAEC< INFO> 4280: aec_process_calc_roi_luma_ctrl: FACE_PROTECTION: AE FACE FEATURE DISABLED
09-07 17:25:15.764   674 20958 I ta      : TAAEC< INFO> 4324: aec_process_calc_roi_luma_ctrl: FACE_PROTECTION: Face Portection FALSE
09-07 17:25:15.767   674 20958 E libc    : Access denied finding property "persist.front.camera.qcom.awb"
09-07 17:25:15.792   674 20933 E         : cpp_thread_handle_process_buf_event, stream_type = 1
09-07 17:25:15.793   674 20933 E libc    : Access denied finding property "disable.cpp.power.collapse"
09-07 17:25:15.793   674 20933 E libc    : Access denied finding property "camera.cpp.dumppreviewpayload"
09-07 17:25:15.796  1710  1839 I chatty  : uid=1000(system) ActivityManager expire 16 lines
09-07 17:25:15.797   674 20958 E ta      : TAAEC<ERROR> 2520: aec_process_parse_input_info: AEC error: invalid param type: 21
09-07 17:25:15.800   674 20945 E libc    : Access denied finding property "persist.front.camera.qcom.awb"
09-07 17:25:15.802 18625 21002 I chatty  : uid=10612(cn.missevan) expire 1 line
09-07 17:25:15.815   977   977 I Zygote  : Process 14773 exited due to signal (9)
09-07 17:25:15.826   674 20933 E         : cpp_thread_handle_process_buf_event, stream_type = 1
09-07 17:25:15.827   674 20933 E libc    : Access denied finding property "disable.cpp.power.collapse"
09-07 17:25:15.827   674 20933 E libc    : Access denied finding property "camera.cpp.dumppreviewpayload"
09-07 17:25:15.830   674 20958 E ta      : TAAEC<ERROR> 2520: aec_process_parse_input_info: AEC error: invalid param type: 21
09-07 17:25:15.831   674 20958 I ta      : TAAEC< INFO> 4280: aec_process_calc_roi_luma_ctrl: FACE_PROTECTION: AE FACE FEATURE DISABLED
09-07 17:25:15.831   674 20958 I ta      : TAAEC< INFO> 4324: aec_process_calc_roi_luma_ctrl: FACE_PROTECTION: Face Portection FALSE
09-07 17:25:15.834   674 20945 E libc    : Access denied finding property "persist.front.camera.qcom.awb"
09-07 17:25:15.842  1710  5424 I chatty  : uid=1000(system) Binder:1710_17 expire 4 lines
09-07 17:25:15.847  1710  1863 W ActivityManager: setHasOverlayUi called on unknown pid: 14773
09-07 17:25:15.849  2389  2389 I chatty  : uid=10018(com.android.systemui) expire 80 lines
09-07 17:25:15.859   674 20933 E         : cpp_thread_handle_process_buf_event, stream_type = 1
09-07 17:25:15.859   674 20933 E libc    : Access denied finding property "disable.cpp.power.collapse"
09-07 17:25:15.860   674 20933 E libc    : Access denied finding property "camera.cpp.dumppreviewpayload"
09-07 17:25:15.863   674 20958 E ta      : TAAEC<ERROR> 2520: aec_process_parse_input_info: AEC error: invalid param type: 21
09-07 17:25:15.866   674 20945 E libc    : Access denied finding property "persist.front.camera.qcom.awb"
09-07 17:25:15.892   674 20933 E         : cpp_thread_handle_process_buf_event, stream_type = 1
09-07 17:25:15.893   674 20933 E libc    : Access denied finding property "disable.cpp.power.collapse"
09-07 17:25:15.893   674 20933 E libc    : Access denied finding property "camera.cpp.dumppreviewpayload"
09-07 17:25:15.897   674 20958 E ta      : TAAEC<ERROR> 2520: aec_process_parse_input_info: AEC error: invalid param type: 21
09-07 17:25:15.898   674 20958 I ta      : TAAEC< INFO> 4280: aec_process_calc_roi_luma_ctrl: FACE_PROTECTION: AE FACE FEATURE DISABLED
09-07 17:25:15.898   674 20958 I ta      : TAAEC< INFO> 4324: aec_process_calc_roi_luma_ctrl: FACE_PROTECTION: Face Portection FALSE
09-07 17:25:15.901   674 20945 E libc    : Access denied finding property "persist.front.camera.qcom.awb"
09-07 17:25:15.902  2730 23512 I chatty  : uid=1000(system) Binder:2730_6 expire 25 lines
09-07 17:25:15.902  1710  4298 I chatty  : uid=1000(system) Binder:1710_10 expire 16 lines
09-07 17:25:15.903  2730  2730 I chatty  : uid=1000(system) com.vivo.upslide expire 127 lines
09-07 17:25:15.903  1710  4298 I PackageManager: ### pkg:Package{772d4e9 com.vivo.shortcutcenter}
09-07 17:25:15.906  2389 26086 I chatty  : uid=10018(com.android.systemui) Binder:2389_D expire 2 lines
09-07 17:25:15.906  2389  3729 I chatty  : uid=10018(com.android.systemui) keyguard_async_ expire 2 lines
09-07 17:25:15.913  2389  2389 V KeyguardDisplayManager: show
09-07 17:25:15.914  2389  2389 D KeyguardViewMediator: handleNotifyFinishedGoingToSleep
09-07 17:25:15.925   674 20933 E         : cpp_thread_handle_process_buf_event, stream_type = 1
09-07 17:25:15.926   674 20933 E libc    : Access denied finding property "disable.cpp.power.collapse"
09-07 17:25:15.926   674 20933 E libc    : Access denied finding property "camera.cpp.dumppreviewpayload"
09-07 17:25:15.929  2389  2389 D StatusBar: disable<e i a s b H!R!c s > disable2<q i n >
09-07 17:25:15.930  2389  2389 D StatusBar: disable<e i a s b H R c s > disable2<q i n >
09-07 17:25:15.930   674 20958 E ta      : TAAEC<ERROR> 2520: aec_process_parse_input_info: AEC error: invalid param type: 21
09-07 17:25:15.934  2389  2389 D ViewRootImpl[NavigationBar]: onDisplayChange oldDisplayState=2 newDisplayState=1
09-07 17:25:15.934   718   718 D SurfaceFlinger: Finished set power mode=0, type=0
09-07 17:25:15.934  2389  2389 D ViewRootImpl[StatusBar]: onDisplayChange oldDisplayState=2 newDisplayState=1
09-07 17:25:15.934   674 20945 E libc    : Access denied finding property "persist.front.camera.qcom.awb"
09-07 17:25:15.935  1710  4298 I PackageManager: ### pkg:Package{772d4e9 com.vivo.shortcutcenter}
09-07 17:25:15.936   718   718 I SurfaceFlinger: FPS: 30
09-07 17:25:15.936  2389  2389 D ViewRootImpl[AssistPreviewPanel]: onDisplayChange oldDisplayState=2 newDisplayState=1
09-07 17:25:15.936  2389  2389 D KeyguardViewMediator: handleNotifyScreenTurnedOff
09-07 17:25:15.936  1710  1710 D FingerprintWakeHook: Display state changed to OFF
09-07 17:25:15.937   685   685 E QTI PowerHAL: Failed to acquire lock.
09-07 17:25:15.938   685   685 I QTI PowerHAL: Got set_interactive hint
09-07 17:25:15.938  1710  1710 W UsageStatsService: Event reported without a package name
09-07 17:25:15.938  1710  1710 W UsageStatsService: Event reported without a package name
09-07 17:25:15.939  1710  2183 D DisplayPowerState: run normal set state end
09-07 17:25:15.939  1710  2183 E DisplayPowerState: run changed=false mNightPearlManager is null!   or state == Display.STATE_OFF
09-07 17:25:15.941  2389  2389 D VolumeDialogController: onReceive ACTION_SCREEN_OFF
09-07 17:25:15.948   674 20924 E         : mm_camera_module_send_cmd: rc = 0
09-07 17:25:15.949  2389  2389 D StatusBar: disable<e i a s b H R c s > disable2<q i n >
09-07 17:25:15.949  2389  2389 D StatusBar: disable<e i a s b H R c s > disable2<q i n >
09-07 17:25:15.958   674 20944 E         : Jeff: 4890 downstream stream-off done.
09-07 17:25:15.959   674 20944 E libc    : Access denied finding property "cpp.set.clock"
09-07 17:25:15.968  1710  1710 W Looper  : Slow dispatch took 277ms main h=com.android.server.power.Notifier$NotifierHandler c=com.android.server.power.Notifier$1@b587971 m=0
09-07 17:25:15.969  1710  5183 I PackageManager: ### pkg:Package{772d4e9 com.vivo.shortcutcenter}
09-07 17:25:15.970  1710  1710 W Looper  : Slow delivery took 333ms main h=com.android.server.fingerprint.AnalysisService$1 c=null m=1
09-07 17:25:15.977   674 20924 E         : mm_camera_module_send_cmd: rc = 0
09-07 17:25:15.982  1710  2621 W UsageStatsService: Event reported without a package name
09-07 17:25:15.982  1710  2621 W UsageStatsService: Event reported without a package name
09-07 17:25:15.982  1710  1710 I FingerprintService: sendCommand CMD_SET_UNLOCK_AUTH:1
09-07 17:25:15.983  1132  1132 D [GF_HAL][gf_hal]: [gf_hal_send_command] enter, cmd=32531, extras=1
09-07 17:25:15.984   674 20924 E         : mm_camera_module_send_cmd: rc = 0
09-07 17:25:15.988 18625 18784 I chatty  : uid=10612(cn.missevan) expire 2 lines
09-07 17:25:15.993   674 20924 E         : mm_camera_module_send_cmd: rc = 0
09-07 17:25:15.995   674 20924 E         : mm_camera_module_send_cmd: rc = 0
09-07 17:25:15.995   674 20924 E         : mm_camera_module_send_cmd: rc = 0
09-07 17:25:15.995   674 20924 E         : mm_camera_module_send_cmd: rc = 0
09-07 17:25:15.997   674 20924 E         : mm_camera_module_send_cmd: rc = 0
09-07 17:25:16.000   674 20924 E         : mm_camera_module_send_cmd: rc = 0
09-07 17:25:16.000   981  1235 D CameraHardwareInterface: leetao camera_debug release memory fd=10,mem=0xf2386e30,heap=0xf3ea7918,strongcount=2
09-07 17:25:16.000   981  1235 D CameraHardwareInterface: camera_debug ~CameraHeapMemory
09-07 17:25:16.001   981  1235 D CameraHardwareInterface: leetao camera_debug release memory fd=11,mem=0xf3e9a9b0,heap=0xf3ea78e0,strongcount=2
09-07 17:25:16.001   981  1235 D CameraHardwareInterface: camera_debug ~CameraHeapMemory
09-07 17:25:16.002   981  1235 D CameraHardwareInterface: leetao camera_debug release memory fd=12,mem=0xf3e9aaa0,heap=0xf3ea78a8,strongcount=2
09-07 17:25:16.002   981  1235 D CameraHardwareInterface: camera_debug ~CameraHeapMemory
09-07 17:25:16.002   981  1235 D CameraHardwareInterface: leetao camera_debug release memory fd=15,mem=0xf3e9ab00,heap=0xf3ea7758,strongcount=2
09-07 17:25:16.002   981  1235 D CameraHardwareInterface: camera_debug ~CameraHeapMemory
09-07 17:25:16.003   981  1235 D CameraHardwareInterface: leetao camera_debug release memory fd=18,mem=0xf2386710,heap=0xf3ea7bf0,strongcount=2
09-07 17:25:16.003   981  1235 D CameraHardwareInterface: camera_debug ~CameraHeapMemory
09-07 17:25:16.003   981  1235 D CameraHardwareInterface: leetao camera_debug release memory fd=21,mem=0xf3e9aad0,heap=0xf3ea7bb8,strongcount=2
09-07 17:25:16.003   981  1235 D CameraHardwareInterface: camera_debug ~CameraHeapMemory
09-07 17:25:16.004   981  1235 D CameraHardwareInterface: leetao camera_debug release memory fd=24,mem=0xf3e9b820,heap=0xf3ea7b80,strongcount=2
09-07 17:25:16.004   981  1235 D CameraHardwareInterface: camera_debug ~CameraHeapMemory
09-07 17:25:16.004   981  1235 D CameraHardwareInterface: leetao camera_debug release memory fd=27,mem=0xf3e9b850,heap=0xf3ea7b10,strongcount=2
09-07 17:25:16.004   981  1235 D CameraHardwareInterface: camera_debug ~CameraHeapMemory
09-07 17:25:16.005   981  1235 D CameraHardwareInterface: leetao camera_debug release memory fd=30,mem=0xf3e9b880,heap=0xf3ea7cd0,strongcount=2
09-07 17:25:16.005   981  1235 D CameraHardwareInterface: camera_debug ~CameraHeapMemory
09-07 17:25:16.005   674 20924 E         : mm_camera_module_send_cmd: rc = 0
09-07 17:25:16.007   674 20924 E         : mm_camera_module_send_cmd: rc = 0
09-07 17:25:16.009 20904 20904 V Camera  : sendReleaseCameraBroadCast isNormalCamera = false
09-07 17:25:16.009 20904 20904 W ContextImpl: Calling a method in the system process without a qualified user: android.app.ContextImpl.sendBroadcast:1024 android.content.ContextWrapper.sendBroadcast:444 android.hardware.Camera.sendReleaseCameraBroadCast:695 android.hardware.Camera.release:932 com.bbk.facewake.FaceWakeService.surfaceDestroyed:364
09-07 17:25:16.019   718  3686 E         : IProducerListener: malformed binder reply
09-07 17:25:16.029  1710  1862 D UsbDeviceManager: handleMessage MSG_UPDATE_SCREEN_LOCK ,message.what=13
09-07 17:25:16.029 15057 15081 D FaceDetectInScreenDoze: onFaceUnlockIconStatus status = 4
09-07 17:25:16.035  2389  2389 D StatusBar: disable<e i a s b H R c s > disable2<q i n >
09-07 17:25:16.039  2389  3535 E memtrack: Couldn't load memtrack module
09-07 17:25:16.039  2389  3535 W android.os.Debug: failed to get memory consumption info: -1
09-07 17:25:16.041  1710  1710 I FingerprintService: sendCommand CMD_SET_INTERACTIVE:0
09-07 17:25:16.041  1132  1132 D [GF_HAL][gf_hal]: [gf_hal_send_command] enter, cmd=32517, extras=0
09-07 17:25:16.041  1132  1132 E [gf_ca_entry] : [gx_ta_send_modified_cmd_req] begin, token = 332, cmd_id = 1036
09-07 17:25:16.041  1132  1132 E libc    : Access denied finding property "gf.debug.dump_qseelog_data"
09-07 17:25:16.043   674   791 I CamDev@1.0-impl: Closing camera 1
09-07 17:25:16.043   674 20927 D /vendor/bin/hw/android.hardware.camera.provider@2.4-service: vendor/qcom/proprietary/commonsys-intf/adsprpc/src/fastrpc_apps_user.c:1925: Error 4b: adsp current process handle failed. domain 3
09-07 17:25:16.046   674 20927 D /vendor/bin/hw/android.hardware.camera.provider@2.4-service: vendor/qcom/proprietary/commonsys-intf/adsprpc/src/fastrpc_apps_user.c:1925: Error 4b: adsp current process handle failed. domain 3
09-07 17:25:16.047   674 20927 I chatty  : uid=1047(cameraserver) provider@2.4-se identical 1 line
09-07 17:25:16.047   674 20927 D /vendor/bin/hw/android.hardware.camera.provider@2.4-service: vendor/qcom/proprietary/commonsys-intf/adsprpc/src/fastrpc_apps_user.c:1925: Error 4b: adsp current process handle failed. domain 3
09-07 17:25:16.051   674   791 E         : mm_camera_module_send_cmd: rc = 0
09-07 17:25:16.052   674   791 I chatty  : uid=1047(cameraserver) HwBinder:674_2 identical 1 line
09-07 17:25:16.052  1710  1768 I PackageManager: ### pkg:Package{3ab7c70 com.bbk.updater}
09-07 17:25:16.053   674   791 E         : mm_camera_module_send_cmd: rc = 0
09-07 17:25:16.053  1132  1132 E gf_ca_entry: Qsee log info, log length=2173, logbuf index=2173, log dump level=GF_LOG_DEBUG, g_logdump_level=3
09-07 17:25:16.053  1132  1132 I gf_ca_entry: talog: D [16:55:33.807 ] [app_main][tz_app_cmd_handler] exit token 331.
09-07 17:25:16.053  1132  1132 I gf_ca_entry: talog: D [17:25:16.043 ] [app_main][tz_app_cmd_handler] CmdToken_id 332: operation_id:3, cmd_id:1036
09-07 17:25:16.053  1132  1132 I gf_ca_entry: talog: D [17:25:16.043 ] [app_main]qsee_prepare_shared_buf_for_secure_read: 0xf6140000, 33024
09-07 17:25:16.053  1132  1132 I gf_ca_entry: talog: D [17:25:16.045 ] [gf_ta_test][gf_ta_invoke_test_cmd_entry_point] cmd_id=GF_CMD_TEST_PRE_SPI, cmd_id_code=1036
09-07 17:25:16.053  1132  1132 I gf_ca_entry: talog: D [17:25:16.045 ] [gf_state_common][gf_state_get_current_operation] g_current_operation=OPERATION_NONE
09-07 17:25:16.053  1132  1132 I gf_ca_entry: talog: I [17:25:16.045 ] [gf_milan_hv_series][gf_milan_hv_set_mode] current_mode=MODE_SLEEP, current_mode_code=2, cur_chip_state=0, new_mode=MODE_IDLE, new_mode_code=8
09-07 17:25:16.053  1132  1132 I gf_ca_entry: talog: D [17:25:16.046 ] [milan_bus] [gf_milan_secspi_write_cmd] cmd=0xC0
09-07 17:25:16.053  1132  1132 I gf_ca_entry: talog: D [17:25:16.047 ] [gf_milan_hv_series][milan_set_mode] disable hv
09-07 17:25:16.053  1132  1132 I gf_ca_entry: talog: I [17:25:16.048 ] [gf_milan_hv_series][gf_milan_hv_set_hv_status] no need to change hv status, g_hv_status=0
09-07 17:25:16.053  1132  1132 I gf_ca_entry: talog: D [17:25:16.049 ] [milan_bus] [gf_milan_reg_access] WRITE=0x0124(2 bytes), SUCCESS=0xFF 0xFF 0x00 0x00
09-07 17:25:16.053  1132  1132 I gf_ca_entry: talog: D [17:25:16.050 ] [milan_bus] [gf_milan_reg_access] WRITE=0x0234(2 bytes), SUCCESS=0x00 0x00 0x00 0x00
09-07 17:25:16.053  1132  1132 I gf_ca_entry: talog: D [17:25:16.050 ] [gf_state_common][state_set_mode] set mode success, mode=MODE_IDLE
09-07 17:25:16.053  1132  1132 I gf_ca_entry: talog: D [17:25:16.050 ] [gf_state_common][gf_state_get_current_operation] g_current_operation=OPERATION_TEST_PRE_SPI
09-07 17:25:16.053  1132  1132 I gf_ca_entry: talog: D [17:25:16.050 ] [gf_state_common][gf_state_execute_operation] g_current_operation=OPERATION_TEST_PRE_SPI
09-07 17:25:16.053  1132  1132 I gf_ca_entry: talog: D [17:25:16.050 ] [gf_state_common][gf_state_get_current_operation] g_current_operation=OPERATION_TEST_PRE_SPI
09-07 17:25:16.053  1132  1132 I gf_ca_entry: talog: D [17:25:16.050 ] [gf_state_common][gf_state_get_current_operation] g_current_operation=OPERATION_TEST_PRE_SPI
09-07 17:25:16.053  1132  1132 I gf_ca_entry: talog: D [17:25:16.050 ] [gf_ta_test][gf_ta_invoke_test_cmd_entry_point] mode=MODE_IDLE, mode_code=8
09-07 17:25:16.053  1132  1132 I gf_ca_entry: talog: D [17:25:16.051 ] [gf_ta_test][gf_ta_invoke_test_cmd_entry_point] operation=OPERATION_TEST_PRE_SPI, operation_code=42
09-07 17:25:16.053   674   791 I fastcv_lib_log: QCVAQ6_deinit
09-07 17:25:16.054  1132  1132 I [gf_ca_entry] : [gx_ta_send_modified_cmd_req] end
09-07 17:25:16.054  1132  1132 I [gf_ca_entry] : [gf_ca_invoke_command] gx_ta_send_modified_cmd_req success
09-07 17:25:16.054  1132  1132 I [gf_ca_entry] : [gf_ca_invoke_command] ta execution succeed
09-07 17:25:16.054  1132  1132 E [GF_HAL][gf_hal_device]: [gf_hal_wake_up] FF send is_need_wake_up = 0
09-07 17:25:16.054  1132  1132 D [GF_HAL][gf_hal_milan_hv_series]: [hal_milan_hv_series_invoke_command] cmd_id=GF_CMD_TEST_PRE_SPI, cmd_id_code=1036
09-07 17:25:16.055  1132  1132 D [GF_HAL][gf_hal_milan_hv_series]: [hal_milan_hv_series_invoke_command] g_mode=MODE_IDLE, g_mode_code=8
09-07 17:25:16.055  1132  1132 D [GF_HAL][gf_hal_milan_hv_series]: [hal_milan_hv_series_invoke_command] g_operation=OPERATION_TEST_PRE_SPI, g_operation_code=42
09-07 17:25:16.055  1132  1132 E [gf_ca_entry] : [gx_ta_send_modified_cmd_req] begin, token = 333, cmd_id = 1037
09-07 17:25:16.055  1132  1132 E libc    : Access denied finding property "gf.debug.dump_qseelog_data"
09-07 17:25:16.056   674   791 D fastcv_lib_log: Enter dlclose_stub completed
09-07 17:25:16.062   674   791 V qomx_image_core: OMX_FreeHandle:338]
09-07 17:25:16.062   674   791 D qomx_image_core: get_idx_from_handle:297] comp_idx 2 inst_idx 0
09-07 17:25:16.064   674   791 V qomx_image_core: OMX_FreeHandle:373] Success
09-07 17:25:16.064   674   791 I qomx_image_core: OMX_Deinit:125] Complete
09-07 17:25:16.064   674   791 I Thermal-Lib: Thermal-Lib-Client: Unregisteration is successfull for handle:1
09-07 17:25:16.064   969  1086 I ThermalEngine: Thermal-Server: removing client on fd 64
09-07 17:25:16.064   674   791 I Thermal-Lib: Thermal-Lib-Client: Unregisteration is successfull for handle:2
09-07 17:25:16.071  1132  1132 E gf_ca_entry: Qsee log info, log length=2165, logbuf index=2165, log dump level=GF_LOG_DEBUG, g_logdump_level=3
09-07 17:25:16.071  1132  1132 I gf_ca_entry: talog: D [17:25:16.052 ] [app_main][tz_app_cmd_handler] exit token 332.
09-07 17:25:16.071  1132  1132 I gf_ca_entry: talog: D [17:25:16.061 ] [app_main][tz_app_cmd_handler] CmdToken_id 333: operation_id:3, cmd_id:1037
09-07 17:25:16.071  1132  1132 I gf_ca_entry: talog: D [17:25:16.061 ] [app_main]qsee_prepare_shared_buf_for_secure_read: 0xf6140000, 33024
09-07 17:25:16.071  1132  1132 I gf_ca_entry: talog: D [17:25:16.063 ] [gf_ta_test][gf_ta_invoke_test_cmd_entry_point] cmd_id=GF_CMD_TEST_SPI, cmd_id_code=1037
09-07 17:25:16.071  1132  1132 I gf_ca_entry: talog: D [17:25:16.064 ] [milan_bus] [gf_milan_reg_access] READ=0x0000(4 bytes), SUCCESS=0xA1 0x0C 0x22 0x00
09-07 17:25:16.071  1132  1132 I gf_ca_entry: talog: D [17:25:16.064 ] [gf_state_common][gf_state_get_current_operation] g_current_operation=OPERATION_TEST_PRE_SPI
09-07 17:25:16.071  1132  1132 I gf_ca_entry: talog: D [17:25:16.064 ] [gf_state_common][gf_state_get_current_operation] g_current_operation=OPERATION_TEST_PRE_SPI
09-07 17:25:16.071  1132  1132 I gf_ca_entry: talog: D [17:25:16.064 ] [gf_state_common][gf_state_operation_done] next operation=OPERATION_NONE
09-07 17:25:16.071  1132  1132 I gf_ca_entry: talog: D [17:25:16.065 ] [gf_state_common][gf_state_get_current_operation] g_current_operation=OPERATION_TEST_PRE_SPI
09-07 17:25:16.071  1132  1132 I gf_ca_entry: talog: I [17:25:16.065 ] [gf_milan_hv_series][gf_milan_hv_set_mode] current_mode=MODE_IDLE, current_mode_code=8, cur_chip_state=5, new_mode=MODE_SLEEP, new_mode_code=2
09-07 17:25:16.071  1132  1132 I gf_ca_entry: talog: D [17:25:16.065 ] [gf_milan_hv_series][milan_set_mode] disable hv
09-07 17:25:16.071  1132  1132 I gf_ca_entry: talog: I [17:25:16.065 ] [gf_milan_hv_series][gf_milan_hv_set_hv_status] no need to change hv status, g_hv_status=0
09-07 17:25:16.071  1132  1132 I gf_ca_entry: talog: D [17:25:16.065 ] [milan_bus] [gf_milan_reg_access] WRITE=0x0124(2 bytes), SUCCESS=0xFF 0xFF 0x00 0x00
09-07 17:25:16.071  1132  1132 I gf_ca_entry: talog: D [17:25:16.065 ] [milan_bus] [gf_milan_reg_access] WRITE=0x0234(2 bytes), SUCCESS=0x00 0x00 0x00 0x00
09-07 17:25:16.071  1132  1132 I gf_ca_entry: talog: D [17:25:16.065 ] [milan_bus] [gf_milan_secspi_write_cmd] cmd=0xC8
09-07 17:25:16.071  1132  1132 I gf_ca_entry: talog: D [17:25:16.067 ] [gf_state_common][state_set_mode] set mode success, mode=MODE_SLEEP
09-07 17:25:16.071  1132  1132 I gf_ca_entry: talog: D [17:25:16.067 ] [gf_state_common][gf_state_get_current_operation] g_current_operation=OPERATION_NONE
09-07 17:25:16.071  1132  1132 I gf_ca_entry: talog: D [17:25:16.068 ] [gf_ta_test][gf_ta_invoke_test_cmd_entry_point] mode=MODE_SLEEP, mode_code=2
09-07 17:25:16.071  1132  1132 I gf_ca_entry: talog: D [17:25:16.068 ] [gf_ta_test][gf_ta_invoke_test_cmd_entry_point] operation=OPERATION_NONE, operation_code=47
09-07 17:25:16.071  1132  1132 I [gf_ca_entry] : [gx_ta_send_modified_cmd_req] end
09-07 17:25:16.071  1132  1132 I [gf_ca_entry] : [gf_ca_invoke_command] gx_ta_send_modified_cmd_req success
09-07 17:25:16.071  1132  1132 I [gf_ca_entry] : [gf_ca_invoke_command] ta execution succeed
09-07 17:25:16.071  1132  1132 E [GF_HAL][gf_hal_device]: [gf_hal_wake_up] FF send is_need_wake_up = 0
09-07 17:25:16.071  1132  1132 D [GF_HAL][gf_hal_milan_hv_series]: [hal_milan_hv_series_invoke_command] cmd_id=GF_CMD_TEST_SPI, cmd_id_code=1037
09-07 17:25:16.071  1132  1132 D [GF_HAL][gf_hal_milan_hv_series]: [hal_milan_hv_series_invoke_command] g_mode=MODE_SLEEP, g_mode_code=2
09-07 17:25:16.071  1132  1132 D [GF_HAL][gf_hal_milan_hv_series]: [hal_milan_hv_series_invoke_command] g_operation=OPERATION_NONE, g_operation_code=47
09-07 17:25:16.071  1132  1132 D [GF_HAL][gf_hal_milan_hv_series]: [hal_milan_hv_series_screen_off] hal_milan_hv_check_spi: err = 0
09-07 17:25:16.071  1132  1132 E [gf_ca_entry] : [gx_ta_send_modified_cmd_req] begin, token = 334, cmd_id = 1022
09-07 17:25:16.072  1132  1132 E libc    : Access denied finding property "gf.debug.dump_qseelog_data"
09-07 17:25:16.075   674   791 E libc    : Access denied finding property "cameradaemon.SaveMemAtBoot"
09-07 17:25:16.076  1119  1119 V slim_daemon: [MAIN] run: Got IPC: 9902 from 0
09-07 17:25:16.076  1119  1119 D slim_daemon: [SLIM] No pending timeout events
09-07 17:25:16.077   681   758 I SDM     : ResourceImpl::SetMaxBandwidthMode: new bandwidth mode=0
09-07 17:25:16.078   674   791 E QCamera2HWI: QCamera2HardwareInterface VivoPostProc will be released: 0xd5af6400
09-07 17:25:16.078   674   791 E         : yyan mm_pp_close, session id = 2
09-07 17:25:16.078   674   791 E         : yyan vis_stop_session
09-07 17:25:16.080  2389  2389 D KeyguardUpdateMonitor: handleKeyguardReset
09-07 17:25:16.080  2389  2389 I vol.Events: writeEvent dismiss_dialog volume_controller
09-07 17:25:16.080   674 21016 D QCameraQuadraCfa: img_algo_shutdown:147 : E
09-07 17:25:16.080   674 21016 E quadracfa_dummy: inside dummy remosaic_deinit 1
09-07 17:25:16.080   674 21016 D QCameraQuadraCfa: img_algo_shutdown:152 : X
09-07 17:25:16.080  2389  2389 I vol.Events: writeEvent dismiss_dialog screen_off
09-07 17:25:16.080   674   791 E         : yyan vis_stop_session -> vis_pp_module_deinit: done
09-07 17:25:16.080   674   791 E         : yyan vis_stop_session done
09-07 17:25:16.080   674   791 E         :  yyan  ppp_util_clsoe_vis_session, error = 1, session id = 2
09-07 17:25:16.081  1710  1768 I chatty  : uid=1000(system) Binder:1710_2 expire 24 lines
09-07 17:25:16.082   674   791 I CCSG    : System free ram: 35306
09-07 17:25:16.083   674   791 I CCSG    : Process(674): VmSIZE 470564, VmRSS 175056
09-07 17:25:16.083   674   791 I CCSG    : System free ram: 35306
09-07 17:25:16.083   674   791 I CCSG    : Process(674): VmSIZE 470564, VmRSS 175056
09-07 17:25:16.083  1132  1132 E gf_ca_entry: Qsee log info, log length=1445, logbuf index=1445, log dump level=GF_LOG_DEBUG, g_logdump_level=3
09-07 17:25:16.083  1132  1132 I gf_ca_entry: talog: D [17:25:16.069 ] [app_main][tz_app_cmd_handler] exit token 333.
09-07 17:25:16.083  1132  1132 I gf_ca_entry: talog: D [17:25:16.075 ] [app_main][tz_app_cmd_handler] CmdToken_id 334: operation_id:1, cmd_id:1022
09-07 17:25:16.083  1132  1132 I gf_ca_entry: talog: D [17:25:16.075 ] [app_main]qsee_prepare_shared_buf_for_secure_read: 0xf6140000, 32832
09-07 17:25:16.083  1132  1132 I gf_ca_entry: talog: D [17:25:16.078 ] [gf_ta] [gf_ta_invoke_cmd_entry_point] cmd_id=GF_CMD_SCREEN_OFF, cmd_id_code=1022
09-07 17:25:16.083  1132  1132 I gf_ca_entry: talog: E [17:25:16.078 ] [gf_milan_hv_series][gf_milan_update_fdt_threshold_when_screen_on_off] screen_off set fdt_down_delta = 10
09-07 17:25:16.083  1132  1132 I gf_ca_entry: talog: D [17:25:16.078 ] [gf_state_common][gf_state_get_spi_bk_operation] g_spi_bk_operation=OPERATION_NONE
09-07 17:25:16.083  1132  1132 I gf_ca_entry: talog: D [17:25:16.078 ] [gf_state_common][gf_state_get_current_operation] g_current_operation=OPERATION_NONE
09-07 17:25:16.083  1132  1132 I gf_ca_entry: talog: D [17:25:16.078 ] [gf_state_common][gf_state_get_current_operation] g_current_operation=OPERATION_NONE
09-07 17:25:16.083  1132  1132 I gf_ca_entry: talog: D [17:25:16.078 ] [gf_state_common][gf_state_execute_operation] g_current_operation=OPERATION_NONE
09-07 17:25:16.083  1132  1132 I gf_ca_entry: talog: D [17:25:16.078 ] [gf_state_common][gf_state_get_current_operation] g_current_operation=OPERATION_NONE
09-07 17:25:16.083  1132  1132 I gf_ca_entry: talog: D [17:25:16.078 ] [gf_state_common][gf_state_get_current_operation] g_current_operation=OPERATION_NONE
09-07 17:25:16.083  1132  1132 I gf_ca_entry: talog: D [17:25:16.079 ] [gf_ta] [gf_ta_invoke_cmd_entry_point] mode=MODE_SLEEP, mode_code=2
09-07 17:25:16.083  1132  1132 I gf_ca_entry: talog: D [17:25:16.079 ] [gf_ta] [gf_ta_invoke_cmd_entry_point] operation=OPERATION_NONE, operation_code=47
09-07 17:25:16.083  1132  1132 I [gf_ca_entry] : [gx_ta_send_modified_cmd_req] end
09-07 17:25:16.083  1132  1132 I [gf_ca_entry] : [gf_ca_invoke_command] gx_ta_send_modified_cmd_req success
09-07 17:25:16.083  1132  1132 I [gf_ca_entry] : [gf_ca_invoke_command] ta execution succeed
09-07 17:25:16.090  4603 14510 E libc    : Access denied finding property "vendor.camera.aux.packagelist"
09-07 17:25:16.091  8263  8399 E libc    : Access denied finding property "vendor.camera.aux.packagelist"
09-07 17:25:16.091   981  4176 I CameraService: disconnect: Disconnected client for camera 1 for PID 20904
09-07 17:25:16.092   686  2027 I chatty  : uid=1000(system) HwBinder:686_1 expire 1 line
09-07 17:25:16.093   981  4176 V MediaPlayerNative: disconnect
09-07 17:25:16.093  1000 22781 V MediaPlayerService: disconnect(96) from pid 981
09-07 17:25:16.093  1000 22781 D NuPlayerDriver: reset(0xf04c43c0) at state 4
09-07 17:25:16.093  1000 22781 V NuPlayerDriver: updateMetrics(0xf04c43c0) from reset at state 4
09-07 17:25:16.093  1000 22781 V NuPlayerDriver: logMetrics(0xf04c43c0) from reset at state 4
09-07 17:25:16.093  1000 22781 V NuPlayerDriver: nothing to record (only 3 fields)
09-07 17:25:16.093  1000 22781 D NuPlayerDriver: notifyListener_l(0xf04c43c0), (8, 0, 0, -1), loop setting(0, 0)
09-07 17:25:16.093  1000 20923 D NuPlayer: kWhatReset
09-07 17:25:16.094  1000 20923 W AMessage: failed to post message as target looper for handler 0 is gone.
09-07 17:25:16.094  1000 20923 D NuPlayerDriver: notifyResetComplete(0xf04c43c0)
09-07 17:25:16.094  1000 20923 D NuPlayer: --performReset
09-07 17:25:16.094  1000 22781 V NuPlayerDriver: ~NuPlayerDriver(0xf04c43c0)
09-07 17:25:16.094  1000 22781 V NuPlayerDriver: updateMetrics(0xf04c43c0) from destructor at state 0
09-07 17:25:16.094  1000 22781 V NuPlayerDriver: logMetrics(0xf04c43c0) from destructor at state 0
09-07 17:25:16.094  1000 22781 V NuPlayerDriver: nothing to record (only 3 fields)
09-07 17:25:16.094   981  4176 V MediaPlayerNative: disconnect
09-07 17:25:16.094   981   981 V MediaPlayerNative: destructor
09-07 17:25:16.095   716 23466 V AudioFlinger: releasing 2729 from 981 for -1
09-07 17:25:16.095  1000  2520 V MediaPlayerService: disconnect(97) from pid 981
09-07 17:25:16.095   716 23466 V AudioFlinger:  decremented refcount to 0
09-07 17:25:16.095  1000  2520 D NuPlayerDriver: reset(0xf04c6a80) at state 4
09-07 17:25:16.095  1000  2520 V NuPlayerDriver: updateMetrics(0xf04c6a80) from reset at state 4
09-07 17:25:16.095   716 23466 V AudioFlinger: purging stale effects
09-07 17:25:16.095  1000  5205 V MediaPlayerService: Client(96) destructor pid = 981
09-07 17:25:16.095  1000  5205 V AudioSink: close
09-07 17:25:16.095  1000  5205 V MediaPlayerService: disconnect(96) from pid 981
09-07 17:25:16.096   981   981 V MediaPlayerNative: disconnect
09-07 17:25:16.096  1000  2520 V NuPlayerDriver: logMetrics(0xf04c6a80) from reset at state 4
09-07 17:25:16.096  1000  2520 V NuPlayerDriver: nothing to record (only 3 fields)
09-07 17:25:16.096  1000  2520 D NuPlayerDriver: notifyListener_l(0xf04c6a80), (8, 0, 0, -1), loop setting(0, 0)
09-07 17:25:16.096  1000 20939 D NuPlayer: kWhatReset
09-07 17:25:16.096  1000 20939 W AMessage: failed to post message as target looper for handler 0 is gone.
09-07 17:25:16.096  1000 20939 D NuPlayerDriver: notifyResetComplete(0xf04c6a80)
09-07 17:25:16.096  1000 20939 D NuPlayer: --performReset
09-07 17:25:16.096  1000  2520 V NuPlayerDriver: ~NuPlayerDriver(0xf04c6a80)
09-07 17:25:16.097  1000  2520 V NuPlayerDriver: updateMetrics(0xf04c6a80) from destructor at state 0
09-07 17:25:16.097  1000  2520 V NuPlayerDriver: logMetrics(0xf04c6a80) from destructor at state 0
09-07 17:25:16.097  1000  2520 V NuPlayerDriver: nothing to record (only 3 fields)
09-07 17:25:16.097   981  4176 V MediaPlayerNative: destructor
09-07 17:25:16.097  1000  5205 V MediaPlayerService: Client(97) destructor pid = 981
09-07 17:25:16.097  1000  5205 V AudioSink: close
09-07 17:25:16.097   716 23466 V AudioFlinger: releasing 2737 from 981 for -1
09-07 17:25:16.097  1000  5205 V MediaPlayerService: disconnect(97) from pid 981
09-07 17:25:16.097   716 23466 V AudioFlinger:  decremented refcount to 0
09-07 17:25:16.097   716 23466 V AudioFlinger: purging stale effects
09-07 17:25:16.097   981  4176 V MediaPlayerNative: disconnect
09-07 17:25:16.097   981  4176 V MediaPlayerNative: disconnect
09-07 17:25:16.097  1000  5205 V MediaPlayerService: disconnect(98) from pid 981
09-07 17:25:16.097  1000  5205 D NuPlayerDriver: reset(0xf04c6b20) at state 4
09-07 17:25:16.097  1000  5205 V NuPlayerDriver: updateMetrics(0xf04c6b20) from reset at state 4
09-07 17:25:16.098  1000  5205 V NuPlayerDriver: logMetrics(0xf04c6b20) from reset at state 4
