09-07 17:25:16.098  1000  5205 V NuPlayerDriver: nothing to record (only 3 fields)
09-07 17:25:16.098  1000  5205 D NuPlayerDriver: notifyListener_l(0xf04c6b20), (8, 0, 0, -1), loop setting(0, 0)
09-07 17:25:16.098  1000 20942 D NuPlayer: kWhatReset
09-07 17:25:16.098  1000 20942 W AMessage: failed to post message as target looper for handler 0 is gone.
09-07 17:25:16.098  1000 20942 D NuPlayerDriver: notifyResetComplete(0xf04c6b20)
09-07 17:25:16.098  1000 20942 D NuPlayer: --performReset
09-07 17:25:16.098  1000  5205 V NuPlayerDriver: ~NuPlayerDriver(0xf04c6b20)
09-07 17:25:16.098  1000  5205 V NuPlayerDriver: updateMetrics(0xf04c6b20) from destructor at state 0
09-07 17:25:16.098  1000  5205 V NuPlayerDriver: logMetrics(0xf04c6b20) from destructor at state 0
09-07 17:25:16.098  1000  5205 V NuPlayerDriver: nothing to record (only 3 fields)
09-07 17:25:16.099   981  4176 V MediaPlayerNative: destructor
09-07 17:25:16.099  1000  5205 V MediaPlayerService: Client(98) destructor pid = 981
09-07 17:25:16.099  1000  5205 V AudioSink: close
09-07 17:25:16.099  1000  5205 V MediaPlayerService: disconnect(98) from pid 981
09-07 17:25:16.099   716 23466 V AudioFlinger: releasing 2745 from 981 for -1
09-07 17:25:16.099   716 23466 V AudioFlinger:  decremented refcount to 0
09-07 17:25:16.099   716 23466 V AudioFlinger: purging stale effects
09-07 17:25:16.099   981  4176 V MediaPlayerNative: disconnect
09-07 17:25:16.103  1710  1710 W Looper  : Drained
09-07 17:25:16.105   718   804 W SurfaceFlinger: Attempting to destroy on removed layer: 6665e93 com.bbk.facewake#0
09-07 17:25:16.117   686  2027 W qti_sensors_hal: activate: handle is 51, en is 0
09-07 17:25:16.118  1710  1710 I VNOILNMS: ===VNOILNMS n=0 VideoStates=false NoticeStates=false flag_red=0 flag_green=0 mScreenOn=false mNotificationPulseEnabled=true
09-07 17:25:16.121   686  2027 W qti_sensors_hal: batch handle 52 flags 0 period_ns 1000000 timeout 200000000
09-07 17:25:16.122   716 23466 V AudioFlinger: setParameters(): io 0, keyvalue screen_state=off, calling pid 1710 calling uid 1000
09-07 17:25:16.123   716 23466 V AudioFlinger: setParameters: filtered keyvalue screen_state=off
09-07 17:25:16.124   672  5714 D audio_hw_primary: adev_set_parameters: enter: screen_state=off
09-07 17:25:16.124   672  5714 V voice   : voice_set_parameters: enter: screen_state=off
09-07 17:25:16.124   672  5714 V compress_voip: voice_extn_compress_voip_set_parameters: enter: screen_state=off
09-07 17:25:16.124   672  5714 D audio_hw_extn: audio_extn_set_anc_parameters: anc_enabled:0
09-07 17:25:16.124   672  5714 D audio_hw_spkr_prot: audio_extn_fbsp_set_parameters: Speaker protection disabled
09-07 17:25:16.156  2389  2389 D KeyguardUpdateMonitor: received broadcast android.intent.action.BATTERY_CHANGED
09-07 17:25:16.156  2389  2389 D KeyguardUpdateMonitor: handleBatteryUpdate
09-07 17:25:16.157  2762  2762 D QtiCarrierConfigHelper: WARNING, no carrier configs on phone Id: 0
09-07 17:25:16.158   693   693 V LocSvc_HIDL_IzatSubscription: [batteryLevelUpdate][777] [HS] <<<<= [HC]
09-07 17:25:16.180  8163 11765 I ThreadPool.Execute: [:11765, ]:<<< com.tencent.matrix.c.c$3$$ExternalSyntheticLambda3@144859186 state=COMPLETE cost=16ms/2ms HotPool start@=1662542716164ms delay=0ms run@=1662542716164
09-07 17:25:16.186   686  2027 W qti_sensors_hal: activate: handle is 99, en is 0
09-07 17:25:16.198  1710  1879 I PackageManager: onReceive intent:Intent { act=android.intent.action.SCREEN_OFF flg=0x50200010 } allStartHiddenApp:[] restoreHiddenScreenLock:1
09-07 17:25:16.199  1710  1879 I PackageManager: onReceive intent:Intent { act=android.intent.action.SCREEN_OFF flg=0x50200010 } allStartHiddenApp:[] restoreHiddenScreenLock:1
09-07 17:25:16.237  2704  2704 D AIE-Bolts-Task: New thread: BoltsBgPool-thread-2968
09-07 17:25:16.258  2704 21020 D AIE-Bolts-Task: New thread: BoltsBgPool-thread-2969
09-07 17:25:16.261  2704 21020 D AIE-Bolts-Task: New thread: BoltsBgPool-thread-2970
09-07 17:25:16.263  2704  3009 D BluetoothAdapter: isLeEnabled(): ON
09-07 17:25:16.264  5354  5430 D BtGatt.GattService: stopScan() - queue size =2
09-07 17:25:16.267  5354  5430 D BtGatt.GattService: unregisterScanner() - scannerId=5
09-07 17:25:16.269  5354  5779 D BtGatt.ScanManager: stop scan
09-07 17:25:16.270   673   673 D vendor.qti.bluetooth@1.0-ibs_handler: SerialClockVote: vote for UART CLK ON
09-07 17:25:16.271   673   673 D vendor.qti.bluetooth@1.0-wake_lock: Acquire wakelock is acquired
09-07 17:25:16.271   673   673 I vendor.qti.bluetooth@1.0-ibs_handler: DeviceWakeUp: Writing IBS_WAKE_IND
09-07 17:25:16.272  2762  3803 D QtiRilInterface: instance = com.qualcomm.qti.internal.telephony.QtiRilInterface@8b9485f
09-07 17:25:16.272  3397  3409 D QcrilMsgTunnelIfaceManager: needAddWaitTime return false byte = -7
09-07 17:25:16.272  3397  3397 D QcrilMsgTunnelIfaceManager: handleMessage what = 1
09-07 17:25:16.274   673  5863 I vendor.qti.bluetooth@1.0-ibs_handler: ProcessIbsCmd: Received IBS_WAKE_ACK: 0xFC
09-07 17:25:16.275  3397  3397 I QcrilOemhookMsgTunnel: [0]invokeOemRilRequestRaw: serial=2795 length=26
09-07 17:25:16.275  3397  3397 D QcrilOemhookMsgTunnel: 2795 > OEM_HOOK_RAW[514f454d484f4f4bf90108000a0000000166616c736500000000]
09-07 17:25:16.275  3397  3397 D QcrilOemhookMsgTunnel: Calling HIDL oemHookRawRequest
09-07 17:25:16.276  1710  1710 V SettingsProvider: Notifying for 0: content://settings/global/ble_scan_low_power_interval_ms
09-07 17:25:16.276  1710  1710 V SettingsProvider: Notifying for 999: content://settings/global/ble_scan_low_power_interval_ms
09-07 17:25:16.277   673  5863 I vendor.qti.bluetooth@1.0-ibs_handler: ProcessIbsCmd: Received IBS_WAKE_IND: 0xFD
09-07 17:25:16.277   673  5863 I vendor.qti.bluetooth@1.0-ibs_handler: ProcessIbsCmd: Writing IBS_WAKE_ACK
09-07 17:25:16.277  2762  5155 D QtiRilInterface: instance = com.qualcomm.qti.internal.telephony.QtiRilInterface@8b9485f
09-07 17:25:16.278  3397  8594 D QcrilMsgTunnelIfaceManager: needAddWaitTime return false byte = -7
09-07 17:25:16.278  3397  3397 D QcrilMsgTunnelIfaceManager: handleMessage what = 1
09-07 17:25:16.280  5354  5676 D BtGatt.GattService: onScanFilterParamsConfigured() - clientIf=5, status=0, action=1, availableSpace=13
09-07 17:25:16.280  5354  5676 D BtGatt.ScanManager: callback done for scannerId - 5 status - 0
09-07 17:25:16.282  3397  3397 I QcrilOemhookMsgTunnel: [1]invokeOemRilRequestRaw: serial=2796 length=26
09-07 17:25:16.282  3397  3397 D QcrilOemhookMsgTunnel: 2796 > OEM_HOOK_RAW[514f454d484f4f4bf90108000a0000000166616c736500000000]
09-07 17:25:16.282  3397  3397 D QcrilOemhookMsgTunnel: Calling HIDL oemHookRawRequest
09-07 17:25:16.283  3397  3418 I QcrilOemhookMsgTunnel: [0]processOemHookResponse serial no: 2795 error: 0length=12
09-07 17:25:16.283  3397  3418 D QcrilOemhookMsgTunnel: [2795] < OEM_HOOK_RAW [[B@f3d3878]
09-07 17:25:16.283  3397  3418 D QcrilOemhookMsgTunnel: { id=0 when=-1d15h29m18s82ms what=2 obj=com.qualcomm.qcrilmsgtunnel.QcrilMsgTunnelIfaceManager$MessageRequest@915cb51 target=com.qualcomm.qcrilmsgtunnel.QcrilMsgTunnelIfaceManager$1 }
09-07 17:25:16.284  1710  1710 V SettingsProvider: Notifying for 0: content://settings/global/ble_scan_low_power_window_ms
09-07 17:25:16.284  3397  3397 D QcrilMsgTunnelIfaceManager: handleMessage what = 2
09-07 17:25:16.284  1710  1710 V SettingsProvider: Notifying for 999: content://settings/global/ble_scan_low_power_window_ms
09-07 17:25:16.288  3397  3418 I QcrilOemhookMsgTunnel: [1]processOemHookResponse serial no: 2796 error: 0length=12
09-07 17:25:16.288  3397  3418 D QcrilOemhookMsgTunnel: [2796] < OEM_HOOK_RAW [[B@3e06fb6]
09-07 17:25:16.288  3397  3418 D QcrilOemhookMsgTunnel: { id=0 when=-1d15h29m18s87ms what=2 obj=com.qualcomm.qcrilmsgtunnel.QcrilMsgTunnelIfaceManager$MessageRequest@55d34b7 target=com.qualcomm.qcrilmsgtunnel.QcrilMsgTunnelIfaceManager$1 }
09-07 17:25:16.288  3397  3397 D QcrilMsgTunnelIfaceManager: handleMessage what = 2
09-07 17:25:16.291  5354  5676 D BtGatt.GattService: onScanFilterParamsConfigured() - clientIf=5, status=0, action=1, availableSpace=14
09-07 17:25:16.291  5354  5676 D BtGatt.ScanManager: callback done for scannerId - 5 status - 0
09-07 17:25:16.293  5354  5676 D BtGatt.GattService: onScanFilterParamsConfigured() - clientIf=5, status=0, action=1, availableSpace=15
09-07 17:25:16.293  5354  5676 D BtGatt.ScanManager: callback done for scannerId - 5 status - 0
09-07 17:25:16.295  5354  5676 D BtGatt.GattService: onScanFilterParamsConfigured() - clientIf=5, status=0, action=1, availableSpace=16
09-07 17:25:16.295  5354  5676 D BtGatt.ScanManager: callback done for scannerId - 5 status - 0
09-07 17:25:16.295  5354  5779 D BtGatt.ScanManager: configureRegularScanParams - queue=1
09-07 17:25:16.295  5354  5779 D BtGatt.ScanManager: configureRegularScanParams - ScanSetting LE 1M Scan mode=-1ScanSetting LE Coded Scan mode=-1 mLastConfiguredScanSettingLE1M=0 mLastConfiguredScanSettingLECoded=0scanPhy=255
09-07 17:25:16.295  5354  5779 D BtGatt.ScanManager: configureRegularScanParams - queue emtpy, scan stopped
09-07 17:25:16.295  5354  5779 D BtGatt.ScanManager: configureRegularScanParams - queue emtpy, scan stopped
09-07 17:25:16.316 18625 21001 I chatty  : uid=10612(cn.missevan) expire 1 line
09-07 17:25:16.334   673  5863 I vendor.qti.bluetooth@1.0-ibs_handler: ProcessIbsCmd: Received IBS_SLEEP_IND: 0xFE
09-07 17:25:16.338  1710  5749 I chatty  : uid=1000(system) Binder:1710_20 expire 21 lines
09-07 17:25:16.356   693   693 V LocSvc_HIDL_IzatSubscription: [screenStatusUpdate][571] [HS] <<<<= [HC]
09-07 17:25:16.387  5354  5354 D BtOppService: action : android.intent.action.SCREEN_OFF
09-07 17:25:16.396  2666  2666 D DPMJ    : |SERVICE| DPM received action android.intent.action.SCREEN_OFF
09-07 17:25:16.396  2666  2666 I DPMJ    : |SERVICE| sendScreenState: state: false
09-07 17:25:16.426  1710  5183 D NotificationService: DEBUG_OVERRIDE_NOTIFY:enqueueNotificationWithTag pkg=cn.missevan opPkg=cn.missevantag=null notification=Notification(channel=LEAKCANARY_LOW pri=0 contentView=null vibrate=null sound=null defaults=0x0 flags=0x10 color=0x00000000 groupKey=LEAKCANARY_LOW vis=PRIVATE internalType=0 internalPriority=0 internalGroupPriority=0 internalFlag=0) userId =0
09-07 17:25:16.426  1710  5183 V NotificationService: enqueueNotificationInternal: pkg=cn.missevan id=2131429472 notification=Notification(channel=LEAKCANARY_LOW pri=0 contentView=null vibrate=null sound=null defaults=0x0 flags=0x10 color=0x00000000 groupKey=LEAKCANARY_LOW vis=PRIVATE internalType=0 internalPriority=0 internalGroupPriority=0 internalFlag=0)
09-07 17:25:16.429  1710  5183 E NotificationService: Suppressing notification from package by user request.
09-07 17:25:16.480  4737  4737 D MainImeServiceDel: mHandler = 201
09-07 17:25:16.480  4737  4737 D MainImeServiceDel: mHandler = 107
09-07 17:25:16.481  4737  4737 D MainImeServiceDel: mHandler = 200
09-07 17:25:16.483  1710  2035 I chatty  : uid=1000(system) SettingsProvide expire 2 lines
09-07 17:25:16.548  1710  1710 I chatty  : uid=1000 system_server expire 10 lines
09-07 17:25:16.665  1710  2621 I chatty  : uid=1000(system) Binder:1710_7 expire 10 lines
09-07 17:25:16.683 32400 32400 D StandbyModeManager: onReceive action: android.intent.action.SCREEN_OFF
09-07 17:25:16.683 32400 32400 D StandbyModeManager: stop try start standby by mobileOff ON when screenoff
09-07 17:25:16.693 32400 32400 D MSF.C.LogManager: onReceive broadcastreceiver.action = android.intent.action.SCREEN_OFF
09-07 17:25:16.702 31788 31861 I NearbySharing: Screen is locked [CONTEXT service_id=194 ]
09-07 17:25:16.702 31788 31861 I NearbySharing: Failed to stop scanning because weren't scanning. [CONTEXT service_id=194 ]
09-07 17:25:16.702 31788 31861 I NearbySharing: Stopping discovery because the screen is locked. [CONTEXT service_id=194 ]
09-07 17:25:16.702 31788 31861 I NearbySharing: Can't stop advertising FastInitiation. Not advertising. [CONTEXT service_id=194 ]
09-07 17:25:16.702 31788 31861 I NearbySharing: Stopping Fast Init advertisement because we're not scanning. [CONTEXT service_id=194 ]
09-07 17:25:16.702 31788 31861 I NearbySharing: Stopping advertising because the screen is locked. [CONTEXT service_id=194 ]
09-07 17:25:16.702 31788 31861 I NearbySharing: Stopping FastInitiation scanning because the screen is locked. [CONTEXT service_id=194 ]
09-07 17:25:16.705 31788 31861 D BluetoothAdapter: isLeEnabled(): ON
09-07 17:25:16.706  5354  5430 D BtGatt.GattService: stopScan() - queue size =1
09-07 17:25:16.707  5354  5779 D BtGatt.ScanManager: stop scan
09-07 17:25:16.707  5354  5892 E bt_btm  : BTM_BleObserve Observe not active
09-07 17:25:16.707   686  2027 W qti_sensors_hal: batch handle 1 flags 0 period_ns 20000000 timeout 0
09-07 17:25:16.707  5354 26699 D BtGatt.GattService: unregisterScanner() - scannerId=6
09-07 17:25:16.708   686  2027 W qti_sensors_hal: batch:sensor(android.sensor.accelerometer) handle:1 flags:0x0 period_ns 20000000
09-07 17:25:16.708   686  2027 W qti_sensors_hal: activate: handle is 1, en is 1
09-07 17:25:16.780  2713  4248 I chatty  : uid=1000(system) Binder:2713_8 expire 18 lines
09-07 17:25:16.784  1710  5747 I chatty  : uid=1000(system) Binder:1710_1E expire 12 lines
09-07 17:25:16.867 31788 31861 I NearbySharing: Stopped scanning for FastInitiation [CONTEXT service_id=194 ]
09-07 17:25:16.881 31788 31861 I NearbySharing: Cancelling in use notification [CONTEXT service_id=194 ]
09-07 17:25:16.883 31788 31861 I NearbySharing: Fast Initiation Scanning has stopped [CONTEXT service_id=194 ]
09-07 17:25:16.883 31788 31861 I NearbySharing: Dismissing HUN as there's no device nearby. [CONTEXT service_id=194 ]
09-07 17:25:16.883 31788 31861 I NearbySharing: Cancelling in use notification [CONTEXT service_id=194 ]
09-07 17:25:16.914  1710  2037 I PackageManager: ### pkg:Package{483f925 com.vivo.aiengine}
09-07 17:25:16.917  1710  1767 D ActivityManager: StartMode packageName = com.vivo.weather.provider ,callingPid = -1 ,alwaysRestrict = true ,startMode = 2 ,UidRec:UidRecord{8855e25 u0a72 SVC  bg:+29m39s956ms idle change:idle procs:1 seq(0,0,0)}
09-07 17:25:16.917  1710  1767 I chatty  : uid=1000(system) Binder:1710_1 expire 14 lines
09-07 17:25:17.038  1710  1710 V SettingsProvider: Notifying for 0: content://settings/system/ms
09-07 17:25:17.095   716 23466 V AudioFlinger: setParameters(): io 0, keyvalue screen_state=off, calling pid 1710 calling uid 1000
09-07 17:25:17.095   716 23466 V AudioFlinger: setParameters: filtered keyvalue screen_state=off
09-07 17:25:17.095   672  4127 D audio_hw_primary: adev_set_parameters: enter: screen_state=off
09-07 17:25:17.096   672  4127 V voice   : voice_set_parameters: enter: screen_state=off
09-07 17:25:17.096   672  4127 V compress_voip: voice_extn_compress_voip_set_parameters: enter: screen_state=off
09-07 17:25:17.096   672  4127 D audio_hw_extn: audio_extn_set_anc_parameters: anc_enabled:0
09-07 17:25:17.096   672  4127 D audio_hw_spkr_prot: audio_extn_fbsp_set_parameters: Speaker protection disabled
09-07 17:25:17.176  1710  2069 I chatty  : uid=1000(system) WifiStateMachin expire 45 lines
09-07 17:25:17.294   673  5866 I vendor.qti.bluetooth@1.0-ibs_handler: DeviceSleep: TX Awake, Sending SLEEP_IND
09-07 17:25:17.294   673  5866 D vendor.qti.bluetooth@1.0-ibs_handler: SerialClockVote: vote for UART CLK OFF
09-07 17:25:17.444   673  5827 D vendor.qti.bluetooth@1.0-wake_lock: Release wakelock is released
09-07 17:25:17.534 15823 15823 D EventBus: No subscribers registered for event class com.bbk.appstore.g.m
09-07 17:25:17.535 15823 15823 D EventBus: No subscribers registered for event class org.greenrobot.eventbus.h
09-07 17:25:18.226   686  2027 W qti_sensors_hal: batch handle 1 flags 0 period_ns 20000000 timeout 0
09-07 17:25:18.226   686  2027 W qti_sensors_hal: batch:sensor(android.sensor.accelerometer) handle:1 flags:0x0 period_ns 20000000
09-07 17:25:18.852  1710  5749 D NotificationService: DEBUG_OVERRIDE_NOTIFY:enqueueNotificationWithTag pkg=cn.missevan opPkg=cn.missevantag=null notification=Notification(channel=LEAKCANARY_LOW pri=0 contentView=null vibrate=null sound=null defaults=0x0 flags=0x10 color=0x00000000 groupKey=LEAKCANARY_LOW vis=PRIVATE internalType=0 internalPriority=0 internalGroupPriority=0 internalFlag=0) userId =0
09-07 17:25:18.853  1710  5749 V NotificationService: enqueueNotificationInternal: pkg=cn.missevan id=2131429472 notification=Notification(channel=LEAKCANARY_LOW pri=0 contentView=null vibrate=null sound=null defaults=0x0 flags=0x10 color=0x00000000 groupKey=LEAKCANARY_LOW vis=PRIVATE internalType=0 internalPriority=0 internalGroupPriority=0 internalFlag=0)
09-07 17:25:18.853  1710  5749 E NotificationService: Suppressing notification from package by user request.
09-07 17:25:18.969   686  2027 W qti_sensors_hal: activate: handle is 2, en is 0
09-07 17:25:19.243  2713  2713 I chatty  : uid=1000(system) com.vivo.daemonService expire 30 lines
09-07 17:25:19.244  1710  5524 I chatty  : uid=1000(system) IzatProvider expire 11 lines
09-07 17:25:19.244  2762  2762 D QtiCarrierConfigHelper: WARNING, no carrier configs on phone Id: 0
09-07 17:25:19.247  4737  4737 D MainImeServiceDel: mHandler = 201
09-07 17:25:19.248   693   693 V LocSvc_HIDL_IzatSubscription: [batteryLevelUpdate][777] [HS] <<<<= [HC]
09-07 17:25:19.249  2389  2389 D KeyguardUpdateMonitor: received broadcast android.intent.action.BATTERY_CHANGED
09-07 17:25:19.249  2389  2389 D KeyguardUpdateMonitor: handleBatteryUpdate
09-07 17:25:19.253  8163 11239 I ThreadPool.Execute: [:11239, ]:<<< com.tencent.matrix.c.c$3$$ExternalSyntheticLambda3@129477420 state=COMPLETE cost=1ms/1ms HotPool start@=1662542719250ms delay=0ms run@=1662542719250
09-07 17:25:19.254  2713  3240 I chatty  : uid=1000(system) NightPearlSubTh expire 17 lines
09-07 17:25:21.278  2704 21022 D AIE-Bolts-Task: New thread: BoltsBgPool-thread-2971
09-07 17:25:21.283  2704 21022 D AIE-Bolts-Task: New thread: BoltsBgPool-thread-2972
09-07 17:25:21.287  2704 21022 D AIE-Bolts-Task: New thread: BoltsBgPool-thread-2973
09-07 17:25:21.293  2704 21022 D AIE-Bolts-Task: New thread: BoltsBgPool-thread-2974
09-07 17:25:21.298  2704 21022 D AIE-Bolts-Task: New thread: BoltsBgPool-thread-2975
09-07 17:25:21.302  2704 21022 D AIE-Bolts-Task: New thread: BoltsBgPool-thread-2976
09-07 17:25:21.317 18625 18659 I chatty  : uid=10612(cn.missevan) expire 6 lines
09-07 17:25:21.348  1710  5749 D NotificationService: DEBUG_OVERRIDE_NOTIFY:enqueueNotificationWithTag pkg=cn.missevan opPkg=cn.missevantag=null notification=Notification(channel=LEAKCANARY_LOW pri=0 contentView=null vibrate=null sound=null defaults=0x0 flags=0x0 color=0x00000000 groupKey=LEAKCANARY_LOW vis=PRIVATE internalType=0 internalPriority=0 internalGroupPriority=0 internalFlag=0) userId =0
09-07 17:25:21.348  1710  5749 V NotificationService: enqueueNotificationInternal: pkg=cn.missevan id=2131429469 notification=Notification(channel=LEAKCANARY_LOW pri=0 contentView=null vibrate=null sound=null defaults=0x0 flags=0x0 color=0x00000000 groupKey=LEAKCANARY_LOW vis=PRIVATE internalType=0 internalPriority=0 internalGroupPriority=0 internalFlag=0)
09-07 17:25:21.348  1710  5749 E NotificationService: Suppressing notification from package by user request.
09-07 17:25:21.674  2704 21056 I WCDB.SQLiteConnection: executeForLastInsertedRowId took 333ms - succeeded, sql="INSERT INTO AbilityUsageEvent(eventTime,bizId,abilityId,timezone,respCode) VALUES (?,?,?,?,?)", tid=21056
09-07 17:25:21.714   686   686 W qti_sensors_hal: batch handle 1 flags 0 period_ns 20000000 timeout 2147483647000
09-07 17:25:21.714   686   686 W qti_sensors_hal: batch:sensor(android.sensor.accelerometer) handle:1 flags:0x0 period_ns 20000000
09-07 17:25:23.027  2713  3513 I chatty  : uid=1000(system) Timer-0 expire 18 lines
09-07 17:25:25.214 32400 32547 D MemoryCeilingMonitor: [handleMemoryCalculate]
09-07 17:25:25.214 32400 32547 D MemoryCeilingMonitor: [calculate] tot: 3163765, max: 268435456, free: 297133, heap: 2866632, per: 0.010679036378860474
09-07 17:25:25.687  2713 19107 I chatty  : uid=1000(system) Binder:2713_10 expire 10 lines
09-07 17:25:25.702  1710  1839 V NotificationService: enqueueNotificationInternal: pkg=cn.missevan id=2131429468 notification=Notification(channel=LEAKCANARY_LOW pri=0 contentView=null vibrate=null sound=null defaults=0x0 flags=0x40 color=0x00000000 groupKey=LEAKCANARY_LOW vis=PRIVATE internalType=0 internalPriority=0 internalGroupPriority=0 internalFlag=0)
09-07 17:25:25.704  1710  1839 E NotificationService: Suppressing notification from package by user request.
09-07 17:25:25.704  2713  3277 I chatty  : uid=1000(system) GameModeHandler expire 12 lines
09-07 17:25:25.715  1710  1840 I chatty  : uid=1000(system) android.ui expire 11 lines
09-07 17:25:25.750 18625 21061 I chatty  : uid=10612(cn.missevan) expire 14 lines
09-07 17:25:25.756  1710  1839 V NotificationService: enqueueNotificationInternal: pkg=cn.missevan id=2131429468 notification=Notification(channel=LEAKCANARY_LOW pri=0 contentView=null vibrate=null sound=null defaults=0x0 flags=0x40 color=0x00000000 groupKey=LEAKCANARY_LOW vis=PRIVATE internalType=0 internalPriority=0 internalGroupPriority=0 internalFlag=0)
09-07 17:25:25.757  1710  1839 E NotificationService: Suppressing notification from package by user request.
09-07 17:25:26.413  2389  2389 D KeyguardUpdateMonitor: received broadcast android.intent.action.BATTERY_CHANGED
09-07 17:25:26.413  2389  2389 D KeyguardUpdateMonitor: handleBatteryUpdate
09-07 17:25:26.418  2762  2762 D QtiCarrierConfigHelper: WARNING, no carrier configs on phone Id: 0
09-07 17:25:26.420   693   693 V LocSvc_HIDL_IzatSubscription: [batteryLevelUpdate][777] [HS] <<<<= [HC]
09-07 17:25:26.427  4737  4737 D MainImeServiceDel: mHandler = 201
09-07 17:25:26.441  8163 11346 I ThreadPool.Execute: [:11346, ]:<<< com.tencent.matrix.c.c$3$$ExternalSyntheticLambda3@42618392 state=COMPLETE cost=17ms/4ms HotPool start@=1662542726424ms delay=0ms run@=1662542726424
09-07 17:25:27.474   711   711 I tftp_server: pid=711 tid=711 tftp-server : INF :[tftp_server.c, 667] rcvd request [1] [85] [1] [0] [346]
09-07 17:25:27.475   711 21063 I tftp_server: pid=711 tid=21063 tftp-server : INF :[tftp_server_utils.c, 113] file [readwrite/ota_firewall/ruleset] : [/vendor/rfs/msm/mpss/readwrite/ota_firewall/ruleset]
09-07 17:25:27.475   711 21063 I tftp_server: pid=711 tid=21063 tftp-server : INF :[tftp_server.c, 1222] OACK options : [7680, 1000, 10, 4, 0, 0, 0, 0]
09-07 17:25:27.475   711 21063 I tftp_server: pid=711 tid=21063 tftp-server : INF :[tftp_os_la.c, 63] open : [-1] [-1] [384] [0] [/vendor/rfs/msm/mpss/readwrite/ota_firewall/ruleset]
09-07 17:25:27.475   711 21063 E tftp_server: pid=711 tid=21063 tftp-server : ERR :[tftp_os_la.c, 70] open failed: [2] [No such file or directory]
09-07 17:25:27.476   711 21063 E tftp_server: pid=711 tid=21063 tftp-server : ERR :[tftp_server.c, 1718] open failed : [-2] [Unknown error -2]
09-07 17:25:27.476   711 21063 E tftp_server: pid=711 tid=21063 tftp-server : ERR :[tftp_protocol.c, 1229] sending error-pkt. Code = 1, Msg = Err=2 String=No such file or directory
09-07 17:25:27.477  1119  1119 V slim_daemon: [MAIN] run: Got IPC: 9902 from 0
09-07 17:25:27.477  1119  1119 D slim_daemon: [SLIM] No pending timeout events
09-07 17:25:27.478   711   711 I tftp_server: pid=711 tid=711 tftp-server : INF :[tftp_server.c, 667] rcvd request [1] [85] [1] [0] [347]
09-07 17:25:27.478   711 21064 I tftp_server: pid=711 tid=21064 tftp-server : INF :[tftp_server_utils.c, 113] file [readwrite/ota_firewall/ruleset] : [/vendor/rfs/msm/mpss/readwrite/ota_firewall/ruleset]
09-07 17:25:27.479   711 21064 I tftp_server: pid=711 tid=21064 tftp-server : INF :[tftp_server.c, 1222] OACK options : [7680, 1000, 0, 10, 0, 0, 0, 0]
09-07 17:25:27.479   711 21064 I tftp_server: pid=711 tid=21064 tftp-server : INF :[tftp_os_la.c, 63] open : [-1] [-1] [384] [0] [/vendor/rfs/msm/mpss/readwrite/ota_firewall/ruleset]
09-07 17:25:27.479   711 21064 E tftp_server: pid=711 tid=21064 tftp-server : ERR :[tftp_os_la.c, 70] open failed: [2] [No such file or directory]
09-07 17:25:27.479   711 21064 E tftp_server: pid=711 tid=21064 tftp-server : ERR :[tftp_server.c, 1718] open failed : [-2] [Unknown error -2]
09-07 17:25:27.479   711 21064 E tftp_server: pid=711 tid=21064 tftp-server : ERR :[tftp_protocol.c, 1229] sending error-pkt. Code = 1, Msg = Err=2 String=No such file or directory
09-07 17:25:27.480  1119  1119 V slim_daemon: [MAIN] run: Got IPC: 9902 from 0
09-07 17:25:27.480  1119  1119 D slim_daemon: [SLIM] No pending timeout events
09-07 17:25:28.616  1710  1839 V NotificationService: enqueueNotificationInternal: pkg=cn.missevan id=2131429468 notification=Notification(channel=LEAKCANARY_LOW pri=0 contentView=null vibrate=null sound=null defaults=0x0 flags=0x40 color=0x00000000 groupKey=LEAKCANARY_LOW vis=PRIVATE internalType=0 internalPriority=0 internalGroupPriority=0 internalFlag=0)
09-07 17:25:28.617  1710  1839 E NotificationService: Suppressing notification from package by user request.
09-07 17:25:29.124  2389  2389 D KeyguardUpdateMonitor: received broadcast android.intent.action.BATTERY_CHANGED
09-07 17:25:29.125  2389  2389 D KeyguardUpdateMonitor: handleBatteryUpdate
09-07 17:25:29.130  2762  2762 D QtiCarrierConfigHelper: WARNING, no carrier configs on phone Id: 0
09-07 17:25:29.131   693   693 V LocSvc_HIDL_IzatSubscription: [batteryLevelUpdate][777] [HS] <<<<= [HC]
09-07 17:25:29.135  4737  4737 D MainImeServiceDel: mHandler = 201
09-07 17:25:29.136  8163 11673 I ThreadPool.Execute: [:11673, ]:<<< com.tencent.matrix.c.c$3$$ExternalSyntheticLambda3@48378820 state=COMPLETE cost=1ms/1ms HotPool start@=1662542729133ms delay=0ms run@=1662542729134
09-07 17:25:29.195  1710  1839 V NotificationService: enqueueNotificationInternal: pkg=cn.missevan id=2131429468 notification=Notification(channel=LEAKCANARY_LOW pri=0 contentView=null vibrate=null sound=null defaults=0x0 flags=0x40 color=0x00000000 groupKey=LEAKCANARY_LOW vis=PRIVATE internalType=0 internalPriority=0 internalGroupPriority=0 internalFlag=0)
09-07 17:25:29.196  1710  1839 E NotificationService: Suppressing notification from package by user request.
09-07 17:25:29.200  1710  1839 V NotificationService: enqueueNotificationInternal: pkg=cn.missevan id=2131429468 notification=Notification(channel=LEAKCANARY_LOW pri=0 contentView=null vibrate=null sound=null defaults=0x0 flags=0x40 color=0x00000000 groupKey=LEAKCANARY_LOW vis=PRIVATE internalType=0 internalPriority=0 internalGroupPriority=0 internalFlag=0)
09-07 17:25:29.201  1710  1839 E NotificationService: Suppressing notification from package by user request.
09-07 17:25:30.759  2389  2389 D KeyguardUpdateMonitor: received broadcast android.intent.action.BATTERY_CHANGED
09-07 17:25:30.759  2389  2389 D KeyguardUpdateMonitor: handleBatteryUpdate
09-07 17:25:30.764  2713  3240 I chatty  : uid=1000(system) NightPearlSubTh expire 16 lines
09-07 17:25:30.764  2762  2762 D QtiCarrierConfigHelper: WARNING, no carrier configs on phone Id: 0
09-07 17:25:30.767   693   693 V LocSvc_HIDL_IzatSubscription: [batteryLevelUpdate][777] [HS] <<<<= [HC]
09-07 17:25:30.769  4737  4737 D MainImeServiceDel: mHandler = 201
09-07 17:25:30.770  1710  1710 I chatty  : uid=1000 system_server expire 11 lines
09-07 17:25:30.770  1710  5524 I chatty  : uid=1000(system) IzatProvider expire 10 lines
09-07 17:25:30.771  8163 11834 I ThreadPool.Execute: [:11834, ]:<<< com.tencent.matrix.c.c$3$$ExternalSyntheticLambda3@229689392 state=COMPLETE cost=0ms/1ms HotPool start@=1662542730769ms delay=0ms run@=1662542730769
09-07 17:25:32.581  1710  2975 W ActivityManager: Unable to start service Intent { act=android.security.IKeyChainService cmp=com.android.keychain/.KeyChainService } U=999: not found
09-07 17:25:32.582  2389 21066 I SecurityController: java.lang.AssertionError: could not bind to KeyChainService
09-07 17:25:35.180  1710  1839 V NotificationService: enqueueNotificationInternal: pkg=cn.missevan id=2131429468 notification=Notification(channel=LEAKCANARY_LOW pri=0 contentView=null vibrate=null sound=null defaults=0x0 flags=0x40 color=0x00000000 groupKey=LEAKCANARY_LOW vis=PRIVATE internalType=0 internalPriority=0 internalGroupPriority=0 internalFlag=0)
09-07 17:25:35.182  1710  1839 E NotificationService: Suppressing notification from package by user request.
09-07 17:25:35.218 32400 32547 D MemoryCeilingMonitor: [handleMemoryCalculate]
09-07 17:25:35.218 32400 32547 D MemoryCeilingMonitor: [calculate] tot: 3163765, max: 268435456, free: 280605, heap: 2883160, per: 0.010740607976913452
09-07 17:25:35.775  2389  2389 D KeyguardUpdateMonitor: received broadcast android.intent.action.BATTERY_CHANGED
09-07 17:25:35.776  2389  2389 D KeyguardUpdateMonitor: handleBatteryUpdate
09-07 17:25:35.780  2762  2762 D QtiCarrierConfigHelper: WARNING, no carrier configs on phone Id: 0
09-07 17:25:35.781   693   693 V LocSvc_HIDL_IzatSubscription: [batteryLevelUpdate][777] [HS] <<<<= [HC]
09-07 17:25:35.781  2713  2713 I chatty  : uid=1000(system) com.vivo.daemonService expire 48 lines
09-07 17:25:35.787  1710  2975 I chatty  : uid=1000(system) Binder:1710_A expire 13 lines
09-07 17:25:35.790  4737  4737 D MainImeServiceDel: mHandler = 201
09-07 17:25:35.811  8163 11455 I ThreadPool.Execute: [:11455, ]:<<< com.tencent.matrix.c.c$3$$ExternalSyntheticLambda3@59914076 state=COMPLETE cost=24ms/4ms HotPool start@=1662542735785ms delay=0ms run@=1662542735786
09-07 17:25:36.530  2935  7192 I chatty  : uid=1000(system) rms_reclaim expire 10 lines
09-07 17:25:36.794  2389  2389 D KeyguardUpdateMonitor: received broadcast android.intent.action.BATTERY_CHANGED
09-07 17:25:36.794  2389  2389 D KeyguardUpdateMonitor: handleBatteryUpdate
09-07 17:25:36.798  2762  2762 D QtiCarrierConfigHelper: WARNING, no carrier configs on phone Id: 0
09-07 17:25:36.798   693   693 V LocSvc_HIDL_IzatSubscription: [batteryLevelUpdate][777] [HS] <<<<= [HC]
09-07 17:25:36.801  4737  4737 D MainImeServiceDel: mHandler = 201
09-07 17:25:36.805  8163 11909 I ThreadPool.Execute: [:11909, ]:<<< com.tencent.matrix.c.c$3$$ExternalSyntheticLambda3@12152136 state=COMPLETE cost=1ms/1ms HotPool start@=1662542736803ms delay=0ms run@=1662542736803
09-07 17:25:39.671  2389  2389 D KeyguardUpdateMonitor: received broadcast android.intent.action.BATTERY_CHANGED
09-07 17:25:39.672  2389  2389 D KeyguardUpdateMonitor: handleBatteryUpdate
09-07 17:25:39.672  2762  2762 D QtiCarrierConfigHelper: WARNING, no carrier configs on phone Id: 0
09-07 17:25:39.674   693   693 V LocSvc_HIDL_IzatSubscription: [batteryLevelUpdate][777] [HS] <<<<= [HC]
09-07 17:25:39.680  4737  4737 D MainImeServiceDel: mHandler = 201
09-07 17:25:39.681  8163 11080 I ThreadPool.Execute: [:11080, ]:<<< com.tencent.matrix.c.c$3$$ExternalSyntheticLambda3@261887476 state=COMPLETE cost=1ms/2ms HotPool start@=1662542739678ms delay=0ms run@=1662542739678
09-07 17:25:39.906 18625 18638 I chatty  : uid=10612(cn.missevan) expire 10 lines
09-07 17:25:41.077 18625 18726 I chatty  : uid=10612(cn.missevan) expire 9 lines
09-07 17:25:41.729  2762  2762 D QtiCarrierConfigHelper: WARNING, no carrier configs on phone Id: 0
09-07 17:25:41.729  1710  5524 I chatty  : uid=1000(system) IzatProvider expire 12 lines
09-07 17:25:41.731  2713  3240 I chatty  : uid=1000(system) NightPearlSubTh expire 24 lines
09-07 17:25:41.734  2389  2389 D KeyguardUpdateMonitor: received broadcast android.intent.action.BATTERY_CHANGED
09-07 17:25:41.736  2389  2389 D KeyguardUpdateMonitor: handleBatteryUpdate
09-07 17:25:41.736   693   693 V LocSvc_HIDL_IzatSubscription: [batteryLevelUpdate][777] [HS] <<<<= [HC]
09-07 17:25:41.738  4737  4737 D MainImeServiceDel: mHandler = 201
09-07 17:25:41.738  1710  5747 I chatty  : uid=1000(system) Binder:1710_1E expire 21 lines
09-07 17:25:41.748  1710  2621 I chatty  : uid=1000(system) Binder:1710_7 expire 8 lines
09-07 17:25:41.755  8163 11765 I ThreadPool.Execute: [:11765, ]:<<< com.tencent.matrix.c.c$3$$ExternalSyntheticLambda3@173972832 state=COMPLETE cost=20ms/4ms HotPool start@=1662542741734ms delay=0ms run@=1662542741734
09-07 17:25:42.427  2389  2389 D KeyguardUpdateMonitor: received broadcast android.intent.action.BATTERY_CHANGED
09-07 17:25:42.427  2389  2389 D KeyguardUpdateMonitor: handleBatteryUpdate
09-07 17:25:42.433   693   693 V LocSvc_HIDL_IzatSubscription: [batteryLevelUpdate][777] [HS] <<<<= [HC]
09-07 17:25:42.433  2762  2762 D QtiCarrierConfigHelper: WARNING, no carrier configs on phone Id: 0
09-07 17:25:42.438  4737  4737 D MainImeServiceDel: mHandler = 201
09-07 17:25:42.439  8163 11239 I ThreadPool.Execute: [:11239, ]:<<< com.tencent.matrix.c.c$3$$ExternalSyntheticLambda3@117452684 state=COMPLETE cost=2ms/1ms HotPool start@=1662542742436ms delay=0ms run@=1662542742436
09-07 17:25:43.258  1710  1839 V NotificationService: enqueueNotificationInternal: pkg=cn.missevan id=2131429468 notification=Notification(channel=LEAKCANARY_LOW pri=0 contentView=null vibrate=null sound=null defaults=0x0 flags=0x40 color=0x00000000 groupKey=LEAKCANARY_LOW vis=PRIVATE internalType=0 internalPriority=0 internalGroupPriority=0 internalFlag=0)
09-07 17:25:43.259  1710  1839 E NotificationService: Suppressing notification from package by user request.
09-07 17:25:43.272  1710  1839 V NotificationService: enqueueNotificationInternal: pkg=cn.missevan id=2131429468 notification=Notification(channel=LEAKCANARY_LOW pri=0 contentView=null vibrate=null sound=null defaults=0x0 flags=0x40 color=0x00000000 groupKey=LEAKCANARY_LOW vis=PRIVATE internalType=0 internalPriority=0 internalGroupPriority=0 internalFlag=0)
09-07 17:25:43.273  1710  1839 E NotificationService: Suppressing notification from package by user request.
09-07 17:25:44.600  1710  1839 V NotificationService: enqueueNotificationInternal: pkg=cn.missevan id=2131429468 notification=Notification(channel=LEAKCANARY_LOW pri=0 contentView=null vibrate=null sound=null defaults=0x0 flags=0x40 color=0x00000000 groupKey=LEAKCANARY_LOW vis=PRIVATE internalType=0 internalPriority=0 internalGroupPriority=0 internalFlag=0)
09-07 17:25:44.601  1710  1839 E NotificationService: Suppressing notification from package by user request.
09-07 17:25:45.130  1710  1839 V NotificationService: enqueueNotificationInternal: pkg=cn.missevan id=2131429468 notification=Notification(channel=LEAKCANARY_LOW pri=0 contentView=null vibrate=null sound=null defaults=0x0 flags=0x40 color=0x00000000 groupKey=LEAKCANARY_LOW vis=PRIVATE internalType=0 internalPriority=0 internalGroupPriority=0 internalFlag=0)
09-07 17:25:45.131  1710  1839 E NotificationService: Suppressing notification from package by user request.
09-07 17:25:45.142  1710  1839 V NotificationService: enqueueNotificationInternal: pkg=cn.missevan id=2131429468 notification=Notification(channel=LEAKCANARY_LOW pri=0 contentView=null vibrate=null sound=null defaults=0x0 flags=0x40 color=0x00000000 groupKey=LEAKCANARY_LOW vis=PRIVATE internalType=0 internalPriority=0 internalGroupPriority=0 internalFlag=0)
09-07 17:25:45.143  1710  1839 E NotificationService: Suppressing notification from package by user request.
09-07 17:25:45.227 32400 32547 D MemoryCeilingMonitor: [handleMemoryCalculate]
09-07 17:25:45.228 32400 32547 D MemoryCeilingMonitor: [calculate] tot: 3163765, max: 268435456, free: 247693, heap: 2916072, per: 0.01086321473121643
09-07 17:25:45.325  1710  2621 D NotificationService: DEBUG_OVERRIDE_NOTIFY:enqueueNotificationWithTag pkg=cn.missevan opPkg=cn.missevantag=null notification=Notification(channel=LEAKCANARY_MAX pri=0 contentView=null vibrate=null sound=null defaults=0x0 flags=0x10 color=0x00000000 groupKey=LEAKCANARY_MAX vis=PRIVATE internalType=0 internalPriority=0 internalGroupPriority=0 internalFlag=0) userId =0
09-07 17:25:45.326  1710  2621 V NotificationService: enqueueNotificationInternal: pkg=cn.missevan id=2131429467 notification=Notification(channel=LEAKCANARY_MAX pri=0 contentView=null vibrate=null sound=null defaults=0x0 flags=0x10 color=0x00000000 groupKey=LEAKCANARY_MAX vis=PRIVATE internalType=0 internalPriority=0 internalGroupPriority=0 internalFlag=0)
09-07 17:25:45.327  1710  2621 E NotificationService: Suppressing notification from package by user request.
09-07 17:25:45.344  2713 11977 I chatty  : uid=1000(system) Binder:2713_F expire 19 lines
09-07 17:25:45.345  2713  3512 I chatty  : uid=1000(system) MotorModeDaemon expire 12 lines
09-07 17:25:45.346  1710  5183 I chatty  : uid=1000(system) Binder:1710_12 expire 13 lines
09-07 17:25:45.346  2713  3579 I chatty  : uid=1000(system) Binder:2713_5 expire 13 lines
09-07 17:25:45.347  2713  3508 I chatty  : uid=1000(system) GamepadService expire 12 lines
09-07 17:25:45.350 18625 18625 I chatty  : uid=10612(cn.missevan) expire 1 line
09-07 17:25:45.351  1710  5749 I chatty  : uid=1000(system) Binder:1710_20 expire 9 lines
09-07 17:25:45.354  2713  3277 I chatty  : uid=1000(system) GameModeHandler expire 12 lines
09-07 17:25:45.363  2713 31929 I chatty  : uid=1000(system) Binder:2713_E expire 10 lines
09-07 17:25:45.392  2389  2389 D KeyguardUpdateMonitor: received broadcast android.intent.action.BATTERY_CHANGED
09-07 17:25:45.392  2389  2389 D KeyguardUpdateMonitor: handleBatteryUpdate
09-07 17:25:45.394  2762  2762 D QtiCarrierConfigHelper: WARNING, no carrier configs on phone Id: 0
09-07 17:25:45.395   693   693 V LocSvc_HIDL_IzatSubscription: [batteryLevelUpdate][777] [HS] <<<<= [HC]
09-07 17:25:45.398  4737  4737 D MainImeServiceDel: mHandler = 201
09-07 17:25:45.403  8163 11346 I ThreadPool.Execute: [:11346, ]:<<< com.tencent.matrix.c.c$3$$ExternalSyntheticLambda3@172406904 state=COMPLETE cost=1ms/2ms HotPool start@=1662542745397ms delay=0ms run@=1662542745401
09-07 17:25:45.404  1710  1710 I chatty  : uid=1000 system_server expire 14 lines
09-07 17:25:45.587 32400 32562 D WorkerThreadMonitor: Kill MSF check result[ senderSize:0,sendInterval:176437,receiveInterval=26285,addCmdCount=170
09-07 17:25:46.045  8163 11673 E memtrack: Couldn't load memtrack module
09-07 17:25:46.046  8163 11673 W android.os.Debug: failed to get memory consumption info: -1
09-07 17:25:46.179  8163  8408 I ThreadPool.Execute: [:8408, ]:<<< com.tencent.mm.plugin.performance.watchdogs.h$$ExternalSyntheticLambda0@29749174 state=COMPLETE cost=1ms/1ms ColdPool start@=1662542746177ms delay=0ms run@=1662542746177
09-07 17:25:46.456 18625 18893 I chatty  : uid=10612(cn.missevan) expire 5 lines
09-07 17:25:47.071  2730  2730 I chatty  : uid=1000(system) com.vivo.upslide expire 10 lines
09-07 17:25:47.072  2389  2389 D KeyguardUpdateMonitor: received broadcast android.intent.action.BATTERY_CHANGED
09-07 17:25:47.072  2389  2389 D KeyguardUpdateMonitor: handleBatteryUpdate
09-07 17:25:47.075  2762  2762 D QtiCarrierConfigHelper: WARNING, no carrier configs on phone Id: 0
09-07 17:25:47.079  4737  4737 D MainImeServiceDel: mHandler = 201
09-07 17:25:47.082   693   693 V LocSvc_HIDL_IzatSubscription: [batteryLevelUpdate][777] [HS] <<<<= [HC]
09-07 17:25:47.085  1710  1767 I chatty  : uid=1000(system) Binder:1710_1 expire 16 lines
09-07 17:25:47.529 19012 19152 I chatty  : uid=10612 cn.missevan:stats expire 3 lines
09-07 17:25:53.464  2389  2389 D KeyguardUpdateMonitor: received broadcast android.intent.action.BATTERY_CHANGED
09-07 17:25:53.465  2389  2389 D KeyguardUpdateMonitor: handleBatteryUpdate
09-07 17:25:53.466  2713  2713 I chatty  : uid=1000(system) com.vivo.daemonService expire 25 lines
09-07 17:25:53.470  2762  2762 D QtiCarrierConfigHelper: WARNING, no carrier configs on phone Id: 0
09-07 17:25:53.470  1710  5524 I chatty  : uid=1000(system) IzatProvider expire 12 lines
09-07 17:25:53.470  2713  3240 I chatty  : uid=1000(system) NightPearlSubTh expire 11 lines
09-07 17:25:53.471   693   693 V LocSvc_HIDL_IzatSubscription: [batteryLevelUpdate][777] [HS] <<<<= [HC]
09-07 17:25:53.481  4737  4737 D MainImeServiceDel: mHandler = 201
09-07 17:25:55.239 32400 32547 D MemoryCeilingMonitor: [handleMemoryCalculate]
09-07 17:25:55.240 32400 32547 D MemoryCeilingMonitor: [calculate] tot: 3163765, max: 268435456, free: 231085, heap: 2932680, per: 0.010925084352493286
09-07 17:25:56.189  1710  1839 D ActivityManager: StartMode packageName = com.tencent.mm ,callingPid = -1 ,alwaysRestrict = true ,startMode = 2 ,UidRec:UidRecord{bb14d78 u0a569 SVC  bg:+5d1h6m23s563ms idle change:idle procs:2 seq(0,0,0)}
09-07 17:25:57.366  2389  2389 D KeyguardUpdateMonitor: received broadcast android.intent.action.BATTERY_CHANGED
09-07 17:25:57.366  2389  2389 D KeyguardUpdateMonitor: handleBatteryUpdate
09-07 17:25:57.368  2762  2762 D QtiCarrierConfigHelper: WARNING, no carrier configs on phone Id: 0
09-07 17:25:57.371  4737  4737 D MainImeServiceDel: mHandler = 201
09-07 17:25:57.373   693   693 V LocSvc_HIDL_IzatSubscription: [batteryLevelUpdate][777] [HS] <<<<= [HC]
09-07 17:26:00.000  1710  2037 I chatty  : uid=1000(system) AlarmManager expire 26 lines
09-07 17:26:00.173   673   673 D vendor.qti.bluetooth@1.0-ibs_handler: SerialClockVote: vote for UART CLK ON
09-07 17:26:00.175   673   673 D vendor.qti.bluetooth@1.0-wake_lock: Acquire wakelock is acquired
09-07 17:26:00.175   673   673 I vendor.qti.bluetooth@1.0-ibs_handler: DeviceWakeUp: Writing IBS_WAKE_IND
09-07 17:26:00.179   673  5863 I vendor.qti.bluetooth@1.0-ibs_handler: ProcessIbsCmd: Received IBS_WAKE_ACK: 0xFC
09-07 17:26:00.181   673  5863 I vendor.qti.bluetooth@1.0-ibs_handler: ProcessIbsCmd: Received IBS_WAKE_IND: 0xFD
09-07 17:26:00.181   673  5863 I vendor.qti.bluetooth@1.0-ibs_handler: ProcessIbsCmd: Writing IBS_WAKE_ACK
09-07 17:26:00.227   673  5863 I vendor.qti.bluetooth@1.0-ibs_handler: ProcessIbsCmd: Received IBS_SLEEP_IND: 0xFE
09-07 17:26:01.181   673  5866 I vendor.qti.bluetooth@1.0-ibs_handler: DeviceSleep: TX Awake, Sending SLEEP_IND
09-07 17:26:01.182   673  5866 D vendor.qti.bluetooth@1.0-ibs_handler: SerialClockVote: vote for UART CLK OFF
09-07 17:26:01.202  1710  1839 I ActivityManager: Waited long enough for: ServiceRecord{4102dbf u0 cn.missevan/com.bilibili.lib.neuron.internal.NeuronRemoteService}
09-07 17:26:01.332   673  5827 D vendor.qti.bluetooth@1.0-wake_lock: Release wakelock is released
09-07 17:26:01.512  2389  2389 D KeyguardUpdateMonitor: received broadcast android.intent.action.BATTERY_CHANGED
09-07 17:26:01.513  2389  2389 D KeyguardUpdateMonitor: handleBatteryUpdate
09-07 17:26:01.520  2762  2762 D QtiCarrierConfigHelper: WARNING, no carrier configs on phone Id: 0
09-07 17:26:01.528  4737  4737 D MainImeServiceDel: mHandler = 201
09-07 17:26:01.531   693   693 V LocSvc_HIDL_IzatSubscription: [batteryLevelUpdate][777] [HS] <<<<= [HC]
09-07 17:26:01.562  2935  7192 I chatty  : uid=1000(system) rms_reclaim expire 10 lines
09-07 17:26:01.652  1007  1186 E storaged: getDiskStats failed with result NOT_SUPPORTED and size 0
09-07 17:26:02.600  1710  5747 W ActivityManager: Unable to start service Intent { act=android.security.IKeyChainService cmp=com.android.keychain/.KeyChainService } U=999: not found
09-07 17:26:02.602  2389 21085 I SecurityController: java.lang.AssertionError: could not bind to KeyChainService
09-07 17:26:02.691   686   813 E qti_sensors_hal: acquire proximity wakelock
09-07 17:26:02.696  1710  1840 I chatty  : uid=1000(system) android.ui expire 18 lines
09-07 17:26:02.696  2389  2389 D SensorManager: framework alsps raw_data dataX=0.0 dataY=586.0 dataZ=0.0
09-07 17:26:02.698  2713  3567 I chatty  : uid=1000(system) initial expire 16 lines
09-07 17:26:02.699  1710  2111 I chatty  : uid=1000(system) ProximityExcept expire 4 lines
09-07 17:26:02.699  3397  8594 D QcrilMsgTunnelIfaceManager: needAddWaitTime return false byte = -55
09-07 17:26:02.700  3397  3397 D QcrilMsgTunnelIfaceManager: handleMessage what = 1
09-07 17:26:02.707  3397  3397 I QcrilOemhookMsgTunnel: [0]invokeOemRilRequestRaw: serial=2797 length=24
09-07 17:26:02.708  3397  3397 D QcrilOemhookMsgTunnel: 2797 > OEM_HOOK_RAW[514f454d484f4f4bc9000800080000000100000000000000]
09-07 17:26:02.708  3397  3397 D QcrilOemhookMsgTunnel: Calling HIDL oemHookRawRequest
09-07 17:26:02.714  3397  3418 I QcrilOemhookMsgTunnel: [0]processOemHookResponse serial no: 2797 error: 0length=0
09-07 17:26:02.714  3397  3418 D QcrilOemhookMsgTunnel: [2797] < OEM_HOOK_RAW [[B@b496424]
09-07 17:26:02.715  3397  3418 D QcrilOemhookMsgTunnel: { id=6798 when=-1d15h30m4s514ms what=2 obj=com.qualcomm.qcrilmsgtunnel.QcrilMsgTunnelIfaceManager$MessageRequest@29acb8d target=com.qualcomm.qcrilmsgtunnel.QcrilMsgTunnelIfaceManager$1 }
09-07 17:26:02.715  3397  3397 D QcrilMsgTunnelIfaceManager: handleMessage what = 2
09-07 17:26:03.295   686   813 E qti_sensors_hal: acquire proximity wakelock
09-07 17:26:03.299  2389  2389 D SensorManager: framework alsps raw_data dataX=5.000305 dataY=237.0 dataZ=0.0
09-07 17:26:03.301  3397  8594 D QcrilMsgTunnelIfaceManager: needAddWaitTime return false byte = -55
09-07 17:26:03.302  3397  3397 D QcrilMsgTunnelIfaceManager: handleMessage what = 1
09-07 17:26:03.308  3397  3397 I QcrilOemhookMsgTunnel: [0]invokeOemRilRequestRaw: serial=2798 length=24
09-07 17:26:03.308  3397  3397 D QcrilOemhookMsgTunnel: 2798 > OEM_HOOK_RAW[514f454d484f4f4bc9000800080000000000000000000000]
09-07 17:26:03.308  3397  3397 D QcrilOemhookMsgTunnel: Calling HIDL oemHookRawRequest
09-07 17:26:03.313  3397  3418 I QcrilOemhookMsgTunnel: [0]processOemHookResponse serial no: 2798 error: 0length=0
09-07 17:26:03.313  3397  3418 D QcrilOemhookMsgTunnel: [2798] < OEM_HOOK_RAW [[B@1fbd142]
09-07 17:26:03.313  3397  3418 D QcrilOemhookMsgTunnel: { id=6802 when=-1d15h30m5s113ms what=2 obj=com.qualcomm.qcrilmsgtunnel.QcrilMsgTunnelIfaceManager$MessageRequest@d066553 target=com.qualcomm.qcrilmsgtunnel.QcrilMsgTunnelIfaceManager$1 }
09-07 17:26:03.316  3397  3397 D QcrilMsgTunnelIfaceManager: handleMessage what = 2
09-07 17:26:05.251 32400 32547 D MemoryCeilingMonitor: [handleMemoryCalculate]
09-07 17:26:05.252 32400 32547 D MemoryCeilingMonitor: [calculate] tot: 3163765, max: 268435456, free: 198173, heap: 2965592, per: 0.011047691106796265
09-07 17:26:05.296   686   833 E qti_sensors_hal: relase proximity wakelock
09-07 17:26:07.749  2389  2389 D KeyguardUpdateMonitor: received broadcast android.intent.action.BATTERY_CHANGED
09-07 17:26:07.750  2389  2389 D KeyguardUpdateMonitor: handleBatteryUpdate
09-07 17:26:07.752  2762  2762 D QtiCarrierConfigHelper: WARNING, no carrier configs on phone Id: 0
09-07 17:26:07.752  2713  3240 I chatty  : uid=1000(system) NightPearlSubTh expire 10 lines
09-07 17:26:07.752  2713  2713 I chatty  : uid=1000(system) com.vivo.daemonService expire 11 lines
09-07 17:26:07.756   693   693 V LocSvc_HIDL_IzatSubscription: [batteryLevelUpdate][777] [HS] <<<<= [HC]
09-07 17:26:07.764  4737  4737 D MainImeServiceDel: mHandler = 201
09-07 17:26:15.265 32400 32547 D MemoryCeilingMonitor: [handleMemoryCalculate]
09-07 17:26:15.265 32400 32547 D MemoryCeilingMonitor: [calculate] tot: 3163765, max: 268435456, free: 181645, heap: 2982120, per: 0.011109262704849243
09-07 17:26:16.751 32400 32400 D MSF.C.LogManager: clean and compress log
09-07 17:26:16.833 32400 21103 D MSF.C.LogManager: compress log com.tencent.mobileqq.22.09.07.15.log
09-07 17:26:16.870 32400 21103 D MSF.C.LogManager: compress log com.tencent.mobileqq_MSF.22.09.07.16.log
09-07 17:26:16.901 32400 32524 I PERF_LOG: GC.happened gc!!!!!!!!!, 186820 ms interval from last time
09-07 17:26:16.907 32400 21103 D MSF.C.LogManager: compress log com.tencent.mobileqq_MSF.22.09.07.15.log
09-07 17:26:17.262 15823 15823 W v-delay-upload: type=1400 audit(0.0:63147): avc: denied { read } for name="u:object_r:vendor_default_prop:s0" dev="tmpfs" ino=5858 scontext=u:r:platform_app:s0:c512,c768 tcontext=u:object_r:vendor_default_prop:s0 tclass=file permissive=0
09-07 17:26:17.276 15823 21104 E libc    : Access denied finding property "ro.vendor.vivo.serialno"
09-07 17:26:18.143  1710  1710 I chatty  : uid=1000 system_server expire 12 lines
09-07 17:26:18.146  2389  2389 D KeyguardUpdateMonitor: received broadcast android.intent.action.BATTERY_CHANGED
09-07 17:26:18.146  2389  2389 D KeyguardUpdateMonitor: handleBatteryUpdate
09-07 17:26:18.161  2762  2762 D QtiCarrierConfigHelper: WARNING, no carrier configs on phone Id: 0
09-07 17:26:18.162  1710  5524 I chatty  : uid=1000(system) IzatProvider expire 13 lines
09-07 17:26:18.163   693   693 V LocSvc_HIDL_IzatSubscription: [batteryLevelUpdate][777] [HS] <<<<= [HC]
09-07 17:26:18.170  4737  4737 D MainImeServiceDel: mHandler = 201
09-07 17:26:25.269 32400 32547 D MemoryCeilingMonitor: [handleMemoryCalculate]
09-07 17:26:25.269 32400 32547 D MemoryCeilingMonitor: [calculate] tot: 3481216, max: 268435456, free: 755296, heap: 2725920, per: 0.0101548433303833
09-07 17:26:26.601  2935  7192 I chatty  : uid=1000(system) rms_reclaim expire 10 lines
09-07 17:26:28.034  2635  3033 E PowerMonitor: exception In sysProcTransDectect java.lang.NoSuchMethodException: vivoGetNetworkStatsUidDetailWithPackInfo [int]
09-07 17:26:28.060  2635  3033 V BigDataLog: noteWriteData which = 5
09-07 17:26:28.522  2713  3240 I chatty  : uid=1000(system) NightPearlSubTh expire 14 lines
09-07 17:26:28.524  2389  2389 D KeyguardUpdateMonitor: received broadcast android.intent.action.BATTERY_CHANGED
09-07 17:26:28.525  2389  2389 D KeyguardUpdateMonitor: handleBatteryUpdate
09-07 17:26:28.525  2713  2713 I chatty  : uid=1000(system) com.vivo.daemonService expire 14 lines
09-07 17:26:28.531  2762  2762 D QtiCarrierConfigHelper: WARNING, no carrier configs on phone Id: 0
09-07 17:26:28.533   693   693 V LocSvc_HIDL_IzatSubscription: [batteryLevelUpdate][777] [HS] <<<<= [HC]
09-07 17:26:28.537  4737  4737 D MainImeServiceDel: mHandler = 201
