09-07 17:53:53.265 24070 24387 D FreeFlowUtils: [glide-disk-cache-thread-0] Origin url: https://static-test.maoercdn.com/live/catalogs/light/pia.png?x-oss-process=image/resize,w_60/format,webp, free flow url: https://static-test.maoercdn.com/live/catalogs/light/pia.png?x-oss-process=image/resize,w_60/format,webp
09-07 17:53:53.273 24070 24222 I CronetEngine: [thread_background]
09-07 17:53:53.273 24070 24222 I CronetEngine: url: https://fm.uat.missevan.com/api/v2/recommended/homepage?persona_id=2
09-07 17:53:53.273 24070 24222 I CronetEngine:  ip: 10.21.250.10
09-07 17:53:53.273 24070 24222 I CronetEngine:  hostResolverProvider:
09-07 17:53:53.273 24070 24222 I CronetEngine:  hostResolveIps: []
09-07 17:53:53.273 24070 24222 I CronetEngine:
09-07 17:53:53.276 24070 24387 D FreeFlowUtils: [glide-disk-cache-thread-0] Origin url: https://static-test.maoercdn.com/live/catalogs/light/music.png?x-oss-process=image/resize,w_60/format,webp, free flow url: https://static-test.maoercdn.com/live/catalogs/light/music.png?x-oss-process=image/resize,w_60/format,webp
09-07 17:53:53.276 24070 24205 I BLOG    : [RxCachedThreadScheduler-1] HTTP request: [2022-09-07T09:53:53.127Z] GET https://fm.uat.missevan.com/api/v2/recommended/homepage?persona_id=2 200 143ms 0
09-07 17:53:53.287 24070 24222 I CronetEngine: [thread_background]
09-07 17:53:53.287 24070 24222 I CronetEngine: url: https://app.uat.missevan.com/site/icons
09-07 17:53:53.287 24070 24222 I CronetEngine:  ip: 10.21.250.10
09-07 17:53:53.287 24070 24222 I CronetEngine:  hostResolverProvider:
09-07 17:53:53.287 24070 24222 I CronetEngine:  hostResolveIps: []
09-07 17:53:53.287 24070 24222 I CronetEngine:
09-07 17:53:53.288 24070 24387 D FreeFlowUtils: [glide-disk-cache-thread-0] Origin url: https://static-test.maoercdn.com/live/catalogs/icon/122.png?x-oss-process=image/resize,w_60/format,webp, free flow url: https://static-test.maoercdn.com/live/catalogs/icon/122.png?x-oss-process=image/resize,w_60/format,webp
09-07 17:53:53.293 24070 24335 I BLOG    : [RxCachedThreadScheduler-6] HTTP request: [2022-09-07T09:53:53.128Z] GET https://app.uat.missevan.com/site/icons 200 156ms 0
09-07 17:53:53.304 24070 24222 I CronetEngine: [thread_background]
09-07 17:53:53.304 24070 24222 I CronetEngine: url: https://app.uat.missevan.com/you-might-like/my-favors?persona_id=2
09-07 17:53:53.304 24070 24222 I CronetEngine:  ip: 10.21.250.10
09-07 17:53:53.304 24070 24222 I CronetEngine:  hostResolverProvider:
09-07 17:53:53.304 24070 24222 I CronetEngine:  hostResolveIps: []
09-07 17:53:53.304 24070 24222 I CronetEngine:
09-07 17:53:53.309 24070 24234 I BLOG    : [RxCachedThreadScheduler-3] HTTP request: [2022-09-07T09:53:53.123Z] GET https://app.uat.missevan.com/you-might-like/my-favors?persona_id=2 200 177ms 0
09-07 17:53:53.309 24070 24387 D FreeFlowUtils: [glide-disk-cache-thread-0] Origin url: https://static-test.maoercdn.com/live/catalogs/light/heart.png?x-oss-process=image/resize,w_60/format,webp, free flow url: https://static-test.maoercdn.com/live/catalogs/light/heart.png?x-oss-process=image/resize,w_60/format,webp
09-07 17:53:53.328 24070 24222 I CronetEngine: [thread_background]
09-07 17:53:53.328 24070 24222 I CronetEngine: url: https://app.uat.missevan.com/site/tab-icons?tab_id=101
09-07 17:53:53.328 24070 24222 I CronetEngine:  ip: 10.21.250.10
09-07 17:53:53.328 24070 24222 I CronetEngine:  hostResolverProvider:
09-07 17:53:53.328 24070 24222 I CronetEngine:  hostResolveIps: []
09-07 17:53:53.328 24070 24222 I CronetEngine:
09-07 17:53:53.331 24070 24222 I CronetEngine: [thread_background]
09-07 17:53:53.331 24070 24222 I CronetEngine: url: https://app.uat.missevan.com/site/get-top?persona_id=2
09-07 17:53:53.331 24070 24222 I CronetEngine:  ip: 10.21.250.10
09-07 17:53:53.331 24070 24222 I CronetEngine:  hostResolverProvider:
09-07 17:53:53.331 24070 24222 I CronetEngine:  hostResolveIps: []
09-07 17:53:53.331 24070 24222 I CronetEngine:
09-07 17:53:53.331 24070 24387 D FreeFlowUtils: [glide-disk-cache-thread-0] Origin url: https://static-test.maoercdn.com/live/tags/icon/001.png?x-oss-process=image/resize,w_60/format,webp, free flow url: https://static-test.maoercdn.com/live/tags/icon/001.png?x-oss-process=image/resize,w_60/format,webp
09-07 17:53:53.333 24070 24249 I BLOG    : [RxCachedThreadScheduler-5] HTTP request: [2022-09-07T09:53:53.121Z] GET https://app.uat.missevan.com/site/get-top?persona_id=2 200 202ms 0
09-07 17:53:53.334 24070 24222 I CronetEngine: [thread_background]
09-07 17:53:53.334 24070 24222 I CronetEngine: url: https://app.uat.missevan.com/drama/tag
09-07 17:53:53.334 24070 24222 I CronetEngine:  ip: 10.21.250.10
09-07 17:53:53.334 24070 24222 I CronetEngine:  hostResolverProvider:
09-07 17:53:53.334 24070 24222 I CronetEngine:  hostResolveIps: []
09-07 17:53:53.334 24070 24222 I CronetEngine:
09-07 17:53:53.334 24070 24580 I BLOG    : [RxCachedThreadScheduler-9] HTTP request: [2022-09-07T09:53:53.170Z] GET https://app.uat.missevan.com/site/tab-icons?tab_id=101 200 151ms 0
09-07 17:53:53.337 24070 24583 I BLOG    : [RxCachedThreadScheduler-12] HTTP request: [2022-09-07T09:53:53.166Z] GET https://app.uat.missevan.com/drama/tag 200 158ms 0
09-07 17:53:53.344 24070 24222 I CronetEngine: [thread_background]
09-07 17:53:53.344 24070 24222 I CronetEngine: url: https://app.uat.missevan.com/you-might-like/get-recommends?persona_id=2&boot=1
09-07 17:53:53.344 24070 24222 I CronetEngine:  ip: 10.21.250.10
09-07 17:53:53.344 24070 24222 I CronetEngine:  hostResolverProvider:
09-07 17:53:53.344 24070 24222 I CronetEngine:  hostResolveIps: []
09-07 17:53:53.344 24070 24222 I CronetEngine:
09-07 17:53:53.346 24070 24350 I BLOG    : [RxCachedThreadScheduler-7] HTTP request: [2022-09-07T09:53:53.136Z] GET https://app.uat.missevan.com/you-might-like/get-recommends?persona_id=2&boot=1 200 205ms 0
09-07 17:53:53.353 24070 24387 D FreeFlowUtils: [glide-disk-cache-thread-0] Origin url: https://static-test.maoercdn.com/live/tags/icon/1615516623/004.png?x-oss-process=image/resize,w_60/format,webp, free flow url: https://static-test.maoercdn.com/live/tags/icon/1615516623/004.png?x-oss-process=image/resize,w_60/format,webp
09-07 17:53:53.372 24070 24387 D FreeFlowUtils: [glide-disk-cache-thread-0] Origin url: https://static-test.maoercdn.com/live/tags/icon/007_20211111184559.webp, free flow url: https://static-test.maoercdn.com/live/tags/icon/007_20211111184559.webp
09-07 17:53:53.433 24070 24222 I CronetEngine: [thread_background]
09-07 17:53:53.433 24070 24222 I CronetEngine: url: https://app.uat.missevan.com/drama/recommend-modules?catalog_id=89
09-07 17:53:53.433 24070 24222 I CronetEngine:  ip: 10.21.250.10
09-07 17:53:53.433 24070 24222 I CronetEngine:  hostResolverProvider:
09-07 17:53:53.433 24070 24222 I CronetEngine:  hostResolveIps: []
09-07 17:53:53.433 24070 24222 I CronetEngine:
09-07 17:53:53.438 24070 24582 I BLOG    : [RxCachedThreadScheduler-11] HTTP request: [2022-09-07T09:53:53.168Z] GET https://app.uat.missevan.com/drama/recommend-modules?catalog_id=89 200 229ms 0
09-07 17:53:53.453 24070 24387 D FreeFlowUtils: [glide-disk-cache-thread-0] Origin url: https://static-test.maoercdn.com/live/catalogs/icon/115.png?x-oss-process=image/resize,w_60/format,webp, free flow url: https://static-test.maoercdn.com/live/catalogs/icon/115.png?x-oss-process=image/resize,w_60/format,webp
09-07 17:53:53.465 24070 24387 D FreeFlowUtils: [glide-disk-cache-thread-0] Origin url: https://static-test.maoercdn.com/live/tags/icon/002.png?x-oss-process=image/resize,w_60/format,webp, free flow url: https://static-test.maoercdn.com/live/tags/icon/002.png?x-oss-process=image/resize,w_60/format,webp
09-07 17:53:53.477 24070 24387 D FreeFlowUtils: [glide-disk-cache-thread-0] Origin url: https://static-test.maoercdn.com/live/tags/icon/008.jpg?x-oss-process=image/resize,w_60/format,webp, free flow url: https://static-test.maoercdn.com/live/tags/icon/008.jpg?x-oss-process=image/resize,w_60/format,webp
09-07 17:53:53.487 24070 24081 I cn.missevan: Background concurrent copying GC freed 196810(10MB) AllocSpace objects, 73(5MB) LOS objects, 43% free, 30MB/54MB, paused 271us total 103.931ms
09-07 17:53:53.490 24070 24387 D FreeFlowUtils: [glide-disk-cache-thread-0] Origin url: https://static-test.maoercdn.com/live/tags/icon/010_20211111184637.gif?x-oss-process=image/resize,w_60/format,webp, free flow url: https://static-test.maoercdn.com/live/tags/icon/010_20211111184637.gif?x-oss-process=image/resize,w_60/format,webp
09-07 17:53:53.501 24070 24387 D FreeFlowUtils: [glide-disk-cache-thread-0] Origin url: https://static-test.maoercdn.com/live/tags/icon/012_20210726183228.jpg?x-oss-process=image/resize,w_60/format,webp, free flow url: https://static-test.maoercdn.com/live/tags/icon/012_20210726183228.jpg?x-oss-process=image/resize,w_60/format,webp
09-07 17:53:53.511 24070 24070 I PlayerServiceConnection: [main] on MediaBrowser connection connected
09-07 17:53:53.512 24070 24070 I PlayerServiceConnection: [main] bindPlayerService...
09-07 17:53:53.515 24070 24222 I CronetEngine: [thread_background]
09-07 17:53:53.515 24070 24222 I CronetEngine: url: https://app.uat.missevan.com/drama/catalog-homepage?catalog_id=89
09-07 17:53:53.515 24070 24222 I CronetEngine:  ip: 10.21.250.10
09-07 17:53:53.515 24070 24222 I CronetEngine:  hostResolverProvider:
09-07 17:53:53.515 24070 24222 I CronetEngine:  hostResolveIps: []
09-07 17:53:53.515 24070 24222 I CronetEngine:
09-07 17:53:53.519  1710  3776 I chatty  : uid=1000(system) Binder:1710_F expire 28 lines
09-07 17:53:53.520 24070 24581 I BLOG    : [RxCachedThreadScheduler-10] HTTP request: [2022-09-07T09:53:53.168Z] GET https://app.uat.missevan.com/drama/catalog-homepage?catalog_id=89 200 339ms 0
09-07 17:53:53.529 24070 24070 I Choreographer: Skipped 34 frames!  The application may be doing too much work on its main thread.
09-07 17:53:53.532 24341 24341 I PlayerService: [main] PlayerService onLoadChildren parentId = /
09-07 17:53:53.554 24070 24079 W System  : A resource failed to call close.
09-07 17:53:53.596 24457 24457 D NAccs.AccsClientConfig:  build config:AccsClientConfig{mAppKey='umeng:546d7dd7fd98c58fc800082c', mAppSecret='64e8358a59d434e5546720db97ab5996', mInappHost='umengacs.m.taobao.com', mChannelHost='umengjmacs.m.taobao.com', mStoreId='', mSecurity=2, mAuthCode='', mInappPubKey=11, mChannelPubKey=11, mKeepalive=true, mAutoUnit=false, mTag='default', mConfigEnv=0, mDisableChannel=false, mQuickReconnect=false, mAccsHeartbeatEnable=false, mPullUpEnable=false, mForePingEnable=false, mPingTimeout=0}
09-07 17:53:53.596 24457 24457 W NAccs.AccsClientConfig:  build conver old config:AccsClientConfig{mAppKey='umeng:546d7dd7fd98c58fc800082c', mAppSecret='64e8358a59d434e5546720db97ab5996', mInappHost='umengacs.m.taobao.com', mChannelHost='umengjmacs.m.taobao.com', mStoreId='', mSecurity=2, mAuthCode='', mInappPubKey=-1, mChannelPubKey=-1, mKeepalive=true, mAutoUnit=true, mTag='default', mConfigEnv=0, mDisableChannel=false, mQuickReconnect=false, mAccsHeartbeatEnable=false, mPullUpEnable=true, mForePingEnable=false, mPingTimeout=0}
09-07 17:53:53.596 24457 24457 D NAccs.ACCSClient:  init config:AccsClientConfig{mAppKey='umeng:546d7dd7fd98c58fc800082c', mAppSecret='64e8358a59d434e5546720db97ab5996', mInappHost='umengacs.m.taobao.com', mChannelHost='umengjmacs.m.taobao.com', mStoreId='', mSecurity=2, mAuthCode='', mInappPubKey=11, mChannelPubKey=11, mKeepalive=true, mAutoUnit=false, mTag='default', mConfigEnv=0, mDisableChannel=false, mQuickReconnect=false, mAccsHeartbeatEnable=false, mPullUpEnable=false, mForePingEnable=false, mPingTimeout=0}
09-07 17:53:53.598 24457 24457 D UPush.Impl: appkey:546d7dd7fd98c58fc800082c secret:64e8358a59d434e5546720db97ab5996
09-07 17:53:53.601 24457 24597 I NAccs.TaobaoRegister:  register appKey:umeng:546d7dd7fd98c58fc800082c configTag:default
09-07 17:53:53.603 24457 24597 D NAccs.Config:  setAgooAppKey appkey:umeng:546d7dd7fd98c58fc800082c
09-07 17:53:53.603 24457 24597 D NAccs.Config:  setAgooMessageSecret secret:64e8358a59d434e5546720db97ab5996
09-07 17:53:53.606 24457 24597 D NAccs.ACCSManager:  getAccsInstance key:default|0
09-07 17:53:53.641 24457 24597 D NAccs.InAppConn_default:  new connection
09-07 17:53:53.649 24457 24597 I NAccs.Utils:  isMainProcess result:false
09-07 17:53:53.650 24457 24597 I NAccs.ACCSMgrImpl_default:  bindApp appKey:umeng:546d7dd7fd98c58fc800082c
09-07 17:53:53.654 24457 24457 D NetworkSecurityConfig: Using Network Security Config from resource g debugBuild: true
09-07 17:53:53.658 24070 24222 I CronetEngine: [thread_background]
09-07 17:53:53.658 24070 24222 I CronetEngine: url: https://app.uat.missevan.com/catalog/get-hot-sounds?catalog_id=108&page=1&page_size=18
09-07 17:53:53.658 24070 24222 I CronetEngine:  ip: 10.21.250.10
09-07 17:53:53.658 24070 24222 I CronetEngine:  hostResolverProvider:
09-07 17:53:53.658 24070 24222 I CronetEngine:  hostResolveIps: []
09-07 17:53:53.658 24070 24222 I CronetEngine:
09-07 17:53:53.660 24070 24335 I BLOG    : [RxCachedThreadScheduler-6] HTTP request: [2022-09-07T09:53:53.493Z] GET https://app.uat.missevan.com/catalog/get-hot-sounds?catalog_id=108&page=1&page_size=18 200 161ms 0
09-07 17:53:53.664 24457 24597 D NAccs.UtilityImpl:  enableService comptName:ComponentInfo{cn.missevan/com.taobao.accs.ChannelService}
09-07 17:53:53.469  1710  2176 I chatty  : uid=1000(system) AutobacklightTh identical 7 lines
09-07 17:53:53.664  1710  3776 W PackageManager: setEnabledSetting  packageName:cn.missevan className:com.taobao.accs.ChannelService newState:1 userId:0 callingPackage:null
09-07 17:53:53.665 24457 24457 W .missevan:stat: Accessing hidden method Ldalvik/system/CloseGuard;->get()Ldalvik/system/CloseGuard; (light greylist, reflection)
09-07 17:53:53.665 24457 24457 W .missevan:stat: Accessing hidden method Ldalvik/system/CloseGuard;->open(Ljava/lang/String;)V (light greylist, reflection)
09-07 17:53:53.665 24457 24457 W .missevan:stat: Accessing hidden method Ldalvik/system/CloseGuard;->warnIfOpen()V (light greylist, reflection)
09-07 17:53:53.666 24457 24598 D NAccs.FileCheckUtils:  st.getAvailableBlocks()=2233194,st.getAvailableBlocks() * blockSize=9147162624
09-07 17:53:53.672 24070 24222 I CronetEngine: [thread_background]
09-07 17:53:53.672 24070 24222 I CronetEngine: url: https://app.uat.missevan.com/site/tab-icons?tab_id=102
09-07 17:53:53.672 24070 24222 I CronetEngine:  ip: 10.21.250.10
09-07 17:53:53.672 24070 24222 I CronetEngine:  hostResolverProvider:
09-07 17:53:53.672 24070 24222 I CronetEngine:  hostResolveIps: []
09-07 17:53:53.672 24070 24222 I CronetEngine:
09-07 17:53:53.675 24070 24205 I BLOG    : [RxCachedThreadScheduler-1] HTTP request: [2022-09-07T09:53:53.495Z] GET https://app.uat.missevan.com/site/tab-icons?tab_id=102 200 174ms 0
09-07 17:53:53.685 24457 24597 W NAccs.ACCSMgrImpl_default:  bindApp only allow in main process
09-07 17:53:53.686 24070 24070 W ViewPager2Helper: [main] ReplaceSnapHelper success
09-07 17:53:53.693 24070 24070 I Banner  : [main] banner resume loop
09-07 17:53:53.695 24070 24070 I chatty  : uid=10612(cn.missevan) identical 30 lines
09-07 17:53:53.731 24070 24387 I chatty  : uid=10612(cn.missevan) glide-disk-cach expire 1 line
09-07 17:53:53.733 24070 24221 I chatty  : uid=10612(cn.missevan) RxCachedThreadS expire 1 line
09-07 17:53:53.739 24070 24222 I chatty  : uid=10612(cn.missevan) thread_backgrou expire 1 line
09-07 17:53:53.743 24457 24457 I chatty  : uid=10612 cn.missevan:stats expire 1 line
09-07 17:53:53.745 24070 24387 I chatty  : uid=10612(cn.missevan) glide-disk-cach expire 2 lines
09-07 17:53:53.755 24457 24457 I chatty  : uid=10612 cn.missevan:stats expire 1 line
09-07 17:53:53.763 24457 24457 W LaserActionExecutor: [main] actionClass map is null
09-07 17:53:53.770 24070 24387 D FreeFlowUtils: [glide-disk-cache-thread-0] Origin url: http://static-test.maoercdn.com/system/app/icons/normal/06843a8b478e94f26366ef99cab6cf1b.png, free flow url: http://static-test.maoercdn.com/system/app/icons/normal/06843a8b478e94f26366ef99cab6cf1b.png
09-07 17:53:53.783 24070 24387 D FreeFlowUtils: [glide-disk-cache-thread-0] Origin url: http://static-test.maoercdn.com/system/app/icons/normal/068f262eb1fc8e89f1013ee7e2106453.png, free flow url: http://static-test.maoercdn.com/system/app/icons/normal/068f262eb1fc8e89f1013ee7e2106453.png
09-07 17:53:53.784 24457 24457 V HotfixPatchListener: [main] application maxMemory:256
09-07 17:53:53.795 24070 24387 D FreeFlowUtils: [glide-disk-cache-thread-0] Origin url: http://static-test.maoercdn.com/system/app/icons/normal/a367a7e8bd54949579c4a61707d83923.png, free flow url: http://static-test.maoercdn.com/system/app/icons/normal/a367a7e8bd54949579c4a61707d83923.png
09-07 17:53:53.797 24070 24070 W ViewPager2Helper: [main] ReplaceSnapHelper success
09-07 17:53:53.802 24070 24070 I Banner  : [main] banner resume loop
09-07 17:53:53.805 24070 24070 I Banner  : [main] banner resume loop
09-07 17:53:53.824 24457 24457 W Tinker.Tinker: [main] tinker patch directory: /data/user/0/cn.missevan/tinker
09-07 17:53:53.829 24457 24457 I Tinker.Tinker: [main] try to install tinker, isEnable: true, version: 1.9.14.10.4
09-07 17:53:53.831 24457 24457 I Tinker.TinkerLoadResult: [main] parseTinkerResult loadCode:-2, process name:cn.missevan:stats, main process:false, systemOTA:false, fingerPrint:vivo/PD1728/PD1728:9/PKQ1.180819.001/compiler07281740:user/release-keys, oatDir:null, useInterpretMode:false
09-07 17:53:53.833 24457 24457 W Tinker.TinkerLoadResult: [main] can't find patch file, is ok, just return
09-07 17:53:53.835 24457 24457 I Tinker.DefaultLoadReporter: [main] patch loadReporter onLoadResult: patch load result, path:/data/user/0/cn.missevan/tinker, code: -2, cost: 5ms
09-07 17:53:53.836 24457 24457 W Tinker.Tinker: [main] tinker load fail!
09-07 17:53:53.840 24457 24457 D Tinker.DefaultAppLike: [main] onTrimMemory level:5
09-07 17:53:53.856 24070 24222 I CronetEngine: [thread_background]
09-07 17:53:53.856 24070 24222 I CronetEngine: url: https://app.uat.missevan.com/catalog/sound-homepage?catalog_id=108
09-07 17:53:53.856 24070 24222 I CronetEngine:  ip: 10.21.250.10
09-07 17:53:53.856 24070 24222 I CronetEngine:  hostResolverProvider:
09-07 17:53:53.856 24070 24222 I CronetEngine:  hostResolveIps: []
09-07 17:53:53.856 24070 24222 I CronetEngine:
09-07 17:53:53.859 24070 24247 I BLOG    : [RxCachedThreadScheduler-4] HTTP request: [2022-09-07T09:53:53.500Z] GET https://app.uat.missevan.com/catalog/sound-homepage?catalog_id=108 200 353ms 0
09-07 17:53:53.861 24457 24457 D Tinker.TinkerLoader: [main] [PendingLog @ 2022-09-07 17:53:52.539] tryLoad test test
09-07 17:53:53.863 24457 24457 W Tinker.TinkerLoader: [main] [PendingLog @ 2022-09-07 17:53:52.543] tryLoadPatchFiles:patch dir not exist:/data/user/0/cn.missevan/tinker
09-07 17:53:53.865 24457 24457 D Tinker.DefaultAppLike: [main] [PendingLog @ 2022-09-07 17:53:52.613] onBaseContextAttached:
09-07 17:53:53.866 24457 24457 D Tinker.DefaultAppLike: [main] [PendingLog @ 2022-09-07 17:53:52.735] onCreate
09-07 17:53:53.890 24457 24603 I neuron.producer: [thread_report] Producer init with sn=28.
09-07 17:53:53.910 24457 24603 I neuron.statistics: [thread_report] Statistics init mobile stats ts=0, bytes=0.
09-07 17:53:53.915 24457 24603 I neuron.traffic: [thread_report] Traffic policy initial interval=3000, batchSize=120
09-07 17:53:53.947 24070 24387 D FreeFlowUtils: [glide-disk-cache-thread-0] Origin url: http://static-test.maoercdn.com/app/homepage/banners/202107/30/10af30afaa780b5e1b00a94a907a7344185724.jpg?x-oss-process=image/resize,w_996/format,webp, free flow url: http://static-test.maoercdn.com/app/homepage/banners/202107/30/10af30afaa780b5e1b00a94a907a7344185724.jpg?x-oss-process=image/resize,w_996/format,webp
09-07 17:53:53.960 24457 24603 W .missevan:stat: Accessing hidden field Ljava/nio/Buffer;->address:J (light greylist, reflection)
09-07 17:53:53.968 24070 24387 D FreeFlowUtils: [glide-disk-cache-thread-0] Origin url: http://static-test.maoercdn.com/app/homepage/banners/202204/08/d254381f4a8327848ba8c78eb192403e124941.jpeg?x-oss-process=image/resize,w_996/format,webp, free flow url: http://static-test.maoercdn.com/app/homepage/banners/202204/08/d254381f4a8327848ba8c78eb192403e124941.jpeg?x-oss-process=image/resize,w_996/format,webp
09-07 17:53:53.997 24070 24387 D FreeFlowUtils: [glide-disk-cache-thread-0] Origin url: http://static-test.maoercdn.com/coversmini/201409/13/caf7eedaeec9504142ed04a28e085b64164513.jpg?x-oss-process=image/resize,w_306/format,webp, free flow url: http://static-test.maoercdn.com/coversmini/201409/13/caf7eedaeec9504142ed04a28e085b64164513.jpg?x-oss-process=image/resize,w_306/format,webp
09-07 17:53:54.004 24070 24387 D FreeFlowUtils: [glide-disk-cache-thread-0] Origin url: http://static-test.maoercdn.com/coversmini/202112/13/abd802f46f1330393cbd311c7924b99c152110.png?x-oss-process=image/resize,w_306/format,webp, free flow url: http://static-test.maoercdn.com/coversmini/202112/13/abd802f46f1330393cbd311c7924b99c152110.png?x-oss-process=image/resize,w_306/format,webp
09-07 17:53:54.015 24070 24339 I OpenGLRenderer: Davey! duration=1055ms; Flags=0, IntendedVsync=143874758988207, Vsync=143875325654851, OldestInputEvent=9223372036854775807, NewestInputEvent=0, HandleInputStart=143875329075427, AnimationStart=143875329175479, PerformTraversalsStart=143875329601729, DrawStart=143875746503447, SyncQueued=143875783380114, SyncStart=143875783621676, IssueDrawCommandsStart=143875784248864, SwapBuffers=143875813898135, FrameCompleted=143875815135218, DequeueBufferDuration=245000, QueueBufferDuration=340000,
09-07 17:53:54.019 24070 24387 D FreeFlowUtils: [glide-disk-cache-thread-0] Origin url: http://static-test.maoercdn.com/coversmini/201409/13/c0f14cde5ce8dc0d6b89b3d15cbfe801182705.jpg?x-oss-process=image/resize,w_306/format,webp, free flow url: http://static-test.maoercdn.com/coversmini/201409/13/c0f14cde5ce8dc0d6b89b3d15cbfe801182705.jpg?x-oss-process=image/resize,w_306/format,webp
09-07 17:53:54.062 24070 24070 I PlayerServiceConnection: [main] Player connected by service connection.
09-07 17:53:54.066 24341 24365 I PlayerService: [Binder:24341_2] IPlayerService.Stub, registerEventListener callback, listener: cn.missevan.play.aidl.IPlayerServiceEventListener$Stub$Proxy@7082ecd
09-07 17:53:54.069 24070 24070 I NowPlayingFragmentVM: [main] Playing media changed: 0,
09-07 17:53:54.073 24070 24070 D PlayUtils: [main] reset playback position.
09-07 17:53:54.075 24070 24070 I NowPlayingFragmentVM: [main] PlayingViewModel playbackState onChanged  STATE_NONE, playbackSpeed = 1.0
09-07 17:53:54.076 24070 24070 W PlayUtils: [main] MediaBrowser connected. checkPosition = true
09-07 17:53:54.077 24070 24070 I NowPlayingFragmentVM: [main] MediaBrowser connected.
09-07 17:53:54.080 24070 24070 I PlayUtils: [main] onChildrenLoaded: parentId: /, null
09-07 17:53:54.086 24070 24070 I Choreographer: Skipped 32 frames!  The application may be doing too much work on its main thread.
09-07 17:53:54.097 24070 24222 I CronetEngine: [thread_background]
09-07 17:53:54.097 24070 24222 I CronetEngine: url: http://static-test.maoercdn.com/coversmini/201409/13/caf7eedaeec9504142ed04a28e085b64164513.jpg?x-oss-process=image/resize,w_306/format,webp
09-07 17:53:54.097 24070 24222 I CronetEngine:  ip: 117.27.226.222
09-07 17:53:54.097 24070 24222 I CronetEngine:  hostResolverProvider:
09-07 17:53:54.097 24070 24222 I CronetEngine:  hostResolveIps: []
09-07 17:53:54.097 24070 24222 I CronetEngine:
09-07 17:53:54.138 24070 24610 D webpbug : [io-pool-1-thread-0] Thread[io-pool-1-thread-0,5,main]
09-07 17:53:54.156 24070 24222 I CronetEngine: [thread_background]
09-07 17:53:54.156 24070 24222 I CronetEngine: url: http://static-test.maoercdn.com/coversmini/201409/13/c0f14cde5ce8dc0d6b89b3d15cbfe801182705.jpg?x-oss-process=image/resize,w_306/format,webp
09-07 17:53:54.156 24070 24222 I CronetEngine:  ip: 117.27.226.223
09-07 17:53:54.156 24070 24222 I CronetEngine:  hostResolverProvider:
09-07 17:53:54.156 24070 24222 I CronetEngine:  hostResolveIps: []
09-07 17:53:54.156 24070 24222 I CronetEngine:
09-07 17:53:54.159 24070 24070 D FreeFlowUtils: [main] Origin url: null, free flow url: null
09-07 17:53:54.167 24070 24070 D FreeFlowUtils: [main] Origin url: null, free flow url: null
09-07 17:53:54.169 24070 24070 D FreeFlowUtils: [main] Origin url: https://static-test.maoercdn.com/gifts/effects/noble/003.svga, free flow url: https://static-test.maoercdn.com/gifts/effects/noble/003.svga
09-07 17:53:54.170 24070 24070 D FreeFlowUtils: [main] Origin url: https://static-test.maoercdn.com/gifts/effects/noble/004.webp, free flow url: https://static-test.maoercdn.com/gifts/effects/noble/004.webp
09-07 17:53:54.171 24070 24070 D FreeFlowUtils: [main] Origin url: https://static-test.maoercdn.com/gifts/effects/noble/004.svga, free flow url: https://static-test.maoercdn.com/gifts/effects/noble/004.svga
09-07 17:53:54.171 24070 24222 I CronetEngine: [thread_background]
09-07 17:53:54.171 24070 24222 I CronetEngine: url: https://app.uat.missevan.com/discovery/list
09-07 17:53:54.171 24070 24222 I CronetEngine:  ip: 10.21.250.10
09-07 17:53:54.171 24070 24222 I CronetEngine:  hostResolverProvider:
09-07 17:53:54.171 24070 24222 I CronetEngine:  hostResolveIps: []
09-07 17:53:54.171 24070 24222 I CronetEngine:
09-07 17:53:54.172 24070 24070 D FreeFlowUtils: [main] Origin url: https://static-test.maoercdn.com/gifts/effects/noble/005.webp, free flow url: https://static-test.maoercdn.com/gifts/effects/noble/005.webp
09-07 17:53:54.173 24070 24070 D FreeFlowUtils: [main] Origin url: https://static-test.maoercdn.com/gifts/effects/noble/005.svga, free flow url: https://static-test.maoercdn.com/gifts/effects/noble/005.svga
09-07 17:53:54.174 24070 24070 D FreeFlowUtils: [main] Origin url: https://static-test.maoercdn.com/gifts/effects/noble/006.webp, free flow url: https://static-test.maoercdn.com/gifts/effects/noble/006.webp
09-07 17:53:54.175 24070 24583 I BLOG    : [RxCachedThreadScheduler-12] HTTP request: [2022-09-07T09:53:54.064Z] GET https://app.uat.missevan.com/discovery/list 200 104ms 0
09-07 17:53:54.175 24070 24070 D FreeFlowUtils: [main] Origin url: https://static-test.maoercdn.com/gifts/effects/noble/006.svga, free flow url: https://static-test.maoercdn.com/gifts/effects/noble/006.svga
09-07 17:53:54.177 24070 24070 D FreeFlowUtils: [main] Origin url: https://static-test.maoercdn.com/gifts/effects/noble/007.mp4, free flow url: https://static-test.maoercdn.com/gifts/effects/noble/007.mp4
09-07 17:53:54.178 24070 24070 D FreeFlowUtils: [main] Origin url: https://static-test.maoercdn.com/gifts/effects/noble/007.webp, free flow url: https://static-test.maoercdn.com/gifts/effects/noble/007.webp
09-07 17:53:54.179 24070 24070 D FreeFlowUtils: [main] Origin url: https://static-test.maoercdn.com/gifts/effects/noble/007.svga, free flow url: https://static-test.maoercdn.com/gifts/effects/noble/007.svga
09-07 17:53:54.307  2635  3033 E PowerMonitor: exception In sysProcTransDectect java.lang.NoSuchMethodException: vivoGetNetworkStatsUidDetailWithPackInfo [int]
09-07 17:53:54.308 24070 24387 D FreeFlowUtils: [glide-disk-cache-thread-0] Origin url: http://static-test.missevan.com/live/tags/icon/1615516623/004.png?x-oss-process=image/resize,w_60/format,webp, free flow url: http://static-test.missevan.com/live/tags/icon/1615516623/004.png?x-oss-process=image/resize,w_60/format,webp
09-07 17:53:54.331  2635  3033 V BigDataLog: noteWriteData which = 5
09-07 17:53:54.415 24070 24222 I CronetEngine: [thread_background]
09-07 17:53:54.415 24070 24222 I CronetEngine: url: http://static-test.missevan.com/live/tags/icon/1615516623/004.png?x-oss-process=image/resize,w_60/format,webp
09-07 17:53:54.415 24070 24222 I CronetEngine:  ip: 58.216.14.240
09-07 17:53:54.415 24070 24222 I CronetEngine:  hostResolverProvider: system
09-07 17:53:54.415 24070 24222 I CronetEngine:  hostResolveIps: ["58.216.14.240","117.21.229.239","58.216.14.243","117.21.229.242","101.89.125.241","58.216.14.238","101.89.125.240","117.21.229.244","117.21.229.241","58.216.14.241","58.216.14.244","58.216.14.239"]
09-07 17:53:54.415 24070 24222 I CronetEngine:
09-07 17:53:54.427 24070 24387 D FreeFlowUtils: [glide-disk-cache-thread-0] Origin url: https://static-test.maoercdn.com/avatars/202108/12/7226979211e2d17809c7ad58c089af06155402.jpg?x-oss-process=image/resize,w_105/format,webp, free flow url: https://static-test.maoercdn.com/avatars/202108/12/7226979211e2d17809c7ad58c089af06155402.jpg?x-oss-process=image/resize,w_105/format,webp
09-07 17:53:54.439 24070 24387 D FreeFlowUtils: [glide-disk-cache-thread-0] Origin url: https://static-test.maoercdn.com/avatars/202011/20/292c5784fa73e421774051062adf085b140550.jpg?x-oss-process=image/resize,w_105/format,webp, free flow url: https://static-test.maoercdn.com/avatars/202011/20/292c5784fa73e421774051062adf085b140550.jpg?x-oss-process=image/resize,w_105/format,webp
09-07 17:53:54.453 24070 24387 D FreeFlowUtils: [glide-disk-cache-thread-0] Origin url: https://static-test.maoercdn.com/avatars/202109/13/f8c3e0f78667d7eb3950170d394b37f8143524.jpg?x-oss-process=image/resize,w_105/format,webp, free flow url: https://static-test.maoercdn.com/avatars/202109/13/f8c3e0f78667d7eb3950170d394b37f8143524.jpg?x-oss-process=image/resize,w_105/format,webp
09-07 17:53:54.468 24070 24387 D FreeFlowUtils: [glide-disk-cache-thread-0] Origin url: https://static-test.maoercdn.com/avatars/202012/14/01be5a0548435f1eeb9536b1275bc521151915.png?x-oss-process=image/resize,w_105/format,webp, free flow url: https://static-test.maoercdn.com/avatars/202012/14/01be5a0548435f1eeb9536b1275bc521151915.png?x-oss-process=image/resize,w_105/format,webp
09-07 17:53:54.574 24070 24070 W Glide   : Load failed for http://static-test.maoercdn.com/coversmini/201409/13/caf7eedaeec9504142ed04a28e085b64164513.jpg with size [306x306]
09-07 17:53:54.574 24070 24070 W Glide   : class com.bumptech.glide.load.a.q: Failed to load resource
09-07 17:53:54.574 24070 24070 W Glide   : There was 1 root cause:
09-07 17:53:54.574 24070 24070 W Glide   : com.bumptech.glide.load.e(Not Found, status code: 404)
09-07 17:53:54.574 24070 24070 W Glide   :  call GlideException#logRootCauses(String) for more detail
09-07 17:53:54.574 24070 24070 W Glide   :   Cause (1 of 1): class com.bumptech.glide.load.a.q: Fetching data failed, class java.io.InputStream, REMOTE
09-07 17:53:54.574 24070 24070 W Glide   : There was 1 root cause:
09-07 17:53:54.574 24070 24070 W Glide   : com.bumptech.glide.load.e(Not Found, status code: 404)
09-07 17:53:54.574 24070 24070 W Glide   :  call GlideException#logRootCauses(String) for more detail
09-07 17:53:54.574 24070 24070 W Glide   :     Cause (1 of 1): class com.bumptech.glide.load.e: Not Found, status code: 404
09-07 17:53:54.574 24070 24070 I Glide   : Root cause (1 of 1)
09-07 17:53:54.574 24070 24070 I Glide   : com.bumptech.glide.load.e: Not Found, status code: 404
09-07 17:53:54.574 24070 24070 I Glide   : 	at com.bumptech.glide.integration.okhttp3.b.onResponse(SourceFile:71)
09-07 17:53:54.574 24070 24070 I Glide   : 	at okhttp3.ac$a.execute(SourceFile:221)
09-07 17:53:54.574 24070 24070 I Glide   : 	at okhttp3.internal.b.run(SourceFile:32)
09-07 17:53:54.574 24070 24070 I Glide   : 	at java.util.concurrent.ThreadPoolExecutor.runWorker(ThreadPoolExecutor.java:1167)
09-07 17:53:54.574 24070 24070 I Glide   : 	at java.util.concurrent.ThreadPoolExecutor$Worker.run(ThreadPoolExecutor.java:641)
09-07 17:53:54.574 24070 24070 I Glide   : 	at java.lang.Thread.run(Thread.java:764)
09-07 17:53:54.656 24070 24070 E BLOG    : [main] 移除成功
09-07 17:53:54.658 24070 24070 W Glide   : Load failed for http://static-test.maoercdn.com/coversmini/201409/13/c0f14cde5ce8dc0d6b89b3d15cbfe801182705.jpg with size [306x306]
09-07 17:53:54.658 24070 24070 W Glide   : class com.bumptech.glide.load.a.q: Failed to load resource
09-07 17:53:54.658 24070 24070 W Glide   : There was 1 root cause:
09-07 17:53:54.658 24070 24070 W Glide   : com.bumptech.glide.load.e(Not Found, status code: 404)
09-07 17:53:54.658 24070 24070 W Glide   :  call GlideException#logRootCauses(String) for more detail
09-07 17:53:54.658 24070 24070 W Glide   :   Cause (1 of 1): class com.bumptech.glide.load.a.q: Fetching data failed, class java.io.InputStream, REMOTE
09-07 17:53:54.658 24070 24070 W Glide   : There was 1 root cause:
09-07 17:53:54.658 24070 24070 W Glide   : com.bumptech.glide.load.e(Not Found, status code: 404)
09-07 17:53:54.658 24070 24070 W Glide   :  call GlideException#logRootCauses(String) for more detail
09-07 17:53:54.658 24070 24070 W Glide   :     Cause (1 of 1): class com.bumptech.glide.load.e: Not Found, status code: 404
09-07 17:53:54.659 24070 24070 I Glide   : Root cause (1 of 1)
09-07 17:53:54.659 24070 24070 I Glide   : com.bumptech.glide.load.e: Not Found, status code: 404
09-07 17:53:54.659 24070 24070 I Glide   : 	at com.bumptech.glide.integration.okhttp3.b.onResponse(SourceFile:71)
09-07 17:53:54.659 24070 24070 I Glide   : 	at okhttp3.ac$a.execute(SourceFile:221)
09-07 17:53:54.659 24070 24070 I Glide   : 	at okhttp3.internal.b.run(SourceFile:32)
09-07 17:53:54.659 24070 24070 I Glide   : 	at java.util.concurrent.ThreadPoolExecutor.runWorker(ThreadPoolExecutor.java:1167)
09-07 17:53:54.659 24070 24070 I Glide   : 	at java.util.concurrent.ThreadPoolExecutor$Worker.run(ThreadPoolExecutor.java:641)
09-07 17:53:54.659 24070 24070 I Glide   : 	at java.lang.Thread.run(Thread.java:764)
09-07 17:53:54.667 24070 24070 I MainFragment: [main] onPlaybackStateChanged: isPlaying = false, isHypnosis: false
09-07 17:53:54.711 24070 24387 D FreeFlowUtils: [glide-disk-cache-thread-0] Origin url: https://static-test.maoercdn.com/avatars/202011/20/292c5784fa73e421774051062adf085b140550.jpg?x-oss-process=image/resize,w_36/format,webp, free flow url: https://static-test.maoercdn.com/avatars/202011/20/292c5784fa73e421774051062adf085b140550.jpg?x-oss-process=image/resize,w_36/format,webp
09-07 17:53:54.733 24070 24387 D FreeFlowUtils: [glide-disk-cache-thread-0] Origin url: https://static-test.maoercdn.com/avatars/202109/13/f8c3e0f78667d7eb3950170d394b37f8143524.jpg?x-oss-process=image/resize,w_36/format,webp, free flow url: https://static-test.maoercdn.com/avatars/202109/13/f8c3e0f78667d7eb3950170d394b37f8143524.jpg?x-oss-process=image/resize,w_36/format,webp
09-07 17:53:54.746 24070 24070 W StaticLayout: maxLineHeight should not be -1.  maxLines:1 lineCount:1
09-07 17:53:54.747 24070 24070 W StaticLayout: maxLineHeight should not be -1.  maxLines:1 lineCount:1
09-07 17:53:54.776 24070 24387 D FreeFlowUtils: [glide-disk-cache-thread-0] Origin url: https://static-test.maoercdn.com/avatars/202112/30/957620e4b136d4affa6504574dfea5a9120327.png?x-oss-process=image/resize,w_36/format,webp, free flow url: https://static-test.maoercdn.com/avatars/202112/30/957620e4b136d4affa6504574dfea5a9120327.png?x-oss-process=image/resize,w_36/format,webp
09-07 17:53:54.796 24070 24387 D FreeFlowUtils: [glide-disk-cache-thread-0] Origin url: https://static-test.maoercdn.com/avatars/202105/18/aba9f052a26d29023febffb648a1ad1c172138.jpg?x-oss-process=image/resize,w_36/format,webp, free flow url: https://static-test.maoercdn.com/avatars/202105/18/aba9f052a26d29023febffb648a1ad1c172138.jpg?x-oss-process=image/resize,w_36/format,webp
09-07 17:53:54.809 24070 24070 W StaticLayout: maxLineHeight should not be -1.  maxLines:1 lineCount:1
09-07 17:53:54.813 24070 24070 W StaticLayout: maxLineHeight should not be -1.  maxLines:1 lineCount:1
09-07 17:53:54.832 24070 24387 D FreeFlowUtils: [glide-disk-cache-thread-0] Origin url: https://static-test.maoercdn.com/avatars/202107/22/3599190913f7cd87846334f462ca005f184726.jpg?x-oss-process=image/resize,w_36/format,webp, free flow url: https://static-test.maoercdn.com/avatars/202107/22/3599190913f7cd87846334f462ca005f184726.jpg?x-oss-process=image/resize,w_36/format,webp
09-07 17:53:54.851 24070 24387 D FreeFlowUtils: [glide-disk-cache-thread-0] Origin url: https://static-test.maoercdn.com/avatars/202003/25/6f50b405bbc6adae252708bf0a145278201625.jpeg?x-oss-process=image/resize,w_36/format,webp, free flow url: https://static-test.maoercdn.com/avatars/202003/25/6f50b405bbc6adae252708bf0a145278201625.jpeg?x-oss-process=image/resize,w_36/format,webp
09-07 17:53:54.857 24070 24070 W StaticLayout: maxLineHeight should not be -1.  maxLines:1 lineCount:1
09-07 17:53:54.860 24070 24070 W StaticLayout: maxLineHeight should not be -1.  maxLines:1 lineCount:1
09-07 17:53:54.885 24070 24387 D FreeFlowUtils: [glide-disk-cache-thread-0] Origin url: https://static-test.maoercdn.com/fmcovers/202010/13/2def8c29be703cc2520779dbdd78a2b9.jpg?x-oss-process=image/resize,w_477/format,webp, free flow url: https://static-test.maoercdn.com/fmcovers/202010/13/2def8c29be703cc2520779dbdd78a2b9.jpg?x-oss-process=image/resize,w_477/format,webp
09-07 17:53:54.904 24070 24387 D FreeFlowUtils: [glide-disk-cache-thread-0] Origin url: https://static-test.maoercdn.com/fmcovers/202109/09/71d520d78d3978f942e2e7a820ae6eff.jpg?x-oss-process=image/resize,w_477/format,webp, free flow url: https://static-test.maoercdn.com/fmcovers/202109/09/71d520d78d3978f942e2e7a820ae6eff.jpg?x-oss-process=image/resize,w_477/format,webp
09-07 17:53:54.917 24070 24152 D NAccs.InAppConn_default:  startChannelService
09-07 17:53:54.919 24070 24152 D NAccs.Config:  getAgooAppKey appkey:umeng:546d7dd7fd98c58fc800082c
09-07 17:53:54.921 24070 24152 I NAccs.a :  dispatchIntent bind service start intent:Intent { act=com.taobao.accs.intent.action.START_SERVICE cmp=cn.missevan/com.taobao.accs.ChannelService (has extras) }
09-07 17:53:54.924 24070 24387 D FreeFlowUtils: [glide-disk-cache-thread-0] Origin url: https://static-test.maoercdn.com/live/labelicon/livelist/lasthour01.png?x-oss-process=image/resize,w_360/format,webp, free flow url: https://static-test.maoercdn.com/live/labelicon/livelist/lasthour01.png?x-oss-process=image/resize,w_360/format,webp
09-07 17:53:54.756  1710  2176 I chatty  : uid=1000(system) AutobacklightTh identical 6 lines
09-07 17:53:54.934 24070 24152 D NAccs.AdapterGlobalClientInfo:  getAgooCustomServiceName serviceName:com.umeng.message.component.UmengIntentService
09-07 17:53:54.934 24070 24152 I NAccs.a :  dispatchIntent bind service start intent:Intent { act=org.agoo.android.intent.action.REPORT pkg=cn.missevan cmp=cn.missevan/com.umeng.message.component.UmengIntentService }
09-07 17:53:54.940 24070 24387 D FreeFlowUtils: [glide-disk-cache-thread-0] Origin url: http://static-test.missevan.com/avatars/icon01.png?x-oss-process=image/resize,w_477/format,webp, free flow url: http://static-test.missevan.com/avatars/icon01.png?x-oss-process=image/resize,w_477/format,webp
09-07 17:53:54.956 24070 24387 D FreeFlowUtils: [glide-disk-cache-thread-0] Origin url: https://static-test.maoercdn.com/fmcovers/202205/17/772c186821c34757c3a1e570d3548aef.jpg?x-oss-process=image/resize,w_477/format,webp, free flow url: https://static-test.maoercdn.com/fmcovers/202205/17/772c186821c34757c3a1e570d3548aef.jpg?x-oss-process=image/resize,w_477/format,webp
09-07 17:53:54.959  1710  1841 I ActivityManager: Start proc 24616:cn.missevan:channel/u0a612 for service cn.missevan/com.taobao.accs.ChannelService
09-07 17:53:54.967 24616 24616 I issevan:channe: Late-enabling -Xcheck:jni
09-07 17:53:54.984 24070 24387 D FreeFlowUtils: [glide-disk-cache-thread-0] Origin url: https://static-test.maoercdn.com/fmcovers/202206/28/928e19a24eec866ec30f52998c70e6e2.jpg?x-oss-process=image/resize,w_477/format,webp, free flow url: https://static-test.maoercdn.com/fmcovers/202206/28/928e19a24eec866ec30f52998c70e6e2.jpg?x-oss-process=image/resize,w_477/format,webp
09-07 17:53:55.001 24070 24070 W StaticLayout: maxLineHeight should not be -1.  maxLines:1 lineCount:1
09-07 17:53:55.001 24070 24387 D FreeFlowUtils: [glide-disk-cache-thread-0] Origin url: https://static-test.maoercdn.com/avatars/icon01.png?x-oss-process=image/resize,w_477/format,webp, free flow url: https://static-test.maoercdn.com/avatars/icon01.png?x-oss-process=image/resize,w_477/format,webp
09-07 17:53:55.015 24070 24387 D FreeFlowUtils: [glide-disk-cache-thread-0] Origin url: http://static.missevan.com/mimages/201912/31/097104de56b5514ce0738d09ba97f00f203614.jpg?x-oss-process=image/resize,w_996/format,webp, free flow url: http://static.missevan.com/mimages/201912/31/097104de56b5514ce0738d09ba97f00f203614.jpg?x-oss-process=image/resize,w_996/format,webp
09-07 17:53:55.048 24070 24387 D FreeFlowUtils: [glide-disk-cache-thread-0] Origin url: https://static-test.maoercdn.com/mimagesmini/202103/23/fb0c0d0b3061d24e3828fd7c49d918df155242.png?x-oss-process=image/resize,w_996/format,webp, free flow url: https://static-test.maoercdn.com/mimagesmini/202103/23/fb0c0d0b3061d24e3828fd7c49d918df155242.png?x-oss-process=image/resize,w_996/format,webp
09-07 17:53:55.061   718   718 I chatty  : uid=1000(system) /system/bin/surfaceflinger expire 10 lines
09-07 17:53:55.088 24070 24387 D FreeFlowUtils: [glide-disk-cache-thread-0] Origin url: https://static-test.missevan.com/mimages/202107/08/90a786846445482a0786fbf9e07e9d47115205.png?x-oss-process=image/resize,w_996/format,webp, free flow url: https://static-test.missevan.com/mimages/202107/08/90a786846445482a0786fbf9e07e9d47115205.png?x-oss-process=image/resize,w_996/format,webp
09-07 17:53:55.094 24616 24616 I issevan:channe: The ClassLoaderContext is a special shared library.
09-07 17:53:55.113 24070 24081 I cn.missevan: NativeAlloc concurrent copying GC freed 117886(8MB) AllocSpace objects, 79(12MB) LOS objects, 49% free, 24MB/48MB, paused 290us total 157.456ms
09-07 17:53:55.168 24070 24070 I Banner  : [main] banner pause loop
09-07 17:53:55.173 24070 24070 I Banner  : [main] banner pause loop
09-07 17:53:55.177 24070 24070 I Banner  : [main] banner resume loop
09-07 17:53:55.180 24070 24070 I Banner  : [main] banner resume loop
09-07 17:53:55.204 24070 24387 D FreeFlowUtils: [glide-disk-cache-thread-0] Origin url: http://static-test.maoercdn.com/system/app/icons/normal/047f8a0081d2742fbc4fea4cb327cb22.webp, free flow url: http://static-test.maoercdn.com/system/app/icons/normal/047f8a0081d2742fbc4fea4cb327cb22.webp
09-07 17:53:55.204  2713  3513 I chatty  : uid=1000(system) Timer-0 expire 10 lines
09-07 17:53:55.226 24070 24387 D FreeFlowUtils: [glide-disk-cache-thread-0] Origin url: http://static-test.maoercdn.com/system/app/icons/normal/d466f96b9ce1a5ff78f3b1fe3ddbf503.png, free flow url: http://static-test.maoercdn.com/system/app/icons/normal/d466f96b9ce1a5ff78f3b1fe3ddbf503.png
09-07 17:53:55.243 24070 24387 D FreeFlowUtils: [glide-disk-cache-thread-0] Origin url: http://static-test.maoercdn.com/system/app/icons/normal/75944bd74b1273cd5a15ebec3cd01322.png, free flow url: http://static-test.maoercdn.com/system/app/icons/normal/75944bd74b1273cd5a15ebec3cd01322.png
09-07 17:53:55.257 24070 24387 D FreeFlowUtils: [glide-disk-cache-thread-0] Origin url: http://static-test.maoercdn.com/system/app/icons/normal/06843a8b478e94f26366ef99cab6cf1b.png, free flow url: http://static-test.maoercdn.com/system/app/icons/normal/06843a8b478e94f26366ef99cab6cf1b.png
09-07 17:53:55.257 24070 24070 I Banner  : [main] banner resume loop
09-07 17:53:55.260 24070 24070 I Banner  : [main] banner resume loop
09-07 17:53:55.275 24070 24387 D FreeFlowUtils: [glide-disk-cache-thread-0] Origin url: http://static-test.maoercdn.com/system/app/icons/normal/068f262eb1fc8e89f1013ee7e2106453.png, free flow url: http://static-test.maoercdn.com/system/app/icons/normal/068f262eb1fc8e89f1013ee7e2106453.png
09-07 17:53:55.288 24070 24387 D FreeFlowUtils: [glide-disk-cache-thread-0] Origin url: http://static-test.maoercdn.com/system/app/icons/normal/a367a7e8bd54949579c4a61707d83923.png, free flow url: http://static-test.maoercdn.com/system/app/icons/normal/a367a7e8bd54949579c4a61707d83923.png
09-07 17:53:55.298 24070 24387 D FreeFlowUtils: [glide-disk-cache-thread-0] Origin url: http://static-test.maoercdn.com/coversmini/201409/13/caf7eedaeec9504142ed04a28e085b64164513.jpg?x-oss-process=image/resize,w_306/format,webp, free flow url: http://static-test.maoercdn.com/coversmini/201409/13/caf7eedaeec9504142ed04a28e085b64164513.jpg?x-oss-process=image/resize,w_306/format,webp
09-07 17:53:55.303 24070 24387 D FreeFlowUtils: [glide-disk-cache-thread-0] Origin url: http://static-test.maoercdn.com/coversmini/201409/13/9cdbc494f1212df0fcaf95c5b1628b87175520.jpg?x-oss-process=image/resize,w_306/format,webp, free flow url: http://static-test.maoercdn.com/coversmini/201409/13/9cdbc494f1212df0fcaf95c5b1628b87175520.jpg?x-oss-process=image/resize,w_306/format,webp
09-07 17:53:55.311 24070 24387 D FreeFlowUtils: [glide-disk-cache-thread-0] Origin url: http://static-test.maoercdn.com/coversmini/201409/13/c0f14cde5ce8dc0d6b89b3d15cbfe801182705.jpg?x-oss-process=image/resize,w_306/format,webp, free flow url: http://static-test.maoercdn.com/coversmini/201409/13/c0f14cde5ce8dc0d6b89b3d15cbfe801182705.jpg?x-oss-process=image/resize,w_306/format,webp
09-07 17:53:55.322 24070 24387 D FreeFlowUtils: [glide-disk-cache-thread-0] Origin url: http://static-test.maoercdn.com/app/catalog/icon/46.png?x-oss-process=image/resize,w_120/format,webp, free flow url: http://static-test.maoercdn.com/app/catalog/icon/46.png?x-oss-process=image/resize,w_120/format,webp
09-07 17:53:55.335 24070 24387 D FreeFlowUtils: [glide-disk-cache-thread-0] Origin url: http://static-test.maoercdn.com/app/catalog/icon/5.png?x-oss-process=image/resize,w_120/format,webp, free flow url: http://static-test.maoercdn.com/app/catalog/icon/5.png?x-oss-process=image/resize,w_120/format,webp
09-07 17:53:55.345 24070 24387 D FreeFlowUtils: [glide-disk-cache-thread-0] Origin url: http://static-test.maoercdn.com/app/catalog/icon/8.png?x-oss-process=image/resize,w_120/format,webp, free flow url: http://static-test.maoercdn.com/app/catalog/icon/8.png?x-oss-process=image/resize,w_120/format,webp
09-07 17:53:55.355 24070 24387 D FreeFlowUtils: [glide-disk-cache-thread-0] Origin url: http://static-test.maoercdn.com/app/catalog/icon/108.png?x-oss-process=image/resize,w_120/format,webp, free flow url: http://static-test.maoercdn.com/app/catalog/icon/108.png?x-oss-process=image/resize,w_120/format,webp
09-07 17:53:55.366 24070 24387 D FreeFlowUtils: [glide-disk-cache-thread-0] Origin url: http://static-test.maoercdn.com/app/catalog/icon/26.png?x-oss-process=image/resize,w_120/format,webp, free flow url: http://static-test.maoercdn.com/app/catalog/icon/26.png?x-oss-process=image/resize,w_120/format,webp
09-07 17:53:55.372 24070 24222 I CronetEngine: [thread_background]
09-07 17:53:55.372 24070 24222 I CronetEngine: url: http://static-test.maoercdn.com/coversmini/201409/13/caf7eedaeec9504142ed04a28e085b64164513.jpg?x-oss-process=image/resize,w_306/format,webp
09-07 17:53:55.372 24070 24222 I CronetEngine:  ip: 117.27.226.223
09-07 17:53:55.372 24070 24222 I CronetEngine:  hostResolverProvider:
09-07 17:53:55.372 24070 24222 I CronetEngine:  hostResolveIps: []
09-07 17:53:55.372 24070 24222 I CronetEngine:
09-07 17:53:55.374 24070 24387 D FreeFlowUtils: [glide-disk-cache-thread-0] Origin url: http://static-test.maoercdn.com/app/catalog/icon/41.png?x-oss-process=image/resize,w_120/format,webp, free flow url: http://static-test.maoercdn.com/app/catalog/icon/41.png?x-oss-process=image/resize,w_120/format,webp
09-07 17:53:55.383 24070 24387 D FreeFlowUtils: [glide-disk-cache-thread-0] Origin url: http://static-test.maoercdn.com/app/catalog/icon/6.png?x-oss-process=image/resize,w_120/format,webp, free flow url: http://static-test.maoercdn.com/app/catalog/icon/6.png?x-oss-process=image/resize,w_120/format,webp
09-07 17:53:55.388  2389  2389 D KeyguardUpdateMonitor: received broadcast android.intent.action.BATTERY_CHANGED
09-07 17:53:55.389  2762  2762 D QtiCarrierConfigHelper: WARNING, no carrier configs on phone Id: 0
09-07 17:53:55.390  1710  5524 I chatty  : uid=1000(system) IzatProvider expire 11 lines
09-07 17:53:55.390  2713  3240 I chatty  : uid=1000(system) NightPearlSubTh expire 15 lines
09-07 17:53:55.391   693   693 V LocSvc_HIDL_IzatSubscription: [batteryLevelUpdate][777] [HS] <<<<= [HC]
09-07 17:53:55.392  2389  2389 D KeyguardUpdateMonitor: handleBatteryUpdate
09-07 17:53:55.392  2713  2713 I chatty  : uid=1000(system) com.vivo.daemonService expire 22 lines
09-07 17:53:55.393 24070 24222 I CronetEngine: [thread_background]
09-07 17:53:55.393 24070 24222 I CronetEngine: url: http://static-test.maoercdn.com/coversmini/201409/13/c0f14cde5ce8dc0d6b89b3d15cbfe801182705.jpg?x-oss-process=image/resize,w_306/format,webp
09-07 17:53:55.393 24070 24222 I CronetEngine:  ip: 117.27.226.223
09-07 17:53:55.393 24070 24222 I CronetEngine:  hostResolverProvider: ali
09-07 17:53:55.393 24070 24222 I CronetEngine:  hostResolveIps: ["117.27.226.223","117.27.226.221","117.27.226.225","117.27.226.219","117.27.226.224","117.27.226.222","117.27.226.220","117.27.226.218"]
09-07 17:53:55.393 24070 24222 I CronetEngine:
09-07 17:53:55.404 24070 24387 D FreeFlowUtils: [glide-disk-cache-thread-0] Origin url: http://static-test.maoercdn.com/app/catalog/icon/65.png?x-oss-process=image/resize,w_120/format,webp, free flow url: http://static-test.maoercdn.com/app/catalog/icon/65.png?x-oss-process=image/resize,w_120/format,webp
09-07 17:53:55.406  8163 11673 I ThreadPool.Execute: [:11673, ]:<<< com.tencent.matrix.c.c$3$$ExternalSyntheticLambda3@31469228 state=COMPLETE cost=8ms/2ms HotPool start@=1662544435397ms delay=0ms run@=1662544435397
09-07 17:53:55.406 27410 25258 I ThreadPool.Execute: [:25258, ]:<<< com.tencent.matrix.c.c$3$$ExternalSyntheticLambda3@117298705 state=COMPLETE cost=6ms/3ms HotPool start@=1662544435398ms delay=0ms run@=1662544435399
