09-07 17:53:50.316  5354  5957 W Avrcp_ext: Browse Player killed OR not launched yet !!!!
09-07 17:53:50.316  5354  5957 D PlaybackState: setState position:-1
09-07 17:53:50.316  5354  5957 V Avrcp_ext: updateCurrentMediaState: mMediaController: MediaController (cn.missevan@8723412) null
09-07 17:53:50.316  5354  5957 V Avrcp_ext: isMusicActive: true getBluetoothPlayState: 0
09-07 17:53:50.317 24254 24254 I Player.BBPlayer: [main] init
09-07 17:53:50.319  5354  5957 D Avrcp_ext: updateCurrentMediaState: playState is null, mAudioManagerIsPlaying=false, isMusicActive=true
09-07 17:53:50.319  5354  5957 V Avrcp_ext: updateCurrentMediaState: get media attributes:
09-07 17:53:50.321  5354  5957 W Avrcp_ext: playState object null, sending STOPPED
09-07 17:53:50.321  5354  5957 I Avrcp_ext: Skipping update due to invalid playback state
09-07 17:53:50.321  5354  5957 V Avrcp_ext: updatePlaybackState, state: null device: null
09-07 17:53:50.321  5354  5957 V Avrcp_ext: Device: no name:
09-07 17:53:50.321  5354  5957 V Avrcp_ext: Device: no name:
09-07 17:53:50.321  5354  5957 V Avrcp_ext: updatePlayerStateAndPosition, old=PlaybackState {state=0, position=0, buffered position=0, speed=0.0, updated=0, actions=2363190, custom actions=[], active item id=-1, error=null}, state=null
09-07 17:53:50.321  5354  5957 I Avrcp_ext: updatePlayerStateAndPosition: device: state = null
09-07 17:53:50.327 24254 24254 I @@@BBPLOG: Info TD3176548 CPlayMain L99 BPSDK 3.0.0.218, 17:57:18 Sep  1 2022. CPU: ARMV8. OS
09-07 17:53:50.353 24070 24136 W cn.missevan: resources.arsc in APK '/data/app/com.tencent.android.qqdownloader-tiA7pmtJ4sNmo61aHAjtvw==/base.apk' is compressed.
09-07 17:53:50.409 24254 24477 W van:player.mai: Accessing hidden field Lsun/misc/Unsafe;->theUnsafe:Lsun/misc/Unsafe; (light greylist, reflection)
09-07 17:53:50.513   716   917 V AudioFlinger: presentationComplete() mPresentationCompleteFrames 0 framesWritten 60480
09-07 17:53:50.513   716   917 V AudioFlinger: presentationComplete() reset: mPresentationCompleteFrames 64320 audioHalFrames 3840
09-07 17:53:50.521 24341 24341 W missevan:playe: Accessing hidden method Landroid/app/ActivityThread;->currentApplication()Landroid/app/Application; (light greylist, linking)
09-07 17:53:50.524   716   917 V AudioFlinger: presentationComplete() mPresentationCompleteFrames 64320 framesWritten 60480
09-07 17:53:50.533   716   917 V AudioFlinger: presentationComplete() mPresentationCompleteFrames 64320 framesWritten 61440
09-07 17:53:50.544   716   917 V AudioFlinger: presentationComplete() mPresentationCompleteFrames 64320 framesWritten 61440
09-07 17:53:50.553   716   917 V AudioFlinger: presentationComplete() mPresentationCompleteFrames 64320 framesWritten 62400
09-07 17:53:50.564   716   917 V AudioFlinger: presentationComplete() mPresentationCompleteFrames 64320 framesWritten 62400
09-07 17:53:50.574   716   917 V AudioFlinger: presentationComplete() mPresentationCompleteFrames 64320 framesWritten 63360
09-07 17:53:50.584   716   917 V AudioFlinger: presentationComplete() mPresentationCompleteFrames 64320 framesWritten 63360
09-07 17:53:50.593   716   917 V AudioFlinger: presentationComplete() mPresentationCompleteFrames 64320 framesWritten 64320
09-07 17:53:50.594 24254 24254 I okhttp.cronet.httpdns: [main] OkHttp cronet native httpdns enabled.
09-07 17:53:50.595 24254 24254 D CronetEngine: [main] cronet httpdns open!
09-07 17:53:50.595 24254 24254 D CronetEngine:  configure dns ips: [203.107.1.65, 203.107.1.34, 203.107.1.66, 203.107.1.33]
09-07 17:53:50.604   716   917 V AudioFlinger: presentationComplete() mPresentationCompleteFrames 64320 framesWritten 64320
09-07 17:53:50.613   716   917 V AudioFlinger: presentationComplete() mPresentationCompleteFrames 64320 framesWritten 65280
09-07 17:53:50.614 24070 24406 I MediaCodec: flush
09-07 17:53:50.617 24070 24070 I ExoPlayerImpl: Release ea9da9e [ExoPlayerLib/2.17.1] [PD1728, vivo X21A, vivo, 28] [goog.exo.core, goog.exo.exoplayer, goog.exo.decoder, goog.exo.datasource, goog.exo.extractor]
09-07 17:53:50.619 24070 24406 I MediaCodec: release
09-07 17:53:50.620   716  8224 V AudioFlinger: flush(1)
09-07 17:53:50.620   716  8224 V AudioFlinger: -FlushShareBuffer 1
09-07 17:53:50.620   716   917 D AudioFlinger: enforc flush
09-07 17:53:50.620 24070 24424 I MediaCodec: kWhatStop or kWhatRelease
09-07 17:53:50.620 24070 24424 I ACodec  : initiateShutdown kWhatReleaseCodecInstance
09-07 17:53:50.620   716   917 V AudioFlinger: presentationComplete() mPresentationCompleteFrames 64320 framesWritten 65280
09-07 17:53:50.620 24070 24495 V PlayerBase: baseStop() piid=1415
09-07 17:53:50.620 24070 24495 W PlayerBase: baseStop state not match:4
09-07 17:53:50.621 24070 24495 V PlayerBase: baseRelease() piid=1415 state=4
09-07 17:53:50.621 24070 24495 W PlayerBase: baseStop state not match:0
09-07 17:53:50.622  2704  3011 D AudioManager: dispatching onPlaybackConfigChanged()
09-07 17:53:50.622  2704  2704 D AudioManager: dispatching onPlaybackConfigChanged()
09-07 17:53:50.622  5354  5957 D AudioManager: dispatching onPlaybackConfigChanged()
09-07 17:53:50.622  5354  5957 D Avrcp_ext: AudioManager Player: ID:23 -- type:android.media.SoundPool -- u/pid:10018/2389 -- state:idle -- attr:AudioAttributes: usage=USAGE_ASSISTANCE_SONIFICATION content=CONTENT_TYPE_SONIFICATION flags=0x0 tags= bundle=null
09-07 17:53:50.622  5354  5957 D Avrcp_ext: AudioManager Player: ID:967 -- type:android.media.MediaPlayer -- u/pid:10079/26688 -- state:idle -- attr:AudioAttributes: usage=USAGE_UNKNOWN content=CONTENT_TYPE_UNKNOWN flags=0x0 tags= bundle=null
09-07 17:53:50.622  5354  5957 D Avrcp_ext: AudioManager Player: ID:15 -- type:android.media.SoundPool -- u/pid:1000/1710 -- state:idle -- attr:AudioAttributes: usage=USAGE_ASSISTANCE_SONIFICATION content=CONTENT_TYPE_SONIFICATION flags=0x0 tags= bundle=null
09-07 17:53:50.622  5354  5957 D Avrcp_ext: AudioManager Player: ID:31 -- type:android.media.SoundPool -- u/pid:1000/2713 -- state:idle -- attr:AudioAttributes: usage=USAGE_NOTIFICATION content=CONTENT_TYPE_SONIFICATION flags=0x0 tags= bundle=null
09-07 17:53:50.622  5354  5957 D Avrcp_ext: AudioManager Player: ID:1071 -- type:android.media.MediaPlayer -- u/pid:10018/2389 -- state:stopped -- attr:AudioAttributes: usage=USAGE_NOTIFICATION content=CONTENT_TYPE_SONIFICATION flags=0x0 tags= bundle=null
09-07 17:53:50.622  5354  5957 D Avrcp_ext: AudioManager isPlaying: false
09-07 17:53:50.622 24070 24495 V AudioTrack: ~AudioTrack, releasing session id 2785 from 24070 on behalf of 24070
09-07 17:53:50.623   716 23466 V AudioFlinger: releasing 2785 from 24070 for 24070
09-07 17:53:50.623   716 23466 V AudioFlinger:  decremented refcount to 0
09-07 17:53:50.623   716 23466 V AudioFlinger: purging stale effects
09-07 17:53:50.626 24070 24406 I MediaCodec: ~MediaCodec
09-07 17:53:50.633   716   917 V AudioFlinger: presentationComplete() mPresentationCompleteFrames 64320 framesWritten 66240
09-07 17:53:50.633   716   917 D AudioFlinger: Track reset ....
09-07 17:53:50.633   716   917 D BufferProvider: setBufferProvider(0x0): mTrackBufferProvider:0xdb8d2c00  mBuffer.frameCount:0
09-07 17:53:50.634   716   917 V AudioFlinger: removeTracks_l removing track on session 2785
09-07 17:53:50.634   716   917 D AudioFlinger: updateWakeLockUids_l AudioOut_D uids:
09-07 17:53:50.634   716   917 V AudioFlinger: updateWakeLockUids_l() AudioOut_D status 0
09-07 17:53:50.643 24341 24496 D SentryLog: [pool-3-thread-1] SU isn't found on this Device.
09-07 17:53:50.632   716   716 W ApmOutput: type=1400 audit(0.0:63481): avc: denied { search } for name="bbkcore" dev="dm-1" ino=2359297 scontext=u:r:audioserver:s0 tcontext=u:object_r:vivo_data_file:s0 tclass=dir permissive=0
09-07 17:53:50.645   716   917 D AudioFlinger: stopOutput_POM , POM_id:24070
09-07 17:53:50.645   716   917 V AudioPolicyService: AudioCommandThread() adding stop output 13
09-07 17:53:50.645   716   917 V AudioPolicyService: inserting command: 6 at index 0, num commands 0
09-07 17:53:50.645   716   917 V AudioPolicyService: AudioCommandThread() adding release output 13
09-07 17:53:50.645   716   917 V AudioPolicyService: inserting command: 7 at index 1, num commands 1
09-07 17:53:50.645   716   917 V AudioFlinger: PlaybackThread::Track destructor
09-07 17:53:50.645   716   908 V AudioPolicyService: AudioCommandThread() processing stop output 13
09-07 17:53:50.645   716   908 D AudioPolicyManagerCustom: stopOutput_POM, output:13, stream:3, session:2785, pom_id:24070
09-07 17:53:50.645   716   908 I APM::AudioPolicyEngine: remove pom records for 24070.
09-07 17:53:50.645   716   908 I APM::AudioPolicyEngine: ###### POM Stack0:  0 0 1
09-07 17:53:50.645   716   908 V APM_AudioPolicyManager: stopOutput() output 13, stream 3, session 2785
09-07 17:53:50.645   716   908 D AudioPolicyManagerCustom: stopOutput isCallPOMStateChange :0, refCount:1
09-07 17:53:50.645   716   917 V AudioFlinger: removeClient_l() pid 24070, calling pid 716
09-07 17:53:50.645   716   908 V APM_AudioPolicyManager: getNewOutputDevice() selected device 0
09-07 17:53:50.645   716   908 V APM_AudioPolicyManager: setOutputDevice() device 0000 delayMs 160
09-07 17:53:50.645   716   908 V APM_AudioPolicyManager: setOutputDevice() prevDevice 0x0002
09-07 17:53:50.645   716   908 V APM::AudioPolicyEngine: getDeviceForStrategy() strategy 0, device 2
09-07 17:53:50.645   716   908 V APM::AudioPolicyEngine: getDeviceForStrategy() strategy 1, device 1
09-07 17:53:50.645   716   908 V APM::AudioPolicyEngine: getDeviceForStrategy() strategy 2, device 2
09-07 17:53:50.645   716   908 V APM::AudioPolicyEngine: getDeviceForStrategy() strategy 0, device 2
09-07 17:53:50.645   716   908 V APM::AudioPolicyEngine: getDeviceForStrategy() strategy 3, device 2
09-07 17:53:50.645   716   908 V APM::AudioPolicyEngine: getDeviceForStrategy() strategy 0, device 2
09-07 17:53:50.645   716   908 V APM::AudioPolicyEngine: getDeviceForStrategy() strategy 4, device 2
09-07 17:53:50.645   716   908 V APM::AudioPolicyEngine: getDeviceForStrategy() strategy 5, device 2
09-07 17:53:50.645   716   908 V APM::AudioPolicyEngine: getDeviceForStrategy() strategy 6, device 2
09-07 17:53:50.645   716   908 V APM::AudioPolicyEngine: getDeviceForStrategy() strategy 7, device 2
09-07 17:53:50.645   716   908 V APM::AudioPolicyEngine: getDeviceForStrategy() strategy 8, device 2
09-07 17:53:50.645   716   908 V APM::AudioPolicyEngine: getDeviceForStrategy() strategy 9, device 2
09-07 17:53:50.645   716   908 V APM_AudioPolicyManager: setOutputDevice() setting same device 0x0000 or null device
09-07 17:53:50.645   716   908 V APM::AudioPolicyEngine: getDeviceForStrategy() strategy 0, device 2
09-07 17:53:50.645   716   917 D BufferProvider: ~CopyBufferProvider(0xe4d1a410) 0 0x0 0xe28ec800
09-07 17:53:50.645   716   908 V APM::AudioPolicyEngine: getDeviceForStrategy() strategy 3, device 2
09-07 17:53:50.645   716   908 V AudioPolicyManagerCustom: checkOutputForStrategy(): policy related outputs
09-07 17:53:50.645   716   908 V APM::AudioPolicyEngine: getDeviceForStrategy() strategy 0, device 2
09-07 17:53:50.645   716   908 V APM::AudioPolicyEngine: getDeviceForStrategy() strategy 1, device 1
09-07 17:53:50.645   716   908 V APM::AudioPolicyEngine: getDeviceForStrategy() strategy 2, device 2
09-07 17:53:50.645   716   908 V APM::AudioPolicyEngine: getDeviceForStrategy() strategy 0, device 2
09-07 17:53:50.645   716   908 V APM::AudioPolicyEngine: getDeviceForStrategy() strategy 3, device 2
09-07 17:53:50.645   716   908 V APM::AudioPolicyEngine: getDeviceForStrategy() strategy 0, device 2
09-07 17:53:50.645   716   908 V APM::AudioPolicyEngine: getDeviceForStrategy() strategy 4, device 2
09-07 17:53:50.645   716   908 V APM::AudioPolicyEngine: getDeviceForStrategy() strategy 5, device 2
09-07 17:53:50.645   716   908 V APM::AudioPolicyEngine: getDeviceForStrategy() strategy 6, device 2
09-07 17:53:50.645   716   908 V APM::AudioPolicyEngine: getDeviceForStrategy() strategy 7, device 2
09-07 17:53:50.645   716   908 V APM::AudioPolicyEngine: getDeviceForStrategy() strategy 8, device 2
09-07 17:53:50.645   716   908 V APM::AudioPolicyEngine: getDeviceForStrategy() strategy 9, device 2
09-07 17:53:50.645   716   908 V APM::AudioPolicyEngine: getDeviceForStrategy() strategy 0, device 2
09-07 17:53:50.645   716   908 V APM_AudioPolicyManager: selectOutputForMusicEffects selected output 13
09-07 17:53:50.646   716   908 D AudioPolicyIntefaceImpl: doStopOutput_POM oldPhoneState:0,currentPhoneState:0
09-07 17:53:50.646   716   908 V AudioPolicyService: AudioCommandThread() processing release output 13
09-07 17:53:50.646   716   908 V APM_AudioPolicyManager: releaseOutput() 13
09-07 17:53:50.646   716   908 V AudioPolicyService: AudioCommandThread() going to sleep
09-07 17:53:50.678 24341 24341 I SentryLog: [main] Initializing SDK with DSN: 'https://8e68e4623f6348b0b9984471d41e3e2d@sentry.missevan.com/2'
09-07 17:53:50.662 24341 24341 W pool-3-thread-1: type=1400 audit(0.0:63482): avc: denied { read } for name="version" dev="proc" ino=4026532090 scontext=u:r:untrusted_app:s0:c100,c258,c512,c768 tcontext=u:object_r:proc_version:s0 tclass=file permissive=0
09-07 17:53:50.679 24254 24254 I httpdns.native: [main] Native httpdns enabled.
09-07 17:53:50.684 24341 24341 I SentryLog: [main] GlobalHubMode: 'true'
09-07 17:53:50.701 24254 24254 I okhttp.cronet.httpdns: [main] OkHttp cronet native httpdns enabled.
09-07 17:53:50.706 24254 24254 I httpdns.holder.native: [main] host rules *.maoercdn.com, *.bilivideo.com, *.missevan.com.
09-07 17:53:50.709 24254 24254 I httpdns.holder.native: [main] Init native httpdns with provider ali.
09-07 17:53:50.710 24341 24341 D SentryLog: [main] UncaughtExceptionHandlerIntegration enabled: true
09-07 17:53:50.711 24341 24341 D SentryLog: [main] default UncaughtExceptionHandler class='xcrash.i'
09-07 17:53:50.712 24341 24341 D SentryLog: [main] UncaughtExceptionHandlerIntegration installed.
09-07 17:53:50.713 24341 24341 D SentryLog: [main] ShutdownHookIntegration installed.
09-07 17:53:50.716 24341 24341 D SentryLog: [main] SendCachedEventFireAndForgetIntegration installed.
09-07 17:53:50.717 24341 24341 D SentryLog: [main] NdkIntegration enabled: true
09-07 17:53:50.719 24341 24502 D SentryLog: [pool-2-thread-1] Started processing cached files from /data/user/0/cn.missevan/cache/sentry
09-07 17:53:50.721 24341 24341 I sentry-native: using database path "/data/data/cn.missevan/cache/sentry/.sentry-native"
09-07 17:53:50.721 24341 24341 D sentry-native: starting backend
09-07 17:53:50.723 24341 24341 D SentryLog: [main] NdkIntegration installed.
09-07 17:53:50.724 24341 24341 D SentryLog: [main] Registering EnvelopeFileObserverIntegration for path: /data/user/0/cn.missevan/cache/sentry/outbox
09-07 17:53:50.727 24341 24502 D SentryLog: [pool-2-thread-1] Processing dir. /data/user/0/cn.missevan/cache/sentry
09-07 17:53:50.727 24341 24341 D SentryLog: [main] EnvelopeFileObserverIntegration installed.
09-07 17:53:50.729 24341 24341 D SentryLog: [main] SendCachedEventFireAndForgetIntegration installed.
09-07 17:53:50.731 24341 24341 D SentryLog: [main] AnrIntegration enabled: true
09-07 17:53:50.732 24341 24341 D SentryLog: [main] ANR timeout in milliseconds: 5000
09-07 17:53:50.733 24341 24502 D SentryLog: [pool-2-thread-1] Processing 0 items from cache dir /data/user/0/cn.missevan/cache/sentry
09-07 17:53:50.734 24341 24341 D SentryLog: [main] AnrIntegration installed.
09-07 17:53:50.737 24341 24341 D SentryLog: [main] enableSessionTracking enabled: true
09-07 17:53:50.737 24341 24502 D SentryLog: [pool-2-thread-1] File /data/user/0/cn.missevan/cache/sentry/outbox is not a File.
09-07 17:53:50.739 24341 24341 D SentryLog: [main] enableAppLifecycleBreadcrumbs enabled: true
09-07 17:53:50.740 24341 24502 D SentryLog: [pool-2-thread-1] Processing file: /data/user/0/cn.missevan/cache/sentry/session.json
09-07 17:53:50.744 24341 24502 D SentryLog: [pool-2-thread-1] File '/data/user/0/cn.missevan/cache/sentry/session.json' doesn't match extension expected.
09-07 17:53:50.744 24254 24254 I cr_BiliCrLibraryLoader: BiliCr version: 88.0.4324.188, arch: aarch64
09-07 17:53:50.745 24254 24254 W chromium: [0907/175350.745011:WARNING:httpdns_adapter.cc(290)] HttpDns init
09-07 17:53:50.746 24341 24502 D SentryLog: [pool-2-thread-1] File /data/user/0/cn.missevan/cache/sentry/.sentry-native is not a File.
09-07 17:53:50.749 24341 24502 D SentryLog: [pool-2-thread-1] Finished processing cached files from /data/user/0/cn.missevan/cache/sentry
09-07 17:53:50.753 24341 24502 D SentryLog: [pool-2-thread-1] Started processing cached files from /data/user/0/cn.missevan/cache/sentry/outbox
09-07 17:53:50.756 24341 24502 D SentryLog: [pool-2-thread-1] Processing dir. /data/user/0/cn.missevan/cache/sentry/outbox
09-07 17:53:50.761 24341 24502 D SentryLog: [pool-2-thread-1] Processing 0 items from cache dir /data/user/0/cn.missevan/cache/sentry/outbox
09-07 17:53:50.763 24341 24341 D SentryLog: [main] AppLifecycleIntegration installed.
09-07 17:53:50.764 24341 24502 D SentryLog: [pool-2-thread-1] Finished processing cached files from /data/user/0/cn.missevan/cache/sentry/outbox
09-07 17:53:50.765 24341 24341 D SentryLog: [main] ActivityLifecycleIntegration enabled: true
09-07 17:53:50.574  1710  2176 I chatty  : uid=1000(system) AutobacklightTh identical 1 line
09-07 17:53:50.765  1710  2621 D ConnectivityService: requestNetwork for uid/pid:10612/24254 NetworkRequest [ TRACK_DEFAULT id=3255, [ Capabilities: INTERNET&NOT_RESTRICTED&TRUSTED Unwanted:  Uid: 10612] ]
09-07 17:53:50.766 24341 24341 D SentryLog: [main] ActivityLifecycleIntegration installed.
09-07 17:53:50.767  1710  2083 D ConnectivityService: isWifiPoorLink:false, nai.everValidated:true, networkType:1, networkDetailedState:CONNECTED, nai.isLingering():false, unneeded(nai, UnneededFor.TEARDOWN):false
09-07 17:53:50.767  2762  2762 D PhoneSwitcherNetworkRequstListener: got request NetworkRequest [ TRACK_DEFAULT id=3255, [ Capabilities: INTERNET&NOT_RESTRICTED&TRUSTED Unwanted:  Uid: 10612] ] with score 60
09-07 17:53:50.767 24254 24254 I @@@BBPLOG: Info TD3176548 CPlayMain L289 The DataLog app type:   6
09-07 17:53:50.768 24254 24254 I @@@BBPLOG: Info TD3176548 CPlayMain L269 The DataLog AppVer: 5.7.3
09-07 17:53:50.768 24254 24254 I @@@BBPLOG: Info TD3176548 CPlayMain L255 The DataLog BUVID: XY277FF2DFB139F19721118D30677E832AAF4
09-07 17:53:50.768 24254 24254 I @@@BBPLOG: Info TD3176548 CPlayMain L248 The DataLog UserID: 0X0
09-07 17:53:50.768 24254 24254 I @@@BBPLOG: Info Td3176548 BBPFuncLog L123 ----CIPMng::Clear Value is 00000000 start.
09-07 17:53:50.768 24254 24254 I @@@BBPLOG: Info Td3176548 BBPFuncLog L142 ----CIPMng::Clear leave! no return. Ussed Time: 0
09-07 17:53:50.768 24254 24254 I @@@BBPLOG: Info TD3176548 CPlayMain L277 The DataLog net type: 3
09-07 17:53:50.768 24254 24254 I @@@BBPLOG: Info TD3176548 CPlayMain L317 Set cronet engine: 0x7e43b5ffc0
09-07 17:53:50.768 24341 24341 D SentryLog: [main] UserInteractionIntegration enabled: true
09-07 17:53:50.768 24254 24254 I @@@BBPLOG: Info TD3176548 CPlayMain L262 The Session UUID: b3bdefbf-b2ec-44bd-bb50-de970e6cb083
09-07 17:53:50.769 24341 24341 D SentryLog: [main] UserInteractionIntegration installed.
09-07 17:53:50.771 24341 24341 D SentryLog: [main] AppComponentsBreadcrumbsIntegration enabled: true
09-07 17:53:50.773 24341 24341 D SentryLog: [main] AppComponentsBreadcrumbsIntegration installed.
09-07 17:53:50.774 24341 24341 D SentryLog: [main] SystemEventsBreadcrumbsIntegration enabled: true
09-07 17:53:50.779 24341 24341 D SentryLog: [main] SystemEventsBreadcrumbsIntegration installed.
09-07 17:53:50.781 24341 24341 D SentryLog: [main] enableSystemEventsBreadcrumbs enabled: true
09-07 17:53:50.781 24070 24070 I SplashFragment: [main] Start MainFragment
09-07 17:53:50.783 24254 24254 D PlaybackState: setState position:0
09-07 17:53:50.783 24254 24254 D PlaybackState: setActiveQueueItemId mActiveItemId:-1
09-07 17:53:50.784 24254 24254 D MediaSession: setPlaybackState start
09-07 17:53:50.785  1710  1710 I chatty  : uid=1000 system_server expire 14 lines
09-07 17:53:50.786  5354 16581 D MediaController: onPlaybackStateChanged start####
09-07 17:53:50.786  5354  5957 V Avrcp_ext: onPlaybackStateChanged: state PlaybackState {state=0, position=0, buffered position=0, speed=0.0, updated=0, actions=2363190, custom actions=[], active item id=-1, error=null}
09-07 17:53:50.786  5354  5957 D PlaybackState: setState position:-1
09-07 17:53:50.786  5354  5957 V Avrcp_ext: updateCurrentMediaState: mMediaController: MediaController (cn.missevan@8723412) null
09-07 17:53:50.787  5354  5957 V Avrcp_ext: isMusicActive: false getBluetoothPlayState: 0
09-07 17:53:50.788  5354  5957 V Avrcp_ext: updateCurrentMediaState: get media attributes:
09-07 17:53:50.790  5354  5957 I Avrcp_ext: Skipping update due to invalid playback state
09-07 17:53:50.790  5354  5957 V Avrcp_ext: updatePlaybackState, state: PlaybackState {state=0, position=0, buffered position=0, speed=0.0, updated=0, actions=2363190, custom actions=[], active item id=-1, error=null} device: null
09-07 17:53:50.790  5354  5957 V Avrcp_ext: Device: no name:
09-07 17:53:50.790  5354  5957 V Avrcp_ext: Device: no name:
09-07 17:53:50.790  5354  5957 V Avrcp_ext: updatePlayerStateAndPosition, old=PlaybackState {state=0, position=0, buffered position=0, speed=0.0, updated=0, actions=2363190, custom actions=[], active item id=-1, error=null}, state=PlaybackState {state=0, position=0, buffered position=0, speed=0.0, updated=0, actions=2363190, custom actions=[], active item id=-1, error=null}
09-07 17:53:50.790  5354  5957 V Avrcp_ext: old state = PlaybackState {state=0, position=0, buffered position=0, speed=0.0, updated=0, actions=2363190, custom actions=[], active item id=-1, error=null}, new state= PlaybackState {state=0, position=0, buffered position=0, speed=0.0, updated=0, actions=2363190, custom actions=[], active item id=-1, error=null}
09-07 17:53:50.791  2389  2506 D vol.MediaSessions: updateRemoteControllerH null
09-07 17:53:50.791  5354  5957 D HeadsetService:  isAudioOn: The number of audio connected devices 0
09-07 17:53:50.791  5354  5957 D HeadsetService: isScoOrCallActive(): Call Active:falseCall is Ringing:falseSCO is Active:false
09-07 17:53:50.792  5354  5957 D HeadsetService:  isAudioOn: The number of audio connected devices 0
09-07 17:53:50.792  5354  5957 I Avrcp_ext: updatePlayStatusForDevice: device: null
09-07 17:53:50.792  2389  2506 D vol.MediaSessions: onActiveSessionsUpdatedH n=2
09-07 17:53:50.792  5354  5957 V Avrcp_ext: updatePlaybackState (1): old=PlaybackState {state=0, position=0, buffered position=0, speed=0.0, updated=0, actions=2363190, custom actions=[], active item id=-1, error=null}(0), new=PlaybackState {state=0, position=0, buffered position=0, speed=0.0, updated=0, actions=2363190, custom actions=[], active item id=-1, error=null}(0)
09-07 17:53:50.792  5354  5957 I Avrcp_ext: Exit updatePlayStatusForDevice
09-07 17:53:50.792  5354  5957 D HeadsetService:  isAudioOn: The number of audio connected devices 0
09-07 17:53:50.792  5354  5957 D HeadsetService: isScoOrCallActive(): Call Active:falseCall is Ringing:falseSCO is Active:false
09-07 17:53:50.792  5354  5957 D HeadsetService:  isAudioOn: The number of audio connected devices 0
09-07 17:53:50.792   716 23466 V APM::AudioPolicyEngine: getDeviceForStrategy() strategy 0, device 2
09-07 17:53:50.792  5354  5957 I Avrcp_ext: updatePlayStatusForDevice: device: null
09-07 17:53:50.792 24254 24254 I Player.BaseMediaSessionService: [main] onBind
09-07 17:53:50.792  5354  5957 V Avrcp_ext: updatePlaybackState (1): old=PlaybackState {state=0, position=0, buffered position=0, speed=0.0, updated=0, actions=2363190, custom actions=[], active item id=-1, error=null}(0), new=PlaybackState {state=0, position=0, buffered position=0, speed=0.0, updated=0, actions=2363190, custom actions=[], active item id=-1, error=null}(0)
09-07 17:53:50.792  5354  5957 I Avrcp_ext: Exit updatePlayStatusForDevice
09-07 17:53:50.792  5354  5957 D Avrcp_ext: sendPlayPosNotificationRsp: Not registered or requesting.
09-07 17:53:50.792  5354  5957 D Avrcp_ext: sendPlayPosNotificationRsp: Not registered or requesting.
09-07 17:53:50.792  5354  5957 V Avrcp_ext: Exit updatePlayerStateAndPosition
09-07 17:53:50.792  5354  5957 V Avrcp_ext:  Exit onPlaybackStateChanged
09-07 17:53:50.792 24341 24341 I SentryLog: [main] TYPE_AMBIENT_TEMPERATURE is not available.
09-07 17:53:50.793  5354  5957 D HeadsetService:  isAudioOn: The number of audio connected devices 0
09-07 17:53:50.793  5354  5957 D HeadsetService: isScoOrCallActive(): Call Active:falseCall is Ringing:falseSCO is Active:false
09-07 17:53:50.793  5354  5957 D HeadsetService:  isAudioOn: The number of audio connected devices 0
09-07 17:53:50.793  5354  5957 W Avrcp_ext: ActiveSession: updated[android.media.session.MediaController@56a45e0, android.media.session.MediaController@aca3099]
09-07 17:53:50.794  5354  5957 V Avrcp_ext: ActiveSession: MediaController (com.android.bbkmusic@56a45e0) null
09-07 17:53:50.794   716 23466 V APM::AudioPolicyEngine: getDeviceForStrategy() strategy 0, device 2
09-07 17:53:50.794  5354  5957 W Avrcp_ext: playState object null, sending STOPPED
09-07 17:53:50.794  5354  5957 V Avrcp_ext: isBrowseSupported for com.android.bbkmusic: true
09-07 17:53:50.794 24341 24341 D SentryLog: [main] enableSystemEventBreadcrumbs enabled: true
09-07 17:53:50.796 24341 24341 D SentryLog: [main] FragmentLifecycleIntegration installed.
09-07 17:53:50.797  5354  5957 D Avrcp_ext: update #1:MediaPlayerInfo com.android.bbkmusic (as 'i 音乐') Type = 1, SubType = 0, Status = 0 Feature Bits [40 41 42 44 45 47 48 58 59 62 65 67] Controller: MediaController (com.android.bbkmusic@56a45e0) null
09-07 17:53:50.798  2389  2506 D vol.MediaSessions: onActiveSessionsUpdatedH n=2
09-07 17:53:50.799   716 23466 V APM::AudioPolicyEngine: getDeviceForStrategy() strategy 0, device 2
09-07 17:53:50.799  5354  5957 V Avrcp_ext: ActiveSession: MediaController (cn.missevan@aca3099) null
09-07 17:53:50.799  5354  5957 V Avrcp_ext: isBrowseSupported for cn.missevan: true
09-07 17:53:50.800   716 23466 V APM::AudioPolicyEngine: getDeviceForStrategy() strategy 0, device 2
09-07 17:53:50.801  5354  5957 D Avrcp_ext: update #13:MediaPlayerInfo cn.missevan (as '猫耳FM') Type = 1, SubType = 0, Status = 0 Feature Bits [40 41 42 44 45 47 48 58 59 62 65 67] Controller: MediaController (cn.missevan@aca3099) null
09-07 17:53:50.802  5354  5957 V Avrcp_ext: updateNewIds: Addressed:13 to 13, Browse:0 to 0
09-07 17:53:50.803 24254 24506 I chromium: [0907/175350.802960:INFO:httpdns.cc(234)] OnEffectiveConnectionTypeChanged called by httpdns context networks 5
09-07 17:53:50.803  5354  5957 D Avrcp_ext: updateCurrentController: MediaController (cn.missevan@8723412) null to MediaController (cn.missevan@aca3099) null
09-07 17:53:50.805  5354  5957 D PlaybackState: setState position:-1
09-07 17:53:50.805  5354  5957 V Avrcp_ext: updateCurrentMediaState: mMediaController: MediaController (cn.missevan@aca3099) null
09-07 17:53:50.806  5354  5957 V Avrcp_ext: isMusicActive: false getBluetoothPlayState: 0
09-07 17:53:50.808  5354  5957 V Avrcp_ext: updateCurrentMediaState: get media attributes:
09-07 17:53:50.809  5354  5957 I Avrcp_ext: Skipping update due to invalid playback state
09-07 17:53:50.809  5354  5957 V Avrcp_ext: updatePlaybackState, state: PlaybackState {state=0, position=0, buffered position=0, speed=0.0, updated=0, actions=2363190, custom actions=[], active item id=-1, error=null} device: null
09-07 17:53:50.809  5354  5957 V Avrcp_ext: Device: no name:
09-07 17:53:50.809  5354  5957 V Avrcp_ext: Device: no name:
09-07 17:53:50.809  5354  5957 V Avrcp_ext: updatePlayerStateAndPosition, old=PlaybackState {state=0, position=0, buffered position=0, speed=0.0, updated=0, actions=2363190, custom actions=[], active item id=-1, error=null}, state=PlaybackState {state=0, position=0, buffered position=0, speed=0.0, updated=0, actions=2363190, custom actions=[], active item id=-1, error=null}
09-07 17:53:50.809  5354  5957 V Avrcp_ext: old state = PlaybackState {state=0, position=0, buffered position=0, speed=0.0, updated=0, actions=2363190, custom actions=[], active item id=-1, error=null}, new state= PlaybackState {state=0, position=0, buffered position=0, speed=0.0, updated=0, actions=2363190, custom actions=[], active item id=-1, error=null}
09-07 17:53:50.810  5354  5957 D HeadsetService:  isAudioOn: The number of audio connected devices 0
09-07 17:53:50.810  5354  5957 D HeadsetService: isScoOrCallActive(): Call Active:falseCall is Ringing:falseSCO is Active:false
09-07 17:53:50.810  5354  5957 D HeadsetService:  isAudioOn: The number of audio connected devices 0
09-07 17:53:50.810  5354  5957 I Avrcp_ext: updatePlayStatusForDevice: device: null
09-07 17:53:50.810  5354  5957 V Avrcp_ext: updatePlaybackState (1): old=PlaybackState {state=0, position=0, buffered position=0, speed=0.0, updated=0, actions=2363190, custom actions=[], active item id=-1, error=null}(0), new=PlaybackState {state=0, position=0, buffered position=0, speed=0.0, updated=0, actions=2363190, custom actions=[], active item id=-1, error=null}(0)
09-07 17:53:50.810  5354  5957 I Avrcp_ext: Exit updatePlayStatusForDevice
09-07 17:53:50.811  5354  5957 D HeadsetService:  isAudioOn: The number of audio connected devices 0
09-07 17:53:50.811  5354  5957 D HeadsetService: isScoOrCallActive(): Call Active:falseCall is Ringing:falseSCO is Active:false
09-07 17:53:50.811  5354  5957 D HeadsetService:  isAudioOn: The number of audio connected devices 0
09-07 17:53:50.811  5354  5957 I Avrcp_ext: updatePlayStatusForDevice: device: null
09-07 17:53:50.811  5354  5957 V Avrcp_ext: updatePlaybackState (1): old=PlaybackState {state=0, position=0, buffered position=0, speed=0.0, updated=0, actions=2363190, custom actions=[], active item id=-1, error=null}(0), new=PlaybackState {state=0, position=0, buffered position=0, speed=0.0, updated=0, actions=2363190, custom actions=[], active item id=-1, error=null}(0)
09-07 17:53:50.811  5354  5957 I Avrcp_ext: Exit updatePlayStatusForDevice
09-07 17:53:50.811  5354  5957 D Avrcp_ext: sendPlayPosNotificationRsp: Not registered or requesting.
09-07 17:53:50.812  5354  5957 D Avrcp_ext: sendPlayPosNotificationRsp: Not registered or requesting.
09-07 17:53:50.812  5354  5957 V Avrcp_ext: Exit updatePlayerStateAndPosition
09-07 17:53:50.812  5354  5957 W Avrcp_ext: ActiveSession: browseSelectedfalsemBrowsedPlayerExistfalse
09-07 17:53:50.812  5354  5957 W Avrcp_ext: Browse Player killed OR not launched yet !!!!
09-07 17:53:50.812  5354  5957 D PlaybackState: setState position:-1
09-07 17:53:50.812  5354  5957 V Avrcp_ext: updateCurrentMediaState: mMediaController: MediaController (cn.missevan@aca3099) null
09-07 17:53:50.813  5354  5957 V Avrcp_ext: isMusicActive: false getBluetoothPlayState: 0
09-07 17:53:50.814  5354  5957 V Avrcp_ext: updateCurrentMediaState: get media attributes:
09-07 17:53:50.816 24254 24254 D Tinker.TinkerLoader: [main] [PendingLog @ 2022-09-07 17:53:48.814] tryLoad test test
09-07 17:53:50.818 24254 24254 W Tinker.TinkerLoader: [main] [PendingLog @ 2022-09-07 17:53:48.818] tryLoadPatchFiles:patch dir not exist:/data/user/0/cn.missevan/tinker
09-07 17:53:50.819 24254 24254 D Tinker.DefaultAppLike: [main] [PendingLog @ 2022-09-07 17:53:48.884] onBaseContextAttached:
09-07 17:53:50.821  5354  5957 I Avrcp_ext: Skipping update due to invalid playback state
09-07 17:53:50.821 24254 24254 D Tinker.DefaultAppLike: [main] [PendingLog @ 2022-09-07 17:53:48.976] onCreate
09-07 17:53:50.823 24254 24254 I Player.AidlPlayerService: [main] updatePlayerConfig, key: user_id, value: 0
09-07 17:53:50.823  5354  5957 V Avrcp_ext: updatePlaybackState, state: PlaybackState {state=0, position=0, buffered position=0, speed=0.0, updated=0, actions=2363190, custom actions=[], active item id=-1, error=null} device: null
09-07 17:53:50.823  5354  5957 V Avrcp_ext: Device: no name:
09-07 17:53:50.823  5354  5957 V Avrcp_ext: Device: no name:
09-07 17:53:50.823  5354  5957 V Avrcp_ext: updatePlayerStateAndPosition, old=PlaybackState {state=0, position=0, buffered position=0, speed=0.0, updated=0, actions=2363190, custom actions=[], active item id=-1, error=null}, state=PlaybackState {state=0, position=0, buffered position=0, speed=0.0, updated=0, actions=2363190, custom actions=[], active item id=-1, error=null}
09-07 17:53:50.823  5354  5957 V Avrcp_ext: old state = PlaybackState {state=0, position=0, buffered position=0, speed=0.0, updated=0, actions=2363190, custom actions=[], active item id=-1, error=null}, new state= PlaybackState {state=0, position=0, buffered position=0, speed=0.0, updated=0, actions=2363190, custom actions=[], active item id=-1, error=null}
09-07 17:53:50.824 24254 24254 I Player.AidlPlayerService: [main] updatePlayerConfig, key: version_name, value: 5.7.3
09-07 17:53:50.824  5354  5957 D HeadsetService:  isAudioOn: The number of audio connected devices 0
09-07 17:53:50.824  5354  5957 D HeadsetService: isScoOrCallActive(): Call Active:falseCall is Ringing:falseSCO is Active:false
09-07 17:53:50.825 24254 24254 I Player.AidlPlayerService: [main] updatePlayerConfig, key: buvid, value: XY277FF2DFB139F19721118D30677E832AAF4
09-07 17:53:50.825  5354  5957 D HeadsetService:  isAudioOn: The number of audio connected devices 0
09-07 17:53:50.825  5354  5957 I Avrcp_ext: updatePlayStatusForDevice: device: null
09-07 17:53:50.825  5354  5957 V Avrcp_ext: updatePlaybackState (1): old=PlaybackState {state=0, position=0, buffered position=0, speed=0.0, updated=0, actions=2363190, custom actions=[], active item id=-1, error=null}(0), new=PlaybackState {state=0, position=0, buffered position=0, speed=0.0, updated=0, actions=2363190, custom actions=[], active item id=-1, error=null}(0)
09-07 17:53:50.825  5354  5957 I Avrcp_ext: Exit updatePlayStatusForDevice
09-07 17:53:50.826  5354  5957 D HeadsetService:  isAudioOn: The number of audio connected devices 0
09-07 17:53:50.826  5354  5957 D HeadsetService: isScoOrCallActive(): Call Active:falseCall is Ringing:falseSCO is Active:false
09-07 17:53:50.827  5354  5957 D HeadsetService:  isAudioOn: The number of audio connected devices 0
09-07 17:53:50.827  5354  5957 I Avrcp_ext: updatePlayStatusForDevice: device: null
09-07 17:53:50.827  5354  5957 V Avrcp_ext: updatePlaybackState (1): old=PlaybackState {state=0, position=0, buffered position=0, speed=0.0, updated=0, actions=2363190, custom actions=[], active item id=-1, error=null}(0), new=PlaybackState {state=0, position=0, buffered position=0, speed=0.0, updated=0, actions=2363190, custom actions=[], active item id=-1, error=null}(0)
09-07 17:53:50.827  5354  5957 I Avrcp_ext: Exit updatePlayStatusForDevice
09-07 17:53:50.827  5354  5957 D Avrcp_ext: sendPlayPosNotificationRsp: Not registered or requesting.
09-07 17:53:50.827  5354  5957 D Avrcp_ext: sendPlayPosNotificationRsp: Not registered or requesting.
09-07 17:53:50.827  5354  5957 V Avrcp_ext: Exit updatePlayerStateAndPosition
09-07 17:53:50.829 24254 24254 D Player.BBPlayer: [main] event(1342177297): msg_log_cb, arg1: 0, arg2: 0, any: Info TD3176548 CPlayMain L289 The DataLog app type:   6
09-07 17:53:50.829 24254 24254 D Player.BBPlayer:
09-07 17:53:50.830 24254 24254 I Player.BBPlayer: [main] msg_log_cb, Info TD3176548 CPlayMain L289 The DataLog app type:   6
09-07 17:53:50.830 24254 24254 I Player.BBPlayer:
09-07 17:53:50.831 24254 24254 D Player.BBPlayer: [main] event(1342177297): msg_log_cb, arg1: 0, arg2: 0, any: Info TD3176548 CPlayMain L269 The DataLog AppVer: 5.7.3
09-07 17:53:50.831 24254 24254 D Player.BBPlayer:
09-07 17:53:50.832 24254 24254 I Player.BBPlayer: [main] msg_log_cb, Info TD3176548 CPlayMain L269 The DataLog AppVer: 5.7.3
09-07 17:53:50.832 24254 24254 I Player.BBPlayer:
09-07 17:53:50.833 24254 24254 D Player.BBPlayer: [main] event(1342177297): msg_log_cb, arg1: 0, arg2: 0, any: Info TD3176548 CPlayMain L255 The DataLog BUVID: XY277FF2DFB139F19721118D30677E832AAF4
09-07 17:53:50.833 24254 24254 D Player.BBPlayer:
09-07 17:53:50.834 24254 24254 I Player.BBPlayer: [main] msg_log_cb, Info TD3176548 CPlayMain L255 The DataLog BUVID: XY277FF2DFB139F19721118D30677E832AAF4
09-07 17:53:50.834 24254 24254 I Player.BBPlayer:
09-07 17:53:50.835 24254 24254 D Player.BBPlayer: [main] event(1342177297): msg_log_cb, arg1: 0, arg2: 0, any: Info TD3176548 CPlayMain L248 The DataLog UserID: 0X0
09-07 17:53:50.835 24254 24254 D Player.BBPlayer:
09-07 17:53:50.836 24254 24254 I Player.BBPlayer: [main] msg_log_cb, Info TD3176548 CPlayMain L248 The DataLog UserID: 0X0
09-07 17:53:50.836 24254 24254 I Player.BBPlayer:
09-07 17:53:50.837 24254 24254 D Player.BBPlayer: [main] event(1342177297): msg_log_cb, arg1: 0, arg2: 0, any: Info TD3176548 CPlayMain L277 The DataLog net type: 3
09-07 17:53:50.837 24254 24254 D Player.BBPlayer:
09-07 17:53:50.838 24254 24254 I Player.BBPlayer: [main] msg_log_cb, Info TD3176548 CPlayMain L277 The DataLog net type: 3
09-07 17:53:50.838 24254 24254 I Player.BBPlayer:
09-07 17:53:50.839 24254 24254 D Player.BBPlayer: [main] event(1342177297): msg_log_cb, arg1: 0, arg2: 0, any: Info TD3176548 CPlayMain L317 Set cronet engine: 0x7e43b5ffc0
09-07 17:53:50.839 24254 24254 D Player.BBPlayer:
09-07 17:53:50.840 24254 24254 I Player.BBPlayer: [main] msg_log_cb, Info TD3176548 CPlayMain L317 Set cronet engine: 0x7e43b5ffc0
09-07 17:53:50.840 24254 24254 I Player.BBPlayer:
09-07 17:53:50.841 24254 24254 D Player.BBPlayer: [main] event(1342177297): msg_log_cb, arg1: 0, arg2: 0, any: Info TD3176548 CPlayMain L262 The Session UUID: b3bdefbf-b2ec-44bd-bb50-de970e6cb083
09-07 17:53:50.841 24254 24254 D Player.BBPlayer:
09-07 17:53:50.842 24254 24254 I Player.BBPlayer: [main] msg_log_cb, Info TD3176548 CPlayMain L262 The Session UUID: b3bdefbf-b2ec-44bd-bb50-de970e6cb083
09-07 17:53:50.842 24254 24254 I Player.BBPlayer:
09-07 17:53:50.845 24254 24254 I Player.BaseMediaSessionService: [main] onGetRoot
09-07 17:53:50.859 24070 24070 D LeakCanary: Watching instance of skin.support.constraint.SkinCompatConstraintLayout (cn.missevan.view.fragment.SplashFragment received Fragment#onDestroyView() callback (references to its views should be cleared to prevent leaks)) with key 9bbd0eaf-944e-405a-84d8-51910ead0180
09-07 17:53:50.860 24070 24070 D LeakCanary: Watching instance of androidx.loader.app.LoaderManagerImpl$LoaderViewModel (androidx.loader.app.LoaderManagerImpl$LoaderViewModel received ViewModel#onCleared() callback) with key 422cd341-5254-4d58-b369-c7dc0db212cd
09-07 17:53:50.861 24070 24070 D LeakCanary: Watching instance of leakcanary.internal.ViewModelClearedWatcher (leakcanary.internal.ViewModelClearedWatcher received ViewModel#onCleared() callback) with key f215f65b-391a-44ce-be4f-c608692bab45
09-07 17:53:50.862 24070 24070 D LeakCanary: Watching instance of androidx.loader.app.LoaderManagerImpl$LoaderViewModel (androidx.loader.app.LoaderManagerImpl$LoaderViewModel received ViewModel#onCleared() callback) with key db6535b8-4016-4a4e-b5f0-b82ad6195cb1
09-07 17:53:50.862 24070 24070 D LeakCanary: Watching instance of leakcanary.internal.ViewModelClearedWatcher (leakcanary.internal.ViewModelClearedWatcher received ViewModel#onCleared() callback) with key 83134ab5-5b38-4298-b8e7-6c677968f387
09-07 17:53:50.864 24070 24070 D LeakCanary: Watching instance of com.bumptech.glide.manager.SupportRequestManagerFragment (com.bumptech.glide.manager.SupportRequestManagerFragment received Fragment#onDestroy() callback) with key c32ceee9-0dda-4039-961f-a22228ac973b
09-07 17:53:50.867 24070 24070 D LeakCanary: Watching instance of cn.missevan.view.fragment.SplashFragment (cn.missevan.view.fragment.SplashFragment received Fragment#onDestroy() callback) with key d260ccea-64f2-48a3-8f50-deb098e8959e
09-07 17:53:50.875 24070 24070 I Player.MainPlayerConnection: [main] MediaBrowserCompat.ConnectionCallback, onConnected, isConnected: true, mediaId: /
09-07 17:53:50.887 24070 24070 I MissEvanApplication: [main] MainPlayerConnection onConnected
09-07 17:53:50.888 24070 24070 I Player.MainPlayerConnection: [main] updateConfig
09-07 17:53:50.778  1710  2083 D ConnectivityService: isWifiPoorLink:false, nai.everValidated:true, networkType:1, networkDetailedState:CONNECTED, nai.isLingering():false, unneeded(nai, UnneededFor.TEARDOWN):false
09-07 17:53:50.897 24254 24254 I Player.MediaSessionCallback: [main] handleCustomAction, action_update_config
09-07 17:53:50.899 24254 24254 I Player.MediaSession: [main] updateConfig
09-07 17:53:50.901 24254 24254 I Player.MediaSession: [main] updatePlayerConfig, key: user_id, value: 0
09-07 17:53:50.903 24254 24254 I Player.MediaSession: [main] updatePlayerConfig, key: version_name, value: 5.7.3
09-07 17:53:50.905 24254 24254 I Player.MediaSession: [main] updatePlayerConfig, key: buvid, value: XY277FF2DFB139F19721118D30677E832AAF4
09-07 17:53:50.905  1710  1710 V SettingsProvider: Notifying for 0: content://settings/system/vivo_fullscreen_flag
09-07 17:53:50.906 24254 24254 I @@@BBPLOG: Info TD3176548 CPlayMain L269 The DataLog AppVer: 5.7.3
09-07 17:53:50.906 24254 24254 I @@@BBPLOG: Info TD3176548 CPlayMain L248 The DataLog UserID: 0X0
09-07 17:53:50.906 24254 24254 I @@@BBPLOG: Info TD3176548 CPlayMain L255 The DataLog BUVID: XY277FF2DFB139F19721118D30677E832AAF4
09-07 17:53:50.908 24254 24254 D Player.BBPlayer: [main] event(1342177297): msg_log_cb, arg1: 0, arg2: 0, any: Info TD3176548 CPlayMain L269 The DataLog AppVer: 5.7.3
09-07 17:53:50.908 24254 24254 D Player.BBPlayer:
09-07 17:53:50.909 24254 24254 I Player.BBPlayer: [main] msg_log_cb, Info TD3176548 CPlayMain L269 The DataLog AppVer: 5.7.3
09-07 17:53:50.909 24254 24254 I Player.BBPlayer:
09-07 17:53:50.916 24254 24254 D Player.BBPlayer: [main] event(1342177297): msg_log_cb, arg1: 0, arg2: 0, any: Info TD3176548 CPlayMain L248 The DataLog UserID: 0X0
09-07 17:53:50.916 24254 24254 D Player.BBPlayer:
09-07 17:53:50.917 24254 24254 I Player.BBPlayer: [main] msg_log_cb, Info TD3176548 CPlayMain L248 The DataLog UserID: 0X0
09-07 17:53:50.917 24254 24254 I Player.BBPlayer:
09-07 17:53:50.926 24254 24254 D Player.BBPlayer: [main] event(1342177297): msg_log_cb, arg1: 0, arg2: 0, any: Info TD3176548 CPlayMain L255 The DataLog BUVID: XY277FF2DFB139F19721118D30677E832AAF4
09-07 17:53:50.926 24254 24254 D Player.BBPlayer:
09-07 17:53:50.927 24254 24254 I Player.BBPlayer: [main] msg_log_cb, Info TD3176548 CPlayMain L255 The DataLog BUVID: XY277FF2DFB139F19721118D30677E832AAF4
09-07 17:53:50.927 24254 24254 I Player.BBPlayer:
09-07 17:53:50.937 24070 24070 I MainFragment: [main] onCreateView
09-07 17:53:50.938 24070 24070 I MainFragment: [main] onCreateView
09-07 17:53:51.237  1710  2621 W ActivityManager: Slow operation: 139ms so far, now at getContentProviderImpl: incProviderCountLocked
09-07 17:53:51.237  1710  2621 W ActivityManager: Slow operation: 140ms so far, now at getContentProviderImpl: before updateLruProcess
09-07 17:53:51.237  1710  2621 W ActivityManager: Slow operation: 140ms so far, now at getContentProviderImpl: after updateLruProcess
09-07 17:53:51.237  1710  2621 W ActivityManager: Slow operation: 140ms so far, now at getContentProviderImpl: before updateOomAdj
09-07 17:53:51.238  1710  2621 W ActivityManager: Slow operation: 140ms so far, now at getContentProviderImpl: after updateOomAdj
09-07 17:53:51.238  1710  2621 W ActivityManager: Slow operation: 140ms so far, now at getContentProviderImpl: done!
09-07 17:53:51.267 24341 24341 D NAccs.AccsClientConfig:  build config:AccsClientConfig{mAppKey='umeng:546d7dd7fd98c58fc800082c', mAppSecret='64e8358a59d434e5546720db97ab5996', mInappHost='umengacs.m.taobao.com', mChannelHost='umengjmacs.m.taobao.com', mStoreId='', mSecurity=2, mAuthCode='', mInappPubKey=11, mChannelPubKey=11, mKeepalive=true, mAutoUnit=false, mTag='default', mConfigEnv=0, mDisableChannel=false, mQuickReconnect=false, mAccsHeartbeatEnable=false, mPullUpEnable=false, mForePingEnable=false, mPingTimeout=0}
09-07 17:53:51.267 24341 24341 W NAccs.AccsClientConfig:  build conver old config:AccsClientConfig{mAppKey='umeng:546d7dd7fd98c58fc800082c', mAppSecret='64e8358a59d434e5546720db97ab5996', mInappHost='umengacs.m.taobao.com', mChannelHost='umengjmacs.m.taobao.com', mStoreId='', mSecurity=2, mAuthCode='', mInappPubKey=-1, mChannelPubKey=-1, mKeepalive=true, mAutoUnit=true, mTag='default', mConfigEnv=0, mDisableChannel=false, mQuickReconnect=false, mAccsHeartbeatEnable=false, mPullUpEnable=true, mForePingEnable=false, mPingTimeout=0}
09-07 17:53:51.267 24341 24341 D NAccs.ACCSClient:  init config:AccsClientConfig{mAppKey='umeng:546d7dd7fd98c58fc800082c', mAppSecret='64e8358a59d434e5546720db97ab5996', mInappHost='umengacs.m.taobao.com', mChannelHost='umengjmacs.m.taobao.com', mStoreId='', mSecurity=2, mAuthCode='', mInappPubKey=11, mChannelPubKey=11, mKeepalive=true, mAutoUnit=false, mTag='default', mConfigEnv=0, mDisableChannel=false, mQuickReconnect=false, mAccsHeartbeatEnable=false, mPullUpEnable=false, mForePingEnable=false, mPingTimeout=0}
09-07 17:53:51.269 24341 24341 D UPush.Impl: appkey:546d7dd7fd98c58fc800082c secret:64e8358a59d434e5546720db97ab5996
09-07 17:53:51.272 24341 24531 I NAccs.TaobaoRegister:  register appKey:umeng:546d7dd7fd98c58fc800082c configTag:default
09-07 17:53:51.274 24341 24531 D NAccs.Config:  setAgooAppKey appkey:umeng:546d7dd7fd98c58fc800082c
09-07 17:53:51.274 24341 24531 D NAccs.Config:  setAgooMessageSecret secret:64e8358a59d434e5546720db97ab5996
09-07 17:53:51.276 24341 24531 D NAccs.ACCSManager:  getAccsInstance key:default|0
09-07 17:53:51.318 24341 24531 D NAccs.InAppConn_default:  new connection
09-07 17:53:51.327 24341 24531 I NAccs.Utils:  isMainProcess result:false
09-07 17:53:51.328 24341 24531 I NAccs.ACCSMgrImpl_default:  bindApp appKey:umeng:546d7dd7fd98c58fc800082c
09-07 17:53:51.335 24341 24531 D NAccs.UtilityImpl:  enableService comptName:ComponentInfo{cn.missevan/com.taobao.accs.ChannelService}
09-07 17:53:51.335  1710  5418 W PackageManager: setEnabledSetting  packageName:cn.missevan className:com.taobao.accs.ChannelService newState:1 userId:0 callingPackage:null
09-07 17:53:51.354 24341 24532 D NAccs.FileCheckUtils:  st.getAvailableBlocks()=2233199,st.getAvailableBlocks() * blockSize=9147183104
09-07 17:53:51.357 24341 24531 W NAccs.ACCSMgrImpl_default:  bindApp only allow in main process
09-07 17:53:51.370 24341 24341 D NetworkSecurityConfig: Using Network Security Config from resource g debugBuild: true
09-07 17:53:51.377 24341 24341 W missevan:playe: Accessing hidden method Ldalvik/system/CloseGuard;->get()Ldalvik/system/CloseGuard; (light greylist, reflection)
09-07 17:53:51.379 24341 24341 W missevan:playe: Accessing hidden method Ldalvik/system/CloseGuard;->open(Ljava/lang/String;)V (light greylist, reflection)
09-07 17:53:51.379 24341 24341 W missevan:playe: Accessing hidden method Ldalvik/system/CloseGuard;->warnIfOpen()V (light greylist, reflection)
09-07 17:53:51.398 24070 24070 I HomeFragment: [main] onCreateView
09-07 17:53:51.419  2793  2793 W ContextImpl: Calling a method in the system process without a qualified user: android.app.ContextImpl.stopService:1562 android.content.ContextWrapper.stopService:674 com.vivo.smartmultiwindow.utils.h$1.handleMessage:178 android.os.Handler.dispatchMessage:106 android.os.Looper.loop:224
09-07 17:53:51.419  1710  1710 V SettingsProvider: Notifying for 0: content://settings/system/vivo_smartmulitwindow_is_allowed_split
09-07 17:53:51.421  1710  5418 D NotificationListeners: Removing active service ComponentInfo{com.vivo.smartmultiwindow/com.vivo.smartmultiwindow.notification.view.b}
09-07 17:53:51.465 24341 24341 D PlayApplication: [main] PlayApplication onCreate.
09-07 17:53:51.503   716   917 V AudioFlinger: Audio hardware entering standby, mixer 0xe2f15e00, suspend count 0
09-07 17:53:51.504   672  4127 D audio_hw_primary: out_standby: enter: stream (0xe8541000) usecase(0: deep-buffer-playback)
09-07 17:53:51.597 24070 24070 I Player.SinglePlayer: [main] init, from: UGCRecommendPageFragment
09-07 17:53:51.599 24070 24070 I Player.SinglePlayerConnection.core0: [main] createPlayerIndex, index: 0
09-07 17:53:51.601 24254 24443 I Player.BaseAidlPlayerService.core0: [Binder:24254_5] createPlayer
09-07 17:53:51.601 24341 24341 I MissEvanApplication: [main] current process: cn.missevan:player
09-07 17:53:51.603 24070 24070 I Player.SinglePlayerConnection.core0: [main] createPlayerStateEvent
09-07 17:53:51.605 24070 24070 I Player.SinglePlayerConnection.core0: [main] createPlayerEvent
09-07 17:53:51.605 24254 24254 I Player.Aidl: [main] init
09-07 17:53:51.609 24254 24254 I Player.Aidl.core0: [main] createNewCore
09-07 17:53:51.613 24341 24341 D BLOG-EVENT-Network: network changed: 3=>1
09-07 17:53:51.614 24254 24254 I Player.BBPlayer.core0: [main] init
09-07 17:53:51.618 24254 24254 I @@@BBPLOG: Info TD3176548 CPlayMain L99 BPSDK 3.0.0.218, 17:57:18 Sep  1 2022. CPU: ARMV8. OS
09-07 17:53:51.620 24254 24254 I @@@BBPLOG: Info TD3176548 CPlayMain L289 The DataLog app type:   6
09-07 17:53:51.621 24254 24254 I @@@BBPLOG: Info TD3176548 CPlayMain L269 The DataLog AppVer: 5.7.3
09-07 17:53:51.621 24254 24254 I @@@BBPLOG: Info TD3176548 CPlayMain L269 The DataLog AppVer: 5.7.3
09-07 17:53:51.621 24254 24254 I @@@BBPLOG: Info TD3176548 CPlayMain L255 The DataLog BUVID: XY277FF2DFB139F19721118D30677E832AAF4
09-07 17:53:51.621 24254 24254 I @@@BBPLOG: Info TD3176548 CPlayMain L248 The DataLog UserID: 0X0
09-07 17:53:51.621 24254 24254 I @@@BBPLOG: Info Td3176548 BBPFuncLog L123 ----CIPMng::Clear Value is 00000000 start.
09-07 17:53:51.621 24254 24254 I @@@BBPLOG: Info Td3176548 BBPFuncLog L142 ----CIPMng::Clear leave! no return. Ussed Time: 0
