09-07 17:53:51.621 24254 24254 I @@@BBPLOG: Info TD3176548 CPlayMain L277 The DataLog net type: 3
09-07 17:53:51.621 24254 24254 I @@@BBPLOG: Info TD3176548 CPlayMain L317 Set cronet engine: 0x7e43b5ffc0
09-07 17:53:51.621 24254 24254 I @@@BBPLOG: Info TD3176548 CPlayMain L262 The Session UUID: fa108c14-ab46-4590-8805-f3a1e0f73648
09-07 17:53:51.622 24341 24341 W LaserActionExecutor: [main] actionClass map is null
09-07 17:53:51.622 24254 24254 I Player.Aidl.core0: [main] initPlayerCoreEvent
09-07 17:53:51.630 24254 24254 D Player.BBPlayer.core0: [main] event(1342177297): msg_log_cb, arg1: 0, arg2: 0, any: Info TD3176548 CPlayMain L289 The DataLog app type:   6
09-07 17:53:51.630 24254 24254 D Player.BBPlayer.core0:
09-07 17:53:51.631 24254 24254 I Player.BBPlayer.core0: [main] msg_log_cb, Info TD3176548 CPlayMain L289 The DataLog app type:   6
09-07 17:53:51.631 24254 24254 I Player.BBPlayer.core0:
09-07 17:53:51.635 24254 24254 D Player.BBPlayer.core0: [main] event(1342177297): msg_log_cb, arg1: 0, arg2: 0, any: Info TD3176548 CPlayMain L269 The DataLog AppVer: 5.7.3
09-07 17:53:51.635 24254 24254 D Player.BBPlayer.core0:
09-07 17:53:51.636 24254 24254 I Player.BBPlayer.core0: [main] msg_log_cb, Info TD3176548 CPlayMain L269 The DataLog AppVer: 5.7.3
09-07 17:53:51.636 24254 24254 I Player.BBPlayer.core0:
09-07 17:53:51.639 31788 31861 I PhenotypeProcessReaper: Memory state is: 300
09-07 17:53:51.641 24254 24254 D Player.BBPlayer.core0: [main] event(1342177297): msg_log_cb, arg1: 0, arg2: 0, any: Info TD3176548 CPlayMain L269 The DataLog AppVer: 5.7.3
09-07 17:53:51.641 24254 24254 D Player.BBPlayer.core0:
09-07 17:53:51.642 24341 24341 V HotfixPatchListener: [main] application maxMemory:256
09-07 17:53:51.642 24254 24254 I Player.BBPlayer.core0: [main] msg_log_cb, Info TD3176548 CPlayMain L269 The DataLog AppVer: 5.7.3
09-07 17:53:51.642 24254 24254 I Player.BBPlayer.core0:
09-07 17:53:51.645   672  4127 D soundtrigger: audio_extn_sound_trigger_update_stream_status: uc_info->id 0 of type 0 for Event 2, with Raise=1
09-07 17:53:51.645   672  4127 I sound_trigger_platform: platform_stdev_check_and_update_concurrency: Received STREAM event, event type 2, usecase type 0
09-07 17:53:51.645   672  4127 D sound_trigger_platform: platform_stdev_check_and_update_concurrency: dedicated path 0, reset backend 1, tx 0, rx 0,concurrency session allowed
09-07 17:53:51.645   672  4127 D hardware_info: hw_info_append_hw_type : device_name = speaker
09-07 17:53:51.645   672  4127 D audio_hw_primary: disable_snd_device: device 2:device_name:speaker:ref_cnt:0
09-07 17:53:51.645   672  4127 D audio_hw_primary: disable_snd_device: snd_device(2: speaker)
09-07 17:53:51.645   672  4127 D msm8916_platform: platform_split_snd_device: snd_device(2) num devices(0) new_snd_devices(0)
09-07 17:53:51.646 24254 24254 D Player.BBPlayer.core0: [main] event(1342177297): msg_log_cb, arg1: 0, arg2: 0, any: Info TD3176548 CPlayMain L255 The DataLog BUVID: XY277FF2DFB139F19721118D30677E832AAF4
09-07 17:53:51.646 24254 24254 D Player.BBPlayer.core0:
09-07 17:53:51.647 24254 24254 I Player.BBPlayer.core0: [main] msg_log_cb, Info TD3176548 CPlayMain L255 The DataLog BUVID: XY277FF2DFB139F19721118D30677E832AAF4
09-07 17:53:51.647 24254 24254 I Player.BBPlayer.core0:
09-07 17:53:51.648   672  4127 I soundtrigger: audio_extn_sound_trigger_update_device_status: device 0x2 of type 0 for Event 0, with Raise=0
09-07 17:53:51.648   672  4127 D audio_hw_primary: out_standby: exit
09-07 17:53:51.648   716   917 I AudioFlinger: mStandby setThreadSampleRate
09-07 17:53:51.648   716   917 V AudioFlinger: releaseWakeLock_l() AudioOut_D
09-07 17:53:51.648   716   917 V AudioFlinger: thread 0xe2f15e00 type 0 TID 917 going to sleep
09-07 17:53:51.651 24254 24254 D Player.BBPlayer.core0: [main] event(1342177297): msg_log_cb, arg1: 0, arg2: 0, any: Info TD3176548 CPlayMain L248 The DataLog UserID: 0X0
09-07 17:53:51.651 24254 24254 D Player.BBPlayer.core0:
09-07 17:53:51.652 24254 24254 I Player.BBPlayer.core0: [main] msg_log_cb, Info TD3176548 CPlayMain L248 The DataLog UserID: 0X0
09-07 17:53:51.652 24254 24254 I Player.BBPlayer.core0:
09-07 17:53:51.656 24254 24254 D Player.BBPlayer.core0: [main] event(1342177297): msg_log_cb, arg1: 0, arg2: 0, any: Info TD3176548 CPlayMain L277 The DataLog net type: 3
09-07 17:53:51.656 24254 24254 D Player.BBPlayer.core0:
09-07 17:53:51.658 24254 24254 I Player.BBPlayer.core0: [main] msg_log_cb, Info TD3176548 CPlayMain L277 The DataLog net type: 3
09-07 17:53:51.658 24254 24254 I Player.BBPlayer.core0:
09-07 17:53:51.662 24254 24254 D Player.BBPlayer.core0: [main] event(1342177297): msg_log_cb, arg1: 0, arg2: 0, any: Info TD3176548 CPlayMain L317 Set cronet engine: 0x7e43b5ffc0
09-07 17:53:51.662 24254 24254 D Player.BBPlayer.core0:
09-07 17:53:51.663 24254 24254 I Player.BBPlayer.core0: [main] msg_log_cb, Info TD3176548 CPlayMain L317 Set cronet engine: 0x7e43b5ffc0
09-07 17:53:51.663 24254 24254 I Player.BBPlayer.core0:
09-07 17:53:51.667 24254 24254 D Player.BBPlayer.core0: [main] event(1342177297): msg_log_cb, arg1: 0, arg2: 0, any: Info TD3176548 CPlayMain L262 The Session UUID: fa108c14-ab46-4590-8805-f3a1e0f73648
09-07 17:53:51.667 24254 24254 D Player.BBPlayer.core0:
09-07 17:53:51.668 24254 24254 I Player.BBPlayer.core0: [main] msg_log_cb, Info TD3176548 CPlayMain L262 The Session UUID: fa108c14-ab46-4590-8805-f3a1e0f73648
09-07 17:53:51.668 24254 24254 I Player.BBPlayer.core0:
09-07 17:53:51.689 24070 24070 W MainActivityViewModel: [main] DownloadFileResolver, Start process local downloaded files!!!
09-07 17:53:51.694 24070 24222 I CronetEngine: [thread_background]
09-07 17:53:51.694 24070 24222 I CronetEngine: url: https://app.uat.missevan.com/message/unread-notice
09-07 17:53:51.694 24070 24222 I CronetEngine:  ip: 10.21.250.10
09-07 17:53:51.694 24070 24222 I CronetEngine:  hostResolverProvider:
09-07 17:53:51.694 24070 24222 I CronetEngine:  hostResolveIps: []
09-07 17:53:51.694 24070 24222 I CronetEngine:
09-07 17:53:51.697 24341 24341 W Tinker.Tinker: [main] tinker patch directory: /data/user/0/cn.missevan/tinker
09-07 17:53:51.698 24070 24247 I BLOG    : [RxCachedThreadScheduler-4] HTTP request: [2022-09-07T09:53:51.697Z] GET https://app.uat.missevan.com/message/unread-notice 200 113ms 0
09-07 17:53:51.700 24341 24341 I Tinker.Tinker: [main] try to install tinker, isEnable: true, version: 1.9.14.10.4
09-07 17:53:51.702 24070 24124 I DownloadFileResolver: [DefaultDispatcher-worker-1] Found downloaded files: 0
09-07 17:53:51.703 24341 24341 I Tinker.TinkerLoadResult: [main] parseTinkerResult loadCode:-2, process name:cn.missevan:player, main process:false, systemOTA:false, fingerPrint:vivo/PD1728/PD1728:9/PKQ1.180819.001/compiler07281740:user/release-keys, oatDir:null, useInterpretMode:false
09-07 17:53:51.705 24341 24341 W Tinker.TinkerLoadResult: [main] can't find patch file, is ok, just return
09-07 17:53:51.706 24341 24341 I Tinker.DefaultLoadReporter: [main] patch loadReporter onLoadResult: patch load result, path:/data/user/0/cn.missevan/tinker, code: -2, cost: 6ms
09-07 17:53:51.708 24341 24341 W Tinker.Tinker: [main] tinker load fail!
09-07 17:53:51.712 24341 24341 D Tinker.DefaultAppLike: [main] onTrimMemory level:5
09-07 17:53:51.727 24070 24070 I ListenFragment: [main] onCreateView
09-07 17:53:51.771 24341 24341 I PlayerService: [main] PlayerService onCreate. versionName: 5.7.3-debug, versionCode:5070300, deviceSDK: 28
09-07 17:53:51.780  1710  2621 I chatty  : uid=1000(system) Binder:1710_7 expire 4 lines
09-07 17:53:51.782  2389  2506 D vol.MediaSessions: onActiveSessionsUpdatedH n=2
09-07 17:53:51.782  5354  5957 D HeadsetService:  isAudioOn: The number of audio connected devices 0
09-07 17:53:51.782  5354  5957 D HeadsetService: isScoOrCallActive(): Call Active:falseCall is Ringing:falseSCO is Active:false
09-07 17:53:51.782   716 23466 V APM::AudioPolicyEngine: getDeviceForStrategy() strategy 0, device 2
09-07 17:53:51.782   716 23466 V APM::AudioPolicyEngine: getDeviceForStrategy() strategy 0, device 2
09-07 17:53:51.783  2389  2506 D vol.MediaSessions: updateRemoteControllerH null
09-07 17:53:51.783  5354  5957 D HeadsetService:  isAudioOn: The number of audio connected devices 0
09-07 17:53:51.783  5354  5957 W Avrcp_ext: ActiveSession: updated[android.media.session.MediaController@23b7f5e, android.media.session.MediaController@4d80f3f]
09-07 17:53:51.783  5354  5957 V Avrcp_ext: ActiveSession: MediaController (com.android.bbkmusic@23b7f5e) null
09-07 17:53:51.783  2389  2506 D vol.MediaSessions: onActiveSessionsUpdatedH n=2
09-07 17:53:51.784  5354  5957 W Avrcp_ext: playState object null, sending STOPPED
09-07 17:53:51.784  5354  5957 V Avrcp_ext: isBrowseSupported for com.android.bbkmusic: true
09-07 17:53:51.784   716 23466 V APM::AudioPolicyEngine: getDeviceForStrategy() strategy 0, device 2
09-07 17:53:51.784  5354  5957 D Avrcp_ext: update #1:MediaPlayerInfo com.android.bbkmusic (as 'i 音乐') Type = 1, SubType = 0, Status = 0 Feature Bits [40 41 42 44 45 47 48 58 59 62 65 67] Controller: MediaController (com.android.bbkmusic@23b7f5e) null
09-07 17:53:51.785   716 23466 V APM::AudioPolicyEngine: getDeviceForStrategy() strategy 0, device 2
09-07 17:53:51.785  5354  5957 V Avrcp_ext: ActiveSession: MediaController (cn.missevan@4d80f3f) null
09-07 17:53:51.785  5354  5957 V Avrcp_ext: isBrowseSupported for cn.missevan: true
09-07 17:53:51.786  5354  5957 D Avrcp_ext: update #13:MediaPlayerInfo cn.missevan (as '猫耳FM') Type = 1, SubType = 0, Status = 0 Feature Bits [40 41 42 44 45 47 48 58 59 62 65 67] Controller: MediaController (cn.missevan@4d80f3f) null
09-07 17:53:51.786  5354  5957 V Avrcp_ext: updateNewIds: Addressed:13 to 13, Browse:0 to 0
09-07 17:53:51.787  5354  5957 D Avrcp_ext: updateCurrentController: MediaController (cn.missevan@aca3099) null to MediaController (cn.missevan@4d80f3f) null
09-07 17:53:51.789  5354  5957 D PlaybackState: setState position:-1
09-07 17:53:51.789  5354  5957 V Avrcp_ext: updateCurrentMediaState: mMediaController: MediaController (cn.missevan@4d80f3f) null
09-07 17:53:51.790  5354  5957 V Avrcp_ext: isMusicActive: false getBluetoothPlayState: 0
09-07 17:53:51.791  5354  5957 V Avrcp_ext: updateCurrentMediaState: get media attributes:
09-07 17:53:51.791  5354  5957 I Avrcp_ext: Skipping update due to invalid playback state
09-07 17:53:51.792  5354  5957 V Avrcp_ext: updatePlaybackState, state: PlaybackState {state=0, position=0, buffered position=0, speed=0.0, updated=0, actions=2363190, custom actions=[], active item id=-1, error=null} device: null
09-07 17:53:51.792  5354  5957 V Avrcp_ext: Device: no name:
09-07 17:53:51.792  5354  5957 V Avrcp_ext: Device: no name:
09-07 17:53:51.792  5354  5957 V Avrcp_ext: updatePlayerStateAndPosition, old=PlaybackState {state=0, position=0, buffered position=0, speed=0.0, updated=0, actions=2363190, custom actions=[], active item id=-1, error=null}, state=PlaybackState {state=0, position=0, buffered position=0, speed=0.0, updated=0, actions=2363190, custom actions=[], active item id=-1, error=null}
09-07 17:53:51.792  5354  5957 V Avrcp_ext: old state = PlaybackState {state=0, position=0, buffered position=0, speed=0.0, updated=0, actions=2363190, custom actions=[], active item id=-1, error=null}, new state= PlaybackState {state=0, position=0, buffered position=0, speed=0.0, updated=0, actions=2363190, custom actions=[], active item id=-1, error=null}
09-07 17:53:51.792  2389  2506 D vol.MediaSessions: updateRemoteControllerH null
09-07 17:53:51.792  5354  5957 D HeadsetService:  isAudioOn: The number of audio connected devices 0
09-07 17:53:51.792  5354  5957 D HeadsetService: isScoOrCallActive(): Call Active:falseCall is Ringing:falseSCO is Active:false
09-07 17:53:51.793  5354  5957 D HeadsetService:  isAudioOn: The number of audio connected devices 0
09-07 17:53:51.793  2389  2506 D vol.MediaSessions: onActiveSessionsUpdatedH n=3
09-07 17:53:51.793  5354  5957 I Avrcp_ext: updatePlayStatusForDevice: device: null
09-07 17:53:51.793  5354  5957 V Avrcp_ext: updatePlaybackState (1): old=PlaybackState {state=0, position=0, buffered position=0, speed=0.0, updated=0, actions=2363190, custom actions=[], active item id=-1, error=null}(0), new=PlaybackState {state=0, position=0, buffered position=0, speed=0.0, updated=0, actions=2363190, custom actions=[], active item id=-1, error=null}(0)
09-07 17:53:51.793  5354  5957 I Avrcp_ext: Exit updatePlayStatusForDevice
09-07 17:53:51.793  5354  5957 D HeadsetService:  isAudioOn: The number of audio connected devices 0
09-07 17:53:51.793  5354  5957 D HeadsetService: isScoOrCallActive(): Call Active:falseCall is Ringing:falseSCO is Active:false
09-07 17:53:51.793  5354  5957 D HeadsetService:  isAudioOn: The number of audio connected devices 0
09-07 17:53:51.793  5354  5957 I Avrcp_ext: updatePlayStatusForDevice: device: null
09-07 17:53:51.793  5354  5957 V Avrcp_ext: updatePlaybackState (1): old=PlaybackState {state=0, position=0, buffered position=0, speed=0.0, updated=0, actions=2363190, custom actions=[], active item id=-1, error=null}(0), new=PlaybackState {state=0, position=0, buffered position=0, speed=0.0, updated=0, actions=2363190, custom actions=[], active item id=-1, error=null}(0)
09-07 17:53:51.793  5354  5957 I Avrcp_ext: Exit updatePlayStatusForDevice
09-07 17:53:51.793  5354  5957 D Avrcp_ext: sendPlayPosNotificationRsp: Not registered or requesting.
09-07 17:53:51.793  5354  5957 D Avrcp_ext: sendPlayPosNotificationRsp: Not registered or requesting.
09-07 17:53:51.793  5354  5957 V Avrcp_ext: Exit updatePlayerStateAndPosition
09-07 17:53:51.793  5354  5957 W Avrcp_ext: ActiveSession: browseSelectedfalsemBrowsedPlayerExistfalse
09-07 17:53:51.793  5354  5957 W Avrcp_ext: Browse Player killed OR not launched yet !!!!
09-07 17:53:51.793  5354  5957 D PlaybackState: setState position:-1
09-07 17:53:51.794  5354  5957 V Avrcp_ext: updateCurrentMediaState: mMediaController: MediaController (cn.missevan@4d80f3f) null
09-07 17:53:51.794  5354  5957 V Avrcp_ext: isMusicActive: false getBluetoothPlayState: 0
09-07 17:53:51.794  5354  5957 V Avrcp_ext: updateCurrentMediaState: get media attributes:
09-07 17:53:51.795  5354  5957 I Avrcp_ext: Skipping update due to invalid playback state
09-07 17:53:51.795  5354  5957 V Avrcp_ext: updatePlaybackState, state: PlaybackState {state=0, position=0, buffered position=0, speed=0.0, updated=0, actions=2363190, custom actions=[], active item id=-1, error=null} device: null
09-07 17:53:51.795  5354  5957 V Avrcp_ext: Device: no name:
09-07 17:53:51.795  5354  5957 V Avrcp_ext: Device: no name:
09-07 17:53:51.795  5354  5957 V Avrcp_ext: updatePlayerStateAndPosition, old=PlaybackState {state=0, position=0, buffered position=0, speed=0.0, updated=0, actions=2363190, custom actions=[], active item id=-1, error=null}, state=PlaybackState {state=0, position=0, buffered position=0, speed=0.0, updated=0, actions=2363190, custom actions=[], active item id=-1, error=null}
09-07 17:53:51.795  5354  5957 V Avrcp_ext: old state = PlaybackState {state=0, position=0, buffered position=0, speed=0.0, updated=0, actions=2363190, custom actions=[], active item id=-1, error=null}, new state= PlaybackState {state=0, position=0, buffered position=0, speed=0.0, updated=0, actions=2363190, custom actions=[], active item id=-1, error=null}
09-07 17:53:51.795   716 23466 V APM::AudioPolicyEngine: getDeviceForStrategy() strategy 0, device 2
09-07 17:53:51.795  5354  5957 D HeadsetService:  isAudioOn: The number of audio connected devices 0
09-07 17:53:51.795  5354  5957 D HeadsetService: isScoOrCallActive(): Call Active:falseCall is Ringing:falseSCO is Active:false
09-07 17:53:51.796  5354  5957 D HeadsetService:  isAudioOn: The number of audio connected devices 0
09-07 17:53:51.796  5354  5957 I Avrcp_ext: updatePlayStatusForDevice: device: null
09-07 17:53:51.796  5354  5957 V Avrcp_ext: updatePlaybackState (1): old=PlaybackState {state=0, position=0, buffered position=0, speed=0.0, updated=0, actions=2363190, custom actions=[], active item id=-1, error=null}(0), new=PlaybackState {state=0, position=0, buffered position=0, speed=0.0, updated=0, actions=2363190, custom actions=[], active item id=-1, error=null}(0)
09-07 17:53:51.796  5354  5957 I Avrcp_ext: Exit updatePlayStatusForDevice
09-07 17:53:51.796   716 23466 V APM::AudioPolicyEngine: getDeviceForStrategy() strategy 0, device 2
09-07 17:53:51.796  5354  5957 D HeadsetService:  isAudioOn: The number of audio connected devices 0
09-07 17:53:51.796  5354  5957 D HeadsetService: isScoOrCallActive(): Call Active:falseCall is Ringing:falseSCO is Active:false
09-07 17:53:51.796  5354  5957 D HeadsetService:  isAudioOn: The number of audio connected devices 0
09-07 17:53:51.796  5354  5957 I Avrcp_ext: updatePlayStatusForDevice: device: null
09-07 17:53:51.796  5354  5957 V Avrcp_ext: updatePlaybackState (1): old=PlaybackState {state=0, position=0, buffered position=0, speed=0.0, updated=0, actions=2363190, custom actions=[], active item id=-1, error=null}(0), new=PlaybackState {state=0, position=0, buffered position=0, speed=0.0, updated=0, actions=2363190, custom actions=[], active item id=-1, error=null}(0)
09-07 17:53:51.796  5354  5957 I Avrcp_ext: Exit updatePlayStatusForDevice
09-07 17:53:51.796  5354  5957 D Avrcp_ext: sendPlayPosNotificationRsp: Not registered or requesting.
09-07 17:53:51.796  5354  5957 D Avrcp_ext: sendPlayPosNotificationRsp: Not registered or requesting.
09-07 17:53:51.796  5354  5957 V Avrcp_ext: Exit updatePlayerStateAndPosition
09-07 17:53:51.797   716 23466 V APM::AudioPolicyEngine: getDeviceForStrategy() strategy 0, device 2
09-07 17:53:51.797  5354  5957 D HeadsetService:  isAudioOn: The number of audio connected devices 0
09-07 17:53:51.797  5354  5957 D HeadsetService: isScoOrCallActive(): Call Active:falseCall is Ringing:falseSCO is Active:false
09-07 17:53:51.797  5354  5957 D HeadsetService:  isAudioOn: The number of audio connected devices 0
09-07 17:53:51.797  5354  5957 W Avrcp_ext: ActiveSession: updated[android.media.session.MediaController@e5de00c, android.media.session.MediaController@d843d55, android.media.session.MediaController@bc336a]
09-07 17:53:51.798  5354  5957 V Avrcp_ext: ActiveSession: MediaController (com.android.bbkmusic@e5de00c) null
09-07 17:53:51.798  5354  5957 W Avrcp_ext: playState object null, sending STOPPED
09-07 17:53:51.798  5354  5957 V Avrcp_ext: isBrowseSupported for com.android.bbkmusic: true
09-07 17:53:51.798  5354  5957 D Avrcp_ext: update #1:MediaPlayerInfo com.android.bbkmusic (as 'i 音乐') Type = 1, SubType = 0, Status = 0 Feature Bits [40 41 42 44 45 47 48 58 59 62 65 67] Controller: MediaController (com.android.bbkmusic@e5de00c) null
09-07 17:53:51.799  5354  5957 V Avrcp_ext: ActiveSession: MediaController (cn.missevan@d843d55) null
09-07 17:53:51.799  5354  5957 V Avrcp_ext: isBrowseSupported for cn.missevan: true
09-07 17:53:51.799  1710  5424 I chatty  : uid=1000(system) Binder:1710_17 expire 11 lines
09-07 17:53:51.799  5354  5957 D Avrcp_ext: update #13:MediaPlayerInfo cn.missevan (as '猫耳FM') Type = 1, SubType = 0, Status = 0 Feature Bits [40 41 42 44 45 47 48 58 59 62 65 67] Controller: MediaController (cn.missevan@d843d55) null
09-07 17:53:51.799  5354  5957 V Avrcp_ext: updateNewIds: Addressed:13 to 13, Browse:0 to 0
09-07 17:53:51.800  2389  2506 D vol.MediaSessions: onActiveSessionsUpdatedH n=3
09-07 17:53:51.800  5354  5957 D Avrcp_ext: updateCurrentController: MediaController (cn.missevan@4d80f3f) null to MediaController (cn.missevan@d843d55) null
09-07 17:53:51.800   716 23466 V APM::AudioPolicyEngine: getDeviceForStrategy() strategy 0, device 2
09-07 17:53:51.801   716 23466 V APM::AudioPolicyEngine: getDeviceForStrategy() strategy 0, device 2
09-07 17:53:51.801  5354  5957 D PlaybackState: setState position:-1
09-07 17:53:51.801  5354  5957 V Avrcp_ext: updateCurrentMediaState: mMediaController: MediaController (cn.missevan@d843d55) null
09-07 17:53:51.802  5354  5957 V Avrcp_ext: isMusicActive: false getBluetoothPlayState: 0
09-07 17:53:51.802   716 23466 V APM::AudioPolicyEngine: getDeviceForStrategy() strategy 0, device 2
09-07 17:53:51.802  5354  5957 V Avrcp_ext: updateCurrentMediaState: get media attributes:
09-07 17:53:51.802  5354  5957 I Avrcp_ext: Skipping update due to invalid playback state
09-07 17:53:51.802  5354  5957 V Avrcp_ext: updatePlaybackState, state: PlaybackState {state=0, position=0, buffered position=0, speed=0.0, updated=0, actions=2363190, custom actions=[], active item id=-1, error=null} device: null
09-07 17:53:51.802  5354  5957 V Avrcp_ext: Device: no name:
09-07 17:53:51.802  5354  5957 V Avrcp_ext: Device: no name:
09-07 17:53:51.803  5354  5957 V Avrcp_ext: updatePlayerStateAndPosition, old=PlaybackState {state=0, position=0, buffered position=0, speed=0.0, updated=0, actions=2363190, custom actions=[], active item id=-1, error=null}, state=PlaybackState {state=0, position=0, buffered position=0, speed=0.0, updated=0, actions=2363190, custom actions=[], active item id=-1, error=null}
09-07 17:53:51.803  5354  5957 V Avrcp_ext: old state = PlaybackState {state=0, position=0, buffered position=0, speed=0.0, updated=0, actions=2363190, custom actions=[], active item id=-1, error=null}, new state= PlaybackState {state=0, position=0, buffered position=0, speed=0.0, updated=0, actions=2363190, custom actions=[], active item id=-1, error=null}
09-07 17:53:51.803  5354  5957 D HeadsetService:  isAudioOn: The number of audio connected devices 0
09-07 17:53:51.803  5354  5957 D HeadsetService: isScoOrCallActive(): Call Active:falseCall is Ringing:falseSCO is Active:false
09-07 17:53:51.803  5354  5957 D HeadsetService:  isAudioOn: The number of audio connected devices 0
09-07 17:53:51.803  5354  5957 I Avrcp_ext: updatePlayStatusForDevice: device: null
09-07 17:53:51.803  5354  5957 V Avrcp_ext: updatePlaybackState (1): old=PlaybackState {state=0, position=0, buffered position=0, speed=0.0, updated=0, actions=2363190, custom actions=[], active item id=-1, error=null}(0), new=PlaybackState {state=0, position=0, buffered position=0, speed=0.0, updated=0, actions=2363190, custom actions=[], active item id=-1, error=null}(0)
09-07 17:53:51.803  5354  5957 I Avrcp_ext: Exit updatePlayStatusForDevice
09-07 17:53:51.803  5354  5957 D HeadsetService:  isAudioOn: The number of audio connected devices 0
09-07 17:53:51.803  5354  5957 D HeadsetService: isScoOrCallActive(): Call Active:falseCall is Ringing:falseSCO is Active:false
09-07 17:53:51.804  5354  5957 D HeadsetService:  isAudioOn: The number of audio connected devices 0
09-07 17:53:51.804  5354  5957 I Avrcp_ext: updatePlayStatusForDevice: device: null
09-07 17:53:51.804  5354  5957 V Avrcp_ext: updatePlaybackState (1): old=PlaybackState {state=0, position=0, buffered position=0, speed=0.0, updated=0, actions=2363190, custom actions=[], active item id=-1, error=null}(0), new=PlaybackState {state=0, position=0, buffered position=0, speed=0.0, updated=0, actions=2363190, custom actions=[], active item id=-1, error=null}(0)
09-07 17:53:51.804  5354  5957 I Avrcp_ext: Exit updatePlayStatusForDevice
09-07 17:53:51.804  5354  5957 D Avrcp_ext: sendPlayPosNotificationRsp: Not registered or requesting.
09-07 17:53:51.804  5354  5957 D Avrcp_ext: sendPlayPosNotificationRsp: Not registered or requesting.
09-07 17:53:51.804  5354  5957 V Avrcp_ext: Exit updatePlayerStateAndPosition
09-07 17:53:51.804  5354  5957 V Avrcp_ext: ActiveSession: MediaController (cn.missevan@bc336a) null
09-07 17:53:51.804  5354  5957 W Avrcp_ext: ActiveSession: browseSelectedfalsemBrowsedPlayerExistfalse
09-07 17:53:51.804  5354  5957 W Avrcp_ext: Browse Player killed OR not launched yet !!!!
09-07 17:53:51.804  5354  5957 D PlaybackState: setState position:-1
09-07 17:53:51.805  5354  5957 V Avrcp_ext: updateCurrentMediaState: mMediaController: MediaController (cn.missevan@d843d55) null
09-07 17:53:51.805  5354  5957 V Avrcp_ext: isMusicActive: false getBluetoothPlayState: 0
09-07 17:53:51.806  5354  5957 V Avrcp_ext: updateCurrentMediaState: get media attributes:
09-07 17:53:51.806  5354  5957 I Avrcp_ext: Skipping update due to invalid playback state
09-07 17:53:51.806  5354  5957 V Avrcp_ext: updatePlaybackState, state: PlaybackState {state=0, position=0, buffered position=0, speed=0.0, updated=0, actions=2363190, custom actions=[], active item id=-1, error=null} device: null
09-07 17:53:51.806  5354  5957 V Avrcp_ext: Device: no name:
09-07 17:53:51.806  5354  5957 V Avrcp_ext: Device: no name:
09-07 17:53:51.806  5354  5957 V Avrcp_ext: updatePlayerStateAndPosition, old=PlaybackState {state=0, position=0, buffered position=0, speed=0.0, updated=0, actions=2363190, custom actions=[], active item id=-1, error=null}, state=PlaybackState {state=0, position=0, buffered position=0, speed=0.0, updated=0, actions=2363190, custom actions=[], active item id=-1, error=null}
09-07 17:53:51.807  5354  5957 V Avrcp_ext: old state = PlaybackState {state=0, position=0, buffered position=0, speed=0.0, updated=0, actions=2363190, custom actions=[], active item id=-1, error=null}, new state= PlaybackState {state=0, position=0, buffered position=0, speed=0.0, updated=0, actions=2363190, custom actions=[], active item id=-1, error=null}
09-07 17:53:51.807  5354  5957 D HeadsetService:  isAudioOn: The number of audio connected devices 0
09-07 17:53:51.807  5354  5957 D HeadsetService: isScoOrCallActive(): Call Active:falseCall is Ringing:falseSCO is Active:false
09-07 17:53:51.807  5354  5957 D HeadsetService:  isAudioOn: The number of audio connected devices 0
09-07 17:53:51.807  5354  5957 I Avrcp_ext: updatePlayStatusForDevice: device: null
09-07 17:53:51.807  5354  5957 V Avrcp_ext: updatePlaybackState (1): old=PlaybackState {state=0, position=0, buffered position=0, speed=0.0, updated=0, actions=2363190, custom actions=[], active item id=-1, error=null}(0), new=PlaybackState {state=0, position=0, buffered position=0, speed=0.0, updated=0, actions=2363190, custom actions=[], active item id=-1, error=null}(0)
09-07 17:53:51.807  5354  5957 I Avrcp_ext: Exit updatePlayStatusForDevice
09-07 17:53:51.808  5354  5957 D HeadsetService:  isAudioOn: The number of audio connected devices 0
09-07 17:53:51.808  5354  5957 D HeadsetService: isScoOrCallActive(): Call Active:falseCall is Ringing:falseSCO is Active:false
09-07 17:53:51.808  5354  5957 D HeadsetService:  isAudioOn: The number of audio connected devices 0
09-07 17:53:51.808  5354  5957 I Avrcp_ext: updatePlayStatusForDevice: device: null
09-07 17:53:51.808  5354  5957 V Avrcp_ext: updatePlaybackState (1): old=PlaybackState {state=0, position=0, buffered position=0, speed=0.0, updated=0, actions=2363190, custom actions=[], active item id=-1, error=null}(0), new=PlaybackState {state=0, position=0, buffered position=0, speed=0.0, updated=0, actions=2363190, custom actions=[], active item id=-1, error=null}(0)
09-07 17:53:51.808  5354  5957 I Avrcp_ext: Exit updatePlayStatusForDevice
09-07 17:53:51.808  5354  5957 D Avrcp_ext: sendPlayPosNotificationRsp: Not registered or requesting.
09-07 17:53:51.808  5354  5957 D Avrcp_ext: sendPlayPosNotificationRsp: Not registered or requesting.
09-07 17:53:51.808  5354  5957 V Avrcp_ext: Exit updatePlayerStateAndPosition
09-07 17:53:51.814 24070 24222 I CronetEngine: [thread_background]
09-07 17:53:51.814 24070 24222 I CronetEngine: url: http://static-test.maoercdn.com/app/privacy.json
09-07 17:53:51.814 24070 24222 I CronetEngine:  ip: 117.27.226.222
09-07 17:53:51.814 24070 24222 I CronetEngine:  hostResolverProvider: system
09-07 17:53:51.814 24070 24222 I CronetEngine:  hostResolveIps: ["117.27.226.222","117.27.226.223","117.27.226.220","117.27.226.225","117.27.226.221","117.27.226.218","117.27.226.219","117.27.226.224"]
09-07 17:53:51.814 24070 24222 I CronetEngine:
09-07 17:53:51.816 24070 24234 I BLOG    : [RxCachedThreadScheduler-3] HTTP request: [2022-09-07T09:53:51.684Z] GET http://static-test.maoercdn.com/app/privacy.json 200 119ms 0
09-07 17:53:51.873 24070 24075 I cn.missevan: Compiler allocated 4MB to compile void android.widget.TextView.<init>(android.content.Context, android.util.AttributeSet, int, int)
09-07 17:53:51.891 24341 24341 I DataSourceFactory: [main] Init MissEvanDataSourceFactory
09-07 17:53:51.934 24341 24540 W missevan:playe: Accessing hidden field Lsun/misc/Unsafe;->theUnsafe:Lsun/misc/Unsafe; (light greylist, reflection)
09-07 17:53:51.935 24341 24547 I SoundRepo: [DefaultDispatcher-worker-1] MediaSource prepare... playlist size: 0, queued size: 0
09-07 17:53:51.941 24070 24102 D LeakCanary: Setting up flushing for Thread[SL-NetWorkSender,5,main]
09-07 17:53:51.955 24341 24341 I Player.ExoCacheUtil: [main] Create cache: /storage/emulated/0/Android/data/cn.missevan/cache/AudioCache, used: 0.0 MB
09-07 17:53:51.965 24341 24341 I PlayerService: [main] ExtensionRendererMode: ON
09-07 17:53:51.989 24070 24070 I TeenagerModeHomeFragment: [main] onCreateView
09-07 17:53:52.038 24341 24341 I ExoPlayerImpl: Init f2ec746 [ExoPlayerLib/2.17.1] [PD1728, vivo X21A, vivo, 28]
09-07 17:53:52.093 24341 24341 W missevan:playe: Accessing hidden method Landroid/media/AudioTrack;->getLatency()I (light greylist, reflection)
09-07 17:53:52.101 24341 24341 I DefaultRenderersFactory: Loaded FfmpegAudioRenderer.
09-07 17:53:52.148 24341 24341 D LoadControl: [main] getBackBufferDurationUs = 0
09-07 17:53:52.149 24341 24341 D LoadControl: [main] retainBackBufferFromKeyframe = false
09-07 17:53:52.157 24070 24070 I FindFragment: [main] onCreateView
09-07 17:53:52.169   716 23466 V AudioFlinger: registerClient() client 0xe4d15710, pid 24341
09-07 17:53:52.169   716 23466 V AudioFlinger: sendConfigEvent_l() num events 1 event 0
09-07 17:53:52.169   716 23466 I chatty  : uid=1041(audioserver) Binder:716_6 identical 1 line
09-07 17:53:52.169   716 23466 V AudioFlinger: sendConfigEvent_l() num events 1 event 0
09-07 17:53:52.169   716   917 V AudioFlinger: thread 0xe2f15e00 type 0 TID 917 waking up
09-07 17:53:52.169   716   919 V AudioFlinger: thread 0xe2b839c0 type 0 TID 919 waking up
09-07 17:53:52.170   716   919 V AudioFlinger: acquireWakeLock_l() AudioOut_15 status 0
09-07 17:53:52.170   716   919 D AudioFlinger: updateWakeLockUids_l AudioOut_15 uids:
09-07 17:53:52.170   716   919 V AudioFlinger: updateWakeLockUids_l() AudioOut_15 status 0
09-07 17:53:52.170   716   917 V AudioFlinger: acquireWakeLock_l() AudioOut_D status 0
09-07 17:53:52.170   716   917 D AudioFlinger: updateWakeLockUids_l AudioOut_D uids:
09-07 17:53:52.170   716   919 V AudioFlinger: processConfigEvents_l() remaining events 1
09-07 17:53:52.170   716   917 V AudioFlinger: updateWakeLockUids_l() AudioOut_D status 0
09-07 17:53:52.170   716   919 V AudioFlinger: PlaybackThread::ioConfigChanged, thread 0xe2b839c0, event 0
09-07 17:53:52.170   716   917 V AudioFlinger: processConfigEvents_l() remaining events 1
09-07 17:53:52.170   716   917 V AudioFlinger: PlaybackThread::ioConfigChanged, thread 0xe2f15e00, event 0
09-07 17:53:52.170   716   920 V AudioFlinger: thread 0xe2883d00 type 0 TID 920 waking up
09-07 17:53:52.171   716   920 V AudioFlinger: acquireWakeLock_l() AudioOut_25 status 0
09-07 17:53:52.171   716   920 D AudioFlinger: updateWakeLockUids_l AudioOut_25 uids:
09-07 17:53:52.171   716   920 V AudioFlinger: updateWakeLockUids_l() AudioOut_25 status 0
09-07 17:53:52.171   716   920 V AudioFlinger: processConfigEvents_l() remaining events 1
09-07 17:53:52.171   716   920 V AudioFlinger: PlaybackThread::ioConfigChanged, thread 0xe2883d00, event 0
09-07 17:53:52.171   716   920 V AudioFlinger: processConfigEvents_l() DONE thread 0xe2883d00
09-07 17:53:52.173   716   919 V AudioFlinger: processConfigEvents_l() DONE thread 0xe2b839c0
09-07 17:53:52.173   716   917 V AudioFlinger: processConfigEvents_l() DONE thread 0xe2f15e00
09-07 17:53:52.173   716 23466 V APM::AudioPolicyEngine: getDeviceForStrategy() strategy 0, device 2
09-07 17:53:52.189 24341 24341 I PlaybackPreparer: [main] onPlayback preparer prepare, playWhenReady: false
09-07 17:53:52.203 24341 24341 D PlaybackState: setState position:0
09-07 17:53:52.204 24341 24341 D PlaybackState: setActiveQueueItemId mActiveItemId:-1
09-07 17:53:52.204 24341 24341 D MediaSession: setPlaybackState start
09-07 17:53:52.205  2389 27872 D MediaController: onPlaybackStateChanged start####
09-07 17:53:52.205  2389  2506 D vol.MediaSessions: onPlaybackStateChanged cn.missevan STATE_NONE PlaybackState {state=0, position=0, buffered position=0, speed=0.0, updated=484114018, actions=101376, custom actions=[], active item id=-1, error=null}
09-07 17:53:52.205  1710  5418 I chatty  : uid=1000(system) Binder:1710_13 expire 14 lines
09-07 17:53:52.206  2389  2506 D vol.MediaSessions: onMetadataChanged cn.missevan null, null, null
09-07 17:53:52.206 24341 24341 D PlaybackState: setState position:0
09-07 17:53:52.206 24341 24341 D PlaybackState: setActiveQueueItemId mActiveItemId:-1
09-07 17:53:52.206 24341 24341 D MediaSession: setPlaybackState start
09-07 17:53:52.207  2389 27872 D MediaController: onPlaybackStateChanged start####
09-07 17:53:52.207  2389  2506 D vol.MediaSessions: onPlaybackStateChanged cn.missevan STATE_NONE PlaybackState {state=0, position=0, buffered position=0, speed=0.0, updated=484114021, actions=2461191, custom actions=[], active item id=-1, error=null}
09-07 17:53:52.209  2389  2506 D vol.MediaSessions: onMetadataChanged cn.missevan null, null, null
09-07 17:53:52.210  2389  2506 D vol.MediaSessions: onMetadataChanged cn.missevan null, null, null
09-07 17:53:52.021  1710  2176 I chatty  : uid=1000(system) AutobacklightTh identical 3 lines
09-07 17:53:52.219  1710  1710 D NotificationService: handleSavePolicyFile
09-07 17:53:52.225 24070 24070 I ProfileFragment: [main] onCreateView
09-07 17:53:52.261 24341 24341 D Tinker.TinkerLoader: [main] [PendingLog @ 2022-09-07 17:53:50.067] tryLoad test test
09-07 17:53:52.263 24341 24341 W Tinker.TinkerLoader: [main] [PendingLog @ 2022-09-07 17:53:50.072] tryLoadPatchFiles:patch dir not exist:/data/user/0/cn.missevan/tinker
09-07 17:53:52.265 24341 24341 D Tinker.DefaultAppLike: [main] [PendingLog @ 2022-09-07 17:53:50.153] onBaseContextAttached:
09-07 17:53:52.267 24341 24341 D Tinker.DefaultAppLike: [main] [PendingLog @ 2022-09-07 17:53:50.272] onCreate
09-07 17:53:52.327 24070 24335 I BLOG    : [RxCachedThreadScheduler-6] HTTP request: [2022-09-07T09:53:52.202Z] GET https://app.uat.missevan.com/discovery/hot-search 200 118ms 0
09-07 17:53:52.331 24070 24222 I CronetEngine: [thread_background]
09-07 17:53:52.331 24070 24222 I CronetEngine: url: https://app.uat.missevan.com/discovery/hot-search
09-07 17:53:52.331 24070 24222 I CronetEngine:  ip: 10.21.250.10
09-07 17:53:52.331 24070 24222 I CronetEngine:  hostResolverProvider:
09-07 17:53:52.331 24070 24222 I CronetEngine:  hostResolveIps: []
09-07 17:53:52.331 24070 24222 I CronetEngine:
09-07 17:53:52.387 24070 24070 D DexLoader: WebCoreClassLoader - loadClass(com.tencent.smtt.net.SWOfflineFramework$4$1,false)...
09-07 17:53:52.390 24070 24070 I Choreographer: Skipped 40 frames!  The application may be doing too much work on its main thread.
09-07 17:53:52.416 24070 24070 I RecommendFragment: [main] onCreateView
09-07 17:53:52.465 24070 24070 I LiveRecommendFragment: [main] onCreateView
09-07 17:53:52.471 24070 24222 I CronetEngine: [thread_background]
09-07 17:53:52.471 24070 24222 I CronetEngine: url: https://app.uat.missevan.com/person/homepage-icons
09-07 17:53:52.471 24070 24222 I CronetEngine:  ip: 10.21.250.10
09-07 17:53:52.471 24070 24222 I CronetEngine:  hostResolverProvider:
09-07 17:53:52.471 24070 24222 I CronetEngine:  hostResolveIps: []
09-07 17:53:52.471 24070 24222 I CronetEngine:
09-07 17:53:52.476 24070 24350 I BLOG    : [RxCachedThreadScheduler-7] HTTP request: [2022-09-07T09:53:52.359Z] GET https://app.uat.missevan.com/person/homepage-icons 200 109ms 0
09-07 17:53:52.518 24457 24457 I Perf    : Connecting to perf service.
09-07 17:53:52.539 24457 24457 D Tinker.TinkerLoader: tryLoad test test
09-07 17:53:52.543 24457 24457 W Tinker.TinkerLoader: tryLoadPatchFiles:patch dir not exist:/data/user/0/cn.missevan/tinker
09-07 17:53:52.613 24457 24457 D Tinker.DefaultAppLike: onBaseContextAttached:
09-07 17:53:52.622 24457 24457 I MultiDex: VM with version 2.1.0 has multidex support
09-07 17:53:52.622 24457 24457 I MultiDex: Installing application
09-07 17:53:52.622 24457 24457 I MultiDex: VM has multidex support, MultiDex support library is disabled.
09-07 17:53:52.647 24070 24079 V PlayerBase: baseRelease() piid=1415 state=0
09-07 17:53:52.669 24070 24070 I CatalogFragment: [main] onCreateView
09-07 17:53:52.726 24070 24070 I DramaRecommendFragment: [main] onCreateView
09-07 17:53:52.735 24457 24457 D Tinker.DefaultAppLike: onCreate
09-07 17:53:52.744 24070 24070 I UGCRecommendPageFragment: [main] onCreateView
09-07 17:53:52.752 24070 24070 I UGCRecommendPageFragment: [main] initView
09-07 17:53:52.764 24070 24222 I CronetEngine: [thread_background]
09-07 17:53:52.764 24070 24222 I CronetEngine: url: https://fm.uat.missevan.com/api/v2/meta/data
09-07 17:53:52.764 24070 24222 I CronetEngine:  ip: 10.21.250.10
09-07 17:53:52.764 24070 24222 I CronetEngine:  hostResolverProvider:
09-07 17:53:52.764 24070 24222 I CronetEngine:  hostResolveIps: []
09-07 17:53:52.764 24070 24222 I CronetEngine:
09-07 17:53:52.775 24070 24221 I BLOG    : [RxCachedThreadScheduler-2] HTTP request: [2022-09-07T09:53:52.651Z] GET https://fm.uat.missevan.com/api/v2/meta/data 200 108ms 0
09-07 17:53:52.779 24070 24222 I CronetEngine: [thread_background]
09-07 17:53:52.779 24070 24222 I CronetEngine: url: https://fm.uat.missevan.com/api/v2/meta/banner
09-07 17:53:52.779 24070 24222 I CronetEngine:  ip: 10.21.250.10
09-07 17:53:52.779 24070 24222 I CronetEngine:  hostResolverProvider:
09-07 17:53:52.779 24070 24222 I CronetEngine:  hostResolveIps: []
09-07 17:53:52.779 24070 24222 I CronetEngine:
09-07 17:53:52.782 24070 24205 I BLOG    : [RxCachedThreadScheduler-1] HTTP request: [2022-09-07T09:53:52.653Z] GET https://fm.uat.missevan.com/api/v2/meta/banner 200 120ms 0
09-07 17:53:52.793 24070 24222 I CronetEngine: [thread_background]
09-07 17:53:52.793 24070 24222 I CronetEngine: url: https://fm.uat.missevan.com/api/v2/user/rank/top
09-07 17:53:52.793 24070 24222 I CronetEngine:  ip: 10.21.250.10
09-07 17:53:52.793 24070 24222 I CronetEngine:  hostResolverProvider:
09-07 17:53:52.793 24070 24222 I CronetEngine:  hostResolveIps: []
09-07 17:53:52.793 24070 24222 I CronetEngine:
09-07 17:53:52.797 24070 24249 I BLOG    : [RxCachedThreadScheduler-5] HTTP request: [2022-09-07T09:53:52.658Z] GET https://fm.uat.missevan.com/api/v2/user/rank/top 200 116ms 0
09-07 17:53:52.816 24070 24222 I CronetEngine: [thread_background]
09-07 17:53:52.816 24070 24222 I CronetEngine: url: https://app.uat.missevan.com/site/catalog-root
09-07 17:53:52.816 24070 24222 I CronetEngine:  ip: 10.21.250.10
09-07 17:53:52.816 24070 24222 I CronetEngine:  hostResolverProvider:
09-07 17:53:52.816 24070 24222 I CronetEngine:  hostResolveIps: []
09-07 17:53:52.816 24070 24222 I CronetEngine:
09-07 17:53:52.819 24070 24335 I BLOG    : [RxCachedThreadScheduler-6] HTTP request: [2022-09-07T09:53:52.711Z] GET https://app.uat.missevan.com/site/catalog-root 200 101ms 0
09-07 17:53:52.837 24070 24222 I CronetEngine: [thread_background]
09-07 17:53:52.837 24070 24222 I CronetEngine: url: https://fm.uat.missevan.com/api/v2/chatroom/open/list?p=1&type=0
09-07 17:53:52.837 24070 24222 I CronetEngine:  ip: 10.21.250.10
09-07 17:53:52.837 24070 24222 I CronetEngine:  hostResolverProvider:
09-07 17:53:52.837 24070 24222 I CronetEngine:  hostResolveIps: []
09-07 17:53:52.837 24070 24222 I CronetEngine:
09-07 17:53:52.852 24070 24222 I CronetEngine: [thread_background]
09-07 17:53:52.852 24070 24222 I CronetEngine: url: https://app.uat.missevan.com/site/editor-choice
09-07 17:53:52.852 24070 24222 I CronetEngine:  ip: 117.27.226.222
09-07 17:53:52.852 24070 24222 I CronetEngine:  hostResolverProvider:
09-07 17:53:52.852 24070 24222 I CronetEngine:  hostResolveIps: []
09-07 17:53:52.852 24070 24222 I CronetEngine:
09-07 17:53:52.856 24070 24350 I BLOG    : [RxCachedThreadScheduler-7] HTTP request: [2022-09-07T09:53:52.713Z] GET https://app.uat.missevan.com/site/editor-choice 200 135ms 0
09-07 17:53:52.861 24070 24070 W RecyclerView: No adapter attached; skipping layout
09-07 17:53:52.863 24070 24234 I BLOG    : [RxCachedThreadScheduler-3] HTTP request: [2022-09-07T09:53:52.661Z] GET https://fm.uat.missevan.com/api/v2/chatroom/open/list?p=1&type=0 200 170ms 0
09-07 17:53:52.893 24070 24222 I CronetEngine: [thread_background]
09-07 17:53:52.893 24070 24222 I CronetEngine: url: https://app.uat.missevan.com/site/editor-catalog
09-07 17:53:52.893 24070 24222 I CronetEngine:  ip: 117.27.226.222
09-07 17:53:52.893 24070 24222 I CronetEngine:  hostResolverProvider:
09-07 17:53:52.893 24070 24222 I CronetEngine:  hostResolveIps: []
09-07 17:53:52.893 24070 24222 I CronetEngine:
09-07 17:53:52.906 24070 24339 I OpenGLRenderer: Davey! duration=1196ms; Flags=1, IntendedVsync=143873510062284, Vsync=143874176728924, OldestInputEvent=9223372036854775807, NewestInputEvent=0, HandleInputStart=143874189721781, AnimationStart=143874189819021, PerformTraversalsStart=143874190834490, DrawStart=143874668329437, SyncQueued=143874685987927, SyncStart=143874686070323, IssueDrawCommandsStart=143874686386937, SwapBuffers=143874705027406, FrameCompleted=143874706157614, DequeueBufferDuration=200000, QueueBufferDuration=550000,
09-07 17:53:52.929 24070 24565 I BLOG    : [RxCachedThreadScheduler-8] HTTP request: [2022-09-07T09:53:52.724Z] GET https://app.uat.missevan.com/site/editor-catalog 200 154ms 0
09-07 17:53:52.954 24070 24070 I Choreographer: Skipped 33 frames!  The application may be doing too much work on its main thread.
09-07 17:53:52.957 24341 24341 I PlayerService: [main] PlayerService onGetRoot client package name = cn.missevan client uid = 10612, root hints = Bundle[{}]
09-07 17:53:52.976 24457 24457 W .missevan:stat: Accessing hidden method Landroid/app/ActivityThread;->currentApplication()Landroid/app/Application; (light greylist, linking)
09-07 17:53:53.089 24457 24577 D SentryLog: [pool-3-thread-1] SU isn't found on this Device.
09-07 17:53:53.102 24457 24457 W pool-3-thread-1: type=1400 audit(0.0:63483): avc: denied { read } for name="version" dev="proc" ino=4026532090 scontext=u:r:untrusted_app:s0:c100,c258,c512,c768 tcontext=u:object_r:proc_version:s0 tclass=file permissive=0
09-07 17:53:53.122 24457 24457 I SentryLog: [main] Initializing SDK with DSN: 'https://8e68e4623f6348b0b9984471d41e3e2d@sentry.missevan.com/2'
09-07 17:53:53.128 24457 24457 I SentryLog: [main] GlobalHubMode: 'true'
09-07 17:53:53.166 24457 24457 D SentryLog: [main] UncaughtExceptionHandlerIntegration enabled: true
09-07 17:53:53.167 24457 24457 D SentryLog: [main] default UncaughtExceptionHandler class='xcrash.i'
09-07 17:53:53.169 24457 24457 D SentryLog: [main] UncaughtExceptionHandlerIntegration installed.
09-07 17:53:53.171   716   917 V AudioFlinger: releaseWakeLock_l() AudioOut_D
09-07 17:53:53.171 24457 24457 D SentryLog: [main] ShutdownHookIntegration installed.
09-07 17:53:53.171   716   917 V AudioFlinger: thread 0xe2f15e00 type 0 TID 917 going to sleep
09-07 17:53:53.172 24070 24070 D LiveRecommendNavigatorAdapter: [main] size: 60
09-07 17:53:53.174   716   919 V AudioFlinger: releaseWakeLock_l() AudioOut_15
09-07 17:53:53.174   716   919 V AudioFlinger: thread 0xe2b839c0 type 0 TID 919 going to sleep
09-07 17:53:53.175 24457 24457 D SentryLog: [main] SendCachedEventFireAndForgetIntegration installed.
09-07 17:53:53.177 24457 24457 D SentryLog: [main] NdkIntegration enabled: true
09-07 17:53:53.177   716   920 V AudioFlinger: releaseWakeLock_l() AudioOut_25
09-07 17:53:53.177   716   920 V AudioFlinger: thread 0xe2883d00 type 0 TID 920 going to sleep
09-07 17:53:53.178 24457 24457 I sentry-native: using database path "/data/data/cn.missevan/cache/sentry/.sentry-native"
09-07 17:53:53.179 24457 24457 D sentry-native: starting backend
09-07 17:53:53.181 24457 24457 D SentryLog: [main] NdkIntegration installed.
09-07 17:53:53.181 24457 24584 D SentryLog: [pool-2-thread-1] Started processing cached files from /data/user/0/cn.missevan/cache/sentry
09-07 17:53:53.183 24457 24457 D SentryLog: [main] Registering EnvelopeFileObserverIntegration for path: /data/user/0/cn.missevan/cache/sentry/outbox
09-07 17:53:53.187 24457 24457 D SentryLog: [main] EnvelopeFileObserverIntegration installed.
09-07 17:53:53.188 24457 24584 D SentryLog: [pool-2-thread-1] Processing dir. /data/user/0/cn.missevan/cache/sentry
09-07 17:53:53.188 24457 24457 D SentryLog: [main] SendCachedEventFireAndForgetIntegration installed.
09-07 17:53:53.190 24457 24457 D SentryLog: [main] AnrIntegration enabled: true
09-07 17:53:53.191 24457 24457 D SentryLog: [main] ANR timeout in milliseconds: 5000
09-07 17:53:53.194 24457 24457 D SentryLog: [main] AnrIntegration installed.
09-07 17:53:53.195 24457 24584 D SentryLog: [pool-2-thread-1] Processing 0 items from cache dir /data/user/0/cn.missevan/cache/sentry
09-07 17:53:53.198 24457 24457 D SentryLog: [main] enableSessionTracking enabled: true
09-07 17:53:53.200 24457 24457 D SentryLog: [main] enableAppLifecycleBreadcrumbs enabled: true
09-07 17:53:53.211 24457 24584 D SentryLog: [pool-2-thread-1] File /data/user/0/cn.missevan/cache/sentry/outbox is not a File.
09-07 17:53:53.212 24070 24522 D skia    : --- Failed to create image decoder with message 'unimplemented'
09-07 17:53:53.216 24457 24584 D SentryLog: [pool-2-thread-1] Processing file: /data/user/0/cn.missevan/cache/sentry/session.json
09-07 17:53:53.217 24457 24457 D SentryLog: [main] AppLifecycleIntegration installed.
09-07 17:53:53.218 24457 24457 D SentryLog: [main] ActivityLifecycleIntegration enabled: true
09-07 17:53:53.220 24457 24584 D SentryLog: [pool-2-thread-1] File '/data/user/0/cn.missevan/cache/sentry/session.json' doesn't match extension expected.
09-07 17:53:53.220 24457 24457 D SentryLog: [main] ActivityLifecycleIntegration installed.
09-07 17:53:53.222 24457 24457 D SentryLog: [main] UserInteractionIntegration enabled: true
09-07 17:53:53.224 24457 24457 D SentryLog: [main] UserInteractionIntegration installed.
09-07 17:53:53.224 24457 24584 D SentryLog: [pool-2-thread-1] File /data/user/0/cn.missevan/cache/sentry/.sentry-native is not a File.
09-07 17:53:53.225 24457 24457 D SentryLog: [main] AppComponentsBreadcrumbsIntegration enabled: true
09-07 17:53:53.226 24457 24457 D SentryLog: [main] AppComponentsBreadcrumbsIntegration installed.
09-07 17:53:53.227 24457 24584 D SentryLog: [pool-2-thread-1] Finished processing cached files from /data/user/0/cn.missevan/cache/sentry
09-07 17:53:53.228 24457 24457 D SentryLog: [main] SystemEventsBreadcrumbsIntegration enabled: true
09-07 17:53:53.229 24070 24522 D skia    : --- Failed to create image decoder with message 'unimplemented'
09-07 17:53:53.230 24070 24522 D skia    : --- Failed to create image decoder with message 'unimplemented'
09-07 17:53:53.231 24457 24584 D SentryLog: [pool-2-thread-1] Started processing cached files from /data/user/0/cn.missevan/cache/sentry/outbox
09-07 17:53:53.231 24070 24522 D skia    : --- Failed to create image decoder with message 'unimplemented'
09-07 17:53:53.234 24457 24457 D SentryLog: [main] SystemEventsBreadcrumbsIntegration installed.
09-07 17:53:53.234 24457 24584 D SentryLog: [pool-2-thread-1] Processing dir. /data/user/0/cn.missevan/cache/sentry/outbox
09-07 17:53:53.235 24457 24457 D SentryLog: [main] enableSystemEventsBreadcrumbs enabled: true
09-07 17:53:53.237 24070 24222 I CronetEngine: [thread_background]
09-07 17:53:53.237 24070 24222 I CronetEngine: url: https://fm.uat.missevan.com/api/v2/recommended/top
09-07 17:53:53.237 24070 24222 I CronetEngine:  ip: 10.21.250.10
09-07 17:53:53.237 24070 24222 I CronetEngine:  hostResolverProvider:
09-07 17:53:53.237 24070 24222 I CronetEngine:  hostResolveIps: []
09-07 17:53:53.237 24070 24222 I CronetEngine:
09-07 17:53:53.237 24457 24584 D SentryLog: [pool-2-thread-1] Processing 0 items from cache dir /data/user/0/cn.missevan/cache/sentry/outbox
09-07 17:53:53.239 24070 24247 I BLOG    : [RxCachedThreadScheduler-4] HTTP request: [2022-09-07T09:53:53.126Z] GET https://fm.uat.missevan.com/api/v2/recommended/top 200 108ms 0
09-07 17:53:53.240 24457 24584 D SentryLog: [pool-2-thread-1] Finished processing cached files from /data/user/0/cn.missevan/cache/sentry/outbox
09-07 17:53:53.241 24070 24387 D FreeFlowUtils: [glide-disk-cache-thread-0] Origin url: https://static-test.maoercdn.com/live/tags/icon/009_20211111184427.webp, free flow url: https://static-test.maoercdn.com/live/tags/icon/009_20211111184427.webp
09-07 17:53:53.247 24457 24457 I SentryLog: [main] TYPE_AMBIENT_TEMPERATURE is not available.
09-07 17:53:53.249 24457 24457 D SentryLog: [main] enableSystemEventBreadcrumbs enabled: true
09-07 17:53:53.251 24457 24457 D SentryLog: [main] FragmentLifecycleIntegration installed.
09-07 17:53:53.258 24070 24222 I CronetEngine: [thread_background]
09-07 17:53:53.258 24070 24222 I CronetEngine: url: https://fm.uat.missevan.com/api/v2/user/rank/top
09-07 17:53:53.258 24070 24222 I CronetEngine:  ip: 10.21.250.10
09-07 17:53:53.258 24070 24222 I CronetEngine:  hostResolverProvider:
09-07 17:53:53.258 24070 24222 I CronetEngine:  hostResolveIps: []
09-07 17:53:53.258 24070 24222 I CronetEngine:
09-07 17:53:53.260 24070 24565 I BLOG    : [RxCachedThreadScheduler-8] HTTP request: [2022-09-07T09:53:53.131Z] GET https://fm.uat.missevan.com/api/v2/user/rank/top 200 117ms 0
