09-07 17:53:48.717   716   917 V AudioFlinger: processConfigEvents_l() remaining events 1
09-07 17:53:48.717   716   917 V AudioFlinger: PlaybackThread::ioConfigChanged, thread 0xe2f15e00, event 0
09-07 17:53:48.717   716   919 V AudioFlinger: thread 0xe2b839c0 type 0 TID 919 waking up
09-07 17:53:48.718   716   919 V AudioFlinger: acquireWakeLock_l() AudioOut_15 status 0
09-07 17:53:48.718   716   919 D AudioFlinger: updateWakeLockUids_l AudioOut_15 uids:
09-07 17:53:48.718   716   919 V AudioFlinger: updateWakeLockUids_l() AudioOut_15 status 0
09-07 17:53:48.718   716   919 V AudioFlinger: processConfigEvents_l() remaining events 1
09-07 17:53:48.718   716   919 V AudioFlinger: PlaybackThread::ioConfigChanged, thread 0xe2b839c0, event 0
09-07 17:53:48.718   716   920 V AudioFlinger: thread 0xe2883d00 type 0 TID 920 waking up
09-07 17:53:48.719   716   920 V AudioFlinger: acquireWakeLock_l() AudioOut_25 status 0
09-07 17:53:48.719   716   920 D AudioFlinger: updateWakeLockUids_l AudioOut_25 uids:
09-07 17:53:48.719   716   920 V AudioFlinger: updateWakeLockUids_l() AudioOut_25 status 0
09-07 17:53:48.719   716   920 V AudioFlinger: processConfigEvents_l() remaining events 1
09-07 17:53:48.719   716   909 V APM::AudioPolicyEngine: getDeviceForStrategy() strategy 0, device 2
09-07 17:53:48.719   716   920 V AudioFlinger: PlaybackThread::ioConfigChanged, thread 0xe2883d00, event 0
09-07 17:53:48.720   716   919 V AudioFlinger: processConfigEvents_l() DONE thread 0xe2b839c0
09-07 17:53:48.720   716   920 V AudioFlinger: processConfigEvents_l() DONE thread 0xe2883d00
09-07 17:53:48.720   716   917 V AudioFlinger: processConfigEvents_l() DONE thread 0xe2f15e00
09-07 17:53:48.733 24070 24070 W AudioManager: Use of stream types is deprecated for operations other than volume control
09-07 17:53:48.733 24070 24070 W AudioManager: See the documentation of requestAudioFocus() for what to use instead with android.media.AudioAttributes to qualify your playback use case
09-07 17:53:48.763  1710  2083 D ConnectivityService: releasing NetworkRequest [ TRACK_DEFAULT id=3251, [ Capabilities: INTERNET&NOT_RESTRICTED&TRUSTED Unwanted:  Uid: 10612] ] (release request)
09-07 17:53:48.769 24070 24070 E MissEvanHotfixReporterImpl: [main] report: description: patch not need to update, internal_version: 5070300, result_code: 10108, patch_md5: none, process_name: cn.missevan, manufacturer: vivo, env: prod,
09-07 17:53:48.772 24070 24070 I neuron.api: [main]
09-07 17:53:48.794 24254 24254 I Perf    : Connecting to perf service.
09-07 17:53:48.814 24254 24254 D Tinker.TinkerLoader: tryLoad test test
09-07 17:53:48.818 24254 24254 W Tinker.TinkerLoader: tryLoadPatchFiles:patch dir not exist:/data/user/0/cn.missevan/tinker
09-07 17:53:48.884 24254 24254 D Tinker.DefaultAppLike: onBaseContextAttached:
09-07 17:53:48.892 24254 24254 I MultiDex: VM with version 2.1.0 has multidex support
09-07 17:53:48.893 24254 24254 I MultiDex: Installing application
09-07 17:53:48.893 24254 24254 I MultiDex: VM has multidex support, MultiDex support library is disabled.
09-07 17:53:48.932 24070 24102 D LeakCanary: Setting up flushing for Thread[push_client_thread,5,main]
09-07 17:53:48.932 24070 24102 D LeakCanary: Setting up flushing for Thread[CrashCaptureManager,5,main]
09-07 17:53:48.932 24070 24102 D LeakCanary: Setting up flushing for Thread[FrameMetricsAggregator,5,main]
09-07 17:53:48.932 24070 24102 D LeakCanary: Setting up flushing for Thread[BiliCrInit,5,main]
09-07 17:53:48.932 24070 24102 D LeakCanary: Setting up flushing for Thread[ExoPlayer:FrameReleaseChoreographer,5,main]
09-07 17:53:48.933 24070 24102 D LeakCanary: Setting up flushing for Thread[ExoPlayer:Playback,5,main]
09-07 17:53:48.933 24070 24102 D LeakCanary: Setting up flushing for Thread[thread_report,5,main]
09-07 17:53:48.943 24070 24404 D config.Worker: config,ver: null
09-07 17:53:48.943 24070 24404 D ab.Worker: ab,ver: null
09-07 17:53:48.945 24070 24404 W ConfigManager.DefaultFactory: Unexpected: Response{protocol=h2, code=404, message=, url=https://i0.hdslb.com/bfs/fawkes/config/prod/android_missevan.zip}
09-07 17:53:48.977 24254 24254 D Tinker.DefaultAppLike: onCreate
09-07 17:53:49.017 24070 24406 W AudioCapabilities: Unsupported mime audio/adpcm
09-07 17:53:49.017 24070 24406 W AudioCapabilities: Unsupported mime audio/x-ms-adpcm
09-07 17:53:49.018 24070 24406 W AudioCapabilities: Unsupported mime audio/alac
09-07 17:53:49.022 24070 24406 W AudioCapabilities: Unsupported mime audio/ape
09-07 17:53:49.024 24070 24406 W AudioCapabilities: Unsupported mime audio/dsd
09-07 17:53:49.034 24070 24406 W AudioCapabilities: Unsupported mime audio/mpeg-L1
09-07 17:53:49.034 24070 24406 W AudioCapabilities: Unsupported mime audio/mpeg-L2
09-07 17:53:49.039 24070 24406 W AudioCapabilities: Unsupported mime audio/pcm
09-07 17:53:49.040 24070 24406 W AudioCapabilities: Unsupported mime audio/ra
09-07 17:53:49.043 24070 24406 W AudioCapabilities: Unsupported mime audio/x-ms-wma
09-07 17:53:49.058 24070 24406 W VideoCapabilities: Unsupported mime video/divx
09-07 17:53:49.061 24070 24406 W VideoCapabilities: Unsupported mime video/divx3
09-07 17:53:49.064 24070 24406 W VideoCapabilities: Unsupported mime video/divx311
09-07 17:53:49.066 24070 24406 W VideoCapabilities: Unsupported mime video/divx4
09-07 17:53:49.068 24070 24406 W VideoCapabilities: Unsupported mime video/flv1
09-07 17:53:49.070 24070 24406 W VideoCapabilities: Unsupported mime video/x-flv
09-07 17:53:49.081 24070 24406 W VideoCapabilities: Unrecognized profile 4 for video/hevc
09-07 17:53:49.083 24070 24406 W VideoCapabilities: Unsupported mime video/mjpeg
09-07 17:53:49.084 24070 24406 W VideoCapabilities: Unsupported mime video/x-motion-jpeg
09-07 17:53:49.085 24070 24406 W VideoCapabilities: Unrecognized profile/level 0/3 for video/mpeg2
09-07 17:53:49.087 24070 24406 W VideoCapabilities: Unrecognized profile/level 0/3 for video/mpeg2
09-07 17:53:49.094 24070 24406 W VideoCapabilities: Unsupported mime video/rv
09-07 17:53:49.096 24070 24406 W VideoCapabilities: Unsupported mime video/x-ms-wmv
09-07 17:53:49.097 24070 24406 I chatty  : uid=10612(cn.missevan) identical 22 lines
09-07 17:53:49.192  1000 22781 I MediaPlayerService: MediaPlayerService::getVideoBWList
09-07 17:53:49.192  1000 22781 I VideoBlackWhiteList: getLocalInstance
09-07 17:53:49.192  1000 22781 I VideoBlackWhiteList: GetSupportApp name is cn.missevan
09-07 17:53:49.192  1000 22781 I VideoBlackWhiteList: IsSupportApp AppInfolist size is 1
09-07 17:53:49.192  1000 22781 I VideoBlackWhiteList: this client is not in videobwlist
09-07 17:53:49.194 24254 24254 I chatty  : uid=10612 cn.missevan:player.main expire 14 lines
09-07 17:53:49.196 24070 24424 I chatty  : uid=10612(cn.missevan) expire 3 lines
09-07 17:53:49.197  1011  1211 I OMXMaster: makeComponentInstance(OMX.google.mp3.decoder) in omx@1.0-service process
09-07 17:53:49.200  1011  3024 E OMXNodeInstance: setConfig(0xeeda8080:google.mp3.decoder, ConfigPriority(0x6f800002)) ERROR: Undefined(0x80001001)
09-07 17:53:49.201  1011  1211 E OMXNodeInstance: getConfig(0xeeda8080:google.mp3.decoder, ConfigAndroidVendorExtension(0x6f100004)) ERROR: Undefined(0x80001001)
09-07 17:53:49.204   670   670 W AshmemAllocator: ashmem_create_region(8192) returning hidl_memory(0x7d7482c100, 8192)
09-07 17:53:49.210   670   670 W AshmemAllocator: ashmem_create_region(8192) returning hidl_memory(0x7d7482c100, 8192)
09-07 17:53:49.212   670   670 W AshmemAllocator: ashmem_create_region(9216) returning hidl_memory(0x7d7482c100, 9216)
09-07 17:53:49.214   670   670 W AshmemAllocator: ashmem_create_region(9216) returning hidl_memory(0x7d7482c100, 9216)
09-07 17:53:49.226   716   909 V AudioPolicyService: registerClient() client 0xe3404fa0, uid 10612
09-07 17:53:49.226   716   909 V APM::AudioPolicyEngine: getDeviceForStrategy() strategy 0, device 2
09-07 17:53:49.226   716   909 V APM_AudioPolicyManager: selectOutput() commonFlags for output 13, 0000
09-07 17:53:49.226   716   909 V APM_AudioPolicyManager: selectOutput() commonFlags for output 21, 0000
09-07 17:53:49.226   716   909 V APM_AudioPolicyManager: getOutput() stream 3 selected device 00000002, output 13
09-07 17:53:49.226   716   909 V APM::AudioPolicyEngine: getDeviceForStrategy() strategy 0, device 2
09-07 17:53:49.226   716   909 V APM_AudioPolicyManager: selectOutput() commonFlags for output 13, 0000
09-07 17:53:49.226   716   909 V APM_AudioPolicyManager: selectOutput() commonFlags for output 21, 0000
09-07 17:53:49.226   716   909 V APM_AudioPolicyManager: getOutput() stream 3 selected device 00000002, output 13
09-07 17:53:49.226   716   909 V APM::AudioPolicyEngine: getDeviceForStrategy() strategy 0, device 2
09-07 17:53:49.226   716   909 V APM_AudioPolicyManager: selectOutput() commonFlags for output 13, 0000
09-07 17:53:49.226   716   909 V APM_AudioPolicyManager: selectOutput() commonFlags for output 21, 0000
09-07 17:53:49.226   716   909 V APM_AudioPolicyManager: getOutput() stream 3 selected device 00000002, output 13
09-07 17:53:49.230   716   909 V APM_AudioPolicyManager: getOutputForAttr() usage=1, content=2, tag= flags=00000200 session 2785 selectedDeviceId 0
09-07 17:53:49.230   716   909 V APM::AudioPolicyEngine: getDeviceForStrategy() strategy 0, device 2
09-07 17:53:49.230   716   909 V APM_AudioPolicyManager: getOutputForAttr() device 0x2, sampling rate 44100, format 0x1, channel mask 0x3, flags 0x8
09-07 17:53:49.230   716   909 V APM_AudioPolicyManager: selectOutput() commonFlags for output 13, 0000
09-07 17:53:49.230   716   909 V APM_AudioPolicyManager: selectOutput() commonFlags for output 21, 0000
09-07 17:53:49.230   716   909 V AudioPolicyManagerCustom: getOutputForDevice() returns output 13
09-07 17:53:49.230   716   909 V APM_AudioPolicyManager:   getOutputForAttr() returns output 13 selectedDeviceId 3
09-07 17:53:49.230   716   909 V AudioFlinger: createTrack() sessionId: 2785
09-07 17:53:49.234   716   909 W AudioFlinger: createTrack_l(): mismatch between requested flags (00000008) and output flags (00000002)
09-07 17:53:49.234   716   909 D AudioFlinger: Client defaulted notificationFrames to 4725 for frameCount 14176
09-07 17:53:49.234   716   909 D AudioFlinger: createTrack_l, pid:24070, sessionId:2785
09-07 17:53:49.235   716   909 V FeatureService_Native: player pkg name:cn.missevan(24070)
09-07 17:53:49.235   716   909 I ParamService: read_nvsize 1229343048
09-07 17:53:49.235   716   909 D ParamService: read_nvdata 1229343048 | 0xe2197000 | 4096
09-07 17:53:49.235   716   909 D FeatureService_Native: Player(24070,10612,2785) isHifiSupport:0
09-07 17:53:49.235   716   909 D AudioFlinger: isHifiSupport, reply ret:4, value:0
09-07 17:53:49.236   672  5714 D compress_voip: voice_extn_compress_voip_out_get_parameters: enter
09-07 17:53:49.237   716  8224 V AudioFlinger: acquiring 2785 from 24070, for 24070
09-07 17:53:49.237   716  8224 V AudioFlinger:  added new entry for 2785
09-07 17:53:49.242   716   716 W Binder:716_7: type=1400 audit(0.0:63479): avc: denied { search } for name="bbkcore" dev="dm-1" ino=2359297 scontext=u:r:audioserver:s0 tcontext=u:object_r:vivo_data_file:s0 tclass=dir permissive=0
09-07 17:53:49.259   716  8224 V AudioFlinger: start(1), calling pid 24070 session 2785
09-07 17:53:49.259   716  8224 D AudioFlinger: startOutput_POM , POM_id:24070
09-07 17:53:49.259   716  8224 D AudioPolicyManagerCustom: startOutput_POM output:13, stream:3, session:2785, pom_id:24070
09-07 17:53:49.259   716  8224 I APM::AudioPolicyEngine: ###### POM Stack0:  0 0 1
09-07 17:53:49.259   716  8224 I APM::AudioPolicyEngine: ###### POM Stack1:  24070 0 1
09-07 17:53:49.259   716  8224 V APM_AudioPolicyManager: startOutput() output 13, stream 3, session 2785
09-07 17:53:49.259   716  8224 V APM::AudioPolicyEngine: getDeviceForStrategy() strategy 0, device 2
09-07 17:53:49.259   716  8224 V APM_AudioPolicyManager: selectOutputForMusicEffects activeOnly 1 output 13 flags 0x00000002
09-07 17:53:49.259   716  8224 V APM_AudioPolicyManager: selectOutputForMusicEffects selected output 13
09-07 17:53:49.259   716  8224 D AudioPolicyManagerCustom: startOutput isCallPOMStateChange :0, refCount:1
09-07 17:53:49.259   716  8224 V APM::AudioPolicyEngine: getDeviceForStrategy() strategy 0, device 2
09-07 17:53:49.259   716  8224 V APM_AudioPolicyManager: getNewOutputDevice() selected device 2
09-07 17:53:49.259   716  8224 V APM_AudioPolicyManager: setOutputDevice() device 0002 delayMs 0
09-07 17:53:49.259   716  8224 V APM_AudioPolicyManager: setOutputDevice() prevDevice 0x0002
09-07 17:53:49.259   716  8224 V APM::AudioPolicyEngine: getDeviceForStrategy() strategy 0, device 2
09-07 17:53:49.259   716  8224 V APM::AudioPolicyEngine: getDeviceForStrategy() strategy 1, device 1
09-07 17:53:49.260   716  8224 V APM::AudioPolicyEngine: getDeviceForStrategy() strategy 2, device 2
09-07 17:53:49.260   716  8224 V APM::AudioPolicyEngine: getDeviceForStrategy() strategy 0, device 2
09-07 17:53:49.260   716  8224 V APM::AudioPolicyEngine: getDeviceForStrategy() strategy 3, device 2
09-07 17:53:49.260   716  8224 V APM::AudioPolicyEngine: getDeviceForStrategy() strategy 0, device 2
09-07 17:53:49.260   716  8224 V APM::AudioPolicyEngine: getDeviceForStrategy() strategy 4, device 2
09-07 17:53:49.260   716  8224 V APM::AudioPolicyEngine: getDeviceForStrategy() strategy 5, device 2
09-07 17:53:49.260   716  8224 V APM::AudioPolicyEngine: getDeviceForStrategy() strategy 6, device 2
09-07 17:53:49.260   716  8224 V APM::AudioPolicyEngine: getDeviceForStrategy() strategy 7, device 2
09-07 17:53:49.260   716  8224 V APM::AudioPolicyEngine: getDeviceForStrategy() strategy 8, device 2
09-07 17:53:49.260   716  8224 V APM::AudioPolicyEngine: getDeviceForStrategy() strategy 9, device 2
09-07 17:53:49.260   716  8224 V APM_AudioPolicyManager: setOutputDevice() setting same device 0x0002 or null device
09-07 17:53:49.260   716  8224 D APM::VolumeCurve: VOLUME mDeviceCategory 1, mStreamType 3 vol index=[20 30 30], dB=[-53.0 -48.5 -48.5]
09-07 17:53:49.260   716  8224 V APM::AudioPolicyEngine: getDeviceForStrategy() strategy 0, device 2
09-07 17:53:49.260   716  8224 V APM::AudioPolicyEngine: getDeviceForStrategy() strategy 3, device 2
09-07 17:53:49.260   716  8224 V AudioPolicyManagerCustom: checkOutputForStrategy(): policy related outputs
09-07 17:53:49.260   716  8224 V APM::AudioPolicyEngine: getDeviceForStrategy() strategy 0, device 2
09-07 17:53:49.260   716  8224 V APM::AudioPolicyEngine: getDeviceForStrategy() strategy 1, device 1
09-07 17:53:49.260   716  8224 V APM::AudioPolicyEngine: getDeviceForStrategy() strategy 2, device 2
09-07 17:53:49.260   716  8224 V APM::AudioPolicyEngine: getDeviceForStrategy() strategy 0, device 2
09-07 17:53:49.260   716  8224 V APM::AudioPolicyEngine: getDeviceForStrategy() strategy 3, device 2
09-07 17:53:49.260   716  8224 V APM::AudioPolicyEngine: getDeviceForStrategy() strategy 0, device 2
09-07 17:53:49.260   716  8224 V APM::AudioPolicyEngine: getDeviceForStrategy() strategy 4, device 2
09-07 17:53:49.260   716  8224 V APM::AudioPolicyEngine: getDeviceForStrategy() strategy 5, device 2
09-07 17:53:49.260   716  8224 V APM::AudioPolicyEngine: getDeviceForStrategy() strategy 6, device 2
09-07 17:53:49.260   716  8224 V APM::AudioPolicyEngine: getDeviceForStrategy() strategy 7, device 2
09-07 17:53:49.260   716  8224 V APM::AudioPolicyEngine: getDeviceForStrategy() strategy 8, device 2
09-07 17:53:49.260   716  8224 V APM::AudioPolicyEngine: getDeviceForStrategy() strategy 9, device 2
09-07 17:53:49.260   716  8224 D AudioPolicyIntefaceImpl: startOutput_POM oldPhoneState:0,currentPhoneState:0
09-07 17:53:48.966  1710  2176 I chatty  : uid=1000(system) AutobacklightTh identical 1 line
09-07 17:53:49.260  1710  1710 D MediaRouterService: onAudioPlayerActiveStateChanged: uid=10612, active=true, restoreUid=10612
09-07 17:53:49.261  2704  3011 D AudioManager: dispatching onPlaybackConfigChanged()
09-07 17:53:49.261  2704  2704 D AudioManager: dispatching onPlaybackConfigChanged()
09-07 17:53:49.261  5354  5957 D AudioManager: dispatching onPlaybackConfigChanged()
09-07 17:53:49.262  5354  5957 D Avrcp_ext: AudioManager Player: ID:23 -- type:android.media.SoundPool -- u/pid:10018/2389 -- state:idle -- attr:AudioAttributes: usage=USAGE_ASSISTANCE_SONIFICATION content=CONTENT_TYPE_SONIFICATION flags=0x0 tags= bundle=null
09-07 17:53:49.262  5354  5957 D Avrcp_ext: AudioManager Player: ID:967 -- type:android.media.MediaPlayer -- u/pid:10079/26688 -- state:idle -- attr:AudioAttributes: usage=USAGE_UNKNOWN content=CONTENT_TYPE_UNKNOWN flags=0x0 tags= bundle=null
09-07 17:53:49.262  5354  5957 D Avrcp_ext: AudioManager Player: ID:1415 -- type:android.media.AudioTrack -- u/pid:10612/24070 -- state:started -- attr:AudioAttributes: usage=USAGE_MEDIA content=CONTENT_TYPE_MUSIC flags=0x200 tags= bundle=null
09-07 17:53:49.262  5354  5957 D Avrcp_ext: AudioManager isPlaying: true
09-07 17:53:49.262  5354  5957 D PlaybackState: setState position:-1
09-07 17:53:49.262  5354  5957 V Avrcp_ext: updateCurrentMediaState: mMediaController: null
09-07 17:53:49.263  5354  5957 V Avrcp_ext: isMusicActive: true getBluetoothPlayState: 0
09-07 17:53:49.263  5354  5957 V Avrcp_ext: updateCurrentMediaState: isPlaying = false, ck_play = 241
09-07 17:53:49.263  5354  5957 V Avrcp_ext: updateCurrentMediaState: mMediaController or getPlaybackState() null
09-07 17:53:49.263  5354  5957 D PlaybackState: setState position:-1
09-07 17:53:49.263  5354  5957 D PlaybackState: getActiveQueueItemId Id:-1
09-07 17:53:49.263  5354  5957 V Avrcp_ext: Media update: id 0➡-1? [MediaAttributes: none] : [MediaAttributes: 【⋯样 -  by 犬⋯包 (7000 0/0) ]
09-07 17:53:49.263  5354  5957 V Avrcp_ext: Check if NowPlayingList is updated
09-07 17:53:49.263  5354  5957 V Avrcp_ext: newPlayStatus:2mReportedPlayStatus:-1
09-07 17:53:49.263   716  8224 D AudioFlinger: addtrack_l, mSampleRate:48000, mReqSampleRate:44100
09-07 17:53:49.263   716  8224 V AudioFlinger: signal playback thread
09-07 17:53:49.268   716   917 V BufferProvider: CopyBufferProvider(0xe4d1a410)(4, 8, 256)
09-07 17:53:49.268   716   917 V BufferProvider: ReformatBufferProvider(0xe4d1a410)(2, 0x1, 0x5)
09-07 17:53:49.268   716   917 D BufferProvider: setBufferProvider(0x0): mTrackBufferProvider:0x0  mBuffer.frameCount:0
09-07 17:53:49.268   716   917 D AudioFlinger: updateWakeLockUids_l AudioOut_D uids:10612
09-07 17:53:49.268   716   917 V AudioFlinger: updateWakeLockUids_l() AudioOut_D status 0
09-07 17:53:49.269   716   917 V AudioFlinger: anticipated start
09-07 17:53:49.270   672 23118 D audio_hw_primary: start_output_stream: enter: stream(0xe8541000)usecase(0: deep-buffer-playback) devices(0x2)
09-07 17:53:49.271   672 23118 D audio_hw_primary: select_devices for use case (deep-buffer-playback)
09-07 17:53:49.271   672 23118 D audio_hw_primary: select_devices, usecase_flag:0, out_snd_device:2
09-07 17:53:49.271   672 23118 D audio_hw_primary: select_devices: out_snd_device(2: speaker) in_snd_device(0: )
09-07 17:53:49.271   672 23118 I msm8916_platform: platform_check_and_set_codec_backend_cfg:becf: afe: bitwidth 32, samplerate 48000 channels 2, backend_idx 0 usecase = 0 device (speaker)
09-07 17:53:49.271   672 23118 D msm8916_platform: platform_split_snd_device: snd_device(2) num devices(1) new_snd_devices(0)
09-07 17:53:49.271   672 23118 I msm8916_platform: platform_check_and_set_codec_backend_cfg: becf: new_snd_devices[0] is speaker
09-07 17:53:49.271   672 23118 I msm8916_platform: platform_check_codec_backend_cfg:becf: afe: Codec selected backend: 0 current bit width: 32 sample rate: 48000 channels: 2 usecase 0 device (speaker)
09-07 17:53:49.271   672 23118 D msm8916_platform: platform_check_codec_backend_cfg:becf: afe: reset bitwidth to 24 (based on supported value for this platform)
09-07 17:53:49.271   672 23118 D msm8916_platform: platform_check_codec_backend_cfg:becf: afe: playback on codec device not supporting native playback set default Sample Rate(48k)
09-07 17:53:49.271   672 23118 I msm8916_platform: platform_check_codec_backend_cfg:becf: afe: Codec selected backend: 0 updated bit width: 24 sample rate: 48000 channels: 2
09-07 17:53:49.271   672 23118 I msm8916_platform: platform_check_codec_backend_cfg:becf: afe: Codec backend needs to be updated. new bit width: 24 new sample rate: 48000 new channels 2
09-07 17:53:49.271   672 23118 I msm8916_platform: platform_set_codec_backend_cfg:becf: afe: bitwidth 24, samplerate 48000 channels 2 format 3, backend_idx 0 device (speaker)
09-07 17:53:49.272   672 23118 E msm8916_platform: platform_set_codec_backend_cfg:becf: afe: Could not get ctl for mixer command - INT4_MI2S_RX Format
09-07 17:53:49.272   672 23118 D audio_hw_primary: check_usecases_codec_backend:becf: force routing 0
09-07 17:53:49.272   672 23118 E msm8916_platform: platform_check_backends_match: Invalid snd_device =
09-07 17:53:49.272   672 23118 D audio_hw_primary: check_usecases_codec_backend:becf: (63) check_usecases curr device: speaker, usecase device: backends match 0
09-07 17:53:49.272   672 23118 D audio_hw_primary: check_usecases_codec_backend:becf: check_usecases num.of Usecases to switch 0
09-07 17:53:49.272   672 23118 D hardware_info: hw_info_append_hw_type : device_name = speaker
09-07 17:53:49.272   672 23118 D audio_hw_primary: enable_snd_device: device 2:device_name:speaker:ref_cnt:1
09-07 17:53:49.272   672 23118 D msm8916_platform: platform_split_snd_device: snd_device(2) num devices(0) new_snd_devices(0)
09-07 17:53:49.272   672 23118 D audio_hw_primary: enable_snd_device: snd_device(2: speaker)
09-07 17:53:49.272   672 23118 I soundtrigger: audio_extn_sound_trigger_update_device_status: device 0x2 of type 0 for Event 1, with Raise=0
09-07 17:53:49.272   672 23118 D audio_route: Apply path: speaker
09-07 17:53:49.274   672 23118 I audio_hw_utils: audio_extn_utils_update_stream_output_app_type_cfg Allowing 24-bit playback on speaker ONLY at default sampling rate
09-07 17:53:49.274   672 23118 D audio_hw_primary: audio_is_true_native_stream_active:napb: (0) (deep-buffer-playback)id (0) sr 48000 bw (32) device speaker
09-07 17:53:49.274   672 23118 D soundtrigger: audio_extn_sound_trigger_update_stream_status: uc_info->id 0 of type 0 for Event 3, with Raise=1
09-07 17:53:49.274   672 23118 I sound_trigger_platform: platform_stdev_check_and_update_concurrency: Received STREAM event, event type 3, usecase type -412101904
09-07 17:53:49.274   672 23118 D sound_trigger_platform: platform_stdev_check_and_update_concurrency: dedicated path 0, reset backend 1, tx 0, rx 1,concurrency session not allowed
09-07 17:53:49.274   672 23118 D audio_hw_utils: audio_extn_utils_send_app_type_cfg: usecase->out_snd_device speaker
09-07 17:53:49.274   672 23118 D msm8916_platform: platform_split_snd_device: snd_device(2) num devices(0) new_snd_devices(0)
09-07 17:53:49.275   672 23118 D audio_hw_utils: audio_extn_btsco_get_sample_rate:Not a BT SCO device, need not update sampling rate
09-07 17:53:49.275   672 23118 I audio_hw_utils: send_app_type_cfg_for_device PLAYBACK app_type 69936, acdb_dev_id 15, sample_rate 48000, snd_device_be_idx 41
09-07 17:53:49.275   672 23118 D msm8916_platform: platform_split_snd_device: snd_device(2) num devices(1) new_snd_devices(0)
09-07 17:53:49.275   672 23118 D ACDB-LOADER: ACDB -> send_audio_cal, acdb_id = 15, path = 0, app id = 0x11130, sample rate = 48000
09-07 17:53:49.275   672 23118 D ACDB-LOADER: ACDB -> send_asm_topology
09-07 17:53:49.275   672 23118 D ACDB-LOADER: ACDB -> ACDB_CMD_GET_AUDPROC_STREAM_TOPOLOGY_ID
09-07 17:53:49.275   672 23118 D ACDB-LOADER: ACDB -> send_adm_topology
09-07 17:53:49.275   672 23118 D ACDB-LOADER: ACDB -> ACDB_CMD_GET_AUDPROC_COMMON_TOPOLOGY_ID
09-07 17:53:49.275   672 23118 D ACDB-LOADER: ACDB -> send_audtable
09-07 17:53:49.275   672 23118 D ACDB-LOADER: ACDB -> ACDB_CMD_GET_AUDPROC_COMMON_TABLE_SIZE
09-07 17:53:49.275   672 23118 D ACDB-LOADER: ACDB -> ACDB_CMD_GET_AUDPROC_COMMON_TABLE
09-07 17:53:49.275   672 23118 D ACDB-LOADER: ACDB -> AUDIO_SET_AUDPROC_CAL
09-07 17:53:49.276   672 23118 D ACDB-LOADER: ACDB -> send_audvoltable
09-07 17:53:49.276   672 23118 D ACDB-LOADER: ACDB -> ACDB_CMD_GET_AUDPROC_VOL_STEP_TABLE_SIZE
09-07 17:53:49.276   672 23118 D ACDB-LOADER: ACDB -> ACDB_CMD_GET_AUDPROC_GAIN_DEP_STEP_TABLE, vol index 0
09-07 17:53:49.276   672 23118 D         : Failed to fetch the lookup information of the device 0000000F
09-07 17:53:49.276   672 23118 E ACDB-LOADER: Error: ACDB AudProc vol returned = -19
09-07 17:53:49.276   672 23118 D ACDB-LOADER: ACDB -> AUDIO_SET_VOL_CAL cal type = 12
09-07 17:53:49.276   672 23118 D ACDB-LOADER: ACDB -> ACDB_CMD_GET_AUDPROC_STREAM_TABLE_SIZE
09-07 17:53:49.276   672 23118 D ACDB-LOADER: ACDB -> send_audstrmtable
09-07 17:53:49.276   672 23118 D ACDB-LOADER: ACDB -> ACDB_CMD_GET_AUDPROC_STREAM_TABLE_V2
09-07 17:53:49.276   672 23118 D ACDB-LOADER: ACDB -> audstrm_cal->cal_type.cal_data.cal_size = 456
09-07 17:53:49.276   672 23118 D ACDB-LOADER: ACDB -> send_afe_topology
09-07 17:53:49.276   672 23118 D ACDB-LOADER: ACDB -> ACDB_CMD_GET_AFE_TOPOLOGY_ID
09-07 17:53:49.276   672 23118 D ACDB-LOADER: ACDB -> GET_AFE_TOPOLOGY_ID for adcd_id 15, Topology Id 112fc
09-07 17:53:49.276   672 23118 D ACDB-LOADER: ACDB -> send_afe_cal
09-07 17:53:49.276   672 23118 D ACDB-LOADER: ACDB -> ACDB_CMD_GET_AFE_COMMON_TABLE_SIZE
09-07 17:53:49.276   672 23118 D         : Failed to fetch the lookup information of the device 0000000F
09-07 17:53:49.276   672 23118 E ACDB-LOADER: Error: ACDB_CMD_GET_AFE_COMMON_TABLE_SIZE Returned = -19
09-07 17:53:49.276   672 23118 D ACDB-LOADER: ACDB -> ACDB_CMD_GET_AFE_COMMON_TABLE
09-07 17:53:49.276   672 23118 D         : Failed to fetch the lookup information of the device 0000000F
09-07 17:53:49.276   672 23118 E ACDB-LOADER: Error: ACDB AFE returned = -19
09-07 17:53:49.276   672 23118 D ACDB-LOADER: ACDB -> AUDIO_SET_AFE_CAL
09-07 17:53:49.276   672 23118 D ACDB-LOADER: ACDB -> send_hw_delay : acdb_id = 15 path = 0
09-07 17:53:49.276   672 23118 D ACDB-LOADER: ACDB -> ACDB_AVSYNC_INFO: ACDB_CMD_GET_DEVICE_PROPERTY
09-07 17:53:49.276   672 23118 D audio_route: Apply path: deep-buffer-playback speaker
09-07 17:53:49.277   672 23118 D audio_hw_primary: select_devices: done
09-07 17:53:49.277   672 23118 D audio_hw_primary: start_output_stream: Opening PCM device card_id(0) device_id(0) format(0x1),config.rate:48000,bit_width:32
09-07 17:53:49.323 24254 24432 I chatty  : uid=10612 cn.missevan:player.main expire 1 line
09-07 17:53:49.361   672 23118 D msm8916_platform: platform_set_channel_map mixer_ctl_name:Playback Channel Map0
09-07 17:53:49.361   672 23118 D msm8916_platform: platform_set_channel_map: set mapping(1 2 0 0 0 0 0 0) for channel:2
09-07 17:53:49.362   672 23118 D audio_hw_primary: start_output_stream: exit
09-07 17:53:49.362   716   917 D AudioFlinger: ####### XXF  RESAMPLE RESET #######
09-07 17:53:49.363   716   917 D BufferProvider: setBufferProvider(0xdb8d2c00): mTrackBufferProvider:0x0  mBuffer.frameCount:0
09-07 17:53:49.363   716   917 D AudioMixer: setResampler  DYN_HIGH_QUALITY FLAG:0
09-07 17:53:49.373   716   917 V AudioFlinger: mixer(0xe2f15e00) throttle begin: ret(7680) deltaMs(0) requires sleep 10 ms
09-07 17:53:49.401 24254 24435 I chatty  : uid=10612(cn.missevan) pool-2-thread-1 expire 2 lines
09-07 17:53:49.411 24254 24254 D SentryLog: [main] EnvelopeFileObserverIntegration installed.
09-07 17:53:49.413 24254 24435 D SentryLog: [pool-2-thread-1] Processing 1 items from cache dir /data/user/0/cn.missevan/cache/sentry
09-07 17:53:49.413 24254 24254 D SentryLog: [main] SendCachedEventFireAndForgetIntegration installed.
09-07 17:53:49.415 24254 24254 D SentryLog: [main] AnrIntegration enabled: true
09-07 17:53:49.416 24254 24435 D SentryLog: [pool-2-thread-1] File /data/user/0/cn.missevan/cache/sentry/outbox is not a File.
09-07 17:53:49.417 24254 24254 D SentryLog: [main] ANR timeout in milliseconds: 5000
09-07 17:53:49.419 24254 24435 D SentryLog: [pool-2-thread-1] Processing file: /data/user/0/cn.missevan/cache/sentry/session.json
09-07 17:53:49.419 24254 24254 D SentryLog: [main] AnrIntegration installed.
09-07 17:53:49.421 24254 24254 D SentryLog: [main] enableSessionTracking enabled: true
09-07 17:53:49.423 24254 24254 D SentryLog: [main] enableAppLifecycleBreadcrumbs enabled: true
09-07 17:53:49.423 24254 24435 D SentryLog: [pool-2-thread-1] File '/data/user/0/cn.missevan/cache/sentry/session.json' doesn't match extension expected.
09-07 17:53:49.426 24254 24435 D SentryLog: [pool-2-thread-1] File /data/user/0/cn.missevan/cache/sentry/.sentry-native is not a File.
09-07 17:53:49.431 24254 24435 D SentryLog: [pool-2-thread-1] Processing file: /data/user/0/cn.missevan/cache/sentry/a01701ef-f3b3-4b5a-aab2-a22caba423d1.envelope
09-07 17:53:49.433 24254 24254 D SentryLog: [main] AppLifecycleIntegration installed.
09-07 17:53:49.434 24254 24254 D SentryLog: [main] ActivityLifecycleIntegration enabled: true
09-07 17:53:49.435 24254 24254 D SentryLog: [main] ActivityLifecycleIntegration installed.
09-07 17:53:49.436 24254 24254 D SentryLog: [main] UserInteractionIntegration enabled: true
09-07 17:53:49.437 24254 24254 D SentryLog: [main] UserInteractionIntegration installed.
09-07 17:53:49.438 24254 24254 D SentryLog: [main] AppComponentsBreadcrumbsIntegration enabled: true
09-07 17:53:49.439 24254 24254 D SentryLog: [main] AppComponentsBreadcrumbsIntegration installed.
09-07 17:53:49.440 24254 24254 D SentryLog: [main] SystemEventsBreadcrumbsIntegration enabled: true
09-07 17:53:49.444 24254 24254 D SentryLog: [main] SystemEventsBreadcrumbsIntegration installed.
09-07 17:53:49.446 24254 24254 D SentryLog: [main] enableSystemEventsBreadcrumbs enabled: true
09-07 17:53:49.453 24254 24435 D SentryLog: [pool-2-thread-1] Captured Envelope is already cached
09-07 17:53:49.454 24254 24254 I SentryLog: [main] TYPE_AMBIENT_TEMPERATURE is not available.
09-07 17:53:49.456 24254 24254 D SentryLog: [main] enableSystemEventBreadcrumbs enabled: true
09-07 17:53:49.458 24254 24254 D SentryLog: [main] FragmentLifecycleIntegration installed.
09-07 17:53:49.469 24254 24439 D NetworkSecurityConfig: Using Network Security Config from resource g debugBuild: true
09-07 17:53:49.473   716   917 D AudioFlinger: mixer(0xe2f15e00) throttle end: throttle time(83)
09-07 17:53:49.474 24254 24439 I DpmTcmClient: RegisterTcmMonitor from: $Proxy0
09-07 17:53:49.605  1710  2215 E TaskPersister: File error accessing recents directory (directory doesn't exist?).
09-07 17:53:49.620 24070 24136 W cn.missevan: resources.arsc in APK '/data/app/com.tencent.qqmusic-7yfU51SHyq1156g9ETanhw==/base.apk' is compressed.
09-07 17:53:49.678 24070 24136 W cn.missevan: resources.arsc in APK '/data/app/com.netease.cloudmusic-nN51kRtu0cukZcRUCljvwg==/base.apk' is compressed.
09-07 17:53:49.722   716   920 V AudioFlinger: releaseWakeLock_l() AudioOut_25
09-07 17:53:49.722   716   920 V AudioFlinger: thread 0xe2883d00 type 0 TID 920 going to sleep
09-07 17:53:49.727   716   919 V AudioFlinger: releaseWakeLock_l() AudioOut_15
09-07 17:53:49.727   716   919 V AudioFlinger: thread 0xe2b839c0 type 0 TID 919 going to sleep
09-07 17:53:49.739 24254 24254 D NAccs.AccsClientConfig:  build config:AccsClientConfig{mAppKey='umeng:546d7dd7fd98c58fc800082c', mAppSecret='64e8358a59d434e5546720db97ab5996', mInappHost='umengacs.m.taobao.com', mChannelHost='umengjmacs.m.taobao.com', mStoreId='', mSecurity=2, mAuthCode='', mInappPubKey=11, mChannelPubKey=11, mKeepalive=true, mAutoUnit=false, mTag='default', mConfigEnv=0, mDisableChannel=false, mQuickReconnect=false, mAccsHeartbeatEnable=false, mPullUpEnable=false, mForePingEnable=false, mPingTimeout=0}
09-07 17:53:49.740 24254 24254 W NAccs.AccsClientConfig:  build conver old config:AccsClientConfig{mAppKey='umeng:546d7dd7fd98c58fc800082c', mAppSecret='64e8358a59d434e5546720db97ab5996', mInappHost='umengacs.m.taobao.com', mChannelHost='umengjmacs.m.taobao.com', mStoreId='', mSecurity=2, mAuthCode='', mInappPubKey=-1, mChannelPubKey=-1, mKeepalive=true, mAutoUnit=true, mTag='default', mConfigEnv=0, mDisableChannel=false, mQuickReconnect=false, mAccsHeartbeatEnable=false, mPullUpEnable=true, mForePingEnable=false, mPingTimeout=0}
09-07 17:53:49.740 24254 24254 D NAccs.ACCSClient:  init config:AccsClientConfig{mAppKey='umeng:546d7dd7fd98c58fc800082c', mAppSecret='64e8358a59d434e5546720db97ab5996', mInappHost='umengacs.m.taobao.com', mChannelHost='umengjmacs.m.taobao.com', mStoreId='', mSecurity=2, mAuthCode='', mInappPubKey=11, mChannelPubKey=11, mKeepalive=true, mAutoUnit=false, mTag='default', mConfigEnv=0, mDisableChannel=false, mQuickReconnect=false, mAccsHeartbeatEnable=false, mPullUpEnable=false, mForePingEnable=false, mPingTimeout=0}
09-07 17:53:49.741 24254 24254 D UPush.Impl: appkey:546d7dd7fd98c58fc800082c secret:64e8358a59d434e5546720db97ab5996
09-07 17:53:49.746 24254 24455 I NAccs.TaobaoRegister:  register appKey:umeng:546d7dd7fd98c58fc800082c configTag:default
09-07 17:53:49.747 24254 24455 D NAccs.Config:  setAgooAppKey appkey:umeng:546d7dd7fd98c58fc800082c
09-07 17:53:49.749 24254 24455 D NAccs.Config:  setAgooMessageSecret secret:64e8358a59d434e5546720db97ab5996
09-07 17:53:49.749 24254 24439 D SentryLog: [SentryAsyncConnection-0] Envelope sent successfully.
09-07 17:53:49.752 24254 24455 D NAccs.ACCSManager:  getAccsInstance key:default|0
09-07 17:53:49.757 24254 24439 D SentryLog: [SentryAsyncConnection-0] Envelope flushed
09-07 17:53:49.759 24254 24439 D SentryLog: [SentryAsyncConnection-0] Marking envelope submission result: true
09-07 17:53:49.763 24254 24435 D SentryLog: [pool-2-thread-1] Deleted file /data/user/0/cn.missevan/cache/sentry/a01701ef-f3b3-4b5a-aab2-a22caba423d1.envelope.
09-07 17:53:49.768 24254 24435 D SentryLog: [pool-2-thread-1] Finished processing cached files from /data/user/0/cn.missevan/cache/sentry
09-07 17:53:49.775 24254 24435 D SentryLog: [pool-2-thread-1] Started processing cached files from /data/user/0/cn.missevan/cache/sentry/outbox
09-07 17:53:49.779 24254 24435 D SentryLog: [pool-2-thread-1] Processing dir. /data/user/0/cn.missevan/cache/sentry/outbox
09-07 17:53:49.785 24254 24435 D SentryLog: [pool-2-thread-1] Processing 0 items from cache dir /data/user/0/cn.missevan/cache/sentry/outbox
09-07 17:53:49.790 24254 24435 D SentryLog: [pool-2-thread-1] Finished processing cached files from /data/user/0/cn.missevan/cache/sentry/outbox
09-07 17:53:49.821 24254 24455 D NAccs.InAppConn_default:  new connection
09-07 17:53:49.822 24254 24254 W van:player.mai: Accessing hidden method Ldalvik/system/CloseGuard;->get()Ldalvik/system/CloseGuard; (light greylist, reflection)
09-07 17:53:49.822 24254 24254 W van:player.mai: Accessing hidden method Ldalvik/system/CloseGuard;->open(Ljava/lang/String;)V (light greylist, reflection)
09-07 17:53:49.822 24254 24254 W van:player.mai: Accessing hidden method Ldalvik/system/CloseGuard;->warnIfOpen()V (light greylist, reflection)
09-07 17:53:49.824  1710  1841 I ActivityManager: Start proc 24457:cn.missevan:stats/u0a612 for service cn.missevan/com.bilibili.lib.neuron.internal.NeuronRemoteService
09-07 17:53:49.829 24254 24455 I NAccs.Utils:  isMainProcess result:false
09-07 17:53:49.830 24457 24457 I .missevan:stat: Late-enabling -Xcheck:jni
09-07 17:53:49.830 24070 24136 W cn.missevan: resources.arsc in APK '/data/app/com.ss.android.ugc.aweme-H_q9rnj-DK8wWjDeyvpyKQ==/base.apk' is compressed.
09-07 17:53:49.831 24254 24455 I NAccs.ACCSMgrImpl_default:  bindApp appKey:umeng:546d7dd7fd98c58fc800082c
09-07 17:53:49.840 24254 24455 D NAccs.UtilityImpl:  enableService comptName:ComponentInfo{cn.missevan/com.taobao.accs.ChannelService}
09-07 17:53:49.841  1710  2621 W PackageManager: setEnabledSetting  packageName:cn.missevan className:com.taobao.accs.ChannelService newState:1 userId:0 callingPackage:null
09-07 17:53:49.855 24254 24456 D NAccs.FileCheckUtils:  st.getAvailableBlocks()=2233201,st.getAvailableBlocks() * blockSize=9147191296
09-07 17:53:49.863 24254 24455 W NAccs.ACCSMgrImpl_default:  bindApp only allow in main process
09-07 17:53:49.958 24254 24254 D PlayApplication: [main] PlayApplication onCreate.
09-07 17:53:49.988 24457 24457 I .missevan:stat: The ClassLoaderContext is a special shared library.
09-07 17:53:50.028 24070 24136 W cn.missevan: resources.arsc in APK '/data/app/com.sohu.inputmethod.sogou.vivo-yMVtgCaRNquGk3avhhMc6w==/base.apk' is compressed.
09-07 17:53:50.044 24341 24341 I Perf    : Connecting to perf service.
09-07 17:53:50.067 24341 24341 D Tinker.TinkerLoader: tryLoad test test
09-07 17:53:50.072 24341 24341 W Tinker.TinkerLoader: tryLoadPatchFiles:patch dir not exist:/data/user/0/cn.missevan/tinker
09-07 17:53:50.082 24070 24136 W cn.missevan: resources.arsc in APK '/data/app/com.ss.android.ugc.aweme.lite-BPA9_wVMLKQLb1u11USHAg==/base.apk' is compressed.
09-07 17:53:50.101 24254 24254 I MissEvanApplication: [main] current process: cn.missevan:player.main
09-07 17:53:50.124 24254 24254 D BLOG-EVENT-Network: network changed: 3=>1
09-07 17:53:50.134 24254 24254 W LaserActionExecutor: [main] actionClass map is null
09-07 17:53:50.153 24341 24341 D Tinker.DefaultAppLike: onBaseContextAttached:
09-07 17:53:50.162 24254 24254 V HotfixPatchListener: [main] application maxMemory:256
09-07 17:53:50.163 24341 24341 I MultiDex: VM with version 2.1.0 has multidex support
09-07 17:53:50.163 24341 24341 I MultiDex: Installing application
09-07 17:53:50.163 24341 24341 I MultiDex: VM has multidex support, MultiDex support library is disabled.
09-07 17:53:50.176 24070 24406 D AudioTrack: stop() called with 54144 frames delivered
09-07 17:53:50.176   716  8224 V AudioFlinger: stop(1), calling pid 24070
09-07 17:53:50.176   716  8224 V AudioFlinger: not stopping/stopped => stopping/stopped (1) on thread 0xe2f15e00
09-07 17:53:50.178 24070 24406 V PlayerBase: baseStop() piid=1415
09-07 17:53:50.178 24070 24406 W PlayerBase: baseStop state not match:4
09-07 17:53:50.180  1710  1710 D MediaRouterService: onAudioPlayerActiveStateChanged: uid=10612, active=false, delaying
09-07 17:53:50.181  2704  3011 D AudioManager: dispatching onPlaybackConfigChanged()
09-07 17:53:50.182  2704  2704 D AudioManager: dispatching onPlaybackConfigChanged()
09-07 17:53:50.182  5354  5957 D AudioManager: dispatching onPlaybackConfigChanged()
09-07 17:53:50.182  5354  5957 D Avrcp_ext: AudioManager Player: ID:23 -- type:android.media.SoundPool -- u/pid:10018/2389 -- state:idle -- attr:AudioAttributes: usage=USAGE_ASSISTANCE_SONIFICATION content=CONTENT_TYPE_SONIFICATION flags=0x0 tags= bundle=null
09-07 17:53:50.182  5354  5957 D Avrcp_ext: AudioManager Player: ID:967 -- type:android.media.MediaPlayer -- u/pid:10079/26688 -- state:idle -- attr:AudioAttributes: usage=USAGE_UNKNOWN content=CONTENT_TYPE_UNKNOWN flags=0x0 tags= bundle=null
09-07 17:53:50.182  5354  5957 D Avrcp_ext: AudioManager Player: ID:1415 -- type:android.media.AudioTrack -- u/pid:10612/24070 -- state:stopped -- attr:AudioAttributes: usage=USAGE_MEDIA content=CONTENT_TYPE_MUSIC flags=0x200 tags= bundle=null
09-07 17:53:50.182  5354  5957 D Avrcp_ext: AudioManager Player: ID:15 -- type:android.media.SoundPool -- u/pid:1000/1710 -- state:idle -- attr:AudioAttributes: usage=USAGE_ASSISTANCE_SONIFICATION content=CONTENT_TYPE_SONIFICATION flags=0x0 tags= bundle=null
09-07 17:53:50.182  5354  5957 D Avrcp_ext: AudioManager Player: ID:31 -- type:android.media.SoundPool -- u/pid:1000/2713 -- state:idle -- attr:AudioAttributes: usage=USAGE_NOTIFICATION content=CONTENT_TYPE_SONIFICATION flags=0x0 tags= bundle=null
09-07 17:53:50.182  5354  5957 D Avrcp_ext: AudioManager Player: ID:1071 -- type:android.media.MediaPlayer -- u/pid:10018/2389 -- state:stopped -- attr:AudioAttributes: usage=USAGE_NOTIFICATION content=CONTENT_TYPE_SONIFICATION flags=0x0 tags= bundle=null
09-07 17:53:50.182  5354  5957 D Avrcp_ext: AudioManager isPlaying: false
09-07 17:53:50.182  5354  5957 D PlaybackState: setState position:-1
09-07 17:53:50.183  5354  5957 V Avrcp_ext: updateCurrentMediaState: mMediaController: null
09-07 17:53:50.183  5354  5957 V Avrcp_ext: isMusicActive: true getBluetoothPlayState: 0
09-07 17:53:50.183  5354  5957 V Avrcp_ext: updateCurrentMediaState: isPlaying = false, ck_play = 241
09-07 17:53:50.183  5354  5957 V Avrcp_ext: updateCurrentMediaState: mMediaController or getPlaybackState() null
09-07 17:53:50.183  5354  5957 D PlaybackState: setState position:-1
09-07 17:53:50.183  5354  5957 D PlaybackState: getActiveQueueItemId Id:-1
09-07 17:53:50.183  5354  5957 V Avrcp_ext: Media update: id 0➡-1? [MediaAttributes: none] : [MediaAttributes: 【⋯样 -  by 犬⋯包 (7000 0/0) ]
09-07 17:53:50.183  5354  5957 V Avrcp_ext: Check if NowPlayingList is updated
09-07 17:53:50.183  5354  5957 V Avrcp_ext: newPlayStatus:2mReportedPlayStatus:-1
09-07 17:53:50.184 24070 24070 I SplashFragment: [main] Delay times up, mHasRunLaunchMain: true
09-07 17:53:50.198 24254 24254 W Tinker.Tinker: [main] tinker patch directory: /data/user/0/cn.missevan/tinker
09-07 17:53:50.202 24254 24254 I Tinker.Tinker: [main] try to install tinker, isEnable: true, version: 1.9.14.10.4
09-07 17:53:50.205 24254 24254 I Tinker.TinkerLoadResult: [main] parseTinkerResult loadCode:-2, process name:cn.missevan:player.main, main process:false, systemOTA:false, fingerPrint:vivo/PD1728/PD1728:9/PKQ1.180819.001/compiler07281740:user/release-keys, oatDir:null, useInterpretMode:false
09-07 17:53:50.207 24254 24254 W Tinker.TinkerLoadResult: [main] can't find patch file, is ok, just return
09-07 17:53:50.209 24254 24254 I Tinker.DefaultLoadReporter: [main] patch loadReporter onLoadResult: patch load result, path:/data/user/0/cn.missevan/tinker, code: -2, cost: 4ms
09-07 17:53:50.211 24254 24254 W Tinker.Tinker: [main] tinker load fail!
09-07 17:53:50.215 24254 24254 D Tinker.DefaultAppLike: [main] onTrimMemory level:5
09-07 17:53:50.265 24254 24254 I Player.BaseAidlPlayerService: [main] onCreate
09-07 17:53:50.266 24254 24254 I Player.BaseAidlPlayerService: [main] onBind
09-07 17:53:50.271 24070 24070 I Player.SinglePlayerConnection: [main] onServiceConnected, name: {cn.missevan/cn.missevan.lib.common.player.service.aidl.AidlPlayerService}
09-07 17:53:50.272 24341 24341 D Tinker.DefaultAppLike: onCreate
09-07 17:53:50.280 24254 24254 I Player.BaseMediaSessionService: [main] onCreate
09-07 17:53:50.285  1710  2621 I PackageManager: ### pkg:Package{387a64 cn.missevan}
09-07 17:53:50.290 24254 24443 I Player.BaseAidlPlayerService: [Binder:24254_5] setMediaListener
09-07 17:53:50.291  5354  5354 V Avrcp_ext: Set active media session cn.missevan
09-07 17:53:50.292  2389  2506 D vol.MediaSessions: updateRemoteControllerH null
09-07 17:53:50.292  2389  2506 D vol.MediaSessions: onActiveSessionsUpdatedH n=1
09-07 17:53:50.292  5354  5354 D HeadsetService:  isAudioOn: The number of audio connected devices 0
09-07 17:53:50.292  5354  5354 D HeadsetService: isScoOrCallActive(): Call Active:falseCall is Ringing:falseSCO is Active:false
09-07 17:53:50.292  5354  5354 D HeadsetService:  isAudioOn: The number of audio connected devices 0
09-07 17:53:50.293  5354  5957 D HeadsetService:  isAudioOn: The number of audio connected devices 0
09-07 17:53:50.292   716  8224 V APM::AudioPolicyEngine: getDeviceForStrategy() strategy 0, device 2
09-07 17:53:50.293  5354  5957 D HeadsetService: isScoOrCallActive(): Call Active:falseCall is Ringing:falseSCO is Active:false
09-07 17:53:50.293  5354  5354 W Avrcp_ext: playState object null, sending STOPPED
09-07 17:53:50.293  5354  5354 V Avrcp_ext: isBrowseSupported for cn.missevan: true
09-07 17:53:50.293  5354  5957 D HeadsetService:  isAudioOn: The number of audio connected devices 0
09-07 17:53:50.293  5354  5957 W Avrcp_ext: ActiveSession: updated[android.media.session.MediaController@454b79d]
09-07 17:53:50.295  5354  5354 D Avrcp_ext: update #13:MediaPlayerInfo cn.missevan (as '猫耳FM') Type = 1, SubType = 0, Status = 0 Feature Bits [40 41 42 44 45 47 48 58 59 62 65 67] Controller: MediaController (cn.missevan@8723412) null
09-07 17:53:50.295  5354  5354 V Avrcp_ext: updateNewIds: Addressed:13 to 13, Browse:0 to 0
09-07 17:53:50.295  2389  2506 D vol.MediaSessions: onActiveSessionsUpdatedH n=1
09-07 17:53:50.295   716  8224 V APM::AudioPolicyEngine: getDeviceForStrategy() strategy 0, device 2
09-07 17:53:50.296 24070 24070 I MissEvanApplication: [main] SinglePlayerConnection onConnected
09-07 17:53:50.296  5354  5354 D Avrcp_ext: updateCurrentController: null to MediaController (cn.missevan@8723412) null
09-07 17:53:50.296 24070 24070 I Player.SinglePlayerConnection: [main] updateAllConfig
09-07 17:53:50.297  2389  2506 D vol.MediaSessions: onActiveSessionsUpdatedH n=1
09-07 17:53:50.297  5354  5354 D PlaybackState: setState position:-1
09-07 17:53:50.298  5354  5354 V Avrcp_ext: updateCurrentMediaState: mMediaController: MediaController (cn.missevan@8723412) null
09-07 17:53:50.298   716  8224 V APM::AudioPolicyEngine: getDeviceForStrategy() strategy 0, device 2
09-07 17:53:50.298  5354  5354 V Avrcp_ext: isMusicActive: true getBluetoothPlayState: 0
09-07 17:53:50.299  2389  2506 D vol.MediaSessions: updateRemoteControllerH null
09-07 17:53:50.299  2389  2506 D vol.MediaSessions: onActiveSessionsUpdatedH n=1
09-07 17:53:50.299  5354  5354 D Avrcp_ext: updateCurrentMediaState: playState is null, mAudioManagerIsPlaying=false, isMusicActive=true
09-07 17:53:50.300   716  8224 V APM::AudioPolicyEngine: getDeviceForStrategy() strategy 0, device 2
09-07 17:53:50.301 24254 24254 I Player.BaseMediaSessionService: [main] init media session.
09-07 17:53:50.301  5354  5354 V Avrcp_ext: updateCurrentMediaState: get media attributes:
09-07 17:53:50.302  5354  5354 W Avrcp_ext: playState object null, sending STOPPED
09-07 17:53:50.302  5354  5354 I Avrcp_ext: Skipping update due to invalid playback state
09-07 17:53:50.302  5354  5354 V Avrcp_ext: updatePlaybackState, state: null device: null
09-07 17:53:50.302  5354  5354 V Avrcp_ext: Device: no name:
09-07 17:53:50.302  5354  5354 V Avrcp_ext: Device: no name:
09-07 17:53:50.302  5354  5354 V Avrcp_ext: updatePlayerStateAndPosition, old=PlaybackState {state=0, position=0, buffered position=0, speed=0.0, updated=0, actions=2363190, custom actions=[], active item id=-1, error=null}, state=null
09-07 17:53:50.302  5354  5354 I Avrcp_ext: updatePlayerStateAndPosition: device: state = null
09-07 17:53:50.302  5354  5354 V Avrcp_ext: Player 13 package: cn.missevan
09-07 17:53:50.303  5354  5957 V Avrcp_ext: ActiveSession: MediaController (com.android.bbkmusic@454b79d) null
09-07 17:53:50.303  5354  5957 W Avrcp_ext: playState object null, sending STOPPED
09-07 17:53:50.303  5354  5957 V Avrcp_ext: isBrowseSupported for com.android.bbkmusic: true
09-07 17:53:50.304  5354  5957 D Avrcp_ext: update #1:MediaPlayerInfo com.android.bbkmusic (as 'i 音乐') Type = 1, SubType = 0, Status = 0 Feature Bits [40 41 42 44 45 47 48 58 59 62 65 67] Controller: MediaController (com.android.bbkmusic@454b79d) null
09-07 17:53:50.304  5354  5957 W Avrcp_ext: ActiveSession: browseSelectedfalsemBrowsedPlayerExistfalse
09-07 17:53:50.304  5354  5957 W Avrcp_ext: Browse Player killed OR not launched yet !!!!
09-07 17:53:50.304  5354  5957 D PlaybackState: setState position:-1
09-07 17:53:50.304  5354  5957 V Avrcp_ext: updateCurrentMediaState: mMediaController: MediaController (cn.missevan@8723412) null
09-07 17:53:50.304  5354  5957 V Avrcp_ext: isMusicActive: true getBluetoothPlayState: 0
09-07 17:53:50.305  5354  5957 D Avrcp_ext: updateCurrentMediaState: playState is null, mAudioManagerIsPlaying=false, isMusicActive=true
09-07 17:53:50.305  5354  5957 V Avrcp_ext: updateCurrentMediaState: get media attributes:
09-07 17:53:50.306 24254 24443 I Player.AidlPlayerService: [Binder:24254_5] updateAllConfig, configs: Bundle[mParcelledData.dataSize=188]
09-07 17:53:50.306  5354  5957 W Avrcp_ext: playState object null, sending STOPPED
09-07 17:53:50.306  5354  5957 I Avrcp_ext: Skipping update due to invalid playback state
09-07 17:53:50.306  5354  5957 V Avrcp_ext: updatePlaybackState, state: null device: null
09-07 17:53:50.306  5354  5957 V Avrcp_ext: Device: no name:
09-07 17:53:50.306  5354  5957 V Avrcp_ext: Device: no name:
09-07 17:53:50.306  5354  5957 V Avrcp_ext: updatePlayerStateAndPosition, old=PlaybackState {state=0, position=0, buffered position=0, speed=0.0, updated=0, actions=2363190, custom actions=[], active item id=-1, error=null}, state=null
09-07 17:53:50.306  5354  5957 I Avrcp_ext: updatePlayerStateAndPosition: device: state = null
09-07 17:53:50.307 24254 24254 I Player.MediaSession: [main] init
09-07 17:53:50.308 24254 24254 I Player.MediaSession: [main] initPlayerCoreEvent
09-07 17:53:50.309 24254 24254 I Player.MediaSession: [main] createNewCore
09-07 17:53:50.309  5354  5957 D HeadsetService:  isAudioOn: The number of audio connected devices 0
09-07 17:53:50.310  5354  5957 D HeadsetService: isScoOrCallActive(): Call Active:falseCall is Ringing:falseSCO is Active:false
09-07 17:53:50.310  5354  5957 D HeadsetService:  isAudioOn: The number of audio connected devices 0
09-07 17:53:50.310  5354  5957 W Avrcp_ext: ActiveSession: updated[android.media.session.MediaController@c69d7e3]
09-07 17:53:50.311  5354  5957 V Avrcp_ext: ActiveSession: MediaController (com.android.bbkmusic@c69d7e3) null
09-07 17:53:50.311  5354  5957 W Avrcp_ext: playState object null, sending STOPPED
09-07 17:53:50.314  5354  5957 V Avrcp_ext: isBrowseSupported for com.android.bbkmusic: true
09-07 17:53:50.316  5354  5957 D Avrcp_ext: update #1:MediaPlayerInfo com.android.bbkmusic (as 'i 音乐') Type = 1, SubType = 0, Status = 0 Feature Bits [40 41 42 44 45 47 48 58 59 62 65 67] Controller: MediaController (com.android.bbkmusic@c69d7e3) null
09-07 17:53:50.316  5354  5957 W Avrcp_ext: ActiveSession: browseSelectedfalsemBrowsedPlayerExistfalse
