09-07 16:55:43.395 18625 18687 D BLOG    : [DefaultDispatcher-worker-2] MissEvanFileMigrateHelper start move /storage/emulated/0/Download/MaoerFM/sound_blob to /storage/emulated/0/Android/data/cn.missevan/files/Audio/SoundBlob
09-07 16:55:43.396  1710  4298 I chatty  : uid=1000(system) Binder:1710_10 expire 1 line
09-07 16:55:43.397  1710  5421 I chatty  : uid=1000(system) Binder:1710_14 expire 1 line
09-07 16:55:43.403 18625 18687 D MissEvanFileMigrateHelper: [DefaultDispatcher-worker-2] /storage/emulated/0/Download/MaoerFM/sound_blob/.temp dir is empty
09-07 16:55:43.404 18625 18687 D BLOG    : [DefaultDispatcher-worker-2] MissEvanFileMigrateHelper move /storage/emulated/0/Download/MaoerFM/sound_blob to /storage/emulated/0/Android/data/cn.missevan/files/Audio/SoundBlob done. cost 8 ms
09-07 16:55:43.404 18625 18687 D BLOG    : [DefaultDispatcher-worker-2] MissEvanFileMigrateHelper move4Q /storage/emulated/0/Download/MaoerFM/sound_blob to /storage/emulated/0/Android/data/cn.missevan/files/Audio/SoundBlob success
09-07 16:55:43.406  1710  4298 D ConnectivityService: requestNetwork for uid/pid:10612/18625 NetworkRequest [ TRACK_DEFAULT id=3227, [ Capabilities: INTERNET&NOT_RESTRICTED&TRUSTED Unwanted:  Uid: 10612] ]
09-07 16:55:43.407  1710  2069 I chatty  : uid=1000(system) WifiStateMachin expire 2 lines
09-07 16:55:43.407  1710  2156 I chatty  : uid=1000(system) EthernetService expire 1 line
09-07 16:55:43.407  1710  2083 D ConnectivityService: isWifiPoorLink:false, nai.everValidated:true, networkType:1, networkDetailedState:CONNECTED, nai.isLingering():false, unneeded(nai, UnneededFor.TEARDOWN):false
09-07 16:55:43.408  2762  2762 D PhoneSwitcherNetworkRequstListener: got request NetworkRequest [ TRACK_DEFAULT id=3227, [ Capabilities: INTERNET&NOT_RESTRICTED&TRUSTED Unwanted:  Uid: 10612] ] with score 60
09-07 16:55:43.413 18625 18687 D BLOG    : [DefaultDispatcher-worker-2] MissEvanFileMigrateHelper move4Q /storage/emulated/0/Download/MaoerFM/Alarm to /storage/emulated/0/Android/data/cn.missevan/files/Audio/Alarm start
09-07 16:55:43.413  1710  2083 D ConnectivityService: isWifiPoorLink:false, nai.everValidated:true, networkType:1, networkDetailedState:CONNECTED, nai.isLingering():false, unneeded(nai, UnneededFor.TEARDOWN):false
09-07 16:55:43.414 18625 18687 D BLOG    : [DefaultDispatcher-worker-2] MissEvanFileMigrateHelper start move /storage/emulated/0/Download/MaoerFM/Alarm to /storage/emulated/0/Android/data/cn.missevan/files/Audio/Alarm
09-07 16:55:43.415 18625 18687 D MissEvanFileMigrateHelper: [DefaultDispatcher-worker-2] /storage/emulated/0/Download/MaoerFM/Alarm dir is empty
09-07 16:55:43.416 18625 18687 D BLOG    : [DefaultDispatcher-worker-2] MissEvanFileMigrateHelper move /storage/emulated/0/Download/MaoerFM/Alarm to /storage/emulated/0/Android/data/cn.missevan/files/Audio/Alarm done. cost 1 ms
09-07 16:55:43.417 18625 18687 D BLOG    : [DefaultDispatcher-worker-2] MissEvanFileMigrateHelper move4Q /storage/emulated/0/Download/MaoerFM/Alarm to /storage/emulated/0/Android/data/cn.missevan/files/Audio/Alarm success
09-07 16:55:43.445 18625 18906 I chromium: [0907/165543.445840:INFO:httpdns.cc(234)] OnEffectiveConnectionTypeChanged called by httpdns context networks 5
09-07 16:55:43.453 18625 18699 D UMLog   : : 90 https://developer.umeng.com/docs/66632/detail/66976?um_channel=sdk
09-07 16:55:43.464  1710  4298 I chatty  : uid=1000(system) Binder:1710_10 expire 9 lines
09-07 16:55:43.493 18625 18893 D SentryLog: [SentryAsyncConnection-0] Envelope sent successfully.
09-07 16:55:43.495 18625 18906 E chromium: [0907/165543.494334:ERROR:request.cc(346)] Error net::ERR_CONNECTION_RESET on chromium request: http://203.107.1.34/191607/resolve?host=app.uat.missevan.com&query=4
09-07 16:55:43.495 18625 18893 D SentryLog: [SentryAsyncConnection-0] Discarding envelope from cache: /data/user/0/cn.missevan/cache/sentry/bafc107407874b778c596ccb45c69e15.envelope
09-07 16:55:43.495 18625 18905 E chromium: [0907/165543.495689:ERROR:response_handler.cc(47)] OnFailed net::ERR_CONNECTION_RESET
09-07 16:55:43.496 18625 18893 D SentryLog: [SentryAsyncConnection-0] Envelope flushed
09-07 16:55:43.499  1710  2521 I chatty  : uid=1000(system) Binder:1710_5 expire 1 line
09-07 16:55:43.520 18898 18898 I missevan:playe: The ClassLoaderContext is a special shared library.
09-07 16:55:43.547 18625 18896 I Adreno  : QUALCOMM build                   : 9128d71, Ib33d3e8e13
09-07 16:55:43.547 18625 18896 I Adreno  : Build Date                       : 11/02/18
09-07 16:55:43.547 18625 18896 I Adreno  : OpenGL ES Shader Compiler Version: EV031.25.03.01
09-07 16:55:43.547 18625 18896 I Adreno  : Local Branch                     :
09-07 16:55:43.547 18625 18896 I Adreno  : Remote Branch                    :
09-07 16:55:43.547 18625 18896 I Adreno  : Remote Branch                    :
09-07 16:55:43.547 18625 18896 I Adreno  : Reconstruct Branch               :
09-07 16:55:43.547 18625 18896 I Adreno  : Build Config                     : S L 6.0.7 AArch64
09-07 16:55:43.552 18625 18896 I Adreno  : PFP: 0x005ff112, ME: 0x005ff066
09-07 16:55:43.553 18625 18896 I ConfigStore: android::hardware::configstore::V1_0::ISurfaceFlingerConfigs::hasWideColorDisplay retrieved: 0
09-07 16:55:43.553 18625 18896 I ConfigStore: android::hardware::configstore::V1_0::ISurfaceFlingerConfigs::hasHDRDisplay retrieved: 0
09-07 16:55:43.554 18625 18896 I OpenGLRenderer: Initialized EGL, version 1.4
09-07 16:55:43.554 18625 18896 D OpenGLRenderer: Swap behavior 2
09-07 16:55:43.556 18625 18699 D MobclickAgent: :{"sessions":[{"id":"9327447B8479A3B5101E6467A77914C5","start_time":"1662540943177"}]}
09-07 16:55:43.556 18625 18699 D MobclickAgent: :{"active_user":{"provider":"_adhoc","puid":"14241060"}}
09-07 16:55:43.556 18625 18699 D MobclickAgent: :{"sdk_version":"9.5.0","device_id":"776ba695d5c3ba5d","device_model":"vivo X21A","version":5070300,"appkey":"546d7dd7fd98c58fc800082c","channel":"missevan"}
09-07 16:55:43.563   718  4098 E         : IProducerListener: malformed binder reply
09-07 16:55:43.574 18625 18699 D UMLog   : : 90 https://developer.umeng.com/docs/66632/detail/66976?um_channel=sdk
09-07 16:55:43.578 18625 18699 D MobclickAgent:  : ReportByInterval
09-07 16:55:43.579 18625 18699 D UMLog   : : 90 https://developer.umeng.com/docs/66632/detail/66976?um_channel=sdk
09-07 16:55:43.596 18625 18625 I BLOG    : [main] MyNetWorkChangeReceiver action=android.net.conn.CONNECTIVITY_CHANGE
09-07 16:55:43.632  8163 11909 E memtrack: Couldn't load memtrack module
09-07 16:55:43.633  8163 11909 W android.os.Debug: failed to get memory consumption info: -1
09-07 16:55:43.675  1710  1863 I chatty  : uid=1000(system) android.display expire 1 line
09-07 16:55:43.686 18625 18625 W MainActivityViewModel: [main] DownloadFileResolver, Start process local downloaded files!!!
09-07 16:55:43.704  4737  4737 D logVersionTime: 20201215
09-07 16:55:43.709 18625 18699 D MobclickAgent: :{"ekv":[{"7B6633B740B5594E68316E41E0DD49DA":[{"id":"$$_onUMengEnterForeground","ts":1662540942826,"activityName":"cn.missevan.activity.MainActivity@82713ca","pid":18625,"isMainProcess":1,"pairUUID":"3b5a0cdd-48af-4216-862f-fcaa60f6d3aa","ds":0,"pn":"cn.missevan"}]}]}
09-07 16:55:43.709 18625 18699 D MobclickAgent: :{"sessions":[{"id":"7B6633B740B5594E68316E41E0DD49DA","start_time":"1662536467792","end_time":"1662537348749","duration":880957,"traffic":{"download_traffic":172039164,"upload_traffic":6191758},"pages":[{"page_name":"cn.missevan.activity.MainActivity","duration":239203,"type":0,"ts":1662536467792},{"page_name":"cn.missevan.activity.MainActivity","duration":23405,"type":0,"ts":1662536708458},{"page_name":"cn.missevan.activity.MainActivity","duration":615916,"type":0,"ts":1662536732833}],"$page_num":3}]}
09-07 16:55:43.709 18625 18699 D MobclickAgent: :{"active_user":{"provider":"_adhoc","puid":"14241060"}}
09-07 16:55:43.710 18625 18699 D MobclickAgent: :{"sdk_version":"9.5.0","device_id":"776ba695d5c3ba5d","device_model":"vivo X21A","version":5070300,"appkey":"546d7dd7fd98c58fc800082c","channel":"missevan"}
09-07 16:55:43.711 18625 18715 I UPush.BaseService: onHandleWork
09-07 16:55:43.711 18625 18715 I UPush.MessageHandlerService: action: com.umeng.message.action command:enable
09-07 16:55:43.711 18625 18715 I UPush.MessageHandlerService: push open status:true
09-07 16:55:43.726 18625 18686 I DownloadFileResolver: [DefaultDispatcher-worker-1] Found downloaded files: 0
09-07 16:55:43.728  1710  5422 I chatty  : uid=1000(system) Binder:1710_15 expire 1 line
09-07 16:55:43.734 18625 18762 I BLOG    : [RxCachedThreadScheduler-1] HTTP request: [2022-09-07T08:55:42.850Z] GET https://data.uat.missevan.com/v2/site/notifications?active=1 200 867ms 0
09-07 16:55:43.747 18625 18784 I CronetEngine: [thread_background]
09-07 16:55:43.747 18625 18784 I CronetEngine: url: https://data.uat.missevan.com/v2/site/notifications?active=1
09-07 16:55:43.747 18625 18784 I CronetEngine:  ip: 10.21.250.10
09-07 16:55:43.747 18625 18784 I CronetEngine:  hostResolverProvider: system
09-07 16:55:43.747 18625 18784 I CronetEngine:  hostResolveIps: ["10.21.250.10"]
09-07 16:55:43.747 18625 18784 I CronetEngine:
09-07 16:55:43.749  1710  1840 I chatty  : uid=1000(system) android.ui expire 2 lines
09-07 16:55:43.749  1710  1768 I chatty  : uid=1000(system) Binder:1710_2 expire 3 lines
09-07 16:55:43.754  4737  4737 D MainImeServiceDel: mHandler = 76
09-07 16:55:43.754 18625 18625 D LeakCanary: Watching instance of androidx.fragment.app.FragmentManagerViewModel (androidx.fragment.app.FragmentManagerViewModel received ViewModel#onCleared() callback) with key 2e3ede64-35db-490f-a9bd-5a980807492d
09-07 16:55:43.758 18625 18625 D LeakCanary: Watching instance of leakcanary.internal.ViewModelClearedWatcher (leakcanary.internal.ViewModelClearedWatcher received ViewModel#onCleared() callback) with key 0c42f743-4ec3-4257-ad1d-1ce2d558e650
09-07 16:55:43.759 18625 18625 D LeakCanary: Watching instance of androidx.lifecycle.ReportFragment (androidx.lifecycle.ReportFragment received Fragment#onDestroy() callback) with key 477f9d55-f1bd-481c-a3b6-5a54cb6434b6
09-07 16:55:43.760 18625 18625 D LeakCanary: Watching instance of cn.missevan.activity.SplashActivity (cn.missevan.activity.SplashActivity received Activity#onDestroy() callback) with key 33e48ce1-987b-40f1-96f7-687a57e8edbf
09-07 16:55:43.760  1710  4298 I chatty  : uid=1000(system) Binder:1710_10 expire 1 line
09-07 16:55:43.765 18625 18784 I CronetEngine: [thread_background]
09-07 16:55:43.765 18625 18784 I CronetEngine: url: https://fm.uat.missevan.com/api/user/info
09-07 16:55:43.765 18625 18784 I CronetEngine:  ip: 10.21.250.10
09-07 16:55:43.765 18625 18784 I CronetEngine:  hostResolverProvider: system
09-07 16:55:43.765 18625 18784 I CronetEngine:  hostResolveIps: ["10.21.250.10"]
09-07 16:55:43.765 18625 18784 I CronetEngine:
09-07 16:55:43.770 18625 18700 D MobclickAgent: : !
09-07 16:55:43.781 18625 18794 I BLOG    : [RxCachedThreadScheduler-3] HTTP request: [2022-09-07T08:55:42.560Z] GET https://fm.uat.missevan.com/api/user/info 200 1155ms 0
09-07 16:55:43.782 18625 18784 I CronetEngine: [thread_background]
09-07 16:55:43.782 18625 18784 I CronetEngine: url: https://app.uat.missevan.com/site/tabs
09-07 16:55:43.782 18625 18784 I CronetEngine:  ip: 10.21.250.10
09-07 16:55:43.782 18625 18784 I CronetEngine:  hostResolverProvider:
09-07 16:55:43.782 18625 18784 I CronetEngine:  hostResolveIps: []
09-07 16:55:43.782 18625 18784 I CronetEngine:
09-07 16:55:43.783 18625 18878 I UPush.Prefs: type:user_id,alias:umeng:dev14241060,exclusive:0
09-07 16:55:43.784 18625 18801 I BLOG    : [RxCachedThreadScheduler-5] HTTP request: [2022-09-07T08:55:43.127Z] GET https://app.uat.missevan.com/site/tabs 200 586ms 0
09-07 16:55:43.787 18625 18800 I BLOG    : [RxCachedThreadScheduler-4] HTTP request: [2022-09-07T08:55:43.084Z] GET https://app.uat.missevan.com/site/get-emote 200 630ms 0
09-07 16:55:43.791 18625 18784 I CronetEngine: [thread_background]
09-07 16:55:43.791 18625 18784 I CronetEngine: url: https://app.uat.missevan.com/site/config
09-07 16:55:43.791 18625 18784 I CronetEngine:  ip: 10.21.250.10
09-07 16:55:43.791 18625 18784 I CronetEngine:  hostResolverProvider:
09-07 16:55:43.791 18625 18784 I CronetEngine:  hostResolveIps: []
09-07 16:55:43.791 18625 18784 I CronetEngine:
09-07 16:55:43.792 18625 18784 I CronetEngine: [thread_background]
09-07 16:55:43.792 18625 18784 I CronetEngine: url: https://app.uat.missevan.com/site/get-emote
09-07 16:55:43.792 18625 18784 I CronetEngine:  ip: 10.21.250.10
09-07 16:55:43.792 18625 18784 I CronetEngine:  hostResolverProvider: system
09-07 16:55:43.792 18625 18784 I CronetEngine:  hostResolveIps: ["10.21.250.10"]
09-07 16:55:43.792 18625 18784 I CronetEngine:
09-07 16:55:43.798 18625 18625 D LeakCanary: Watching instance of com.umeng.message.component.UmengMessageHandlerService (com.umeng.message.component.UmengMessageHandlerService received Service#onDestroy() callback) with key ad8f7f33-ea12-4b58-ad11-6ff984e179df
09-07 16:55:43.800 32400 32547 D MemoryCeilingMonitor: [handleMemoryCalculate]
09-07 16:55:43.801 32400 32547 D MemoryCeilingMonitor: [calculate] tot: 3136576, max: 268435456, free: 553600, heap: 2582976, per: 0.009622335433959961
09-07 16:55:43.814 18625 18686 I EmoteUtil: [DefaultDispatcher-worker-1] Same emoticon package. load emotes from local..
09-07 16:55:43.826 18625 18699 D MobclickAgent: : 9327447B8479A3B5101E6467A77914C5
09-07 16:55:43.828 18625 18878 I UPush.Prefs: count:1
09-07 16:55:43.828 18625 18878 I UPush.Prefs: typeTmp:user_id,aliasTmp:umeng:dev14241060,type:user_id,alias:umeng:dev14241060
09-07 16:55:43.829 18625 18878 D UPush.Track: addAlias: <dev14241060, user_id> has been synced to the server before. Ignore this request
09-07 16:55:43.829 18625 18784 I CronetEngine: [thread_background]
09-07 16:55:43.829 18625 18784 I CronetEngine: url: https://app.uat.missevan.com/site/launch?app_sign=926d1dd5ca9cbb9704250acdd3c95abb&supported_abis=arm64-v8a%2Carmeabi-v7a%2Carmeabi&runtime_abi=arm64-v8a&version_code=5070300
09-07 16:55:43.829 18625 18784 I CronetEngine:  ip: 10.21.250.10
09-07 16:55:43.829 18625 18784 I CronetEngine:  hostResolverProvider:
09-07 16:55:43.829 18625 18784 I CronetEngine:  hostResolveIps: []
09-07 16:55:43.829 18625 18784 I CronetEngine:
09-07 16:55:43.831 18625 18891 D SentryLog: [RxCachedThreadScheduler-6] Capturing transaction: ab934691a5d848ca998b809961403010
09-07 16:55:43.837 18625 18893 D SentryLog: [SentryAsyncConnection-0] Adding Envelope to offline storage: /data/user/0/cn.missevan/cache/sentry/ab934691a5d848ca998b809961403010.envelope
09-07 16:55:43.840  1710  2023 I Letterbox: setColorInner, color = ffffffff, callers = com.android.server.wm.VivoBaseLetterbox$VivoBaseLetterboxSurface.setColor:66 com.android.server.wm.VivoBaseLetterbox.setColors:46 com.android.server.wm.VivoBaseAppWindowToken.updateLetterboxColor:323 com.android.server.wm.VivoBaseAppWindowToken.updateLetterboxSurface:82 com.android.server.wm.AppWindowToken.updateLetterboxSurface:1669
09-07 16:55:43.846   718   803 W SurfaceFlinger: Attempting to set client state on removed layer: Splash Screen cn.missevan#0
09-07 16:55:43.846   718   803 W SurfaceFlinger: Attempting to destroy on removed layer: Splash Screen cn.missevan#0
09-07 16:55:43.847 18625 18878 I Umeng   : [UPush-4] userId: alias:dev14241060
09-07 16:55:43.854 18625 18689 I EmoteUtil: [DefaultDispatcher-worker-4] Add 80 emotes
09-07 16:55:43.855 18625 18689 I EmoteUtil: [DefaultDispatcher-worker-4] Add 50 emotes
09-07 16:55:43.856 18625 18689 I EmoteUtil: [DefaultDispatcher-worker-4] Add 18 emotes
09-07 16:55:43.858 18625 18891 I BLOG    : [RxCachedThreadScheduler-6] HTTP request: [2022-09-07T08:55:43.143Z] GET https://app.uat.missevan.com/site/launch?app_sign=926d1dd5ca9cbb9704250acdd3c95abb&supported_abis=arm64-v8a%2Carmeabi-v7a%2Carmeabi&runtime_abi=arm64-v8a&version_code=5070300 200 663ms 0
09-07 16:55:43.865 18625 18878 I UPush.Prefs: type:uuid,alias:umeng:dev6316f88c-9359-7715-6d21-da94c5b44efc,exclusive:0
09-07 16:55:43.872 18625 18878 I UPush.Prefs: count:1
09-07 16:55:43.872 18625 18878 I UPush.Prefs: typeTmp:uuid,aliasTmp:umeng:dev6316f88c-9359-7715-6d21-da94c5b44efc,type:uuid,alias:umeng:dev6316f88c-9359-7715-6d21-da94c5b44efc
09-07 16:55:43.876 18625 18878 D UPush.Track: addAlias: <dev6316f88c-9359-7715-6d21-da94c5b44efc, uuid> has been synced to the server before. Ignore this request
09-07 16:55:43.885 18625 18893 D SentryLog: [SentryAsyncConnection-0] Serializing object: {"measurements":{"app_start_cold":{"value":3523.0}},"spans":[{"description":"Cold Start","op":"app.start.cold","parent_span_id":"f0846c3f8ccf486a","span_id":"42a6735610af480e","start_timestamp":"2022-09-07T08:55:39.643Z","timestamp":"2022-09-07T08:55:43.166Z","trace_id":"22fa669d897a47e8b6a46e10fba3bd76"},{"description":"GET https://data.uat.missevan.com/v2/site/notifications?active=1","op":"http.client","parent_span_id":"42a6735610af480e","span_id":"d6ba2959196341d8","start_timestamp":"2022-09-07T08:55:42.848Z","status":"ok","timestamp":"2022-09-07T08:55:43.729Z","trace_id":"22fa669d897a47e8b6a46e10fba3bd76"},{"description":"GET https://app.uat.missevan.com/site/tabs","op":"http.client","parent_span_id":"d6ba2959196341d8","span_id":"67c63076b5e74008","start_timestamp":"2022-09-07T08:55:43.126Z","status":"ok","timestamp":"2022-09-07T08:55:43.780Z","trace_id":"22fa669d897a47e8b6a46e10fba3bd76"},{"description":"GET https://app.uat.missevan.com/site/launch?app_sign=926d1dd5ca9cbb9704250acdd3c95abb&supported_abis=arm64-v8a%2Carmeabi-v7a%2Carmeabi&runtime_abi=arm64-v8a&version_code=5070300","op":"http.client","parent_span_id":"67c63076b5e74008","span_id":"0cd93cd4dc244291","start_timestamp":"2022-09-07T08:55:43.142Z","status":"ok","timestamp":"2022-09-07T08:55:43.827Z","trace_id":"22fa669d897a47e8b6a46e10fba3bd76"}],"start_timestamp":"2022-09-07T08:55:39.643Z","timestamp":"2022-09-07T08:55:43.828Z","transaction":"SplashActivity","type":"transaction","breadcrumbs":[{"category":"ui.lifecycle","data":{"screen":"SplashActivity","state":"created"},"level":"info","timestamp":"2022-09-07T08:55:41.865Z","type":"navigation"},{"category":"ui.lifecycle","data":{"screen":"MainActivity","state":"created"},"level":"info","timestamp":"2022-09-07T08:55:42.455Z","type":"navigation"},{"category":"ui.lifecycle","data":{"screen":"MainActivity","state":"started"},"level":"info","timestamp":"2022-09-07T08:55:42.824Z","type":"navigation"},{"category":"app.lifecycle","data":{"state":"start"},"level":"info","timestamp":"2022-09-07T08:55:43.148Z","type":"session"},{"category":"app.lifecycle","data":{"state":"foreground"},"level":"info","timestamp":"2022-09-07T08:55:43.154Z","type":"navigation"},{"category":"ui.lifecycle","data":{"screen":"MainActivity","state":"resumed"},"level":"info","timestamp":"2022-09-07T08:55:43.166Z","type":"navigation"},{"category":"http","data":{"status_code":200,"method":"GET","url":"https://data.uat.missevan.com/v2/site/notifications?active=1","response_body_size":36},"timestamp":"2022-09-07T08:55:43.729Z","type":"http"},{"category":"http","data":{"status_code":200,"method":"GET","url":"https://fm.uat.missevan.com/api/user/info","response_body_size":2528},"timestamp":"2022-09-07T08:55:43.762Z","type":"http"},{"category":"ui.lifecycle","data":{"screen":"SplashActivity","state":"destroyed"},"level":"info","timestamp":"2022-09-07T08:55:43.767Z","type":"navigation"},{"category":"http","data":{"status_code":200,"method":"GET","url":"https://app.uat.missevan.com/site/tabs","response_body_size":410},"timestamp":"2022-09-07T08:55:43.780Z","type":"http"},{"category":"http","data":{"status_code":200,"method":"GET","url":"https://app.uat.missevan.com/site/config","response_body_size":8706},"timestamp":"2022-09-07T08:55:43.783Z","type":"http"}],"contexts":{"app":{"app_build":"5070300","app_identifier":"cn.missevan","app_name":"FM","app_start_time":"2022-09-07T08:55:39.643Z","app_version":"5.7.3"},"trace":{"op":"ui.load","span_id":"f0846c3f8ccf486a","status":"ok","trace_id":"22fa669d897a47e8b6a46e10fba3bd76"},"os":{"build":"PKQ1.180819.001 release-keys","kernel_version":"4.4.153-perf+","name":"Android","rooted":false,"version":"9"},"device":{"archs":["arm64-v8a","armeabi-v7a","armeabi"],"boot_time":"2022-09-01T19:25:18.184Z","brand":"vivo","family":"vivo","id":"5b35e393-7583-4eb7-8e6a-954fc6529aee","language":"zh","locale":"zh_CN","manufacturer":"vivo","model":"vivo X21A","model_id":"PKQ1.180819.001","name":"vivo X21A",
09-07 16:55:43.885 18625 18893 D SentryLog: "orientation":"portrait","screen_density":3.0,"screen_dpi":480,"screen_height_pixels":2075,"screen_width_pixels":1080,"simulator":false,"timezone":"Asia/Shanghai"}},"dist":"5070300","environment":"staging","event_id":"ab934691a5d848ca998b809961403010","platform":"java","release":"cn.missevan@5.7.3+5070300","sdk":{"name":"sentry.java.android","packages":[{"name":"maven:io.sentry:sentry","version":"5.6.3"},{"name":"maven:io.sentry:sentry-android-core","version":"5.6.3"},{"name":"maven:io.sentry:sentry-android-ndk","version":"5.6.3"}],"version":"5.6.3"},"tags":{"equip_id":"6316f88c-9359-7715-6d21-da94c5b44efc","installerStore":"com.android.packageinstaller","buvid":"XY277FF2DFB139F19721118D30677E832AAF4","channel":"missevan","version_code":"5070300","isSideLoaded":"false","commitId":"e89fe33-64-debug","version":"5.7.3"},"user":{"id":"14241060","other":{"equip_id":"6316f88c-9359-7715-6d21-da94c5b44efc","buvid":"XY277FF2DFB139F19721118D30677E832AAF4"},"username":""}}
09-07 16:55:43.893 18625 18878 I Umeng   : [UPush-4] equipId: alias:dev6316f88c-9359-7715-6d21-da94c5b44efc
09-07 16:55:43.897 18625 18878 I UPush.Prefs: type:buvid,alias:umeng:devXY277FF2DFB139F19721118D30677E832AAF4,exclusive:0
09-07 16:55:43.899 18625 18878 I UPush.Prefs: count:1
09-07 16:55:43.899 18625 18878 I UPush.Prefs: typeTmp:buvid,aliasTmp:umeng:devXY277FF2DFB139F19721118D30677E832AAF4,type:buvid,alias:umeng:devXY277FF2DFB139F19721118D30677E832AAF4
09-07 16:55:43.900 18625 18878 D UPush.Track: addAlias: <devXY277FF2DFB139F19721118D30677E832AAF4, buvid> has been synced to the server before. Ignore this request
09-07 16:55:43.902 18625 18625 I PlayApplication: [main] getConfig, vivoChannelUseX5: 1, otherChannelUseX5: 2
09-07 16:55:43.920 18625 18625 I PlayApplication: [main] localPlayerType: 1, serverPlayerType: 1
09-07 16:55:43.924 18625 18878 I Umeng   : [UPush-4] buvid: alias:devXY277FF2DFB139F19721118D30677E832AAF4
09-07 16:55:43.935 18625 18625 I BLOG    : [main] launch api success
09-07 16:55:43.944 18625 18625 I SplashFragment: [main] waitContinue action executing, launch api is success
09-07 16:55:43.945 18625 18625 I SplashFragment: [main] initCustomStartSound
09-07 16:55:43.957 18625 18700 D MobclickAgent: : !
09-07 16:55:43.999 18625 18893 D SentryLog: [SentryAsyncConnection-0] Envelope sent successfully.
09-07 16:55:44.001 18625 18893 D SentryLog: [SentryAsyncConnection-0] Discarding envelope from cache: /data/user/0/cn.missevan/cache/sentry/ab934691a5d848ca998b809961403010.envelope
09-07 16:55:44.003 18625 18893 D SentryLog: [SentryAsyncConnection-0] Envelope flushed
09-07 16:55:44.040 18625 18638 I cn.missevan: Background concurrent copying GC freed 332989(16MB) AllocSpace objects, 92(6MB) LOS objects, 49% free, 15MB/30MB, paused 230us total 130.719ms
09-07 16:55:44.090 18625 18625 I httpdns.okhttp.wrapper: [main] OkHttp httpdns enabled.
09-07 16:55:44.124 18625 18625 I MainActivity: [main] webview config, isVivo: true, mUseX5WebCore: true, vivoUseX5: true, otherUseX5: true
09-07 16:55:44.208 18625 18945 I cn.missevan: Thread[143,tid=18945,Native,Thread*=0x7e1e44fc00,peer=0x12edc8c8,"glide-source-thread-0"] recursive attempt to load library "/data/app/cn.missevan-8kelM4HJoTWVrdStME8bVQ==/lib/arm64/libglide-webp.so"
09-07 16:55:44.314 18625 18625 I ExoPlayerImpl: Init 7e2c663 [ExoPlayerLib/2.17.1] [PD1728, vivo X21A, vivo, 28]
09-07 16:55:44.457   716  8224 V AudioFlinger: registerClient() client 0xe34095a0, pid 18625
09-07 16:55:44.457   716  8224 V AudioFlinger: sendConfigEvent_l() num events 1 event 0
09-07 16:55:44.457   716  8224 I chatty  : uid=1041(audioserver) Binder:716_7 identical 1 line
09-07 16:55:44.457   716  8224 V AudioFlinger: sendConfigEvent_l() num events 1 event 0
09-07 16:55:44.457   716   917 V AudioFlinger: thread 0xe2f15e00 type 0 TID 917 waking up
09-07 16:55:44.458   716   917 V AudioFlinger: acquireWakeLock_l() AudioOut_D status 0
09-07 16:55:44.459   716   917 D AudioFlinger: updateWakeLockUids_l AudioOut_D uids:
09-07 16:55:44.459   716   917 V AudioFlinger: updateWakeLockUids_l() AudioOut_D status 0
09-07 16:55:44.459   716   917 V AudioFlinger: processConfigEvents_l() remaining events 1
09-07 16:55:44.459   716   917 V AudioFlinger: PlaybackThread::ioConfigChanged, thread 0xe2f15e00, event 0
09-07 16:55:44.459   716   919 V AudioFlinger: thread 0xe2b839c0 type 0 TID 919 waking up
09-07 16:55:44.460   716   919 V AudioFlinger: acquireWakeLock_l() AudioOut_15 status 0
09-07 16:55:44.460   716   919 D AudioFlinger: updateWakeLockUids_l AudioOut_15 uids:
09-07 16:55:44.460   716   919 V AudioFlinger: updateWakeLockUids_l() AudioOut_15 status 0
09-07 16:55:44.460   716   919 V AudioFlinger: processConfigEvents_l() remaining events 1
09-07 16:55:44.460   716   919 V AudioFlinger: PlaybackThread::ioConfigChanged, thread 0xe2b839c0, event 0
09-07 16:55:44.460   716   920 V AudioFlinger: thread 0xe2883d00 type 0 TID 920 waking up
09-07 16:55:44.461   716   920 V AudioFlinger: acquireWakeLock_l() AudioOut_25 status 0
09-07 16:55:44.461   716   920 D AudioFlinger: updateWakeLockUids_l AudioOut_25 uids:
09-07 16:55:44.461   716   920 V AudioFlinger: updateWakeLockUids_l() AudioOut_25 status 0
09-07 16:55:44.461   716  8224 V APM::AudioPolicyEngine: getDeviceForStrategy() strategy 0, device 2
09-07 16:55:44.461   716   920 V AudioFlinger: processConfigEvents_l() remaining events 1
09-07 16:55:44.461   716   920 V AudioFlinger: PlaybackThread::ioConfigChanged, thread 0xe2883d00, event 0
09-07 16:55:44.461   716   919 V AudioFlinger: processConfigEvents_l() DONE thread 0xe2b839c0
09-07 16:55:44.462   716   920 V AudioFlinger: processConfigEvents_l() DONE thread 0xe2883d00
09-07 16:55:44.462   716   917 V AudioFlinger: processConfigEvents_l() DONE thread 0xe2f15e00
09-07 16:55:44.473 18625 18625 W AudioManager: Use of stream types is deprecated for operations other than volume control
09-07 16:55:44.473 18625 18625 W AudioManager: See the documentation of requestAudioFocus() for what to use instead with android.media.AudioAttributes to qualify your playback use case
09-07 16:55:44.475  1710  1768 I MediaFocusControl: requestAudioFocus() from uid/pid 10612/18625 clientId=android.media.AudioManager@2621fde callingPack=cn.missevan req=2 flags=0x0 sdk=28
09-07 16:55:44.505 18625 18625 D DexLoader: WebCoreClassLoader - loadClass(com.tencent.smtt.net.SWOfflineFramework$4,false)...
09-07 16:55:44.506 18625 18625 D DexLoader: WebCoreClassLoader - loadClass(com.tencent.smtt.net.SWOfflineFramework$2,false)...
09-07 16:55:44.506 18625 18625 D DexLoader: WebCoreClassLoader - loadClass(com.tencent.smtt.net.SWOfflineFramework$3,false)...
09-07 16:55:44.507 18625 18625 D DexLoader: WebCoreClassLoader - loadClass(com.tencent.smtt.net.SWOfflineFramework$1,false)...
09-07 16:55:44.507 18625 18625 D DexLoader: WebCoreClassLoader - loadClass(com.tencent.smtt.net.SWOfflineFramework$5,false)...
09-07 16:55:44.517 18625 18625 V HotfixManager: [main] try to start patch info update
09-07 16:55:44.517 18816 18816 I Perf    : Connecting to perf service.
09-07 16:55:44.527   718   718 I SurfaceFlinger: FPS: 33
09-07 16:55:44.539 18816 18816 D Tinker.TinkerLoader: tryLoad test test
09-07 16:55:44.542  1710  5423 D PackageManager: package:10612 check permission,PERMISSION_GRANTED
09-07 16:55:44.543 18816 18816 W Tinker.TinkerLoader: tryLoadPatchFiles:patch dir not exist:/data/user/0/cn.missevan/tinker
09-07 16:55:44.609 18816 18816 D Tinker.DefaultAppLike: onBaseContextAttached:
09-07 16:55:44.617 18816 18816 I MultiDex: VM with version 2.1.0 has multidex support
09-07 16:55:44.617 18816 18816 I MultiDex: Installing application
09-07 16:55:44.617 18816 18816 I MultiDex: VM has multidex support, MultiDex support library is disabled.
09-07 16:55:44.704  1710  5423 D PackageManager: package:10612 check permission,PERMISSION_GRANTED
09-07 16:55:44.705 18816 18816 D Tinker.DefaultAppLike: onCreate
09-07 16:55:44.749 18625 18953 D config.Worker: config,ver: null
09-07 16:55:44.750 18625 18953 D ab.Worker: ab,ver: null
09-07 16:55:44.759 18625 18625 E MissEvanHotfixReporterImpl: [main] report: description: patch not need to update, internal_version: 5070300, result_code: 10108, patch_md5: none, process_name: cn.missevan, manufacturer: vivo, env: prod,
09-07 16:55:44.762 18625 18625 I neuron.api: [main]
09-07 16:55:44.782 18625 18948 W AudioCapabilities: Unsupported mime audio/adpcm
09-07 16:55:44.782 18625 18948 W AudioCapabilities: Unsupported mime audio/x-ms-adpcm
09-07 16:55:44.784 18625 18948 W AudioCapabilities: Unsupported mime audio/alac
09-07 16:55:44.789 18625 18948 W AudioCapabilities: Unsupported mime audio/ape
09-07 16:55:44.791 18625 18948 W AudioCapabilities: Unsupported mime audio/dsd
09-07 16:55:44.805 18625 18948 W AudioCapabilities: Unsupported mime audio/mpeg-L1
09-07 16:55:44.806 18625 18948 W AudioCapabilities: Unsupported mime audio/mpeg-L2
09-07 16:55:44.811 18625 18948 W AudioCapabilities: Unsupported mime audio/pcm
09-07 16:55:44.812 18625 18948 W AudioCapabilities: Unsupported mime audio/ra
09-07 16:55:44.815 18625 18948 W AudioCapabilities: Unsupported mime audio/x-ms-wma
09-07 16:55:44.831 18625 18948 W VideoCapabilities: Unsupported mime video/divx
09-07 16:55:44.833 18625 18948 W VideoCapabilities: Unsupported mime video/divx3
09-07 16:55:44.835 18625 18948 W VideoCapabilities: Unsupported mime video/divx311
09-07 16:55:44.838 18625 18948 W VideoCapabilities: Unsupported mime video/divx4
09-07 16:55:44.840 18625 18948 W VideoCapabilities: Unsupported mime video/flv1
09-07 16:55:44.841 18625 18948 W VideoCapabilities: Unsupported mime video/x-flv
09-07 16:55:44.846 18625 18663 D LeakCanary: Setting up flushing for Thread[push_client_thread,5,main]
09-07 16:55:44.846 18625 18663 D LeakCanary: Setting up flushing for Thread[CrashCaptureManager,5,main]
09-07 16:55:44.847 18625 18663 D LeakCanary: Setting up flushing for Thread[FrameMetricsAggregator,5,main]
09-07 16:55:44.847 18625 18663 D LeakCanary: Setting up flushing for Thread[BiliCrInit,5,main]
09-07 16:55:44.847 18625 18663 D LeakCanary: Setting up flushing for Thread[ExoPlayer:FrameReleaseChoreographer,5,main]
09-07 16:55:44.848 18625 18663 D LeakCanary: Setting up flushing for Thread[ExoPlayer:Playback,5,main]
09-07 16:55:44.848 18625 18663 D LeakCanary: Setting up flushing for Thread[thread_report,5,main]
09-07 16:55:44.852 18625 18948 W VideoCapabilities: Unrecognized profile 4 for video/hevc
09-07 16:55:44.854 18625 18948 W VideoCapabilities: Unsupported mime video/mjpeg
09-07 16:55:44.855 18625 18948 W VideoCapabilities: Unsupported mime video/x-motion-jpeg
09-07 16:55:44.856 18625 18948 W VideoCapabilities: Unrecognized profile/level 0/3 for video/mpeg2
09-07 16:55:44.858 18625 18948 W VideoCapabilities: Unrecognized profile/level 0/3 for video/mpeg2
09-07 16:55:44.865 18625 18948 W VideoCapabilities: Unsupported mime video/rv
09-07 16:55:44.867  1710  2176 I chatty  : uid=1000(system) AutobacklightTh identical 6 lines
09-07 16:55:44.868 18625 18948 W VideoCapabilities: Unsupported mime video/x-ms-wmv
09-07 16:55:44.870 18625 18948 I chatty  : uid=10612(cn.missevan) identical 1 line
09-07 16:55:44.871 18625 18948 W VideoCapabilities: Unsupported mime video/x-ms-wmv
09-07 16:55:44.872 18625 18948 W VideoCapabilities: Unsupported mime video/x-ms-wmv2
09-07 16:55:44.894 18625 18948 I VideoCapabilities: Unsupported profile 4 for video/mp4v-es
09-07 16:55:44.897 18625 18948 W Utils   : could not parse long range '175-174'
09-07 16:55:44.930 18816 18816 W van:player.mai: Accessing hidden method Landroid/app/ActivityThread;->currentApplication()Landroid/app/Application; (light greylist, linking)
09-07 16:55:44.959 18625 18948 I MediaCodec: MediaCodec constructor
09-07 16:55:44.959 18625 18948 D MediaCodec: MediaCodec CreateByComponentName name:OMX.google.mp3.decoder, pid:-1
09-07 16:55:44.959 18625 18948 I VideoBlackWhiteList: getVideoBWList from mediaserver
09-07 16:55:44.960  1000 22781 I MediaPlayerService: MediaPlayerService::getVideoBWList
09-07 16:55:44.960  1000 22781 I VideoBlackWhiteList: getLocalInstance
09-07 16:55:44.960 18625 18948 E VideoBlackWhiteList: getVideoBWList OK
09-07 16:55:44.960 18625 18948 I MediaCodec: Sucess get videobwlist
09-07 16:55:44.960 18625 18948 D MediaCodec: client name cn.missevan(18625)
09-07 16:55:44.960  1000 22781 I VideoBlackWhiteList: GetSupportApp name is cn.missevan
09-07 16:55:44.960  1000 22781 I VideoBlackWhiteList: IsSupportApp AppInfolist size is 1
09-07 16:55:44.960  1000 22781 I VideoBlackWhiteList: this client is not in videobwlist
09-07 16:55:44.960 18625 18948 I MediaCodec:  App do not match videobwlist!
09-07 16:55:44.960 18625 18948 I ACodec  : mIsVivoLogEnable = 0
09-07 16:55:44.964 18625 18974 I OMXClient: IOmx service obtained
09-07 16:55:44.964  1011  1211 I OMXMaster: makeComponentInstance(OMX.google.mp3.decoder) in omx@1.0-service process
09-07 16:55:44.967 18625 18974 I ACodec  : [OMX.google.mp3.decoder]configureCodec AMessage(what = 'conf', target = 1) = {
09-07 16:55:44.967 18625 18974 I ACodec  :   int32_t sample-rate = 44100
09-07 16:55:44.967 18625 18974 I ACodec  :   string mime = "audio/mpeg"
09-07 16:55:44.967 18625 18974 I ACodec  :   int32_t channel-count = 2
09-07 16:55:44.967 18625 18974 I ACodec  :   int32_t priority = 0
09-07 16:55:44.967 18625 18974 I ACodec  :   int32_t max-input-size = 4096
09-07 16:55:44.967 18625 18974 I ACodec  : }
09-07 16:55:44.969  1011  1211 E OMXNodeInstance: setConfig(0xeeda8080:google.mp3.decoder, ConfigPriority(0x6f800002)) ERROR: Undefined(0x80001001)
09-07 16:55:44.970 18625 18974 I ACodec  : codec does not support config priority (err -2147483648)
09-07 16:55:44.970  1011  1211 E OMXNodeInstance: getConfig(0xeeda8080:google.mp3.decoder, ConfigAndroidVendorExtension(0x6f100004)) ERROR: Undefined(0x80001001)
09-07 16:55:44.973   670   670 W AshmemAllocator: ashmem_create_region(8192) returning hidl_memory(0x7d7482c100, 8192)
09-07 16:55:44.980   670   670 I chatty  : uid=1000(system) allocator@1.0-s identical 4 lines
09-07 16:55:44.981   670   670 W AshmemAllocator: ashmem_create_region(8192) returning hidl_memory(0x7d7482c100, 8192)
09-07 16:55:44.983   670   670 W AshmemAllocator: ashmem_create_region(9216) returning hidl_memory(0x7d7482c100, 9216)
09-07 16:55:44.985   670   670 W AshmemAllocator: ashmem_create_region(9216) returning hidl_memory(0x7d7482c100, 9216)
09-07 16:55:44.989 18625 18961 D config.Worker: config,ver: null
09-07 16:55:44.989 18625 18961 D ab.Worker: ab,ver: null
09-07 16:55:44.989 18625 18961 W ConfigManager.DefaultFactory: Unexpected: Response{protocol=h2, code=404, message=, url=https://i0.hdslb.com/bfs/fawkes/config/prod/android_missevan.zip}
09-07 16:55:45.001   716  8224 V AudioPolicyService: registerClient() client 0xe3404560, uid 10612
09-07 16:55:45.001   716  8224 V APM::AudioPolicyEngine: getDeviceForStrategy() strategy 0, device 2
09-07 16:55:45.001   716  8224 V APM_AudioPolicyManager: selectOutput() commonFlags for output 13, 0000
09-07 16:55:45.001   716  8224 V APM_AudioPolicyManager: selectOutput() commonFlags for output 21, 0000
09-07 16:55:45.001   716  8224 V APM_AudioPolicyManager: getOutput() stream 3 selected device 00000002, output 13
09-07 16:55:45.001   716  8224 V APM::AudioPolicyEngine: getDeviceForStrategy() strategy 0, device 2
09-07 16:55:45.001   716  8224 V APM_AudioPolicyManager: selectOutput() commonFlags for output 13, 0000
09-07 16:55:45.001   716  8224 V APM_AudioPolicyManager: selectOutput() commonFlags for output 21, 0000
09-07 16:55:45.001   716  8224 V APM_AudioPolicyManager: getOutput() stream 3 selected device 00000002, output 13
09-07 16:55:45.001   716  8224 V APM::AudioPolicyEngine: getDeviceForStrategy() strategy 0, device 2
09-07 16:55:45.001   716  8224 V APM_AudioPolicyManager: selectOutput() commonFlags for output 13, 0000
09-07 16:55:45.001   716  8224 V APM_AudioPolicyManager: selectOutput() commonFlags for output 21, 0000
09-07 16:55:45.001   716  8224 V APM_AudioPolicyManager: getOutput() stream 3 selected device 00000002, output 13
09-07 16:55:45.001 18625 18948 V AudioTrack: getMinFrameCount=3544: afFrameCount=960, afSampleRate=48000, afLatency=80
09-07 16:55:45.004 18625 18948 D AudioTrack: set(): streamType -1, sampleRate 44100, format 0x1, channelMask 0x3, frameCount 14176, flags #0, notificationFrames 0, sessionId 2713, transferType 3, uid -1, pid -1
09-07 16:55:45.004 18625 18948 V AudioTrack: set() streamType -1 frameCount 14176 flags 0000
09-07 16:55:45.004 18625 18948 V AudioTrack: Building AudioTrack with attributes: usage=1 content=2 flags=0x200 tags=[]
09-07 16:55:45.004   716  8224 V APM_AudioPolicyManager: getOutputForAttr() usage=1, content=2, tag= flags=00000200 session 2713 selectedDeviceId 0
09-07 16:55:45.004   716  8224 V APM::AudioPolicyEngine: getDeviceForStrategy() strategy 0, device 2
09-07 16:55:45.004   716  8224 V APM_AudioPolicyManager: getOutputForAttr() device 0x2, sampling rate 44100, format 0x1, channel mask 0x3, flags 0x8
09-07 16:55:45.004   716  8224 V APM_AudioPolicyManager: selectOutput() commonFlags for output 13, 0000
09-07 16:55:45.005   716  8224 V APM_AudioPolicyManager: selectOutput() commonFlags for output 21, 0000
09-07 16:55:45.005   716  8224 V AudioPolicyManagerCustom: getOutputForDevice() returns output 13
09-07 16:55:45.005   716  8224 V APM_AudioPolicyManager:   getOutputForAttr() returns output 13 selectedDeviceId 3
09-07 16:55:45.005   716  8224 V AudioFlinger: createTrack() sessionId: 2713
09-07 16:55:45.007   716  8224 W AudioFlinger: createTrack_l(): mismatch between requested flags (00000008) and output flags (00000002)
09-07 16:55:45.007   716  8224 D AudioFlinger: Client defaulted notificationFrames to 4725 for frameCount 14176
09-07 16:55:45.007   716  8224 D AudioFlinger: createTrack_l, pid:18625, sessionId:2713
09-07 16:55:45.007   716  8224 V FeatureService_Native: player pkg name:cn.missevan(18625)
09-07 16:55:45.007   716  8224 I ParamService: read_nvsize 1229343048
09-07 16:55:45.007   716  8224 D ParamService: read_nvdata 1229343048 | 0xdfd5b000 | 4096
09-07 16:55:45.010   716  8224 D FeatureService_Native: Player(18625,10612,2713) isHifiSupport:0
09-07 16:55:45.010   716  8224 D AudioFlinger: isHifiSupport, reply ret:4, value:0
09-07 16:55:45.011   672  5714 D compress_voip: voice_extn_compress_voip_out_get_parameters: enter
09-07 16:55:45.013   716  8224 V AudioFlinger: acquiring 2713 from 18625, for 18625
09-07 16:55:45.013   716  8224 V AudioFlinger:  added new entry for 2713
09-07 16:55:45.020  1710  5423 E AudioService: isMotorModeSupportPlayback pkgname is cn.missevan
09-07 16:55:45.022   716   716 W Binder:716_7: type=1400 audit(0.0:61855): avc: denied { search } for name="bbkcore" dev="dm-1" ino=2359297 scontext=u:r:audioserver:s0 tcontext=u:object_r:vivo_data_file:s0 tclass=dir permissive=0
09-07 16:55:45.034 18625 18948 V PlayerBase: baseStart() piid=1391
09-07 16:55:45.034  1710  5423 W FeatureService: unkown tag FACEDT
09-07 16:55:45.035  1710  5423 E AudioService: isMotorModeSupportPlayback pkgname is cn.missevan
09-07 16:55:45.035   716  8224 V AudioFlinger: start(1), calling pid 18625 session 2713
09-07 16:55:45.035   716  8224 D AudioFlinger: startOutput_POM , POM_id:18625
09-07 16:55:45.035   716  8224 D AudioPolicyManagerCustom: startOutput_POM output:13, stream:3, session:2713, pom_id:18625
09-07 16:55:45.035   716  8224 I APM::AudioPolicyEngine: ###### POM Stack0:  0 0 1
09-07 16:55:45.035   716  8224 I APM::AudioPolicyEngine: ###### POM Stack1:  18625 0 1
09-07 16:55:45.035   716  8224 V APM_AudioPolicyManager: startOutput() output 13, stream 3, session 2713
09-07 16:55:45.035   716  8224 V APM::AudioPolicyEngine: getDeviceForStrategy() strategy 0, device 2
09-07 16:55:45.035   716  8224 V APM_AudioPolicyManager: selectOutputForMusicEffects activeOnly 1 output 13 flags 0x00000002
09-07 16:55:45.035   716  8224 V APM_AudioPolicyManager: selectOutputForMusicEffects selected output 13
09-07 16:55:45.035   716  8224 D AudioPolicyManagerCustom: startOutput isCallPOMStateChange :0, refCount:1
09-07 16:55:45.035   716  8224 V APM::AudioPolicyEngine: getDeviceForStrategy() strategy 0, device 2
09-07 16:55:45.035   716  8224 V APM_AudioPolicyManager: getNewOutputDevice() selected device 2
09-07 16:55:45.035  1710  5423 D AudioPlayerStateMonitor: Found a new active media playback. ID:1391 -- type:android.media.AudioTrack -- u/pid:10612/18625 -- state:started -- attr:AudioAttributes: usage=USAGE_MEDIA content=CONTENT_TYPE_MUSIC flags=0x200 tags= bundle=null
09-07 16:55:45.035   716  8224 V APM_AudioPolicyManager: setOutputDevice() device 0002 delayMs 0
09-07 16:55:45.035   716  8224 V APM_AudioPolicyManager: setOutputDevice() prevDevice 0x0002
09-07 16:55:45.035   716  8224 V APM::AudioPolicyEngine: getDeviceForStrategy() strategy 0, device 2
09-07 16:55:45.035   716  8224 V APM::AudioPolicyEngine: getDeviceForStrategy() strategy 1, device 1
09-07 16:55:45.035   716  8224 V APM::AudioPolicyEngine: getDeviceForStrategy() strategy 2, device 2
09-07 16:55:45.036   716  8224 V APM::AudioPolicyEngine: getDeviceForStrategy() strategy 0, device 2
09-07 16:55:45.036   716  8224 V APM::AudioPolicyEngine: getDeviceForStrategy() strategy 3, device 2
09-07 16:55:45.036   716  8224 V APM::AudioPolicyEngine: getDeviceForStrategy() strategy 0, device 2
09-07 16:55:45.036   716  8224 V APM::AudioPolicyEngine: getDeviceForStrategy() strategy 4, device 2
09-07 16:55:45.036   716  8224 V APM::AudioPolicyEngine: getDeviceForStrategy() strategy 5, device 2
09-07 16:55:45.036   716  8224 V APM::AudioPolicyEngine: getDeviceForStrategy() strategy 6, device 2
09-07 16:55:45.036   716  8224 V APM::AudioPolicyEngine: getDeviceForStrategy() strategy 7, device 2
09-07 16:55:45.036   716  8224 V APM::AudioPolicyEngine: getDeviceForStrategy() strategy 8, device 2
09-07 16:55:45.036   716  8224 V APM::AudioPolicyEngine: getDeviceForStrategy() strategy 9, device 2
09-07 16:55:45.036   716  8224 V APM_AudioPolicyManager: setOutputDevice() changing device
09-07 16:55:45.036   716  8224 V AudioPolicyService: AudioCommandThread() adding create patch delay 0
09-07 16:55:45.036   716  8224 V AudioPolicyService: inserting command: 8 at index 0, num commands 0
09-07 16:55:45.036   716   907 V AudioPolicyService: AudioCommandThread() processing create audio patch
09-07 16:55:45.036   716   907 V AudioFlinger: sendConfigEvent_l() num events 1 event 3
09-07 16:55:45.036   716   917 V AudioFlinger: processConfigEvents_l() remaining events 1
09-07 16:55:45.036  5354  5957 D AudioManager: dispatching onPlaybackConfigChanged()
09-07 16:55:45.037  2704  2704 D AudioManager: dispatching onPlaybackConfigChanged()
09-07 16:55:45.037  1710  1710 D MediaSessionStack: updateMediaButtonSessionIfNeeded, callers=com.android.server.media.MediaSessionService.lambda$onStart$0:256 com.android.server.media.-$$Lambda$MediaSessionService$za_9dlUSlnaiZw6eCdPVEZq0XLw.onAudioPlayerActiveStateChanged:2
09-07 16:55:45.037  1710  1710 D MediaRouterService: onAudioPlayerActiveStateChanged: uid=10612, active=true, restoreUid=10612
09-07 16:55:45.037  5354  5957 D Avrcp_ext: AudioManager Player: ID:23 -- type:android.media.SoundPool -- u/pid:10018/2389 -- state:idle -- attr:AudioAttributes: usage=USAGE_ASSISTANCE_SONIFICATION content=CONTENT_TYPE_SONIFICATION flags=0x0 tags= bundle=null
09-07 16:55:45.037  5354  5957 D Avrcp_ext: AudioManager Player: ID:967 -- type:android.media.MediaPlayer -- u/pid:10079/26688 -- state:idle -- attr:AudioAttributes: usage=USAGE_UNKNOWN content=CONTENT_TYPE_UNKNOWN flags=0x0 tags= bundle=null
09-07 16:55:45.037  5354  5957 D Avrcp_ext: AudioManager Player: ID:15 -- type:android.media.SoundPool -- u/pid:1000/1710 -- state:idle -- attr:AudioAttributes: usage=USAGE_ASSISTANCE_SONIFICATION content=CONTENT_TYPE_SONIFICATION flags=0x0 tags= bundle=null
09-07 16:55:45.037  2704  3011 D AudioManager: dispatching onPlaybackConfigChanged()
09-07 16:55:45.037  5354  5957 D Avrcp_ext: AudioManager Player: ID:31 -- type:android.media.SoundPool -- u/pid:1000/2713 -- state:idle -- attr:AudioAttributes: usage=USAGE_NOTIFICATION content=CONTENT_TYPE_SONIFICATION flags=0x0 tags= bundle=null
09-07 16:55:45.037  5354  5957 D Avrcp_ext: AudioManager Player: ID:1071 -- type:android.media.MediaPlayer -- u/pid:10018/2389 -- state:stopped -- attr:AudioAttributes: usage=USAGE_NOTIFICATION content=CONTENT_TYPE_SONIFICATION flags=0x0 tags= bundle=null
09-07 16:55:45.037  5354  5957 D Avrcp_ext: AudioManager Player: ID:1391 -- type:android.media.AudioTrack -- u/pid:10612/18625 -- state:started -- attr:AudioAttributes: usage=USAGE_MEDIA content=CONTENT_TYPE_MUSIC flags=0x200 tags= bundle=null
09-07 16:55:45.037  5354  5957 D Avrcp_ext: AudioManager isPlaying: true
09-07 16:55:45.037  5354  5957 D PlaybackState: setState position:-1
09-07 16:55:45.037  5354  5957 V Avrcp_ext: updateCurrentMediaState: mMediaController: null
09-07 16:55:45.037   672  4127 D audio_hw_primary: out_set_parameters: enter: usecase(0: deep-buffer-playback) kvpairs: routing=2
09-07 16:55:45.037   672  4127 D audio_hw_extn: audio_extn_set_anc_parameters: anc_enabled:0
09-07 16:55:45.037   672  4127 D audio_hw_spkr_prot: audio_extn_fbsp_set_parameters: Speaker protection disabled
09-07 16:55:45.037   716   917 V AudioFlinger: processConfigEvents_l() DONE thread 0xe2f15e00
09-07 16:55:45.038   716   907 V AudioPolicyService: AudioCommandThread() going to sleep
09-07 16:55:45.038   716  8224 V APM_AudioPolicyManager: setOutputDevice() createAudioPatch returned 0 patchHandle 100num_sources 1 num_sinks 1
09-07 16:55:45.038   716  8224 V AudioPolicyService: AudioCommandThread() adding update audio patch list
09-07 16:55:45.038   716  8224 V AudioPolicyService: inserting command: 11 at index 0, num commands 0
09-07 16:55:45.038   716  8224 D APM::VolumeCurve: VOLUME mDeviceCategory 1, mStreamType 1 vol index=[85 145 170], dB=[-29.0 -29.0 -29.0]
09-07 16:55:45.038   716  8224 D APM::VolumeCurve: VOLUME mDeviceCategory 1, mStreamType 2 vol index=[85 145 170], dB=[-26.0 -18.9 -16.0]
09-07 16:55:45.038   716  8224 D APM::VolumeCurve: VOLUME mDeviceCategory 1, mStreamType 3 vol index=[20 30 30], dB=[-53.0 -48.5 -48.5]
09-07 16:55:45.038   716  8224 V AudioPolicyManagerCustom: checkAndSetVolume() cannot set stream 6 volume with force use = 0 for comm
09-07 16:55:45.038   716  8224 D APM::VolumeCurve: VOLUME mDeviceCategory 1, mStreamType 7 vol index=[85 145 170], dB=[-20.0 -20.0 -20.0]
09-07 16:55:45.038   716  8224 D APM::VolumeCurve: VOLUME mDeviceCategory 1, mStreamType 8 vol index=[85 153 170], dB=[-13.0 -13.0 -13.0]
09-07 16:55:45.038   716   908 V AudioPolicyService: AudioCommandThread() processing update audio patch list
09-07 16:55:45.038   716  8224 D APM::VolumeCurve: VOLUME mDeviceCategory 1, mStreamType 9 vol index=[1 51 85], dB=[-49.5 -40.0 -33.5]
09-07 16:55:45.038   716  8224 D APM::VolumeCurve: VOLUME mDeviceCategory 1, mStreamType 10 vol index=[0 20 100], dB=[0.0 0.0 0.0]
09-07 16:55:45.038   716  8224 D APM::VolumeCurve: VOLUME mDeviceCategory 1, mStreamType 11 vol index=[60 70 70], dB=[-35.0 -30.5 -30.5]
09-07 16:55:45.039   716  8224 D APM::VolumeCurve: VOLUME mDeviceCategory 1, mStreamType 3 vol index=[20 30 30], dB=[-53.0 -48.5 -48.5]
09-07 16:55:45.039   716   908 V AudioPolicyService: AudioCommandThread() going to sleep
09-07 16:55:45.039   716  8224 V APM::AudioPolicyEngine: getDeviceForStrategy() strategy 0, device 2
09-07 16:55:45.039   716  8224 V APM::AudioPolicyEngine: getDeviceForStrategy() strategy 3, device 2
09-07 16:55:45.039   716  8224 V AudioPolicyManagerCustom: checkOutputForStrategy(): policy related outputs
09-07 16:55:45.039   716  8224 V APM::AudioPolicyEngine: getDeviceForStrategy() strategy 0, device 2
09-07 16:55:45.039   716  8224 V APM::AudioPolicyEngine: getDeviceForStrategy() strategy 1, device 1
09-07 16:55:45.039   716  8224 V APM::AudioPolicyEngine: getDeviceForStrategy() strategy 2, device 2
09-07 16:55:45.039   716  8224 V APM::AudioPolicyEngine: getDeviceForStrategy() strategy 0, device 2
09-07 16:55:45.039   716  8224 V APM::AudioPolicyEngine: getDeviceForStrategy() strategy 3, device 2
09-07 16:55:45.039   716  8224 V APM::AudioPolicyEngine: getDeviceForStrategy() strategy 0, device 2
09-07 16:55:45.039   716  8224 V APM::AudioPolicyEngine: getDeviceForStrategy() strategy 4, device 2
09-07 16:55:45.039   716  8224 V APM::AudioPolicyEngine: getDeviceForStrategy() strategy 5, device 2
09-07 16:55:45.039   716  8224 V APM::AudioPolicyEngine: getDeviceForStrategy() strategy 6, device 2
09-07 16:55:45.039   716  8224 V APM::AudioPolicyEngine: getDeviceForStrategy() strategy 7, device 2
09-07 16:55:45.039   716  8224 V APM::AudioPolicyEngine: getDeviceForStrategy() strategy 8, device 2
09-07 16:55:45.039   716  8224 V APM::AudioPolicyEngine: getDeviceForStrategy() strategy 9, device 2
09-07 16:55:45.039   716  8224 D AudioPolicyIntefaceImpl: startOutput_POM oldPhoneState:0,currentPhoneState:0
09-07 16:55:45.040   716   909 V APM_AudioPolicyManager: listAudioPorts() role 0 type 0 num_ports 0 ports 0xe34370b0
09-07 16:55:45.040   716   909 V APM_AudioPolicyManager: listAudioPorts() got 0 ports needed 11
09-07 16:55:45.040   716   910 V APM_AudioPolicyManager: listAudioPorts() role 0 type 0 num_ports 0 ports 0xe3437040
