09-07 16:55:51.398  1004  3051 E Netd    : tether checkPermission, pid:1710 uid:1000
09-07 16:55:51.426 18625 18625 I Banner  : [main] banner pause loop
09-07 16:55:51.430 18625 18625 I Banner  : [main] banner pause loop
09-07 16:55:51.434 18625 18625 I ViewTarget: Glide treats LayoutParams.WRAP_CONTENT as a request for an image the size of this device's screen dimensions. If you want to load the original image and are ok with the corresponding memory cost and OOMs (depending on the input size), use override(Target.SIZE_ORIGINAL). Otherwise, use LayoutParams.MATCH_PARENT, set layout_width and layout_height to fixed dimension, or use .override() with fixed dimensions.
09-07 16:55:51.435 18625 18943 D FreeFlowUtils: [glide-disk-cache-thread-0] Origin url: http://static-test.maoercdn.com/app/homepage/banners/202203/04/de597c32a7bf7be94aca8986bb89d035172055.jpg?x-oss-process=image/resize,w_996/format,webp, free flow url: http://static-test.maoercdn.com/app/homepage/banners/202203/04/de597c32a7bf7be94aca8986bb89d035172055.jpg?x-oss-process=image/resize,w_996/format,webp
09-07 16:55:51.436 18625 18625 I ViewTarget: Glide treats LayoutParams.WRAP_CONTENT as a request for an image the size of this device's screen dimensions. If you want to load the original image and are ok with the corresponding memory cost and OOMs (depending on the input size), use override(Target.SIZE_ORIGINAL). Otherwise, use LayoutParams.MATCH_PARENT, set layout_width and layout_height to fixed dimension, or use .override() with fixed dimensions.
09-07 16:55:51.436 18625 18625 I ViewTarget: Glide treats LayoutParams.WRAP_CONTENT as a request for an image the size of this device's screen dimensions. If you want to load the original image and are ok with the corresponding memory cost and OOMs (depending on the input size), use override(Target.SIZE_ORIGINAL). Otherwise, use LayoutParams.MATCH_PARENT, set layout_width and layout_height to fixed dimension, or use .override() with fixed dimensions.
09-07 16:55:51.439 31788 31788 D BoundBrokerSvc: onUnbind: Intent { act=com.google.android.gms.trustagent.BridgeApi.START pkg=com.google.android.gms }
09-07 16:55:51.442  7352 19179 I Authzen : [DeviceStateSyncManager] The server is in sync with current state. Nothing to do
09-07 16:55:51.462 18625 18625 W Glide   : Load failed for http://static-test.maoercdn.com/coversmini/201409/13/c0f14cde5ce8dc0d6b89b3d15cbfe801182705.jpg with size [306x306]
09-07 16:55:51.462 18625 18625 W Glide   : class com.bumptech.glide.load.a.q: Failed to load resource
09-07 16:55:51.462 18625 18625 W Glide   : There was 1 root cause:
09-07 16:55:51.462 18625 18625 W Glide   : com.bumptech.glide.load.e(Not Found, status code: 404)
09-07 16:55:51.462 18625 18625 W Glide   :  call GlideException#logRootCauses(String) for more detail
09-07 16:55:51.462 18625 18625 W Glide   :   Cause (1 of 1): class com.bumptech.glide.load.a.q: Fetching data failed, class java.io.InputStream, REMOTE
09-07 16:55:51.462 18625 18625 W Glide   : There was 1 root cause:
09-07 16:55:51.462 18625 18625 W Glide   : com.bumptech.glide.load.e(Not Found, status code: 404)
09-07 16:55:51.462 18625 18625 W Glide   :  call GlideException#logRootCauses(String) for more detail
09-07 16:55:51.462 18625 18625 W Glide   :     Cause (1 of 1): class com.bumptech.glide.load.e: Not Found, status code: 404
09-07 16:55:51.462 18625 18625 I Glide   : Root cause (1 of 1)
09-07 16:55:51.462 18625 18625 I Glide   : com.bumptech.glide.load.e: Not Found, status code: 404
09-07 16:55:51.462 18625 18625 I Glide   : 	at com.bumptech.glide.integration.okhttp3.b.onResponse(SourceFile:71)
09-07 16:55:51.462 18625 18625 I Glide   : 	at okhttp3.ac$a.execute(SourceFile:221)
09-07 16:55:51.462 18625 18625 I Glide   : 	at okhttp3.internal.b.run(SourceFile:32)
09-07 16:55:51.462 18625 18625 I Glide   : 	at java.util.concurrent.ThreadPoolExecutor.runWorker(ThreadPoolExecutor.java:1167)
09-07 16:55:51.462 18625 18625 I Glide   : 	at java.util.concurrent.ThreadPoolExecutor$Worker.run(ThreadPoolExecutor.java:641)
09-07 16:55:51.462 18625 18625 I Glide   : 	at java.lang.Thread.run(Thread.java:764)
09-07 16:55:51.463 18625 18625 W Glide   : Load failed for http://static-test.maoercdn.com/coversmini/201409/13/9cdbc494f1212df0fcaf95c5b1628b87175520.jpg with size [306x306]
09-07 16:55:51.463 18625 18625 W Glide   : class com.bumptech.glide.load.a.q: Failed to load resource
09-07 16:55:51.463 18625 18625 W Glide   : There was 1 root cause:
09-07 16:55:51.463 18625 18625 W Glide   : com.bumptech.glide.load.e(Not Found, status code: 404)
09-07 16:55:51.463 18625 18625 W Glide   :  call GlideException#logRootCauses(String) for more detail
09-07 16:55:51.463 18625 18625 W Glide   :   Cause (1 of 1): class com.bumptech.glide.load.a.q: Fetching data failed, class java.io.InputStream, REMOTE
09-07 16:55:51.463 18625 18625 W Glide   : There was 1 root cause:
09-07 16:55:51.463 18625 18625 W Glide   : com.bumptech.glide.load.e(Not Found, status code: 404)
09-07 16:55:51.463 18625 18625 W Glide   :  call GlideException#logRootCauses(String) for more detail
09-07 16:55:51.463 18625 18625 W Glide   :     Cause (1 of 1): class com.bumptech.glide.load.e: Not Found, status code: 404
09-07 16:55:51.464 18625 18625 I Glide   : Root cause (1 of 1)
09-07 16:55:51.464 18625 18625 I Glide   : com.bumptech.glide.load.e: Not Found, status code: 404
09-07 16:55:51.464 18625 18625 I Glide   : 	at com.bumptech.glide.integration.okhttp3.b.onResponse(SourceFile:71)
09-07 16:55:51.464 18625 18625 I Glide   : 	at okhttp3.ac$a.execute(SourceFile:221)
09-07 16:55:51.464 18625 18625 I Glide   : 	at okhttp3.internal.b.run(SourceFile:32)
09-07 16:55:51.464 18625 18625 I Glide   : 	at java.util.concurrent.ThreadPoolExecutor.runWorker(ThreadPoolExecutor.java:1167)
09-07 16:55:51.464 18625 18625 I Glide   : 	at java.util.concurrent.ThreadPoolExecutor$Worker.run(ThreadPoolExecutor.java:641)
09-07 16:55:51.464 18625 18625 I Glide   : 	at java.lang.Thread.run(Thread.java:764)
09-07 16:55:51.475 18625 18943 D FreeFlowUtils: [glide-disk-cache-thread-0] Origin url: http://static-test.maoercdn.com/app/homepage/banners/202111/12/785262190b8dd60f57e4485d48b25f10173426.webp, free flow url: http://static-test.maoercdn.com/app/homepage/banners/202111/12/785262190b8dd60f57e4485d48b25f10173426.webp
09-07 16:55:51.478 31788 31788 D BoundBrokerSvc: onUnbind: Intent { act=com.google.android.gms.gmscompliance.service.START dat=chimera-action:com.google.android.gms.gmscompliance.service.START cmp=com.google.android.gms/.chimera.PersistentBoundBrokerService }
09-07 16:55:51.482  7352  7352 D BoundBrokerSvc: onUnbind: Intent { act=com.google.android.gms.auth.cryptauth.cryptauthservice.START dat=chimera-action:com.google.android.gms.auth.cryptauth.cryptauthservice.START cmp=com.google.android.gms/.chimera.GmsBoundBrokerService }
09-07 16:55:51.482  7352  7352 D BoundBrokerSvc: onUnbind: Intent { act=com.google.android.gms.cast.firstparty.START dat=chimera-action:com.google.android.gms.cast.firstparty.START cmp=com.google.android.gms/.chimera.GmsBoundBrokerService }
09-07 16:55:51.482  1710  2064 D NetdConnector: SND -> {1939 bandwidth setglobalalert 2097152}
09-07 16:55:51.483  1710  2061 D NetdConnector: RCV <- {200 1939 Bandwidth command succeeeded}
09-07 16:55:51.483  1710  2064 D NetdConnector: RMV <- {200 1939 Bandwidth command succeeeded}
09-07 16:55:51.485 18625 18625 W ViewPager2Helper: [main] ReplaceSnapHelper success
09-07 16:55:51.486 32400 32586 D MSF.C.NetConnTag.true: msf can not get ssid
09-07 16:55:51.486 32400 32586 D MSF.C.NetConnTag.true: msf can not get ssid
09-07 16:55:51.486 32400 32586 D MSF.C.NetConnTag.true: encodeRequest cmd: StatSvc.SimpleGet, with version = 11, AppId = 537129683
09-07 16:55:51.487 32400 32586 D MSF.C.NetConnTag.true: pa ok: 20371
09-07 16:55:51.487 32400 32586 D MSF.C.NetConnTag.DualConnContext.true: tryDualConn
09-07 16:55:51.487 32400 32586 D MSF.C.NetConnTag.true: netSend ssoSeq:20371 uin:*6236 cmd:GTcxIAkuJnQZKj0kNj0CPz4 20479 b0f41bd socketEngineID: 0 socket: 185549245
09-07 16:55:51.488  1710  5423 I PackageManager: ### pkg:Package{8fc1a39 com.tencent.mobileqq}
09-07 16:55:51.489 18625 18625 I Banner  : [main] banner resume loop
09-07 16:55:51.492 18625 18625 I Banner  : [main] banner resume loop
09-07 16:55:51.498 18625 18784 I CronetEngine: [thread_background]
09-07 16:55:51.498 18625 18784 I CronetEngine: url: http://static-test.missevan.com/avatars/icon01.png?x-oss-process=image/resize,w_60/format,webp
09-07 16:55:51.498 18625 18784 I CronetEngine:  ip: 101.89.125.242
09-07 16:55:51.498 18625 18784 I CronetEngine:  hostResolverProvider:
09-07 16:55:51.498 18625 18784 I CronetEngine:  hostResolveIps: []
09-07 16:55:51.498 18625 18784 I CronetEngine:
09-07 16:55:51.505 32400 32616 D MSF.C.NetConnTag.true: netRecv ssoSeq:20371 uin:*6236 cmd:GTcxIAkuJnQZKj0kNj0CPz4 20491 cross:0 socketEngineID: 0 socket: 185549245
09-07 16:55:51.507  1710  1768 I chatty  : uid=1000(system) Binder:1710_2 expire 12 lines
09-07 16:55:51.593 18625 18625 E cn.missevan: No package ID ff found for ID 0xffffffff.
09-07 16:55:51.640 18625 18625 E cn.missevan: No package ID ff found for ID 0xffffffff.
09-07 16:55:51.653 18625 18943 D FreeFlowUtils: [glide-disk-cache-thread-0] Origin url: https://static-test.maoercdn.com/fmcovers/202104/08/778ef8f198d180b7b873ae155e4c991c.jpg?x-oss-process=image/resize,w_308/format,webp, free flow url: https://static-test.maoercdn.com/fmcovers/202104/08/778ef8f198d180b7b873ae155e4c991c.jpg?x-oss-process=image/resize,w_308/format,webp
09-07 16:55:51.666 18625 18625 E cn.missevan: No package ID ff found for ID 0xffffffff.
09-07 16:55:51.666 18625 18625 E cn.missevan: No package ID ff found for ID 0xffffffff.
09-07 16:55:51.674 18625 18943 D FreeFlowUtils: [glide-disk-cache-thread-0] Origin url: https://static-test.maoercdn.com/avatars/icon01.png?x-oss-process=image/resize,w_308/format,webp, free flow url: https://static-test.maoercdn.com/avatars/icon01.png?x-oss-process=image/resize,w_308/format,webp
09-07 16:55:51.686 18625 18943 D FreeFlowUtils: [glide-disk-cache-thread-0] Origin url: http://static-test.maoercdn.com/app/homepage/banners/202203/01/d4053c504c21bdfe4fae4c3f7e2626f0190400.png?x-oss-process=image/resize,w_996/format,webp, free flow url: http://static-test.maoercdn.com/app/homepage/banners/202203/01/d4053c504c21bdfe4fae4c3f7e2626f0190400.png?x-oss-process=image/resize,w_996/format,webp
09-07 16:55:51.688 18625 18625 E cn.missevan: No package ID ff found for ID 0xffffffff.
09-07 16:55:51.688 18625 18625 E cn.missevan: No package ID ff found for ID 0xffffffff.
09-07 16:55:51.706 18625 18638 I cn.missevan: NativeAlloc concurrent copying GC freed 97911(4MB) AllocSpace objects, 45(13MB) LOS objects, 50% free, 23MB/47MB, paused 529us total 113.041ms
09-07 16:55:51.710 18625 18943 D FreeFlowUtils: [glide-disk-cache-thread-0] Origin url: http://static-test.maoercdn.com/topic/202011/26/127292306dd5c1b80259001964e67b94175000.png, free flow url: http://static-test.maoercdn.com/topic/202011/26/127292306dd5c1b80259001964e67b94175000.png
09-07 16:55:51.724 18625 18943 D FreeFlowUtils: [glide-disk-cache-thread-0] Origin url: http://static-test.maoercdn.com/topic/202011/26/a09b1ef278802f91aba8c935637017b3175016.png, free flow url: http://static-test.maoercdn.com/topic/202011/26/a09b1ef278802f91aba8c935637017b3175016.png
09-07 16:55:51.725 18625 18635 W System  : A resource failed to call close.
09-07 16:55:51.726 18625 18625 W ViewPager2Helper: [main] ReplaceSnapHelper success
09-07 16:55:51.730 18625 18625 I Banner  : [main] banner resume loop
09-07 16:55:51.733 18625 18625 I Banner  : [main] banner resume loop
09-07 16:55:51.736 18625 18943 D FreeFlowUtils: [glide-disk-cache-thread-0] Origin url: http://static-test.maoercdn.com/homepage/icons/202110/19/21ad5dcca9b0731c663080fe00486129225402.png, free flow url: http://static-test.maoercdn.com/homepage/icons/202110/19/21ad5dcca9b0731c663080fe00486129225402.png
09-07 16:55:51.750 18625 18943 D FreeFlowUtils: [glide-disk-cache-thread-0] Origin url: http://static-test.maoercdn.com/homepage/icons/202110/19/61f61a6bce36654cefcc49de028f91f8225135.png, free flow url: http://static-test.maoercdn.com/homepage/icons/202110/19/61f61a6bce36654cefcc49de028f91f8225135.png
09-07 16:55:51.769 18625 18943 D FreeFlowUtils: [glide-disk-cache-thread-0] Origin url: http://static-test.maoercdn.com/homepage/icons/202110/19/1c2c33fc4f1d426d509ee39cdd7de79c225512.png, free flow url: http://static-test.maoercdn.com/homepage/icons/202110/19/1c2c33fc4f1d426d509ee39cdd7de79c225512.png
09-07 16:55:51.783 18625 18943 D FreeFlowUtils: [glide-disk-cache-thread-0] Origin url: http://static-test.maoercdn.com/topic/202011/26/4d4c8c96eb2a92a89d5323a553768d22180412.gif, free flow url: http://static-test.maoercdn.com/topic/202011/26/4d4c8c96eb2a92a89d5323a553768d22180412.gif
09-07 16:55:51.801 18625 18943 D FreeFlowUtils: [glide-disk-cache-thread-0] Origin url: http://static-test.maoercdn.com/topic/202011/26/9441c54fb7a3ef479f18eb2f7d58bbc8175454.png, free flow url: http://static-test.maoercdn.com/topic/202011/26/9441c54fb7a3ef479f18eb2f7d58bbc8175454.png
09-07 16:55:51.813 18625 18943 D FreeFlowUtils: [glide-disk-cache-thread-0] Origin url: http://static-test.maoercdn.com/topic/202012/18/7b6aa9234339217ca2ebf445243f1bdf162641.png, free flow url: http://static-test.maoercdn.com/topic/202012/18/7b6aa9234339217ca2ebf445243f1bdf162641.png
09-07 16:55:51.826 18625 18943 D FreeFlowUtils: [glide-disk-cache-thread-0] Origin url: http://static-test.maoercdn.com/topic/202011/26/987c9ad85bb9c973080e0355c36f0e7a175525.png, free flow url: http://static-test.maoercdn.com/topic/202011/26/987c9ad85bb9c973080e0355c36f0e7a175525.png
09-07 16:55:51.849 18625 18943 D FreeFlowUtils: [glide-disk-cache-thread-0] Origin url: http://static-test.maoercdn.com/topic/202012/18/b360e02a83c98b8724a6209a65d3c455111355.png, free flow url: http://static-test.maoercdn.com/topic/202012/18/b360e02a83c98b8724a6209a65d3c455111355.png
09-07 16:55:51.863 18625 18943 D FreeFlowUtils: [glide-disk-cache-thread-0] Origin url: http://static-test.maoercdn.com/topic/202012/18/9d65a536121799c92cb4bc5389d8b9d3111824.png, free flow url: http://static-test.maoercdn.com/topic/202012/18/9d65a536121799c92cb4bc5389d8b9d3111824.png
09-07 16:55:51.885 18625 18943 D FreeFlowUtils: [glide-disk-cache-thread-0] Origin url: https://static-test.missevan.com/catalog/banners/202110/20/8a7c290e54c7b1dedaeb1866e36ff9af194918.jpg?x-oss-process=image/resize,w_996/format,webp, free flow url: https://static-test.missevan.com/catalog/banners/202110/20/8a7c290e54c7b1dedaeb1866e36ff9af194918.jpg?x-oss-process=image/resize,w_996/format,webp
09-07 16:55:51.915 18625 18943 D FreeFlowUtils: [glide-disk-cache-thread-0] Origin url: http://static-test.missevan.com/dramacoversmini/201604/20/4ee0abe42a28ebac1ef8e3a0eda0daa0150201.jpg?x-oss-process=image/resize,w_270/format,webp, free flow url: http://static-test.missevan.com/dramacoversmini/201604/20/4ee0abe42a28ebac1ef8e3a0eda0daa0150201.jpg?x-oss-process=image/resize,w_270/format,webp
09-07 16:55:51.921 18625 18943 D FreeFlowUtils: [glide-disk-cache-thread-0] Origin url: http://static-test.missevan.com/dramacoversmini/201605/01/0a6ca0ceeb612fbf29d7ea609b171bcf061022.jpg?x-oss-process=image/resize,w_306/format,webp, free flow url: http://static-test.missevan.com/dramacoversmini/201605/01/0a6ca0ceeb612fbf29d7ea609b171bcf061022.jpg?x-oss-process=image/resize,w_306/format,webp
09-07 16:55:51.928 18625 18943 D FreeFlowUtils: [glide-disk-cache-thread-0] Origin url: http://static-test.missevan.com/dramacoversmini/201709/07/1f7769e03f2eeafbf233803f7c16b360192304.png?x-oss-process=image/resize,w_306/format,webp, free flow url: http://static-test.missevan.com/dramacoversmini/201709/07/1f7769e03f2eeafbf233803f7c16b360192304.png?x-oss-process=image/resize,w_306/format,webp
09-07 16:55:51.933 18625 18943 D FreeFlowUtils: [glide-disk-cache-thread-0] Origin url: http://static-test.missevan.com/dramacoversmini/201604/20/57a934f8d31a7ace356108ae3526c419151604.jpg?x-oss-process=image/resize,w_306/format,webp, free flow url: http://static-test.missevan.com/dramacoversmini/201604/20/57a934f8d31a7ace356108ae3526c419151604.jpg?x-oss-process=image/resize,w_306/format,webp
09-07 16:55:51.942 18625 18943 D FreeFlowUtils: [glide-disk-cache-thread-0] Origin url: https://static-test.missevan.com/catalog/banners/202004/12/924d10df2d6923a778e7aa2fd50618e3210915.jpg?x-oss-process=image/resize,w_996/format,webp, free flow url: https://static-test.missevan.com/catalog/banners/202004/12/924d10df2d6923a778e7aa2fd50618e3210915.jpg?x-oss-process=image/resize,w_996/format,webp
09-07 16:55:51.957 18625 18625 E ThemeUtils: View class skin.support.widget.SkinCompatImageView is an AppCompat widget that can only be used with a Theme.AppCompat theme (or descendant).
09-07 16:55:51.959 18625 18625 E ThemeUtils: View class skin.support.widget.SkinCompatTextView is an AppCompat widget that can only be used with a Theme.AppCompat theme (or descendant).
09-07 16:55:51.963 18625 18943 D FreeFlowUtils: [glide-disk-cache-thread-0] Origin url: http://static-test.maoercdn.com/coversmini/201701/24/dbade74b0ab95375c343fdbe3f89aff6095445.png?x-oss-process=image/resize,w_274/format,webp, free flow url: http://static-test.maoercdn.com/coversmini/201701/24/dbade74b0ab95375c343fdbe3f89aff6095445.png?x-oss-process=image/resize,w_274/format,webp
09-07 16:55:51.968 18625 18943 D FreeFlowUtils: [glide-disk-cache-thread-0] Origin url: http://static-test.maoercdn.com/coversmini/202004/13/6f364bef0ab8f95ed2f430421a609c8b143318.png?x-oss-process=image/resize,w_274/format,webp, free flow url: http://static-test.maoercdn.com/coversmini/202004/13/6f364bef0ab8f95ed2f430421a609c8b143318.png?x-oss-process=image/resize,w_274/format,webp
09-07 16:55:51.979 18625 18943 D FreeFlowUtils: [glide-disk-cache-thread-0] Origin url: http://static-test.maoercdn.com/coversmini/201612/09/e7c844dda7014cdcbfd69fdade5d0e05185820.jpg?x-oss-process=image/resize,w_274/format,webp, free flow url: http://static-test.maoercdn.com/coversmini/201612/09/e7c844dda7014cdcbfd69fdade5d0e05185820.jpg?x-oss-process=image/resize,w_274/format,webp
09-07 16:55:51.983 18625 18943 D FreeFlowUtils: [glide-disk-cache-thread-0] Origin url: http://static-test.maoercdn.com/app/catalog/icon/46.png?x-oss-process=image/resize,w_120/format,webp, free flow url: http://static-test.maoercdn.com/app/catalog/icon/46.png?x-oss-process=image/resize,w_120/format,webp
09-07 16:55:51.992 18625 18943 D FreeFlowUtils: [glide-disk-cache-thread-0] Origin url: http://static-test.maoercdn.com/app/catalog/icon/5.png?x-oss-process=image/resize,w_120/format,webp, free flow url: http://static-test.maoercdn.com/app/catalog/icon/5.png?x-oss-process=image/resize,w_120/format,webp
09-07 16:55:52.002 18625 18943 D FreeFlowUtils: [glide-disk-cache-thread-0] Origin url: http://static-test.maoercdn.com/app/catalog/icon/8.png?x-oss-process=image/resize,w_120/format,webp, free flow url: http://static-test.maoercdn.com/app/catalog/icon/8.png?x-oss-process=image/resize,w_120/format,webp
09-07 16:55:52.011 18625 18943 D FreeFlowUtils: [glide-disk-cache-thread-0] Origin url: http://static-test.maoercdn.com/app/catalog/icon/108.png?x-oss-process=image/resize,w_120/format,webp, free flow url: http://static-test.maoercdn.com/app/catalog/icon/108.png?x-oss-process=image/resize,w_120/format,webp
09-07 16:55:52.020 18625 18943 D FreeFlowUtils: [glide-disk-cache-thread-0] Origin url: http://static-test.maoercdn.com/app/catalog/icon/26.png?x-oss-process=image/resize,w_120/format,webp, free flow url: http://static-test.maoercdn.com/app/catalog/icon/26.png?x-oss-process=image/resize,w_120/format,webp
09-07 16:55:52.029 18625 18943 D FreeFlowUtils: [glide-disk-cache-thread-0] Origin url: http://static-test.maoercdn.com/app/catalog/icon/41.png?x-oss-process=image/resize,w_120/format,webp, free flow url: http://static-test.maoercdn.com/app/catalog/icon/41.png?x-oss-process=image/resize,w_120/format,webp
09-07 16:55:52.038 18625 18943 D FreeFlowUtils: [glide-disk-cache-thread-0] Origin url: http://static-test.maoercdn.com/app/catalog/icon/6.png?x-oss-process=image/resize,w_120/format,webp, free flow url: http://static-test.maoercdn.com/app/catalog/icon/6.png?x-oss-process=image/resize,w_120/format,webp
09-07 16:55:52.047 18625 18943 D FreeFlowUtils: [glide-disk-cache-thread-0] Origin url: http://static-test.maoercdn.com/app/catalog/icon/65.png?x-oss-process=image/resize,w_120/format,webp, free flow url: http://static-test.maoercdn.com/app/catalog/icon/65.png?x-oss-process=image/resize,w_120/format,webp
09-07 16:55:52.055 18625 18784 I CronetEngine: [thread_background]
09-07 16:55:52.055 18625 18784 I CronetEngine: url: http://static-test.missevan.com/dramacoversmini/201605/01/0a6ca0ceeb612fbf29d7ea609b171bcf061022.jpg?x-oss-process=image/resize,w_306/format,webp
09-07 16:55:52.055 18625 18784 I CronetEngine:  ip: 101.226.28.218
09-07 16:55:52.055 18625 18784 I CronetEngine:  hostResolverProvider: ali
09-07 16:55:52.055 18625 18784 I CronetEngine:  hostResolveIps: ["101.226.28.218","101.89.125.241","101.89.125.239","101.89.125.238","101.89.125.244","101.89.125.240"]
09-07 16:55:52.055 18625 18784 I CronetEngine:
09-07 16:55:52.056 18625 18943 D FreeFlowUtils: [glide-disk-cache-thread-0] Origin url: http://static-test.maoercdn.com/app/catalog/icon/54.png?x-oss-process=image/resize,w_120/format,webp, free flow url: http://static-test.maoercdn.com/app/catalog/icon/54.png?x-oss-process=image/resize,w_120/format,webp
09-07 16:55:52.063 18625 18784 I CronetEngine: [thread_background]
09-07 16:55:52.063 18625 18784 I CronetEngine: url: http://static-test.missevan.com/dramacoversmini/201604/20/4ee0abe42a28ebac1ef8e3a0eda0daa0150201.jpg?x-oss-process=image/resize,w_270/format,webp
09-07 16:55:52.063 18625 18784 I CronetEngine:  ip: 101.89.125.242
09-07 16:55:52.063 18625 18784 I CronetEngine:  hostResolverProvider:
09-07 16:55:52.063 18625 18784 I CronetEngine:  hostResolveIps: []
09-07 16:55:52.063 18625 18784 I CronetEngine:
09-07 16:55:52.064 18625 18943 D FreeFlowUtils: [glide-disk-cache-thread-0] Origin url: https://static-test.maoercdn.com/coversmini/202207/01/66f7cdf03ca5b7a87413b0f7aeed736f153934.png?x-oss-process=image/resize,w_120/format,webp, free flow url: https://static-test.maoercdn.com/coversmini/202207/01/66f7cdf03ca5b7a87413b0f7aeed736f153934.png?x-oss-process=image/resize,w_120/format,webp
09-07 16:55:52.074 18625 18943 D FreeFlowUtils: [glide-disk-cache-thread-0] Origin url: https://static-test.maoercdn.com/coversmini/202207/01/cada8dc4b8a70c98f3927eda0229dab1154040.png?x-oss-process=image/resize,w_120/format,webp, free flow url: https://static-test.maoercdn.com/coversmini/202207/01/cada8dc4b8a70c98f3927eda0229dab1154040.png?x-oss-process=image/resize,w_120/format,webp
09-07 16:55:52.080 18625 18784 I CronetEngine: [thread_background]
09-07 16:55:52.080 18625 18784 I CronetEngine: url: http://static-test.maoercdn.com/coversmini/201701/24/dbade74b0ab95375c343fdbe3f89aff6095445.png?x-oss-process=image/resize,w_274/format,webp
09-07 16:55:52.080 18625 18784 I CronetEngine:  ip: 117.27.226.223
09-07 16:55:52.080 18625 18784 I CronetEngine:  hostResolverProvider:
09-07 16:55:52.080 18625 18784 I CronetEngine:  hostResolveIps: []
09-07 16:55:52.080 18625 18784 I CronetEngine:
09-07 16:55:52.083 18625 18943 D FreeFlowUtils: [glide-disk-cache-thread-0] Origin url: https://static-test.maoercdn.com/coversmini/202206/27/3c69601b46e82cfda2c7181ad753fc6f194524.png?x-oss-process=image/resize,w_120/format,webp, free flow url: https://static-test.maoercdn.com/coversmini/202206/27/3c69601b46e82cfda2c7181ad753fc6f194524.png?x-oss-process=image/resize,w_120/format,webp
09-07 16:55:52.097 18625 18784 I CronetEngine: [thread_background]
09-07 16:55:52.097 18625 18784 I CronetEngine: url: http://static-test.missevan.com/dramacoversmini/201604/20/57a934f8d31a7ace356108ae3526c419151604.jpg?x-oss-process=image/resize,w_306/format,webp
09-07 16:55:52.097 18625 18784 I CronetEngine:  ip: 101.226.28.218
09-07 16:55:52.097 18625 18784 I CronetEngine:  hostResolverProvider: ali
09-07 16:55:52.097 18625 18784 I CronetEngine:  hostResolveIps: ["101.226.28.218","101.89.125.241","101.89.125.239","101.89.125.238","101.89.125.244","101.89.125.240"]
09-07 16:55:52.097 18625 18784 I CronetEngine:
09-07 16:55:52.106 18625 18784 I CronetEngine: [thread_background]
09-07 16:55:52.106 18625 18784 I CronetEngine: url: http://static-test.missevan.com/dramacoversmini/201709/07/1f7769e03f2eeafbf233803f7c16b360192304.png?x-oss-process=image/resize,w_306/format,webp
09-07 16:55:52.106 18625 18784 I CronetEngine:  ip: 101.226.28.218
09-07 16:55:52.106 18625 18784 I CronetEngine:  hostResolverProvider: ali
09-07 16:55:52.106 18625 18784 I CronetEngine:  hostResolveIps: ["101.226.28.218","101.89.125.241","101.89.125.239","101.89.125.238","101.89.125.244","101.89.125.240"]
09-07 16:55:52.106 18625 18784 I CronetEngine:
09-07 16:55:52.111 18625 18784 I CronetEngine: [thread_background]
09-07 16:55:52.111 18625 18784 I CronetEngine: url: http://static-test.maoercdn.com/coversmini/201612/09/e7c844dda7014cdcbfd69fdade5d0e05185820.jpg?x-oss-process=image/resize,w_274/format,webp
09-07 16:55:52.111 18625 18784 I CronetEngine:  ip: 117.27.226.218
09-07 16:55:52.111 18625 18784 I CronetEngine:  hostResolverProvider:
09-07 16:55:52.111 18625 18784 I CronetEngine:  hostResolveIps: []
09-07 16:55:52.111 18625 18784 I CronetEngine:
09-07 16:55:52.135 18625 18625 W StaticLayout: maxLineHeight should not be -1.  maxLines:2 lineCount:2
09-07 16:55:52.137 18625 18625 W StaticLayout: maxLineHeight should not be -1.  maxLines:2 lineCount:2
09-07 16:55:52.204 18625 18943 D FreeFlowUtils: [glide-disk-cache-thread-0] Origin url: https://static-test.missevan.com/coversmini/202101/25/801040e6e64ff115256fe8501ccc8ba1121457.jpeg?x-oss-process=image/resize,w_306/format,webp, free flow url: https://static-test.missevan.com/coversmini/202101/25/801040e6e64ff115256fe8501ccc8ba1121457.jpeg?x-oss-process=image/resize,w_306/format,webp
09-07 16:55:52.217 18625 18943 D FreeFlowUtils: [glide-disk-cache-thread-0] Origin url: https://static-test.missevan.com/coversmini/202108/11/4d316dd52c850e4feea8b5046d3e8ab1143853.jpg?x-oss-process=image/resize,w_306/format,webp, free flow url: https://static-test.missevan.com/coversmini/202108/11/4d316dd52c850e4feea8b5046d3e8ab1143853.jpg?x-oss-process=image/resize,w_306/format,webp
09-07 16:55:52.229 18625 18943 D FreeFlowUtils: [glide-disk-cache-thread-0] Origin url: https://static-test.missevan.com/coversmini/202108/11/128d81ce30c32ea51ef6ba90ba95e740153013.jpg?x-oss-process=image/resize,w_306/format,webp, free flow url: https://static-test.missevan.com/coversmini/202108/11/128d81ce30c32ea51ef6ba90ba95e740153013.jpg?x-oss-process=image/resize,w_306/format,webp
09-07 16:55:52.238 18625 18625 W Glide   : Load failed for http://static-test.missevan.com/dramacoversmini/201605/01/0a6ca0ceeb612fbf29d7ea609b171bcf061022.jpg with size [306x306]
09-07 16:55:52.238 18625 18625 W Glide   : class com.bumptech.glide.load.a.q: Failed to load resource
09-07 16:55:52.238 18625 18625 W Glide   : There was 1 root cause:
09-07 16:55:52.238 18625 18625 W Glide   : com.bumptech.glide.load.e(Not Found, status code: 404)
09-07 16:55:52.238 18625 18625 W Glide   :  call GlideException#logRootCauses(String) for more detail
09-07 16:55:52.238 18625 18625 W Glide   :   Cause (1 of 1): class com.bumptech.glide.load.a.q: Fetching data failed, class java.io.InputStream, REMOTE
09-07 16:55:52.238 18625 18625 W Glide   : There was 1 root cause:
09-07 16:55:52.238 18625 18625 W Glide   : com.bumptech.glide.load.e(Not Found, status code: 404)
09-07 16:55:52.238 18625 18625 W Glide   :  call GlideException#logRootCauses(String) for more detail
09-07 16:55:52.238 18625 18625 W Glide   :     Cause (1 of 1): class com.bumptech.glide.load.e: Not Found, status code: 404
09-07 16:55:52.238   718   718 I SurfaceFlinger: FPS: 8
09-07 16:55:52.238 18625 18625 I Glide   : Root cause (1 of 1)
09-07 16:55:52.238 18625 18625 I Glide   : com.bumptech.glide.load.e: Not Found, status code: 404
09-07 16:55:52.238 18625 18625 I Glide   : 	at com.bumptech.glide.integration.okhttp3.b.onResponse(SourceFile:71)
09-07 16:55:52.238 18625 18625 I Glide   : 	at okhttp3.ac$a.execute(SourceFile:221)
09-07 16:55:52.238 18625 18625 I Glide   : 	at okhttp3.internal.b.run(SourceFile:32)
09-07 16:55:52.238 18625 18625 I Glide   : 	at java.util.concurrent.ThreadPoolExecutor.runWorker(ThreadPoolExecutor.java:1167)
09-07 16:55:52.238 18625 18625 I Glide   : 	at java.util.concurrent.ThreadPoolExecutor$Worker.run(ThreadPoolExecutor.java:641)
09-07 16:55:52.238 18625 18625 I Glide   : 	at java.lang.Thread.run(Thread.java:764)
09-07 16:55:52.240 18625 18625 W Glide   : Load failed for http://static-test.missevan.com/dramacoversmini/201604/20/4ee0abe42a28ebac1ef8e3a0eda0daa0150201.jpg with size [270x270]
09-07 16:55:52.240 18625 18625 W Glide   : class com.bumptech.glide.load.a.q: Failed to load resource
09-07 16:55:52.240 18625 18625 W Glide   : There was 1 root cause:
09-07 16:55:52.240 18625 18625 W Glide   : com.bumptech.glide.load.e(Not Found, status code: 404)
09-07 16:55:52.240 18625 18625 W Glide   :  call GlideException#logRootCauses(String) for more detail
09-07 16:55:52.240 18625 18625 W Glide   :   Cause (1 of 1): class com.bumptech.glide.load.a.q: Fetching data failed, class java.io.InputStream, REMOTE
09-07 16:55:52.240 18625 18625 W Glide   : There was 1 root cause:
09-07 16:55:52.240 18625 18625 W Glide   : com.bumptech.glide.load.e(Not Found, status code: 404)
09-07 16:55:52.240 18625 18625 W Glide   :  call GlideException#logRootCauses(String) for more detail
09-07 16:55:52.240 18625 18625 W Glide   :     Cause (1 of 1): class com.bumptech.glide.load.e: Not Found, status code: 404
09-07 16:55:52.240 18625 18625 I Glide   : Root cause (1 of 1)
09-07 16:55:52.240 18625 18625 I Glide   : com.bumptech.glide.load.e: Not Found, status code: 404
09-07 16:55:52.240 18625 18625 I Glide   : 	at com.bumptech.glide.integration.okhttp3.b.onResponse(SourceFile:71)
09-07 16:55:52.240 18625 18625 I Glide   : 	at okhttp3.ac$a.execute(SourceFile:221)
09-07 16:55:52.240 18625 18625 I Glide   : 	at okhttp3.internal.b.run(SourceFile:32)
09-07 16:55:52.240 18625 18625 I Glide   : 	at java.util.concurrent.ThreadPoolExecutor.runWorker(ThreadPoolExecutor.java:1167)
09-07 16:55:52.240 18625 18625 I Glide   : 	at java.util.concurrent.ThreadPoolExecutor$Worker.run(ThreadPoolExecutor.java:641)
09-07 16:55:52.240 18625 18625 I Glide   : 	at java.lang.Thread.run(Thread.java:764)
09-07 16:55:52.242 18625 18625 W Glide   : Load failed for http://static-test.maoercdn.com/coversmini/201701/24/dbade74b0ab95375c343fdbe3f89aff6095445.png with size [274x275]
09-07 16:55:52.242 18625 18625 W Glide   : class com.bumptech.glide.load.a.q: Failed to load resource
09-07 16:55:52.242 18625 18625 W Glide   : There was 1 root cause:
09-07 16:55:52.242 18625 18625 W Glide   : com.bumptech.glide.load.e(Not Found, status code: 404)
09-07 16:55:52.242 18625 18625 W Glide   :  call GlideException#logRootCauses(String) for more detail
09-07 16:55:52.242 18625 18625 W Glide   :   Cause (1 of 1): class com.bumptech.glide.load.a.q: Fetching data failed, class java.io.InputStream, REMOTE
09-07 16:55:52.242 18625 18625 W Glide   : There was 1 root cause:
09-07 16:55:52.242 18625 18625 W Glide   : com.bumptech.glide.load.e(Not Found, status code: 404)
09-07 16:55:52.242 18625 18625 W Glide   :  call GlideException#logRootCauses(String) for more detail
09-07 16:55:52.242 18625 18625 W Glide   :     Cause (1 of 1): class com.bumptech.glide.load.e: Not Found, status code: 404
09-07 16:55:52.242 18625 18625 I Glide   : Root cause (1 of 1)
09-07 16:55:52.242 18625 18625 I Glide   : com.bumptech.glide.load.e: Not Found, status code: 404
09-07 16:55:52.242 18625 18625 I Glide   : 	at com.bumptech.glide.integration.okhttp3.b.onResponse(SourceFile:71)
09-07 16:55:52.242 18625 18625 I Glide   : 	at okhttp3.ac$a.execute(SourceFile:221)
09-07 16:55:52.242 18625 18625 I Glide   : 	at okhttp3.internal.b.run(SourceFile:32)
09-07 16:55:52.242 18625 18625 I Glide   : 	at java.util.concurrent.ThreadPoolExecutor.runWorker(ThreadPoolExecutor.java:1167)
09-07 16:55:52.242 18625 18625 I Glide   : 	at java.util.concurrent.ThreadPoolExecutor$Worker.run(ThreadPoolExecutor.java:641)
09-07 16:55:52.242 18625 18625 I Glide   : 	at java.lang.Thread.run(Thread.java:764)
09-07 16:55:52.243 18625 18943 D FreeFlowUtils: [glide-disk-cache-thread-0] Origin url: https://static-test.missevan.com/coversmini/202108/11/bfe54f463ea8bf754e76aac0f0d83ceb154507.jpg?x-oss-process=image/resize,w_306/format,webp, free flow url: https://static-test.missevan.com/coversmini/202108/11/bfe54f463ea8bf754e76aac0f0d83ceb154507.jpg?x-oss-process=image/resize,w_306/format,webp
09-07 16:55:52.245 18625 18625 W Glide   : Load failed for http://static-test.missevan.com/dramacoversmini/201604/20/57a934f8d31a7ace356108ae3526c419151604.jpg with size [306x306]
09-07 16:55:52.245 18625 18625 W Glide   : class com.bumptech.glide.load.a.q: Failed to load resource
09-07 16:55:52.245 18625 18625 W Glide   : There was 1 root cause:
09-07 16:55:52.245 18625 18625 W Glide   : com.bumptech.glide.load.e(Not Found, status code: 404)
09-07 16:55:52.245 18625 18625 W Glide   :  call GlideException#logRootCauses(String) for more detail
09-07 16:55:52.245 18625 18625 W Glide   :   Cause (1 of 1): class com.bumptech.glide.load.a.q: Fetching data failed, class java.io.InputStream, REMOTE
09-07 16:55:52.245 18625 18625 W Glide   : There was 1 root cause:
09-07 16:55:52.245 18625 18625 W Glide   : com.bumptech.glide.load.e(Not Found, status code: 404)
09-07 16:55:52.245 18625 18625 W Glide   :  call GlideException#logRootCauses(String) for more detail
09-07 16:55:52.245 18625 18625 W Glide   :     Cause (1 of 1): class com.bumptech.glide.load.e: Not Found, status code: 404
09-07 16:55:52.245 18625 18625 I Glide   : Root cause (1 of 1)
09-07 16:55:52.245 18625 18625 I Glide   : com.bumptech.glide.load.e: Not Found, status code: 404
09-07 16:55:52.245 18625 18625 I Glide   : 	at com.bumptech.glide.integration.okhttp3.b.onResponse(SourceFile:71)
09-07 16:55:52.245 18625 18625 I Glide   : 	at okhttp3.ac$a.execute(SourceFile:221)
09-07 16:55:52.245 18625 18625 I Glide   : 	at okhttp3.internal.b.run(SourceFile:32)
09-07 16:55:52.245 18625 18625 I Glide   : 	at java.util.concurrent.ThreadPoolExecutor.runWorker(ThreadPoolExecutor.java:1167)
09-07 16:55:52.245 18625 18625 I Glide   : 	at java.util.concurrent.ThreadPoolExecutor$Worker.run(ThreadPoolExecutor.java:641)
09-07 16:55:52.245 18625 18625 I Glide   : 	at java.lang.Thread.run(Thread.java:764)
09-07 16:55:52.246 18625 18625 W Glide   : Load failed for http://static-test.missevan.com/dramacoversmini/201709/07/1f7769e03f2eeafbf233803f7c16b360192304.png with size [306x306]
09-07 16:55:52.246 18625 18625 W Glide   : class com.bumptech.glide.load.a.q: Failed to load resource
09-07 16:55:52.246 18625 18625 W Glide   : There was 1 root cause:
09-07 16:55:52.246 18625 18625 W Glide   : com.bumptech.glide.load.e(Not Found, status code: 404)
09-07 16:55:52.246 18625 18625 W Glide   :  call GlideException#logRootCauses(String) for more detail
09-07 16:55:52.246 18625 18625 W Glide   :   Cause (1 of 1): class com.bumptech.glide.load.a.q: Fetching data failed, class java.io.InputStream, REMOTE
09-07 16:55:52.246 18625 18625 W Glide   : There was 1 root cause:
09-07 16:55:52.246 18625 18625 W Glide   : com.bumptech.glide.load.e(Not Found, status code: 404)
09-07 16:55:52.246 18625 18625 W Glide   :  call GlideException#logRootCauses(String) for more detail
09-07 16:55:52.246 18625 18625 W Glide   :     Cause (1 of 1): class com.bumptech.glide.load.e: Not Found, status code: 404
09-07 16:55:52.246 18625 18625 I Glide   : Root cause (1 of 1)
09-07 16:55:52.246 18625 18625 I Glide   : com.bumptech.glide.load.e: Not Found, status code: 404
09-07 16:55:52.246 18625 18625 I Glide   : 	at com.bumptech.glide.integration.okhttp3.b.onResponse(SourceFile:71)
09-07 16:55:52.246 18625 18625 I Glide   : 	at okhttp3.ac$a.execute(SourceFile:221)
09-07 16:55:52.246 18625 18625 I Glide   : 	at okhttp3.internal.b.run(SourceFile:32)
09-07 16:55:52.246 18625 18625 I Glide   : 	at java.util.concurrent.ThreadPoolExecutor.runWorker(ThreadPoolExecutor.java:1167)
09-07 16:55:52.246 18625 18625 I Glide   : 	at java.util.concurrent.ThreadPoolExecutor$Worker.run(ThreadPoolExecutor.java:641)
09-07 16:55:52.246 18625 18625 I Glide   : 	at java.lang.Thread.run(Thread.java:764)
09-07 16:55:52.247 18625 18625 W Glide   : Load failed for http://static-test.maoercdn.com/coversmini/201612/09/e7c844dda7014cdcbfd69fdade5d0e05185820.jpg with size [274x275]
09-07 16:55:52.247 18625 18625 W Glide   : class com.bumptech.glide.load.a.q: Failed to load resource
09-07 16:55:52.247 18625 18625 W Glide   : There was 1 root cause:
09-07 16:55:52.247 18625 18625 W Glide   : com.bumptech.glide.load.e(Not Found, status code: 404)
09-07 16:55:52.247 18625 18625 W Glide   :  call GlideException#logRootCauses(String) for more detail
09-07 16:55:52.247 18625 18625 W Glide   :   Cause (1 of 1): class com.bumptech.glide.load.a.q: Fetching data failed, class java.io.InputStream, REMOTE
09-07 16:55:52.247 18625 18625 W Glide   : There was 1 root cause:
09-07 16:55:52.247 18625 18625 W Glide   : com.bumptech.glide.load.e(Not Found, status code: 404)
09-07 16:55:52.247 18625 18625 W Glide   :  call GlideException#logRootCauses(String) for more detail
09-07 16:55:52.247 18625 18625 W Glide   :     Cause (1 of 1): class com.bumptech.glide.load.e: Not Found, status code: 404
09-07 16:55:52.248 18625 18625 I Glide   : Root cause (1 of 1)
09-07 16:55:52.248 18625 18625 I Glide   : com.bumptech.glide.load.e: Not Found, status code: 404
09-07 16:55:52.248 18625 18625 I Glide   : 	at com.bumptech.glide.integration.okhttp3.b.onResponse(SourceFile:71)
09-07 16:55:52.248 18625 18625 I Glide   : 	at okhttp3.ac$a.execute(SourceFile:221)
09-07 16:55:52.248 18625 18625 I Glide   : 	at okhttp3.internal.b.run(SourceFile:32)
09-07 16:55:52.248 18625 18625 I Glide   : 	at java.util.concurrent.ThreadPoolExecutor.runWorker(ThreadPoolExecutor.java:1167)
09-07 16:55:52.248 18625 18625 I Glide   : 	at java.util.concurrent.ThreadPoolExecutor$Worker.run(ThreadPoolExecutor.java:641)
09-07 16:55:52.248 18625 18625 I Glide   : 	at java.lang.Thread.run(Thread.java:764)
09-07 16:55:52.255 18625 18943 D FreeFlowUtils: [glide-disk-cache-thread-0] Origin url: https://static-test.missevan.com/coversmini/202108/19/9ef9c64ac67368dee83e0bd487b96a89191751.jpg?x-oss-process=image/resize,w_306/format,webp, free flow url: https://static-test.missevan.com/coversmini/202108/19/9ef9c64ac67368dee83e0bd487b96a89191751.jpg?x-oss-process=image/resize,w_306/format,webp
09-07 16:55:52.270 18625 18943 D FreeFlowUtils: [glide-disk-cache-thread-0] Origin url: https://static-test.missevan.com/coversmini/202108/24/b5cec83356f634c81add1f56cfda3cfe133214.jpg?x-oss-process=image/resize,w_306/format,webp, free flow url: https://static-test.missevan.com/coversmini/202108/24/b5cec83356f634c81add1f56cfda3cfe133214.jpg?x-oss-process=image/resize,w_306/format,webp
09-07 16:55:52.519 18625 18717 D NAccs.Config:  getAgooAppKey appkey:umeng:546d7dd7fd98c58fc800082c
09-07 16:55:52.519 18625 18717 D NAccs.NotifManager:  report,utdid=Yxb4jenW6G8DAAMnawpgwtMM,regId=15880600190911619307421,type=VIVO_TOKEN
09-07 16:55:52.520 18625 18717 D NAccs.Config:  getAgooAppKey appkey:umeng:546d7dd7fd98c58fc800082c
09-07 16:55:52.520 18625 18717 D NAccs.ACCSManager:  getAccsInstance key:default|0
09-07 16:55:52.521 18625 18717 D NAccs.InAppConn_default:  start
09-07 16:55:52.521 18625 18717 E NAccs.ACCSMgrImpl_default:  sendMessage dataId:1662540952521.4
09-07 16:55:52.522 18625 18717 D NAccs.InAppConn_default:  sendMessage ready dataId:1662540952521.4 type:DATA delay:0
09-07 16:55:52.523 18625 18717 I NAccs.NotifManager:  reportThirdPushToken,dataId=1662540952521.4,regId=15880600190911619307421,type=VIVO_TOKEN
09-07 16:55:52.525 18625 18872 E NAccs.InAppConn_default:  sendMessage start dataId:1662540952521.4 type:DATA
09-07 16:55:52.526 18625 18872 D awcn.SessionCenter: |[seq:umeng:546d7dd7fd98c58fc800082c] getInternal u:https://umengacs.m.taobao.com sessionType:LongLink timeout:10000
09-07 16:55:52.526 18625 18872 D awcn.StrategyCenter:  getSchemeByHost host:umengacs.m.taobao.com scheme:https
09-07 16:55:52.526 18625 18872 D awcn.SessionCenter: |[seq:umeng:546d7dd7fd98c58fc800082c] get internal hit cache session session:Session@[umeng:546d7dd7fd98c58fc800082c.AWCN1_1|http2_0rtt_acs]
09-07 16:55:52.527 18625 18872 D NAccs.Msg_default:  Build Message dataId:1662540952521.4
09-07 16:55:52.527 18625 18872 D NAccs.Msg_default:  	version:2 compress:0
09-07 16:55:52.527 18625 18872 D NAccs.Msg_default:  	flag: 0x40
09-07 16:55:52.527 18625 18872 D NAccs.Msg_default:  	totalLength:264
09-07 16:55:52.527 18625 18872 D NAccs.Msg_default:  	dataLength:262
09-07 16:55:52.527 18625 18872 D NAccs.Msg_default:  	flags:ffff8800
09-07 16:55:52.527 18625 18872 D NAccs.Msg_default:  	targetLength:18
09-07 16:55:52.527 18625 18872 D NAccs.Msg_default:  	target:2|agooTokenReport|
09-07 16:55:52.527 18625 18872 D NAccs.Msg_default:  	sourceLength:53
09-07 16:55:52.527 18625 18872 D NAccs.Msg_default:  	source:Yxb4jenW6G8DAAMnawpgwtMM|cn.missevan|agooTokenReport|
09-07 16:55:52.527 18625 18872 D NAccs.Msg_default:  	dataIdLength:15
09-07 16:55:52.527 18625 18872 D NAccs.Msg_default:  	dataId:1662540952521.4
09-07 16:55:52.528 18625 18872 D NAccs.Msg_default:  	extHeader len:0
09-07 16:55:52.528 18625 18872 D NAccs.Msg_default:  	oriData:{"thirdTokenType":"VIVO_TOKEN","utdid":"Yxb4jenW6G8DAAMnawpgwtMM","appkey":"umeng:546d7dd7fd98c58fc800082c","vendorSdkVersion":"1.1.5","token":"15880600190911619307421"}
09-07 16:55:52.528 18625 18872 D NAccs.InAppConn_default:  sendMessage dataId:1662540952521.4 command:100 host:https://umengacs.m.taobao.com len:268 utdid:Yxb4jenW6G8DAAMnawpgwtMM
09-07 16:55:52.528 18625 18872 E awcn.TnetSpdySession: |[seq:umeng:546d7dd7fd98c58fc800082c.AWCN1_1] sendCustomFrame dataId:4 type:200
09-07 16:55:52.530 18625 18872 E NAccs.InAppConn_default:  sendMessage end dataId:1662540952521.4 status:true
09-07 16:55:52.578 18625 18725 E awcn.TnetSpdySession: |[seq:umeng:546d7dd7fd98c58fc800082c.AWCN1_1] [spdyCustomControlFrameRecvCallback] len:99 frameCb:com.taobao.accs.net.k@8e7293b
09-07 16:55:52.579 18625 18725 E awcn.TnetSpdySession: |[seq:umeng:546d7dd7fd98c58fc800082c.AWCN1_1] str:20 40 0 5f 0 5d a0 0 35 59 78 62 34 6a 65 6e 57 36 47 38 44 41 41 4d 6e 61 77 70 67 77 74 4d 4d 7c 63 6e 2e 6d 69 73 73 65 76 61 6e 7c 61 67 6f 6f 54 6f 6b 65 6e 52 65 70 6f 72 74 7c 12 32 7c 61 67 6f 6f 54 6f 6b 65 6e 52 65 70 6f 72 74 7c f 31 36 36 32 35 34 30 39 35 32 35 32 31 2e 34 0 0
09-07 16:55:52.579 18625 18725 E NAccs.InAppConn_default:  onDataReceive type:200 dataid:-1
09-07 16:55:52.580 18625 18717 I NAccs.MsgRecv_default:  onMessage host:https://umengacs.m.taobao.com
09-07 16:55:52.580 18625 18717 D NAccs.MsgRecv_default:  version:2
09-07 16:55:52.580 18625 18717 D NAccs.MsgRecv_default:  compress:0
09-07 16:55:52.580 18625 18717 D NAccs.MsgRecv_default:  totalLen:95
09-07 16:55:52.580 18625 18717 D NAccs.MsgRecv_default:  buf len:93
09-07 16:55:52.580 18625 18717 D NAccs.MsgRecv_default:  flag:a000
09-07 16:55:52.580 18625 18717 D NAccs.MsgRecv_default:  target:Yxb4jenW6G8DAAMnawpgwtMM|cn.missevan|agooTokenReport|
09-07 16:55:52.580 18625 18717 D NAccs.MsgRecv_default:  source:2|agooTokenReport|
09-07 16:55:52.580 18625 18717 D NAccs.MsgRecv_default:  dataId:1662540952521.4
09-07 16:55:52.580 18625 18717 D NAccs.MsgRecv_default:  extHeaderLen:0
09-07 16:55:52.580 18625 18717 D NAccs.MsgRecv_default:  oriData:[B@1ae7149
09-07 16:55:52.580 18625 18717 E NAccs.MsgRecv_default:  handleMessage dataId:1662540952521.4 type:DATA reqType:ACK resType:NO_ACK target:Yxb4jenW6G8DAAMnawpgwtMM|cn.missevan|agooTokenReport|
09-07 16:55:52.580 18625 18717 D NAccs.MsgRecv_default:  handleMessage reqMessage not null
09-07 16:55:52.581 18625 18717 D NAccs.MsgRecv_default:  onResult command:100 erorcode:200
09-07 16:55:52.581 18625 18717 E NAccs.MsgDistribute:  distribute ready action:com.taobao.accs.intent.action.RECEIVE dataId:1662540952521.4 serviceId:agooTokenReport
09-07 16:55:52.581 18625 18717 D NAccs.MsgDistribute:  distribute start appkey:umeng:546d7dd7fd98c58fc800082c config:default
09-07 16:55:52.581 18625 18717 D NAccs.MsgDistribute:  handleControlMsg configTag:default dataId:1662540952521.4 serviceId:agooTokenReport command:100 errorCode:200 appReceiver:
09-07 16:55:52.581 18625 18717 E NAccs.MsgDistribute:  handleBusinessMsg start dataId:1662540952521.4 serviceId:agooTokenReport command:100 t1:0 t2:0 t3:0 t4:0 t5:0 t6:0
09-07 16:55:52.582 18625 18717 E NAccs.MsgDistribute:  handleBusinessMsg start dataId:1662540952521.4 serviceId:agooTokenReport command:100
09-07 16:55:52.582 18625 18717 E NAccs.MsgDistribute:  handleBusinessMsg to start service className:org.android.agoo.accs.AgooService
09-07 16:55:52.582 18625 18717 I NAccs.a :  dispatchIntent bind service start intent:Intent { act=com.taobao.accs.intent.action.RECEIVE pkg=cn.missevan cmp=cn.missevan/org.android.agoo.accs.AgooService (has extras) }
09-07 16:55:52.611 18625 18625 D NAccs.AgooService:  into--[onCreate]
09-07 16:55:52.632 18625 18625 D NAccs.a :  bindService connected componentName:ComponentInfo{cn.missevan/org.android.agoo.accs.AgooService}
09-07 16:55:52.636 18625 18625 I NAccs.TaoBaseService:  handleMessage on receive msg msg:{ id=1359 when=-4ms what=0 target=com.taobao.accs.base.TaoBaseService$1 }
09-07 16:55:52.636 18625 18625 I NAccs.TaoBaseService:  handleMessage get intent success intent:Intent { act=com.taobao.accs.intent.action.RECEIVE pkg=cn.missevan cmp=cn.missevan/org.android.agoo.accs.AgooService (has extras) }
09-07 16:55:52.637 18625 18717 E NAccs.a :  onReceiveData dataId:1662540952521.4 serviceId:agooTokenReport command:100 className:org.android.agoo.accs.AgooService
09-07 16:55:52.637 18625 18625 E NAccs.a :  onSendData start dataId:1662540952521.4 serviceId:agooTokenReport
09-07 16:55:52.637 18625 18625 I NAccs.AgooService:  onSendData,dataId=1662540952521.4,errorCode=200,serviceId=agooTokenReport
09-07 16:55:52.638 18625 18625 E NAccs.a :  onSendData end dataId:1662540952521.4
09-07 16:55:53.084 19012 19152 W .missevan:stat: Accessing hidden method Lcom/android/org/conscrypt/OpenSSLSocketImpl;->setAlpnProtocols([B)V (light greylist, reflection)
09-07 16:55:53.231  1710  2176 I chatty  : uid=1000(system) AutobacklightTh identical 10 lines
09-07 16:55:53.243 18625 18943 D FreeFlowUtils: [glide-disk-cache-thread-0] Origin url: https://www.uat.missevan.com/files/2021-07-08/dc6eb90c968aa330313818387a792dd1.jpg?x-oss-process=image/resize,w_996/format,webp, free flow url: https://www.uat.missevan.com/files/2021-07-08/dc6eb90c968aa330313818387a792dd1.jpg?x-oss-process=image/resize,w_996/format,webp
09-07 16:55:53.253   718   718 I SurfaceFlinger: FPS: 52
09-07 16:55:53.280 19012 19152 W .missevan:stat: Accessing hidden method Lcom/android/org/conscrypt/OpenSSLSocketImpl;->getAlpnSelectedProtocol()[B (light greylist, reflection)
09-07 16:55:53.382 18625 18784 I CronetEngine: [thread_background]
09-07 16:55:53.382 18625 18784 I CronetEngine: url: https://www.uat.missevan.com/files/2021-07-08/dc6eb90c968aa330313818387a792dd1.jpg?x-oss-process=image/resize,w_996/format,webp
09-07 16:55:53.382 18625 18784 I CronetEngine:  ip: 10.21.250.10
09-07 16:55:53.382 18625 18784 I CronetEngine:  hostResolverProvider:
09-07 16:55:53.382 18625 18784 I CronetEngine:  hostResolveIps: []
09-07 16:55:53.382 18625 18784 I CronetEngine:
09-07 16:55:53.389 18625 18625 W Glide   : Load failed for https://www.uat.missevan.com/files/2021-07-08/dc6eb90c968aa330313818387a792dd1.jpg with size [996x261]
09-07 16:55:53.389 18625 18625 W Glide   : class com.bumptech.glide.load.a.q: Failed to load resource
09-07 16:55:53.389 18625 18625 W Glide   : There was 1 root cause:
09-07 16:55:53.389 18625 18625 W Glide   : com.bumptech.glide.load.e(, status code: 404)
09-07 16:55:53.389 18625 18625 W Glide   :  call GlideException#logRootCauses(String) for more detail
09-07 16:55:53.389 18625 18625 W Glide   :   Cause (1 of 1): class com.bumptech.glide.load.a.q: Fetching data failed, class java.io.InputStream, REMOTE
09-07 16:55:53.389 18625 18625 W Glide   : There was 1 root cause:
09-07 16:55:53.389 18625 18625 W Glide   : com.bumptech.glide.load.e(, status code: 404)
09-07 16:55:53.389 18625 18625 W Glide   :  call GlideException#logRootCauses(String) for more detail
09-07 16:55:53.389 18625 18625 W Glide   :     Cause (1 of 1): class com.bumptech.glide.load.e: , status code: 404
09-07 16:55:53.389 18625 18625 I Glide   : Root cause (1 of 1)
09-07 16:55:53.389 18625 18625 I Glide   : com.bumptech.glide.load.e: , status code: 404
09-07 16:55:53.389 18625 18625 I Glide   : 	at com.bumptech.glide.integration.okhttp3.b.onResponse(SourceFile:71)
09-07 16:55:53.389 18625 18625 I Glide   : 	at okhttp3.ac$a.execute(SourceFile:221)
09-07 16:55:53.389 18625 18625 I Glide   : 	at okhttp3.internal.b.run(SourceFile:32)
09-07 16:55:53.389 18625 18625 I Glide   : 	at java.util.concurrent.ThreadPoolExecutor.runWorker(ThreadPoolExecutor.java:1167)
09-07 16:55:53.389 18625 18625 I Glide   : 	at java.util.concurrent.ThreadPoolExecutor$Worker.run(ThreadPoolExecutor.java:641)
09-07 16:55:53.389 18625 18625 I Glide   : 	at java.lang.Thread.run(Thread.java:764)
