09-07 16:55:47.532   672  4127 D soundtrigger: audio_extn_sound_trigger_update_stream_status: uc_info->id 0 of type 0 for Event 2, with Raise=1
09-07 16:55:47.532   672  4127 I sound_trigger_platform: platform_stdev_check_and_update_concurrency: Received STREAM event, event type 2, usecase type 0
09-07 16:55:47.532   672  4127 D sound_trigger_platform: platform_stdev_check_and_update_concurrency: dedicated path 0, reset backend 1, tx 0, rx 0,concurrency session allowed
09-07 16:55:47.532   672  4127 D hardware_info: hw_info_append_hw_type : device_name = speaker
09-07 16:55:47.532   672  4127 D audio_hw_primary: disable_snd_device: device 2:device_name:speaker:ref_cnt:0
09-07 16:55:47.532   672  4127 D audio_hw_primary: disable_snd_device: snd_device(2: speaker)
09-07 16:55:47.532   672  4127 D msm8916_platform: platform_split_snd_device: snd_device(2) num devices(0) new_snd_devices(0)
09-07 16:55:47.533   672  4127 I soundtrigger: audio_extn_sound_trigger_update_device_status: device 0x2 of type 0 for Event 0, with Raise=0
09-07 16:55:47.533   672  4127 D audio_hw_primary: out_standby: exit
09-07 16:55:47.534   716   917 I AudioFlinger: mStandby setThreadSampleRate
09-07 16:55:47.534 18898 18898 W Tinker.Tinker: [main] tinker patch directory: /data/user/0/cn.missevan/tinker
09-07 16:55:47.534   716   917 V AudioFlinger: releaseWakeLock_l() AudioOut_D
09-07 16:55:47.534   716   917 V AudioFlinger: thread 0xe2f15e00 type 0 TID 917 going to sleep
09-07 16:55:47.537 18898 18898 I Tinker.Tinker: [main] try to install tinker, isEnable: true, version: 1.9.14.10.4
09-07 16:55:47.539 18898 18898 I Tinker.TinkerLoadResult: [main] parseTinkerResult loadCode:-2, process name:cn.missevan:player, main process:false, systemOTA:false, fingerPrint:vivo/PD1728/PD1728:9/PKQ1.180819.001/compiler07281740:user/release-keys, oatDir:null, useInterpretMode:false
09-07 16:55:47.541 18898 18898 W Tinker.TinkerLoadResult: [main] can't find patch file, is ok, just return
09-07 16:55:47.542 18898 18898 I Tinker.DefaultLoadReporter: [main] patch loadReporter onLoadResult: patch load result, path:/data/user/0/cn.missevan/tinker, code: -2, cost: 6ms
09-07 16:55:47.544 18898 18898 W Tinker.Tinker: [main] tinker load fail!
09-07 16:55:47.579 18625 18784 I CronetEngine: [thread_background]
09-07 16:55:47.579 18625 18784 I CronetEngine: url: http://static-test.maoercdn.com/app/privacy.json
09-07 16:55:47.579 18625 18784 I CronetEngine:  ip: 117.27.226.223
09-07 16:55:47.579 18625 18784 I CronetEngine:  hostResolverProvider: system
09-07 16:55:47.579 18625 18784 I CronetEngine:  hostResolveIps: ["117.27.226.223","117.27.226.225","117.27.226.220","117.27.226.222","117.27.226.219","117.27.226.218","117.27.226.221","117.27.226.224"]
09-07 16:55:47.579 18625 18784 I CronetEngine:
09-07 16:55:47.582 18625 18801 I BLOG    : [RxCachedThreadScheduler-5] HTTP request: [2022-09-07T08:55:47.447Z] GET http://static-test.maoercdn.com/app/privacy.json 200 127ms 0
09-07 16:55:47.613 18898 18898 I PlayerService: [main] PlayerService onCreate. versionName: 5.7.3-debug, versionCode:5070300, deviceSDK: 28
09-07 16:55:47.623  1710  5424 I chatty  : uid=1000(system) Binder:1710_17 expire 5 lines
09-07 16:55:47.624  2389  2506 D vol.MediaSessions: updateRemoteControllerH null
09-07 16:55:47.624  2389  2506 D vol.MediaSessions: onActiveSessionsUpdatedH n=2
09-07 16:55:47.625   716   910 V APM::AudioPolicyEngine: getDeviceForStrategy() strategy 0, device 2
09-07 16:55:47.625  5354  5957 D HeadsetService:  isAudioOn: The number of audio connected devices 0
09-07 16:55:47.625  5354  5957 D HeadsetService: isScoOrCallActive(): Call Active:falseCall is Ringing:falseSCO is Active:false
09-07 16:55:47.625  5354  5957 D HeadsetService:  isAudioOn: The number of audio connected devices 0
09-07 16:55:47.625  5354  5957 W Avrcp_ext: ActiveSession: updated[android.media.session.MediaController@2e6bc26, android.media.session.MediaController@4f5e067]
09-07 16:55:47.626   716   910 V APM::AudioPolicyEngine: getDeviceForStrategy() strategy 0, device 2
09-07 16:55:47.626  5354  5957 V Avrcp_ext: ActiveSession: MediaController (com.android.bbkmusic@2e6bc26) null
09-07 16:55:47.626  2389  2506 D vol.MediaSessions: onActiveSessionsUpdatedH n=2
09-07 16:55:47.627  5354  5957 W Avrcp_ext: playState object null, sending STOPPED
09-07 16:55:47.627  5354  5957 V Avrcp_ext: isBrowseSupported for com.android.bbkmusic: true
09-07 16:55:47.627   716   910 V APM::AudioPolicyEngine: getDeviceForStrategy() strategy 0, device 2
09-07 16:55:47.627   716   910 V APM::AudioPolicyEngine: getDeviceForStrategy() strategy 0, device 2
09-07 16:55:47.628  5354  5957 D Avrcp_ext: update #1:MediaPlayerInfo com.android.bbkmusic (as 'i ') Type = 1, SubType = 0, Status = 0 Feature Bits [40 41 42 44 45 47 48 58 59 62 65 67] Controller: MediaController (com.android.bbkmusic@2e6bc26) null
09-07 16:55:47.628  5354  5957 V Avrcp_ext: ActiveSession: MediaController (cn.missevan@4f5e067) null
09-07 16:55:47.628  5354  5957 V Avrcp_ext: isBrowseSupported for cn.missevan: true
09-07 16:55:47.629  5354  5957 D Avrcp_ext: update #13:MediaPlayerInfo cn.missevan (as 'FM') Type = 1, SubType = 0, Status = 0 Feature Bits [40 41 42 44 45 47 48 58 59 62 65 67] Controller: MediaController (cn.missevan@4f5e067) null
09-07 16:55:47.629  5354  5957 V Avrcp_ext: updateNewIds: Addressed:13 to 13, Browse:0 to 0
09-07 16:55:47.629  5354  5957 D Avrcp_ext: updateCurrentController: MediaController (cn.missevan@bacc381) null to MediaController (cn.missevan@4f5e067) null
09-07 16:55:47.630  1710  2521 I chatty  : uid=1000(system) Binder:1710_5 expire 17 lines
09-07 16:55:47.631  5354  5957 D PlaybackState: setState position:-1
09-07 16:55:47.631  5354  5957 V Avrcp_ext: updateCurrentMediaState: mMediaController: MediaController (cn.missevan@4f5e067) null
09-07 16:55:47.632  5354  5957 V Avrcp_ext: isMusicActive: false getBluetoothPlayState: 0
09-07 16:55:47.632  5354  5957 V Avrcp_ext: updateCurrentMediaState: get media attributes:
09-07 16:55:47.633  5354  5957 I Avrcp_ext: Skipping update due to invalid playback state
09-07 16:55:47.633  5354  5957 V Avrcp_ext: updatePlaybackState, state: PlaybackState {state=0, position=0, buffered position=0, speed=0.0, updated=0, actions=2363190, custom actions=[], active item id=-1, error=null} device: null
09-07 16:55:47.633  5354  5957 V Avrcp_ext: Device: no name:
09-07 16:55:47.633  5354  5957 V Avrcp_ext: Device: no name:
09-07 16:55:47.633  5354  5957 V Avrcp_ext: updatePlayerStateAndPosition, old=PlaybackState {state=0, position=0, buffered position=0, speed=0.0, updated=0, actions=2363190, custom actions=[], active item id=-1, error=null}, state=PlaybackState {state=0, position=0, buffered position=0, speed=0.0, updated=0, actions=2363190, custom actions=[], active item id=-1, error=null}
09-07 16:55:47.633  5354  5957 V Avrcp_ext: old state = PlaybackState {state=0, position=0, buffered position=0, speed=0.0, updated=0, actions=2363190, custom actions=[], active item id=-1, error=null}, new state= PlaybackState {state=0, position=0, buffered position=0, speed=0.0, updated=0, actions=2363190, custom actions=[], active item id=-1, error=null}
09-07 16:55:47.633  5354  5957 D HeadsetService:  isAudioOn: The number of audio connected devices 0
09-07 16:55:47.634  5354  5957 D HeadsetService: isScoOrCallActive(): Call Active:falseCall is Ringing:falseSCO is Active:false
09-07 16:55:47.634  5354  5957 D HeadsetService:  isAudioOn: The number of audio connected devices 0
09-07 16:55:47.634  5354  5957 I Avrcp_ext: updatePlayStatusForDevice: device: null
09-07 16:55:47.634  5354  5957 V Avrcp_ext: updatePlaybackState (1): old=PlaybackState {state=0, position=0, buffered position=0, speed=0.0, updated=0, actions=2363190, custom actions=[], active item id=-1, error=null}(0), new=PlaybackState {state=0, position=0, buffered position=0, speed=0.0, updated=0, actions=2363190, custom actions=[], active item id=-1, error=null}(0)
09-07 16:55:47.634  5354  5957 I Avrcp_ext: Exit updatePlayStatusForDevice
09-07 16:55:47.634  5354  5957 D HeadsetService:  isAudioOn: The number of audio connected devices 0
09-07 16:55:47.634  5354  5957 D HeadsetService: isScoOrCallActive(): Call Active:falseCall is Ringing:falseSCO is Active:false
09-07 16:55:47.634  5354  5957 D HeadsetService:  isAudioOn: The number of audio connected devices 0
09-07 16:55:47.634  5354  5957 I Avrcp_ext: updatePlayStatusForDevice: device: null
09-07 16:55:47.634  5354  5957 V Avrcp_ext: updatePlaybackState (1): old=PlaybackState {state=0, position=0, buffered position=0, speed=0.0, updated=0, actions=2363190, custom actions=[], active item id=-1, error=null}(0), new=PlaybackState {state=0, position=0, buffered position=0, speed=0.0, updated=0, actions=2363190, custom actions=[], active item id=-1, error=null}(0)
09-07 16:55:47.634  5354  5957 I Avrcp_ext: Exit updatePlayStatusForDevice
09-07 16:55:47.634  5354  5957 D Avrcp_ext: sendPlayPosNotificationRsp: Not registered or requesting.
09-07 16:55:47.634  5354  5957 D Avrcp_ext: sendPlayPosNotificationRsp: Not registered or requesting.
09-07 16:55:47.634  5354  5957 V Avrcp_ext: Exit updatePlayerStateAndPosition
09-07 16:55:47.634  5354  5957 W Avrcp_ext: ActiveSession: browseSelectedfalsemBrowsedPlayerExistfalse
09-07 16:55:47.634  5354  5957 W Avrcp_ext: Browse Player killed OR not launched yet !!!!
09-07 16:55:47.634  5354  5957 D PlaybackState: setState position:-1
09-07 16:55:47.635  5354  5957 V Avrcp_ext: updateCurrentMediaState: mMediaController: MediaController (cn.missevan@4f5e067) null
09-07 16:55:47.635  5354  5957 V Avrcp_ext: isMusicActive: false getBluetoothPlayState: 0
09-07 16:55:47.636  5354  5957 V Avrcp_ext: updateCurrentMediaState: get media attributes:
09-07 16:55:47.636  2389  2506 D vol.MediaSessions: onActiveSessionsUpdatedH n=3
09-07 16:55:47.636   716   910 V APM::AudioPolicyEngine: getDeviceForStrategy() strategy 0, device 2
09-07 16:55:47.636  5354  5957 I Avrcp_ext: Skipping update due to invalid playback state
09-07 16:55:47.636  5354  5957 V Avrcp_ext: updatePlaybackState, state: PlaybackState {state=0, position=0, buffered position=0, speed=0.0, updated=0, actions=2363190, custom actions=[], active item id=-1, error=null} device: null
09-07 16:55:47.636  5354  5957 V Avrcp_ext: Device: no name:
09-07 16:55:47.636  5354  5957 V Avrcp_ext: Device: no name:
09-07 16:55:47.636  5354  5957 V Avrcp_ext: updatePlayerStateAndPosition, old=PlaybackState {state=0, position=0, buffered position=0, speed=0.0, updated=0, actions=2363190, custom actions=[], active item id=-1, error=null}, state=PlaybackState {state=0, position=0, buffered position=0, speed=0.0, updated=0, actions=2363190, custom actions=[], active item id=-1, error=null}
09-07 16:55:47.636  5354  5957 V Avrcp_ext: old state = PlaybackState {state=0, position=0, buffered position=0, speed=0.0, updated=0, actions=2363190, custom actions=[], active item id=-1, error=null}, new state= PlaybackState {state=0, position=0, buffered position=0, speed=0.0, updated=0, actions=2363190, custom actions=[], active item id=-1, error=null}
09-07 16:55:47.636   716 10237 V APM::AudioPolicyEngine: getDeviceForStrategy() strategy 0, device 2
09-07 16:55:47.637  5354  5957 D HeadsetService:  isAudioOn: The number of audio connected devices 0
09-07 16:55:47.637  5354  5957 D HeadsetService: isScoOrCallActive(): Call Active:falseCall is Ringing:falseSCO is Active:false
09-07 16:55:47.637   716 10237 V APM::AudioPolicyEngine: getDeviceForStrategy() strategy 0, device 2
09-07 16:55:47.637  5354  5957 D HeadsetService:  isAudioOn: The number of audio connected devices 0
09-07 16:55:47.637  5354  5957 I Avrcp_ext: updatePlayStatusForDevice: device: null
09-07 16:55:47.637  5354  5957 V Avrcp_ext: updatePlaybackState (1): old=PlaybackState {state=0, position=0, buffered position=0, speed=0.0, updated=0, actions=2363190, custom actions=[], active item id=-1, error=null}(0), new=PlaybackState {state=0, position=0, buffered position=0, speed=0.0, updated=0, actions=2363190, custom actions=[], active item id=-1, error=null}(0)
09-07 16:55:47.637  5354  5957 I Avrcp_ext: Exit updatePlayStatusForDevice
09-07 16:55:47.637  5354  5957 D HeadsetService:  isAudioOn: The number of audio connected devices 0
09-07 16:55:47.637  5354  5957 D HeadsetService: isScoOrCallActive(): Call Active:falseCall is Ringing:falseSCO is Active:false
09-07 16:55:47.637  5354  5957 D HeadsetService:  isAudioOn: The number of audio connected devices 0
09-07 16:55:47.637  5354  5957 I Avrcp_ext: updatePlayStatusForDevice: device: null
09-07 16:55:47.638  5354  5957 V Avrcp_ext: updatePlaybackState (1): old=PlaybackState {state=0, position=0, buffered position=0, speed=0.0, updated=0, actions=2363190, custom actions=[], active item id=-1, error=null}(0), new=PlaybackState {state=0, position=0, buffered position=0, speed=0.0, updated=0, actions=2363190, custom actions=[], active item id=-1, error=null}(0)
09-07 16:55:47.638  5354  5957 I Avrcp_ext: Exit updatePlayStatusForDevice
09-07 16:55:47.638  5354  5957 D Avrcp_ext: sendPlayPosNotificationRsp: Not registered or requesting.
09-07 16:55:47.638  5354  5957 D Avrcp_ext: sendPlayPosNotificationRsp: Not registered or requesting.
09-07 16:55:47.638  5354  5957 V Avrcp_ext: Exit updatePlayerStateAndPosition
09-07 16:55:47.638  5354  5957 D HeadsetService:  isAudioOn: The number of audio connected devices 0
09-07 16:55:47.638  5354  5957 D HeadsetService: isScoOrCallActive(): Call Active:falseCall is Ringing:falseSCO is Active:false
09-07 16:55:47.638  5354  5957 D HeadsetService:  isAudioOn: The number of audio connected devices 0
09-07 16:55:47.638  5354  5957 W Avrcp_ext: ActiveSession: updated[android.media.session.MediaController@dba1e14, android.media.session.MediaController@4e116bd, android.media.session.MediaController@bf274b2]
09-07 16:55:47.638  2389  2506 D vol.MediaSessions: updateRemoteControllerH null
09-07 16:55:47.638  5354  5957 V Avrcp_ext: ActiveSession: MediaController (com.android.bbkmusic@dba1e14) null
09-07 16:55:47.638  5354  5957 W Avrcp_ext: playState object null, sending STOPPED
09-07 16:55:47.639  5354  5957 V Avrcp_ext: isBrowseSupported for com.android.bbkmusic: true
09-07 16:55:47.639  2389  2506 D vol.MediaSessions: onActiveSessionsUpdatedH n=3
09-07 16:55:47.639  5354  5957 D Avrcp_ext: update #1:MediaPlayerInfo com.android.bbkmusic (as 'i ') Type = 1, SubType = 0, Status = 0 Feature Bits [40 41 42 44 45 47 48 58 59 62 65 67] Controller: MediaController (com.android.bbkmusic@dba1e14) null
09-07 16:55:47.639  5354  5957 V Avrcp_ext: ActiveSession: MediaController (cn.missevan@4e116bd) null
09-07 16:55:47.640  5354  5957 V Avrcp_ext: isBrowseSupported for cn.missevan: true
09-07 16:55:47.640  5354  5957 D Avrcp_ext: update #13:MediaPlayerInfo cn.missevan (as 'FM') Type = 1, SubType = 0, Status = 0 Feature Bits [40 41 42 44 45 47 48 58 59 62 65 67] Controller: MediaController (cn.missevan@4e116bd) null
09-07 16:55:47.640  5354  5957 V Avrcp_ext: updateNewIds: Addressed:13 to 13, Browse:0 to 0
09-07 16:55:47.640  5354  5957 D Avrcp_ext: updateCurrentController: MediaController (cn.missevan@4f5e067) null to MediaController (cn.missevan@4e116bd) null
09-07 16:55:47.641   716 10237 V APM::AudioPolicyEngine: getDeviceForStrategy() strategy 0, device 2
09-07 16:55:47.642  5354  5957 D PlaybackState: setState position:-1
09-07 16:55:47.642   716 10237 V APM::AudioPolicyEngine: getDeviceForStrategy() strategy 0, device 2
09-07 16:55:47.642  5354  5957 V Avrcp_ext: updateCurrentMediaState: mMediaController: MediaController (cn.missevan@4e116bd) null
09-07 16:55:47.642  5354  5957 V Avrcp_ext: isMusicActive: false getBluetoothPlayState: 0
09-07 16:55:47.642   716 10237 V APM::AudioPolicyEngine: getDeviceForStrategy() strategy 0, device 2
09-07 16:55:47.643  5354  5957 V Avrcp_ext: updateCurrentMediaState: get media attributes:
09-07 16:55:47.643  5354  5957 I Avrcp_ext: Skipping update due to invalid playback state
09-07 16:55:47.643  5354  5957 V Avrcp_ext: updatePlaybackState, state: PlaybackState {state=0, position=0, buffered position=0, speed=0.0, updated=0, actions=2363190, custom actions=[], active item id=-1, error=null} device: null
09-07 16:55:47.643  5354  5957 V Avrcp_ext: Device: no name:
09-07 16:55:47.643  5354  5957 V Avrcp_ext: Device: no name:
09-07 16:55:47.643  5354  5957 V Avrcp_ext: updatePlayerStateAndPosition, old=PlaybackState {state=0, position=0, buffered position=0, speed=0.0, updated=0, actions=2363190, custom actions=[], active item id=-1, error=null}, state=PlaybackState {state=0, position=0, buffered position=0, speed=0.0, updated=0, actions=2363190, custom actions=[], active item id=-1, error=null}
09-07 16:55:47.643  5354  5957 V Avrcp_ext: old state = PlaybackState {state=0, position=0, buffered position=0, speed=0.0, updated=0, actions=2363190, custom actions=[], active item id=-1, error=null}, new state= PlaybackState {state=0, position=0, buffered position=0, speed=0.0, updated=0, actions=2363190, custom actions=[], active item id=-1, error=null}
09-07 16:55:47.644  5354  5957 D HeadsetService:  isAudioOn: The number of audio connected devices 0
09-07 16:55:47.644  5354  5957 D HeadsetService: isScoOrCallActive(): Call Active:falseCall is Ringing:falseSCO is Active:false
09-07 16:55:47.644  5354  5957 D HeadsetService:  isAudioOn: The number of audio connected devices 0
09-07 16:55:47.644  5354  5957 I Avrcp_ext: updatePlayStatusForDevice: device: null
09-07 16:55:47.644  5354  5957 V Avrcp_ext: updatePlaybackState (1): old=PlaybackState {state=0, position=0, buffered position=0, speed=0.0, updated=0, actions=2363190, custom actions=[], active item id=-1, error=null}(0), new=PlaybackState {state=0, position=0, buffered position=0, speed=0.0, updated=0, actions=2363190, custom actions=[], active item id=-1, error=null}(0)
09-07 16:55:47.644  5354  5957 I Avrcp_ext: Exit updatePlayStatusForDevice
09-07 16:55:47.644  5354  5957 D HeadsetService:  isAudioOn: The number of audio connected devices 0
09-07 16:55:47.644  5354  5957 D HeadsetService: isScoOrCallActive(): Call Active:falseCall is Ringing:falseSCO is Active:false
09-07 16:55:47.644  5354  5957 D HeadsetService:  isAudioOn: The number of audio connected devices 0
09-07 16:55:47.644  5354  5957 I Avrcp_ext: updatePlayStatusForDevice: device: null
09-07 16:55:47.644  5354  5957 V Avrcp_ext: updatePlaybackState (1): old=PlaybackState {state=0, position=0, buffered position=0, speed=0.0, updated=0, actions=2363190, custom actions=[], active item id=-1, error=null}(0), new=PlaybackState {state=0, position=0, buffered position=0, speed=0.0, updated=0, actions=2363190, custom actions=[], active item id=-1, error=null}(0)
09-07 16:55:47.644  5354  5957 I Avrcp_ext: Exit updatePlayStatusForDevice
09-07 16:55:47.644  5354  5957 D Avrcp_ext: sendPlayPosNotificationRsp: Not registered or requesting.
09-07 16:55:47.644  5354  5957 D Avrcp_ext: sendPlayPosNotificationRsp: Not registered or requesting.
09-07 16:55:47.644  5354  5957 V Avrcp_ext: Exit updatePlayerStateAndPosition
09-07 16:55:47.645  5354  5957 V Avrcp_ext: ActiveSession: MediaController (cn.missevan@bf274b2) null
09-07 16:55:47.645  5354  5957 W Avrcp_ext: ActiveSession: browseSelectedfalsemBrowsedPlayerExistfalse
09-07 16:55:47.645  5354  5957 W Avrcp_ext: Browse Player killed OR not launched yet !!!!
09-07 16:55:47.645  5354  5957 D PlaybackState: setState position:-1
09-07 16:55:47.645  5354  5957 V Avrcp_ext: updateCurrentMediaState: mMediaController: MediaController (cn.missevan@4e116bd) null
09-07 16:55:47.645  5354  5957 V Avrcp_ext: isMusicActive: false getBluetoothPlayState: 0
09-07 16:55:47.645  5354  5957 V Avrcp_ext: updateCurrentMediaState: get media attributes:
09-07 16:55:47.645  5354  5957 I Avrcp_ext: Skipping update due to invalid playback state
09-07 16:55:47.646  5354  5957 V Avrcp_ext: updatePlaybackState, state: PlaybackState {state=0, position=0, buffered position=0, speed=0.0, updated=0, actions=2363190, custom actions=[], active item id=-1, error=null} device: null
09-07 16:55:47.646  5354  5957 V Avrcp_ext: Device: no name:
09-07 16:55:47.646  5354  5957 V Avrcp_ext: Device: no name:
09-07 16:55:47.646  5354  5957 V Avrcp_ext: updatePlayerStateAndPosition, old=PlaybackState {state=0, position=0, buffered position=0, speed=0.0, updated=0, actions=2363190, custom actions=[], active item id=-1, error=null}, state=PlaybackState {state=0, position=0, buffered position=0, speed=0.0, updated=0, actions=2363190, custom actions=[], active item id=-1, error=null}
09-07 16:55:47.646  5354  5957 V Avrcp_ext: old state = PlaybackState {state=0, position=0, buffered position=0, speed=0.0, updated=0, actions=2363190, custom actions=[], active item id=-1, error=null}, new state= PlaybackState {state=0, position=0, buffered position=0, speed=0.0, updated=0, actions=2363190, custom actions=[], active item id=-1, error=null}
09-07 16:55:47.646  5354  5957 D HeadsetService:  isAudioOn: The number of audio connected devices 0
09-07 16:55:47.646  5354  5957 D HeadsetService: isScoOrCallActive(): Call Active:falseCall is Ringing:falseSCO is Active:false
09-07 16:55:47.646  5354  5957 D HeadsetService:  isAudioOn: The number of audio connected devices 0
09-07 16:55:47.646  5354  5957 I Avrcp_ext: updatePlayStatusForDevice: device: null
09-07 16:55:47.646  5354  5957 V Avrcp_ext: updatePlaybackState (1): old=PlaybackState {state=0, position=0, buffered position=0, speed=0.0, updated=0, actions=2363190, custom actions=[], active item id=-1, error=null}(0), new=PlaybackState {state=0, position=0, buffered position=0, speed=0.0, updated=0, actions=2363190, custom actions=[], active item id=-1, error=null}(0)
09-07 16:55:47.646  5354  5957 I Avrcp_ext: Exit updatePlayStatusForDevice
09-07 16:55:47.646  5354  5957 D HeadsetService:  isAudioOn: The number of audio connected devices 0
09-07 16:55:47.646  5354  5957 D HeadsetService: isScoOrCallActive(): Call Active:falseCall is Ringing:falseSCO is Active:false
09-07 16:55:47.647  5354  5957 D HeadsetService:  isAudioOn: The number of audio connected devices 0
09-07 16:55:47.647  5354  5957 I Avrcp_ext: updatePlayStatusForDevice: device: null
09-07 16:55:47.647  5354  5957 V Avrcp_ext: updatePlaybackState (1): old=PlaybackState {state=0, position=0, buffered position=0, speed=0.0, updated=0, actions=2363190, custom actions=[], active item id=-1, error=null}(0), new=PlaybackState {state=0, position=0, buffered position=0, speed=0.0, updated=0, actions=2363190, custom actions=[], active item id=-1, error=null}(0)
09-07 16:55:47.647  5354  5957 I Avrcp_ext: Exit updatePlayStatusForDevice
09-07 16:55:47.647  5354  5957 D Avrcp_ext: sendPlayPosNotificationRsp: Not registered or requesting.
09-07 16:55:47.647  5354  5957 D Avrcp_ext: sendPlayPosNotificationRsp: Not registered or requesting.
09-07 16:55:47.647  5354  5957 V Avrcp_ext: Exit updatePlayerStateAndPosition
09-07 16:55:47.655 18625 18630 I cn.missevan: Compiler allocated 4MB to compile void android.widget.TextView.<init>(android.content.Context, android.util.AttributeSet, int, int)
09-07 16:55:47.737 18898 19090 W missevan:playe: Accessing hidden field Lsun/misc/Unsafe;->theUnsafe:Lsun/misc/Unsafe; (light greylist, reflection)
09-07 16:55:47.745 18898 18898 I DataSourceFactory: [main] Init MissEvanDataSourceFactory
09-07 16:55:47.759 18625 18625 I TeenagerModeHomeFragment: [main] onCreateView
09-07 16:55:47.812 18898 19095 I SoundRepo: [DefaultDispatcher-worker-1] MediaSource prepare... playlist size: 0, queued size: 0
09-07 16:55:47.827 18898 18898 I Player.ExoCacheUtil: [main] Create cache: /storage/emulated/0/Android/data/cn.missevan/cache/AudioCache, used: 0.0 MB
09-07 16:55:47.837 18898 18898 I PlayerService: [main] ExtensionRendererMode: ON
09-07 16:55:47.847 18625 18784 I CronetEngine: [thread_background]
09-07 16:55:47.847 18625 18784 I CronetEngine: url: https://app.uat.missevan.com/person/user-feed?feed_type=2&page_size=20
09-07 16:55:47.847 18625 18784 I CronetEngine:  ip: 10.21.250.10
09-07 16:55:47.847 18625 18784 I CronetEngine:  hostResolverProvider:
09-07 16:55:47.847 18625 18784 I CronetEngine:  hostResolveIps: []
09-07 16:55:47.847 18625 18784 I CronetEngine:
09-07 16:55:47.850 18625 18891 I BLOG    : [RxCachedThreadScheduler-6] HTTP request: [2022-09-07T08:55:47.665Z] GET https://app.uat.missevan.com/person/user-feed?feed_type=2&page_size=20 200 168ms 0
09-07 16:55:47.854 18625 18663 D LeakCanary: Setting up flushing for Thread[SL-NetWorkSender,5,main]
09-07 16:55:47.909 18898 18898 I ExoPlayerImpl: Init 837ee34 [ExoPlayerLib/2.17.1] [PD1728, vivo X21A, vivo, 28]
09-07 16:55:47.922  1710  2176 I chatty  : uid=1000(system) AutobacklightTh identical 4 lines
09-07 16:55:47.943 18625 18625 I FindFragment: [main] onCreateView
09-07 16:55:47.952 18898 18898 W missevan:playe: Accessing hidden method Landroid/media/AudioTrack;->getLatency()I (light greylist, reflection)
09-07 16:55:47.960 18898 18898 I DefaultRenderersFactory: Loaded FfmpegAudioRenderer.
09-07 16:55:48.009 18898 18898 D LoadControl: [main] getBackBufferDurationUs = 0
09-07 16:55:48.010 18898 18898 D LoadControl: [main] retainBackBufferFromKeyframe = false
09-07 16:55:48.016 18625 18625 I ProfileFragment: [main] onCreateView
09-07 16:55:48.033   716 10237 V AudioFlinger: registerClient() client 0xe3409528, pid 18898
09-07 16:55:48.033   716 10237 V AudioFlinger: sendConfigEvent_l() num events 1 event 0
09-07 16:55:48.033   716 10237 I chatty  : uid=1041(audioserver) Binder:716_5 identical 1 line
09-07 16:55:48.033   716 10237 V AudioFlinger: sendConfigEvent_l() num events 1 event 0
09-07 16:55:48.033   716   920 V AudioFlinger: thread 0xe2883d00 type 0 TID 920 waking up
09-07 16:55:48.034   716   919 V AudioFlinger: thread 0xe2b839c0 type 0 TID 919 waking up
09-07 16:55:48.034   716   920 V AudioFlinger: acquireWakeLock_l() AudioOut_25 status 0
09-07 16:55:48.035   716   920 D AudioFlinger: updateWakeLockUids_l AudioOut_25 uids:
09-07 16:55:48.035   716   920 V AudioFlinger: updateWakeLockUids_l() AudioOut_25 status 0
09-07 16:55:48.035   716   919 V AudioFlinger: acquireWakeLock_l() AudioOut_15 status 0
09-07 16:55:48.035   716   919 D AudioFlinger: updateWakeLockUids_l AudioOut_15 uids:
09-07 16:55:48.035   716   920 V AudioFlinger: processConfigEvents_l() remaining events 1
09-07 16:55:48.035   716   920 V AudioFlinger: PlaybackThread::ioConfigChanged, thread 0xe2883d00, event 0
09-07 16:55:48.035   716   919 V AudioFlinger: updateWakeLockUids_l() AudioOut_15 status 0
09-07 16:55:48.035   716   919 V AudioFlinger: processConfigEvents_l() remaining events 1
09-07 16:55:48.035   716   919 V AudioFlinger: PlaybackThread::ioConfigChanged, thread 0xe2b839c0, event 0
09-07 16:55:48.035   716   917 V AudioFlinger: thread 0xe2f15e00 type 0 TID 917 waking up
09-07 16:55:48.036   716   917 V AudioFlinger: acquireWakeLock_l() AudioOut_D status 0
09-07 16:55:48.036   716   917 D AudioFlinger: updateWakeLockUids_l AudioOut_D uids:
09-07 16:55:48.036   716   917 V AudioFlinger: updateWakeLockUids_l() AudioOut_D status 0
09-07 16:55:48.036   716   917 V AudioFlinger: processConfigEvents_l() remaining events 1
09-07 16:55:48.036   716   917 V AudioFlinger: PlaybackThread::ioConfigChanged, thread 0xe2f15e00, event 0
09-07 16:55:48.037   716   917 V AudioFlinger: processConfigEvents_l() DONE thread 0xe2f15e00
09-07 16:55:48.037   716 10237 V APM::AudioPolicyEngine: getDeviceForStrategy() strategy 0, device 2
09-07 16:55:48.037   716   920 V AudioFlinger: processConfigEvents_l() DONE thread 0xe2883d00
09-07 16:55:48.038 18625 18794 I BLOG    : [RxCachedThreadScheduler-3] HTTP request: [2022-09-07T08:55:47.735Z] GET https://app.uat.missevan.com/person/drama-feed?page=1&page_size=10 200 297ms 0
09-07 16:55:48.038   716   919 V AudioFlinger: processConfigEvents_l() DONE thread 0xe2b839c0
09-07 16:55:48.041 18625 18784 I CronetEngine: [thread_background]
09-07 16:55:48.041 18625 18784 I CronetEngine: url: https://app.uat.missevan.com/person/drama-feed?page=1&page_size=10
09-07 16:55:48.041 18625 18784 I CronetEngine:  ip: 10.21.250.10
09-07 16:55:48.041 18625 18784 I CronetEngine:  hostResolverProvider:
09-07 16:55:48.041 18625 18784 I CronetEngine:  hostResolveIps: []
09-07 16:55:48.041 18625 18784 I CronetEngine:
09-07 16:55:48.054 18898 18898 I PlaybackPreparer: [main] onPlayback preparer prepare, playWhenReady: false
09-07 16:55:48.068 18898 18898 D PlaybackState: setState position:0
09-07 16:55:48.069 18898 18898 D PlaybackState: setActiveQueueItemId mActiveItemId:-1
09-07 16:55:48.069 18898 18898 D MediaSession: setPlaybackState start
09-07 16:55:48.069  1710  1710 I chatty  : uid=1000 system_server expire 17 lines
09-07 16:55:48.070  2389 27872 D MediaController: onPlaybackStateChanged start####
09-07 16:55:48.070  2389  2506 D vol.MediaSessions: onPlaybackStateChanged cn.missevan STATE_NONE PlaybackState {state=0, position=0, buffered position=0, speed=0.0, updated=480629883, actions=101376, custom actions=[], active item id=-1, error=null}
09-07 16:55:48.071  2389  2506 D vol.MediaSessions: onMetadataChanged cn.missevan null, null, null
09-07 16:55:48.071 18898 18898 D PlaybackState: setState position:0
09-07 16:55:48.071 18898 18898 D PlaybackState: setActiveQueueItemId mActiveItemId:-1
09-07 16:55:48.071 18898 18898 D MediaSession: setPlaybackState start
09-07 16:55:48.072  2389 27872 D MediaController: onPlaybackStateChanged start####
09-07 16:55:48.072  2389  2506 D vol.MediaSessions: onPlaybackStateChanged cn.missevan STATE_NONE PlaybackState {state=0, position=0, buffered position=0, speed=0.0, updated=480629887, actions=2461191, custom actions=[], active item id=-1, error=null}
09-07 16:55:48.074  2389  2506 D vol.MediaSessions: onMetadataChanged cn.missevan null, null, null
09-07 16:55:48.075  2389  2506 D vol.MediaSessions: onMetadataChanged cn.missevan null, null, null
09-07 16:55:48.085  1710  1710 D NotificationService: handleSavePolicyFile
09-07 16:55:48.108 18625 18784 I CronetEngine: [thread_background]
09-07 16:55:48.108 18625 18784 I CronetEngine: url: https://app.uat.missevan.com/discovery/hot-search
09-07 16:55:48.108 18625 18784 I CronetEngine:  ip: 10.21.250.10
09-07 16:55:48.108 18625 18784 I CronetEngine:  hostResolverProvider:
09-07 16:55:48.108 18625 18784 I CronetEngine:  hostResolveIps: []
09-07 16:55:48.108 18625 18784 I CronetEngine:
09-07 16:55:48.112 18625 18907 I BLOG    : [RxCachedThreadScheduler-7] HTTP request: [2022-09-07T08:55:47.991Z] GET https://app.uat.missevan.com/discovery/hot-search 200 114ms 0
09-07 16:55:48.124 18898 18898 D Tinker.TinkerLoader: [main] [PendingLog @ 2022-09-07 16:55:46.105] tryLoad test test
09-07 16:55:48.125 18898 18898 W Tinker.TinkerLoader: [main] [PendingLog @ 2022-09-07 16:55:46.110] tryLoadPatchFiles:patch dir not exist:/data/user/0/cn.missevan/tinker
09-07 16:55:48.127 18898 18898 D Tinker.DefaultAppLike: [main] [PendingLog @ 2022-09-07 16:55:46.184] onBaseContextAttached:
09-07 16:55:48.128 18898 18898 D Tinker.DefaultAppLike: [main] [PendingLog @ 2022-09-07 16:55:46.285] onCreate
09-07 16:55:48.195 18625 18943 D FreeFlowUtils: [glide-disk-cache-thread-0] Origin url: http://static-test.maoercdn.com/avatars/202108/12/7226979211e2d17809c7ad58c089af06155402.jpg?x-oss-process=image/resize,w_198/format,webp, free flow url: http://static-test.maoercdn.com/avatars/202108/12/7226979211e2d17809c7ad58c089af06155402.jpg?x-oss-process=image/resize,w_198/format,webp
09-07 16:55:48.239 18625 18625 I Choreographer: Skipped 46 frames!  The application may be doing too much work on its main thread.
09-07 16:55:48.265 18625 18638 I cn.missevan: NativeAlloc concurrent copying GC freed 107154(7MB) AllocSpace objects, 50(2MB) LOS objects, 50% free, 20MB/40MB, paused 146us total 113.229ms
09-07 16:55:48.278 18625 18635 W System  : A resource failed to call close.
09-07 16:55:48.281 18625 18625 I RecommendFragment: [main] onCreateView
09-07 16:55:48.293 18625 18635 W System  : A resource failed to call close.
09-07 16:55:48.311 18625 18635 V PlayerBase: baseRelease() piid=1391 state=0
09-07 16:55:48.330 18625 18784 I CronetEngine: [thread_background]
09-07 16:55:48.330 18625 18784 I CronetEngine: url: https://app.uat.missevan.com/person/homepage-icons
09-07 16:55:48.330 18625 18784 I CronetEngine:  ip: 10.21.250.10
09-07 16:55:48.330 18625 18784 I CronetEngine:  hostResolverProvider:
09-07 16:55:48.330 18625 18784 I CronetEngine:  hostResolveIps: []
09-07 16:55:48.330 18625 18784 I CronetEngine:
09-07 16:55:48.336 18625 18800 I BLOG    : [RxCachedThreadScheduler-4] HTTP request: [2022-09-07T08:55:48.201Z] GET https://app.uat.missevan.com/person/homepage-icons 200 125ms 0
09-07 16:55:48.342   718   718 I SurfaceFlinger: FPS: 21
09-07 16:55:48.354 18625 18625 I LiveRecommendFragment: [main] onCreateView
09-07 16:55:48.374 18625 18784 I CronetEngine: [thread_background]
09-07 16:55:48.374 18625 18784 I CronetEngine: url: https://app.uat.missevan.com/person/get-user-info?user_id=14241060
09-07 16:55:48.374 18625 18784 I CronetEngine:  ip: 10.21.250.10
09-07 16:55:48.374 18625 18784 I CronetEngine:  hostResolverProvider:
09-07 16:55:48.374 18625 18784 I CronetEngine:  hostResolveIps: []
09-07 16:55:48.374 18625 18784 I CronetEngine:
09-07 16:55:48.377 18625 18782 I BLOG    : [RxCachedThreadScheduler-2] HTTP request: [2022-09-07T08:55:48.168Z] GET https://app.uat.missevan.com/person/get-user-info?user_id=14241060 200 200ms 0
09-07 16:55:48.487 19012 19012 I Perf    : Connecting to perf service.
09-07 16:55:48.505 19012 19012 D Tinker.TinkerLoader: tryLoad test test
09-07 16:55:48.510 19012 19012 W Tinker.TinkerLoader: tryLoadPatchFiles:patch dir not exist:/data/user/0/cn.missevan/tinker
09-07 16:55:48.526 18625 18625 I CatalogFragment: [main] onCreateView
09-07 16:55:48.575 18625 18625 I DramaRecommendFragment: [main] onCreateView
09-07 16:55:48.587 19012 19012 D Tinker.DefaultAppLike: onBaseContextAttached:
09-07 16:55:48.596 19012 19012 I MultiDex: VM with version 2.1.0 has multidex support
09-07 16:55:48.596 19012 19012 I MultiDex: Installing application
09-07 16:55:48.596 19012 19012 I MultiDex: VM has multidex support, MultiDex support library is disabled.
09-07 16:55:48.603 18625 18625 I UGCRecommendPageFragment: [main] onCreateView
09-07 16:55:48.611 18625 18625 I UGCRecommendPageFragment: [main] initView
09-07 16:55:48.624 18625 18891 I BLOG    : [RxCachedThreadScheduler-6] HTTP request: [2022-09-07T08:55:48.514Z] GET https://fm.uat.missevan.com/api/v2/user/rank/top 200 101ms 0
09-07 16:55:48.631 18625 18784 I CronetEngine: [thread_background]
09-07 16:55:48.631 18625 18784 I CronetEngine: url: https://fm.uat.missevan.com/api/v2/user/rank/top
09-07 16:55:48.631 18625 18784 I CronetEngine:  ip: 10.21.250.10
09-07 16:55:48.631 18625 18784 I CronetEngine:  hostResolverProvider:
09-07 16:55:48.631 18625 18784 I CronetEngine:  hostResolveIps: []
09-07 16:55:48.631 18625 18784 I CronetEngine:
09-07 16:55:48.632 18625 18784 I CronetEngine: [thread_background]
09-07 16:55:48.632 18625 18784 I CronetEngine: url: https://fm.uat.missevan.com/api/v2/meta/data
09-07 16:55:48.632 18625 18784 I CronetEngine:  ip: 10.21.250.10
09-07 16:55:48.632 18625 18784 I CronetEngine:  hostResolverProvider:
09-07 16:55:48.632 18625 18784 I CronetEngine:  hostResolveIps: []
09-07 16:55:48.632 18625 18784 I CronetEngine:
09-07 16:55:48.644 18625 18784 I CronetEngine: [thread_background]
09-07 16:55:48.644 18625 18784 I CronetEngine: url: https://fm.uat.missevan.com/api/v2/meta/banner
09-07 16:55:48.644 18625 18784 I CronetEngine:  ip: 10.21.250.10
09-07 16:55:48.644 18625 18784 I CronetEngine:  hostResolverProvider:
09-07 16:55:48.644 18625 18784 I CronetEngine:  hostResolveIps: []
09-07 16:55:48.644 18625 18784 I CronetEngine:
09-07 16:55:48.647 18625 18801 I BLOG    : [RxCachedThreadScheduler-5] HTTP request: [2022-09-07T08:55:48.515Z] GET https://fm.uat.missevan.com/api/v2/meta/banner 200 118ms 0
09-07 16:55:48.659 18625 18762 I BLOG    : [RxCachedThreadScheduler-1] HTTP request: [2022-09-07T08:55:48.511Z] GET https://fm.uat.missevan.com/api/v2/meta/data 200 111ms 0
09-07 16:55:48.682  1710  2069 I chatty  : uid=1000(system) WifiStateMachin expire 10 lines
09-07 16:55:48.696  1710  5421 I chatty  : uid=1000(system) Binder:1710_14 expire 4 lines
09-07 16:55:48.697 19012 19012 D Tinker.DefaultAppLike: onCreate
09-07 16:55:48.698 18625 18784 I CronetEngine: [thread_background]
09-07 16:55:48.698 18625 18784 I CronetEngine: url: https://app.uat.missevan.com/site/catalog-root
09-07 16:55:48.698 18625 18784 I CronetEngine:  ip: 10.21.250.10
09-07 16:55:48.698 18625 18784 I CronetEngine:  hostResolverProvider:
09-07 16:55:48.698 18625 18784 I CronetEngine:  hostResolveIps: []
09-07 16:55:48.698 18625 18784 I CronetEngine:
09-07 16:55:48.703 18625 18784 I CronetEngine: [thread_background]
09-07 16:55:48.703 18625 18784 I CronetEngine: url: https://fm.uat.missevan.com/api/v2/chatroom/open/list?p=1&type=0
09-07 16:55:48.703 18625 18784 I CronetEngine:  ip: 10.21.250.10
09-07 16:55:48.703 18625 18784 I CronetEngine:  hostResolverProvider:
09-07 16:55:48.703 18625 18784 I CronetEngine:  hostResolveIps: []
09-07 16:55:48.703 18625 18784 I CronetEngine:
09-07 16:55:48.709 18625 18800 I BLOG    : [RxCachedThreadScheduler-4] HTTP request: [2022-09-07T08:55:48.565Z] GET https://app.uat.missevan.com/site/catalog-root 200 129ms 0
09-07 16:55:48.721 18625 18794 I BLOG    : [RxCachedThreadScheduler-3] HTTP request: [2022-09-07T08:55:48.517Z] GET https://fm.uat.missevan.com/api/v2/chatroom/open/list?p=1&type=0 200 177ms 0
09-07 16:55:48.739 18625 18784 I CronetEngine: [thread_background]
09-07 16:55:48.739 18625 18784 I CronetEngine: url: https://app.uat.missevan.com/site/editor-catalog
09-07 16:55:48.739 18625 18784 I CronetEngine:  ip: 117.27.226.223
09-07 16:55:48.739 18625 18784 I CronetEngine:  hostResolverProvider:
09-07 16:55:48.739 18625 18784 I CronetEngine:  hostResolveIps: []
09-07 16:55:48.739 18625 18784 I CronetEngine:
09-07 16:55:48.744 18625 18625 W RecyclerView: No adapter attached; skipping layout
09-07 16:55:48.751 18625 19113 I BLOG    : [RxCachedThreadScheduler-8] HTTP request: [2022-09-07T08:55:48.570Z] GET https://app.uat.missevan.com/site/editor-catalog 200 164ms 0
09-07 16:55:48.788 18625 18625 D DexLoader: WebCoreClassLoader - loadClass(com.tencent.smtt.net.SWOfflineFramework$4$1,false)...
09-07 16:55:48.789 18625 18896 I OpenGLRenderer: Davey! duration=1318ms; Flags=1, IntendedVsync=140389269498720, Vsync=140390036165356, OldestInputEvent=9223372036854775807, NewestInputEvent=0, HandleInputStart=140390038783631, AnimationStart=140390038865558, PerformTraversalsStart=140390039808996, DrawStart=140390549526964, SyncQueued=140390571281548, SyncStart=140390572159881, IssueDrawCommandsStart=140390572507121, SwapBuffers=140390586452381, FrameCompleted=140390588748735, DequeueBufferDuration=429000, QueueBufferDuration=367000,
09-07 16:55:48.804 18625 18784 I CronetEngine: [thread_background]
09-07 16:55:48.804 18625 18784 I CronetEngine: url: https://app.uat.missevan.com/site/editor-choice
09-07 16:55:48.804 18625 18784 I CronetEngine:  ip: 117.27.226.218
09-07 16:55:48.804 18625 18784 I CronetEngine:  hostResolverProvider: ali
09-07 16:55:48.804 18625 18784 I CronetEngine:  hostResolveIps: ["117.27.226.218","117.27.226.220","117.27.226.225","117.27.226.222","117.27.226.224","117.27.226.223","117.27.226.221","117.27.226.219"]
09-07 16:55:48.804 18625 18784 I CronetEngine:
09-07 16:55:48.806 18625 18782 I BLOG    : [RxCachedThreadScheduler-2] HTTP request: [2022-09-07T08:55:48.564Z] GET https://app.uat.missevan.com/site/editor-choice 200 227ms 0
09-07 16:55:48.838 18625 18625 I Choreographer: Skipped 35 frames!  The application may be doing too much work on its main thread.
09-07 16:55:48.841 18898 18898 I PlayerService: [main] PlayerService onGetRoot client package name = cn.missevan client uid = 10612, root hints = Bundle[{}]
09-07 16:55:48.946 19012 19012 W .missevan:stat: Accessing hidden method Landroid/app/ActivityThread;->currentApplication()Landroid/app/Application; (light greylist, linking)
09-07 16:55:48.992 18625 18625 D LiveRecommendNavigatorAdapter: [main] size: 60
09-07 16:55:49.030 18625 18945 D skia    : --- Failed to create image decoder with message 'unimplemented'
09-07 16:55:49.032 18625 18945 I chatty  : uid=10612(cn.missevan) glide-source-th identical 2 lines
09-07 16:55:49.033 18625 18945 D skia    : --- Failed to create image decoder with message 'unimplemented'
09-07 16:55:49.040   716   917 V AudioFlinger: releaseWakeLock_l() AudioOut_D
09-07 16:55:49.040   716   917 V AudioFlinger: thread 0xe2f15e00 type 0 TID 917 going to sleep
09-07 16:55:49.041 18625 19069 D skia    : --- Failed to create image decoder with message 'unimplemented'
09-07 16:55:49.041   716   919 V AudioFlinger: releaseWakeLock_l() AudioOut_15
09-07 16:55:49.041   716   919 V AudioFlinger: thread 0xe2b839c0 type 0 TID 919 going to sleep
09-07 16:55:49.042 18625 19069 D skia    : --- Failed to create image decoder with message 'unimplemented'
09-07 16:55:49.043 18625 19069 D skia    : --- Failed to create image decoder with message 'unimplemented'
09-07 16:55:49.043   716   920 V AudioFlinger: releaseWakeLock_l() AudioOut_25
09-07 16:55:49.043   716   920 V AudioFlinger: thread 0xe2883d00 type 0 TID 920 going to sleep
09-07 16:55:49.044 18625 19069 D skia    : --- Failed to create image decoder with message 'unimplemented'
09-07 16:55:49.054 18625 18943 D FreeFlowUtils: [glide-disk-cache-thread-0] Origin url: https://static-test.maoercdn.com/live/tags/icon/009_20211111184427.webp, free flow url: https://static-test.maoercdn.com/live/tags/icon/009_20211111184427.webp
09-07 16:55:49.068 19012 19126 D SentryLog: [pool-3-thread-1] SU isn't found on this Device.
09-07 16:55:49.075 18625 18943 D FreeFlowUtils: [glide-disk-cache-thread-0] Origin url: https://static-test.maoercdn.com/live/catalogs/light/pia.png?x-oss-process=image/resize,w_60/format,webp, free flow url: https://static-test.maoercdn.com/live/catalogs/light/pia.png?x-oss-process=image/resize,w_60/format,webp
09-07 16:55:49.092 19012 19012 W pool-3-thread-1: type=1400 audit(0.0:61859): avc: denied { read } for name="version" dev="proc" ino=4026532090 scontext=u:r:untrusted_app:s0:c100,c258,c512,c768 tcontext=u:object_r:proc_version:s0 tclass=file permissive=0
09-07 16:55:49.092 18625 18943 D FreeFlowUtils: [glide-disk-cache-thread-0] Origin url: https://static-test.maoercdn.com/live/catalogs/light/music.png?x-oss-process=image/resize,w_60/format,webp, free flow url: https://static-test.maoercdn.com/live/catalogs/light/music.png?x-oss-process=image/resize,w_60/format,webp
09-07 16:55:49.093 18625 18784 I CronetEngine: [thread_background]
09-07 16:55:49.093 18625 18784 I CronetEngine: url: https://fm.uat.missevan.com/api/v2/recommended/top
09-07 16:55:49.093 18625 18784 I CronetEngine:  ip: 10.21.250.10
09-07 16:55:49.093 18625 18784 I CronetEngine:  hostResolverProvider:
09-07 16:55:49.093 18625 18784 I CronetEngine:  hostResolveIps: []
09-07 16:55:49.093 18625 18784 I CronetEngine:
09-07 16:55:49.095 18625 18794 I BLOG    : [RxCachedThreadScheduler-3] HTTP request: [2022-09-07T08:55:48.978Z] GET https://fm.uat.missevan.com/api/v2/recommended/top 200 112ms 0
09-07 16:55:49.105 18625 18784 I CronetEngine: [thread_background]
09-07 16:55:49.105 18625 18784 I CronetEngine: url: https://fm.uat.missevan.com/api/v2/user/rank/top
09-07 16:55:49.105 18625 18784 I CronetEngine:  ip: 10.21.250.10
09-07 16:55:49.105 18625 18784 I CronetEngine:  hostResolverProvider:
09-07 16:55:49.105 18625 18784 I CronetEngine:  hostResolveIps: []
09-07 16:55:49.105 18625 18784 I CronetEngine:
09-07 16:55:49.107 18625 18891 I BLOG    : [RxCachedThreadScheduler-6] HTTP request: [2022-09-07T08:55:48.986Z] GET https://fm.uat.missevan.com/api/v2/user/rank/top 200 116ms 0
09-07 16:55:49.108 19012 19012 I SentryLog: [main] Initializing SDK with DSN: 'https://8e68e4623f6348b0b9984471d41e3e2d@sentry.missevan.com/2'
09-07 16:55:49.110 18625 18943 D FreeFlowUtils: [glide-disk-cache-thread-0] Origin url: https://static-test.maoercdn.com/live/catalogs/icon/122.png?x-oss-process=image/resize,w_60/format,webp, free flow url: https://static-test.maoercdn.com/live/catalogs/icon/122.png?x-oss-process=image/resize,w_60/format,webp
09-07 16:55:49.113 19012 19012 I SentryLog: [main] GlobalHubMode: 'true'
09-07 16:55:49.124 18625 18907 I BLOG    : [RxCachedThreadScheduler-7] HTTP request: [2022-09-07T08:55:48.978Z] GET https://fm.uat.missevan.com/api/v2/recommended/homepage?persona_id=2 200 139ms 0
09-07 16:55:49.128 18625 18784 I CronetEngine: [thread_background]
09-07 16:55:49.128 18625 18784 I CronetEngine: url: https://fm.uat.missevan.com/api/v2/recommended/homepage?persona_id=2
09-07 16:55:49.128 18625 18784 I CronetEngine:  ip: 10.21.250.10
09-07 16:55:49.128 18625 18784 I CronetEngine:  hostResolverProvider:
09-07 16:55:49.128 18625 18784 I CronetEngine:  hostResolveIps: []
09-07 16:55:49.128 18625 18784 I CronetEngine:
09-07 16:55:49.130 18625 18943 D FreeFlowUtils: [glide-disk-cache-thread-0] Origin url: http://static-test.missevan.com/live/catalogs/light/heart.png?x-oss-process=image/resize,w_60/format,webp, free flow url: http://static-test.missevan.com/live/catalogs/light/heart.png?x-oss-process=image/resize,w_60/format,webp
09-07 16:55:49.141 18625 18784 I CronetEngine: [thread_background]
09-07 16:55:49.141 18625 18784 I CronetEngine: url: https://app.uat.missevan.com/site/icons?sync=0
09-07 16:55:49.141 18625 18784 I CronetEngine:  ip: 10.21.250.10
09-07 16:55:49.141 18625 18784 I CronetEngine:  hostResolverProvider:
09-07 16:55:49.141 18625 18784 I CronetEngine:  hostResolveIps: []
09-07 16:55:49.141 18625 18784 I CronetEngine:
09-07 16:55:49.143 18625 18800 I BLOG    : [RxCachedThreadScheduler-4] HTTP request: [2022-09-07T08:55:48.981Z] GET https://app.uat.missevan.com/site/icons?sync=0 200 155ms 0
09-07 16:55:49.145 18625 18943 D FreeFlowUtils: [glide-disk-cache-thread-0] Origin url: https://static-test.maoercdn.com/live/tags/icon/001.png?x-oss-process=image/resize,w_60/format,webp, free flow url: https://static-test.maoercdn.com/live/tags/icon/001.png?x-oss-process=image/resize,w_60/format,webp
09-07 16:55:49.155 19012 19012 D SentryLog: [main] UncaughtExceptionHandlerIntegration enabled: true
09-07 16:55:49.156 19012 19012 D SentryLog: [main] default UncaughtExceptionHandler class='xcrash.i'
09-07 16:55:49.158 19012 19012 D SentryLog: [main] UncaughtExceptionHandlerIntegration installed.
09-07 16:55:49.159 19012 19012 D SentryLog: [main] ShutdownHookIntegration installed.
09-07 16:55:49.163 18625 18943 D FreeFlowUtils: [glide-disk-cache-thread-0] Origin url: https://static-test.maoercdn.com/live/tags/icon/1615516623/004.png?x-oss-process=image/resize,w_60/format,webp, free flow url: https://static-test.maoercdn.com/live/tags/icon/1615516623/004.png?x-oss-process=image/resize,w_60/format,webp
09-07 16:55:49.163 19012 19012 D SentryLog: [main] SendCachedEventFireAndForgetIntegration installed.
09-07 16:55:49.164 18625 18784 I CronetEngine: [thread_background]
09-07 16:55:49.164 18625 18784 I CronetEngine: url: https://app.uat.missevan.com/site/get-top?persona_id=2
09-07 16:55:49.164 18625 18784 I CronetEngine:  ip: 10.21.250.10
09-07 16:55:49.164 18625 18784 I CronetEngine:  hostResolverProvider:
09-07 16:55:49.164 18625 18784 I CronetEngine:  hostResolveIps: []
09-07 16:55:49.164 18625 18784 I CronetEngine:
09-07 16:55:49.164 19012 19012 D SentryLog: [main] NdkIntegration enabled: true
09-07 16:55:49.164 19012 19130 D SentryLog: [pool-2-thread-1] Started processing cached files from /data/user/0/cn.missevan/cache/sentry
09-07 16:55:49.166 19012 19012 I sentry-native: using database path "/data/data/cn.missevan/cache/sentry/.sentry-native"
09-07 16:55:49.166 19012 19012 D sentry-native: starting backend
09-07 16:55:49.166 18625 18762 I BLOG    : [RxCachedThreadScheduler-1] HTTP request: [2022-09-07T08:55:48.981Z] GET https://app.uat.missevan.com/site/get-top?persona_id=2 200 180ms 0
09-07 16:55:49.168 19012 19012 D SentryLog: [main] NdkIntegration installed.
09-07 16:55:49.169 19012 19012 D SentryLog: [main] Registering EnvelopeFileObserverIntegration for path: /data/user/0/cn.missevan/cache/sentry/outbox
09-07 16:55:49.169 19012 19130 D SentryLog: [pool-2-thread-1] Processing dir. /data/user/0/cn.missevan/cache/sentry
09-07 16:55:49.173 19012 19012 D SentryLog: [main] EnvelopeFileObserverIntegration installed.
09-07 16:55:49.174 19012 19130 D SentryLog: [pool-2-thread-1] Processing 0 items from cache dir /data/user/0/cn.missevan/cache/sentry
09-07 16:55:49.174 19012 19012 D SentryLog: [main] SendCachedEventFireAndForgetIntegration installed.
09-07 16:55:49.175 19012 19012 D SentryLog: [main] AnrIntegration enabled: true
09-07 16:55:49.177 19012 19012 D SentryLog: [main] ANR timeout in milliseconds: 5000
09-07 16:55:49.179 19012 19012 D SentryLog: [main] AnrIntegration installed.
09-07 16:55:49.179 19012 19130 D SentryLog: [pool-2-thread-1] File /data/user/0/cn.missevan/cache/sentry/outbox is not a File.
09-07 16:55:49.180 19012 19012 D SentryLog: [main] enableSessionTracking enabled: true
09-07 16:55:49.182 18625 18943 D FreeFlowUtils: [glide-disk-cache-thread-0] Origin url: https://static-test.maoercdn.com/live/tags/icon/007_20211111184559.webp, free flow url: https://static-test.maoercdn.com/live/tags/icon/007_20211111184559.webp
09-07 16:55:49.182 19012 19012 D SentryLog: [main] enableAppLifecycleBreadcrumbs enabled: true
09-07 16:55:49.183 19012 19130 D SentryLog: [pool-2-thread-1] Processing file: /data/user/0/cn.missevan/cache/sentry/session.json
09-07 16:55:49.186 19012 19130 D SentryLog: [pool-2-thread-1] File '/data/user/0/cn.missevan/cache/sentry/session.json' doesn't match extension expected.
