09-07 16:55:53.412 18625 18625 W cn.missevan: type=1400 audit(0.0:61860): avc: denied { read } for name="u:object_r:vendor_radio_prop:s0" dev="tmpfs" ino=5876 scontext=u:r:untrusted_app:s0:c100,c258,c512,c768 tcontext=u:object_r:vendor_radio_prop:s0 tclass=file permissive=0
09-07 16:55:53.424 18625 18625 E libc    : Access denied finding property "persist.vendor.radio.msim.stackid_0"
09-07 16:55:53.428 18625 18625 E SecurityException: [main] java.lang.SecurityException: getImeiForSlot
09-07 16:55:53.428 18625 18625 E SecurityException: 	at android.os.Parcel.createException(Parcel.java:1950)
09-07 16:55:53.428 18625 18625 E SecurityException: 	at android.os.Parcel.readException(Parcel.java:1918)
09-07 16:55:53.428 18625 18625 E SecurityException: 	at android.os.Parcel.readException(Parcel.java:1868)
09-07 16:55:53.428 18625 18625 E SecurityException: 	at com.android.internal.telephony.ITelephony$Stub$Proxy.getImeiForSlot(ITelephony.java:5514)
09-07 16:55:53.428 18625 18625 E SecurityException: 	at android.telephony.TelephonyManager.getImei(TelephonyManager.java:1331)
09-07 16:55:53.428 18625 18625 E SecurityException: 	at cn.missevan.lib.utils.v.i(SourceFile:294)
09-07 16:55:53.428 18625 18625 E SecurityException: 	at cn.missevan.lib.utils.u.getImei(SourceFile:102)
09-07 16:55:53.428 18625 18625 E SecurityException: 	at cn.missevan.library.baseapp.BaseApplication.getImei(SourceFile:733)
09-07 16:55:53.428 18625 18625 E SecurityException: 	at cn.missevan.library.statistics.StatisticsTable.getDeviceId(SourceFile:188)
09-07 16:55:53.428 18625 18625 E SecurityException: 	at java.lang.reflect.Method.invoke(Native Method)
09-07 16:55:53.428 18625 18625 E SecurityException: 	at com.alibaba.fastjson.util.FieldInfo.get(SourceFile:571)
09-07 16:55:53.428 18625 18625 E SecurityException: 	at com.alibaba.fastjson.serializer.FieldSerializer.getPropertyValueDirect(SourceFile:143)
09-07 16:55:53.428 18625 18625 E SecurityException: 	at com.alibaba.fastjson.serializer.JavaBeanSerializer.write(SourceFile:284)
09-07 16:55:53.428 18625 18625 E SecurityException: 	at com.alibaba.fastjson.serializer.JavaBeanSerializer.write(SourceFile:154)
09-07 16:55:53.428 18625 18625 E SecurityException: 	at com.alibaba.fastjson.serializer.ListSerializer.write(SourceFile:135)
09-07 16:55:53.428 18625 18625 E SecurityException: 	at com.alibaba.fastjson.serializer.JSONSerializer.write(SourceFile:312)
09-07 16:55:53.428 18625 18625 E SecurityException: 	at com.alibaba.fastjson.JSON.toJSONString(SourceFile:793)
09-07 16:55:53.428 18625 18625 E SecurityException: 	at com.alibaba.fastjson.JSON.toJSONString(SourceFile:731)
09-07 16:55:53.428 18625 18625 E SecurityException: 	at com.alibaba.fastjson.JSON.toJSONString(SourceFile:688)
09-07 16:55:53.428 18625 18625 E SecurityException: 	at cn.missevan.play.hook.StatisticsCommonImpl.buildBody(SourceFile:110)
09-07 16:55:53.428 18625 18625 E SecurityException: 	at cn.missevan.play.hook.StatisticsCommonImpl.sendLog(SourceFile:78)
09-07 16:55:53.428 18625 18625 E SecurityException: 	at cn.missevan.play.hook.AbsStatistics.sendRequestDatas(SourceFile:96)
09-07 16:55:53.428 18625 18625 E SecurityException: 	at cn.missevan.play.hook.StatisticsCommonImpl.lambda$reportData$1$StatisticsCommonImpl(SourceFile:69)
09-07 16:55:53.428 18625 18625 E SecurityException: 	at cn.missevan.play.hook.-$$Lambda$StatisticsCommonImpl$1ihaZTd5OL23Up_e7q_C9AiHJ0Q.accept(Unknown Source:4)
09-07 16:55:53.428 18625 18625 E SecurityException: 	at io.a.g.d.u.onNext(SourceFile:63)
09-07 16:55:53.428 18625 18625 E SecurityException: 	at io.a.g.e.e.cd$a.cdZ(SourceFile:201)
09-07 16:55:53.428 18625 18625 E SecurityException: 	at io.a.g.e.e.cd$a.run(SourceFile:255)
09-07 16:55:53.428 18625 18625 E SecurityException: 	at io.a.a.b.b$b.run(SourceFile:124)
09-07 16:55:53.428 18625 18625 E SecurityException: 	at android.os.Handler.handleCallback(Handler.java:873)
09-07 16:55:53.428 18625 18625 E SecurityException: 	at android.os.Handler.dispatchMessage(Handler.java:99)
09-07 16:55:53.428 18625 18625 E SecurityException: 	at android.os.Looper.loop(Looper.java:224)
09-07 16:55:53.428 18625 18625 E SecurityException: 	at android.app.ActivityThread.main(ActivityThread.java:7042)
09-07 16:55:53.428 18625 18625 E SecurityException: 	at java.lang.reflect.Method.invoke(Native Method)
09-07 16:55:53.428 18625 18625 E SecurityException: 	at com.android.internal.os.RuntimeInit$MethodAndArgsCaller.run(RuntimeInit.java:536)
09-07 16:55:53.428 18625 18625 E SecurityException: 	at com.android.internal.os.ZygoteInit.main(ZygoteInit.java:868)
09-07 16:55:53.428 18625 18625 E SecurityException:
09-07 16:55:53.451  2713  3240 I chatty  : uid=1000(system) NightPearlSubTh expire 5 lines
09-07 16:55:53.451  2389  2389 D KeyguardUpdateMonitor: received broadcast android.intent.action.BATTERY_CHANGED
09-07 16:55:53.452  2713  2713 I chatty  : uid=1000(system) com.vivo.daemonService expire 8 lines
09-07 16:55:53.452  2389  2389 D KeyguardUpdateMonitor: handleBatteryUpdate
09-07 16:55:53.452  1710  5524 I chatty  : uid=1000(system) IzatProvider expire 3 lines
09-07 16:55:53.454   693   693 V LocSvc_HIDL_IzatSubscription: [batteryLevelUpdate][777] [HS] <<<<= [HC]
09-07 16:55:53.454  2762  2762 D QtiCarrierConfigHelper: WARNING, no carrier configs on phone Id: 0
09-07 16:55:53.471 19012 19152 W .missevan:stat: Accessing hidden field Lsun/misc/Unsafe;->theUnsafe:Lsun/misc/Unsafe; (light greylist, reflection)
09-07 16:55:53.476 19012 19152 D config.Worker: config,ver: null
09-07 16:55:53.477 19162 19162 I Perf    : Connecting to perf service.
09-07 16:55:53.481 19012 19152 D ab.Worker: ab,ver: null
09-07 16:55:53.482 19012 19152 I neuron.poster: [thread_report] Send package with events=1, bytes=415, statusCode=200, sn=[24]
09-07 16:55:53.496 19162 19162 D Tinker.TinkerLoader: tryLoad test test
09-07 16:55:53.500 19162 19162 W Tinker.TinkerLoader: tryLoadPatchFiles:patch dir not exist:/data/user/0/cn.missevan/tinker
09-07 16:55:53.559 19162 19162 D Tinker.DefaultAppLike: onBaseContextAttached:
09-07 16:55:53.567 19162 19162 I MultiDex: VM with version 2.1.0 has multidex support
09-07 16:55:53.567 19162 19162 I MultiDex: Installing application
09-07 16:55:53.567 19162 19162 I MultiDex: VM has multidex support, MultiDex support library is disabled.
09-07 16:55:53.645 19162 19162 D Tinker.DefaultAppLike: onCreate
09-07 16:55:53.786  1710  1839 D ActivityManager: StartMode packageName = com.tencent.mm ,callingPid = -1 ,alwaysRestrict = true ,startMode = 2 ,UidRec:UidRecord{bb14d78 u0a569 SVC  bg:+5d0h36m21s160ms idle change:idle procs:2 seq(0,0,0)}
09-07 16:55:53.790  1710  1839 I chatty  : uid=1000(system) ActivityManager expire 3 lines
09-07 16:55:53.797 18625 18784 I CronetEngine: [thread_background]
09-07 16:55:53.797 18625 18784 I CronetEngine: url: https://data.uat.missevan.com/statistics/collect-events
09-07 16:55:53.797 18625 18784 I CronetEngine:  ip: 10.21.250.10
09-07 16:55:53.797 18625 18784 I CronetEngine:  hostResolverProvider:
09-07 16:55:53.797 18625 18784 I CronetEngine:  hostResolveIps: []
09-07 16:55:53.797 18625 18784 I CronetEngine:
09-07 16:55:53.811 32400 32547 D MemoryCeilingMonitor: [handleMemoryCalculate]
09-07 16:55:53.811 32400 32547 D MemoryCeilingMonitor: [calculate] tot: 3136576, max: 268435456, free: 487344, heap: 2649232, per: 0.009869158267974854
09-07 16:55:53.844 19162 19162 W issevan:channe: Accessing hidden method Landroid/app/ActivityThread;->currentApplication()Landroid/app/Application; (light greylist, linking)
09-07 16:55:53.962 19162 19217 D SentryLog: [pool-3-thread-1] SU isn't found on this Device.
09-07 16:55:53.972 19162 19162 W pool-3-thread-1: type=1400 audit(0.0:61861): avc: denied { read } for name="version" dev="proc" ino=4026532090 scontext=u:r:untrusted_app:s0:c100,c258,c512,c768 tcontext=u:object_r:proc_version:s0 tclass=file permissive=0
09-07 16:55:53.997 19162 19162 I SentryLog: [main] Initializing SDK with DSN: 'https://8e68e4623f6348b0b9984471d41e3e2d@sentry.missevan.com/2'
09-07 16:55:54.003 19162 19162 I SentryLog: [main] GlobalHubMode: 'true'
09-07 16:55:54.021 18625 18630 I cn.missevan: Compiler allocated 4MB to compile void android.view.ViewRootImpl.performTraversals()
09-07 16:55:54.042 19162 19162 D SentryLog: [main] UncaughtExceptionHandlerIntegration enabled: true
09-07 16:55:54.043 19162 19162 D SentryLog: [main] default UncaughtExceptionHandler class='xcrash.i'
09-07 16:55:54.044 19162 19162 D SentryLog: [main] UncaughtExceptionHandlerIntegration installed.
09-07 16:55:54.045 19162 19162 D SentryLog: [main] ShutdownHookIntegration installed.
09-07 16:55:54.048 19162 19162 D SentryLog: [main] SendCachedEventFireAndForgetIntegration installed.
09-07 16:55:54.049 19162 19220 D SentryLog: [pool-2-thread-1] Started processing cached files from /data/user/0/cn.missevan/cache/sentry
09-07 16:55:54.049 19162 19162 D SentryLog: [main] NdkIntegration enabled: true
09-07 16:55:54.050 19162 19162 I sentry-native: using database path "/data/data/cn.missevan/cache/sentry/.sentry-native"
09-07 16:55:54.051 19162 19162 D sentry-native: starting backend
09-07 16:55:54.053 19162 19162 D SentryLog: [main] NdkIntegration installed.
09-07 16:55:54.053 19162 19220 D SentryLog: [pool-2-thread-1] Processing dir. /data/user/0/cn.missevan/cache/sentry
09-07 16:55:54.055 19162 19162 D SentryLog: [main] Registering EnvelopeFileObserverIntegration for path: /data/user/0/cn.missevan/cache/sentry/outbox
09-07 16:55:54.056 19162 19220 D SentryLog: [pool-2-thread-1] Processing 0 items from cache dir /data/user/0/cn.missevan/cache/sentry
09-07 16:55:54.058 19162 19162 D SentryLog: [main] EnvelopeFileObserverIntegration installed.
09-07 16:55:54.059 19162 19220 D SentryLog: [pool-2-thread-1] File /data/user/0/cn.missevan/cache/sentry/outbox is not a File.
09-07 16:55:54.060 19162 19162 D SentryLog: [main] SendCachedEventFireAndForgetIntegration installed.
09-07 16:55:54.061 19162 19162 D SentryLog: [main] AnrIntegration enabled: true
09-07 16:55:54.061 19162 19220 D SentryLog: [pool-2-thread-1] Processing file: /data/user/0/cn.missevan/cache/sentry/session.json
09-07 16:55:54.062 19162 19162 D SentryLog: [main] ANR timeout in milliseconds: 5000
09-07 16:55:54.064 19162 19162 D SentryLog: [main] AnrIntegration installed.
09-07 16:55:54.064 19162 19220 D SentryLog: [pool-2-thread-1] File '/data/user/0/cn.missevan/cache/sentry/session.json' doesn't match extension expected.
09-07 16:55:54.065 19162 19162 D SentryLog: [main] enableSessionTracking enabled: true
09-07 16:55:54.066 19162 19162 D SentryLog: [main] enableAppLifecycleBreadcrumbs enabled: true
09-07 16:55:54.066 19162 19220 D SentryLog: [pool-2-thread-1] File /data/user/0/cn.missevan/cache/sentry/.sentry-native is not a File.
09-07 16:55:54.069 19162 19220 D SentryLog: [pool-2-thread-1] Finished processing cached files from /data/user/0/cn.missevan/cache/sentry
09-07 16:55:54.073 19162 19220 D SentryLog: [pool-2-thread-1] Started processing cached files from /data/user/0/cn.missevan/cache/sentry/outbox
09-07 16:55:54.075 19162 19162 D SentryLog: [main] AppLifecycleIntegration installed.
09-07 16:55:54.076 19162 19220 D SentryLog: [pool-2-thread-1] Processing dir. /data/user/0/cn.missevan/cache/sentry/outbox
09-07 16:55:54.076 19162 19162 D SentryLog: [main] ActivityLifecycleIntegration enabled: true
09-07 16:55:54.077 19162 19162 D SentryLog: [main] ActivityLifecycleIntegration installed.
09-07 16:55:54.078 19162 19162 D SentryLog: [main] UserInteractionIntegration enabled: true
09-07 16:55:54.079 19162 19220 D SentryLog: [pool-2-thread-1] Processing 0 items from cache dir /data/user/0/cn.missevan/cache/sentry/outbox
09-07 16:55:54.089 19162 19162 D SentryLog: [main] UserInteractionIntegration installed.
09-07 16:55:54.089 19162 19220 D SentryLog: [pool-2-thread-1] Finished processing cached files from /data/user/0/cn.missevan/cache/sentry/outbox
09-07 16:55:54.090 19162 19162 D SentryLog: [main] AppComponentsBreadcrumbsIntegration enabled: true
09-07 16:55:54.091 19162 19162 D SentryLog: [main] AppComponentsBreadcrumbsIntegration installed.
09-07 16:55:54.092 19162 19162 D SentryLog: [main] SystemEventsBreadcrumbsIntegration enabled: true
09-07 16:55:54.096 19162 19162 D SentryLog: [main] SystemEventsBreadcrumbsIntegration installed.
09-07 16:55:54.097 19162 19162 D SentryLog: [main] enableSystemEventsBreadcrumbs enabled: true
09-07 16:55:54.105 19162 19162 I SentryLog: [main] TYPE_AMBIENT_TEMPERATURE is not available.
09-07 16:55:54.106 19162 19162 D SentryLog: [main] enableSystemEventBreadcrumbs enabled: true
09-07 16:55:54.107 19162 19162 D SentryLog: [main] FragmentLifecycleIntegration installed.
09-07 16:55:54.271   718   718 I SurfaceFlinger: FPS: 42
09-07 16:55:54.358  1710  2176 I chatty  : uid=1000(system) AutobacklightTh identical 3 lines
09-07 16:55:54.448 19162 19162 D NAccs.AccsClientConfig:  build config:AccsClientConfig{mAppKey='umeng:546d7dd7fd98c58fc800082c', mAppSecret='64e8358a59d434e5546720db97ab5996', mInappHost='umengacs.m.taobao.com', mChannelHost='umengjmacs.m.taobao.com', mStoreId='', mSecurity=2, mAuthCode='', mInappPubKey=11, mChannelPubKey=11, mKeepalive=true, mAutoUnit=false, mTag='default', mConfigEnv=0, mDisableChannel=false, mQuickReconnect=false, mAccsHeartbeatEnable=false, mPullUpEnable=false, mForePingEnable=false, mPingTimeout=0}
09-07 16:55:54.448 19162 19162 W NAccs.AccsClientConfig:  build conver old config:AccsClientConfig{mAppKey='umeng:546d7dd7fd98c58fc800082c', mAppSecret='64e8358a59d434e5546720db97ab5996', mInappHost='umengacs.m.taobao.com', mChannelHost='umengjmacs.m.taobao.com', mStoreId='', mSecurity=2, mAuthCode='', mInappPubKey=-1, mChannelPubKey=-1, mKeepalive=true, mAutoUnit=true, mTag='default', mConfigEnv=0, mDisableChannel=false, mQuickReconnect=false, mAccsHeartbeatEnable=false, mPullUpEnable=true, mForePingEnable=false, mPingTimeout=0}
09-07 16:55:54.448 19162 19162 D NAccs.ACCSClient:  init config:AccsClientConfig{mAppKey='umeng:546d7dd7fd98c58fc800082c', mAppSecret='64e8358a59d434e5546720db97ab5996', mInappHost='umengacs.m.taobao.com', mChannelHost='umengjmacs.m.taobao.com', mStoreId='', mSecurity=2, mAuthCode='', mInappPubKey=11, mChannelPubKey=11, mKeepalive=true, mAutoUnit=false, mTag='default', mConfigEnv=0, mDisableChannel=false, mQuickReconnect=false, mAccsHeartbeatEnable=false, mPullUpEnable=false, mForePingEnable=false, mPingTimeout=0}
09-07 16:55:54.449 19162 19162 D UPush.Impl: appkey:546d7dd7fd98c58fc800082c secret:64e8358a59d434e5546720db97ab5996
09-07 16:55:54.453 19162 19234 I NAccs.TaobaoRegister:  register appKey:umeng:546d7dd7fd98c58fc800082c configTag:default
09-07 16:55:54.455 19162 19234 D NAccs.Config:  setAgooAppKey appkey:umeng:546d7dd7fd98c58fc800082c
09-07 16:55:54.457 19162 19234 D NAccs.Config:  setAgooMessageSecret secret:64e8358a59d434e5546720db97ab5996
09-07 16:55:54.462 19162 19234 D NAccs.ACCSManager:  getAccsInstance key:default|0
09-07 16:55:54.506 19162 19162 D NetworkSecurityConfig: Using Network Security Config from resource g debugBuild: true
09-07 16:55:54.509 19162 19234 D NAccs.InAppConn_default:  new connection
09-07 16:55:54.511 19162 19162 W issevan:channe: Accessing hidden method Ldalvik/system/CloseGuard;->get()Ldalvik/system/CloseGuard; (light greylist, reflection)
09-07 16:55:54.511 19162 19162 W issevan:channe: Accessing hidden method Ldalvik/system/CloseGuard;->open(Ljava/lang/String;)V (light greylist, reflection)
09-07 16:55:54.511 19162 19162 W issevan:channe: Accessing hidden method Ldalvik/system/CloseGuard;->warnIfOpen()V (light greylist, reflection)
09-07 16:55:54.517 19162 19234 I NAccs.Utils:  isMainProcess result:false
09-07 16:55:54.519 19162 19234 I NAccs.ACCSMgrImpl_default:  bindApp appKey:umeng:546d7dd7fd98c58fc800082c
09-07 16:55:54.524 19162 19235 D NAccs.FileCheckUtils:  st.getAvailableBlocks()=2220016,st.getAvailableBlocks() * blockSize=9093185536
09-07 16:55:54.525 19162 19234 D NAccs.UtilityImpl:  enableService comptName:ComponentInfo{cn.missevan/com.taobao.accs.ChannelService}
09-07 16:55:54.526  1710  5423 W PackageManager: setEnabledSetting  packageName:cn.missevan className:com.taobao.accs.ChannelService newState:1 userId:0 callingPackage:null
09-07 16:55:54.539 19162 19234 W NAccs.ACCSMgrImpl_default:  bindApp only allow in main process
09-07 16:55:54.586 19162 19162 I MissEvanApplication: [main] current process: cn.missevan:channel
09-07 16:55:54.611 19162 19162 D BLOG-EVENT-Network: network changed: 3=>1
09-07 16:55:54.619 19162 19162 W LaserActionExecutor: [main] actionClass map is null
09-07 16:55:54.637 19162 19162 V HotfixPatchListener: [main] application maxMemory:256
09-07 16:55:54.661 19162 19162 W Tinker.Tinker: [main] tinker patch directory: /data/user/0/cn.missevan/tinker
09-07 16:55:54.664 19162 19162 I Tinker.Tinker: [main] try to install tinker, isEnable: true, version: 1.9.14.10.4
09-07 16:55:54.667 19162 19162 I Tinker.TinkerLoadResult: [main] parseTinkerResult loadCode:-2, process name:cn.missevan:channel, main process:false, systemOTA:false, fingerPrint:vivo/PD1728/PD1728:9/PKQ1.180819.001/compiler07281740:user/release-keys, oatDir:null, useInterpretMode:false
09-07 16:55:54.668 19162 19162 W Tinker.TinkerLoadResult: [main] can't find patch file, is ok, just return
09-07 16:55:54.669 19162 19162 I Tinker.DefaultLoadReporter: [main] patch loadReporter onLoadResult: patch load result, path:/data/user/0/cn.missevan/tinker, code: -2, cost: 4ms
09-07 16:55:54.671 19162 19162 W Tinker.Tinker: [main] tinker load fail!
09-07 16:55:54.676 19162 19162 D NAccs.BaseService:  onBind intent:Intent { act=com.taobao.accs.intent.action.START_SERVICE cmp=cn.missevan/com.taobao.accs.ChannelService (has extras) }
09-07 16:55:54.676 19162 19162 I NAccs.BaseService:  onBind bind service
09-07 16:55:54.681 19162 19235 I NAccs.ElectionServiceImpl:  onCreate, sdkVersion:221
09-07 16:55:54.681 19162 19235 D NAccs.ServiceImpl:  init start
09-07 16:55:54.683 19162 19235 I NAccs.ServiceImpl:  init sdkVersion:221 procStart:0
09-07 16:55:54.684 19162 19235 D NAccs.UtilityImpl:  getProxy:null:-1
09-07 16:55:54.686 18625 18625 D NAccs.a :  bindService connected componentName:ComponentInfo{cn.missevan/com.taobao.accs.ChannelService}
09-07 16:55:54.691 19162 19235 D NAccs.ServiceImpl:  getServiceAliveTime aliveTime:846093
09-07 16:55:54.692 19162 19235 D NAccs.UtilityImpl:  setServiceTime:1662540954692
09-07 16:55:54.693 18625 18625 D NAccs.a :  bindService connected componentName:ComponentInfo{cn.missevan/com.umeng.message.component.UmengIntentService}
09-07 16:55:54.714 19162 19162 D Tinker.TinkerLoader: [main] [PendingLog @ 2022-09-07 16:55:53.496] tryLoad test test
09-07 16:55:54.716 19162 19162 W Tinker.TinkerLoader: [main] [PendingLog @ 2022-09-07 16:55:53.500] tryLoadPatchFiles:patch dir not exist:/data/user/0/cn.missevan/tinker
09-07 16:55:54.717 19162 19162 D Tinker.DefaultAppLike: [main] [PendingLog @ 2022-09-07 16:55:53.559] onBaseContextAttached:
09-07 16:55:54.718 19162 19162 D Tinker.DefaultAppLike: [main] [PendingLog @ 2022-09-07 16:55:53.645] onCreate
09-07 16:55:54.719 19162 19162 D NAccs.BaseService:  onBind intent:Intent { cmp=cn.missevan/com.taobao.accs.ChannelService }
09-07 16:55:54.721 19162 19162 I NAccs.BaseService:  handleMessage on receive msg msg:{ id=30 when=-30ms what=0 target=com.taobao.accs.base.BaseService$1 }
09-07 16:55:54.721 19162 19162 I NAccs.BaseService:  handleMessage get intent success intent:Intent { act=com.taobao.accs.intent.action.START_SERVICE cmp=cn.missevan/com.taobao.accs.ChannelService (has extras) }
09-07 16:55:54.721 19162 19162 I NAccs.BaseIntentService:  handleMessage on receive msg msg:{ id=31 when=-25ms what=0 target=org.android.agoo.control.g }
09-07 16:55:54.722 19162 19235 I NAccs.ElectionServiceImpl:  onStartCommand begin action:com.taobao.accs.intent.action.START_SERVICE
09-07 16:55:54.722 19162 19162 I NAccs.BaseIntentService:  handleMessage get intent success intent:Intent { act=org.agoo.android.intent.action.REPORT pkg=cn.missevan cmp=cn.missevan/com.umeng.message.component.UmengIntentService }
09-07 16:55:54.722 19162 19235 I NAccs.ElectionServiceImpl:  handleStartCommand configTag:default appkey:umeng:546d7dd7fd98c58fc800082c appSecret:64e8358a59d434e5546720db97ab5996 ttid:android@umeng pkg:cn.missevan
09-07 16:55:54.723 19162 19235 I NAccs.ElectionServiceImpl:  getConnection configTag:default start:false
09-07 16:55:54.733 19162 19235 D NAccs.SilenceConn_default:  new connection
09-07 16:55:54.734 19162 19235 I NAccs.SilenceConn_default:  getChannelHost host:umengjmacs.m.taobao.com
09-07 16:55:54.739 19162 19235 W StrategyCenter not initialized: |[seq:isInitialized] false
09-07 16:55:54.752 19162 19235 I NAccs.LoadSoFailUtil:  getSoFailTimes times:0
09-07 16:55:54.752 19162 19235 I NAccs.ServiceImpl:  onHostStartCommand intent:Intent { act=com.taobao.accs.intent.action.START_SERVICE cmp=cn.missevan/com.taobao.accs.ChannelService (has extras) }
09-07 16:55:54.752 19162 19235 D NAccs.ServiceImpl:  onHostStartCommand key:appKey  value:umeng:546d7dd7fd98c58fc800082c
09-07 16:55:54.753 19162 19235 D NAccs.ServiceImpl:  onHostStartCommand key:configTag  value:default
09-07 16:55:54.753 19162 19235 D NAccs.ServiceImpl:  onHostStartCommand key:mode  value:0
09-07 16:55:54.753 19162 19235 D NAccs.ServiceImpl:  onHostStartCommand key:ttid  value:android@umeng
09-07 16:55:54.753 19162 19235 D NAccs.ServiceImpl:  onHostStartCommand key:packageName  value:cn.missevan
09-07 16:55:54.753 19162 19235 D NAccs.ServiceImpl:  onHostStartCommand key:app_sercet  value:64e8358a59d434e5546720db97ab5996
09-07 16:55:54.753 19162 19235 D NAccs.ServiceImpl:  onHostStartCommand key:agoo_app_key  value:umeng:546d7dd7fd98c58fc800082c
09-07 16:55:54.753 19162 19235 I NAccs.LoadSoFailUtil:  getSoFailTimes times:0
09-07 16:55:54.754 19162 19235 D NAccs.ServiceImpl:  handleAction action:com.taobao.accs.intent.action.START_SERVICE
09-07 16:55:54.754 19162 19235 I NAccs.ServiceImpl:  tryConnect appkey:umeng:546d7dd7fd98c58fc800082c configTag:default|0
09-07 16:55:54.754 19162 19235 D NAccs.SilenceConn_default:  start
09-07 16:55:54.777 19162 19235 E awcn.GlobalAppRuntimeInfo:   CurrentProcess:cn.missevan:channel TargetProcess:cn.missevan
09-07 16:55:54.781 19162 19235 E awcn.StrategyCenter:  registerListener listener:[]
09-07 16:55:54.789 19162 19235 D awcn.NetworkStatusMonitor:  [checkNetworkStatus]
09-07 16:55:54.789 19162 19162 D awcn.NetworkStatusMonitor:  receiver:android.net.conn.CONNECTIVITY_CHANGE
09-07 16:55:54.790 19162 19235 I awcn.NetworkStatusMonitor:  checkNetworkStatus info.isConnected:true info.isAvailable:true info.getType:1
09-07 16:55:54.792 19162 19162 I awcn.ThreadPoolExecutorFactory:  thread created! name:AWCN Scheduler1
09-07 16:55:54.795 19162 19235 E awcn.Inet64Util:  startIpStackDetect ip stack:1 detectType:udp_connect
09-07 16:55:54.795 19162 19235 I awcn.NetworkStatusHelper:
09-07 16:55:54.795 19162 19235 I awcn.NetworkStatusHelper: Network detail*******************************
09-07 16:55:54.795 19162 19235 I awcn.NetworkStatusHelper: Status: WIFI
09-07 16:55:54.795 19162 19235 I awcn.NetworkStatusHelper: Subtype: wifi
09-07 16:55:54.795 19162 19235 I awcn.NetworkStatusHelper: BSSID:
09-07 16:55:54.795 19162 19235 I awcn.NetworkStatusHelper: SSID:
09-07 16:55:54.795 19162 19235 I awcn.NetworkStatusHelper: *********************************************
09-07 16:55:54.796 19162 19245 D awcn.NetworkStatusMonitor:  [checkNetworkStatus]
09-07 16:55:54.797 19162 19245 I awcn.NetworkStatusMonitor:  checkNetworkStatus info.isConnected:true info.isAvailable:true info.getType:1
09-07 16:55:54.798 19162 19245 E awcn.SessionCenter: |[seq:[default]] onNetworkStatusChanged. networkStatus:WIFI
09-07 16:55:54.801  1710  1768 D ConnectivityService: requestNetwork for uid/pid:10612/19162 NetworkRequest [ TRACK_DEFAULT id=3231, [ Capabilities: INTERNET&NOT_RESTRICTED&TRUSTED Unwanted:  Uid: 10612] ]
09-07 16:55:54.802  1710  2156 I chatty  : uid=1000(system) EthernetService expire 1 line
09-07 16:55:54.803  1710  2083 D ConnectivityService: isWifiPoorLink:false, nai.everValidated:true, networkType:1, networkDetailedState:CONNECTED, nai.isLingering():false, unneeded(nai, UnneededFor.TEARDOWN):false
09-07 16:55:54.803  2762  2762 D PhoneSwitcherNetworkRequstListener: got request NetworkRequest [ TRACK_DEFAULT id=3231, [ Capabilities: INTERNET&NOT_RESTRICTED&TRUSTED Unwanted:  Uid: 10612] ] with score 60
09-07 16:55:54.804 19162 19235 I awcn.StrategyCenter:  StrategyCenter initialize started.
09-07 16:55:54.806 19162 19235 I awcn.StrategySerializeHelper:  StrateyFolder path:/data/user/0/cn.missevan/files/awcn_strategy/channel
09-07 16:55:54.812 19162 19246 I awcn.NetworkStatusMonitor:  network onAvailable
09-07 16:55:54.814 19162 19235 I awcn.StrategyTable:  strategy map size:1
09-07 16:55:54.816 19162 19235 I awcn.StrategyInfoHolder:  restore
09-07 16:55:54.907 19162 19235 I awcn.SerializeHelper:  restore end. file:/data/user/0/cn.missevan/files/awcn_strategy/channel/WIFI$d41d8cd98f00b204e9800998ecf8427e size:3442 cost:88
09-07 16:55:54.908 19162 19235 I awcn.StrategyTable:  strategy map size:2
09-07 16:55:54.924 19162 19235 I awcn.SerializeHelper:  restore end. file:/data/user/0/cn.missevan/files/awcn_strategy/channel/StrategyConfig size:1389 cost:14
09-07 16:55:54.925 19162 19235 I awcn.AmdcThreadPoolExecutor:  thread created! name:AMDC1
09-07 16:55:54.926 19162 19235 I awcn.StrategyTable:  strategy map size:2
09-07 16:55:54.927 19162 19235 I awcn.StrategyCenter:  StrategyCenter initialize finished.
09-07 16:55:54.927 19162 19247 I awcn.StrategyInfoHolder:  start loading strategy files
09-07 16:55:54.927 19162 19235 E awcn.StrategyCenter:  registerListener listener:[anet.channel.SessionCenter$a@204e35b]
09-07 16:55:54.927 19162 19235 I NAccs.SilenceConn_default:  init awcn register new conn protocol host: umengacs.m.taobao.com
09-07 16:55:54.928 19162 19235 I NAccs.SilenceConn_default:  init awcn success!
09-07 16:55:54.928 19162 19235 I NAccs.SilenceConn_default:  start thread
09-07 16:55:54.929 19162 19247 I awcn.StrategyInfoHolder:  end loading strategy files total cost:1
09-07 16:55:54.930 19162 19235 D NAccs.SilenceConn_default:  try ping, force:false
09-07 16:55:54.931 19162 19248 I NAccs.NetworkThread_default:  NetworkThread run
09-07 16:55:54.932 19162 19235 D NAccs.SilenceConn_default:  sendMessage ready dataId:1662540954930.2 type:PING delay:0
09-07 16:55:54.932 19162 19248 D NAccs.NetworkThread_default:  ready to get message
09-07 16:55:54.932 19162 19248 D NAccs.NetworkThread_default:  no message, wait
09-07 16:55:54.932 19162 19235 I NAccs.BaseIntentService:  onHandleIntent,action=org.agoo.android.intent.action.REPORT,agooCommand=cn.missevan.intent.action.COMMAND,mipushCommand=cn.missevan.intent.thirdPush.action.COMMAND
09-07 16:55:54.933 19162 19235 I NAccs.BaseIntentService:  is report cache msg,Config.isReportCacheMsg(mContext)=false
09-07 16:55:54.933 19162 19235 D NAccs.isClearTime:  now=1662540954933,now - lastTime=4475421,istrue=false
09-07 16:55:54.933 19162 19235 I NAccs.BaseIntentService:  is clear all msg=false
09-07 16:55:54.933 19162 19235 D NAccs.isClearTime:  now=1662540954933,now - lastTime=4475421,istrue=false
09-07 16:55:54.934 19162 19235 D NAccs.FileCheckUtils:  st.getAvailableBlocks()=2220016,st.getAvailableBlocks() * blockSize=9093185536
09-07 16:55:54.938 19162 19248 D NAccs.NetworkThread_default:  try get message
09-07 16:55:54.938 19162 19248 D NAccs.NetworkThread_default:  sendMessage not null
09-07 16:55:54.938 19162 19248 I NAccs.NetworkThread_default:  sendMessage type:PING status:3
09-07 16:55:54.945 19162 19248 I NAccs.HeartbeatManager:  hb use job
09-07 16:55:54.946 19162 19248 D NAccs.NetworkThread_default:  sendMessage force:false last ping:1662540954946
09-07 16:55:54.946 19162 19248 D NAccs.SilenceConn_default:  tryConnect force:true
09-07 16:55:54.949 19162 19248 I NAccs.NetworkThread_default:  tryConnect force:true failTimes:0
09-07 16:55:54.949 19162 19248 I NAccs.NetworkThread_default:  tryConnect, need sleep
09-07 16:55:55.305   718   718 I SurfaceFlinger: FPS: 48
09-07 16:55:55.537 18816 19002 D NAccs.InAppConn_default:  startChannelService
09-07 16:55:55.539 18816 19002 D NAccs.Config:  getAgooAppKey appkey:umeng:546d7dd7fd98c58fc800082c
09-07 16:55:55.542 18816 19002 I NAccs.a :  dispatchIntent bind service start intent:Intent { act=com.taobao.accs.intent.action.START_SERVICE cmp=cn.missevan/com.taobao.accs.ChannelService (has extras) }
09-07 16:55:55.566 18816 19002 D NAccs.AdapterGlobalClientInfo:  getAgooCustomServiceName serviceName:com.umeng.message.component.UmengIntentService
09-07 16:55:55.567 18816 19002 I NAccs.a :  dispatchIntent bind service start intent:Intent { act=org.agoo.android.intent.action.REPORT pkg=cn.missevan cmp=cn.missevan/com.umeng.message.component.UmengIntentService }
09-07 16:55:55.567 18816 18816 D NAccs.a :  bindService connected componentName:ComponentInfo{cn.missevan/com.taobao.accs.ChannelService}
09-07 16:55:55.570 19162 19162 I NAccs.BaseService:  handleMessage on receive msg msg:{ id=36 when=0 what=0 target=com.taobao.accs.base.BaseService$1 }
09-07 16:55:55.571 19162 19162 I NAccs.BaseService:  handleMessage get intent success intent:Intent { act=com.taobao.accs.intent.action.START_SERVICE cmp=cn.missevan/com.taobao.accs.ChannelService (has extras) }
09-07 16:55:55.572 19162 19235 I NAccs.ElectionServiceImpl:  onStartCommand begin action:com.taobao.accs.intent.action.START_SERVICE
09-07 16:55:55.573 19162 19235 I NAccs.ElectionServiceImpl:  handleStartCommand configTag:default appkey:umeng:546d7dd7fd98c58fc800082c appSecret:64e8358a59d434e5546720db97ab5996 ttid:android@umeng pkg:cn.missevan
09-07 16:55:55.573 19162 19235 I NAccs.ElectionServiceImpl:  getConnection configTag:default start:false
09-07 16:55:55.574 19162 19235 I NAccs.ServiceImpl:  onHostStartCommand intent:Intent { act=com.taobao.accs.intent.action.START_SERVICE cmp=cn.missevan/com.taobao.accs.ChannelService (has extras) }
09-07 16:55:55.574 19162 19235 D NAccs.ServiceImpl:  onHostStartCommand key:appKey  value:umeng:546d7dd7fd98c58fc800082c
09-07 16:55:55.574 19162 19235 D NAccs.ServiceImpl:  onHostStartCommand key:configTag  value:default
09-07 16:55:55.574 19162 19235 D NAccs.ServiceImpl:  onHostStartCommand key:mode  value:0
09-07 16:55:55.574 19162 19235 D NAccs.ServiceImpl:  onHostStartCommand key:ttid  value:android@umeng
09-07 16:55:55.574 19162 19235 D NAccs.ServiceImpl:  onHostStartCommand key:packageName  value:cn.missevan
09-07 16:55:55.574 19162 19235 D NAccs.ServiceImpl:  onHostStartCommand key:app_sercet  value:64e8358a59d434e5546720db97ab5996
09-07 16:55:55.574 19162 19235 D NAccs.ServiceImpl:  onHostStartCommand key:agoo_app_key  value:umeng:546d7dd7fd98c58fc800082c
09-07 16:55:55.574 19162 19235 I NAccs.LoadSoFailUtil:  getSoFailTimes times:0
09-07 16:55:55.574 19162 19235 D NAccs.ServiceImpl:  handleAction action:com.taobao.accs.intent.action.START_SERVICE
09-07 16:55:55.574 19162 19235 I NAccs.ServiceImpl:  tryConnect appkey:umeng:546d7dd7fd98c58fc800082c configTag:default|0
09-07 16:55:55.574 19162 19235 D NAccs.SilenceConn_default:  start
09-07 16:55:55.575 19162 19235 D NAccs.SilenceConn_default:  try ping, force:false
09-07 16:55:55.575 19162 19235 D NAccs.SilenceConn_default:  sendMessage ready dataId:1662540955575.3 type:PING delay:0
09-07 16:55:55.576 19162 19235 D NAccs.SilenceConn_default:  clearRepeatControlCommand message:201/
09-07 16:55:55.584 18816 18816 D NAccs.a :  bindService connected componentName:ComponentInfo{cn.missevan/com.umeng.message.component.UmengIntentService}
09-07 16:55:55.587 19162 19162 I NAccs.BaseIntentService:  handleMessage on receive msg msg:{ id=37 when=0 what=0 target=org.android.agoo.control.g }
09-07 16:55:55.588 19162 19162 I NAccs.BaseIntentService:  handleMessage get intent success intent:Intent { act=org.agoo.android.intent.action.REPORT pkg=cn.missevan cmp=cn.missevan/com.umeng.message.component.UmengIntentService }
09-07 16:55:55.589 19162 19235 I NAccs.BaseIntentService:  onHandleIntent,action=org.agoo.android.intent.action.REPORT,agooCommand=cn.missevan.intent.action.COMMAND,mipushCommand=cn.missevan.intent.thirdPush.action.COMMAND
09-07 16:55:55.590 19162 19235 I NAccs.BaseIntentService:  is report cache msg,Config.isReportCacheMsg(mContext)=false
09-07 16:55:55.591 19162 19235 D NAccs.isClearTime:  now=1662540955590,now - lastTime=4476078,istrue=false
09-07 16:55:55.591 19162 19235 I NAccs.BaseIntentService:  is clear all msg=false
09-07 16:55:55.592 19162 19235 D NAccs.isClearTime:  now=1662540955590,now - lastTime=4476078,istrue=false
09-07 16:55:56.197 18625 18943 D FreeFlowUtils: [glide-disk-cache-thread-0] Origin url: http://static-test.maoercdn.com/app/homepage/banners/202202/07/58d57ea686d685c0a4bc33559db77de8164943.png?x-oss-process=image/resize,w_996/format,webp, free flow url: http://static-test.maoercdn.com/app/homepage/banners/202202/07/58d57ea686d685c0a4bc33559db77de8164943.png?x-oss-process=image/resize,w_996/format,webp
09-07 16:55:56.250 18625 18943 D FreeFlowUtils: [glide-disk-cache-thread-0] Origin url: http://static-test.maoercdn.com/catalog/banners/202202/07/0a991023416aea52a438eb6113710d82165637.png?x-oss-process=image/resize,w_996/format,webp, free flow url: http://static-test.maoercdn.com/catalog/banners/202202/07/0a991023416aea52a438eb6113710d82165637.png?x-oss-process=image/resize,w_996/format,webp
09-07 16:55:56.319   718   718 I SurfaceFlinger: FPS: 51
09-07 16:55:56.342 18625 18788 D DexLoader: WebCoreClassLoader - loadClass(com.tencent.tbsqmsp.sdk.c.h,false)...
09-07 16:55:56.349 18625 18788 D DexLoader: WebCoreClassLoader - loadClass(com.tencent.tbsqmsp.sdk.c.h$a,false)...
09-07 16:55:56.369 18625 18638 I cn.missevan: NativeAlloc concurrent copying GC freed 107068(7MB) AllocSpace objects, 51(3MB) LOS objects, 49% free, 23MB/46MB, paused 681us total 123.989ms
09-07 16:55:56.508 18625 18943 D FreeFlowUtils: [glide-disk-cache-thread-0] Origin url: https://static-test.missevan.com/app/homepage/banners/202107/27/b9149fd9759e3b9e78102bb8fc2540d9184218.jpg?x-oss-process=image/resize,w_996/format,webp, free flow url: https://static-test.missevan.com/app/homepage/banners/202107/27/b9149fd9759e3b9e78102bb8fc2540d9184218.jpg?x-oss-process=image/resize,w_996/format,webp
09-07 16:55:56.536 18625 18943 D FreeFlowUtils: [glide-disk-cache-thread-0] Origin url: https://static-test.missevan.com/catalog/banners/202202/07/b6f61596311ab9eb0a65f1eac9a6cd90154654.jpg?x-oss-process=image/resize,w_996/format,webp, free flow url: https://static-test.missevan.com/catalog/banners/202202/07/b6f61596311ab9eb0a65f1eac9a6cd90154654.jpg?x-oss-process=image/resize,w_996/format,webp
09-07 16:55:56.632 18575 18607 W System.err: android.provider.Settings$SettingNotFoundException: isFindPhoneOpened
09-07 16:55:56.632 18575 18607 W System.err: 	at android.provider.Settings$System.getIntForUser(Settings.java:2541)
09-07 16:55:56.632 18575 18607 W System.err: 	at android.provider.Settings$System.getInt(Settings.java:2531)
09-07 16:55:56.632 18575 18607 W System.err: 	at com.vivo.findphone.utils.y.a(FbeUtil.java:2)
09-07 16:55:56.632 18575 18607 W System.err: 	at com.vivo.findphone.utils.x.h(FPSetting.java:1)
09-07 16:55:56.632 18575 18607 W System.err: 	at com.vivo.findphone.utils.d.l(AuthorizeHelper.java:1)
09-07 16:55:56.632 18575 18607 W System.err: 	at com.vivo.findphone.utils.h1.a(SystemIdUtils.java:4)
09-07 16:55:56.632 18575 18607 W System.err: 	at com.vivo.findphone.utils.r$a.getImei(CommonInitHelper.java:1)
09-07 16:55:56.632 18575 18607 W System.err: 	at com.vivo.ic.crashcollector.utils.d.a(CrashCollectorUtil.java:18)
09-07 16:55:56.632 18575 18607 W System.err: 	at com.vivo.ic.crashcollector.c.b.a(HttpRequest.java:110)
09-07 16:55:56.632 18575 18607 W System.err: 	at com.vivo.ic.crashcollector.c.b.a(HttpRequest.java:66)
09-07 16:55:56.632 18575 18607 W System.err: 	at com.vivo.ic.crashcollector.utils.t.c(SendHelper.java:18)
09-07 16:55:56.632 18575 18607 W System.err: 	at com.vivo.ic.crashcollector.utils.t.a(SendHelper.java:34)
09-07 16:55:56.632 18575 18607 W System.err: 	at com.vivo.ic.crashcollector.CrashCollector$a.handleMessage(CrashCollector.java:76)
09-07 16:55:56.632 18575 18607 W System.err: 	at android.os.Handler.dispatchMessage(Handler.java:106)
09-07 16:55:56.632 18575 18607 W System.err: 	at android.os.Looper.loop(Looper.java:224)
09-07 16:55:56.633 18575 18607 W System.err: 	at android.os.HandlerThread.run(HandlerThread.java:65)
09-07 16:55:56.633 18575 18607 W System.err: android.provider.Settings$SettingNotFoundException: isFindPhoneOpened
09-07 16:55:56.633 18575 18607 W System.err: 	at android.provider.Settings$System.getIntForUser(Settings.java:2541)
09-07 16:55:56.633 18575 18607 W System.err: 	at android.provider.Settings$System.getInt(Settings.java:2531)
09-07 16:55:56.633 18575 18607 W System.err: 	at com.vivo.findphone.utils.y.a(FbeUtil.java:2)
09-07 16:55:56.633 18575 18607 W System.err: 	at com.vivo.findphone.utils.x.h(FPSetting.java:1)
09-07 16:55:56.633 18575 18607 W System.err: 	at com.vivo.findphone.utils.d.l(AuthorizeHelper.java:1)
09-07 16:55:56.633 18575 18607 W System.err: 	at com.vivo.findphone.utils.h1.a(SystemIdUtils.java:6)
09-07 16:55:56.633 18575 18607 W System.err: 	at com.vivo.findphone.utils.r$a.getSn(CommonInitHelper.java:1)
09-07 16:55:56.633 18575 18607 W System.err: 	at com.vivo.ic.crashcollector.utils.d.a(CrashCollectorUtil.java:21)
09-07 16:55:56.633 18575 18607 W System.err: 	at com.vivo.ic.crashcollector.c.b.a(HttpRequest.java:110)
09-07 16:55:56.633 18575 18607 W System.err: 	at com.vivo.ic.crashcollector.c.b.a(HttpRequest.java:66)
09-07 16:55:56.633 18575 18607 W System.err: 	at com.vivo.ic.crashcollector.utils.t.c(SendHelper.java:18)
09-07 16:55:56.633 18575 18607 W System.err: 	at com.vivo.ic.crashcollector.utils.t.a(SendHelper.java:34)
09-07 16:55:56.633 18575 18607 W System.err: 	at com.vivo.ic.crashcollector.CrashCollector$a.handleMessage(CrashCollector.java:76)
09-07 16:55:56.633 18575 18607 W System.err: 	at android.os.Handler.dispatchMessage(Handler.java:106)
09-07 16:55:56.633 18575 18607 W System.err: 	at android.os.Looper.loop(Looper.java:224)
09-07 16:55:56.633 18575 18607 W System.err: 	at android.os.HandlerThread.run(HandlerThread.java:65)
09-07 16:55:56.637 18575 18607 W System.err: android.provider.Settings$SettingNotFoundException: isFindPhoneOpened
09-07 16:55:56.637 18575 18607 W System.err: 	at android.provider.Settings$System.getIntForUser(Settings.java:2541)
09-07 16:55:56.637 18575 18607 W System.err: 	at android.provider.Settings$System.getInt(Settings.java:2531)
09-07 16:55:56.637 18575 18607 W System.err: 	at com.vivo.findphone.utils.y.a(FbeUtil.java:2)
09-07 16:55:56.637 18575 18607 W System.err: 	at com.vivo.findphone.utils.x.h(FPSetting.java:1)
09-07 16:55:56.637 18575 18607 W System.err: 	at com.vivo.findphone.utils.d.l(AuthorizeHelper.java:1)
09-07 16:55:56.637 18575 18607 W System.err: 	at com.vivo.findphone.utils.r$b.isUserAllowAccessNet(CommonInitHelper.java:1)
09-07 16:55:56.637 18575 18607 W System.err: 	at com.vivo.ic.crashcollector.c.b.a(HttpRequest.java:124)
09-07 16:55:56.637 18575 18607 W System.err: 	at com.vivo.ic.crashcollector.c.b.a(HttpRequest.java:86)
09-07 16:55:56.637 18575 18607 W System.err: 	at com.vivo.ic.crashcollector.utils.t.c(SendHelper.java:18)
09-07 16:55:56.637 18575 18607 W System.err: 	at com.vivo.ic.crashcollector.utils.t.a(SendHelper.java:34)
09-07 16:55:56.637 18575 18607 W System.err: 	at com.vivo.ic.crashcollector.CrashCollector$a.handleMessage(CrashCollector.java:76)
09-07 16:55:56.637 18575 18607 W System.err: 	at android.os.Handler.dispatchMessage(Handler.java:106)
09-07 16:55:56.637 18575 18607 W System.err: 	at android.os.Looper.loop(Looper.java:224)
09-07 16:55:56.637 18575 18607 W System.err: 	at android.os.HandlerThread.run(HandlerThread.java:65)
09-07 16:55:56.638 18575 18607 W System.err: android.provider.Settings$SettingNotFoundException: isFindPhoneOpened
09-07 16:55:56.638 18575 18607 W System.err: 	at android.provider.Settings$System.getIntForUser(Settings.java:2541)
09-07 16:55:56.638 18575 18607 W System.err: 	at android.provider.Settings$System.getInt(Settings.java:2531)
09-07 16:55:56.638 18575 18607 W System.err: 	at com.vivo.findphone.utils.y.a(FbeUtil.java:2)
09-07 16:55:56.638 18575 18607 W System.err: 	at com.vivo.findphone.utils.x.h(FPSetting.java:1)
09-07 16:55:56.638 18575 18607 W System.err: 	at com.vivo.findphone.utils.d.l(AuthorizeHelper.java:1)
09-07 16:55:56.638 18575 18607 W System.err: 	at com.vivo.findphone.utils.h1.a(SystemIdUtils.java:4)
09-07 16:55:56.638 18575 18607 W System.err: 	at com.vivo.findphone.utils.r$a.getImei(CommonInitHelper.java:1)
09-07 16:55:56.638 18575 18607 W System.err: 	at com.vivo.ic.crashcollector.utils.d.a(CrashCollectorUtil.java:18)
09-07 16:55:56.638 18575 18607 W System.err: 	at com.vivo.ic.crashcollector.c.b.a(HttpRequest.java:110)
09-07 16:55:56.638 18575 18607 W System.err: 	at com.vivo.ic.crashcollector.c.b.a(HttpRequest.java:66)
09-07 16:55:56.638 18575 18607 W System.err: 	at com.vivo.ic.crashcollector.utils.t.c(SendHelper.java:18)
09-07 16:55:56.638 18575 18607 W System.err: 	at com.vivo.ic.crashcollector.utils.t.a(SendHelper.java:34)
09-07 16:55:56.638 18575 18607 W System.err: 	at com.vivo.ic.crashcollector.CrashCollector$a.handleMessage(CrashCollector.java:76)
09-07 16:55:56.638 18575 18607 W System.err: 	at android.os.Handler.dispatchMessage(Handler.java:106)
09-07 16:55:56.638 18575 18607 W System.err: 	at android.os.Looper.loop(Looper.java:224)
09-07 16:55:56.638 18575 18607 W System.err: 	at android.os.HandlerThread.run(HandlerThread.java:65)
09-07 16:55:56.639 18575 18607 W System.err: android.provider.Settings$SettingNotFoundException: isFindPhoneOpened
09-07 16:55:56.639 18575 18607 W System.err: 	at android.provider.Settings$System.getIntForUser(Settings.java:2541)
09-07 16:55:56.639 18575 18607 W System.err: 	at android.provider.Settings$System.getInt(Settings.java:2531)
09-07 16:55:56.639 18575 18607 W System.err: 	at com.vivo.findphone.utils.y.a(FbeUtil.java:2)
09-07 16:55:56.639 18575 18607 W System.err: 	at com.vivo.findphone.utils.x.h(FPSetting.java:1)
09-07 16:55:56.639 18575 18607 W System.err: 	at com.vivo.findphone.utils.d.l(AuthorizeHelper.java:1)
09-07 16:55:56.639 18575 18607 W System.err: 	at com.vivo.findphone.utils.h1.a(SystemIdUtils.java:6)
09-07 16:55:56.639 18575 18607 W System.err: 	at com.vivo.findphone.utils.r$a.getSn(CommonInitHelper.java:1)
09-07 16:55:56.639 18575 18607 W System.err: 	at com.vivo.ic.crashcollector.utils.d.a(CrashCollectorUtil.java:21)
09-07 16:55:56.639 18575 18607 W System.err: 	at com.vivo.ic.crashcollector.c.b.a(HttpRequest.java:110)
09-07 16:55:56.639 18575 18607 W System.err: 	at com.vivo.ic.crashcollector.c.b.a(HttpRequest.java:66)
09-07 16:55:56.639 18575 18607 W System.err: 	at com.vivo.ic.crashcollector.utils.t.c(SendHelper.java:18)
09-07 16:55:56.639 18575 18607 W System.err: 	at com.vivo.ic.crashcollector.utils.t.a(SendHelper.java:34)
09-07 16:55:56.639 18575 18607 W System.err: 	at com.vivo.ic.crashcollector.CrashCollector$a.handleMessage(CrashCollector.java:76)
09-07 16:55:56.639 18575 18607 W System.err: 	at android.os.Handler.dispatchMessage(Handler.java:106)
09-07 16:55:56.639 18575 18607 W System.err: 	at android.os.Looper.loop(Looper.java:224)
09-07 16:55:56.639 18575 18607 W System.err: 	at android.os.HandlerThread.run(HandlerThread.java:65)
09-07 16:55:56.641 18575 18607 W System.err: android.provider.Settings$SettingNotFoundException: isFindPhoneOpened
09-07 16:55:56.641 18575 18607 W System.err: 	at android.provider.Settings$System.getIntForUser(Settings.java:2541)
09-07 16:55:56.641 18575 18607 W System.err: 	at android.provider.Settings$System.getInt(Settings.java:2531)
09-07 16:55:56.641 18575 18607 W System.err: 	at com.vivo.findphone.utils.y.a(FbeUtil.java:2)
09-07 16:55:56.641 18575 18607 W System.err: 	at com.vivo.findphone.utils.x.h(FPSetting.java:1)
09-07 16:55:56.641 18575 18607 W System.err: 	at com.vivo.findphone.utils.d.l(AuthorizeHelper.java:1)
09-07 16:55:56.641 18575 18607 W System.err: 	at com.vivo.findphone.utils.r$b.isUserAllowAccessNet(CommonInitHelper.java:1)
09-07 16:55:56.641 18575 18607 W System.err: 	at com.vivo.ic.crashcollector.c.b.a(HttpRequest.java:124)
09-07 16:55:56.641 18575 18607 W System.err: 	at com.vivo.ic.crashcollector.c.b.a(HttpRequest.java:86)
09-07 16:55:56.641 18575 18607 W System.err: 	at com.vivo.ic.crashcollector.utils.t.c(SendHelper.java:18)
09-07 16:55:56.641 18575 18607 W System.err: 	at com.vivo.ic.crashcollector.utils.t.a(SendHelper.java:34)
09-07 16:55:56.641 18575 18607 W System.err: 	at com.vivo.ic.crashcollector.CrashCollector$a.handleMessage(CrashCollector.java:76)
09-07 16:55:56.641 18575 18607 W System.err: 	at android.os.Handler.dispatchMessage(Handler.java:106)
09-07 16:55:56.641 18575 18607 W System.err: 	at android.os.Looper.loop(Looper.java:224)
09-07 16:55:56.641 18575 18607 W System.err: 	at android.os.HandlerThread.run(HandlerThread.java:65)
09-07 16:55:56.641 18575 18607 W System.err: android.provider.Settings$SettingNotFoundException: isFindPhoneOpened
09-07 16:55:56.642 18575 18607 W System.err: 	at android.provider.Settings$System.getIntForUser(Settings.java:2541)
09-07 16:55:56.642 18575 18607 W System.err: 	at android.provider.Settings$System.getInt(Settings.java:2531)
09-07 16:55:56.642 18575 18607 W System.err: 	at com.vivo.findphone.utils.y.a(FbeUtil.java:2)
09-07 16:55:56.642 18575 18607 W System.err: 	at com.vivo.findphone.utils.x.h(FPSetting.java:1)
09-07 16:55:56.642 18575 18607 W System.err: 	at com.vivo.findphone.utils.d.l(AuthorizeHelper.java:1)
09-07 16:55:56.642 18575 18607 W System.err: 	at com.vivo.findphone.utils.h1.a(SystemIdUtils.java:4)
09-07 16:55:56.642 18575 18607 W System.err: 	at com.vivo.findphone.utils.r$a.getImei(CommonInitHelper.java:1)
09-07 16:55:56.642 18575 18607 W System.err: 	at com.vivo.ic.crashcollector.utils.d.a(CrashCollectorUtil.java:18)
09-07 16:55:56.642 18575 18607 W System.err: 	at com.vivo.ic.crashcollector.c.b.a(HttpRequest.java:110)
09-07 16:55:56.642 18575 18607 W System.err: 	at com.vivo.ic.crashcollector.c.b.a(HttpRequest.java:66)
09-07 16:55:56.642 18575 18607 W System.err: 	at com.vivo.ic.crashcollector.utils.t.c(SendHelper.java:18)
09-07 16:55:56.642 18575 18607 W System.err: 	at com.vivo.ic.crashcollector.utils.t.a(SendHelper.java:34)
09-07 16:55:56.642 18575 18607 W System.err: 	at com.vivo.ic.crashcollector.CrashCollector$a.handleMessage(CrashCollector.java:76)
09-07 16:55:56.642 18575 18607 W System.err: 	at android.os.Handler.dispatchMessage(Handler.java:106)
09-07 16:55:56.642 18575 18607 W System.err: 	at android.os.Looper.loop(Looper.java:224)
09-07 16:55:56.642 18575 18607 W System.err: 	at android.os.HandlerThread.run(HandlerThread.java:65)
09-07 16:55:56.642 18575 18607 W System.err: android.provider.Settings$SettingNotFoundException: isFindPhoneOpened
09-07 16:55:56.642 18575 18607 W System.err: 	at android.provider.Settings$System.getIntForUser(Settings.java:2541)
09-07 16:55:56.642 18575 18607 W System.err: 	at android.provider.Settings$System.getInt(Settings.java:2531)
09-07 16:55:56.642 18575 18607 W System.err: 	at com.vivo.findphone.utils.y.a(FbeUtil.java:2)
09-07 16:55:56.642 18575 18607 W System.err: 	at com.vivo.findphone.utils.x.h(FPSetting.java:1)
09-07 16:55:56.642 18575 18607 W System.err: 	at com.vivo.findphone.utils.d.l(AuthorizeHelper.java:1)
09-07 16:55:56.642 18575 18607 W System.err: 	at com.vivo.findphone.utils.h1.a(SystemIdUtils.java:6)
09-07 16:55:56.642 18575 18607 W System.err: 	at com.vivo.findphone.utils.r$a.getSn(CommonInitHelper.java:1)
09-07 16:55:56.642 18575 18607 W System.err: 	at com.vivo.ic.crashcollector.utils.d.a(CrashCollectorUtil.java:21)
09-07 16:55:56.642 18575 18607 W System.err: 	at com.vivo.ic.crashcollector.c.b.a(HttpRequest.java:110)
09-07 16:55:56.642 18575 18607 W System.err: 	at com.vivo.ic.crashcollector.c.b.a(HttpRequest.java:66)
09-07 16:55:56.642 18575 18607 W System.err: 	at com.vivo.ic.crashcollector.utils.t.c(SendHelper.java:18)
09-07 16:55:56.643 18575 18607 W System.err: 	at com.vivo.ic.crashcollector.utils.t.a(SendHelper.java:34)
09-07 16:55:56.643 18575 18607 W System.err: 	at com.vivo.ic.crashcollector.CrashCollector$a.handleMessage(CrashCollector.java:76)
09-07 16:55:56.643 18575 18607 W System.err: 	at android.os.Handler.dispatchMessage(Handler.java:106)
09-07 16:55:56.643 18575 18607 W System.err: 	at android.os.Looper.loop(Looper.java:224)
09-07 16:55:56.643 18575 18607 W System.err: 	at android.os.HandlerThread.run(HandlerThread.java:65)
09-07 16:55:56.644 18575 18607 W System.err: android.provider.Settings$SettingNotFoundException: isFindPhoneOpened
09-07 16:55:56.644 18575 18607 W System.err: 	at android.provider.Settings$System.getIntForUser(Settings.java:2541)
09-07 16:55:56.644 18575 18607 W System.err: 	at android.provider.Settings$System.getInt(Settings.java:2531)
09-07 16:55:56.644 18575 18607 W System.err: 	at com.vivo.findphone.utils.y.a(FbeUtil.java:2)
09-07 16:55:56.644 18575 18607 W System.err: 	at com.vivo.findphone.utils.x.h(FPSetting.java:1)
09-07 16:55:56.644 18575 18607 W System.err: 	at com.vivo.findphone.utils.d.l(AuthorizeHelper.java:1)
09-07 16:55:56.644 18575 18607 W System.err: 	at com.vivo.findphone.utils.r$b.isUserAllowAccessNet(CommonInitHelper.java:1)
09-07 16:55:56.644 18575 18607 W System.err: 	at com.vivo.ic.crashcollector.c.b.a(HttpRequest.java:124)
09-07 16:55:56.644 18575 18607 W System.err: 	at com.vivo.ic.crashcollector.c.b.a(HttpRequest.java:86)
09-07 16:55:56.644 18575 18607 W System.err: 	at com.vivo.ic.crashcollector.utils.t.c(SendHelper.java:18)
09-07 16:55:56.644 18575 18607 W System.err: 	at com.vivo.ic.crashcollector.utils.t.a(SendHelper.java:34)
