09-07 16:55:40.250 18625 18679 D SentryLog: [pool-4-thread-1] Processing 0 items from cache dir /data/user/0/cn.missevan/cache/sentry
09-07 16:55:40.252 18625 18679 D SentryLog: [pool-4-thread-1] File /data/user/0/cn.missevan/cache/sentry/outbox is not a File.
09-07 16:55:40.253 18625 18679 D SentryLog: [pool-4-thread-1] File /data/user/0/cn.missevan/cache/sentry/.sentry-native is not a File.
09-07 16:55:40.254 18625 18625 D SentryLog: [main] NdkIntegration installed.
09-07 16:55:40.254 18625 18679 D SentryLog: [pool-4-thread-1] Finished processing cached files from /data/user/0/cn.missevan/cache/sentry
09-07 16:55:40.255 18625 18625 D SentryLog: [main] Registering EnvelopeFileObserverIntegration for path: /data/user/0/cn.missevan/cache/sentry/outbox
09-07 16:55:40.258 18625 18625 D SentryLog: [main] EnvelopeFileObserverIntegration installed.
09-07 16:55:40.261 18625 18625 D SentryLog: [main] SendCachedEventFireAndForgetIntegration installed.
09-07 16:55:40.261 18625 18679 D SentryLog: [pool-4-thread-1] Started processing cached files from /data/user/0/cn.missevan/cache/sentry/outbox
09-07 16:55:40.262 18625 18625 D SentryLog: [main] AnrIntegration enabled: true
09-07 16:55:40.266 18625 18625 D SentryLog: [main] ANR timeout in milliseconds: 5000
09-07 16:55:40.269 18625 18625 D SentryLog: [main] AnrIntegration installed.
09-07 16:55:40.269 18625 18679 D SentryLog: [pool-4-thread-1] Processing dir. /data/user/0/cn.missevan/cache/sentry/outbox
09-07 16:55:40.270 18625 18625 D SentryLog: [main] enableSessionTracking enabled: true
09-07 16:55:40.270 18625 18679 D SentryLog: [pool-4-thread-1] Processing 0 items from cache dir /data/user/0/cn.missevan/cache/sentry/outbox
09-07 16:55:40.271 18625 18625 D SentryLog: [main] enableAppLifecycleBreadcrumbs enabled: true
09-07 16:55:40.274 18625 18679 D SentryLog: [pool-4-thread-1] Finished processing cached files from /data/user/0/cn.missevan/cache/sentry/outbox
09-07 16:55:40.281 18625 18635 W System  : A resource failed to call close.
09-07 16:55:40.281 18625 18625 D SentryLog: [main] AppLifecycleIntegration installed.
09-07 16:55:40.282 18625 18625 D SentryLog: [main] ActivityLifecycleIntegration enabled: true
09-07 16:55:40.283 18625 18625 D SentryLog: [main] ActivityLifecycleIntegration installed.
09-07 16:55:40.284 18625 18625 D SentryLog: [main] UserInteractionIntegration enabled: true
09-07 16:55:40.285 18625 18625 D SentryLog: [main] UserInteractionIntegration installed.
09-07 16:55:40.286 18625 18625 D SentryLog: [main] AppComponentsBreadcrumbsIntegration enabled: true
09-07 16:55:40.287 18625 18625 D SentryLog: [main] AppComponentsBreadcrumbsIntegration installed.
09-07 16:55:40.288 18625 18625 D SentryLog: [main] SystemEventsBreadcrumbsIntegration enabled: true
09-07 16:55:40.292 18625 18625 D SentryLog: [main] SystemEventsBreadcrumbsIntegration installed.
09-07 16:55:40.293 18625 18625 D SentryLog: [main] enableSystemEventsBreadcrumbs enabled: true
09-07 16:55:40.301 18625 18625 I SentryLog: [main] TYPE_AMBIENT_TEMPERATURE is not available.
09-07 16:55:40.302 18625 18625 D SentryLog: [main] enableSystemEventBreadcrumbs enabled: true
09-07 16:55:40.304 18625 18625 D SentryLog: [main] FragmentLifecycleIntegration installed.
09-07 16:55:40.363  1710  2176 I chatty  : uid=1000(system) AutobacklightTh identical 10 lines
09-07 16:55:40.449 18625 18625 I webkit_app: [main] x5 prepare to init cn.missevan
09-07 16:55:40.484 18625 18625 W cn.missevan: Accessing hidden method Ldalvik/system/VMRuntime;->getRuntime()Ldalvik/system/VMRuntime; (light greylist, reflection)
09-07 16:55:40.485 18625 18625 W cn.missevan: Accessing hidden method Ldalvik/system/VMRuntime;->is64Bit()Z (light greylist, reflection)
09-07 16:55:40.626 18625 18687 D NAccs.AccsClientConfig:  build config:AccsClientConfig{mAppKey='umeng:546d7dd7fd98c58fc800082c', mAppSecret='64e8358a59d434e5546720db97ab5996', mInappHost='umengacs.m.taobao.com', mChannelHost='umengjmacs.m.taobao.com', mStoreId='', mSecurity=2, mAuthCode='', mInappPubKey=11, mChannelPubKey=11, mKeepalive=true, mAutoUnit=false, mTag='default', mConfigEnv=0, mDisableChannel=false, mQuickReconnect=false, mAccsHeartbeatEnable=false, mPullUpEnable=false, mForePingEnable=false, mPingTimeout=0}
09-07 16:55:40.626 18625 18687 W NAccs.AccsClientConfig:  build conver old config:AccsClientConfig{mAppKey='umeng:546d7dd7fd98c58fc800082c', mAppSecret='64e8358a59d434e5546720db97ab5996', mInappHost='umengacs.m.taobao.com', mChannelHost='umengjmacs.m.taobao.com', mStoreId='', mSecurity=2, mAuthCode='', mInappPubKey=-1, mChannelPubKey=-1, mKeepalive=true, mAutoUnit=true, mTag='default', mConfigEnv=0, mDisableChannel=false, mQuickReconnect=false, mAccsHeartbeatEnable=false, mPullUpEnable=true, mForePingEnable=false, mPingTimeout=0}
09-07 16:55:40.626 18625 18687 D NAccs.ACCSClient:  init config:AccsClientConfig{mAppKey='umeng:546d7dd7fd98c58fc800082c', mAppSecret='64e8358a59d434e5546720db97ab5996', mInappHost='umengacs.m.taobao.com', mChannelHost='umengjmacs.m.taobao.com', mStoreId='', mSecurity=2, mAuthCode='', mInappPubKey=11, mChannelPubKey=11, mKeepalive=true, mAutoUnit=false, mTag='default', mConfigEnv=0, mDisableChannel=false, mQuickReconnect=false, mAccsHeartbeatEnable=false, mPullUpEnable=false, mForePingEnable=false, mPingTimeout=0}
09-07 16:55:40.627 18625 18687 D UPush.Impl: appkey:546d7dd7fd98c58fc800082c secret:64e8358a59d434e5546720db97ab5996
09-07 16:55:40.631 18625 18710 W cn.missevan: Accessing hidden method Landroid/os/Build;->getString(Ljava/lang/String;)Ljava/lang/String; (light greylist, reflection)
09-07 16:55:40.634 18625 18715 I NAccs.TaobaoRegister:  register appKey:umeng:546d7dd7fd98c58fc800082c configTag:default
09-07 16:55:40.635 18625 18715 D NAccs.Config:  setAgooAppKey appkey:umeng:546d7dd7fd98c58fc800082c
09-07 16:55:40.635 18625 18715 D NAccs.Config:  setAgooMessageSecret secret:64e8358a59d434e5546720db97ab5996
09-07 16:55:40.636 18625 18715 D NAccs.ACCSManager:  getAccsInstance key:default|0
09-07 16:55:40.651  1710  2985 D CompatibilityInfo: mCompatibilityFlags - 0
09-07 16:55:40.651  1710  2985 D CompatibilityInfo: applicationDensity - 480
09-07 16:55:40.651  1710  2985 D CompatibilityInfo: applicationScale - 1.0
09-07 16:55:40.654   716  8224 V APM_AudioPolicyManager: AudioPolicyManager:setRecordSilenced(uid:10478, silenced:0)
09-07 16:55:40.654   716  8224 V AudioFlinger: AudioFlinger::setRecordSilenced(uid:10478, silenced:0)
09-07 16:55:40.670 18625 18715 D NAccs.InAppConn_default:  new connection
09-07 16:55:40.675 18625 18715 I NAccs.Utils:  isMainProcess result:true
09-07 16:55:40.676 18625 18715 I NAccs.ACCSMgrImpl_default:  bindApp appKey:umeng:546d7dd7fd98c58fc800082c
09-07 16:55:40.680 18625 18715 D NAccs.UtilityImpl:  enableService comptName:ComponentInfo{cn.missevan/com.taobao.accs.ChannelService}
09-07 16:55:40.681  1710  2985 W PackageManager: setEnabledSetting  packageName:cn.missevan className:com.taobao.accs.ChannelService newState:1 userId:0 callingPackage:null
09-07 16:55:40.692 18625 18715 D NAccs.UtilityImpl:  getEmuiVersion result:
09-07 16:55:40.694 18625 18715 D NAccs.InAppConn_default:  start
09-07 16:55:40.696 18625 18717 D NAccs.FileCheckUtils:  st.getAvailableBlocks()=2219899,st.getAvailableBlocks() * blockSize=9092706304
09-07 16:55:40.707 18625 18625 D NetworkSecurityConfig: Using Network Security Config from resource g debugBuild: true
09-07 16:55:40.708 18625 18715 E awcn.GlobalAppRuntimeInfo:   CurrentProcess:cn.missevan TargetProcess:cn.missevan
09-07 16:55:40.712 18625 18715 E awcn.StrategyCenter:  registerListener listener:[]
09-07 16:55:40.713 18625 18625 W cn.missevan: Accessing hidden method Ldalvik/system/CloseGuard;->get()Ldalvik/system/CloseGuard; (light greylist, reflection)
09-07 16:55:40.714 18625 18625 W cn.missevan: Accessing hidden method Ldalvik/system/CloseGuard;->open(Ljava/lang/String;)V (light greylist, reflection)
09-07 16:55:40.714 18625 18625 W cn.missevan: Accessing hidden method Ldalvik/system/CloseGuard;->warnIfOpen()V (light greylist, reflection)
09-07 16:55:40.716 18625 18715 D awcn.NetworkStatusMonitor:  [checkNetworkStatus]
09-07 16:55:40.717 18625 18715 I awcn.NetworkStatusMonitor:  checkNetworkStatus info.isConnected:true info.isAvailable:true info.getType:1
09-07 16:55:40.726 18625 18715 E awcn.Inet64Util:  startIpStackDetect ip stack:1 detectType:udp_connect
09-07 16:55:40.727 18625 18715 I awcn.NetworkStatusHelper:
09-07 16:55:40.727 18625 18715 I awcn.NetworkStatusHelper: Network detail*******************************
09-07 16:55:40.727 18625 18715 I awcn.NetworkStatusHelper: Status: WIFI
09-07 16:55:40.727 18625 18715 I awcn.NetworkStatusHelper: Subtype: wifi
09-07 16:55:40.727 18625 18715 I awcn.NetworkStatusHelper: BSSID:
09-07 16:55:40.727 18625 18715 I awcn.NetworkStatusHelper: SSID:
09-07 16:55:40.727 18625 18715 I awcn.NetworkStatusHelper: *********************************************
09-07 16:55:40.729 18625 18715 I awcn.ThreadPoolExecutorFactory:  thread created! name:AWCN Scheduler1
09-07 16:55:40.730 18625 18726 E awcn.SessionCenter: |[seq:[default]] onNetworkStatusChanged. networkStatus:WIFI
09-07 16:55:40.732  1710  2985 D ConnectivityService: requestNetwork for uid/pid:10612/18625 NetworkRequest [ TRACK_DEFAULT id=3224, [ Capabilities: INTERNET&NOT_RESTRICTED&TRUSTED Unwanted:  Uid: 10612] ]
09-07 16:55:40.733 18625 18715 I awcn.StrategyCenter:  StrategyCenter initialize started.
09-07 16:55:40.734  1710  2156 D Ethernet: got request NetworkRequest [ TRACK_DEFAULT id=3224, [ Capabilities: INTERNET&NOT_RESTRICTED&TRUSTED Unwanted:  Uid: 10612] ] with score 60
09-07 16:55:40.734 18625 18715 I awcn.StrategySerializeHelper:  StrateyFolder path:/data/user/0/cn.missevan/files/awcn_strategy
09-07 16:55:40.734  1710  2083 D ConnectivityService: isWifiPoorLink:false, nai.everValidated:true, networkType:1, networkDetailedState:CONNECTED, nai.isLingering():false, unneeded(nai, UnneededFor.TEARDOWN):false
09-07 16:55:40.735  1710  2069 D WIFI    : got request NetworkRequest [ TRACK_DEFAULT id=3224, [ Capabilities: INTERNET&NOT_RESTRICTED&TRUSTED Unwanted:  Uid: 10612] ] with score 60
09-07 16:55:40.735  1710  2069 D WIFI_UT : got request NetworkRequest [ TRACK_DEFAULT id=3224, [ Capabilities: INTERNET&NOT_RESTRICTED&TRUSTED Unwanted:  Uid: 10612] ] with score 60
09-07 16:55:40.735  2762  2762 D PhoneSwitcherNetworkRequstListener: got request NetworkRequest [ TRACK_DEFAULT id=3224, [ Capabilities: INTERNET&NOT_RESTRICTED&TRUSTED Unwanted:  Uid: 10612] ] with score 60
09-07 16:55:40.737 18625 18661 I awcn.NetworkStatusMonitor:  network onAvailable
09-07 16:55:40.739 18625 18715 I awcn.StrategyTable:  strategy map size:1
09-07 16:55:40.739 18625 18715 I awcn.StrategyInfoHolder:  restore
09-07 16:55:40.741 18625 18625 W cn.missevan: Accessing hidden field Landroid/app/ActivityThread;->sCurrentActivityThread:Landroid/app/ActivityThread; (light greylist, reflection)
09-07 16:55:40.741 18625 18625 W cn.missevan: Accessing hidden method Landroid/app/ActivityThread;->getApplication()Landroid/app/Application; (light greylist, reflection)
09-07 16:55:40.748 18625 18718 W cn.missevan: Accessing hidden method Ldalvik/system/VMStack;->getCallingClassLoader()Ljava/lang/ClassLoader; (light greylist, linking)
09-07 16:55:40.751 18625 18718 D DexLoader: initTbsSettings - {use_private_classloader=true, use_speedy_classloader=true, use_dexloader_service=true}
09-07 16:55:40.752 18625 18718 D dexloader: Set base classLoader for DexClassLoader: dalvik.system.PathClassLoader[DexPathList[[zip file "/system/framework/org.apache.http.legacy.boot.jar", zip file "/data/app/cn.missevan-8kelM4HJoTWVrdStME8bVQ==/base.apk"],nativeLibraryDirectories=[/data/app/cn.missevan-8kelM4HJoTWVrdStME8bVQ==/lib/arm64, /data/app/cn.missevan-8kelM4HJoTWVrdStME8bVQ==/base.apk!/lib/arm64-v8a, /system/lib64]]]
09-07 16:55:40.752 18625 18718 D dexloader: createDexClassLoader: /data/user/0/cn.missevan/app_tbs_64/core_share/tbs_sdk_extension_dex.jar
09-07 16:55:40.752 18625 18718 D dexloader: sync odex...new DexClassLoader
09-07 16:55:40.752 18625 18625 I Utils   : cn.missevan reflect app success.
09-07 16:55:40.757 18625 18718 I cn.missevan: The ClassLoaderContext is a special shared library.
09-07 16:55:40.760 18625 18718 D dexloader: createDexClassLoader result: dalvik.system.DexClassLoader[DexPathList[[zip file "/data/user/0/cn.missevan/app_tbs_64/core_share/tbs_sdk_extension_dex.jar"],nativeLibraryDirectories=[/data/user/0/cn.missevan/app_tbs_64/core_share, /system/lib64]]]
09-07 16:55:40.798 18625 18715 I awcn.SerializeHelper:  restore end. file:/data/user/0/cn.missevan/files/awcn_strategy/WIFI$d41d8cd98f00b204e9800998ecf8427e size:4403 cost:57
09-07 16:55:40.799 18625 18715 I awcn.StrategyTable:  strategy map size:2
09-07 16:55:40.809 18625 18715 I awcn.SerializeHelper:  restore end. file:/data/user/0/cn.missevan/files/awcn_strategy/StrategyConfig size:1387 cost:10
09-07 16:55:40.810 18625 18715 I awcn.AmdcThreadPoolExecutor:  thread created! name:AMDC1
09-07 16:55:40.811 18625 18732 I awcn.StrategyInfoHolder:  start loading strategy files
09-07 16:55:40.812 18625 18715 I awcn.StrategyTable:  strategy map size:2
09-07 16:55:40.812 18625 18732 I awcn.StrategyInfoHolder:  end loading strategy files total cost:0
09-07 16:55:40.812 18625 18715 I awcn.StrategyCenter:  StrategyCenter initialize finished.
09-07 16:55:40.820 18625 18718 I crash_recorder: JNI_OnLoad at vm:0x7e4c4e61c0, @arm64
09-07 16:55:40.820 18625 18718 I crash_recorder: starting registerNativeSignalAction...
09-07 16:55:40.823 18625 18715 I awcn.NetworkDetector:  registerListener
09-07 16:55:40.824 18625 18715 E awcn.StrategyCenter:  registerListener listener:[anet.channel.SessionCenter$a@24d592b]
09-07 16:55:40.825 18625 18715 E awcn.Http3ConnDetector:  registerListener http3Enable:false
09-07 16:55:40.825 18625 18715 I awcn.Http3ConnDetector:  startDetect http3 global config close.
09-07 16:55:40.825 18625 18715 E awcn.StrategyCenter:  registerListener listener:[anet.channel.SessionCenter$a@24d592b, anet.channel.detect.e@e5c4188]
09-07 16:55:40.826 18625 18715 E awcn.StrategyCenter:  registerListener listener:[anet.channel.SessionCenter$a@24d592b, anet.channel.detect.e@e5c4188, anet.channel.e.c@f2ec746]
09-07 16:55:40.826 18625 18715 I NAccs.InAppConn_default:  init awcn register new conn protocol host: umengacs.m.taobao.com
09-07 16:55:40.829 18625 18715 D awcn.StrategyCenter:  getSchemeByHost host:umengacs.m.taobao.com scheme:https
09-07 16:55:40.830 18625 18715 D awcn.SessionCenter: |[seq:umeng:546d7dd7fd98c58fc800082c] getInternal u:https://umengacs.m.taobao.com sessionType:LongLink timeout:0
09-07 16:55:40.830 18625 18715 I awcn.HttpDispatcher:  sendAmdcRequest hosts:[amdcopen.m.taobao.com, umengacs.m.taobao.com]
09-07 16:55:40.831 18625 18715 I awcn.AmdcThreadPoolExecutor:  merge amdc request delay:4979
09-07 16:55:40.831 18625 18715 I awcn.AmdcThreadPoolExecutor:  thread created! name:AMDC2
09-07 16:55:40.832 18625 18715 D awcn.StrategyCenter:  getSchemeByHost host:umengacs.m.taobao.com scheme:https
09-07 16:55:40.834 18625 18715 D awcn.SessionRequest: |[seq:umeng:546d7dd7fd98c58fc800082c.AWCN1] SessionRequest start host:https://umengacs.m.taobao.com type:1
09-07 16:55:40.836 18625 18715 D getConnStrategyListByHost: |[seq:host] umengacs.m.taobao.com:result [{203.119.215.109 443 http2_0rtt_acs}, {203.119.216.51 443 http2_0rtt_acs}, {203.119.215.109 80 http2_0rtt_acs}, {203.119.216.51 80 http2_0rtt_acs}, {203.119.215.109 443 spdy_0rtt_acs}, {203.119.216.51 443 spdy_0rtt_acs}, {203.119.215.109 80 spdy_0rtt_acs}, {203.119.216.51 80 spdy_0rtt_acs}, {203.119.215.109 443 https}, {203.119.216.51 443 https}]
09-07 16:55:40.837 18625 18715 D awcn.SessionRequest: |[seq:umeng:546d7dd7fd98c58fc800082c.AWCN1] [getAvailStrategy] strategies:[{203.119.215.109 443 http2_0rtt_acs}, {203.119.216.51 443 http2_0rtt_acs}, {203.119.215.109 80 http2_0rtt_acs}, {203.119.216.51 80 http2_0rtt_acs}, {203.119.215.109 443 spdy_0rtt_acs}, {203.119.216.51 443 spdy_0rtt_acs}, {203.119.215.109 80 spdy_0rtt_acs}, {203.119.216.51 80 spdy_0rtt_acs}]
09-07 16:55:40.843 18625 18715 I awcn.SessionRequest: |[seq:umeng:546d7dd7fd98c58fc800082c.AWCN1_1] create connection... Host:https://umengacs.m.taobao.com Type:http2_0rtt_acs IP:203.119.215.109 Port:443 heartbeat:45000 session:Session@[umeng:546d7dd7fd98c58fc800082c.AWCN1_1|http2_0rtt_acs]
09-07 16:55:40.844 18625 18715 E awcn.TnetSpdySession: |[seq:umeng:546d7dd7fd98c58fc800082c.AWCN1_1] connect host:https://umengacs.m.taobao.com ip:203.119.215.109 port:443 sessionId:1662540940844 SpdyProtocol,:http2_0rtt_acs proxyIp,: proxyPort,:0
09-07 16:55:40.846 18625 18718 D DexLoader: initTbsSettings - {use_private_classloader=true, use_speedy_classloader=true, use_dexloader_service=true}
09-07 16:55:40.847 18625 18718 D dexloader: Set base classLoader for DexClassLoader: dalvik.system.PathClassLoader[DexPathList[[zip file "/system/framework/org.apache.http.legacy.boot.jar", zip file "/data/app/cn.missevan-8kelM4HJoTWVrdStME8bVQ==/base.apk"],nativeLibraryDirectories=[/data/app/cn.missevan-8kelM4HJoTWVrdStME8bVQ==/lib/arm64, /data/app/cn.missevan-8kelM4HJoTWVrdStME8bVQ==/base.apk!/lib/arm64-v8a, /system/lib64]]]
09-07 16:55:40.847 18625 18718 D dexloader: createDexClassLoader: /data/user/0/cn.missevan/app_tbs_64/core_share/apache_dex.jar
09-07 16:55:40.847 18625 18718 D dexloader: sync odex...new DexClassLoader
09-07 16:55:40.850 18625 18715 E awcn.Session: |[seq:umeng:546d7dd7fd98c58fc800082c.AWCN1_1] notifyStatus status:CONNECTING
09-07 16:55:40.851 18625 18715 I NAccs.InAppConn_default:  registerSessionInfo host:umengacs.m.taobao.com
09-07 16:55:40.851 18625 18715 I NAccs.InAppConn_default:  initAwcn success!
09-07 16:55:40.851 18625 18715 D NAccs.InAppConn_default:  new ClientManager configTag:default
09-07 16:55:40.853 18625 18718 I cn.missevan: The ClassLoaderContext is a special shared library.
09-07 16:55:40.855 18625 18718 D dexloader: createDexClassLoader result: dalvik.system.DexClassLoader[DexPathList[[zip file "/data/user/0/cn.missevan/app_tbs_64/core_share/apache_dex.jar"],nativeLibraryDirectories=[/data/user/0/cn.missevan/app_tbs_64/core_share, /data/user/0/cn.missevan/app_tbs_64/share/plugins/com.tencent.qb.plugin.videodecode, /system/lib64]]]
09-07 16:55:40.855 18625 18718 D dexloader: createDexClassLoader: /data/user/0/cn.missevan/app_tbs_64/core_share/tbs_jars_fusion_dex.jar
09-07 16:55:40.855 18625 18718 W cn.missevan: Unsupported class loader
09-07 16:55:40.856 18625 18715 I NAccs.ClientManager_default:  restoreClients success mBindStatus:{cn.missevan=2}
09-07 16:55:40.856 18625 18715 I NAccs.ClientManager_default:  isAppBinded appStatus:2 mBindStatus:{cn.missevan=2}
09-07 16:55:40.856 18625 18715 I NAccs.ACCSMgrImpl_default:  isAppBinded package:cn.missevan
09-07 16:55:40.856 18625 18715 D NAccs.MsgRecv_default:  onResult command:1 erorcode:200
09-07 16:55:40.859 18625 18715 E NAccs.MsgDistribute:  distribute ready action:com.taobao.accs.intent.action.RECEIVE dataId: serviceId:
09-07 16:55:40.861 18625 18718 W cn.missevan: Skipping duplicate class check due to unsupported classloader
09-07 16:55:40.861 18625 18715 D NAccs.MsgDistribute:  distribute start appkey:umeng:546d7dd7fd98c58fc800082c config:default
09-07 16:55:40.862 18625 18715 D NAccs.MsgDistribute:  handleControlMsg configTag:default dataId: serviceId: command:1 errorCode:200 appReceiver:
09-07 16:55:40.862 18625 18715 D NAccs.Config:  getAgooAppKey appkey:umeng:546d7dd7fd98c58fc800082c
09-07 16:55:40.862 18625 18715 D NAccs.MsgDistribute:  handleControlMsg agoo receiver onBindApp
09-07 16:55:40.862 18625 18715 I NAccs.TaobaoRegister:  onBindApp errorCode:200
09-07 16:55:40.863 18625 18718 D dexloader: createDexClassLoader result: com.tencent.smtt.export.external.DexLoader$TbsCorePrivateClassLoader[DexPathList[[zip file "/data/user/0/cn.missevan/app_tbs_64/core_share/tbs_jars_fusion_dex.jar"],nativeLibraryDirectories=[/data/user/0/cn.missevan/app_tbs_64/core_share, /data/user/0/cn.missevan/app_tbs_64/share/plugins/com.tencent.qb.plugin.videodecode, /system/lib64]]]
09-07 16:55:40.866 18625 18715 I NAccs.AgooBindCache:  restoreAgooClients mAgooBindStatus:{cn.missevan=2}
09-07 16:55:40.866 18625 18715 I NAccs.AgooBindCache:  isAgooRegistered packageName:cn.missevan appStatus:2 agooBindStatus:{cn.missevan=2}
09-07 16:55:40.868 18625 18718 D DexLoader: WebCoreClassLoader - loadClass(com.tencent.tbs.tbsshell.TBSShell,false)...
09-07 16:55:40.878 18625 18715 I NAccs.TaobaoRegister:  agoo already Registered return
09-07 16:55:40.879 18625 18715 I NAccs.Config:  getDeviceToken token:AsW6hOOy22KJLf-ncGHDmVI4cndJlqhPXVeMFEiiaiip
09-07 16:55:40.879 18625 18715 I UPush.Impl: register success. deviceToken:AsW6hOOy22KJLf-ncGHDmVI4cndJlqhPXVeMFEiiaiip
09-07 16:55:40.881 18625 18715 I UPush.BaseService: enqueue cls:UmengMessageHandlerService
09-07 16:55:40.881 18625 18715 I UPush.BaseService: jobId:21000
09-07 16:55:40.883 18625 18718 D DexLoader: WebCoreClassLoader - loadClass(com.tencent.tbs.tbsshell.b,false)...
09-07 16:55:40.884 18625 18718 D DexLoader: WebCoreClassLoader - loadClass(com.tencent.tbs.tbsshell.a,false)...
09-07 16:55:40.884 18625 18718 D DexLoader: WebCoreClassLoader - loadClass(com.tencent.smtt.export.external.DexLoader,false)...
09-07 16:55:40.885 18625 18718 D DexLoader: WebCoreClassLoader - loadClass(com.tencent.tbs.tbsshell.common.h,false)...
09-07 16:55:40.885  1710  2985 D CompatibilityInfo: mCompatibilityFlags - 0
09-07 16:55:40.885  1710  2985 D CompatibilityInfo: applicationDensity - 480
09-07 16:55:40.885  1710  2985 D CompatibilityInfo: applicationScale - 1.0
09-07 16:55:40.886 18625 18715 E NAccs.MsgDistribute:  handBroadCastMsg command:1
09-07 16:55:40.886 18625 18715 W NAccs.MsgDistribute:  handBroadCastMsg not handled command
09-07 16:55:40.888 18625 18718 D DexLoader: WebCoreClassLoader - loadClass(com.tencent.tbs.common.task.IQProxyCheckCallBack,false)...
09-07 16:55:40.888 18625 18718 D DexLoader: WebCoreClassLoader - loadClass(com.tencent.tbs.tbsshell.common.c,false)...
09-07 16:55:40.890 18625 18718 D DexLoader: WebCoreClassLoader - loadClass(com.tencent.smtt.webkit.p,false)...
09-07 16:55:40.891 18625 18718 D DexLoader: WebCoreClassLoader - loadClass(com.tencent.tbs.bridge.a,false)...
09-07 16:55:40.891 18625 18718 D DexLoader: WebCoreClassLoader - loadClass(com.tencent.tbs.bridge.WebCoreBridge,false)...
09-07 16:55:40.891 18625 18718 D DexLoader: WebCoreClassLoader - loadClass(com.tencent.tbs.core.Preprocessor,false)...
09-07 16:55:40.891 18625 18718 D DexLoader: WebCoreClassLoader - loadClass(com.tencent.tbs.common.beacon.X5CoreBeaconUploader,false)...
09-07 16:55:40.891 18625 18718 D DexLoader: WebCoreClassLoader - loadClass(com.tencent.tbs.common.baseinfo.SensitiveApiHolder,false)...
09-07 16:55:40.898 18625 18725 E awcn.Session: |[seq:umeng:546d7dd7fd98c58fc800082c.AWCN1_1] notifyStatus status:CONNECTED
09-07 16:55:40.899 18625 18725 E NAccs.InAppConn_default:  auth URL:https://umengacs.m.taobao.com/accs/auth?1=Yxb4jenW6G8DAAMnawpgwtMM&2=2d3350db2a0721d3256994f9db4c3489eaf3cf26598dc122a583a1dbc724421e&3=umeng:546d7dd7fd98c58fc800082c&5=1&6=wifi&7=null&8=1.1.2&9=1662540940828&10=1&11=28&12=cn.missevan&13=5.7.3&14=android@umeng&15=vivo+X21A&16=vivo&17=221&19=0&20=
09-07 16:55:40.902 18625 18718 D DexLoader: WebCoreClassLoader - loadClass(com.tencent.tbs.core.Preprocessor$1,false)...
09-07 16:55:40.902 18625 18718 D DexLoader: WebCoreClassLoader - loadClass(com.tencent.common.threadpool.BrowserExecutorSupplier$BackgroundRunable,false)...
09-07 16:55:40.902 18625 18718 D DexLoader: WebCoreClassLoader - loadClass(com.tencent.common.threadpool.BrowserExecutorSupplier,false)...
09-07 16:55:40.903 18625 18718 D DexLoader: WebCoreClassLoader - loadClass(com.tencent.common.threadpool.BrowserExecutorSupplier$b,false)...
09-07 16:55:40.903 18625 18718 D DexLoader: WebCoreClassLoader - loadClass(com.tencent.common.threadpool.QBThreadPoolExecutor,false)...
09-07 16:55:40.903 18625 18718 D DexLoader: WebCoreClassLoader - loadClass(com.tencent.common.threadpool.MyThreadPoolExecutor,false)...
09-07 16:55:40.903 18625 18725 I awcn.TnetSpdySession:   request URL:https://umengacs.m.taobao.com/accs/auth?1=Yxb4jenW6G8DAAMnawpgwtMM&2=2d3350db2a0721d3256994f9db4c3489eaf3cf26598dc122a583a1dbc724421e&3=umeng:546d7dd7fd98c58fc800082c&5=1&6=wifi&7=null&8=1.1.2&9=1662540940828&10=1&11=28&12=cn.missevan&13=5.7.3&14=android@umeng&15=vivo+X21A&16=vivo&17=221&19=0&20=
09-07 16:55:40.903 18625 18725 I awcn.TnetSpdySession:   request Method:GET
09-07 16:55:40.903 18625 18725 I awcn.TnetSpdySession:   request headers:{}
09-07 16:55:40.904 18625 18718 D DexLoader: WebCoreClassLoader - loadClass(com.tencent.common.threadpool.MyThreadPoolExecutor$AbortPolicy,false)...
09-07 16:55:40.904 18625 18718 D DexLoader: WebCoreClassLoader - loadClass(com.tencent.common.threadpool.MyRejectedExecutionHandler,false)...
09-07 16:55:40.904 18625 18718 D DexLoader: WebCoreClassLoader - loadClass(com.tencent.common.threadpool.QBThreadFactory,false)...
09-07 16:55:40.905 18625 18718 D DexLoader: WebCoreClassLoader - loadClass(com.tencent.common.threadpool.a,false)...
09-07 16:55:40.905 18625 18718 D DexLoader: WebCoreClassLoader - loadClass(com.tencent.common.threadpool.data.ITaskInfo,false)...
09-07 16:55:40.905 18625 18718 D DexLoader: WebCoreClassLoader - loadClass(com.tencent.common.threadpool.MyThreadPoolExecutor$a,false)...
09-07 16:55:40.906 18625 18718 D DexLoader: WebCoreClassLoader - loadClass(com.tencent.common.threadpool.debug.ThreadPoolSnapshot,false)...
09-07 16:55:40.906 18625 18718 D DexLoader: WebCoreClassLoader - loadClass(com.tencent.common.threadpool.debug.ThreadPoolSnapshot$c,false)...
09-07 16:55:40.906 18625 18718 D DexLoader: WebCoreClassLoader - loadClass(com.tencent.common.threadpool.debug.ThreadPoolSnapshot$1,false)...
09-07 16:55:40.906 18625 18718 D DexLoader: WebCoreClassLoader - loadClass(com.tencent.common.threadpool.QBThreadFactory$1,false)...
09-07 16:55:40.906 18625 18725 D awcn.TnetSpdySession:   streamId:1
09-07 16:55:40.906 18625 18725 E awcn.TnetSpdySession: |[seq:umeng:546d7dd7fd98c58fc800082c.AWCN1_1] spdySessionConnectCB connect connectTime:49 sslTime:1
09-07 16:55:40.907 18625 18718 D DexLoader: WebCoreClassLoader - loadClass(com.tencent.tbs.core.Preprocessor$2,false)...
09-07 16:55:40.907 18625 18743 D DexLoader: WebCoreClassLoader - loadClass(com.tencent.common.threadpool.debug.QBThreadTimeoutWatcher,false)...
09-07 16:55:40.907 18625 18718 D DexLoader: WebCoreClassLoader - loadClass(com.tencent.basesupport.PackageInfo$PackageInfoProvider,false)...
09-07 16:55:40.907 18625 18743 D DexLoader: WebCoreClassLoader - loadClass(com.tencent.common.utils.ICostTimeLite,false)...
09-07 16:55:40.908 18625 18718 D DexLoader: WebCoreClassLoader - loadClass(com.tencent.tbs.tbsshell.a$6,false)...
09-07 16:55:40.908 18625 18718 D DexLoader: WebCoreClassLoader - loadClass(com.tencent.basesupport.ModuleProxy,false)...
09-07 16:55:40.908 18625 18718 D DexLoader: WebCoreClassLoader - loadClass(com.tencent.basesupport.PackageInfo,false)...
09-07 16:55:40.908 18625 18718 D DexLoader: WebCoreClassLoader - loadClass(com.tencent.basesupport.PackageInfo$a,false)...
09-07 16:55:40.908 18625 18718 D DexLoader: WebCoreClassLoader - loadClass(com.tencent.tbs.tbsshell.common.i,false)...
09-07 16:55:40.908 18625 18718 D DexLoader: WebCoreClassLoader - loadClass(com.tencent.tbs.logger.TBSLogger,false)...
09-07 16:55:40.909 18625 18718 D DexLoader: WebCoreClassLoader - loadClass(com.tencent.smtt.utils.TbsLog,false)...
09-07 16:55:40.913 18625 18718 D DexLoader: WebCoreClassLoader - loadClass(com.tencent.tbs.logging.LoggingConfig$Builder,false)...
09-07 16:55:40.913 18625 18718 D DexLoader: WebCoreClassLoader - loadClass(com.tencent.tbs.logging.LoggingConfig,false)...
09-07 16:55:40.914 18625 18718 D DexLoader: WebCoreClassLoader - loadClass(com.tencent.tbs.logging.CommonUtils,false)...
09-07 16:55:40.915 18625 18718 D DexLoader: WebCoreClassLoader - loadClass(com.tencent.tbs.tbsshell.a$2,false)...
09-07 16:55:40.915 18625 18718 D DexLoader: WebCoreClassLoader - loadClass(com.tencent.tbs.logging.ProtocolStatusListener,false)...
09-07 16:55:40.915 18625 18718 D DexLoader: WebCoreClassLoader - loadClass(com.tencent.tbs.logging.Logging,false)...
09-07 16:55:40.915 18625 18718 D DexLoader: WebCoreClassLoader - loadClass(com.tencent.tbs.logging.LoggingManager,false)...
09-07 16:55:40.916 18625 18718 D DexLoader: WebCoreClassLoader - loadClass(com.tencent.tbs.logging.LoggingThread,false)...
09-07 16:55:40.917 18625 18625 D LeakCanary: Updated LeakCanary.config: Config(iIZ=cn.missevan.utils.MemoryLeakReporter@873c3fc)
09-07 16:55:40.917 18625 18718 D DexLoader: WebCoreClassLoader - loadClass(com.tencent.tbs.common.utils.SDKMttTraceEvent,false)...
09-07 16:55:40.917 18625 18745 D DexLoader: WebCoreClassLoader - loadClass(com.tencent.tbs.logging.LoggingModel,false)...
09-07 16:55:40.917 18625 18718 D DexLoader: WebCoreClassLoader - loadClass(com.tencent.tbs.common.baseinfo.TbsBaseModuleShell,false)...
09-07 16:55:40.917 18625 18718 D DexLoader: WebCoreClassLoader - loadClass(com.tencent.mtt.ContextHolder,false)...
09-07 16:55:40.919 18625 18718 D DexLoader: WebCoreClassLoader - loadClass(com.tencent.tbs.common.utils.TbsInfoUtils,false)...
09-07 16:55:40.919 18625 18718 D DexLoader: WebCoreClassLoader - loadClass(com.tencent.tbs.tbsshell.a$1,false)...
09-07 16:55:40.919 18625 18718 D DexLoader: WebCoreClassLoader - loadClass(com.tencent.tbs.common.baseinfo.ICoreInfoFetcher,false)...
09-07 16:55:40.919 18625 18718 D DexLoader: WebCoreClassLoader - loadClass(com.tencent.common.utils.IntentUtils,false)...
09-07 16:55:40.920 18625 18718 D DexLoader: WebCoreClassLoader - loadClass(com.tencent.tbs.thirdparty.ThirdPartyInfoHolder$a,false)...
09-07 16:55:40.920 18625 18718 D DexLoader: WebCoreClassLoader - loadClass(com.tencent.tbs.common.settings.PublicSettingManager,false)...
09-07 16:55:40.920 18625 18743 D DexLoader: WebCoreClassLoader - loadClass(com.tencent.common.manifest.AppManifest,false)...
09-07 16:55:40.921 18625 18743 D DexLoader: WebCoreClassLoader - loadClass(com.tencent.common.manifest.DefaultLoader,false)...
09-07 16:55:40.921 18625 18743 D DexLoader: WebCoreClassLoader - loadClass(com.tencent.common.manifest.IModuleLoader,false)...
09-07 16:55:40.921 18625 18743 D DexLoader: WebCoreClassLoader - loadClass(com.tencent.common.manifest.Implementation,false)...
09-07 16:55:40.921 18625 18744 D DexLoader: WebCoreClassLoader - loadClass(com.tencent.common.manifest.Implementation,false)...
09-07 16:55:40.921 18625 18743 D DexLoader: WebCoreClassLoader - loadClass(com.tencent.common.manifest.IPreLoadable,false)...
09-07 16:55:40.922 18625 18743 D DexLoader: WebCoreClassLoader - loadClass(com.tencent.tbs.core.Preprocessor$a,false)...
09-07 16:55:40.922 18625 18743 D DexLoader: WebCoreClassLoader - loadClass(org.chromium.tencent.SharedResource,false)...
09-07 16:55:40.923 18625 18743 E Preprocessor: ***ATTENTION*** Preprocessor preloadClasses failed: org.chromium.tencent.SharedResource
09-07 16:55:40.923 18625 18743 D DexLoader: WebCoreClassLoader - loadClass(com.tencent.smtt.webkit.SmttResource,false)...
09-07 16:55:40.923 18625 18718 D DexLoader: WebCoreClassLoader - loadClass(com.tencent.tbs.common.settings.PublicSettingManager$a,false)...
09-07 16:55:40.923 18625 18718 D DexLoader: WebCoreClassLoader - loadClass(com.tencent.tbs.common.settings.SafetySharedPreference,false)...
09-07 16:55:40.924 18625 18743 D DexLoader: WebCoreClassLoader - loadClass(com.tencent.smtt.webkit.f,false)...
09-07 16:55:40.924 18625 18743 D DexLoader: WebCoreClassLoader - loadClass(com.tencent.smtt.webkit.g,false)...
09-07 16:55:40.925 18625 18744 D DexLoader: WebCoreClassLoader - loadClass(org.chromium.android_webview.h,false)...
09-07 16:55:40.926 18625 18743 D DexLoader: WebCoreClassLoader - loadClass(com.tencent.smtt.webkit.WebSettingsExtension,false)...
09-07 16:55:40.926 18625 18743 D DexLoader: WebCoreClassLoader - loadClass(com.tencent.smtt.export.external.extension.interfaces.IX5WebSettingsExtension,false)...
09-07 16:55:40.929 18625 18744 D DexLoader: WebCoreClassLoader - loadClass(com.tencent.tbs.core.webkit.tencent.TencentWebViewProxy,false)...
09-07 16:55:40.930 18625 18743 D DexLoader: WebCoreClassLoader - loadClass(com.tencent.smtt.export.external.interfaces.IX5WebViewBase,false)...
09-07 16:55:40.931 18625 18743 D DexLoader: WebCoreClassLoader - loadClass(com.tencent.tbs.core.webkit.ao,false)...
09-07 16:55:40.931 18625 18743 D DexLoader: WebCoreClassLoader - loadClass(com.tencent.tbs.core.webkit.ap,false)...
09-07 16:55:40.932 18625 18625 D PlayApplication: [main] PlayApplication onCreate.
09-07 16:55:40.932 18625 18744 D DexLoader: WebCoreClassLoader - loadClass(org.chromium.android_webview.gfx.a$a,false)...
09-07 16:55:40.932 18625 18744 D DexLoader: WebCoreClassLoader - loadClass(com.tencent.tbs.core.webkit.tencent.TencentWebViewProxy$InnerWebView,false)...
09-07 16:55:40.932 18625 18744 D DexLoader: WebCoreClassLoader - loadClass(com.tencent.tbs.core.webkit.WebView,false)...
09-07 16:55:40.932 18625 18744 D DexLoader: WebCoreClassLoader - loadClass(com.tencent.tbs.core.webkit.AbsoluteLayout,false)...
09-07 16:55:40.933 18625 18744 D DexLoader: WebCoreClassLoader - loadClass(com.tencent.tbs.core.webkit.ab$b,false)...
09-07 16:55:40.936 18625 18744 D DexLoader: WebCoreClassLoader - loadClass(com.tencent.smtt.b.a,false)...
09-07 16:55:40.937 18625 18744 D DexLoader: WebCoreClassLoader - loadClass(com.tencent.smtt.util.l,false)...
09-07 16:55:40.937 18625 18718 D DexLoader: WebCoreClassLoader - loadClass(com.tencent.tbs.thirdparty.ThirdPartyInfoHolder,false)...
09-07 16:55:40.937 18625 18743 D DexLoader: WebCoreClassLoader - loadClass(com.tencent.smtt.webkit.f$1,false)...
09-07 16:55:40.938 18625 18743 D DexLoader: WebCoreClassLoader - loadClass(org.chromium.base.ThreadUtils,false)...
09-07 16:55:40.938 18625 18744 D DexLoader: WebCoreClassLoader - loadClass(org.chromium.android_webview.h$b,false)...
09-07 16:55:40.938 18625 18743 D DexLoader: WebCoreClassLoader - loadClass(org.chromium.base.l,false)...
09-07 16:55:40.938 18625 18718 D DexLoader: WebCoreClassLoader - loadClass(com.tencent.tbs.common.wup.TbsWupClientProxy,false)...
09-07 16:55:40.938 18625 18718 D DexLoader: WebCoreClassLoader - loadClass(com.tencent.common.wup.interfaces.IWUPClientProxy,false)...
09-07 16:55:40.940 18625 18718 D DexLoader: WebCoreClassLoader - loadClass(com.tencent.common.wup.WUPProxyHolder,false)...
09-07 16:55:40.940 18625 18718 D DexLoader: WebCoreClassLoader - loadClass(com.tencent.tbs.tbsshell.partner.e,false)...
09-07 16:55:40.940 18625 18744 D DexLoader: WebCoreClassLoader - loadClass(com.tencent.tbs.core.webkit.al,false)...
09-07 16:55:40.941 18625 18718 D DexLoader: WebCoreClassLoader - loadClass(com.tencent.mtt.AppInfoHolder$IAppInfoProvider,false)...
09-07 16:55:40.941 18625 18718 D DexLoader: WebCoreClassLoader - loadClass(com.tencent.mtt.AppInfoHolder,false)...
09-07 16:55:40.941 18625 18718 D DexLoader: WebCoreClassLoader - loadClass(com.tencent.tbs.logging.Log,false)...
09-07 16:55:40.941 18625 18718 D DexLoader: WebCoreClassLoader - loadClass(com.tencent.tbs.logging.LoggingModel$Action,false)...
09-07 16:55:40.941 18625 18718 D DexLoader: WebCoreClassLoader - loadClass(com.tencent.tbs.logging.WriteAction,false)...
09-07 16:55:40.941 18625 18744 D DexLoader: WebCoreClassLoader - loadClass(com.tencent.smtt.export.external.interfaces.WebResourceRequest,false)...
09-07 16:55:40.941 18625 18718 D DexLoader: WebCoreClassLoader - loadClass(com.tencent.tbs.common.config.Configuration,false)...
09-07 16:55:40.941 18625 18745 D DexLoader: WebCoreClassLoader - loadClass(com.tencent.tbs.logging.ProtocolManager,false)...
09-07 16:55:40.942 18625 18745 D DexLoader: WebCoreClassLoader - loadClass(com.tencent.tbs.logging.ProtocolHandler,false)...
09-07 16:55:40.942 18625 18745 D DexLoader: WebCoreClassLoader - loadClass(com.tencent.tbs.logging.LoggingThread$1,false)...
09-07 16:55:40.942 18625 18745 D DexLoader: WebCoreClassLoader - loadClass(com.tencent.tbs.logging.LoggingProtocol,false)...
09-07 16:55:40.944 18625 18744 D DexLoader: WebCoreClassLoader - loadClass(com.tencent.tbs.core.webkit.ai,false)...
09-07 16:55:40.945 18625 18718 D DexLoader: WebCoreClassLoader - loadClass(com.tencent.tbs.common.resources.TBSResources,false)...
09-07 16:55:40.945 18625 18744 D DexLoader: WebCoreClassLoader - loadClass(com.tencent.smtt.webkit.RenderSmttReportService,false)...
09-07 16:55:40.945 18625 18718 D DexLoader: WebCoreClassLoader - loadClass(com.tencent.common.http.Apn,false)...
09-07 16:55:40.946 18625 18744 D DexLoader: WebCoreClassLoader - loadClass(com.tencent.smtt.util.o,false)...
09-07 16:55:40.946 18625 18718 D DexLoader: WebCoreClassLoader - loadClass(com.tencent.common.http.Apn$ApnProxyInfo,false)...
09-07 16:55:40.947 18625 18718 D DexLoader: WebCoreClassLoader - loadClass(com.tencent.common.http.Apn$ApnInfo,false)...
09-07 16:55:40.947 18625 18745 I common-logging: make_dir > path : /data/user/0/cn.missevan/filescommonCache/tbs/cn.missevan/logging_cache/
09-07 16:55:40.947 18625 18745 I common-logging: make_dir > path : /storage/emulated/0/Android/data/cn.missevan/files/commonlog/tbs/cn.missevan/
09-07 16:55:40.947 18625 18718 D DexLoader: WebCoreClassLoader - loadClass(com.tencent.tbs.tbsshell.a$3,false)...
09-07 16:55:40.947 18625 18744 D DexLoader: WebCoreClassLoader - loadClass(com.tencent.smtt.webkit.service.SmttServiceProxy,false)...
09-07 16:55:40.949 18625 18745 I common-logging: cpu_byteorder > system is a low byteorder
09-07 16:55:40.949 18625 18745 I common-logging: read_mmap_data > path's json length : 37
09-07 16:55:40.949 18625 18745 I common-logging: dir_json {"version":3,"file":"1662480000000"}
09-07 16:55:40.949 18625 18718 D DexLoader: WebCoreClassLoader - loadClass(com.tencent.mtt.external.reader.utils.Apn,false)...
09-07 16:55:40.949 18625 18745 I common-logging: read_mmapdata_tbslog > dir , path and version : /storage/emulated/0/Android/data/cn.missevan/files/commonlog/tbs/cn.missevan/ || 1662480000000 || 3.000000
09-07 16:55:40.949 18625 18745 I common-logging: write_mmap_data > buffer total length 0
09-07 16:55:40.949 18625 18745 I common-logging: log_init > logging init success
09-07 16:55:40.950 18625 18718 D DexLoader: WebCoreClassLoader - loadClass(com.tencent.mtt.external.reader.utils.Apn$ApnProxyInfo,false)...
09-07 16:55:40.952 18625 18725 I awcn.TnetSpdySession:   statusCode:200
09-07 16:55:40.953 18625 18725 I awcn.TnetSpdySession:   response headers:{date=[Wed, 07 Sep 2022 08:55:36 GMT], server=[Tengine/Aserver/3.2.48_20220621115549], content-length=[0], s-accs-retcode=[SUCCESS], :status=[200], x-workerid=[1152922604304807526], x-at=[Yxb4jenW6G8DAAMnawpgwtMMumeng:546d7dd7fd98c58fc800082c1662555336]}
09-07 16:55:40.953 18625 18725 E NAccs.InAppConn_default:  auth httpStatusCode:200
09-07 16:55:40.953 18625 18725 E awcn.Session: |[seq:umeng:546d7dd7fd98c58fc800082c.AWCN1_1] notifyStatus status:AUTH_SUCC
09-07 16:55:40.953  1710  2215 E TaskPersister: File error accessing recents directory (directory doesn't exist?).
09-07 16:55:40.954 18625 18725 D awcn.TnetSpdySession: |[seq:umeng:546d7dd7fd98c58fc800082c.AWCN1_1] ping host:https://umengacs.m.taobao.com thread:spdy-0
09-07 16:55:40.954 18625 18742 D awcn.SessionRequest: |[seq:umeng:546d7dd7fd98c58fc800082c.AWCN1_1] Session:Session@[umeng:546d7dd7fd98c58fc800082c.AWCN1_1|http2_0rtt_acs] EventType:512 Event:
09-07 16:55:40.954 18625 18742 E awcn.SessionRequest:  sendConnectInfoToAccsByService
09-07 16:55:40.954 18625 18718 D DexLoader: WebCoreClassLoader - loadClass(com.tencent.tbs.reader.service.ITbsThreadExecutor,false)...
09-07 16:55:40.954 18625 18718 D DexLoader: WebCoreClassLoader - loadClass(com.tencent.tbs.reader.IRuntimeService,false)...
09-07 16:55:40.954 18625 18743 D DexLoader: WebCoreClassLoader - loadClass(com.tencent.smtt.webkit.service.SmttServiceProxy,false)...
09-07 16:55:40.954 18625 18718 D DexLoader: WebCoreClassLoader - loadClass(com.tencent.tbs.reader.ReaderService,false)...
09-07 16:55:40.954 18625 18744 D DexLoader: WebCoreClassLoader - loadClass(com.tencent.tbs.core.webkit.tencent.TencentWebViewClient,false)...
09-07 16:55:40.954 18625 18749 D DexLoader: WebCoreClassLoader - loadClass(com.tencent.tbs.common.resources.PluginContextWrapper,false)...
09-07 16:55:40.954 18625 18718 D DexLoader: WebCoreClassLoader - loadClass(com.tencent.tbs.reader.ReaderService$SecurityInvocationHandler,false)...
09-07 16:55:40.954 18625 18743 D DexLoader: WebCoreClassLoader - loadClass(com.tencent.smtt.util.u,false)...
09-07 16:55:40.955 18625 18749 D DexLoader: WebCoreClassLoader - loadClass(com.tencent.tbs.common.resources.a,false)...
09-07 16:55:40.955 18625 18743 D DexLoader: WebCoreClassLoader - loadClass(com.tencent.smtt.util.i,false)...
09-07 16:55:40.955 18625 18749 D DexLoader: WebCoreClassLoader - loadClass(com.tencent.tbs.common.resources.LayoutInflaterProxy$InflaterImpl,false)...
09-07 16:55:40.955 18625 18718 D DexLoader: WebCoreClassLoader - loadClass(com.tencent.mtt.external.reader.utils.Apn$1,false)...
09-07 16:55:40.956 18625 18749 D DexLoader: WebCoreClassLoader - loadClass(com.tencent.tbs.common.resources.LayoutInflaterProxy,false)...
09-07 16:55:40.956 18625 18749 D DexLoader: WebCoreClassLoader - loadClass(com.tencent.tbs.common.resources.LayoutInflaterProxy$1,false)...
09-07 16:55:40.956 18625 18749 D DexLoader: WebCoreClassLoader - loadClass(com.tencent.tbs.common.resources.ApkUtil,false)...
09-07 16:55:40.956 18625 18718 D DexLoader: WebCoreClassLoader - loadClass(com.tencent.mtt.external.reader.utils.LogUtils,false)...
09-07 16:55:40.957 18625 18725 D awcn.TnetSpdySession: |[seq:umeng:546d7dd7fd98c58fc800082c.AWCN1_1] https://umengacs.m.taobao.com submit ping ms:0 force:true
09-07 16:55:40.957 18625 18718 D DexLoader: WebCoreClassLoader - loadClass(com.tencent.tbs.common.lbs.LBS,false)...
09-07 16:55:40.957 18625 18718 D DexLoader: WebCoreClassLoader - loadClass(com.tencent.common.plugin.exports.IQBPluginInProc,false)...
09-07 16:55:40.957 18625 18718 D DexLoader: WebCoreClassLoader - loadClass(com.tencent.common.plugin.exports.QBPlugin,false)...
09-07 16:55:40.957 18625 18718 D DexLoader: WebCoreClassLoader - loadClass(com.tencent.common.plugin.impl.QBPluginInterfaceImpl,false)...
09-07 16:55:40.957 18625 18718 D DexLoader: WebCoreClassLoader - loadClass(com.tencent.common.plugin.exports.IQBPluginUtils,false)...
09-07 16:55:40.958 18625 18718 D DexLoader: WebCoreClassLoader - loadClass(com.tencent.common.plugin.impl.h,false)...
09-07 16:55:40.958 18625 18743 D DexLoader: WebCoreClassLoader - loadClass(org.chromium.base.p,false)...
09-07 16:55:40.958 18625 18718 D DexLoader: WebCoreClassLoader - loadClass(com.tencent.common.plugin.impl.QBPluginServiceImpl,false)...
09-07 16:55:40.958 18625 18725 D awcn.TnetSpdySession: |[seq:umeng:546d7dd7fd98c58fc800082c.AWCN1_1] spdyOnStreamResponse authTime:0
09-07 16:55:40.958 18625 18718 D DexLoader: WebCoreClassLoader - loadClass(com.tencent.common.plugin.impl.IQBPluginService$Stub,false)...
09-07 16:55:40.958 18625 18718 D DexLoader: WebCoreClassLoader - loadClass(com.tencent.common.plugin.impl.IQBPluginService,false)...
09-07 16:55:40.958 18625 18744 D DexLoader: WebCoreClassLoader - loadClass(com.tencent.tbs.core.webkit.tencent.d,false)...
09-07 16:55:40.958 18625 18718 D DexLoader: WebCoreClassLoader - loadClass(com.tencent.common.plugin.flowctrl.IMultiFlowCtrlHelper$Callback,false)...
09-07 16:55:40.958 18625 18744 D DexLoader: WebCoreClassLoader - loadClass(com.tencent.tbs.core.webkit.aq,false)...
09-07 16:55:40.958 18625 18718 D DexLoader: WebCoreClassLoader - loadClass(com.tencent.common.wup.IWUPRequestCallBack,false)...
09-07 16:55:40.959 18625 18718 D DexLoader: WebCoreClassLoader - loadClass(com.tencent.mtt.browser.download.engine.DownloadTaskListener,false)...
09-07 16:55:40.959 18625 18725 D NAccs.InAppConn_default:  auth header:{date=Wed, 07 Sep 2022 08:55:36 GMT, server=Tengine/Aserver/3.2.48_20220621115549, content-length=0, s-accs-retcode=SUCCESS, :status=200, x-workerid=1152922604304807526, x-at=Yxb4jenW6G8DAAMnawpgwtMMumeng:546d7dd7fd98c58fc800082c1662555336}
09-07 16:55:40.959 18625 18744 D DexLoader: WebCoreClassLoader - loadClass(com.tencent.smtt.webkit.t,false)...
09-07 16:55:40.959 18625 18744 D DexLoader: WebCoreClassLoader - loadClass(org.chromium.base.TraceEvent,false)...
09-07 16:55:40.960 18625 18725 D awcn.TnetSpdySession:  spdyStreamCloseCallback streamId:1 errorCode:0
09-07 16:55:40.960 18625 18744 D DexLoader: WebCoreClassLoader - loadClass(com.tencent.smtt.b.c,false)...
09-07 16:55:40.960 18625 18744 D DexLoader: WebCoreClassLoader - loadClass(com.tencent.tbs.core.webkit.tencent.TencentURLUtil,false)...
09-07 16:55:40.960 18625 18744 D DexLoader: WebCoreClassLoader - loadClass(com.tencent.tbs.core.webkit.URLUtil,false)...
09-07 16:55:40.960 18625 18718 D DexLoader: WebCoreClassLoader - loadClass(com.tencent.common.plugin.impl.l,false)...
09-07 16:55:40.960 18625 18744 D DexLoader: WebCoreClassLoader - loadClass(com.tencent.smtt.export.external.extension.interfaces.IX5WebViewClientExtension,false)...
09-07 16:55:40.961 18625 18718 D DexLoader: WebCoreClassLoader - loadClass(com.tencent.common.plugin.impl.d,false)...
09-07 16:55:40.961 18625 18718 D DexLoader: WebCoreClassLoader - loadClass(com.tencent.common.plugin.flowctrl.FlowCtrlHelperFactoryImpl,false)...
09-07 16:55:40.961 18625 18718 D DexLoader: WebCoreClassLoader - loadClass(com.tencent.common.plugin.flowctrl.FlowCtrlHelperFactoryImpl$a,false)...
09-07 16:55:40.962 18625 18743 D DexLoader: WebCoreClassLoader - loadClass(com.tencent.smtt.util.g,false)...
09-07 16:55:40.962 18625 18718 D DexLoader: WebCoreClassLoader - loadClass(com.tencent.common.plugin.flowctrl.MultiFlowCtrlHelper,false)...
09-07 16:55:40.962 18625 18744 D DexLoader: WebCoreClassLoader - loadClass(org.chromium.android_webview.h$c,false)...
09-07 16:55:40.962 18625 18718 D DexLoader: WebCoreClassLoader - loadClass(com.tencent.common.plugin.flowctrl.IMultiFlowCtrlHelper,false)...
09-07 16:55:40.963 18625 18744 D DexLoader: WebCoreClassLoader - loadClass(com.tencent.smtt.util.r,false)...
09-07 16:55:40.963 18625 18744 D DexLoader: WebCoreClassLoader - loadClass(com.tencent.smtt.export.external.extension.interfaces.IX5WebChromeClientExtension,false)...
09-07 16:55:40.963 18625 18718 D DexLoader: WebCoreClassLoader - loadClass(com.tencent.common.utils.TbsMode,false)...
09-07 16:55:40.963 18625 18718 D DexLoader: WebCoreClassLoader - loadClass(com.tencent.common.plugin.impl.PluginStatBehavior,false)...
09-07 16:55:40.963 18625 18718 D DexLoader: WebCoreClassLoader - loadClass(com.tencent.common.plugin.external.PluginConfigInfo,false)...
09-07 16:55:40.964  1710  5424 D CompatibilityInfo: mCompatibilityFlags - 0
09-07 16:55:40.964  1710  5424 D CompatibilityInfo: applicationDensity - 480
09-07 16:55:40.964  1710  5424 D CompatibilityInfo: applicationScale - 1.0
09-07 16:55:40.964 18625 18718 D DexLoader: WebCoreClassLoader - loadClass(com.tencent.common.plugin.external.IPluginLocalConfigExt,false)...
09-07 16:55:40.964 18625 18743 D DexLoader: WebCoreClassLoader - loadClass(com.tencent.mtt.AppInfoHolder$AppInfoID,false)...
09-07 16:55:40.964 18625 18743 D DexLoader: WebCoreClassLoader - loadClass(com.tencent.smtt.webkit.ContextHolder,false)...
09-07 16:55:40.964 18625 18718 D DexLoader: WebCoreClassLoader - loadClass(com.tencent.tbs.tbsshell.common.plugin.PluginRelateFuncImpl,false)...
09-07 16:55:40.964 18625 18743 D DexLoader: WebCoreClassLoader - loadClass(com.tencent.smtt.webkit.ui.g,false)...
09-07 16:55:40.964 18625 18718 D DexLoader: WebCoreClassLoader - loadClass(com.tencent.common.plugin.external.IPluginRelateFunc,false)...
09-07 16:55:40.964 18625 18743 D DexLoader: WebCoreClassLoader - loadClass(com.tencent.tbs.tbsshell.common.d,false)...
09-07 16:55:40.965 18625 18718 D DexLoader: WebCoreClassLoader - loadClass(com.tencent.common.plugin.impl.QBPluginServiceImpl$2,false)...
09-07 16:55:40.965 18625 18743 D DexLoader: WebCoreClassLoader - loadClass(com.tencent.tbs.tbsshell.common.e,false)...
09-07 16:55:40.965 18625 18742 E awcn.SessionRequest:  sendConnectInfoToAccsByCallBack
09-07 16:55:40.966 18625 18743 D DexLoader: WebCoreClassLoader - loadClass(com.tencent.common.utils.StringUtils,false)...
09-07 16:55:40.966 18625 18742 D awcn.SessionRequest: |[seq:umeng:546d7dd7fd98c58fc800082c.AWCN1_1] Connect Success session:Session@[umeng:546d7dd7fd98c58fc800082c.AWCN1_1|http2_0rtt_acs] host:https://umengacs.m.taobao.com
09-07 16:55:40.966 18625 18743 D DexLoader: WebCoreClassLoader - loadClass(org.chromium.android_webview.bd,false)...
09-07 16:55:40.967 18625 18742 D awcn.SessionRequest:  Receive session event eventType:512
09-07 16:55:40.967 18625 18742 D awcn.StrategyTable:  [notifyConnEvent] Host:umengacs.m.taobao.com IConnStrategy:{203.119.215.109 443 http2_0rtt_acs} ConnEvent:ConnEvent#Success
09-07 16:55:40.967 18625 18743 D DexLoader: WebCoreClassLoader - loadClass(com.tencent.smtt.export.external.interfaces.WebResourceError,false)...
09-07 16:55:40.967 18625 18726 E NAccs.InAppConn_default:  onConnectionChanged currentHost:https://umengacs.m.taobao.com changeHost:https://umengacs.m.taobao.com state:true
09-07 16:55:40.967 18625 18743 D DexLoader: WebCoreClassLoader - loadClass(com.tencent.smtt.export.external.interfaces.WebResourceResponse,false)...
09-07 16:55:40.968 18625 18743 D DexLoader: WebCoreClassLoader - loadClass(com.tencent.tbs.tbsshell.common.a.a,false)...
09-07 16:55:40.968 18625 18718 D DexLoader: WebCoreClassLoader - loadClass(com.tencent.tbs.tbsshell.a$4,false)...
09-07 16:55:40.968 18625 18718 D DexLoader: WebCoreClassLoader - loadClass(com.tencent.common.plugin.external.IDownloadSpecicalWhiteList,false)...
