09-07 16:55:33.683   686   885 W qti_sensors_hal: processInd: angle direction: [0]: 3.000000 [1]: 30.332903 [2]: 34.843151 [3]: 0.000000 [4]: -0.000000 [5]: 0.000000 ts: 480615497853111
09-07 16:55:33.687  2704  2704 D AIE-Bolts-Task: New thread: BoltsBgPool-thread-2953
09-07 16:55:33.703   686   885 W qti_sensors_hal: processInd: angle direction: [0]: 3.000000 [1]: 30.332903 [2]: 34.843151 [3]: 0.000000 [4]: -0.000000 [5]: 0.000000 ts: 480615517262291
09-07 16:55:33.708  2762  3803 D QtiRilInterface: instance = com.qualcomm.qti.internal.telephony.QtiRilInterface@8b9485f
09-07 16:55:33.709  3397  8594 D QcrilMsgTunnelIfaceManager: needAddWaitTime return false byte = -7
09-07 16:55:33.709  3397  3397 D QcrilMsgTunnelIfaceManager: handleMessage what = 1
09-07 16:55:33.711  2704 18539 D AIE-Bolts-Task: New thread: BoltsBgPool-thread-2954
09-07 16:55:33.712  3397  3397 I QcrilOemhookMsgTunnel: [0]invokeOemRilRequestRaw: serial=2793 length=25
09-07 16:55:33.712  3397  3397 D QcrilOemhookMsgTunnel: 2793 > OEM_HOOK_RAW[514f454d484f4f4bf901080009000000017472756500000000]
09-07 16:55:33.712  3397  3397 D QcrilOemhookMsgTunnel: Calling HIDL oemHookRawRequest
09-07 16:55:33.714  2704 18539 D AIE-Bolts-Task: New thread: BoltsBgPool-thread-2955
09-07 16:55:33.715  3397  3418 I QcrilOemhookMsgTunnel: [0]processOemHookResponse serial no: 2793 error: 0length=12
09-07 16:55:33.715  3397  3418 D QcrilOemhookMsgTunnel: [2793] < OEM_HOOK_RAW [[B@18eaf8c]
09-07 16:55:33.715  3397  3418 D QcrilOemhookMsgTunnel: { id=0 when=-1d14h59m35s514ms what=2 obj=com.qualcomm.qcrilmsgtunnel.QcrilMsgTunnelIfaceManager$MessageRequest@58596d5 target=com.qualcomm.qcrilmsgtunnel.QcrilMsgTunnelIfaceManager$1 }
09-07 16:55:33.715  3397  3397 D QcrilMsgTunnelIfaceManager: handleMessage what = 2
09-07 16:55:33.716  2762  5155 D QtiRilInterface: instance = com.qualcomm.qti.internal.telephony.QtiRilInterface@8b9485f
09-07 16:55:33.716  3397  3409 D QcrilMsgTunnelIfaceManager: needAddWaitTime return false byte = -7
09-07 16:55:33.717  3397  3397 D QcrilMsgTunnelIfaceManager: handleMessage what = 1
09-07 16:55:33.719  3397  3397 I QcrilOemhookMsgTunnel: [1]invokeOemRilRequestRaw: serial=2794 length=25
09-07 16:55:33.719  3397  3397 D QcrilOemhookMsgTunnel: 2794 > OEM_HOOK_RAW[514f454d484f4f4bf901080009000000017472756500000000]
09-07 16:55:33.719  3397  3397 D QcrilOemhookMsgTunnel: Calling HIDL oemHookRawRequest
09-07 16:55:33.722  3397  3418 I QcrilOemhookMsgTunnel: [1]processOemHookResponse serial no: 2794 error: 0length=12
09-07 16:55:33.722  3397  3418 D QcrilOemhookMsgTunnel: [2794] < OEM_HOOK_RAW [[B@b944eea]
09-07 16:55:33.722  3397  3418 D QcrilOemhookMsgTunnel: { id=6784 when=-1d14h59m35s522ms what=2 obj=com.qualcomm.qcrilmsgtunnel.QcrilMsgTunnelIfaceManager$MessageRequest@12d15db target=com.qualcomm.qcrilmsgtunnel.QcrilMsgTunnelIfaceManager$1 }
09-07 16:55:33.722  3397  3397 D QcrilMsgTunnelIfaceManager: handleMessage what = 2
09-07 16:55:33.729   686   686 W qti_sensors_hal: batch handle 41 flags 0 period_ns 200000000 timeout 0
09-07 16:55:33.730   686   686 W qti_sensors_hal: activate: handle is 41, en is 1
09-07 16:55:33.731  2704  3009 D BluetoothAdapter: isLeEnabled(): ON
09-07 16:55:33.734  5354 26699 D BtGatt.GattService: registerScanner() - UUID=d5204e59-6532-45ec-a84f-a35dd3e3d46f
09-07 16:55:33.734   686  2027 W qti_sensors_hal: batch handle 11 flags 0 period_ns 20000000 timeout 0
09-07 16:55:33.735   686  2027 W qti_sensors_hal: activate: handle is 11, en is 1
09-07 16:55:33.735   686  2027 W qti_sensors_hal: enable: handle=11 en 1 magship: 255
09-07 16:55:33.737  1710  1710 V SettingsProvider: Notifying for 0: content://settings/global/ble_scan_low_power_interval_ms
09-07 16:55:33.738   718   718 D SurfaceFlinger: Finished set power mode=2, type=0
09-07 16:55:33.739  1710  2183 D FingerprintWakeHook: Display state changed to ON
09-07 16:55:33.739  1710  2183 D DisplayPowerState: run normal set state end
09-07 16:55:33.740  1710  2183 D DisplayPowerState: run state:ON on:true backlight:0
09-07 16:55:33.740  1710  2183 I DisplayPowerState: mBlockedByFingerprint = 0
09-07 16:55:33.741  1710  2183 E DisplayPowerState: run changed=true mNightPearlManager is null! or state != Display.STATE_OFF
09-07 16:55:33.741  1710  2183 D DisplayPowerState: run normal set state ON brightness:232
09-07 16:55:33.741   686  2027 W qti_sensors_hal: activate: handle is 41, en is 0
09-07 16:55:33.741  1710  2183 W LightsService: setBrightness:232
09-07 16:55:33.744   718   718 I ConfigStore: android::hardware::configstore::V1_0::ISurfaceFlingerConfigs::hasHDRDisplay retrieved: 0
09-07 16:55:33.746  1710  1710 V SettingsProvider: Notifying for 999: content://settings/global/ble_scan_low_power_interval_ms
09-07 16:55:33.746  1710  2183 D FingerprintWakeHook: Display state changed to ON
09-07 16:55:33.747   718   718 I SurfaceFlinger: FPS: 2
09-07 16:55:33.749  1710  2183 D DisplayPowerState: run normal set state end
09-07 16:55:33.753  1710  2183 D DisplayPowerState: run state:ON on:true backlight:232
09-07 16:55:33.753   686  2027 W qti_sensors_hal: batch handle 21 flags 0 period_ns 20000000 timeout 0
09-07 16:55:33.753   686  2027 W qti_sensors_hal: batch:sensor(android.sensor.proximity) handle:21 flags:0x0 period_ns 20000000
09-07 16:55:33.754  2389  2632 D KeyguardViewMediator: notifyScreenTurnedOn
09-07 16:55:33.755  1710  1866 W PowerManagerService: Screen on took 313 ms
09-07 16:55:33.757  5354  5892 I bt_stack: [INFO:gatt_api.cc(949)] GATT_Register62c5d73e-818f-287e-0aa5-38d16cbc6793
09-07 16:55:33.757  5354  5892 I bt_stack: [INFO:gatt_api.cc(969)] allocated gatt_if=5
09-07 16:55:33.758  5354  5676 D BtGatt.GattService: onScannerRegistered() - UUID=d5204e59-6532-45ec-a84f-a35dd3e3d46f, scannerId=5, status=0
09-07 16:55:33.758  2704 10488 D BluetoothLeScanner: onScannerRegistered() - status=0 scannerId=5 mScannerId=0
09-07 16:55:33.766   718  4098 W SurfaceFlinger: Attempting to destroy on removed layer: 292057f VivoDisplayOverlay#0
09-07 16:55:33.767  1710  5423 I FingerprintWakeHook: receive 21
09-07 16:55:33.768  5354 26699 D BluetoothAdapterService: getAdapterService() - returning com.android.bluetooth.btservice.AdapterService@13355b6
09-07 16:55:33.768  4790  4790 D EventBus: No subscribers registered for event class com.iqoo.secure.common.a.d
09-07 16:55:33.768  5354 26699 D BtGatt.GattService: start scan with filters callingPackage: com.vivo.aiengine
09-07 16:55:33.768  4790  4790 D EventBus: No subscribers registered for event class org.greenrobot.eventbus.i
09-07 16:55:33.769   686   830 D qti_sensors_hal: mag accuracy is  3
09-07 16:55:33.773  5354  5779 D BtGatt.ScanManager: handling starting scan
09-07 16:55:33.776  5354  5779 D BtGatt.ScanManager: isAptXLowLatencyModeEnabled: false
09-07 16:55:33.777  1710  1710 V SettingsProvider: Notifying for 0: content://settings/global/ble_scan_low_power_window_ms
09-07 16:55:33.780  2389  2389 D KeyguardUpdateMonitor: handleTimeUpdate
09-07 16:55:33.781  1710  1710 V SettingsProvider: Notifying for 999: content://settings/global/ble_scan_low_power_window_ms
09-07 16:55:33.782  1132  1132 W fingerprint@2.1: type=1400 audit(0.0:61851): avc: denied { read } for name="u:object_r:default_prop:s0" dev="tmpfs" ino=5760 scontext=u:r:hal_fingerprint_goodix:s0 tcontext=u:object_r:default_prop:s0 tclass=file permissive=0
09-07 16:55:33.784   673   673 D vendor.qti.bluetooth@1.0-ibs_handler: SerialClockVote: vote for UART CLK ON
09-07 16:55:33.786   673   673 D vendor.qti.bluetooth@1.0-wake_lock: Acquire wakelock is acquired
09-07 16:55:33.786   673   673 I vendor.qti.bluetooth@1.0-ibs_handler: DeviceWakeUp: Writing IBS_WAKE_IND
09-07 16:55:33.787  1710  1710 V SettingsProvider: Notifying for 0: content://settings/system/screen_brightness
09-07 16:55:33.788  1710  5421 I PackageManager: ### pkg:Package{adac19c com.vivo.safecenter}
09-07 16:55:33.789  1710  1839 D ActivityManager: StartMode packageName = com.vivo.safecenter ,callingPid = -1 ,alwaysRestrict = true ,startMode = 2 ,UidRec:UidRecord{87ff255 u0a15 SVC  idle procs:1 seq(0,0,0)}
09-07 16:55:33.791 32400 32547 D MemoryCeilingMonitor: [handleMemoryCalculate]
09-07 16:55:33.792 32400 32547 D MemoryCeilingMonitor: [calculate] tot: 3136576, max: 268435456, free: 702160, heap: 2434416, per: 0.009068906307220459
09-07 16:55:33.793  2389  2389 D KeyguardViewMediator: handleNotifyScreenTurnedOn
09-07 16:55:33.794   673  5863 I vendor.qti.bluetooth@1.0-ibs_handler: ProcessIbsCmd: Received IBS_WAKE_ACK: 0xFC
09-07 16:55:33.795   673  5863 I vendor.qti.bluetooth@1.0-ibs_handler: ProcessIbsCmd: Received IBS_WAKE_IND: 0xFD
09-07 16:55:33.796   673  5863 I vendor.qti.bluetooth@1.0-ibs_handler: ProcessIbsCmd: Writing IBS_WAKE_ACK
09-07 16:55:33.796  1710  2050 I chatty  : uid=1000(system) vivo_wmp_hook expire 1 line
09-07 16:55:33.797   686  2027 W qti_sensors_hal: batch handle 21 flags 0 period_ns 20000000 timeout 0
09-07 16:55:33.797   686  2027 W qti_sensors_hal: batch:sensor(android.sensor.proximity) handle:21 flags:0x0 period_ns 20000000
09-07 16:55:33.797  1710  1710 I FingerprintService: sendCommand CMD_SET_INTERACTIVE:1
09-07 16:55:33.797  5354  5676 D BtGatt.GattService: onScanFilterEnableDisabled() - clientIf=5, status=0, action=1
09-07 16:55:33.797  5354  5676 D BtGatt.ScanManager: callback done for scannerId - 5 status - 0
09-07 16:55:33.798  1132  1132 D [GF_HAL][gf_hal]: [gf_hal_send_command] enter, cmd=32517, extras=1
09-07 16:55:33.798  1132  1132 E [gf_ca_entry] : [gx_ta_send_modified_cmd_req] begin, token = 331, cmd_id = 1021
09-07 16:55:33.798  1132  1132 E libc    : Access denied finding property "gf.debug.dump_qseelog_data"
09-07 16:55:33.800  5354  5676 D BtGatt.GattService: onScanFilterConfig() - clientIf=5, action = 0 status = 0, filterType=2, availableSpace=31
09-07 16:55:33.800  5354  5676 D BtGatt.ScanManager: callback done for scannerId - 5 status - 0
09-07 16:55:33.800  5354  5779 D BtGatt.ScanManager: configureFilterParamter 500 10000 1 0, deliveryMode=0
09-07 16:55:33.809  1132  1132 E gf_ca_entry: Qsee log info, log length=1661, logbuf index=1661, log dump level=GF_LOG_DEBUG, g_logdump_level=3
09-07 16:55:33.809  1132  1132 I gf_ca_entry: talog: D [15:55:49.268 ] [app_main][tz_app_cmd_handler] exit token 330.
09-07 16:55:33.809  1132  1132 I gf_ca_entry: talog: D [16:55:33.800 ] [app_main][tz_app_cmd_handler] CmdToken_id 331: operation_id:1, cmd_id:1021
09-07 16:55:33.809  1132  1132 I gf_ca_entry: talog: D [16:55:33.800 ] [app_main]qsee_prepare_shared_buf_for_secure_read: 0xf6140000, 32832
09-07 16:55:33.809  1132  1132 I gf_ca_entry: talog: D [16:55:33.803 ] [gf_ta] [gf_ta_invoke_cmd_entry_point] cmd_id=GF_CMD_SCREEN_ON, cmd_id_code=1021
09-07 16:55:33.809  1132  1132 I gf_ca_entry: talog: D [16:55:33.803 ] [gf_state_common][gf_state_get_current_operation] g_current_operation=OPERATION_NONE
09-07 16:55:33.809  1132  1132 I gf_ca_entry: talog: E [16:55:33.803 ] [gf_milan_hv_series][gf_milan_update_fdt_threshold_when_screen_on_off] screen_on set fdt_down_delta = 8
09-07 16:55:33.809  1132  1132 I gf_ca_entry: talog: D [16:55:33.803 ] [gf_ta] [gf_ta_screen_on] cur_operation=OPERATION_NONE, cur_operation_code=47
09-07 16:55:33.809  1132  1132 I gf_ca_entry: talog: D [16:55:33.803 ] [gf_state_common][gf_state_get_finish_flag] finish flag = 0
09-07 16:55:33.809  1132  1132 I gf_ca_entry: talog: D [16:55:33.804 ] [gf_state_common][gf_state_get_current_operation] g_current_operation=OPERATION_NONE
09-07 16:55:33.809  1132  1132 I gf_ca_entry: talog: D [16:55:33.805 ] [gf_state_common][gf_state_get_current_operation] g_current_operation=OPERATION_NONE
09-07 16:55:33.809  1132  1132 I gf_ca_entry: talog: D [16:55:33.806 ] [gf_state_common][gf_state_execute_operation] g_current_operation=OPERATION_NONE
09-07 16:55:33.809  1132  1132 I gf_ca_entry: talog: D [16:55:33.806 ] [gf_state_common][gf_state_get_current_operation] g_current_operation=OPERATION_NONE
09-07 16:55:33.809  1132  1132 I gf_ca_entry: talog: D [16:55:33.806 ] [gf_state_common][gf_state_get_current_operation] g_current_operation=OPERATION_NONE
09-07 16:55:33.809  1132  1132 I gf_ca_entry: talog: D [16:55:33.806 ] [gf_ta] [gf_ta_invoke_cmd_entry_point] mode=MODE_SLEEP, mode_code=2
09-07 16:55:33.809  1132  1132 I gf_ca_entry: talog: D [16:55:33.806 ] [gf_ta] [gf_ta_invoke_cmd_entry_point] operation=OPERATION_NONE, operation_code=47
09-07 16:55:33.809  1132  1132 I [gf_ca_entry] : [gx_ta_send_modified_cmd_req] end
09-07 16:55:33.809  1132  1132 I [gf_ca_entry] : [gf_ca_invoke_command] gx_ta_send_modified_cmd_req success
09-07 16:55:33.809  1132  1132 I [gf_ca_entry] : [gf_ca_invoke_command] ta execution succeed
09-07 16:55:33.814  1710  2081 I chatty  : uid=1000(system) WifiScanningSer expire 4 lines
09-07 16:55:33.838  2389  2389 D KeyguardUpdateMonitor: received broadcast android.intent.action.BATTERY_CHANGED
09-07 16:55:33.839  2389  2389 D KeyguardUpdateMonitor: handleBatteryUpdate
09-07 16:55:33.839   673  5863 I vendor.qti.bluetooth@1.0-ibs_handler: ProcessIbsCmd: Received IBS_SLEEP_IND: 0xFE
09-07 16:55:33.840  2762  2762 D QtiCarrierConfigHelper: WARNING, no carrier configs on phone Id: 0
09-07 16:55:33.842  2713  3240 I chatty  : uid=1000(system) NightPearlSubTh expire 5 lines
09-07 16:55:33.843  4737  4737 D MainImeServiceDel: mHandler = 201
09-07 16:55:33.843   693   693 V LocSvc_HIDL_IzatSubscription: [batteryLevelUpdate][777] [HS] <<<<= [HC]
09-07 16:55:33.858   673  5863 I vendor.qti.bluetooth@1.0-ibs_handler: ProcessIbsCmd: Received IBS_WAKE_IND: 0xFD
09-07 16:55:33.858   673  5863 I vendor.qti.bluetooth@1.0-ibs_handler: ProcessIbsCmd: Writing IBS_WAKE_ACK
09-07 16:55:33.863  5354  5676 D BtGatt.GattService: onScanFilterParamsConfigured() - clientIf=5, status=0, action=0, availableSpace=15
09-07 16:55:33.863  5354  5676 D BtGatt.ScanManager: callback done for scannerId - 5 status - 0
09-07 16:55:33.864   693   693 V LocSvc_HIDL_IzatSubscription: [screenStatusUpdate][571] [HS] <<<<= [HC]
09-07 16:55:33.866  5354  5676 D BtGatt.GattService: onScanFilterConfig() - clientIf=5, action = 0 status = 0, filterType=2, availableSpace=30
09-07 16:55:33.867  5354  5676 D BtGatt.ScanManager: callback done for scannerId - 5 status - 0
09-07 16:55:33.867  5354  5779 D BtGatt.ScanManager: configureFilterParamter 500 10000 1 0, deliveryMode=0
09-07 16:55:33.869  5354  5676 D BtGatt.GattService: onScanFilterParamsConfigured() - clientIf=5, status=0, action=0, availableSpace=14
09-07 16:55:33.869  5354  5676 D BtGatt.ScanManager: callback done for scannerId - 5 status - 0
09-07 16:55:33.870  5354  5676 D BtGatt.GattService: onScanFilterConfig() - clientIf=5, action = 0 status = 0, filterType=2, availableSpace=29
09-07 16:55:33.871  5354  5676 D BtGatt.ScanManager: callback done for scannerId - 5 status - 0
09-07 16:55:33.872  5354  5779 D BtGatt.ScanManager: configureFilterParamter 500 10000 1 0, deliveryMode=0
09-07 16:55:33.875  5354  5676 D BtGatt.GattService: onScanFilterParamsConfigured() - clientIf=5, status=0, action=0, availableSpace=13
09-07 16:55:33.875  5354  5676 D BtGatt.ScanManager: callback done for scannerId - 5 status - 0
09-07 16:55:33.879  5354  5676 D BtGatt.GattService: onScanFilterConfig() - clientIf=5, action = 0 status = 0, filterType=2, availableSpace=28
09-07 16:55:33.879  5354  5676 D BtGatt.ScanManager: callback done for scannerId - 5 status - 0
09-07 16:55:33.880  5354  5779 D BtGatt.ScanManager: configureFilterParamter 500 10000 1 0, deliveryMode=0
09-07 16:55:33.882  5354  5676 D BtGatt.GattService: onScanFilterParamsConfigured() - clientIf=5, status=0, action=0, availableSpace=12
09-07 16:55:33.882  5354  5676 D BtGatt.ScanManager: callback done for scannerId - 5 status - 0
09-07 16:55:33.882  5354  5779 D BtGatt.ScanManager: configureRegularScanParams - queue=1
09-07 16:55:33.882  5354  5779 D BtGatt.ScanManager: configureRegularScanParams - ScanSetting LE 1M Scan mode=0ScanSetting LE Coded Scan mode=0 mLastConfiguredScanSettingLE1M=-1 mLastConfiguredScanSettingLECoded=-1scanPhy=255
09-07 16:55:33.884  5354  5779 D BtGatt.ScanManager: configureRegularScanParams - scanInterval LE 1M = 1100configureRegularScanParams - scanWindow LE 1M= 110configureRegularScanParams - scanInterval LE Coded= 1100configureRegularScanParams - scanWindow LE Coded= 110
09-07 16:55:33.884  5354  5676 D BtGatt.GattService: onScanParamSetupCompleted : 0
09-07 16:55:33.898  5354  5354 D BtOppService: action : android.intent.action.SCREEN_ON
09-07 16:55:33.910  2666  2666 D DPMJ    : |SERVICE| DPM received action android.intent.action.SCREEN_ON
09-07 16:55:33.910  2666  2666 I DPMJ    : |SERVICE| sendScreenState: state: true
09-07 16:55:33.917 18450 18450 I adbd    : Calling send_auth_request...
09-07 16:55:33.931   673  5863 I vendor.qti.bluetooth@1.0-ibs_handler: ProcessIbsCmd: Received IBS_SLEEP_IND: 0xFE
09-07 16:55:33.942 18450 18450 I adbd    : Loading keys from /data/misc/adb/adb_keys
09-07 16:55:33.964   686   686 W qti_sensors_hal: activate: handle is 11, en is 0
09-07 16:55:33.964   686   686 W qti_sensors_hal: enable: handle=11 en 0 magship: 255
09-07 16:55:33.964 18450 18450 I adbd    : adb client authorized
09-07 16:55:33.966   686   830 W qti_sensors_hal: processResp: Received SNS_SAM_MAGLIB_SENSOR_COMMAND_RESP_V01 0 3 119 5090 582 -640
09-07 16:55:33.966   686   830 W qti_sensors_hal: processResp: Received SNS_SAM_MAGLIB_SENSOR_COMMAND_RESP_V01 1 4890 1270 -600 -4620 -3320
09-07 16:55:33.968   686   830 E qti_sensors_hal: saveParameters:maglib_fd open /persist/sensors/maglib_para error
09-07 16:55:33.968   686   830 E qti_sensors_hal: saveParameters:maglib_fd write file
09-07 16:55:34.004  1710  7760 I chatty  : uid=1000(system) NetworkMonitorN expire 4 lines
09-07 16:55:34.073   686   885 W qti_sensors_hal: processInd: angle direction: [0]: 1.000000 [1]: 5.504885 [2]: 28.063932 [3]: 0.000000 [4]: -0.000000 [5]: 0.000000 ts: 480615887047081
09-07 16:55:34.093   686   885 W qti_sensors_hal: processInd: angle direction: [0]: 1.000000 [1]: 5.504885 [2]: 28.063932 [3]: 0.000000 [4]: -0.000000 [5]: 0.000000 ts: 480615905510216
09-07 16:55:34.112   686   885 W qti_sensors_hal: processInd: angle direction: [0]: 1.000000 [1]: 5.504885 [2]: 28.063932 [3]: 0.000000 [4]: -0.000000 [5]: 0.000000 ts: 480615925468712
09-07 16:55:34.132   686   885 W qti_sensors_hal: processInd: angle direction: [0]: 1.000000 [1]: 5.504885 [2]: 28.063932 [3]: 0.000000 [4]: -0.000000 [5]: 0.000000 ts: 480615945152550
09-07 16:55:34.149   686   885 W qti_sensors_hal: processInd: angle direction: [0]: 1.000000 [1]: 5.504885 [2]: 28.063932 [3]: 0.000000 [4]: -0.000000 [5]: 0.000000 ts: 480615963554649
09-07 16:55:34.154 32400 32400 D StandbyModeManager: onReceive action: android.intent.action.SCREEN_ON
09-07 16:55:34.167 32400 32400 D MSF.C.QuickSendManager: sendQuickHeartBeat, timeout = 2000
09-07 16:55:34.168 32400 32400 D MSF.C.DeepSleepDetector: onScreenOn hasInDeepSleep false
09-07 16:55:34.168 32400 32586 D MSF.C.NetConnTag.true: msf can not get ssid
09-07 16:55:34.168 32400 32586 D MSF.C.NetConnTag.true: msf can not get ssid
09-07 16:55:34.168 32400 32586 D MSF.C.NetConnTag.true: encodeRequest cmd: Heartbeat.Ping, with version = 10, AppId = 537129683
09-07 16:55:34.168 32400 32586 D MSF.C.NetConnTag.true: pa ok: 20370
09-07 16:55:34.172   686   885 W qti_sensors_hal: processInd: angle direction: [0]: 1.000000 [1]: 5.504885 [2]: 28.063932 [3]: 0.000000 [4]: -0.000000 [5]: 0.000000 ts: 480615983848839
09-07 16:55:34.175 32400 32586 D MSF.C.NetConnTag.DualConnContext.true: tryDualConn
09-07 16:55:34.175 32400 32586 D MSF.C.NetConnTag.true: netSend ssoSeq:20370 uin:0 cmd:AiYxJi46IDs+bQA9ND8 20571 b0f41bd socketEngineID: 0 socket: 185549245
09-07 16:55:34.177 32400 32400 D MSF.C.LogManager: onReceive broadcastreceiver.action = android.intent.action.SCREEN_ON
09-07 16:55:34.188   686   885 W qti_sensors_hal: processInd: angle direction: [0]: 1.000000 [1]: 5.504885 [2]: 28.063932 [3]: 0.000000 [4]: -0.000000 [5]: 0.000000 ts: 480616002281456
09-07 16:55:34.192 31788 31861 I NearbySharing: Screen is locked [CONTEXT service_id=194 ]
09-07 16:55:34.192 31788 31861 I NearbySharing: Failed to stop scanning because weren't scanning. [CONTEXT service_id=194 ]
09-07 16:55:34.192 31788 31861 I NearbySharing: Stopping discovery because the screen is locked. [CONTEXT service_id=194 ]
09-07 16:55:34.192 31788 31861 I NearbySharing: Can't stop advertising FastInitiation. Not advertising. [CONTEXT service_id=194 ]
09-07 16:55:34.192 31788 31861 I NearbySharing: Stopping Fast Init advertisement because we're not scanning. [CONTEXT service_id=194 ]
09-07 16:55:34.192 31788 31861 I NearbySharing: Stopping advertising because the screen is locked. [CONTEXT service_id=194 ]
09-07 16:55:34.192 31788 31861 I NearbySharing: Stopping FastInitiation scanning because the screen is locked. [CONTEXT service_id=194 ]
09-07 16:55:34.192 31788 31861 I NearbySharing: Can't stop scanning for FastInitiation. Not scanning. [CONTEXT service_id=194 ]
09-07 16:55:34.192 31788 31861 I NearbySharing: Cancelling in use notification [CONTEXT service_id=194 ]
09-07 16:55:34.193 31788 31861 I NearbySharing: Fast Initiation Scanning has stopped [CONTEXT service_id=194 ]
09-07 16:55:34.193 31788 31861 I NearbySharing: Dismissing HUN as there's no device nearby. [CONTEXT service_id=194 ]
09-07 16:55:34.193 31788 31861 I NearbySharing: Cancelling in use notification [CONTEXT service_id=194 ]
09-07 16:55:34.197 32400 32616 D MSF.C.NetConnTag.true: netRecv ssoSeq:20370 uin:0 cmd:AiYxJi46IDs+bQA9ND8 20451 cross:0 socketEngineID: 0 socket: 185549245
09-07 16:55:34.197 32400 32616 D MSF.C.QuickSendManager: recv Quick heart resp.now conn is alive.
09-07 16:55:34.207   686   885 W qti_sensors_hal: processInd: angle direction: [0]: 1.000000 [1]: 5.504885 [2]: 28.063932 [3]: 0.000000 [4]: -0.000000 [5]: 0.000000 ts: 480616021629601
09-07 16:55:34.224   716 10237 V AudioFlinger: setParameters(): io 0, keyvalue screen_state=on, calling pid 1710 calling uid 1000
09-07 16:55:34.224   716 10237 V AudioFlinger: setParameters: filtered keyvalue screen_state=on
09-07 16:55:34.224   672  4127 D audio_hw_primary: adev_set_parameters: enter: screen_state=on
09-07 16:55:34.224   672  4127 V voice   : voice_set_parameters: enter: screen_state=on
09-07 16:55:34.224   672  4127 V compress_voip: voice_extn_compress_voip_set_parameters: enter: screen_state=on
09-07 16:55:34.224   672  4127 D audio_hw_extn: audio_extn_set_anc_parameters: anc_enabled:0
09-07 16:55:34.224   672  4127 D audio_hw_spkr_prot: audio_extn_fbsp_set_parameters: Speaker protection disabled
09-07 16:55:34.241  2389  2389 D KeyguardUpdateMonitor: handleTimeUpdate
09-07 16:55:34.304  4383  4437 E BitmapFactory: Unable to decode stream: java.io.FileNotFoundException: /oem/etc/theme/icons/dynamic_icon/com.android.BBKClock/res/drawable-sw360dp-xxhdpi/clock_hour.png (No such file or directory)
09-07 16:55:34.305   686   885 W qti_sensors_hal: processInd: angle direction: [0]: 2.000000 [1]: -4.570263 [2]: 35.063290 [3]: 0.000000 [4]: -0.000000 [5]: 0.000000 ts: 480616118400841
09-07 16:55:34.306  4383  4437 E BitmapFactory: Unable to decode stream: java.io.FileNotFoundException: /oem/etc/theme/icons/dynamic_icon/com.android.BBKClock/res/drawable-sw360dp-xxhdpi/clock_minute.png (No such file or directory)
09-07 16:55:34.307  4383  4437 E BitmapFactory: Unable to decode stream: java.io.FileNotFoundException: /oem/etc/theme/icons/dynamic_icon/com.android.BBKClock/res/drawable-sw360dp-xxhdpi/clock_dial.png (No such file or directory)
09-07 16:55:34.310  4383  4437 E BitmapFactory: Unable to decode stream: java.io.FileNotFoundException: /oem/etc/theme/icons/dynamic_icon/com.android.BBKClock/res/drawable-sw360dp-xxhdpi/clock_dial_center.png (No such file or directory)
09-07 16:55:34.324   686   885 W qti_sensors_hal: processInd: angle direction: [0]: 2.000000 [1]: -4.570263 [2]: 35.063290 [3]: 0.000000 [4]: -0.000000 [5]: 0.000000 ts: 480616138725548
09-07 16:55:34.326  2713 11977 I chatty  : uid=1000(system) Binder:2713_F expire 1 line
09-07 16:55:34.326  2713 19107 I chatty  : uid=1000(system) Binder:2713_10 expire 1 line
09-07 16:55:34.326  2713  3512 I chatty  : uid=1000(system) MotorModeDaemon expire 1 line
09-07 16:55:34.327  2713  3508 I chatty  : uid=1000(system) GamepadService expire 1 line
09-07 16:55:34.327  2713  2713 I chatty  : uid=1000(system) com.vivo.daemonService expire 1 line
09-07 16:55:34.339  1710  5424 I chatty  : uid=1000(system) Binder:1710_17 expire 10 lines
09-07 16:55:34.343   686   885 W qti_sensors_hal: processInd: angle direction: [0]: 2.000000 [1]: -4.570263 [2]: 35.063290 [3]: 0.000000 [4]: -0.000000 [5]: 0.000000 ts: 480616157127647
09-07 16:55:34.362   686   885 W qti_sensors_hal: processInd: angle direction: [0]: 2.000000 [1]: -4.570263 [2]: 35.063290 [3]: 0.000000 [4]: -0.000000 [5]: 0.000000 ts: 480616176201134
09-07 16:55:34.368  1710  1840 V WindowOrientationListener: in onTouchEndLocked. proposedRotation=0, oldProposedRotation=0
09-07 16:55:34.382   686   885 W qti_sensors_hal: processInd: angle direction: [0]: 2.000000 [1]: -4.570263 [2]: 35.063290 [3]: 0.000000 [4]: -0.000000 [5]: 0.000000 ts: 480616196769981
09-07 16:55:34.401   686   885 W qti_sensors_hal: processInd: angle direction: [0]: 2.000000 [1]: -4.570263 [2]: 35.063290 [3]: 0.000000 [4]: -0.000000 [5]: 0.000000 ts: 480616215233116
09-07 16:55:34.421   686   885 W qti_sensors_hal: processInd: angle direction: [0]: 3.000000 [1]: -3.028542 [2]: 45.606812 [3]: 0.000000 [4]: -0.000000 [5]: 0.000000 ts: 480616235527306
09-07 16:55:34.440   686   885 W qti_sensors_hal: processInd: angle direction: [0]: 3.000000 [1]: -3.028542 [2]: 45.606812 [3]: 0.000000 [4]: -0.000000 [5]: 0.000000 ts: 480616254905968
09-07 16:55:34.460   686   885 W qti_sensors_hal: processInd: angle direction: [0]: 3.000000 [1]: -3.028542 [2]: 45.606812 [3]: 0.000000 [4]: -0.000000 [5]: 0.000000 ts: 480616273247032
09-07 16:55:34.480   686   885 W qti_sensors_hal: processInd: angle direction: [0]: 3.000000 [1]: -3.028542 [2]: 45.606812 [3]: 0.000000 [4]: -0.000000 [5]: 0.000000 ts: 480616293571739
09-07 16:55:34.498   686   885 W qti_sensors_hal: processInd: angle direction: [0]: 3.000000 [1]: -3.028542 [2]: 45.606812 [3]: 0.000000 [4]: -0.000000 [5]: 0.000000 ts: 480616312004356
09-07 16:55:34.517   686   885 W qti_sensors_hal: processInd: angle direction: [0]: 3.000000 [1]: -3.028542 [2]: 45.606812 [3]: 0.000000 [4]: -0.000000 [5]: 0.000000 ts: 480616331047325
09-07 16:55:34.537   686   885 W qti_sensors_hal: processInd: angle direction: [0]: 3.000000 [1]: -3.028542 [2]: 45.606812 [3]: 0.000000 [4]: -0.000000 [5]: 0.000000 ts: 480616351616173
09-07 16:55:34.556   686   885 W qti_sensors_hal: processInd: angle direction: [0]: 3.000000 [1]: -3.028542 [2]: 45.606812 [3]: 0.000000 [4]: -0.000000 [5]: 0.000000 ts: 480616370048790
09-07 16:55:34.598  2389  2389 D StatusBar: disable<e i a s b H R c s > disable2<q i n >
09-07 16:55:34.599  2389  2389 D StatusBar: disable<e i a s b H R c s > disable2<q i n >
09-07 16:55:34.606  1710  5423 I PackageManager: ### pkg:Package{772d4e9 com.vivo.shortcutcenter}
09-07 16:55:34.606  2389  2389 D KeyguardSecurityContainer: showNextSecurityScreenOrFinish(false),PIN
09-07 16:55:34.609  2389  2389 V KeyguardSecurityContainer: showPrimarySecurityScreen(turningOff=false)
09-07 16:55:34.609  2389  2389 D KeyguardSecurityContainer: showSecurityScreen(PIN),PIN
09-07 16:55:34.609  2389  2389 D StatusBar: disable<e i a s b H R c s > disable2<q i n >
09-07 16:55:34.613  1710  1710 V SettingsProvider: Notifying for 0: content://settings/system/finger_for_bouncer_show
09-07 16:55:34.627  2730  2730 W Settings: Setting airplane_mode_on has moved from android.provider.Settings.System to android.provider.Settings.Global, returning read-only value.
09-07 16:55:34.628  2730  3656 W Settings: Setting airplane_mode_on has moved from android.provider.Settings.System to android.provider.Settings.Global, returning read-only value.
09-07 16:55:34.636  2389  2389 D KeyguardUpdateMonitor: handleKeyguardBouncerChanged(1)
09-07 16:55:34.643  2389  2389 D KeyguardViewBase: screen on, instance 4ea6ff2
09-07 16:55:34.650  2389  2389 D KeyguardViewMediator: handleKeyguardDoneDrawing
09-07 16:55:34.762   718   718 I SurfaceFlinger: FPS: 57
09-07 16:55:34.891   673  5866 I vendor.qti.bluetooth@1.0-ibs_handler: DeviceSleep: TX Awake, Sending SLEEP_IND
09-07 16:55:34.891   673  5866 D vendor.qti.bluetooth@1.0-ibs_handler: SerialClockVote: vote for UART CLK OFF
09-07 16:55:34.968  1710  1840 V WindowOrientationListener: in onTouchEndLocked. proposedRotation=0, oldProposedRotation=0
09-07 16:55:35.041   673  5827 D vendor.qti.bluetooth@1.0-wake_lock: Release wakelock is released
09-07 16:55:35.117  1710  1840 V WindowOrientationListener: in onTouchEndLocked. proposedRotation=0, oldProposedRotation=0
09-07 16:55:35.257  1710  1840 V WindowOrientationListener: in onTouchEndLocked. proposedRotation=0, oldProposedRotation=0
09-07 16:55:35.407  1710  1840 V WindowOrientationListener: in onTouchEndLocked. proposedRotation=0, oldProposedRotation=0
09-07 16:55:35.596  1116  2381 I LOWI-8.6.0.32: [LOWI-Scan] lowi_close_record:Scan done in 480596952ms, 43 APs in scan results
09-07 16:55:35.735  1710  1840 V WindowOrientationListener: in onTouchEndLocked. proposedRotation=0, oldProposedRotation=0
09-07 16:55:35.764   718   718 I SurfaceFlinger: FPS: 60
09-07 16:55:35.863  1710  1840 V WindowOrientationListener: in onTouchEndLocked. proposedRotation=0, oldProposedRotation=0
09-07 16:55:35.895  1710  2521 D LockSettingsService: spBasedDoVerifyCredential: user=0
09-07 16:55:35.981   985   985 D keystore: AddAuthenticationToken: timestamp = 480621348, time_received = 140377
09-07 16:55:36.007  2389  2389 D KeyguardSecurityContainer: showNextSecurityScreenOrFinish(true),PIN
09-07 16:55:36.011  2389  2389 D KeyguardViewMediator: handleKeyguardDone
09-07 16:55:36.012  2389  2389 D KeyguardViewMediator: handleHide
09-07 16:55:36.012  2389  2389 D KeyguardViewMediator: keyguardGoingAway
09-07 16:55:36.014  1710  5423 W ActivityManager: vivo occlude resumeTop canOccclude = false next.occlude = false
09-07 16:55:36.021  1710  1840 V WindowOrientationListener: in onTouchEndLocked. proposedRotation=0, oldProposedRotation=0
09-07 16:55:36.038   718  4098 E         : IProducerListener: malformed binder reply
09-07 16:55:36.057   985   985 D keystore: AddAuthenticationToken: timestamp = 480621427, time_received = 140377
09-07 16:55:36.059   716 10237 V APM_AudioPolicyManager: AudioPolicyManager:setRecordSilenced(uid:99025, silenced:0)
09-07 16:55:36.059   716 10237 V AudioFlinger: AudioFlinger::setRecordSilenced(uid:99025, silenced:0)
09-07 16:55:36.059   716 10237 V APM_AudioPolicyManager: AudioPolicyManager:setRecordSilenced(uid:10123, silenced:0)
09-07 16:55:36.059   716 10237 V AudioFlinger: AudioFlinger::setRecordSilenced(uid:10123, silenced:0)
09-07 16:55:36.059  1710  1839 D ActivityManager: StartMode packageName = com.google.android.gms ,callingPid = -1 ,alwaysRestrict = true ,startMode = 2 ,UidRec:UidRecord{cc73a4c u0a478 SVC  bg:+1h10m23s538ms idle procs:4 seq(0,0,0)}
09-07 16:55:36.059  1710  1839 W BroadcastQueue: Background execution not allowed: receiving Intent { act=android.intent.action.DROPBOX_ENTRY_ADDED flg=0x10 (has extras) } to com.google.android.gms/.stats.service.DropBoxEntryAddedReceiver
09-07 16:55:36.059  1710  1839 D ActivityManager: StartMode packageName = com.google.android.gms ,callingPid = -1 ,alwaysRestrict = true ,startMode = 2 ,UidRec:UidRecord{cc73a4c u0a478 SVC  bg:+1h10m23s539ms idle procs:4 seq(0,0,0)}
09-07 16:55:36.059  1710  1839 W BroadcastQueue: Background execution not allowed: receiving Intent { act=android.intent.action.DROPBOX_ENTRY_ADDED flg=0x10 (has extras) } to com.google.android.gms/.chimera.GmsIntentOperationService$PersistentTrustedReceiver
09-07 16:55:36.062   716 10237 V APM_AudioPolicyManager: AudioPolicyManager:setRecordSilenced(uid:10097, silenced:0)
09-07 16:55:36.062   716 10237 V AudioFlinger: AudioFlinger::setRecordSilenced(uid:10097, silenced:0)
09-07 16:55:36.062   716 10237 V APM_AudioPolicyManager: AudioPolicyManager:setRecordSilenced(uid:10096, silenced:0)
09-07 16:55:36.062   716 10237 V AudioFlinger: AudioFlinger::setRecordSilenced(uid:10096, silenced:0)
09-07 16:55:36.062   716 10237 V APM_AudioPolicyManager: AudioPolicyManager:setRecordSilenced(uid:10069, silenced:0)
09-07 16:55:36.062   716 10237 V AudioFlinger: AudioFlinger::setRecordSilenced(uid:10069, silenced:0)
09-07 16:55:36.064  4383  4383 D Launcher.LauncherOverlayManager: onResume
09-07 16:55:36.080   985   985 D keystore: AddAuthenticationToken: timestamp = 480621449, time_received = 140377
09-07 16:55:36.081  1710  2521 V LockSettingsService: Unlock keystore for user: 0
09-07 16:55:36.082   985   985 I keystore: calling unlock when already unlocked, ignoring.
09-07 16:55:36.082  1710  2521 I LockSettingsService: Unlocking user 0 with secret only, length 64
09-07 16:55:36.082  1710  2521 D ActivityManager: User 999 (parent 0): attempting unlock because parent was just unlocked
09-07 16:55:36.082  1710  2521 V LockSettingsService: Get child profile decrytped key
09-07 16:55:36.082  1710  2521 V LockSettingsService: readChildProfileLock userID999
09-07 16:55:36.088  1710  2521 E LockSettingsService: Failed to decrypt child profile key
09-07 16:55:36.088  1710  2521 E LockSettingsService: java.security.InvalidKeyException: Only SecretKey is supported
09-07 16:55:36.088  1710  2521 E LockSettingsService: 	at com.android.org.conscrypt.OpenSSLCipher.checkAndSetEncodedKey(OpenSSLCipher.java:462)
09-07 16:55:36.088  1710  2521 E LockSettingsService: 	at com.android.org.conscrypt.OpenSSLCipher.engineInit(OpenSSLCipher.java:296)
09-07 16:55:36.088  1710  2521 E LockSettingsService: 	at javax.crypto.Cipher.tryTransformWithProvider(Cipher.java:2980)
09-07 16:55:36.088  1710  2521 E LockSettingsService: 	at javax.crypto.Cipher.tryCombinations(Cipher.java:2891)
09-07 16:55:36.088  1710  2521 E LockSettingsService: 	at javax.crypto.Cipher$SpiAndProviderUpdater.updateAndGetSpiAndProvider(Cipher.java:2796)
09-07 16:55:36.088  1710  2521 E LockSettingsService: 	at javax.crypto.Cipher.chooseProvider(Cipher.java:773)
09-07 16:55:36.088  1710  2521 E LockSettingsService: 	at javax.crypto.Cipher.init(Cipher.java:1288)
09-07 16:55:36.088  1710  2521 E LockSettingsService: 	at javax.crypto.Cipher.init(Cipher.java:1223)
09-07 16:55:36.088  1710  2521 E LockSettingsService: 	at com.android.server.locksettings.LockSettingsService.getDecryptedPasswordForTiedProfile(LockSettingsService.java:1442)
09-07 16:55:36.088  1710  2521 E LockSettingsService: 	at com.android.server.locksettings.LockSettingsService.unlockChildProfile(LockSettingsService.java:1450)
09-07 16:55:36.088  1710  2521 E LockSettingsService: 	at com.android.server.locksettings.LockSettingsService.unlockUser(LockSettingsService.java:1505)
09-07 16:55:36.088  1710  2521 E LockSettingsService: 	at com.android.server.locksettings.LockSettingsService.spBasedDoVerifyCredential(LockSettingsService.java:2806)
09-07 16:55:36.088  1710  2521 E LockSettingsService: 	at com.android.server.locksettings.LockSettingsService.doVerifyCredential(LockSettingsService.java:2002)
09-07 16:55:36.088  1710  2521 E LockSettingsService: 	at com.android.server.locksettings.LockSettingsService.checkCredential(LockSettingsService.java:1946)
09-07 16:55:36.088  1710  2521 E LockSettingsService: 	at com.android.internal.widget.ILockSettings$Stub.onTransact(ILockSettings.java:165)
09-07 16:55:36.088  1710  2521 E LockSettingsService: 	at android.os.Binder.execTransact(Binder.java:750)
09-07 16:55:36.088  1710  2521 D LockSettingsService: activateEscrowTokens: user=0
09-07 16:55:36.088  1710  2521 I LockSettingsService: Disabling escrow token on user 0
09-07 16:55:36.088   718  3686 E         : IProducerListener: malformed binder reply
09-07 16:55:36.090  1710  2521 I LockSettingsService: Caching SP for user 0
09-07 16:55:36.090  1710  1710 I LockSettingsService: Removing SP from cache for user 0
09-07 16:55:36.100  1710 22348 I chatty  : uid=1000(system) pool-5-thread-1 expire 1 line
09-07 16:55:36.101  1710  1710 I chatty  : uid=1000 system_server expire 4 lines
09-07 16:55:36.132  1710  2023 I chatty  : uid=1000(system) android.anim identical 1 line
09-07 16:55:36.139  2389  2389 D KeyguardViewMediator: handleStartKeyguardExitAnimation startTime=140377938 fadeoutDuration=0
09-07 16:55:36.140  2389  2389 V SoundPool: stop(55)
09-07 16:55:36.140  2389  2389 D KeyguardViewMediator: setShowingLocked false true false falsefalse -1 -1
09-07 16:55:36.142   716   716 W Binder:716_5: type=1400 audit(0.0:61852): avc: denied { search } for name="bbkcore" dev="dm-1" ino=2359297 scontext=u:r:audioserver:s0 tcontext=u:object_r:vivo_data_file:s0 tclass=dir permissive=0
09-07 16:55:36.142  1710  2521 D KeyguardServiceDelegate: onKeyguardShowing: false
09-07 16:55:36.145  2389  2552 V PlayerBase: baseStart() piid=23
09-07 16:55:36.147  1710  2985 I chatty  : uid=1000(system) Binder:1710_C expire 4 lines
09-07 16:55:36.147  1710  1710 I FingerprintService: sendCommand CMD_SET_UNLOCK_AUTH:0
09-07 16:55:36.147  1132  1132 D [GF_HAL][gf_hal]: [gf_hal_send_command] enter, cmd=32531, extras=0
09-07 16:55:36.149  2389  2552 V SoundPool: play sampleID=2, leftVolume=0.501187, rightVolume=0.501187, priority=1, loop=0, rate=1.000000
09-07 16:55:36.150  2389  2552 V SoundPool: mState = 0 mChannelID=55, mNumChannels=2, mPos = 0, mPriority=-1, mLoop=0
09-07 16:55:36.150  2389  2552 V SoundPool: Allocated recycled channel for same sampleID
09-07 16:55:36.150  2389  2552 V SoundPool: play channel 0x7e43a48248 state = 0
09-07 16:55:36.150  2389  2552 V SoundPool: SoundChannel::play 0x7e43a48248: sampleID=2, channelID=56, leftVolume=0.501187, rightVolume=0.501187, priority=1, loop=0, rate=1.000000
09-07 16:55:36.150   716 10237 V APM::AudioPolicyEngine: getDeviceForStrategy() strategy 0, device 2
09-07 16:55:36.150   716 10237 V APM_AudioPolicyManager: selectOutput() commonFlags for output 13, 0000
09-07 16:55:36.150   716 10237 V APM_AudioPolicyManager: selectOutput() commonFlags for output 21, 0000
09-07 16:55:36.150   716 10237 V APM_AudioPolicyManager: getOutput() stream 1 selected device 00000002, output 13
09-07 16:55:36.151   716 10237 V APM::AudioPolicyEngine: getDeviceForStrategy() strategy 0, device 2
09-07 16:55:36.151   716 10237 V APM_AudioPolicyManager: selectOutput() commonFlags for output 13, 0000
09-07 16:55:36.151   716 10237 V APM_AudioPolicyManager: selectOutput() commonFlags for output 21, 0000
09-07 16:55:36.151   716 10237 V APM_AudioPolicyManager: getOutput() stream 1 selected device 00000002, output 13
09-07 16:55:36.151  2389  2552 V SoundPool: reusing track 0x7e26ac6400 for sample 2
09-07 16:55:36.151  2389  2552 V AudioTrack: start: server read:-33075  cumulative flushed:0  client written:0
09-07 16:55:36.151   716 10237 V AudioFlinger: start(0), calling pid 2389 session 2465
09-07 16:55:36.151   716 10237 V AudioFlinger: ? => ACTIVE (0) on thread 0xe2b7b000
09-07 16:55:36.151   716 10237 D AudioFlinger: startOutput_POM , POM_id:2389
09-07 16:55:36.151   716 10237 D AudioPolicyManagerCustom: startOutput_POM output:21, stream:1, session:2465, pom_id:2389
09-07 16:55:36.151   716 10237 I APM::AudioPolicyEngine: ###### POM Stack0:  0 0 1
09-07 16:55:36.151   716 10237 I APM::AudioPolicyEngine: ###### POM Stack1:  2389 0 1
09-07 16:55:36.152   716 10237 V APM_AudioPolicyManager: startOutput() output 21, stream 1, session 2465
09-07 16:55:36.152   716 10237 D AudioPolicyManagerCustom: startOutput isCallPOMStateChange :0, refCount:1
09-07 16:55:36.152   716 10237 V APM::AudioPolicyEngine: getDeviceForStrategy() strategy 0, device 2
09-07 16:55:36.152   716 10237 V APM_AudioPolicyManager: getNewOutputDevice() selected device 2
09-07 16:55:36.152   716 10237 V APM_AudioPolicyManager: setOutputDevice() device 0002 delayMs 0
09-07 16:55:36.152   716 10237 V APM_AudioPolicyManager: setOutputDevice() prevDevice 0x0002
09-07 16:55:36.152   716 10237 V APM::AudioPolicyEngine: getDeviceForStrategy() strategy 0, device 2
09-07 16:55:36.152   716 10237 V APM::AudioPolicyEngine: getDeviceForStrategy() strategy 1, device 1
09-07 16:55:36.152   716 10237 V APM::AudioPolicyEngine: getDeviceForStrategy() strategy 2, device 2
09-07 16:55:36.152   716 10237 V APM::AudioPolicyEngine: getDeviceForStrategy() strategy 0, device 2
09-07 16:55:36.152   716 10237 V APM::AudioPolicyEngine: getDeviceForStrategy() strategy 3, device 2
09-07 16:55:36.152   716 10237 V APM::AudioPolicyEngine: getDeviceForStrategy() strategy 0, device 2
09-07 16:55:36.152   716 10237 V APM::AudioPolicyEngine: getDeviceForStrategy() strategy 4, device 2
09-07 16:55:36.152   716 10237 V APM::AudioPolicyEngine: getDeviceForStrategy() strategy 5, device 2
09-07 16:55:36.152   716 10237 V APM::AudioPolicyEngine: getDeviceForStrategy() strategy 6, device 2
09-07 16:55:36.152   716 10237 V APM::AudioPolicyEngine: getDeviceForStrategy() strategy 7, device 2
09-07 16:55:36.152   716 10237 V APM::AudioPolicyEngine: getDeviceForStrategy() strategy 8, device 2
09-07 16:55:36.152   716 10237 V APM::AudioPolicyEngine: getDeviceForStrategy() strategy 9, device 2
09-07 16:55:36.152   716 10237 V APM_AudioPolicyManager: setOutputDevice() setting same device 0x0002 or null device
09-07 16:55:36.152   716 10237 D APM::VolumeCurve: VOLUME mDeviceCategory 1, mStreamType 1 vol index=[85 145 170], dB=[-29.0 -29.0 -29.0]
09-07 16:55:36.152   716 10237 D AudioPolicyIntefaceImpl: startOutput_POM oldPhoneState:0,currentPhoneState:0
09-07 16:55:36.154   716 10237 V AudioFlinger: signal playback thread
09-07 16:55:36.155   716   919 V AudioFlinger: thread 0xe2b839c0 type 0 TID 919 waking up
09-07 16:55:36.155  2389  2552 V SoundPool: delete oldTrack 0x0
09-07 16:55:36.155   716   919 V AudioFlinger: acquireWakeLock_l() AudioOut_15 status 0
09-07 16:55:36.155   716   919 D AudioFlinger: updateWakeLockUids_l AudioOut_15 uids:10018
09-07 16:55:36.155   716   919 V AudioFlinger: updateWakeLockUids_l() AudioOut_15 status 0
09-07 16:55:36.156   716   919 D AudioFlinger: ####### XXF  RESAMPLE RESET #######
09-07 16:55:36.156   716   919 D BufferProvider: setBufferProvider(0xe2b7b000): mTrackBufferProvider:0x0  mBuffer.frameCount:0
09-07 16:55:36.156   672 22374 D audio_hw_primary: start_output_stream: enter: stream(0xea068000)usecase(1: low-latency-playback) devices(0x2)
09-07 16:55:36.156   672 22374 D audio_hw_primary: select_devices for use case (low-latency-playback)
09-07 16:55:36.156   672 22374 D audio_hw_primary: select_devices, usecase_flag:0, out_snd_device:2
09-07 16:55:36.157   672 22374 D audio_hw_primary: select_devices: out_snd_device(2: speaker) in_snd_device(0: )
09-07 16:55:36.157   672 22374 I msm8916_platform: platform_check_and_set_codec_backend_cfg:becf: afe: bitwidth 32, samplerate 48000 channels 2, backend_idx 0 usecase = 1 device (speaker)
09-07 16:55:36.157   672 22374 D msm8916_platform: platform_split_snd_device: snd_device(2) num devices(1) new_snd_devices(0)
09-07 16:55:36.157   672 22374 I msm8916_platform: platform_check_and_set_codec_backend_cfg: becf: new_snd_devices[0] is speaker
09-07 16:55:36.157   672 22374 I msm8916_platform: platform_check_codec_backend_cfg:becf: afe: Codec selected backend: 0 current bit width: 32 sample rate: 48000 channels: 2 usecase 1 device (speaker)
09-07 16:55:36.157   672 22374 D msm8916_platform: platform_check_codec_backend_cfg:becf: afe: reset bitwidth to 24 (based on supported value for this platform)
09-07 16:55:36.157   672 22374 D msm8916_platform: platform_check_codec_backend_cfg:becf: afe: playback on codec device not supporting native playback set default Sample Rate(48k)
09-07 16:55:36.157   672 22374 I msm8916_platform: platform_check_codec_backend_cfg:becf: afe: Codec selected backend: 0 updated bit width: 24 sample rate: 48000 channels: 2
09-07 16:55:36.157   672 22374 I msm8916_platform: platform_check_codec_backend_cfg:becf: afe: Codec backend needs to be updated. new bit width: 24 new sample rate: 48000 new channels 2
09-07 16:55:36.157   672 22374 I msm8916_platform: platform_set_codec_backend_cfg:becf: afe: bitwidth 24, samplerate 48000 channels 2 format 3, backend_idx 0 device (speaker)
09-07 16:55:36.157   672 22374 E msm8916_platform: platform_set_codec_backend_cfg:becf: afe: Could not get ctl for mixer command - INT4_MI2S_RX Format
09-07 16:55:36.157   672 22374 D audio_hw_primary: check_usecases_codec_backend:becf: force routing 0
09-07 16:55:36.157   672 22374 E msm8916_platform: platform_check_backends_match: Invalid snd_device =
09-07 16:55:36.157   672 22374 D audio_hw_primary: check_usecases_codec_backend:becf: (63) check_usecases curr device: speaker, usecase device: backends match 0
09-07 16:55:36.157   672 22374 D audio_hw_primary: check_usecases_codec_backend:becf: check_usecases num.of Usecases to switch 0
09-07 16:55:36.157   672 22374 D hardware_info: hw_info_append_hw_type : device_name = speaker
09-07 16:55:36.157   672 22374 D audio_hw_primary: enable_snd_device: device 2:device_name:speaker:ref_cnt:1
09-07 16:55:36.157   672 22374 D msm8916_platform: platform_split_snd_device: snd_device(2) num devices(0) new_snd_devices(0)
09-07 16:55:36.157   672 22374 D audio_hw_primary: enable_snd_device: snd_device(2: speaker)
09-07 16:55:36.157   672 22374 I soundtrigger: audio_extn_sound_trigger_update_device_status: device 0x2 of type 0 for Event 1, with Raise=0
09-07 16:55:36.157   672 22374 D audio_route: Apply path: speaker
09-07 16:55:36.159   672 22374 I audio_hw_utils: audio_extn_utils_update_stream_output_app_type_cfg Allowing 24-bit playback on speaker ONLY at default sampling rate
09-07 16:55:36.159   672 22374 D audio_hw_primary: audio_is_true_native_stream_active:napb: (0) (low-latency-playback)id (1) sr 48000 bw (32) device speaker
09-07 16:55:36.159   672 22374 D soundtrigger: audio_extn_sound_trigger_update_stream_status: uc_info->id 1 of type 0 for Event 3, with Raise=0
09-07 16:55:36.159   672 22374 D audio_hw_utils: audio_extn_utils_send_app_type_cfg: usecase->out_snd_device speaker
09-07 16:55:36.159   672 22374 D msm8916_platform: platform_split_snd_device: snd_device(2) num devices(0) new_snd_devices(0)
09-07 16:55:36.159   672 22374 D audio_hw_utils: audio_extn_btsco_get_sample_rate:Not a BT SCO device, need not update sampling rate
09-07 16:55:36.159   672 22374 I audio_hw_utils: send_app_type_cfg_for_device PLAYBACK app_type 69937, acdb_dev_id 15, sample_rate 48000, snd_device_be_idx 41
09-07 16:55:36.160   672 22374 D msm8916_platform: platform_split_snd_device: snd_device(2) num devices(1) new_snd_devices(0)
09-07 16:55:36.160   672 22374 D ACDB-LOADER: ACDB -> send_audio_cal, acdb_id = 15, path = 0, app id = 0x11131, sample rate = 48000
09-07 16:55:36.160   672 22374 D ACDB-LOADER: ACDB -> send_asm_topology
09-07 16:55:36.160   672 22374 D ACDB-LOADER: ACDB -> ACDB_CMD_GET_AUDPROC_STREAM_TOPOLOGY_ID
09-07 16:55:36.160   672 22374 D ACDB-LOADER: ACDB -> send_adm_topology
09-07 16:55:36.160   672 22374 D ACDB-LOADER: ACDB -> ACDB_CMD_GET_AUDPROC_COMMON_TOPOLOGY_ID
09-07 16:55:36.160   672 22374 D ACDB-LOADER: ACDB -> send_audtable
09-07 16:55:36.160   672 22374 D ACDB-LOADER: ACDB -> ACDB_CMD_GET_AUDPROC_COMMON_TABLE_SIZE
09-07 16:55:36.160   672 22374 D ACDB-LOADER: ACDB -> ACDB_CMD_GET_AUDPROC_COMMON_TABLE
09-07 16:55:36.160   672 22374 D ACDB-LOADER: ACDB -> AUDIO_SET_AUDPROC_CAL
09-07 16:55:36.160   672 22374 D ACDB-LOADER: ACDB -> send_audvoltable
09-07 16:55:36.160   672 22374 D ACDB-LOADER: ACDB -> ACDB_CMD_GET_AUDPROC_VOL_STEP_TABLE_SIZE
09-07 16:55:36.160   672 22374 D ACDB-LOADER: ACDB -> ACDB_CMD_GET_AUDPROC_GAIN_DEP_STEP_TABLE, vol index 0
09-07 16:55:36.160   672 22374 D ACDB-LOADER: ACDB -> AUDIO_SET_VOL_CAL cal type = 12
09-07 16:55:36.160   672 22374 D ACDB-LOADER: ACDB -> ACDB_CMD_GET_AUDPROC_STREAM_TABLE_SIZE
09-07 16:55:36.160   672 22374 D ACDB-LOADER: ACDB -> send_audstrmtable
09-07 16:55:36.160   672 22374 D ACDB-LOADER: ACDB -> ACDB_CMD_GET_AUDPROC_STREAM_TABLE_V2
09-07 16:55:36.160   672 22374 D ACDB-LOADER: ACDB -> audstrm_cal->cal_type.cal_data.cal_size = 16
09-07 16:55:36.160   672 22374 D ACDB-LOADER: ACDB -> send_afe_topology
09-07 16:55:36.160   672 22374 D ACDB-LOADER: ACDB -> ACDB_CMD_GET_AFE_TOPOLOGY_ID
09-07 16:55:36.160   672 22374 D ACDB-LOADER: ACDB -> GET_AFE_TOPOLOGY_ID for adcd_id 15, Topology Id 112fc
09-07 16:55:36.160   672 22374 D ACDB-LOADER: ACDB -> send_afe_cal
09-07 16:55:36.160   672 22374 D ACDB-LOADER: ACDB -> ACDB_CMD_GET_AFE_COMMON_TABLE_SIZE
09-07 16:55:36.160   672 22374 D         : Failed to fetch the lookup information of the device 0000000F
09-07 16:55:36.160   672 22374 E ACDB-LOADER: Error: ACDB_CMD_GET_AFE_COMMON_TABLE_SIZE Returned = -19
09-07 16:55:36.160   672 22374 D ACDB-LOADER: ACDB -> ACDB_CMD_GET_AFE_COMMON_TABLE
09-07 16:55:36.160   672 22374 D         : Failed to fetch the lookup information of the device 0000000F
09-07 16:55:36.160   672 22374 E ACDB-LOADER: Error: ACDB AFE returned = -19
09-07 16:55:36.160   672 22374 D ACDB-LOADER: ACDB -> AUDIO_SET_AFE_CAL
09-07 16:55:36.160   672 22374 D ACDB-LOADER: ACDB -> send_hw_delay : acdb_id = 15 path = 0
09-07 16:55:36.160   672 22374 D ACDB-LOADER: ACDB -> ACDB_AVSYNC_INFO: ACDB_CMD_GET_DEVICE_PROPERTY
09-07 16:55:36.160   672 22374 D audio_route: Apply path: low-latency-playback speaker
09-07 16:55:36.162   672 22374 D audio_hw_primary: select_devices: done
09-07 16:55:36.162   672 22374 D audio_hw_primary: start_output_stream: Opening PCM device card_id(0) device_id(13) format(0x1),config.rate:48000,bit_width:32
09-07 16:55:36.169  1710  2522 I chatty  : uid=1000(system) Binder:1710_6 expire 6 lines
09-07 16:55:36.170  1710  2521 W UsageStatsService: Event reported without a package name
