09-07 16:55:41.176 18625 18749 D DexLoader: WebCoreClassLoader - loadClass(com.tencent.common.wup.RequestPolicy,false)...
09-07 16:55:41.176 18625 18767 D DexLoader: WebCoreClassLoader - loadClass(com.tencent.tbs.common.baseinfo.GUIDFactory$2,false)...
09-07 16:55:41.176 18625 18744 D DexLoader: WebCoreClassLoader - loadClass(com.tencent.smtt.webkit.WebViewChromiumExtension$38,false)...
09-07 16:55:41.176 18625 18767 D DexLoader: WebCoreClassLoader - loadClass(com.tencent.tbs.common.baseinfo.GUIDFactory$1,false)...
09-07 16:55:41.177 18625 18744 D DexLoader: WebCoreClassLoader - loadClass(com.tencent.smtt.webkit.WebViewChromiumExtension$2,false)...
09-07 16:55:41.177 18625 18770 D DexLoader: WebCoreClassLoader - loadClass(com.tencent.smtt.net.k,false)...
09-07 16:55:41.177 18625 18744 D DexLoader: WebCoreClassLoader - loadClass(com.tencent.smtt.webkit.WebViewChromiumExtension$64,false)...
09-07 16:55:41.177 18625 18771 D DexLoader: WebCoreClassLoader - loadClass(com.tencent.tbsbeacon.a.d.a,false)...
09-07 16:55:41.177 18625 18771 D DexLoader: WebCoreClassLoader - loadClass(com.tencent.tbsbeacon.base.util.a,false)...
09-07 16:55:41.178 18625 18744 D DexLoader: WebCoreClassLoader - loadClass(com.tencent.smtt.webkit.WebViewChromiumExtension$3,false)...
09-07 16:55:41.178 18625 18771 D DexLoader: WebCoreClassLoader - loadClass(com.tencent.tbsbeacon.a.d.g,false)...
09-07 16:55:41.178 18625 18770 D DexLoader: WebCoreClassLoader - loadClass(com.tencent.smtt.webkit.AdInfoManager$4,false)...
09-07 16:55:41.178 18625 18770 D DexLoader: WebCoreClassLoader - loadClass(com.tencent.smtt.webkit.AdInfoManager$3,false)...
09-07 16:55:41.179 18625 18770 D DexLoader: WebCoreClassLoader - loadClass(com.tencent.smtt.webkit.AdInfoManager$2,false)...
09-07 16:55:41.179 18625 18744 D DexLoader: WebCoreClassLoader - loadClass(com.tencent.smtt.webkit.WebViewChromiumExtension$39,false)...
09-07 16:55:41.180 18625 18744 D DexLoader: WebCoreClassLoader - loadClass(org.chromium.content_public.browser.NavigationEntry,false)...
09-07 16:55:41.180 18625 18771 D DexLoader: WebCoreClassLoader - loadClass(com.tencent.tbsbeacon.base.net.c.c,false)...
09-07 16:55:41.180 18625 18625 I Tinker.TinkerLoadResult: [main] parseTinkerResult loadCode:-2, process name:cn.missevan, main process:true, systemOTA:false, fingerPrint:vivo/PD1728/PD1728:9/PKQ1.180819.001/compiler07281740:user/release-keys, oatDir:null, useInterpretMode:false
09-07 16:55:41.180 18625 18744 D DexLoader: WebCoreClassLoader - loadClass(com.tencent.smtt.webkit.WebViewChromiumExtension$4,false)...
09-07 16:55:41.180 18625 18744 D DexLoader: WebCoreClassLoader - loadClass(com.tencent.smtt.webkit.WebViewChromiumExtension$68,false)...
09-07 16:55:41.181 18625 18744 D DexLoader: WebCoreClassLoader - loadClass(com.tencent.smtt.webkit.WebViewChromiumExtension$19,false)...
09-07 16:55:41.181 18625 18744 D DexLoader: WebCoreClassLoader - loadClass(com.tencent.smtt.webkit.WebViewChromiumExtension$78,false)...
09-07 16:55:41.182 18625 18744 D DexLoader: WebCoreClassLoader - loadClass(com.tencent.smtt.webkit.WebViewChromiumExtension$6,false)...
09-07 16:55:41.182 18625 18744 D DexLoader: WebCoreClassLoader - loadClass(com.tencent.tbs.core.webkit.adapter.X5WebViewAdapter$a,false)...
09-07 16:55:41.182 18625 18625 W Tinker.TinkerLoadResult: [main] can't find patch file, is ok, just return
09-07 16:55:41.182 18625 18744 D DexLoader: WebCoreClassLoader - loadClass(com.tencent.smtt.f.a,false)...
09-07 16:55:41.182 18625 18744 D DexLoader: WebCoreClassLoader - loadClass(com.tencent.smtt.webkit.WebViewChromiumExtension$32,false)...
09-07 16:55:41.183 18625 18744 D DexLoader: WebCoreClassLoader - loadClass(com.tencent.smtt.webkit.WebViewChromiumExtension$79,false)...
09-07 16:55:41.184 18625 18743 D DexLoader: WebCoreClassLoader - loadClass(org.chromium.base.process_launcher.b,false)...
09-07 16:55:41.184 18625 18743 D DexLoader: WebCoreClassLoader - loadClass(org.chromium.base.process_launcher.b$d,false)...
09-07 16:55:41.184 18625 18744 D DexLoader: WebCoreClassLoader - loadClass(com.tencent.smtt.util.WebRtcUtils$a,false)...
09-07 16:55:41.184 18625 18743 D DexLoader: WebCoreClassLoader - loadClass(org.chromium.base.process_launcher.b$c,false)...
09-07 16:55:41.184 18625 18743 D DexLoader: WebCoreClassLoader - loadClass(org.chromium.base.process_launcher.b$b,false)...
09-07 16:55:41.184 18625 18743 D DexLoader: WebCoreClassLoader - loadClass(org.chromium.android_webview.safe_browsing.AwSafeBrowsingConfigHelper,false)...
09-07 16:55:41.184 18625 18625 I Tinker.DefaultLoadReporter: [main] patch loadReporter onLoadResult: patch load result, path:/data/user/0/cn.missevan/tinker, code: -2, cost: 5ms
09-07 16:55:41.184 18625 18744 D DexLoader: WebCoreClassLoader - loadClass(org.chromium.base.process_launcher.m$b,false)...
09-07 16:55:41.185 18625 18743 D DexLoader: WebCoreClassLoader - loadClass(org.chromium.content.browser.j$b,false)...
09-07 16:55:41.185 18625 18743 D DexLoader: WebCoreClassLoader - loadClass(org.chromium.content.browser.j,false)...
09-07 16:55:41.185 18625 18743 D DexLoader: WebCoreClassLoader - loadClass(org.chromium.android_webview.common.g,false)...
09-07 16:55:41.185 18625 18744 D DexLoader: WebCoreClassLoader - loadClass(org.chromium.base.process_launcher.m,false)...
09-07 16:55:41.185 18625 18743 D DexLoader: WebCoreClassLoader - loadClass(org.chromium.android_webview.common.h,false)...
09-07 16:55:41.185 18625 18743 D DexLoader: WebCoreClassLoader - loadClass(org.chromium.android_webview.common.g$1,false)...
09-07 16:55:41.185 18625 18744 D DexLoader: WebCoreClassLoader - loadClass(org.chromium.base.process_launcher.m$b$a,false)...
09-07 16:55:41.185 18625 18743 D DexLoader: WebCoreClassLoader - loadClass(org.chromium.base.o,false)...
09-07 16:55:41.186 18625 18625 W Tinker.Tinker: [main] tinker load fail!
09-07 16:55:41.191 18625 18771 D DexLoader: WebCoreClassLoader - loadClass(com.tencent.tbsbeacon.a.d.a$a,false)...
09-07 16:55:41.191 18625 18771 D DexLoader: WebCoreClassLoader - loadClass(com.tencent.tbsbeacon.a.c.e,false)...
09-07 16:55:41.192 18625 18744 D DexLoader: WebCoreClassLoader - loadClass(org.chromium.base.process_launcher.b$1$1,false)...
09-07 16:55:41.192 18625 18771 D DexLoader: WebCoreClassLoader - loadClass(com.tencent.tbsbeacon.module.ModuleName,false)...
09-07 16:55:41.192 18625 18744 D DexLoader: WebCoreClassLoader - loadClass(org.chromium.android_webview.bu,false)...
09-07 16:55:41.192 18625 18743 D DexLoader: WebCoreClassLoader - loadClass(org.chromium.components.metrics.AndroidMetricsLogUploader,false)...
09-07 16:55:41.192 18625 18744 D DexLoader: WebCoreClassLoader - loadClass(org.chromium.android_webview.bu$1,false)...
09-07 16:55:41.192 18625 18744 D DexLoader: WebCoreClassLoader - loadClass(com.tencent.smtt.webkit.c.e$1,false)...
09-07 16:55:41.192 18625 18744 D DexLoader: WebCoreClassLoader - loadClass(org.chromium.android_webview.bu$a,false)...
09-07 16:55:41.193 18625 18744 D DexLoader: WebCoreClassLoader - loadClass(com.tencent.smtt.webkit.c.c$a,false)...
09-07 16:55:41.193 18625 18743 D DexLoader: WebCoreClassLoader - loadClass(org.chromium.content.browser.ai,false)...
09-07 16:55:41.193 18625 18743 D DexLoader: WebCoreClassLoader - loadClass(org.chromium.content.browser.ai$1,false)...
09-07 16:55:41.193 18625 18743 D DexLoader: WebCoreClassLoader - loadClass(org.chromium.base.process_launcher.c$d,false)...
09-07 16:55:41.193 18625 18743 D DexLoader: WebCoreClassLoader - loadClass(org.chromium.base.process_launcher.b$1,false)...
09-07 16:55:41.193 18625 18771 D DexLoader: WebCoreClassLoader - loadClass(com.tencent.tbsbeacon.event.c.c,false)...
09-07 16:55:41.194 18625 18744 D DexLoader: WebCoreClassLoader - loadClass(com.tencent.smtt.webkit.c.e$a,false)...
09-07 16:55:41.194 18625 18744 D DexLoader: WebCoreClassLoader - loadClass(com.tencent.smtt.webkit.c.c$a$a,false)...
09-07 16:55:41.194 18625 18743 D DexLoader: WebCoreClassLoader - loadClass(org.chromium.content.browser.BrowserStartupControllerImpl,false)...
09-07 16:55:41.194 18625 18743 D DexLoader: WebCoreClassLoader - loadClass(org.chromium.content_public.browser.b,false)...
09-07 16:55:41.194 18625 18743 D DexLoader: WebCoreClassLoader - loadClass(org.chromium.content.browser.ah,false)...
09-07 16:55:41.194 18625 18743 D DexLoader: WebCoreClassLoader - loadClass(org.chromium.content.browser.BrowserStartupControllerImpl$5,false)...
09-07 16:55:41.194 18625 18743 D DexLoader: WebCoreClassLoader - loadClass(org.chromium.ui.resources.d,false)...
09-07 16:55:41.194 18625 18744 D DexLoader: WebCoreClassLoader - loadClass(org.chromium.tencent.c.b,false)...
09-07 16:55:41.194 18625 18744 D DexLoader: WebCoreClassLoader - loadClass(com.tencent.smtt.webkit.b$1,false)...
09-07 16:55:41.195 18625 18744 D DexLoader: WebCoreClassLoader - loadClass(org.chromium.content.browser.input.SelectPopup$a,false)...
09-07 16:55:41.195 18625 18771 D DexLoader: WebCoreClassLoader - loadClass(com.tencent.tbsbeacon.module.StrategyModule,false)...
09-07 16:55:41.195 18625 18771 D DexLoader: WebCoreClassLoader - loadClass(com.tencent.tbsbeacon.module.BeaconModule,false)...
09-07 16:55:41.195 18625 18744 D DexLoader: WebCoreClassLoader - loadClass(com.tencent.smtt.net.a,false)...
09-07 16:55:41.195 18625 18743 D DexLoader: WebCoreClassLoader - loadClass(org.chromium.content.browser.am$a,false)...
09-07 16:55:41.195 18625 18743 D DexLoader: WebCoreClassLoader - loadClass(org.chromium.base.task.s,false)...
09-07 16:55:41.195 18625 18743 D DexLoader: WebCoreClassLoader - loadClass(org.chromium.base.process_launcher.c$1,false)...
09-07 16:55:41.195 18625 18743 D DexLoader: WebCoreClassLoader - loadClass(org.chromium.base.process_launcher.k,false)...
09-07 16:55:41.195 18625 18743 D DexLoader: WebCoreClassLoader - loadClass(org.chromium.content_public.browser.c,false)...
09-07 16:55:41.195 18625 18743 D DexLoader: WebCoreClassLoader - loadClass(org.chromium.content.browser.am,false)...
09-07 16:55:41.195 18625 18771 D DexLoader: WebCoreClassLoader - loadClass(com.tencent.tbsbeacon.e.a,false)...
09-07 16:55:41.195 18625 18771 D DexLoader: WebCoreClassLoader - loadClass(com.tencent.tbsbeacon.e.c,false)...
09-07 16:55:41.196 18625 18743 D DexLoader: WebCoreClassLoader - loadClass(org.chromium.content_public.browser.al,false)...
09-07 16:55:41.196 18625 18771 D DexLoader: WebCoreClassLoader - loadClass(com.tencent.tbsbeacon.e.d,false)...
09-07 16:55:41.196 18625 18771 D DexLoader: WebCoreClassLoader - loadClass(com.tencent.tbsbeacon.e.g,false)...
09-07 16:55:41.196 18625 18743 D DexLoader: WebCoreClassLoader - loadClass(org.chromium.base.process_launcher.c$2,false)...
09-07 16:55:41.196 18625 18743 D DexLoader: WebCoreClassLoader - loadClass(org.chromium.base.process_launcher.j,false)...
09-07 16:55:41.196 18625 18743 D DexLoader: WebCoreClassLoader - loadClass(org.chromium.content.browser.t,false)...
09-07 16:55:41.196 18625 18771 D DexLoader: WebCoreClassLoader - loadClass(com.tencent.tbsbeacon.e.e,false)...
09-07 16:55:41.196 18625 18743 D DexLoader: WebCoreClassLoader - loadClass(org.chromium.base.process_launcher.l,false)...
09-07 16:55:41.196 18625 18743 D DexLoader: WebCoreClassLoader - loadClass(org.chromium.base.process_launcher.i,false)...
09-07 16:55:41.196 18625 18743 D DexLoader: WebCoreClassLoader - loadClass(org.chromium.content.browser.g$1,false)...
09-07 16:55:41.196 18625 18743 D DexLoader: WebCoreClassLoader - loadClass(org.chromium.content.browser.g,false)...
09-07 16:55:41.196 18625 18743 D DexLoader: WebCoreClassLoader - loadClass(org.chromium.content.browser.BrowserStartupControllerImpl$b,false)...
09-07 16:55:41.196 18625 18771 D DexLoader: WebCoreClassLoader - loadClass(com.tencent.tbsbeacon.e.h,false)...
09-07 16:55:41.196 18625 18771 D DexLoader: WebCoreClassLoader - loadClass(com.tencent.tbsbeacon.base.net.a.b,false)...
09-07 16:55:41.197 18625 18771 D DexLoader: WebCoreClassLoader - loadClass(com.tencent.tbsbeacon.module.EventModule,false)...
09-07 16:55:41.197 18625 18771 D DexLoader: WebCoreClassLoader - loadClass(com.tencent.tbsbeacon.module.AuditModule,false)...
09-07 16:55:41.197 18625 18771 D DexLoader: WebCoreClassLoader - loadClass(com.tencent.tbsbeacon.module.StatModule,false)...
09-07 16:55:41.197 18625 18771 D DexLoader: WebCoreClassLoader - loadClass(com.tencent.tbsbeacon.module.QmspModule,false)...
09-07 16:55:41.197 18625 18771 D DexLoader: WebCoreClassLoader - loadClass(com.tencent.tbsbeacon.module.QmspModule$1,false)...
09-07 16:55:41.198 18625 18771 D DexLoader: WebCoreClassLoader - loadClass(com.tencent.tbsbeacon.pack.CommonStrategy,false)...
09-07 16:55:41.198 18625 18771 D DexLoader: WebCoreClassLoader - loadClass(com.tencent.tbsbeacon.pack.AbstractJceStruct,false)...
09-07 16:55:41.198 18625 18771 D DexLoader: WebCoreClassLoader - loadClass(com.tencent.tbsbeacon.pack.a,false)...
09-07 16:55:41.198 18625 18743 D DexLoader: WebCoreClassLoader - loadClass(org.chromium.content.app.ContentMain,false)...
09-07 16:55:41.198 18625 18771 D DexLoader: WebCoreClassLoader - loadClass(com.tencent.tbsbeacon.pack.ModuleStrategy,false)...
09-07 16:55:41.198 18625 18770 D DexLoader: WebCoreClassLoader - loadClass(com.tencent.smtt.livelog.LiveLog$a,false)...
09-07 16:55:41.198 18625 18743 D DexLoader: WebCoreClassLoader - loadClass(org.chromium.content.app.ContentMainJni$1,false)...
09-07 16:55:41.198 18625 18743 D DexLoader: WebCoreClassLoader - loadClass(org.chromium.content.app.ContentMainJni,false)...
09-07 16:55:41.198 18625 18743 D DexLoader: WebCoreClassLoader - loadClass(org.chromium.content.app.ContentMain$Natives,false)...
09-07 16:55:41.199 18625 18744 D DexLoader: WebCoreClassLoader - loadClass(com.tencent.smtt.webkit.k$1,false)...
09-07 16:55:41.199 18625 18744 D DexLoader: WebCoreClassLoader - loadClass(com.tencent.smtt.net.h,false)...
09-07 16:55:41.199 18625 18744 D DexLoader: WebCoreClassLoader - loadClass(com.tencent.smtt.webkit.u$1,false)...
09-07 16:55:41.200 18625 18771 D DexLoader: WebCoreClassLoader - loadClass(com.tencent.tbsbeacon.pack.a$a,false)...
09-07 16:55:41.200 18625 18743 D DexLoader: WebCoreClassLoader - loadClass(org.chromium.base.TimezoneUtils,false)...
09-07 16:55:41.200 18625 18744 D DexLoader: WebCoreClassLoader - loadClass(com.tencent.smtt.webkit.u$c,false)...
09-07 16:55:41.200 18625 18743 D DexLoader: WebCoreClassLoader - loadClass(org.chromium.base.task.p$1,false)...
09-07 16:55:41.200 18625 18743 D DexLoader: WebCoreClassLoader - loadClass(org.chromium.base.task.p,false)...
09-07 16:55:41.200 18625 18743 D DexLoader: WebCoreClassLoader - loadClass(org.chromium.base.task.o$a,false)...
09-07 16:55:41.200 18625 18743 D DexLoader: WebCoreClassLoader - loadClass(org.chromium.base.task.o$b,false)...
09-07 16:55:41.200 18625 18744 D DexLoader: WebCoreClassLoader - loadClass(com.tencent.smtt.webkit.u$b,false)...
09-07 16:55:41.200 18625 18743 D DexLoader: WebCoreClassLoader - loadClass(org.chromium.base.LocaleUtils,false)...
09-07 16:55:41.201 18625 18743 D DexLoader: WebCoreClassLoader - loadClass(org.chromium.components.version_info.VersionConstantsBridge,false)...
09-07 16:55:41.201 18625 18743 D DexLoader: WebCoreClassLoader - loadClass(org.chromium.components.policy.PolicyConverter,false)...
09-07 16:55:41.201 18625 18743 D DexLoader: WebCoreClassLoader - loadClass(org.chromium.components.policy.c$1,false)...
09-07 16:55:41.201 18625 18743 D DexLoader: WebCoreClassLoader - loadClass(org.chromium.components.policy.c,false)...
09-07 16:55:41.201 18625 18743 D DexLoader: WebCoreClassLoader - loadClass(org.chromium.components.policy.CombinedPolicyProvider$a,false)...
09-07 16:55:41.201 18625 18743 D DexLoader: WebCoreClassLoader - loadClass(org.chromium.base.MemoryPressureListener,false)...
09-07 16:55:41.201 18625 18743 D DexLoader: WebCoreClassLoader - loadClass(com.tencent.smtt.util.p$a,false)...
09-07 16:55:41.202 18625 18744 D DexLoader: WebCoreClassLoader - loadClass(com.tencent.smtt.webkit.b.a$a,false)...
09-07 16:55:41.203 18625 18744 D DexLoader: WebCoreClassLoader - loadClass(com.tencent.smtt.webkit.b.a$2,false)...
09-07 16:55:41.207 18625 18775 W FileUtils: Failed to chmod(/data/user/0/com.tencent.mtt/app_tbs): android.system.ErrnoException: chmod failed: EACCES (Permission denied)
09-07 16:55:41.207 18625 18775 W FileUtils: Failed to chmod(/data/user/0/com.tencent.mtt/app_tbs_common_share): android.system.ErrnoException: chmod failed: EACCES (Permission denied)
09-07 16:55:41.213 18625 18775 W FileUtils: Failed to chmod(/data/user/0/com.tencent.mm/app_tbs): android.system.ErrnoException: chmod failed: EACCES (Permission denied)
09-07 16:55:41.213 18625 18775 W FileUtils: Failed to chmod(/data/user/0/com.tencent.mm/app_tbs_common_share): android.system.ErrnoException: chmod failed: EACCES (Permission denied)
09-07 16:55:41.213 18625 18743 D DexLoader: WebCoreClassLoader - loadClass(org.chromium.android_webview.common.AwResource,false)...
09-07 16:55:41.214 18625 18743 D DexLoader: WebCoreClassLoader - loadClass(org.chromium.ui.display.DisplayAndroidManager,false)...
09-07 16:55:41.220 18625 18744 D DexLoader: WebCoreClassLoader - loadClass(com.tencent.smtt.webkit.b.a$3,false)...
09-07 16:55:41.221 18625 18744 D DexLoader: WebCoreClassLoader - loadClass(com.tencent.mtt.base.utils.NotchUtil,false)...
09-07 16:55:41.221 18625 18743 D DexLoader: WebCoreClassLoader - loadClass(org.chromium.ui.display.a,false)...
09-07 16:55:41.221 18625 18743 D DexLoader: WebCoreClassLoader - loadClass(org.chromium.ui.display.e,false)...
09-07 16:55:41.221 18625 18743 D DexLoader: WebCoreClassLoader - loadClass(org.chromium.base.ApplicationStatus,false)...
09-07 16:55:41.222 18625 18744 D DexLoader: WebCoreClassLoader - loadClass(com.tencent.smtt.webkit.b.a$1,false)...
09-07 16:55:41.222 18625 18744 D DexLoader: WebCoreClassLoader - loadClass(com.tencent.smtt.net.h$1,false)...
09-07 16:55:41.222 18625 18744 D DexLoader: WebCoreClassLoader - loadClass(com.tencent.smtt.net.h$2,false)...
09-07 16:55:41.223 18625 18771 D DexLoader: WebCoreClassLoader - loadClass(com.tencent.tbsbeacon.base.util.b,false)...
09-07 16:55:41.228 18625 18771 D DexLoader: WebCoreClassLoader - loadClass(com.tencent.tbsbeacon.a.a.a,false)...
09-07 16:55:41.231 18625 18743 D DexLoader: WebCoreClassLoader - loadClass(org.chromium.base.ApplicationStatus$3,false)...
09-07 16:55:41.231 18625 18771 D DexLoader: WebCoreClassLoader - loadClass(com.tencent.tbsbeacon.module.StrategyModule$1,false)...
09-07 16:55:41.231 18625 18743 D DexLoader: WebCoreClassLoader - loadClass(org.chromium.ui.display.DisplayAndroidManager$a,false)...
09-07 16:55:41.231 18625 18771 D DexLoader: WebCoreClassLoader - loadClass(com.tencent.tbsbeacon.event.b.b,false)...
09-07 16:55:41.231 18625 18771 D DexLoader: WebCoreClassLoader - loadClass(com.tencent.tbsbeacon.event.b.c,false)...
09-07 16:55:41.232 18625 18743 D DexLoader: WebCoreClassLoader - loadClass(org.chromium.ui.display.b$1,false)...
09-07 16:55:41.232 18625 18743 D DexLoader: WebCoreClassLoader - loadClass(org.chromium.ui.display.b,false)...
09-07 16:55:41.232 18625 18743 D DexLoader: WebCoreClassLoader - loadClass(org.chromium.ui.display.DisplayAndroidManager$b,false)...
09-07 16:55:41.232 18625 18771 D DexLoader: WebCoreClassLoader - loadClass(com.tencent.tbsbeacon.event.b.a,false)...
09-07 16:55:41.232 18625 18743 D DexLoader: WebCoreClassLoader - loadClass(org.chromium.base.ApplicationStatus$3$1,false)...
09-07 16:55:41.232 18625 18743 D DexLoader: WebCoreClassLoader - loadClass(org.chromium.base.ApplicationStatus$c,false)...
09-07 16:55:41.232 18625 18771 D DexLoader: WebCoreClassLoader - loadClass(com.tencent.tbsbeacon.event.b,false)...
09-07 16:55:41.232 18625 18771 D DexLoader: WebCoreClassLoader - loadClass(com.tencent.tbsbeacon.event.f,false)...
09-07 16:55:41.232 18625 18743 D DexLoader: WebCoreClassLoader - loadClass(org.chromium.net.ProxyChangeListener$ProxyReceiver,false)...
09-07 16:55:41.232 18625 18743 D DexLoader: WebCoreClassLoader - loadClass(org.chromium.net.s,false)...
09-07 16:55:41.232 18625 18744 D DexLoader: WebCoreClassLoader - loadClass(com.tencent.smtt.webkit.ui.h,false)...
09-07 16:55:41.233 18625 18744 D DexLoader: WebCoreClassLoader - loadClass(com.tencent.smtt.webkit.q$2,false)...
09-07 16:55:41.233 18625 18744 D DexLoader: WebCoreClassLoader - loadClass(com.tencent.smtt.webkit.ui.TriggerLinearout$a,false)...
09-07 16:55:41.233 18625 18744 D DexLoader: WebCoreClassLoader - loadClass(com.tencent.smtt.webkit.q$3,false)...
09-07 16:55:41.233 18625 18744 D DexLoader: WebCoreClassLoader - loadClass(com.tencent.smtt.webkit.q$4,false)...
09-07 16:55:41.233 18625 18743 D DexLoader: WebCoreClassLoader - loadClass(com.tencent.smtt.net.QProxyDetect,false)...
09-07 16:55:41.233 18625 18744 D DexLoader: WebCoreClassLoader - loadClass(com.tencent.smtt.webkit.q$5,false)...
09-07 16:55:41.233 18625 18744 D DexLoader: WebCoreClassLoader - loadClass(com.tencent.smtt.util.n,false)...
09-07 16:55:41.233 18625 18743 D DexLoader: WebCoreClassLoader - loadClass(com.tencent.smtt.net.j,false)...
09-07 16:55:41.233 18625 18744 D DexLoader: WebCoreClassLoader - loadClass(com.tencent.smtt.webkit.q$a,false)...
09-07 16:55:41.233 18625 18743 D DexLoader: WebCoreClassLoader - loadClass(com.tencent.smtt.util.k,false)...
09-07 16:55:41.234 18625 18744 D DexLoader: WebCoreClassLoader - loadClass(com.tencent.smtt.webkit.q$b,false)...
09-07 16:55:41.234 18625 18744 D DexLoader: WebCoreClassLoader - loadClass(com.tencent.smtt.webkit.q$1,false)...
09-07 16:55:41.235 18625 18783 D DexLoader: WebCoreClassLoader - loadClass(com.tencent.tbsbeacon.e.j,false)...
09-07 16:55:41.236 18625 18744 D DexLoader: WebCoreClassLoader - loadClass(com.tencent.smtt.webkit.q$1$1,false)...
09-07 16:55:41.236 18625 18744 D DexLoader: WebCoreClassLoader - loadClass(com.tencent.smtt.webkit.q$1$2,false)...
09-07 16:55:41.236 18625 18744 D DexLoader: WebCoreClassLoader - loadClass(com.tencent.smtt.util.b,false)...
09-07 16:55:41.239 18625 18744 D DexLoader: WebCoreClassLoader - loadClass(com.tencent.smtt.net.X5BadJsReporter$1,false)...
09-07 16:55:41.240 18625 18744 D DexLoader: WebCoreClassLoader - loadClass(org.chromium.content.browser.JavascriptInjectorImpl,false)...
09-07 16:55:41.240 18625 18744 D DexLoader: WebCoreClassLoader - loadClass(org.chromium.content_public.browser.t,false)...
09-07 16:55:41.240 18625 18744 D DexLoader: WebCoreClassLoader - loadClass(org.chromium.content.browser.y$1,false)...
09-07 16:55:41.240 18625 18744 D DexLoader: WebCoreClassLoader - loadClass(org.chromium.content.browser.y,false)...
09-07 16:55:41.241 18625 18744 D DexLoader: WebCoreClassLoader - loadClass(org.chromium.content.browser.JavascriptInjectorImpl$a,false)...
09-07 16:55:41.241 18625 18744 D DexLoader: WebCoreClassLoader - loadClass(com.tencent.tbs.core.webkit.am,false)...
09-07 16:55:41.242 18625 18744 D DexLoader: WebCoreClassLoader - loadClass(org.chromium.android_webview.bh,false)...
09-07 16:55:41.242 18625 18744 D DexLoader: WebCoreClassLoader - loadClass(org.chromium.android_webview.bh$1,false)...
09-07 16:55:41.243 18625 18744 D DexLoader: WebCoreClassLoader - loadClass(org.chromium.content.browser.b.d,false)...
09-07 16:55:41.245 18625 18744 D DexLoader: WebCoreClassLoader - loadClass(com.tencent.smtt.webkit.r$1,false)...
09-07 16:55:41.246 18625 18744 D DexLoader: WebCoreClassLoader - loadClass(com.tencent.smtt.webkit.r$2,false)...
09-07 16:55:41.246 18625 18744 D DexLoader: WebCoreClassLoader - loadClass(com.tencent.smtt.webkit.r$3,false)...
09-07 16:55:41.247 18625 18744 D DexLoader: WebCoreClassLoader - loadClass(com.tencent.smtt.net.PageLoadDetector$a,false)...
09-07 16:55:41.247 18625 18744 D DexLoader: WebCoreClassLoader - loadClass(com.tencent.smtt.net.b.a.a$b,false)...
09-07 16:55:41.247 18625 18744 D DexLoader: WebCoreClassLoader - loadClass(com.tencent.smtt.net.PageLoadDetector$1,false)...
09-07 16:55:41.248 18625 18744 D DexLoader: WebCoreClassLoader - loadClass(com.tencent.smtt.util.j,false)...
09-07 16:55:41.249 18625 18771 D DexLoader: WebCoreClassLoader - loadClass(com.tencent.tbsbeacon.event.a.a,false)...
09-07 16:55:41.249 18625 18744 D DexLoader: WebCoreClassLoader - loadClass(com.tencent.tbs.core.partner.b.a,false)...
09-07 16:55:41.249 18625 18771 D DexLoader: WebCoreClassLoader - loadClass(com.tencent.tbsbeacon.a.d.d,false)...
09-07 16:55:41.249 18625 18771 D DexLoader: WebCoreClassLoader - loadClass(com.tencent.tbsbeacon.event.c.b,false)...
09-07 16:55:41.249 18625 18771 D DexLoader: WebCoreClassLoader - loadClass(com.tencent.tbsbeacon.event.c.b$b,false)...
09-07 16:55:41.249 18625 18771 D DexLoader: WebCoreClassLoader - loadClass(com.tencent.tbsbeacon.event.c.b$a,false)...
09-07 16:55:41.249 18625 18744 D DexLoader: WebCoreClassLoader - loadClass(com.tencent.tbs.core.partner.a.a,false)...
09-07 16:55:41.249 18625 18771 D DexLoader: WebCoreClassLoader - loadClass(com.tencent.tbsbeacon.a.d.c,false)...
09-07 16:55:41.250 18625 18744 D DexLoader: WebCoreClassLoader - loadClass(com.tencent.tbs.core.partner.a.b,false)...
09-07 16:55:41.250 18625 18744 D DexLoader: WebCoreClassLoader - loadClass(com.tencent.tbs.core.partner.a,false)...
09-07 16:55:41.250 18625 18744 D DexLoader: WebCoreClassLoader - loadClass(com.tencent.tbs.core.partner.c$1,false)...
09-07 16:55:41.250 18625 18744 D DexLoader: WebCoreClassLoader - loadClass(com.tencent.tbs.core.partner.a$a,false)...
09-07 16:55:41.250 18625 18744 D DexLoader: WebCoreClassLoader - loadClass(com.tencent.tbs.core.partner.c$2,false)...
09-07 16:55:41.250 18625 18744 D DexLoader: WebCoreClassLoader - loadClass(com.tencent.tbs.core.partner.c$3,false)...
09-07 16:55:41.250 18625 18743 D DexLoader: WebCoreClassLoader - loadClass(com.tencent.smtt.util.c,false)...
09-07 16:55:41.252 18625 18744 D DexLoader: WebCoreClassLoader - loadClass(com.tencent.tbs.core.webkit.WebSettings$h,false)...
09-07 16:55:41.252 18625 18744 D DexLoader: WebCoreClassLoader - loadClass(com.tencent.smtt.export.external.interfaces.IX5WebSettings$ZoomDensity,false)...
09-07 16:55:41.252 18625 18743 D DexLoader: WebCoreClassLoader - loadClass(org.chromium.base.PowerMonitor,false)...
09-07 16:55:41.252 18625 18744 D DexLoader: WebCoreClassLoader - loadClass(com.tencent.tbs.core.webkit.WebSettings$c,false)...
09-07 16:55:41.252 18625 18744 D DexLoader: WebCoreClassLoader - loadClass(com.tencent.smtt.export.external.interfaces.IX5WebSettings$LayoutAlgorithm,false)...
09-07 16:55:41.252 18625 18743 D DexLoader: WebCoreClassLoader - loadClass(org.chromium.base.ar$1,false)...
09-07 16:55:41.253 18625 18744 D DexLoader: WebCoreClassLoader - loadClass(com.tencent.smtt.export.external.interfaces.IX5WebSettings$PluginState,false)...
09-07 16:55:41.253 18625 18743 D DexLoader: WebCoreClassLoader - loadClass(org.chromium.base.ar,false)...
09-07 16:55:41.253 18625 18743 D DexLoader: WebCoreClassLoader - loadClass(org.chromium.base.PowerMonitor$a,false)...
09-07 16:55:41.253 18625 18743 D DexLoader: WebCoreClassLoader - loadClass(org.chromium.base.PowerMonitor$1,false)...
09-07 16:55:41.254 18625 18744 D DexLoader: WebCoreClassLoader - loadClass(com.tencent.tbs.core.webkit.WebSettings$g,false)...
09-07 16:55:41.254 18625 18744 D DexLoader: WebCoreClassLoader - loadClass(com.tencent.smtt.export.external.interfaces.IX5WebSettings$TextSize,false)...
09-07 16:55:41.255 18625 18744 D DexLoader: WebCoreClassLoader - loadClass(com.tencent.smtt.export.external.interfaces.IX5WebSettings$RenderPriority,false)...
09-07 16:55:41.255 18625 18744 D DexLoader: WebCoreClassLoader - loadClass(com.tencent.tbs.core.webkit.WebSettings$f,false)...
09-07 16:55:41.255 18625 18743 D DexLoader: WebCoreClassLoader - loadClass(org.chromium.android_webview.e$1,false)...
09-07 16:55:41.255 18625 18743 D DexLoader: WebCoreClassLoader - loadClass(org.chromium.android_webview.e,false)...
09-07 16:55:41.255 18625 18743 D DexLoader: WebCoreClassLoader - loadClass(org.chromium.android_webview.AwBrowserContext$a,false)...
09-07 16:55:41.255 18625 18743 D DexLoader: WebCoreClassLoader - loadClass(org.chromium.base.memory.-$$Lambda$b$V1vGytRSiAwAEAQGSWKyfEhHTm8,false)...
09-07 16:55:41.255 18625 18743 D DexLoader: WebCoreClassLoader - loadClass(org.chromium.base.memory.-$$Lambda$0SRhjS4mOLSnXv2XBMG6HsBu3mI,false)...
09-07 16:55:41.255 18625 18743 D DexLoader: WebCoreClassLoader - loadClass(org.chromium.base.memory.a,false)...
09-07 16:55:41.256 18625 18743 D DexLoader: WebCoreClassLoader - loadClass(org.chromium.base.memory.-$$Lambda$b$rf0isCWVZaB1hC-TcSwQF6Hizf0,false)...
09-07 16:55:41.256 18625 18743 D DexLoader: WebCoreClassLoader - loadClass(org.chromium.base.memory.b$1,false)...
09-07 16:55:41.256 18625 18743 D DexLoader: WebCoreClassLoader - loadClass(org.chromium.android_webview.AwBrowserContext$1,false)...
09-07 16:55:41.256 18625 18744 D DexLoader: WebCoreClassLoader - loadClass(com.tencent.tbs.core.partner.ad.AdWebviewStatusChangeProxy$WebResourceRequestImpl,false)...
09-07 16:55:41.256 18625 18744 D DexLoader: WebCoreClassLoader - loadClass(com.tencent.tbs.core.partner.ad.AdWebviewStatusChangeProxy$WebResourceErrorImpl,false)...
09-07 16:55:41.256 18625 18743 D DexLoader: WebCoreClassLoader - loadClass(com.tencent.tbs.core.webkit.GeolocationPermissions,false)...
09-07 16:55:41.257 18625 18744 D DexLoader: WebCoreClassLoader - loadClass(org.chromium.tencent.ui.a.a,false)...
09-07 16:55:41.257 18625 18744 D DexLoader: WebCoreClassLoader - loadClass(com.tencent.tbs.core.partner.a.a$1,false)...
09-07 16:55:41.257 18625 18744 D DexLoader: WebCoreClassLoader - loadClass(org.chromium.tencent.ui.a.a$a,false)...
09-07 16:55:41.257 18625 18743 D DexLoader: WebCoreClassLoader - loadClass(com.tencent.tbs.core.webkit.WebStorage,false)...
09-07 16:55:41.257 18625 18744 D DexLoader: WebCoreClassLoader - loadClass(com.tencent.smtt.webkit.a.c,false)...
09-07 16:55:41.258 18625 18743 D DexLoader: WebCoreClassLoader - loadClass(org.chromium.android_webview.AwQuotaManagerBridge,false)...
09-07 16:55:41.258 18625 18743 D DexLoader: WebCoreClassLoader - loadClass(org.chromium.android_webview.aj$1,false)...
09-07 16:55:41.258 18625 18743 D DexLoader: WebCoreClassLoader - loadClass(org.chromium.android_webview.aj,false)...
09-07 16:55:41.259 18625 18743 D DexLoader: WebCoreClassLoader - loadClass(org.chromium.android_webview.AwQuotaManagerBridge$a,false)...
09-07 16:55:41.267 18625 18743 D DexLoader: WebCoreClassLoader - loadClass(org.chromium.android_webview.AwTracingController,false)...
09-07 16:55:41.268 18625 18743 D DexLoader: WebCoreClassLoader - loadClass(org.chromium.android_webview.at$1,false)...
09-07 16:55:41.268 18625 18743 D DexLoader: WebCoreClassLoader - loadClass(org.chromium.android_webview.at,false)...
09-07 16:55:41.268 18625 18743 D DexLoader: WebCoreClassLoader - loadClass(org.chromium.android_webview.AwTracingController$a,false)...
09-07 16:55:41.268 18625 18743 D DexLoader: WebCoreClassLoader - loadClass(org.chromium.android_webview.ao,false)...
09-07 16:55:41.268 18625 18743 D DexLoader: WebCoreClassLoader - loadClass(org.chromium.android_webview.ap,false)...
09-07 16:55:41.269 18625 18743 D DexLoader: WebCoreClassLoader - loadClass(org.chromium.android_webview.AwProxyController,false)...
09-07 16:55:41.269 18625 18775 W FileUtils: Failed to chmod(/data/user/0/com.tencent.mobileqq/app_tbs): android.system.ErrnoException: chmod failed: EACCES (Permission denied)
09-07 16:55:41.270 18625 18771 D DexLoader: WebCoreClassLoader - loadClass(com.tencent.tbsbeacon.event.e,false)...
09-07 16:55:41.270 18625 18775 W FileUtils: Failed to chmod(/data/user/0/com.tencent.mobileqq/app_tbs_common_share): android.system.ErrnoException: chmod failed: EACCES (Permission denied)
09-07 16:55:41.270 18625 18771 D DexLoader: WebCoreClassLoader - loadClass(com.tencent.tbsbeacon.a.b.f$a,false)...
09-07 16:55:41.271 18625 18780 D DexLoader: WebCoreClassLoader - loadClass(com.tencent.tbsbeacon.base.net.c.d,false)...
09-07 16:55:41.271 18625 18783 D DexLoader: WebCoreClassLoader - loadClass(com.tencent.tbsbeacon.base.net.c.d,false)...
09-07 16:55:41.273 18625 18771 D DexLoader: WebCoreClassLoader - loadClass(com.tencent.tbsbeacon.d.a.c,false)...
09-07 16:55:41.273 18625 18771 D DexLoader: WebCoreClassLoader - loadClass(com.tencent.tbsbeacon.event.open.BeaconEvent,false)...
09-07 16:55:41.273 18625 18771 D DexLoader: WebCoreClassLoader - loadClass(com.tencent.tbsbeacon.event.open.BeaconEvent$Builder,false)...
09-07 16:55:41.274 18625 18771 D DexLoader: WebCoreClassLoader - loadClass(com.tencent.tbsbeacon.event.open.EventType,false)...
09-07 16:55:41.274 18625 18743 D DexLoader: WebCoreClassLoader - loadClass(com.tencent.smtt.webkit.o,false)...
09-07 16:55:41.274 18625 18771 D DexLoader: WebCoreClassLoader - loadClass(com.tencent.tbsbeacon.event.open.EventResult$a,false)...
09-07 16:55:41.274 18625 18771 D DexLoader: WebCoreClassLoader - loadClass(com.tencent.tbsbeacon.event.open.EventResult,false)...
09-07 16:55:41.274 18625 18771 D DexLoader: WebCoreClassLoader - loadClass(com.tencent.tbsbeacon.d.c,false)...
09-07 16:55:41.274 18625 18743 D DexLoader: WebCoreClassLoader - loadClass(org.chromium.device.geolocation.a,false)...
09-07 16:55:41.275 18625 18743 D DexLoader: WebCoreClassLoader - loadClass(org.chromium.device.geolocation.LocationProviderFactory,false)...
09-07 16:55:41.276 18625 18771 D DexLoader: WebCoreClassLoader - loadClass(com.tencent.tbsbeacon.d.a.d,false)...
09-07 16:55:41.277 18625 18771 D DexLoader: WebCoreClassLoader - loadClass(com.tencent.tbsbeacon.module.QmspModule$2,false)...
09-07 16:55:41.277 18625 18771 D DexLoader: WebCoreClassLoader - loadClass(com.tencent.tbsbeacon.qimei.IAsyncQimeiListener,false)...
09-07 16:55:41.277 18625 18771 D DexLoader: WebCoreClassLoader - loadClass(com.tencent.tbsbeacon.qimei.d,false)...
09-07 16:55:41.277 18625 18771 D DexLoader: WebCoreClassLoader - loadClass(com.tencent.tbsbeacon.qimei.a,false)...
09-07 16:55:41.277 18625 18783 D DexLoader: WebCoreClassLoader - loadClass(com.tencent.tbsbeacon.qimei.a,false)...
09-07 16:55:41.277 18625 18771 D DexLoader: WebCoreClassLoader - loadClass(com.tencent.tbsbeacon.qimei.Qimei,false)...
09-07 16:55:41.277 18625 18771 D DexLoader: WebCoreClassLoader - loadClass(com.tencent.tbsbeacon.qimei.e,false)...
09-07 16:55:41.282 18625 18783 D DexLoader: WebCoreClassLoader - loadClass(com.tencent.tbsqmsp.sdk.u.U,false)...
09-07 16:55:41.282 18625 18775 D DexLoader: WebCoreClassLoader - loadClass(com.tencent.common.utils.ByteUtils,false)...
09-07 16:55:41.287 18625 18783 D DexLoader: WebCoreClassLoader - loadClass(com.tencent.tbsqmsp.sdk.c.f,false)...
09-07 16:55:41.287 18625 18783 D DexLoader: WebCoreClassLoader - loadClass(com.tencent.tbsqmsp.sdk.app.QmspSDK,false)...
09-07 16:55:41.287 18625 18783 D DexLoader: WebCoreClassLoader - loadClass(com.tencent.tbsqmsp.sdk.app.a,false)...
09-07 16:55:41.287 18625 18783 D DexLoader: WebCoreClassLoader - loadClass(com.tencent.tbsqmsp.sdk.c.i,false)...
09-07 16:55:41.287 18625 18783 D DexLoader: WebCoreClassLoader - loadClass(com.tencent.tbsqmsp.sdk.f.g,false)...
09-07 16:55:41.287 18625 18783 D DexLoader: WebCoreClassLoader - loadClass(com.tencent.tbsqmsp.sdk.b.g,false)...
09-07 16:55:41.288 18625 18783 D DexLoader: WebCoreClassLoader - loadClass(com.tencent.tbsqmsp.sdk.b.g$a,false)...
09-07 16:55:41.288 18625 18783 D DexLoader: WebCoreClassLoader - loadClass(com.tencent.tbsqmsp.sdk.b.f,false)...
09-07 16:55:41.288 18625 18783 D DexLoader: WebCoreClassLoader - loadClass(com.tencent.tbsqmsp.sdk.c.a,false)...
09-07 16:55:41.288 18625 18783 D DexLoader: WebCoreClassLoader - loadClass(com.tencent.tbsqmsp.sdk.f.k,false)...
09-07 16:55:41.288 18625 18783 D DexLoader: WebCoreClassLoader - loadClass(com.tencent.tbsqmsp.sdk.c.f$a,false)...
09-07 16:55:41.288 18625 18783 D DexLoader: WebCoreClassLoader - loadClass(com.tencent.tbsqmsp.sdk.c.a$a,false)...
09-07 16:55:41.288 18625 18783 D DexLoader: WebCoreClassLoader - loadClass(com.tencent.tbsqmsp.sdk.c.b,false)...
09-07 16:55:41.295 18625 18775 D DexLoader: WebCoreClassLoader - loadClass(com.tencent.tbs.common.push.PushDataParserUtils,false)...
09-07 16:55:41.296 18625 18775 D DexLoader: WebCoreClassLoader - loadClass(com.taf.JceInputStream,false)...
09-07 16:55:41.296 18625 18775 D DexLoader: WebCoreClassLoader - loadClass(com.taf.JceDecodeException,false)...
09-07 16:55:41.296 18625 18775 D DexLoader: WebCoreClassLoader - loadClass(com.taf.JceInputStream$HeadData,false)...
09-07 16:55:41.297 18625 18775 D DexLoader: WebCoreClassLoader - loadClass(com.tencent.common.utils.DesUtils,false)...
09-07 16:55:41.298 18625 18775 D DexLoader: WebCoreClassLoader - loadClass(com.tencent.common.utils.HexUtil,false)...
09-07 16:55:41.299 18625 18783 D DexLoader: WebCoreClassLoader - loadClass(com.tencent.tbsqmsp.sdk.a.b,false)...
09-07 16:55:41.305 18625 18783 D DexLoader: WebCoreClassLoader - loadClass(com.tencent.tbsqmsp.sdk.app.b,false)...
09-07 16:55:41.316 18625 18783 D DexLoader: WebCoreClassLoader - loadClass(com.tencent.tbsqmsp.sdk.c.l,false)...
09-07 16:55:41.316 18625 18783 D DexLoader: WebCoreClassLoader - loadClass(com.tencent.tbsqmsp.sdk.c.c,false)...
09-07 16:55:41.317 18625 18783 D DexLoader: WebCoreClassLoader - loadClass(com.tencent.tbsqmsp.sdk.c.n,false)...
09-07 16:55:41.317 18625 18783 D DexLoader: WebCoreClassLoader - loadClass(com.tencent.tbsqmsp.sdk.c.d,false)...
09-07 16:55:41.317 18625 18783 D DexLoader: WebCoreClassLoader - loadClass(com.tencent.tbsqmsp.sdk.c.e,false)...
09-07 16:55:41.317 18625 18775 D DexLoader: WebCoreClassLoader - loadClass(com.tencent.tbs.common.baseinfo.GuidLoader$1,false)...
09-07 16:55:41.317 18625 18783 D DexLoader: WebCoreClassLoader - loadClass(com.tencent.tbsqmsp.sdk.c.n$a,false)...
09-07 16:55:41.317 18625 18783 D DexLoader: WebCoreClassLoader - loadClass(com.tencent.tbsqmsp.sdk.c.f$f,false)...
09-07 16:55:41.317 18625 18783 D DexLoader: WebCoreClassLoader - loadClass(com.tencent.tbsqmsp.sdk.c.f$b,false)...
09-07 16:55:41.319 18625 18749 D DexLoader: WebCoreClassLoader - loadClass(com.tencent.tbs.common.stat.PageLoadInfoData,false)...
09-07 16:55:41.320 18625 18770 D DexLoader: WebCoreClassLoader - loadClass(com.tencent.tbs.common.config.DefaultConfigurationManager$X5Mode,false)...
09-07 16:55:41.320 18625 18749 D DexLoader: WebCoreClassLoader - loadClass(com.tencent.tbs.common.stat.TBSPageLoadInfoManager$a,false)...
09-07 16:55:41.321 18625 18770 D DexLoader: WebCoreClassLoader - loadClass(com.tencent.tbs.common.baseinfo.TbsUserInfo$IplistHandler,false)...
09-07 16:55:41.325 18625 18770 D DexLoader: WebCoreClassLoader - loadClass(com.tencent.tbs.common.baseinfo.TbsUserInfoDataProvider,false)...
09-07 16:55:41.325 18625 18770 D DexLoader: WebCoreClassLoader - loadClass(com.tencent.tbs.common.baseinfo.TbsUserInfoDataProvider$a,false)...
09-07 16:55:41.326 18625 18770 D DexLoader: WebCoreClassLoader - loadClass(com.tencent.tbs.common.baseinfo.NioFileUtils,false)...
09-07 16:55:41.326 18625 18770 D DexLoader: WebCoreClassLoader - loadClass(com.tencent.tbs.common.baseinfo.NioFileUtils$a,false)...
09-07 16:55:41.327 18625 18783 D DexLoader: WebCoreClassLoader - loadClass(com.tencent.tbsqmsp.sdk.a.c,false)...
09-07 16:55:41.333 18625 18770 D DexLoader: WebCoreClassLoader - loadClass(com.tencent.tbs.common.utils.AES256Utils,false)...
09-07 16:55:41.339 18625 18783 D DexLoader: WebCoreClassLoader - loadClass(com.tencent.tbsqmsp.sdk.c.g,false)...
09-07 16:55:41.339 18625 18749 D DexLoader: WebCoreClassLoader - loadClass(com.tencent.tbs.common.stat.TBSPageLoadInfoManager$2,false)...
09-07 16:55:41.340 18625 18783 D DexLoader: WebCoreClassLoader - loadClass(com.tencent.tbsqmsp.sdk.c.m,false)...
09-07 16:55:41.341 18625 18783 D DexLoader: WebCoreClassLoader - loadClass(com.tencent.tbsqmsp.sdk.c.k,false)...
09-07 16:55:41.341 18625 18783 D DexLoader: WebCoreClassLoader - loadClass(com.tencent.tbsqmsp.sdk.c.j,false)...
09-07 16:55:41.341 18625 18783 D DexLoader: WebCoreClassLoader - loadClass(com.tencent.tbsqmsp.sdk.c.k$g,false)...
09-07 16:55:41.341 18625 18783 D DexLoader: WebCoreClassLoader - loadClass(com.tencent.tbsqmsp.sdk.c.k$a,false)...
09-07 16:55:41.341 18625 18783 D DexLoader: WebCoreClassLoader - loadClass(com.tencent.tbsqmsp.sdk.c.g$c,false)...
09-07 16:55:41.341 18625 18783 D DexLoader: WebCoreClassLoader - loadClass(com.tencent.tbsqmsp.sdk.c.f$c,false)...
09-07 16:55:41.341 18625 18783 D DexLoader: WebCoreClassLoader - loadClass(com.tencent.tbsqmsp.sdk.c.f$d,false)...
09-07 16:55:41.342 18625 18783 D DexLoader: WebCoreClassLoader - loadClass(com.tencent.tbsqmsp.sdk.e.b,false)...
09-07 16:55:41.342 18625 18783 D DexLoader: WebCoreClassLoader - loadClass(com.tencent.tbsqmsp.sdk.e.b$a,false)...
09-07 16:55:41.342 18625 18783 D DexLoader: WebCoreClassLoader - loadClass(com.tencent.tbsqmsp.sdk.a.a,false)...
09-07 16:55:41.342 18625 18783 D DexLoader: WebCoreClassLoader - loadClass(com.tencent.tbsqmsp.sdk.a.g,false)...
09-07 16:55:41.342 18625 18783 D DexLoader: WebCoreClassLoader - loadClass(com.tencent.tbsqmsp.sdk.a.f,false)...
09-07 16:55:41.343 18625 18783 D DexLoader: WebCoreClassLoader - loadClass(com.tencent.tbsqmsp.sdk.a.d,false)...
09-07 16:55:41.343 18625 18783 D DexLoader: WebCoreClassLoader - loadClass(com.tencent.tbsqmsp.sdk.a.e,false)...
09-07 16:55:41.344 18625 18749 D DexLoader: WebCoreClassLoader - loadClass(com.tencent.common.serverconfig.WupServerConfigsWrapper,false)...
09-07 16:55:41.346 18625 18770 D DexLoader: WebCoreClassLoader - loadClass(com.tencent.tbs.common.baseinfo.TbsUserInfo$a,false)...
09-07 16:55:41.347 18625 18749 D DexLoader: WebCoreClassLoader - loadClass(com.tencent.common.serverconfig.WupProxyDomainRouter,false)...
09-07 16:55:41.347 18625 18749 D DexLoader: WebCoreClassLoader - loadClass(com.tencent.common.serverconfig.netchecker.BaseWupSelfChecker$ISelfCheckCallback,false)...
09-07 16:55:41.347 18625 18783 D DexLoader: WebCoreClassLoader - loadClass(com.tencent.tbsqmsp.sdk.f.e,false)...
09-07 16:55:41.347 18625 18749 D DexLoader: WebCoreClassLoader - loadClass(com.tencent.common.serverconfig.WupProxyDomainRouter$WupProxyAddress,false)...
09-07 16:55:41.348 18625 18749 D DexLoader: WebCoreClassLoader - loadClass(com.tencent.common.serverconfig.b,false)...
09-07 16:55:41.348 18625 18749 D DexLoader: WebCoreClassLoader - loadClass(com.tencent.common.serverconfig.IPListUtils,false)...
09-07 16:55:41.352 18625 18783 D DexLoader: WebCoreClassLoader - loadClass(com.tencent.tbsqmsp.sdk.a.f$a,false)...
09-07 16:55:41.353 18625 18788 D DexLoader: WebCoreClassLoader - loadClass(com.tencent.tbsqmsp.sdk.a.f$b,false)...
09-07 16:55:41.353 18625 18788 D DexLoader: WebCoreClassLoader - loadClass(com.tencent.tbsqmsp.sdk.b.e,false)...
09-07 16:55:41.354 18625 18749 D DexLoader: WebCoreClassLoader - loadClass(com.tencent.common.serverconfig.ConnectivityChangeHandler,false)...
09-07 16:55:41.354 18625 18788 D DexLoader: WebCoreClassLoader - loadClass(com.tencent.tbsqmsp.sdk.b.a,false)...
09-07 16:55:41.354 18625 18788 D DexLoader: WebCoreClassLoader - loadClass(com.tencent.tbsqmsp.sdk.b.a$b,false)...
09-07 16:55:41.354 18625 18788 D DexLoader: WebCoreClassLoader - loadClass(com.tencent.tbsqmsp.sdk.b.a$c,false)...
09-07 16:55:41.355 18625 18770 D DexLoader: WebCoreClassLoader - loadClass(com.tencent.tbs.common.baseinfo.TbsDomainListDataProvider$a,false)...
09-07 16:55:41.357 18625 18749 D DexLoader: WebCoreClassLoader - loadClass(com.tencent.common.serverconfig.ConnectivityChangeHandler$1,false)...
09-07 16:55:41.367 18625 18625 D WebViewCookieHelper: [main] ssoToken: 63183ada3fec334944f42641|3a58176013f0e800f2cf13915ebe0e89|1662532314|475284e56124b786
09-07 16:55:41.368 18625 18749 D DexLoader: WebCoreClassLoader - loadClass(com.tencent.common.serverconfig.WupServerConfigsWrapper$a,false)...
09-07 16:55:41.368 18625 18749 D DexLoader: WebCoreClassLoader - loadClass(com.tencent.common.serverconfig.WupServerConfigsWrapper$b,false)...
09-07 16:55:41.370 18625 18625 D DexLoader: WebCoreClassLoader - loadClass(org.chromium.android_webview.bw$a,false)...
09-07 16:55:41.371 18625 18749 D DexLoader: WebCoreClassLoader - loadClass(com.tencent.common.serverconfig.IPListDataManager,false)...
09-07 16:55:41.372 18625 18749 D DexLoader: WebCoreClassLoader - loadClass(com.tencent.common.utils.FileUtilsF,false)...
09-07 16:55:41.372 18625 18625 D DexLoader: WebCoreClassLoader - loadClass(org.chromium.android_webview.common.CommandLineUtilInternal,false)...
09-07 16:55:41.374 18625 18625 D DexLoader: WebCoreClassLoader - loadClass(org.chromium.base.task.-$$Lambda$6k6vfMfLpVStq0ePYu6GFEvZfIk,false)...
09-07 16:55:41.374 18625 18625 D DexLoader: WebCoreClassLoader - loadClass(org.chromium.base.task.-$$Lambda$d$1$ozEh0BdT_VD0QDFDFt5pSn1pbFw,false)...
09-07 16:55:41.378 18625 18625 D DexLoader: WebCoreClassLoader - loadClass(com.tencent.smtt.d.a,false)...
09-07 16:55:41.379 18625 18625 D DexLoader: WebCoreClassLoader - loadClass(com.tencent.smtt.d.a$c,false)...
09-07 16:55:41.379 18625 18625 I MultiProcess: Fallback service has disabled
09-07 16:55:41.379 18625 18625 I MultiProcess: No sandbox if not isolated has enabled
09-07 16:55:41.379 18625 18625 I MultiProcess: Auto recovery has disabled
09-07 16:55:41.401 18625 18625 D DexLoader: WebCoreClassLoader - loadClass(com.tencent.smtt.d.b,false)...
09-07 16:55:41.402 18625 18625 D DexLoader: WebCoreClassLoader - loadClass(com.tencent.smtt.d.b$1,false)...
09-07 16:55:41.403   588   588 E SELinux : avc:  denied  { find } for interface=android.hardware.memtrack::IMemtrack sid=u:r:untrusted_app:s0:c100,c258,c512,c768 pid=18625 scontext=u:r:untrusted_app:s0:c100,c258,c512,c768 tcontext=u:object_r:hal_memtrack_hwservice:s0 tclass=hwservice_manager permissive=0
09-07 16:55:41.403 18625 18625 I MultiProcess: Type 0: 0 is chosen when multi-process is not enabled
09-07 16:55:41.404 18625 18625 D DexLoader: WebCoreClassLoader - loadClass(com.tencent.smtt.d.a$1,false)...
09-07 16:55:41.404 18625 18625 D DexLoader: WebCoreClassLoader - loadClass(org.chromium.tencent.ChildProcessExitObserver$a,false)...
09-07 16:55:41.404 18625 18625 D DexLoader: WebCoreClassLoader - loadClass(org.chromium.tencent.ChildProcessExitObserver,false)...
09-07 16:55:41.407 18625 18773 E memtrack: Couldn't load memtrack module
09-07 16:55:41.407 18625 18773 W android.os.Debug: failed to get memory consumption info: -1
09-07 16:55:41.413 18625 18625 D DexLoader: WebCoreClassLoader - loadClass(org.chromium.android_webview.m,false)...
09-07 16:55:41.413 18625 18625 D DexLoader: WebCoreClassLoader - loadClass(org.chromium.android_webview.n,false)...
09-07 16:55:41.413 18625 18625 D DexLoader: WebCoreClassLoader - loadClass(org.chromium.android_webview.m$b,false)...
09-07 16:55:41.413 18625 18625 D DexLoader: WebCoreClassLoader - loadClass(org.chromium.android_webview.n$1,false)...
09-07 16:55:41.414 18625 18625 D DexLoader: WebCoreClassLoader - loadClass(org.chromium.base.BuildInfo$a,false)...
09-07 16:55:41.418 18625 18749 D DexLoader: WebCoreClassLoader - loadClass(com.tencent.tbs.common.wup.WUPTaskProxy,false)...
09-07 16:55:41.420 18625 18749 D DexLoader: WebCoreClassLoader - loadClass(com.tencent.common.wup.WUPTaskClient,false)...
09-07 16:55:41.420 18625 18749 D DexLoader: WebCoreClassLoader - loadClass(com.tencent.common.wup.WUPTaskObserver,false)...
09-07 16:55:41.420 18625 18749 D DexLoader: WebCoreClassLoader - loadClass(com.tencent.mtt.base.task.TaskObserver,false)...
09-07 16:55:41.421 18625 18749 D DexLoader: WebCoreClassLoader - loadClass(com.tencent.common.wup.base.WupAccessController,false)...
09-07 16:55:41.421 18625 18749 D DexLoader: WebCoreClassLoader - loadClass(com.tencent.common.wup.base.WupOaepEncryptController,false)...
09-07 16:55:41.423 18625 18625 D DexLoader: WebCoreClassLoader - loadClass(com.tencent.mtt.base.utils.ApiCompat,false)...
09-07 16:55:41.424 18625 18625 D DexLoader: WebCoreClassLoader - loadClass(com.tencent.mtt.base.utils.DeviceYearClass,false)...
09-07 16:55:41.426 18625 18625 D DexLoader: WebCoreClassLoader - loadClass(com.tencent.mtt.base.utils.DeviceUtilsF$a,false)...
09-07 16:55:41.426 18625 18625 D DexLoader: WebCoreClassLoader - loadClass(com.tencent.mtt.base.utils.FileListJNI,false)...
09-07 16:55:41.428 18625 18625 D DexLoader: WebCoreClassLoader - loadClass(com.tencent.mtt.base.utils.DeviceUtilsF$1,false)...
09-07 16:55:41.468 18625 18625 I WebViewFactory: Loading com.google.android.webview version 104.0.5112.97 (code 511209703)
09-07 16:55:41.480 18625 18788 D DexLoader: WebCoreClassLoader - loadClass(com.tencent.tbsqmsp.sdk.b.a$a,false)...
09-07 16:55:41.482 18625 18770 D DexLoader: WebCoreClassLoader - loadClass(com.tencent.tbs.common.baseinfo.GodCmdWupManager,false)...
09-07 16:55:41.483 18625 18770 D DexLoader: WebCoreClassLoader - loadClass(com.tencent.tbs.common.baseinfo.GodCmdWupManager$a,false)...
09-07 16:55:41.484 18625 18773 D DexLoader: WebCoreClassLoader - loadClass(com.tencent.smtt.memory.X5MemoryPressureMonitor$1,false)...
09-07 16:55:41.487 18625 18770 D DexLoader: WebCoreClassLoader - loadClass(com.tencent.tbs.ad.ITbsAdBridge,false)...
09-07 16:55:41.487 18625 18770 D DexLoader: WebCoreClassLoader - loadClass(com.tencent.tbs.ad.TbsAdProxy$WupTaskPreferencesCallbackImpl,false)...
09-07 16:55:41.487 18625 18770 D DexLoader: WebCoreClassLoader - loadClass(com.tencent.tbs.common.baseinfo.IWupTaskPreferencesCallback,false)...
09-07 16:55:41.488 18625 18770 D DexLoader: WebCoreClassLoader - loadClass(com.tencent.tbs.ad.TbsAdProxy$4,false)...
09-07 16:55:41.488 18625 18770 D DexLoader: WebCoreClassLoader - loadClass(com.tencent.common.utils.ZipUtils,false)...
09-07 16:55:41.488 18625 18770 D DexLoader: WebCoreClassLoader - loadClass(com.tencent.tbs.ad.TbsAdProxy$2,false)...
09-07 16:55:41.488 18625 18770 D DexLoader: WebCoreClassLoader - loadClass(com.tencent.tbs.ad.TbsAdProxy$3,false)...
09-07 16:55:41.489 18625 18770 D DexLoader: WebCoreClassLoader - loadClass(com.tencent.tbs.common.plugin.TBSPluginCallback$LoadCallback,false)...
