09-07 16:55:41.013 18625 18743 D DexLoader: WebCoreClassLoader - loadClass(org.chromium.android_webview.AwContents,false)...
09-07 16:55:41.013 18625 18718 D DexLoader: WebCoreClassLoader - loadClass(com.tencent.common.utils.MttLoader,false)...
09-07 16:55:41.013 18625 18718 D DexLoader: WebCoreClassLoader - loadClass(com.tencent.smtt.export.external.interfaces.IX5WebSettings,false)...
09-07 16:55:41.014 18625 18744 D DexLoader: WebCoreClassLoader - loadClass(org.chromium.ui.base.l,false)...
09-07 16:55:41.014 18625 18743 D DexLoader: WebCoreClassLoader - loadClass(com.tencent.smtt.util.e,false)...
09-07 16:55:41.014 18625 18758 D DexLoader: WebCoreClassLoader - loadClass(com.tencent.mtt.browser.download.engine.PauseReason,false)...
09-07 16:55:41.014 18625 18743 D DexLoader: WebCoreClassLoader - loadClass(com.tencent.smtt.webkit.r$a,false)...
09-07 16:55:41.014 18625 18744 D DexLoader: WebCoreClassLoader - loadClass(org.chromium.ui.base.WindowAndroid,false)...
09-07 16:55:41.014 18625 18718 D DexLoader: WebCoreClassLoader - loadClass(com.tencent.tbs.tbsshell.partner.reader.service.q$1,false)...
09-07 16:55:41.014 18625 18744 D DexLoader: WebCoreClassLoader - loadClass(org.chromium.ui.base.d,false)...
09-07 16:55:41.014 18625 18718 D DexLoader: WebCoreClassLoader - loadClass(com.tencent.tbs.common.MTT.AesEncryptReq,false)...
09-07 16:55:41.014 18625 18718 D DexLoader: WebCoreClassLoader - loadClass(com.tencent.tbs.tbsshell.partner.reader.service.q$2,false)...
09-07 16:55:41.014 18625 18744 D DexLoader: WebCoreClassLoader - loadClass(org.chromium.ui.base.m,false)...
09-07 16:55:41.015 18625 18744 D DexLoader: WebCoreClassLoader - loadClass(org.chromium.ui.base.c,false)...
09-07 16:55:41.015 18625 18744 D DexLoader: WebCoreClassLoader - loadClass(org.chromium.base.ApplicationStatus$b,false)...
09-07 16:55:41.015 18625 18718 D DexLoader: WebCoreClassLoader - loadClass(com.tencent.tbs.tbsshell.partner.reader.service.q$3,false)...
09-07 16:55:41.015 18625 18743 D DexLoader: WebCoreClassLoader - loadClass(org.chromium.content_public.browser.NavigationHandle,false)...
09-07 16:55:41.015 18625 18743 D DexLoader: WebCoreClassLoader - loadClass(org.chromium.url.GURL,false)...
09-07 16:55:41.015 18625 18744 D DexLoader: WebCoreClassLoader - loadClass(org.chromium.ui.k,false)...
09-07 16:55:41.015 18625 18744 D DexLoader: WebCoreClassLoader - loadClass(org.chromium.base.am,false)...
09-07 16:55:41.015 18625 18743 D DexLoader: WebCoreClassLoader - loadClass(com.tencent.tbs.core.webkit.tencent.TencentWebViewProxy$2,false)...
09-07 16:55:41.015 18625 18744 D DexLoader: WebCoreClassLoader - loadClass(org.chromium.base.b.d,false)...
09-07 16:55:41.015 18625 18744 D DexLoader: WebCoreClassLoader - loadClass(org.chromium.base.b.c,false)...
09-07 16:55:41.016 18625 18744 D DexLoader: WebCoreClassLoader - loadClass(org.chromium.base.b.h,false)...
09-07 16:55:41.016 18625 18758 D DexLoader: WebCoreClassLoader - loadClass(com.tencent.mtt.browser.download.engine.db.DownloadDBStore$3,false)...
09-07 16:55:41.016 18625 18744 D DexLoader: WebCoreClassLoader - loadClass(org.chromium.ui.base.f,false)...
09-07 16:55:41.016 18625 18758 D DexLoader: WebCoreClassLoader - loadClass(com.tencent.mtt.browser.download.engine.db.DownloadDBStore$c,false)...
09-07 16:55:41.016 18625 18758 D DexLoader: WebCoreClassLoader - loadClass(com.tencent.mtt.browser.download.engine.db.DownloadDBStore$d,false)...
09-07 16:55:41.016 18625 18758 D DexLoader: WebCoreClassLoader - loadClass(com.tencent.mtt.browser.download.engine.db.ICursorQuery,false)...
09-07 16:55:41.016 18625 18744 D DexLoader: WebCoreClassLoader - loadClass(org.chromium.base.bb,false)...
09-07 16:55:41.016 18625 18744 D DexLoader: WebCoreClassLoader - loadClass(org.chromium.base.ThreadUtils$a,false)...
09-07 16:55:41.016 18625 18744 D DexLoader: WebCoreClassLoader - loadClass(org.chromium.base.LifetimeAssert,false)...
09-07 16:55:41.018 18625 18744 D DexLoader: WebCoreClassLoader - loadClass(org.chromium.base.a.c,false)...
09-07 16:55:41.019 18625 18744 D DexLoader: WebCoreClassLoader - loadClass(org.chromium.ui.base.b,false)...
09-07 16:55:41.019 18625 18744 D DexLoader: WebCoreClassLoader - loadClass(org.chromium.ui.base.e,false)...
09-07 16:55:41.019 18625 18744 D DexLoader: WebCoreClassLoader - loadClass(org.chromium.ui.base.a,false)...
09-07 16:55:41.019 18625 18744 D DexLoader: WebCoreClassLoader - loadClass(org.chromium.android_webview.AwContents$v,false)...
09-07 16:55:41.019 18625 18718 D DexLoader: WebCoreClassLoader - loadClass(com.tencent.tbs.reader.service.ITbsMiniQB,false)...
09-07 16:55:41.020 18625 18718 D DexLoader: WebCoreClassLoader - loadClass(com.tencent.tbs.tbsshell.partner.reader.service.TbsMiniQBService,false)...
09-07 16:55:41.020 18625 18744 D DexLoader: WebCoreClassLoader - loadClass(org.chromium.android_webview.ba$1,false)...
09-07 16:55:41.020 18625 18744 D DexLoader: WebCoreClassLoader - loadClass(org.chromium.android_webview.ba,false)...
09-07 16:55:41.020 18625 18758 D DexLoader: WebCoreClassLoader - loadClass(com.tencent.mtt.browser.download.engine.DownloadTask,false)...
09-07 16:55:41.021 18625 18744 D DexLoader: WebCoreClassLoader - loadClass(org.chromium.android_webview.AwContents$v$a,false)...
09-07 16:55:41.021 18625 18743 D DexLoader: WebCoreClassLoader - loadClass(com.tencent.smtt.export.external.interfaces.IX5WebViewBase$HitTestResult,false)...
09-07 16:55:41.021 18625 18744 D DexLoader: WebCoreClassLoader - loadClass(org.chromium.ui.base.ViewAndroidDelegate,false)...
09-07 16:55:41.021 18625 18744 D DexLoader: WebCoreClassLoader - loadClass(org.chromium.android_webview.au,false)...
09-07 16:55:41.022 18625 18744 D DexLoader: WebCoreClassLoader - loadClass(org.chromium.android_webview.AwContents$u,false)...
09-07 16:55:41.022 18625 18744 D DexLoader: WebCoreClassLoader - loadClass(org.chromium.content_public.browser.WebContents$a,false)...
09-07 16:55:41.022 18625 18744 D DexLoader: WebCoreClassLoader - loadClass(org.chromium.content.browser.webcontents.WebContentsImpl$c,false)...
09-07 16:55:41.022 18625 18744 D DexLoader: WebCoreClassLoader - loadClass(org.chromium.content_public.browser.ap,false)...
09-07 16:55:41.022 18625 18744 D DexLoader: WebCoreClassLoader - loadClass(org.chromium.base.be,false)...
09-07 16:55:41.022 18625 18744 D DexLoader: WebCoreClassLoader - loadClass(org.chromium.content.browser.af,false)...
09-07 16:55:41.022 18625 18744 D DexLoader: WebCoreClassLoader - loadClass(org.chromium.content_public.browser.ac,false)...
09-07 16:55:41.022 18625 18744 D DexLoader: WebCoreClassLoader - loadClass(org.chromium.content.browser.webcontents.a$1,false)...
09-07 16:55:41.023 18625 18743 D DexLoader: WebCoreClassLoader - loadClass(com.tencent.smtt.export.external.interfaces.IX5WebChromeClient,false)...
09-07 16:55:41.023 18625 18744 D DexLoader: WebCoreClassLoader - loadClass(org.chromium.content.browser.webcontents.a,false)...
09-07 16:55:41.023 18625 18744 D DexLoader: WebCoreClassLoader - loadClass(org.chromium.content.browser.webcontents.WebContentsImpl$a,false)...
09-07 16:55:41.023 18625 18743 D DexLoader: WebCoreClassLoader - loadClass(com.tencent.smtt.export.external.interfaces.IX5WebViewClient,false)...
09-07 16:55:41.023 18625 18744 D DexLoader: WebCoreClassLoader - loadClass(org.chromium.ui.base.z$1,false)...
09-07 16:55:41.023 18625 18744 D DexLoader: WebCoreClassLoader - loadClass(org.chromium.ui.base.z,false)...
09-07 16:55:41.023 18625 18744 D DexLoader: WebCoreClassLoader - loadClass(org.chromium.ui.base.WindowAndroid$c,false)...
09-07 16:55:41.024 18625 18744 D DexLoader: WebCoreClassLoader - loadClass(org.chromium.content.browser.ap,false)...
09-07 16:55:41.024 18625 18744 D DexLoader: WebCoreClassLoader - loadClass(org.chromium.base.bd,false)...
09-07 16:55:41.024 18625 18749 D DexLoader: WebCoreClassLoader - loadClass(com.tencent.mtt.external.reader.resource.ReaderResources,false)...
09-07 16:55:41.024 18625 18744 D DexLoader: WebCoreClassLoader - loadClass(org.chromium.content.browser.an,false)...
09-07 16:55:41.024 18625 18744 D DexLoader: WebCoreClassLoader - loadClass(org.chromium.content_public.browser.am,false)...
09-07 16:55:41.024 18625 18744 D DexLoader: WebCoreClassLoader - loadClass(org.chromium.ui.base.WindowAndroid$a,false)...
09-07 16:55:41.024 18625 18744 D DexLoader: WebCoreClassLoader - loadClass(org.chromium.content.browser.GestureListenerManagerImpl,false)...
09-07 16:55:41.024 18625 18744 D DexLoader: WebCoreClassLoader - loadClass(org.chromium.content_public.browser.l,false)...
09-07 16:55:41.024 18625 18744 D DexLoader: WebCoreClassLoader - loadClass(org.chromium.content.browser.GestureListenerManagerImpl$a,false)...
09-07 16:55:41.024 18625 18744 D DexLoader: WebCoreClassLoader - loadClass(org.chromium.content.browser.webcontents.WebContentsImpl$b,false)...
09-07 16:55:41.025 18625 18744 D DexLoader: WebCoreClassLoader - loadClass(org.chromium.tencent.content.browser.TencentGestureListenerManagerImpl,false)...
09-07 16:55:41.025 18625 18744 D DexLoader: WebCoreClassLoader - loadClass(org.chromium.content.browser.v$1,false)...
09-07 16:55:41.025 18625 18744 D DexLoader: WebCoreClassLoader - loadClass(org.chromium.content.browser.v,false)...
09-07 16:55:41.025 18625 18744 D DexLoader: WebCoreClassLoader - loadClass(org.chromium.content.browser.GestureListenerManagerImpl$b,false)...
09-07 16:55:41.025 18625 18744 D DexLoader: WebCoreClassLoader - loadClass(org.chromium.content.browser.ContentUiEventHandler,false)...
09-07 16:55:41.025 18625 18744 D DexLoader: WebCoreClassLoader - loadClass(org.chromium.content.browser.p$1,false)...
09-07 16:55:41.025 18625 18744 D DexLoader: WebCoreClassLoader - loadClass(org.chromium.content.browser.p,false)...
09-07 16:55:41.025 18625 18744 D DexLoader: WebCoreClassLoader - loadClass(org.chromium.content.browser.ContentUiEventHandler$a,false)...
09-07 16:55:41.025 18625 18744 D DexLoader: WebCoreClassLoader - loadClass(org.chromium.content_public.browser.a$a,false)...
09-07 16:55:41.025 18625 18743 D DexLoader: WebCoreClassLoader - loadClass(com.tencent.tbs.core.webkit.tencent.TencentWebViewProxy$InspectorServiceListener,false)...
09-07 16:55:41.025 18625 18744 D DexLoader: WebCoreClassLoader - loadClass(org.chromium.content_public.browser.a,false)...
09-07 16:55:41.026 18625 18744 D DexLoader: WebCoreClassLoader - loadClass(org.chromium.content.browser.selection.SelectionPopupControllerImpl,false)...
09-07 16:55:41.026 18625 18744 D DexLoader: WebCoreClassLoader - loadClass(org.chromium.content.browser.ae$a,false)...
09-07 16:55:41.026 18625 18744 D DexLoader: WebCoreClassLoader - loadClass(org.chromium.content_public.browser.ai,false)...
09-07 16:55:41.026 18625 18744 D DexLoader: WebCoreClassLoader - loadClass(org.chromium.content_public.browser.p,false)...
09-07 16:55:41.026 18625 18744 D DexLoader: WebCoreClassLoader - loadClass(org.chromium.ui.base.ViewAndroidDelegate$a,false)...
09-07 16:55:41.026 18625 18744 D DexLoader: WebCoreClassLoader - loadClass(org.chromium.content.browser.ae,false)...
09-07 16:55:41.026 18625 18744 D DexLoader: WebCoreClassLoader - loadClass(org.chromium.content.browser.selection.SelectionPopupControllerImpl$1,false)...
09-07 16:55:41.026 18625 18744 D DexLoader: WebCoreClassLoader - loadClass(org.chromium.content.browser.selection.m,false)...
09-07 16:55:41.027 18625 18744 D DexLoader: WebCoreClassLoader - loadClass(org.chromium.content.browser.selection.SelectionPopupControllerImpl$b,false)...
09-07 16:55:41.027 18625 18744 D DexLoader: WebCoreClassLoader - loadClass(org.chromium.content.browser.input.ImeAdapterImpl,false)...
09-07 16:55:41.027 18625 18744 D DexLoader: WebCoreClassLoader - loadClass(org.chromium.content_public.browser.o,false)...
09-07 16:55:41.027 18625 18744 D DexLoader: WebCoreClassLoader - loadClass(org.chromium.content_public.browser.q$a,false)...
09-07 16:55:41.027 18625 18744 D DexLoader: WebCoreClassLoader - loadClass(org.chromium.content.browser.selection.SelectionPopupControllerImpl$d,false)...
09-07 16:55:41.027 18625 18744 D DexLoader: WebCoreClassLoader - loadClass(org.chromium.content_public.browser.ag$b,false)...
09-07 16:55:41.027 18625 18743 D DexLoader: WebCoreClassLoader - loadClass(com.tencent.tbs.core.webkit.tencent.TencentWebViewProxy$3,false)...
09-07 16:55:41.027 18625 18744 D DexLoader: WebCoreClassLoader - loadClass(org.chromium.content.browser.m,false)...
09-07 16:55:41.027 18625 18744 D DexLoader: WebCoreClassLoader - loadClass(org.chromium.content.browser.selection.a,false)...
09-07 16:55:41.027 18625 18744 D DexLoader: WebCoreClassLoader - loadClass(org.chromium.content.browser.k,false)...
09-07 16:55:41.027 18625 18744 D DexLoader: WebCoreClassLoader - loadClass(org.chromium.content.browser.RenderWidgetHostViewImpl,false)...
09-07 16:55:41.027 18625 18744 D DexLoader: WebCoreClassLoader - loadClass(org.chromium.content_public.browser.ad,false)...
09-07 16:55:41.028 18625 18744 D DexLoader: WebCoreClassLoader - loadClass(org.chromium.content.browser.selection.SelectionPopupControllerImpl$2,false)...
09-07 16:55:41.028 18625 18744 D DexLoader: WebCoreClassLoader - loadClass(org.chromium.content.browser.selection.j$a,false)...
09-07 16:55:41.028 18625 18744 D DexLoader: WebCoreClassLoader - loadClass(org.chromium.content.browser.selection.d,false)...
09-07 16:55:41.028 18625 18744 D DexLoader: WebCoreClassLoader - loadClass(org.chromium.content.browser.selection.j,false)...
09-07 16:55:41.028 18625 18743 D DexLoader: WebCoreClassLoader - loadClass(com.tencent.smtt.export.external.interfaces.DownloadListener,false)...
09-07 16:55:41.028 18625 18744 D DexLoader: WebCoreClassLoader - loadClass(org.chromium.content.browser.selection.f,false)...
09-07 16:55:41.028 18625 18744 D DexLoader: WebCoreClassLoader - loadClass(org.chromium.base.a.a,false)...
09-07 16:55:41.028 18625 18744 D DexLoader: WebCoreClassLoader - loadClass(org.chromium.base.ag,false)...
09-07 16:55:41.028 18625 18743 D DexLoader: WebCoreClassLoader - loadClass(com.tencent.tbs.core.webkit.tencent.a,false)...
09-07 16:55:41.028 18625 18744 D DexLoader: WebCoreClassLoader - loadClass(org.chromium.content.browser.selection.SelectionPopupControllerImpl$e,false)...
09-07 16:55:41.029 18625 18744 D DexLoader: WebCoreClassLoader - loadClass(org.chromium.content_public.browser.ag$a,false)...
09-07 16:55:41.029 18625 18743 D DexLoader: WebCoreClassLoader - loadClass(com.tencent.smtt.export.external.interfaces.IX5WebViewBase$FindListener,false)...
09-07 16:55:41.029 18625 18744 D DexLoader: WebCoreClassLoader - loadClass(org.chromium.content.R$menu,false)...
09-07 16:55:41.029 18625 18743 D DexLoader: WebCoreClassLoader - loadClass(com.tencent.tbs.core.webkit.WebView$a,false)...
09-07 16:55:41.029 18625 18743 D DexLoader: WebCoreClassLoader - loadClass(com.tencent.tbs.core.webkit.tencent.TencentWebViewProxy$4,false)...
09-07 16:55:41.029 18625 18744 D DexLoader: WebCoreClassLoader - loadClass(org.chromium.content.R$menu,false)...
09-07 16:55:41.029 18625 18743 D DexLoader: WebCoreClassLoader - loadClass(com.tencent.smtt.export.external.interfaces.IX5WebViewBase$PictureListener,false)...
09-07 16:55:41.030 18625 18743 D DexLoader: WebCoreClassLoader - loadClass(com.tencent.tbs.core.webkit.WebView$d,false)...
09-07 16:55:41.030 18625 18744 D DexLoader: WebCoreClassLoader - loadClass(org.chromium.content.R$menu,false)...
09-07 16:55:41.030 18625 18743 D DexLoader: WebCoreClassLoader - loadClass(com.tencent.tbs.core.webkit.tencent.TencentWebViewProxy$5,false)...
09-07 16:55:41.030 18625 18743 D DexLoader: WebCoreClassLoader - loadClass(com.tencent.smtt.export.external.interfaces.ISelectionInterface,false)...
09-07 16:55:41.030 18625 18744 D DexLoader: WebCoreClassLoader - loadClass(org.chromium.base.metrics.RecordUserAction,false)...
09-07 16:55:41.030 18625 18743 D DexLoader: WebCoreClassLoader - loadClass(com.tencent.smtt.export.external.interfaces.IX5WebBackForwardListClient,false)...
09-07 16:55:41.030 18625 18718 D DexLoader: WebCoreClassLoader - loadClass(com.tencent.tbs.common.settings.SafetySharedPreference$1,false)...
09-07 16:55:41.030 18625 18744 D DexLoader: WebCoreClassLoader - loadClass(org.chromium.content.browser.selection.SelectionPopupControllerImpl$3,false)...
09-07 16:55:41.030 18625 18744 D DexLoader: WebCoreClassLoader - loadClass(org.chromium.ui.base.WindowAndroid$b,false)...
09-07 16:55:41.031 18625 18718 D DexLoader: WebCoreClassLoader - loadClass(com.tencent.tbs.common.utils.DeviceUtils,false)...
09-07 16:55:41.031 18625 18744 D DexLoader: WebCoreClassLoader - loadClass(org.chromium.content.R$id,false)...
09-07 16:55:41.031 18625 18718 D DexLoader: WebCoreClassLoader - loadClass(com.tencent.tbs.common.lbs.DonutAdapter,false)...
09-07 16:55:41.031 18625 18749 D DexLoader: WebCoreClassLoader - loadClass(com.tencent.common.utils.CpuInfoUtils,false)...
09-07 16:55:41.031 18625 18749 D DexLoader: WebCoreClassLoader - loadClass(com.tencent.common.utils.LinuxToolsJni,false)...
09-07 16:55:41.031 18625 18718 D DexLoader: WebCoreClassLoader - loadClass(com.tencent.tbs.common.settings.SafetySharedPreference$1$1,false)...
09-07 16:55:41.031 18625 18749 D DexLoader: WebCoreClassLoader - loadClass(com.tencent.common.utils.QBSoLoader,false)...
09-07 16:55:41.031 18625 18744 D DexLoader: WebCoreClassLoader - loadClass(org.chromium.content.R$id,false)...
09-07 16:55:41.032 18625 18744 D DexLoader: WebCoreClassLoader - loadClass(org.chromium.content.browser.selection.-$$Lambda$SelectionPopupControllerImpl$hxv5vSHmqZ8gZBI5fiAJSUN8k30,false)...
09-07 16:55:41.032 18625 18744 D DexLoader: WebCoreClassLoader - loadClass(org.chromium.content.browser.selection.SelectionPopupControllerImpl$c,false)...
09-07 16:55:41.032 18625 18744 D DexLoader: WebCoreClassLoader - loadClass(org.chromium.content.browser.selection.l,false)...
09-07 16:55:41.032 18625 18744 D DexLoader: WebCoreClassLoader - loadClass(org.chromium.base.an,false)...
09-07 16:55:41.033 18625 18744 D DexLoader: WebCoreClassLoader - loadClass(org.chromium.content.R$id,false)...
09-07 16:55:41.033 18625 18744 D DexLoader: WebCoreClassLoader - loadClass(org.chromium.content.R$id,false)...
09-07 16:55:41.033 18625 18743 D DexLoader: WebCoreClassLoader - loadClass(com.tencent.tbs.core.partner.menu.a,false)...
09-07 16:55:41.034 18625 18743 D DexLoader: WebCoreClassLoader - loadClass(com.tencent.smtt.webkit.d.b,false)...
09-07 16:55:41.034 18625 18743 D DexLoader: WebCoreClassLoader - loadClass(com.tencent.smtt.g.b,false)...
09-07 16:55:41.034 18625 18718 D DexLoader: WebCoreClassLoader - loadClass(com.tencent.tbs.reader.service.ITbsCommonNewProvider,false)...
09-07 16:55:41.034 18625 18743 D DexLoader: WebCoreClassLoader - loadClass(com.tencent.smtt.g.a,false)...
09-07 16:55:41.034 18625 18718 D DexLoader: WebCoreClassLoader - loadClass(com.tencent.tbs.tbsshell.partner.reader.service.g,false)...
09-07 16:55:41.034 18625 18743 D DexLoader: WebCoreClassLoader - loadClass(com.tencent.smtt.c.c,false)...
09-07 16:55:41.034 18625 18743 D DexLoader: WebCoreClassLoader - loadClass(com.tencent.smtt.a.a.a,false)...
09-07 16:55:41.034 18625 18718 D DexLoader: WebCoreClassLoader - loadClass(com.tencent.tbs.reader.ug.IUgActive,false)...
09-07 16:55:41.034 18625 18744 D DexLoader: WebCoreClassLoader - loadClass(org.chromium.content.R$id,false)...
09-07 16:55:41.034 18625 18718 D DexLoader: WebCoreClassLoader - loadClass(com.tencent.tbs.reader.download.IUgDownloader,false)...
09-07 16:55:41.035 18625 18718 D DexLoader: WebCoreClassLoader - loadClass(com.tencent.tbs.reader.ug.IUgEncourageWindowHelper,false)...
09-07 16:55:41.035 18625 18718 D DexLoader: WebCoreClassLoader - loadClass(com.tencent.tbs.reader.ug.IUgInstaller,false)...
09-07 16:55:41.035 18625 18718 D DexLoader: WebCoreClassLoader - loadClass(com.tencent.tbs.reader.ug.IUgOpener,false)...
09-07 16:55:41.035 18625 18743 D DexLoader: WebCoreClassLoader - loadClass(org.chromium.tencent.net.TencentProxyChangeListener,false)...
09-07 16:55:41.035 18625 18743 D DexLoader: WebCoreClassLoader - loadClass(org.chromium.net.ProxyChangeListener,false)...
09-07 16:55:41.035 18625 18718 D DexLoader: WebCoreClassLoader - loadClass(com.tencent.tbs.reader.service.ITbsBaseTask,false)...
09-07 16:55:41.035 18625 18743 D DexLoader: WebCoreClassLoader - loadClass(com.tencent.tbs.core.webkit.adapter.X5WebViewAdapter$1,false)...
09-07 16:55:41.035 18625 18744 D DexLoader: WebCoreClassLoader - loadClass(org.chromium.content.R$id,false)...
09-07 16:55:41.035 18625 18718 D DexLoader: WebCoreClassLoader - loadClass(com.tencent.tbs.tbsshell.partner.reader.service.c,false)...
09-07 16:55:41.036 18625 18744 D DexLoader: WebCoreClassLoader - loadClass(org.chromium.content.R$id,false)...
09-07 16:55:41.040 18625 18744 I chatty  : uid=10612(cn.missevan) TP-IoBound-2 identical 6 lines
09-07 16:55:41.041 18625 18744 D DexLoader: WebCoreClassLoader - loadClass(org.chromium.content.R$id,false)...
09-07 16:55:41.041 18625 18743 D DexLoader: WebCoreClassLoader - loadClass(com.tencent.smtt.export.external.interfaces.IX5WebViewBase$HitTestResult$ImageData,false)...
09-07 16:55:41.041 18625 18743 D DexLoader: WebCoreClassLoader - loadClass(com.tencent.smtt.g.b$a,false)...
09-07 16:55:41.041 18625 18744 D DexLoader: WebCoreClassLoader - loadClass(org.chromium.content.browser.selection.o,false)...
09-07 16:55:41.041 18625 18718 D DexLoader: WebCoreClassLoader - loadClass(com.tencent.tbs.reader.service.ITbsBaseTask$INetworkTask,false)...
09-07 16:55:41.041 18625 18744 D DexLoader: WebCoreClassLoader - loadClass(org.chromium.content_public.browser.ah,false)...
09-07 16:55:41.041 18625 18744 D DexLoader: WebCoreClassLoader - loadClass(org.chromium.content_public.browser.ag,false)...
09-07 16:55:41.042 18625 18718 D DexLoader: WebCoreClassLoader - loadClass(com.tencent.tbs.reader.service.IReaderEntry,false)...
09-07 16:55:41.042 18625 18718 D DexLoader: WebCoreClassLoader - loadClass(com.tencent.tbs.tbsshell.partner.reader.service.m,false)...
09-07 16:55:41.042 18625 18744 D DexLoader: WebCoreClassLoader - loadClass(org.chromium.content_public.browser.p$-CC,false)...
09-07 16:55:41.042 18625 18718 D DexLoader: WebCoreClassLoader - loadClass(com.tencent.tbs.reader.TbsReader,false)...
09-07 16:55:41.042 18625 18718 D DexLoader: WebCoreClassLoader - loadClass(com.tencent.tbs.tbsshell.partner.reader.e,false)...
09-07 16:55:41.042 18625 18744 D DexLoader: WebCoreClassLoader - loadClass(org.chromium.content.R$id,false)...
09-07 16:55:41.043 18625 18761 D DexLoader: WebCoreClassLoader - loadClass(com.tencent.common.utils.FileUtils$2,false)...
09-07 16:55:41.043 18625 18761 D DexLoader: WebCoreClassLoader - loadClass(com.tencent.mtt.browser.engine.AppBroadcastObserver,false)...
09-07 16:55:41.043 18625 18718 D DexLoader: WebCoreClassLoader - loadClass(com.tencent.tbs.reader.service.IDexLoaderProvider,false)...
09-07 16:55:41.044 18625 18744 D DexLoader: WebCoreClassLoader - loadClass(org.chromium.content.R$id,false)...
09-07 16:55:41.044 18625 18749 D DexLoader: WebCoreClassLoader - loadClass(com.tencent.common.utils.GpuInfoUtils,false)...
09-07 16:55:41.044 18625 18718 D DexLoader: WebCoreClassLoader - loadClass(com.tencent.tbs.reader.service.ITbsBroadcast,false)...
09-07 16:55:41.044 18625 18744 D DexLoader: WebCoreClassLoader - loadClass(org.chromium.base.bd$-CC,false)...
09-07 16:55:41.044 18625 18718 D DexLoader: WebCoreClassLoader - loadClass(com.tencent.tbs.tbsshell.partner.reader.service.f,false)...
09-07 16:55:41.044 18625 18744 D DexLoader: WebCoreClassLoader - loadClass(org.chromium.ui.display.a$a$-CC,false)...
09-07 16:55:41.045 18625 18718 D DexLoader: WebCoreClassLoader - loadClass(com.tencent.tbs.reader.service.ITbsBroadcast$BroadcastObserver,false)...
09-07 16:55:41.045 18625 18744 D DexLoader: WebCoreClassLoader - loadClass(org.chromium.content.browser.ao$-CC,false)...
09-07 16:55:41.045 18625 18744 D DexLoader: WebCoreClassLoader - loadClass(org.chromium.ui.base.DeviceFormFactor,false)...
09-07 16:55:41.045 18625 18744 D DexLoader: WebCoreClassLoader - loadClass(org.chromium.content.R$string,false)...
09-07 16:55:41.045 18625 18749 I Adreno  : QUALCOMM build                   : 9128d71, Ib33d3e8e13
09-07 16:55:41.045 18625 18749 I Adreno  : Build Date                       : 11/02/18
09-07 16:55:41.045 18625 18749 I Adreno  : OpenGL ES Shader Compiler Version: EV031.25.03.01
09-07 16:55:41.045 18625 18749 I Adreno  : Local Branch                     :
09-07 16:55:41.045 18625 18749 I Adreno  : Remote Branch                    :
09-07 16:55:41.045 18625 18749 I Adreno  : Remote Branch                    :
09-07 16:55:41.045 18625 18749 I Adreno  : Reconstruct Branch               :
09-07 16:55:41.045 18625 18749 I Adreno  : Build Config                     : S L 6.0.7 AArch64
09-07 16:55:41.046 18625 18718 D DexLoader: WebCoreClassLoader - loadClass(com.tencent.tbs.tbsshell.partner.ug.TbsServiceImpl$4,false)...
09-07 16:55:41.046 18625 18744 D DexLoader: WebCoreClassLoader - loadClass(org.chromium.content.R$string,false)...
09-07 16:55:41.047 18625 18718 D DexLoader: WebCoreClassLoader - loadClass(com.tencent.tbs.tbsshell.partner.ug.TbsServiceImpl$1,false)...
09-07 16:55:41.047 18625 18718 D DexLoader: WebCoreClassLoader - loadClass(com.tencent.tbs.tbsshell.partner.ug.TbsServiceImpl$2,false)...
09-07 16:55:41.048 18625 18744 D DexLoader: WebCoreClassLoader - loadClass(org.chromium.content.R$id,false)...
09-07 16:55:41.048 18625 18718 D DexLoader: WebCoreClassLoader - loadClass(com.tencent.tbs.tbsshell.partner.ug.TbsServiceImpl$3,false)...
09-07 16:55:41.049 18625 18744 D DexLoader: WebCoreClassLoader - loadClass(org.chromium.content.R$id,false)...
09-07 16:55:41.049 18625 18749 I Adreno  : PFP: 0x005ff112, ME: 0x005ff066
09-07 16:55:41.049 18625 18744 D DexLoader: WebCoreClassLoader - loadClass(org.chromium.content.R$id,false)...
09-07 16:55:41.050 18625 18718 D DexLoader: WebCoreClassLoader - loadClass(com.tencent.tbs.common.plugin.impl.JarPluginHelperImpl,false)...
09-07 16:55:41.050 18625 18761 D DexLoader: WebCoreClassLoader - loadClass(com.tencent.tbs.common.utils.TBSFileLock,false)...
09-07 16:55:41.050 18625 18718 D DexLoader: WebCoreClassLoader - loadClass(com.tencent.tbs.common.plugin.TBSPluginHelper$1,false)...
09-07 16:55:41.050 18625 18718 D DexLoader: WebCoreClassLoader - loadClass(com.tencent.common.plugin.exports.IQBPluginSystemCallback,false)...
09-07 16:55:41.050 18625 18744 D DexLoader: WebCoreClassLoader - loadClass(org.chromium.content.R$id,false)...
09-07 16:55:41.050 18625 18718 D DexLoader: WebCoreClassLoader - loadClass(com.tencent.common.plugin.impl.QBPluginSystem$PluginPkgKey,false)...
09-07 16:55:41.051 18625 18744 D DexLoader: WebCoreClassLoader - loadClass(org.chromium.content.R$id,false)...
09-07 16:55:41.051 18625 18718 D DexLoader: WebCoreClassLoader - loadClass(com.tencent.common.plugin.impl.QBPluginSystem$PluginInfo,false)...
09-07 16:55:41.051 18625 18744 D DexLoader: WebCoreClassLoader - loadClass(org.chromium.content.R$id,false)...
09-07 16:55:41.052 18625 18718 D DexLoader: WebCoreClassLoader - loadClass(com.tencent.common.plugin.impl.QBPluginSystem$MsgClassPluginCallback,false)...
09-07 16:55:41.052 18625 18743 D DexLoader: WebCoreClassLoader - loadClass(com.tencent.smtt.export.external.interfaces.IX5WebViewBase$HitTestResult$EditableData,false)...
09-07 16:55:41.052 18625 18718 D DexLoader: WebCoreClassLoader - loadClass(com.tencent.tbs.tbsshell.partner.b.c,false)...
09-07 16:55:41.052 18625 18744 D DexLoader: WebCoreClassLoader - loadClass(org.chromium.content.browser.selection.e,false)...
09-07 16:55:41.052 18625 18718 D DexLoader: WebCoreClassLoader - loadClass(com.tencent.tbs.tbsshell.partner.b.c$a,false)...
09-07 16:55:41.053 18625 18718 D DexLoader: WebCoreClassLoader - loadClass(com.tencent.tbs.tbsshell.partner.b.a,false)...
09-07 16:55:41.053 18625 18744 D DexLoader: WebCoreClassLoader - loadClass(org.chromium.base.BuildInfo,false)...
09-07 16:55:41.053 18625 18743 D DexLoader: WebCoreClassLoader - loadClass(com.tencent.tbs.core.partner.menu.e,false)...
09-07 16:55:41.053 18625 18718 D DexLoader: WebCoreClassLoader - loadClass(com.tencent.tbs.tbsshell.partner.b.b$1,false)...
09-07 16:55:41.054 18625 18743 D DexLoader: WebCoreClassLoader - loadClass(com.tencent.tbs.core.webkit.adapter.X5WebViewAdapter$8,false)...
09-07 16:55:41.054 18625 18718 D DexLoader: WebCoreClassLoader - loadClass(com.tencent.tbs.tbsshell.partner.b.b$2,false)...
09-07 16:55:41.054 18625 18744 D DexLoader: WebCoreClassLoader - loadClass(org.chromium.content.R$string,false)...
09-07 16:55:41.054 18625 18743 D DexLoader: WebCoreClassLoader - loadClass(com.tencent.tbs.core.partner.menu.X5Selection,false)...
09-07 16:55:41.055 18625 18744 D DexLoader: WebCoreClassLoader - loadClass(org.chromium.content.R$string,false)...
09-07 16:55:41.055 18625 18718 D DexLoader: WebCoreClassLoader - loadClass(com.tencent.tbs.jsapi.export.ITbsJsApi,false)...
09-07 16:55:41.055 18625 18718 D DexLoader: WebCoreClassLoader - loadClass(com.tencent.tbs.jsapi.export.ITbsService,false)...
09-07 16:55:41.055 18625 18718 D DexLoader: WebCoreClassLoader - loadClass(com.tencent.common.utils.ThreadUtils,false)...
09-07 16:55:41.055 18625 18749 I ConfigStore: android::hardware::configstore::V1_0::ISurfaceFlingerConfigs::hasWideColorDisplay retrieved: 0
09-07 16:55:41.055 18625 18718 D DexLoader: WebCoreClassLoader - loadClass(com.tencent.tbs.tbsshell.partner.jsapi.c,false)...
09-07 16:55:41.055 18625 18749 I ConfigStore: android::hardware::configstore::V1_0::ISurfaceFlingerConfigs::hasHDRDisplay retrieved: 0
09-07 16:55:41.055 18625 18743 D DexLoader: WebCoreClassLoader - loadClass(com.tencent.smtt.webkit.WebSettingsExtension$a,false)...
09-07 16:55:41.055 18625 18718 D DexLoader: WebCoreClassLoader - loadClass(com.tencent.tbs.tbsshell.partner.jsapi.OpenJsApiBridge,false)...
09-07 16:55:41.055 18625 18744 D DexLoader: WebCoreClassLoader - loadClass(org.chromium.content.browser.selection.SelectionPopupControllerImpl$a,false)...
09-07 16:55:41.055 18625 18718 D DexLoader: WebCoreClassLoader - loadClass(com.tencent.tbs.tbsshell.partner.jsapi.b$3,false)...
09-07 16:55:41.055 18625 18744 D DexLoader: WebCoreClassLoader - loadClass(org.chromium.tencent.content.browser.TencentSelectionPopupControllerImpl,false)...
09-07 16:55:41.056 18625 18718 D DexLoader: WebCoreClassLoader - loadClass(com.tencent.tbs.tbsshell.partner.jsapi.OpenJsApiBridge$a,false)...
09-07 16:55:41.056 18625 18718 D DexLoader: WebCoreClassLoader - loadClass(com.tencent.tbs.tbsshell.partner.jsapi.JsExtensions,false)...
09-07 16:55:41.056 18625 18753 D DexLoader: WebCoreClassLoader - loadClass(com.tencent.common.plugin.impl.QBPluginSystem$b,false)...
09-07 16:55:41.056 18625 18718 D DexLoader: WebCoreClassLoader - loadClass(com.tencent.tbs.tbsshell.partner.jsapi.d,false)...
09-07 16:55:41.056 18625 18718 D DexLoader: WebCoreClassLoader - loadClass(com.tencent.tbs.tbsshell.partner.jsapi.b$2,false)...
09-07 16:55:41.056 18625 18718 D DexLoader: WebCoreClassLoader - loadClass(com.tencent.tbs.tbsshell.partner.jsapi.b$1,false)...
09-07 16:55:41.056 18625 18744 D DexLoader: WebCoreClassLoader - loadClass(org.chromium.tencent.f,false)...
09-07 16:55:41.056 18625 18753 D DexLoader: WebCoreClassLoader - loadClass(com.tencent.common.plugin.impl.QBPluginSystem$a,false)...
09-07 16:55:41.057 18625 18753 D DexLoader: WebCoreClassLoader - loadClass(com.tencent.common.plugin.exports.IGetPluginInfoCallback$Stub,false)...
09-07 16:55:41.057 18625 18753 D DexLoader: WebCoreClassLoader - loadClass(com.tencent.common.plugin.exports.IGetPluginInfoCallback,false)...
09-07 16:55:41.057 18625 18744 D DexLoader: WebCoreClassLoader - loadClass(org.chromium.content.browser.selection.m$1,false)...
09-07 16:55:41.057 18625 18744 D DexLoader: WebCoreClassLoader - loadClass(org.chromium.content.browser.input.ImeAdapterImpl$a,false)...
09-07 16:55:41.057 18625 18744 D DexLoader: WebCoreClassLoader - loadClass(org.chromium.tencent.content.browser.a.a,false)...
09-07 16:55:41.057 18625 18753 D DexLoader: WebCoreClassLoader - loadClass(com.tencent.common.plugin.impl.QBPluginDBHelper,false)...
09-07 16:55:41.057 18625 18744 D DexLoader: WebCoreClassLoader - loadClass(org.chromium.content.browser.input.f,false)...
09-07 16:55:41.057 18625 18744 D DexLoader: WebCoreClassLoader - loadClass(org.chromium.content_public.browser.q,false)...
09-07 16:55:41.058 18625 18744 D DexLoader: WebCoreClassLoader - loadClass(org.chromium.content.browser.input.ImeAdapterImpl$1,false)...
09-07 16:55:41.058 18625 18753 D DexLoader: WebCoreClassLoader - loadClass(com.tencent.common.plugin.impl.QBPluginDBHelper$PluginComparator,false)...
09-07 16:55:41.058 18625 18744 D DexLoader: WebCoreClassLoader - loadClass(org.chromium.content.browser.input.b$a,false)...
09-07 16:55:41.058 18625 18753 D DexLoader: WebCoreClassLoader - loadClass(com.tencent.common.plugin.impl.DBHelper,false)...
09-07 16:55:41.058 18625 18718 D DexLoader: WebCoreClassLoader - loadClass(com.tencent.tbs.tbsshell.partner.c.a,false)...
09-07 16:55:41.058 18625 18744 D DexLoader: WebCoreClassLoader - loadClass(org.chromium.content.browser.input.b,false)...
09-07 16:55:41.058 18625 18744 D DexLoader: WebCoreClassLoader - loadClass(org.chromium.content.browser.input.b$1,false)...
09-07 16:55:41.059 18625 18753 D DexLoader: WebCoreClassLoader - loadClass(com.tencent.common.plugin.impl.DBHelper$c,false)...
09-07 16:55:41.059 18625 18744 D DexLoader: WebCoreClassLoader - loadClass(org.chromium.content.browser.input.b$b,false)...
09-07 16:55:41.061 18625 18743 D DexLoader: WebCoreClassLoader - loadClass(com.tencent.tbs.core.webkit.tencent.TencentCacheManager,false)...
09-07 16:55:41.061 18625 18743 D DexLoader: WebCoreClassLoader - loadClass(com.tencent.tbs.core.webkit.CacheManager,false)...
09-07 16:55:41.061 18625 18743 D DexLoader: WebCoreClassLoader - loadClass(com.tencent.tbs.core.webkit.tencent.TencentCacheManager$CacheResult,false)...
09-07 16:55:41.061 18625 18743 D DexLoader: WebCoreClassLoader - loadClass(com.tencent.tbs.core.webkit.CacheManager$CacheResult,false)...
09-07 16:55:41.062 18625 18743 D DexLoader: WebCoreClassLoader - loadClass(com.tencent.smtt.webkit.ui.e,false)...
09-07 16:55:41.062 18625 18749 D DexLoader: WebCoreClassLoader - loadClass(com.tencent.common.utils.QBKeyStore,false)...
09-07 16:55:41.062 18625 18743 D DexLoader: WebCoreClassLoader - loadClass(com.tencent.tbs.core.partner.menu.d,false)...
09-07 16:55:41.063 18625 18743 D DexLoader: WebCoreClassLoader - loadClass(com.tencent.tbs.core.webkit.adapter.X5WebViewAdapter$4,false)...
09-07 16:55:41.064 18625 18743 D DexLoader: WebCoreClassLoader - loadClass(com.tencent.smtt.export.external.interfaces.IX5ScrollListener,false)...
09-07 16:55:41.064 18625 18743 D DexLoader: WebCoreClassLoader - loadClass(com.tencent.smtt.export.external.embeddedwidget.interfaces.IEmbeddedWidgetClientFactory,false)...
09-07 16:55:41.064 18625 18743 D DexLoader: WebCoreClassLoader - loadClass(com.tencent.smtt.embeddedwidget.EmbeddedWidgetManager,false)...
09-07 16:55:41.065 18625 18743 D DexLoader: WebCoreClassLoader - loadClass(com.tencent.tbs.core.webkit.adapter.X5WebViewAdapter$3,false)...
09-07 16:55:41.066 18625 18744 D DexLoader: WebCoreClassLoader - loadClass(org.chromium.content.browser.input.d$1,false)...
09-07 16:55:41.067 18625 18744 D DexLoader: WebCoreClassLoader - loadClass(org.chromium.content.browser.input.d,false)...
09-07 16:55:41.067 18625 18743 D DexLoader: WebCoreClassLoader - loadClass(com.tencent.tbs.core.webkit.adapter.X5WebViewAdapter$5,false)...
09-07 16:55:41.067 18625 18744 D DexLoader: WebCoreClassLoader - loadClass(org.chromium.content.browser.input.ImeAdapterImpl$b,false)...
09-07 16:55:41.068 18625 18744 D DexLoader: WebCoreClassLoader - loadClass(org.chromium.content.browser.selection.g,false)...
09-07 16:55:41.068 18625 18743 D DexLoader: WebCoreClassLoader - loadClass(com.tencent.smtt.export.external.interfaces.IResourceLoadFactory,false)...
09-07 16:55:41.068 18625 18744 D DexLoader: WebCoreClassLoader - loadClass(org.chromium.content.browser.selection.i,false)...
09-07 16:55:41.068 18625 18744 D DexLoader: WebCoreClassLoader - loadClass(org.chromium.content.browser.selection.h,false)...
09-07 16:55:41.068 18625 18743 D DexLoader: WebCoreClassLoader - loadClass(com.tencent.smtt.export.external.interfaces.IResourceLoadFactory,false)...
09-07 16:55:41.069 18625 18744 D DexLoader: WebCoreClassLoader - loadClass(org.chromium.content.browser.selection.b,false)...
09-07 16:55:41.069 18625 18744 D DexLoader: WebCoreClassLoader - loadClass(org.chromium.android_webview.c,false)...
09-07 16:55:41.072 18625 18744 D DexLoader: WebCoreClassLoader - loadClass(org.chromium.content_public.browser.ai$-CC,false)...
09-07 16:55:41.072 18625 18744 D DexLoader: WebCoreClassLoader - loadClass(org.chromium.content.R$id,false)...
09-07 16:55:41.072 18625 18749 D DexLoader: WebCoreClassLoader - loadClass(com.tencent.tbs.common.baseinfo.TBSBroadcastReceiver,false)...
09-07 16:55:41.073 18625 18749 D DexLoader: WebCoreClassLoader - loadClass(com.tencent.tbs.common.baseinfo.TBSBroadcastReceiver$c,false)...
09-07 16:55:41.073 18625 18743 D DexLoader: WebCoreClassLoader - loadClass(com.tencent.tbs.core.webkit.adapter.X5WebViewAdapter$9,false)...
09-07 16:55:41.073 18625 18749 D DexLoader: WebCoreClassLoader - loadClass(com.tencent.tbs.common.baseinfo.TBSBroadcastReceiver$d,false)...
09-07 16:55:41.074 18625 18749 D DexLoader: WebCoreClassLoader - loadClass(com.tencent.tbs.common.baseinfo.TBSBroadcastReceiver$b,false)...
09-07 16:55:41.074 18625 18743 D DexLoader: WebCoreClassLoader - loadClass(com.tencent.tbs.core.webkit.adapter.X5WebViewAdapter$10,false)...
09-07 16:55:41.074 18625 18749 D DexLoader: WebCoreClassLoader - loadClass(com.tencent.tbs.common.baseinfo.TBSBroadcastReceiver$a,false)...
09-07 16:55:41.074 18625 18743 D DexLoader: WebCoreClassLoader - loadClass(com.tencent.tbs.core.webkit.adapter.X5WebViewAdapter$2,false)...
09-07 16:55:41.074 18625 18743 D DexLoader: WebCoreClassLoader - loadClass(com.tencent.tbs.core.webkit.adapter.X5WebViewAdapter$6,false)...
09-07 16:55:41.074 18625 18743 D DexLoader: WebCoreClassLoader - loadClass(com.tencent.smtt.net.SWOfflineFramework,false)...
09-07 16:55:41.074 18625 18744 D DexLoader: WebCoreClassLoader - loadClass(org.chromium.content.R$id,false)...
09-07 16:55:41.075 18625 18744 D DexLoader: WebCoreClassLoader - loadClass(org.chromium.content.browser.selection.SmartSelectionClient,false)...
09-07 16:55:41.076 18625 18744 D DexLoader: WebCoreClassLoader - loadClass(org.chromium.content.browser.selection.p,false)...
09-07 16:55:41.076 18625 18744 D DexLoader: WebCoreClassLoader - loadClass(org.chromium.content.browser.selection.p$1,false)...
09-07 16:55:41.079 18625 18743 D DexLoader: WebCoreClassLoader - loadClass(org.chromium.android_webview.AwContentsStatics,false)...
09-07 16:55:41.080 18625 18625 I MissEvanApplication: [main] current process: cn.missevan
09-07 16:55:41.080 18625 18743 D DexLoader: WebCoreClassLoader - loadClass(com.tencent.smtt.util.WebRtcUtils,false)...
09-07 16:55:41.080 18625 18753 D DexLoader: WebCoreClassLoader - loadClass(com.tencent.common.plugin.exports.QBPluginItemInfo,false)...
09-07 16:55:41.080 18625 18753 D DexLoader: WebCoreClassLoader - loadClass(com.tencent.common.plugin.exports.QBPluginItemInfo$1,false)...
09-07 16:55:41.080 18625 18744 D DexLoader: WebCoreClassLoader - loadClass(org.chromium.content.browser.selection.p$2,false)...
09-07 16:55:41.080 18625 18749 D DexLoader: WebCoreClassLoader - loadClass(com.tencent.tbs.common.net.ConnectivityChangedObserver,false)...
09-07 16:55:41.081 18625 18749 D DexLoader: WebCoreClassLoader - loadClass(com.tencent.tbs.common.observer.AppBroadcastObserver,false)...
09-07 16:55:41.081 18625 18744 D DexLoader: WebCoreClassLoader - loadClass(org.chromium.content.browser.selection.o$1,false)...
09-07 16:55:41.081 18625 18744 D DexLoader: WebCoreClassLoader - loadClass(org.chromium.content.browser.selection.n$1,false)...
09-07 16:55:41.081 18625 18744 D DexLoader: WebCoreClassLoader - loadClass(org.chromium.content.browser.selection.n,false)...
09-07 16:55:41.081 18625 18744 D DexLoader: WebCoreClassLoader - loadClass(org.chromium.content.browser.selection.SmartSelectionClient$a,false)...
09-07 16:55:41.082 18625 18744 D DexLoader: WebCoreClassLoader - loadClass(org.chromium.android_webview.AwContents$3,false)...
09-07 16:55:41.082 18625 18744 D DexLoader: WebCoreClassLoader - loadClass(org.chromium.android_webview.AwContents$d,false)...
09-07 16:55:41.082 18625 18744 D DexLoader: WebCoreClassLoader - loadClass(org.chromium.content_public.browser.m,false)...
09-07 16:55:41.082 18625 18743 D DexLoader: WebCoreClassLoader - loadClass(org.chromium.base.metrics.i,false)...
09-07 16:55:41.082 18625 18744 D DexLoader: WebCoreClassLoader - loadClass(org.chromium.content_public.browser.aq,false)...
09-07 16:55:41.082 18625 18744 D DexLoader: WebCoreClassLoader - loadClass(org.chromium.android_webview.ay,false)...
09-07 16:55:41.082 18625 18744 D DexLoader: WebCoreClassLoader - loadClass(org.chromium.content.browser.webcontents.WebContentsObserverProxy,false)...
09-07 16:55:41.083 18625 18744 D DexLoader: WebCoreClassLoader - loadClass(org.chromium.content.browser.webcontents.b$1,false)...
09-07 16:55:41.083 18625 18744 D DexLoader: WebCoreClassLoader - loadClass(org.chromium.content.browser.webcontents.b,false)...
09-07 16:55:41.083 18625 18744 D DexLoader: WebCoreClassLoader - loadClass(org.chromium.content.browser.webcontents.WebContentsObserverProxy$a,false)...
09-07 16:55:41.083 18625 18743 D DexLoader: WebCoreClassLoader - loadClass(com.tencent.tbs.core.webkit.an,false)...
09-07 16:55:41.083 18625 18744 D DexLoader: WebCoreClassLoader - loadClass(org.chromium.android_webview.AwSettings$a$1,false)...
09-07 16:55:41.083 18625 18743 D DexLoader: WebCoreClassLoader - loadClass(org.chromium.android_webview.bw,false)...
09-07 16:55:41.083 18625 18744 D DexLoader: WebCoreClassLoader - loadClass(org.chromium.ui.base.TouchDevice,false)...
09-07 16:55:41.084 18625 18744 D DexLoader: WebCoreClassLoader - loadClass(org.chromium.ui.gfx.Animation,false)...
09-07 16:55:41.084 18625 18744 D DexLoader: WebCoreClassLoader - loadClass(org.chromium.android_webview.AwAutofillClient,false)...
09-07 16:55:41.084 18625 18744 D DexLoader: WebCoreClassLoader - loadClass(org.chromium.tencent.h,false)...
09-07 16:55:41.084 18625 18744 D DexLoader: WebCoreClassLoader - loadClass(org.chromium.content.browser.accessibility.WebContentsAccessibilityImpl,false)...
09-07 16:55:41.084 18625 18743 D DexLoader: WebCoreClassLoader - loadClass(org.chromium.android_webview.u,false)...
09-07 16:55:41.084 18625 18744 D DexLoader: WebCoreClassLoader - loadClass(org.chromium.content_public.browser.ao,false)...
09-07 16:55:41.085 18625 18743 D DexLoader: WebCoreClassLoader - loadClass(org.chromium.base.f,false)...
09-07 16:55:41.085 18625 18744 D DexLoader: WebCoreClassLoader - loadClass(org.chromium.content.browser.accessibility.WebContentsAccessibilityImpl$a,false)...
09-07 16:55:41.085 18625 18743 D DexLoader: WebCoreClassLoader - loadClass(org.chromium.content_public.common.b,false)...
09-07 16:55:41.085 18625 18744 D DexLoader: WebCoreClassLoader - loadClass(org.chromium.content.browser.accessibility.c,false)...
09-07 16:55:41.086 18625 18718 D DexLoader: WebCoreClassLoader - loadClass(com.tencent.tbs.common.baseinfo.EmergenceMsgPublisher,false)...
09-07 16:55:41.086 18625 18744 D DexLoader: WebCoreClassLoader - loadClass(org.chromium.content.browser.accessibility.d,false)...
09-07 16:55:41.086 18625 18744 D DexLoader: WebCoreClassLoader - loadClass(org.chromium.content.browser.accessibility.captioning.CaptioningController,false)...
09-07 16:55:41.086 18625 18743 D DexLoader: WebCoreClassLoader - loadClass(org.chromium.components.a,false)...
09-07 16:55:41.086 18625 18744 D DexLoader: WebCoreClassLoader - loadClass(org.chromium.content.browser.accessibility.captioning.e$a,false)...
09-07 16:55:41.086 18625 18744 D DexLoader: WebCoreClassLoader - loadClass(org.chromium.content.browser.accessibility.captioning.a,false)...
09-07 16:55:41.086 18625 18744 D DexLoader: WebCoreClassLoader - loadClass(org.chromium.content.browser.accessibility.captioning.e,false)...
09-07 16:55:41.087 18625 18744 D DexLoader: WebCoreClassLoader - loadClass(org.chromium.content.browser.accessibility.captioning.b,false)...
09-07 16:55:41.087 18625 18743 D DexLoader: WebCoreClassLoader - loadClass(org.chromium.net.n,false)...
09-07 16:55:41.087 18625 18744 D DexLoader: WebCoreClassLoader - loadClass(org.chromium.content.browser.accessibility.captioning.c$1,false)...
09-07 16:55:41.087 18625 18744 D DexLoader: WebCoreClassLoader - loadClass(org.chromium.content.browser.accessibility.captioning.c,false)...
09-07 16:55:41.087 18625 18744 D DexLoader: WebCoreClassLoader - loadClass(org.chromium.content.browser.accessibility.captioning.CaptioningController$a,false)...
09-07 16:55:41.087 18625 18744 D DexLoader: WebCoreClassLoader - loadClass(org.chromium.content.browser.accessibility.a,false)...
09-07 16:55:41.087 18625 18743 D DexLoader: WebCoreClassLoader - loadClass(org.chromium.ui.n,false)...
09-07 16:55:41.087 18625 18744 D DexLoader: WebCoreClassLoader - loadClass(org.chromium.content.browser.accessibility.WebContentsAccessibilityImpl$1,false)...
09-07 16:55:41.088 18625 18744 D DexLoader: WebCoreClassLoader - loadClass(org.chromium.content.browser.accessibility.a$a,false)...
09-07 16:55:41.088 18625 18744 D DexLoader: WebCoreClassLoader - loadClass(org.chromium.tencent.TencentAwContent$3,false)...
09-07 16:55:41.088 18625 18744 D DexLoader: WebCoreClassLoader - loadClass(org.chromium.android_webview.AwContents$b,false)...
09-07 16:55:41.088 18625 18743 D DexLoader: WebCoreClassLoader - loadClass(org.chromium.android_webview.AwBrowserProcess,false)...
09-07 16:55:41.088 18625 18744 D DexLoader: WebCoreClassLoader - loadClass(org.chromium.base.task.f$1,false)...
09-07 16:55:41.089 18625 18744 D DexLoader: WebCoreClassLoader - loadClass(org.chromium.base.task.f,false)...
09-07 16:55:41.089 18625 18744 D DexLoader: WebCoreClassLoader - loadClass(org.chromium.base.task.PostTask$a,false)...
09-07 16:55:41.089 18625 18744 D DexLoader: WebCoreClassLoader - loadClass(org.chromium.ui.base.Clipboard,false)...
09-07 16:55:41.089 18625 18744 D DexLoader: WebCoreClassLoader - loadClass(org.chromium.ui.base.Clipboard$a,false)...
09-07 16:55:41.090 18625 18744 D DexLoader: WebCoreClassLoader - loadClass(org.chromium.base.au,false)...
09-07 16:55:41.090 18625 18743 D DexLoader: WebCoreClassLoader - loadClass(org.chromium.components.embedder_support.a.a,false)...
09-07 16:55:41.090 18625 18743 D DexLoader: WebCoreClassLoader - loadClass(org.chromium.components.embedder_support.a.a$a,false)...
09-07 16:55:41.090 18625 18744 D DexLoader: WebCoreClassLoader - loadClass(org.chromium.ui.R$string,false)...
09-07 16:55:41.090 18625 18743 D DexLoader: WebCoreClassLoader - loadClass(org.chromium.base.h,false)...
09-07 16:55:41.090 18625 18743 D DexLoader: WebCoreClassLoader - loadClass(org.chromium.android_webview.common.c,false)...
09-07 16:55:41.091 18625 18743 D DexLoader: WebCoreClassLoader - loadClass(org.chromium.base.l$a,false)...
09-07 16:55:41.091 18625 18744 D DexLoader: WebCoreClassLoader - loadClass(org.chromium.ui.R$string,false)...
09-07 16:55:41.091 18625 18743 D DexLoader: WebCoreClassLoader - loadClass(org.chromium.android_webview.common.d,false)...
09-07 16:55:41.093 18625 18744 D DexLoader: WebCoreClassLoader - loadClass(org.chromium.ui.base.g,false)...
09-07 16:55:41.093 18625 18744 D DexLoader: WebCoreClassLoader - loadClass(org.chromium.ui.base.Clipboard$b,false)...
09-07 16:55:41.094 18625 18743 D DexLoader: WebCoreClassLoader - loadClass(org.chromium.base.metrics.f,false)...
09-07 16:55:41.094 18625 18743 D DexLoader: WebCoreClassLoader - loadClass(org.chromium.base.metrics.a,false)...
09-07 16:55:41.094 18625 18743 D DexLoader: WebCoreClassLoader - loadClass(org.chromium.base.metrics.l,false)...
09-07 16:55:41.094 18625 18744 D DexLoader: WebCoreClassLoader - loadClass(org.chromium.base.b,false)...
09-07 16:55:41.094 18625 18744 D DexLoader: WebCoreClassLoader - loadClass(org.chromium.ui.base.Clipboard$1,false)...
09-07 16:55:41.094 18625 18743 D DexLoader: WebCoreClassLoader - loadClass(org.chromium.base.metrics.m,false)...
09-07 16:55:41.094 18625 18744 D DexLoader: WebCoreClassLoader - loadClass(org.chromium.base.task.a,false)...
09-07 16:55:41.094 18625 18625 D BLOG-EVENT-Network: network changed: 3=>1
09-07 16:55:41.095 18625 18743 D DexLoader: WebCoreClassLoader - loadClass(org.chromium.base.metrics.a$a,false)...
09-07 16:55:41.095 18625 18743 D DexLoader: WebCoreClassLoader - loadClass(org.chromium.components.embedder_support.a.b,false)...
09-07 16:55:41.095 18625 18743 D DexLoader: WebCoreClassLoader - loadClass(org.chromium.base.library_loader.a$a,false)...
09-07 16:55:41.095 18625 18744 D DexLoader: WebCoreClassLoader - loadClass(org.chromium.ui.R$string,false)...
09-07 16:55:41.095 18625 18743 D DexLoader: WebCoreClassLoader - loadClass(org.chromium.base.library_loader.a,false)...
09-07 16:55:41.096 18625 18743 D DexLoader: WebCoreClassLoader - loadClass(org.chromium.base.PathUtils,false)...
09-07 16:55:41.096 18625 18744 D DexLoader: WebCoreClassLoader - loadClass(org.chromium.ui.R$string,false)...
09-07 16:55:41.096 18625 18743 D DexLoader: WebCoreClassLoader - loadClass(org.chromium.base.-$$Lambda$PathUtils$XPe937cyBKpM1JcQk909W6-VjuA,false)...
09-07 16:55:41.097 18625 18718 D DexLoader: WebCoreClassLoader - loadClass(com.tencent.smtt.webkit.ScaleManager,false)...
09-07 16:55:41.097 18625 18718 D DexLoader: WebCoreClassLoader - loadClass(com.tencent.smtt.export.external.interfaces.UrlRequest$Callback,false)...
