08-30 07:38:51.230  4240  4357 E BitmapFactory: Unable to decode stream: java.io.FileNotFoundException: /oem/etc/theme/icons/dynamic_icon/com.android.BBKClock/res/drawable-sw360dp-xxhdpi/clock_dial_center.png (No such file or directory)
08-30 07:38:51.395  4240  4357 E BitmapFactory: Unable to decode stream: java.io.FileNotFoundException: /oem/etc/theme/icons/dynamic_icon/com.android.BBKClock/res/drawable-sw360dp-xxhdpi/clock_hour.png (No such file or directory)
08-30 07:38:51.396  4240  4357 E BitmapFactory: Unable to decode stream: java.io.FileNotFoundException: /oem/etc/theme/icons/dynamic_icon/com.android.BBKClock/res/drawable-sw360dp-xxhdpi/clock_minute.png (No such file or directory)
08-30 07:38:51.397  4240  4357 E BitmapFactory: Unable to decode stream: java.io.FileNotFoundException: /oem/etc/theme/icons/dynamic_icon/com.android.BBKClock/res/drawable-sw360dp-xxhdpi/clock_dial.png (No such file or directory)
08-30 07:38:51.401  4240  4357 E BitmapFactory: Unable to decode stream: java.io.FileNotFoundException: /oem/etc/theme/icons/dynamic_icon/com.android.BBKClock/res/drawable-sw360dp-xxhdpi/clock_dial_center.png (No such file or directory)
08-30 07:38:51.529  4240  4357 E BitmapFactory: Unable to decode stream: java.io.FileNotFoundException: /oem/etc/theme/icons/dynamic_icon/com.android.BBKClock/res/drawable-sw360dp-xxhdpi/clock_hour.png (No such file or directory)
08-30 07:38:51.530  4240  4357 E BitmapFactory: Unable to decode stream: java.io.FileNotFoundException: /oem/etc/theme/icons/dynamic_icon/com.android.BBKClock/res/drawable-sw360dp-xxhdpi/clock_minute.png (No such file or directory)
08-30 07:38:51.531  4240  4357 E BitmapFactory: Unable to decode stream: java.io.FileNotFoundException: /oem/etc/theme/icons/dynamic_icon/com.android.BBKClock/res/drawable-sw360dp-xxhdpi/clock_dial.png (No such file or directory)
08-30 07:38:51.534  4240  4357 E BitmapFactory: Unable to decode stream: java.io.FileNotFoundException: /oem/etc/theme/icons/dynamic_icon/com.android.BBKClock/res/drawable-sw360dp-xxhdpi/clock_dial_center.png (No such file or directory)
08-30 07:38:51.632  2287  2295 E Cursor  : Finalizing a Cursor that has not been deactivated or closed. database = /data/user_de/0/com.bbk.iqoo.logsystem/databases/user_care.db, table = configration, query = SELECT stackhashid, solution, errorId, crashtype, model, solutionversion, process_name FROM configra
08-30 07:38:51.632  2287  2295 E Cursor  : net.sqlcipher.database.DatabaseObjectNotClosedException: Application did not close the cursor or database object that was opened here
08-30 07:38:51.632  2287  2295 E Cursor  : 	at net.sqlcipher.database.SQLiteCursor.<init>(SQLiteCursor.java:226)
08-30 07:38:51.632  2287  2295 E Cursor  : 	at net.sqlcipher.database.SQLiteDirectCursorDriver.query(SQLiteDirectCursorDriver.java:71)
08-30 07:38:51.632  2287  2295 E Cursor  : 	at net.sqlcipher.database.SQLiteDatabase.rawQueryWithFactory(SQLiteDatabase.java:1867)
08-30 07:38:51.632  2287  2295 E Cursor  : 	at net.sqlcipher.database.SQLiteDatabase.queryWithFactory(SQLiteDatabase.java:1682)
08-30 07:38:51.632  2287  2295 E Cursor  : 	at net.sqlcipher.database.SQLiteDatabase.query(SQLiteDatabase.java:1634)
08-30 07:38:51.632  2287  2295 E Cursor  : 	at net.sqlcipher.database.SQLiteDatabase.query(SQLiteDatabase.java:1723)
08-30 07:38:51.632  2287  2295 E Cursor  : 	at com.bbk.iqoo.logsystem.core.components.c.c.a(UserCareManager.java:163)
08-30 07:38:51.632  2287  2295 E Cursor  : 	at com.bbk.iqoo.logsystem.core.components.c.a.a(PromptMessage.java:73)
08-30 07:38:51.632  2287  2295 E Cursor  : 	at com.bbk.iqoo.logsystem.core.components.c.b.a(UserCareComponent.java:81)
08-30 07:38:51.632  2287  2295 E Cursor  : 	at com.bbk.iqoo.logsystem.core.components.c.b$1.run(UserCareComponent.java:44)
08-30 07:38:51.632  2287  2295 E Cursor  : 	at java.util.concurrent.Executors$RunnableAdapter.call(Executors.java:458)
08-30 07:38:51.632  2287  2295 E Cursor  : 	at java.util.concurrent.FutureTask.run(FutureTask.java:266)
08-30 07:38:51.632  2287  2295 E Cursor  : 	at java.util.concurrent.ThreadPoolExecutor.runWorker(ThreadPoolExecutor.java:1167)
08-30 07:38:51.632  2287  2295 E Cursor  : 	at java.util.concurrent.ThreadPoolExecutor$Worker.run(ThreadPoolExecutor.java:641)
08-30 07:38:51.632  2287  2295 E Cursor  : 	at java.lang.Thread.run(Thread.java:764)
08-30 07:38:54.714 23230 23786 E MSF.C.NetConnTag.true: conn is already closed on readError closeConn socketEngineID: 0 socket hashcode: 0java.lang.Throwable
08-30 07:38:54.714 23230 23786 E MSF.C.NetConnTag.true: 	at com.tencent.mobileqq.msf.core.net.m.b(P:27)
08-30 07:38:54.714 23230 23786 E MSF.C.NetConnTag.true: 	at com.tencent.mobileqq.msf.core.net.m$b.run(P:24)
08-30 07:38:54.714 23230 23786 E SocketReaderNewtrue: socketEngine: 0socket hashCode: 0SocketReader(4090) errorjava.net.SocketException: Socket is closed
08-30 07:39:24.729 23230 23786 E MSF.C.NetConnTag.true: conn is already closed on readError closeConn socketEngineID: 0 socket hashcode: 0java.lang.Throwable
08-30 07:39:24.729 23230 23786 E MSF.C.NetConnTag.true: 	at com.tencent.mobileqq.msf.core.net.m.b(P:27)
08-30 07:39:24.729 23230 23786 E MSF.C.NetConnTag.true: 	at com.tencent.mobileqq.msf.core.net.m$b.run(P:24)
08-30 07:39:24.730 23230 23786 E SocketReaderNewtrue: socketEngine: 0socket hashCode: 0SocketReader(4090) errorjava.net.SocketException: Socket is closed
08-30 07:39:27.705   992  1195 E Netd    : tether checkPermission, pid:1724 uid:1000
08-30 07:39:27.892 14305 14305 E AutoUpgradeReceiver:  <<<<<<<<<<< receive the upgrade dict broadcast >>>>>>>>>>>>>
08-30 07:39:27.894  4240  4357 E BitmapFactory: Unable to decode stream: java.io.FileNotFoundException: /oem/etc/theme/icons/dynamic_icon/com.android.BBKClock/res/drawable-sw360dp-xxhdpi/clock_hour.png (No such file or directory)
08-30 07:39:27.896  4240  4357 E BitmapFactory: Unable to decode stream: java.io.FileNotFoundException: /oem/etc/theme/icons/dynamic_icon/com.android.BBKClock/res/drawable-sw360dp-xxhdpi/clock_minute.png (No such file or directory)
08-30 07:39:27.897  4240  4357 E BitmapFactory: Unable to decode stream: java.io.FileNotFoundException: /oem/etc/theme/icons/dynamic_icon/com.android.BBKClock/res/drawable-sw360dp-xxhdpi/clock_dial.png (No such file or directory)
08-30 07:39:27.900  4240  4357 E BitmapFactory: Unable to decode stream: java.io.FileNotFoundException: /oem/etc/theme/icons/dynamic_icon/com.android.BBKClock/res/drawable-sw360dp-xxhdpi/clock_dial_center.png (No such file or directory)
08-30 07:39:28.036  1724  2655 I chatty  : uid=1000(system) Binder:1724_7 expire 9 lines
08-30 07:39:28.037   992  1195 E Netd    : tether checkPermission, pid:1724 uid:1000
08-30 07:39:29.090  1007  1109 E storaged: getDiskStats failed with result NOT_SUPPORTED and size 0
08-30 07:39:54.741 23230 23786 E MSF.C.NetConnTag.true: conn is already closed on readError closeConn socketEngineID: 0 socket hashcode: 0java.lang.Throwable
08-30 07:39:54.741 23230 23786 E MSF.C.NetConnTag.true: 	at com.tencent.mobileqq.msf.core.net.m.b(P:27)
08-30 07:39:54.741 23230 23786 E MSF.C.NetConnTag.true: 	at com.tencent.mobileqq.msf.core.net.m$b.run(P:24)
08-30 07:39:54.741 23230 23786 E SocketReaderNewtrue: socketEngine: 0socket hashCode: 0SocketReader(4090) errorjava.net.SocketException: Socket is closed
08-30 07:40:24.758 23230 23786 E MSF.C.NetConnTag.true: conn is already closed on readError closeConn socketEngineID: 0 socket hashcode: 0java.lang.Throwable
08-30 07:40:24.758 23230 23786 E MSF.C.NetConnTag.true: 	at com.tencent.mobileqq.msf.core.net.m.b(P:27)
08-30 07:40:24.758 23230 23786 E MSF.C.NetConnTag.true: 	at com.tencent.mobileqq.msf.core.net.m$b.run(P:24)
08-30 07:40:24.759 23230 23786 E SocketReaderNewtrue: socketEngine: 0socket hashCode: 0SocketReader(4090) errorjava.net.SocketException: Socket is closed
08-30 07:40:29.093  1007  1109 E storaged: getDiskStats failed with result NOT_SUPPORTED and size 0
08-30 07:40:54.774 23230 23786 E MSF.C.NetConnTag.true: conn is already closed on readError closeConn socketEngineID: 0 socket hashcode: 0java.lang.Throwable
08-30 07:40:54.774 23230 23786 E MSF.C.NetConnTag.true: 	at com.tencent.mobileqq.msf.core.net.m.b(P:27)
08-30 07:40:54.774 23230 23786 E MSF.C.NetConnTag.true: 	at com.tencent.mobileqq.msf.core.net.m$b.run(P:24)
08-30 07:40:54.775 23230 23786 E SocketReaderNewtrue: socketEngine: 0socket hashCode: 0SocketReader(4090) errorjava.net.SocketException: Socket is closed
08-30 07:40:57.728  4240  4357 E BitmapFactory: Unable to decode stream: java.io.FileNotFoundException: /oem/etc/theme/icons/dynamic_icon/com.android.BBKClock/res/drawable-sw360dp-xxhdpi/clock_hour.png (No such file or directory)
08-30 07:40:57.733  4240  4357 E BitmapFactory: Unable to decode stream: java.io.FileNotFoundException: /oem/etc/theme/icons/dynamic_icon/com.android.BBKClock/res/drawable-sw360dp-xxhdpi/clock_minute.png (No such file or directory)
08-30 07:40:57.734  4240  4357 E BitmapFactory: Unable to decode stream: java.io.FileNotFoundException: /oem/etc/theme/icons/dynamic_icon/com.android.BBKClock/res/drawable-sw360dp-xxhdpi/clock_dial.png (No such file or directory)
08-30 07:40:57.739  4240  4357 E BitmapFactory: Unable to decode stream: java.io.FileNotFoundException: /oem/etc/theme/icons/dynamic_icon/com.android.BBKClock/res/drawable-sw360dp-xxhdpi/clock_dial_center.png (No such file or directory)
08-30 07:41:08.791  3775 15318 E WakeLock: GCM_HB_ALARM release without a matched acquire!
08-30 07:41:08.813  4240  4357 E BitmapFactory: Unable to decode stream: java.io.FileNotFoundException: /oem/etc/theme/icons/dynamic_icon/com.android.BBKClock/res/drawable-sw360dp-xxhdpi/clock_hour.png (No such file or directory)
08-30 07:41:08.814  4240  4357 E BitmapFactory: Unable to decode stream: java.io.FileNotFoundException: /oem/etc/theme/icons/dynamic_icon/com.android.BBKClock/res/drawable-sw360dp-xxhdpi/clock_minute.png (No such file or directory)
08-30 07:41:08.815  4240  4357 E BitmapFactory: Unable to decode stream: java.io.FileNotFoundException: /oem/etc/theme/icons/dynamic_icon/com.android.BBKClock/res/drawable-sw360dp-xxhdpi/clock_dial.png (No such file or directory)
08-30 07:41:08.818  4240  4357 E BitmapFactory: Unable to decode stream: java.io.FileNotFoundException: /oem/etc/theme/icons/dynamic_icon/com.android.BBKClock/res/drawable-sw360dp-xxhdpi/clock_dial_center.png (No such file or directory)
08-30 07:41:08.855  2258  8460 I chatty  : uid=1000(system) AppStatisticSer expire 10 lines
08-30 07:41:09.018  4240  4357 E BitmapFactory: Unable to decode stream: java.io.FileNotFoundException: /oem/etc/theme/icons/dynamic_icon/com.android.BBKClock/res/drawable-sw360dp-xxhdpi/clock_hour.png (No such file or directory)
08-30 07:41:09.019  4240  4357 E BitmapFactory: Unable to decode stream: java.io.FileNotFoundException: /oem/etc/theme/icons/dynamic_icon/com.android.BBKClock/res/drawable-sw360dp-xxhdpi/clock_minute.png (No such file or directory)
08-30 07:41:09.020  4240  4357 E BitmapFactory: Unable to decode stream: java.io.FileNotFoundException: /oem/etc/theme/icons/dynamic_icon/com.android.BBKClock/res/drawable-sw360dp-xxhdpi/clock_dial.png (No such file or directory)
08-30 07:41:09.023  4240  4357 E BitmapFactory: Unable to decode stream: java.io.FileNotFoundException: /oem/etc/theme/icons/dynamic_icon/com.android.BBKClock/res/drawable-sw360dp-xxhdpi/clock_dial_center.png (No such file or directory)
08-30 07:41:09.139  4305 18072 E SharedPreferences: Bind to SharedPreferencesService interrupted
08-30 07:41:09.951  3775  2006 E XXX     : Going to delete [com.google.android.gms.auth_api_phone, , 208]
08-30 07:41:09.954  3775  2006 E XXX     : Going to delete [com.google.android.client_error_logging, , 221]
08-30 07:41:09.955  3775  2006 E XXX     : Going to delete [com.google.android.gms.romanesco, , 221]
08-30 07:41:09.957  3775  2006 E XXX     : Going to delete [com.google.android.gms.easysignin, , 1]
08-30 07:41:09.957  3775  2006 E XXX     : Going to delete [com.google.android.gms.accountsettings, , 215]
08-30 07:41:09.959  3775  2006 E XXX     : Going to delete [com.google.android.gms.backup, , 1100]
08-30 07:41:09.964  3775  2006 E XXX     : Going to delete [com.google.android.gms.beacon, , 232]
08-30 07:41:09.965  3775  2006 E XXX     : Going to delete [com.google.android.gms.auth_account, , 228]
08-30 07:41:09.969  3775  2006 E XXX     : Going to delete [com.google.android.gms.family, , 219]
08-30 07:41:09.970  3775  2006 E XXX     : Going to delete [com.google.android.gms.smart_profile, , 260]
08-30 07:41:09.971  3775  2006 E XXX     : Going to delete [com.google.android.location, , 223]
08-30 07:41:09.977  3775  2006 E XXX     : Going to delete [com.google.android.gms.growth, , 250]
08-30 07:41:09.979  3775  2006 E XXX     : Going to delete [com.google.android.gms.notifications, , 209]
08-30 07:41:09.980  3775  2006 E XXX     : Going to delete [com.google.android.gms.nearby, , 22000]
08-30 07:41:09.988  3775  2006 E XXX     : Going to delete [com.google.android.gms.netrec, , 216]
08-30 07:41:09.990  3775  2006 E XXX     : Going to delete [com.google.android.gms.photos, , 1]
08-30 07:41:09.991  3775  2006 E XXX     : Going to delete [com.google.android.gms.places, , 21000]
08-30 07:41:09.995  3775  2006 E XXX     : Going to delete [com.google.android.gms.signin, , 22000]
08-30 07:41:09.996  3775  2006 E XXX     : Going to delete [com.google.android.gms.auth.proximity, , 222]
08-30 07:41:09.997  3775  2006 E XXX     : Going to delete [com.google.android.gms.update, , 21000]
08-30 07:41:09.998  3775  2006 E XXX     : Going to delete [com.google.android.gms.auth_authzen, , 22000]
08-30 07:41:09.999  3775  2006 E XXX     : Going to delete [com.google.android.gms.vision, , 1800]
08-30 07:41:10.000  3775  2006 E XXX     : Going to delete [com.google.android.gms.wallet, , 250]
08-30 07:41:10.005  3775  2006 E XXX     : Going to delete [com.google.android.gms.tron.metrics, , 225]
08-30 07:41:10.006  3775  2006 E XXX     : Going to delete [com.google.android.gms.wearable, , 320]
08-30 07:41:10.007  3775  2006 E XXX     : Going to delete [com.google.android.gms.icing.mdh, , 22002]
08-30 07:41:10.008  3775  2006 E XXX     : Going to delete [com.google.android.gms.herrevad, , 22000]
08-30 07:41:10.009  3775  2006 E XXX     : Going to delete [com.google.android.gms.firebase.auth, , 215]
08-30 07:41:10.010  3775  2006 E XXX     : Going to delete [com.google.android.gms.car, , 236]
08-30 07:41:10.014  3775  2006 E XXX     : Going to delete [com.google.android.gms.gcm, , 824]
08-30 07:41:10.015  3775  2006 E XXX     : Going to delete [com.google.android.gms.ipa, , 207]
08-30 07:41:10.016  3775  2006 E XXX     : Going to delete [com.google.android.gms.ocr, , 348]
08-30 07:41:10.017  3775  2006 E XXX     : Going to delete [com.google.android.gms.udc, , 256]
08-30 07:41:10.018  3775  2006 E XXX     : Going to delete [com.google.android.gms.ulr, , 223]
08-30 07:41:10.021  3775  2006 E XXX     : Going to delete [com.google.android.gms.appinvite, , 208]
08-30 07:41:10.023  3775  2006 E XXX     : Going to delete [com.google.android.gms.usagereporting, , 208]
08-30 07:41:10.024  3775  2006 E XXX     : Going to delete [com.google.android.gms.constellation, , 318]
08-30 07:41:10.026  3775  2006 E XXX     : Going to delete [com.google.android.gms.feedback, , 223]
08-30 07:41:10.027  3775  2006 E XXX     : Going to delete [com.google.android.gms.subscribedfeeds, , 824]
08-30 07:41:10.028  3775  2006 E XXX     : Going to delete [com.google.android.gms.auth_cryptauth, , 208]
08-30 07:41:10.029  3775  2006 E XXX     : Going to delete [com.google.android.gms.thunderbird, , 213]
08-30 07:41:10.030  3775  2006 E XXX     : Going to delete [com.google.android.gms.magictether, , 222]
08-30 07:41:10.030  3775  2006 E XXX     : Going to delete [com.google.android.metrics, , 218]
08-30 07:41:10.035  3775  2006 E XXX     : Going to delete [com.google.android.gms.walletp2p#config, , 231]
08-30 07:41:10.036  3775  2006 E XXX     : Going to delete [com.google.android.gms.matchstick, , 22001]
08-30 07:41:10.038  3775  2006 E XXX     : Going to delete [com.google.android.gms.instantapps, , 225]
08-30 07:41:10.042  3775  2006 E XXX     : Going to delete [com.google.android.gms.clearcut.public, , 221]
08-30 07:41:10.043  3775  2006 E XXX     : Going to delete [com.google.android.gms.fitness, , 215]
08-30 07:41:10.045  3775  2006 E XXX     : Going to delete [com.google.android.gms.contextmanager, , 22100]
08-30 07:41:10.049  3775  2006 E XXX     : Going to delete [com.google.android.gms.auth_api_early_update, , 3]
08-30 07:41:10.050  3775  2006 E XXX     : Going to delete [com.google.android.gms.auth_managed, , 229]
08-30 07:41:10.051  3775  2006 E XXX     : Going to delete [com.google.android.gms.measurement, , 233]
08-30 07:41:10.054  3775  2006 E XXX     : Going to delete [com.google.android.gms, , 209]
08-30 07:41:10.056  3775  2006 E XXX     : Going to delete [com.google.android.gms.common.download, , 209]
08-30 07:41:10.057  3775  2006 E XXX     : Going to delete [com.google.android.gms.vision.sdk, , 1800]
08-30 07:41:10.057  3775  2006 E XXX     : Going to delete [com.google.android.gms.security, , 220]
08-30 07:41:10.058  3775  2006 E XXX     : Going to delete [com.google.android.gms.locationsharing, , 212]
08-30 07:41:10.059  3775  2006 E XXX     : Going to delete [com.google.android.gms.panorama, , 1]
08-30 07:41:10.060  3775  2006 E XXX     : Going to delete [com.google.android.gms.trustlet_place, , 205]
08-30 07:41:10.061  3775  2006 E XXX     : Going to delete [com.google.android.gms.learning.platformservices.sharing, , 7000]
08-30 07:41:10.063  3775  2006 E XXX     : Going to delete [com.google.android.gms.octarine, , 209]
08-30 07:41:10.064  3775  2006 E XXX     : Going to delete [com.google.android.gms.googlehelp, , 223]
08-30 07:41:10.066  3775  2006 E XXX     : Going to delete [com.google.android.gms.chromesync, , 22000]
08-30 07:41:10.067  3775  2006 E XXX     : Going to delete [com.google.android.gms.autofill, , 22000]
08-30 07:41:10.069  3775  2006 E XXX     : Going to delete [com.google.android.gms.cast, , 220]
08-30 07:41:10.070  3775  2006 E XXX     : Going to delete [com.google.android.gms.gass, , 10900]
08-30 07:41:10.072  3775  2006 E XXX     : Going to delete [com.google.android.gms.learning, , 7000]
08-30 07:41:10.074  3775  2006 E XXX     : Going to delete [com.google.android.gms.auth_folsom, , 6]
08-30 07:41:10.075  3775  2006 E XXX     : Going to delete [com.google.android.gms.trustagent, , 212]
08-30 07:41:10.075  3775  2006 E XXX     : Going to delete [com.google.android.gms.trustlet_onbody, , 203]
08-30 07:41:10.076  3775  2006 E XXX     : Going to delete [com.google.android.gms.languageprofile, , 201]
08-30 07:41:10.077  3775  2006 E XXX     : Going to delete [com.google.android.gms.mobile_data_plan, , 263]
08-30 07:41:10.078  3775  2006 E XXX     : Going to delete [com.google.android.gms.auth.easyunlock, , 222]
08-30 07:41:10.079  3775  2006 E XXX     : Going to delete [com.google.android.gms.contactinteractions, , 221]
08-30 07:41:10.080  3775  2006 E XXX     : Going to delete [com.google.android.gms.checkin, , 22000]
08-30 07:41:10.080  3775  2006 E XXX     : Going to delete [com.google.android.gms.telephonyspam, , 212]
08-30 07:41:10.081  3775  2006 E XXX     : Going to delete [com.google.android.gms.reachability, , 221]
08-30 07:41:10.083  3775  2006 E XXX     : Going to delete [com.google.android.gms.audit, , 216]
08-30 07:41:10.084  3775  2006 E XXX     : Going to delete [com.google.android.gms.drive, , 214]
08-30 07:41:10.085  3775  2006 E XXX     : Going to delete [com.google.android.gms.fonts, , 226]
08-30 07:41:10.085  3775  2006 E XXX     : Going to delete [com.google.android.gms.icing, , 22002]
08-30 07:41:10.088  3775  2006 E XXX     : Going to delete [com.google.android.gms.droidguard, , 223]
08-30 07:41:10.089  3775  2006 E XXX     : Going to delete [com.google.android.gms.auth.api.credentials, , 22000]
08-30 07:41:10.090  3775  2006 E XXX     : Going to delete [com.google.android.gms.playlog.uploader, , 221]
08-30 07:41:10.092  3775  2006 E XXX     : Going to delete [com.google.android.gms.smartdevice, , 227]
08-30 07:41:10.093  3775  2006 E XXX     : Going to delete [com.google.android.gms.settings.platform, , 221]
08-30 07:41:10.094  3775  2006 E XXX     : Going to delete [com.google.android.gms.phenotype, , 221]
08-30 07:41:10.099  3775  2006 E XXX     : Going to delete [com.google.android.gms.icing.mdd, , 22002]
08-30 07:41:10.101  3775  2006 E XXX     : Going to delete [com.google.android.gms.lockbox, , 1]
08-30 07:41:10.103  3775  2006 E XXX     : Going to delete [com.google.android.gms.people, , 14574037]
08-30 07:41:10.110  3775  2006 E XXX     : Going to delete [com.google.android.westworld, , 1]
08-30 07:41:10.111  3775  2006 E XXX     : Going to delete [com.google.android.gms.settings.platform.boot, , 221]
08-30 07:41:10.112  3775  2006 E XXX     : Going to delete [com.google.android.gms.walletp2p, , 231]
08-30 07:41:10.113  3775  2006 E XXX     : Going to delete [com.google.android.gms.tapandpay, , 14574037]
08-30 07:41:10.115  3775  2006 E XXX     : Going to delete [com.google.android.libraries.personalization.footprints#com.android.vending, , 83202010]
08-30 07:41:10.115  3775  2006 E XXX     : Going to delete [com.google.android.gms.clearcut_client#com.android.vending, , 83202010]
08-30 07:41:10.116  3775  2006 E XXX     : Going to delete [com.google.android.libraries.performance.primes#com.android.vending, , 82951410]
08-30 07:41:10.121  3775  2006 E XXX     : Going to delete [com.google.android.libraries.onegoogle#com.android.vending, , 83202010]
08-30 07:41:10.123  3775  2006 E XXX     : Going to delete [com.google.android.libraries.mdi.sync#com.android.vending, , 83202010]
08-30 07:41:10.124  3775  2006 E XXX     : Going to delete [com.google.android.libraries.consentverifier#com.android.vending, , 83202010]
08-30 07:41:10.125  3775  2006 E XXX     : Going to delete [com.google.android.finsky.instantapps, , 83202010]
08-30 07:41:21.240  2682  3066 E PowerMonitor: exception In sysProcTransDectect java.lang.NoSuchMethodException: vivoGetNetworkStatsUidDetailWithPackInfo [int]
08-30 07:41:24.788 23230 23786 E MSF.C.NetConnTag.true: conn is already closed on readError closeConn socketEngineID: 0 socket hashcode: 0java.lang.Throwable
08-30 07:41:24.788 23230 23786 E MSF.C.NetConnTag.true: 	at com.tencent.mobileqq.msf.core.net.m.b(P:27)
08-30 07:41:24.788 23230 23786 E MSF.C.NetConnTag.true: 	at com.tencent.mobileqq.msf.core.net.m$b.run(P:24)
08-30 07:41:24.790 23230 23786 E SocketReaderNewtrue: socketEngine: 0socket hashCode: 0SocketReader(4090) errorjava.net.SocketException: Socket is closed
08-30 07:41:29.097  1007  1109 E storaged: getDiskStats failed with result NOT_SUPPORTED and size 0
08-30 07:41:51.909 18581 18794 E memtrack: Couldn't load memtrack module
08-30 07:41:54.804 23230 23786 E MSF.C.NetConnTag.true: conn is already closed on readError closeConn socketEngineID: 0 socket hashcode: 0java.lang.Throwable
08-30 07:41:54.804 23230 23786 E MSF.C.NetConnTag.true: 	at com.tencent.mobileqq.msf.core.net.m.b(P:27)
08-30 07:41:54.804 23230 23786 E MSF.C.NetConnTag.true: 	at com.tencent.mobileqq.msf.core.net.m$b.run(P:24)
08-30 07:41:54.805 23230 23786 E SocketReaderNewtrue: socketEngine: 0socket hashCode: 0SocketReader(4090) errorjava.net.SocketException: Socket is closed
08-30 07:41:57.818 18939 19615 E memtrack: Couldn't load memtrack module
08-30 07:42:24.818 23230 23786 E MSF.C.NetConnTag.true: conn is already closed on readError closeConn socketEngineID: 0 socket hashcode: 0java.lang.Throwable
08-30 07:42:24.818 23230 23786 E MSF.C.NetConnTag.true: 	at com.tencent.mobileqq.msf.core.net.m.b(P:27)
08-30 07:42:24.818 23230 23786 E MSF.C.NetConnTag.true: 	at com.tencent.mobileqq.msf.core.net.m$b.run(P:24)
08-30 07:42:24.819 23230 23786 E SocketReaderNewtrue: socketEngine: 0socket hashCode: 0SocketReader(4090) errorjava.net.SocketException: Socket is closed
08-30 07:42:29.101  1007  1109 E storaged: getDiskStats failed with result NOT_SUPPORTED and size 0
08-30 07:42:32.145 14305 14305 E AutoUpgradeReceiver:  <<<<<<<<<<< receive the upgrade dict broadcast >>>>>>>>>>>>>
08-30 07:42:32.221   992  1195 E Netd    : tether checkPermission, pid:1724 uid:1000
08-30 07:42:32.355  4240  4357 E BitmapFactory: Unable to decode stream: java.io.FileNotFoundException: /oem/etc/theme/icons/dynamic_icon/com.android.BBKClock/res/drawable-sw360dp-xxhdpi/clock_hour.png (No such file or directory)
08-30 07:42:32.356  4240  4357 E BitmapFactory: Unable to decode stream: java.io.FileNotFoundException: /oem/etc/theme/icons/dynamic_icon/com.android.BBKClock/res/drawable-sw360dp-xxhdpi/clock_minute.png (No such file or directory)
08-30 07:42:32.357  4240  4357 E BitmapFactory: Unable to decode stream: java.io.FileNotFoundException: /oem/etc/theme/icons/dynamic_icon/com.android.BBKClock/res/drawable-sw360dp-xxhdpi/clock_dial.png (No such file or directory)
08-30 07:42:32.361  4240  4357 E BitmapFactory: Unable to decode stream: java.io.FileNotFoundException: /oem/etc/theme/icons/dynamic_icon/com.android.BBKClock/res/drawable-sw360dp-xxhdpi/clock_dial_center.png (No such file or directory)
08-30 07:42:54.834 23230 23786 E MSF.C.NetConnTag.true: conn is already closed on readError closeConn socketEngineID: 0 socket hashcode: 0java.lang.Throwable
08-30 07:42:54.834 23230 23786 E MSF.C.NetConnTag.true: 	at com.tencent.mobileqq.msf.core.net.m.b(P:27)
08-30 07:42:54.834 23230 23786 E MSF.C.NetConnTag.true: 	at com.tencent.mobileqq.msf.core.net.m$b.run(P:24)
08-30 07:42:54.834 23230 23786 E SocketReaderNewtrue: socketEngine: 0socket hashCode: 0SocketReader(4090) errorjava.net.SocketException: Socket is closed
08-30 07:43:24.846 23230 23786 E MSF.C.NetConnTag.true: conn is already closed on readError closeConn socketEngineID: 0 socket hashcode: 0java.lang.Throwable
08-30 07:43:24.846 23230 23786 E MSF.C.NetConnTag.true: 	at com.tencent.mobileqq.msf.core.net.m.b(P:27)
08-30 07:43:24.846 23230 23786 E MSF.C.NetConnTag.true: 	at com.tencent.mobileqq.msf.core.net.m$b.run(P:24)
08-30 07:43:24.846 23230 23786 E SocketReaderNewtrue: socketEngine: 0socket hashCode: 0SocketReader(4090) errorjava.net.SocketException: Socket is closed
08-30 07:43:29.106  1007  1109 E storaged: getDiskStats failed with result NOT_SUPPORTED and size 0
08-30 07:43:48.109  2682  3066 E PowerMonitor: exception In sysProcTransDectect java.lang.NoSuchMethodException: vivoGetNetworkStatsUidDetailWithPackInfo [int]
08-30 07:43:48.223  2765  4056 I chatty  : uid=1000(system) Binder:2765_8 expire 15 lines
08-30 07:43:48.223  4240  4357 E BitmapFactory: Unable to decode stream: java.io.FileNotFoundException: /oem/etc/theme/icons/dynamic_icon/com.android.BBKClock/res/drawable-sw360dp-xxhdpi/clock_hour.png (No such file or directory)
08-30 07:43:48.225  4240  4357 E BitmapFactory: Unable to decode stream: java.io.FileNotFoundException: /oem/etc/theme/icons/dynamic_icon/com.android.BBKClock/res/drawable-sw360dp-xxhdpi/clock_minute.png (No such file or directory)
08-30 07:43:48.226  4240  4357 E BitmapFactory: Unable to decode stream: java.io.FileNotFoundException: /oem/etc/theme/icons/dynamic_icon/com.android.BBKClock/res/drawable-sw360dp-xxhdpi/clock_dial.png (No such file or directory)
08-30 07:43:48.229  4240  4357 E BitmapFactory: Unable to decode stream: java.io.FileNotFoundException: /oem/etc/theme/icons/dynamic_icon/com.android.BBKClock/res/drawable-sw360dp-xxhdpi/clock_dial_center.png (No such file or directory)
08-30 07:43:54.853 23230 23786 E MSF.C.NetConnTag.true: conn is already closed on readError closeConn socketEngineID: 0 socket hashcode: 0java.lang.Throwable
08-30 07:43:54.853 23230 23786 E MSF.C.NetConnTag.true: 	at com.tencent.mobileqq.msf.core.net.m.b(P:27)
08-30 07:43:54.853 23230 23786 E MSF.C.NetConnTag.true: 	at com.tencent.mobileqq.msf.core.net.m$b.run(P:24)
08-30 07:43:54.853 23230 23786 E SocketReaderNewtrue: socketEngine: 0socket hashCode: 0SocketReader(4090) errorjava.net.SocketException: Socket is closed
08-30 07:44:24.868 23230 23786 E MSF.C.NetConnTag.true: conn is already closed on readError closeConn socketEngineID: 0 socket hashcode: 0java.lang.Throwable
08-30 07:44:24.868 23230 23786 E MSF.C.NetConnTag.true: 	at com.tencent.mobileqq.msf.core.net.m.b(P:27)
08-30 07:44:24.868 23230 23786 E MSF.C.NetConnTag.true: 	at com.tencent.mobileqq.msf.core.net.m$b.run(P:24)
08-30 07:44:24.869 23230 23786 E SocketReaderNewtrue: socketEngine: 0socket hashCode: 0SocketReader(4090) errorjava.net.SocketException: Socket is closed
08-30 07:44:29.113  1007  1109 E storaged: getDiskStats failed with result NOT_SUPPORTED and size 0
08-30 07:44:54.884 23230 23786 E MSF.C.NetConnTag.true: conn is already closed on readError closeConn socketEngineID: 0 socket hashcode: 0java.lang.Throwable
08-30 07:44:54.884 23230 23786 E MSF.C.NetConnTag.true: 	at com.tencent.mobileqq.msf.core.net.m.b(P:27)
08-30 07:44:54.884 23230 23786 E MSF.C.NetConnTag.true: 	at com.tencent.mobileqq.msf.core.net.m$b.run(P:24)
08-30 07:44:54.885 23230 23786 E SocketReaderNewtrue: socketEngine: 0socket hashCode: 0SocketReader(4090) errorjava.net.SocketException: Socket is closed
08-30 07:45:18.090  4240  4357 E BitmapFactory: Unable to decode stream: java.io.FileNotFoundException: /oem/etc/theme/icons/dynamic_icon/com.android.BBKClock/res/drawable-sw360dp-xxhdpi/clock_hour.png (No such file or directory)
08-30 07:45:18.092  4240  4357 E BitmapFactory: Unable to decode stream: java.io.FileNotFoundException: /oem/etc/theme/icons/dynamic_icon/com.android.BBKClock/res/drawable-sw360dp-xxhdpi/clock_minute.png (No such file or directory)
08-30 07:45:18.094  4240  4357 E BitmapFactory: Unable to decode stream: java.io.FileNotFoundException: /oem/etc/theme/icons/dynamic_icon/com.android.BBKClock/res/drawable-sw360dp-xxhdpi/clock_dial.png (No such file or directory)
08-30 07:45:18.100  4240  4357 E BitmapFactory: Unable to decode stream: java.io.FileNotFoundException: /oem/etc/theme/icons/dynamic_icon/com.android.BBKClock/res/drawable-sw360dp-xxhdpi/clock_dial_center.png (No such file or directory)
08-30 07:45:24.893 23230 23786 E MSF.C.NetConnTag.true: conn is already closed on readError closeConn socketEngineID: 0 socket hashcode: 0java.lang.Throwable
08-30 07:45:24.893 23230 23786 E MSF.C.NetConnTag.true: 	at com.tencent.mobileqq.msf.core.net.m.b(P:27)
08-30 07:45:24.893 23230 23786 E MSF.C.NetConnTag.true: 	at com.tencent.mobileqq.msf.core.net.m$b.run(P:24)
08-30 07:45:24.893 23230 23786 E SocketReaderNewtrue: socketEngine: 0socket hashCode: 0SocketReader(4090) errorjava.net.SocketException: Socket is closed
08-30 07:45:29.117  1007  1109 E storaged: getDiskStats failed with result NOT_SUPPORTED and size 0
08-30 07:45:54.908 23230 23786 E MSF.C.NetConnTag.true: conn is already closed on readError closeConn socketEngineID: 0 socket hashcode: 0java.lang.Throwable
08-30 07:45:54.908 23230 23786 E MSF.C.NetConnTag.true: 	at com.tencent.mobileqq.msf.core.net.m.b(P:27)
08-30 07:45:54.908 23230 23786 E MSF.C.NetConnTag.true: 	at com.tencent.mobileqq.msf.core.net.m$b.run(P:24)
08-30 07:45:54.908 23230 23786 E SocketReaderNewtrue: socketEngine: 0socket hashCode: 0SocketReader(4090) errorjava.net.SocketException: Socket is closed
08-30 07:46:18.105  4240  4357 E BitmapFactory: Unable to decode stream: java.io.FileNotFoundException: /oem/etc/theme/icons/dynamic_icon/com.android.BBKClock/res/drawable-sw360dp-xxhdpi/clock_hour.png (No such file or directory)
08-30 07:46:18.114  4240  4357 E BitmapFactory: Unable to decode stream: java.io.FileNotFoundException: /oem/etc/theme/icons/dynamic_icon/com.android.BBKClock/res/drawable-sw360dp-xxhdpi/clock_minute.png (No such file or directory)
08-30 07:46:18.117  4240  4357 E BitmapFactory: Unable to decode stream: java.io.FileNotFoundException: /oem/etc/theme/icons/dynamic_icon/com.android.BBKClock/res/drawable-sw360dp-xxhdpi/clock_dial.png (No such file or directory)
08-30 07:46:18.125  4240  4357 E BitmapFactory: Unable to decode stream: java.io.FileNotFoundException: /oem/etc/theme/icons/dynamic_icon/com.android.BBKClock/res/drawable-sw360dp-xxhdpi/clock_dial_center.png (No such file or directory)
08-30 07:46:18.227  2682  3066 E PowerMonitor: exception In sysProcTransDectect java.lang.NoSuchMethodException: vivoGetNetworkStatsUidDetailWithPackInfo [int]
08-30 07:46:24.915 23230 23786 E MSF.C.NetConnTag.true: conn is already closed on readError closeConn socketEngineID: 0 socket hashcode: 0java.lang.Throwable
08-30 07:46:24.915 23230 23786 E MSF.C.NetConnTag.true: 	at com.tencent.mobileqq.msf.core.net.m.b(P:27)
08-30 07:46:24.915 23230 23786 E MSF.C.NetConnTag.true: 	at com.tencent.mobileqq.msf.core.net.m$b.run(P:24)
08-30 07:46:24.915 23230 23786 E SocketReaderNewtrue: socketEngine: 0socket hashCode: 0SocketReader(4090) errorjava.net.SocketException: Socket is closed
08-30 07:46:29.121  1007  1109 E storaged: getDiskStats failed with result NOT_SUPPORTED and size 0
08-30 07:46:30.237   992  1195 E Netd    : tether checkPermission, pid:1724 uid:1000
08-30 07:46:30.300  4240  4357 E BitmapFactory: Unable to decode stream: java.io.FileNotFoundException: /oem/etc/theme/icons/dynamic_icon/com.android.BBKClock/res/drawable-sw360dp-xxhdpi/clock_hour.png (No such file or directory)
08-30 07:46:30.301  4240  4357 E BitmapFactory: Unable to decode stream: java.io.FileNotFoundException: /oem/etc/theme/icons/dynamic_icon/com.android.BBKClock/res/drawable-sw360dp-xxhdpi/clock_minute.png (No such file or directory)
08-30 07:46:30.303  4240  4357 E BitmapFactory: Unable to decode stream: java.io.FileNotFoundException: /oem/etc/theme/icons/dynamic_icon/com.android.BBKClock/res/drawable-sw360dp-xxhdpi/clock_dial.png (No such file or directory)
08-30 07:46:30.306  4240  4357 E BitmapFactory: Unable to decode stream: java.io.FileNotFoundException: /oem/etc/theme/icons/dynamic_icon/com.android.BBKClock/res/drawable-sw360dp-xxhdpi/clock_dial_center.png (No such file or directory)
08-30 07:46:30.479  4240  4357 E BitmapFactory: Unable to decode stream: java.io.FileNotFoundException: /oem/etc/theme/icons/dynamic_icon/com.android.BBKClock/res/drawable-sw360dp-xxhdpi/clock_hour.png (No such file or directory)
08-30 07:46:30.480  4240  4357 E BitmapFactory: Unable to decode stream: java.io.FileNotFoundException: /oem/etc/theme/icons/dynamic_icon/com.android.BBKClock/res/drawable-sw360dp-xxhdpi/clock_minute.png (No such file or directory)
08-30 07:46:30.480  4240  4357 E BitmapFactory: Unable to decode stream: java.io.FileNotFoundException: /oem/etc/theme/icons/dynamic_icon/com.android.BBKClock/res/drawable-sw360dp-xxhdpi/clock_dial.png (No such file or directory)
08-30 07:46:30.483  4240  4357 E BitmapFactory: Unable to decode stream: java.io.FileNotFoundException: /oem/etc/theme/icons/dynamic_icon/com.android.BBKClock/res/drawable-sw360dp-xxhdpi/clock_dial_center.png (No such file or directory)
08-30 07:46:30.508  2258  8460 I chatty  : uid=1000(system) AppStatisticSer expire 10 lines
08-30 07:46:52.495 18581 18823 E memtrack: Couldn't load memtrack module
08-30 07:46:54.926 23230 23786 E MSF.C.NetConnTag.true: conn is already closed on readError closeConn socketEngineID: 0 socket hashcode: 0java.lang.Throwable
08-30 07:46:54.926 23230 23786 E MSF.C.NetConnTag.true: 	at com.tencent.mobileqq.msf.core.net.m.b(P:27)
08-30 07:46:54.926 23230 23786 E MSF.C.NetConnTag.true: 	at com.tencent.mobileqq.msf.core.net.m$b.run(P:24)
08-30 07:46:54.927 23230 23786 E SocketReaderNewtrue: socketEngine: 0socket hashCode: 0SocketReader(4090) errorjava.net.SocketException: Socket is closed
08-30 07:46:58.302 18939 19635 E memtrack: Couldn't load memtrack module
08-30 07:47:24.937 23230 23786 E MSF.C.NetConnTag.true: conn is already closed on readError closeConn socketEngineID: 0 socket hashcode: 0java.lang.Throwable
08-30 07:47:24.937 23230 23786 E MSF.C.NetConnTag.true: 	at com.tencent.mobileqq.msf.core.net.m.b(P:27)
08-30 07:47:24.937 23230 23786 E MSF.C.NetConnTag.true: 	at com.tencent.mobileqq.msf.core.net.m$b.run(P:24)
08-30 07:47:24.937 23230 23786 E SocketReaderNewtrue: socketEngine: 0socket hashCode: 0SocketReader(4090) errorjava.net.SocketException: Socket is closed
08-30 07:47:29.125  1007  1109 E storaged: getDiskStats failed with result NOT_SUPPORTED and size 0
08-30 07:47:54.952 23230 23786 E MSF.C.NetConnTag.true: conn is already closed on readError closeConn socketEngineID: 0 socket hashcode: 0java.lang.Throwable
08-30 07:47:54.952 23230 23786 E MSF.C.NetConnTag.true: 	at com.tencent.mobileqq.msf.core.net.m.b(P:27)
08-30 07:47:54.952 23230 23786 E MSF.C.NetConnTag.true: 	at com.tencent.mobileqq.msf.core.net.m$b.run(P:24)
08-30 07:47:54.953 23230 23786 E SocketReaderNewtrue: socketEngine: 0socket hashCode: 0SocketReader(4090) errorjava.net.SocketException: Socket is closed
08-30 07:48:00.394  4240  4357 E BitmapFactory: Unable to decode stream: java.io.FileNotFoundException: /oem/etc/theme/icons/dynamic_icon/com.android.BBKClock/res/drawable-sw360dp-xxhdpi/clock_hour.png (No such file or directory)
08-30 07:48:00.397  4240  4357 E BitmapFactory: Unable to decode stream: java.io.FileNotFoundException: /oem/etc/theme/icons/dynamic_icon/com.android.BBKClock/res/drawable-sw360dp-xxhdpi/clock_minute.png (No such file or directory)
08-30 07:48:00.399  4240  4357 E BitmapFactory: Unable to decode stream: java.io.FileNotFoundException: /oem/etc/theme/icons/dynamic_icon/com.android.BBKClock/res/drawable-sw360dp-xxhdpi/clock_dial.png (No such file or directory)
08-30 07:48:00.407  4240  4357 E BitmapFactory: Unable to decode stream: java.io.FileNotFoundException: /oem/etc/theme/icons/dynamic_icon/com.android.BBKClock/res/drawable-sw360dp-xxhdpi/clock_dial_center.png (No such file or directory)
08-30 07:48:24.965 23230 23786 E MSF.C.NetConnTag.true: conn is already closed on readError closeConn socketEngineID: 0 socket hashcode: 0java.lang.Throwable
08-30 07:48:24.965 23230 23786 E MSF.C.NetConnTag.true: 	at com.tencent.mobileqq.msf.core.net.m.b(P:27)
08-30 07:48:24.965 23230 23786 E MSF.C.NetConnTag.true: 	at com.tencent.mobileqq.msf.core.net.m$b.run(P:24)
08-30 07:48:24.965 23230 23786 E SocketReaderNewtrue: socketEngine: 0socket hashCode: 0SocketReader(4090) errorjava.net.SocketException: Socket is closed
08-30 07:48:29.129  1007  1109 E storaged: getDiskStats failed with result NOT_SUPPORTED and size 0
08-30 07:48:41.997 26592 26592 E .networkimprov: Not starting debugger since process cannot load the jdwp agent.
08-30 07:48:45.132  1724  2038 I chatty  : uid=1000(system) AlarmManager expire 10 lines
08-30 07:48:45.162  2682  3066 E PowerMonitor: exception In sysProcTransDectect java.lang.NoSuchMethodException: vivoGetNetworkStatsUidDetailWithPackInfo [int]
08-30 07:48:45.299 30009 30009 E Runtime : onTrimMemory level:5,pid:com.vivo.hybrid:Launcher0
08-30 07:48:45.344  4240  4357 E BitmapFactory: Unable to decode stream: java.io.FileNotFoundException: /oem/etc/theme/icons/dynamic_icon/com.android.BBKClock/res/drawable-sw360dp-xxhdpi/clock_hour.png (No such file or directory)
08-30 07:48:45.345  4240  4357 E BitmapFactory: Unable to decode stream: java.io.FileNotFoundException: /oem/etc/theme/icons/dynamic_icon/com.android.BBKClock/res/drawable-sw360dp-xxhdpi/clock_minute.png (No such file or directory)
08-30 07:48:45.345  4240  4357 E BitmapFactory: Unable to decode stream: java.io.FileNotFoundException: /oem/etc/theme/icons/dynamic_icon/com.android.BBKClock/res/drawable-sw360dp-xxhdpi/clock_dial.png (No such file or directory)
08-30 07:48:45.348  4240  4357 E BitmapFactory: Unable to decode stream: java.io.FileNotFoundException: /oem/etc/theme/icons/dynamic_icon/com.android.BBKClock/res/drawable-sw360dp-xxhdpi/clock_dial_center.png (No such file or directory)
08-30 07:48:54.980 23230 23786 E MSF.C.NetConnTag.true: conn is already closed on readError closeConn socketEngineID: 0 socket hashcode: 0java.lang.Throwable
08-30 07:48:54.980 23230 23786 E MSF.C.NetConnTag.true: 	at com.tencent.mobileqq.msf.core.net.m.b(P:27)
08-30 07:48:54.980 23230 23786 E MSF.C.NetConnTag.true: 	at com.tencent.mobileqq.msf.core.net.m$b.run(P:24)
08-30 07:48:54.980 23230 23786 E SocketReaderNewtrue: socketEngine: 0socket hashCode: 0SocketReader(4090) errorjava.net.SocketException: Socket is closed
08-30 07:49:07.164  1724  2364 E SyncManager: Bind attempt failed - target: ComponentInfo{com.tencent.android.qqdownloader/com.live.sync.YYBLiveSyncService}
08-30 07:49:07.189  4240  4357 E BitmapFactory: Unable to decode stream: java.io.FileNotFoundException: /oem/etc/theme/icons/dynamic_icon/com.android.BBKClock/res/drawable-sw360dp-xxhdpi/clock_hour.png (No such file or directory)
08-30 07:49:07.191  4240  4357 E BitmapFactory: Unable to decode stream: java.io.FileNotFoundException: /oem/etc/theme/icons/dynamic_icon/com.android.BBKClock/res/drawable-sw360dp-xxhdpi/clock_minute.png (No such file or directory)
08-30 07:49:07.192  4240  4357 E BitmapFactory: Unable to decode stream: java.io.FileNotFoundException: /oem/etc/theme/icons/dynamic_icon/com.android.BBKClock/res/drawable-sw360dp-xxhdpi/clock_dial.png (No such file or directory)
08-30 07:49:07.196  4240  4357 E BitmapFactory: Unable to decode stream: java.io.FileNotFoundException: /oem/etc/theme/icons/dynamic_icon/com.android.BBKClock/res/drawable-sw360dp-xxhdpi/clock_dial_center.png (No such file or directory)
08-30 07:49:24.993 23230 23786 E MSF.C.NetConnTag.true: conn is already closed on readError closeConn socketEngineID: 0 socket hashcode: 0java.lang.Throwable
08-30 07:49:24.993 23230 23786 E MSF.C.NetConnTag.true: 	at com.tencent.mobileqq.msf.core.net.m.b(P:27)
08-30 07:49:24.993 23230 23786 E MSF.C.NetConnTag.true: 	at com.tencent.mobileqq.msf.core.net.m$b.run(P:24)
08-30 07:49:24.993 23230 23786 E SocketReaderNewtrue: socketEngine: 0socket hashCode: 0SocketReader(4090) errorjava.net.SocketException: Socket is closed
08-30 07:49:29.134  1007  1109 E storaged: getDiskStats failed with result NOT_SUPPORTED and size 0
08-30 07:49:55.008 23230 23786 E MSF.C.NetConnTag.true: conn is already closed on readError closeConn socketEngineID: 0 socket hashcode: 0java.lang.Throwable
08-30 07:49:55.008 23230 23786 E MSF.C.NetConnTag.true: 	at com.tencent.mobileqq.msf.core.net.m.b(P:27)
08-30 07:49:55.008 23230 23786 E MSF.C.NetConnTag.true: 	at com.tencent.mobileqq.msf.core.net.m$b.run(P:24)
08-30 07:49:55.008 23230 23786 E SocketReaderNewtrue: socketEngine: 0socket hashCode: 0SocketReader(4090) errorjava.net.SocketException: Socket is closed
08-30 07:50:25.025 23230 23786 E MSF.C.NetConnTag.true: conn is already closed on readError closeConn socketEngineID: 0 socket hashcode: 0java.lang.Throwable
08-30 07:50:25.025 23230 23786 E MSF.C.NetConnTag.true: 	at com.tencent.mobileqq.msf.core.net.m.b(P:27)
08-30 07:50:25.025 23230 23786 E MSF.C.NetConnTag.true: 	at com.tencent.mobileqq.msf.core.net.m$b.run(P:24)
08-30 07:50:25.025 23230 23786 E SocketReaderNewtrue: socketEngine: 0socket hashCode: 0SocketReader(4090) errorjava.net.SocketException: Socket is closed
08-30 07:50:29.138  1007  1109 E storaged: getDiskStats failed with result NOT_SUPPORTED and size 0
08-30 07:50:37.090  4240  4357 E BitmapFactory: Unable to decode stream: java.io.FileNotFoundException: /oem/etc/theme/icons/dynamic_icon/com.android.BBKClock/res/drawable-sw360dp-xxhdpi/clock_hour.png (No such file or directory)
08-30 07:50:37.092  4240  4357 E BitmapFactory: Unable to decode stream: java.io.FileNotFoundException: /oem/etc/theme/icons/dynamic_icon/com.android.BBKClock/res/drawable-sw360dp-xxhdpi/clock_minute.png (No such file or directory)
08-30 07:50:37.094  4240  4357 E BitmapFactory: Unable to decode stream: java.io.FileNotFoundException: /oem/etc/theme/icons/dynamic_icon/com.android.BBKClock/res/drawable-sw360dp-xxhdpi/clock_dial.png (No such file or directory)
08-30 07:50:37.101  4240  4357 E BitmapFactory: Unable to decode stream: java.io.FileNotFoundException: /oem/etc/theme/icons/dynamic_icon/com.android.BBKClock/res/drawable-sw360dp-xxhdpi/clock_dial_center.png (No such file or directory)
08-30 07:50:48.980  2765 17121 I chatty  : uid=1000(system) Binder:2765_D expire 13 lines
08-30 07:50:48.989  4240  4357 E BitmapFactory: Unable to decode stream: java.io.FileNotFoundException: /oem/etc/theme/icons/dynamic_icon/com.android.BBKClock/res/drawable-sw360dp-xxhdpi/clock_hour.png (No such file or directory)
08-30 07:50:48.991  4240  4357 E BitmapFactory: Unable to decode stream: java.io.FileNotFoundException: /oem/etc/theme/icons/dynamic_icon/com.android.BBKClock/res/drawable-sw360dp-xxhdpi/clock_minute.png (No such file or directory)
08-30 07:50:48.992  4240  4357 E BitmapFactory: Unable to decode stream: java.io.FileNotFoundException: /oem/etc/theme/icons/dynamic_icon/com.android.BBKClock/res/drawable-sw360dp-xxhdpi/clock_dial.png (No such file or directory)
08-30 07:50:48.994  4240  4357 E BitmapFactory: Unable to decode stream: java.io.FileNotFoundException: /oem/etc/theme/icons/dynamic_icon/com.android.BBKClock/res/drawable-sw360dp-xxhdpi/clock_dial_center.png (No such file or directory)
08-30 07:50:49.037  2765  3998 I chatty  : uid=1000(system) Binder:2765_7 expire 15 lines
08-30 07:50:55.035 23230 23786 E MSF.C.NetConnTag.true: conn is already closed on readError closeConn socketEngineID: 0 socket hashcode: 0java.lang.Throwable
08-30 07:50:55.035 23230 23786 E MSF.C.NetConnTag.true: 	at com.tencent.mobileqq.msf.core.net.m.b(P:27)
08-30 07:50:55.035 23230 23786 E MSF.C.NetConnTag.true: 	at com.tencent.mobileqq.msf.core.net.m$b.run(P:24)
08-30 07:50:55.035 23230 23786 E SocketReaderNewtrue: socketEngine: 0socket hashCode: 0SocketReader(4090) errorjava.net.SocketException: Socket is closed
08-30 07:51:08.222 18939 26645 E libc    : Access denied finding property "net.dns1"
08-30 07:51:08.222 18939 26645 E libc    : Access denied finding property "net.dns2"
08-30 07:51:15.318  2682  3066 E PowerMonitor: exception In sysProcTransDectect java.lang.NoSuchMethodException: vivoGetNetworkStatsUidDetailWithPackInfo [int]
08-30 07:51:25.050 23230 23786 E MSF.C.NetConnTag.true: conn is already closed on readError closeConn socketEngineID: 0 socket hashcode: 0java.lang.Throwable
08-30 07:51:25.050 23230 23786 E MSF.C.NetConnTag.true: 	at com.tencent.mobileqq.msf.core.net.m.b(P:27)
08-30 07:51:25.050 23230 23786 E MSF.C.NetConnTag.true: 	at com.tencent.mobileqq.msf.core.net.m$b.run(P:24)
08-30 07:51:25.050 23230 23786 E SocketReaderNewtrue: socketEngine: 0socket hashCode: 0SocketReader(4090) errorjava.net.SocketException: Socket is closed
08-30 07:51:29.142  1007  1109 E storaged: getDiskStats failed with result NOT_SUPPORTED and size 0
08-30 07:51:35.424   992  1195 E Netd    : tether checkPermission, pid:1724 uid:1000
08-30 07:51:35.510  4305 26662 E WorkSourceUtil: Could not find package: com.google.android.gms.westworld
08-30 07:51:35.611  4240  4357 E BitmapFactory: Unable to decode stream: java.io.FileNotFoundException: /oem/etc/theme/icons/dynamic_icon/com.android.BBKClock/res/drawable-sw360dp-xxhdpi/clock_hour.png (No such file or directory)
08-30 07:51:35.612  4240  4357 E BitmapFactory: Unable to decode stream: java.io.FileNotFoundException: /oem/etc/theme/icons/dynamic_icon/com.android.BBKClock/res/drawable-sw360dp-xxhdpi/clock_minute.png (No such file or directory)
08-30 07:51:35.613  4240  4357 E BitmapFactory: Unable to decode stream: java.io.FileNotFoundException: /oem/etc/theme/icons/dynamic_icon/com.android.BBKClock/res/drawable-sw360dp-xxhdpi/clock_dial.png (No such file or directory)
08-30 07:51:35.615  4240  4357 E BitmapFactory: Unable to decode stream: java.io.FileNotFoundException: /oem/etc/theme/icons/dynamic_icon/com.android.BBKClock/res/drawable-sw360dp-xxhdpi/clock_dial_center.png (No such file or directory)
08-30 07:51:53.169 18581 18768 E memtrack: Couldn't load memtrack module
08-30 07:51:55.065 23230 23786 E MSF.C.NetConnTag.true: conn is already closed on readError closeConn socketEngineID: 0 socket hashcode: 0java.lang.Throwable
08-30 07:51:55.065 23230 23786 E MSF.C.NetConnTag.true: 	at com.tencent.mobileqq.msf.core.net.m.b(P:27)
08-30 07:51:55.065 23230 23786 E MSF.C.NetConnTag.true: 	at com.tencent.mobileqq.msf.core.net.m$b.run(P:24)
08-30 07:51:55.066 23230 23786 E SocketReaderNewtrue: socketEngine: 0socket hashCode: 0SocketReader(4090) errorjava.net.SocketException: Socket is closed
08-30 07:51:58.723 18939 19699 E memtrack: Couldn't load memtrack module
08-30 07:52:25.079 23230 23786 E MSF.C.NetConnTag.true: conn is already closed on readError closeConn socketEngineID: 0 socket hashcode: 0java.lang.Throwable
08-30 07:52:25.079 23230 23786 E MSF.C.NetConnTag.true: 	at com.tencent.mobileqq.msf.core.net.m.b(P:27)
08-30 07:52:25.079 23230 23786 E MSF.C.NetConnTag.true: 	at com.tencent.mobileqq.msf.core.net.m$b.run(P:24)
08-30 07:52:25.080 23230 23786 E SocketReaderNewtrue: socketEngine: 0socket hashCode: 0SocketReader(4090) errorjava.net.SocketException: Socket is closed
08-30 07:52:29.147  1007  1109 E storaged: getDiskStats failed with result NOT_SUPPORTED and size 0
08-30 07:52:55.092 23230 23786 E MSF.C.NetConnTag.true: conn is already closed on readError closeConn socketEngineID: 0 socket hashcode: 0java.lang.Throwable
08-30 07:52:55.092 23230 23786 E MSF.C.NetConnTag.true: 	at com.tencent.mobileqq.msf.core.net.m.b(P:27)
08-30 07:52:55.092 23230 23786 E MSF.C.NetConnTag.true: 	at com.tencent.mobileqq.msf.core.net.m$b.run(P:24)
08-30 07:52:55.093 23230 23786 E SocketReaderNewtrue: socketEngine: 0socket hashCode: 0SocketReader(4090) errorjava.net.SocketException: Socket is closed
08-30 07:53:05.414  4240  4357 E BitmapFactory: Unable to decode stream: java.io.FileNotFoundException: /oem/etc/theme/icons/dynamic_icon/com.android.BBKClock/res/drawable-sw360dp-xxhdpi/clock_hour.png (No such file or directory)
