08-30 10:06:31.815  1007  1109 E storaged: getDiskStats failed with result NOT_SUPPORTED and size 0
08-30 10:06:58.829 23230 23786 E MSF.C.NetConnTag.true: conn is already closed on readError closeConn socketEngineID: 0 socket hashcode: 0java.lang.Throwable
08-30 10:06:58.829 23230 23786 E MSF.C.NetConnTag.true: 	at com.tencent.mobileqq.msf.core.net.m.b(P:27)
08-30 10:06:58.829 23230 23786 E MSF.C.NetConnTag.true: 	at com.tencent.mobileqq.msf.core.net.m$b.run(P:24)
08-30 10:06:58.829 23230 23786 E SocketReaderNewtrue: socketEngine: 0socket hashCode: 0SocketReader(4090) errorjava.net.SocketException: Socket is closed
08-30 10:07:10.462 18939 19635 E memtrack: Couldn't load memtrack module
08-30 10:07:10.727  4240  4357 E BitmapFactory: Unable to decode stream: java.io.FileNotFoundException: /oem/etc/theme/icons/dynamic_icon/com.android.BBKClock/res/drawable-sw360dp-xxhdpi/clock_hour.png (No such file or directory)
08-30 10:07:10.729  4240  4357 E BitmapFactory: Unable to decode stream: java.io.FileNotFoundException: /oem/etc/theme/icons/dynamic_icon/com.android.BBKClock/res/drawable-sw360dp-xxhdpi/clock_minute.png (No such file or directory)
08-30 10:07:10.730  4240  4357 E BitmapFactory: Unable to decode stream: java.io.FileNotFoundException: /oem/etc/theme/icons/dynamic_icon/com.android.BBKClock/res/drawable-sw360dp-xxhdpi/clock_dial.png (No such file or directory)
08-30 10:07:10.734  4240  4357 E BitmapFactory: Unable to decode stream: java.io.FileNotFoundException: /oem/etc/theme/icons/dynamic_icon/com.android.BBKClock/res/drawable-sw360dp-xxhdpi/clock_dial_center.png (No such file or directory)
08-30 10:07:10.790 18581 18795 E memtrack: Couldn't load memtrack module
08-30 10:07:21.878  2682  3066 E PowerMonitor: exception In sysProcTransDectect java.lang.NoSuchMethodException: vivoGetNetworkStatsUidDetailWithPackInfo [int]
08-30 10:07:28.842 23230 23786 E MSF.C.NetConnTag.true: conn is already closed on readError closeConn socketEngineID: 0 socket hashcode: 0java.lang.Throwable
08-30 10:07:28.842 23230 23786 E MSF.C.NetConnTag.true: 	at com.tencent.mobileqq.msf.core.net.m.b(P:27)
08-30 10:07:28.842 23230 23786 E MSF.C.NetConnTag.true: 	at com.tencent.mobileqq.msf.core.net.m$b.run(P:24)
08-30 10:07:28.842 23230 23786 E SocketReaderNewtrue: socketEngine: 0socket hashCode: 0SocketReader(4090) errorjava.net.SocketException: Socket is closed
08-30 10:07:30.075   992  1195 E Netd    : tether checkPermission, pid:1724 uid:1000
08-30 10:07:30.093  1724  2364 E SyncManager: Bind attempt failed - target: ComponentInfo{com.tencent.android.qqdownloader/com.live.sync.YYBLiveSyncService}
08-30 10:07:31.819  1007  1109 E storaged: getDiskStats failed with result NOT_SUPPORTED and size 0
08-30 10:07:58.855 23230 23786 E MSF.C.NetConnTag.true: conn is already closed on readError closeConn socketEngineID: 0 socket hashcode: 0java.lang.Throwable
08-30 10:07:58.855 23230 23786 E MSF.C.NetConnTag.true: 	at com.tencent.mobileqq.msf.core.net.m.b(P:27)
08-30 10:07:58.855 23230 23786 E MSF.C.NetConnTag.true: 	at com.tencent.mobileqq.msf.core.net.m$b.run(P:24)
08-30 10:07:58.857 23230 23786 E SocketReaderNewtrue: socketEngine: 0socket hashCode: 0SocketReader(4090) errorjava.net.SocketException: Socket is closed
08-30 10:08:28.873 23230 23786 E MSF.C.NetConnTag.true: conn is already closed on readError closeConn socketEngineID: 0 socket hashcode: 0java.lang.Throwable
08-30 10:08:28.873 23230 23786 E MSF.C.NetConnTag.true: 	at com.tencent.mobileqq.msf.core.net.m.b(P:27)
08-30 10:08:28.873 23230 23786 E MSF.C.NetConnTag.true: 	at com.tencent.mobileqq.msf.core.net.m$b.run(P:24)
08-30 10:08:28.873 23230 23786 E SocketReaderNewtrue: socketEngine: 0socket hashCode: 0SocketReader(4090) errorjava.net.SocketException: Socket is closed
08-30 10:08:31.823  1007  1109 E storaged: getDiskStats failed with result NOT_SUPPORTED and size 0
08-30 10:08:40.628  4240  4357 E BitmapFactory: Unable to decode stream: java.io.FileNotFoundException: /oem/etc/theme/icons/dynamic_icon/com.android.BBKClock/res/drawable-sw360dp-xxhdpi/clock_hour.png (No such file or directory)
08-30 10:08:40.631  4240  4357 E BitmapFactory: Unable to decode stream: java.io.FileNotFoundException: /oem/etc/theme/icons/dynamic_icon/com.android.BBKClock/res/drawable-sw360dp-xxhdpi/clock_minute.png (No such file or directory)
08-30 10:08:40.634  4240  4357 E BitmapFactory: Unable to decode stream: java.io.FileNotFoundException: /oem/etc/theme/icons/dynamic_icon/com.android.BBKClock/res/drawable-sw360dp-xxhdpi/clock_dial.png (No such file or directory)
08-30 10:08:40.638  4240  4357 E BitmapFactory: Unable to decode stream: java.io.FileNotFoundException: /oem/etc/theme/icons/dynamic_icon/com.android.BBKClock/res/drawable-sw360dp-xxhdpi/clock_dial_center.png (No such file or directory)
08-30 10:08:46.175 28937 28964 E VMS_SDK_Client: get udid failed
08-30 10:08:46.377 28937 28966 I chatty  : uid=10027(com.vivo.browser) identical 11 lines
08-30 10:08:58.886 23230 23786 E MSF.C.NetConnTag.true: conn is already closed on readError closeConn socketEngineID: 0 socket hashcode: 0java.lang.Throwable
08-30 10:08:58.886 23230 23786 E MSF.C.NetConnTag.true: 	at com.tencent.mobileqq.msf.core.net.m.b(P:27)
08-30 10:08:58.886 23230 23786 E MSF.C.NetConnTag.true: 	at com.tencent.mobileqq.msf.core.net.m$b.run(P:24)
08-30 10:08:58.886 23230 23786 E SocketReaderNewtrue: socketEngine: 0socket hashCode: 0SocketReader(4090) errorjava.net.SocketException: Socket is closed
08-30 10:09:06.939  4240  4357 E BitmapFactory: Unable to decode stream: java.io.FileNotFoundException: /oem/etc/theme/icons/dynamic_icon/com.android.BBKClock/res/drawable-sw360dp-xxhdpi/clock_hour.png (No such file or directory)
08-30 10:09:06.941  4240  4357 E BitmapFactory: Unable to decode stream: java.io.FileNotFoundException: /oem/etc/theme/icons/dynamic_icon/com.android.BBKClock/res/drawable-sw360dp-xxhdpi/clock_minute.png (No such file or directory)
08-30 10:09:06.942  4240  4357 E BitmapFactory: Unable to decode stream: java.io.FileNotFoundException: /oem/etc/theme/icons/dynamic_icon/com.android.BBKClock/res/drawable-sw360dp-xxhdpi/clock_dial.png (No such file or directory)
08-30 10:09:06.946  4240  4357 E BitmapFactory: Unable to decode stream: java.io.FileNotFoundException: /oem/etc/theme/icons/dynamic_icon/com.android.BBKClock/res/drawable-sw360dp-xxhdpi/clock_dial_center.png (No such file or directory)
08-30 10:09:07.083  4240  4357 E BitmapFactory: Unable to decode stream: java.io.FileNotFoundException: /oem/etc/theme/icons/dynamic_icon/com.android.BBKClock/res/drawable-sw360dp-xxhdpi/clock_hour.png (No such file or directory)
08-30 10:09:07.084  4240  4357 E BitmapFactory: Unable to decode stream: java.io.FileNotFoundException: /oem/etc/theme/icons/dynamic_icon/com.android.BBKClock/res/drawable-sw360dp-xxhdpi/clock_minute.png (No such file or directory)
08-30 10:09:07.085  4240  4357 E BitmapFactory: Unable to decode stream: java.io.FileNotFoundException: /oem/etc/theme/icons/dynamic_icon/com.android.BBKClock/res/drawable-sw360dp-xxhdpi/clock_dial.png (No such file or directory)
08-30 10:09:07.087  4240  4357 E BitmapFactory: Unable to decode stream: java.io.FileNotFoundException: /oem/etc/theme/icons/dynamic_icon/com.android.BBKClock/res/drawable-sw360dp-xxhdpi/clock_dial_center.png (No such file or directory)
08-30 10:09:28.001   992  1195 E Netd    : tether checkPermission, pid:1724 uid:1000
08-30 10:09:28.900 23230 23786 E MSF.C.NetConnTag.true: conn is already closed on readError closeConn socketEngineID: 0 socket hashcode: 0java.lang.Throwable
08-30 10:09:28.900 23230 23786 E MSF.C.NetConnTag.true: 	at com.tencent.mobileqq.msf.core.net.m.b(P:27)
08-30 10:09:28.900 23230 23786 E MSF.C.NetConnTag.true: 	at com.tencent.mobileqq.msf.core.net.m$b.run(P:24)
08-30 10:09:28.900 23230 23786 E SocketReaderNewtrue: socketEngine: 0socket hashCode: 0SocketReader(4090) errorjava.net.SocketException: Socket is closed
08-30 10:09:31.828  1007  1109 E storaged: getDiskStats failed with result NOT_SUPPORTED and size 0
08-30 10:09:47.480 28937 29053 E libc    : Access denied finding property "ro.vendor.vivo.serialno"
08-30 10:09:52.020  2682  3066 E PowerMonitor: exception In sysProcTransDectect java.lang.NoSuchMethodException: vivoGetNetworkStatsUidDetailWithPackInfo [int]
08-30 10:09:58.914 23230 23786 E MSF.C.NetConnTag.true: conn is already closed on readError closeConn socketEngineID: 0 socket hashcode: 0java.lang.Throwable
08-30 10:09:58.914 23230 23786 E MSF.C.NetConnTag.true: 	at com.tencent.mobileqq.msf.core.net.m.b(P:27)
08-30 10:09:58.914 23230 23786 E MSF.C.NetConnTag.true: 	at com.tencent.mobileqq.msf.core.net.m$b.run(P:24)
08-30 10:09:58.915 23230 23786 E SocketReaderNewtrue: socketEngine: 0socket hashCode: 0SocketReader(4090) errorjava.net.SocketException: Socket is closed
08-30 10:10:28.926 23230 23786 E MSF.C.NetConnTag.true: conn is already closed on readError closeConn socketEngineID: 0 socket hashcode: 0java.lang.Throwable
08-30 10:10:28.926 23230 23786 E MSF.C.NetConnTag.true: 	at com.tencent.mobileqq.msf.core.net.m.b(P:27)
08-30 10:10:28.926 23230 23786 E MSF.C.NetConnTag.true: 	at com.tencent.mobileqq.msf.core.net.m$b.run(P:24)
08-30 10:10:28.927 23230 23786 E SocketReaderNewtrue: socketEngine: 0socket hashCode: 0SocketReader(4090) errorjava.net.SocketException: Socket is closed
08-30 10:10:31.833  1007  1109 E storaged: getDiskStats failed with result NOT_SUPPORTED and size 0
08-30 10:10:37.015  4240  4357 E BitmapFactory: Unable to decode stream: java.io.FileNotFoundException: /oem/etc/theme/icons/dynamic_icon/com.android.BBKClock/res/drawable-sw360dp-xxhdpi/clock_hour.png (No such file or directory)
08-30 10:10:37.018  4240  4357 E BitmapFactory: Unable to decode stream: java.io.FileNotFoundException: /oem/etc/theme/icons/dynamic_icon/com.android.BBKClock/res/drawable-sw360dp-xxhdpi/clock_minute.png (No such file or directory)
08-30 10:10:37.020  4240  4357 E BitmapFactory: Unable to decode stream: java.io.FileNotFoundException: /oem/etc/theme/icons/dynamic_icon/com.android.BBKClock/res/drawable-sw360dp-xxhdpi/clock_dial.png (No such file or directory)
08-30 10:10:37.028  4240  4357 E BitmapFactory: Unable to decode stream: java.io.FileNotFoundException: /oem/etc/theme/icons/dynamic_icon/com.android.BBKClock/res/drawable-sw360dp-xxhdpi/clock_dial_center.png (No such file or directory)
08-30 10:10:37.749 29067 29067 E nt.mobileqq:MS: Not starting debugger since process cannot load the jdwp agent.
08-30 10:10:38.015 29084 29084 E encent.mobileq: Not starting debugger since process cannot load the jdwp agent.
08-30 10:10:38.258 29084 29084 E SceneSampleRate: ,: scene=before, rate=0.25, maxReport = 10
08-30 10:10:38.259 29084 29084 E SceneSampleRate: ,: scene=illegal_scene, rate=0.05, maxReport = 10
08-30 10:10:38.259 29084 29084 E SceneSampleRate: ,: scene=back, rate=0.1, maxReport = 20
08-30 10:10:38.259 29084 29084 E SceneSampleRate: ,: scene=high_freq, rate=0.1, maxReport = 20
08-30 10:10:38.323 29084 29084 E 2g.outt : init
08-30 10:10:38.324 29084 29084 E 2g.outt : sync
08-30 10:10:38.350 29084 29084 E qiqili  : InitMemoryCache BaseApplicationImpl.sProcessId =1BaseApplicationImpl.processName=com.tencent.mobileqq
08-30 10:10:38.452 29084 29139 E System  :  ******** DEPRECATED FUNCTIONALITY ********
08-30 10:10:38.452 29084 29139 E System  :  * The implementation of the KeyFactory.RSA algorithm from
08-30 10:10:38.452 29084 29139 E System  :  * the BC provider is deprecated in this version of Android.
08-30 10:10:38.452 29084 29139 E System  :  * It will be removed in a future version of Android and your
08-30 10:10:38.452 29084 29139 E System  :  * application will no longer be able to request it.  Please see
08-30 10:10:38.452 29084 29139 E System  :  * https://android-developers.googleblog.com/2018/03/cryptography-changes-in-android-p.html
08-30 10:10:38.452 29084 29139 E System  :  * for more details.
08-30 10:10:38.557 29067 29067 E SceneSampleRate: ,: scene=before, rate=0.25, maxReport = 10
08-30 10:10:38.557 29067 29067 E SceneSampleRate: ,: scene=illegal_scene, rate=0.05, maxReport = 10
08-30 10:10:38.557 29067 29067 E SceneSampleRate: ,: scene=back, rate=0.1, maxReport = 20
08-30 10:10:38.557 29067 29067 E SceneSampleRate: ,: scene=high_freq, rate=0.1, maxReport = 20
08-30 10:10:38.760 29067 29067 E MSF.C.NativeConfigStore: loadso msfbootV2 true resultCode=262144 cost=2
08-30 10:10:39.065 29067 29067 E MSF.C.CodecWarpper: loadso codecwrapperV2 true resultCode=262144 cost=4
08-30 10:10:39.152 29067 29067 E 2g.outt : init
08-30 10:10:39.152 29067 29067 E 2g.outt : sync
08-30 10:10:39.204 29067 29218 E System  :  ******** DEPRECATED FUNCTIONALITY ********
08-30 10:10:39.204 29067 29218 E System  :  * The implementation of the KeyFactory.RSA algorithm from
08-30 10:10:39.204 29067 29218 E System  :  * the BC provider is deprecated in this version of Android.
08-30 10:10:39.204 29067 29218 E System  :  * It will be removed in a future version of Android and your
08-30 10:10:39.204 29067 29218 E System  :  * application will no longer be able to request it.  Please see
08-30 10:10:39.204 29067 29218 E System  :  * https://android-developers.googleblog.com/2018/03/cryptography-changes-in-android-p.html
08-30 10:10:39.204 29067 29218 E System  :  * for more details.
08-30 10:10:39.394 29067 29224 E MSF.C.NetConnTag.true: [openConn] socket has built, socketEngineID: 0socket: 119889441java.lang.Throwable
08-30 10:10:39.394 29067 29224 E MSF.C.NetConnTag.true: 	at com.tencent.mobileqq.msf.core.net.m.a(P:46)
08-30 10:10:39.394 29067 29224 E MSF.C.NetConnTag.true: 	at com.tencent.mobileqq.msf.core.net.p.a(P:207)
08-30 10:10:39.394 29067 29224 E MSF.C.NetConnTag.true: 	at com.tencent.mobileqq.msf.core.net.p.a(P:203)
08-30 10:10:39.394 29067 29224 E MSF.C.NetConnTag.true: 	at com.tencent.mobileqq.msf.core.net.p.a(P:179)
08-30 10:10:39.394 29067 29224 E MSF.C.NetConnTag.true: 	at com.tencent.mobileqq.msf.core.net.p.b(P:40)
08-30 10:10:39.394 29067 29224 E MSF.C.NetConnTag.true: 	at com.tencent.mobileqq.msf.core.net.p.a(P:108)
08-30 10:10:39.394 29067 29224 E MSF.C.NetConnTag.true: 	at com.tencent.mobileqq.msf.core.net.p.q(P:1)
08-30 10:10:39.394 29067 29224 E MSF.C.NetConnTag.true: 	at com.tencent.mobileqq.msf.core.net.p.a(P:217)
08-30 10:10:39.394 29067 29224 E MSF.C.NetConnTag.true: 	at com.tencent.mobileqq.msf.core.ag$c.run(P:115)
08-30 10:10:39.977 29067 29255 E Android : stop...
08-30 10:10:43.399 29084 29107 E TrafficMonitorLibrary: HookSocket_Before_P start
08-30 10:10:43.401 29084 29107 E TrafficMonitorLibrary: HookSocket_Before_P succeed
08-30 10:10:44.555 29067 29261 E MSFAliveManager: boot type uninit
08-30 10:10:44.765 29067 29303 E RMonitor_manager_PluginMng: can not find plugin {name: device, id: 131, mode: 0, entrance: com.tencent.rmonitor.device.DeviceInfoMonitor}java.lang.ClassNotFoundException: com.tencent.rmonitor.device.DeviceInfoMonitor
08-30 10:10:44.765 29067 29303 E RMonitor_manager_PluginMng: 	at java.lang.Class.classForName(Native Method)
08-30 10:10:44.765 29067 29303 E RMonitor_manager_PluginMng: 	at java.lang.Class.forName(Class.java:453)
08-30 10:10:44.765 29067 29303 E RMonitor_manager_PluginMng: 	at java.lang.Class.forName(Class.java:378)
08-30 10:10:44.765 29067 29303 E RMonitor_manager_PluginMng: 	at com.tencent.rmonitor.c.d.g(P:2)
08-30 10:10:44.765 29067 29303 E RMonitor_manager_PluginMng: 	at com.tencent.rmonitor.c.d.h(P:2)
08-30 10:10:44.765 29067 29303 E RMonitor_manager_PluginMng: 	at com.tencent.rmonitor.c.d.c(P:5)
08-30 10:10:44.765 29067 29303 E RMonitor_manager_PluginMng: 	at com.tencent.rmonitor.c.c.f(P:9)
08-30 10:10:44.765 29067 29303 E RMonitor_manager_PluginMng: 	at com.tencent.rmonitor.Magnifier$1.run(P:3)
08-30 10:10:44.765 29067 29303 E RMonitor_manager_PluginMng: 	at android.os.Handler.handleCallback(Handler.java:873)
08-30 10:10:44.765 29067 29303 E RMonitor_manager_PluginMng: 	at android.os.Handler.dispatchMessage(Handler.java:99)
08-30 10:10:44.765 29067 29303 E RMonitor_manager_PluginMng: 	at android.os.Looper.loop(Looper.java:224)
08-30 10:10:44.765 29067 29303 E RMonitor_manager_PluginMng: 	at android.os.HandlerThread.run(HandlerThread.java:65)
08-30 10:10:44.765 29067 29303 E RMonitor_manager_PluginMng: Caused by: java.lang.ClassNotFoundException: Didn't find class "com.tencent.rmonitor.device.DeviceInfoMonitor" on path: DexPathList[[zip file "/system/framework/org.apache.http.legacy.boot.jar", zip file "/data/app/com.tencent.mobileqq-9NPNTOx62ULAduw2aTKEhw==/base.apk"],nativeLibraryDirectories=[/data/app/com.tencent.mobileqq-9NPNTOx62ULAduw2aTKEhw==/lib/arm64, /data/app/com.tencent.mobileqq-9NPNTOx62ULAduw2aTKEhw==/base.apk!/lib/arm64-v8a, /system/lib64]]
08-30 10:10:44.765 29067 29303 E RMonitor_manager_PluginMng: 	at dalvik.system.BaseDexClassLoader.findClass(BaseDexClassLoader.java:134)
08-30 10:10:44.765 29067 29303 E RMonitor_manager_PluginMng: 	at java.lang.ClassLoader.loadClass(ClassLoader.java:379)
08-30 10:10:44.765 29067 29303 E RMonitor_manager_PluginMng: 	at java.lang.ClassLoader.loadClass(ClassLoader.java:312)
08-30 10:10:44.765 29067 29303 E RMonitor_manager_PluginMng: 	... 12 more
08-30 10:11:07.194 29323 29323 E .networkimprov: Not starting debugger since process cannot load the jdwp agent.
08-30 10:11:17.189  1724  2356 I chatty  : uid=1000(system) IpClient.wlan0 expire 10 lines
08-30 10:11:17.350  2765  8150 I chatty  : uid=1000(system) Binder:2765_B expire 6 lines
08-30 10:11:17.365  4240  4357 E BitmapFactory: Unable to decode stream: java.io.FileNotFoundException: /oem/etc/theme/icons/dynamic_icon/com.android.BBKClock/res/drawable-sw360dp-xxhdpi/clock_hour.png (No such file or directory)
08-30 10:11:17.366  4240  4357 E BitmapFactory: Unable to decode stream: java.io.FileNotFoundException: /oem/etc/theme/icons/dynamic_icon/com.android.BBKClock/res/drawable-sw360dp-xxhdpi/clock_minute.png (No such file or directory)
08-30 10:11:17.367  4240  4357 E BitmapFactory: Unable to decode stream: java.io.FileNotFoundException: /oem/etc/theme/icons/dynamic_icon/com.android.BBKClock/res/drawable-sw360dp-xxhdpi/clock_dial.png (No such file or directory)
08-30 10:11:17.370  4240  4357 E BitmapFactory: Unable to decode stream: java.io.FileNotFoundException: /oem/etc/theme/icons/dynamic_icon/com.android.BBKClock/res/drawable-sw360dp-xxhdpi/clock_dial_center.png (No such file or directory)
08-30 10:11:17.489  4240  4357 E BitmapFactory: Unable to decode stream: java.io.FileNotFoundException: /oem/etc/theme/icons/dynamic_icon/com.android.BBKClock/res/drawable-sw360dp-xxhdpi/clock_hour.png (No such file or directory)
08-30 10:11:17.490  4240  4357 E BitmapFactory: Unable to decode stream: java.io.FileNotFoundException: /oem/etc/theme/icons/dynamic_icon/com.android.BBKClock/res/drawable-sw360dp-xxhdpi/clock_minute.png (No such file or directory)
08-30 10:11:17.490  4240  4357 E BitmapFactory: Unable to decode stream: java.io.FileNotFoundException: /oem/etc/theme/icons/dynamic_icon/com.android.BBKClock/res/drawable-sw360dp-xxhdpi/clock_dial.png (No such file or directory)
08-30 10:11:17.493  4240  4357 E BitmapFactory: Unable to decode stream: java.io.FileNotFoundException: /oem/etc/theme/icons/dynamic_icon/com.android.BBKClock/res/drawable-sw360dp-xxhdpi/clock_dial_center.png (No such file or directory)
08-30 10:11:17.549  2765  3873 I chatty  : uid=1000(system) Binder:2765_4 expire 10 lines
08-30 10:11:31.837  1007  1109 E storaged: getDiskStats failed with result NOT_SUPPORTED and size 0
08-30 10:11:36.799   692   692 E LocSvc_HIDL_DebugReportService: Invalid count: 0
08-30 10:11:36.899   992  1195 E Netd    : tether checkPermission, pid:1724 uid:1000
08-30 10:11:36.962  2831  2855 I chatty  : uid=1001(radio) Binder:2831_1 identical 2 lines
08-30 10:11:37.122   692  2621 E IzatSvc_PassiveLocListener: Exiting with error onLocationChanged line 154 "1"
08-30 10:11:37.345 25369 29374 E SQLiteLog: (1) no such column: extra_param4
08-30 10:11:37.711 25369 29406 E SQLiteLog: (1) no such column: extra_param4
08-30 10:11:37.799   692   692 E LocSvc_HIDL_DebugReportService: Invalid count: 0
08-30 10:11:38.137   692  2621 E IzatSvc_PassiveLocListener: Exiting with error onLocationChanged line 154 "1"
08-30 10:11:38.800   692   692 E LocSvc_HIDL_DebugReportService: Invalid count: 0
08-30 10:11:38.966  2831  2855 E LocationAccessPolicy: canAccessCellLocation in whitList. uid = 10024, pkgName = com.baidu.map.location
08-30 10:11:38.995  2831  2855 E LocationAccessPolicy: canAccessCellLocation in whitList. uid = 10024, pkgName = com.baidu.map.location
08-30 10:11:39.131   692  2621 E IzatSvc_PassiveLocListener: Exiting with error onLocationChanged line 154 "1"
08-30 10:11:39.800   692   692 E LocSvc_HIDL_DebugReportService: Invalid count: 0
08-30 10:11:40.136   692  2621 E IzatSvc_PassiveLocListener: Exiting with error onLocationChanged line 154 "1"
08-30 10:11:40.800   692   692 E LocSvc_HIDL_DebugReportService: Invalid count: 0
08-30 10:11:41.131   692  2621 E IzatSvc_PassiveLocListener: Exiting with error onLocationChanged line 154 "1"
08-30 10:11:41.805   692   692 E LocSvc_HIDL_DebugReportService: Invalid count: 0
08-30 10:11:42.143   692  2621 E IzatSvc_PassiveLocListener: Exiting with error onLocationChanged line 154 "1"
08-30 10:11:42.799   692   692 E LocSvc_HIDL_DebugReportService: Invalid count: 0
08-30 10:11:43.138   692  2621 E IzatSvc_PassiveLocListener: Exiting with error onLocationChanged line 154 "1"
08-30 10:11:43.799   692   692 E LocSvc_HIDL_DebugReportService: Invalid count: 0
08-30 10:11:44.131   692  2621 E IzatSvc_PassiveLocListener: Exiting with error onLocationChanged line 154 "1"
08-30 10:11:44.799   692   692 E LocSvc_HIDL_DebugReportService: Invalid count: 0
08-30 10:11:45.131   692  2621 E IzatSvc_PassiveLocListener: Exiting with error onLocationChanged line 154 "1"
08-30 10:11:45.800   692   692 E LocSvc_HIDL_DebugReportService: Invalid count: 0
08-30 10:11:46.134   692  2621 E IzatSvc_PassiveLocListener: Exiting with error onLocationChanged line 154 "1"
08-30 10:12:10.841 18939 19783 E memtrack: Couldn't load memtrack module
08-30 10:12:11.347 18581 18846 E memtrack: Couldn't load memtrack module
08-30 10:12:18.937  2682  3066 E PowerMonitor: exception In sysProcTransDectect java.lang.NoSuchMethodException: vivoGetNetworkStatsUidDetailWithPackInfo [int]
08-30 10:12:19.120  4240  4357 E BitmapFactory: Unable to decode stream: java.io.FileNotFoundException: /oem/etc/theme/icons/dynamic_icon/com.android.BBKClock/res/drawable-sw360dp-xxhdpi/clock_hour.png (No such file or directory)
08-30 10:12:19.122  4240  4357 E BitmapFactory: Unable to decode stream: java.io.FileNotFoundException: /oem/etc/theme/icons/dynamic_icon/com.android.BBKClock/res/drawable-sw360dp-xxhdpi/clock_minute.png (No such file or directory)
08-30 10:12:19.123  4240  4357 E BitmapFactory: Unable to decode stream: java.io.FileNotFoundException: /oem/etc/theme/icons/dynamic_icon/com.android.BBKClock/res/drawable-sw360dp-xxhdpi/clock_dial.png (No such file or directory)
08-30 10:12:19.127  4240  4357 E BitmapFactory: Unable to decode stream: java.io.FileNotFoundException: /oem/etc/theme/icons/dynamic_icon/com.android.BBKClock/res/drawable-sw360dp-xxhdpi/clock_dial_center.png (No such file or directory)
08-30 10:12:31.842  1007  1109 E storaged: getDiskStats failed with result NOT_SUPPORTED and size 0
08-30 10:13:31.844  1007  1109 E storaged: getDiskStats failed with result NOT_SUPPORTED and size 0
08-30 10:13:31.846  4240  4357 E BitmapFactory: Unable to decode stream: java.io.FileNotFoundException: /oem/etc/theme/icons/dynamic_icon/com.android.BBKClock/res/drawable-sw360dp-xxhdpi/clock_hour.png (No such file or directory)
08-30 10:13:31.847  4240  4357 E BitmapFactory: Unable to decode stream: java.io.FileNotFoundException: /oem/etc/theme/icons/dynamic_icon/com.android.BBKClock/res/drawable-sw360dp-xxhdpi/clock_minute.png (No such file or directory)
08-30 10:13:31.849  4240  4357 E BitmapFactory: Unable to decode stream: java.io.FileNotFoundException: /oem/etc/theme/icons/dynamic_icon/com.android.BBKClock/res/drawable-sw360dp-xxhdpi/clock_dial.png (No such file or directory)
08-30 10:13:31.852  4240  4357 E BitmapFactory: Unable to decode stream: java.io.FileNotFoundException: /oem/etc/theme/icons/dynamic_icon/com.android.BBKClock/res/drawable-sw360dp-xxhdpi/clock_dial_center.png (No such file or directory)
08-30 10:14:31.849  1007  1109 E storaged: getDiskStats failed with result NOT_SUPPORTED and size 0
08-30 10:14:49.082  2682  3066 E PowerMonitor: exception In sysProcTransDectect java.lang.NoSuchMethodException: vivoGetNetworkStatsUidDetailWithPackInfo [int]
08-30 10:15:01.739  4240  4357 E BitmapFactory: Unable to decode stream: java.io.FileNotFoundException: /oem/etc/theme/icons/dynamic_icon/com.android.BBKClock/res/drawable-sw360dp-xxhdpi/clock_hour.png (No such file or directory)
08-30 10:15:01.743  4240  4357 E BitmapFactory: Unable to decode stream: java.io.FileNotFoundException: /oem/etc/theme/icons/dynamic_icon/com.android.BBKClock/res/drawable-sw360dp-xxhdpi/clock_minute.png (No such file or directory)
08-30 10:15:01.745  4240  4357 E BitmapFactory: Unable to decode stream: java.io.FileNotFoundException: /oem/etc/theme/icons/dynamic_icon/com.android.BBKClock/res/drawable-sw360dp-xxhdpi/clock_dial.png (No such file or directory)
08-30 10:15:01.754  4240  4357 E BitmapFactory: Unable to decode stream: java.io.FileNotFoundException: /oem/etc/theme/icons/dynamic_icon/com.android.BBKClock/res/drawable-sw360dp-xxhdpi/clock_dial_center.png (No such file or directory)
08-30 10:15:14.661  1724  2656 I chatty  : uid=1000(system) Binder:1724_8 expire 2 lines
08-30 10:15:31.850  1007  1109 E storaged: getDiskStats failed with result NOT_SUPPORTED and size 0
08-30 10:15:32.776  4240  4357 E BitmapFactory: Unable to decode stream: java.io.FileNotFoundException: /oem/etc/theme/icons/dynamic_icon/com.android.BBKClock/res/drawable-sw360dp-xxhdpi/clock_hour.png (No such file or directory)
08-30 10:15:32.778  4240  4357 E BitmapFactory: Unable to decode stream: java.io.FileNotFoundException: /oem/etc/theme/icons/dynamic_icon/com.android.BBKClock/res/drawable-sw360dp-xxhdpi/clock_minute.png (No such file or directory)
08-30 10:15:32.779  4240  4357 E BitmapFactory: Unable to decode stream: java.io.FileNotFoundException: /oem/etc/theme/icons/dynamic_icon/com.android.BBKClock/res/drawable-sw360dp-xxhdpi/clock_dial.png (No such file or directory)
08-30 10:15:32.785  4240  4357 E BitmapFactory: Unable to decode stream: java.io.FileNotFoundException: /oem/etc/theme/icons/dynamic_icon/com.android.BBKClock/res/drawable-sw360dp-xxhdpi/clock_dial_center.png (No such file or directory)
08-30 10:16:31.854  1007  1109 E storaged: getDiskStats failed with result NOT_SUPPORTED and size 0
08-30 10:17:02.623  4240  4357 E BitmapFactory: Unable to decode stream: java.io.FileNotFoundException: /oem/etc/theme/icons/dynamic_icon/com.android.BBKClock/res/drawable-sw360dp-xxhdpi/clock_hour.png (No such file or directory)
08-30 10:17:02.625  4240  4357 E BitmapFactory: Unable to decode stream: java.io.FileNotFoundException: /oem/etc/theme/icons/dynamic_icon/com.android.BBKClock/res/drawable-sw360dp-xxhdpi/clock_minute.png (No such file or directory)
08-30 10:17:02.627  4240  4357 E BitmapFactory: Unable to decode stream: java.io.FileNotFoundException: /oem/etc/theme/icons/dynamic_icon/com.android.BBKClock/res/drawable-sw360dp-xxhdpi/clock_dial.png (No such file or directory)
08-30 10:17:02.644  4240  4357 E BitmapFactory: Unable to decode stream: java.io.FileNotFoundException: /oem/etc/theme/icons/dynamic_icon/com.android.BBKClock/res/drawable-sw360dp-xxhdpi/clock_dial_center.png (No such file or directory)
08-30 10:17:11.267 18939 19108 E memtrack: Couldn't load memtrack module
08-30 10:17:12.005 18581 18833 E memtrack: Couldn't load memtrack module
08-30 10:17:15.935  2682  3066 E PowerMonitor: exception In sysProcTransDectect java.lang.NoSuchMethodException: vivoGetNetworkStatsUidDetailWithPackInfo [int]
08-30 10:17:16.057  4240  4357 E BitmapFactory: Unable to decode stream: java.io.FileNotFoundException: /oem/etc/theme/icons/dynamic_icon/com.android.BBKClock/res/drawable-sw360dp-xxhdpi/clock_hour.png (No such file or directory)
08-30 10:17:16.059  4240  4357 E BitmapFactory: Unable to decode stream: java.io.FileNotFoundException: /oem/etc/theme/icons/dynamic_icon/com.android.BBKClock/res/drawable-sw360dp-xxhdpi/clock_minute.png (No such file or directory)
08-30 10:17:16.060  4240  4357 E BitmapFactory: Unable to decode stream: java.io.FileNotFoundException: /oem/etc/theme/icons/dynamic_icon/com.android.BBKClock/res/drawable-sw360dp-xxhdpi/clock_dial.png (No such file or directory)
08-30 10:17:16.065  4240  4357 E BitmapFactory: Unable to decode stream: java.io.FileNotFoundException: /oem/etc/theme/icons/dynamic_icon/com.android.BBKClock/res/drawable-sw360dp-xxhdpi/clock_dial_center.png (No such file or directory)
08-30 10:17:31.858  1007  1109 E storaged: getDiskStats failed with result NOT_SUPPORTED and size 0
08-30 10:18:31.865  1007  1109 E storaged: getDiskStats failed with result NOT_SUPPORTED and size 0
08-30 10:18:45.953  4240  4357 E BitmapFactory: Unable to decode stream: java.io.FileNotFoundException: /oem/etc/theme/icons/dynamic_icon/com.android.BBKClock/res/drawable-sw360dp-xxhdpi/clock_hour.png (No such file or directory)
08-30 10:18:45.956  4240  4357 E BitmapFactory: Unable to decode stream: java.io.FileNotFoundException: /oem/etc/theme/icons/dynamic_icon/com.android.BBKClock/res/drawable-sw360dp-xxhdpi/clock_minute.png (No such file or directory)
08-30 10:18:45.959  4240  4357 E BitmapFactory: Unable to decode stream: java.io.FileNotFoundException: /oem/etc/theme/icons/dynamic_icon/com.android.BBKClock/res/drawable-sw360dp-xxhdpi/clock_dial.png (No such file or directory)
08-30 10:18:45.968  4240  4357 E BitmapFactory: Unable to decode stream: java.io.FileNotFoundException: /oem/etc/theme/icons/dynamic_icon/com.android.BBKClock/res/drawable-sw360dp-xxhdpi/clock_dial_center.png (No such file or directory)
08-30 10:19:07.097   992  1195 E Netd    : tether checkPermission, pid:1724 uid:1000
08-30 10:19:07.212  2831  4354 I chatty  : uid=1001(radio) Binder:2831_A identical 5 lines
08-30 10:19:07.217  1724  2364 E SyncManager: Bind attempt failed - target: ComponentInfo{com.tencent.android.qqdownloader/com.live.sync.YYBLiveSyncService}
08-30 10:19:07.242  4240  4357 E BitmapFactory: Unable to decode stream: java.io.FileNotFoundException: /oem/etc/theme/icons/dynamic_icon/com.android.BBKClock/res/drawable-sw360dp-xxhdpi/clock_hour.png (No such file or directory)
08-30 10:19:07.244  4240  4357 E BitmapFactory: Unable to decode stream: java.io.FileNotFoundException: /oem/etc/theme/icons/dynamic_icon/com.android.BBKClock/res/drawable-sw360dp-xxhdpi/clock_minute.png (No such file or directory)
08-30 10:19:07.245  4240  4357 E BitmapFactory: Unable to decode stream: java.io.FileNotFoundException: /oem/etc/theme/icons/dynamic_icon/com.android.BBKClock/res/drawable-sw360dp-xxhdpi/clock_dial.png (No such file or directory)
08-30 10:19:07.248  4240  4357 E BitmapFactory: Unable to decode stream: java.io.FileNotFoundException: /oem/etc/theme/icons/dynamic_icon/com.android.BBKClock/res/drawable-sw360dp-xxhdpi/clock_dial_center.png (No such file or directory)
08-30 10:19:07.370  4240  4357 E BitmapFactory: Unable to decode stream: java.io.FileNotFoundException: /oem/etc/theme/icons/dynamic_icon/com.android.BBKClock/res/drawable-sw360dp-xxhdpi/clock_hour.png (No such file or directory)
08-30 10:19:07.370  4240  4357 E BitmapFactory: Unable to decode stream: java.io.FileNotFoundException: /oem/etc/theme/icons/dynamic_icon/com.android.BBKClock/res/drawable-sw360dp-xxhdpi/clock_minute.png (No such file or directory)
08-30 10:19:07.371  4240  4357 E BitmapFactory: Unable to decode stream: java.io.FileNotFoundException: /oem/etc/theme/icons/dynamic_icon/com.android.BBKClock/res/drawable-sw360dp-xxhdpi/clock_dial.png (No such file or directory)
08-30 10:19:07.374  4240  4357 E BitmapFactory: Unable to decode stream: java.io.FileNotFoundException: /oem/etc/theme/icons/dynamic_icon/com.android.BBKClock/res/drawable-sw360dp-xxhdpi/clock_dial_center.png (No such file or directory)
08-30 10:19:07.655  2746  2746 I chatty  : uid=1000(system) com.vivo.aiengine identical 75 lines
08-30 10:19:31.867  1007  1109 E storaged: getDiskStats failed with result NOT_SUPPORTED and size 0
08-30 10:19:46.059  2682  3066 E PowerMonitor: exception In sysProcTransDectect java.lang.NoSuchMethodException: vivoGetNetworkStatsUidDetailWithPackInfo [int]
08-30 10:20:02.584  4240  4357 E BitmapFactory: Unable to decode stream: java.io.FileNotFoundException: /oem/etc/theme/icons/dynamic_icon/com.android.BBKClock/res/drawable-sw360dp-xxhdpi/clock_hour.png (No such file or directory)
08-30 10:20:02.586  4240  4357 E BitmapFactory: Unable to decode stream: java.io.FileNotFoundException: /oem/etc/theme/icons/dynamic_icon/com.android.BBKClock/res/drawable-sw360dp-xxhdpi/clock_minute.png (No such file or directory)
08-30 10:20:02.587  4240  4357 E BitmapFactory: Unable to decode stream: java.io.FileNotFoundException: /oem/etc/theme/icons/dynamic_icon/com.android.BBKClock/res/drawable-sw360dp-xxhdpi/clock_dial.png (No such file or directory)
08-30 10:20:02.590  4240  4357 E BitmapFactory: Unable to decode stream: java.io.FileNotFoundException: /oem/etc/theme/icons/dynamic_icon/com.android.BBKClock/res/drawable-sw360dp-xxhdpi/clock_dial_center.png (No such file or directory)
08-30 10:20:31.870  1007  1109 E storaged: getDiskStats failed with result NOT_SUPPORTED and size 0
08-30 10:21:31.874  1007  1109 E storaged: getDiskStats failed with result NOT_SUPPORTED and size 0
08-30 10:21:32.485  4240  4357 E BitmapFactory: Unable to decode stream: java.io.FileNotFoundException: /oem/etc/theme/icons/dynamic_icon/com.android.BBKClock/res/drawable-sw360dp-xxhdpi/clock_hour.png (No such file or directory)
08-30 10:21:32.488  4240  4357 E BitmapFactory: Unable to decode stream: java.io.FileNotFoundException: /oem/etc/theme/icons/dynamic_icon/com.android.BBKClock/res/drawable-sw360dp-xxhdpi/clock_minute.png (No such file or directory)
08-30 10:21:32.490  4240  4357 E BitmapFactory: Unable to decode stream: java.io.FileNotFoundException: /oem/etc/theme/icons/dynamic_icon/com.android.BBKClock/res/drawable-sw360dp-xxhdpi/clock_dial.png (No such file or directory)
08-30 10:21:32.498  4240  4357 E BitmapFactory: Unable to decode stream: java.io.FileNotFoundException: /oem/etc/theme/icons/dynamic_icon/com.android.BBKClock/res/drawable-sw360dp-xxhdpi/clock_dial_center.png (No such file or directory)
08-30 10:22:05.037  4240  4357 E BitmapFactory: Unable to decode stream: java.io.FileNotFoundException: /oem/etc/theme/icons/dynamic_icon/com.android.BBKClock/res/drawable-sw360dp-xxhdpi/clock_hour.png (No such file or directory)
08-30 10:22:05.039  4240  4357 E BitmapFactory: Unable to decode stream: java.io.FileNotFoundException: /oem/etc/theme/icons/dynamic_icon/com.android.BBKClock/res/drawable-sw360dp-xxhdpi/clock_minute.png (No such file or directory)
08-30 10:22:05.040  4240  4357 E BitmapFactory: Unable to decode stream: java.io.FileNotFoundException: /oem/etc/theme/icons/dynamic_icon/com.android.BBKClock/res/drawable-sw360dp-xxhdpi/clock_dial.png (No such file or directory)
08-30 10:22:05.047  4240  4357 E BitmapFactory: Unable to decode stream: java.io.FileNotFoundException: /oem/etc/theme/icons/dynamic_icon/com.android.BBKClock/res/drawable-sw360dp-xxhdpi/clock_dial_center.png (No such file or directory)
08-30 10:22:05.215  4240  4357 E BitmapFactory: Unable to decode stream: java.io.FileNotFoundException: /oem/etc/theme/icons/dynamic_icon/com.android.BBKClock/res/drawable-sw360dp-xxhdpi/clock_hour.png (No such file or directory)
08-30 10:22:05.216  4240  4357 E BitmapFactory: Unable to decode stream: java.io.FileNotFoundException: /oem/etc/theme/icons/dynamic_icon/com.android.BBKClock/res/drawable-sw360dp-xxhdpi/clock_minute.png (No such file or directory)
08-30 10:22:05.217  4240  4357 E BitmapFactory: Unable to decode stream: java.io.FileNotFoundException: /oem/etc/theme/icons/dynamic_icon/com.android.BBKClock/res/drawable-sw360dp-xxhdpi/clock_dial.png (No such file or directory)
08-30 10:22:05.219  4240  4357 E BitmapFactory: Unable to decode stream: java.io.FileNotFoundException: /oem/etc/theme/icons/dynamic_icon/com.android.BBKClock/res/drawable-sw360dp-xxhdpi/clock_dial_center.png (No such file or directory)
08-30 10:22:11.725 18939 19336 E memtrack: Couldn't load memtrack module
08-30 10:22:12.727 18581 18831 E memtrack: Couldn't load memtrack module
08-30 10:22:12.921  1724  2038 I chatty  : uid=1000(system) AlarmManager expire 10 lines
08-30 10:22:12.956  2682  3066 E PowerMonitor: exception In sysProcTransDectect java.lang.NoSuchMethodException: vivoGetNetworkStatsUidDetailWithPackInfo [int]
08-30 10:22:31.878  1007  1109 E storaged: getDiskStats failed with result NOT_SUPPORTED and size 0
08-30 10:23:31.884  1007  1109 E storaged: getDiskStats failed with result NOT_SUPPORTED and size 0
08-30 10:23:35.130  4240  4357 E BitmapFactory: Unable to decode stream: java.io.FileNotFoundException: /oem/etc/theme/icons/dynamic_icon/com.android.BBKClock/res/drawable-sw360dp-xxhdpi/clock_hour.png (No such file or directory)
08-30 10:23:35.132  4240  4357 E BitmapFactory: Unable to decode stream: java.io.FileNotFoundException: /oem/etc/theme/icons/dynamic_icon/com.android.BBKClock/res/drawable-sw360dp-xxhdpi/clock_minute.png (No such file or directory)
08-30 10:23:35.134  4240  4357 E BitmapFactory: Unable to decode stream: java.io.FileNotFoundException: /oem/etc/theme/icons/dynamic_icon/com.android.BBKClock/res/drawable-sw360dp-xxhdpi/clock_dial.png (No such file or directory)
08-30 10:23:35.141  4240  4357 E BitmapFactory: Unable to decode stream: java.io.FileNotFoundException: /oem/etc/theme/icons/dynamic_icon/com.android.BBKClock/res/drawable-sw360dp-xxhdpi/clock_dial_center.png (No such file or directory)
08-30 10:24:11.789   992  1195 E Netd    : tether checkPermission, pid:1724 uid:1000
08-30 10:24:11.927  4240  4357 E BitmapFactory: Unable to decode stream: java.io.FileNotFoundException: /oem/etc/theme/icons/dynamic_icon/com.android.BBKClock/res/drawable-sw360dp-xxhdpi/clock_hour.png (No such file or directory)
08-30 10:24:11.927  4240  4357 E BitmapFactory: Unable to decode stream: java.io.FileNotFoundException: /oem/etc/theme/icons/dynamic_icon/com.android.BBKClock/res/drawable-sw360dp-xxhdpi/clock_minute.png (No such file or directory)
08-30 10:24:11.928  4240  4357 E BitmapFactory: Unable to decode stream: java.io.FileNotFoundException: /oem/etc/theme/icons/dynamic_icon/com.android.BBKClock/res/drawable-sw360dp-xxhdpi/clock_dial.png (No such file or directory)
08-30 10:24:11.930  4240  4357 E BitmapFactory: Unable to decode stream: java.io.FileNotFoundException: /oem/etc/theme/icons/dynamic_icon/com.android.BBKClock/res/drawable-sw360dp-xxhdpi/clock_dial_center.png (No such file or directory)
08-30 10:24:12.037  4240  4357 E BitmapFactory: Unable to decode stream: java.io.FileNotFoundException: /oem/etc/theme/icons/dynamic_icon/com.android.BBKClock/res/drawable-sw360dp-xxhdpi/clock_hour.png (No such file or directory)
08-30 10:24:12.038  4240  4357 E BitmapFactory: Unable to decode stream: java.io.FileNotFoundException: /oem/etc/theme/icons/dynamic_icon/com.android.BBKClock/res/drawable-sw360dp-xxhdpi/clock_minute.png (No such file or directory)
08-30 10:24:12.039  4240  4357 E BitmapFactory: Unable to decode stream: java.io.FileNotFoundException: /oem/etc/theme/icons/dynamic_icon/com.android.BBKClock/res/drawable-sw360dp-xxhdpi/clock_dial.png (No such file or directory)
08-30 10:24:12.041  4240  4357 E BitmapFactory: Unable to decode stream: java.io.FileNotFoundException: /oem/etc/theme/icons/dynamic_icon/com.android.BBKClock/res/drawable-sw360dp-xxhdpi/clock_dial_center.png (No such file or directory)
08-30 10:24:31.888  1007  1109 E storaged: getDiskStats failed with result NOT_SUPPORTED and size 0
08-30 10:24:42.999  2682  3066 E PowerMonitor: exception In sysProcTransDectect java.lang.NoSuchMethodException: vivoGetNetworkStatsUidDetailWithPackInfo [int]
08-30 10:25:31.293  4240  4357 E BitmapFactory: Unable to decode stream: java.io.FileNotFoundException: /oem/etc/theme/icons/dynamic_icon/com.android.BBKClock/res/drawable-sw360dp-xxhdpi/clock_hour.png (No such file or directory)
08-30 10:25:31.295  4240  4357 E BitmapFactory: Unable to decode stream: java.io.FileNotFoundException: /oem/etc/theme/icons/dynamic_icon/com.android.BBKClock/res/drawable-sw360dp-xxhdpi/clock_minute.png (No such file or directory)
08-30 10:25:31.295  4240  4357 E BitmapFactory: Unable to decode stream: java.io.FileNotFoundException: /oem/etc/theme/icons/dynamic_icon/com.android.BBKClock/res/drawable-sw360dp-xxhdpi/clock_dial.png (No such file or directory)
08-30 10:25:31.298  4240  4357 E BitmapFactory: Unable to decode stream: java.io.FileNotFoundException: /oem/etc/theme/icons/dynamic_icon/com.android.BBKClock/res/drawable-sw360dp-xxhdpi/clock_dial_center.png (No such file or directory)
08-30 10:25:31.893  1007  1109 E storaged: getDiskStats failed with result NOT_SUPPORTED and size 0
08-30 10:25:44.775 29067 29255 E MSF.C.NetConnTag.true: close socket has done, socketEngineID: 0socket: 119889441java.lang.Throwable
08-30 10:25:44.775 29067 29255 E MSF.C.NetConnTag.true: 	at com.tencent.mobileqq.msf.core.net.m.b(P:71)
08-30 10:25:44.775 29067 29255 E MSF.C.NetConnTag.true: 	at com.tencent.mobileqq.msf.core.net.m$b.run(P:24)
08-30 10:25:44.785 29067 29255 E SocketReaderNewtrue: socketEngine: 0socket hashCode: 0SocketReader(4178) errorjava.net.SocketException: Connection reset
08-30 10:26:14.799 29067 29255 E MSF.C.NetConnTag.true: conn is already closed on readError closeConn socketEngineID: 0 socket hashcode: 0java.lang.Throwable
08-30 10:26:14.799 29067 29255 E MSF.C.NetConnTag.true: 	at com.tencent.mobileqq.msf.core.net.m.b(P:27)
08-30 10:26:14.799 29067 29255 E MSF.C.NetConnTag.true: 	at com.tencent.mobileqq.msf.core.net.m$b.run(P:24)
08-30 10:26:14.800 29067 29255 E SocketReaderNewtrue: socketEngine: 0socket hashCode: 0SocketReader(4178) errorjava.net.SocketException: Socket is closed
08-30 10:26:18.338  4240  4357 E BitmapFactory: Unable to decode stream: java.io.FileNotFoundException: /oem/etc/theme/icons/dynamic_icon/com.android.BBKClock/res/drawable-sw360dp-xxhdpi/clock_hour.png (No such file or directory)
08-30 10:26:18.339  4240  4357 E BitmapFactory: Unable to decode stream: java.io.FileNotFoundException: /oem/etc/theme/icons/dynamic_icon/com.android.BBKClock/res/drawable-sw360dp-xxhdpi/clock_minute.png (No such file or directory)
08-30 10:26:18.340  4240  4357 E BitmapFactory: Unable to decode stream: java.io.FileNotFoundException: /oem/etc/theme/icons/dynamic_icon/com.android.BBKClock/res/drawable-sw360dp-xxhdpi/clock_dial.png (No such file or directory)
08-30 10:26:18.344  4240  4357 E BitmapFactory: Unable to decode stream: java.io.FileNotFoundException: /oem/etc/theme/icons/dynamic_icon/com.android.BBKClock/res/drawable-sw360dp-xxhdpi/clock_dial_center.png (No such file or directory)
08-30 10:26:30.153   992  1195 E Netd    : tether checkPermission, pid:1724 uid:1000
08-30 10:26:31.897  1007  1109 E storaged: getDiskStats failed with result NOT_SUPPORTED and size 0
08-30 10:26:44.815 29067 29255 E MSF.C.NetConnTag.true: conn is already closed on readError closeConn socketEngineID: 0 socket hashcode: 0java.lang.Throwable
08-30 10:26:44.815 29067 29255 E MSF.C.NetConnTag.true: 	at com.tencent.mobileqq.msf.core.net.m.b(P:27)
08-30 10:26:44.815 29067 29255 E MSF.C.NetConnTag.true: 	at com.tencent.mobileqq.msf.core.net.m$b.run(P:24)
08-30 10:26:44.815 29067 29255 E SocketReaderNewtrue: socketEngine: 0socket hashCode: 0SocketReader(4178) errorjava.net.SocketException: Socket is closed
08-30 10:27:09.978  2682  3066 E PowerMonitor: exception In sysProcTransDectect java.lang.NoSuchMethodException: vivoGetNetworkStatsUidDetailWithPackInfo [int]
08-30 10:27:10.095  4240  4357 E BitmapFactory: Unable to decode stream: java.io.FileNotFoundException: /oem/etc/theme/icons/dynamic_icon/com.android.BBKClock/res/drawable-sw360dp-xxhdpi/clock_hour.png (No such file or directory)
08-30 10:27:10.096  4240  4357 E BitmapFactory: Unable to decode stream: java.io.FileNotFoundException: /oem/etc/theme/icons/dynamic_icon/com.android.BBKClock/res/drawable-sw360dp-xxhdpi/clock_minute.png (No such file or directory)
08-30 10:27:10.097  4240  4357 E BitmapFactory: Unable to decode stream: java.io.FileNotFoundException: /oem/etc/theme/icons/dynamic_icon/com.android.BBKClock/res/drawable-sw360dp-xxhdpi/clock_dial.png (No such file or directory)
08-30 10:27:10.100  4240  4357 E BitmapFactory: Unable to decode stream: java.io.FileNotFoundException: /oem/etc/theme/icons/dynamic_icon/com.android.BBKClock/res/drawable-sw360dp-xxhdpi/clock_dial_center.png (No such file or directory)
08-30 10:27:10.823  1724  7979 I chatty  : uid=1000(system) Binder:1724_18 expire 3 lines
08-30 10:27:10.916 29645 29645 E .networkimprov: Not starting debugger since process cannot load the jdwp agent.
08-30 10:27:12.203 18939 19538 E memtrack: Couldn't load memtrack module
08-30 10:27:13.414 18581 18843 E memtrack: Couldn't load memtrack module
08-30 10:27:14.821 29067 29255 E MSF.C.NetConnTag.true: conn is already closed on readError closeConn socketEngineID: 0 socket hashcode: 0java.lang.Throwable
08-30 10:27:14.821 29067 29255 E MSF.C.NetConnTag.true: 	at com.tencent.mobileqq.msf.core.net.m.b(P:27)
08-30 10:27:14.821 29067 29255 E MSF.C.NetConnTag.true: 	at com.tencent.mobileqq.msf.core.net.m$b.run(P:24)
08-30 10:27:14.822 29067 29255 E SocketReaderNewtrue: socketEngine: 0socket hashCode: 0SocketReader(4178) errorjava.net.SocketException: Socket is closed
08-30 10:27:31.900  1007  1109 E storaged: getDiskStats failed with result NOT_SUPPORTED and size 0
08-30 10:27:44.836 29067 29255 E MSF.C.NetConnTag.true: conn is already closed on readError closeConn socketEngineID: 0 socket hashcode: 0java.lang.Throwable
08-30 10:27:44.836 29067 29255 E MSF.C.NetConnTag.true: 	at com.tencent.mobileqq.msf.core.net.m.b(P:27)
08-30 10:27:44.836 29067 29255 E MSF.C.NetConnTag.true: 	at com.tencent.mobileqq.msf.core.net.m$b.run(P:24)
08-30 10:27:44.836 29067 29255 E SocketReaderNewtrue: socketEngine: 0socket hashCode: 0SocketReader(4178) errorjava.net.SocketException: Socket is closed
08-30 10:28:14.849 29067 29255 E MSF.C.NetConnTag.true: conn is already closed on readError closeConn socketEngineID: 0 socket hashcode: 0java.lang.Throwable
08-30 10:28:14.849 29067 29255 E MSF.C.NetConnTag.true: 	at com.tencent.mobileqq.msf.core.net.m.b(P:27)
08-30 10:28:14.849 29067 29255 E MSF.C.NetConnTag.true: 	at com.tencent.mobileqq.msf.core.net.m$b.run(P:24)
08-30 10:28:14.850 29067 29255 E SocketReaderNewtrue: socketEngine: 0socket hashCode: 0SocketReader(4178) errorjava.net.SocketException: Socket is closed
08-30 10:28:26.410  2765 14957 I chatty  : uid=1000(system) Binder:2765_C expire 5 lines
08-30 10:28:26.421  4240  4357 E BitmapFactory: Unable to decode stream: java.io.FileNotFoundException: /oem/etc/theme/icons/dynamic_icon/com.android.BBKClock/res/drawable-sw360dp-xxhdpi/clock_hour.png (No such file or directory)
08-30 10:28:26.424  4240  4357 E BitmapFactory: Unable to decode stream: java.io.FileNotFoundException: /oem/etc/theme/icons/dynamic_icon/com.android.BBKClock/res/drawable-sw360dp-xxhdpi/clock_minute.png (No such file or directory)
08-30 10:28:26.424  4240  4357 E BitmapFactory: Unable to decode stream: java.io.FileNotFoundException: /oem/etc/theme/icons/dynamic_icon/com.android.BBKClock/res/drawable-sw360dp-xxhdpi/clock_dial.png (No such file or directory)
08-30 10:28:26.428  4240  4357 E BitmapFactory: Unable to decode stream: java.io.FileNotFoundException: /oem/etc/theme/icons/dynamic_icon/com.android.BBKClock/res/drawable-sw360dp-xxhdpi/clock_dial_center.png (No such file or directory)
08-30 10:28:31.903  1007  1109 E storaged: getDiskStats failed with result NOT_SUPPORTED and size 0
08-30 10:28:44.863 29067 29255 E MSF.C.NetConnTag.true: conn is already closed on readError closeConn socketEngineID: 0 socket hashcode: 0java.lang.Throwable
08-30 10:28:44.863 29067 29255 E MSF.C.NetConnTag.true: 	at com.tencent.mobileqq.msf.core.net.m.b(P:27)
08-30 10:28:44.863 29067 29255 E MSF.C.NetConnTag.true: 	at com.tencent.mobileqq.msf.core.net.m$b.run(P:24)
08-30 10:28:44.863 29067 29255 E SocketReaderNewtrue: socketEngine: 0socket hashCode: 0SocketReader(4178) errorjava.net.SocketException: Socket is closed
08-30 10:29:14.877 29067 29255 E MSF.C.NetConnTag.true: conn is already closed on readError closeConn socketEngineID: 0 socket hashcode: 0java.lang.Throwable
08-30 10:29:14.877 29067 29255 E MSF.C.NetConnTag.true: 	at com.tencent.mobileqq.msf.core.net.m.b(P:27)
08-30 10:29:14.877 29067 29255 E MSF.C.NetConnTag.true: 	at com.tencent.mobileqq.msf.core.net.m$b.run(P:24)
08-30 10:29:14.877 29067 29255 E SocketReaderNewtrue: socketEngine: 0socket hashCode: 0SocketReader(4178) errorjava.net.SocketException: Socket is closed
08-30 10:29:31.907  1007  1109 E storaged: getDiskStats failed with result NOT_SUPPORTED and size 0
08-30 10:29:40.102  2682  3066 E PowerMonitor: exception In sysProcTransDectect java.lang.NoSuchMethodException: vivoGetNetworkStatsUidDetailWithPackInfo [int]
08-30 10:29:44.890 29067 29255 E MSF.C.NetConnTag.true: conn is already closed on readError closeConn socketEngineID: 0 socket hashcode: 0java.lang.Throwable
08-30 10:29:44.890 29067 29255 E MSF.C.NetConnTag.true: 	at com.tencent.mobileqq.msf.core.net.m.b(P:27)
08-30 10:29:44.890 29067 29255 E MSF.C.NetConnTag.true: 	at com.tencent.mobileqq.msf.core.net.m$b.run(P:24)
