08-30 07:53:05.417  4240  4357 E BitmapFactory: Unable to decode stream: java.io.FileNotFoundException: /oem/etc/theme/icons/dynamic_icon/com.android.BBKClock/res/drawable-sw360dp-xxhdpi/clock_minute.png (No such file or directory)
08-30 07:53:05.419  4240  4357 E BitmapFactory: Unable to decode stream: java.io.FileNotFoundException: /oem/etc/theme/icons/dynamic_icon/com.android.BBKClock/res/drawable-sw360dp-xxhdpi/clock_dial.png (No such file or directory)
08-30 07:53:05.427  4240  4357 E BitmapFactory: Unable to decode stream: java.io.FileNotFoundException: /oem/etc/theme/icons/dynamic_icon/com.android.BBKClock/res/drawable-sw360dp-xxhdpi/clock_dial_center.png (No such file or directory)
08-30 07:53:25.106 23230 23786 E MSF.C.NetConnTag.true: conn is already closed on readError closeConn socketEngineID: 0 socket hashcode: 0java.lang.Throwable
08-30 07:53:25.106 23230 23786 E MSF.C.NetConnTag.true: 	at com.tencent.mobileqq.msf.core.net.m.b(P:27)
08-30 07:53:25.106 23230 23786 E MSF.C.NetConnTag.true: 	at com.tencent.mobileqq.msf.core.net.m$b.run(P:24)
08-30 07:53:25.107 23230 23786 E SocketReaderNewtrue: socketEngine: 0socket hashCode: 0SocketReader(4090) errorjava.net.SocketException: Socket is closed
08-30 07:53:29.152  1007  1109 E storaged: getDiskStats failed with result NOT_SUPPORTED and size 0
08-30 07:53:42.200  2682  3066 E PowerMonitor: exception In sysProcTransDectect java.lang.NoSuchMethodException: vivoGetNetworkStatsUidDetailWithPackInfo [int]
08-30 07:53:42.331  4240  4357 E BitmapFactory: Unable to decode stream: java.io.FileNotFoundException: /oem/etc/theme/icons/dynamic_icon/com.android.BBKClock/res/drawable-sw360dp-xxhdpi/clock_hour.png (No such file or directory)
08-30 07:53:42.334  4240  4357 E BitmapFactory: Unable to decode stream: java.io.FileNotFoundException: /oem/etc/theme/icons/dynamic_icon/com.android.BBKClock/res/drawable-sw360dp-xxhdpi/clock_minute.png (No such file or directory)
08-30 07:53:42.335  4240  4357 E BitmapFactory: Unable to decode stream: java.io.FileNotFoundException: /oem/etc/theme/icons/dynamic_icon/com.android.BBKClock/res/drawable-sw360dp-xxhdpi/clock_dial.png (No such file or directory)
08-30 07:53:42.338  4240  4357 E BitmapFactory: Unable to decode stream: java.io.FileNotFoundException: /oem/etc/theme/icons/dynamic_icon/com.android.BBKClock/res/drawable-sw360dp-xxhdpi/clock_dial_center.png (No such file or directory)
08-30 07:53:42.358  2258  8460 I chatty  : uid=1000(system) AppStatisticSer expire 10 lines
08-30 07:53:55.123 23230 23786 E MSF.C.NetConnTag.true: conn is already closed on readError closeConn socketEngineID: 0 socket hashcode: 0java.lang.Throwable
08-30 07:53:55.123 23230 23786 E MSF.C.NetConnTag.true: 	at com.tencent.mobileqq.msf.core.net.m.b(P:27)
08-30 07:53:55.123 23230 23786 E MSF.C.NetConnTag.true: 	at com.tencent.mobileqq.msf.core.net.m$b.run(P:24)
08-30 07:53:55.123 23230 23786 E SocketReaderNewtrue: socketEngine: 0socket hashCode: 0SocketReader(4090) errorjava.net.SocketException: Socket is closed
08-30 07:54:25.135 23230 23786 E MSF.C.NetConnTag.true: conn is already closed on readError closeConn socketEngineID: 0 socket hashcode: 0java.lang.Throwable
08-30 07:54:25.135 23230 23786 E MSF.C.NetConnTag.true: 	at com.tencent.mobileqq.msf.core.net.m.b(P:27)
08-30 07:54:25.135 23230 23786 E MSF.C.NetConnTag.true: 	at com.tencent.mobileqq.msf.core.net.m$b.run(P:24)
08-30 07:54:25.136 23230 23786 E SocketReaderNewtrue: socketEngine: 0socket hashCode: 0SocketReader(4090) errorjava.net.SocketException: Socket is closed
08-30 07:54:29.157  1007  1109 E storaged: getDiskStats failed with result NOT_SUPPORTED and size 0
08-30 07:54:55.150 23230 23786 E MSF.C.NetConnTag.true: conn is already closed on readError closeConn socketEngineID: 0 socket hashcode: 0java.lang.Throwable
08-30 07:54:55.150 23230 23786 E MSF.C.NetConnTag.true: 	at com.tencent.mobileqq.msf.core.net.m.b(P:27)
08-30 07:54:55.150 23230 23786 E MSF.C.NetConnTag.true: 	at com.tencent.mobileqq.msf.core.net.m$b.run(P:24)
08-30 07:54:55.151 23230 23786 E SocketReaderNewtrue: socketEngine: 0socket hashCode: 0SocketReader(4090) errorjava.net.SocketException: Socket is closed
08-30 07:55:12.212  4240  4357 E BitmapFactory: Unable to decode stream: java.io.FileNotFoundException: /oem/etc/theme/icons/dynamic_icon/com.android.BBKClock/res/drawable-sw360dp-xxhdpi/clock_hour.png (No such file or directory)
08-30 07:55:12.215  4240  4357 E BitmapFactory: Unable to decode stream: java.io.FileNotFoundException: /oem/etc/theme/icons/dynamic_icon/com.android.BBKClock/res/drawable-sw360dp-xxhdpi/clock_minute.png (No such file or directory)
08-30 07:55:12.217  4240  4357 E BitmapFactory: Unable to decode stream: java.io.FileNotFoundException: /oem/etc/theme/icons/dynamic_icon/com.android.BBKClock/res/drawable-sw360dp-xxhdpi/clock_dial.png (No such file or directory)
08-30 07:55:12.225  4240  4357 E BitmapFactory: Unable to decode stream: java.io.FileNotFoundException: /oem/etc/theme/icons/dynamic_icon/com.android.BBKClock/res/drawable-sw360dp-xxhdpi/clock_dial_center.png (No such file or directory)
08-30 07:55:25.164 23230 23786 E MSF.C.NetConnTag.true: conn is already closed on readError closeConn socketEngineID: 0 socket hashcode: 0java.lang.Throwable
08-30 07:55:25.164 23230 23786 E MSF.C.NetConnTag.true: 	at com.tencent.mobileqq.msf.core.net.m.b(P:27)
08-30 07:55:25.164 23230 23786 E MSF.C.NetConnTag.true: 	at com.tencent.mobileqq.msf.core.net.m$b.run(P:24)
08-30 07:55:25.164 23230 23786 E SocketReaderNewtrue: socketEngine: 0socket hashCode: 0SocketReader(4090) errorjava.net.SocketException: Socket is closed
08-30 07:55:29.161  1007  1109 E storaged: getDiskStats failed with result NOT_SUPPORTED and size 0
08-30 07:55:55.173 23230 23786 E MSF.C.NetConnTag.true: conn is already closed on readError closeConn socketEngineID: 0 socket hashcode: 0java.lang.Throwable
08-30 07:55:55.173 23230 23786 E MSF.C.NetConnTag.true: 	at com.tencent.mobileqq.msf.core.net.m.b(P:27)
08-30 07:55:55.173 23230 23786 E MSF.C.NetConnTag.true: 	at com.tencent.mobileqq.msf.core.net.m$b.run(P:24)
08-30 07:55:55.173 23230 23786 E SocketReaderNewtrue: socketEngine: 0socket hashCode: 0SocketReader(4090) errorjava.net.SocketException: Socket is closed
08-30 07:56:12.228  4240  4357 E BitmapFactory: Unable to decode stream: java.io.FileNotFoundException: /oem/etc/theme/icons/dynamic_icon/com.android.BBKClock/res/drawable-sw360dp-xxhdpi/clock_hour.png (No such file or directory)
08-30 07:56:12.231  4240  4357 E BitmapFactory: Unable to decode stream: java.io.FileNotFoundException: /oem/etc/theme/icons/dynamic_icon/com.android.BBKClock/res/drawable-sw360dp-xxhdpi/clock_minute.png (No such file or directory)
08-30 07:56:12.234  4240  4357 E BitmapFactory: Unable to decode stream: java.io.FileNotFoundException: /oem/etc/theme/icons/dynamic_icon/com.android.BBKClock/res/drawable-sw360dp-xxhdpi/clock_dial.png (No such file or directory)
08-30 07:56:12.241  4240  4357 E BitmapFactory: Unable to decode stream: java.io.FileNotFoundException: /oem/etc/theme/icons/dynamic_icon/com.android.BBKClock/res/drawable-sw360dp-xxhdpi/clock_dial_center.png (No such file or directory)
08-30 07:56:12.345  2682  3066 E PowerMonitor: exception In sysProcTransDectect java.lang.NoSuchMethodException: vivoGetNetworkStatsUidDetailWithPackInfo [int]
08-30 07:56:25.188 23230 23786 E MSF.C.NetConnTag.true: conn is already closed on readError closeConn socketEngineID: 0 socket hashcode: 0java.lang.Throwable
08-30 07:56:25.188 23230 23786 E MSF.C.NetConnTag.true: 	at com.tencent.mobileqq.msf.core.net.m.b(P:27)
08-30 07:56:25.188 23230 23786 E MSF.C.NetConnTag.true: 	at com.tencent.mobileqq.msf.core.net.m$b.run(P:24)
08-30 07:56:25.189 23230 23786 E SocketReaderNewtrue: socketEngine: 0socket hashCode: 0SocketReader(4090) errorjava.net.SocketException: Socket is closed
08-30 07:56:29.165  1007  1109 E storaged: getDiskStats failed with result NOT_SUPPORTED and size 0
08-30 07:56:40.541   992  1195 E Netd    : tether checkPermission, pid:1724 uid:1000
08-30 07:56:40.659  2831  4238 I chatty  : uid=1001(radio) Binder:2831_8 identical 15 lines
08-30 07:56:40.674  4240  4357 E BitmapFactory: Unable to decode stream: java.io.FileNotFoundException: /oem/etc/theme/icons/dynamic_icon/com.android.BBKClock/res/drawable-sw360dp-xxhdpi/clock_hour.png (No such file or directory)
08-30 07:56:40.675  4240  4357 E BitmapFactory: Unable to decode stream: java.io.FileNotFoundException: /oem/etc/theme/icons/dynamic_icon/com.android.BBKClock/res/drawable-sw360dp-xxhdpi/clock_minute.png (No such file or directory)
08-30 07:56:40.676  4240  4357 E BitmapFactory: Unable to decode stream: java.io.FileNotFoundException: /oem/etc/theme/icons/dynamic_icon/com.android.BBKClock/res/drawable-sw360dp-xxhdpi/clock_dial.png (No such file or directory)
08-30 07:56:40.679  4240  4357 E BitmapFactory: Unable to decode stream: java.io.FileNotFoundException: /oem/etc/theme/icons/dynamic_icon/com.android.BBKClock/res/drawable-sw360dp-xxhdpi/clock_dial_center.png (No such file or directory)
08-30 07:56:40.835  4240  4357 E BitmapFactory: Unable to decode stream: java.io.FileNotFoundException: /oem/etc/theme/icons/dynamic_icon/com.android.BBKClock/res/drawable-sw360dp-xxhdpi/clock_hour.png (No such file or directory)
08-30 07:56:40.836  4240  4357 E BitmapFactory: Unable to decode stream: java.io.FileNotFoundException: /oem/etc/theme/icons/dynamic_icon/com.android.BBKClock/res/drawable-sw360dp-xxhdpi/clock_minute.png (No such file or directory)
08-30 07:56:40.837  4240  4357 E BitmapFactory: Unable to decode stream: java.io.FileNotFoundException: /oem/etc/theme/icons/dynamic_icon/com.android.BBKClock/res/drawable-sw360dp-xxhdpi/clock_dial.png (No such file or directory)
08-30 07:56:40.840  4240  4357 E BitmapFactory: Unable to decode stream: java.io.FileNotFoundException: /oem/etc/theme/icons/dynamic_icon/com.android.BBKClock/res/drawable-sw360dp-xxhdpi/clock_dial_center.png (No such file or directory)
08-30 07:56:53.793 18581 18845 E memtrack: Couldn't load memtrack module
08-30 07:56:55.201 23230 23786 E MSF.C.NetConnTag.true: conn is already closed on readError closeConn socketEngineID: 0 socket hashcode: 0java.lang.Throwable
08-30 07:56:55.201 23230 23786 E MSF.C.NetConnTag.true: 	at com.tencent.mobileqq.msf.core.net.m.b(P:27)
08-30 07:56:55.201 23230 23786 E MSF.C.NetConnTag.true: 	at com.tencent.mobileqq.msf.core.net.m$b.run(P:24)
08-30 07:56:55.202 23230 23786 E SocketReaderNewtrue: socketEngine: 0socket hashCode: 0SocketReader(4090) errorjava.net.SocketException: Socket is closed
08-30 07:56:59.203 18939 19783 E memtrack: Couldn't load memtrack module
08-30 07:57:25.204 23230 23786 E MSF.C.NetConnTag.true: conn is already closed on readError closeConn socketEngineID: 0 socket hashcode: 0java.lang.Throwable
08-30 07:57:25.204 23230 23786 E MSF.C.NetConnTag.true: 	at com.tencent.mobileqq.msf.core.net.m.b(P:27)
08-30 07:57:25.204 23230 23786 E MSF.C.NetConnTag.true: 	at com.tencent.mobileqq.msf.core.net.m$b.run(P:24)
08-30 07:57:25.204 23230 23786 E SocketReaderNewtrue: socketEngine: 0socket hashCode: 0SocketReader(4090) errorjava.net.SocketException: Socket is closed
08-30 07:57:29.169  1007  1109 E storaged: getDiskStats failed with result NOT_SUPPORTED and size 0
08-30 07:57:55.217 23230 23786 E MSF.C.NetConnTag.true: conn is already closed on readError closeConn socketEngineID: 0 socket hashcode: 0java.lang.Throwable
08-30 07:57:55.217 23230 23786 E MSF.C.NetConnTag.true: 	at com.tencent.mobileqq.msf.core.net.m.b(P:27)
08-30 07:57:55.217 23230 23786 E MSF.C.NetConnTag.true: 	at com.tencent.mobileqq.msf.core.net.m$b.run(P:24)
08-30 07:57:55.218 23230 23786 E SocketReaderNewtrue: socketEngine: 0socket hashCode: 0SocketReader(4090) errorjava.net.SocketException: Socket is closed
08-30 07:58:10.765  4240  4357 E BitmapFactory: Unable to decode stream: java.io.FileNotFoundException: /oem/etc/theme/icons/dynamic_icon/com.android.BBKClock/res/drawable-sw360dp-xxhdpi/clock_hour.png (No such file or directory)
08-30 07:58:10.768  4240  4357 E BitmapFactory: Unable to decode stream: java.io.FileNotFoundException: /oem/etc/theme/icons/dynamic_icon/com.android.BBKClock/res/drawable-sw360dp-xxhdpi/clock_minute.png (No such file or directory)
08-30 07:58:10.770  4240  4357 E BitmapFactory: Unable to decode stream: java.io.FileNotFoundException: /oem/etc/theme/icons/dynamic_icon/com.android.BBKClock/res/drawable-sw360dp-xxhdpi/clock_dial.png (No such file or directory)
08-30 07:58:10.779  4240  4357 E BitmapFactory: Unable to decode stream: java.io.FileNotFoundException: /oem/etc/theme/icons/dynamic_icon/com.android.BBKClock/res/drawable-sw360dp-xxhdpi/clock_dial_center.png (No such file or directory)
08-30 07:58:25.233 23230 23786 E MSF.C.NetConnTag.true: conn is already closed on readError closeConn socketEngineID: 0 socket hashcode: 0java.lang.Throwable
08-30 07:58:25.233 23230 23786 E MSF.C.NetConnTag.true: 	at com.tencent.mobileqq.msf.core.net.m.b(P:27)
08-30 07:58:25.233 23230 23786 E MSF.C.NetConnTag.true: 	at com.tencent.mobileqq.msf.core.net.m$b.run(P:24)
08-30 07:58:25.234 23230 23786 E SocketReaderNewtrue: socketEngine: 0socket hashCode: 0SocketReader(4090) errorjava.net.SocketException: Socket is closed
08-30 07:58:29.172  1007  1109 E storaged: getDiskStats failed with result NOT_SUPPORTED and size 0
08-30 07:58:39.223  2682  3066 E PowerMonitor: exception In sysProcTransDectect java.lang.NoSuchMethodException: vivoGetNetworkStatsUidDetailWithPackInfo [int]
08-30 07:58:39.331  4240  4357 E BitmapFactory: Unable to decode stream: java.io.FileNotFoundException: /oem/etc/theme/icons/dynamic_icon/com.android.BBKClock/res/drawable-sw360dp-xxhdpi/clock_hour.png (No such file or directory)
08-30 07:58:39.333  4240  4357 E BitmapFactory: Unable to decode stream: java.io.FileNotFoundException: /oem/etc/theme/icons/dynamic_icon/com.android.BBKClock/res/drawable-sw360dp-xxhdpi/clock_minute.png (No such file or directory)
08-30 07:58:39.334  4240  4357 E BitmapFactory: Unable to decode stream: java.io.FileNotFoundException: /oem/etc/theme/icons/dynamic_icon/com.android.BBKClock/res/drawable-sw360dp-xxhdpi/clock_dial.png (No such file or directory)
08-30 07:58:39.336  4240  4357 E BitmapFactory: Unable to decode stream: java.io.FileNotFoundException: /oem/etc/theme/icons/dynamic_icon/com.android.BBKClock/res/drawable-sw360dp-xxhdpi/clock_dial_center.png (No such file or directory)
08-30 07:58:55.249 23230 23786 E MSF.C.NetConnTag.true: conn is already closed on readError closeConn socketEngineID: 0 socket hashcode: 0java.lang.Throwable
08-30 07:58:55.249 23230 23786 E MSF.C.NetConnTag.true: 	at com.tencent.mobileqq.msf.core.net.m.b(P:27)
08-30 07:58:55.249 23230 23786 E MSF.C.NetConnTag.true: 	at com.tencent.mobileqq.msf.core.net.m$b.run(P:24)
08-30 07:58:55.250 23230 23786 E SocketReaderNewtrue: socketEngine: 0socket hashCode: 0SocketReader(4090) errorjava.net.SocketException: Socket is closed
08-30 07:59:25.262 23230 23786 E MSF.C.NetConnTag.true: conn is already closed on readError closeConn socketEngineID: 0 socket hashcode: 0java.lang.Throwable
08-30 07:59:25.262 23230 23786 E MSF.C.NetConnTag.true: 	at com.tencent.mobileqq.msf.core.net.m.b(P:27)
08-30 07:59:25.262 23230 23786 E MSF.C.NetConnTag.true: 	at com.tencent.mobileqq.msf.core.net.m$b.run(P:24)
08-30 07:59:25.262 23230 23786 E SocketReaderNewtrue: socketEngine: 0socket hashCode: 0SocketReader(4090) errorjava.net.SocketException: Socket is closed
08-30 07:59:29.175  1007  1109 E storaged: getDiskStats failed with result NOT_SUPPORTED and size 0
08-30 07:59:55.273 23230 23786 E MSF.C.NetConnTag.true: conn is already closed on readError closeConn socketEngineID: 0 socket hashcode: 0java.lang.Throwable
08-30 07:59:55.273 23230 23786 E MSF.C.NetConnTag.true: 	at com.tencent.mobileqq.msf.core.net.m.b(P:27)
08-30 07:59:55.273 23230 23786 E MSF.C.NetConnTag.true: 	at com.tencent.mobileqq.msf.core.net.m$b.run(P:24)
08-30 07:59:55.273 23230 23786 E SocketReaderNewtrue: socketEngine: 0socket hashCode: 0SocketReader(4090) errorjava.net.SocketException: Socket is closed
08-30 08:00:09.242  4240  4357 E BitmapFactory: Unable to decode stream: java.io.FileNotFoundException: /oem/etc/theme/icons/dynamic_icon/com.android.BBKClock/res/drawable-sw360dp-xxhdpi/clock_hour.png (No such file or directory)
08-30 08:00:09.245  4240  4357 E BitmapFactory: Unable to decode stream: java.io.FileNotFoundException: /oem/etc/theme/icons/dynamic_icon/com.android.BBKClock/res/drawable-sw360dp-xxhdpi/clock_minute.png (No such file or directory)
08-30 08:00:09.247  4240  4357 E BitmapFactory: Unable to decode stream: java.io.FileNotFoundException: /oem/etc/theme/icons/dynamic_icon/com.android.BBKClock/res/drawable-sw360dp-xxhdpi/clock_dial.png (No such file or directory)
08-30 08:00:09.255  4240  4357 E BitmapFactory: Unable to decode stream: java.io.FileNotFoundException: /oem/etc/theme/icons/dynamic_icon/com.android.BBKClock/res/drawable-sw360dp-xxhdpi/clock_dial_center.png (No such file or directory)
08-30 08:00:25.286 23230 23786 E MSF.C.NetConnTag.true: conn is already closed on readError closeConn socketEngineID: 0 socket hashcode: 0java.lang.Throwable
08-30 08:00:25.286 23230 23786 E MSF.C.NetConnTag.true: 	at com.tencent.mobileqq.msf.core.net.m.b(P:27)
08-30 08:00:25.286 23230 23786 E MSF.C.NetConnTag.true: 	at com.tencent.mobileqq.msf.core.net.m$b.run(P:24)
08-30 08:00:25.286 23230 23786 E SocketReaderNewtrue: socketEngine: 0socket hashCode: 0SocketReader(4090) errorjava.net.SocketException: Socket is closed
08-30 08:00:29.159  4240  4357 E BitmapFactory: Unable to decode stream: java.io.FileNotFoundException: /oem/etc/theme/icons/dynamic_icon/com.android.BBKClock/res/drawable-sw360dp-xxhdpi/clock_hour.png (No such file or directory)
08-30 08:00:29.160  4240  4357 E BitmapFactory: Unable to decode stream: java.io.FileNotFoundException: /oem/etc/theme/icons/dynamic_icon/com.android.BBKClock/res/drawable-sw360dp-xxhdpi/clock_minute.png (No such file or directory)
08-30 08:00:29.161  4240  4357 E BitmapFactory: Unable to decode stream: java.io.FileNotFoundException: /oem/etc/theme/icons/dynamic_icon/com.android.BBKClock/res/drawable-sw360dp-xxhdpi/clock_dial.png (No such file or directory)
08-30 08:00:29.165  4240  4357 E BitmapFactory: Unable to decode stream: java.io.FileNotFoundException: /oem/etc/theme/icons/dynamic_icon/com.android.BBKClock/res/drawable-sw360dp-xxhdpi/clock_dial_center.png (No such file or directory)
08-30 08:00:29.178  1007  1109 E storaged: getDiskStats failed with result NOT_SUPPORTED and size 0
08-30 08:00:55.301 23230 23786 E MSF.C.NetConnTag.true: conn is already closed on readError closeConn socketEngineID: 0 socket hashcode: 0java.lang.Throwable
08-30 08:00:55.301 23230 23786 E MSF.C.NetConnTag.true: 	at com.tencent.mobileqq.msf.core.net.m.b(P:27)
08-30 08:00:55.301 23230 23786 E MSF.C.NetConnTag.true: 	at com.tencent.mobileqq.msf.core.net.m$b.run(P:24)
08-30 08:00:55.301 23230 23786 E SocketReaderNewtrue: socketEngine: 0socket hashCode: 0SocketReader(4090) errorjava.net.SocketException: Socket is closed
08-30 08:01:09.370  2682  3066 E PowerMonitor: exception In sysProcTransDectect java.lang.NoSuchMethodException: vivoGetNetworkStatsUidDetailWithPackInfo [int]
08-30 08:01:25.317 23230 23786 E MSF.C.NetConnTag.true: conn is already closed on readError closeConn socketEngineID: 0 socket hashcode: 0java.lang.Throwable
08-30 08:01:25.317 23230 23786 E MSF.C.NetConnTag.true: 	at com.tencent.mobileqq.msf.core.net.m.b(P:27)
08-30 08:01:25.317 23230 23786 E MSF.C.NetConnTag.true: 	at com.tencent.mobileqq.msf.core.net.m$b.run(P:24)
08-30 08:01:25.317 23230 23786 E SocketReaderNewtrue: socketEngine: 0socket hashCode: 0SocketReader(4090) errorjava.net.SocketException: Socket is closed
08-30 08:01:29.183  1007  1109 E storaged: getDiskStats failed with result NOT_SUPPORTED and size 0
08-30 08:01:54.486 18581 18800 E memtrack: Couldn't load memtrack module
08-30 08:01:55.330 23230 23786 E MSF.C.NetConnTag.true: conn is already closed on readError closeConn socketEngineID: 0 socket hashcode: 0java.lang.Throwable
08-30 08:01:55.330 23230 23786 E MSF.C.NetConnTag.true: 	at com.tencent.mobileqq.msf.core.net.m.b(P:27)
08-30 08:01:55.330 23230 23786 E MSF.C.NetConnTag.true: 	at com.tencent.mobileqq.msf.core.net.m$b.run(P:24)
08-30 08:01:55.331 23230 23786 E SocketReaderNewtrue: socketEngine: 0socket hashCode: 0SocketReader(4090) errorjava.net.SocketException: Socket is closed
08-30 08:01:59.005  4240  4357 E BitmapFactory: Unable to decode stream: java.io.FileNotFoundException: /oem/etc/theme/icons/dynamic_icon/com.android.BBKClock/res/drawable-sw360dp-xxhdpi/clock_hour.png (No such file or directory)
08-30 08:01:59.008  4240  4357 E BitmapFactory: Unable to decode stream: java.io.FileNotFoundException: /oem/etc/theme/icons/dynamic_icon/com.android.BBKClock/res/drawable-sw360dp-xxhdpi/clock_minute.png (No such file or directory)
08-30 08:01:59.010  4240  4357 E BitmapFactory: Unable to decode stream: java.io.FileNotFoundException: /oem/etc/theme/icons/dynamic_icon/com.android.BBKClock/res/drawable-sw360dp-xxhdpi/clock_dial.png (No such file or directory)
08-30 08:01:59.016  4240  4357 E BitmapFactory: Unable to decode stream: java.io.FileNotFoundException: /oem/etc/theme/icons/dynamic_icon/com.android.BBKClock/res/drawable-sw360dp-xxhdpi/clock_dial_center.png (No such file or directory)
08-30 08:01:59.677 18939 19108 E memtrack: Couldn't load memtrack module
08-30 08:02:25.337 23230 23786 E MSF.C.NetConnTag.true: conn is already closed on readError closeConn socketEngineID: 0 socket hashcode: 0java.lang.Throwable
08-30 08:02:25.337 23230 23786 E MSF.C.NetConnTag.true: 	at com.tencent.mobileqq.msf.core.net.m.b(P:27)
08-30 08:02:25.337 23230 23786 E MSF.C.NetConnTag.true: 	at com.tencent.mobileqq.msf.core.net.m$b.run(P:24)
08-30 08:02:25.337 23230 23786 E SocketReaderNewtrue: socketEngine: 0socket hashCode: 0SocketReader(4090) errorjava.net.SocketException: Socket is closed
08-30 08:02:29.186  1007  1109 E storaged: getDiskStats failed with result NOT_SUPPORTED and size 0
08-30 08:02:55.351 23230 23786 E MSF.C.NetConnTag.true: conn is already closed on readError closeConn socketEngineID: 0 socket hashcode: 0java.lang.Throwable
08-30 08:02:55.351 23230 23786 E MSF.C.NetConnTag.true: 	at com.tencent.mobileqq.msf.core.net.m.b(P:27)
08-30 08:02:55.351 23230 23786 E MSF.C.NetConnTag.true: 	at com.tencent.mobileqq.msf.core.net.m$b.run(P:24)
08-30 08:02:55.352 23230 23786 E SocketReaderNewtrue: socketEngine: 0socket hashCode: 0SocketReader(4090) errorjava.net.SocketException: Socket is closed
08-30 08:02:59.017  4240  4357 E BitmapFactory: Unable to decode stream: java.io.FileNotFoundException: /oem/etc/theme/icons/dynamic_icon/com.android.BBKClock/res/drawable-sw360dp-xxhdpi/clock_hour.png (No such file or directory)
08-30 08:02:59.020  4240  4357 E BitmapFactory: Unable to decode stream: java.io.FileNotFoundException: /oem/etc/theme/icons/dynamic_icon/com.android.BBKClock/res/drawable-sw360dp-xxhdpi/clock_minute.png (No such file or directory)
08-30 08:02:59.023  4240  4357 E BitmapFactory: Unable to decode stream: java.io.FileNotFoundException: /oem/etc/theme/icons/dynamic_icon/com.android.BBKClock/res/drawable-sw360dp-xxhdpi/clock_dial.png (No such file or directory)
08-30 08:02:59.030  4240  4357 E BitmapFactory: Unable to decode stream: java.io.FileNotFoundException: /oem/etc/theme/icons/dynamic_icon/com.android.BBKClock/res/drawable-sw360dp-xxhdpi/clock_dial_center.png (No such file or directory)
08-30 08:03:25.361 23230 23786 E MSF.C.NetConnTag.true: conn is already closed on readError closeConn socketEngineID: 0 socket hashcode: 0java.lang.Throwable
08-30 08:03:25.361 23230 23786 E MSF.C.NetConnTag.true: 	at com.tencent.mobileqq.msf.core.net.m.b(P:27)
08-30 08:03:25.361 23230 23786 E MSF.C.NetConnTag.true: 	at com.tencent.mobileqq.msf.core.net.m$b.run(P:24)
08-30 08:03:25.361 23230 23786 E SocketReaderNewtrue: socketEngine: 0socket hashCode: 0SocketReader(4090) errorjava.net.SocketException: Socket is closed
08-30 08:03:29.942  1007  1109 E storaged: getDiskStats failed with result NOT_SUPPORTED and size 0
08-30 08:03:36.282  2682  3066 E PowerMonitor: exception In sysProcTransDectect java.lang.NoSuchMethodException: vivoGetNetworkStatsUidDetailWithPackInfo [int]
08-30 08:03:36.334   992  1195 E Netd    : tether checkPermission, pid:1724 uid:1000
08-30 08:03:36.456  4240  4357 E BitmapFactory: Unable to decode stream: java.io.FileNotFoundException: /oem/etc/theme/icons/dynamic_icon/com.android.BBKClock/res/drawable-sw360dp-xxhdpi/clock_hour.png (No such file or directory)
08-30 08:03:36.458  4240  4357 E BitmapFactory: Unable to decode stream: java.io.FileNotFoundException: /oem/etc/theme/icons/dynamic_icon/com.android.BBKClock/res/drawable-sw360dp-xxhdpi/clock_minute.png (No such file or directory)
08-30 08:03:36.458  4240  4357 E BitmapFactory: Unable to decode stream: java.io.FileNotFoundException: /oem/etc/theme/icons/dynamic_icon/com.android.BBKClock/res/drawable-sw360dp-xxhdpi/clock_dial.png (No such file or directory)
08-30 08:03:36.460  4240  4357 E BitmapFactory: Unable to decode stream: java.io.FileNotFoundException: /oem/etc/theme/icons/dynamic_icon/com.android.BBKClock/res/drawable-sw360dp-xxhdpi/clock_dial_center.png (No such file or directory)
08-30 08:03:36.482  2258  8460 I chatty  : uid=1000(system) AppStatisticSer expire 10 lines
08-30 08:03:36.509  2765  3873 I chatty  : uid=1000(system) Binder:2765_4 expire 10 lines
08-30 08:03:36.601  2765 16737 I chatty  : uid=1000(system) Binder:2765_E expire 11 lines
08-30 08:03:36.610  4240  4357 E BitmapFactory: Unable to decode stream: java.io.FileNotFoundException: /oem/etc/theme/icons/dynamic_icon/com.android.BBKClock/res/drawable-sw360dp-xxhdpi/clock_hour.png (No such file or directory)
08-30 08:03:36.613  4240  4357 E BitmapFactory: Unable to decode stream: java.io.FileNotFoundException: /oem/etc/theme/icons/dynamic_icon/com.android.BBKClock/res/drawable-sw360dp-xxhdpi/clock_minute.png (No such file or directory)
08-30 08:03:36.614  4240  4357 E BitmapFactory: Unable to decode stream: java.io.FileNotFoundException: /oem/etc/theme/icons/dynamic_icon/com.android.BBKClock/res/drawable-sw360dp-xxhdpi/clock_dial.png (No such file or directory)
08-30 08:03:36.617  4240  4357 E BitmapFactory: Unable to decode stream: java.io.FileNotFoundException: /oem/etc/theme/icons/dynamic_icon/com.android.BBKClock/res/drawable-sw360dp-xxhdpi/clock_dial_center.png (No such file or directory)
08-30 08:03:36.721  4240  4357 E BitmapFactory: Unable to decode stream: java.io.FileNotFoundException: /oem/etc/theme/icons/dynamic_icon/com.android.BBKClock/res/drawable-sw360dp-xxhdpi/clock_hour.png (No such file or directory)
08-30 08:03:36.722  4240  4357 E BitmapFactory: Unable to decode stream: java.io.FileNotFoundException: /oem/etc/theme/icons/dynamic_icon/com.android.BBKClock/res/drawable-sw360dp-xxhdpi/clock_minute.png (No such file or directory)
08-30 08:03:36.723  4240  4357 E BitmapFactory: Unable to decode stream: java.io.FileNotFoundException: /oem/etc/theme/icons/dynamic_icon/com.android.BBKClock/res/drawable-sw360dp-xxhdpi/clock_dial.png (No such file or directory)
08-30 08:03:36.725  4240  4357 E BitmapFactory: Unable to decode stream: java.io.FileNotFoundException: /oem/etc/theme/icons/dynamic_icon/com.android.BBKClock/res/drawable-sw360dp-xxhdpi/clock_dial_center.png (No such file or directory)
08-30 08:03:40.207  4152  4176 I chatty  : uid=10092(com.vivo.pushservice) Binder:4152_2 identical 39 lines
08-30 08:03:40.230 30009 30009 E Runtime : onTrimMemory level:5,pid:com.vivo.hybrid:Launcher0
08-30 08:03:55.376 23230 23786 E MSF.C.NetConnTag.true: conn is already closed on readError closeConn socketEngineID: 0 socket hashcode: 0java.lang.Throwable
08-30 08:03:55.376 23230 23786 E MSF.C.NetConnTag.true: 	at com.tencent.mobileqq.msf.core.net.m.b(P:27)
08-30 08:03:55.376 23230 23786 E MSF.C.NetConnTag.true: 	at com.tencent.mobileqq.msf.core.net.m$b.run(P:24)
08-30 08:03:55.377 23230 23786 E SocketReaderNewtrue: socketEngine: 0socket hashCode: 0SocketReader(4090) errorjava.net.SocketException: Socket is closed
08-30 08:04:18.446  2831  4238 E LocationAccessPolicy: canAccessCellLocation in whitList. uid = 10024, pkgName = com.baidu.map.location
08-30 08:04:18.485  2831  4238 E LocationAccessPolicy: canAccessCellLocation in whitList. uid = 10024, pkgName = com.baidu.map.location
08-30 08:04:18.504   692  5484 E LocSvc_libulp: ulp_brain_transition_all_providers, no QUIPC/GNSS transition logic run due to both engines are OFF
08-30 08:04:18.606 26870 26870 E .networkimprov: Not starting debugger since process cannot load the jdwp agent.
08-30 08:04:25.397 23230 23786 E MSF.C.NetConnTag.true: conn is already closed on readError closeConn socketEngineID: 0 socket hashcode: 0java.lang.Throwable
08-30 08:04:25.397 23230 23786 E MSF.C.NetConnTag.true: 	at com.tencent.mobileqq.msf.core.net.m.b(P:27)
08-30 08:04:25.397 23230 23786 E MSF.C.NetConnTag.true: 	at com.tencent.mobileqq.msf.core.net.m$b.run(P:24)
08-30 08:04:25.398 23230 23786 E SocketReaderNewtrue: socketEngine: 0socket hashCode: 0SocketReader(4090) errorjava.net.SocketException: Socket is closed
08-30 08:04:29.947  1007  1109 E storaged: getDiskStats failed with result NOT_SUPPORTED and size 0
08-30 08:04:55.403 23230 23786 E MSF.C.NetConnTag.true: conn is already closed on readError closeConn socketEngineID: 0 socket hashcode: 0java.lang.Throwable
08-30 08:04:55.403 23230 23786 E MSF.C.NetConnTag.true: 	at com.tencent.mobileqq.msf.core.net.m.b(P:27)
08-30 08:04:55.403 23230 23786 E MSF.C.NetConnTag.true: 	at com.tencent.mobileqq.msf.core.net.m$b.run(P:24)
08-30 08:04:55.403 23230 23786 E SocketReaderNewtrue: socketEngine: 0socket hashCode: 0SocketReader(4090) errorjava.net.SocketException: Socket is closed
08-30 08:05:06.686  4240  4357 E BitmapFactory: Unable to decode stream: java.io.FileNotFoundException: /oem/etc/theme/icons/dynamic_icon/com.android.BBKClock/res/drawable-sw360dp-xxhdpi/clock_hour.png (No such file or directory)
08-30 08:05:06.690  4240  4357 E BitmapFactory: Unable to decode stream: java.io.FileNotFoundException: /oem/etc/theme/icons/dynamic_icon/com.android.BBKClock/res/drawable-sw360dp-xxhdpi/clock_minute.png (No such file or directory)
08-30 08:05:06.693  4240  4357 E BitmapFactory: Unable to decode stream: java.io.FileNotFoundException: /oem/etc/theme/icons/dynamic_icon/com.android.BBKClock/res/drawable-sw360dp-xxhdpi/clock_dial.png (No such file or directory)
08-30 08:05:06.699  4240  4357 E BitmapFactory: Unable to decode stream: java.io.FileNotFoundException: /oem/etc/theme/icons/dynamic_icon/com.android.BBKClock/res/drawable-sw360dp-xxhdpi/clock_dial_center.png (No such file or directory)
08-30 08:05:25.412 23230 23786 E MSF.C.NetConnTag.true: conn is already closed on readError closeConn socketEngineID: 0 socket hashcode: 0java.lang.Throwable
08-30 08:05:25.412 23230 23786 E MSF.C.NetConnTag.true: 	at com.tencent.mobileqq.msf.core.net.m.b(P:27)
08-30 08:05:25.412 23230 23786 E MSF.C.NetConnTag.true: 	at com.tencent.mobileqq.msf.core.net.m$b.run(P:24)
08-30 08:05:25.412 23230 23786 E SocketReaderNewtrue: socketEngine: 0socket hashCode: 0SocketReader(4090) errorjava.net.SocketException: Socket is closed
08-30 08:05:29.950  1007  1109 E storaged: getDiskStats failed with result NOT_SUPPORTED and size 0
08-30 08:05:55.426 23230 23786 E MSF.C.NetConnTag.true: conn is already closed on readError closeConn socketEngineID: 0 socket hashcode: 0java.lang.Throwable
08-30 08:05:55.426 23230 23786 E MSF.C.NetConnTag.true: 	at com.tencent.mobileqq.msf.core.net.m.b(P:27)
08-30 08:05:55.426 23230 23786 E MSF.C.NetConnTag.true: 	at com.tencent.mobileqq.msf.core.net.m$b.run(P:24)
08-30 08:05:55.427 23230 23786 E SocketReaderNewtrue: socketEngine: 0socket hashCode: 0SocketReader(4090) errorjava.net.SocketException: Socket is closed
08-30 08:06:06.358  2682  3066 E PowerMonitor: exception In sysProcTransDectect java.lang.NoSuchMethodException: vivoGetNetworkStatsUidDetailWithPackInfo [int]
08-30 08:06:06.468 30009 30009 E Runtime : onTrimMemory level:5,pid:com.vivo.hybrid:Launcher0
08-30 08:06:06.684  4240  4357 E BitmapFactory: Unable to decode stream: java.io.FileNotFoundException: /oem/etc/theme/icons/dynamic_icon/com.android.BBKClock/res/drawable-sw360dp-xxhdpi/clock_hour.png (No such file or directory)
08-30 08:06:06.686  4240  4357 E BitmapFactory: Unable to decode stream: java.io.FileNotFoundException: /oem/etc/theme/icons/dynamic_icon/com.android.BBKClock/res/drawable-sw360dp-xxhdpi/clock_minute.png (No such file or directory)
08-30 08:06:06.688  4240  4357 E BitmapFactory: Unable to decode stream: java.io.FileNotFoundException: /oem/etc/theme/icons/dynamic_icon/com.android.BBKClock/res/drawable-sw360dp-xxhdpi/clock_dial.png (No such file or directory)
08-30 08:06:06.697  4240  4357 E BitmapFactory: Unable to decode stream: java.io.FileNotFoundException: /oem/etc/theme/icons/dynamic_icon/com.android.BBKClock/res/drawable-sw360dp-xxhdpi/clock_dial_center.png (No such file or directory)
08-30 08:06:25.440 23230 23786 E MSF.C.NetConnTag.true: conn is already closed on readError closeConn socketEngineID: 0 socket hashcode: 0java.lang.Throwable
08-30 08:06:25.440 23230 23786 E MSF.C.NetConnTag.true: 	at com.tencent.mobileqq.msf.core.net.m.b(P:27)
08-30 08:06:25.440 23230 23786 E MSF.C.NetConnTag.true: 	at com.tencent.mobileqq.msf.core.net.m$b.run(P:24)
08-30 08:06:25.441 23230 23786 E SocketReaderNewtrue: socketEngine: 0socket hashCode: 0SocketReader(4090) errorjava.net.SocketException: Socket is closed
08-30 08:06:29.954  1007  1109 E storaged: getDiskStats failed with result NOT_SUPPORTED and size 0
08-30 08:06:43.475  1724  2038 I chatty  : uid=1000(system) AlarmManager expire 12 lines
08-30 08:06:43.643  1724  2364 E SyncManager: Bind attempt failed - target: ComponentInfo{com.tencent.android.qqdownloader/com.live.sync.YYBLiveSyncService}
08-30 08:06:43.668   992  1195 E Netd    : tether checkPermission, pid:1724 uid:1000
08-30 08:06:43.687  4240  4357 E BitmapFactory: Unable to decode stream: java.io.FileNotFoundException: /oem/etc/theme/icons/dynamic_icon/com.android.BBKClock/res/drawable-sw360dp-xxhdpi/clock_hour.png (No such file or directory)
08-30 08:06:43.688  4240  4357 E BitmapFactory: Unable to decode stream: java.io.FileNotFoundException: /oem/etc/theme/icons/dynamic_icon/com.android.BBKClock/res/drawable-sw360dp-xxhdpi/clock_minute.png (No such file or directory)
08-30 08:06:43.688  4240  4357 E BitmapFactory: Unable to decode stream: java.io.FileNotFoundException: /oem/etc/theme/icons/dynamic_icon/com.android.BBKClock/res/drawable-sw360dp-xxhdpi/clock_dial.png (No such file or directory)
08-30 08:06:43.690  4240  4357 E BitmapFactory: Unable to decode stream: java.io.FileNotFoundException: /oem/etc/theme/icons/dynamic_icon/com.android.BBKClock/res/drawable-sw360dp-xxhdpi/clock_dial_center.png (No such file or directory)
08-30 08:06:43.876  4240  4357 E BitmapFactory: Unable to decode stream: java.io.FileNotFoundException: /oem/etc/theme/icons/dynamic_icon/com.android.BBKClock/res/drawable-sw360dp-xxhdpi/clock_hour.png (No such file or directory)
08-30 08:06:43.877  4240  4357 E BitmapFactory: Unable to decode stream: java.io.FileNotFoundException: /oem/etc/theme/icons/dynamic_icon/com.android.BBKClock/res/drawable-sw360dp-xxhdpi/clock_minute.png (No such file or directory)
08-30 08:06:43.878  4240  4357 E BitmapFactory: Unable to decode stream: java.io.FileNotFoundException: /oem/etc/theme/icons/dynamic_icon/com.android.BBKClock/res/drawable-sw360dp-xxhdpi/clock_dial.png (No such file or directory)
08-30 08:06:43.881  4240  4357 E BitmapFactory: Unable to decode stream: java.io.FileNotFoundException: /oem/etc/theme/icons/dynamic_icon/com.android.BBKClock/res/drawable-sw360dp-xxhdpi/clock_dial_center.png (No such file or directory)
08-30 08:06:55.191 18581 18843 E memtrack: Couldn't load memtrack module
08-30 08:06:55.444 23230 23786 E MSF.C.NetConnTag.true: conn is already closed on readError closeConn socketEngineID: 0 socket hashcode: 0java.lang.Throwable
08-30 08:06:55.444 23230 23786 E MSF.C.NetConnTag.true: 	at com.tencent.mobileqq.msf.core.net.m.b(P:27)
08-30 08:06:55.444 23230 23786 E MSF.C.NetConnTag.true: 	at com.tencent.mobileqq.msf.core.net.m$b.run(P:24)
08-30 08:06:55.444 23230 23786 E SocketReaderNewtrue: socketEngine: 0socket hashCode: 0SocketReader(4090) errorjava.net.SocketException: Socket is closed
08-30 08:07:00.100 18939 19336 E memtrack: Couldn't load memtrack module
08-30 08:07:25.459 23230 23786 E MSF.C.NetConnTag.true: conn is already closed on readError closeConn socketEngineID: 0 socket hashcode: 0java.lang.Throwable
08-30 08:07:25.459 23230 23786 E MSF.C.NetConnTag.true: 	at com.tencent.mobileqq.msf.core.net.m.b(P:27)
08-30 08:07:25.459 23230 23786 E MSF.C.NetConnTag.true: 	at com.tencent.mobileqq.msf.core.net.m$b.run(P:24)
08-30 08:07:25.459 23230 23786 E SocketReaderNewtrue: socketEngine: 0socket hashCode: 0SocketReader(4090) errorjava.net.SocketException: Socket is closed
08-30 08:07:29.958  1007  1109 E storaged: getDiskStats failed with result NOT_SUPPORTED and size 0
08-30 08:07:55.474 23230 23786 E MSF.C.NetConnTag.true: conn is already closed on readError closeConn socketEngineID: 0 socket hashcode: 0java.lang.Throwable
08-30 08:07:55.474 23230 23786 E MSF.C.NetConnTag.true: 	at com.tencent.mobileqq.msf.core.net.m.b(P:27)
08-30 08:07:55.474 23230 23786 E MSF.C.NetConnTag.true: 	at com.tencent.mobileqq.msf.core.net.m$b.run(P:24)
08-30 08:07:55.475 23230 23786 E SocketReaderNewtrue: socketEngine: 0socket hashCode: 0SocketReader(4090) errorjava.net.SocketException: Socket is closed
08-30 08:08:13.783  4240  4357 E BitmapFactory: Unable to decode stream: java.io.FileNotFoundException: /oem/etc/theme/icons/dynamic_icon/com.android.BBKClock/res/drawable-sw360dp-xxhdpi/clock_hour.png (No such file or directory)
08-30 08:08:13.786  4240  4357 E BitmapFactory: Unable to decode stream: java.io.FileNotFoundException: /oem/etc/theme/icons/dynamic_icon/com.android.BBKClock/res/drawable-sw360dp-xxhdpi/clock_minute.png (No such file or directory)
08-30 08:08:13.788  4240  4357 E BitmapFactory: Unable to decode stream: java.io.FileNotFoundException: /oem/etc/theme/icons/dynamic_icon/com.android.BBKClock/res/drawable-sw360dp-xxhdpi/clock_dial.png (No such file or directory)
08-30 08:08:13.796  4240  4357 E BitmapFactory: Unable to decode stream: java.io.FileNotFoundException: /oem/etc/theme/icons/dynamic_icon/com.android.BBKClock/res/drawable-sw360dp-xxhdpi/clock_dial_center.png (No such file or directory)
08-30 08:08:25.484 23230 23786 E MSF.C.NetConnTag.true: conn is already closed on readError closeConn socketEngineID: 0 socket hashcode: 0java.lang.Throwable
08-30 08:08:25.484 23230 23786 E MSF.C.NetConnTag.true: 	at com.tencent.mobileqq.msf.core.net.m.b(P:27)
08-30 08:08:25.484 23230 23786 E MSF.C.NetConnTag.true: 	at com.tencent.mobileqq.msf.core.net.m$b.run(P:24)
08-30 08:08:25.485 23230 23786 E SocketReaderNewtrue: socketEngine: 0socket hashCode: 0SocketReader(4090) errorjava.net.SocketException: Socket is closed
08-30 08:08:29.961  1007  1109 E storaged: getDiskStats failed with result NOT_SUPPORTED and size 0
08-30 08:08:33.299  2682  3066 E PowerMonitor: exception In sysProcTransDectect java.lang.NoSuchMethodException: vivoGetNetworkStatsUidDetailWithPackInfo [int]
08-30 08:08:33.392  4240  4357 E BitmapFactory: Unable to decode stream: java.io.FileNotFoundException: /oem/etc/theme/icons/dynamic_icon/com.android.BBKClock/res/drawable-sw360dp-xxhdpi/clock_hour.png (No such file or directory)
08-30 08:08:33.393  4240  4357 E BitmapFactory: Unable to decode stream: java.io.FileNotFoundException: /oem/etc/theme/icons/dynamic_icon/com.android.BBKClock/res/drawable-sw360dp-xxhdpi/clock_minute.png (No such file or directory)
08-30 08:08:33.394  4240  4357 E BitmapFactory: Unable to decode stream: java.io.FileNotFoundException: /oem/etc/theme/icons/dynamic_icon/com.android.BBKClock/res/drawable-sw360dp-xxhdpi/clock_dial.png (No such file or directory)
08-30 08:08:33.396  4240  4357 E BitmapFactory: Unable to decode stream: java.io.FileNotFoundException: /oem/etc/theme/icons/dynamic_icon/com.android.BBKClock/res/drawable-sw360dp-xxhdpi/clock_dial_center.png (No such file or directory)
08-30 08:08:33.409  2258  8460 I chatty  : uid=1000(system) AppStatisticSer expire 10 lines
08-30 08:08:33.428  2765  2785 I chatty  : uid=1000(system) Binder:2765_1 expire 19 lines
08-30 08:08:55.498 23230 23786 E MSF.C.NetConnTag.true: conn is already closed on readError closeConn socketEngineID: 0 socket hashcode: 0java.lang.Throwable
08-30 08:08:55.498 23230 23786 E MSF.C.NetConnTag.true: 	at com.tencent.mobileqq.msf.core.net.m.b(P:27)
08-30 08:08:55.498 23230 23786 E MSF.C.NetConnTag.true: 	at com.tencent.mobileqq.msf.core.net.m$b.run(P:24)
08-30 08:08:55.499 23230 23786 E SocketReaderNewtrue: socketEngine: 0socket hashCode: 0SocketReader(4090) errorjava.net.SocketException: Socket is closed
08-30 08:09:25.513 23230 23786 E MSF.C.NetConnTag.true: conn is already closed on readError closeConn socketEngineID: 0 socket hashcode: 0java.lang.Throwable
08-30 08:09:25.513 23230 23786 E MSF.C.NetConnTag.true: 	at com.tencent.mobileqq.msf.core.net.m.b(P:27)
08-30 08:09:25.513 23230 23786 E MSF.C.NetConnTag.true: 	at com.tencent.mobileqq.msf.core.net.m$b.run(P:24)
08-30 08:09:25.513 23230 23786 E SocketReaderNewtrue: socketEngine: 0socket hashCode: 0SocketReader(4090) errorjava.net.SocketException: Socket is closed
08-30 08:09:29.967  1007  1109 E storaged: getDiskStats failed with result NOT_SUPPORTED and size 0
08-30 08:09:55.528 23230 23786 E MSF.C.NetConnTag.true: conn is already closed on readError closeConn socketEngineID: 0 socket hashcode: 0java.lang.Throwable
08-30 08:09:55.528 23230 23786 E MSF.C.NetConnTag.true: 	at com.tencent.mobileqq.msf.core.net.m.b(P:27)
08-30 08:09:55.528 23230 23786 E MSF.C.NetConnTag.true: 	at com.tencent.mobileqq.msf.core.net.m$b.run(P:24)
08-30 08:09:55.528 23230 23786 E SocketReaderNewtrue: socketEngine: 0socket hashCode: 0SocketReader(4090) errorjava.net.SocketException: Socket is closed
08-30 08:10:03.303  4240  4357 E BitmapFactory: Unable to decode stream: java.io.FileNotFoundException: /oem/etc/theme/icons/dynamic_icon/com.android.BBKClock/res/drawable-sw360dp-xxhdpi/clock_hour.png (No such file or directory)
08-30 08:10:03.306  4240  4357 E BitmapFactory: Unable to decode stream: java.io.FileNotFoundException: /oem/etc/theme/icons/dynamic_icon/com.android.BBKClock/res/drawable-sw360dp-xxhdpi/clock_minute.png (No such file or directory)
08-30 08:10:03.308  4240  4357 E BitmapFactory: Unable to decode stream: java.io.FileNotFoundException: /oem/etc/theme/icons/dynamic_icon/com.android.BBKClock/res/drawable-sw360dp-xxhdpi/clock_dial.png (No such file or directory)
08-30 08:10:03.315  4240  4357 E BitmapFactory: Unable to decode stream: java.io.FileNotFoundException: /oem/etc/theme/icons/dynamic_icon/com.android.BBKClock/res/drawable-sw360dp-xxhdpi/clock_dial_center.png (No such file or directory)
08-30 08:10:09.279  3775 15318 E WakeLock: GCM_HB_ALARM release without a matched acquire!
08-30 08:10:09.293  3775  7050 E NetworkScheduler.ATC: Called cancelTask for already completed task com.google.android.gms/.chimera.container.ConfigService{u=0 tag="ChimeraConfigService_OneOffRetry" trigger=window{start=-301s,end=299s,earliest=-2136s,latest=-1536s} requirements=[NET_CONNECTED] attributes=[PERSISTED] scheduled=-1835s last_run=-1740s jid=N/A status=ACTIVE retries=3 client_lib=MANCHEGO_GCM-14574000} :TIMED_OUT
08-30 08:10:09.312  4240  4357 E BitmapFactory: Unable to decode stream: java.io.FileNotFoundException: /oem/etc/theme/icons/dynamic_icon/com.android.BBKClock/res/drawable-sw360dp-xxhdpi/clock_hour.png (No such file or directory)
08-30 08:10:09.313  4240  4357 E BitmapFactory: Unable to decode stream: java.io.FileNotFoundException: /oem/etc/theme/icons/dynamic_icon/com.android.BBKClock/res/drawable-sw360dp-xxhdpi/clock_minute.png (No such file or directory)
08-30 08:10:09.314  4240  4357 E BitmapFactory: Unable to decode stream: java.io.FileNotFoundException: /oem/etc/theme/icons/dynamic_icon/com.android.BBKClock/res/drawable-sw360dp-xxhdpi/clock_dial.png (No such file or directory)
08-30 08:10:09.318  4240  4357 E BitmapFactory: Unable to decode stream: java.io.FileNotFoundException: /oem/etc/theme/icons/dynamic_icon/com.android.BBKClock/res/drawable-sw360dp-xxhdpi/clock_dial_center.png (No such file or directory)
08-30 08:10:25.544 23230 23786 E MSF.C.NetConnTag.true: conn is already closed on readError closeConn socketEngineID: 0 socket hashcode: 0java.lang.Throwable
08-30 08:10:25.544 23230 23786 E MSF.C.NetConnTag.true: 	at com.tencent.mobileqq.msf.core.net.m.b(P:27)
08-30 08:10:25.544 23230 23786 E MSF.C.NetConnTag.true: 	at com.tencent.mobileqq.msf.core.net.m$b.run(P:24)
08-30 08:10:25.544 23230 23786 E SocketReaderNewtrue: socketEngine: 0socket hashCode: 0SocketReader(4090) errorjava.net.SocketException: Socket is closed
08-30 08:10:29.969  1007  1109 E storaged: getDiskStats failed with result NOT_SUPPORTED and size 0
08-30 08:10:55.556 23230 23786 E MSF.C.NetConnTag.true: conn is already closed on readError closeConn socketEngineID: 0 socket hashcode: 0java.lang.Throwable
08-30 08:10:55.556 23230 23786 E MSF.C.NetConnTag.true: 	at com.tencent.mobileqq.msf.core.net.m.b(P:27)
08-30 08:10:55.556 23230 23786 E MSF.C.NetConnTag.true: 	at com.tencent.mobileqq.msf.core.net.m$b.run(P:24)
08-30 08:10:55.556 23230 23786 E SocketReaderNewtrue: socketEngine: 0socket hashCode: 0SocketReader(4090) errorjava.net.SocketException: Socket is closed
08-30 08:11:03.399  2682  3066 E PowerMonitor: exception In sysProcTransDectect java.lang.NoSuchMethodException: vivoGetNetworkStatsUidDetailWithPackInfo [int]
08-30 08:11:25.569 23230 23786 E MSF.C.NetConnTag.true: conn is already closed on readError closeConn socketEngineID: 0 socket hashcode: 0java.lang.Throwable
08-30 08:11:25.569 23230 23786 E MSF.C.NetConnTag.true: 	at com.tencent.mobileqq.msf.core.net.m.b(P:27)
08-30 08:11:25.569 23230 23786 E MSF.C.NetConnTag.true: 	at com.tencent.mobileqq.msf.core.net.m$b.run(P:24)
08-30 08:11:25.570 23230 23786 E SocketReaderNewtrue: socketEngine: 0socket hashCode: 0SocketReader(4090) errorjava.net.SocketException: Socket is closed
08-30 08:11:29.973  1007  1109 E storaged: getDiskStats failed with result NOT_SUPPORTED and size 0
08-30 08:11:30.094   992  1195 E Netd    : tether checkPermission, pid:1724 uid:1000
08-30 08:11:30.280  4240  4357 E BitmapFactory: Unable to decode stream: java.io.FileNotFoundException: /oem/etc/theme/icons/dynamic_icon/com.android.BBKClock/res/drawable-sw360dp-xxhdpi/clock_hour.png (No such file or directory)
08-30 08:11:30.283  4240  4357 E BitmapFactory: Unable to decode stream: java.io.FileNotFoundException: /oem/etc/theme/icons/dynamic_icon/com.android.BBKClock/res/drawable-sw360dp-xxhdpi/clock_minute.png (No such file or directory)
08-30 08:11:30.285  4240  4357 E BitmapFactory: Unable to decode stream: java.io.FileNotFoundException: /oem/etc/theme/icons/dynamic_icon/com.android.BBKClock/res/drawable-sw360dp-xxhdpi/clock_dial.png (No such file or directory)
08-30 08:11:30.288  4240  4357 E BitmapFactory: Unable to decode stream: java.io.FileNotFoundException: /oem/etc/theme/icons/dynamic_icon/com.android.BBKClock/res/drawable-sw360dp-xxhdpi/clock_dial_center.png (No such file or directory)
08-30 08:11:30.313 14305 14305 E AutoUpgradeReceiver:  <<<<<<<<<<< receive the upgrade dict broadcast >>>>>>>>>>>>>
08-30 08:11:30.403   992  1195 E Netd    : tether checkPermission, pid:1724 uid:1000
08-30 08:11:55.573 23230 23786 E MSF.C.NetConnTag.true: conn is already closed on readError closeConn socketEngineID: 0 socket hashcode: 0java.lang.Throwable
08-30 08:11:55.573 23230 23786 E MSF.C.NetConnTag.true: 	at com.tencent.mobileqq.msf.core.net.m.b(P:27)
08-30 08:11:55.573 23230 23786 E MSF.C.NetConnTag.true: 	at com.tencent.mobileqq.msf.core.net.m$b.run(P:24)
08-30 08:11:55.573 23230 23786 E SocketReaderNewtrue: socketEngine: 0socket hashCode: 0SocketReader(4090) errorjava.net.SocketException: Socket is closed
08-30 08:11:55.753 18581 18739 E memtrack: Couldn't load memtrack module
08-30 08:12:00.539 18939 19542 E memtrack: Couldn't load memtrack module
08-30 08:12:25.586 23230 23786 E MSF.C.NetConnTag.true: conn is already closed on readError closeConn socketEngineID: 0 socket hashcode: 0java.lang.Throwable
08-30 08:12:25.586 23230 23786 E MSF.C.NetConnTag.true: 	at com.tencent.mobileqq.msf.core.net.m.b(P:27)
08-30 08:12:25.586 23230 23786 E MSF.C.NetConnTag.true: 	at com.tencent.mobileqq.msf.core.net.m$b.run(P:24)
08-30 08:12:25.586 23230 23786 E SocketReaderNewtrue: socketEngine: 0socket hashCode: 0SocketReader(4090) errorjava.net.SocketException: Socket is closed
08-30 08:12:29.977  1007  1109 E storaged: getDiskStats failed with result NOT_SUPPORTED and size 0
08-30 08:12:55.600 23230 23786 E MSF.C.NetConnTag.true: conn is already closed on readError closeConn socketEngineID: 0 socket hashcode: 0java.lang.Throwable
08-30 08:12:55.600 23230 23786 E MSF.C.NetConnTag.true: 	at com.tencent.mobileqq.msf.core.net.m.b(P:27)
08-30 08:12:55.600 23230 23786 E MSF.C.NetConnTag.true: 	at com.tencent.mobileqq.msf.core.net.m$b.run(P:24)
08-30 08:12:55.600 23230 23786 E SocketReaderNewtrue: socketEngine: 0socket hashCode: 0SocketReader(4090) errorjava.net.SocketException: Socket is closed
08-30 08:13:00.153  4240  4357 E BitmapFactory: Unable to decode stream: java.io.FileNotFoundException: /oem/etc/theme/icons/dynamic_icon/com.android.BBKClock/res/drawable-sw360dp-xxhdpi/clock_hour.png (No such file or directory)
