08-30 09:46:30.230  4240  4357 E BitmapFactory: Unable to decode stream: java.io.FileNotFoundException: /oem/etc/theme/icons/dynamic_icon/com.android.BBKClock/res/drawable-sw360dp-xxhdpi/clock_minute.png (No such file or directory)
08-30 09:46:30.231  4240  4357 E BitmapFactory: Unable to decode stream: java.io.FileNotFoundException: /oem/etc/theme/icons/dynamic_icon/com.android.BBKClock/res/drawable-sw360dp-xxhdpi/clock_dial.png (No such file or directory)
08-30 09:46:30.234  4240  4357 E BitmapFactory: Unable to decode stream: java.io.FileNotFoundException: /oem/etc/theme/icons/dynamic_icon/com.android.BBKClock/res/drawable-sw360dp-xxhdpi/clock_dial_center.png (No such file or directory)
08-30 09:46:30.966  1007  1109 E storaged: getDiskStats failed with result NOT_SUPPORTED and size 0
08-30 09:46:58.264 23230 23786 E MSF.C.NetConnTag.true: conn is already closed on readError closeConn socketEngineID: 0 socket hashcode: 0java.lang.Throwable
08-30 09:46:58.264 23230 23786 E MSF.C.NetConnTag.true: 	at com.tencent.mobileqq.msf.core.net.m.b(P:27)
08-30 09:46:58.264 23230 23786 E MSF.C.NetConnTag.true: 	at com.tencent.mobileqq.msf.core.net.m$b.run(P:24)
08-30 09:46:58.265 23230 23786 E SocketReaderNewtrue: socketEngine: 0socket hashCode: 0SocketReader(4090) errorjava.net.SocketException: Socket is closed
08-30 09:47:08.292 18581 18846 E memtrack: Couldn't load memtrack module
08-30 09:47:08.919 18939 19336 E memtrack: Couldn't load memtrack module
08-30 09:47:28.278 23230 23786 E MSF.C.NetConnTag.true: conn is already closed on readError closeConn socketEngineID: 0 socket hashcode: 0java.lang.Throwable
08-30 09:47:28.278 23230 23786 E MSF.C.NetConnTag.true: 	at com.tencent.mobileqq.msf.core.net.m.b(P:27)
08-30 09:47:28.278 23230 23786 E MSF.C.NetConnTag.true: 	at com.tencent.mobileqq.msf.core.net.m$b.run(P:24)
08-30 09:47:28.278 23230 23786 E SocketReaderNewtrue: socketEngine: 0socket hashCode: 0SocketReader(4090) errorjava.net.SocketException: Socket is closed
08-30 09:47:30.970  1007  1109 E storaged: getDiskStats failed with result NOT_SUPPORTED and size 0
08-30 09:47:33.783  2682  3066 E PowerMonitor: exception In sysProcTransDectect java.lang.NoSuchMethodException: vivoGetNetworkStatsUidDetailWithPackInfo [int]
08-30 09:47:33.903  4240  4357 E BitmapFactory: Unable to decode stream: java.io.FileNotFoundException: /oem/etc/theme/icons/dynamic_icon/com.android.BBKClock/res/drawable-sw360dp-xxhdpi/clock_hour.png (No such file or directory)
08-30 09:47:33.904  4240  4357 E BitmapFactory: Unable to decode stream: java.io.FileNotFoundException: /oem/etc/theme/icons/dynamic_icon/com.android.BBKClock/res/drawable-sw360dp-xxhdpi/clock_minute.png (No such file or directory)
08-30 09:47:33.905  4240  4357 E BitmapFactory: Unable to decode stream: java.io.FileNotFoundException: /oem/etc/theme/icons/dynamic_icon/com.android.BBKClock/res/drawable-sw360dp-xxhdpi/clock_dial.png (No such file or directory)
08-30 09:47:33.908  4240  4357 E BitmapFactory: Unable to decode stream: java.io.FileNotFoundException: /oem/etc/theme/icons/dynamic_icon/com.android.BBKClock/res/drawable-sw360dp-xxhdpi/clock_dial_center.png (No such file or directory)
08-30 09:47:33.958  2765  3947 I chatty  : uid=1000(system) Binder:2765_6 expire 10 lines
08-30 09:47:34.167  1724  2356 I chatty  : uid=1000(system) IpClient.wlan0 expire 11 lines
08-30 09:47:58.294 23230 23786 E MSF.C.NetConnTag.true: conn is already closed on readError closeConn socketEngineID: 0 socket hashcode: 0java.lang.Throwable
08-30 09:47:58.294 23230 23786 E MSF.C.NetConnTag.true: 	at com.tencent.mobileqq.msf.core.net.m.b(P:27)
08-30 09:47:58.294 23230 23786 E MSF.C.NetConnTag.true: 	at com.tencent.mobileqq.msf.core.net.m$b.run(P:24)
08-30 09:47:58.295 23230 23786 E SocketReaderNewtrue: socketEngine: 0socket hashCode: 0SocketReader(4090) errorjava.net.SocketException: Socket is closed
08-30 09:48:28.310 23230 23786 E MSF.C.NetConnTag.true: conn is already closed on readError closeConn socketEngineID: 0 socket hashcode: 0java.lang.Throwable
08-30 09:48:28.310 23230 23786 E MSF.C.NetConnTag.true: 	at com.tencent.mobileqq.msf.core.net.m.b(P:27)
08-30 09:48:28.310 23230 23786 E MSF.C.NetConnTag.true: 	at com.tencent.mobileqq.msf.core.net.m$b.run(P:24)
08-30 09:48:28.310 23230 23786 E SocketReaderNewtrue: socketEngine: 0socket hashCode: 0SocketReader(4090) errorjava.net.SocketException: Socket is closed
08-30 09:48:30.975  1007  1109 E storaged: getDiskStats failed with result NOT_SUPPORTED and size 0
08-30 09:48:58.323 23230 23786 E MSF.C.NetConnTag.true: conn is already closed on readError closeConn socketEngineID: 0 socket hashcode: 0java.lang.Throwable
08-30 09:48:58.323 23230 23786 E MSF.C.NetConnTag.true: 	at com.tencent.mobileqq.msf.core.net.m.b(P:27)
08-30 09:48:58.323 23230 23786 E MSF.C.NetConnTag.true: 	at com.tencent.mobileqq.msf.core.net.m$b.run(P:24)
08-30 09:48:58.324 23230 23786 E SocketReaderNewtrue: socketEngine: 0socket hashCode: 0SocketReader(4090) errorjava.net.SocketException: Socket is closed
08-30 09:49:03.809  4240  4357 E BitmapFactory: Unable to decode stream: java.io.FileNotFoundException: /oem/etc/theme/icons/dynamic_icon/com.android.BBKClock/res/drawable-sw360dp-xxhdpi/clock_hour.png (No such file or directory)
08-30 09:49:03.812  4240  4357 E BitmapFactory: Unable to decode stream: java.io.FileNotFoundException: /oem/etc/theme/icons/dynamic_icon/com.android.BBKClock/res/drawable-sw360dp-xxhdpi/clock_minute.png (No such file or directory)
08-30 09:49:03.814  4240  4357 E BitmapFactory: Unable to decode stream: java.io.FileNotFoundException: /oem/etc/theme/icons/dynamic_icon/com.android.BBKClock/res/drawable-sw360dp-xxhdpi/clock_dial.png (No such file or directory)
08-30 09:49:03.822  4240  4357 E BitmapFactory: Unable to decode stream: java.io.FileNotFoundException: /oem/etc/theme/icons/dynamic_icon/com.android.BBKClock/res/drawable-sw360dp-xxhdpi/clock_dial_center.png (No such file or directory)
08-30 09:49:07.194  1724  2364 E SyncManager: Bind attempt failed - target: ComponentInfo{com.tencent.android.qqdownloader/com.live.sync.YYBLiveSyncService}
08-30 09:49:07.213  4240  4357 E BitmapFactory: Unable to decode stream: java.io.FileNotFoundException: /oem/etc/theme/icons/dynamic_icon/com.android.BBKClock/res/drawable-sw360dp-xxhdpi/clock_hour.png (No such file or directory)
08-30 09:49:07.214  4240  4357 E BitmapFactory: Unable to decode stream: java.io.FileNotFoundException: /oem/etc/theme/icons/dynamic_icon/com.android.BBKClock/res/drawable-sw360dp-xxhdpi/clock_minute.png (No such file or directory)
08-30 09:49:07.215  4240  4357 E BitmapFactory: Unable to decode stream: java.io.FileNotFoundException: /oem/etc/theme/icons/dynamic_icon/com.android.BBKClock/res/drawable-sw360dp-xxhdpi/clock_dial.png (No such file or directory)
08-30 09:49:07.219  4240  4357 E BitmapFactory: Unable to decode stream: java.io.FileNotFoundException: /oem/etc/theme/icons/dynamic_icon/com.android.BBKClock/res/drawable-sw360dp-xxhdpi/clock_dial_center.png (No such file or directory)
08-30 09:49:28.339 23230 23786 E MSF.C.NetConnTag.true: conn is already closed on readError closeConn socketEngineID: 0 socket hashcode: 0java.lang.Throwable
08-30 09:49:28.339 23230 23786 E MSF.C.NetConnTag.true: 	at com.tencent.mobileqq.msf.core.net.m.b(P:27)
08-30 09:49:28.339 23230 23786 E MSF.C.NetConnTag.true: 	at com.tencent.mobileqq.msf.core.net.m$b.run(P:24)
08-30 09:49:28.339 23230 23786 E SocketReaderNewtrue: socketEngine: 0socket hashCode: 0SocketReader(4090) errorjava.net.SocketException: Socket is closed
08-30 09:49:30.979  1007  1109 E storaged: getDiskStats failed with result NOT_SUPPORTED and size 0
08-30 09:49:58.353 23230 23786 E MSF.C.NetConnTag.true: conn is already closed on readError closeConn socketEngineID: 0 socket hashcode: 0java.lang.Throwable
08-30 09:49:58.353 23230 23786 E MSF.C.NetConnTag.true: 	at com.tencent.mobileqq.msf.core.net.m.b(P:27)
08-30 09:49:58.353 23230 23786 E MSF.C.NetConnTag.true: 	at com.tencent.mobileqq.msf.core.net.m$b.run(P:24)
08-30 09:49:58.353 23230 23786 E SocketReaderNewtrue: socketEngine: 0socket hashCode: 0SocketReader(4090) errorjava.net.SocketException: Socket is closed
08-30 09:50:03.933  2682  3066 E PowerMonitor: exception In sysProcTransDectect java.lang.NoSuchMethodException: vivoGetNetworkStatsUidDetailWithPackInfo [int]
08-30 09:50:28.367 23230 23786 E MSF.C.NetConnTag.true: conn is already closed on readError closeConn socketEngineID: 0 socket hashcode: 0java.lang.Throwable
08-30 09:50:28.367 23230 23786 E MSF.C.NetConnTag.true: 	at com.tencent.mobileqq.msf.core.net.m.b(P:27)
08-30 09:50:28.367 23230 23786 E MSF.C.NetConnTag.true: 	at com.tencent.mobileqq.msf.core.net.m$b.run(P:24)
08-30 09:50:28.367 23230 23786 E SocketReaderNewtrue: socketEngine: 0socket hashCode: 0SocketReader(4090) errorjava.net.SocketException: Socket is closed
08-30 09:50:30.983  1007  1109 E storaged: getDiskStats failed with result NOT_SUPPORTED and size 0
08-30 09:50:37.136  4240  4357 E BitmapFactory: Unable to decode stream: java.io.FileNotFoundException: /oem/etc/theme/icons/dynamic_icon/com.android.BBKClock/res/drawable-sw360dp-xxhdpi/clock_hour.png (No such file or directory)
08-30 09:50:37.139  4240  4357 E BitmapFactory: Unable to decode stream: java.io.FileNotFoundException: /oem/etc/theme/icons/dynamic_icon/com.android.BBKClock/res/drawable-sw360dp-xxhdpi/clock_minute.png (No such file or directory)
08-30 09:50:37.141  4240  4357 E BitmapFactory: Unable to decode stream: java.io.FileNotFoundException: /oem/etc/theme/icons/dynamic_icon/com.android.BBKClock/res/drawable-sw360dp-xxhdpi/clock_dial.png (No such file or directory)
08-30 09:50:37.149  4240  4357 E BitmapFactory: Unable to decode stream: java.io.FileNotFoundException: /oem/etc/theme/icons/dynamic_icon/com.android.BBKClock/res/drawable-sw360dp-xxhdpi/clock_dial_center.png (No such file or directory)
08-30 09:50:58.383 23230 23786 E MSF.C.NetConnTag.true: conn is already closed on readError closeConn socketEngineID: 0 socket hashcode: 0java.lang.Throwable
08-30 09:50:58.383 23230 23786 E MSF.C.NetConnTag.true: 	at com.tencent.mobileqq.msf.core.net.m.b(P:27)
08-30 09:50:58.383 23230 23786 E MSF.C.NetConnTag.true: 	at com.tencent.mobileqq.msf.core.net.m$b.run(P:24)
08-30 09:50:58.383 23230 23786 E SocketReaderNewtrue: socketEngine: 0socket hashCode: 0SocketReader(4090) errorjava.net.SocketException: Socket is closed
08-30 09:51:08.341 18939 28659 E libc    : Access denied finding property "net.dns1"
08-30 09:51:08.342 18939 28659 E libc    : Access denied finding property "net.dns2"
08-30 09:51:28.398 23230 23786 E MSF.C.NetConnTag.true: conn is already closed on readError closeConn socketEngineID: 0 socket hashcode: 0java.lang.Throwable
08-30 09:51:28.398 23230 23786 E MSF.C.NetConnTag.true: 	at com.tencent.mobileqq.msf.core.net.m.b(P:27)
08-30 09:51:28.398 23230 23786 E MSF.C.NetConnTag.true: 	at com.tencent.mobileqq.msf.core.net.m$b.run(P:24)
08-30 09:51:28.399 23230 23786 E SocketReaderNewtrue: socketEngine: 0socket hashCode: 0SocketReader(4090) errorjava.net.SocketException: Socket is closed
08-30 09:51:30.989  1007  1109 E storaged: getDiskStats failed with result NOT_SUPPORTED and size 0
08-30 09:51:35.275   992  1195 E Netd    : tether checkPermission, pid:1724 uid:1000
08-30 09:51:35.442  4240  4357 E BitmapFactory: Unable to decode stream: java.io.FileNotFoundException: /oem/etc/theme/icons/dynamic_icon/com.android.BBKClock/res/drawable-sw360dp-xxhdpi/clock_hour.png (No such file or directory)
08-30 09:51:35.443  4240  4357 E BitmapFactory: Unable to decode stream: java.io.FileNotFoundException: /oem/etc/theme/icons/dynamic_icon/com.android.BBKClock/res/drawable-sw360dp-xxhdpi/clock_minute.png (No such file or directory)
08-30 09:51:35.444  4240  4357 E BitmapFactory: Unable to decode stream: java.io.FileNotFoundException: /oem/etc/theme/icons/dynamic_icon/com.android.BBKClock/res/drawable-sw360dp-xxhdpi/clock_dial.png (No such file or directory)
08-30 09:51:35.447  4240  4357 E BitmapFactory: Unable to decode stream: java.io.FileNotFoundException: /oem/etc/theme/icons/dynamic_icon/com.android.BBKClock/res/drawable-sw360dp-xxhdpi/clock_dial_center.png (No such file or directory)
08-30 09:51:35.605  4240  4357 E BitmapFactory: Unable to decode stream: java.io.FileNotFoundException: /oem/etc/theme/icons/dynamic_icon/com.android.BBKClock/res/drawable-sw360dp-xxhdpi/clock_hour.png (No such file or directory)
08-30 09:51:35.606  4240  4357 E BitmapFactory: Unable to decode stream: java.io.FileNotFoundException: /oem/etc/theme/icons/dynamic_icon/com.android.BBKClock/res/drawable-sw360dp-xxhdpi/clock_minute.png (No such file or directory)
08-30 09:51:35.607  4240  4357 E BitmapFactory: Unable to decode stream: java.io.FileNotFoundException: /oem/etc/theme/icons/dynamic_icon/com.android.BBKClock/res/drawable-sw360dp-xxhdpi/clock_dial.png (No such file or directory)
08-30 09:51:35.611  4240  4357 E BitmapFactory: Unable to decode stream: java.io.FileNotFoundException: /oem/etc/theme/icons/dynamic_icon/com.android.BBKClock/res/drawable-sw360dp-xxhdpi/clock_dial_center.png (No such file or directory)
08-30 09:51:58.413 23230 23786 E MSF.C.NetConnTag.true: conn is already closed on readError closeConn socketEngineID: 0 socket hashcode: 0java.lang.Throwable
08-30 09:51:58.413 23230 23786 E MSF.C.NetConnTag.true: 	at com.tencent.mobileqq.msf.core.net.m.b(P:27)
08-30 09:51:58.413 23230 23786 E MSF.C.NetConnTag.true: 	at com.tencent.mobileqq.msf.core.net.m$b.run(P:24)
08-30 09:51:58.414 23230 23786 E SocketReaderNewtrue: socketEngine: 0socket hashCode: 0SocketReader(4090) errorjava.net.SocketException: Socket is closed
08-30 09:52:08.951 18581 18833 E memtrack: Couldn't load memtrack module
08-30 09:52:09.328 18939 19538 E memtrack: Couldn't load memtrack module
08-30 09:52:28.429 23230 23786 E MSF.C.NetConnTag.true: conn is already closed on readError closeConn socketEngineID: 0 socket hashcode: 0java.lang.Throwable
08-30 09:52:28.429 23230 23786 E MSF.C.NetConnTag.true: 	at com.tencent.mobileqq.msf.core.net.m.b(P:27)
08-30 09:52:28.429 23230 23786 E MSF.C.NetConnTag.true: 	at com.tencent.mobileqq.msf.core.net.m$b.run(P:24)
08-30 09:52:28.429 23230 23786 E SocketReaderNewtrue: socketEngine: 0socket hashCode: 0SocketReader(4090) errorjava.net.SocketException: Socket is closed
08-30 09:52:30.825  2682  3066 E PowerMonitor: exception In sysProcTransDectect java.lang.NoSuchMethodException: vivoGetNetworkStatsUidDetailWithPackInfo [int]
08-30 09:52:30.934  2765  3998 I chatty  : uid=1000(system) Binder:2765_7 expire 1 line
08-30 09:52:30.943  4240  4357 E BitmapFactory: Unable to decode stream: java.io.FileNotFoundException: /oem/etc/theme/icons/dynamic_icon/com.android.BBKClock/res/drawable-sw360dp-xxhdpi/clock_hour.png (No such file or directory)
08-30 09:52:30.944  4240  4357 E BitmapFactory: Unable to decode stream: java.io.FileNotFoundException: /oem/etc/theme/icons/dynamic_icon/com.android.BBKClock/res/drawable-sw360dp-xxhdpi/clock_minute.png (No such file or directory)
08-30 09:52:30.945  4240  4357 E BitmapFactory: Unable to decode stream: java.io.FileNotFoundException: /oem/etc/theme/icons/dynamic_icon/com.android.BBKClock/res/drawable-sw360dp-xxhdpi/clock_dial.png (No such file or directory)
08-30 09:52:30.949  4240  4357 E BitmapFactory: Unable to decode stream: java.io.FileNotFoundException: /oem/etc/theme/icons/dynamic_icon/com.android.BBKClock/res/drawable-sw360dp-xxhdpi/clock_dial_center.png (No such file or directory)
08-30 09:52:30.991  1007  1109 E storaged: getDiskStats failed with result NOT_SUPPORTED and size 0
08-30 09:52:58.442 23230 23786 E MSF.C.NetConnTag.true: conn is already closed on readError closeConn socketEngineID: 0 socket hashcode: 0java.lang.Throwable
08-30 09:52:58.442 23230 23786 E MSF.C.NetConnTag.true: 	at com.tencent.mobileqq.msf.core.net.m.b(P:27)
08-30 09:52:58.442 23230 23786 E MSF.C.NetConnTag.true: 	at com.tencent.mobileqq.msf.core.net.m$b.run(P:24)
08-30 09:52:58.443 23230 23786 E SocketReaderNewtrue: socketEngine: 0socket hashCode: 0SocketReader(4090) errorjava.net.SocketException: Socket is closed
08-30 09:53:28.456 23230 23786 E MSF.C.NetConnTag.true: conn is already closed on readError closeConn socketEngineID: 0 socket hashcode: 0java.lang.Throwable
08-30 09:53:28.456 23230 23786 E MSF.C.NetConnTag.true: 	at com.tencent.mobileqq.msf.core.net.m.b(P:27)
08-30 09:53:28.456 23230 23786 E MSF.C.NetConnTag.true: 	at com.tencent.mobileqq.msf.core.net.m$b.run(P:24)
08-30 09:53:28.457 23230 23786 E SocketReaderNewtrue: socketEngine: 0socket hashCode: 0SocketReader(4090) errorjava.net.SocketException: Socket is closed
08-30 09:53:30.995  1007  1109 E storaged: getDiskStats failed with result NOT_SUPPORTED and size 0
08-30 09:53:45.486  4240  4357 E BitmapFactory: Unable to decode stream: java.io.FileNotFoundException: /oem/etc/theme/icons/dynamic_icon/com.android.BBKClock/res/drawable-sw360dp-xxhdpi/clock_hour.png (No such file or directory)
08-30 09:53:45.488  4240  4357 E BitmapFactory: Unable to decode stream: java.io.FileNotFoundException: /oem/etc/theme/icons/dynamic_icon/com.android.BBKClock/res/drawable-sw360dp-xxhdpi/clock_minute.png (No such file or directory)
08-30 09:53:45.489  4240  4357 E BitmapFactory: Unable to decode stream: java.io.FileNotFoundException: /oem/etc/theme/icons/dynamic_icon/com.android.BBKClock/res/drawable-sw360dp-xxhdpi/clock_dial.png (No such file or directory)
08-30 09:53:45.493  4240  4357 E BitmapFactory: Unable to decode stream: java.io.FileNotFoundException: /oem/etc/theme/icons/dynamic_icon/com.android.BBKClock/res/drawable-sw360dp-xxhdpi/clock_dial_center.png (No such file or directory)
08-30 09:53:58.469 23230 23786 E MSF.C.NetConnTag.true: conn is already closed on readError closeConn socketEngineID: 0 socket hashcode: 0java.lang.Throwable
08-30 09:53:58.469 23230 23786 E MSF.C.NetConnTag.true: 	at com.tencent.mobileqq.msf.core.net.m.b(P:27)
08-30 09:53:58.469 23230 23786 E MSF.C.NetConnTag.true: 	at com.tencent.mobileqq.msf.core.net.m$b.run(P:24)
08-30 09:53:58.469 23230 23786 E SocketReaderNewtrue: socketEngine: 0socket hashCode: 0SocketReader(4090) errorjava.net.SocketException: Socket is closed
08-30 09:54:28.481 23230 23786 E MSF.C.NetConnTag.true: conn is already closed on readError closeConn socketEngineID: 0 socket hashcode: 0java.lang.Throwable
08-30 09:54:28.481 23230 23786 E MSF.C.NetConnTag.true: 	at com.tencent.mobileqq.msf.core.net.m.b(P:27)
08-30 09:54:28.481 23230 23786 E MSF.C.NetConnTag.true: 	at com.tencent.mobileqq.msf.core.net.m$b.run(P:24)
08-30 09:54:28.481 23230 23786 E SocketReaderNewtrue: socketEngine: 0socket hashCode: 0SocketReader(4090) errorjava.net.SocketException: Socket is closed
08-30 09:54:30.999  1007  1109 E storaged: getDiskStats failed with result NOT_SUPPORTED and size 0
08-30 09:54:41.198 28719 28719 E .networkimprov: Not starting debugger since process cannot load the jdwp agent.
08-30 09:54:58.483 23230 23786 E MSF.C.NetConnTag.true: conn is already closed on readError closeConn socketEngineID: 0 socket hashcode: 0java.lang.Throwable
08-30 09:54:58.483 23230 23786 E MSF.C.NetConnTag.true: 	at com.tencent.mobileqq.msf.core.net.m.b(P:27)
08-30 09:54:58.483 23230 23786 E MSF.C.NetConnTag.true: 	at com.tencent.mobileqq.msf.core.net.m$b.run(P:24)
08-30 09:54:58.483 23230 23786 E SocketReaderNewtrue: socketEngine: 0socket hashCode: 0SocketReader(4090) errorjava.net.SocketException: Socket is closed
08-30 09:55:00.913  2682  3066 E PowerMonitor: exception In sysProcTransDectect java.lang.NoSuchMethodException: vivoGetNetworkStatsUidDetailWithPackInfo [int]
08-30 09:55:15.367  4240  4357 E BitmapFactory: Unable to decode stream: java.io.FileNotFoundException: /oem/etc/theme/icons/dynamic_icon/com.android.BBKClock/res/drawable-sw360dp-xxhdpi/clock_hour.png (No such file or directory)
08-30 09:55:15.369  4240  4357 E BitmapFactory: Unable to decode stream: java.io.FileNotFoundException: /oem/etc/theme/icons/dynamic_icon/com.android.BBKClock/res/drawable-sw360dp-xxhdpi/clock_minute.png (No such file or directory)
08-30 09:55:15.371  4240  4357 E BitmapFactory: Unable to decode stream: java.io.FileNotFoundException: /oem/etc/theme/icons/dynamic_icon/com.android.BBKClock/res/drawable-sw360dp-xxhdpi/clock_dial.png (No such file or directory)
08-30 09:55:15.378  4240  4357 E BitmapFactory: Unable to decode stream: java.io.FileNotFoundException: /oem/etc/theme/icons/dynamic_icon/com.android.BBKClock/res/drawable-sw360dp-xxhdpi/clock_dial_center.png (No such file or directory)
08-30 09:55:28.498 23230 23786 E MSF.C.NetConnTag.true: conn is already closed on readError closeConn socketEngineID: 0 socket hashcode: 0java.lang.Throwable
08-30 09:55:28.498 23230 23786 E MSF.C.NetConnTag.true: 	at com.tencent.mobileqq.msf.core.net.m.b(P:27)
08-30 09:55:28.498 23230 23786 E MSF.C.NetConnTag.true: 	at com.tencent.mobileqq.msf.core.net.m$b.run(P:24)
08-30 09:55:28.499 23230 23786 E SocketReaderNewtrue: socketEngine: 0socket hashCode: 0SocketReader(4090) errorjava.net.SocketException: Socket is closed
08-30 09:55:31.004  1007  1109 E storaged: getDiskStats failed with result NOT_SUPPORTED and size 0
08-30 09:55:58.513 23230 23786 E MSF.C.NetConnTag.true: conn is already closed on readError closeConn socketEngineID: 0 socket hashcode: 0java.lang.Throwable
08-30 09:55:58.513 23230 23786 E MSF.C.NetConnTag.true: 	at com.tencent.mobileqq.msf.core.net.m.b(P:27)
08-30 09:55:58.513 23230 23786 E MSF.C.NetConnTag.true: 	at com.tencent.mobileqq.msf.core.net.m$b.run(P:24)
08-30 09:55:58.513 23230 23786 E SocketReaderNewtrue: socketEngine: 0socket hashCode: 0SocketReader(4090) errorjava.net.SocketException: Socket is closed
08-30 09:56:04.962  2765  4281 I chatty  : uid=1000(system) Binder:2765_9 expire 7 lines
08-30 09:56:04.975  4240  4357 E BitmapFactory: Unable to decode stream: java.io.FileNotFoundException: /oem/etc/theme/icons/dynamic_icon/com.android.BBKClock/res/drawable-sw360dp-xxhdpi/clock_hour.png (No such file or directory)
08-30 09:56:04.977  4240  4357 E BitmapFactory: Unable to decode stream: java.io.FileNotFoundException: /oem/etc/theme/icons/dynamic_icon/com.android.BBKClock/res/drawable-sw360dp-xxhdpi/clock_minute.png (No such file or directory)
08-30 09:56:04.978  4240  4357 E BitmapFactory: Unable to decode stream: java.io.FileNotFoundException: /oem/etc/theme/icons/dynamic_icon/com.android.BBKClock/res/drawable-sw360dp-xxhdpi/clock_dial.png (No such file or directory)
08-30 09:56:04.982  4240  4357 E BitmapFactory: Unable to decode stream: java.io.FileNotFoundException: /oem/etc/theme/icons/dynamic_icon/com.android.BBKClock/res/drawable-sw360dp-xxhdpi/clock_dial_center.png (No such file or directory)
08-30 09:56:05.121  4240  4357 E BitmapFactory: Unable to decode stream: java.io.FileNotFoundException: /oem/etc/theme/icons/dynamic_icon/com.android.BBKClock/res/drawable-sw360dp-xxhdpi/clock_hour.png (No such file or directory)
08-30 09:56:05.124  4240  4357 E BitmapFactory: Unable to decode stream: java.io.FileNotFoundException: /oem/etc/theme/icons/dynamic_icon/com.android.BBKClock/res/drawable-sw360dp-xxhdpi/clock_minute.png (No such file or directory)
08-30 09:56:05.125  4240  4357 E BitmapFactory: Unable to decode stream: java.io.FileNotFoundException: /oem/etc/theme/icons/dynamic_icon/com.android.BBKClock/res/drawable-sw360dp-xxhdpi/clock_dial.png (No such file or directory)
08-30 09:56:05.128  4240  4357 E BitmapFactory: Unable to decode stream: java.io.FileNotFoundException: /oem/etc/theme/icons/dynamic_icon/com.android.BBKClock/res/drawable-sw360dp-xxhdpi/clock_dial_center.png (No such file or directory)
08-30 09:56:05.173  2765 28738 I chatty  : uid=1000(system) Binder:2765_10 expire 10 lines
08-30 09:56:28.526 23230 23786 E MSF.C.NetConnTag.true: conn is already closed on readError closeConn socketEngineID: 0 socket hashcode: 0java.lang.Throwable
08-30 09:56:28.526 23230 23786 E MSF.C.NetConnTag.true: 	at com.tencent.mobileqq.msf.core.net.m.b(P:27)
08-30 09:56:28.526 23230 23786 E MSF.C.NetConnTag.true: 	at com.tencent.mobileqq.msf.core.net.m$b.run(P:24)
08-30 09:56:28.527 23230 23786 E SocketReaderNewtrue: socketEngine: 0socket hashCode: 0SocketReader(4090) errorjava.net.SocketException: Socket is closed
08-30 09:56:31.005  1007  1109 E storaged: getDiskStats failed with result NOT_SUPPORTED and size 0
08-30 09:56:40.398   992  1195 E Netd    : tether checkPermission, pid:1724 uid:1000
08-30 09:56:40.474  2831  4238 I chatty  : uid=1001(radio) Binder:2831_8 identical 12 lines
08-30 09:56:58.541 23230 23786 E MSF.C.NetConnTag.true: conn is already closed on readError closeConn socketEngineID: 0 socket hashcode: 0java.lang.Throwable
08-30 09:56:58.541 23230 23786 E MSF.C.NetConnTag.true: 	at com.tencent.mobileqq.msf.core.net.m.b(P:27)
08-30 09:56:58.541 23230 23786 E MSF.C.NetConnTag.true: 	at com.tencent.mobileqq.msf.core.net.m$b.run(P:24)
08-30 09:56:58.542 23230 23786 E SocketReaderNewtrue: socketEngine: 0socket hashCode: 0SocketReader(4090) errorjava.net.SocketException: Socket is closed
08-30 09:57:09.493 18581 18824 E memtrack: Couldn't load memtrack module
08-30 09:57:09.639 18939 19542 E memtrack: Couldn't load memtrack module
08-30 09:57:13.059  1724 14890 I chatty  : uid=1000(system) Binder:1724_1E expire 1 line
08-30 09:57:27.818  2682  3066 E PowerMonitor: exception In sysProcTransDectect java.lang.NoSuchMethodException: vivoGetNetworkStatsUidDetailWithPackInfo [int]
08-30 09:57:27.944  2765 17121 I chatty  : uid=1000(system) Binder:2765_D expire 10 lines
08-30 09:57:27.948  4240  4357 E BitmapFactory: Unable to decode stream: java.io.FileNotFoundException: /oem/etc/theme/icons/dynamic_icon/com.android.BBKClock/res/drawable-sw360dp-xxhdpi/clock_hour.png (No such file or directory)
08-30 09:57:27.950  4240  4357 E BitmapFactory: Unable to decode stream: java.io.FileNotFoundException: /oem/etc/theme/icons/dynamic_icon/com.android.BBKClock/res/drawable-sw360dp-xxhdpi/clock_minute.png (No such file or directory)
08-30 09:57:27.950  4240  4357 E BitmapFactory: Unable to decode stream: java.io.FileNotFoundException: /oem/etc/theme/icons/dynamic_icon/com.android.BBKClock/res/drawable-sw360dp-xxhdpi/clock_dial.png (No such file or directory)
08-30 09:57:27.955  4240  4357 E BitmapFactory: Unable to decode stream: java.io.FileNotFoundException: /oem/etc/theme/icons/dynamic_icon/com.android.BBKClock/res/drawable-sw360dp-xxhdpi/clock_dial_center.png (No such file or directory)
08-30 09:57:28.557 23230 23786 E MSF.C.NetConnTag.true: conn is already closed on readError closeConn socketEngineID: 0 socket hashcode: 0java.lang.Throwable
08-30 09:57:28.557 23230 23786 E MSF.C.NetConnTag.true: 	at com.tencent.mobileqq.msf.core.net.m.b(P:27)
08-30 09:57:28.557 23230 23786 E MSF.C.NetConnTag.true: 	at com.tencent.mobileqq.msf.core.net.m$b.run(P:24)
08-30 09:57:28.558 23230 23786 E SocketReaderNewtrue: socketEngine: 0socket hashCode: 0SocketReader(4090) errorjava.net.SocketException: Socket is closed
08-30 09:57:31.009  1007  1109 E storaged: getDiskStats failed with result NOT_SUPPORTED and size 0
08-30 09:57:58.573 23230 23786 E MSF.C.NetConnTag.true: conn is already closed on readError closeConn socketEngineID: 0 socket hashcode: 0java.lang.Throwable
08-30 09:57:58.573 23230 23786 E MSF.C.NetConnTag.true: 	at com.tencent.mobileqq.msf.core.net.m.b(P:27)
08-30 09:57:58.573 23230 23786 E MSF.C.NetConnTag.true: 	at com.tencent.mobileqq.msf.core.net.m$b.run(P:24)
08-30 09:57:58.574 23230 23786 E SocketReaderNewtrue: socketEngine: 0socket hashCode: 0SocketReader(4090) errorjava.net.SocketException: Socket is closed
08-30 09:58:15.948  4240  4357 E BitmapFactory: Unable to decode stream: java.io.FileNotFoundException: /oem/etc/theme/icons/dynamic_icon/com.android.BBKClock/res/drawable-sw360dp-xxhdpi/clock_hour.png (No such file or directory)
08-30 09:58:15.950  4240  4357 E BitmapFactory: Unable to decode stream: java.io.FileNotFoundException: /oem/etc/theme/icons/dynamic_icon/com.android.BBKClock/res/drawable-sw360dp-xxhdpi/clock_minute.png (No such file or directory)
08-30 09:58:15.951  4240  4357 E BitmapFactory: Unable to decode stream: java.io.FileNotFoundException: /oem/etc/theme/icons/dynamic_icon/com.android.BBKClock/res/drawable-sw360dp-xxhdpi/clock_dial.png (No such file or directory)
08-30 09:58:15.956  4240  4357 E BitmapFactory: Unable to decode stream: java.io.FileNotFoundException: /oem/etc/theme/icons/dynamic_icon/com.android.BBKClock/res/drawable-sw360dp-xxhdpi/clock_dial_center.png (No such file or directory)
08-30 09:58:16.007  2765 14957 I chatty  : uid=1000(system) Binder:2765_C expire 11 lines
08-30 09:58:28.589 23230 23786 E MSF.C.NetConnTag.true: conn is already closed on readError closeConn socketEngineID: 0 socket hashcode: 0java.lang.Throwable
08-30 09:58:28.589 23230 23786 E MSF.C.NetConnTag.true: 	at com.tencent.mobileqq.msf.core.net.m.b(P:27)
08-30 09:58:28.589 23230 23786 E MSF.C.NetConnTag.true: 	at com.tencent.mobileqq.msf.core.net.m$b.run(P:24)
08-30 09:58:28.589 23230 23786 E SocketReaderNewtrue: socketEngine: 0socket hashCode: 0SocketReader(4090) errorjava.net.SocketException: Socket is closed
08-30 09:58:31.014  1007  1109 E storaged: getDiskStats failed with result NOT_SUPPORTED and size 0
08-30 09:58:58.604 23230 23786 E MSF.C.NetConnTag.true: conn is already closed on readError closeConn socketEngineID: 0 socket hashcode: 0java.lang.Throwable
08-30 09:58:58.604 23230 23786 E MSF.C.NetConnTag.true: 	at com.tencent.mobileqq.msf.core.net.m.b(P:27)
08-30 09:58:58.604 23230 23786 E MSF.C.NetConnTag.true: 	at com.tencent.mobileqq.msf.core.net.m$b.run(P:24)
08-30 09:58:58.605 23230 23786 E SocketReaderNewtrue: socketEngine: 0socket hashCode: 0SocketReader(4090) errorjava.net.SocketException: Socket is closed
08-30 09:59:28.616 23230 23786 E MSF.C.NetConnTag.true: conn is already closed on readError closeConn socketEngineID: 0 socket hashcode: 0java.lang.Throwable
08-30 09:59:28.616 23230 23786 E MSF.C.NetConnTag.true: 	at com.tencent.mobileqq.msf.core.net.m.b(P:27)
08-30 09:59:28.616 23230 23786 E MSF.C.NetConnTag.true: 	at com.tencent.mobileqq.msf.core.net.m$b.run(P:24)
08-30 09:59:28.617 23230 23786 E SocketReaderNewtrue: socketEngine: 0socket hashCode: 0SocketReader(4090) errorjava.net.SocketException: Socket is closed
08-30 09:59:31.018  1007  1109 E storaged: getDiskStats failed with result NOT_SUPPORTED and size 0
08-30 09:59:45.818  4240  4357 E BitmapFactory: Unable to decode stream: java.io.FileNotFoundException: /oem/etc/theme/icons/dynamic_icon/com.android.BBKClock/res/drawable-sw360dp-xxhdpi/clock_hour.png (No such file or directory)
08-30 09:59:45.821  4240  4357 E BitmapFactory: Unable to decode stream: java.io.FileNotFoundException: /oem/etc/theme/icons/dynamic_icon/com.android.BBKClock/res/drawable-sw360dp-xxhdpi/clock_minute.png (No such file or directory)
08-30 09:59:45.823  4240  4357 E BitmapFactory: Unable to decode stream: java.io.FileNotFoundException: /oem/etc/theme/icons/dynamic_icon/com.android.BBKClock/res/drawable-sw360dp-xxhdpi/clock_dial.png (No such file or directory)
08-30 09:59:45.830  4240  4357 E BitmapFactory: Unable to decode stream: java.io.FileNotFoundException: /oem/etc/theme/icons/dynamic_icon/com.android.BBKClock/res/drawable-sw360dp-xxhdpi/clock_dial_center.png (No such file or directory)
08-30 09:59:57.970  2682  3066 E PowerMonitor: exception In sysProcTransDectect java.lang.NoSuchMethodException: vivoGetNetworkStatsUidDetailWithPackInfo [int]
08-30 09:59:58.629 23230 23786 E MSF.C.NetConnTag.true: conn is already closed on readError closeConn socketEngineID: 0 socket hashcode: 0java.lang.Throwable
08-30 09:59:58.629 23230 23786 E MSF.C.NetConnTag.true: 	at com.tencent.mobileqq.msf.core.net.m.b(P:27)
08-30 09:59:58.629 23230 23786 E MSF.C.NetConnTag.true: 	at com.tencent.mobileqq.msf.core.net.m$b.run(P:24)
08-30 09:59:58.629 23230 23786 E SocketReaderNewtrue: socketEngine: 0socket hashCode: 0SocketReader(4090) errorjava.net.SocketException: Socket is closed
08-30 10:00:28.633 23230 23786 E MSF.C.NetConnTag.true: conn is already closed on readError closeConn socketEngineID: 0 socket hashcode: 0java.lang.Throwable
08-30 10:00:28.633 23230 23786 E MSF.C.NetConnTag.true: 	at com.tencent.mobileqq.msf.core.net.m.b(P:27)
08-30 10:00:28.633 23230 23786 E MSF.C.NetConnTag.true: 	at com.tencent.mobileqq.msf.core.net.m$b.run(P:24)
08-30 10:00:28.633 23230 23786 E SocketReaderNewtrue: socketEngine: 0socket hashCode: 0SocketReader(4090) errorjava.net.SocketException: Socket is closed
08-30 10:00:31.020  1007  1109 E storaged: getDiskStats failed with result NOT_SUPPORTED and size 0
08-30 10:00:34.992  4240  4357 E BitmapFactory: Unable to decode stream: java.io.FileNotFoundException: /oem/etc/theme/icons/dynamic_icon/com.android.BBKClock/res/drawable-sw360dp-xxhdpi/clock_hour.png (No such file or directory)
08-30 10:00:34.993  4240  4357 E BitmapFactory: Unable to decode stream: java.io.FileNotFoundException: /oem/etc/theme/icons/dynamic_icon/com.android.BBKClock/res/drawable-sw360dp-xxhdpi/clock_minute.png (No such file or directory)
08-30 10:00:34.994  4240  4357 E BitmapFactory: Unable to decode stream: java.io.FileNotFoundException: /oem/etc/theme/icons/dynamic_icon/com.android.BBKClock/res/drawable-sw360dp-xxhdpi/clock_dial.png (No such file or directory)
08-30 10:00:34.997  4240  4357 E BitmapFactory: Unable to decode stream: java.io.FileNotFoundException: /oem/etc/theme/icons/dynamic_icon/com.android.BBKClock/res/drawable-sw360dp-xxhdpi/clock_dial_center.png (No such file or directory)
08-30 10:00:35.117  4240  4357 E BitmapFactory: Unable to decode stream: java.io.FileNotFoundException: /oem/etc/theme/icons/dynamic_icon/com.android.BBKClock/res/drawable-sw360dp-xxhdpi/clock_hour.png (No such file or directory)
08-30 10:00:35.118  4240  4357 E BitmapFactory: Unable to decode stream: java.io.FileNotFoundException: /oem/etc/theme/icons/dynamic_icon/com.android.BBKClock/res/drawable-sw360dp-xxhdpi/clock_minute.png (No such file or directory)
08-30 10:00:35.119  4240  4357 E BitmapFactory: Unable to decode stream: java.io.FileNotFoundException: /oem/etc/theme/icons/dynamic_icon/com.android.BBKClock/res/drawable-sw360dp-xxhdpi/clock_dial.png (No such file or directory)
08-30 10:00:35.121  4240  4357 E BitmapFactory: Unable to decode stream: java.io.FileNotFoundException: /oem/etc/theme/icons/dynamic_icon/com.android.BBKClock/res/drawable-sw360dp-xxhdpi/clock_dial_center.png (No such file or directory)
08-30 10:00:58.648 23230 23786 E MSF.C.NetConnTag.true: conn is already closed on readError closeConn socketEngineID: 0 socket hashcode: 0java.lang.Throwable
08-30 10:00:58.648 23230 23786 E MSF.C.NetConnTag.true: 	at com.tencent.mobileqq.msf.core.net.m.b(P:27)
08-30 10:00:58.648 23230 23786 E MSF.C.NetConnTag.true: 	at com.tencent.mobileqq.msf.core.net.m$b.run(P:24)
08-30 10:00:58.649 23230 23786 E SocketReaderNewtrue: socketEngine: 0socket hashCode: 0SocketReader(4090) errorjava.net.SocketException: Socket is closed
08-30 10:01:28.663 23230 23786 E MSF.C.NetConnTag.true: conn is already closed on readError closeConn socketEngineID: 0 socket hashcode: 0java.lang.Throwable
08-30 10:01:28.663 23230 23786 E MSF.C.NetConnTag.true: 	at com.tencent.mobileqq.msf.core.net.m.b(P:27)
08-30 10:01:28.663 23230 23786 E MSF.C.NetConnTag.true: 	at com.tencent.mobileqq.msf.core.net.m$b.run(P:24)
08-30 10:01:28.664 23230 23786 E SocketReaderNewtrue: socketEngine: 0socket hashCode: 0SocketReader(4090) errorjava.net.SocketException: Socket is closed
08-30 10:01:31.025  1007  1109 E storaged: getDiskStats failed with result NOT_SUPPORTED and size 0
08-30 10:01:58.679 23230 23786 E MSF.C.NetConnTag.true: conn is already closed on readError closeConn socketEngineID: 0 socket hashcode: 0java.lang.Throwable
08-30 10:01:58.679 23230 23786 E MSF.C.NetConnTag.true: 	at com.tencent.mobileqq.msf.core.net.m.b(P:27)
08-30 10:01:58.679 23230 23786 E MSF.C.NetConnTag.true: 	at com.tencent.mobileqq.msf.core.net.m$b.run(P:24)
08-30 10:01:58.679 23230 23786 E SocketReaderNewtrue: socketEngine: 0socket hashCode: 0SocketReader(4090) errorjava.net.SocketException: Socket is closed
08-30 10:02:05.060  4240  4357 E BitmapFactory: Unable to decode stream: java.io.FileNotFoundException: /oem/etc/theme/icons/dynamic_icon/com.android.BBKClock/res/drawable-sw360dp-xxhdpi/clock_hour.png (No such file or directory)
08-30 10:02:05.064  4240  4357 E BitmapFactory: Unable to decode stream: java.io.FileNotFoundException: /oem/etc/theme/icons/dynamic_icon/com.android.BBKClock/res/drawable-sw360dp-xxhdpi/clock_minute.png (No such file or directory)
08-30 10:02:05.066  4240  4357 E BitmapFactory: Unable to decode stream: java.io.FileNotFoundException: /oem/etc/theme/icons/dynamic_icon/com.android.BBKClock/res/drawable-sw360dp-xxhdpi/clock_dial.png (No such file or directory)
08-30 10:02:05.074  4240  4357 E BitmapFactory: Unable to decode stream: java.io.FileNotFoundException: /oem/etc/theme/icons/dynamic_icon/com.android.BBKClock/res/drawable-sw360dp-xxhdpi/clock_dial_center.png (No such file or directory)
08-30 10:02:10.059 18939 19615 E memtrack: Couldn't load memtrack module
08-30 10:02:10.124 18581 18843 E memtrack: Couldn't load memtrack module
08-30 10:02:24.959  2682  3066 E PowerMonitor: exception In sysProcTransDectect java.lang.NoSuchMethodException: vivoGetNetworkStatsUidDetailWithPackInfo [int]
08-30 10:02:24.967   992  1195 E Netd    : tether checkPermission, pid:1724 uid:1000
08-30 10:02:24.993  4240  4357 E BitmapFactory: Unable to decode stream: java.io.FileNotFoundException: /oem/etc/theme/icons/dynamic_icon/com.android.BBKClock/res/drawable-sw360dp-xxhdpi/clock_hour.png (No such file or directory)
08-30 10:02:24.994  4240  4357 E BitmapFactory: Unable to decode stream: java.io.FileNotFoundException: /oem/etc/theme/icons/dynamic_icon/com.android.BBKClock/res/drawable-sw360dp-xxhdpi/clock_minute.png (No such file or directory)
08-30 10:02:24.995  4240  4357 E BitmapFactory: Unable to decode stream: java.io.FileNotFoundException: /oem/etc/theme/icons/dynamic_icon/com.android.BBKClock/res/drawable-sw360dp-xxhdpi/clock_dial.png (No such file or directory)
08-30 10:02:24.997  4240  4357 E BitmapFactory: Unable to decode stream: java.io.FileNotFoundException: /oem/etc/theme/icons/dynamic_icon/com.android.BBKClock/res/drawable-sw360dp-xxhdpi/clock_dial_center.png (No such file or directory)
08-30 10:02:28.692 23230 23786 E MSF.C.NetConnTag.true: conn is already closed on readError closeConn socketEngineID: 0 socket hashcode: 0java.lang.Throwable
08-30 10:02:28.692 23230 23786 E MSF.C.NetConnTag.true: 	at com.tencent.mobileqq.msf.core.net.m.b(P:27)
08-30 10:02:28.692 23230 23786 E MSF.C.NetConnTag.true: 	at com.tencent.mobileqq.msf.core.net.m$b.run(P:24)
08-30 10:02:28.693 23230 23786 E SocketReaderNewtrue: socketEngine: 0socket hashCode: 0SocketReader(4090) errorjava.net.SocketException: Socket is closed
08-30 10:02:31.027  1007  1109 E storaged: getDiskStats failed with result NOT_SUPPORTED and size 0
08-30 10:02:58.708 23230 23786 E MSF.C.NetConnTag.true: conn is already closed on readError closeConn socketEngineID: 0 socket hashcode: 0java.lang.Throwable
08-30 10:02:58.708 23230 23786 E MSF.C.NetConnTag.true: 	at com.tencent.mobileqq.msf.core.net.m.b(P:27)
08-30 10:02:58.708 23230 23786 E MSF.C.NetConnTag.true: 	at com.tencent.mobileqq.msf.core.net.m$b.run(P:24)
08-30 10:02:58.709 23230 23786 E SocketReaderNewtrue: socketEngine: 0socket hashCode: 0SocketReader(4090) errorjava.net.SocketException: Socket is closed
08-30 10:03:28.724 23230 23786 E MSF.C.NetConnTag.true: conn is already closed on readError closeConn socketEngineID: 0 socket hashcode: 0java.lang.Throwable
08-30 10:03:28.724 23230 23786 E MSF.C.NetConnTag.true: 	at com.tencent.mobileqq.msf.core.net.m.b(P:27)
08-30 10:03:28.724 23230 23786 E MSF.C.NetConnTag.true: 	at com.tencent.mobileqq.msf.core.net.m$b.run(P:24)
08-30 10:03:28.724 23230 23786 E SocketReaderNewtrue: socketEngine: 0socket hashCode: 0SocketReader(4090) errorjava.net.SocketException: Socket is closed
08-30 10:03:31.802  1007  1109 E storaged: getDiskStats failed with result NOT_SUPPORTED and size 0
08-30 10:03:54.888  4240  4357 E BitmapFactory: Unable to decode stream: java.io.FileNotFoundException: /oem/etc/theme/icons/dynamic_icon/com.android.BBKClock/res/drawable-sw360dp-xxhdpi/clock_hour.png (No such file or directory)
08-30 10:03:54.893  4240  4357 E BitmapFactory: Unable to decode stream: java.io.FileNotFoundException: /oem/etc/theme/icons/dynamic_icon/com.android.BBKClock/res/drawable-sw360dp-xxhdpi/clock_minute.png (No such file or directory)
08-30 10:03:54.896  4240  4357 E BitmapFactory: Unable to decode stream: java.io.FileNotFoundException: /oem/etc/theme/icons/dynamic_icon/com.android.BBKClock/res/drawable-sw360dp-xxhdpi/clock_dial.png (No such file or directory)
08-30 10:03:54.904  4240  4357 E BitmapFactory: Unable to decode stream: java.io.FileNotFoundException: /oem/etc/theme/icons/dynamic_icon/com.android.BBKClock/res/drawable-sw360dp-xxhdpi/clock_dial_center.png (No such file or directory)
08-30 10:03:58.737 23230 23786 E MSF.C.NetConnTag.true: conn is already closed on readError closeConn socketEngineID: 0 socket hashcode: 0java.lang.Throwable
08-30 10:03:58.737 23230 23786 E MSF.C.NetConnTag.true: 	at com.tencent.mobileqq.msf.core.net.m.b(P:27)
08-30 10:03:58.737 23230 23786 E MSF.C.NetConnTag.true: 	at com.tencent.mobileqq.msf.core.net.m$b.run(P:24)
08-30 10:03:58.737 23230 23786 E SocketReaderNewtrue: socketEngine: 0socket hashCode: 0SocketReader(4090) errorjava.net.SocketException: Socket is closed
08-30 10:04:28.752 23230 23786 E MSF.C.NetConnTag.true: conn is already closed on readError closeConn socketEngineID: 0 socket hashcode: 0java.lang.Throwable
08-30 10:04:28.752 23230 23786 E MSF.C.NetConnTag.true: 	at com.tencent.mobileqq.msf.core.net.m.b(P:27)
08-30 10:04:28.752 23230 23786 E MSF.C.NetConnTag.true: 	at com.tencent.mobileqq.msf.core.net.m$b.run(P:24)
08-30 10:04:28.753 23230 23786 E SocketReaderNewtrue: socketEngine: 0socket hashCode: 0SocketReader(4090) errorjava.net.SocketException: Socket is closed
08-30 10:04:31.807  1007  1109 E storaged: getDiskStats failed with result NOT_SUPPORTED and size 0
08-30 10:04:54.907  4240  4357 E BitmapFactory: Unable to decode stream: java.io.FileNotFoundException: /oem/etc/theme/icons/dynamic_icon/com.android.BBKClock/res/drawable-sw360dp-xxhdpi/clock_hour.png (No such file or directory)
08-30 10:04:54.910  4240  4357 E BitmapFactory: Unable to decode stream: java.io.FileNotFoundException: /oem/etc/theme/icons/dynamic_icon/com.android.BBKClock/res/drawable-sw360dp-xxhdpi/clock_minute.png (No such file or directory)
08-30 10:04:54.914  4240  4357 E BitmapFactory: Unable to decode stream: java.io.FileNotFoundException: /oem/etc/theme/icons/dynamic_icon/com.android.BBKClock/res/drawable-sw360dp-xxhdpi/clock_dial.png (No such file or directory)
08-30 10:04:54.919  4240  4357 E BitmapFactory: Unable to decode stream: java.io.FileNotFoundException: /oem/etc/theme/icons/dynamic_icon/com.android.BBKClock/res/drawable-sw360dp-xxhdpi/clock_dial_center.png (No such file or directory)
08-30 10:04:55.059  2682  3066 E PowerMonitor: exception In sysProcTransDectect java.lang.NoSuchMethodException: vivoGetNetworkStatsUidDetailWithPackInfo [int]
08-30 10:04:58.768 23230 23786 E MSF.C.NetConnTag.true: conn is already closed on readError closeConn socketEngineID: 0 socket hashcode: 0java.lang.Throwable
08-30 10:04:58.768 23230 23786 E MSF.C.NetConnTag.true: 	at com.tencent.mobileqq.msf.core.net.m.b(P:27)
08-30 10:04:58.768 23230 23786 E MSF.C.NetConnTag.true: 	at com.tencent.mobileqq.msf.core.net.m$b.run(P:24)
08-30 10:04:58.768 23230 23786 E SocketReaderNewtrue: socketEngine: 0socket hashCode: 0SocketReader(4090) errorjava.net.SocketException: Socket is closed
08-30 10:05:10.214  1724  2038 I chatty  : uid=1000(system) AlarmManager expire 12 lines
08-30 10:05:10.346  4240  4357 E BitmapFactory: Unable to decode stream: java.io.FileNotFoundException: /oem/etc/theme/icons/dynamic_icon/com.android.BBKClock/res/drawable-sw360dp-xxhdpi/clock_hour.png (No such file or directory)
08-30 10:05:10.347  4240  4357 E BitmapFactory: Unable to decode stream: java.io.FileNotFoundException: /oem/etc/theme/icons/dynamic_icon/com.android.BBKClock/res/drawable-sw360dp-xxhdpi/clock_minute.png (No such file or directory)
08-30 10:05:10.348  4240  4357 E BitmapFactory: Unable to decode stream: java.io.FileNotFoundException: /oem/etc/theme/icons/dynamic_icon/com.android.BBKClock/res/drawable-sw360dp-xxhdpi/clock_dial.png (No such file or directory)
08-30 10:05:10.351  4240  4357 E BitmapFactory: Unable to decode stream: java.io.FileNotFoundException: /oem/etc/theme/icons/dynamic_icon/com.android.BBKClock/res/drawable-sw360dp-xxhdpi/clock_dial_center.png (No such file or directory)
08-30 10:05:10.483  4240  4357 E BitmapFactory: Unable to decode stream: java.io.FileNotFoundException: /oem/etc/theme/icons/dynamic_icon/com.android.BBKClock/res/drawable-sw360dp-xxhdpi/clock_hour.png (No such file or directory)
08-30 10:05:10.484  4240  4357 E BitmapFactory: Unable to decode stream: java.io.FileNotFoundException: /oem/etc/theme/icons/dynamic_icon/com.android.BBKClock/res/drawable-sw360dp-xxhdpi/clock_minute.png (No such file or directory)
08-30 10:05:10.485  4240  4357 E BitmapFactory: Unable to decode stream: java.io.FileNotFoundException: /oem/etc/theme/icons/dynamic_icon/com.android.BBKClock/res/drawable-sw360dp-xxhdpi/clock_dial.png (No such file or directory)
08-30 10:05:10.489  4240  4357 E BitmapFactory: Unable to decode stream: java.io.FileNotFoundException: /oem/etc/theme/icons/dynamic_icon/com.android.BBKClock/res/drawable-sw360dp-xxhdpi/clock_dial_center.png (No such file or directory)
08-30 10:05:10.615  4240  4357 E BitmapFactory: Unable to decode stream: java.io.FileNotFoundException: /oem/etc/theme/icons/dynamic_icon/com.android.BBKClock/res/drawable-sw360dp-xxhdpi/clock_hour.png (No such file or directory)
08-30 10:05:10.616  4240  4357 E BitmapFactory: Unable to decode stream: java.io.FileNotFoundException: /oem/etc/theme/icons/dynamic_icon/com.android.BBKClock/res/drawable-sw360dp-xxhdpi/clock_minute.png (No such file or directory)
08-30 10:05:10.616  4240  4357 E BitmapFactory: Unable to decode stream: java.io.FileNotFoundException: /oem/etc/theme/icons/dynamic_icon/com.android.BBKClock/res/drawable-sw360dp-xxhdpi/clock_dial.png (No such file or directory)
08-30 10:05:10.620  4240  4357 E BitmapFactory: Unable to decode stream: java.io.FileNotFoundException: /oem/etc/theme/icons/dynamic_icon/com.android.BBKClock/res/drawable-sw360dp-xxhdpi/clock_dial_center.png (No such file or directory)
08-30 10:05:28.783 23230 23786 E MSF.C.NetConnTag.true: conn is already closed on readError closeConn socketEngineID: 0 socket hashcode: 0java.lang.Throwable
08-30 10:05:28.783 23230 23786 E MSF.C.NetConnTag.true: 	at com.tencent.mobileqq.msf.core.net.m.b(P:27)
08-30 10:05:28.783 23230 23786 E MSF.C.NetConnTag.true: 	at com.tencent.mobileqq.msf.core.net.m$b.run(P:24)
08-30 10:05:28.784 23230 23786 E SocketReaderNewtrue: socketEngine: 0socket hashCode: 0SocketReader(4090) errorjava.net.SocketException: Socket is closed
08-30 10:05:31.810  1007  1109 E storaged: getDiskStats failed with result NOT_SUPPORTED and size 0
08-30 10:05:58.798 23230 23786 E MSF.C.NetConnTag.true: conn is already closed on readError closeConn socketEngineID: 0 socket hashcode: 0java.lang.Throwable
08-30 10:05:58.798 23230 23786 E MSF.C.NetConnTag.true: 	at com.tencent.mobileqq.msf.core.net.m.b(P:27)
08-30 10:05:58.798 23230 23786 E MSF.C.NetConnTag.true: 	at com.tencent.mobileqq.msf.core.net.m$b.run(P:24)
08-30 10:05:58.799 23230 23786 E SocketReaderNewtrue: socketEngine: 0socket hashCode: 0SocketReader(4090) errorjava.net.SocketException: Socket is closed
08-30 10:06:10.939  3775 15318 E WakeLock: GCM_HB_ALARM release without a matched acquire!
08-30 10:06:10.944  3775  7050 E NetworkScheduler.ATC: Called cancelTask for already completed task com.google.android.gms/.chimera.container.ConfigService{u=0 tag="ChimeraConfigService_OneOffRetry" trigger=window{start=-301s,end=299s,earliest=-2520s,latest=-1920s} requirements=[NET_CONNECTED] attributes=[PERSISTED] scheduled=-2219s last_run=-1920s jid=N/A status=ACTIVE retries=6 client_lib=MANCHEGO_GCM-14574000} :TIMED_OUT
08-30 10:06:11.013  4240  4357 E BitmapFactory: Unable to decode stream: java.io.FileNotFoundException: /oem/etc/theme/icons/dynamic_icon/com.android.BBKClock/res/drawable-sw360dp-xxhdpi/clock_hour.png (No such file or directory)
08-30 10:06:11.014  4240  4357 E BitmapFactory: Unable to decode stream: java.io.FileNotFoundException: /oem/etc/theme/icons/dynamic_icon/com.android.BBKClock/res/drawable-sw360dp-xxhdpi/clock_minute.png (No such file or directory)
08-30 10:06:11.017  4240  4357 E BitmapFactory: Unable to decode stream: java.io.FileNotFoundException: /oem/etc/theme/icons/dynamic_icon/com.android.BBKClock/res/drawable-sw360dp-xxhdpi/clock_dial.png (No such file or directory)
08-30 10:06:11.022  4240  4357 E BitmapFactory: Unable to decode stream: java.io.FileNotFoundException: /oem/etc/theme/icons/dynamic_icon/com.android.BBKClock/res/drawable-sw360dp-xxhdpi/clock_dial_center.png (No such file or directory)
08-30 10:06:28.814 23230 23786 E MSF.C.NetConnTag.true: conn is already closed on readError closeConn socketEngineID: 0 socket hashcode: 0java.lang.Throwable
08-30 10:06:28.814 23230 23786 E MSF.C.NetConnTag.true: 	at com.tencent.mobileqq.msf.core.net.m.b(P:27)
08-30 10:06:28.814 23230 23786 E MSF.C.NetConnTag.true: 	at com.tencent.mobileqq.msf.core.net.m$b.run(P:24)
08-30 10:06:28.814 23230 23786 E SocketReaderNewtrue: socketEngine: 0socket hashCode: 0SocketReader(4090) errorjava.net.SocketException: Socket is closed
