09-01 18:12:31.207 28857 28962 I CronetEngine:
09-01 18:12:31.249 28857 28962 I CronetEngine: [thread_background]
09-01 18:12:31.249 28857 28962 I CronetEngine: url: http://static-test.maoercdn.com/homepage/icons/202205/30/84e7a211b31cbe4b9528e1624bfeff99145404.png?x-oss-process=image/resize,w_90/format,webp
09-01 18:12:31.249 28857 28962 I CronetEngine:  ip: 115.236.155.238
09-01 18:12:31.249 28857 28962 I CronetEngine:  hostResolverProvider:
09-01 18:12:31.249 28857 28962 I CronetEngine:  hostResolveIps: []
09-01 18:12:31.249 28857 28962 I CronetEngine:
09-01 18:12:31.280 28857 28962 I CronetEngine: [thread_background]
09-01 18:12:31.280 28857 28962 I CronetEngine: url: http://static-test.maoercdn.com/topic/202101/12/526f423a014f98abb6ce08cbb7bd24ef150503.png?x-oss-process=image/resize,w_90/format,webp
09-01 18:12:31.280 28857 28962 I CronetEngine:  ip: 117.27.226.218
09-01 18:12:31.280 28857 28962 I CronetEngine:  hostResolverProvider:
09-01 18:12:31.280 28857 28962 I CronetEngine:  hostResolveIps: []
09-01 18:12:31.280 28857 28962 I CronetEngine:
09-01 18:12:31.450 31490 31520 I appium  : AppiumResponse: {"sessionId":"be52a9c9-6975-474d-8d8c-22dc1db4f324","value":{"error":"no such element","message":"An element could not be located on the page using the given search parameters","stacktrace":"io.appium.uiautomator2.common.exceptions.ElementNotFoundException: An element could not be located on the pag
09-01 18:12:31.630 28857 28884 I cn.missevan: Explicit concurrent copying GC freed 37134(2MB) AllocSpace objects, 38(1892KB) LOS objects, 49% free, 21MB/42MB, paused 280us total 193.187ms
09-01 18:12:31.532  1724  2178 I chatty  : uid=1000(system) AutobacklightTh identical 4 lines
09-01 18:12:31.740  1724  2655 D NotificationService: DEBUG_OVERRIDE_NOTIFY:enqueueNotificationWithTag pkg=cn.missevan opPkg=cn.missevantag=null notification=Notification(channel=LEAKCANARY_LOW pri=0 contentView=null vibrate=null sound=null defaults=0x0 flags=0x10 color=0x00000000 groupKey=LEAKCANARY_LOW vis=PRIVATE internalType=0 internalPriority=0 internalGroupPriority=0 internalFlag=0) userId =0
09-01 18:12:31.740  1724  2655 V NotificationService: enqueueNotificationInternal: pkg=cn.missevan id=2131429467 notification=Notification(channel=LEAKCANARY_LOW pri=0 contentView=null vibrate=null sound=null defaults=0x0 flags=0x10 color=0x00000000 groupKey=LEAKCANARY_LOW vis=PRIVATE internalType=0 internalPriority=0 internalGroupPriority=0 internalFlag=0)
09-01 18:12:31.741  1724  2655 E NotificationService: Suppressing notification from package by user request.
09-01 18:12:32.027 31490 31520 I appium  : channel read: POST /wd/hub/session/be52a9c9-6975-474d-8d8c-22dc1db4f324/element
09-01 18:12:32.029 31490 31520 I appium  : FindElement command
09-01 18:12:32.034 31490 31520 I appium  : method: 'id', selector: 'cn.missevan:id/start_sound_control', contextId: ''
09-01 18:12:32.035 31490 31520 I appium  : Waiting up to 10000ms for the device to idle
09-01 18:12:32.190 31490 31520 I appium  : AppiumResponse: {"sessionId":"be52a9c9-6975-474d-8d8c-22dc1db4f324","value":{"error":"no such element","message":"An element could not be located on the page using the given search parameters","stacktrace":"io.appium.uiautomator2.common.exceptions.ElementNotFoundException: An element could not be located on the pag
09-01 18:12:32.205   717   717 I SurfaceFlinger: FPS: 33
09-01 18:12:32.738 31490 31520 I appium  : channel read: POST /wd/hub/session/be52a9c9-6975-474d-8d8c-22dc1db4f324/element
09-01 18:12:32.743 31490 31520 I appium  : FindElement command
09-01 18:12:32.753 31490 31520 I appium  : method: 'id', selector: 'cn.missevan:id/start_sound_control', contextId: ''
09-01 18:12:32.754 31490 31520 I appium  : Waiting up to 10000ms for the device to idle
09-01 18:12:32.842 13770 16441 I QzoneConfig: key = qzonesetting secondaryKey= qzone_lastgetfeedtime value= null
09-01 18:12:33.206   717   717 I SurfaceFlinger: FPS: 12
09-01 18:12:33.209 31490 31520 I appium  : AppiumResponse: {"sessionId":"be52a9c9-6975-474d-8d8c-22dc1db4f324","value":{"error":"no such element","message":"An element could not be located on the page using the given search parameters","stacktrace":"io.appium.uiautomator2.common.exceptions.ElementNotFoundException: An element could not be located on the pag
09-01 18:12:33.750 31490 31520 I appium  : channel read: POST /wd/hub/session/be52a9c9-6975-474d-8d8c-22dc1db4f324/element
09-01 18:12:33.754 31490 31520 I appium  : FindElement command
09-01 18:12:33.765 31490 31520 I appium  : method: 'id', selector: 'cn.missevan:id/start_sound_control', contextId: ''
09-01 18:12:33.767 31490 31520 I appium  : Waiting up to 10000ms for the device to idle
09-01 18:12:33.947 31490 31520 I appium  : AppiumResponse: {"sessionId":"be52a9c9-6975-474d-8d8c-22dc1db4f324","value":{"error":"no such element","message":"An element could not be located on the page using the given search parameters","stacktrace":"io.appium.uiautomator2.common.exceptions.ElementNotFoundException: An element could not be located on the pag
09-01 18:12:33.965 28857 28884 I cn.missevan: Explicit concurrent copying GC freed 7513(745KB) AllocSpace objects, 0(0B) LOS objects, 50% free, 21MB/42MB, paused 378us total 221.096ms
09-01 18:12:33.787  1724  2178 I chatty  : uid=1000(system) AutobacklightTh identical 12 lines
09-01 18:12:34.078  1724  9731 D NotificationService: DEBUG_OVERRIDE_NOTIFY:enqueueNotificationWithTag pkg=cn.missevan opPkg=cn.missevantag=null notification=Notification(channel=LEAKCANARY_LOW pri=0 contentView=null vibrate=null sound=null defaults=0x0 flags=0x10 color=0x00000000 groupKey=LEAKCANARY_LOW vis=PRIVATE internalType=0 internalPriority=0 internalGroupPriority=0 internalFlag=0) userId =0
09-01 18:12:34.079  1724  9731 V NotificationService: enqueueNotificationInternal: pkg=cn.missevan id=2131429467 notification=Notification(channel=LEAKCANARY_LOW pri=0 contentView=null vibrate=null sound=null defaults=0x0 flags=0x10 color=0x00000000 groupKey=LEAKCANARY_LOW vis=PRIVATE internalType=0 internalPriority=0 internalGroupPriority=0 internalFlag=0)
09-01 18:12:34.080  1724  9731 E NotificationService: Suppressing notification from package by user request.
09-01 18:12:34.279   717   717 I SurfaceFlinger: FPS: 10
09-01 18:12:34.485 31490 31520 I appium  : channel read: POST /wd/hub/session/be52a9c9-6975-474d-8d8c-22dc1db4f324/element
09-01 18:12:34.488 31490 31520 I appium  : FindElement command
09-01 18:12:34.495 31490 31520 I appium  : method: 'id', selector: 'cn.missevan:id/start_sound_control', contextId: ''
09-01 18:12:34.496 31490 31520 I appium  : Waiting up to 10000ms for the device to idle
09-01 18:12:34.769 31490 31520 I appium  : AppiumResponse: {"sessionId":"be52a9c9-6975-474d-8d8c-22dc1db4f324","value":{"error":"no such element","message":"An element could not be located on the page using the given search parameters","stacktrace":"io.appium.uiautomator2.common.exceptions.ElementNotFoundException: An element could not be located on the pag
09-01 18:12:35.310 31490 31520 I appium  : channel read: POST /wd/hub/session/be52a9c9-6975-474d-8d8c-22dc1db4f324/element
09-01 18:12:35.312 31490 31520 I appium  : FindElement command
09-01 18:12:35.319 31490 31520 I appium  : method: 'id', selector: 'cn.missevan:id/start_sound_control', contextId: ''
09-01 18:12:35.320 31490 31520 I appium  : Waiting up to 10000ms for the device to idle
09-01 18:12:35.338 13770 14157 I SmartThreadExecutor: handleMessage: start check 1
09-01 18:12:35.338 13770 14157 I SmartThreadExecutor: handleMessage: check end 1 -31 false
09-01 18:12:35.370   717   717 I SurfaceFlinger: FPS: 10
09-01 18:12:35.422 31490 31520 I appium  : AppiumResponse: {"sessionId":"be52a9c9-6975-474d-8d8c-22dc1db4f324","value":{"error":"no such element","message":"An element could not be located on the page using the given search parameters","stacktrace":"io.appium.uiautomator2.common.exceptions.ElementNotFoundException: An element could not be located on the pag
09-01 18:12:35.987 31490 31520 I appium  : channel read: GET /wd/hub/session/be52a9c9-6975-474d-8d8c-22dc1db4f324/screenshot
09-01 18:12:35.990 31490 31520 I appium  : CaptureScreenshot command
09-01 18:12:36.258 28857 28884 I cn.missevan: Explicit concurrent copying GC freed 20560(1807KB) AllocSpace objects, 15(1020KB) LOS objects, 49% free, 21MB/42MB, paused 276us total 175.072ms
09-01 18:12:36.267   717   717 I ConfigStore: android::hardware::configstore::V1_0::ISurfaceFlingerConfigs::hasHDRDisplay retrieved: 0
09-01 18:12:36.201  1724  2178 I chatty  : uid=1000(system) AutobacklightTh identical 13 lines
09-01 18:12:36.375  1724  2655 D NotificationService: DEBUG_OVERRIDE_NOTIFY:enqueueNotificationWithTag pkg=cn.missevan opPkg=cn.missevantag=null notification=Notification(channel=LEAKCANARY_LOW pri=0 contentView=null vibrate=null sound=null defaults=0x0 flags=0x10 color=0x00000000 groupKey=LEAKCANARY_LOW vis=PRIVATE internalType=0 internalPriority=0 internalGroupPriority=0 internalFlag=0) userId =0
09-01 18:12:36.375  1724  2655 V NotificationService: enqueueNotificationInternal: pkg=cn.missevan id=2131429467 notification=Notification(channel=LEAKCANARY_LOW pri=0 contentView=null vibrate=null sound=null defaults=0x0 flags=0x10 color=0x00000000 groupKey=LEAKCANARY_LOW vis=PRIVATE internalType=0 internalPriority=0 internalGroupPriority=0 internalFlag=0)
09-01 18:12:36.376  1724  2655 E NotificationService: Suppressing notification from package by user request.
09-01 18:12:36.271   717   717 I chatty  : uid=1000(system) /system/bin/surfaceflinger identical 4 lines
09-01 18:12:36.272   717   717 I ConfigStore: android::hardware::configstore::V1_0::ISurfaceFlingerConfigs::hasHDRDisplay retrieved: 0
09-01 18:12:36.387   717   717 I SurfaceFlinger: FPS: 11
09-01 18:12:36.878 31490 31520 I appium  : AppiumResponse: {"sessionId":"be52a9c9-6975-474d-8d8c-22dc1db4f324","value":"iVBORw0KGgoAAAANSUhEUgAABDgAAAjoCAYAAAA5jhrUAAAABHNCSVQICAgIfAhkiAAAIABJREFU\neJzs3XdYU2f/P/D3IWGG7QIcKIgMJwpKKzhAHLW1rdYOraNqf3U8tY7aqljtY21rW2t9HLV2Pmpr\ntVorjqq4oVplWCc4EEXcKEGGQEhyfn/wJF9iACEJgej7dV1emnBycp8IJOd9PvfnFhQKhQgiIiIi\nIiIiI
09-01 18:12:37.361 10614 10746 D MemoryCeilingMonitor: [handleMemoryCalculate]
09-01 18:12:37.362 10614 10746 D MemoryCeilingMonitor: [calculate] tot: 3342688, max: 268435456, free: 176616, heap: 3166072, per: 0.01179453730583191
09-01 18:12:37.389   717   717 I SurfaceFlinger: FPS: 10
09-01 18:12:37.573  1724  2655 D PackageManager: package:10018 check permission,PERMISSION_GRANTED
09-01 18:12:37.583  1724  2655 I chatty  : uid=1000(system) Binder:1724_7 identical 2 lines
09-01 18:12:37.584  1724  2655 D PackageManager: package:10018 check permission,PERMISSION_GRANTED
09-01 18:12:37.869 28857 28962 I CronetEngine: [thread_background]
09-01 18:12:37.869 28857 28962 I CronetEngine: url: https://data.uat.missevan.com/statistics/collect-events
09-01 18:12:37.869 28857 28962 I CronetEngine:  ip: 10.21.250.10
09-01 18:12:37.869 28857 28962 I CronetEngine:  hostResolverProvider:
09-01 18:12:37.869 28857 28962 I CronetEngine:  hostResolveIps: []
09-01 18:12:37.869 28857 28962 I CronetEngine:
09-01 18:12:38.402   717   717 I SurfaceFlinger: FPS: 11
09-01 18:12:38.499 28857 28884 I cn.missevan: Explicit concurrent copying GC freed 6467(825KB) AllocSpace objects, 1(36KB) LOS objects, 50% free, 20MB/41MB, paused 171us total 120.381ms
09-01 18:12:38.293  1724  2178 I chatty  : uid=1000(system) AutobacklightTh identical 11 lines
09-01 18:12:38.608  1724  2655 D NotificationService: DEBUG_OVERRIDE_NOTIFY:enqueueNotificationWithTag pkg=cn.missevan opPkg=cn.missevantag=null notification=Notification(channel=LEAKCANARY_LOW pri=0 contentView=null vibrate=null sound=null defaults=0x0 flags=0x10 color=0x00000000 groupKey=LEAKCANARY_LOW vis=PRIVATE internalType=0 internalPriority=0 internalGroupPriority=0 internalFlag=0) userId =0
09-01 18:12:38.609  1724  2655 V NotificationService: enqueueNotificationInternal: pkg=cn.missevan id=2131429467 notification=Notification(channel=LEAKCANARY_LOW pri=0 contentView=null vibrate=null sound=null defaults=0x0 flags=0x10 color=0x00000000 groupKey=LEAKCANARY_LOW vis=PRIVATE internalType=0 internalPriority=0 internalGroupPriority=0 internalFlag=0)
09-01 18:12:38.609  1724  2655 E NotificationService: Suppressing notification from package by user request.
09-01 18:12:38.778  1724  2178 I chatty  : uid=1000(system) AutobacklightTh identical 1 line
09-01 18:12:38.984  1724  1724 D FeatureService: onReceive action android.intent.action.BATTERY_CHANGED
09-01 18:12:38.987  2404  2404 D KeyguardUpdateMonitor: received broadcast android.intent.action.BATTERY_CHANGED
09-01 18:12:38.989  1724  5458 V LocSvc_HIDL_Subscription_jni: battery_level_update
09-01 18:12:38.990  2404  2404 D KeyguardUpdateMonitor: handleBatteryUpdate
09-01 18:12:38.990  2831  2831 D QtiCarrierConfigHelper: WARNING, no carrier configs on phone Id: 0
09-01 18:12:38.992  1724  5458 V LocSvc_HIDL_Subscription_jni: [battery_level_update][931] [HC] =>> [HS]
09-01 18:12:38.993   692   692 V LocSvc_HIDL_IzatSubscription: [batteryLevelUpdate][777] [HS] <<<<= [HC]
09-01 18:12:38.993  1724  5458 V LocSvc_HIDL_Subscription_jni: Exit Result 0
09-01 18:12:39.005 13770 13770 D TESDownloadManager: AppSystemReceiver onReceive
09-01 18:12:39.006 13770 13770 D TESDownloadManager: action:android.intent.action.BATTERY_CHANGED
09-01 18:12:39.011  1724  1724 D FeatureService: onReceive action android.intent.action.BATTERY_CHANGED
09-01 18:12:39.411   717   717 I SurfaceFlinger: FPS: 12
09-01 18:12:39.693 13770 14157 I SmartThreadExecutor: handleMessage: start check 0
09-01 18:12:39.693 13770 14157 I SmartThreadExecutor: handleMessage: check end 0 -85 false
09-01 18:12:40.282 13770 13812 I ZPlanGuardManager: onBackgroundTimeTick, tick=68
09-01 18:12:40.418   717   717 I SurfaceFlinger: FPS: 10
09-01 18:12:40.826 28857 28884 I cn.missevan: Explicit concurrent copying GC freed 2521(542KB) AllocSpace objects, 0(0B) LOS objects, 49% free, 20MB/41MB, paused 781us total 213.563ms
09-01 18:12:40.707  1724  2178 I chatty  : uid=1000(system) AutobacklightTh identical 10 lines
09-01 18:12:40.934  1724  2655 D NotificationService: DEBUG_OVERRIDE_NOTIFY:enqueueNotificationWithTag pkg=cn.missevan opPkg=cn.missevantag=null notification=Notification(channel=LEAKCANARY_LOW pri=0 contentView=null vibrate=null sound=null defaults=0x0 flags=0x10 color=0x00000000 groupKey=LEAKCANARY_LOW vis=PRIVATE internalType=0 internalPriority=0 internalGroupPriority=0 internalFlag=0) userId =0
09-01 18:12:40.934  1724  2655 V NotificationService: enqueueNotificationInternal: pkg=cn.missevan id=2131429467 notification=Notification(channel=LEAKCANARY_LOW pri=0 contentView=null vibrate=null sound=null defaults=0x0 flags=0x10 color=0x00000000 groupKey=LEAKCANARY_LOW vis=PRIVATE internalType=0 internalPriority=0 internalGroupPriority=0 internalFlag=0)
09-01 18:12:40.935  1724  2655 E NotificationService: Suppressing notification from package by user request.
09-01 18:12:41.450   717   717 I SurfaceFlinger: FPS: 11
09-01 18:12:42.480  1724  2178 I chatty  : uid=1000(system) AutobacklightTh identical 9 lines
09-01 18:12:42.536   717   717 I SurfaceFlinger: FPS: 11
09-01 18:12:42.747  1724  2184 I DisplayPowerState: mBlockedByFingerprint = 0
09-01 18:12:42.750  1724  2184 E DisplayPowerState: run changed=true mNightPearlManager is null! or state != Display.STATE_OFF
09-01 18:12:42.750  1724  2184 D DisplayPowerState: run normal set state ON brightness:219
09-01 18:12:42.751  1724  2184 W LightsService: setBrightness:168
09-01 18:12:42.760  1724  2184 D FingerprintWakeHook: Display state changed to ON
09-01 18:12:42.762  1724  2184 D DisplayPowerState: run normal set state end
09-01 18:12:42.765  1724  2184 D DisplayPowerState: run state:ON on:true backlight:168
09-01 18:12:42.765  1724  2184 I DisplayPowerState: mBlockedByFingerprint = 0
09-01 18:12:42.767  1724  2184 E DisplayPowerState: run changed=true mNightPearlManager is null! or state != Display.STATE_OFF
09-01 18:12:42.767  1724  2184 D DisplayPowerState: run normal set state ON brightness:204
09-01 18:12:42.768  1724  2184 W LightsService: setBrightness:158
09-01 18:12:42.774  1724  2184 D FingerprintWakeHook: Display state changed to ON
09-01 18:12:42.774  1724  2184 D DisplayPowerState: run normal set state end
09-01 18:12:42.776  1724  2184 D DisplayPowerState: run state:ON on:true backlight:158
09-01 18:12:42.780  1724  2184 I DisplayPowerState: mBlockedByFingerprint = 0
09-01 18:12:42.783  1724  2184 E DisplayPowerState: run changed=true mNightPearlManager is null! or state != Display.STATE_OFF
09-01 18:12:42.783  1724  2184 D DisplayPowerState: run normal set state ON brightness:199
09-01 18:12:42.783  1724  2184 W LightsService: setBrightness:152
09-01 18:12:42.789  1724  2184 D FingerprintWakeHook: Display state changed to ON
09-01 18:12:42.790  1724  2184 D DisplayPowerState: run normal set state end
09-01 18:12:42.792  1724  2184 D DisplayPowerState: run state:ON on:true backlight:152
09-01 18:12:42.799  1724  2184 I DisplayPowerState: mBlockedByFingerprint = 0
09-01 18:12:42.803  1724  2184 E DisplayPowerState: run changed=true mNightPearlManager is null! or state != Display.STATE_OFF
09-01 18:12:42.804  1724  2184 D DisplayPowerState: run normal set state ON brightness:194
09-01 18:12:42.804  1724  2184 W LightsService: setBrightness:146
09-01 18:12:42.809  1724  2184 D FingerprintWakeHook: Display state changed to ON
09-01 18:12:42.810  1724  2184 D DisplayPowerState: run normal set state end
09-01 18:12:42.814  1724  2184 D DisplayPowerState: run state:ON on:true backlight:146
09-01 18:12:42.814  1724  2184 I DisplayPowerState: mBlockedByFingerprint = 0
09-01 18:12:42.820  1724  2184 E DisplayPowerState: run changed=true mNightPearlManager is null! or state != Display.STATE_OFF
09-01 18:12:42.820  1724  2184 D DisplayPowerState: run normal set state ON brightness:189
09-01 18:12:42.821  1724  2184 W LightsService: setBrightness:141
09-01 18:12:42.828  1724  2184 D FingerprintWakeHook: Display state changed to ON
09-01 18:12:42.828  1724  2184 D DisplayPowerState: run normal set state end
09-01 18:12:42.832  1724  2184 D DisplayPowerState: run state:ON on:true backlight:141
09-01 18:12:42.832  1724  2184 I DisplayPowerState: mBlockedByFingerprint = 0
09-01 18:12:42.834  1724  2184 E DisplayPowerState: run changed=true mNightPearlManager is null! or state != Display.STATE_OFF
09-01 18:12:42.835  1724  2184 D DisplayPowerState: run normal set state ON brightness:184
09-01 18:12:42.835  1724  2184 D DisplayPowerState: run normal set state end
09-01 18:12:42.838  1724  2184 D DisplayPowerState: run state:ON on:true backlight:141
09-01 18:12:42.848  1724  2184 I DisplayPowerState: mBlockedByFingerprint = 0
09-01 18:12:42.849  1724  2184 E DisplayPowerState: run changed=true mNightPearlManager is null! or state != Display.STATE_OFF
09-01 18:12:42.849  1724  2184 D DisplayPowerState: run normal set state ON brightness:179
09-01 18:12:42.850  1724  2184 W LightsService: setBrightness:134
09-01 18:12:42.860  1724  2184 D FingerprintWakeHook: Display state changed to ON
09-01 18:12:42.861  1724  2184 D DisplayPowerState: run normal set state end
09-01 18:12:42.863  1724  2184 D DisplayPowerState: run state:ON on:true backlight:134
09-01 18:12:42.864  1724  2184 I DisplayPowerState: mBlockedByFingerprint = 0
09-01 18:12:42.865  1724  2184 E DisplayPowerState: run changed=true mNightPearlManager is null! or state != Display.STATE_OFF
09-01 18:12:42.866  1724  2184 D DisplayPowerState: run normal set state ON brightness:174
09-01 18:12:42.866  1724  2184 D DisplayPowerState: run normal set state end
09-01 18:12:42.868  1724  2184 D DisplayPowerState: run state:ON on:true backlight:134
09-01 18:12:42.881  1724  2184 I DisplayPowerState: mBlockedByFingerprint = 0
09-01 18:12:42.883  1724  2184 E DisplayPowerState: run changed=true mNightPearlManager is null! or state != Display.STATE_OFF
09-01 18:12:42.883  1724  2184 D DisplayPowerState: run normal set state ON brightness:169
09-01 18:12:42.883  1724  2184 W LightsService: setBrightness:128
09-01 18:12:42.890  1724  2184 D FingerprintWakeHook: Display state changed to ON
09-01 18:12:42.891  1724  2184 D DisplayPowerState: run normal set state end
09-01 18:12:42.892  1724  2184 D DisplayPowerState: run state:ON on:true backlight:128
09-01 18:12:42.898  1724  2184 I DisplayPowerState: mBlockedByFingerprint = 0
09-01 18:12:42.899  1724  2184 E DisplayPowerState: run changed=true mNightPearlManager is null! or state != Display.STATE_OFF
09-01 18:12:42.899  1724  2184 D DisplayPowerState: run normal set state ON brightness:164
09-01 18:12:42.900  1724  2184 W LightsService: setBrightness:122
09-01 18:12:42.908  1724  2184 D FingerprintWakeHook: Display state changed to ON
09-01 18:12:42.908  1724  2184 D DisplayPowerState: run normal set state end
09-01 18:12:42.910  1724  2184 D DisplayPowerState: run state:ON on:true backlight:122
09-01 18:12:42.913  1724  2184 I DisplayPowerState: mBlockedByFingerprint = 0
09-01 18:12:42.916  1724  2184 E DisplayPowerState: run changed=true mNightPearlManager is null! or state != Display.STATE_OFF
09-01 18:12:42.916  1724  2184 D DisplayPowerState: run normal set state ON brightness:159
09-01 18:12:42.916  1724  2184 D DisplayPowerState: run normal set state end
09-01 18:12:42.918  1724  2184 D DisplayPowerState: run state:ON on:true backlight:122
09-01 18:12:42.931  1724  2184 I DisplayPowerState: mBlockedByFingerprint = 0
09-01 18:12:42.933  1724  2184 E DisplayPowerState: run changed=true mNightPearlManager is null! or state != Display.STATE_OFF
09-01 18:12:42.933  1724  2184 D DisplayPowerState: run normal set state ON brightness:154
09-01 18:12:42.934  1724  2184 W LightsService: setBrightness:115
09-01 18:12:42.941  1724  2184 D FingerprintWakeHook: Display state changed to ON
09-01 18:12:42.941  1724  2184 D DisplayPowerState: run normal set state end
09-01 18:12:42.943  1724  2184 D DisplayPowerState: run state:ON on:true backlight:115
09-01 18:12:42.947  1724  2184 I DisplayPowerState: mBlockedByFingerprint = 0
09-01 18:12:42.948  1724  2184 E DisplayPowerState: run changed=true mNightPearlManager is null! or state != Display.STATE_OFF
09-01 18:12:42.948  1724  2184 D DisplayPowerState: run normal set state ON brightness:149
09-01 18:12:42.949  1724  2184 D DisplayPowerState: run normal set state end
09-01 18:12:42.950  1724  2184 D DisplayPowerState: run state:ON on:true backlight:115
09-01 18:12:42.966  1724  2184 I DisplayPowerState: mBlockedByFingerprint = 0
09-01 18:12:42.967  1724  2184 E DisplayPowerState: run changed=true mNightPearlManager is null! or state != Display.STATE_OFF
09-01 18:12:42.967  1724  2184 D DisplayPowerState: run normal set state ON brightness:144
09-01 18:12:42.968  1724  2184 W LightsService: setBrightness:108
09-01 18:12:42.974  1724  2184 D FingerprintWakeHook: Display state changed to ON
09-01 18:12:42.975  1724  2184 D DisplayPowerState: run normal set state end
09-01 18:12:42.976  1724  2184 D DisplayPowerState: run state:ON on:true backlight:108
09-01 18:12:42.981  1724  2184 I DisplayPowerState: mBlockedByFingerprint = 0
09-01 18:12:42.983  1724  2184 E DisplayPowerState: run changed=true mNightPearlManager is null! or state != Display.STATE_OFF
09-01 18:12:42.984  1724  2184 D DisplayPowerState: run normal set state ON brightness:139
09-01 18:12:42.985  1724  2184 W LightsService: setBrightness:101
09-01 18:12:42.990  1724  2184 D FingerprintWakeHook: Display state changed to ON
09-01 18:12:42.990  1724  2184 D DisplayPowerState: run normal set state end
09-01 18:12:42.992  1724  2184 D DisplayPowerState: run state:ON on:true backlight:101
09-01 18:12:42.997  1724  2184 I DisplayPowerState: mBlockedByFingerprint = 0
09-01 18:12:43.000  1724  2184 E DisplayPowerState: run changed=true mNightPearlManager is null! or state != Display.STATE_OFF
09-01 18:12:43.000  1724  2184 D DisplayPowerState: run normal set state ON brightness:134
09-01 18:12:43.000  1724  2184 D DisplayPowerState: run normal set state end
09-01 18:12:43.002  1724  2184 D DisplayPowerState: run state:ON on:true backlight:101
09-01 18:12:43.014  1724  2184 I DisplayPowerState: mBlockedByFingerprint = 0
09-01 18:12:43.016  1724  2184 E DisplayPowerState: run changed=true mNightPearlManager is null! or state != Display.STATE_OFF
09-01 18:12:43.016  1724  2184 D DisplayPowerState: run normal set state ON brightness:129
09-01 18:12:43.016  1724  2184 D DisplayPowerState: run normal set state end
09-01 18:12:43.019  1724  2184 D DisplayPowerState: run state:ON on:true backlight:101
09-01 18:12:43.030  1724  2184 I DisplayPowerState: mBlockedByFingerprint = 0
09-01 18:12:43.033  1724  2184 E DisplayPowerState: run changed=true mNightPearlManager is null! or state != Display.STATE_OFF
09-01 18:12:43.033  1724  2184 D DisplayPowerState: run normal set state ON brightness:124
09-01 18:12:43.034  1724  2184 W LightsService: setBrightness:94
09-01 18:12:43.037  1724  2184 D FingerprintWakeHook: Display state changed to ON
09-01 18:12:43.037  1724  2184 D DisplayPowerState: run normal set state end
09-01 18:12:43.038  1724  2184 D DisplayPowerState: run state:ON on:true backlight:94
09-01 18:12:43.047  1724  2184 I DisplayPowerState: mBlockedByFingerprint = 0
09-01 18:12:43.048  1724  2184 E DisplayPowerState: run changed=true mNightPearlManager is null! or state != Display.STATE_OFF
09-01 18:12:43.048  1724  2184 D DisplayPowerState: run normal set state ON brightness:122
09-01 18:12:43.048  1724  2184 D DisplayPowerState: run normal set state end
09-01 18:12:43.049  1724  2184 D DisplayPowerState: run state:ON on:true backlight:94
09-01 18:12:43.170 28857 28884 I cn.missevan: Explicit concurrent copying GC freed 1834(496KB) AllocSpace objects, 0(0B) LOS objects, 49% free, 20MB/41MB, paused 346us total 233.340ms
09-01 18:12:43.279  1724  2655 D NotificationService: DEBUG_OVERRIDE_NOTIFY:enqueueNotificationWithTag pkg=cn.missevan opPkg=cn.missevantag=null notification=Notification(channel=LEAKCANARY_LOW pri=0 contentView=null vibrate=null sound=null defaults=0x0 flags=0x10 color=0x00000000 groupKey=LEAKCANARY_LOW vis=PRIVATE internalType=0 internalPriority=0 internalGroupPriority=0 internalFlag=0) userId =0
09-01 18:12:43.280  1724  2655 V NotificationService: enqueueNotificationInternal: pkg=cn.missevan id=2131429467 notification=Notification(channel=LEAKCANARY_LOW pri=0 contentView=null vibrate=null sound=null defaults=0x0 flags=0x10 color=0x00000000 groupKey=LEAKCANARY_LOW vis=PRIVATE internalType=0 internalPriority=0 internalGroupPriority=0 internalFlag=0)
09-01 18:12:43.280  1724  2655 E NotificationService: Suppressing notification from package by user request.
09-01 18:12:43.540   717   717 I SurfaceFlinger: FPS: 10
09-01 18:12:44.639   717   717 I SurfaceFlinger: FPS: 12
09-01 18:12:44.909 26561 26766 D VMS_SDK_DB: insert:1
09-01 18:12:45.522 28857 28884 I cn.missevan: Explicit concurrent copying GC freed 1833(512KB) AllocSpace objects, 0(0B) LOS objects, 49% free, 21MB/42MB, paused 364us total 237.537ms
09-01 18:12:45.374  1724  2178 I chatty  : uid=1000(system) AutobacklightTh identical 13 lines
09-01 18:12:45.630  1724  2655 D NotificationService: DEBUG_OVERRIDE_NOTIFY:enqueueNotificationWithTag pkg=cn.missevan opPkg=cn.missevantag=null notification=Notification(channel=LEAKCANARY_LOW pri=0 contentView=null vibrate=null sound=null defaults=0x0 flags=0x10 color=0x00000000 groupKey=LEAKCANARY_LOW vis=PRIVATE internalType=0 internalPriority=0 internalGroupPriority=0 internalFlag=0) userId =0
09-01 18:12:45.630  1724  2655 V NotificationService: enqueueNotificationInternal: pkg=cn.missevan id=2131429467 notification=Notification(channel=LEAKCANARY_LOW pri=0 contentView=null vibrate=null sound=null defaults=0x0 flags=0x10 color=0x00000000 groupKey=LEAKCANARY_LOW vis=PRIVATE internalType=0 internalPriority=0 internalGroupPriority=0 internalFlag=0)
09-01 18:12:45.631  1724  2655 E NotificationService: Suppressing notification from package by user request.
09-01 18:12:45.653   717   717 I SurfaceFlinger: FPS: 10
09-01 18:12:46.755   717   717 I SurfaceFlinger: FPS: 11
09-01 18:12:47.262   685   884 W qti_sensors_hal: processInd: angle direction: [0]: 5.000000 [1]: -51.155666 [2]: 19.088394 [3]: 0.000000 [4]: 0.000000 [5]: 0.000000 ts: 603281806099303
09-01 18:12:46.984  1724  2178 I chatty  : uid=1000(system) AutobacklightTh identical 8 lines
09-01 18:12:47.282   685   884 W qti_sensors_hal: processInd: angle direction: [0]: 5.000000 [1]: -51.155666 [2]: 19.088394 [3]: 0.000000 [4]: 0.000000 [5]: 0.000000 ts: 603281825539000
09-01 18:12:47.301   685   884 W qti_sensors_hal: processInd: angle direction: [0]: 5.000000 [1]: -51.155666 [2]: 19.088394 [3]: 0.000000 [4]: 0.000000 [5]: 0.000000 ts: 603281844948180
09-01 18:12:47.322   685   884 W qti_sensors_hal: processInd: angle direction: [0]: 5.000000 [1]: -51.155666 [2]: 19.088394 [3]: 0.000000 [4]: 0.000000 [5]: 0.000000 ts: 603281864387877
09-01 18:12:47.340   685   884 W qti_sensors_hal: processInd: angle direction: [0]: 5.000000 [1]: -51.155666 [2]: 19.088394 [3]: 0.000000 [4]: 0.000000 [5]: 0.000000 ts: 603281883801547
09-01 18:12:47.359   685   884 W qti_sensors_hal: processInd: angle direction: [0]: 5.000000 [1]: -51.155666 [2]: 19.088394 [3]: 0.000000 [4]: 0.000000 [5]: 0.000000 ts: 603281903241244
09-01 18:12:47.379   685   884 W qti_sensors_hal: processInd: angle direction: [0]: 5.000000 [1]: -51.155666 [2]: 19.088394 [3]: 0.000000 [4]: 0.000000 [5]: 0.000000 ts: 603281922650424
09-01 18:12:47.398   685   884 W qti_sensors_hal: processInd: angle direction: [0]: 5.000000 [1]: -51.155666 [2]: 19.088394 [3]: 0.000000 [4]: 0.000000 [5]: 0.000000 ts: 603281942090121
09-01 18:12:47.765   717   717 I SurfaceFlinger: FPS: 10
09-01 18:12:47.768   685   884 W qti_sensors_hal: processInd: angle direction: [0]: 1.000000 [1]: -20.682831 [2]: 5.753409 [3]: 0.000000 [4]: 0.000000 [5]: 0.000000 ts: 603282311169711
09-01 18:12:47.466  1724  2178 I chatty  : uid=1000(system) AutobacklightTh identical 1 line
09-01 18:12:47.787   685   884 W qti_sensors_hal: processInd: angle direction: [0]: 1.000000 [1]: -20.682831 [2]: 5.753409 [3]: 0.000000 [4]: 0.000000 [5]: 0.000000 ts: 603282330578891
09-01 18:12:47.806   685   884 W qti_sensors_hal: processInd: angle direction: [0]: 1.000000 [1]: -20.682831 [2]: 5.753409 [3]: 0.000000 [4]: 0.000000 [5]: 0.000000 ts: 603282350018588
09-01 18:12:47.831   685   884 W qti_sensors_hal: processInd: angle direction: [0]: 1.000000 [1]: -20.682831 [2]: 5.753409 [3]: 0.000000 [4]: 0.000000 [5]: 0.000000 ts: 603282369427768
09-01 18:12:47.845   685   884 W qti_sensors_hal: processInd: angle direction: [0]: 1.000000 [1]: -20.682831 [2]: 5.753409 [3]: 0.000000 [4]: 0.000000 [5]: 0.000000 ts: 603282388867465
09-01 18:12:47.846 28857 28884 I cn.missevan: Explicit concurrent copying GC freed 1838(479KB) AllocSpace objects, 0(0B) LOS objects, 50% free, 21MB/42MB, paused 1.411ms total 211.661ms
09-01 18:12:47.865   685   884 W qti_sensors_hal: processInd: angle direction: [0]: 1.000000 [1]: -20.682831 [2]: 5.753409 [3]: 0.000000 [4]: 0.000000 [5]: 0.000000 ts: 603282408276645
09-01 18:12:47.884   685   884 W qti_sensors_hal: processInd: angle direction: [0]: 1.000000 [1]: -20.682831 [2]: 5.753409 [3]: 0.000000 [4]: 0.000000 [5]: 0.000000 ts: 603282427716342
09-01 18:12:47.903   685   884 W qti_sensors_hal: processInd: angle direction: [0]: 1.000000 [1]: -20.682831 [2]: 5.753409 [3]: 0.000000 [4]: 0.000000 [5]: 0.000000 ts: 603282447125521
09-01 18:12:47.957  1724  2655 D NotificationService: DEBUG_OVERRIDE_NOTIFY:enqueueNotificationWithTag pkg=cn.missevan opPkg=cn.missevantag=null notification=Notification(channel=LEAKCANARY_LOW pri=0 contentView=null vibrate=null sound=null defaults=0x0 flags=0x10 color=0x00000000 groupKey=LEAKCANARY_LOW vis=PRIVATE internalType=0 internalPriority=0 internalGroupPriority=0 internalFlag=0) userId =0
09-01 18:12:47.958  1724  2655 V NotificationService: enqueueNotificationInternal: pkg=cn.missevan id=2131429467 notification=Notification(channel=LEAKCANARY_LOW pri=0 contentView=null vibrate=null sound=null defaults=0x0 flags=0x10 color=0x00000000 groupKey=LEAKCANARY_LOW vis=PRIVATE internalType=0 internalPriority=0 internalGroupPriority=0 internalFlag=0)
09-01 18:12:47.959  1724  2655 E NotificationService: Suppressing notification from package by user request.
09-01 18:12:48.373  1724  2655 D PackageManager: package:10018 check permission,PERMISSION_GRANTED
09-01 18:12:48.374  1724  2655 W ActivityManager: Unable to start service Intent { act=android.security.IKeyChainService cmp=com.android.keychain/.KeyChainService } U=999: not found
09-01 18:12:48.374  1724  2655 I chatty  : uid=1000(system) Binder:1724_7 identical 1 line
09-01 18:12:48.374  1724  2655 D PackageManager: package:10018 check permission,PERMISSION_GRANTED
09-01 18:12:48.376  2404 31576 I SecurityController: java.lang.AssertionError: could not bind to KeyChainService
09-01 18:12:48.605  2404  2404 D KeyguardUpdateMonitor: received broadcast android.intent.action.BATTERY_CHANGED
09-01 18:12:48.609  2831  2831 D QtiCarrierConfigHelper: WARNING, no carrier configs on phone Id: 0
09-01 18:12:48.610  1724  5458 V LocSvc_HIDL_Subscription_jni: battery_level_update
09-01 18:12:48.613  1724  1724 D FeatureService: onReceive action android.intent.action.BATTERY_CHANGED
09-01 18:12:48.613  1724  5458 V LocSvc_HIDL_Subscription_jni: [battery_level_update][931] [HC] =>> [HS]
09-01 18:12:48.614   692   692 V LocSvc_HIDL_IzatSubscription: [batteryLevelUpdate][777] [HS] <<<<= [HC]
09-01 18:12:48.614  1724  5458 V LocSvc_HIDL_Subscription_jni: Exit Result 0
09-01 18:12:48.615 13770 13770 D TESDownloadManager: AppSystemReceiver onReceive
09-01 18:12:48.615 13770 13770 D TESDownloadManager: action:android.intent.action.BATTERY_CHANGED
09-01 18:12:48.616  2404  2404 D KeyguardUpdateMonitor: handleBatteryUpdate
09-01 18:12:48.617  1724  1724 D FeatureService: onReceive action android.intent.action.BATTERY_CHANGED
09-01 18:12:48.768   717   717 I SurfaceFlinger: FPS: 11
09-01 18:12:49.863   717   717 I SurfaceFlinger: FPS: 11
09-01 18:12:50.085 28857 28884 I cn.missevan: Explicit concurrent copying GC freed 2080(534KB) AllocSpace objects, 0(0B) LOS objects, 49% free, 20MB/41MB, paused 165us total 123.019ms
09-01 18:12:49.881  1724  2178 I chatty  : uid=1000(system) AutobacklightTh identical 7 lines
09-01 18:12:50.191  1724  2655 D NotificationService: DEBUG_OVERRIDE_NOTIFY:enqueueNotificationWithTag pkg=cn.missevan opPkg=cn.missevantag=null notification=Notification(channel=LEAKCANARY_LOW pri=0 contentView=null vibrate=null sound=null defaults=0x0 flags=0x10 color=0x00000000 groupKey=LEAKCANARY_LOW vis=PRIVATE internalType=0 internalPriority=0 internalGroupPriority=0 internalFlag=0) userId =0
09-01 18:12:50.191  1724  2655 V NotificationService: enqueueNotificationInternal: pkg=cn.missevan id=2131429467 notification=Notification(channel=LEAKCANARY_LOW pri=0 contentView=null vibrate=null sound=null defaults=0x0 flags=0x10 color=0x00000000 groupKey=LEAKCANARY_LOW vis=PRIVATE internalType=0 internalPriority=0 internalGroupPriority=0 internalFlag=0)
09-01 18:12:50.192  1724  2655 E NotificationService: Suppressing notification from package by user request.
09-01 18:12:50.885   717   717 I SurfaceFlinger: FPS: 11
09-01 18:12:51.982   717   717 I SurfaceFlinger: FPS: 11
09-01 18:12:52.289 13770 13812 I ZPlanGuardManager: onBackgroundTimeTick, tick=69
09-01 18:12:52.427 28857 28884 I cn.missevan: Explicit concurrent copying GC freed 2101(543KB) AllocSpace objects, 0(0B) LOS objects, 50% free, 21MB/42MB, paused 398us total 232.902ms
09-01 18:12:52.296  1724  2178 I chatty  : uid=1000(system) AutobacklightTh identical 13 lines
09-01 18:12:52.536  1724  2655 D NotificationService: DEBUG_OVERRIDE_NOTIFY:enqueueNotificationWithTag pkg=cn.missevan opPkg=cn.missevantag=null notification=Notification(channel=LEAKCANARY_LOW pri=0 contentView=null vibrate=null sound=null defaults=0x0 flags=0x10 color=0x00000000 groupKey=LEAKCANARY_LOW vis=PRIVATE internalType=0 internalPriority=0 internalGroupPriority=0 internalFlag=0) userId =0
09-01 18:12:52.536  1724  2655 V NotificationService: enqueueNotificationInternal: pkg=cn.missevan id=2131429467 notification=Notification(channel=LEAKCANARY_LOW pri=0 contentView=null vibrate=null sound=null defaults=0x0 flags=0x10 color=0x00000000 groupKey=LEAKCANARY_LOW vis=PRIVATE internalType=0 internalPriority=0 internalGroupPriority=0 internalFlag=0)
09-01 18:12:52.537  1724  2655 E NotificationService: Suppressing notification from package by user request.
09-01 18:12:52.994   717   717 I SurfaceFlinger: FPS: 10
09-01 18:12:53.997   717   717 I SurfaceFlinger: FPS: 11
09-01 18:12:54.769 28857 28884 I cn.missevan: Explicit concurrent copying GC freed 1950(499KB) AllocSpace objects, 0(0B) LOS objects, 50% free, 20MB/41MB, paused 408us total 227.705ms
09-01 18:12:54.711  1724  2178 I chatty  : uid=1000(system) AutobacklightTh identical 13 lines
09-01 18:12:54.877  1724  2655 D NotificationService: DEBUG_OVERRIDE_NOTIFY:enqueueNotificationWithTag pkg=cn.missevan opPkg=cn.missevantag=null notification=Notification(channel=LEAKCANARY_LOW pri=0 contentView=null vibrate=null sound=null defaults=0x0 flags=0x10 color=0x00000000 groupKey=LEAKCANARY_LOW vis=PRIVATE internalType=0 internalPriority=0 internalGroupPriority=0 internalFlag=0) userId =0
09-01 18:12:54.877  1724  2655 V NotificationService: enqueueNotificationInternal: pkg=cn.missevan id=2131429467 notification=Notification(channel=LEAKCANARY_LOW pri=0 contentView=null vibrate=null sound=null defaults=0x0 flags=0x10 color=0x00000000 groupKey=LEAKCANARY_LOW vis=PRIVATE internalType=0 internalPriority=0 internalGroupPriority=0 internalFlag=0)
09-01 18:12:54.878  1724  2655 E NotificationService: Suppressing notification from package by user request.
09-01 18:12:55.012   717   717 I SurfaceFlinger: FPS: 10
09-01 18:12:56.108   717   717 I SurfaceFlinger: FPS: 11
09-01 18:12:56.317 10614 10721 I PERF_LOG: GC.happened gc!!!!!!!!!, 200559 ms interval from last time
09-01 18:12:56.321 13770 14382 E memtrack: Couldn't load memtrack module
09-01 18:12:56.322 13770 14382 W android.os.Debug: failed to get memory consumption info: -1
09-01 18:12:57.127   717   717 I SurfaceFlinger: FPS: 11
09-01 18:12:57.138 28857 28884 I cn.missevan: Explicit concurrent copying GC freed 1823(512KB) AllocSpace objects, 0(0B) LOS objects, 49% free, 20MB/41MB, paused 435us total 256.989ms
09-01 18:12:56.965  1724  2178 I chatty  : uid=1000(system) AutobacklightTh identical 12 lines
09-01 18:12:57.247  1724  2655 D NotificationService: DEBUG_OVERRIDE_NOTIFY:enqueueNotificationWithTag pkg=cn.missevan opPkg=cn.missevantag=null notification=Notification(channel=LEAKCANARY_LOW pri=0 contentView=null vibrate=null sound=null defaults=0x0 flags=0x10 color=0x00000000 groupKey=LEAKCANARY_LOW vis=PRIVATE internalType=0 internalPriority=0 internalGroupPriority=0 internalFlag=0) userId =0
09-01 18:12:57.247  1724  2655 V NotificationService: enqueueNotificationInternal: pkg=cn.missevan id=2131429467 notification=Notification(channel=LEAKCANARY_LOW pri=0 contentView=null vibrate=null sound=null defaults=0x0 flags=0x10 color=0x00000000 groupKey=LEAKCANARY_LOW vis=PRIVATE internalType=0 internalPriority=0 internalGroupPriority=0 internalFlag=0)
09-01 18:12:57.248  1724  2655 E NotificationService: Suppressing notification from package by user request.
09-01 18:12:58.130   717   717 I SurfaceFlinger: FPS: 10
09-01 18:12:59.223   717   717 I SurfaceFlinger: FPS: 11
09-01 18:12:59.370 28857 28884 I cn.missevan: Explicit concurrent copying GC freed 2076(531KB) AllocSpace objects, 0(0B) LOS objects, 50% free, 20MB/41MB, paused 174us total 120.296ms
09-01 18:12:59.219  1724  2178 I chatty  : uid=1000(system) AutobacklightTh identical 12 lines
09-01 18:12:59.476  1724  2655 D NotificationService: DEBUG_OVERRIDE_NOTIFY:enqueueNotificationWithTag pkg=cn.missevan opPkg=cn.missevantag=null notification=Notification(channel=LEAKCANARY_LOW pri=0 contentView=null vibrate=null sound=null defaults=0x0 flags=0x10 color=0x00000000 groupKey=LEAKCANARY_LOW vis=PRIVATE internalType=0 internalPriority=0 internalGroupPriority=0 internalFlag=0) userId =0
09-01 18:12:59.476  1724  2655 V NotificationService: enqueueNotificationInternal: pkg=cn.missevan id=2131429467 notification=Notification(channel=LEAKCANARY_LOW pri=0 contentView=null vibrate=null sound=null defaults=0x0 flags=0x10 color=0x00000000 groupKey=LEAKCANARY_LOW vis=PRIVATE internalType=0 internalPriority=0 internalGroupPriority=0 internalFlag=0)
09-01 18:12:59.477  1724  2655 E NotificationService: Suppressing notification from package by user request.
09-01 18:13:00.000  1724  2038 V AlarmAlign: mAlarmBatches = 65, triggerList = 1
09-01 18:13:00.004  1724  2038 V AlarmAlign: setLocked to kernel, type = 2, when = 603387312, curTime = 603294549
09-01 18:13:00.004  1724  2038 V AlarmAlign: setLocked to kernel, type = 3, when = 603329135, curTime = 603294549
09-01 18:13:00.006  1724  1724 V AlarmAlign: setLocked to kernel, type = 2, when = 603387312, curTime = 603294551
09-01 18:13:00.006  1724  1724 V AlarmAlign: setLocked to kernel, type = 3, when = 603329135, curTime = 603294551
09-01 18:13:00.010  2404  2404 D KeyguardUpdateMonitor: handleTimeUpdate
09-01 18:13:00.118  4240  4357 E BitmapFactory: Unable to decode stream: java.io.FileNotFoundException: /oem/etc/theme/icons/dynamic_icon/com.android.BBKClock/res/drawable-sw360dp-xxhdpi/clock_hour.png (No such file or directory)
09-01 18:13:00.119  4240  4357 E BitmapFactory: Unable to decode stream: java.io.FileNotFoundException: /oem/etc/theme/icons/dynamic_icon/com.android.BBKClock/res/drawable-sw360dp-xxhdpi/clock_minute.png (No such file or directory)
09-01 18:13:00.122  4240  4357 E BitmapFactory: Unable to decode stream: java.io.FileNotFoundException: /oem/etc/theme/icons/dynamic_icon/com.android.BBKClock/res/drawable-sw360dp-xxhdpi/clock_dial.png (No such file or directory)
09-01 18:13:00.128  4240  4357 E BitmapFactory: Unable to decode stream: java.io.FileNotFoundException: /oem/etc/theme/icons/dynamic_icon/com.android.BBKClock/res/drawable-sw360dp-xxhdpi/clock_dial_center.png (No such file or directory)
09-01 18:13:00.151 13770 13770 D TESDownloadManager: AppSystemReceiver onReceive
09-01 18:13:00.151 13770 13770 D TESDownloadManager: action:android.intent.action.TIME_TICK
09-01 18:13:00.243   717   717 I SurfaceFlinger: FPS: 12
09-01 18:13:01.345   717   717 I SurfaceFlinger: FPS: 11
09-01 18:13:01.726 28857 28884 I cn.missevan: Explicit concurrent copying GC freed 1792(514KB) AllocSpace objects, 0(0B) LOS objects, 50% free, 20MB/41MB, paused 438us total 246.837ms
09-01 18:13:01.634  1724  2178 I chatty  : uid=1000(system) AutobacklightTh identical 13 lines
09-01 18:13:01.832  1724  4404 D NotificationService: DEBUG_OVERRIDE_NOTIFY:enqueueNotificationWithTag pkg=cn.missevan opPkg=cn.missevantag=null notification=Notification(channel=LEAKCANARY_LOW pri=0 contentView=null vibrate=null sound=null defaults=0x0 flags=0x10 color=0x00000000 groupKey=LEAKCANARY_LOW vis=PRIVATE internalType=0 internalPriority=0 internalGroupPriority=0 internalFlag=0) userId =0
09-01 18:13:01.832  1724  4404 V NotificationService: enqueueNotificationInternal: pkg=cn.missevan id=2131429467 notification=Notification(channel=LEAKCANARY_LOW pri=0 contentView=null vibrate=null sound=null defaults=0x0 flags=0x10 color=0x00000000 groupKey=LEAKCANARY_LOW vis=PRIVATE internalType=0 internalPriority=0 internalGroupPriority=0 internalFlag=0)
09-01 18:13:01.833  1724  4404 E NotificationService: Suppressing notification from package by user request.
09-01 18:13:02.455   717   717 I SurfaceFlinger: FPS: 11
09-01 18:13:02.827 13770 31586 I QzoneConfig: key = qqcircle secondaryKey= qqcircle_show_entrance_on_recommend_tab value= 1
09-01 18:13:02.827 13770 31586 D QCircleConfigHelper: showMainTabEntrance:true showRecommendEntrance:true
09-01 18:13:02.828 13770 31586 D QZConfigProviderUtil: getHighPriorityConfig. , secondKey: qqcircle_enable_eevee_polling, result: 1
09-01 18:13:02.828 13770 31586 E QCircleEeveeMananger: isBackgroundPause
09-01 18:13:02.828 13770 31586 E QCircleEeveeMananger: scheduleEeveeTask pollingInterval= 120000
09-01 18:13:03.153 10614 10759 D WorkerThreadMonitor: Kill MSF check result[ senderSize:0,sendInterval:54666,receiveInterval=24551,addCmdCount=923
09-01 18:13:03.460   717   717 I SurfaceFlinger: FPS: 10
09-01 18:13:03.568  1724  2178 I chatty  : uid=1000(system) AutobacklightTh identical 10 lines
09-01 18:13:03.848  1724  1724 D FeatureService: onReceive action android.intent.action.BATTERY_CHANGED
09-01 18:13:03.850  2404  2404 D KeyguardUpdateMonitor: received broadcast android.intent.action.BATTERY_CHANGED
09-01 18:13:03.851  2404  2404 D KeyguardUpdateMonitor: handleBatteryUpdate
09-01 18:13:03.855  1724  5458 V LocSvc_HIDL_Subscription_jni: battery_level_update
09-01 18:13:03.855  2831  2831 D QtiCarrierConfigHelper: WARNING, no carrier configs on phone Id: 0
09-01 18:13:03.856  1724  5458 V LocSvc_HIDL_Subscription_jni: [battery_level_update][931] [HC] =>> [HS]
09-01 18:13:03.856   692   692 V LocSvc_HIDL_IzatSubscription: [batteryLevelUpdate][777] [HS] <<<<= [HC]
09-01 18:13:03.856  1724  5458 V LocSvc_HIDL_Subscription_jni: Exit Result 0
09-01 18:13:03.858 13770 13770 D TESDownloadManager: AppSystemReceiver onReceive
09-01 18:13:03.858 13770 13770 D TESDownloadManager: action:android.intent.action.BATTERY_CHANGED
09-01 18:13:03.858  1724  1724 D FeatureService: onReceive action android.intent.action.BATTERY_CHANGED
09-01 18:13:03.892 10614 10746 D MSF.C.DeepSleepDetector: [run] count after++: 15
09-01 18:13:04.065 28857 28884 I cn.missevan: Explicit concurrent copying GC freed 1911(495KB) AllocSpace objects, 0(0B) LOS objects, 50% free, 20MB/41MB, paused 471us total 229.553ms
09-01 18:13:04.173  1724  4404 D NotificationService: DEBUG_OVERRIDE_NOTIFY:enqueueNotificationWithTag pkg=cn.missevan opPkg=cn.missevantag=null notification=Notification(channel=LEAKCANARY_LOW pri=0 contentView=null vibrate=null sound=null defaults=0x0 flags=0x10 color=0x00000000 groupKey=LEAKCANARY_LOW vis=PRIVATE internalType=0 internalPriority=0 internalGroupPriority=0 internalFlag=0) userId =0
09-01 18:13:04.173  1724  4404 V NotificationService: enqueueNotificationInternal: pkg=cn.missevan id=2131429467 notification=Notification(channel=LEAKCANARY_LOW pri=0 contentView=null vibrate=null sound=null defaults=0x0 flags=0x10 color=0x00000000 groupKey=LEAKCANARY_LOW vis=PRIVATE internalType=0 internalPriority=0 internalGroupPriority=0 internalFlag=0)
09-01 18:13:04.174  1724  4404 E NotificationService: Suppressing notification from package by user request.
09-01 18:13:04.300 13770 13812 I ZPlanGuardManager: onBackgroundTimeTick, tick=70
09-01 18:13:04.560   717   717 I SurfaceFlinger: FPS: 11
09-01 18:13:05.015  1724  2178 I chatty  : uid=1000(system) AutobacklightTh identical 5 lines
09-01 18:13:05.232  2404  2404 D KeyguardUpdateMonitor: received broadcast android.intent.action.BATTERY_CHANGED
09-01 18:13:05.234  2746  2746 D AIE-Bolts-Task: New thread: BoltsBgPool-thread-3475
09-01 18:13:05.235  6559  6559 D HeadsetPhoneState: sendDeviceStateChanged. mService=0 mIsSimStateLoaded=false mSignal=0 mRoam=0 mBatteryCharge=2
09-01 18:13:05.235  2831  2831 D QtiCarrierConfigHelper: WARNING, no carrier configs on phone Id: 0
09-01 18:13:05.236  1724  5458 V LocSvc_HIDL_Subscription_jni: battery_level_update
09-01 18:13:05.236  1724  1724 D FeatureService: onReceive action android.intent.action.BATTERY_CHANGED
09-01 18:13:05.237  1724  1724 D FeatureService: onReceive action android.intent.action.BATTERY_CHANGED
09-01 18:13:05.239  1724  5458 V LocSvc_HIDL_Subscription_jni: [battery_level_update][931] [HC] =>> [HS]
09-01 18:13:05.239   692   692 V LocSvc_HIDL_IzatSubscription: [batteryLevelUpdate][777] [HS] <<<<= [HC]
09-01 18:13:05.239 13770 13770 D TESDownloadManager: AppSystemReceiver onReceive
09-01 18:13:05.239 13770 13770 D TESDownloadManager: action:android.intent.action.BATTERY_CHANGED
09-01 18:13:05.239  1724  5458 V LocSvc_HIDL_Subscription_jni: Exit Result 0
09-01 18:13:05.243  2404  2404 D KeyguardUpdateMonitor: handleBatteryUpdate
09-01 18:13:05.361 13770 14157 I SmartThreadExecutor: handleMessage: start check 1
09-01 18:13:05.361 13770 14157 I SmartThreadExecutor: handleMessage: check end 1 -32 false
09-01 18:13:05.569   717   717 I SurfaceFlinger: FPS: 11
09-01 18:13:06.415 28857 28884 I cn.missevan: Explicit concurrent copying GC freed 1847(512KB) AllocSpace objects, 0(0B) LOS objects, 50% free, 21MB/42MB, paused 402us total 239.127ms
09-01 18:13:06.304  1724  2178 I chatty  : uid=1000(system) AutobacklightTh identical 6 lines
09-01 18:13:06.524  1724  9731 D NotificationService: DEBUG_OVERRIDE_NOTIFY:enqueueNotificationWithTag pkg=cn.missevan opPkg=cn.missevantag=null notification=Notification(channel=LEAKCANARY_LOW pri=0 contentView=null vibrate=null sound=null defaults=0x0 flags=0x10 color=0x00000000 groupKey=LEAKCANARY_LOW vis=PRIVATE internalType=0 internalPriority=0 internalGroupPriority=0 internalFlag=0) userId =0
09-01 18:13:06.525  1724  9731 V NotificationService: enqueueNotificationInternal: pkg=cn.missevan id=2131429467 notification=Notification(channel=LEAKCANARY_LOW pri=0 contentView=null vibrate=null sound=null defaults=0x0 flags=0x10 color=0x00000000 groupKey=LEAKCANARY_LOW vis=PRIVATE internalType=0 internalPriority=0 internalGroupPriority=0 internalFlag=0)
09-01 18:13:06.525  1724  9731 E NotificationService: Suppressing notification from package by user request.
09-01 18:13:06.572   717   717 I SurfaceFlinger: FPS: 10
09-01 18:13:07.371 10614 10746 D MemoryCeilingMonitor: [handleMemoryCalculate]
