09-01 18:12:16.824 13152 13379 E libc    : Access denied finding property "vendor.camera.aux.packagelist"
09-01 18:12:21.229  1724  3767 E ActivityTrigger: activityStartTrigger: not whiteListedio.appium.settings/io.appium.settings.Settings/27
09-01 18:12:21.230  1724  3767 E ActivityTrigger: activityResumeTrigger: not whiteListedio.appium.settings/io.appium.settings.Settings/27
09-01 18:12:21.233  1724  2023 E BackgroundFallback: initVivoBgFallback callstackcom.android.internal.policy.DecorView.<init>:378 com.android.internal.policy.PhoneWindow.generateDecor:2421 com.android.internal.policy.PhoneWindow.installDecor:2800 com.android.internal.policy.PhoneWindow.getDecorView:2163 com.android.server.policy.PhoneWindowManager.addSplashScreen:4017 com.android.server.wm.SplashScreenStartingData.createStartingSurface:56 com.android.server.wm.AppWindowContainerController$1.run:155 android.os.Handler.handleCallback:873 android.os.Handler.dispatchMessage:99 android.os.Looper.loop:224
09-01 18:12:21.274  1724  3767 E ActivityTrigger: activityResumeTrigger: not whiteListedio.appium.settings/io.appium.settings.Settings/27
09-01 18:12:21.289   717   933 E         : IProducerListener: malformed binder reply
09-01 18:12:21.421  1724  2178 I chatty  : uid=1000(system) AutobacklightTh identical 70 lines
09-01 18:12:21.644  1724  9731 E WindowManager: App trying to use insecure INPUT_FEATURE_NO_INPUT_CHANNEL flag. Ignoring
09-01 18:12:21.668  1724  1724 D NotificationService: handleSavePolicyFile
09-01 18:12:21.670 31324 31324 W Notification: Use of stream types is deprecated for operations other than volume control
09-01 18:12:21.670 31324 31324 W Notification: See the documentation of setSound() for what to use instead with android.media.AudioAttributes to qualify your playback use case
09-01 18:12:21.680  1724  1852 V NotificationService: enqueueNotificationInternal: pkg=io.appium.settings id=1 notification=Notification(channel=main_channel pri=0 contentView=null vibrate=null sound=null defaults=0x0 flags=0x40 color=0x00000000 vis=PRIVATE internalType=0 internalPriority=0 internalGroupPriority=0 internalFlag=0)
09-01 18:12:21.681  1724  1852 E NotificationService: Suppressing notification from package by user request.
09-01 18:12:21.721 31324 31359 I Adreno  : QUALCOMM build                   : 9128d71, Ib33d3e8e13
09-01 18:12:21.721 31324 31359 I Adreno  : Build Date                       : 11/02/18
09-01 18:12:21.721 31324 31359 I Adreno  : OpenGL ES Shader Compiler Version: EV031.25.03.01
09-01 18:12:21.721 31324 31359 I Adreno  : Local Branch                     :
09-01 18:12:21.721 31324 31359 I Adreno  : Remote Branch                    :
09-01 18:12:21.721 31324 31359 I Adreno  : Remote Branch                    :
09-01 18:12:21.721 31324 31359 I Adreno  : Reconstruct Branch               :
09-01 18:12:21.721 31324 31359 I Adreno  : Build Config                     : S L 6.0.7 AArch64
09-01 18:12:21.728 31324 31359 I Adreno  : PFP: 0x005ff112, ME: 0x005ff066
09-01 18:12:21.733 31324 31359 I ConfigStore: android::hardware::configstore::V1_0::ISurfaceFlingerConfigs::hasWideColorDisplay retrieved: 0
09-01 18:12:21.733 31324 31359 I ConfigStore: android::hardware::configstore::V1_0::ISurfaceFlingerConfigs::hasHDRDisplay retrieved: 0
09-01 18:12:21.734 31324 31359 I OpenGLRenderer: Initialized EGL, version 1.4
09-01 18:12:21.734 31324 31359 D OpenGLRenderer: Swap behavior 2
09-01 18:12:21.747   717  4080 E         : IProducerListener: malformed binder reply
09-01 18:12:21.748   717   933 W SurfaceFlinger: Attempting to set client state on removed layer: Surface(name=AppWindowToken{6455dcc token=Token{35bebff ActivityRecord{ea5d71e u0 io.appium.settings/.Settings t137}}})/@0x33bf483 - animation-leash#0
09-01 18:12:21.748   717   933 W SurfaceFlinger: Attempting to destroy on removed layer: Surface(name=AppWindowToken{6455dcc token=Token{35bebff ActivityRecord{ea5d71e u0 io.appium.settings/.Settings t137}}})/@0x33bf483 - animation-leash#0
09-01 18:12:21.753 23979 23979 D logVersionTime: 20201215
09-01 18:12:21.801 23979 23979 D MainImeServiceDel: mHandler = 76
09-01 18:12:21.831  1724  1877 I ActivityManager: Displayed io.appium.settings/.Settings: +539ms
09-01 18:12:21.869 31324 31324 E LocationTracker: Appium Settings has no access to location permission
09-01 18:12:21.869 31324 31324 E LocationTracker: java.lang.SecurityException: Client must have ACCESS_COARSE_LOCATION or ACCESS_FINE_LOCATION permission to perform any location operations.
09-01 18:12:21.869 31324 31324 E LocationTracker: 	at android.os.Parcel.createException(Parcel.java:1950)
09-01 18:12:21.869 31324 31324 E LocationTracker: 	at android.os.Parcel.readException(Parcel.java:1918)
09-01 18:12:21.869 31324 31324 E LocationTracker: 	at android.os.Parcel.readException(Parcel.java:1868)
09-01 18:12:21.869 31324 31324 E LocationTracker: 	at com.google.android.gms.internal.location.zza.transactAndReadExceptionReturnVoid(Unknown Source:10)
09-01 18:12:21.869 31324 31324 E LocationTracker: 	at com.google.android.gms.internal.location.zzap.zza(Unknown Source:9)
09-01 18:12:21.869 31324 31324 E LocationTracker: 	at com.google.android.gms.internal.location.zzas.zza(Unknown Source:43)
09-01 18:12:21.869 31324 31324 E LocationTracker: 	at com.google.android.gms.internal.location.zzaz.zza(Unknown Source:5)
09-01 18:12:21.869 31324 31324 E LocationTracker: 	at com.google.android.gms.internal.location.zzr.doExecute(Unknown Source:25)
09-01 18:12:21.869 31324 31324 E LocationTracker: 	at com.google.android.gms.common.api.internal.BaseImplementation$ApiMethodImpl.run(Unknown Source:19)
09-01 18:12:21.869 31324 31324 E LocationTracker: 	at com.google.android.gms.common.api.internal.zaah.execute(Unknown Source:20)
09-01 18:12:21.869 31324 31324 E LocationTracker: 	at com.google.android.gms.common.api.internal.zabe.execute(Unknown Source:23)
09-01 18:12:21.869 31324 31324 E LocationTracker: 	at com.google.android.gms.common.api.internal.zaaw.execute(Unknown Source:74)
09-01 18:12:21.869 31324 31324 E LocationTracker: 	at com.google.android.gms.internal.location.zzq.requestLocationUpdates(Unknown Source:14)
09-01 18:12:21.869 31324 31324 E LocationTracker: 	at io.appium.settings.LocationTracker.onConnected(LocationTracker.java:101)
09-01 18:12:21.869 31324 31324 E LocationTracker: 	at com.google.android.gms.common.internal.GmsClientEventManager.onConnectionSuccess(Unknown Source:34)
09-01 18:12:21.869 31324 31324 E LocationTracker: 	at com.google.android.gms.common.api.internal.zaaw.zab(Unknown Source:292)
09-01 18:12:21.869 31324 31324 E LocationTracker: 	at com.google.android.gms.common.api.internal.zaak.zaaq(Unknown Source:125)
09-01 18:12:21.869 31324 31324 E LocationTracker: 	at com.google.android.gms.common.api.internal.zaak.onConnected(Unknown Source:105)
09-01 18:12:21.869 31324 31324 E LocationTracker: 	at com.google.android.gms.common.api.internal.zabe.onConnected(Unknown Source:101)
09-01 18:12:21.869 31324 31324 E LocationTracker: 	at com.google.android.gms.common.api.internal.zaq.onConnected(Unknown Source:6)
09-01 18:12:21.869 31324 31324 E LocationTracker: 	at com.google.android.gms.common.internal.zaf.onConnected(Unknown Source:2)
09-01 18:12:21.869 31324 31324 E LocationTracker: 	at com.google.android.gms.common.internal.BaseGmsClient$zzf.zzm(Unknown Source:24)
09-01 18:12:21.869 31324 31324 E LocationTracker: 	at com.google.android.gms.common.internal.BaseGmsClient$zza.zza(Unknown Source:12)
09-01 18:12:21.869 31324 31324 E LocationTracker: 	at com.google.android.gms.common.internal.BaseGmsClient$zzc.zzo(Unknown Source:11)
09-01 18:12:21.869 31324 31324 E LocationTracker: 	at com.google.android.gms.common.internal.BaseGmsClient$zzb.handleMessage(Unknown Source:48)
09-01 18:12:21.869 31324 31324 E LocationTracker: 	at android.os.Handler.dispatchMessage(Handler.java:106)
09-01 18:12:21.869 31324 31324 E LocationTracker: 	at android.os.Looper.loop(Looper.java:224)
09-01 18:12:21.869 31324 31324 E LocationTracker: 	at android.app.ActivityThread.main(ActivityThread.java:7042)
09-01 18:12:21.869 31324 31324 E LocationTracker: 	at java.lang.reflect.Method.invoke(Native Method)
09-01 18:12:21.869 31324 31324 E LocationTracker: 	at com.android.internal.os.RuntimeInit$MethodAndArgsCaller.run(RuntimeInit.java:536)
09-01 18:12:21.869 31324 31324 E LocationTracker: 	at com.android.internal.os.ZygoteInit.main(ZygoteInit.java:868)
09-01 18:12:21.869 31324 31324 D LocationTracker: Stopping Google Play Services location provider
09-01 18:12:21.885  1724  9731 D ActivityTrigger: ActivityTrigger activityStopTrigger
09-01 18:12:21.914 28857 28857 I BLOG    : [main] onActivityStopped: cn.missevan.activity.MainActivity@9eef725
09-01 18:12:21.916 28857 28857 I Player.SinglePlayerConnection: [main] updateAllConfig
09-01 18:12:21.918 29015 29029 I Player.BaseAidlPlayerService: [Binder:29015_3] updateConfig, configs: Bundle[mParcelledData.dataSize=32]
09-01 18:12:21.919 29015 29015 I Player.Aidl: [main] updateConfig
09-01 18:12:21.921 29015 29015 I Player.BBPlayer.core0: [main] updateConfig, suspend: true
09-01 18:12:21.923 29015 29015 I Player.AlphaVideoPlayerCore: [main] updateConfig, suspend: true
09-01 18:12:21.958   717   717 I SurfaceFlinger: FPS: 56
09-01 18:12:21.971 28857 28857 I MainFragment: [main] onStop
09-01 18:12:21.998   717   933 W SurfaceFlinger: Attempting to set client state on removed layer: Splash Screen io.appium.settings#0
09-01 18:12:21.998   717   933 W SurfaceFlinger: Attempting to destroy on removed layer: Splash Screen io.appium.settings#0
09-01 18:12:22.030 28857 28857 I Banner  : [main] banner pause loop
09-01 18:12:22.035 28857 28857 I chatty  : uid=10602(cn.missevan) identical 2 lines
09-01 18:12:22.036 28857 28857 I Banner  : [main] banner pause loop
09-01 18:12:22.037  1724  1746 I system_server: NativeAlloc concurrent copying GC freed 288265(12MB) AllocSpace objects, 61(2MB) LOS objects, 33% free, 47MB/71MB, paused 365us total 245.441ms
09-01 18:12:22.049  1724  1744 W System  : A resource failed to call close.
09-01 18:12:22.051 28857 28857 I awcn.AppLifeCycle:  onTrimMemory level:20
09-01 18:12:22.051 28857 28857 I awcn.AppLifeCycle:  notifyListener foreground:false
09-01 18:12:22.052 28857 28947 I awcn.SessionCenter: |[seq:[default]] [background]
09-01 18:12:22.052 28857 28947 I awcn.StrategyCenter:  saveData
09-01 18:12:22.052 28857 28947 I anet.HorseRaceDetector:  background
09-01 18:12:22.052 28857 28947 I awcn.SessionCenter: |[seq:umeng:546d7dd7fd98c58fc800082c] [background]
09-01 18:12:22.052 28857 28947 I awcn.StrategyCenter:  saveData
09-01 18:12:22.052 28857 30984 E anet.HorseRaceDetector:  network detect thread start
09-01 18:12:22.056 28857 28857 D Tinker.DefaultAppLike: [main] onTrimMemory level:20
09-01 18:12:22.070 28857 28963 I BLOG    : [RxCachedThreadScheduler-3] HTTP request: [2022-09-01T10:12:21.952Z] GET https://data.uat.missevan.com/v2/site/notifications?active=0 200 104ms 0
09-01 18:12:22.072 28857 28962 I CronetEngine: [thread_background]
09-01 18:12:22.072 28857 28962 I CronetEngine: url: https://data.uat.missevan.com/v2/site/notifications?active=0
09-01 18:12:22.072 28857 28962 I CronetEngine:  ip: 10.21.250.10
09-01 18:12:22.072 28857 28962 I CronetEngine:  hostResolverProvider:
09-01 18:12:22.072 28857 28962 I CronetEngine:  hostResolveIps: []
09-01 18:12:22.072 28857 28962 I CronetEngine:
09-01 18:12:22.098  1724 14890 D PackageManager: package:1000 check permission,PERMISSION_GRANTED
09-01 18:12:22.099  1724  1853 D UiModeManager: onForegroundActivitiesChanged: pid=28857, uid=10602, foregroundActivities=false
09-01 18:12:22.100  1724  2931 D PackageManager: package:1000 check permission,PERMISSION_GRANTED
09-01 18:12:22.236 28857 28962 I CronetEngine: [thread_background]
09-01 18:12:22.236 28857 28962 I CronetEngine: url: https://data.uat.missevan.com/statistics/collect-events
09-01 18:12:22.236 28857 28962 I CronetEngine:  ip: 10.21.250.10
09-01 18:12:22.236 28857 28962 I CronetEngine:  hostResolverProvider:
09-01 18:12:22.236 28857 28962 I CronetEngine:  hostResolveIps: []
09-01 18:12:22.236 28857 28962 I CronetEngine:
09-01 18:12:22.357  1724  2178 I chatty  : uid=1000(system) AutobacklightTh identical 1 line
09-01 18:12:22.617  1724 14890 D ActivityTrigger: ActivityTrigger activityPauseTrigger
09-01 18:12:22.625  1724 14890 W ActivityManager: vivo occlude resumeTop canOccclude = false next.occlude = false
09-01 18:12:22.625  1724 14890 D ActivityTrigger: activityResumeTrigger: The activity in ApplicationInfo{aff8133 cn.missevan} is now in focus and seems to be in full-screen mode
09-01 18:12:22.625  1724 14890 E ActivityTrigger: activityResumeTrigger: not whiteListedcn.missevan/cn.missevan.activity.MainActivity/5070300
09-01 18:12:22.666  1724  2931 D PackageManager: package:1000 check permission,PERMISSION_GRANTED
09-01 18:12:22.666  1724  1853 D PackageManager: package:1000 check permission,PERMISSION_GRANTED
09-01 18:12:22.666  1724  9731 D PackageManager: package:1000 check permission,PERMISSION_GRANTED
09-01 18:12:22.667  1724  3997 D PackageManager: package:1002 check permission,PERMISSION_GRANTED
09-01 18:12:22.668 28857 28857 W MainActivity: [main] Notice Network change type
09-01 18:12:22.669  1724  1853 D UiModeManager: onForegroundActivitiesChanged: pid=28857, uid=10602, foregroundActivities=true
09-01 18:12:22.672  1724  3997 D PackageManager: package:1000 check permission,PERMISSION_GRANTED
09-01 18:12:22.672  1724  4404 D PackageManager: package:1000 check permission,PERMISSION_GRANTED
09-01 18:12:22.672 28857 28857 D BLOG    : [main] MainActivity onRestart()...
09-01 18:12:22.673  1724  9731 D PackageManager: package:1000 check permission,PERMISSION_GRANTED
09-01 18:12:22.679  1724  9731 D PackageManager: package:1000 check permission,PERMISSION_GRANTED
09-01 18:12:22.679 28857 28857 I BLOG    : [main] onActivityStared: cn.missevan.activity.MainActivity@9eef725
09-01 18:12:22.680 28857 28857 I Player.SinglePlayerConnection: [main] updateAllConfig
09-01 18:12:22.681 29015 29029 I Player.BaseAidlPlayerService: [Binder:29015_3] updateConfig, configs: Bundle[mParcelledData.dataSize=32]
09-01 18:12:22.682 29015 29015 I Player.Aidl: [main] updateConfig
09-01 18:12:22.683 29015 29015 I Player.BBPlayer.core0: [main] updateConfig, suspend: false
09-01 18:12:22.684 29015 29015 I Player.AlphaVideoPlayerCore: [main] updateConfig, suspend: false
09-01 18:12:22.691 28857 28857 W Glide   : Load failed for null with size [0x0]
09-01 18:12:22.691 28857 28857 W Glide   : class com.bumptech.glide.load.a.q: Received null model
09-01 18:12:22.692 28857 28857 I chatty  : uid=10602(cn.missevan) identical 2 lines
09-01 18:12:22.694 28857 28857 W Glide   : Load failed for null with size [0x0]
09-01 18:12:22.694 28857 28857 W Glide   : class com.bumptech.glide.load.a.q: Received null model
09-01 18:12:22.720 28857 28857 I awcn.AppLifeCycle:  notifyListener foreground:true
09-01 18:12:22.720 28857 28947 I awcn.SessionCenter: |[seq:[default]] [forground]
09-01 18:12:22.720 28857 28857 I BLOG    : [main] onActivityResumed: cn.missevan.activity.MainActivity@9eef725
09-01 18:12:22.720 28857 28947 I awcn.SessionCenter: |[seq:umeng:546d7dd7fd98c58fc800082c] [forground]
09-01 18:12:22.720 28857 28947 D awcn.StrategyCenter:  getSchemeByHost host:umengacs.m.taobao.com scheme:https
09-01 18:12:22.721 28857 28947 D awcn.SessionCenter: |[seq:umeng:546d7dd7fd98c58fc800082c] getInternal u:https://umengacs.m.taobao.com sessionType:LongLink timeout:0
09-01 18:12:22.721 28857 28947 D awcn.StrategyCenter:  getSchemeByHost host:umengacs.m.taobao.com scheme:https
09-01 18:12:22.721 28857 28947 D awcn.SessionCenter: |[seq:umeng:546d7dd7fd98c58fc800082c] get internal hit cache session session:Session@[umeng:546d7dd7fd98c58fc800082c.AWCN1_1|http2_0rtt_acs]
09-01 18:12:22.724  1724  3997 D PackageManager: package:10602 check permission,PERMISSION_GRANTED
09-01 18:12:22.731  1724  3997 D PackageManager: package:10602 check permission,PERMISSION_GRANTED
09-01 18:12:22.733 28857 28923 D MobclickAgent: : F6B3D2F4F5393E46ECBB80AF4BFFB630
09-01 18:12:22.740 28857 28923 D UMLog   : : 90 https://developer.umeng.com/docs/66632/detail/66976?um_channel=sdk
09-01 18:12:22.745 28857 28923 D MobclickAgent:  : ReportByInterval
09-01 18:12:22.745 28857 28923 D UMLog   : : 90 https://developer.umeng.com/docs/66632/detail/66976?um_channel=sdk
09-01 18:12:22.758 28857 28857 I Banner  : [main] banner resume loop
09-01 18:12:22.759 28857 28857 I Banner  : [main] banner resume loop
09-01 18:12:22.760 28857 28857 I chatty  : uid=10602(cn.missevan) identical 1 line
09-01 18:12:22.761 28857 28857 I Banner  : [main] banner resume loop
09-01 18:12:22.776 28857 28962 I CronetEngine: [thread_background]
09-01 18:12:22.776 28857 28962 I CronetEngine: url: https://data.uat.missevan.com/v2/site/notifications?active=1
09-01 18:12:22.776 28857 28962 I CronetEngine:  ip: 10.21.250.10
09-01 18:12:22.776 28857 28962 I CronetEngine:  hostResolverProvider:
09-01 18:12:22.776 28857 28962 I CronetEngine:  hostResolveIps: []
09-01 18:12:22.776 28857 28962 I CronetEngine:
09-01 18:12:22.778  1724  2167 D CompatibilityInfo: mCompatibilityFlags - 0
09-01 18:12:22.778  1724  2167 D CompatibilityInfo: applicationDensity - 480
09-01 18:12:22.778  1724  2167 D CompatibilityInfo: applicationScale - 1.0
09-01 18:12:22.781 28857 29381 I BLOG    : [RxCachedThreadScheduler-10] HTTP request: [2022-09-01T10:12:22.685Z] GET https://data.uat.missevan.com/v2/site/notifications?active=1 200 87ms 0
09-01 18:12:22.785   717   933 E         : IProducerListener: malformed binder reply
09-01 18:12:22.788 28857 28962 I CronetEngine: [thread_background]
09-01 18:12:22.788 28857 28962 I CronetEngine: url: http://static-test.missevan.com/dramacoversmini/201709/07/1f7769e03f2eeafbf233803f7c16b360192304.png?x-oss-process=image/resize,w_306/format,webp
09-01 18:12:22.788 28857 28962 I CronetEngine:  ip: 101.89.125.238
09-01 18:12:22.788 28857 28962 I CronetEngine:  hostResolverProvider:
09-01 18:12:22.788 28857 28962 I CronetEngine:  hostResolveIps: []
09-01 18:12:22.788 28857 28962 I CronetEngine:
09-01 18:12:22.796 28857 28962 I CronetEngine: [thread_background]
09-01 18:12:22.796 28857 28962 I CronetEngine: url: http://static-test.maoercdn.com/coversmini/201601/20/cd4be63a2f5a994c4bf03ca1ed9e6416174510.png?x-oss-process=image/resize,w_306/format,webp
09-01 18:12:22.796 28857 28962 I CronetEngine:  ip: 117.27.226.218
09-01 18:12:22.796 28857 28962 I CronetEngine:  hostResolverProvider:
09-01 18:12:22.796 28857 28962 I CronetEngine:  hostResolveIps: []
09-01 18:12:22.796 28857 28962 I CronetEngine:
09-01 18:12:22.803 28857 28962 I CronetEngine: [thread_background]
09-01 18:12:22.803 28857 28962 I CronetEngine: url: http://static-test.missevan.com/dramacoversmini/201604/20/57a934f8d31a7ace356108ae3526c419151604.jpg?x-oss-process=image/resize,w_306/format,webp
09-01 18:12:22.803 28857 28962 I CronetEngine:  ip: 101.89.125.238
09-01 18:12:22.803 28857 28962 I CronetEngine:  hostResolverProvider:
09-01 18:12:22.803 28857 28962 I CronetEngine:  hostResolveIps: []
09-01 18:12:22.803 28857 28962 I CronetEngine:
09-01 18:12:22.804 28857 28962 I CronetEngine: [thread_background]
09-01 18:12:22.804 28857 28962 I CronetEngine: url: https://www.uat.missevan.com/files/2021-07-08/dc6eb90c968aa330313818387a792dd1.jpg?x-oss-process=image/resize,w_996/format,webp
09-01 18:12:22.804 28857 28962 I CronetEngine:  ip: 10.21.250.10
09-01 18:12:22.804 28857 28962 I CronetEngine:  hostResolverProvider:
09-01 18:12:22.804 28857 28962 I CronetEngine:  hostResolveIps: []
09-01 18:12:22.804 28857 28962 I CronetEngine:
09-01 18:12:22.813 28857 28962 I CronetEngine: [thread_background]
09-01 18:12:22.813 28857 28962 I CronetEngine: url: http://static-test.maoercdn.com/coversmini/201703/13/5e1d767295e0c11175ff2f90290e5a8e203835.jpg?x-oss-process=image/resize,w_306/format,webp
09-01 18:12:22.813 28857 28962 I CronetEngine:  ip: 115.236.155.238
09-01 18:12:22.813 28857 28962 I CronetEngine:  hostResolverProvider:
09-01 18:12:22.813 28857 28962 I CronetEngine:  hostResolveIps: []
09-01 18:12:22.813 28857 28962 I CronetEngine:
09-01 18:12:22.815   717  2381 E         : IProducerListener: malformed binder reply
09-01 18:12:22.819 28857 28962 I CronetEngine: [thread_background]
09-01 18:12:22.819 28857 28962 I CronetEngine: url: http://static-test.maoercdn.com/coversmini/201612/09/e7c844dda7014cdcbfd69fdade5d0e05185820.jpg?x-oss-process=image/resize,w_274/format,webp
09-01 18:12:22.819 28857 28962 I CronetEngine:  ip: 117.27.226.218
09-01 18:12:22.819 28857 28962 I CronetEngine:  hostResolverProvider:
09-01 18:12:22.819 28857 28962 I CronetEngine:  hostResolveIps: []
09-01 18:12:22.819 28857 28962 I CronetEngine:
09-01 18:12:22.824 28518 28518 I SurfaceView: updateSystemUiVisibility, blackBackground = false, viewVisibility = 0, appBounds = Rect(0, 0 - 70, 70), mScreenRect = Rect(70, 0 - 140, 70), surface = android.view.SurfaceView{c58bb5d V.E...... ......ID 0,0-70,70}
09-01 18:12:22.824 28518 31374 E libc    : Access denied finding property "vendor.camera.aux.packagelist"
09-01 18:12:22.825   982 12186 E CameraService: getNumberOfCameras: ++++ get number of camera 3 mNumberOfCameras 3 mNumberOfNormalCameras 0 +++++++
09-01 18:12:22.827   982 12186 I CameraService: CameraService::connect call (PID 28518 "com.bbk.facewake", camera ID 1) for HAL version default and Camera API version 1
09-01 18:12:22.827   982 12186 D         : AutoConditionLock: waitAndAcquire E.
09-01 18:12:22.827   982 12186 D         : AutoConditionLock: timeout.
09-01 18:12:22.827   982 12186 D         : AutoConditionLock: index = 0 wait to get scopedLock TempRet 0.
09-01 18:12:22.827   982 12186 D         : AutoConditionLock: TempRet 0 exit loop.
09-01 18:12:22.827   982 12186 D         : AutoConditionLock: waitAndAcquire X.
09-01 18:12:22.827   982 12186 I CameraService: Incoming clientPid(28518) packageName(com.bbk.facewake) priorities(500)
09-01 18:12:22.828   982 12186 D CameraService: makeClient: mVivoCameraDevice setPropertyValue begin
09-01 18:12:22.831 28857 28962 I CronetEngine: [thread_background]
09-01 18:12:22.831 28857 28962 I CronetEngine: url: http://static-test.missevan.com/dramacoversmini/201604/15/b704a6b3f25d1874f17c494effdb8e54082150.jpg?x-oss-process=image/resize,w_306/format,webp
09-01 18:12:22.831 28857 28962 I CronetEngine:  ip: 101.89.125.238
09-01 18:12:22.831 28857 28962 I CronetEngine:  hostResolverProvider:
09-01 18:12:22.831 28857 28962 I CronetEngine:  hostResolveIps: []
09-01 18:12:22.831 28857 28962 I CronetEngine:
09-01 18:12:22.832   982 12186 D CameraService: makeClient: mVivoCameraDevice setPropertyValue end
09-01 18:12:22.832   982 12186 D CameraService: makeClient: mVivoCameraDevice setPropertyValue begin
09-01 18:12:22.832   982 12186 D CameraService: makeClient: mVivoCameraDevice setPropertyValue end
09-01 18:12:22.832   982 31375 V MediaPlayerNative: constructor
09-01 18:12:22.832   715  3178 V AudioFlinger: acquiring 5769 from 982, for -1
09-01 18:12:22.832   715  3178 V AudioFlinger:  added new entry for 5769
09-01 18:12:22.832   982 31375 V MediaPlayerNative: setDataSource(/system/media/audio/ui/camera_click.ogg)
09-01 18:12:22.833   990 20907 V MediaPlayerService: Client(119) constructor
09-01 18:12:22.833   990 20907 V MediaPlayerService: Create new client(119) from pid 982, uid 1047,
09-01 18:12:22.828  9434  9434 W Binder:9434_2: type=1400 audit(0.0:77918): avc: denied { read } for name="u:object_r:vendor_camera_prop:s0" dev="tmpfs" ino=12502 scontext=u:r:system_app:s0 tcontext=u:object_r:vendor_camera_prop:s0 tclass=file permissive=0
09-01 18:12:22.828  2786  2786 W Binder:2786_7: type=1400 audit(0.0:77919): avc: denied { read } for name="u:object_r:vendor_camera_prop:s0" dev="tmpfs" ino=12502 scontext=u:r:system_app:s0 tcontext=u:object_r:vendor_camera_prop:s0 tclass=file permissive=0
09-01 18:12:22.828 13152 13152 W Binder:13152_3: type=1400 audit(0.0:77920): avc: denied { read } for name="u:object_r:vendor_camera_prop:s0" dev="tmpfs" ino=12502 scontext=u:r:system_app:s0 tcontext=u:object_r:vendor_camera_prop:s0 tclass=file permissive=0
09-01 18:12:22.833   990 20907 V MediaPlayerService: setDataSource(/system/media/audio/ui/camera_click.ogg)
09-01 18:12:22.833   990 20907 V MediaPlayerService: player type = 4
09-01 18:12:22.834   990 20907 D NuPlayerDriver: NuPlayerDriver(0xec246da0) created, clientPid(982)
09-01 18:12:22.834  9434  9452 E libc    : Access denied finding property "vendor.camera.aux.packagelist"
09-01 18:12:22.834  2786 30757 E libc    : Access denied finding property "vendor.camera.aux.packagelist"
09-01 18:12:22.835 13152 13379 E libc    : Access denied finding property "vendor.camera.aux.packagelist"
09-01 18:12:22.835   982 12186 I CameraHardwareInterface: Opening camera 1
09-01 18:12:22.835   673 13700 I CamDev@1.0-impl: Opening camera 1
09-01 18:12:22.836   990 20907 D NuPlayer: NuPlayer::setUID  pid:982, uid:1047
09-01 18:12:22.838   673 13700 I QCamera2HWI: vivoGetAppType apptype 16
09-01 18:12:22.838   673 13700 I QCamera2HWI: vivoGetAppType res 16
09-01 18:12:22.839   673 13700 E libc    : Access denied finding property "vidhance.stabilizer.previewEnabled"
09-01 18:12:22.839   673 13700 E libc    : Access denied finding property "persist.sys.log.ctrl"
09-01 18:12:22.839   673 13700 E libc    : Access denied finding property "camera.algo.facebeauty"
09-01 18:12:22.839   673 13700 E libc    : Access denied finding property "camera.algo.fronthdr"
09-01 18:12:22.839   673 13700 E libc    : Access denied finding property "camera.algo.backhdr"
09-01 18:12:22.839   673 13700 E libc    : Access denied finding property "camera.algo.singblur"
09-01 18:12:22.839   673 13700 E libc    : Access denied finding property "persist.algo.origin"
09-01 18:12:22.839   673 13700 D ArcsoftProc: initOnNewThread start aaa
09-01 18:12:22.840   673 13700 D ArcsoftProc: initOnNewThread start bbb
09-01 18:12:22.840   673 13700 D ArcsoftProc: initOnNewThread start ccc
09-01 18:12:22.840   673 13700 E libc    : Access denied finding property "camera.dualcamera.sim"
09-01 18:12:22.840   673 13700 E         : yyan mm_pp_util_get_pp_dev_name check: msm_config
09-01 18:12:22.840   673 13700 E         : yyan mm_pp_util_get_pp_dev_name check: msm_dummy
09-01 18:12:22.840   673 13700 E         : yyan mm_pp_util_get_pp_dev_name check: msm_postproc
09-01 18:12:22.841   673 13700 E         : 359 found msm_postproc device
09-01 18:12:22.841   673 13700 E         : vivo MEDIA_IOC_ENUM_ENTITIES: video2
09-01 18:12:22.841   990 20907 V AudioSink: AudioOutput(5769)
09-01 18:12:22.828   673   673 W HwBinder:673_3: type=1400 audit(0.0:77921): avc: denied { read } for name="u:object_r:default_prop:s0" dev="tmpfs" ino=12412 scontext=u:r:hal_camera_default:s0 tcontext=u:object_r:default_prop:s0 tclass=file permissive=0
09-01 18:12:22.842   990 20907 V NuPlayerDriver: setDataSource(0xec246da0) url(<no-scheme URI suppressed>)
09-01 18:12:22.842   990 31378 D NuPlayer: kWhatSetAudioSink
09-01 18:12:22.842   990 31378 D NuPlayer: kWhatSetDataSource
09-01 18:12:22.842   673 13700 E         : get_session_id done: video_fd=0x14, session id = 2, rc = 0
09-01 18:12:22.842   673 13700 E         :  yyan  pp_util_open_pp_dev_session done, error = 0, session id = 2, video_fd = 20
09-01 18:12:22.842   673 13700 E         :
09-01 18:12:22.842   673 13700 E         : yyan  pp_util_open_vis_session()  calling mm_camera_shim_open_session_type, session_id = 2
09-01 18:12:22.842   673 13700 E         :    yyan vis_start_session_type:0, id = 2
09-01 18:12:22.842   673 13700 E         : yyan vis_start_session_type pproc_only, mod name is pproc
09-01 18:12:22.843   673 31386 E libc    : Access denied finding property "persist.cam.pp.feat.mask"
09-01 18:12:22.843 28857 28962 I CronetEngine: [thread_background]
09-01 18:12:22.843 28857 28962 I CronetEngine: url: http://static-test.missevan.com/dramacoversmini/201604/20/eea18b9f2f56bca5141a9217f1d98713164419.jpg?x-oss-process=image/resize,w_306/format,webp
09-01 18:12:22.843 28857 28962 I CronetEngine:  ip: 101.89.125.248
09-01 18:12:22.843 28857 28962 I CronetEngine:  hostResolverProvider:
09-01 18:12:22.843 28857 28962 I CronetEngine:  hostResolveIps: []
09-01 18:12:22.843 28857 28962 I CronetEngine:
09-01 18:12:22.844   990 20907 V MediaPlayerService:  setDataSource
09-01 18:12:22.845   982 31375 V MediaPlayerNative: MediaPlayer::setAudioStreamType
09-01 18:12:22.845   982 31375 V MediaPlayerNative: prepare
09-01 18:12:22.845   990 15472 V MediaPlayerService: [119] setAudioStreamType(7)
09-01 18:12:22.846   673 13700 E         : yyan mct_stream_start_link - use param_pp_mod = 0xe96375f8
09-01 18:12:22.846   673 13700 E         : yyan mct_controller_new done for session =2  with code 0
09-01 18:12:22.846   673 13700 E         :   pp_util_open_vis_session done, error code =  0
09-01 18:12:22.846   673 13700 E         :   pp_util_open_vis_session done, ctrl_fd =  20, session id = 2
09-01 18:12:22.846   990 15472 V MediaPlayerService: [119] prepareAsync
09-01 18:12:22.846   990 15472 V NuPlayerDriver: prepareAsync(0xec246da0)
09-01 18:12:22.847   990 31389 I GenericSource: onPrepareAsync: mDataSource: 0
09-01 18:12:22.847   990 31389 V MediaExtractorFactory: MediaExtractorFactory::Create (null)
09-01 18:12:22.847   990 31389 V MediaExtractorFactory: get service manager
09-01 18:12:22.849   988  2430 V MediaExtractorService: @@@ MediaExtractorService::makeExtractor for (null)
09-01 18:12:22.851   988  2430 V MediaExtractorFactory: MediaExtractorFactory::CreateFromService (null)
09-01 18:12:22.853   673 31387 E         : cpp_thread_func open_subdev, rc = 0
09-01 18:12:22.853   673 31387 E         : cpp_thread_func, stream_type = 14
09-01 18:12:22.854   717   717 I ConfigStore: android::hardware::configstore::V1_0::ISurfaceFlingerConfigs::hasHDRDisplay retrieved: 0
09-01 18:12:22.854   988  2430 I ContentPipe: cache heat 0.00(1/1), cache efficiency 0.008(32/4096)
09-01 18:12:22.854   988  2430 I MMParserExtractor: Created(0x768ee6e880)
09-01 18:12:22.855   988  2430 I ContentPipe: cache heat 0.00(1/1), cache efficiency 0.008(32/4096)
09-01 18:12:22.856   988  2430 V MediaExtractorFactory: Created an extractor 'MMParserExtractor' with confidence 0.80
09-01 18:12:22.857   988  2430 V MediaExtractorService: extractor service created 0x768ee38dc0 (MMParserExtractor)
09-01 18:12:22.861   990 31389 I GenericSource: finishPrepareAsync
09-01 18:12:22.861   990 31389 W BpMediaSource: ignoring potentially modified MetaData from start
09-01 18:12:22.861   990 31389 W BpMediaSource: input:
09-01 18:12:22.861   990 31389 I MetaDataBase: extf: (int32_t) 2
09-01 18:12:22.861   990 31389 W BpMediaSource: output:
09-01 18:12:22.861   990 31389 I MetaDataBase: extf: (int32_t) 2
09-01 18:12:22.861   990 31389 I GenericSource: onPrepareAsync: Done
09-01 18:12:22.862   990 31378 V NuPlayerDriver: notifyPrepareCompleted 0
09-01 18:12:22.862   990 31378 D NuPlayerDriver: notifyListener_l(0xec246da0), (1, 0, 0, -1), loop setting(0, 0)
09-01 18:12:22.862   990 31378 V MediaPlayerService: [119] notify (1, 0, 0)
09-01 18:12:22.865   982 14800 V MediaPlayerNative: message received msg=1, ext1=0, ext2=0
09-01 18:12:22.865   982 14800 V MediaPlayerNative: MediaPlayer::notify() prepared
09-01 18:12:22.865   982 14800 V MediaPlayerNative: signal application thread
09-01 18:12:22.865   982 31375 V MediaPlayerNative: prepare complete - status=0
09-01 18:12:22.865   982 31375 V MediaPlayerNative: constructor
09-01 18:12:22.866   715  3178 V AudioFlinger: acquiring 5777 from 982, for -1
09-01 18:12:22.866   715  3178 V AudioFlinger:  added new entry for 5777
09-01 18:12:22.866   982 31375 V MediaPlayerNative: setDataSource(/system/media/audio/ui/VideoRecord.ogg)
09-01 18:12:22.866   990 15472 V MediaPlayerService: Client(120) constructor
09-01 18:12:22.867   990 15472 V MediaPlayerService: Create new client(120) from pid 982, uid 1047,
09-01 18:12:22.867   990 15472 V MediaPlayerService: setDataSource(/system/media/audio/ui/VideoRecord.ogg)
09-01 18:12:22.867   990 15472 V MediaPlayerService: player type = 4
09-01 18:12:22.867   990 15472 D NuPlayerDriver: NuPlayerDriver(0xec2455e0) created, clientPid(982)
09-01 18:12:22.867   990 15472 D NuPlayer: NuPlayer::setUID  pid:982, uid:1047
09-01 18:12:22.868 28857 28962 I CronetEngine: [thread_background]
09-01 18:12:22.868 28857 28962 I CronetEngine: url: http://static-test.maoercdn.com/coversmini/201701/24/dbade74b0ab95375c343fdbe3f89aff6095445.png?x-oss-process=image/resize,w_274/format,webp
09-01 18:12:22.868 28857 28962 I CronetEngine:  ip: 117.27.226.218
09-01 18:12:22.868 28857 28962 I CronetEngine:  hostResolverProvider:
09-01 18:12:22.868 28857 28962 I CronetEngine:  hostResolveIps: []
09-01 18:12:22.868 28857 28962 I CronetEngine:
09-01 18:12:22.870 23979 23979 D logVersionTime: 20201215
09-01 18:12:22.871 28857 28857 W Glide   : Load failed for http://static-test.missevan.com/dramacoversmini/201709/07/1f7769e03f2eeafbf233803f7c16b360192304.png with size [306x306]
09-01 18:12:22.871 28857 28857 W Glide   : class com.bumptech.glide.load.a.q: Failed to load resource
09-01 18:12:22.871 28857 28857 W Glide   : There was 1 root cause:
09-01 18:12:22.871 28857 28857 W Glide   : com.bumptech.glide.load.e(Not Found, status code: 404)
09-01 18:12:22.871 28857 28857 W Glide   :  call GlideException#logRootCauses(String) for more detail
09-01 18:12:22.871 28857 28857 W Glide   :   Cause (1 of 1): class com.bumptech.glide.load.a.q: Fetching data failed, class java.io.InputStream, REMOTE
09-01 18:12:22.871 28857 28857 W Glide   : There was 1 root cause:
09-01 18:12:22.871 28857 28857 W Glide   : com.bumptech.glide.load.e(Not Found, status code: 404)
09-01 18:12:22.871 28857 28857 W Glide   :  call GlideException#logRootCauses(String) for more detail
09-01 18:12:22.871 28857 28857 W Glide   :     Cause (1 of 1): class com.bumptech.glide.load.e: Not Found, status code: 404
09-01 18:12:22.871   990 15472 V AudioSink: AudioOutput(5777)
09-01 18:12:22.871   990 15472 V NuPlayerDriver: setDataSource(0xec2455e0) url(<no-scheme URI suppressed>)
09-01 18:12:22.872 28857 28857 I Glide   : Root cause (1 of 1)
09-01 18:12:22.872 28857 28857 I Glide   : com.bumptech.glide.load.e: Not Found, status code: 404
09-01 18:12:22.872 28857 28857 I Glide   : 	at com.bumptech.glide.integration.okhttp3.b.onResponse(SourceFile:71)
09-01 18:12:22.872 28857 28857 I Glide   : 	at okhttp3.ac$a.execute(SourceFile:221)
09-01 18:12:22.872 28857 28857 I Glide   : 	at okhttp3.internal.b.run(SourceFile:32)
09-01 18:12:22.872 28857 28857 I Glide   : 	at java.util.concurrent.ThreadPoolExecutor.runWorker(ThreadPoolExecutor.java:1167)
09-01 18:12:22.872 28857 28857 I Glide   : 	at java.util.concurrent.ThreadPoolExecutor$Worker.run(ThreadPoolExecutor.java:641)
09-01 18:12:22.872 28857 28857 I Glide   : 	at java.lang.Thread.run(Thread.java:764)
09-01 18:12:22.872   990 31394 D NuPlayer: kWhatSetAudioSink
09-01 18:12:22.872   990 31394 D NuPlayer: kWhatSetDataSource
09-01 18:12:22.872   990 15472 V MediaPlayerService:  setDataSource
09-01 18:12:22.872 28857 28857 W Glide   : Load failed for http://static-test.maoercdn.com/coversmini/201601/20/cd4be63a2f5a994c4bf03ca1ed9e6416174510.png with size [306x306]
09-01 18:12:22.872 28857 28857 W Glide   : class com.bumptech.glide.load.a.q: Failed to load resource
09-01 18:12:22.872 28857 28857 W Glide   : There was 1 root cause:
09-01 18:12:22.872 28857 28857 W Glide   : com.bumptech.glide.load.e(Not Found, status code: 404)
09-01 18:12:22.872 28857 28857 W Glide   :  call GlideException#logRootCauses(String) for more detail
09-01 18:12:22.872 28857 28857 W Glide   :   Cause (1 of 1): class com.bumptech.glide.load.a.q: Fetching data failed, class java.io.InputStream, REMOTE
09-01 18:12:22.872 28857 28857 W Glide   : There was 1 root cause:
09-01 18:12:22.872 28857 28857 W Glide   : com.bumptech.glide.load.e(Not Found, status code: 404)
09-01 18:12:22.872 28857 28857 W Glide   :  call GlideException#logRootCauses(String) for more detail
09-01 18:12:22.872 28857 28857 W Glide   :     Cause (1 of 1): class com.bumptech.glide.load.e: Not Found, status code: 404
09-01 18:12:22.873   982 31375 V MediaPlayerNative: MediaPlayer::setAudioStreamType
09-01 18:12:22.873   982 31375 V MediaPlayerNative: prepare
09-01 18:12:22.873 28857 28857 I Glide   : Root cause (1 of 1)
09-01 18:12:22.873 28857 28857 I Glide   : com.bumptech.glide.load.e: Not Found, status code: 404
09-01 18:12:22.873 28857 28857 I Glide   : 	at com.bumptech.glide.integration.okhttp3.b.onResponse(SourceFile:71)
09-01 18:12:22.873 28857 28857 I Glide   : 	at okhttp3.ac$a.execute(SourceFile:221)
09-01 18:12:22.873 28857 28857 I Glide   : 	at okhttp3.internal.b.run(SourceFile:32)
09-01 18:12:22.873 28857 28857 I Glide   : 	at java.util.concurrent.ThreadPoolExecutor.runWorker(ThreadPoolExecutor.java:1167)
09-01 18:12:22.873 28857 28857 I Glide   : 	at java.util.concurrent.ThreadPoolExecutor$Worker.run(ThreadPoolExecutor.java:641)
09-01 18:12:22.873 28857 28857 I Glide   : 	at java.lang.Thread.run(Thread.java:764)
09-01 18:12:22.873   990 15472 V MediaPlayerService: [120] setAudioStreamType(7)
09-01 18:12:22.873   990 15472 V MediaPlayerService: [120] prepareAsync
09-01 18:12:22.873   990 15472 V NuPlayerDriver: prepareAsync(0xec2455e0)
09-01 18:12:22.874 28857 28857 W Glide   : Load failed for https://www.uat.missevan.com/files/2021-07-08/dc6eb90c968aa330313818387a792dd1.jpg with size [996x261]
09-01 18:12:22.874 28857 28857 W Glide   : class com.bumptech.glide.load.a.q: Failed to load resource
09-01 18:12:22.874 28857 28857 W Glide   : There was 1 root cause:
09-01 18:12:22.874 28857 28857 W Glide   : com.bumptech.glide.load.e(, status code: 404)
09-01 18:12:22.874 28857 28857 W Glide   :  call GlideException#logRootCauses(String) for more detail
09-01 18:12:22.874 28857 28857 W Glide   :   Cause (1 of 1): class com.bumptech.glide.load.a.q: Fetching data failed, class java.io.InputStream, REMOTE
09-01 18:12:22.874 28857 28857 W Glide   : There was 1 root cause:
09-01 18:12:22.874 28857 28857 W Glide   : com.bumptech.glide.load.e(, status code: 404)
09-01 18:12:22.874 28857 28857 W Glide   :  call GlideException#logRootCauses(String) for more detail
09-01 18:12:22.874 28857 28857 W Glide   :     Cause (1 of 1): class com.bumptech.glide.load.e: , status code: 404
09-01 18:12:22.874 28857 28857 I Glide   : Root cause (1 of 1)
09-01 18:12:22.874 28857 28857 I Glide   : com.bumptech.glide.load.e: , status code: 404
09-01 18:12:22.874 28857 28857 I Glide   : 	at com.bumptech.glide.integration.okhttp3.b.onResponse(SourceFile:71)
09-01 18:12:22.874 28857 28857 I Glide   : 	at okhttp3.ac$a.execute(SourceFile:221)
09-01 18:12:22.874 28857 28857 I Glide   : 	at okhttp3.internal.b.run(SourceFile:32)
09-01 18:12:22.874 28857 28857 I Glide   : 	at java.util.concurrent.ThreadPoolExecutor.runWorker(ThreadPoolExecutor.java:1167)
09-01 18:12:22.874 28857 28857 I Glide   : 	at java.util.concurrent.ThreadPoolExecutor$Worker.run(ThreadPoolExecutor.java:641)
09-01 18:12:22.874 28857 28857 I Glide   : 	at java.lang.Thread.run(Thread.java:764)
09-01 18:12:22.875 28857 28857 W Glide   : Load failed for http://static-test.missevan.com/dramacoversmini/201604/20/57a934f8d31a7ace356108ae3526c419151604.jpg with size [306x306]
09-01 18:12:22.875 28857 28857 W Glide   : class com.bumptech.glide.load.a.q: Failed to load resource
09-01 18:12:22.875 28857 28857 W Glide   : There was 1 root cause:
09-01 18:12:22.875 28857 28857 W Glide   : com.bumptech.glide.load.e(Not Found, status code: 404)
09-01 18:12:22.875 28857 28857 W Glide   :  call GlideException#logRootCauses(String) for more detail
09-01 18:12:22.875 28857 28857 W Glide   :   Cause (1 of 1): class com.bumptech.glide.load.a.q: Fetching data failed, class java.io.InputStream, REMOTE
09-01 18:12:22.875 28857 28857 W Glide   : There was 1 root cause:
09-01 18:12:22.875 28857 28857 W Glide   : com.bumptech.glide.load.e(Not Found, status code: 404)
09-01 18:12:22.875 28857 28857 W Glide   :  call GlideException#logRootCauses(String) for more detail
09-01 18:12:22.875 28857 28857 W Glide   :     Cause (1 of 1): class com.bumptech.glide.load.e: Not Found, status code: 404
09-01 18:12:22.876 28857 28857 I Glide   : Root cause (1 of 1)
09-01 18:12:22.876 28857 28857 I Glide   : com.bumptech.glide.load.e: Not Found, status code: 404
09-01 18:12:22.876 28857 28857 I Glide   : 	at com.bumptech.glide.integration.okhttp3.b.onResponse(SourceFile:71)
09-01 18:12:22.876 28857 28857 I Glide   : 	at okhttp3.ac$a.execute(SourceFile:221)
09-01 18:12:22.876 28857 28857 I Glide   : 	at okhttp3.internal.b.run(SourceFile:32)
09-01 18:12:22.876 28857 28857 I Glide   : 	at java.util.concurrent.ThreadPoolExecutor.runWorker(ThreadPoolExecutor.java:1167)
09-01 18:12:22.876 28857 28857 I Glide   : 	at java.util.concurrent.ThreadPoolExecutor$Worker.run(ThreadPoolExecutor.java:641)
09-01 18:12:22.876 28857 28857 I Glide   : 	at java.lang.Thread.run(Thread.java:764)
09-01 18:12:22.881   990 31395 I GenericSource: onPrepareAsync: mDataSource: 0
09-01 18:12:22.881   990 31395 V MediaExtractorFactory: MediaExtractorFactory::Create (null)
09-01 18:12:22.881   990 31395 V MediaExtractorFactory: get service manager
09-01 18:12:22.882   988  2430 V MediaExtractorService: @@@ MediaExtractorService::makeExtractor for (null)
09-01 18:12:22.882   988  2430 V MediaExtractorFactory: MediaExtractorFactory::CreateFromService (null)
09-01 18:12:22.885 28857 28962 I CronetEngine: [thread_background]
09-01 18:12:22.885 28857 28962 I CronetEngine: url: http://static-test.maoercdn.com/coversmini/201601/20/87106f337c8aa2194de2fde5d393757b182630.jpg?x-oss-process=image/resize,w_306/format,webp
09-01 18:12:22.885 28857 28962 I CronetEngine:  ip: 117.27.226.218
09-01 18:12:22.885 28857 28962 I CronetEngine:  hostResolverProvider:
09-01 18:12:22.885 28857 28962 I CronetEngine:  hostResolveIps: []
09-01 18:12:22.885 28857 28962 I CronetEngine:
09-01 18:12:22.886 28857 28962 I CronetEngine: [thread_background]
09-01 18:12:22.886 28857 28962 I CronetEngine: url: http://static-test.missevan.com/dramacoversmini/201605/01/0a6ca0ceeb612fbf29d7ea609b171bcf061022.jpg?x-oss-process=image/resize,w_306/format,webp
09-01 18:12:22.886 28857 28962 I CronetEngine:  ip: 101.89.125.238
09-01 18:12:22.886 28857 28962 I CronetEngine:  hostResolverProvider:
09-01 18:12:22.886 28857 28962 I CronetEngine:  hostResolveIps: []
09-01 18:12:22.886 28857 28962 I CronetEngine:
09-01 18:12:22.893   988  2430 I ContentPipe: cache heat 0.00(1/1), cache efficiency 0.008(32/4096)
09-01 18:12:22.894   988  2430 I MMParserExtractor: Created(0x768ee6f220)
09-01 18:12:22.895 28857 28962 I CronetEngine: [thread_background]
09-01 18:12:22.895 28857 28962 I CronetEngine: url: http://static-test.maoercdn.com/coversmini/201703/16/9cbe64cb0a483b55842e732ccebf0608214027.jpeg?x-oss-process=image/resize,w_306/format,webp
09-01 18:12:22.895 28857 28962 I CronetEngine:  ip: 117.27.226.218
09-01 18:12:22.895 28857 28962 I CronetEngine:  hostResolverProvider:
09-01 18:12:22.895 28857 28962 I CronetEngine:  hostResolveIps: []
09-01 18:12:22.895 28857 28962 I CronetEngine:
09-01 18:12:22.895   988  2430 I ContentPipe: cache heat 0.00(1/1), cache efficiency 0.008(32/4096)
09-01 18:12:22.899 28857 28857 W Glide   : Load failed for http://static-test.maoercdn.com/coversmini/201703/13/5e1d767295e0c11175ff2f90290e5a8e203835.jpg with size [306x306]
09-01 18:12:22.899 28857 28857 W Glide   : class com.bumptech.glide.load.a.q: Failed to load resource
09-01 18:12:22.899 28857 28857 W Glide   : There was 1 root cause:
09-01 18:12:22.899 28857 28857 W Glide   : com.bumptech.glide.load.e(Not Found, status code: 404)
09-01 18:12:22.899 28857 28857 W Glide   :  call GlideException#logRootCauses(String) for more detail
09-01 18:12:22.899 28857 28857 W Glide   :   Cause (1 of 1): class com.bumptech.glide.load.a.q: Fetching data failed, class java.io.InputStream, REMOTE
09-01 18:12:22.899 28857 28857 W Glide   : There was 1 root cause:
09-01 18:12:22.899 28857 28857 W Glide   : com.bumptech.glide.load.e(Not Found, status code: 404)
09-01 18:12:22.899 28857 28857 W Glide   :  call GlideException#logRootCauses(String) for more detail
09-01 18:12:22.899 28857 28857 W Glide   :     Cause (1 of 1): class com.bumptech.glide.load.e: Not Found, status code: 404
09-01 18:12:22.899 28857 28857 I Glide   : Root cause (1 of 1)
09-01 18:12:22.899 28857 28857 I Glide   : com.bumptech.glide.load.e: Not Found, status code: 404
09-01 18:12:22.899 28857 28857 I Glide   : 	at com.bumptech.glide.integration.okhttp3.b.onResponse(SourceFile:71)
09-01 18:12:22.899 28857 28857 I Glide   : 	at okhttp3.ac$a.execute(SourceFile:221)
09-01 18:12:22.899 28857 28857 I Glide   : 	at okhttp3.internal.b.run(SourceFile:32)
09-01 18:12:22.899 28857 28857 I Glide   : 	at java.util.concurrent.ThreadPoolExecutor.runWorker(ThreadPoolExecutor.java:1167)
09-01 18:12:22.899 28857 28857 I Glide   : 	at java.util.concurrent.ThreadPoolExecutor$Worker.run(ThreadPoolExecutor.java:641)
09-01 18:12:22.899 28857 28857 I Glide   : 	at java.lang.Thread.run(Thread.java:764)
09-01 18:12:22.900 28857 28857 W Glide   : Load failed for http://static-test.maoercdn.com/coversmini/201612/09/e7c844dda7014cdcbfd69fdade5d0e05185820.jpg with size [274x275]
09-01 18:12:22.900 28857 28857 W Glide   : class com.bumptech.glide.load.a.q: Failed to load resource
09-01 18:12:22.900 28857 28857 W Glide   : There was 1 root cause:
09-01 18:12:22.900 28857 28857 W Glide   : com.bumptech.glide.load.e(Not Found, status code: 404)
09-01 18:12:22.900 28857 28857 W Glide   :  call GlideException#logRootCauses(String) for more detail
09-01 18:12:22.900 28857 28857 W Glide   :   Cause (1 of 1): class com.bumptech.glide.load.a.q: Fetching data failed, class java.io.InputStream, REMOTE
09-01 18:12:22.900 28857 28857 W Glide   : There was 1 root cause:
09-01 18:12:22.900 28857 28857 W Glide   : com.bumptech.glide.load.e(Not Found, status code: 404)
09-01 18:12:22.900 28857 28857 W Glide   :  call GlideException#logRootCauses(String) for more detail
09-01 18:12:22.900 28857 28857 W Glide   :     Cause (1 of 1): class com.bumptech.glide.load.e: Not Found, status code: 404
09-01 18:12:22.900   988  2430 V MediaExtractorFactory: Created an extractor 'MMParserExtractor' with confidence 0.80
09-01 18:12:22.900   988  2430 V MediaExtractorService: extractor service created 0x768ca31b90 (MMParserExtractor)
09-01 18:12:22.900 28857 28857 I Glide   : Root cause (1 of 1)
09-01 18:12:22.900 28857 28857 I Glide   : com.bumptech.glide.load.e: Not Found, status code: 404
09-01 18:12:22.900 28857 28857 I Glide   : 	at com.bumptech.glide.integration.okhttp3.b.onResponse(SourceFile:71)
09-01 18:12:22.900 28857 28857 I Glide   : 	at okhttp3.ac$a.execute(SourceFile:221)
09-01 18:12:22.900 28857 28857 I Glide   : 	at okhttp3.internal.b.run(SourceFile:32)
09-01 18:12:22.900 28857 28857 I Glide   : 	at java.util.concurrent.ThreadPoolExecutor.runWorker(ThreadPoolExecutor.java:1167)
09-01 18:12:22.900 28857 28857 I Glide   : 	at java.util.concurrent.ThreadPoolExecutor$Worker.run(ThreadPoolExecutor.java:641)
09-01 18:12:22.900 28857 28857 I Glide   : 	at java.lang.Thread.run(Thread.java:764)
09-01 18:12:22.901 28857 28857 W Glide   : Load failed for http://static-test.missevan.com/dramacoversmini/201604/15/b704a6b3f25d1874f17c494effdb8e54082150.jpg with size [306x306]
09-01 18:12:22.901 28857 28857 W Glide   : class com.bumptech.glide.load.a.q: Failed to load resource
09-01 18:12:22.901 28857 28857 W Glide   : There was 1 root cause:
09-01 18:12:22.901 28857 28857 W Glide   : com.bumptech.glide.load.e(Not Found, status code: 404)
09-01 18:12:22.901 28857 28857 W Glide   :  call GlideException#logRootCauses(String) for more detail
09-01 18:12:22.901 28857 28857 W Glide   :   Cause (1 of 1): class com.bumptech.glide.load.a.q: Fetching data failed, class java.io.InputStream, REMOTE
09-01 18:12:22.901 28857 28857 W Glide   : There was 1 root cause:
09-01 18:12:22.901 28857 28857 W Glide   : com.bumptech.glide.load.e(Not Found, status code: 404)
09-01 18:12:22.901 28857 28857 W Glide   :  call GlideException#logRootCauses(String) for more detail
09-01 18:12:22.901 28857 28857 W Glide   :     Cause (1 of 1): class com.bumptech.glide.load.e: Not Found, status code: 404
09-01 18:12:22.902 28857 28857 I Glide   : Root cause (1 of 1)
09-01 18:12:22.902 28857 28857 I Glide   : com.bumptech.glide.load.e: Not Found, status code: 404
09-01 18:12:22.902 28857 28857 I Glide   : 	at com.bumptech.glide.integration.okhttp3.b.onResponse(SourceFile:71)
09-01 18:12:22.902 28857 28857 I Glide   : 	at okhttp3.ac$a.execute(SourceFile:221)
09-01 18:12:22.902 28857 28857 I Glide   : 	at okhttp3.internal.b.run(SourceFile:32)
09-01 18:12:22.902 28857 28857 I Glide   : 	at java.util.concurrent.ThreadPoolExecutor.runWorker(ThreadPoolExecutor.java:1167)
09-01 18:12:22.902 28857 28857 I Glide   : 	at java.util.concurrent.ThreadPoolExecutor$Worker.run(ThreadPoolExecutor.java:641)
09-01 18:12:22.902 28857 28857 I Glide   : 	at java.lang.Thread.run(Thread.java:764)
09-01 18:12:22.904 28857 28857 W Glide   : Load failed for http://static-test.missevan.com/dramacoversmini/201604/20/eea18b9f2f56bca5141a9217f1d98713164419.jpg with size [306x306]
09-01 18:12:22.904 28857 28857 W Glide   : class com.bumptech.glide.load.a.q: Failed to load resource
09-01 18:12:22.904 28857 28857 W Glide   : There was 1 root cause:
09-01 18:12:22.904 28857 28857 W Glide   : com.bumptech.glide.load.e(Not Found, status code: 404)
09-01 18:12:22.904 28857 28857 W Glide   :  call GlideException#logRootCauses(String) for more detail
09-01 18:12:22.904 28857 28857 W Glide   :   Cause (1 of 1): class com.bumptech.glide.load.a.q: Fetching data failed, class java.io.InputStream, REMOTE
09-01 18:12:22.904 28857 28857 W Glide   : There was 1 root cause:
