09-01 18:12:22.904 28857 28857 W Glide   : com.bumptech.glide.load.e(Not Found, status code: 404)
09-01 18:12:22.904 28857 28857 W Glide   :  call GlideException#logRootCauses(String) for more detail
09-01 18:12:22.904 28857 28857 W Glide   :     Cause (1 of 1): class com.bumptech.glide.load.e: Not Found, status code: 404
09-01 18:12:22.904 28857 28857 I Glide   : Root cause (1 of 1)
09-01 18:12:22.904 28857 28857 I Glide   : com.bumptech.glide.load.e: Not Found, status code: 404
09-01 18:12:22.904 28857 28857 I Glide   : 	at com.bumptech.glide.integration.okhttp3.b.onResponse(SourceFile:71)
09-01 18:12:22.904 28857 28857 I Glide   : 	at okhttp3.ac$a.execute(SourceFile:221)
09-01 18:12:22.904 28857 28857 I Glide   : 	at okhttp3.internal.b.run(SourceFile:32)
09-01 18:12:22.904 28857 28857 I Glide   : 	at java.util.concurrent.ThreadPoolExecutor.runWorker(ThreadPoolExecutor.java:1167)
09-01 18:12:22.904 28857 28857 I Glide   : 	at java.util.concurrent.ThreadPoolExecutor$Worker.run(ThreadPoolExecutor.java:641)
09-01 18:12:22.904 28857 28857 I Glide   : 	at java.lang.Thread.run(Thread.java:764)
09-01 18:12:22.905 28857 28857 W Glide   : Load failed for http://static-test.maoercdn.com/coversmini/201701/24/dbade74b0ab95375c343fdbe3f89aff6095445.png with size [274x275]
09-01 18:12:22.905 28857 28857 W Glide   : class com.bumptech.glide.load.a.q: Failed to load resource
09-01 18:12:22.905 28857 28857 W Glide   : There was 1 root cause:
09-01 18:12:22.905 28857 28857 W Glide   : com.bumptech.glide.load.e(Not Found, status code: 404)
09-01 18:12:22.905 28857 28857 W Glide   :  call GlideException#logRootCauses(String) for more detail
09-01 18:12:22.905 28857 28857 W Glide   :   Cause (1 of 1): class com.bumptech.glide.load.a.q: Fetching data failed, class java.io.InputStream, REMOTE
09-01 18:12:22.905 28857 28857 W Glide   : There was 1 root cause:
09-01 18:12:22.905 28857 28857 W Glide   : com.bumptech.glide.load.e(Not Found, status code: 404)
09-01 18:12:22.905 28857 28857 W Glide   :  call GlideException#logRootCauses(String) for more detail
09-01 18:12:22.905 28857 28857 W Glide   :     Cause (1 of 1): class com.bumptech.glide.load.e: Not Found, status code: 404
09-01 18:12:22.905 28857 28857 I Glide   : Root cause (1 of 1)
09-01 18:12:22.905 28857 28857 I Glide   : com.bumptech.glide.load.e: Not Found, status code: 404
09-01 18:12:22.905 28857 28857 I Glide   : 	at com.bumptech.glide.integration.okhttp3.b.onResponse(SourceFile:71)
09-01 18:12:22.905 28857 28857 I Glide   : 	at okhttp3.ac$a.execute(SourceFile:221)
09-01 18:12:22.905 28857 28857 I Glide   : 	at okhttp3.internal.b.run(SourceFile:32)
09-01 18:12:22.905 28857 28857 I Glide   : 	at java.util.concurrent.ThreadPoolExecutor.runWorker(ThreadPoolExecutor.java:1167)
09-01 18:12:22.905 28857 28857 I Glide   : 	at java.util.concurrent.ThreadPoolExecutor$Worker.run(ThreadPoolExecutor.java:641)
09-01 18:12:22.905 28857 28857 I Glide   : 	at java.lang.Thread.run(Thread.java:764)
09-01 18:12:22.906   990 31395 I GenericSource: finishPrepareAsync
09-01 18:12:22.906   673 13700 I CCSG    : System free ram: 77482
09-01 18:12:22.906   673 13700 I CCSG    : Process(673): VmSIZE 486212, VmRSS 52264
09-01 18:12:22.906   673 31379 E QCamera2HWI: deferredWorkRoutine: dw->cmd = 5, dw->id = 1, pme->mInitPProcJob = 0, job_status = 0x0 at 13123
09-01 18:12:22.907   673 31379 E libc    : Access denied finding property "persist.debug.sf.showfps"
09-01 18:12:22.907   990 31395 W BpMediaSource: ignoring potentially modified MetaData from start
09-01 18:12:22.907   990 31395 W BpMediaSource: input:
09-01 18:12:22.907   990 31395 I MetaDataBase: extf: (int32_t) 2
09-01 18:12:22.907   990 31395 W BpMediaSource: output:
09-01 18:12:22.907   990 31395 I MetaDataBase: extf: (int32_t) 2
09-01 18:12:22.907   990 31395 I GenericSource: onPrepareAsync: Done
09-01 18:12:22.907   990 31394 V NuPlayerDriver: notifyPrepareCompleted 0
09-01 18:12:22.907   990 31394 D NuPlayerDriver: notifyListener_l(0xec2455e0), (1, 0, 0, -1), loop setting(0, 0)
09-01 18:12:22.907   990 31394 V MediaPlayerService: [120] notify (1, 0, 0)
09-01 18:12:22.908   982 14800 V MediaPlayerNative: message received msg=1, ext1=0, ext2=0
09-01 18:12:22.908   982 14800 V MediaPlayerNative: MediaPlayer::notify() prepared
09-01 18:12:22.908   982 14800 V MediaPlayerNative: signal application thread
09-01 18:12:22.908   673 31379 E QCamera2HWI: deferredWorkRoutine: dw->cmd = 3, dw->id = 2, pme->mInitPProcJob = 0, job_status = 0x0 at 13123
09-01 18:12:22.909 28857 28857 W Glide   : Load failed for http://static-test.maoercdn.com/coversmini/201601/20/87106f337c8aa2194de2fde5d393757b182630.jpg with size [306x306]
09-01 18:12:22.909 28857 28857 W Glide   : class com.bumptech.glide.load.a.q: Failed to load resource
09-01 18:12:22.909 28857 28857 W Glide   : There was 1 root cause:
09-01 18:12:22.909 28857 28857 W Glide   : com.bumptech.glide.load.e(Not Found, status code: 404)
09-01 18:12:22.909 28857 28857 W Glide   :  call GlideException#logRootCauses(String) for more detail
09-01 18:12:22.909 28857 28857 W Glide   :   Cause (1 of 1): class com.bumptech.glide.load.a.q: Fetching data failed, class java.io.InputStream, REMOTE
09-01 18:12:22.909 28857 28857 W Glide   : There was 1 root cause:
09-01 18:12:22.909 28857 28857 W Glide   : com.bumptech.glide.load.e(Not Found, status code: 404)
09-01 18:12:22.909 28857 28857 W Glide   :  call GlideException#logRootCauses(String) for more detail
09-01 18:12:22.909 28857 28857 W Glide   :     Cause (1 of 1): class com.bumptech.glide.load.e: Not Found, status code: 404
09-01 18:12:22.909   982 31375 V MediaPlayerNative: prepare complete - status=0
09-01 18:12:22.909   982 31375 V MediaPlayerNative: constructor
09-01 18:12:22.909 28857 28857 I Glide   : Root cause (1 of 1)
09-01 18:12:22.909 28857 28857 I Glide   : com.bumptech.glide.load.e: Not Found, status code: 404
09-01 18:12:22.909 28857 28857 I Glide   : 	at com.bumptech.glide.integration.okhttp3.b.onResponse(SourceFile:71)
09-01 18:12:22.909 28857 28857 I Glide   : 	at okhttp3.ac$a.execute(SourceFile:221)
09-01 18:12:22.909 28857 28857 I Glide   : 	at okhttp3.internal.b.run(SourceFile:32)
09-01 18:12:22.909 28857 28857 I Glide   : 	at java.util.concurrent.ThreadPoolExecutor.runWorker(ThreadPoolExecutor.java:1167)
09-01 18:12:22.909 28857 28857 I Glide   : 	at java.util.concurrent.ThreadPoolExecutor$Worker.run(ThreadPoolExecutor.java:641)
09-01 18:12:22.909 28857 28857 I Glide   : 	at java.lang.Thread.run(Thread.java:764)
09-01 18:12:22.910   715  3178 V AudioFlinger: acquiring 5785 from 982, for -1
09-01 18:12:22.910   715  3178 V AudioFlinger:  added new entry for 5785
09-01 18:12:22.910   982 31375 V MediaPlayerNative: setDataSource(/system/media/audio/ui/VideoRecord.ogg)
09-01 18:12:22.910   990 15472 V MediaPlayerService: Client(121) constructor
09-01 18:12:22.910   990 15472 V MediaPlayerService: Create new client(121) from pid 982, uid 1047,
09-01 18:12:22.910 28857 28857 W Glide   : Load failed for http://static-test.missevan.com/dramacoversmini/201605/01/0a6ca0ceeb612fbf29d7ea609b171bcf061022.jpg with size [306x306]
09-01 18:12:22.910 28857 28857 W Glide   : class com.bumptech.glide.load.a.q: Failed to load resource
09-01 18:12:22.910 28857 28857 W Glide   : There was 1 root cause:
09-01 18:12:22.910 28857 28857 W Glide   : com.bumptech.glide.load.e(Not Found, status code: 404)
09-01 18:12:22.910 28857 28857 W Glide   :  call GlideException#logRootCauses(String) for more detail
09-01 18:12:22.910 28857 28857 W Glide   :   Cause (1 of 1): class com.bumptech.glide.load.a.q: Fetching data failed, class java.io.InputStream, REMOTE
09-01 18:12:22.910 28857 28857 W Glide   : There was 1 root cause:
09-01 18:12:22.910 28857 28857 W Glide   : com.bumptech.glide.load.e(Not Found, status code: 404)
09-01 18:12:22.910 28857 28857 W Glide   :  call GlideException#logRootCauses(String) for more detail
09-01 18:12:22.910 28857 28857 W Glide   :     Cause (1 of 1): class com.bumptech.glide.load.e: Not Found, status code: 404
09-01 18:12:22.910 28857 28857 I Glide   : Root cause (1 of 1)
09-01 18:12:22.910 28857 28857 I Glide   : com.bumptech.glide.load.e: Not Found, status code: 404
09-01 18:12:22.910 28857 28857 I Glide   : 	at com.bumptech.glide.integration.okhttp3.b.onResponse(SourceFile:71)
09-01 18:12:22.910 28857 28857 I Glide   : 	at okhttp3.ac$a.execute(SourceFile:221)
09-01 18:12:22.910 28857 28857 I Glide   : 	at okhttp3.internal.b.run(SourceFile:32)
09-01 18:12:22.910 28857 28857 I Glide   : 	at java.util.concurrent.ThreadPoolExecutor.runWorker(ThreadPoolExecutor.java:1167)
09-01 18:12:22.910 28857 28857 I Glide   : 	at java.util.concurrent.ThreadPoolExecutor$Worker.run(ThreadPoolExecutor.java:641)
09-01 18:12:22.910 28857 28857 I Glide   : 	at java.lang.Thread.run(Thread.java:764)
09-01 18:12:22.911   990 15472 V MediaPlayerService: setDataSource(/system/media/audio/ui/VideoRecord.ogg)
09-01 18:12:22.911   990 15472 V MediaPlayerService: player type = 4
09-01 18:12:22.911   990 15472 D NuPlayerDriver: NuPlayerDriver(0xec246440) created, clientPid(982)
09-01 18:12:22.911   990 15472 D NuPlayer: NuPlayer::setUID  pid:982, uid:1047
09-01 18:12:22.914   990 15472 V AudioSink: AudioOutput(5785)
09-01 18:12:22.914   990 15472 V NuPlayerDriver: setDataSource(0xec246440) url(<no-scheme URI suppressed>)
09-01 18:12:22.914   990 31402 D NuPlayer: kWhatSetAudioSink
09-01 18:12:22.914   990 31402 D NuPlayer: kWhatSetDataSource
09-01 18:12:22.914   990 15472 V MediaPlayerService:  setDataSource
09-01 18:12:22.914   982 31375 V MediaPlayerNative: MediaPlayer::setAudioStreamType
09-01 18:12:22.914   982 31375 V MediaPlayerNative: prepare
09-01 18:12:22.914   673 13700 D QCamera : Debug log file is not enabled
09-01 18:12:22.914   990 15472 V MediaPlayerService: [121] setAudioStreamType(7)
09-01 18:12:22.914   990 15472 V MediaPlayerService: [121] prepareAsync
09-01 18:12:22.914   990 15472 V NuPlayerDriver: prepareAsync(0xec246440)
09-01 18:12:22.915   673 13700 E libc    : Access denied finding property "cameradaemon.SaveMemAtBoot"
09-01 18:12:22.915   990 31403 I GenericSource: onPrepareAsync: mDataSource: 0
09-01 18:12:22.915   990 31403 V MediaExtractorFactory: MediaExtractorFactory::Create (null)
09-01 18:12:22.915   990 31403 V MediaExtractorFactory: get service manager
09-01 18:12:22.916   988  2430 V MediaExtractorService: @@@ MediaExtractorService::makeExtractor for (null)
09-01 18:12:22.917   988  2430 V MediaExtractorFactory: MediaExtractorFactory::CreateFromService (null)
09-01 18:12:22.917   673 31406 E libc    : Access denied finding property "persist.partial.skip"
09-01 18:12:22.919   988  2430 I ContentPipe: cache heat 0.00(1/1), cache efficiency 0.008(32/4096)
09-01 18:12:22.919   988  2430 I MMParserExtractor: Created(0x768ee6ea40)
09-01 18:12:22.922 23979 23979 D MainImeServiceDel: mHandler = 76
09-01 18:12:22.927   988  2430 I ContentPipe: cache heat 0.00(1/1), cache efficiency 0.008(32/4096)
09-01 18:12:22.928   673 31412 E libc    : Access denied finding property "persist.cam.pp.feat.mask"
09-01 18:12:22.929 28857 28857 W Glide   : Load failed for http://static-test.maoercdn.com/coversmini/201703/16/9cbe64cb0a483b55842e732ccebf0608214027.jpeg with size [306x306]
09-01 18:12:22.929 28857 28857 W Glide   : class com.bumptech.glide.load.a.q: Failed to load resource
09-01 18:12:22.929 28857 28857 W Glide   : There was 1 root cause:
09-01 18:12:22.929 28857 28857 W Glide   : com.bumptech.glide.load.e(Not Found, status code: 404)
09-01 18:12:22.929 28857 28857 W Glide   :  call GlideException#logRootCauses(String) for more detail
09-01 18:12:22.929 28857 28857 W Glide   :   Cause (1 of 1): class com.bumptech.glide.load.a.q: Fetching data failed, class java.io.InputStream, REMOTE
09-01 18:12:22.929 28857 28857 W Glide   : There was 1 root cause:
09-01 18:12:22.929 28857 28857 W Glide   : com.bumptech.glide.load.e(Not Found, status code: 404)
09-01 18:12:22.929 28857 28857 W Glide   :  call GlideException#logRootCauses(String) for more detail
09-01 18:12:22.929 28857 28857 W Glide   :     Cause (1 of 1): class com.bumptech.glide.load.e: Not Found, status code: 404
09-01 18:12:22.929 28857 28857 I Glide   : Root cause (1 of 1)
09-01 18:12:22.929 28857 28857 I Glide   : com.bumptech.glide.load.e: Not Found, status code: 404
09-01 18:12:22.929 28857 28857 I Glide   : 	at com.bumptech.glide.integration.okhttp3.b.onResponse(SourceFile:71)
09-01 18:12:22.929 28857 28857 I Glide   : 	at okhttp3.ac$a.execute(SourceFile:221)
09-01 18:12:22.929 28857 28857 I Glide   : 	at okhttp3.internal.b.run(SourceFile:32)
09-01 18:12:22.929 28857 28857 I Glide   : 	at java.util.concurrent.ThreadPoolExecutor.runWorker(ThreadPoolExecutor.java:1167)
09-01 18:12:22.929 28857 28857 I Glide   : 	at java.util.concurrent.ThreadPoolExecutor$Worker.run(ThreadPoolExecutor.java:641)
09-01 18:12:22.929 28857 28857 I Glide   : 	at java.lang.Thread.run(Thread.java:764)
09-01 18:12:22.936   673 13700 E libc    : Access denied finding property "ro.build.gn.custom"
09-01 18:12:22.937   673 13700 E libc    : Access denied finding property "persist.front.camera.qcom.awb"
09-01 18:12:22.937   988  2430 V MediaExtractorFactory: Created an extractor 'MMParserExtractor' with confidence 0.80
09-01 18:12:22.937   988  2430 V MediaExtractorService: extractor service created 0x768ee38f00 (MMParserExtractor)
09-01 18:12:22.940   990 31403 I GenericSource: finishPrepareAsync
09-01 18:12:22.943   990 31403 W BpMediaSource: ignoring potentially modified MetaData from start
09-01 18:12:22.943   990 31403 W BpMediaSource: input:
09-01 18:12:22.943   990 31403 I MetaDataBase: extf: (int32_t) 2
09-01 18:12:22.943   990 31403 W BpMediaSource: output:
09-01 18:12:22.943   990 31403 I MetaDataBase: extf: (int32_t) 2
09-01 18:12:22.943   990 31403 I GenericSource: onPrepareAsync: Done
09-01 18:12:22.943   990 31402 V NuPlayerDriver: notifyPrepareCompleted 0
09-01 18:12:22.943   990 31402 D NuPlayerDriver: notifyListener_l(0xec246440), (1, 0, 0, -1), loop setting(0, 0)
09-01 18:12:22.943   990 31402 V MediaPlayerService: [121] notify (1, 0, 0)
09-01 18:12:22.943   982 14800 V MediaPlayerNative: message received msg=1, ext1=0, ext2=0
09-01 18:12:22.943   982 14800 V MediaPlayerNative: MediaPlayer::notify() prepared
09-01 18:12:22.943   982 14800 V MediaPlayerNative: signal application thread
09-01 18:12:22.943   982 31375 V MediaPlayerNative: prepare complete - status=0
09-01 18:12:22.948   673 13700 I ta      : TAAF< INFO> 261: af_core_init: --- SDM660 v3.0 --- 04/02/18
09-01 18:12:22.955   673 31379 E QCamera2HWI: deferredWorkRoutine: dw->cmd = 6, dw->id = 3, pme->mInitPProcJob = 0, job_status = 0x0 at 13123
09-01 18:12:22.956   673 31379 E         : mm_camera_module_send_cmd: rc = 0
09-01 18:12:22.957   680 17735 I SDM     : ResourceImpl::SetMaxBandwidthMode: new bandwidth mode=1
09-01 18:12:22.958   673 31379 E         : mm_camera_module_send_cmd: rc = 0
09-01 18:12:22.959   673 31379 E libc    : Access denied finding property "persist.debug.set.fixedfps"
09-01 18:12:22.960   673 13700 I Thermal-Lib: Thermal-Lib-Client: Registration successful for camera with handle:1
09-01 18:12:22.961   673 13700 I Thermal-Lib: Thermal-Lib-Client: Registration successful for camcorder with handle:2
09-01 18:12:22.961   673 31379 E libc    : Access denied finding property "persist.capture.burst.exposures"
09-01 18:12:22.961   673 31379 E libc    : Access denied finding property "persist.denoise.process.plates"
09-01 18:12:22.962   970  1098 I ThermalEngine: Thermal-Server: Adding thermal event listener on fd 64
09-01 18:12:22.962   982 12186 I CameraHardwareInterface: setPPCallbacks(1) mPdDataCb 0xec92e821 ppdata_cb 0xec92e821 mCbUser 0x1 user 0x1
09-01 18:12:22.962   673 31431 I Thermal-Lib: Thermal-Lib-Client: Client received msg camera 0
09-01 18:12:22.962   673 31431 I Thermal-Lib: Thermal-Lib-Client: Client received msg camcorder 0
09-01 18:12:22.962   673 31379 E         : mm_camera_module_send_cmd: rc = 0
09-01 18:12:22.963   673 31377 E         : mm_camera_module_send_cmd: rc = 0
09-01 18:12:22.963   673 31377 E         : mm_camera_module_send_cmd: rc = 0
09-01 18:12:22.975   717   717 I SurfaceFlinger: FPS: 17
09-01 18:12:22.979   982 12186 D         : AutoConditionLock:~ mAcquired 1 mManager->mState 1
09-01 18:12:22.979   982 12186 D         : AutoConditionLock:~ enter if mAcquired 1 mManager->mState 0
09-01 18:12:22.980 28518 31374 V Camera  : isNormalCamera packageName = com.bbk.facewake
09-01 18:12:22.980 28518 31374 V Camera  : isTopActivity
09-01 18:12:22.981 28518 31374 I Camera  : isTopActivity: pkgname: cn.missevan
09-01 18:12:22.981 28518 31374 V Camera  : current package isTopActivity false
09-01 18:12:22.981 28518 31374 V Camera  : sendOpenCameraBroadCast isNormalCamera = false
09-01 18:12:22.982 28518 31374 W ContextImpl: Calling a method in the system process without a qualified user: android.app.ContextImpl.sendBroadcast:1024 android.content.ContextWrapper.sendBroadcast:444 android.hardware.Camera.sendOpenCameraBroadCast:677 android.hardware.Camera.<init>:856 android.hardware.Camera.open:494
09-01 18:12:22.982  1724  4404 E ActivityManager: Sending non-protected broadcast com.android.camera.ACTION_OPEN_CAMERA from system 28518:com.bbk.facewake/1000 pkg com.bbk.facewake
09-01 18:12:22.983  1724  4404 E ActivityManager: Sending non-protected broadcast com.android.camera.ACTION_OPEN_CAMERA from system 28518:com.bbk.facewake/1000 pkg com.bbk.facewake
09-01 18:12:23.003   673 31377 E libc    : Access denied finding property "videostab_project"
09-01 18:12:23.004   673 31377 E libc    : Access denied finding property "persist.capture.burst.exposures"
09-01 18:12:23.004   673 31377 E libc    : Access denied finding property "persist.tnr.process.plates"
09-01 18:12:23.007   673 31377 E         : mm_camera_module_send_cmd: rc = 0
09-01 18:12:23.010 28518 28518 D SensorManager: isQQShake: package is = com.bbk.facewake
09-01 18:12:23.010 28518 28518 D SensorManager: isMicroMsg: package is = com.bbk.facewake
09-01 18:12:23.011   685   685 W qti_sensors_hal: batch handle 1 flags 0 period_ns 20000000 timeout 200000000
09-01 18:12:23.011   685   685 W qti_sensors_hal: batch:sensor(android.sensor.accelerometer) handle:1 flags:0x0 period_ns 20000000
09-01 18:12:23.014   717   933 E         : IProducerListener: malformed binder reply
09-01 18:12:23.015 28518 28518 V Camera  : sendStartPreviewBroadCast
09-01 18:12:23.015 28518 28518 W ContextImpl: Calling a method in the system process without a qualified user: android.app.ContextImpl.sendBroadcast:1024 android.content.ContextWrapper.sendBroadcast:444 android.hardware.Camera.sendStartPreviewBroadCast:794 android.hardware.Camera.startPreview:1155 com.bbk.facewake.FaceWakeService.prepareFaceDetection:171
09-01 18:12:23.016  1724  4404 E ActivityManager: Sending non-protected broadcast com.android.camera.ACTION_START_PREVIEW from system 28518:com.bbk.facewake/1000 pkg com.bbk.facewake
09-01 18:12:23.017  1724  4404 E ActivityManager: Sending non-protected broadcast com.android.camera.ACTION_START_PREVIEW from system 28518:com.bbk.facewake/1000 pkg com.bbk.facewake
09-01 18:12:23.021   982  1622 I CameraHardwareInterface: Destroying camera 1
09-01 18:12:23.028   673 31377 E         : mm_camera_module_send_cmd: rc = 0
09-01 18:12:23.030  2404  2415 I ndroid.systemu: NativeAlloc concurrent copying GC freed 13767(725KB) AllocSpace objects, 0(0B) LOS objects, 50% free, 14MB/29MB, paused 177us total 133.309ms
09-01 18:12:23.031   673 31377 E         : mm_camera_module_send_cmd: rc = 0
09-01 18:12:23.031   673 31377 E         : mm_camera_module_send_cmd: rc = 0
09-01 18:12:23.033   673 31377 E libc    : Access denied finding property "persist.denoise.process.plates"
09-01 18:12:23.033   673 31377 I chatty  : uid=1047(cameraserver) provider@2.4-se identical 1 line
09-01 18:12:23.033   673 31377 E libc    : Access denied finding property "persist.denoise.process.plates"
09-01 18:12:23.033   673 31379 E QCamera2HWI: deferredWorkRoutine: dw->cmd = 7, dw->id = 4, pme->mInitPProcJob = 0, job_status = 0x0 at 13123
09-01 18:12:23.033   673 31377 E         : mm_camera_module_send_cmd: rc = 0
09-01 18:12:23.034   673 31377 I chatty  : uid=1047(cameraserver) provider@2.4-se identical 2 lines
09-01 18:12:23.034   673 31377 E         : mm_camera_module_send_cmd: rc = 0
09-01 18:12:23.034   673 31379 E QCamera2HWI: deferredWorkRoutine: dw->cmd = 7, dw->id = 5, pme->mInitPProcJob = 0, job_status = 0x0 at 13123
09-01 18:12:23.034   673 31379 E         : mm_camera_module_send_cmd: rc = 0
09-01 18:12:23.035   673 31377 E libc    : Access denied finding property "persist.denoise.process.plates"
09-01 18:12:23.035   673 31377 I chatty  : uid=1047(cameraserver) provider@2.4-se identical 1 line
09-01 18:12:23.036   673 31377 E libc    : Access denied finding property "persist.denoise.process.plates"
09-01 18:12:23.036   673 31379 E QCamera2HWI: deferredWorkRoutine: dw->cmd = 7, dw->id = 6, pme->mInitPProcJob = 0, job_status = 0x0 at 13123
09-01 18:12:23.036   673 31377 E         : mm_camera_module_send_cmd: rc = 0
09-01 18:12:23.037   673 31377 E         : mm_camera_module_send_cmd: rc = 0
09-01 18:12:23.040   717  2381 E         : IProducerListener: malformed binder reply
09-01 18:12:23.044   673 31404 E libc    : Access denied finding property "camera.cpp.pbf.enable"
09-01 18:12:23.044   673 31377 E         : mm_camera_module_send_cmd: rc = 0
09-01 18:12:23.044   673 31377 E         : mm_camera_module_send_cmd: rc = 0
09-01 18:12:23.047   673 31377 E libc    : Access denied finding property "persist.denoise.process.plates"
09-01 18:12:23.047   673 31377 E libc    : Access denied finding property "persist.denoise.process.plates"
09-01 18:12:23.048   673 31377 E         : mm_camera_module_send_cmd: rc = 0
09-01 18:12:23.048   673 31377 E         : mm_camera_module_send_cmd: rc = 0
09-01 18:12:23.048   673 31379 D CamDev@1.0-impl: sGetMemory input fd = 122
09-01 18:12:23.048   673 31379 D CamDev@1.0-impl: CameraHeapMemory_check fd 122 mHidlHandle->data[0] 125
09-01 18:12:23.048   673 31379 E CamDev@1.0-impl: lmj debug mem->vif_value is 0
09-01 18:12:23.048   673 31379 D CamDev@1.0-impl: sGetMemory numOfFd 1
09-01 18:12:23.048   673 31379 D CamDev@1.0-impl: sGetMemory i = 0 fd(data[0]) = 125
09-01 18:12:23.049   982  1214 D CameraHardwareInterface: registerMemory_check input fd = 8
09-01 18:12:23.049   982  1214 D CameraHardwareInterface: sGetMemory_check_interface fd 8 size 5533696 num 1
09-01 18:12:23.049   982  1214 D CameraHardwareInterface: leetao camera_debug get memory fd=10,mem=0xe923c568,strongcount=2
09-01 18:12:23.049   982  1214 D CameraHardwareInterface: registerMemory_check mem 0xe92065dc id 10
09-01 18:12:23.049   673 31379 D CamDev@1.0-impl: sGetMemory middle data[0] = 125 id 10 mem->handle.mId 10
09-01 18:12:23.050   673 31377 E         : mm_camera_module_send_cmd: rc = 0
09-01 18:12:23.050   673 31377 E         : mm_camera_module_send_cmd: rc = 0
09-01 18:12:23.052   673 31377 I CCSG    : vivo_get_vmSize(pid 673): VmSIZE 486212
09-01 18:12:23.052   673 31377 I CCSG    : vivo_get_vmSize(pid 673): VmSIZE 52264
09-01 18:12:23.052   673 31377 E         : mm_camera_module_send_cmd: rc = 0
09-01 18:12:23.054   673 31379 D CamDev@1.0-impl: sGetMemory input fd = 128
09-01 18:12:23.054   673 31379 D CamDev@1.0-impl: CameraHeapMemory_check fd 128 mHidlHandle->data[0] 133
09-01 18:12:23.054   673 31379 E CamDev@1.0-impl: lmj debug mem->vif_value is 0
09-01 18:12:23.054   673 31379 D CamDev@1.0-impl: sGetMemory numOfFd 1
09-01 18:12:23.054   673 31379 D CamDev@1.0-impl: sGetMemory i = 0 fd(data[0]) = 133
09-01 18:12:23.054   982  1214 D CameraHardwareInterface: registerMemory_check input fd = 8
09-01 18:12:23.054   982  1214 D CameraHardwareInterface: sGetMemory_check_interface fd 8 size 5533696 num 1
09-01 18:12:23.054   982  1214 D CameraHardwareInterface: leetao camera_debug get memory fd=11,mem=0xe923c258,strongcount=2
09-01 18:12:23.054   982  1214 D CameraHardwareInterface: registerMemory_check mem 0xe9205d6c id 11
09-01 18:12:23.055   673 31379 D CamDev@1.0-impl: sGetMemory middle data[0] = 133 id 11 mem->handle.mId 11
09-01 18:12:23.060   673 31379 D CamDev@1.0-impl: sGetMemory input fd = 135
09-01 18:12:23.060   673 31379 D CamDev@1.0-impl: CameraHeapMemory_check fd 135 mHidlHandle->data[0] 138
09-01 18:12:23.061   673 31379 E CamDev@1.0-impl: lmj debug mem->vif_value is 0
09-01 18:12:23.061   673 31379 D CamDev@1.0-impl: sGetMemory numOfFd 1
09-01 18:12:23.061   673 31379 D CamDev@1.0-impl: sGetMemory i = 0 fd(data[0]) = 138
09-01 18:12:23.061   982  1214 D CameraHardwareInterface: registerMemory_check input fd = 8
09-01 18:12:23.061   982  1214 D CameraHardwareInterface: sGetMemory_check_interface fd 8 size 5533696 num 1
09-01 18:12:23.061   982  1214 D CameraHardwareInterface: leetao camera_debug get memory fd=12,mem=0xe923c2c8,strongcount=2
09-01 18:12:23.061   982  1214 D CameraHardwareInterface: registerMemory_check mem 0xe9205e5c id 12
09-01 18:12:23.061   673 31379 D CamDev@1.0-impl: sGetMemory middle data[0] = 138 id 12 mem->handle.mId 12
09-01 18:12:23.062   673 31379 D CamDev@1.0-impl: sGetMemory input fd = 140
09-01 18:12:23.062   673 31379 D CamDev@1.0-impl: CameraHeapMemory_check fd 140 mHidlHandle->data[0] 145
09-01 18:12:23.063   673 31379 E CamDev@1.0-impl: lmj debug mem->vif_value is 0
09-01 18:12:23.063   673 31379 D CamDev@1.0-impl: sGetMemory numOfFd 1
09-01 18:12:23.063   673 31379 D CamDev@1.0-impl: sGetMemory i = 0 fd(data[0]) = 145
09-01 18:12:23.063   982  1214 D CameraHardwareInterface: registerMemory_check input fd = 8
09-01 18:12:23.063   982  1214 D CameraHardwareInterface: sGetMemory_check_interface fd 8 size 5533696 num 1
09-01 18:12:23.063   982  1214 D CameraHardwareInterface: leetao camera_debug get memory fd=15,mem=0xe923c338,strongcount=2
09-01 18:12:23.063   982  1214 D CameraHardwareInterface: registerMemory_check mem 0xe92063cc id 15
09-01 18:12:23.063   673 31379 D CamDev@1.0-impl: sGetMemory middle data[0] = 145 id 15 mem->handle.mId 15
09-01 18:12:23.064   673 31379 D CamDev@1.0-impl: sGetMemory input fd = 148
09-01 18:12:23.064   673 31379 D CamDev@1.0-impl: CameraHeapMemory_check fd 148 mHidlHandle->data[0] 152
09-01 18:12:23.064   673 31379 E CamDev@1.0-impl: lmj debug mem->vif_value is 0
09-01 18:12:23.064   673 31379 D CamDev@1.0-impl: sGetMemory numOfFd 1
09-01 18:12:23.064   673 31379 D CamDev@1.0-impl: sGetMemory i = 0 fd(data[0]) = 152
09-01 18:12:23.064   982  1214 D CameraHardwareInterface: registerMemory_check input fd = 8
09-01 18:12:23.064   982  1214 D CameraHardwareInterface: sGetMemory_check_interface fd 8 size 5533696 num 1
09-01 18:12:23.064   982  1214 D CameraHardwareInterface: leetao camera_debug get memory fd=18,mem=0xe923c370,strongcount=2
09-01 18:12:23.064   982  1214 D CameraHardwareInterface: registerMemory_check mem 0xe920642c id 18
09-01 18:12:23.064   673 31379 D CamDev@1.0-impl: sGetMemory middle data[0] = 152 id 18 mem->handle.mId 18
09-01 18:12:23.066   673 31379 D CamDev@1.0-impl: sGetMemory input fd = 155
09-01 18:12:23.066   673 31379 D CamDev@1.0-impl: CameraHeapMemory_check fd 155 mHidlHandle->data[0] 159
09-01 18:12:23.066   673 31379 E CamDev@1.0-impl: lmj debug mem->vif_value is 0
09-01 18:12:23.066   673 31379 D CamDev@1.0-impl: sGetMemory numOfFd 1
09-01 18:12:23.066   673 31379 D CamDev@1.0-impl: sGetMemory i = 0 fd(data[0]) = 159
09-01 18:12:23.067   982  1214 D CameraHardwareInterface: registerMemory_check input fd = 8
09-01 18:12:23.067   982  1214 D CameraHardwareInterface: sGetMemory_check_interface fd 8 size 5533696 num 1
09-01 18:12:23.067   982  1214 D CameraHardwareInterface: leetao camera_debug get memory fd=21,mem=0xe923c418,strongcount=2
09-01 18:12:23.067   982  1214 D CameraHardwareInterface: registerMemory_check mem 0xe920654c id 21
09-01 18:12:23.067   673 31379 D CamDev@1.0-impl: sGetMemory middle data[0] = 159 id 21 mem->handle.mId 21
09-01 18:12:23.069   673 31379 D CamDev@1.0-impl: sGetMemory input fd = 161
09-01 18:12:23.069   673 31379 D CamDev@1.0-impl: CameraHeapMemory_check fd 161 mHidlHandle->data[0] 166
09-01 18:12:23.069   673 31379 E CamDev@1.0-impl: lmj debug mem->vif_value is 0
09-01 18:12:23.069   673 31379 D CamDev@1.0-impl: sGetMemory numOfFd 1
09-01 18:12:23.069   673 31379 D CamDev@1.0-impl: sGetMemory i = 0 fd(data[0]) = 166
09-01 18:12:23.069   982  1214 D CameraHardwareInterface: registerMemory_check input fd = 8
09-01 18:12:23.069   982  1214 D CameraHardwareInterface: sGetMemory_check_interface fd 8 size 5533696 num 1
09-01 18:12:23.069   982  1214 D CameraHardwareInterface: leetao camera_debug get memory fd=24,mem=0xe923c450,strongcount=2
09-01 18:12:23.069   982  1214 D CameraHardwareInterface: registerMemory_check mem 0xe92065ac id 24
09-01 18:12:23.069   673 31379 D CamDev@1.0-impl: sGetMemory middle data[0] = 166 id 24 mem->handle.mId 24
09-01 18:12:23.071   673 31379 D CamDev@1.0-impl: sGetMemory input fd = 169
09-01 18:12:23.071   673 31379 D CamDev@1.0-impl: CameraHeapMemory_check fd 169 mHidlHandle->data[0] 173
09-01 18:12:23.071   673 31379 E CamDev@1.0-impl: lmj debug mem->vif_value is 0
09-01 18:12:23.071   673 31379 D CamDev@1.0-impl: sGetMemory numOfFd 1
09-01 18:12:23.071   673 31379 D CamDev@1.0-impl: sGetMemory i = 0 fd(data[0]) = 173
09-01 18:12:23.072   982  1214 D CameraHardwareInterface: registerMemory_check input fd = 8
09-01 18:12:23.072   982  1214 D CameraHardwareInterface: sGetMemory_check_interface fd 8 size 5533696 num 1
09-01 18:12:23.072   982  1214 D CameraHardwareInterface: leetao camera_debug get memory fd=27,mem=0xe923c488,strongcount=2
09-01 18:12:23.072   982  1214 D CameraHardwareInterface: registerMemory_check mem 0xe920660c id 27
09-01 18:12:23.072   673 31379 D CamDev@1.0-impl: sGetMemory middle data[0] = 173 id 27 mem->handle.mId 27
09-01 18:12:23.075   673 31379 D CamDev@1.0-impl: sGetMemory input fd = 176
09-01 18:12:23.075   673 31379 D CamDev@1.0-impl: CameraHeapMemory_check fd 176 mHidlHandle->data[0] 180
09-01 18:12:23.075   673 31379 E CamDev@1.0-impl: lmj debug mem->vif_value is 0
09-01 18:12:23.075   673 31379 D CamDev@1.0-impl: sGetMemory numOfFd 1
09-01 18:12:23.075   673 31379 D CamDev@1.0-impl: sGetMemory i = 0 fd(data[0]) = 180
09-01 18:12:23.075   982  1214 D CameraHardwareInterface: registerMemory_check input fd = 8
09-01 18:12:23.076   982  1214 D CameraHardwareInterface: sGetMemory_check_interface fd 8 size 5533696 num 1
09-01 18:12:23.076   982  1214 D CameraHardwareInterface: leetao camera_debug get memory fd=30,mem=0xe923c4c0,strongcount=2
09-01 18:12:23.076   982  1214 D CameraHardwareInterface: registerMemory_check mem 0xe920666c id 30
09-01 18:12:23.076   673 31379 D CamDev@1.0-impl: sGetMemory middle data[0] = 180 id 30 mem->handle.mId 30
09-01 18:12:23.076   673 31379 E QCamera2HWI: deferredWorkRoutine: dw->cmd = 7, dw->id = 7, pme->mInitPProcJob = 0, job_status = 0x0 at 13123
09-01 18:12:23.084   673 31408 E mm-camera: s5k2l8_pd1728front_m24c64s_eeprom_get_calibration_items:212,Enter
09-01 18:12:23.084   673 31408 E mm-camera: s5k2l8_pd1728front_m24c64s_eeprom_get_calibration_items:226,is_wbc:1,is_afc:0,is_lsc:1,is_dpc:0,is_insensor:0,  is_ois:0
09-01 18:12:23.093   673 31377 E         : mm_camera_module_send_cmd: rc = 0
09-01 18:12:23.094   673 31377 E         : mm_camera_module_send_cmd: rc = 0
09-01 18:12:23.094   673 31379 E         : mm_camera_module_send_cmd: rc = 0
09-01 18:12:23.095   673 31377 E         : mm_camera_module_send_cmd: rc = 0
09-01 18:12:23.096   673 31420 I ta      : TAAEC< INFO> 2880: aec_set_param: SHDR LIMITS:0 0 (0 0) (0 0)
09-01 18:12:23.096   673  1419 D QCameraQuadraCfa: img_algo_preload:126 : E
09-01 18:12:23.096   673  1419 D QCameraQuadraCfa: PresetConfig:498 : E
09-01 18:12:23.096   673  1419 D QCameraQuadraCfa: PresetConfig:502 : custom_cal_data  0
09-01 18:12:23.096   673  1419 D QCameraQuadraCfa: PresetConfig:503 : full_height  bd0
09-01 18:12:23.096   673  1419 D QCameraQuadraCfa: PresetConfig:504 : full_width  fc0
09-01 18:12:23.096   673  1419 D QCameraQuadraCfa: PresetConfig:505 : filter_arrangement  1
09-01 18:12:23.096   673  1419 D QCameraQuadraCfa: PresetConfig:506 : pedestal  40
09-01 18:12:23.096   673  1419 E quadracfa_dummy: inside dummy remosaic_init 1
09-01 18:12:23.096   673  1419 E quadracfa_dummy: inside dummy remosaic_gainmap_gen 1
09-01 18:12:23.096   673  1419 D QCameraQuadraCfa: PresetConfig:520 : X
09-01 18:12:23.096   673  1419 D QCameraQuadraCfa: img_algo_preload:128 : X
09-01 18:12:23.097   673 31404 E mm-camera: s5k2l8_pd1728front_m24c64s_eeprom_get_calibration_items:212,Enter
09-01 18:12:23.097   673 31404 E mm-camera: s5k2l8_pd1728front_m24c64s_eeprom_get_calibration_items:226,is_wbc:1,is_afc:0,is_lsc:1,is_dpc:0,is_insensor:0,  is_ois:0
09-01 18:12:23.099   673 31420 E ta      : TAAWB<ERROR> 2132: awb_set_init_vivo_chromatix: enableExtendGainAdjust 0
09-01 18:12:23.100   673 31421 I ta      : TAAF< INFO> 131: af_hybrid_update_tuning_params: dlopen of /system/vendor/lib/libtuning_lc898212xd_onsemi_vivohaf.so failed NULL handle ,use default param
09-01 18:12:23.137   673 31420 E libc    : Access denied finding property "persist.front.camera.qcom.awb"
09-01 18:12:23.138   673 31404 E libc    : Access denied finding property "cpp.set.clock"
09-01 18:12:23.138   673 31404 E         : ctrl->cpphw->stream_type = 1
09-01 18:12:23.150   673 31377 E         : mm_camera_module_send_cmd: rc = 0
09-01 18:12:23.156   673 31420 I ta      : TAAEC< INFO> 2880: aec_set_param: SHDR LIMITS:0 0 (0 0) (0 0)
09-01 18:12:23.172   673 31377 E         : mm_camera_module_send_cmd: rc = 0
09-01 18:12:23.172   673 31377 E         : mm_camera_module_send_cmd: rc = 0
09-01 18:12:23.172   673 31377 D ArcsoftProc: setPreviewState previewstate = 0
09-01 18:12:23.172   673 31379 E QCamera2HWI: deferredWorkRoutine: dw->cmd = 2, dw->id = 8, pme->mInitPProcJob = 8, job_status = 0x0 at 13123
09-01 18:12:23.179   673 13700 E         : mm_camera_module_send_cmd: rc = 0
09-01 18:12:23.181 28518 28518 D OrientationEventListener: Orientation is:355 X:-0.8542328 Y:-9.84407 Z:0.095718384
09-01 18:12:23.193   673 31379 I qomx_image_core: OMX_Init:101] Complete 3
09-01 18:12:23.212  1724 12856 I Adreno  : QUALCOMM build                   : 9128d71, Ib33d3e8e13
09-01 18:12:23.212  1724 12856 I Adreno  : Build Date                       : 11/02/18
09-01 18:12:23.212  1724 12856 I Adreno  : OpenGL ES Shader Compiler Version: EV031.25.03.01
09-01 18:12:23.212  1724 12856 I Adreno  : Local Branch                     :
09-01 18:12:23.212  1724 12856 I Adreno  : Remote Branch                    :
09-01 18:12:23.212  1724 12856 I Adreno  : Remote Branch                    :
09-01 18:12:23.212  1724 12856 I Adreno  : Reconstruct Branch               :
09-01 18:12:23.212  1724 12856 I Adreno  : Build Config                     : S L 6.0.7 AArch64
09-01 18:12:23.215   673 31405 E libc    : Access denied finding property "persist.front.camera.qcom.awb"
09-01 18:12:23.217   673 31377 D CamDev@1.0-impl: sGetMemory input fd = -1
09-01 18:12:23.217   669   669 W AshmemAllocator: ashmem_create_region(4096) returning hidl_memory(0x716862c100, 4096)
09-01 18:12:23.217   673 31377 E CamDev@1.0-impl: lmj debug mem->vif_value is 0
09-01 18:12:23.217   673 31377 D CamDev@1.0-impl: sGetMemory numOfFd 1
09-01 18:12:23.217   673 31377 D CamDev@1.0-impl: sGetMemory i = 0 fd(data[0]) = 244
09-01 18:12:23.218   982  1214 D CameraHardwareInterface: registerMemory_check input fd = 8
09-01 18:12:23.218   982  1214 D CameraHardwareInterface: sGetMemory_check_interface fd 8 size 968 num 1
09-01 18:12:23.218   982  1214 D CameraHardwareInterface: leetao camera_debug get memory fd=33,mem=0xe923c4f8,strongcount=2
09-01 18:12:23.218   982  1214 D CameraHardwareInterface: registerMemory_check mem 0xe92066cc id 33
09-01 18:12:23.218   673 31377 D CamDev@1.0-impl: sGetMemory middle data[0] = 244 id 33 mem->handle.mId 33
09-01 18:12:23.219  1724 12856 I Adreno  : PFP: 0x005ff112, ME: 0x005ff066
09-01 18:12:23.219   673 31432 D CamDev@1.0-impl: sDataCb
09-01 18:12:23.219   673 31432 D CamDev@1.0-impl: sDataCb mQDeviceCallback
09-01 18:12:23.219   673 31432 D CamDev@1.0-impl: sDataCb mQDeviceCallback mem->handle.mId fd(33) data 0xe5cf4c8c
09-01 18:12:23.220   982  1214 D CameraHardwareInterface: leetao camera_debug get memory fd=33,mem=0xe923c4f8,strongcount=2,msg_type=1024
09-01 18:12:23.220   982  1214 D CameraHardwareInterface: leetao camera_debug release memory fd=33,mem=0xe92066b0,heap=0xe923c4f8,strongcount=2
09-01 18:12:23.220   982  1214 D CameraHardwareInterface: camera_debug ~CameraHeapMemory
09-01 18:12:23.220  1724 12856 I ConfigStore: android::hardware::configstore::V1_0::ISurfaceFlingerConfigs::hasWideColorDisplay retrieved: 0
09-01 18:12:23.220  1724 12856 I ConfigStore: android::hardware::configstore::V1_0::ISurfaceFlingerConfigs::hasHDRDisplay retrieved: 0
09-01 18:12:23.221  1724 12856 I OpenGLRenderer: Initialized EGL, version 1.4
09-01 18:12:23.221  1724 12856 D OpenGLRenderer: Swap behavior 2
09-01 18:12:23.226  1724  4404 D PackageManager: package:1000 check permission,PERMISSION_GRANTED
09-01 18:12:23.227  1724  1853 D UiModeManager: onForegroundActivitiesChanged: pid=31324, uid=10580, foregroundActivities=false
09-01 18:12:23.229  1724 14890 D PackageManager: package:1000 check permission,PERMISSION_GRANTED
09-01 18:12:23.229   673 31379 I qomx_image_core: OMX_GetHandle:243] get instance pts is 0xf1ef4e00
09-01 18:12:23.230  1724  2614 I LocationManagerService: shouldRequest for passive  ? true
09-01 18:12:23.232   673 31379 D qomx_image_core: OMX_GetHandle:261] handle = 0xf1ef4e04 Instanceindex = 0,comp_idx 2 g_ptr 0xd67be100
09-01 18:12:23.232   673 31379 E mm-still: omx_component_set_callbacks: Bad Parameter
09-01 18:12:23.232   673 31379 I qomx_image_core: OMX_GetHandle:267] Success
09-01 18:12:23.241   673 31379 D fastcv_lib_log: Fastcv vendor library
09-01 18:12:23.241   673 31379 I fastcv_lib_log: QCVAQ6_deinit
09-01 18:12:23.253   673 31379 D fastcv_lib_log: dlopen_stub completed. adspstubHandle=0xc4859e0d
09-01 18:12:23.260   717   804 W SurfaceFlinger: Attempting to destroy on removed layer: AppWindowToken{6455dcc token=Token{35bebff ActivityRecord{ea5d71e u0 io.appium.settings/.Settings t137}}}#0
09-01 18:12:23.278   673 31379 V /vendor/bin/hw/android.hardware.camera.provider@2.4-service: vendor/qcom/proprietary/commonsys-intf/adsprpc/src/fastrpc_apps_user.c:1006: remote_handle_open: Successfully opened handle 0x36026a20 for dspCV on domain 3
09-01 18:12:23.280   673 31379 V /vendor/bin/hw/android.hardware.camera.provider@2.4-service: vendor/qcom/proprietary/commonsys-intf/adsprpc/src/fastrpc_apps_user.c:1006: remote_handle_open: Successfully opened handle 0x36026aa0 for fastcvadsp on domain 3
09-01 18:12:23.281   673 31379 D fastcv_lib_log: Q6 initialized successfully. Q6 FastCV functions mode 1 are enabled.
09-01 18:12:23.281   673 31379 I fastcv_lib_log: FIT:(FeatureName=>QCVAQ6, Initialized=>1)
09-01 18:12:23.281   673 31379 D fastcv_lib_log: QDSP is available
09-01 18:12:23.307   673 31387 E         : cpp_thread_handle_process_buf_event, stream_type = 1
09-01 18:12:23.310   673 31387 E libc    : Access denied finding property "disable.cpp.power.collapse"
09-01 18:12:23.310   673 31387 E libc    : Access denied finding property "camera.cpp.dumppreviewpayload"
09-01 18:12:23.312   673 31420 E ta      : TAAEC<ERROR> 2520: aec_process_parse_input_info: AEC error: invalid param type: 21
09-01 18:12:23.313   673 31420 I ta      : TAAEC< INFO> 4280: aec_process_calc_roi_luma_ctrl: FACE_PROTECTION: AE FACE FEATURE DISABLED
09-01 18:12:23.313   673 31420 I ta      : TAAEC< INFO> 4324: aec_process_calc_roi_luma_ctrl: FACE_PROTECTION: Face Portection FALSE
09-01 18:12:23.315   673 31420 E libc    : Access denied finding property "persist.front.camera.qcom.awb"
09-01 18:12:23.325   673 31434 I CCSG    : System free ram: 50173
09-01 18:12:23.325   673 31434 I CCSG    : Process(673): VmSIZE 639392, VmRSS 130576
09-01 18:12:23.326   673 31434 I QTI PowerHAL: Got process_video_encode_hint
09-01 18:12:23.329   673 31434 E libc    : Access denied finding property "persist.aicamera.needlut"
09-01 18:12:23.342   673 31440 E libc    : Access denied finding property "cpp.set.clock"
09-01 18:12:23.343   673 31387 E         : cpp_thread_handle_process_buf_event, stream_type = 1
09-01 18:12:23.343   673 31387 E libc    : Access denied finding property "disable.cpp.power.collapse"
09-01 18:12:23.344   673 31387 E libc    : Access denied finding property "camera.cpp.dumppreviewpayload"
09-01 18:12:23.350   673 31420 E ta      : TAAEC<ERROR> 2520: aec_process_parse_input_info: AEC error: invalid param type: 21
09-01 18:12:23.352   673 31420 I ta      : TAAEC< INFO> 4280: aec_process_calc_roi_luma_ctrl: FACE_PROTECTION: AE FACE FEATURE DISABLED
09-01 18:12:23.352   673 31420 I ta      : TAAEC< INFO> 4324: aec_process_calc_roi_luma_ctrl: FACE_PROTECTION: Face Portection FALSE
09-01 18:12:23.355   673 31420 E libc    : Access denied finding property "persist.front.camera.qcom.awb"
09-01 18:12:23.363   673 31434 E libc    : Access denied finding property "persist.aicamera.needlut"
09-01 18:12:23.375   673 31387 E         : cpp_thread_handle_process_buf_event, stream_type = 1
09-01 18:12:23.375   673 31387 E libc    : Access denied finding property "disable.cpp.power.collapse"
09-01 18:12:23.375   673 31387 E libc    : Access denied finding property "camera.cpp.dumppreviewpayload"
09-01 18:12:23.378   673 31420 E ta      : TAAEC<ERROR> 2520: aec_process_parse_input_info: AEC error: invalid param type: 21
09-01 18:12:23.379   673 31420 I ta      : TAAEC< INFO> 4280: aec_process_calc_roi_luma_ctrl: FACE_PROTECTION: AE FACE FEATURE DISABLED
09-01 18:12:23.379   673 31420 I ta      : TAAEC< INFO> 4324: aec_process_calc_roi_luma_ctrl: FACE_PROTECTION: Face Portection FALSE
09-01 18:12:23.382   673 31405 E libc    : Access denied finding property "persist.front.camera.qcom.awb"
09-01 18:12:23.400   673 31434 E libc    : Access denied finding property "persist.aicamera.needlut"
09-01 18:12:23.409   673 31387 E         : cpp_thread_handle_process_buf_event, stream_type = 1
09-01 18:12:23.410   673 31387 E libc    : Access denied finding property "disable.cpp.power.collapse"
09-01 18:12:23.411   673 31387 E libc    : Access denied finding property "camera.cpp.dumppreviewpayload"
09-01 18:12:23.412   673 31420 E ta      : TAAEC<ERROR> 2520: aec_process_parse_input_info: AEC error: invalid param type: 21
09-01 18:12:23.412   673 31420 I ta      : TAAEC< INFO> 4280: aec_process_calc_roi_luma_ctrl: FACE_PROTECTION: AE FACE FEATURE DISABLED
09-01 18:12:23.412   673 31420 I ta      : TAAEC< INFO> 4324: aec_process_calc_roi_luma_ctrl: FACE_PROTECTION: Face Portection FALSE
09-01 18:12:23.419   673 31405 E libc    : Access denied finding property "persist.front.camera.qcom.awb"
09-01 18:12:23.441   673 31440 E libc    : Access denied finding property "cpp.set.clock"
09-01 18:12:23.443   673 31434 E libc    : Access denied finding property "persist.aicamera.needlut"
09-01 18:12:23.444   673 31387 E         : cpp_thread_handle_process_buf_event, stream_type = 1
09-01 18:12:23.444   673 31387 E libc    : Access denied finding property "disable.cpp.power.collapse"
09-01 18:12:23.445   673 31387 E libc    : Access denied finding property "camera.cpp.dumppreviewpayload"
09-01 18:12:23.445   673 31420 E ta      : TAAEC<ERROR> 2520: aec_process_parse_input_info: AEC error: invalid param type: 21
09-01 18:12:23.446   673 31420 I ta      : TAAEC< INFO> 4280: aec_process_calc_roi_luma_ctrl: FACE_PROTECTION: AE FACE FEATURE DISABLED
09-01 18:12:23.446   673 31420 I ta      : TAAEC< INFO> 4324: aec_process_calc_roi_luma_ctrl: FACE_PROTECTION: Face Portection FALSE
09-01 18:12:23.454   673 31405 E libc    : Access denied finding property "persist.front.camera.qcom.awb"
09-01 18:12:23.459   673 31434 E libc    : Access denied finding property "persist.aicamera.needlut"
09-01 18:12:23.474   673 31387 E         : cpp_thread_handle_process_buf_event, stream_type = 1
09-01 18:12:23.474   673 31387 E libc    : Access denied finding property "disable.cpp.power.collapse"
09-01 18:12:23.474   673 31387 E libc    : Access denied finding property "camera.cpp.dumppreviewpayload"
09-01 18:12:23.478   673 31420 E ta      : TAAEC<ERROR> 2520: aec_process_parse_input_info: AEC error: invalid param type: 21
09-01 18:12:23.480   673 31420 I ta      : TAAEC< INFO> 4280: aec_process_calc_roi_luma_ctrl: FACE_PROTECTION: AE FACE FEATURE DISABLED
09-01 18:12:23.480   673 31420 I ta      : TAAEC< INFO> 4324: aec_process_calc_roi_luma_ctrl: FACE_PROTECTION: Face Portection FALSE
09-01 18:12:23.483   673 31405 E libc    : Access denied finding property "persist.front.camera.qcom.awb"
09-01 18:12:23.485   673 31377 D CamDev@1.0-impl: sGetMemory input fd = -1
09-01 18:12:23.485   669   669 W AshmemAllocator: ashmem_create_region(4096) returning hidl_memory(0x716862c100, 4096)
09-01 18:12:23.486   673 31377 E CamDev@1.0-impl: lmj debug mem->vif_value is 0
09-01 18:12:23.486   673 31377 D CamDev@1.0-impl: sGetMemory numOfFd 1
09-01 18:12:23.486   673 31377 D CamDev@1.0-impl: sGetMemory i = 0 fd(data[0]) = 240
09-01 18:12:23.487   982  1214 D CameraHardwareInterface: registerMemory_check input fd = 33
09-01 18:12:23.487   982  1214 D CameraHardwareInterface: sGetMemory_check_interface fd 33 size 968 num 1
09-01 18:12:23.487   982  1214 D CameraHardwareInterface: leetao camera_debug get memory fd=36,mem=0xe923c4f8,strongcount=2
09-01 18:12:23.487   982  1214 D CameraHardwareInterface: registerMemory_check mem 0xe92066cc id 36
09-01 18:12:23.487   673 31377 D CamDev@1.0-impl: sGetMemory middle data[0] = 240 id 36 mem->handle.mId 36
09-01 18:12:23.487   673 31434 E libc    : Access denied finding property "persist.aicamera.needlut"
09-01 18:12:23.487   673 31432 D CamDev@1.0-impl: sDataCb
09-01 18:12:23.487   673 31432 D CamDev@1.0-impl: sDataCb mQDeviceCallback
09-01 18:12:23.487   673 31432 D CamDev@1.0-impl: sDataCb mQDeviceCallback mem->handle.mId fd(36) data 0xe5cf4c1c
09-01 18:12:23.488   982  1214 D CameraHardwareInterface: leetao camera_debug get memory fd=36,mem=0xe923c4f8,strongcount=2,msg_type=1024
09-01 18:12:23.488   982  1214 D CameraHardwareInterface: leetao camera_debug release memory fd=36,mem=0xe92066b0,heap=0xe923c4f8,strongcount=2
09-01 18:12:23.488   982  1214 D CameraHardwareInterface: camera_debug ~CameraHeapMemory
09-01 18:12:23.496 28518 28518 I SurfaceView: updateSystemUiVisibility, blackBackground = false, viewVisibility = 0, appBounds = Rect(0, 0 - 70, 70), mScreenRect = Rect(70, 0 - 140, 70), surface = android.view.SurfaceView{c58bb5d V.E...... ........ 0,0-70,70}
09-01 18:12:23.501   673 31377 E         : mm_camera_module_send_cmd: rc = 0
09-01 18:12:23.502   673 13700 I QTI PowerHAL: Got process_video_encode_hint
09-01 18:12:23.514   673 31377 E         : mm_camera_module_send_cmd: rc = 0
09-01 18:12:23.515   673 31404 E         : Jeff: 4890 downstream stream-off done.
09-01 18:12:23.515   673 31404 E libc    : Access denied finding property "cpp.set.clock"
09-01 18:12:23.525 31141 31141 E adbd    : failed to connect to socket 'tcp:6790': Connection refused
09-01 18:12:23.525   673 31377 E         : mm_camera_module_send_cmd: rc = 0
09-01 18:12:23.533   673 31377 I chatty  : uid=1047(cameraserver) provider@2.4-se identical 27 lines
09-01 18:12:23.533   673 31377 E         : mm_camera_module_send_cmd: rc = 0
09-01 18:12:23.533   982  1622 D CameraHardwareInterface: leetao camera_debug release memory fd=10,mem=0xe92065c0,heap=0xe923c568,strongcount=2
09-01 18:12:23.533   982  1622 D CameraHardwareInterface: camera_debug ~CameraHeapMemory
09-01 18:12:23.534   982  1622 D CameraHardwareInterface: leetao camera_debug release memory fd=11,mem=0xe9205d50,heap=0xe923c258,strongcount=2
09-01 18:12:23.534   982  1622 D CameraHardwareInterface: camera_debug ~CameraHeapMemory
09-01 18:12:23.535   982  1622 D CameraHardwareInterface: leetao camera_debug release memory fd=12,mem=0xe9205e40,heap=0xe923c2c8,strongcount=2
09-01 18:12:23.535   982  1622 D CameraHardwareInterface: camera_debug ~CameraHeapMemory
09-01 18:12:23.535   982  1622 D CameraHardwareInterface: leetao camera_debug release memory fd=15,mem=0xe92063b0,heap=0xe923c338,strongcount=2
09-01 18:12:23.535   982  1622 D CameraHardwareInterface: camera_debug ~CameraHeapMemory
09-01 18:12:23.536   982  1622 D CameraHardwareInterface: leetao camera_debug release memory fd=18,mem=0xe9206410,heap=0xe923c370,strongcount=2
09-01 18:12:23.536   982  1622 D CameraHardwareInterface: camera_debug ~CameraHeapMemory
09-01 18:12:23.537   982  1622 D CameraHardwareInterface: leetao camera_debug release memory fd=21,mem=0xe9206530,heap=0xe923c418,strongcount=2
09-01 18:12:23.537   982  1622 D CameraHardwareInterface: camera_debug ~CameraHeapMemory
09-01 18:12:23.538   982  1622 D CameraHardwareInterface: leetao camera_debug release memory fd=24,mem=0xe9206590,heap=0xe923c450,strongcount=2
09-01 18:12:23.538   982  1622 D CameraHardwareInterface: camera_debug ~CameraHeapMemory
09-01 18:12:23.538   982  1622 D CameraHardwareInterface: leetao camera_debug release memory fd=27,mem=0xe92065f0,heap=0xe923c488,strongcount=2
09-01 18:12:23.538   982  1622 D CameraHardwareInterface: camera_debug ~CameraHeapMemory
09-01 18:12:23.539   982  1622 D CameraHardwareInterface: leetao camera_debug release memory fd=30,mem=0xe9206650,heap=0xe923c4c0,strongcount=2
09-01 18:12:23.539   982  1622 D CameraHardwareInterface: camera_debug ~CameraHeapMemory
09-01 18:12:23.540   673 31377 E         : mm_camera_module_send_cmd: rc = 0
09-01 18:12:23.544   673 31377 I chatty  : uid=1047(cameraserver) provider@2.4-se identical 2 lines
09-01 18:12:23.545   673 31377 E         : mm_camera_module_send_cmd: rc = 0
