09-01 18:13:07.371 10614 10746 D MemoryCeilingMonitor: [calculate] tot: 3343541, max: 268435456, free: 737389, heap: 2606152, per: 0.009708672761917114
09-01 18:13:07.109  1724  2178 I chatty  : uid=1000(system) AutobacklightTh identical 3 lines
09-01 18:13:07.394  1724  1724 D FeatureService: onReceive action android.intent.action.BATTERY_CHANGED
09-01 18:13:07.398  2404  2404 D KeyguardUpdateMonitor: received broadcast android.intent.action.BATTERY_CHANGED
09-01 18:13:07.401  2404  2404 D KeyguardUpdateMonitor: handleBatteryUpdate
09-01 18:13:07.404  2831  2831 D QtiCarrierConfigHelper: WARNING, no carrier configs on phone Id: 0
09-01 18:13:07.404  1724  5458 V LocSvc_HIDL_Subscription_jni: battery_level_update
09-01 18:13:07.406  1724  5458 V LocSvc_HIDL_Subscription_jni: [battery_level_update][931] [HC] =>> [HS]
09-01 18:13:07.406   692   692 V LocSvc_HIDL_IzatSubscription: [batteryLevelUpdate][777] [HS] <<<<= [HC]
09-01 18:13:07.406  1724  5458 V LocSvc_HIDL_Subscription_jni: Exit Result 0
09-01 18:13:07.411 13770 13770 D TESDownloadManager: AppSystemReceiver onReceive
09-01 18:13:07.412 13770 13770 D TESDownloadManager: action:android.intent.action.BATTERY_CHANGED
09-01 18:13:07.412  1724  1724 D FeatureService: onReceive action android.intent.action.BATTERY_CHANGED
09-01 18:13:07.591   717   717 I SurfaceFlinger: FPS: 10
09-01 18:13:08.333  1724  9731 D CompatibilityInfo: mCompatibilityFlags - 0
09-01 18:13:08.333  1724  9731 D CompatibilityInfo: applicationDensity - 480
09-01 18:13:08.333  1724  9731 D CompatibilityInfo: applicationScale - 1.0
09-01 18:13:08.650 28857 28884 I cn.missevan: Explicit concurrent copying GC freed 2006(519KB) AllocSpace objects, 0(0B) LOS objects, 50% free, 20MB/41MB, paused 169us total 122.514ms
09-01 18:13:08.686   717   717 I SurfaceFlinger: FPS: 12
09-01 18:13:08.559  1724  2178 I chatty  : uid=1000(system) AutobacklightTh identical 7 lines
09-01 18:13:08.760  1724  2655 D NotificationService: DEBUG_OVERRIDE_NOTIFY:enqueueNotificationWithTag pkg=cn.missevan opPkg=cn.missevantag=null notification=Notification(channel=LEAKCANARY_LOW pri=0 contentView=null vibrate=null sound=null defaults=0x0 flags=0x10 color=0x00000000 groupKey=LEAKCANARY_LOW vis=PRIVATE internalType=0 internalPriority=0 internalGroupPriority=0 internalFlag=0) userId =0
09-01 18:13:08.761  1724  2655 V NotificationService: enqueueNotificationInternal: pkg=cn.missevan id=2131429467 notification=Notification(channel=LEAKCANARY_LOW pri=0 contentView=null vibrate=null sound=null defaults=0x0 flags=0x10 color=0x00000000 groupKey=LEAKCANARY_LOW vis=PRIVATE internalType=0 internalPriority=0 internalGroupPriority=0 internalFlag=0)
09-01 18:13:08.762  1724  2655 E NotificationService: Suppressing notification from package by user request.
09-01 18:13:09.701 13770 14157 I SmartThreadExecutor: handleMessage: start check 0
09-01 18:13:09.701 13770 14157 I SmartThreadExecutor: handleMessage: check end 0 -86 false
09-01 18:13:09.704   717   717 I SurfaceFlinger: FPS: 10
09-01 18:13:09.847  1724  2178 I chatty  : uid=1000(system) AutobacklightTh identical 6 lines
09-01 18:13:10.108  1007  1109 E storaged: getDiskStats failed with result NOT_SUPPORTED and size 0
09-01 18:13:10.710   717   717 I SurfaceFlinger: FPS: 10
09-01 18:13:10.941 28857 28884 I cn.missevan: Explicit concurrent copying GC freed 1853(514KB) AllocSpace objects, 0(0B) LOS objects, 49% free, 20MB/41MB, paused 409us total 177.670ms
09-01 18:13:10.981 28857 28947 D awcn.TnetSpdySession: |[seq:umeng:546d7dd7fd98c58fc800082c.AWCN1_1] ping host:https://umengacs.m.taobao.com thread:AWCN Scheduler1
09-01 18:13:10.981 28857 28947 D awcn.TnetSpdySession: |[seq:umeng:546d7dd7fd98c58fc800082c.AWCN1_1] https://umengacs.m.taobao.com submit ping ms:45001 force:true
09-01 18:13:10.813  1724  2178 I chatty  : uid=1000(system) AutobacklightTh identical 4 lines
09-01 18:13:11.047  1724  2655 D NotificationService: DEBUG_OVERRIDE_NOTIFY:enqueueNotificationWithTag pkg=cn.missevan opPkg=cn.missevantag=null notification=Notification(channel=LEAKCANARY_LOW pri=0 contentView=null vibrate=null sound=null defaults=0x0 flags=0x10 color=0x00000000 groupKey=LEAKCANARY_LOW vis=PRIVATE internalType=0 internalPriority=0 internalGroupPriority=0 internalFlag=0) userId =0
09-01 18:13:11.047  1724  2655 V NotificationService: enqueueNotificationInternal: pkg=cn.missevan id=2131429467 notification=Notification(channel=LEAKCANARY_LOW pri=0 contentView=null vibrate=null sound=null defaults=0x0 flags=0x10 color=0x00000000 groupKey=LEAKCANARY_LOW vis=PRIVATE internalType=0 internalPriority=0 internalGroupPriority=0 internalFlag=0)
09-01 18:13:11.048  1724  2655 E NotificationService: Suppressing notification from package by user request.
09-01 18:13:11.072 28857 28946 I tnet-jni: 7532 - [spdyPingRecvCallback] -
09-01 18:13:11.073 28857 28946 I tnet-jni: 7532 - [SpdySessionCallBack.spdyPingRecvCallback] - org.android.spdy.SpdySession@936fd16
09-01 18:13:11.073 28857 28946 I awcn.TnetSpdySession: |[seq:umeng:546d7dd7fd98c58fc800082c.AWCN1_1] ping receive Host:https://umengacs.m.taobao.com id:11
09-01 18:13:11.821   717   717 I SurfaceFlinger: FPS: 13
09-01 18:13:12.919   717   717 I SurfaceFlinger: FPS: 11
09-01 18:13:13.276 28857 28884 I cn.missevan: Explicit concurrent copying GC freed 1827(543KB) AllocSpace objects, 0(0B) LOS objects, 50% free, 20MB/41MB, paused 404us total 224.192ms
09-01 18:13:13.067  1724  2178 I chatty  : uid=1000(system) AutobacklightTh identical 12 lines
09-01 18:13:13.386  1724  2655 D NotificationService: DEBUG_OVERRIDE_NOTIFY:enqueueNotificationWithTag pkg=cn.missevan opPkg=cn.missevantag=null notification=Notification(channel=LEAKCANARY_LOW pri=0 contentView=null vibrate=null sound=null defaults=0x0 flags=0x10 color=0x00000000 groupKey=LEAKCANARY_LOW vis=PRIVATE internalType=0 internalPriority=0 internalGroupPriority=0 internalFlag=0) userId =0
09-01 18:13:13.386  1724  2655 V NotificationService: enqueueNotificationInternal: pkg=cn.missevan id=2131429467 notification=Notification(channel=LEAKCANARY_LOW pri=0 contentView=null vibrate=null sound=null defaults=0x0 flags=0x10 color=0x00000000 groupKey=LEAKCANARY_LOW vis=PRIVATE internalType=0 internalPriority=0 internalGroupPriority=0 internalFlag=0)
09-01 18:13:13.387  1724  2655 E NotificationService: Suppressing notification from package by user request.
09-01 18:13:13.932   717   717 I SurfaceFlinger: FPS: 11
09-01 18:13:14.938   717   717 I SurfaceFlinger: FPS: 11
09-01 18:13:15.080 29431 29578 I tnet-jni: 7519 - [spdyPingRecvCallback] -
09-01 18:13:15.081 29431 29578 I tnet-jni: 7519 - [SpdySessionCallBack.spdyPingRecvCallback] - org.android.spdy.SpdySession@fd0e1a3
09-01 18:13:15.081 29431 29578 D NAccs.SilenceConn_default:  spdyPingRecvCallback uniId:2
09-01 18:13:15.081 29431 29578 D NAccs.MsgRecv_default:  onRcvPing
09-01 18:13:15.082 29431 29578 D NAccs.HeartbeatManager:  onHeartbeatSucc
09-01 18:13:15.082 29431 29578 D NAccs.HeartbeatManager:  set 270
09-01 18:13:15.092  1724  2655 V AlarmAlign: setLocked to kernel, type = 2, when = 603387312, curTime = 603309637
09-01 18:13:15.092  1724  2655 V AlarmAlign: setLocked to kernel, type = 3, when = 603329135, curTime = 603309637
09-01 18:13:15.092  1724  2655 V AlarmAlign: setLocked to kernel, type = 2, when = 603387312, curTime = 603309637
09-01 18:13:15.092  1724  2655 V AlarmAlign: setLocked to kernel, type = 3, when = 603329135, curTime = 603309637
09-01 18:13:15.096  1724  2655 V AlarmAlign: setLocked to kernel, type = 2, when = 603387312, curTime = 603309641
09-01 18:13:15.096  1724  2655 V AlarmAlign: setLocked to kernel, type = 3, when = 603329135, curTime = 603309642
09-01 18:13:15.096  1724  2655 V AlarmAlign: setLocked to kernel, type = 2, when = 603387312, curTime = 603309642
09-01 18:13:15.097  1724  2655 V AlarmAlign: setLocked to kernel, type = 3, when = 603329135, curTime = 603309642
09-01 18:13:15.103  1724  4404 V AlarmAlign: setLocked to kernel, type = 2, when = 603387312, curTime = 603309648
09-01 18:13:15.103  1724  4404 V AlarmAlign: setLocked to kernel, type = 3, when = 603329135, curTime = 603309648
09-01 18:13:15.103  1724  4404 V AlarmAlign: setLocked to kernel, type = 2, when = 603387312, curTime = 603309648
09-01 18:13:15.103  1724  4404 V AlarmAlign: setLocked to kernel, type = 3, when = 603329135, curTime = 603309648
09-01 18:13:15.105  1724  4404 V AlarmAlign: setLocked to kernel, type = 2, when = 603387312, curTime = 603309651
09-01 18:13:15.105  1724  4404 V AlarmAlign: setLocked to kernel, type = 3, when = 603329135, curTime = 603309651
09-01 18:13:15.106  1724  4404 V AlarmAlign: setLocked to kernel, type = 2, when = 603387312, curTime = 603309651
09-01 18:13:15.106  1724  4404 V AlarmAlign: setLocked to kernel, type = 3, when = 603329135, curTime = 603309651
09-01 18:13:15.298  2746  2746 W PulseThread: type=1400 audit(0.0:77986): avc: denied { getattr } for path="/proc/30343/stat" dev="proc" ino=4198219 scontext=u:r:system_app:s0 tcontext=u:r:kernel:s0 tclass=file permissive=0
09-01 18:13:15.298  2746  2746 W PulseThread: type=1400 audit(0.0:77987): avc: denied { read } for name="stat" dev="proc" ino=4198219 scontext=u:r:system_app:s0 tcontext=u:r:kernel:s0 tclass=file permissive=0
09-01 18:13:14.999  1724  2178 I chatty  : uid=1000(system) AutobacklightTh identical 10 lines
09-01 18:13:15.304  2746  3159 W ProcessCpuTracker: Skipping unknown process pid 30343
09-01 18:13:15.298  2746  2746 W PulseThread: type=1400 audit(0.0:77988): avc: denied { read } for name="cmdline" dev="proc" ino=4198220 scontext=u:r:system_app:s0 tcontext=u:r:kernel:s0 tclass=file permissive=0
09-01 18:13:15.305  2746  3159 W ProcessCpuTracker: Skipping unknown process pid 30397
09-01 18:13:15.306  2746  3159 W ProcessCpuTracker: Skipping unknown process pid 31069
09-01 18:13:15.298  2746  2746 W PulseThread: type=1400 audit(0.0:77989): avc: denied { read } for name="task" dev="proc" ino=4221785 scontext=u:r:system_app:s0 tcontext=u:r:kernel:s0 tclass=dir permissive=0
09-01 18:13:15.298  2746  2746 W PulseThread: type=1400 audit(0.0:77990): avc: denied { getattr } for path="/proc/30397/stat" dev="proc" ino=4212143 scontext=u:r:system_app:s0 tcontext=u:r:kernel:s0 tclass=file permissive=0
09-01 18:13:15.298  2746  2746 W PulseThread: type=1400 audit(0.0:77991): avc: denied { read } for name="stat" dev="proc" ino=4212143 scontext=u:r:system_app:s0 tcontext=u:r:kernel:s0 tclass=file permissive=0
09-01 18:13:15.298  2746  2746 W PulseThread: type=1400 audit(0.0:77992): avc: denied { read } for name="cmdline" dev="proc" ino=4212144 scontext=u:r:system_app:s0 tcontext=u:r:kernel:s0 tclass=file permissive=0
09-01 18:13:15.298  2746  2746 W PulseThread: type=1400 audit(0.0:77993): avc: denied { read } for name="task" dev="proc" ino=4221786 scontext=u:r:system_app:s0 tcontext=u:r:kernel:s0 tclass=dir permissive=0
09-01 18:13:15.298  2746  2746 W PulseThread: type=1400 audit(0.0:77994): avc: denied { getattr } for path="/proc/31069/stat" dev="proc" ino=4212392 scontext=u:r:system_app:s0 tcontext=u:r:kernel:s0 tclass=file permissive=0
09-01 18:13:15.306  2746  3159 W ProcessCpuTracker: Skipping unknown process pid 31141
09-01 18:13:15.307  2746  3159 W ProcessCpuTracker: Skipping unknown process pid 31151
09-01 18:13:15.307  2746  3159 W ProcessCpuTracker: Skipping unknown process pid 31324
09-01 18:13:15.307  2746  3159 W ProcessCpuTracker: Skipping unknown process pid 31356
09-01 18:13:15.308  2746  3159 W ProcessCpuTracker: Skipping unknown process pid 31476
09-01 18:13:15.308  2746  3159 W ProcessCpuTracker: Skipping unknown process pid 31490
09-01 18:13:15.308  2746  3159 W ProcessCpuTracker: Skipping unknown process pid 31575
09-01 18:13:15.309  2746  3159 W ProcessCpuTracker: Skipping unknown process pid 31587
09-01 18:13:15.618 28857 28884 I cn.missevan: Explicit concurrent copying GC freed 1833(512KB) AllocSpace objects, 0(0B) LOS objects, 50% free, 21MB/42MB, paused 398us total 228.161ms
09-01 18:13:15.482  1724  2178 I chatty  : uid=1000(system) AutobacklightTh identical 1 line
09-01 18:13:15.728  1724  2655 D NotificationService: DEBUG_OVERRIDE_NOTIFY:enqueueNotificationWithTag pkg=cn.missevan opPkg=cn.missevantag=null notification=Notification(channel=LEAKCANARY_LOW pri=0 contentView=null vibrate=null sound=null defaults=0x0 flags=0x10 color=0x00000000 groupKey=LEAKCANARY_LOW vis=PRIVATE internalType=0 internalPriority=0 internalGroupPriority=0 internalFlag=0) userId =0
09-01 18:13:15.729  1724  2655 V NotificationService: enqueueNotificationInternal: pkg=cn.missevan id=2131429467 notification=Notification(channel=LEAKCANARY_LOW pri=0 contentView=null vibrate=null sound=null defaults=0x0 flags=0x10 color=0x00000000 groupKey=LEAKCANARY_LOW vis=PRIVATE internalType=0 internalPriority=0 internalGroupPriority=0 internalFlag=0)
09-01 18:13:15.730  1724  2655 E NotificationService: Suppressing notification from package by user request.
09-01 18:13:16.034   717   717 I SurfaceFlinger: FPS: 11
09-01 18:13:16.312 13770 13812 I ZPlanGuardManager: onBackgroundTimeTick, tick=71
09-01 18:13:16.408  3023  3023 W rms_memory_cana: type=1400 audit(0.0:78030): avc: denied { read } for name="proc" dev="debugfs" ino=4984 scontext=u:r:system_app:s0 tcontext=u:object_r:kgsl_debugfs:s0 tclass=dir permissive=0
09-01 18:13:17.046   717   717 I SurfaceFlinger: FPS: 11
09-01 18:13:17.882 13770 16441 I QzoneConfig: key = qzonesetting secondaryKey= qzone_lastgetfeedtime value= null
09-01 18:13:17.957 28857 28884 I cn.missevan: Explicit concurrent copying GC freed 1818(479KB) AllocSpace objects, 0(0B) LOS objects, 49% free, 20MB/41MB, paused 421us total 225.078ms
09-01 18:13:18.050   717   717 I SurfaceFlinger: FPS: 11
09-01 18:13:17.896  1724  2178 I chatty  : uid=1000(system) AutobacklightTh identical 13 lines
09-01 18:13:18.065  1724  2655 D NotificationService: DEBUG_OVERRIDE_NOTIFY:enqueueNotificationWithTag pkg=cn.missevan opPkg=cn.missevantag=null notification=Notification(channel=LEAKCANARY_LOW pri=0 contentView=null vibrate=null sound=null defaults=0x0 flags=0x10 color=0x00000000 groupKey=LEAKCANARY_LOW vis=PRIVATE internalType=0 internalPriority=0 internalGroupPriority=0 internalFlag=0) userId =0
09-01 18:13:18.065  1724  2655 V NotificationService: enqueueNotificationInternal: pkg=cn.missevan id=2131429467 notification=Notification(channel=LEAKCANARY_LOW pri=0 contentView=null vibrate=null sound=null defaults=0x0 flags=0x10 color=0x00000000 groupKey=LEAKCANARY_LOW vis=PRIVATE internalType=0 internalPriority=0 internalGroupPriority=0 internalFlag=0)
09-01 18:13:18.066  1724  2655 E NotificationService: Suppressing notification from package by user request.
09-01 18:13:18.393  1724  2655 D PackageManager: package:10018 check permission,PERMISSION_GRANTED
09-01 18:13:18.394  1724  2655 W ActivityManager: Unable to start service Intent { act=android.security.IKeyChainService cmp=com.android.keychain/.KeyChainService } U=999: not found
09-01 18:13:18.394  1724  2655 I chatty  : uid=1000(system) Binder:1724_7 identical 1 line
09-01 18:13:18.394  1724  2655 D PackageManager: package:10018 check permission,PERMISSION_GRANTED
09-01 18:13:18.394  2404 31599 I SecurityController: java.lang.AssertionError: could not bind to KeyChainService
09-01 18:13:18.863  1724  2178 I chatty  : uid=1000(system) AutobacklightTh identical 2 lines
09-01 18:13:19.153   717   717 I SurfaceFlinger: FPS: 11
09-01 18:13:19.615   685   884 W qti_sensors_hal: processInd: angle direction: [0]: 2.000000 [1]: 7.786007 [2]: 39.627670 [3]: 0.000000 [4]: 0.000000 [5]: 0.000000 ts: 603314158425203
09-01 18:13:19.360  1724  2178 I chatty  : uid=1000(system) AutobacklightTh identical 1 line
09-01 18:13:19.634   685   884 W qti_sensors_hal: processInd: angle direction: [0]: 2.000000 [1]: 7.786007 [2]: 39.627670 [3]: 0.000000 [4]: 0.000000 [5]: 0.000000 ts: 603314177834383
09-01 18:13:19.654   685   884 W qti_sensors_hal: processInd: angle direction: [0]: 2.000000 [1]: 7.786007 [2]: 39.627670 [3]: 0.000000 [4]: 0.000000 [5]: 0.000000 ts: 603314197243563
09-01 18:13:19.673   685   884 W qti_sensors_hal: processInd: angle direction: [0]: 2.000000 [1]: 7.786007 [2]: 39.627670 [3]: 0.000000 [4]: 0.000000 [5]: 0.000000 ts: 603314216652742
09-01 18:13:19.692   685   884 W qti_sensors_hal: processInd: angle direction: [0]: 3.000000 [1]: 6.214107 [2]: 50.466740 [3]: 0.000000 [4]: 0.000000 [5]: 0.000000 ts: 603314236061922
09-01 18:13:19.712   685   884 W qti_sensors_hal: processInd: angle direction: [0]: 3.000000 [1]: 6.214107 [2]: 50.466740 [3]: 0.000000 [4]: 0.000000 [5]: 0.000000 ts: 603314255501619
09-01 18:13:19.732   685   884 W qti_sensors_hal: processInd: angle direction: [0]: 3.000000 [1]: 6.214107 [2]: 50.466740 [3]: 0.000000 [4]: 0.000000 [5]: 0.000000 ts: 603314274910799
09-01 18:13:19.751   685   884 W qti_sensors_hal: processInd: angle direction: [0]: 3.000000 [1]: 6.214107 [2]: 50.466740 [3]: 0.000000 [4]: 0.000000 [5]: 0.000000 ts: 603314294319979
09-01 18:13:19.770   685   884 W qti_sensors_hal: processInd: angle direction: [0]: 3.000000 [1]: 6.214107 [2]: 50.466740 [3]: 0.000000 [4]: 0.000000 [5]: 0.000000 ts: 603314313729158
09-01 18:13:19.792   685   884 W qti_sensors_hal: processInd: angle direction: [0]: 3.000000 [1]: 6.214107 [2]: 50.466740 [3]: 0.000000 [4]: 0.000000 [5]: 0.000000 ts: 603314333138338
09-01 18:13:19.810   685   884 W qti_sensors_hal: processInd: angle direction: [0]: 3.000000 [1]: 6.214107 [2]: 50.466740 [3]: 0.000000 [4]: 0.000000 [5]: 0.000000 ts: 603314352547518
09-01 18:13:19.828   685   884 W qti_sensors_hal: processInd: angle direction: [0]: 3.000000 [1]: 6.214107 [2]: 50.466740 [3]: 0.000000 [4]: 0.000000 [5]: 0.000000 ts: 603314371987215
09-01 18:13:20.161   717   717 I SurfaceFlinger: FPS: 10
09-01 18:13:19.992  1724  2178 I chatty  : uid=1000(system) AutobacklightTh identical 1 line
09-01 18:13:20.192  1724  2184 I DisplayPowerState: mBlockedByFingerprint = 0
09-01 18:13:20.193  1724  2184 E DisplayPowerState: run changed=true mNightPearlManager is null! or state != Display.STATE_OFF
09-01 18:13:20.193  1724  2184 D DisplayPowerState: run normal set state ON brightness:234
09-01 18:13:20.193  1724  2184 W LightsService: setBrightness:178
09-01 18:13:20.196 28857 28884 I cn.missevan: Explicit concurrent copying GC freed 1947(526KB) AllocSpace objects, 0(0B) LOS objects, 49% free, 20MB/41MB, paused 164us total 127.852ms
09-01 18:13:20.198  1724  2184 D FingerprintWakeHook: Display state changed to ON
09-01 18:13:20.198  1724  2184 D DisplayPowerState: run normal set state end
09-01 18:13:20.199  1724  2184 D DisplayPowerState: run state:ON on:true backlight:178
09-01 18:13:20.300  1724  2655 D NotificationService: DEBUG_OVERRIDE_NOTIFY:enqueueNotificationWithTag pkg=cn.missevan opPkg=cn.missevantag=null notification=Notification(channel=LEAKCANARY_LOW pri=0 contentView=null vibrate=null sound=null defaults=0x0 flags=0x10 color=0x00000000 groupKey=LEAKCANARY_LOW vis=PRIVATE internalType=0 internalPriority=0 internalGroupPriority=0 internalFlag=0) userId =0
09-01 18:13:20.300  1724  2655 V NotificationService: enqueueNotificationInternal: pkg=cn.missevan id=2131429467 notification=Notification(channel=LEAKCANARY_LOW pri=0 contentView=null vibrate=null sound=null defaults=0x0 flags=0x10 color=0x00000000 groupKey=LEAKCANARY_LOW vis=PRIVATE internalType=0 internalPriority=0 internalGroupPriority=0 internalFlag=0)
09-01 18:13:20.300  1724  2655 E NotificationService: Suppressing notification from package by user request.
09-01 18:13:20.451 28857 28857 E cn.missevan: No package ID ff found for ID 0xffffffff.
09-01 18:13:20.452  1724  1853 V WindowOrientationListener: in onTouchEndLocked. proposedRotation=0, oldProposedRotation=0
09-01 18:13:20.956  1724  1853 V WindowOrientationListener: in onTouchEndLocked. proposedRotation=0, oldProposedRotation=0
09-01 18:13:21.023 28857 28857 I Banner  : [main] banner resume loop
09-01 18:13:21.027 28857 28857 I chatty  : uid=10602(cn.missevan) identical 2 lines
09-01 18:13:21.028 28857 28857 I Banner  : [main] banner resume loop
09-01 18:13:21.176   717   717 I SurfaceFlinger: FPS: 51
09-01 18:13:21.182 28857 28962 I CronetEngine: [thread_background]
09-01 18:13:21.182 28857 28962 I CronetEngine: url: https://fm.uat.missevan.com/api/v2/recommended/top
09-01 18:13:21.182 28857 28962 I CronetEngine:  ip: 10.21.250.10
09-01 18:13:21.182 28857 28962 I CronetEngine:  hostResolverProvider:
09-01 18:13:21.182 28857 28962 I CronetEngine:  hostResolveIps: []
09-01 18:13:21.182 28857 28962 I CronetEngine:
09-01 18:13:21.184 28857 29381 I BLOG    : [RxCachedThreadScheduler-10] HTTP request: [2022-09-01T10:13:21.053Z] GET https://fm.uat.missevan.com/api/v2/recommended/top 200 124ms 0
09-01 18:13:21.213 28857 28962 I CronetEngine: [thread_background]
09-01 18:13:21.213 28857 28962 I CronetEngine: url: https://fm.uat.missevan.com/api/v2/recommended/homepage?persona_id=3
09-01 18:13:21.213 28857 28962 I CronetEngine:  ip: 10.21.250.10
09-01 18:13:21.213 28857 28962 I CronetEngine:  hostResolverProvider:
09-01 18:13:21.213 28857 28962 I CronetEngine:  hostResolveIps: []
09-01 18:13:21.213 28857 28962 I CronetEngine:
09-01 18:13:21.215 28857 29047 I BLOG    : [RxCachedThreadScheduler-7] HTTP request: [2022-09-01T10:13:21.053Z] GET https://fm.uat.missevan.com/api/v2/recommended/homepage?persona_id=3 200 157ms 0
09-01 18:13:21.250 28857 28962 I CronetEngine: [thread_background]
09-01 18:13:21.250 28857 28962 I CronetEngine: url: https://fm.uat.missevan.com/api/v2/chatroom/open/list?p=1&type=0
09-01 18:13:21.250 28857 28962 I CronetEngine:  ip: 10.21.250.10
09-01 18:13:21.250 28857 28962 I CronetEngine:  hostResolverProvider:
09-01 18:13:21.250 28857 28962 I CronetEngine:  hostResolveIps: []
09-01 18:13:21.250 28857 28962 I CronetEngine:
09-01 18:13:21.254 28857 28961 I BLOG    : [RxCachedThreadScheduler-2] HTTP request: [2022-09-01T10:13:21.058Z] GET https://fm.uat.missevan.com/api/v2/chatroom/open/list?p=1&type=0 200 189ms 0
09-01 18:13:21.278 28857 28857 I Banner  : [main] banner pause loop
09-01 18:13:21.280 28857 28857 I Banner  : [main] banner pause loop
09-01 18:13:21.282 28857 28857 I Banner  : [main] banner resume loop
09-01 18:13:21.337 28857 28857 I chatty  : uid=10602(cn.missevan) identical 4 lines
09-01 18:13:21.338 28857 28857 I Banner  : [main] banner resume loop
09-01 18:13:21.345 13770 31611 I QzoneConfig: key = qqcircle secondaryKey= qqcircle_show_entrance_on_recommend_tab value= 1
09-01 18:13:21.345 13770 31611 D QCircleConfigHelper: showMainTabEntrance:true showRecommendEntrance:true
09-01 18:13:21.345 13770 31611 D QZConfigProviderUtil: getHighPriorityConfig. , secondKey: qqcircle_enable_eevee_polling, result: 1
09-01 18:13:21.345 13770 31611 E QCircleEeveeMananger: isBackgroundPause
09-01 18:13:21.345 13770 31611 E QCircleEeveeMananger: scheduleEeveeTask pollingInterval= 120000
09-01 18:13:21.405 28857 28857 W StaticLayout: maxLineHeight should not be -1.  maxLines:2 lineCount:2
09-01 18:13:21.407 28857 28857 W StaticLayout: maxLineHeight should not be -1.  maxLines:2 lineCount:2
09-01 18:13:21.453 28857 28962 I CronetEngine: [thread_background]
09-01 18:13:21.453 28857 28962 I CronetEngine: url: http://static-test.maoercdn.com/coversmini/201601/20/87106f337c8aa2194de2fde5d393757b182630.jpg?x-oss-process=image/resize,w_306/format,webp
09-01 18:13:21.453 28857 28962 I CronetEngine:  ip: 115.236.155.238
09-01 18:13:21.453 28857 28962 I CronetEngine:  hostResolverProvider:
09-01 18:13:21.453 28857 28962 I CronetEngine:  hostResolveIps: []
09-01 18:13:21.453 28857 28962 I CronetEngine:
09-01 18:13:21.458 28857 28857 W StaticLayout: maxLineHeight should not be -1.  maxLines:1 lineCount:1
09-01 18:13:21.475 28857 28857 W StaticLayout: maxLineHeight should not be -1.  maxLines:1 lineCount:1
09-01 18:13:21.508 28857 28962 I CronetEngine: [thread_background]
09-01 18:13:21.508 28857 28962 I CronetEngine: url: http://static-test.maoercdn.com/coversmini/201601/20/cd4be63a2f5a994c4bf03ca1ed9e6416174510.png?x-oss-process=image/resize,w_306/format,webp
09-01 18:13:21.508 28857 28962 I CronetEngine:  ip: 117.27.226.218
09-01 18:13:21.508 28857 28962 I CronetEngine:  hostResolverProvider:
09-01 18:13:21.508 28857 28962 I CronetEngine:  hostResolveIps: []
09-01 18:13:21.508 28857 28962 I CronetEngine:
09-01 18:13:21.516 28857 28857 W Glide   : Load failed for http://static-test.maoercdn.com/coversmini/201601/20/87106f337c8aa2194de2fde5d393757b182630.jpg with size [306x306]
09-01 18:13:21.516 28857 28857 W Glide   : class com.bumptech.glide.load.a.q: Failed to load resource
09-01 18:13:21.516 28857 28857 W Glide   : There was 1 root cause:
09-01 18:13:21.516 28857 28857 W Glide   : com.bumptech.glide.load.e(Not Found, status code: 404)
09-01 18:13:21.516 28857 28857 W Glide   :  call GlideException#logRootCauses(String) for more detail
09-01 18:13:21.516 28857 28857 W Glide   :   Cause (1 of 1): class com.bumptech.glide.load.a.q: Fetching data failed, class java.io.InputStream, REMOTE
09-01 18:13:21.516 28857 28857 W Glide   : There was 1 root cause:
09-01 18:13:21.516 28857 28857 W Glide   : com.bumptech.glide.load.e(Not Found, status code: 404)
09-01 18:13:21.516 28857 28857 W Glide   :  call GlideException#logRootCauses(String) for more detail
09-01 18:13:21.516 28857 28857 W Glide   :     Cause (1 of 1): class com.bumptech.glide.load.e: Not Found, status code: 404
09-01 18:13:21.517 28857 28857 I Glide   : Root cause (1 of 1)
09-01 18:13:21.517 28857 28857 I Glide   : com.bumptech.glide.load.e: Not Found, status code: 404
09-01 18:13:21.517 28857 28857 I Glide   : 	at com.bumptech.glide.integration.okhttp3.b.onResponse(SourceFile:71)
09-01 18:13:21.517 28857 28857 I Glide   : 	at okhttp3.ac$a.execute(SourceFile:221)
09-01 18:13:21.517 28857 28857 I Glide   : 	at okhttp3.internal.b.run(SourceFile:32)
09-01 18:13:21.517 28857 28857 I Glide   : 	at java.util.concurrent.ThreadPoolExecutor.runWorker(ThreadPoolExecutor.java:1167)
09-01 18:13:21.517 28857 28857 I Glide   : 	at java.util.concurrent.ThreadPoolExecutor$Worker.run(ThreadPoolExecutor.java:641)
09-01 18:13:21.517 28857 28857 I Glide   : 	at java.lang.Thread.run(Thread.java:764)
09-01 18:13:21.522 28857 28857 W StaticLayout: maxLineHeight should not be -1.  maxLines:1 lineCount:1
09-01 18:13:21.529 28857 28857 W Glide   : Load failed for http://static-test.maoercdn.com/coversmini/201601/20/cd4be63a2f5a994c4bf03ca1ed9e6416174510.png with size [306x306]
09-01 18:13:21.529 28857 28857 W Glide   : class com.bumptech.glide.load.a.q: Failed to load resource
09-01 18:13:21.529 28857 28857 W Glide   : There was 1 root cause:
09-01 18:13:21.529 28857 28857 W Glide   : com.bumptech.glide.load.e(Not Found, status code: 404)
09-01 18:13:21.529 28857 28857 W Glide   :  call GlideException#logRootCauses(String) for more detail
09-01 18:13:21.529 28857 28857 W Glide   :   Cause (1 of 1): class com.bumptech.glide.load.a.q: Fetching data failed, class java.io.InputStream, REMOTE
09-01 18:13:21.529 28857 28857 W Glide   : There was 1 root cause:
09-01 18:13:21.529 28857 28857 W Glide   : com.bumptech.glide.load.e(Not Found, status code: 404)
09-01 18:13:21.529 28857 28857 W Glide   :  call GlideException#logRootCauses(String) for more detail
09-01 18:13:21.529 28857 28857 W Glide   :     Cause (1 of 1): class com.bumptech.glide.load.e: Not Found, status code: 404
09-01 18:13:21.530 28857 28857 I Glide   : Root cause (1 of 1)
09-01 18:13:21.530 28857 28857 I Glide   : com.bumptech.glide.load.e: Not Found, status code: 404
09-01 18:13:21.530 28857 28857 I Glide   : 	at com.bumptech.glide.integration.okhttp3.b.onResponse(SourceFile:71)
09-01 18:13:21.530 28857 28857 I Glide   : 	at okhttp3.ac$a.execute(SourceFile:221)
09-01 18:13:21.530 28857 28857 I Glide   : 	at okhttp3.internal.b.run(SourceFile:32)
09-01 18:13:21.530 28857 28857 I Glide   : 	at java.util.concurrent.ThreadPoolExecutor.runWorker(ThreadPoolExecutor.java:1167)
09-01 18:13:21.530 28857 28857 I Glide   : 	at java.util.concurrent.ThreadPoolExecutor$Worker.run(ThreadPoolExecutor.java:641)
09-01 18:13:21.530 28857 28857 I Glide   : 	at java.lang.Thread.run(Thread.java:764)
09-01 18:13:21.530 28857 28962 I CronetEngine: [thread_background]
09-01 18:13:21.530 28857 28962 I CronetEngine: url: http://static-test.maoercdn.com/coversmini/201703/13/5e1d767295e0c11175ff2f90290e5a8e203835.jpg?x-oss-process=image/resize,w_306/format,webp
09-01 18:13:21.530 28857 28962 I CronetEngine:  ip: 117.27.226.218
09-01 18:13:21.530 28857 28962 I CronetEngine:  hostResolverProvider:
09-01 18:13:21.530 28857 28962 I CronetEngine:  hostResolveIps: []
09-01 18:13:21.530 28857 28962 I CronetEngine:
09-01 18:13:21.538 28857 28962 I CronetEngine: [thread_background]
09-01 18:13:21.538 28857 28962 I CronetEngine: url: http://static-test.maoercdn.com/coversmini/201703/16/9cbe64cb0a483b55842e732ccebf0608214027.jpeg?x-oss-process=image/resize,w_306/format,webp
09-01 18:13:21.538 28857 28962 I CronetEngine:  ip: 117.27.226.218
09-01 18:13:21.538 28857 28962 I CronetEngine:  hostResolverProvider:
09-01 18:13:21.538 28857 28962 I CronetEngine:  hostResolveIps: []
09-01 18:13:21.538 28857 28962 I CronetEngine:
09-01 18:13:21.539 28857 28857 W Glide   : Load failed for http://static-test.maoercdn.com/coversmini/201703/13/5e1d767295e0c11175ff2f90290e5a8e203835.jpg with size [306x306]
09-01 18:13:21.539 28857 28857 W Glide   : class com.bumptech.glide.load.a.q: Failed to load resource
09-01 18:13:21.539 28857 28857 W Glide   : There was 1 root cause:
09-01 18:13:21.539 28857 28857 W Glide   : com.bumptech.glide.load.e(Not Found, status code: 404)
09-01 18:13:21.539 28857 28857 W Glide   :  call GlideException#logRootCauses(String) for more detail
09-01 18:13:21.539 28857 28857 W Glide   :   Cause (1 of 1): class com.bumptech.glide.load.a.q: Fetching data failed, class java.io.InputStream, REMOTE
09-01 18:13:21.539 28857 28857 W Glide   : There was 1 root cause:
09-01 18:13:21.539 28857 28857 W Glide   : com.bumptech.glide.load.e(Not Found, status code: 404)
09-01 18:13:21.539 28857 28857 W Glide   :  call GlideException#logRootCauses(String) for more detail
09-01 18:13:21.539 28857 28857 W Glide   :     Cause (1 of 1): class com.bumptech.glide.load.e: Not Found, status code: 404
09-01 18:13:21.540 28857 28857 I Glide   : Root cause (1 of 1)
09-01 18:13:21.540 28857 28857 I Glide   : com.bumptech.glide.load.e: Not Found, status code: 404
09-01 18:13:21.540 28857 28857 I Glide   : 	at com.bumptech.glide.integration.okhttp3.b.onResponse(SourceFile:71)
09-01 18:13:21.540 28857 28857 I Glide   : 	at okhttp3.ac$a.execute(SourceFile:221)
09-01 18:13:21.540 28857 28857 I Glide   : 	at okhttp3.internal.b.run(SourceFile:32)
09-01 18:13:21.540 28857 28857 I Glide   : 	at java.util.concurrent.ThreadPoolExecutor.runWorker(ThreadPoolExecutor.java:1167)
09-01 18:13:21.540 28857 28857 I Glide   : 	at java.util.concurrent.ThreadPoolExecutor$Worker.run(ThreadPoolExecutor.java:641)
09-01 18:13:21.540 28857 28857 I Glide   : 	at java.lang.Thread.run(Thread.java:764)
09-01 18:13:21.547 28857 28857 W Glide   : Load failed for http://static-test.maoercdn.com/coversmini/201703/16/9cbe64cb0a483b55842e732ccebf0608214027.jpeg with size [306x306]
09-01 18:13:21.547 28857 28857 W Glide   : class com.bumptech.glide.load.a.q: Failed to load resource
09-01 18:13:21.547 28857 28857 W Glide   : There was 1 root cause:
09-01 18:13:21.547 28857 28857 W Glide   : com.bumptech.glide.load.e(Not Found, status code: 404)
09-01 18:13:21.547 28857 28857 W Glide   :  call GlideException#logRootCauses(String) for more detail
09-01 18:13:21.547 28857 28857 W Glide   :   Cause (1 of 1): class com.bumptech.glide.load.a.q: Fetching data failed, class java.io.InputStream, REMOTE
09-01 18:13:21.547 28857 28857 W Glide   : There was 1 root cause:
09-01 18:13:21.547 28857 28857 W Glide   : com.bumptech.glide.load.e(Not Found, status code: 404)
09-01 18:13:21.547 28857 28857 W Glide   :  call GlideException#logRootCauses(String) for more detail
09-01 18:13:21.547 28857 28857 W Glide   :     Cause (1 of 1): class com.bumptech.glide.load.e: Not Found, status code: 404
09-01 18:13:21.548 28857 28857 I Glide   : Root cause (1 of 1)
09-01 18:13:21.548 28857 28857 I Glide   : com.bumptech.glide.load.e: Not Found, status code: 404
09-01 18:13:21.548 28857 28857 I Glide   : 	at com.bumptech.glide.integration.okhttp3.b.onResponse(SourceFile:71)
09-01 18:13:21.548 28857 28857 I Glide   : 	at okhttp3.ac$a.execute(SourceFile:221)
09-01 18:13:21.548 28857 28857 I Glide   : 	at okhttp3.internal.b.run(SourceFile:32)
09-01 18:13:21.548 28857 28857 I Glide   : 	at java.util.concurrent.ThreadPoolExecutor.runWorker(ThreadPoolExecutor.java:1167)
09-01 18:13:21.548 28857 28857 I Glide   : 	at java.util.concurrent.ThreadPoolExecutor$Worker.run(ThreadPoolExecutor.java:641)
09-01 18:13:21.548 28857 28857 I Glide   : 	at java.lang.Thread.run(Thread.java:764)
09-01 18:13:22.178   717   717 I SurfaceFlinger: FPS: 49
09-01 18:13:22.468 28857 28884 I cn.missevan: Explicit concurrent copying GC freed 49505(3MB) AllocSpace objects, 33(1328KB) LOS objects, 49% free, 21MB/42MB, paused 176us total 164.809ms
09-01 18:13:22.405  1724  2178 I chatty  : uid=1000(system) AutobacklightTh identical 8 lines
09-01 18:13:22.572  1724  2655 D NotificationService: DEBUG_OVERRIDE_NOTIFY:enqueueNotificationWithTag pkg=cn.missevan opPkg=cn.missevantag=null notification=Notification(channel=LEAKCANARY_LOW pri=0 contentView=null vibrate=null sound=null defaults=0x0 flags=0x10 color=0x00000000 groupKey=LEAKCANARY_LOW vis=PRIVATE internalType=0 internalPriority=0 internalGroupPriority=0 internalFlag=0) userId =0
09-01 18:13:22.573  1724  2655 V NotificationService: enqueueNotificationInternal: pkg=cn.missevan id=2131429467 notification=Notification(channel=LEAKCANARY_LOW pri=0 contentView=null vibrate=null sound=null defaults=0x0 flags=0x10 color=0x00000000 groupKey=LEAKCANARY_LOW vis=PRIVATE internalType=0 internalPriority=0 internalGroupPriority=0 internalFlag=0)
09-01 18:13:22.573  1724  2655 E NotificationService: Suppressing notification from package by user request.
09-01 18:13:23.195   717   717 I SurfaceFlinger: FPS: 52
09-01 18:13:24.211   717   717 I SurfaceFlinger: FPS: 46
09-01 18:13:24.790 28857 28884 I cn.missevan: Explicit concurrent copying GC freed 10617(773KB) AllocSpace objects, 0(0B) LOS objects, 50% free, 20MB/41MB, paused 317us total 213.218ms
09-01 18:13:24.658  1724  2178 I chatty  : uid=1000(system) AutobacklightTh identical 12 lines
09-01 18:13:24.898  1724  2655 D NotificationService: DEBUG_OVERRIDE_NOTIFY:enqueueNotificationWithTag pkg=cn.missevan opPkg=cn.missevantag=null notification=Notification(channel=LEAKCANARY_LOW pri=0 contentView=null vibrate=null sound=null defaults=0x0 flags=0x10 color=0x00000000 groupKey=LEAKCANARY_LOW vis=PRIVATE internalType=0 internalPriority=0 internalGroupPriority=0 internalFlag=0) userId =0
09-01 18:13:24.898  1724  2655 V NotificationService: enqueueNotificationInternal: pkg=cn.missevan id=2131429467 notification=Notification(channel=LEAKCANARY_LOW pri=0 contentView=null vibrate=null sound=null defaults=0x0 flags=0x10 color=0x00000000 groupKey=LEAKCANARY_LOW vis=PRIVATE internalType=0 internalPriority=0 internalGroupPriority=0 internalFlag=0)
09-01 18:13:24.899  1724  2655 E NotificationService: Suppressing notification from package by user request.
09-01 18:13:25.227   717   717 I SurfaceFlinger: FPS: 50
09-01 18:13:25.381  4305  6304 I CastDatabase: Saving the database
09-01 18:13:25.395  4305  6304 I SQLiteCastStore: [CastNetworkInfo] saved: 0, skipped: 0, [CastDeviceInfo]: saved 0, skipped 0, Paired Guest Mode DeviceInfo] saved: 0, skipped: 0. [ProbedNetworks]: saved 0, skipped: 0, [ProbedSocketAddress]: saved 0, skipped: 0
09-01 18:13:26.243   717   717 I SurfaceFlinger: FPS: 56
09-01 18:13:26.473 13770 14382 E memtrack: Couldn't load memtrack module
09-01 18:13:26.473 13770 14382 W android.os.Debug: failed to get memory consumption info: -1
09-01 18:13:26.886   715  3178 V APM_AudioPolicyManager: AudioPolicyManager:setRecordSilenced(uid:10478, silenced:1)
09-01 18:13:26.886   715  3178 V AudioFlinger: AudioFlinger::setRecordSilenced(uid:10478, silenced:1)
09-01 18:13:27.107 28857 28884 I cn.missevan: Explicit concurrent copying GC freed 8574(800KB) AllocSpace objects, 2(136KB) LOS objects, 50% free, 20MB/41MB, paused 294us total 205.068ms
09-01 18:13:26.911  1724  2178 I chatty  : uid=1000(system) AutobacklightTh identical 12 lines
09-01 18:13:27.214  1724  9731 D NotificationService: DEBUG_OVERRIDE_NOTIFY:enqueueNotificationWithTag pkg=cn.missevan opPkg=cn.missevantag=null notification=Notification(channel=LEAKCANARY_LOW pri=0 contentView=null vibrate=null sound=null defaults=0x0 flags=0x10 color=0x00000000 groupKey=LEAKCANARY_LOW vis=PRIVATE internalType=0 internalPriority=0 internalGroupPriority=0 internalFlag=0) userId =0
09-01 18:13:27.214  1724  9731 V NotificationService: enqueueNotificationInternal: pkg=cn.missevan id=2131429467 notification=Notification(channel=LEAKCANARY_LOW pri=0 contentView=null vibrate=null sound=null defaults=0x0 flags=0x10 color=0x00000000 groupKey=LEAKCANARY_LOW vis=PRIVATE internalType=0 internalPriority=0 internalGroupPriority=0 internalFlag=0)
09-01 18:13:27.215  1724  9731 E NotificationService: Suppressing notification from package by user request.
09-01 18:13:27.259   717   717 I SurfaceFlinger: FPS: 54
09-01 18:13:27.910 28857 28962 I CronetEngine: [thread_background]
09-01 18:13:27.910 28857 28962 I CronetEngine: url: https://data.uat.missevan.com/statistics/collect-events
09-01 18:13:27.910 28857 28962 I CronetEngine:  ip: 10.21.250.10
09-01 18:13:27.910 28857 28962 I CronetEngine:  hostResolverProvider:
09-01 18:13:27.910 28857 28962 I CronetEngine:  hostResolveIps: []
09-01 18:13:27.910 28857 28962 I CronetEngine:
09-01 18:13:28.240  1724  9731 D PackageManager: package:2000 check permission,PERMISSION_GRANTED
09-01 18:13:28.311   717   717 I SurfaceFlinger: FPS: 54
09-01 18:13:28.324 13770 13812 I ZPlanGuardManager: onBackgroundTimeTick, tick=72
09-01 18:13:29.324   717   717 I SurfaceFlinger: FPS: 54
09-01 18:13:29.346 28857 28884 I cn.missevan: Explicit concurrent copying GC freed 7529(909KB) AllocSpace objects, 1(36KB) LOS objects, 50% free, 20MB/41MB, paused 143us total 129.214ms
09-01 18:13:29.163  1724  2178 I chatty  : uid=1000(system) AutobacklightTh identical 11 lines
09-01 18:13:29.450  1724 14890 D NotificationService: DEBUG_OVERRIDE_NOTIFY:enqueueNotificationWithTag pkg=cn.missevan opPkg=cn.missevantag=null notification=Notification(channel=LEAKCANARY_LOW pri=0 contentView=null vibrate=null sound=null defaults=0x0 flags=0x10 color=0x00000000 groupKey=LEAKCANARY_LOW vis=PRIVATE internalType=0 internalPriority=0 internalGroupPriority=0 internalFlag=0) userId =0
09-01 18:13:29.450  1724 14890 V NotificationService: enqueueNotificationInternal: pkg=cn.missevan id=2131429467 notification=Notification(channel=LEAKCANARY_LOW pri=0 contentView=null vibrate=null sound=null defaults=0x0 flags=0x10 color=0x00000000 groupKey=LEAKCANARY_LOW vis=PRIVATE internalType=0 internalPriority=0 internalGroupPriority=0 internalFlag=0)
09-01 18:13:29.451  1724 14890 E NotificationService: Suppressing notification from package by user request.
09-01 18:13:30.183 31490 31671 I appium  : channel read: GET /wd/hub/sessions
09-01 18:13:30.185 31490 31671 I appium  : GetSessions command
09-01 18:13:30.206 31490 31671 I appium  : AppiumResponse: {"sessionId":"None","value":[{"capabilities":{"appPackage":"cn.missevan","networkConnectionEnabled":true,"noReset":true,"warnings":{},"databaseEnabled":false,"deviceName":"e51ac679","platform":"LINUX","deviceUDID":"e51ac679","appActivity":".activity.MainActivity","desired":{"platformName":"Android",
09-01 18:13:30.237 31490 31672 I appium  : channel read: DELETE /wd/hub/session/undefined
09-01 18:13:30.239 31490 31672 I appium  : DeleteSession command
09-01 18:13:29.968  1724  2178 I chatty  : uid=1000(system) AutobacklightTh identical 3 lines
09-01 18:13:30.243  1724 14890 D PowerManagerService: releaseWakeLockInternal: lock=34131788 [UiAutomator2:ScreenKeeper], flags=0x0
09-01 18:13:30.244 31490 31672 I appium  : Stopping uiautomator2 io.appium.uiautomator2.http io.appium.uiautomator2.server
09-01 18:13:30.249 31490 31672 I appium  : AppiumResponse: {"sessionId":"undefined","value":null}
09-01 18:13:30.282 31490 31509 I TestRunner: finished: startServer(io.appium.uiautomator2.server.test.AppiumUiAutomator2Server)
09-01 18:13:30.293 31490 31490 I MonitoringInstr: Activities that are still in CREATED to STOPPED: 0
09-01 18:13:30.294 31490 31509 I TestRunner: run finished: 1 tests, 0 failed, 0 ignored
09-01 18:13:30.310 31490 31509 D NetworkSecurityConfig: No Network Security Config specified, using platform default
09-01 18:13:30.313 31490 31509 I DpmTcmClient: RegisterTcmMonitor from: $Proxy0
09-01 18:13:30.374   717   717 I SurfaceFlinger: FPS: 58
09-01 18:13:30.866 31490 31490 I MonitoringInstr: Activities that are still in CREATED to STOPPED: 0
09-01 18:13:30.866 31490 31509 I MonitoringInstr: waitForActivitiesToComplete() took: 0ms
09-01 18:13:30.618  1724  2178 I chatty  : uid=1000(system) AutobacklightTh identical 2 lines
09-01 18:13:30.869  1724 14890 W WindowManager: removeWindowToken: Attempted to remove non-existing token: android.os.Binder@a608c9e
09-01 18:13:30.871  1724  1724 V SettingsProvider: Notifying for 0: content://settings/secure/accessibility_enabled
09-01 18:13:30.873  1724  1724 V SettingsProvider: Notifying for 999: content://settings/secure/accessibility_enabled
09-01 18:13:30.890  1724  3997 I ActivityManager: Force stopping io.appium.uiautomator2.server appid=10144 user=0: finished inst
09-01 18:13:30.891  1724  3997 I ActivityManager: Killing 31490:io.appium.uiautomator2.server/u0a144 (adj 0): finished inst
09-01 18:13:30.893  1724  1857 W libprocessgroup: kill(-31490, 9) failed: No such process
09-01 18:13:30.894  1724 31689 W Binder  : Outgoing transactions from this process must be FLAG_ONEWAY
09-01 18:13:30.894  1724 31689 W Binder  : java.lang.Throwable
09-01 18:13:30.894  1724 31689 W Binder  : 	at android.os.BinderProxy.transact(Binder.java:1135)
09-01 18:13:30.894  1724 31689 W Binder  : 	at android.app.IInstrumentationWatcher$Stub$Proxy.instrumentationFinished(IInstrumentationWatcher.java:164)
09-01 18:13:30.894  1724 31689 W Binder  : 	at com.android.server.am.InstrumentationReporter$MyThread.run(InstrumentationReporter.java:86)
09-01 18:13:30.911 31476 31476 D AndroidRuntime: Shutting down VM
09-01 18:13:30.918   715  3178 V APM_AudioPolicyManager: AudioPolicyManager:setRecordSilenced(uid:10144, silenced:1)
09-01 18:13:30.918   715  3178 V AudioFlinger: AudioFlinger::setRecordSilenced(uid:10144, silenced:1)
09-01 18:13:30.918  1724  3997 D PackageManager: package:1000 check permission,PERMISSION_GRANTED
09-01 18:13:30.919  1724 14890 D PackageManager: package:1000 check permission,PERMISSION_GRANTED
09-01 18:13:30.924  1724  1857 W libprocessgroup: kill(-31490, 9) failed: No such process
09-01 18:13:30.927   978   978 I Zygote  : Process 31490 exited due to signal (9)
09-01 18:13:30.929  1724  3997 D PackageManager: package:1000 check permission,PERMISSION_GRANTED
09-01 18:13:30.932  1724  1857 W libprocessgroup: kill(-31490, 9) failed: No such process
09-01 18:13:30.932  1724  1857 I libprocessgroup: Successfully killed process cgroup uid 10144 pid 31490 in 39ms
09-01 18:13:30.940  1724 14890 D PackageManager: package:1000 check permission,PERMISSION_GRANTED
09-01 18:13:30.944  1724  3997 D PackageManager: package:1000 check permission,PERMISSION_GRANTED
09-01 18:13:31.101  1724  2178 I chatty  : uid=1000(system) AutobacklightTh identical 1 line
09-01 18:13:31.371  1724  3997 D ActivityManager: AMS onShellCommand CallingPid=31693 ,callingUid=2000 ,PackageName=android.uid.shell:2000.Starting command :force-stop io.appium.uiautomator2.server.test
09-01 18:13:31.372  1724  3997 D PackageManager: package:2000 check permission,PERMISSION_GRANTED
09-01 18:13:31.374  1724  3997 I ActivityManager: Force stopping io.appium.uiautomator2.server.test appid=10145 user=0: stop by 31693
09-01 18:13:31.385  1724  3997 I ActivityManager: Force stopping io.appium.uiautomator2.server.test appid=10145 user=999: stop by 31693
09-01 18:13:31.391   717   717 I SurfaceFlinger: FPS: 52
09-01 18:13:31.404  1724  1724 I NotificationService: action=android.intent.action.PACKAGE_RESTARTED removing=false
09-01 18:13:31.406  1724  1724 D NotificationService: handleSavePolicyFile
09-01 18:13:31.409  2765  2765 W ContextImpl: Calling a method in the system process without a qualified user: android.app.ContextImpl.startService:1550 android.content.ContextWrapper.startService:664 com.vivo.daemonService.easyshare.ESAlarmReceiver.a:5 com.vivo.daemonService.easyshare.ESAlarmReceiver.onReceive:2 android.app.LoadedApk$ReceiverDispatcher$Args.lambda$getRunnable$0:1416
09-01 18:13:31.410  1724  1852 D ActivityManager: StartMode packageName = com.tencent.android.qqdownloader ,callingPid = -1 ,alwaysRestrict = true ,startMode = 2 ,UidRec:null
09-01 18:13:31.410  1724  1852 W BroadcastQueue: Background execution not allowed: receiving Intent { act=android.intent.action.PACKAGE_RESTARTED dat=package:io.appium.uiautomator2.server.test flg=0x10 (has extras) } to com.tencent.android.qqdownloader/com.tencent.assistant.localres.localapk.PackageChangedReceiver
09-01 18:13:31.412  2831  2831 D CarrierSvcBindHelper: No carrier app for: 0
09-01 18:13:31.412  2831  2831 D CarrierSvcBindHelper: No carrier app for: 1
09-01 18:13:31.413  2831  2831 D CarrierSvcBindHelper: No carrier app for: 0
09-01 18:13:31.413  2831  2831 D CarrierSvcBindHelper: No carrier app for: 1
09-01 18:13:31.419  1724  1852 D ActivityManager: StartMode packageName = com.vivo.appfilter ,callingPid = -1 ,alwaysRestrict = true ,startMode = 2 ,UidRec:UidRecord{78ed8ef 1000 PER  procs:36 seq(0,0,0)}
09-01 18:13:31.419  1724  1852 W BroadcastQueue: Background execution not allowed: receiving Intent { act=android.intent.action.PACKAGE_RESTARTED dat=package:io.appium.uiautomator2.server.test flg=0x10 (has extras) } to com.vivo.appfilter/.receiver.VivoBringupPkgReceiver
09-01 18:13:31.423  1724  1852 D ActivityManager: StartMode packageName = com.tencent.android.qqdownloader ,callingPid = -1 ,alwaysRestrict = true ,startMode = 2 ,UidRec:null
09-01 18:13:31.423  1724  1852 W BroadcastQueue: Background execution not allowed: receiving Intent { act=android.intent.action.PACKAGE_RESTARTED dat=package:io.appium.uiautomator2.server.test flg=0x10 (has extras) } to com.tencent.android.qqdownloader/com.qq.AppService.APKReceiver
09-01 18:13:31.431  1724  1724 I NotificationService: action=android.intent.action.PACKAGE_RESTARTED removing=false
09-01 18:13:31.432  1724  1724 D NotificationService: handleSavePolicyFile
09-01 18:13:31.635 28857 28884 I cn.missevan: Explicit concurrent copying GC freed 8727(889KB) AllocSpace objects, 3(268KB) LOS objects, 50% free, 21MB/42MB, paused 242us total 179.601ms
09-01 18:13:31.739  1724 14890 D NotificationService: DEBUG_OVERRIDE_NOTIFY:enqueueNotificationWithTag pkg=cn.missevan opPkg=cn.missevantag=null notification=Notification(channel=LEAKCANARY_LOW pri=0 contentView=null vibrate=null sound=null defaults=0x0 flags=0x10 color=0x00000000 groupKey=LEAKCANARY_LOW vis=PRIVATE internalType=0 internalPriority=0 internalGroupPriority=0 internalFlag=0) userId =0
09-01 18:13:31.739  1724 14890 V NotificationService: enqueueNotificationInternal: pkg=cn.missevan id=2131429467 notification=Notification(channel=LEAKCANARY_LOW pri=0 contentView=null vibrate=null sound=null defaults=0x0 flags=0x10 color=0x00000000 groupKey=LEAKCANARY_LOW vis=PRIVATE internalType=0 internalPriority=0 internalGroupPriority=0 internalFlag=0)
09-01 18:13:31.740  1724 14890 E NotificationService: Suppressing notification from package by user request.
09-01 18:13:31.763 31695 31695 D AndroidRuntime: >>>>>> START com.android.internal.os.RuntimeInit uid 2000 <<<<<<
09-01 18:13:31.841 31695 31695 I app_process: The ClassLoaderContext is a special shared library.
09-01 18:13:31.866 31695 31695 E libc    : Access denied finding property "ro.vendor.at_library"
09-01 18:13:31.858 31695 31695 W main    : type=1400 audit(0.0:78031): avc: denied { read } for name="u:object_r:vendor_mpctl_prop:s0" dev="tmpfs" ino=12522 scontext=u:r:shell:s0 tcontext=u:object_r:vendor_mpctl_prop:s0 tclass=file permissive=0
09-01 18:13:31.873 31695 31695 D AndroidRuntime: Calling main entry com.android.commands.am.Am
09-01 18:13:31.879  1724 14890 D PackageManager: package:2000 check permission,PERMISSION_GRANTED
09-01 18:13:31.880  1724 14890 I ActivityManager: Force stopping io.appium.uiautomator2.server appid=10144 user=0: start instr
09-01 18:13:31.913  1724  1855 I ActivityManager: Start proc 31706:io.appium.uiautomator2.server/u0a144 for added application io.appium.uiautomator2.server
09-01 18:13:31.920 31706 31706 I tomator2.serve: Late-enabling -Xcheck:jni
09-01 18:13:32.015  1724 14890 D CompatibilityInfo: mCompatibilityFlags - 0
09-01 18:13:32.015  1724 14890 D CompatibilityInfo: applicationDensity - 480
09-01 18:13:32.015  1724 14890 D CompatibilityInfo: applicationScale - 1.0
09-01 18:13:32.017  1724 14890 D CompatibilityInfo: mCompatibilityFlags - 0
09-01 18:13:32.017  1724 14890 D CompatibilityInfo: applicationDensity - 480
09-01 18:13:32.017  1724 14890 D CompatibilityInfo: applicationScale - 1.0
09-01 18:13:32.027   715  3178 V APM_AudioPolicyManager: AudioPolicyManager:setRecordSilenced(uid:10144, silenced:0)
09-01 18:13:32.028   715  3178 V AudioFlinger: AudioFlinger::setRecordSilenced(uid:10144, silenced:0)
09-01 18:13:32.091 31706 31706 I tomator2.serve: The ClassLoaderContext is a special shared library.
09-01 18:13:32.093 31706 31706 I tomator2.serve: The ClassLoaderContext is a special shared library.
