09-01 18:53:56.619 19288 19288 D Tinker.DefaultAppLike: [main] [PendingLog @ 2022-09-01 18:53:54.579] onCreate
09-01 18:53:56.625 19067 19181 I CronetEngine: [thread_background]
09-01 18:53:56.625 19067 19181 I CronetEngine: url: https://app.uat.missevan.com/person/homepage-icons
09-01 18:53:56.625 19067 19181 I CronetEngine:  ip: 10.21.250.10
09-01 18:53:56.625 19067 19181 I CronetEngine:  hostResolverProvider:
09-01 18:53:56.625 19067 19181 I CronetEngine:  hostResolveIps: []
09-01 18:53:56.625 19067 19181 I CronetEngine:
09-01 18:53:56.628 19067 19274 I BLOG    : [RxCachedThreadScheduler-6] HTTP request: [2022-09-01T10:53:56.498Z] GET https://app.uat.missevan.com/person/homepage-icons 200 122ms 0
09-01 18:53:56.663 19528 19528 I Perf    : Connecting to perf service.
09-01 18:53:56.683 19528 19528 D Tinker.TinkerLoader: tryLoad test test
09-01 18:53:56.687 19528 19528 W Tinker.TinkerLoader: tryLoadPatchFiles:patch dir not exist:/data/user/0/cn.missevan/tinker
09-01 18:53:56.747 19528 19528 D Tinker.DefaultAppLike: onBaseContextAttached:
09-01 18:53:56.752 19528 19528 I MultiDex: VM with version 2.1.0 has multidex support
09-01 18:53:56.752 19528 19528 I MultiDex: Installing application
09-01 18:53:56.752 19528 19528 I MultiDex: VM has multidex support, MultiDex support library is disabled.
09-01 18:53:56.853 19528 19528 D Tinker.DefaultAppLike: onCreate
09-01 18:53:56.879 19067 19072 I cn.missevan: Compiler allocated 4MB to compile void android.widget.TextView.<init>(android.content.Context, android.util.AttributeSet, int, int)
09-01 18:53:56.883 19067 19067 I UGCRecommendPageFragment: [main] initView
09-01 18:53:56.908 19067 19181 I CronetEngine: [thread_background]
09-01 18:53:56.908 19067 19181 I CronetEngine: url: https://fm.uat.missevan.com/api/v2/meta/banner
09-01 18:53:56.908 19067 19181 I CronetEngine:  ip: 10.21.250.10
09-01 18:53:56.908 19067 19181 I CronetEngine:  hostResolverProvider:
09-01 18:53:56.908 19067 19181 I CronetEngine:  hostResolveIps: []
09-01 18:53:56.908 19067 19181 I CronetEngine:
09-01 18:53:56.912 19067 19191 I BLOG    : [RxCachedThreadScheduler-4] HTTP request: [2022-09-01T10:53:56.789Z] GET https://fm.uat.missevan.com/api/v2/meta/banner 200 114ms 0
09-01 18:53:56.913 19067 19181 I CronetEngine: [thread_background]
09-01 18:53:56.913 19067 19181 I CronetEngine: url: https://fm.uat.missevan.com/api/v2/meta/data
09-01 18:53:56.913 19067 19181 I CronetEngine:  ip: 10.21.250.10
09-01 18:53:56.913 19067 19181 I CronetEngine:  hostResolverProvider:
09-01 18:53:56.913 19067 19181 I CronetEngine:  hostResolveIps: []
09-01 18:53:56.913 19067 19181 I CronetEngine:
09-01 18:53:56.926 19067 19297 I BLOG    : [RxCachedThreadScheduler-7] HTTP request: [2022-09-01T10:53:56.787Z] GET https://fm.uat.missevan.com/api/v2/meta/data 200 117ms 0
09-01 18:53:56.927 19067 19181 I CronetEngine: [thread_background]
09-01 18:53:56.927 19067 19181 I CronetEngine: url: https://fm.uat.missevan.com/api/v2/user/rank/top
09-01 18:53:56.927 19067 19181 I CronetEngine:  ip: 10.21.250.10
09-01 18:53:56.927 19067 19181 I CronetEngine:  hostResolverProvider:
09-01 18:53:56.927 19067 19181 I CronetEngine:  hostResolveIps: []
09-01 18:53:56.927 19067 19181 I CronetEngine:
09-01 18:53:56.932 19067 19172 I BLOG    : [RxCachedThreadScheduler-1] HTTP request: [2022-09-01T10:53:56.793Z] GET https://fm.uat.missevan.com/api/v2/user/rank/top 200 117ms 0
09-01 18:53:56.963 19067 19181 I CronetEngine: [thread_background]
09-01 18:53:56.963 19067 19181 I CronetEngine: url: https://fm.uat.missevan.com/api/v2/chatroom/open/list?p=1&type=0
09-01 18:53:56.963 19067 19181 I CronetEngine:  ip: 10.21.250.10
09-01 18:53:56.963 19067 19181 I CronetEngine:  hostResolverProvider:
09-01 18:53:56.963 19067 19181 I CronetEngine:  hostResolveIps: []
09-01 18:53:56.963 19067 19181 I CronetEngine:
09-01 18:53:56.989 19067 19192 I BLOG    : [RxCachedThreadScheduler-5] HTTP request: [2022-09-01T10:53:56.793Z] GET https://fm.uat.missevan.com/api/v2/chatroom/open/list?p=1&type=0 200 166ms 0
09-01 18:53:56.997 19067 19181 I CronetEngine: [thread_background]
09-01 18:53:56.997 19067 19181 I CronetEngine: url: https://app.uat.missevan.com/site/catalog-root
09-01 18:53:56.997 19067 19181 I CronetEngine:  ip: 10.21.250.10
09-01 18:53:56.997 19067 19181 I CronetEngine:  hostResolverProvider:
09-01 18:53:56.997 19067 19181 I CronetEngine:  hostResolveIps: []
09-01 18:53:56.997 19067 19181 I CronetEngine:
09-01 18:53:56.998 19067 19067 W RecyclerView: No adapter attached; skipping layout
09-01 18:53:57.001 19067 19182 I BLOG    : [RxCachedThreadScheduler-3] HTTP request: [2022-09-01T10:53:56.841Z] GET https://app.uat.missevan.com/site/catalog-root 200 143ms 0
09-01 18:53:57.020 19067 19181 I CronetEngine: [thread_background]
09-01 18:53:57.020 19067 19181 I CronetEngine: url: https://app.uat.missevan.com/site/editor-choice
09-01 18:53:57.020 19067 19181 I CronetEngine:  ip: 182.40.18.115
09-01 18:53:57.020 19067 19181 I CronetEngine:  hostResolverProvider:
09-01 18:53:57.020 19067 19181 I CronetEngine:  hostResolveIps: []
09-01 18:53:57.020 19067 19181 I CronetEngine:
09-01 18:53:57.029 19067 19181 I CronetEngine: [thread_background]
09-01 18:53:57.029 19067 19181 I CronetEngine: url: https://app.uat.missevan.com/site/editor-catalog
09-01 18:53:57.029 19067 19181 I CronetEngine:  ip: 115.236.155.238
09-01 18:53:57.029 19067 19181 I CronetEngine:  hostResolverProvider: ali
09-01 18:53:57.029 19067 19181 I CronetEngine:  hostResolveIps: ["115.236.155.238","115.236.155.242","115.236.155.240","115.236.155.244","117.27.226.222","115.236.155.243","182.40.18.113","117.27.226.221","117.27.226.223","115.236.155.239","182.40.18.117","115.236.155.241","182.40.18.115","182.40.18.116","115.236.155.248","182.40.18.114"]
09-01 18:53:57.029 19067 19181 I CronetEngine:
09-01 18:53:57.036 19067 19274 I BLOG    : [RxCachedThreadScheduler-6] HTTP request: [2022-09-01T10:53:56.842Z] GET https://app.uat.missevan.com/site/editor-choice 200 167ms 0
09-01 18:53:57.058 19067 19280 I OpenGLRenderer: Davey! duration=1216ms; Flags=1, IntendedVsync=210370815732912, Vsync=210371499066218, OldestInputEvent=9223372036854775807, NewestInputEvent=0, HandleInputStart=210371501285842, AnimationStart=210371501387926, PerformTraversalsStart=210371502210999, DrawStart=210371980581832, SyncQueued=210372005505217, SyncStart=210372005609488, IssueDrawCommandsStart=210372005923915, SwapBuffers=210372031589748, FrameCompleted=210372032719853, DequeueBufferDuration=1193000, QueueBufferDuration=400000,
09-01 18:53:57.068 19067 19757 I BLOG    : [RxCachedThreadScheduler-8] HTTP request: [2022-09-01T10:53:56.856Z] GET https://app.uat.missevan.com/site/editor-catalog 200 162ms 0
09-01 18:53:57.116 19528 19528 W .missevan:stat: Accessing hidden method Landroid/app/ActivityThread;->currentApplication()Landroid/app/Application; (light greylist, linking)
09-01 18:53:57.120 19067 19067 I Choreographer: Skipped 34 frames!  The application may be doing too much work on its main thread.
09-01 18:53:57.138 19288 19288 I PlayerService: [main] PlayerService onGetRoot client package name = cn.missevan client uid = 10602, root hints = Bundle[{}]
09-01 18:53:57.168 19067 19105 D LeakCanary: Setting up flushing for Thread[SL-NetWorkSender,5,main]
09-01 18:53:57.205 19067 19078 I cn.missevan: Background concurrent copying GC freed 131462(9MB) AllocSpace objects, 74(2MB) LOS objects, 49% free, 20MB/41MB, paused 248us total 151.066ms
09-01 18:53:57.237 19067 19076 W System  : A resource failed to call close.
09-01 18:53:57.242 19067 19076 W System  : A resource failed to call close.
09-01 18:53:57.271 19528 19772 D SentryLog: [pool-3-thread-1] SU isn't found on this Device.
09-01 18:53:57.304 19528 19528 I SentryLog: [main] Initializing SDK with DSN: 'https://8e68e4623f6348b0b9984471d41e3e2d@sentry.missevan.com/2'
09-01 18:53:57.303 19528 19528 W pool-3-thread-1: type=1400 audit(0.0:86916): avc: denied { read } for name="version" dev="proc" ino=4026532090 scontext=u:r:untrusted_app:s0:c90,c258,c512,c768 tcontext=u:object_r:proc_version:s0 tclass=file permissive=0
09-01 18:53:57.316 19528 19528 I SentryLog: [main] GlobalHubMode: 'true'
09-01 18:53:57.347 19528 19528 D SentryLog: [main] UncaughtExceptionHandlerIntegration enabled: true
09-01 18:53:57.350 19528 19528 D SentryLog: [main] default UncaughtExceptionHandler class='xcrash.i'
09-01 18:53:57.352 19528 19528 D SentryLog: [main] UncaughtExceptionHandlerIntegration installed.
09-01 18:53:57.354 19528 19528 D SentryLog: [main] ShutdownHookIntegration installed.
09-01 18:53:57.358 19528 19528 D SentryLog: [main] SendCachedEventFireAndForgetIntegration installed.
09-01 18:53:57.360 19528 19528 D SentryLog: [main] NdkIntegration enabled: true
09-01 18:53:57.362 19528 19528 I sentry-native: using database path "/data/data/cn.missevan/cache/sentry/.sentry-native"
09-01 18:53:57.363 19528 19528 D sentry-native: starting backend
09-01 18:53:57.363 19067 19067 D LiveRecommendNavigatorAdapter: [main] size: 60
09-01 18:53:57.364 19528 19528 D SentryLog: [main] NdkIntegration installed.
09-01 18:53:57.366 19528 19528 D SentryLog: [main] Registering EnvelopeFileObserverIntegration for path: /data/user/0/cn.missevan/cache/sentry/outbox
09-01 18:53:57.368 19528 19775 D SentryLog: [pool-2-thread-1] Started processing cached files from /data/user/0/cn.missevan/cache/sentry
09-01 18:53:57.370 19528 19528 D SentryLog: [main] EnvelopeFileObserverIntegration installed.
09-01 18:53:57.371 19528 19528 D SentryLog: [main] SendCachedEventFireAndForgetIntegration installed.
09-01 18:53:57.373 19528 19528 D SentryLog: [main] AnrIntegration enabled: true
09-01 18:53:57.373 19528 19775 D SentryLog: [pool-2-thread-1] Processing dir. /data/user/0/cn.missevan/cache/sentry
09-01 18:53:57.374 19528 19528 D SentryLog: [main] ANR timeout in milliseconds: 5000
09-01 18:53:57.377 19528 19528 D SentryLog: [main] AnrIntegration installed.
09-01 18:53:57.378 19528 19528 D SentryLog: [main] enableSessionTracking enabled: true
09-01 18:53:57.378 19528 19775 D SentryLog: [pool-2-thread-1] Processing 0 items from cache dir /data/user/0/cn.missevan/cache/sentry
09-01 18:53:57.380 19528 19528 D SentryLog: [main] enableAppLifecycleBreadcrumbs enabled: true
09-01 18:53:57.382 19528 19775 D SentryLog: [pool-2-thread-1] File /data/user/0/cn.missevan/cache/sentry/outbox is not a File.
09-01 18:53:57.090  1724  2178 I chatty  : uid=1000(system) AutobacklightTh identical 3 lines
09-01 18:53:57.384  1724  1853 V WindowOrientationListener: in onTouchEndLocked. proposedRotation=0, oldProposedRotation=0
09-01 18:53:57.386 19528 19775 D SentryLog: [pool-2-thread-1] Processing file: /data/user/0/cn.missevan/cache/sentry/session.json
09-01 18:53:57.392 19528 19775 D SentryLog: [pool-2-thread-1] File '/data/user/0/cn.missevan/cache/sentry/session.json' doesn't match extension expected.
09-01 18:53:57.392 19528 19528 D SentryLog: [main] AppLifecycleIntegration installed.
09-01 18:53:57.394 19528 19528 D SentryLog: [main] ActivityLifecycleIntegration enabled: true
09-01 18:53:57.395 19528 19775 D SentryLog: [pool-2-thread-1] File /data/user/0/cn.missevan/cache/sentry/.sentry-native is not a File.
09-01 18:53:57.395 19528 19528 D SentryLog: [main] ActivityLifecycleIntegration installed.
09-01 18:53:57.397 19528 19528 D SentryLog: [main] UserInteractionIntegration enabled: true
09-01 18:53:57.397 19528 19775 D SentryLog: [pool-2-thread-1] Finished processing cached files from /data/user/0/cn.missevan/cache/sentry
09-01 18:53:57.398 19528 19528 D SentryLog: [main] UserInteractionIntegration installed.
09-01 18:53:57.399 19528 19528 D SentryLog: [main] AppComponentsBreadcrumbsIntegration enabled: true
09-01 18:53:57.399 19528 19775 D SentryLog: [pool-2-thread-1] Started processing cached files from /data/user/0/cn.missevan/cache/sentry/outbox
09-01 18:53:57.400 19528 19528 D SentryLog: [main] AppComponentsBreadcrumbsIntegration installed.
09-01 18:53:57.401 19528 19528 D SentryLog: [main] SystemEventsBreadcrumbsIntegration enabled: true
09-01 18:53:57.401 19528 19775 D SentryLog: [pool-2-thread-1] Processing dir. /data/user/0/cn.missevan/cache/sentry/outbox
09-01 18:53:57.403 19067 19425 D skia    : --- Failed to create image decoder with message 'unimplemented'
09-01 18:53:57.405 19528 19775 D SentryLog: [pool-2-thread-1] Processing 0 items from cache dir /data/user/0/cn.missevan/cache/sentry/outbox
09-01 18:53:57.405 19528 19528 D SentryLog: [main] SystemEventsBreadcrumbsIntegration installed.
09-01 18:53:57.407 19528 19528 D SentryLog: [main] enableSystemEventsBreadcrumbs enabled: true
09-01 18:53:57.407 19528 19775 D SentryLog: [pool-2-thread-1] Finished processing cached files from /data/user/0/cn.missevan/cache/sentry/outbox
09-01 18:53:57.416 19528 19528 I SentryLog: [main] TYPE_AMBIENT_TEMPERATURE is not available.
09-01 18:53:57.417 19528 19528 D SentryLog: [main] enableSystemEventBreadcrumbs enabled: true
09-01 18:53:57.419 19067 19425 D skia    : --- Failed to create image decoder with message 'unimplemented'
09-01 18:53:57.420 19067 19425 D skia    : --- Failed to create image decoder with message 'unimplemented'
09-01 18:53:57.420 19528 19528 D SentryLog: [main] FragmentLifecycleIntegration installed.
09-01 18:53:57.421 19067 19425 D skia    : --- Failed to create image decoder with message 'unimplemented'
09-01 18:53:57.455 19067 19181 I CronetEngine: [thread_background]
09-01 18:53:57.455 19067 19181 I CronetEngine: url: https://fm.uat.missevan.com/api/v2/user/rank/top
09-01 18:53:57.455 19067 19181 I CronetEngine:  ip: 10.21.250.10
09-01 18:53:57.455 19067 19181 I CronetEngine:  hostResolverProvider:
09-01 18:53:57.455 19067 19181 I CronetEngine:  hostResolveIps: []
09-01 18:53:57.455 19067 19181 I CronetEngine:
09-01 18:53:57.458 19067 19757 I BLOG    : [RxCachedThreadScheduler-8] HTTP request: [2022-09-01T10:53:57.360Z] GET https://fm.uat.missevan.com/api/v2/user/rank/top 200 91ms 0
09-01 18:53:57.469 19067 19181 I CronetEngine: [thread_background]
09-01 18:53:57.469 19067 19181 I CronetEngine: url: https://fm.uat.missevan.com/api/v2/recommended/top
09-01 18:53:57.469 19067 19181 I CronetEngine:  ip: 10.21.250.10
09-01 18:53:57.469 19067 19181 I CronetEngine:  hostResolverProvider:
09-01 18:53:57.469 19067 19181 I CronetEngine:  hostResolveIps: []
09-01 18:53:57.469 19067 19181 I CronetEngine:
09-01 18:53:57.471 19067 19180 I BLOG    : [RxCachedThreadScheduler-2] HTTP request: [2022-09-01T10:53:57.345Z] GET https://fm.uat.missevan.com/api/v2/recommended/top 200 120ms 0
09-01 18:53:57.481 19067 19181 I CronetEngine: [thread_background]
09-01 18:53:57.481 19067 19181 I CronetEngine: url: https://fm.uat.missevan.com/api/v2/recommended/homepage?persona_id=3
09-01 18:53:57.481 19067 19181 I CronetEngine:  ip: 10.21.250.10
09-01 18:53:57.481 19067 19181 I CronetEngine:  hostResolverProvider:
09-01 18:53:57.481 19067 19181 I CronetEngine:  hostResolveIps: []
09-01 18:53:57.481 19067 19181 I CronetEngine:
09-01 18:53:57.483 19067 19192 I BLOG    : [RxCachedThreadScheduler-5] HTTP request: [2022-09-01T10:53:57.343Z] GET https://fm.uat.missevan.com/api/v2/recommended/homepage?persona_id=3 200 134ms 0
09-01 18:53:57.506 19067 19181 I CronetEngine: [thread_background]
09-01 18:53:57.506 19067 19181 I CronetEngine: url: https://app.uat.missevan.com/you-might-like/my-favors?persona_id=3
09-01 18:53:57.506 19067 19181 I CronetEngine:  ip: 10.21.250.10
09-01 18:53:57.506 19067 19181 I CronetEngine:  hostResolverProvider:
09-01 18:53:57.506 19067 19181 I CronetEngine:  hostResolveIps: []
09-01 18:53:57.506 19067 19181 I CronetEngine:
09-01 18:53:57.512 19067 19274 I BLOG    : [RxCachedThreadScheduler-6] HTTP request: [2022-09-01T10:53:57.347Z] GET https://app.uat.missevan.com/you-might-like/my-favors?persona_id=3 200 153ms 0
09-01 18:53:57.514   715   915 V AudioFlinger: releaseWakeLock_l() AudioOut_15
09-01 18:53:57.515   715   915 V AudioFlinger: thread 0xed003f40 type 0 TID 915 going to sleep
09-01 18:53:57.520   715   916 V AudioFlinger: releaseWakeLock_l() AudioOut_25
09-01 18:53:57.520   715   916 V AudioFlinger: thread 0xecd03080 type 0 TID 916 going to sleep
09-01 18:53:57.525   715   913 V AudioFlinger: releaseWakeLock_l() AudioOut_D
09-01 18:53:57.525   715   913 V AudioFlinger: thread 0xed395880 type 0 TID 913 going to sleep
09-01 18:53:57.536 19067 19181 I CronetEngine: [thread_background]
09-01 18:53:57.536 19067 19181 I CronetEngine: url: https://app.uat.missevan.com/site/icons
09-01 18:53:57.536 19067 19181 I CronetEngine:  ip: 10.21.250.10
09-01 18:53:57.536 19067 19181 I CronetEngine:  hostResolverProvider:
09-01 18:53:57.536 19067 19181 I CronetEngine:  hostResolveIps: []
09-01 18:53:57.536 19067 19181 I CronetEngine:
09-01 18:53:57.538 19067 19182 I BLOG    : [RxCachedThreadScheduler-3] HTTP request: [2022-09-01T10:53:57.348Z] GET https://app.uat.missevan.com/site/icons 200 172ms 0
09-01 18:53:57.540 19067 19181 I CronetEngine: [thread_background]
09-01 18:53:57.540 19067 19181 I CronetEngine: url: https://app.uat.missevan.com/site/get-top?persona_id=3
09-01 18:53:57.540 19067 19181 I CronetEngine:  ip: 10.21.250.10
09-01 18:53:57.540 19067 19181 I CronetEngine:  hostResolverProvider:
09-01 18:53:57.540 19067 19181 I CronetEngine:  hostResolveIps: []
09-01 18:53:57.540 19067 19181 I CronetEngine:
09-01 18:53:57.543 19067 19172 I BLOG    : [RxCachedThreadScheduler-1] HTTP request: [2022-09-01T10:53:57.342Z] GET https://app.uat.missevan.com/site/get-top?persona_id=3 200 192ms 0
09-01 18:53:57.551 19067 19181 I CronetEngine: [thread_background]
09-01 18:53:57.551 19067 19181 I CronetEngine: url: https://app.uat.missevan.com/you-might-like/get-recommends?persona_id=3&marker=ad%3A6083628&boot=1
09-01 18:53:57.551 19067 19181 I CronetEngine:  ip: 10.21.250.10
09-01 18:53:57.551 19067 19181 I CronetEngine:  hostResolverProvider:
09-01 18:53:57.551 19067 19181 I CronetEngine:  hostResolveIps: []
09-01 18:53:57.551 19067 19181 I CronetEngine:
09-01 18:53:57.553 19067 19191 I BLOG    : [RxCachedThreadScheduler-4] HTTP request: [2022-09-01T10:53:57.345Z] GET https://app.uat.missevan.com/you-might-like/get-recommends?persona_id=3&marker=ad%3A6083628&boot=1 200 202ms 0
09-01 18:53:57.690 19528 19528 D NAccs.AccsClientConfig:  build config:AccsClientConfig{mAppKey='umeng:546d7dd7fd98c58fc800082c', mAppSecret='64e8358a59d434e5546720db97ab5996', mInappHost='umengacs.m.taobao.com', mChannelHost='umengjmacs.m.taobao.com', mStoreId='', mSecurity=2, mAuthCode='', mInappPubKey=11, mChannelPubKey=11, mKeepalive=true, mAutoUnit=false, mTag='default', mConfigEnv=0, mDisableChannel=false, mQuickReconnect=false, mAccsHeartbeatEnable=false, mPullUpEnable=false, mForePingEnable=false, mPingTimeout=0}
09-01 18:53:57.690 19528 19528 W NAccs.AccsClientConfig:  build conver old config:AccsClientConfig{mAppKey='umeng:546d7dd7fd98c58fc800082c', mAppSecret='64e8358a59d434e5546720db97ab5996', mInappHost='umengacs.m.taobao.com', mChannelHost='umengjmacs.m.taobao.com', mStoreId='', mSecurity=2, mAuthCode='', mInappPubKey=-1, mChannelPubKey=-1, mKeepalive=true, mAutoUnit=true, mTag='default', mConfigEnv=0, mDisableChannel=false, mQuickReconnect=false, mAccsHeartbeatEnable=false, mPullUpEnable=true, mForePingEnable=false, mPingTimeout=0}
09-01 18:53:57.690 19528 19528 D NAccs.ACCSClient:  init config:AccsClientConfig{mAppKey='umeng:546d7dd7fd98c58fc800082c', mAppSecret='64e8358a59d434e5546720db97ab5996', mInappHost='umengacs.m.taobao.com', mChannelHost='umengjmacs.m.taobao.com', mStoreId='', mSecurity=2, mAuthCode='', mInappPubKey=11, mChannelPubKey=11, mKeepalive=true, mAutoUnit=false, mTag='default', mConfigEnv=0, mDisableChannel=false, mQuickReconnect=false, mAccsHeartbeatEnable=false, mPullUpEnable=false, mForePingEnable=false, mPingTimeout=0}
09-01 18:53:57.691 19528 19528 D UPush.Impl: appkey:546d7dd7fd98c58fc800082c secret:64e8358a59d434e5546720db97ab5996
09-01 18:53:57.695 19528 19789 I NAccs.TaobaoRegister:  register appKey:umeng:546d7dd7fd98c58fc800082c configTag:default
09-01 18:53:57.696 19528 19789 D NAccs.Config:  setAgooAppKey appkey:umeng:546d7dd7fd98c58fc800082c
09-01 18:53:57.697 19528 19789 D NAccs.Config:  setAgooMessageSecret secret:64e8358a59d434e5546720db97ab5996
09-01 18:53:57.699 19528 19789 D NAccs.ACCSManager:  getAccsInstance key:default|0
09-01 18:53:57.716 19067 19067 I Choreographer: Skipped 35 frames!  The application may be doing too much work on its main thread.
09-01 18:53:57.741 19528 19789 D NAccs.MsgRecv_default:  message file not exist
09-01 18:53:57.744 19528 19789 D NAccs.InAppConn_default:  new connection
09-01 18:53:57.754 19528 19789 I NAccs.Utils:  isMainProcess result:false
09-01 18:53:57.760 19528 19789 I NAccs.ACCSMgrImpl_default:  bindApp appKey:umeng:546d7dd7fd98c58fc800082c
09-01 18:53:57.767 19528 19794 D NAccs.FileCheckUtils:  st.getAvailableBlocks()=2670267,st.getAvailableBlocks() * blockSize=10937413632
09-01 18:53:57.770 19528 19789 D NAccs.UtilityImpl:  enableService comptName:ComponentInfo{cn.missevan/com.taobao.accs.ChannelService}
09-01 18:53:57.573  1724  2178 I chatty  : uid=1000(system) AutobacklightTh identical 1 line
09-01 18:53:57.771  1724  1782 W PackageManager: setEnabledSetting  packageName:cn.missevan className:com.taobao.accs.ChannelService newState:1 userId:0 callingPackage:null
09-01 18:53:57.780 19528 19528 D NetworkSecurityConfig: Using Network Security Config from resource g debugBuild: true
09-01 18:53:57.785 19528 19789 W NAccs.ACCSMgrImpl_default:  bindApp only allow in main process
09-01 18:53:57.787 19528 19528 W .missevan:stat: Accessing hidden method Ldalvik/system/CloseGuard;->get()Ldalvik/system/CloseGuard; (light greylist, reflection)
09-01 18:53:57.787 19528 19528 W .missevan:stat: Accessing hidden method Ldalvik/system/CloseGuard;->open(Ljava/lang/String;)V (light greylist, reflection)
09-01 18:53:57.787 19528 19528 W .missevan:stat: Accessing hidden method Ldalvik/system/CloseGuard;->warnIfOpen()V (light greylist, reflection)
09-01 18:53:57.843 19067 19181 I CronetEngine: [thread_background]
09-01 18:53:57.843 19067 19181 I CronetEngine: url: https://app.uat.missevan.com/site/tab-icons?tab_id=101
09-01 18:53:57.843 19067 19181 I CronetEngine:  ip: 10.21.250.10
09-01 18:53:57.843 19067 19181 I CronetEngine:  hostResolverProvider:
09-01 18:53:57.843 19067 19181 I CronetEngine:  hostResolveIps: []
09-01 18:53:57.843 19067 19181 I CronetEngine:
09-01 18:53:57.845 19067 19192 I BLOG    : [RxCachedThreadScheduler-5] HTTP request: [2022-09-01T10:53:57.695Z] GET https://app.uat.missevan.com/site/tab-icons?tab_id=101 200 143ms 0
09-01 18:53:57.849 19067 19181 I CronetEngine: [thread_background]
09-01 18:53:57.849 19067 19181 I CronetEngine: url: https://app.uat.missevan.com/drama/recommend-modules?catalog_id=89
09-01 18:53:57.849 19067 19181 I CronetEngine:  ip: 10.21.250.10
09-01 18:53:57.849 19067 19181 I CronetEngine:  hostResolverProvider:
09-01 18:53:57.849 19067 19181 I CronetEngine:  hostResolveIps: []
09-01 18:53:57.849 19067 19181 I CronetEngine:
09-01 18:53:57.852 19067 19757 I BLOG    : [RxCachedThreadScheduler-8] HTTP request: [2022-09-01T10:53:57.695Z] GET https://app.uat.missevan.com/drama/recommend-modules?catalog_id=89 200 150ms 0
09-01 18:53:57.866 19528 19528 I MissEvanApplication: [main] current process: cn.missevan:stats
09-01 18:53:57.870 19067 19181 I CronetEngine: [thread_background]
09-01 18:53:57.870 19067 19181 I CronetEngine: url: https://app.uat.missevan.com/site/tab-icons?tab_id=102
09-01 18:53:57.870 19067 19181 I CronetEngine:  ip: 10.21.250.10
09-01 18:53:57.870 19067 19181 I CronetEngine:  hostResolverProvider:
09-01 18:53:57.870 19067 19181 I CronetEngine:  hostResolveIps: []
09-01 18:53:57.870 19067 19181 I CronetEngine:
09-01 18:53:57.871 19067 19191 I BLOG    : [RxCachedThreadScheduler-4] HTTP request: [2022-09-01T10:53:57.702Z] GET https://app.uat.missevan.com/site/tab-icons?tab_id=102 200 161ms 0
09-01 18:53:57.881 19528 19528 D BLOG-EVENT-Network: network changed: 3=>1
09-01 18:53:57.884 19067 19180 I BLOG    : [RxCachedThreadScheduler-2] HTTP request: [2022-09-01T10:53:57.704Z] GET https://app.uat.missevan.com/catalog/recommend-modules?catalog_id=108 200 173ms 0
09-01 18:53:57.886 19067 19181 I CronetEngine: [thread_background]
09-01 18:53:57.886 19067 19181 I CronetEngine: url: https://app.uat.missevan.com/catalog/recommend-modules?catalog_id=108
09-01 18:53:57.886 19067 19181 I CronetEngine:  ip: 10.21.250.10
09-01 18:53:57.886 19067 19181 I CronetEngine:  hostResolverProvider:
09-01 18:53:57.886 19067 19181 I CronetEngine:  hostResolveIps: []
09-01 18:53:57.886 19067 19181 I CronetEngine:
09-01 18:53:57.889 19528 19528 W LaserActionExecutor: [main] actionClass map is null
09-01 18:53:57.891 19067 19067 W ViewPager2Helper: [main] ReplaceSnapHelper success
09-01 18:53:57.898 19067 19181 I CronetEngine: [thread_background]
09-01 18:53:57.898 19067 19181 I CronetEngine: url: https://app.uat.missevan.com/drama/tag
09-01 18:53:57.898 19067 19181 I CronetEngine:  ip: 10.21.250.10
09-01 18:53:57.898 19067 19181 I CronetEngine:  hostResolverProvider:
09-01 18:53:57.898 19067 19181 I CronetEngine:  hostResolveIps: []
09-01 18:53:57.898 19067 19181 I CronetEngine:
09-01 18:53:57.900 19067 19067 I Banner  : [main] banner resume loop
09-01 18:53:57.901 19067 19181 I CronetEngine: [thread_background]
09-01 18:53:57.901 19067 19181 I CronetEngine: url: https://app.uat.missevan.com/catalog/get-hot-sounds?catalog_id=108&page=1&page_size=18
09-01 18:53:57.901 19067 19181 I CronetEngine:  ip: 10.21.250.10
09-01 18:53:57.901 19067 19181 I CronetEngine:  hostResolverProvider:
09-01 18:53:57.901 19067 19181 I CronetEngine:  hostResolveIps: []
09-01 18:53:57.901 19067 19181 I CronetEngine:
09-01 18:53:57.903 19067 19067 I Banner  : [main] banner resume loop
09-01 18:53:57.904 19067 19067 I Banner  : [main] banner resume loop
09-01 18:53:57.905 19067 19297 I BLOG    : [RxCachedThreadScheduler-7] HTTP request: [2022-09-01T10:53:57.700Z] GET https://app.uat.missevan.com/drama/tag 200 194ms 0
09-01 18:53:57.905 19067 19790 I BLOG    : [RxCachedThreadScheduler-9] HTTP request: [2022-09-01T10:53:57.734Z] GET https://app.uat.missevan.com/catalog/get-hot-sounds?catalog_id=108&page=1&page_size=18 200 162ms 0
09-01 18:53:57.915 19528 19528 V HotfixPatchListener: [main] application maxMemory:256
09-01 18:53:57.947 19528 19528 W Tinker.Tinker: [main] tinker patch directory: /data/user/0/cn.missevan/tinker
09-01 18:53:57.952 19528 19528 I Tinker.Tinker: [main] try to install tinker, isEnable: true, version: 1.9.14.10.4
09-01 18:53:57.955 19528 19528 I Tinker.TinkerLoadResult: [main] parseTinkerResult loadCode:-2, process name:cn.missevan:stats, main process:false, systemOTA:false, fingerPrint:vivo/PD1728/PD1728:9/PKQ1.180819.001/compiler07281740:user/release-keys, oatDir:null, useInterpretMode:false
09-01 18:53:57.957 19528 19528 W Tinker.TinkerLoadResult: [main] can't find patch file, is ok, just return
09-01 18:53:57.959 19528 19528 I Tinker.DefaultLoadReporter: [main] patch loadReporter onLoadResult: patch load result, path:/data/user/0/cn.missevan/tinker, code: -2, cost: 5ms
09-01 18:53:57.960 19528 19528 W Tinker.Tinker: [main] tinker load fail!
09-01 18:53:57.978 19067 19274 I BLOG    : [RxCachedThreadScheduler-6] HTTP request: [2022-09-01T10:53:57.696Z] GET https://app.uat.missevan.com/drama/catalog-homepage?catalog_id=89 200 269ms 0
09-01 18:53:57.986 19067 19181 I CronetEngine: [thread_background]
09-01 18:53:57.986 19067 19181 I CronetEngine: url: https://app.uat.missevan.com/drama/catalog-homepage?catalog_id=89
09-01 18:53:57.986 19067 19181 I CronetEngine:  ip: 10.21.250.10
09-01 18:53:57.986 19067 19181 I CronetEngine:  hostResolverProvider:
09-01 18:53:57.986 19067 19181 I CronetEngine:  hostResolveIps: []
09-01 18:53:57.986 19067 19181 I CronetEngine:
09-01 18:53:57.988 19528 19528 D Tinker.TinkerLoader: [main] [PendingLog @ 2022-09-01 18:53:56.683] tryLoad test test
09-01 18:53:57.990 19528 19528 W Tinker.TinkerLoader: [main] [PendingLog @ 2022-09-01 18:53:56.687] tryLoadPatchFiles:patch dir not exist:/data/user/0/cn.missevan/tinker
09-01 18:53:57.992 19528 19528 D Tinker.DefaultAppLike: [main] [PendingLog @ 2022-09-01 18:53:56.747] onBaseContextAttached:
09-01 18:53:57.994 19528 19528 D Tinker.DefaultAppLike: [main] [PendingLog @ 2022-09-01 18:53:56.853] onCreate
09-01 18:53:58.005 19067 19072 I cn.missevan: Compiler allocated 4MB to compile void android.widget.TextView.<init>(android.content.Context, android.util.AttributeSet, int, int)
09-01 18:53:58.020 19528 19799 I neuron.producer: [thread_report] Producer init with sn=20.
09-01 18:53:58.022 19067 19067 W ViewPager2Helper: [main] ReplaceSnapHelper success
09-01 18:53:58.027 19067 19067 I Banner  : [main] banner resume loop
09-01 18:53:58.029 19067 19067 I chatty  : uid=10602(cn.missevan) identical 36 lines
09-01 18:53:58.030 19067 19067 I Banner  : [main] banner resume loop
09-01 18:53:58.039 19528 19799 I neuron.statistics: [thread_report] Statistics init mobile stats ts=0, bytes=0.
09-01 18:53:58.043 19528 19799 I neuron.traffic: [thread_report] Traffic policy initial interval=3000, batchSize=120
09-01 18:53:58.088 19528 19799 W .missevan:stat: Accessing hidden field Ljava/nio/Buffer;->address:J (light greylist, reflection)
09-01 18:53:58.137 19067 19181 I CronetEngine: [thread_background]
09-01 18:53:58.137 19067 19181 I CronetEngine: url: https://app.uat.missevan.com/catalog/sound-homepage?catalog_id=108
09-01 18:53:58.137 19067 19181 I CronetEngine:  ip: 10.21.250.10
09-01 18:53:58.137 19067 19181 I CronetEngine:  hostResolverProvider:
09-01 18:53:58.137 19067 19181 I CronetEngine:  hostResolveIps: []
09-01 18:53:58.137 19067 19181 I CronetEngine:
09-01 18:53:58.138 19067 19067 W StaticLayout: maxLineHeight should not be -1.  maxLines:2 lineCount:2
09-01 18:53:58.139 19067 19172 I BLOG    : [RxCachedThreadScheduler-1] HTTP request: [2022-09-01T10:53:57.704Z] GET https://app.uat.missevan.com/catalog/sound-homepage?catalog_id=108 200 429ms 0
09-01 18:53:58.141 19067 19067 W StaticLayout: maxLineHeight should not be -1.  maxLines:2 lineCount:2
09-01 18:53:58.233 19067 19067 W StaticLayout: maxLineHeight should not be -1.  maxLines:2 lineCount:2
09-01 18:53:58.299 19067 19067 I PlayerServiceConnection: [main] on MediaBrowser connection connected
09-01 18:53:58.300 19067 19067 I PlayerServiceConnection: [main] bindPlayerService...
09-01 18:53:58.317 19067 19280 I OpenGLRenderer: Davey! duration=1193ms; Flags=0, IntendedVsync=210372098280870, Vsync=210372681614180, OldestInputEvent=9223372036854775807, NewestInputEvent=0, HandleInputStart=210372690883134, AnimationStart=210372690955790, PerformTraversalsStart=210372691368342, DrawStart=210373224215425, SyncQueued=210373265541102, SyncStart=210373265739800, IssueDrawCommandsStart=210373266386727, SwapBuffers=210373289249435, FrameCompleted=210373292042977, DequeueBufferDuration=320000, QueueBufferDuration=1120000,
09-01 18:53:58.320   717   717 I SurfaceFlinger: FPS: 11
09-01 18:53:58.322 19288 19288 I PlayerService: [main] PlayerService onLoadChildren parentId = /
09-01 18:53:58.375 19067 19181 I CronetEngine: [thread_background]
09-01 18:53:58.375 19067 19181 I CronetEngine: url: http://static-test.maoercdn.com/coversmini/201601/20/cd4be63a2f5a994c4bf03ca1ed9e6416174510.png?x-oss-process=image/resize,w_306/format,webp
09-01 18:53:58.375 19067 19181 I CronetEngine:  ip: 115.236.155.238
09-01 18:53:58.375 19067 19181 I CronetEngine:  hostResolverProvider:
09-01 18:53:58.375 19067 19181 I CronetEngine:  hostResolveIps: []
09-01 18:53:58.375 19067 19181 I CronetEngine:
09-01 18:53:58.395 19067 19067 I Choreographer: Skipped 40 frames!  The application may be doing too much work on its main thread.
09-01 18:53:58.429 19067 19280 I OpenGLRenderer: Davey! duration=705ms; Flags=0, IntendedVsync=210372697914086, Vsync=210373364580726, OldestInputEvent=9223372036854775807, NewestInputEvent=0, HandleInputStart=210373369984852, AnimationStart=210373370145477, PerformTraversalsStart=210373370794019, DrawStart=210373390304019, SyncQueued=210373397768290, SyncStart=210373397838758, IssueDrawCommandsStart=210373398468706, SwapBuffers=210373402306362, FrameCompleted=210373403725321, DequeueBufferDuration=365000, QueueBufferDuration=733000,
09-01 18:53:58.432 19067 19067 I PlayerServiceConnection: [main] Player connected by service connection.
09-01 18:53:58.433 19067 19181 I CronetEngine: [thread_background]
09-01 18:53:58.433 19067 19181 I CronetEngine: url: http://static-test.maoercdn.com/coversmini/201703/22/799f801693a66f33efebfa42c60b5bd0113543.jpg?x-oss-process=image/resize,w_306/format,webp
09-01 18:53:58.433 19067 19181 I CronetEngine:  ip: 115.236.155.238
09-01 18:53:58.433 19067 19181 I CronetEngine:  hostResolverProvider: ali
09-01 18:53:58.433 19067 19181 I CronetEngine:  hostResolveIps: ["115.236.155.238","115.236.155.242","115.236.155.240","115.236.155.244","117.27.226.222","115.236.155.243","182.40.18.113","117.27.226.221","117.27.226.223","115.236.155.239","182.40.18.117","115.236.155.241","182.40.18.115","182.40.18.116","115.236.155.248","182.40.18.114"]
09-01 18:53:58.433 19067 19181 I CronetEngine:
09-01 18:53:58.436 19288 19767 I PlayerService: [Binder:19288_4] IPlayerService.Stub, registerEventListener callback, listener: cn.missevan.play.aidl.IPlayerServiceEventListener$Stub$Proxy@1748b8c
09-01 18:53:58.439 19067 19067 I NowPlayingFragmentVM: [main] Playing media changed: 0,
09-01 18:53:58.440 19067 19181 I CronetEngine: [thread_background]
09-01 18:53:58.440 19067 19181 I CronetEngine: url: http://static-test.maoercdn.com/coversmini/201708/22/a8d2c7d4ff6d8ff704716734fa1a4cd5154657.png?x-oss-process=image/resize,w_306/format,webp
09-01 18:53:58.440 19067 19181 I CronetEngine:  ip: 182.40.18.115
09-01 18:53:58.440 19067 19181 I CronetEngine:  hostResolverProvider:
09-01 18:53:58.440 19067 19181 I CronetEngine:  hostResolveIps: []
09-01 18:53:58.440 19067 19181 I CronetEngine:
09-01 18:53:58.443 19067 19067 D PlayUtils: [main] reset playback position.
09-01 18:53:58.444 19067 19067 I NowPlayingFragmentVM: [main] PlayingViewModel playbackState onChanged  STATE_NONE, playbackSpeed = 1.0
09-01 18:53:58.445 19067 19067 W PlayUtils: [main] MediaBrowser connected. checkPosition = true
09-01 18:53:58.446 19067 19067 I NowPlayingFragmentVM: [main] MediaBrowser connected.
09-01 18:53:58.450 19067 19181 I CronetEngine: [thread_background]
09-01 18:53:58.450 19067 19181 I CronetEngine: url: http://static-test.maoercdn.com/coversmini/201601/20/87106f337c8aa2194de2fde5d393757b182630.jpg?x-oss-process=image/resize,w_306/format,webp
09-01 18:53:58.450 19067 19181 I CronetEngine:  ip: 115.236.155.238
09-01 18:53:58.450 19067 19181 I CronetEngine:  hostResolverProvider: ali
09-01 18:53:58.450 19067 19181 I CronetEngine:  hostResolveIps: ["115.236.155.238","115.236.155.242","115.236.155.240","115.236.155.244","117.27.226.222","115.236.155.243","182.40.18.113","117.27.226.221","117.27.226.223","115.236.155.239","182.40.18.117","115.236.155.241","182.40.18.115","182.40.18.116","115.236.155.248","182.40.18.114"]
09-01 18:53:58.450 19067 19181 I CronetEngine:
09-01 18:53:58.475 19067 19822 D webpbug : [io-pool-1-thread-0] Thread[io-pool-1-thread-0,5,main]
09-01 18:53:58.509 19067 19181 I CronetEngine: [thread_background]
09-01 18:53:58.509 19067 19181 I CronetEngine: url: https://app.uat.missevan.com/discovery/list
09-01 18:53:58.509 19067 19181 I CronetEngine:  ip: 10.21.250.10
09-01 18:53:58.509 19067 19181 I CronetEngine:  hostResolverProvider:
09-01 18:53:58.509 19067 19181 I CronetEngine:  hostResolveIps: []
09-01 18:53:58.509 19067 19181 I CronetEngine:
09-01 18:53:58.513 19067 19182 I BLOG    : [RxCachedThreadScheduler-3] HTTP request: [2022-09-01T10:53:58.397Z] GET https://app.uat.missevan.com/discovery/list 200 109ms 0
09-01 18:53:58.848 19067 19067 W Glide   : Load failed for http://static-test.maoercdn.com/coversmini/201601/20/cd4be63a2f5a994c4bf03ca1ed9e6416174510.png with size [306x306]
09-01 18:53:58.848 19067 19067 W Glide   : class com.bumptech.glide.load.a.q: Failed to load resource
09-01 18:53:58.848 19067 19067 W Glide   : There was 1 root cause:
09-01 18:53:58.848 19067 19067 W Glide   : com.bumptech.glide.load.e(Not Found, status code: 404)
09-01 18:53:58.848 19067 19067 W Glide   :  call GlideException#logRootCauses(String) for more detail
09-01 18:53:58.848 19067 19067 W Glide   :   Cause (1 of 1): class com.bumptech.glide.load.a.q: Fetching data failed, class java.io.InputStream, REMOTE
09-01 18:53:58.848 19067 19067 W Glide   : There was 1 root cause:
09-01 18:53:58.848 19067 19067 W Glide   : com.bumptech.glide.load.e(Not Found, status code: 404)
09-01 18:53:58.848 19067 19067 W Glide   :  call GlideException#logRootCauses(String) for more detail
09-01 18:53:58.848 19067 19067 W Glide   :     Cause (1 of 1): class com.bumptech.glide.load.e: Not Found, status code: 404
09-01 18:53:58.848 19067 19067 I Glide   : Root cause (1 of 1)
09-01 18:53:58.848 19067 19067 I Glide   : com.bumptech.glide.load.e: Not Found, status code: 404
09-01 18:53:58.848 19067 19067 I Glide   : 	at com.bumptech.glide.integration.okhttp3.b.onResponse(SourceFile:71)
09-01 18:53:58.848 19067 19067 I Glide   : 	at okhttp3.ac$a.execute(SourceFile:221)
09-01 18:53:58.848 19067 19067 I Glide   : 	at okhttp3.internal.b.run(SourceFile:32)
09-01 18:53:58.848 19067 19067 I Glide   : 	at java.util.concurrent.ThreadPoolExecutor.runWorker(ThreadPoolExecutor.java:1167)
09-01 18:53:58.848 19067 19067 I Glide   : 	at java.util.concurrent.ThreadPoolExecutor$Worker.run(ThreadPoolExecutor.java:641)
09-01 18:53:58.848 19067 19067 I Glide   : 	at java.lang.Thread.run(Thread.java:764)
09-01 18:53:58.925 19067 19067 W StaticLayout: maxLineHeight should not be -1.  maxLines:1 lineCount:1
09-01 18:53:58.983 19067 19067 W StaticLayout: maxLineHeight should not be -1.  maxLines:1 lineCount:1
09-01 18:53:59.115 19067 19067 W Glide   : Load failed for http://static-test.maoercdn.com/coversmini/201703/22/799f801693a66f33efebfa42c60b5bd0113543.jpg with size [306x306]
09-01 18:53:59.115 19067 19067 W Glide   : class com.bumptech.glide.load.a.q: Failed to load resource
09-01 18:53:59.115 19067 19067 W Glide   : There was 1 root cause:
09-01 18:53:59.115 19067 19067 W Glide   : com.bumptech.glide.load.e(Not Found, status code: 404)
09-01 18:53:59.115 19067 19067 W Glide   :  call GlideException#logRootCauses(String) for more detail
09-01 18:53:59.115 19067 19067 W Glide   :   Cause (1 of 1): class com.bumptech.glide.load.a.q: Fetching data failed, class java.io.InputStream, REMOTE
09-01 18:53:59.115 19067 19067 W Glide   : There was 1 root cause:
09-01 18:53:59.115 19067 19067 W Glide   : com.bumptech.glide.load.e(Not Found, status code: 404)
09-01 18:53:59.115 19067 19067 W Glide   :  call GlideException#logRootCauses(String) for more detail
09-01 18:53:59.115 19067 19067 W Glide   :     Cause (1 of 1): class com.bumptech.glide.load.e: Not Found, status code: 404
09-01 18:53:59.115 19067 19067 I Glide   : Root cause (1 of 1)
09-01 18:53:59.115 19067 19067 I Glide   : com.bumptech.glide.load.e: Not Found, status code: 404
09-01 18:53:59.115 19067 19067 I Glide   : 	at com.bumptech.glide.integration.okhttp3.b.onResponse(SourceFile:71)
09-01 18:53:59.115 19067 19067 I Glide   : 	at okhttp3.ac$a.execute(SourceFile:221)
09-01 18:53:59.115 19067 19067 I Glide   : 	at okhttp3.internal.b.run(SourceFile:32)
09-01 18:53:59.115 19067 19067 I Glide   : 	at java.util.concurrent.ThreadPoolExecutor.runWorker(ThreadPoolExecutor.java:1167)
09-01 18:53:59.115 19067 19067 I Glide   : 	at java.util.concurrent.ThreadPoolExecutor$Worker.run(ThreadPoolExecutor.java:641)
09-01 18:53:59.115 19067 19067 I Glide   : 	at java.lang.Thread.run(Thread.java:764)
09-01 18:53:59.117 19067 19067 W Glide   : Load failed for http://static-test.maoercdn.com/coversmini/201708/22/a8d2c7d4ff6d8ff704716734fa1a4cd5154657.png with size [306x306]
09-01 18:53:59.117 19067 19067 W Glide   : class com.bumptech.glide.load.a.q: Failed to load resource
09-01 18:53:59.117 19067 19067 W Glide   : There was 1 root cause:
09-01 18:53:59.117 19067 19067 W Glide   : com.bumptech.glide.load.e(Not Found, status code: 404)
09-01 18:53:59.117 19067 19067 W Glide   :  call GlideException#logRootCauses(String) for more detail
09-01 18:53:59.117 19067 19067 W Glide   :   Cause (1 of 1): class com.bumptech.glide.load.a.q: Fetching data failed, class java.io.InputStream, REMOTE
09-01 18:53:59.117 19067 19067 W Glide   : There was 1 root cause:
09-01 18:53:59.117 19067 19067 W Glide   : com.bumptech.glide.load.e(Not Found, status code: 404)
09-01 18:53:59.117 19067 19067 W Glide   :  call GlideException#logRootCauses(String) for more detail
09-01 18:53:59.117 19067 19067 W Glide   :     Cause (1 of 1): class com.bumptech.glide.load.e: Not Found, status code: 404
09-01 18:53:59.118 19067 19067 I Glide   : Root cause (1 of 1)
09-01 18:53:59.118 19067 19067 I Glide   : com.bumptech.glide.load.e: Not Found, status code: 404
09-01 18:53:59.118 19067 19067 I Glide   : 	at com.bumptech.glide.integration.okhttp3.b.onResponse(SourceFile:71)
09-01 18:53:59.118 19067 19067 I Glide   : 	at okhttp3.ac$a.execute(SourceFile:221)
09-01 18:53:59.118 19067 19067 I Glide   : 	at okhttp3.internal.b.run(SourceFile:32)
09-01 18:53:59.118 19067 19067 I Glide   : 	at java.util.concurrent.ThreadPoolExecutor.runWorker(ThreadPoolExecutor.java:1167)
09-01 18:53:59.118 19067 19067 I Glide   : 	at java.util.concurrent.ThreadPoolExecutor$Worker.run(ThreadPoolExecutor.java:641)
09-01 18:53:59.118 19067 19067 I Glide   : 	at java.lang.Thread.run(Thread.java:764)
09-01 18:53:59.166 19067 19280 I OpenGLRenderer: Davey! duration=759ms; Flags=0, IntendedVsync=210373381163433, Vsync=210373814496749, OldestInputEvent=9223372036854775807, NewestInputEvent=0, HandleInputStart=210373823820789, AnimationStart=210373823899071, PerformTraversalsStart=210373824398914, DrawStart=210374058742039, SyncQueued=210374083615893, SyncStart=210374083857456, IssueDrawCommandsStart=210374085022664, SwapBuffers=210374128204800, FrameCompleted=210374140679591, DequeueBufferDuration=330000, QueueBufferDuration=558000,
09-01 18:53:59.252 19067 19067 W Glide   : Load failed for http://static-test.maoercdn.com/coversmini/201601/20/87106f337c8aa2194de2fde5d393757b182630.jpg with size [306x306]
09-01 18:53:59.252 19067 19067 W Glide   : class com.bumptech.glide.load.a.q: Failed to load resource
09-01 18:53:59.252 19067 19067 W Glide   : There was 1 root cause:
09-01 18:53:59.252 19067 19067 W Glide   : com.bumptech.glide.load.e(Not Found, status code: 404)
09-01 18:53:59.252 19067 19067 W Glide   :  call GlideException#logRootCauses(String) for more detail
09-01 18:53:59.252 19067 19067 W Glide   :   Cause (1 of 1): class com.bumptech.glide.load.a.q: Fetching data failed, class java.io.InputStream, REMOTE
09-01 18:53:59.252 19067 19067 W Glide   : There was 1 root cause:
09-01 18:53:59.252 19067 19067 W Glide   : com.bumptech.glide.load.e(Not Found, status code: 404)
09-01 18:53:59.252 19067 19067 W Glide   :  call GlideException#logRootCauses(String) for more detail
09-01 18:53:59.252 19067 19067 W Glide   :     Cause (1 of 1): class com.bumptech.glide.load.e: Not Found, status code: 404
09-01 18:53:59.252 19067 19067 I Glide   : Root cause (1 of 1)
09-01 18:53:59.252 19067 19067 I Glide   : com.bumptech.glide.load.e: Not Found, status code: 404
09-01 18:53:59.252 19067 19067 I Glide   : 	at com.bumptech.glide.integration.okhttp3.b.onResponse(SourceFile:71)
09-01 18:53:59.252 19067 19067 I Glide   : 	at okhttp3.ac$a.execute(SourceFile:221)
09-01 18:53:59.252 19067 19067 I Glide   : 	at okhttp3.internal.b.run(SourceFile:32)
09-01 18:53:59.252 19067 19067 I Glide   : 	at java.util.concurrent.ThreadPoolExecutor.runWorker(ThreadPoolExecutor.java:1167)
09-01 18:53:59.252 19067 19067 I Glide   : 	at java.util.concurrent.ThreadPoolExecutor$Worker.run(ThreadPoolExecutor.java:641)
09-01 18:53:59.252 19067 19067 I Glide   : 	at java.lang.Thread.run(Thread.java:764)
09-01 18:53:59.268 19067 19078 I cn.missevan: NativeAlloc concurrent copying GC freed 73230(5MB) AllocSpace objects, 47(2MB) LOS objects, 50% free, 21MB/42MB, paused 179us total 130.206ms
09-01 18:53:59.323 19067 19067 I Banner  : [main] banner pause loop
09-01 18:53:59.324 19067 19067 I Banner  : [main] banner pause loop
09-01 18:53:59.327 19067 19067 E BLOG    : [main] 
09-01 18:53:59.589 19067 19280 I OpenGLRenderer: Davey! duration=732ms; Flags=0, IntendedVsync=210373830854140, Vsync=210374297520788, OldestInputEvent=9223372036854775807, NewestInputEvent=0, HandleInputStart=210374305319070, AnimationStart=210374305390841, PerformTraversalsStart=210374305977248, DrawStart=210374540123810, SyncQueued=210374549567456, SyncStart=210374549871727, IssueDrawCommandsStart=210374550854279, SwapBuffers=210374562511831, FrameCompleted=210374563494487, DequeueBufferDuration=465000, QueueBufferDuration=545000,
09-01 18:53:59.610   717   717 I SurfaceFlinger: FPS: 4
09-01 18:54:00.000  1724  2038 I chatty  : uid=1000(system) AlarmManager expire 12 lines
09-01 18:54:00.008  2404  2404 D KeyguardUpdateMonitor: handleTimeUpdate
09-01 18:54:00.080 19067 19157 D NAccs.InAppConn_default:  startChannelService
09-01 18:54:00.082 19067 19157 D NAccs.Config:  getAgooAppKey appkey:umeng:546d7dd7fd98c58fc800082c
09-01 18:54:00.083 19067 19157 I NAccs.a :  dispatchIntent bind service start intent:Intent { act=com.taobao.accs.intent.action.START_SERVICE cmp=cn.missevan/com.taobao.accs.ChannelService (has extras) }
09-01 18:53:59.827  1724  2178 I chatty  : uid=1000(system) AutobacklightTh identical 12 lines
09-01 18:54:00.099 19067 19157 D NAccs.AdapterGlobalClientInfo:  getAgooCustomServiceName serviceName:com.umeng.message.component.UmengIntentService
09-01 18:54:00.100 19067 19157 I NAccs.a :  dispatchIntent bind service start intent:Intent { act=org.agoo.android.intent.action.REPORT pkg=cn.missevan cmp=cn.missevan/com.umeng.message.component.UmengIntentService }
09-01 18:54:00.110  4240  4357 E BitmapFactory: Unable to decode stream: java.io.FileNotFoundException: /oem/etc/theme/icons/dynamic_icon/com.android.BBKClock/res/drawable-sw360dp-xxhdpi/clock_hour.png (No such file or directory)
09-01 18:54:00.112  4240  4357 E BitmapFactory: Unable to decode stream: java.io.FileNotFoundException: /oem/etc/theme/icons/dynamic_icon/com.android.BBKClock/res/drawable-sw360dp-xxhdpi/clock_minute.png (No such file or directory)
09-01 18:54:00.112  4240  4357 E BitmapFactory: Unable to decode stream: java.io.FileNotFoundException: /oem/etc/theme/icons/dynamic_icon/com.android.BBKClock/res/drawable-sw360dp-xxhdpi/clock_dial.png (No such file or directory)
09-01 18:54:00.117  4240  4357 E BitmapFactory: Unable to decode stream: java.io.FileNotFoundException: /oem/etc/theme/icons/dynamic_icon/com.android.BBKClock/res/drawable-sw360dp-xxhdpi/clock_dial_center.png (No such file or directory)
09-01 18:54:00.131  1724  1855 I ActivityManager: Start proc 19834:cn.missevan:channel/u0a602 for service cn.missevan/com.taobao.accs.ChannelService
09-01 18:54:00.137 19834 19834 I issevan:channe: Late-enabling -Xcheck:jni
09-01 18:54:00.295 19834 19834 I issevan:channe: The ClassLoaderContext is a special shared library.
09-01 18:54:00.309  1724  2178 I chatty  : uid=1000(system) AutobacklightTh identical 1 line
09-01 18:54:00.483  1724  1853 V WindowOrientationListener: in onTouchEndLocked. proposedRotation=0, oldProposedRotation=0
09-01 18:54:00.524 19067 19067 I Banner  : [main] banner resume loop
09-01 18:54:00.525 19067 19067 I Banner  : [main] banner resume loop
09-01 18:54:00.563 19067 19067 W StaticLayout: maxLineHeight should not be -1.  maxLines:1 lineCount:1
09-01 18:54:00.569 19067 19067 W StaticLayout: maxLineHeight should not be -1.  maxLines:1 lineCount:1
09-01 18:54:00.585 19067 19067 I Banner  : [main] banner pause loop
09-01 18:54:00.589 19067 19067 I Banner  : [main] banner pause loop
09-01 18:54:00.593 19067 19067 I Banner  : [main] banner resume loop
09-01 18:54:00.669 19067 19067 I Banner  : [main] banner resume loop
09-01 18:54:00.766 19067 19181 I CronetEngine: [thread_background]
09-01 18:54:00.766 19067 19181 I CronetEngine: url: http://static-test.maoercdn.com/coversmini/201601/27/7bbe2cb132e96af2055b58417513e099210645.png?x-oss-process=image/resize,w_306/format,webp
09-01 18:54:00.766 19067 19181 I CronetEngine:  ip: 115.236.155.238
09-01 18:54:00.766 19067 19181 I CronetEngine:  hostResolverProvider:
09-01 18:54:00.766 19067 19181 I CronetEngine:  hostResolveIps: []
09-01 18:54:00.766 19067 19181 I CronetEngine:
09-01 18:54:00.775 19067 19067 W StaticLayout: maxLineHeight should not be -1.  maxLines:2 lineCount:2
09-01 18:54:00.778 19067 19067 W StaticLayout: maxLineHeight should not be -1.  maxLines:2 lineCount:2
09-01 18:54:00.818 19067 19181 I CronetEngine: [thread_background]
09-01 18:54:00.818 19067 19181 I CronetEngine: url: http://static-test.maoercdn.com/coversmini/201708/12/003bf579f8f2574dedbb19a4b5aca316174101.jpg?x-oss-process=image/resize,w_306/format,webp
09-01 18:54:00.818 19067 19181 I CronetEngine:  ip: 115.236.155.238
09-01 18:54:00.818 19067 19181 I CronetEngine:  hostResolverProvider:
09-01 18:54:00.818 19067 19181 I CronetEngine:  hostResolveIps: []
09-01 18:54:00.818 19067 19181 I CronetEngine:
09-01 18:54:00.942 19067 19157 D NAccs.Config:  getAgooAppKey appkey:umeng:546d7dd7fd98c58fc800082c
09-01 18:54:00.942 19067 19157 D NAccs.NotifManager:  report,utdid=YxBs9IHhiKQDAFfj0NajmZNB,regId=15880600190911619307421,type=VIVO_TOKEN
09-01 18:54:00.943 19067 19157 D NAccs.Config:  getAgooAppKey appkey:umeng:546d7dd7fd98c58fc800082c
09-01 18:54:00.943 19067 19157 D NAccs.ACCSManager:  getAccsInstance key:default|0
09-01 18:54:00.943 19067 19157 D NAccs.InAppConn_default:  start
09-01 18:54:00.943 19067 19157 E NAccs.ACCSMgrImpl_default:  sendMessage dataId:1662029640943.4
