09-01 18:52:58.432 20054 18985 W MessageQueue: Handler (com.bbk.appstore.x.a) {57d840b} sending message to a Handler on a dead thread
09-01 18:52:58.432 20054 18985 W MessageQueue: java.lang.IllegalStateException: Handler (com.bbk.appstore.x.a) {57d840b} sending message to a Handler on a dead thread
09-01 18:52:58.432 20054 18985 W MessageQueue: 	at android.os.MessageQueue.enqueueMessage(MessageQueue.java:550)
09-01 18:52:58.432 20054 18985 W MessageQueue: 	at android.os.Handler.enqueueMessage(Handler.java:745)
09-01 18:52:58.432 20054 18985 W MessageQueue: 	at android.os.Handler.sendMessageAtTime(Handler.java:697)
09-01 18:52:58.432 20054 18985 W MessageQueue: 	at com.bbk.appstore.x.a.sendMessageAtTime(SourceFile:5)
09-01 18:52:58.432 20054 18985 W MessageQueue: 	at android.os.Handler.sendMessageDelayed(Handler.java:667)
09-01 18:52:58.432 20054 18985 W MessageQueue: 	at android.os.Handler.post(Handler.java:395)
09-01 18:52:58.432 20054 18985 W MessageQueue: 	at com.bbk.appstore.download.speed.SpeedMonitor.reportSpeed(SourceFile:3)
09-01 18:52:58.432 20054 18985 W MessageQueue: 	at com.bbk.appstore.download.speed.SpeedMonitor.endWork(SourceFile:6)
09-01 18:52:58.432 20054 18985 W MessageQueue: 	at com.bbk.appstore.download.DownloadHandler.dequeueDownload(SourceFile:6)
09-01 18:52:58.432 20054 18985 W MessageQueue: 	at com.bbk.appstore.download.DownloadThread.run(SourceFile:26)
09-01 18:53:03.291 10614 10759 D WorkerThreadMonitor: Kill MSF check result[ senderSize:0,sendInterval:152760,receiveInterval=2517,addCmdCount=945
09-01 18:53:04.475 10614 10746 D MSF.C.DeepSleepDetector: [run] count after++: 54
09-01 18:53:06.069  2404  2404 D KeyguardUpdateMonitor: received broadcast android.intent.action.BATTERY_CHANGED
09-01 18:53:06.070  2404  2404 D KeyguardUpdateMonitor: handleBatteryUpdate
09-01 18:53:06.086  2765  2765 I chatty  : uid=1000(system) com.vivo.daemonService expire 24 lines
09-01 18:53:06.090  1724  5458 I chatty  : uid=1000(system) IzatProvider expire 12 lines
09-01 18:53:06.090  2831  2831 D QtiCarrierConfigHelper: WARNING, no carrier configs on phone Id: 0
09-01 18:53:06.091   692   692 V LocSvc_HIDL_IzatSubscription: [batteryLevelUpdate][777] [HS] <<<<= [HC]
09-01 18:53:08.394 10614 10746 D MemoryCeilingMonitor: [handleMemoryCalculate]
09-01 18:53:08.394 10614 10746 D MemoryCeilingMonitor: [calculate] tot: 3387797, max: 268435456, free: 650021, heap: 2737776, per: 0.010199010372161865
09-01 18:53:11.053  1007  1109 E storaged: getDiskStats failed with result NOT_SUPPORTED and size 0
09-01 18:53:13.963  3023  3023 W rms_memory_cana: type=1400 audit(0.0:86839): avc: denied { read } for name="proc" dev="debugfs" ino=4984 scontext=u:r:system_app:s0 tcontext=u:object_r:kgsl_debugfs:s0 tclass=dir permissive=0
09-01 18:53:20.092  2258  8462 W ContextImpl: Calling a method in the system process without a qualified user: android.app.ContextImpl.sendBroadcast:1024 android.content.ContextWrapper.sendBroadcast:444 com.vivo.idlemonitor.MonitorService.a:262 com.vivo.idlemonitor.MonitorService.a:28 com.vivo.idlemonitor.MonitorService$1.handleMessage:108
09-01 18:53:20.096  1724 14407 I PackageManager: ### pkg:Package{8f538ff com.bbk.appstore}
09-01 18:53:20.098  1724  1852 D ActivityManager: StartMode packageName = com.bbk.appstore ,callingPid = -1 ,alwaysRestrict = true ,startMode = 2 ,UidRec:UidRecord{bed717f u0a98 CEM  bg:+49m41s13ms idle change:cached procs:2 seq(0,0,0)}
09-01 18:53:20.104  2258  8462 W ContextImpl: Calling a method in the system process without a qualified user: android.app.ContextImpl.sendBroadcast:1024 android.content.ContextWrapper.sendBroadcast:444 com.vivo.idlemonitor.MonitorService.a:269 com.vivo.idlemonitor.MonitorService.a:28 com.vivo.idlemonitor.MonitorService$1.handleMessage:108
09-01 18:53:20.117  1724 14407 I PackageManager: ### pkg:Package{3fce8e6 com.vivo.game}
09-01 18:53:20.118  1724 14407 I chatty  : uid=1000(system) Binder:1724_1C expire 10 lines
09-01 18:53:20.124  1724  2895 D ActivityManager: StartMode packageName = com.vivo.game ,callingPid = -1 ,alwaysRestrict = true ,startMode = 2 ,UidRec:UidRecord{1ae1097 u0a119 CEM  idle change:cached procs:1 seq(0,0,0)}
09-01 18:53:20.124  1724  2895 I chatty  : uid=1000(system) Binder:1724_D expire 18 lines
09-01 18:53:22.047  1724  2895 W ActivityManager: Unable to start service Intent { act=android.security.IKeyChainService cmp=com.android.keychain/.KeyChainService } U=999: not found
09-01 18:53:22.050  2404 18998 I SecurityController: java.lang.AssertionError: could not bind to KeyChainService
09-01 18:53:23.714 18764 18784 I Finsky  : [7958] jbz.run(30): Stats for Executor: BlockingExecutor jcx@126cff6[Running, pool size = 2, active threads = 0, queued tasks = 0, completed tasks = 12]
09-01 18:53:23.715 18764 18784 I Finsky  : [7958] jbz.run(30): Stats for Executor: LightweightExecutor jcx@f27aff7[Running, pool size = 4, active threads = 0, queued tasks = 0, completed tasks = 83]
09-01 18:53:23.970 18764 18784 I Finsky  : [7958] jbz.run(30): Stats for Executor: bgExecutor jcx@b8d5e64[Running, pool size = 4, active threads = 0, queued tasks = 0, completed tasks = 186]
09-01 18:53:25.019 18853 18873 I Finsky:background: [7965] jbz.run(30): Stats for Executor: bgExecutor jcx@3ea086b[Running, pool size = 0, active threads = 0, queued tasks = 0, completed tasks = 0]
09-01 18:53:30.353  2765  3264 I chatty  : uid=1000(system) NightPearlSubTh expire 16 lines
09-01 18:53:30.356  2404  2404 D KeyguardUpdateMonitor: received broadcast android.intent.action.BATTERY_CHANGED
09-01 18:53:30.357  2404  2404 D KeyguardUpdateMonitor: handleBatteryUpdate
09-01 18:53:30.367  2831  2831 D QtiCarrierConfigHelper: WARNING, no carrier configs on phone Id: 0
09-01 18:53:30.370   692   692 V LocSvc_HIDL_IzatSubscription: [batteryLevelUpdate][777] [HS] <<<<= [HC]
09-01 18:53:30.388  2404  2404 D KeyguardUpdateMonitor: received broadcast android.intent.action.BATTERY_CHANGED
09-01 18:53:30.388  2404  2404 D KeyguardUpdateMonitor: handleBatteryUpdate
09-01 18:53:30.393  2831  2831 D QtiCarrierConfigHelper: WARNING, no carrier configs on phone Id: 0
09-01 18:53:30.394   692   692 V LocSvc_HIDL_IzatSubscription: [batteryLevelUpdate][777] [HS] <<<<= [HC]
09-01 18:53:35.556  2765  3774 I chatty  : uid=1000(system) Timer-0 expire 14 lines
09-01 18:53:36.058  2404  2404 D KeyguardUpdateMonitor: received broadcast android.intent.action.BATTERY_CHANGED
09-01 18:53:36.059  2404  2404 D KeyguardUpdateMonitor: handleBatteryUpdate
09-01 18:53:36.061  2746  2746 D AIE-Bolts-Task: New thread: BoltsBgPool-thread-3681
09-01 18:53:36.068  2831  2831 D QtiCarrierConfigHelper: WARNING, no carrier configs on phone Id: 0
09-01 18:53:36.069   692   692 V LocSvc_HIDL_IzatSubscription: [batteryLevelUpdate][777] [HS] <<<<= [HC]
09-01 18:53:36.073  1724  1724 I chatty  : uid=1000 system_server expire 39 lines
09-01 18:53:38.424 10614 10746 D MemoryCeilingMonitor: [handleMemoryCalculate]
09-01 18:53:38.425 10614 10746 D MemoryCeilingMonitor: [calculate] tot: 3387797, max: 268435456, free: 584357, heap: 2803440, per: 0.010443627834320068
09-01 18:53:42.482  1724  2038 I PackageManager: ### pkg:Package{263c2cc com.vivo.aiengine}
09-01 18:53:42.508   685   817 E qti_sensors_hal: acquire proximity wakelock
09-01 18:53:42.513  1724  1853 I chatty  : uid=1000(system) android.ui expire 39 lines
09-01 18:53:42.514  2765  2765 I chatty  : uid=1000(system) com.vivo.daemonService expire 98 lines
09-01 18:53:42.514  2765  3264 I chatty  : uid=1000(system) NightPearlSubTh expire 12 lines
09-01 18:53:42.514  2404  2404 D SensorManager: framework alsps raw_data dataX=5.000305 dataY=403.0 dataZ=0.0
09-01 18:53:42.520  1724  2054 D WindowManager: before sendMessage MSG_WAKEUP_BY_WHO_POWERKEY2ND ret:-1
09-01 18:53:42.522  1724  2047 D WindowManager: handleMessage MSG_WAKEUP_BY_WHO_POWERKEY2ND start
09-01 18:53:42.523  1724  2047 D FingerprintWakeHook: WakeUp, who: WakeKey, uid: 1000, ident: 4294967297724, eventTime: 210357496
09-01 18:53:42.523  1724  2047 D FingerprintWakeHook: fingerprint wakeup invalid.
09-01 18:53:42.523  1724  2047 I PowerManagerService: Waking up from sleep (uid=1000 reason=WakeKey)...
09-01 18:53:42.523  1724  2047 D FingerprintWakeHook: Screen ON
09-01 18:53:42.526  1724  2047 D WindowManager: handleMessage MSG_WAKEUP_BY_WHO_POWERKEY2ND finished
09-01 18:53:42.526   685  2027 W qti_sensors_hal: batch handle 21 flags 0 period_ns 20000000 timeout 0
09-01 18:53:42.526   685  2027 W qti_sensors_hal: batch:sensor(android.sensor.proximity) handle:21 flags:0x0 period_ns 20000000
09-01 18:53:42.527  1724  1880 I DisplayPowerController: Blocking screen on until initial contents have been drawn.
09-01 18:53:42.528  2404  5499 D KeyguardViewMediator: notifyScreenOn
09-01 18:53:42.529  1724  2054 D WindowManager: after MSG_WAKEUP_BY_WHO_POWERKEY2ND wait
09-01 18:53:42.529  1724  2184 I DisplayPowerState: mBlockedByFingerprint = 0
09-01 18:53:42.530  2682  3074 V ProcessController: clear cacheLimitMap 0
09-01 18:53:42.533  1724  2184 E DisplayPowerState: run changed=false mNightPearlManager is null! or state != Display.STATE_OFF
09-01 18:53:42.533  1724  2184 D DisplayPowerState: run normal set state ON brightness:0
09-01 18:53:42.534   684   684 E QTI PowerHAL: Failed to acquire lock.
09-01 18:53:42.534   684   684 I QTI PowerHAL: Got set_interactive hint
09-01 18:53:42.535  2404  2404 D KeyguardViewMediator: handleNotifyScreenTurningOn
09-01 18:53:42.540  1724  2184 D DisplayPowerState: run normal set state end
09-01 18:53:42.542  1724  2184 D DisplayPowerState: run state:ON on:true backlight:0
09-01 18:53:42.550  3690  3702 D QcrilMsgTunnelIfaceManager: needAddWaitTime return false byte = -55
09-01 18:53:42.550  3690  3690 D QcrilMsgTunnelIfaceManager: handleMessage what = 1
09-01 18:53:42.550  2404  2404 I chatty  : uid=10018(com.android.systemui) identical 3 lines
09-01 18:53:42.552   685   685 W qti_sensors_hal: batch handle 1 flags 0 period_ns 20000000 timeout 25000000
09-01 18:53:42.552   685   685 W qti_sensors_hal: batch:sensor(android.sensor.accelerometer) handle:1 flags:0x0 period_ns 20000000
09-01 18:53:42.553  3690  3690 I QcrilOemhookMsgTunnel: [0]invokeOemRilRequestRaw: serial=1549 length=24
09-01 18:53:42.553  3690  3690 D QcrilOemhookMsgTunnel: 1549 > OEM_HOOK_RAW[514f454d484f4f4bc9000800080000000000000000000000]
09-01 18:53:42.553  3690  3690 D QcrilOemhookMsgTunnel: Calling HIDL oemHookRawRequest
09-01 18:53:42.554  1724  1877 I DisplayManagerService: Display device changed state: "", ON
09-01 18:53:42.556   717   717 D SurfaceFlinger: Set power mode=2, type=0 flinger=0x7820655000
09-01 18:53:42.558   680   825 I SDM     : DisplayBase::SetDisplayState: Set state = 1, display 0
09-01 18:53:42.559  3690  3711 I QcrilOemhookMsgTunnel: [0]processOemHookResponse serial no: 1549 error: 0length=0
09-01 18:53:42.559  3690  3711 D QcrilOemhookMsgTunnel: [1549] < OEM_HOOK_RAW [[B@e78260c]
09-01 18:53:42.559  3690  3711 D QcrilOemhookMsgTunnel: { id=3409 when=-2d10h25m57s533ms what=2 obj=com.qualcomm.qcrilmsgtunnel.QcrilMsgTunnelIfaceManager$MessageRequest@e080b55 target=com.qualcomm.qcrilmsgtunnel.QcrilMsgTunnelIfaceManager$1 }
09-01 18:53:42.559  3690  3690 D QcrilMsgTunnelIfaceManager: handleMessage what = 2
09-01 18:53:42.559  1724  1880 D PowerManagerService: reset mPrimaryDisplayIsDoze
09-01 18:53:42.562  2956  2956 D ViewRootImpl[DockedStackDivider]: onDisplayChange oldDisplayState=1 newDisplayState=2
09-01 18:53:42.562  4240  4240 D ViewRootImpl[Launcher]: onDisplayChange oldDisplayState=1 newDisplayState=2
09-01 18:53:42.563  4441  4441 D ViewRootImpl[HiBoard]: onDisplayChange oldDisplayState=1 newDisplayState=2
09-01 18:53:42.566  2956  2956 D ViewRootImpl[PopMenuView]: onDisplayChange oldDisplayState=1 newDisplayState=2
09-01 18:53:42.572 12497 12497 D ViewRootImpl[GalleryTabActivity]: onDisplayChange oldDisplayState=1 newDisplayState=2
09-01 18:53:42.574 19231 19231 D ViewRootImpl[BrowserActivity]: onDisplayChange oldDisplayState=1 newDisplayState=2
09-01 18:53:42.575  2786  2786 I chatty  : uid=1000(system) com.vivo.upslide expire 38 lines
09-01 18:53:42.576 11860 11860 D ViewRootImpl[SecureInputMethod]: onDisplayChange oldDisplayState=1 newDisplayState=2
09-01 18:53:42.576 12497 12497 D ViewRootImpl[NewPageActivity]: onDisplayChange oldDisplayState=1 newDisplayState=2
09-01 18:53:42.579 12497 12497 D ViewRootImpl[Gallery]: onDisplayChange oldDisplayState=1 newDisplayState=2
09-01 18:53:42.582   992   992 E Netd    : tether checkPermission, pid:1724 uid:1000
09-01 18:53:42.582  2404  2404 D ViewRootImpl[AssistPreviewPanel]: onDisplayChange oldDisplayState=1 newDisplayState=2
09-01 18:53:42.586 26876 26876 D ViewRootImpl[Settings]: onDisplayChange oldDisplayState=1 newDisplayState=2
09-01 18:53:42.587  2404  2404 D ViewRootImpl[NavigationBar]: onDisplayChange oldDisplayState=1 newDisplayState=2
09-01 18:53:42.588  2404  2404 D ViewRootImpl[StatusBar]: onDisplayChange oldDisplayState=1 newDisplayState=2
09-01 18:53:42.594 19231 19231 D ViewRootImpl[BrowserActivity]: onDisplayChange oldDisplayState=1 newDisplayState=2
09-01 18:53:42.641  4240  4357 E BitmapFactory: Unable to decode stream: java.io.FileNotFoundException: /oem/etc/theme/icons/dynamic_icon/com.android.BBKClock/res/drawable-sw360dp-xxhdpi/clock_hour.png (No such file or directory)
09-01 18:53:42.642  4240  4357 E BitmapFactory: Unable to decode stream: java.io.FileNotFoundException: /oem/etc/theme/icons/dynamic_icon/com.android.BBKClock/res/drawable-sw360dp-xxhdpi/clock_minute.png (No such file or directory)
09-01 18:53:42.643  4240  4357 E BitmapFactory: Unable to decode stream: java.io.FileNotFoundException: /oem/etc/theme/icons/dynamic_icon/com.android.BBKClock/res/drawable-sw360dp-xxhdpi/clock_dial.png (No such file or directory)
09-01 18:53:42.646  4240  4357 E BitmapFactory: Unable to decode stream: java.io.FileNotFoundException: /oem/etc/theme/icons/dynamic_icon/com.android.BBKClock/res/drawable-sw360dp-xxhdpi/clock_dial_center.png (No such file or directory)
09-01 18:53:42.647  1724  2054 I chatty  : uid=1000(system) InputReader expire 31 lines
09-01 18:53:42.653   685   685 W qti_sensors_hal: batch handle 99 flags 0 period_ns 200000000 timeout 0
09-01 18:53:42.654  2765  3773 I chatty  : uid=1000(system) MotorModeDaemon expire 6 lines
09-01 18:53:42.654  2765  3904 I chatty  : uid=1000(system) Binder:2765_5 expire 14 lines
09-01 18:53:42.655  2765 16737 I chatty  : uid=1000(system) Binder:2765_E expire 20 lines
09-01 18:53:42.655  2765  2797 I chatty  : uid=1000(system) Binder:2765_2 expire 13 lines
09-01 18:53:42.656   685   685 W qti_sensors_hal: activate: handle is 99, en is 1
09-01 18:53:42.656   685   685 E qti_sensors_hal: AmbientLightScene notify_suspend_valid 1
09-01 18:53:42.658   685   891 E qti_sensors_hal: AmbientLightScene processResp: Received SNS_SAM_AMBIENT_LIGHT_SCENE_ENABLE_RESP_V01
09-01 18:53:42.658   685   891 E qti_sensors_hal: AmbientLightScene Got ENABLE response, instance id = 236
09-01 18:53:42.659   685  2027 W qti_sensors_hal: batch handle 2 flags 0 period_ns 66667000 timeout 0
09-01 18:53:42.659   685  2027 W qti_sensors_hal: batch:sensor(android.sensor.light) handle:2 flags:0x0 period_ns 66667000
09-01 18:53:42.659   685  2027 W qti_sensors_hal: activate: handle is 2, en is 1
09-01 18:53:42.669   685  2027 W qti_sensors_hal: batch handle 93 flags 0 period_ns 20000000 timeout 0
09-01 18:53:42.669  4221  4221 I chatty  : uid=1000(system) com.vivo.floatingball:floating expire 27 lines
09-01 18:53:42.670   685  2027 W qti_sensors_hal: activate: handle is 93, en is 1
09-01 18:53:42.670   685  2027 W qti_sensors_hal: enable: handle=93 en 1
09-01 18:53:42.677   685   891 E qti_sensors_hal: AmbientLightScene 20 139 0
09-01 18:53:42.678   685   884 W qti_sensors_hal: processResp: Received SNS_SAM_MAGLIB_SENSOR_COMMAND_RESP_V01 0 0 0 0 0 0
09-01 18:53:42.678   685   884 W qti_sensors_hal: processResp: Received SNS_SAM_MAGLIB_SENSOR_COMMAND_RESP_V01 1 0 0 0 0 0
09-01 18:53:42.679   685  2027 W qti_sensors_hal: batch handle 52 flags 0 period_ns 1000000 timeout 66667000
09-01 18:53:42.685  2765  6829 I chatty  : uid=1000(system) Binder:2765_A expire 14 lines
09-01 18:53:42.690  2765  3303 I chatty  : uid=1000(system) GameModeHandler expire 19 lines
09-01 18:53:42.691   685  2027 W qti_sensors_hal: batch handle 21 flags 0 period_ns 20000000 timeout 0
09-01 18:53:42.691   685  2027 W qti_sensors_hal: batch:sensor(android.sensor.proximity) handle:21 flags:0x0 period_ns 20000000
09-01 18:53:42.691  1724  2892 I chatty  : uid=1000(system) Binder:1724_B expire 39 lines
09-01 18:53:42.695   685   685 W qti_sensors_hal: batch handle 1 flags 0 period_ns 20000000 timeout 2147483647000
09-01 18:53:42.695   685   685 W qti_sensors_hal: batch:sensor(android.sensor.accelerometer) handle:1 flags:0x0 period_ns 20000000
09-01 18:53:42.700   685   685 W qti_sensors_hal: batch handle 21 flags 0 period_ns 20000000 timeout 0
09-01 18:53:42.700   685   685 W qti_sensors_hal: batch:sensor(android.sensor.proximity) handle:21 flags:0x0 period_ns 20000000
09-01 18:53:42.710  1724  2101 I chatty  : uid=1000(system) Binder:1724_3 expire 15 lines
09-01 18:53:42.719 21075 21484 I ThreadPool.Execute: [:21484, ]:<<< com.tencent.mm.booter.TrafficStatsReceiver$1@144805931 state=COMPLETE cost=183ms/6ms ColdPool start@=1662029622535ms delay=0ms run@=1662029622536
09-01 18:53:42.761   717   717 D SurfaceFlinger: Finished set power mode=2, type=0
09-01 18:53:42.762  1724  1724 D FingerprintWakeHook: Display state changed to ON
09-01 18:53:42.762  1724  1724 W UsageStatsService: Event reported without a package name
09-01 18:53:42.762  1724  1724 W UsageStatsService: Event reported without a package name
09-01 18:53:42.771   717   717 I ConfigStore: android::hardware::configstore::V1_0::ISurfaceFlingerConfigs::hasHDRDisplay retrieved: 0
09-01 18:53:42.775   717   717 I SurfaceFlinger: FPS: 1
09-01 18:53:42.779   717   717 I ConfigStore: android::hardware::configstore::V1_0::ISurfaceFlingerConfigs::hasHDRDisplay retrieved: 0
09-01 18:53:42.795  2404  2404 D SensorManager: framework alsps raw_data dataX=5.000305 dataY=403.0 dataZ=0.0
09-01 18:53:42.801   717   717 I ConfigStore: android::hardware::configstore::V1_0::ISurfaceFlingerConfigs::hasHDRDisplay retrieved: 0
09-01 18:53:42.804  1724  1880 I DisplayPowerController: Unblocked screen on after 277 ms
09-01 18:53:42.805  1724  2184 I DisplayPowerState: mBlockedByFingerprint = 0
09-01 18:53:42.806  2404  2417 D KeyguardViewMediator: notifyScreenTurnedOn
09-01 18:53:42.806  1724  1880 W PowerManagerService: Screen on took 285 ms
09-01 18:53:42.807  1724  2184 E DisplayPowerState: run changed=true mNightPearlManager is null! or state != Display.STATE_OFF
09-01 18:53:42.807  1724  2184 D DisplayPowerState: run normal set state ON brightness:221
09-01 18:53:42.807  1724  2184 W LightsService: setBrightness:173
09-01 18:53:42.807  1724  2881 I FingerprintWakeHook: receive 21
09-01 18:53:42.808  2404  2404 D KeyguardUpdateMonitor: handleTimeUpdate
09-01 18:53:42.809  1724  1724 W Looper  : Slow dispatch took 256ms main h=com.android.server.power.Notifier$NotifierHandler c=com.android.server.power.Notifier$1@a9cca25 m=0
09-01 18:53:42.810  1724  1724 W Looper  : Slow delivery took 286ms main h=android.os.Handler c=null m=3030
09-01 18:53:42.812  1724  2184 D FingerprintWakeHook: Display state changed to ON
09-01 18:53:42.812  1724  2184 D DisplayPowerState: run normal set state end
09-01 18:53:42.815  2404  2417 D KeyguardViewMediator: onStartedWakingUp, seq = 84
09-01 18:53:42.815  2404  2417 D KeyguardViewMediator: notifyStartedWakingUp
09-01 18:53:42.816   685  2027 W qti_sensors_hal: batch handle 21 flags 0 period_ns 20000000 timeout 0
09-01 18:53:42.816   685  2027 W qti_sensors_hal: batch:sensor(android.sensor.proximity) handle:21 flags:0x0 period_ns 20000000
09-01 18:53:42.821  1724  2184 D DisplayPowerState: run state:ON on:true backlight:173
09-01 18:53:42.828  2404  2404 D KeyguardViewMediator: handleNotifyScreenTurnedOn
09-01 18:53:42.850  2786 15405 I chatty  : uid=1000(system) Binder:2786_8 expire 8 lines
09-01 18:53:42.853   717   804 W SurfaceFlinger: Attempting to destroy on removed layer: 86b1954 VivoDisplayOverlay#0
09-01 18:53:42.857  2404  2404 D KeyguardViewMediator: handleNotifyWakingUp
09-01 18:53:42.867  1724  1724 V SettingsProvider: Notifying for 0: content://settings/system/vivo_screen_auto_brightness
09-01 18:53:42.867  2786 19010 I chatty  : uid=1000(system) com.vivo.upslide expire 1 line
09-01 18:53:42.872   685  2027 W qti_sensors_hal: batch handle 21 flags 0 period_ns 20000000 timeout 0
09-01 18:53:42.872   685  2027 W qti_sensors_hal: batch:sensor(android.sensor.proximity) handle:21 flags:0x0 period_ns 20000000
09-01 18:53:42.873  1724  1724 V SettingsProvider: Notifying for 0: content://settings/system/screen_brightness
09-01 18:53:42.873  1724  1724 I FingerprintService: sendCommand CMD_SET_INTERACTIVE:1
09-01 18:53:42.874  1106  1106 D [GF_HAL][gf_hal]: [gf_hal_send_command] enter, cmd=32517, extras=1
09-01 18:53:42.874  1106  1106 E [gf_ca_entry] : [gx_ta_send_modified_cmd_req] begin, token = 359, cmd_id = 1021
09-01 18:53:42.875  1106  1106 E libc    : Access denied finding property "gf.debug.dump_qseelog_data"
09-01 18:53:42.863  1106  1106 W fingerprint@2.1: type=1400 audit(0.0:86842): avc: denied { read } for name="u:object_r:default_prop:s0" dev="tmpfs" ino=12412 scontext=u:r:hal_fingerprint_goodix:s0 tcontext=u:object_r:default_prop:s0 tclass=file permissive=0
09-01 18:53:42.886  1106  1106 E gf_ca_entry: Qsee log info, log length=1661, logbuf index=1661, log dump level=GF_LOG_DEBUG, g_logdump_level=3
09-01 18:53:42.886  1106  1106 I gf_ca_entry: talog: D [18:48:19.200 ] [app_main][tz_app_cmd_handler] exit token 358.
09-01 18:53:42.886  1106  1106 I gf_ca_entry: talog: D [18:53:42.880 ] [app_main][tz_app_cmd_handler] CmdToken_id 359: operation_id:1, cmd_id:1021
09-01 18:53:42.886  1106  1106 I gf_ca_entry: talog: D [18:53:42.880 ] [app_main]qsee_prepare_shared_buf_for_secure_read: 0xf6050000, 32832
09-01 18:53:42.886  1106  1106 I gf_ca_entry: talog: D [18:53:42.883 ] [gf_ta] [gf_ta_invoke_cmd_entry_point] cmd_id=GF_CMD_SCREEN_ON, cmd_id_code=1021
09-01 18:53:42.886  1106  1106 I gf_ca_entry: talog: D [18:53:42.883 ] [gf_state_common][gf_state_get_current_operation] g_current_operation=OPERATION_NONE
09-01 18:53:42.886  1106  1106 I gf_ca_entry: talog: E [18:53:42.883 ] [gf_milan_hv_series][gf_milan_update_fdt_threshold_when_screen_on_off] screen_on set fdt_down_delta = 8
09-01 18:53:42.886  1106  1106 I gf_ca_entry: talog: D [18:53:42.883 ] [gf_ta] [gf_ta_screen_on] cur_operation=OPERATION_NONE, cur_operation_code=47
09-01 18:53:42.886  1106  1106 I gf_ca_entry: talog: D [18:53:42.883 ] [gf_state_common][gf_state_get_finish_flag] finish flag = 0
09-01 18:53:42.886  1106  1106 I gf_ca_entry: talog: D [18:53:42.883 ] [gf_state_common][gf_state_get_current_operation] g_current_operation=OPERATION_NONE
09-01 18:53:42.886  1106  1106 I gf_ca_entry: talog: D [18:53:42.883 ] [gf_state_common][gf_state_get_current_operation] g_current_operation=OPERATION_NONE
09-01 18:53:42.886  1106  1106 I gf_ca_entry: talog: D [18:53:42.884 ] [gf_state_common][gf_state_execute_operation] g_current_operation=OPERATION_NONE
09-01 18:53:42.886  1106  1106 I gf_ca_entry: talog: D [18:53:42.884 ] [gf_state_common][gf_state_get_current_operation] g_current_operation=OPERATION_NONE
09-01 18:53:42.886  1106  1106 I gf_ca_entry: talog: D [18:53:42.884 ] [gf_state_common][gf_state_get_current_operation] g_current_operation=OPERATION_NONE
09-01 18:53:42.886  1106  1106 I gf_ca_entry: talog: D [18:53:42.884 ] [gf_ta] [gf_ta_invoke_cmd_entry_point] mode=MODE_SLEEP, mode_code=2
09-01 18:53:42.886  1106  1106 I gf_ca_entry: talog: D [18:53:42.884 ] [gf_ta] [gf_ta_invoke_cmd_entry_point] operation=OPERATION_NONE, operation_code=47
09-01 18:53:42.886  1106  1106 I [gf_ca_entry] : [gx_ta_send_modified_cmd_req] end
09-01 18:53:42.886  1106  1106 I [gf_ca_entry] : [gf_ca_invoke_command] gx_ta_send_modified_cmd_req success
09-01 18:53:42.886  1106  1106 I [gf_ca_entry] : [gf_ca_invoke_command] ta execution succeed
09-01 18:53:42.902  1724  1724 W Looper  : Drained
09-01 18:53:42.907  1724  2364 I chatty  : uid=1000(system) SyncManager expire 1 line
09-01 18:53:42.909  1724  2364 E SyncManager: Bind attempt failed - target: ComponentInfo{com.tencent.android.qqdownloader/com.live.sync.YYBLiveSyncService}
09-01 18:53:42.968  1724  1724 I VNOILNMS: ===VNOILNMS n=0 VideoStates=false NoticeStates=false flag_red=0 flag_green=0 mScreenOn=true mNotificationPulseEnabled=true
09-01 18:53:42.973   715 10762 V AudioFlinger: setParameters(): io 0, keyvalue screen_state=on, calling pid 1724 calling uid 1000
09-01 18:53:42.973   715 10762 V AudioFlinger: setParameters: filtered keyvalue screen_state=on
09-01 18:53:42.974   671  9240 D audio_hw_primary: adev_set_parameters: enter: screen_state=on
09-01 18:53:42.974   671  9240 V voice   : voice_set_parameters: enter: screen_state=on
09-01 18:53:42.974   671  9240 V compress_voip: voice_extn_compress_voip_set_parameters: enter: screen_state=on
09-01 18:53:42.974   671  9240 D audio_hw_extn: audio_extn_set_anc_parameters: anc_enabled:0
09-01 18:53:42.974   671  9240 D audio_hw_spkr_prot: audio_extn_fbsp_set_parameters: Speaker protection disabled
09-01 18:53:42.979   685  2027 W qti_sensors_hal: batch handle 52 flags 0 period_ns 1000000 timeout 0
09-01 18:53:42.979   685  2027 W qti_sensors_hal: batch handle 51 flags 0 period_ns 1000000 timeout 0
09-01 18:53:42.980   685  2027 W qti_sensors_hal: activate: handle is 51, en is 1
09-01 18:53:42.993   704   704 W sensorfactory@1: type=1400 audit(0.0:86843): avc: denied { read } for name="u:object_r:default_prop:s0" dev="tmpfs" ino=12412 scontext=u:r:hal_sensorfactory_default:s0 tcontext=u:object_r:default_prop:s0 tclass=file permissive=0
09-01 18:53:42.996   704   704 E libc    : Access denied finding property "ro.product.model.bbk"
09-01 18:53:43.033   685  2027 W qti_sensors_hal: batch handle 99 flags 0 period_ns 66667000 timeout 0
09-01 18:53:43.036   685  2027 E qti_sensors_hal: AmbientLightScene notify_suspend_valid 1
09-01 18:53:43.039   685   891 E qti_sensors_hal: AmbientLightScene processResp: Received SNS_SAM_AMBIENT_LIGHT_SCENE_ENABLE_RESP_V01
09-01 18:53:43.039   685   891 E qti_sensors_hal: AmbientLightScene Got ENABLE response, instance id = 242
09-01 18:53:43.041   685   891 E qti_sensors_hal: AmbientLightScene 20 642 0
09-01 18:53:43.096  2746  2746 D AIE-Bolts-Task: New thread: BoltsBgPool-thread-3682
09-01 18:53:43.125  2746 19013 D AIE-Bolts-Task: New thread: BoltsBgPool-thread-3683
09-01 18:53:43.127  1724  1724 V SettingsProvider: Notifying for 0: content://settings/global/ble_scan_low_power_interval_ms
09-01 18:53:43.127  2746 19013 D AIE-Bolts-Task: New thread: BoltsBgPool-thread-3684
09-01 18:53:43.128  2746  2943 D BluetoothAdapter: isLeEnabled(): ON
09-01 18:53:43.132  1724  1724 V SettingsProvider: Notifying for 999: content://settings/global/ble_scan_low_power_interval_ms
09-01 18:53:43.134  2831  3985 D QtiRilInterface: instance = com.qualcomm.qti.internal.telephony.QtiRilInterface@cb768e6
09-01 18:53:43.135  3690  3702 D QcrilMsgTunnelIfaceManager: needAddWaitTime return false byte = -7
09-01 18:53:43.135  3690  3690 D QcrilMsgTunnelIfaceManager: handleMessage what = 1
09-01 18:53:43.137  3690  3690 I QcrilOemhookMsgTunnel: [0]invokeOemRilRequestRaw: serial=1550 length=25
09-01 18:53:43.137  3690  3690 D QcrilOemhookMsgTunnel: 1550 > OEM_HOOK_RAW[514f454d484f4f4bf901080009000000017472756500000000]
09-01 18:53:43.137  3690  3690 D QcrilOemhookMsgTunnel: Calling HIDL oemHookRawRequest
09-01 18:53:43.139  6559  7158 D BtGatt.GattService: registerScanner() - UUID=f9afce25-b36d-4630-97c0-9585590f85b4
09-01 18:53:43.141  3690  3711 I QcrilOemhookMsgTunnel: [0]processOemHookResponse serial no: 1550 error: 0length=12
09-01 18:53:43.141  3690  3711 D QcrilOemhookMsgTunnel: [1550] < OEM_HOOK_RAW [[B@59ee96a]
09-01 18:53:43.141  3690  3711 D QcrilOemhookMsgTunnel: { id=3416 when=-2d10h25m58s116ms what=2 obj=com.qualcomm.qcrilmsgtunnel.QcrilMsgTunnelIfaceManager$MessageRequest@1c3de5b target=com.qualcomm.qcrilmsgtunnel.QcrilMsgTunnelIfaceManager$1 }
09-01 18:53:43.142  6559  6852 I bt_stack: [INFO:gatt_api.cc(949)] GATT_Register77f31519-e443-697a-fc13-2e9115499e87
09-01 18:53:43.142  6559  6852 I bt_stack: [INFO:gatt_api.cc(969)] allocated gatt_if=6
09-01 18:53:43.142  6559  6738 D BtGatt.GattService: onScannerRegistered() - UUID=f9afce25-b36d-4630-97c0-9585590f85b4, scannerId=6, status=0
09-01 18:53:43.142  3690  3690 D QcrilMsgTunnelIfaceManager: handleMessage what = 2
09-01 18:53:43.142  2746  1530 D BluetoothLeScanner: onScannerRegistered() - status=0 scannerId=6 mScannerId=0
09-01 18:53:43.143  1724  1724 V SettingsProvider: Notifying for 0: content://settings/global/ble_scan_low_power_window_ms
09-01 18:53:43.143  1724  1724 V SettingsProvider: Notifying for 999: content://settings/global/ble_scan_low_power_window_ms
09-01 18:53:43.143  6559  7158 D BluetoothAdapterService: getAdapterService() - returning com.android.bluetooth.btservice.AdapterService@3a194d9
09-01 18:53:43.143  6559  7158 D BtGatt.GattService: start scan with filters callingPackage: com.vivo.aiengine
09-01 18:53:43.144   685   685 W qti_sensors_hal: batch handle 41 flags 0 period_ns 200000000 timeout 0
09-01 18:53:43.144   685   685 W qti_sensors_hal: activate: handle is 41, en is 1
09-01 18:53:43.151  6559  6811 D BtGatt.ScanManager: handling starting scan
09-01 18:53:43.153  2831  5938 D QtiRilInterface: instance = com.qualcomm.qti.internal.telephony.QtiRilInterface@cb768e6
09-01 18:53:43.153   685  2027 W qti_sensors_hal: activate: handle is 41, en is 0
09-01 18:53:43.154  6559  6811 D BtGatt.ScanManager: isAptXLowLatencyModeEnabled: false
09-01 18:53:43.154  3690  3702 D QcrilMsgTunnelIfaceManager: needAddWaitTime return false byte = -7
09-01 18:53:43.154  3690  3690 D QcrilMsgTunnelIfaceManager: handleMessage what = 1
09-01 18:53:43.157  3690  3690 I QcrilOemhookMsgTunnel: [1]invokeOemRilRequestRaw: serial=1551 length=25
09-01 18:53:43.157  3690  3690 D QcrilOemhookMsgTunnel: 1551 > OEM_HOOK_RAW[514f454d484f4f4bf901080009000000017472756500000000]
09-01 18:53:43.157  3690  3690 D QcrilOemhookMsgTunnel: Calling HIDL oemHookRawRequest
09-01 18:53:43.158   672   672 D vendor.qti.bluetooth@1.0-ibs_handler: SerialClockVote: vote for UART CLK ON
09-01 18:53:43.161   672   672 D vendor.qti.bluetooth@1.0-wake_lock: Acquire wakelock is acquired
09-01 18:53:43.161   672   672 I vendor.qti.bluetooth@1.0-ibs_handler: DeviceWakeUp: Writing IBS_WAKE_IND
09-01 18:53:43.163  3690  3711 I QcrilOemhookMsgTunnel: [1]processOemHookResponse serial no: 1551 error: 0length=12
09-01 18:53:43.163  3690  3711 D QcrilOemhookMsgTunnel: [1551] < OEM_HOOK_RAW [[B@38796f8]
09-01 18:53:43.163  3690  3711 D QcrilOemhookMsgTunnel: { id=3419 when=-2d10h25m58s137ms what=2 obj=com.qualcomm.qcrilmsgtunnel.QcrilMsgTunnelIfaceManager$MessageRequest@c8b07d1 target=com.qualcomm.qcrilmsgtunnel.QcrilMsgTunnelIfaceManager$1 }
09-01 18:53:43.163  3690  3690 D QcrilMsgTunnelIfaceManager: handleMessage what = 2
09-01 18:53:43.166   672  6843 I vendor.qti.bluetooth@1.0-ibs_handler: ProcessIbsCmd: Received IBS_WAKE_ACK: 0xFC
09-01 18:53:43.167   672  6843 I vendor.qti.bluetooth@1.0-ibs_handler: ProcessIbsCmd: Received IBS_WAKE_IND: 0xFD
09-01 18:53:43.167   672  6843 I vendor.qti.bluetooth@1.0-ibs_handler: ProcessIbsCmd: Writing IBS_WAKE_ACK
09-01 18:53:43.168  6559  6738 D BtGatt.GattService: onScanFilterEnableDisabled() - clientIf=6, status=0, action=1
09-01 18:53:43.168  6559  6738 D BtGatt.ScanManager: callback done for scannerId - 6 status - 0
09-01 18:53:43.169  1724  5458 I chatty  : uid=1000(system) IzatProvider expire 11 lines
09-01 18:53:43.171  6559  6738 D BtGatt.GattService: onScanFilterConfig() - clientIf=6, action = 0 status = 0, filterType=2, availableSpace=31
09-01 18:53:43.171  6559  6738 D BtGatt.ScanManager: callback done for scannerId - 6 status - 0
09-01 18:53:43.171   692   692 V LocSvc_HIDL_IzatSubscription: [screenStatusUpdate][571] [HS] <<<<= [HC]
09-01 18:53:43.171  6559  6811 D BtGatt.ScanManager: configureFilterParamter 500 10000 1 0, deliveryMode=0
09-01 18:53:43.174  6559  6738 D BtGatt.GattService: onScanFilterParamsConfigured() - clientIf=6, status=0, action=0, availableSpace=15
09-01 18:53:43.174  6559  6738 D BtGatt.ScanManager: callback done for scannerId - 6 status - 0
09-01 18:53:43.178  6559  6738 D BtGatt.GattService: onScanFilterConfig() - clientIf=6, action = 0 status = 0, filterType=2, availableSpace=30
09-01 18:53:43.179  6559  6738 D BtGatt.ScanManager: callback done for scannerId - 6 status - 0
09-01 18:53:43.179  6559  6811 D BtGatt.ScanManager: configureFilterParamter 500 10000 1 0, deliveryMode=0
09-01 18:53:43.183  6559  6738 D BtGatt.GattService: onScanFilterParamsConfigured() - clientIf=6, status=0, action=0, availableSpace=14
09-01 18:53:43.183  6559  6738 D BtGatt.ScanManager: callback done for scannerId - 6 status - 0
09-01 18:53:43.186  1724  5715 I chatty  : uid=1000(system) NetworkMonitorN expire 8 lines
09-01 18:53:43.186  6559  6738 D BtGatt.GattService: onScanFilterConfig() - clientIf=6, action = 0 status = 0, filterType=2, availableSpace=29
09-01 18:53:43.186  6559  6738 D BtGatt.ScanManager: callback done for scannerId - 6 status - 0
09-01 18:53:43.187  6559  6811 D BtGatt.ScanManager: configureFilterParamter 500 10000 1 0, deliveryMode=0
09-01 18:53:43.191  6559  6738 D BtGatt.GattService: onScanFilterParamsConfigured() - clientIf=6, status=0, action=0, availableSpace=13
09-01 18:53:43.191  6559  6738 D BtGatt.ScanManager: callback done for scannerId - 6 status - 0
09-01 18:53:43.194  6559  6738 D BtGatt.GattService: onScanFilterConfig() - clientIf=6, action = 0 status = 0, filterType=2, availableSpace=28
09-01 18:53:43.194  6559  6738 D BtGatt.ScanManager: callback done for scannerId - 6 status - 0
09-01 18:53:43.194  6559  6811 D BtGatt.ScanManager: configureFilterParamter 500 10000 1 0, deliveryMode=0
09-01 18:53:43.196  6559  6738 D BtGatt.GattService: onScanFilterParamsConfigured() - clientIf=6, status=0, action=0, availableSpace=12
09-01 18:53:43.196  6559  6738 D BtGatt.ScanManager: callback done for scannerId - 6 status - 0
09-01 18:53:43.196  6559  6811 D BtGatt.ScanManager: configureRegularScanParams - queue=2
09-01 18:53:43.196  6559  6811 D BtGatt.ScanManager: configureRegularScanParams - ScanSetting LE 1M Scan mode=0ScanSetting LE Coded Scan mode=0 mLastConfiguredScanSettingLE1M=-1 mLastConfiguredScanSettingLECoded=-1scanPhy=255
09-01 18:53:43.196  1724  2082 I chatty  : uid=1000(system) WifiScanningSer expire 16 lines
09-01 18:53:43.200  6559  6811 D BtGatt.ScanManager: configureRegularScanParams - scanInterval LE 1M = 1100configureRegularScanParams - scanWindow LE 1M= 110configureRegularScanParams - scanInterval LE Coded= 1100configureRegularScanParams - scanWindow LE Coded= 110
09-01 18:53:43.201  6559  6738 D BtGatt.GattService: onScanParamSetupCompleted : 0
09-01 18:53:43.234  6559  6559 D BtOppService: action : android.intent.action.SCREEN_ON
09-01 18:53:43.248   672  6843 I vendor.qti.bluetooth@1.0-ibs_handler: ProcessIbsCmd: Received IBS_SLEEP_IND: 0xFE
09-01 18:53:43.253  2715  2715 D DPMJ    : |SERVICE| DPM received action android.intent.action.SCREEN_ON
09-01 18:53:43.253  2715  2715 I DPMJ    : |SERVICE| sendScreenState: state: true
09-01 18:53:43.303  3775  6101 D BluetoothAdapter: isLeEnabled(): ON
09-01 18:53:43.304   685   884 W qti_sensors_hal: processInd: angle direction: [0]: 2.000000 [1]: 0.941596 [2]: 30.858547 [3]: 0.000000 [4]: 0.000000 [5]: 0.000000 ts: 605737847659192
09-01 18:53:43.307  6559  7158 D BtGatt.GattService: registerScanner() - UUID=9c858061-59aa-4402-ba09-d13efe75d771
09-01 18:53:43.308  6559  6852 I bt_stack: [INFO:gatt_api.cc(949)] GATT_Register30df71c3-7b03-9619-747a-e2a36119ac4f
09-01 18:53:43.308  6559  6852 I bt_stack: [INFO:gatt_api.cc(969)] allocated gatt_if=7
09-01 18:53:43.308  6559  6738 D BtGatt.GattService: onScannerRegistered() - UUID=9c858061-59aa-4402-ba09-d13efe75d771, scannerId=7, status=0
09-01 18:53:43.309  3775  4148 D BluetoothLeScanner: onScannerRegistered() - status=0 scannerId=7 mScannerId=0
09-01 18:53:43.309  6559  7158 D BluetoothAdapterService: getAdapterService() - returning com.android.bluetooth.btservice.AdapterService@3a194d9
09-01 18:53:43.309  6559  7158 D BtGatt.GattService: start scan with filters callingPackage: com.google.android.gms
09-01 18:53:43.313  6559  6811 D BtGatt.ScanManager: handling starting scan
09-01 18:53:43.317  6559  6811 D BtGatt.ScanManager: isAptXLowLatencyModeEnabled: false
09-01 18:53:43.320   672  6843 I vendor.qti.bluetooth@1.0-ibs_handler: ProcessIbsCmd: Received IBS_WAKE_IND: 0xFD
09-01 18:53:43.320   672  6843 I vendor.qti.bluetooth@1.0-ibs_handler: ProcessIbsCmd: Writing IBS_WAKE_ACK
09-01 18:53:43.322  3775  6101 I BeaconBle: Client requested scan, settings=BleSettings [scanMode=LOW_LATENCY, callbackType=ALL_MATCHES, reportDelayMillis=0, 6 filters, 1 clients, callingClientName=Nearby]
09-01 18:53:43.323  6559  6738 D BtGatt.GattService: onScanFilterEnableDisabled() - clientIf=7, status=0, action=1
09-01 18:53:43.323  6559  6738 D BtGatt.ScanManager: callback done for scannerId - 7 status - 0
09-01 18:53:43.324   685   884 W qti_sensors_hal: processInd: angle direction: [0]: 2.000000 [1]: 0.941596 [2]: 30.858547 [3]: 0.000000 [4]: 0.000000 [5]: 0.000000 ts: 605737866915784
09-01 18:53:43.329 11965 11965 D EventBus: No subscribers registered for event class com.iqoo.secure.common.a.d
09-01 18:53:43.329 11965 11965 D EventBus: No subscribers registered for event class org.greenrobot.eventbus.i
09-01 18:53:43.330  6559  6738 D BtGatt.GattService: onScanFilterConfig() - clientIf=7, action = 0 status = 0, filterType=6, availableSpace=31
09-01 18:53:43.330  6559  6738 D BtGatt.ScanManager: callback done for scannerId - 7 status - 0
09-01 18:53:43.330  6559  6811 D BtGatt.ScanManager: configureFilterParamter 500 10000 1 0, deliveryMode=0
09-01 18:53:43.333  6559  6738 D BtGatt.GattService: onScanFilterParamsConfigured() - clientIf=7, status=0, action=0, availableSpace=11
09-01 18:53:43.333  6559  6738 D BtGatt.ScanManager: callback done for scannerId - 7 status - 0
09-01 18:53:43.333  6559  6811 D BtGatt.ScanManager: configureRegularScanParams - queue=3
09-01 18:53:43.334  6559  6811 D BtGatt.ScanManager: configureRegularScanParams - ScanSetting LE 1M Scan mode=1ScanSetting LE Coded Scan mode=1 mLastConfiguredScanSettingLE1M=0 mLastConfiguredScanSettingLECoded=0scanPhy=255
09-01 18:53:43.335  6559  6811 D BtGatt.ScanManager: configureRegularScanParams - scanInterval LE 1M = 730configureRegularScanParams - scanWindow LE 1M= 183configureRegularScanParams - scanInterval LE Coded= 730configureRegularScanParams - scanWindow LE Coded= 183
09-01 18:53:43.335  6559  6738 D BtGatt.GattService: onScanParamSetupCompleted : 0
09-01 18:53:43.340  3775  6101 I BeaconBle: Stopping scan on delegate scanner. BT state: 12
09-01 18:53:43.340  3775  6101 D BluetoothAdapter: isLeEnabled(): ON
09-01 18:53:43.341  6559 19932 D BtGatt.GattService: stopScan() - queue size =3
09-01 18:53:43.342   685   884 W qti_sensors_hal: processInd: angle direction: [0]: 2.000000 [1]: 0.941596 [2]: 30.858547 [3]: 0.000000 [4]: 0.000000 [5]: 0.000000 ts: 605737886447034
09-01 18:53:43.343  6559 19932 D BtGatt.GattService: unregisterScanner() - scannerId=5
09-01 18:53:43.344  3775  6101 I BeaconBle: Resetting - new scanner available: true
09-01 18:53:43.346  3775  6101 I BeaconBle: 'L' hardware scan: 6 filters, scanMode=2, reportdelay=0, callback type=1, #clients=1, workSource=WorkSource{10478 com.google.android.gms}
09-01 18:53:43.346  1724  2922 I PackageManager: ### pkg:Package{53af151 com.vivo.safecenter}
09-01 18:53:43.347  1724  1852 D ActivityManager: StartMode packageName = com.vivo.safecenter ,callingPid = -1 ,alwaysRestrict = true ,startMode = 2 ,UidRec:UidRecord{5eb4958 u0a15 SVC  idle procs:1 seq(0,0,0)}
09-01 18:53:43.348  3775  6101 I BeaconBle: Starting scan on OS scanner. BT state: 12
09-01 18:53:43.349  3775  6101 D BluetoothAdapter: isLeEnabled(): ON
09-01 18:53:43.353  6559 19932 D BtGatt.GattService: registerScanner() - UUID=24cb2399-bcce-4ddc-b666-bc0c470eed7a
09-01 18:53:43.354  6559  6852 I bt_stack: [INFO:gatt_api.cc(949)] GATT_Register873c5b4d-38ab-f8b0-2f7b-b61c67b157e7
09-01 18:53:43.354  6559  6852 I bt_stack: [INFO:gatt_api.cc(969)] allocated gatt_if=5
09-01 18:53:43.354  6559  6738 D BtGatt.GattService: onScannerRegistered() - UUID=24cb2399-bcce-4ddc-b666-bc0c470eed7a, scannerId=5, status=0
09-01 18:53:43.354  3775  4148 D BluetoothLeScanner: onScannerRegistered() - status=0 scannerId=5 mScannerId=0
09-01 18:53:43.359  6559 19932 D BluetoothAdapterService: getAdapterService() - returning com.android.bluetooth.btservice.AdapterService@3a194d9
09-01 18:53:43.359  6559 19932 D BtGatt.GattService: start scan with filters callingPackage: com.google.android.gms
09-01 18:53:43.362   685   884 W qti_sensors_hal: processInd: angle direction: [0]: 2.000000 [1]: 0.941596 [2]: 30.858547 [3]: 0.000000 [4]: 0.000000 [5]: 0.000000 ts: 605737905856214
09-01 18:53:43.371  6559  6811 D BtGatt.ScanManager: handling starting scan
09-01 18:53:43.372  6559  6811 D BtGatt.ScanManager: isAptXLowLatencyModeEnabled: false
09-01 18:53:43.383  6559  6738 D BtGatt.GattService: onScanFilterEnableDisabled() - clientIf=5, status=0, action=1
09-01 18:53:43.383  6559  6738 D BtGatt.ScanManager: callback done for scannerId - 5 status - 0
09-01 18:53:43.383   685   884 W qti_sensors_hal: processInd: angle direction: [0]: 2.000000 [1]: 0.941596 [2]: 30.858547 [3]: 0.000000 [4]: 0.000000 [5]: 0.000000 ts: 605737925265394
09-01 18:53:43.390  6559  6738 D BtGatt.GattService: onScanFilterConfig() - clientIf=5, action = 0 status = 0, filterType=5, availableSpace=31
09-01 18:53:43.390  6559  6738 D BtGatt.ScanManager: callback done for scannerId - 5 status - 0
09-01 18:53:43.390  6559  6811 D BtGatt.ScanManager: configureFilterParamter 500 10000 1 0, deliveryMode=0
09-01 18:53:43.393  6559  6738 D BtGatt.GattService: onScanFilterParamsConfigured() - clientIf=5, status=0, action=0, availableSpace=10
09-01 18:53:43.394  6559  6738 D BtGatt.ScanManager: callback done for scannerId - 5 status - 0
09-01 18:53:43.398  6559  6738 D BtGatt.GattService: onScanFilterConfig() - clientIf=5, action = 0 status = 0, filterType=2, availableSpace=27
09-01 18:53:43.398  6559  6738 D BtGatt.ScanManager: callback done for scannerId - 5 status - 0
09-01 18:53:43.399  6559  6811 D BtGatt.ScanManager: configureFilterParamter 500 10000 1 0, deliveryMode=0
09-01 18:53:43.409 13152 13224 I chatty  : uid=1000(system) Local_Activity_ expire 1 line
09-01 18:53:43.410   685   884 W qti_sensors_hal: processInd: angle direction: [0]: 2.000000 [1]: 0.941596 [2]: 30.858547 [3]: 0.000000 [4]: 0.000000 [5]: 0.000000 ts: 605737944674573
09-01 18:53:43.410  6559  6738 D BtGatt.GattService: onScanFilterParamsConfigured() - clientIf=5, status=0, action=0, availableSpace=9
09-01 18:53:43.410  6559  6738 D BtGatt.ScanManager: callback done for scannerId - 5 status - 0
09-01 18:53:43.413  6559  6738 D BtGatt.GattService: onScanFilterConfig() - clientIf=5, action = 0 status = 0, filterType=2, availableSpace=26
09-01 18:53:43.413  6559  6738 D BtGatt.ScanManager: callback done for scannerId - 5 status - 0
09-01 18:53:43.413  6559  6811 D BtGatt.ScanManager: configureFilterParamter 500 10000 1 0, deliveryMode=0
09-01 18:53:43.416  6559  6738 D BtGatt.GattService: onScanFilterParamsConfigured() - clientIf=5, status=0, action=0, availableSpace=8
09-01 18:53:43.416  6559  6738 D BtGatt.ScanManager: callback done for scannerId - 5 status - 0
09-01 18:53:43.419  6559  6738 D BtGatt.GattService: onScanFilterConfig() - clientIf=5, action = 0 status = 0, filterType=5, availableSpace=30
09-01 18:53:43.419  6559  6738 D BtGatt.ScanManager: callback done for scannerId - 5 status - 0
09-01 18:53:43.419  6559  6811 D BtGatt.ScanManager: configureFilterParamter 500 10000 1 0, deliveryMode=0
09-01 18:53:43.420   685   884 W qti_sensors_hal: processInd: angle direction: [0]: 2.000000 [1]: 0.941596 [2]: 30.858547 [3]: 0.000000 [4]: 0.000000 [5]: 0.000000 ts: 605737964083753
09-01 18:53:43.422  6559  6738 D BtGatt.GattService: onScanFilterParamsConfigured() - clientIf=5, status=0, action=0, availableSpace=7
09-01 18:53:43.422  6559  6738 D BtGatt.ScanManager: callback done for scannerId - 5 status - 0
09-01 18:53:43.425  6559  6738 D BtGatt.GattService: onScanFilterConfig() - clientIf=5, action = 0 status = 0, filterType=5, availableSpace=29
09-01 18:53:43.425  6559  6738 D BtGatt.ScanManager: callback done for scannerId - 5 status - 0
09-01 18:53:43.425  6559  6811 D BtGatt.ScanManager: configureFilterParamter 500 10000 1 0, deliveryMode=0
09-01 18:53:43.427  6559  6738 D BtGatt.GattService: onScanFilterParamsConfigured() - clientIf=5, status=0, action=0, availableSpace=6
09-01 18:53:43.427  6559  6738 D BtGatt.ScanManager: callback done for scannerId - 5 status - 0
09-01 18:53:43.429  6559  6738 D BtGatt.GattService: onScanFilterConfig() - clientIf=5, action = 0 status = 0, filterType=2, availableSpace=25
09-01 18:53:43.429  6559  6738 D BtGatt.ScanManager: callback done for scannerId - 5 status - 0
09-01 18:53:43.429  6559  6811 D BtGatt.ScanManager: configureFilterParamter 500 10000 1 0, deliveryMode=0
09-01 18:53:43.430  6559  6738 D BtGatt.GattService: onScanFilterParamsConfigured() - clientIf=5, status=0, action=0, availableSpace=5
09-01 18:53:43.430  6559  6738 D BtGatt.ScanManager: callback done for scannerId - 5 status - 0
09-01 18:53:43.430  6559  6811 D BtGatt.ScanManager: configureRegularScanParams - queue=3
09-01 18:53:43.430  6559  6811 D BtGatt.ScanManager: configureRegularScanParams - ScanSetting LE 1M Scan mode=2ScanSetting LE Coded Scan mode=2 mLastConfiguredScanSettingLE1M=1 mLastConfiguredScanSettingLECoded=1scanPhy=255
09-01 18:53:43.436  6559  6811 D BtGatt.ScanManager: configureRegularScanParams - scanInterval LE 1M = 4096configureRegularScanParams - scanWindow LE 1M= 4096configureRegularScanParams - scanInterval LE Coded= 4096configureRegularScanParams - scanWindow LE Coded= 4096
09-01 18:53:43.437  6559  6738 D BtGatt.GattService: onScanParamSetupCompleted : 0
09-01 18:53:43.440   685   884 W qti_sensors_hal: processInd: angle direction: [0]: 2.000000 [1]: 0.941596 [2]: 30.858547 [3]: 0.000000 [4]: 0.000000 [5]: 0.000000 ts: 605737983462415
09-01 18:53:43.472  1724  1853 V WindowOrientationListener: in onTouchEndLocked. proposedRotation=0, oldProposedRotation=0
09-01 18:53:43.483   672  6843 I vendor.qti.bluetooth@1.0-ibs_handler: ProcessIbsCmd: Received IBS_SLEEP_IND: 0xFE
09-01 18:53:43.486 10614 10614 D StandbyModeManager: onReceive action: android.intent.action.SCREEN_ON
09-01 18:53:43.486 10614 10614 D MSF.C.QuickSendManager: sendQuickHeartBeat, timeout = 2000
09-01 18:53:43.487 10614 10614 D MSF.C.DeepSleepDetector: [hasInDeepSleep] result: false, bgTime: 3279879, mCount: 54, interval: 60000
09-01 18:53:43.487 10614 10614 D MSF.C.DeepSleepDetector: onScreenOn hasInDeepSleep false
09-01 18:53:43.487 10614 10787 D MSF.C.NetConnTag.true: msf can not get ssid
09-01 18:53:43.487 10614 10787 D MSF.C.NetConnTag.true: msf can not get ssid
09-01 18:53:43.488 10614 10787 D MSF.C.NetConnTag.true: encodeRequest cmd: Heartbeat.Ping, with version = 10, AppId = 537129683
09-01 18:53:43.488 10614 10787 D MSF.C.NetConnTag.true: pa ok: 63605
09-01 18:53:43.488 10614 10787 D MSF.C.NetConnTag.DualConnContext.true: tryDualConn
09-01 18:53:43.489 10614 10787 D MSF.C.NetConnTag.true: netSend ssoSeq:63605 uin:0 cmd:AiYxJi46IDs+bQA9ND8 63806 1f7efbc socketEngineID: 0 socket: 33025980
09-01 18:53:43.490 10614 10614 D MSF.C.LogManager: onReceive broadcastreceiver.action = android.intent.action.SCREEN_ON
09-01 18:53:43.511 10614 23712 D MSF.C.NetConnTag.true: netRecv ssoSeq:63605 uin:0 cmd:AiYxJi46IDs+bQA9ND8 63686 cross:0 socketEngineID: 0 socket: 33025980
09-01 18:53:43.511 10614 23712 D MSF.C.QuickSendManager: recv Quick heart resp.now conn is alive.
09-01 18:53:43.538   685   884 W qti_sensors_hal: processInd: angle direction: [0]: 3.000000 [1]: -4.238494 [2]: 53.015312 [3]: 0.000000 [4]: 0.000000 [5]: 0.000000 ts: 605738080477796
09-01 18:53:43.556   685   884 W qti_sensors_hal: processInd: angle direction: [0]: 3.000000 [1]: -4.238494 [2]: 53.015312 [3]: 0.000000 [4]: 0.000000 [5]: 0.000000 ts: 605738099886976
09-01 18:53:43.575   685   884 W qti_sensors_hal: processInd: angle direction: [0]: 3.000000 [1]: -4.238494 [2]: 53.015312 [3]: 0.000000 [4]: 0.000000 [5]: 0.000000 ts: 605738119296155
09-01 18:53:43.595   685   884 W qti_sensors_hal: processInd: angle direction: [0]: 3.000000 [1]: -4.238494 [2]: 53.015312 [3]: 0.000000 [4]: 0.000000 [5]: 0.000000 ts: 605738138674817
09-01 18:53:43.598   715 10762 V AudioFlinger: setParameters(): io 0, keyvalue screen_state=on, calling pid 1724 calling uid 1000
09-01 18:53:43.598   715 10762 V AudioFlinger: setParameters: filtered keyvalue screen_state=on
09-01 18:53:43.598   671  9240 D audio_hw_primary: adev_set_parameters: enter: screen_state=on
09-01 18:53:43.598   671  9240 V voice   : voice_set_parameters: enter: screen_state=on
09-01 18:53:43.598   671  9240 V compress_voip: voice_extn_compress_voip_set_parameters: enter: screen_state=on
09-01 18:53:43.598   671  9240 D audio_hw_extn: audio_extn_set_anc_parameters: anc_enabled:0
09-01 18:53:43.599   671  9240 D audio_hw_spkr_prot: audio_extn_fbsp_set_parameters: Speaker protection disabled
09-01 18:53:43.614   685   884 W qti_sensors_hal: processInd: angle direction: [0]: 3.000000 [1]: -4.238494 [2]: 53.015312 [3]: 0.000000 [4]: 0.000000 [5]: 0.000000 ts: 605738158083997
