09-01 18:52:24.804 18853 18853 I ding:backgroun:   at void android.os.Looper.loop() (Looper.java:224)
09-01 18:52:24.804 18853 18853 I ding:backgroun:   at void android.app.ActivityThread.main(java.lang.String[]) (ActivityThread.java:7042)
09-01 18:52:24.804 18853 18853 I ding:backgroun:   at java.lang.Object java.lang.reflect.Method.invoke(java.lang.Object, java.lang.Object[]) (Method.java:-2)
09-01 18:52:24.804 18853 18853 I ding:backgroun:   at void com.android.internal.os.RuntimeInit$MethodAndArgsCaller.run() (RuntimeInit.java:536)
09-01 18:52:24.804 18853 18853 I ding:backgroun:   at void com.android.internal.os.ZygoteInit.main(java.lang.String[]) (ZygoteInit.java:868)
09-01 18:52:24.804 18853 18853 I ding:backgroun:
09-01 18:52:24.805 18853 18853 I ding:backgroun: Rejecting re-init on previously-failed class java.lang.Class<com.google.android.finsky.cloudsearch.PlayCloudSearchService>: java.lang.NoClassDefFoundError: Failed resolution of: Landroid/service/cloudsearch/CloudSearchService;
09-01 18:52:24.805 18853 18853 I ding:backgroun:   at void gej.h(android.content.Context, ggd) (PG:3)
09-01 18:52:24.805 18853 18853 I ding:backgroun:   at void fsy.j() (PG:12)
09-01 18:52:24.805 18853 18853 I ding:backgroun:   at void fsy.onCreate() (PG:3)
09-01 18:52:24.805 18853 18853 I ding:backgroun:   at void android.app.Instrumentation.callApplicationOnCreate(android.app.Application) (Instrumentation.java:1158)
09-01 18:52:24.805 18853 18853 I ding:backgroun:   at void android.app.ActivityThread.handleBindApplication(android.app.ActivityThread$AppBindData) (ActivityThread.java:6200)
09-01 18:52:24.805 18853 18853 I ding:backgroun:   at void android.app.ActivityThread.access$1200(android.app.ActivityThread, android.app.ActivityThread$AppBindData) (ActivityThread.java:236)
09-01 18:52:24.805 18853 18853 I ding:backgroun:   at void android.app.ActivityThread$H.handleMessage(android.os.Message) (ActivityThread.java:1851)
09-01 18:52:24.805 18853 18853 I ding:backgroun:   at void android.os.Handler.dispatchMessage(android.os.Message) (Handler.java:106)
09-01 18:52:24.805 18853 18853 I ding:backgroun:   at void android.os.Looper.loop() (Looper.java:224)
09-01 18:52:24.805 18853 18853 I ding:backgroun:   at void android.app.ActivityThread.main(java.lang.String[]) (ActivityThread.java:7042)
09-01 18:52:24.805 18853 18853 I ding:backgroun:   at java.lang.Object java.lang.reflect.Method.invoke(java.lang.Object, java.lang.Object[]) (Method.java:-2)
09-01 18:52:24.805 18853 18853 I ding:backgroun:   at void com.android.internal.os.RuntimeInit$MethodAndArgsCaller.run() (RuntimeInit.java:536)
09-01 18:52:24.805 18853 18853 I ding:backgroun:   at void com.android.internal.os.ZygoteInit.main(java.lang.String[]) (ZygoteInit.java:868)
09-01 18:52:24.805 18853 18853 I ding:backgroun: Caused by: java.lang.ClassNotFoundException: Didn't find class "android.service.cloudsearch.CloudSearchService" on path: DexPathList[[zip file "/system/framework/org.apache.http.legacy.boot.jar", zip file "/data/app/com.android.vending-UGXt_uZM_cti5FaUfzTPAg==/base.apk", zip file "/data/app/com.android.vending-UGXt_uZM_cti5FaUfzTPAg==/split_config.arm64_v8a.apk", zip file "/data/app/com.android.vending-UGXt_uZM_cti5FaUfzTPAg==/split_config.zh.apk"],nativeLibraryDirectories=[/data/app/com.android.vending-UGXt_uZM_cti5FaUfzTPAg==/lib/arm64, /data/app/com.android.vending-UGXt_uZM_cti5FaUfzTPAg==/base.apk!/lib/arm64-v8a, /data/app/com.android.vending-UGXt_uZM_cti5FaUfzTPAg==/split_config.arm64_v8a.apk!/lib/arm64-v8a, /data/app/com.android.vending-UGXt_uZM_cti5FaUfzTPAg==/split_config.zh.apk!/lib/arm64-v8a, /system/lib64]]
09-01 18:52:24.805 18853 18853 I ding:backgroun:   at java.lang.Class dalvik.system.BaseDexClassLoader.findClass(java.lang.String) (BaseDexClassLoader.java:134)
09-01 18:52:24.805 18853 18853 I ding:backgroun:   at java.lang.Class java.lang.ClassLoader.loadClass(java.lang.String, boolean) (ClassLoader.java:379)
09-01 18:52:24.805 18853 18853 I ding:backgroun:   at java.lang.Class java.lang.ClassLoader.loadClass(java.lang.String) (ClassLoader.java:312)
09-01 18:52:24.805 18853 18853 I ding:backgroun:   at void gej.h(android.content.Context, ggd) (PG:3)
09-01 18:52:24.805 18853 18853 I ding:backgroun:   at void fsy.j() (PG:12)
09-01 18:52:24.805 18853 18853 I ding:backgroun:   at void fsy.onCreate() (PG:3)
09-01 18:52:24.805 18853 18853 I ding:backgroun:   at void android.app.Instrumentation.callApplicationOnCreate(android.app.Application) (Instrumentation.java:1158)
09-01 18:52:24.805 18853 18853 I ding:backgroun:   at void android.app.ActivityThread.handleBindApplication(android.app.ActivityThread$AppBindData) (ActivityThread.java:6200)
09-01 18:52:24.805 18853 18853 I ding:backgroun:   at void android.app.ActivityThread.access$1200(android.app.ActivityThread, android.app.ActivityThread$AppBindData) (ActivityThread.java:236)
09-01 18:52:24.805 18853 18853 I ding:backgroun:   at void android.app.ActivityThread$H.handleMessage(android.os.Message) (ActivityThread.java:1851)
09-01 18:52:24.805 18853 18853 I ding:backgroun:   at void android.os.Handler.dispatchMessage(android.os.Message) (Handler.java:106)
09-01 18:52:24.805 18853 18853 I ding:backgroun:   at void android.os.Looper.loop() (Looper.java:224)
09-01 18:52:24.805 18853 18853 I ding:backgroun:   at void android.app.ActivityThread.main(java.lang.String[]) (ActivityThread.java:7042)
09-01 18:52:24.805 18853 18853 I ding:backgroun:   at java.lang.Object java.lang.reflect.Method.invoke(java.lang.Object, java.lang.Object[]) (Method.java:-2)
09-01 18:52:24.806 18853 18853 I ding:backgroun:   at void com.android.internal.os.RuntimeInit$MethodAndArgsCaller.run() (RuntimeInit.java:536)
09-01 18:52:24.806 18853 18853 I ding:backgroun:   at void com.android.internal.os.ZygoteInit.main(java.lang.String[]) (ZygoteInit.java:868)
09-01 18:52:24.806 18853 18853 I ding:backgroun:
09-01 18:52:24.806 18853 18853 I ding:backgroun: Rejecting re-init on previously-failed class java.lang.Class<com.google.android.finsky.cloudsearch.PlayCloudSearchService>: java.lang.NoClassDefFoundError: Failed resolution of: Landroid/service/cloudsearch/CloudSearchService;
09-01 18:52:24.806 18853 18853 I ding:backgroun:   at void gej.h(android.content.Context, ggd) (PG:3)
09-01 18:52:24.806 18853 18853 I ding:backgroun:   at void fsy.j() (PG:12)
09-01 18:52:24.806 18853 18853 I ding:backgroun:   at void fsy.onCreate() (PG:3)
09-01 18:52:24.806 18853 18853 I ding:backgroun:   at void android.app.Instrumentation.callApplicationOnCreate(android.app.Application) (Instrumentation.java:1158)
09-01 18:52:24.806 18853 18853 I ding:backgroun:   at void android.app.ActivityThread.handleBindApplication(android.app.ActivityThread$AppBindData) (ActivityThread.java:6200)
09-01 18:52:24.806 18853 18853 I ding:backgroun:   at void android.app.ActivityThread.access$1200(android.app.ActivityThread, android.app.ActivityThread$AppBindData) (ActivityThread.java:236)
09-01 18:52:24.806 18853 18853 I ding:backgroun:   at void android.app.ActivityThread$H.handleMessage(android.os.Message) (ActivityThread.java:1851)
09-01 18:52:24.806 18853 18853 I ding:backgroun:   at void android.os.Handler.dispatchMessage(android.os.Message) (Handler.java:106)
09-01 18:52:24.806 18853 18853 I ding:backgroun:   at void android.os.Looper.loop() (Looper.java:224)
09-01 18:52:24.806 18853 18853 I ding:backgroun:   at void android.app.ActivityThread.main(java.lang.String[]) (ActivityThread.java:7042)
09-01 18:52:24.806 18853 18853 I ding:backgroun:   at java.lang.Object java.lang.reflect.Method.invoke(java.lang.Object, java.lang.Object[]) (Method.java:-2)
09-01 18:52:24.806 18853 18853 I ding:backgroun:   at void com.android.internal.os.RuntimeInit$MethodAndArgsCaller.run() (RuntimeInit.java:536)
09-01 18:52:24.806 18853 18853 I ding:backgroun:   at void com.android.internal.os.ZygoteInit.main(java.lang.String[]) (ZygoteInit.java:868)
09-01 18:52:24.806 18853 18853 I ding:backgroun: Caused by: java.lang.ClassNotFoundException: Didn't find class "android.service.cloudsearch.CloudSearchService" on path: DexPathList[[zip file "/system/framework/org.apache.http.legacy.boot.jar", zip file "/data/app/com.android.vending-UGXt_uZM_cti5FaUfzTPAg==/base.apk", zip file "/data/app/com.android.vending-UGXt_uZM_cti5FaUfzTPAg==/split_config.arm64_v8a.apk", zip file "/data/app/com.android.vending-UGXt_uZM_cti5FaUfzTPAg==/split_config.zh.apk"],nativeLibraryDirectories=[/data/app/com.android.vending-UGXt_uZM_cti5FaUfzTPAg==/lib/arm64, /data/app/com.android.vending-UGXt_uZM_cti5FaUfzTPAg==/base.apk!/lib/arm64-v8a, /data/app/com.android.vending-UGXt_uZM_cti5FaUfzTPAg==/split_config.arm64_v8a.apk!/lib/arm64-v8a, /data/app/com.android.vending-UGXt_uZM_cti5FaUfzTPAg==/split_config.zh.apk!/lib/arm64-v8a, /system/lib64]]
09-01 18:52:24.806 18853 18853 I ding:backgroun:   at java.lang.Class dalvik.system.BaseDexClassLoader.findClass(java.lang.String) (BaseDexClassLoader.java:134)
09-01 18:52:24.806 18853 18853 I ding:backgroun:   at java.lang.Class java.lang.ClassLoader.loadClass(java.lang.String, boolean) (ClassLoader.java:379)
09-01 18:52:24.806 18853 18853 I ding:backgroun:   at java.lang.Class java.lang.ClassLoader.loadClass(java.lang.String) (ClassLoader.java:312)
09-01 18:52:24.806 18853 18853 I ding:backgroun:   at void gej.h(android.content.Context, ggd) (PG:3)
09-01 18:52:24.806 18853 18853 I ding:backgroun:   at void fsy.j() (PG:12)
09-01 18:52:24.806 18853 18853 I ding:backgroun:   at void fsy.onCreate() (PG:3)
09-01 18:52:24.806 18853 18853 I ding:backgroun:   at void android.app.Instrumentation.callApplicationOnCreate(android.app.Application) (Instrumentation.java:1158)
09-01 18:52:24.806 18853 18853 I ding:backgroun:   at void android.app.ActivityThread.handleBindApplication(android.app.ActivityThread$AppBindData) (ActivityThread.java:6200)
09-01 18:52:24.806 18853 18853 I ding:backgroun:   at void android.app.ActivityThread.access$1200(android.app.ActivityThread, android.app.ActivityThread$AppBindData) (ActivityThread.java:236)
09-01 18:52:24.806 18853 18853 I ding:backgroun:   at void android.app.ActivityThread$H.handleMessage(android.os.Message) (ActivityThread.java:1851)
09-01 18:52:24.806 18853 18853 I ding:backgroun:   at void android.os.Handler.dispatchMessage(android.os.Message) (Handler.java:106)
09-01 18:52:24.806 18853 18853 I ding:backgroun:   at void android.os.Looper.loop() (Looper.java:224)
09-01 18:52:24.806 18853 18853 I ding:backgroun:   at void android.app.ActivityThread.main(java.lang.String[]) (ActivityThread.java:7042)
09-01 18:52:24.806 18853 18853 I ding:backgroun:   at java.lang.Object java.lang.reflect.Method.invoke(java.lang.Object, java.lang.Object[]) (Method.java:-2)
09-01 18:52:24.806 18853 18853 I ding:backgroun:   at void com.android.internal.os.RuntimeInit$MethodAndArgsCaller.run() (RuntimeInit.java:536)
09-01 18:52:24.806 18853 18853 I ding:backgroun:   at void com.android.internal.os.ZygoteInit.main(java.lang.String[]) (ZygoteInit.java:868)
09-01 18:52:24.806 18853 18853 I ding:backgroun:
09-01 18:52:24.902 18853 18853 I Finsky:background: [2] pys.d(20): Finished reading experiment flags from file [0tGUNCGIkbk4o6-fQ335kUYSKwVj4lusnHT-A5Dsy08].
09-01 18:52:24.909 18853 18853 I Finsky:background: [2] pys.d(20): Finished reading experiment flags from file [Se-xCc4LzNyh3UrKMIU2sUf-PUKz4oQEbpKZDMuaFno].
09-01 18:52:24.935 18853 18853 I Finsky:background: [2] mjz.onCreate(2): IPC-SERVER: Starting gRPC host service...
09-01 18:52:24.976  1724  1724 D NotificationService: handleSavePolicyFile
09-01 18:52:24.999  1724  1724 D NotificationService: handleSavePolicyFile
09-01 18:52:25.003  1724 14407 D ConnectivityService: requestNetwork for uid/pid:10477/18853 NetworkRequest [ TRACK_DEFAULT id=1116, [ Capabilities: INTERNET&NOT_RESTRICTED&TRUSTED Unwanted:  Uid: 10477] ]
09-01 18:52:25.004  2831  2831 D PhoneSwitcherNetworkRequstListener: got request NetworkRequest [ TRACK_DEFAULT id=1116, [ Capabilities: INTERNET&NOT_RESTRICTED&TRUSTED Unwanted:  Uid: 10477] ] with score 60
09-01 18:52:25.004  1724  2084 D ConnectivityService: isWifiPoorLink:false, nai.everValidated:true, networkType:1, networkDetailedState:CONNECTED, nai.isLingering():false, unneeded(nai, UnneededFor.TEARDOWN):false
09-01 18:52:25.075 18853 18878 I Finsky:background: [7968] itn.f(1): getDownloads()
09-01 18:52:25.082 18764 18813 I Finsky  : [7982] ivz.g(1): getDownloads()
09-01 18:52:25.084 18853 18878 I Finsky:background: [7968] itn.f(1): getDownloads()
09-01 18:52:25.091 18764 18840 I Finsky  : [8006] ldw.run(8): Installer: Installer starting
09-01 18:52:25.099 18764 18840 I Finsky  : [8006] ldw.run(11): Installer: Installer started
09-01 18:52:25.108 18764 18764 I Finsky  : [2] hfo.a(1): DL: Creating dataloader logger using a new logging context.
09-01 18:52:25.122 18764 18764 I Finsky  : [2] lhd.S(7): Installer: found apps to install. isMultiUserMode=true, apps=[]
09-01 18:52:25.144 18764 18879 I Finsky  : [8020] lkp.a(79): IV2: found recoverable installs: []
09-01 18:52:25.174 18764 18813 I Finsky  : [7982] ktn.accept(13): IQ::GIV2: Cleaned group install for GIV2 experiment change
09-01 18:52:25.195 18764 18882 I Finsky  : [8023] lqj.z(1): IQ: Pruning inactive install requests
09-01 18:52:25.242 18764 18764 I Finsky  : [2] tmv.a(1): Connecting InstallListener to SplitInstallService broadcaster...
09-01 18:52:28.237  1724  2619 D NtpTrustedTime: addrs[addIndex] cn.pool.ntp.org/162.159.200.123 index 1 is not in
09-01 18:52:28.237  1724  2619 D NtpTrustedTime: addrs[addIndex] cn.pool.ntp.org/193.182.111.12 index 1 is not in
09-01 18:52:28.238  1724  2619 D NtpTrustedTime: addrs[addIndex] cn.pool.ntp.org/5.79.108.34 index 1 is not in
09-01 18:52:28.238  1724  2619 D NtpTrustedTime: addrs[addIndex] cn.pool.ntp.org/78.46.102.180 index 1 is not in
09-01 18:52:28.449  1724  2619 D NtpTrustedTime: addrs[addIndex] asia.pool.ntp.org/144.24.146.96 index 2 is not in
09-01 18:52:28.449  1724  2619 D NtpTrustedTime: addrs[addIndex] asia.pool.ntp.org/192.46.215.60 index 2 is not in
09-01 18:52:28.449  1724  2619 D NtpTrustedTime: addrs[addIndex] asia.pool.ntp.org/192.46.211.253 index 2 is not in
09-01 18:52:28.449  1724  2619 D NtpTrustedTime: addrs[addIndex] asia.pool.ntp.org/59.103.236.10 index 2 is not in
09-01 18:52:28.546 18764 18783 I android.vendin: Waiting for a blocking GC ProfileSaver
09-01 18:52:28.623 18764 18783 I android.vendin: WaitForGcToComplete blocked ProfileSaver on AddRemoveAppImageSpace for 76.678ms
09-01 18:52:29.766 18853 18869 I ding:backgroun: Waiting for a blocking GC ProfileSaver
09-01 18:52:29.898 18853 18869 I ding:backgroun: WaitForGcToComplete blocked ProfileSaver on AddRemoveAppImageSpace for 132.114ms
09-01 18:52:34.112 18764 18815 I Finsky  : [7983] fqm.run(14): Initializing the instant apps module.
09-01 18:52:34.157 18764 18799 I Finsky  : [7973] ijw.c(68): System was updated or GL extensions were already cached.
09-01 18:52:34.169 18764 18799 I Finsky  : [7973] qef.h(1): Triggered update for experiment package com.google.android.finsky.regular.
09-01 18:52:34.216 18764 18791 I SnapshotHandler: Unable to retrieve flag snapshot for com.google.android.gms.phenotype, using defaults.
09-01 18:52:34.222 18764 18890 E PhenotypeCombinedFlags: Config package com.google.android.gms.phenotype cannot use PROCESS_STABLE backing without declarative registration. See go/phenotype-android-integration#phenotype for more information. This will lead to stale flags.
09-01 18:52:34.245 18764 18890 I chatty  : uid=10477(com.android.vending) ProcessStablePh identical 3 lines
09-01 18:52:34.264 18764 18890 E PhenotypeCombinedFlags: Config package com.google.android.gms.phenotype cannot use PROCESS_STABLE backing without declarative registration. See go/phenotype-android-integration#phenotype for more information. This will lead to stale flags.
09-01 18:52:34.307 18764 18813 I Finsky  : [7982] zeh.b(1): Restoring notifications
09-01 18:52:34.312 18764 18815 I Finsky  : [7983] pvp.n(8): Invalidating cached PackageState for com.android.vending
09-01 18:52:34.329 18764 18813 I Finsky  : [7982] zeh.b(4): Done restoring notifications
09-01 18:52:34.357 18764 18890 E PhenotypeCombinedFlags: Config package com.google.android.gms.phenotype cannot use PROCESS_STABLE backing without declarative registration. See go/phenotype-android-integration#phenotype for more information. This will lead to stale flags.
09-01 18:52:34.361  1724  3767 W PackageManager: setEnabledSetting  packageName:com.android.vending className:com.google.android.finsky.wearsupport.WearSupportService newState:2 userId:0 callingPackage:null
09-01 18:52:34.361 18764 18815 I Finsky  : [7983] fqm.run(35): Component class com.google.android.finsky.wearsupport.WearSupportService disabled via PackageManager.
09-01 18:52:34.362  1724  3767 W PackageManager: setEnabledSetting  packageName:com.android.vending className:com.google.android.finsky.wearsupport.WearChangeListenerService newState:2 userId:0 callingPackage:null
09-01 18:52:34.362 18764 18890 E PhenotypeCombinedFlags: Config package com.google.android.gms.phenotype cannot use PROCESS_STABLE backing without declarative registration. See go/phenotype-android-integration#phenotype for more information. This will lead to stale flags.
09-01 18:52:34.364 18764 18890 E PhenotypeCombinedFlags: Config package com.google.android.gms.phenotype cannot use PROCESS_STABLE backing without declarative registration. See go/phenotype-android-integration#phenotype for more information. This will lead to stale flags.
09-01 18:52:34.364 18764 18815 I Finsky  : [7983] fqm.run(35): Component class com.google.android.finsky.wearsupport.WearChangeListenerService disabled via PackageManager.
09-01 18:52:34.365 18764 18890 E PhenotypeCombinedFlags: Config package com.google.android.gms.phenotype cannot use PROCESS_STABLE backing without declarative registration. See go/phenotype-android-integration#phenotype for more information. This will lead to stale flags.
09-01 18:52:34.366 18764 18890 E PhenotypeCombinedFlags: Config package com.google.android.gms.phenotype cannot use PROCESS_STABLE backing without declarative registration. See go/phenotype-android-integration#phenotype for more information. This will lead to stale flags.
09-01 18:52:34.425 18764 18891 I Finsky  : [8029] jub.run(32): Wrote row to frosting DB: 4632
09-01 18:52:34.473 18764 18890 E PhenotypeCombinedFlags: Config package com.google.android.gms.phenotype cannot use PROCESS_STABLE backing without declarative registration. See go/phenotype-android-integration#phenotype for more information. This will lead to stale flags.
09-01 18:52:34.491 18764 18890 E PhenotypeCombinedFlags: Config package com.google.android.gms.phenotype cannot use PROCESS_STABLE backing without declarative registration. See go/phenotype-android-integration#phenotype for more information. This will lead to stale flags.
09-01 18:52:34.492 18764 18799 I Finsky  : [7973] qef.h(7): Already at the latest configurations for experiment package com.google.android.finsky.regular.
09-01 18:52:34.492 18764 18804 I Finsky  : [7978] qef.h(1): Triggered update for experiment package com.google.android.finsky.stable.
09-01 18:52:34.493 18764 18890 E PhenotypeCombinedFlags: Config package com.google.android.gms.phenotype cannot use PROCESS_STABLE backing without declarative registration. See go/phenotype-android-integration#phenotype for more information. This will lead to stale flags.
09-01 18:52:34.586 18764 18804 I Finsky  : [7978] qef.h(7): Already at the latest configurations for experiment package com.google.android.finsky.stable.
09-01 18:52:34.617 18764 18813 W Finsky  : [7982] rhv.a(5): PreloadClasses: Unable to load [androidx.compose.ui.semantics.SemanticsModifierKt$semantics$2, androidx.compose.foundation.FocusableKt$focusable$2$1, androidx.compose.foundation.FocusableKt$focusable$2$4, androidx.compose.ui.focus.FocusChangedModifierKt$onFocusChanged$2$1, androidx.compose.ui.node.ModifiedLayoutNode, androidx.compose.foundation.FocusableKt$focusable$2$1$invoke$$inlined$onDispose$1, androidx.compose.ui.node.LayoutNode$layoutChildren$1, androidx.compose.ui.node.LayoutNodeWrapper$updateLayerParameters$1, androidx.compose.ui.node.LayoutNodeWrapper$invoke$1, androidx.compose.foundation.ClickableKt$PressedInteractionSourceDisposableEffect$1$1, androidx.compose.foundation.ClickableKt$combinedClickable$4$gesture$1, androidx.compose.ui.semantics.SemanticsModifierKt$clearAndSetSemantics$2, androidx.compose.foundation.ClickableKt$clickable$4$gesture$1, androidx.compose.material.DefaultButtonElevation$elevation$1, androidx.compose.foundation.ClickableKt$PressedInteractionSourceDisposableEffect$1$1$invoke$$inlined$onDispose$1, androidx.compose.ui.text.platform.AndroidParagraph, androidx.compose.ui.text.platform.AndroidParagraph$WhenMappings, androidx.compose.ui.text.platform.AndroidParagraph$wordBoundary$2, androidx.compose.foundation.lazy.LazyListStateKt$rememberLazyListState$1, androidx.compose.foundation.lazy.LazyListScopeImpl$items$1, androidx.compose.foundation.lazy.LazyListKt$LazyList$2, androidx.compose.foundation.lazy.LazyListScopeImpl$items$1$1, androidx.compose.foundation.ClickableKt$combinedClickable$4$gesture$1$2, androidx.compose.foundation.ClickableKt$combinedClickable$4$gesture$1$3, androidx.compose.foundation.ClickableKt$combinedClickable$4$gesture$1$4, androidx.compose.foundation.ClickableKt$clickable$4$gesture$1$2, androidx.compose.foundation.gestures.TapGestureDetectorKt$awaitFirstDown$1, androidx.compose.material.DefaultButtonElevation$elevation$1$invokeSuspend$$inlined$collect$1]
09-01 18:52:35.158 18853 18853 I Finsky:background: [2] mjz.onDestroy(8): IPC-SERVER: Stopping gRPC host service...
09-01 18:52:35.227 18764 18764 I Finsky  : [2] svq.run(23): Detected restoreservicev2://recovery not needed, will not run
09-01 18:52:35.257 18764 18898 I Finsky  : [8034] aelw.c(2): registerListener
09-01 18:52:35.258 18764 18898 I Finsky  : [8034] ivz.g(1): getDownloads()
09-01 18:52:35.297 18853 18853 I Finsky:background: [2] mjz.onCreate(2): IPC-SERVER: Starting gRPC host service...
09-01 18:52:35.298 18764 18898 I Finsky  : [8034] rl.run(15): Initialized AssetModuleDownloader.
09-01 18:52:35.310 18853 18878 I Finsky:background: [7968] itn.f(1): getDownloads()
09-01 18:52:37.746  2404  2404 D KeyguardUpdateMonitor: received broadcast android.intent.action.BATTERY_CHANGED
09-01 18:52:37.747  2404  2404 D KeyguardUpdateMonitor: handleBatteryUpdate
09-01 18:52:37.753  2831  2831 D QtiCarrierConfigHelper: WARNING, no carrier configs on phone Id: 0
09-01 18:52:37.754   692   692 V LocSvc_HIDL_IzatSubscription: [batteryLevelUpdate][777] [HS] <<<<= [HC]
09-01 18:52:37.757  2765  3264 I chatty  : uid=1000(system) NightPearlSubTh expire 55 lines
09-01 18:52:37.757  2765  2765 I chatty  : uid=1000(system) com.vivo.daemonService expire 60 lines
09-01 18:52:37.780  2404  2404 D KeyguardUpdateMonitor: received broadcast android.intent.action.BATTERY_CHANGED
09-01 18:52:37.781  2404  2404 D KeyguardUpdateMonitor: handleBatteryUpdate
09-01 18:52:37.785  2831  2831 D QtiCarrierConfigHelper: WARNING, no carrier configs on phone Id: 0
09-01 18:52:37.788   692   692 V LocSvc_HIDL_IzatSubscription: [batteryLevelUpdate][777] [HS] <<<<= [HC]
09-01 18:52:37.791  2404  2404 D KeyguardUpdateMonitor: received broadcast android.intent.action.BATTERY_CHANGED
09-01 18:52:37.791  2404  2404 D KeyguardUpdateMonitor: handleBatteryUpdate
09-01 18:52:37.797  2831  2831 D QtiCarrierConfigHelper: WARNING, no carrier configs on phone Id: 0
09-01 18:52:37.798   692   692 V LocSvc_HIDL_IzatSubscription: [batteryLevelUpdate][777] [HS] <<<<= [HC]
09-01 18:52:37.789  1724  1836 I chatty  : uid=1000(system) HwBinder:1724_1 identical 2 lines
09-01 18:52:37.820  1724  5458 I chatty  : uid=1000(system) IzatProvider expire 21 lines
09-01 18:52:37.821  2831  2831 D QtiCarrierConfigHelper: WARNING, no carrier configs on phone Id: 0
09-01 18:52:37.824   692   692 V LocSvc_HIDL_IzatSubscription: [batteryLevelUpdate][777] [HS] <<<<= [HC]
09-01 18:52:37.824  1724  1724 I chatty  : uid=1000 system_server expire 24 lines
09-01 18:52:37.829  2404  2404 D KeyguardUpdateMonitor: received broadcast android.intent.action.BATTERY_CHANGED
09-01 18:52:37.830  2404  2404 D KeyguardUpdateMonitor: received broadcast android.intent.action.BATTERY_CHANGED
09-01 18:52:37.830  2404  2404 D KeyguardUpdateMonitor: handleBatteryUpdate
09-01 18:52:37.831  2831  2831 D QtiCarrierConfigHelper: WARNING, no carrier configs on phone Id: 0
09-01 18:52:37.831  2404  2404 D KeyguardUpdateMonitor: handleBatteryUpdate
09-01 18:52:37.834   692   692 V LocSvc_HIDL_IzatSubscription: [batteryLevelUpdate][777] [HS] <<<<= [HC]
09-01 18:52:37.856  2404  2404 D KeyguardUpdateMonitor: received broadcast android.intent.action.BATTERY_CHANGED
09-01 18:52:37.856  2404  2404 D KeyguardUpdateMonitor: handleBatteryUpdate
09-01 18:52:37.860  2831  2831 D QtiCarrierConfigHelper: WARNING, no carrier configs on phone Id: 0
09-01 18:52:37.864  2786  2786 I chatty  : uid=1000(system) com.vivo.upslide expire 11 lines
09-01 18:52:37.866   692   692 V LocSvc_HIDL_IzatSubscription: [batteryLevelUpdate][777] [HS] <<<<= [HC]
09-01 18:52:37.869  2831  2831 D QtiCarrierConfigHelper: WARNING, no carrier configs on phone Id: 0
09-01 18:52:37.869   692   692 V LocSvc_HIDL_IzatSubscription: [batteryLevelUpdate][777] [HS] <<<<= [HC]
09-01 18:52:37.870  2404  2404 D KeyguardUpdateMonitor: received broadcast android.intent.action.BATTERY_CHANGED
09-01 18:52:37.873  2404  2404 D KeyguardUpdateMonitor: handleBatteryUpdate
09-01 18:52:37.882  2404  2404 D KeyguardUpdateMonitor: received broadcast android.intent.action.BATTERY_CHANGED
09-01 18:52:37.882  2831  2831 D QtiCarrierConfigHelper: WARNING, no carrier configs on phone Id: 0
09-01 18:52:37.883   692   692 V LocSvc_HIDL_IzatSubscription: [batteryLevelUpdate][777] [HS] <<<<= [HC]
09-01 18:52:37.883  2404  2404 D KeyguardUpdateMonitor: handleBatteryUpdate
09-01 18:52:38.384 10614 10746 D MemoryCeilingMonitor: [handleMemoryCalculate]
09-01 18:52:38.384 10614 10746 D MemoryCeilingMonitor: [calculate] tot: 3387797, max: 268435456, free: 748581, heap: 2639216, per: 0.009831845760345459
09-01 18:52:39.163 18764 18815 E Finsky  : [7983] fch.accept(17): GMS compliance query failed.
09-01 18:52:39.163 18764 18815 E Finsky  : com.google.common.util.concurrent.TimeoutFuture$TimeoutFutureException: Timed out (timeout delayed by 12 ms after scheduled time): agzq@c8ea1cc[status=PENDING, setFuture=[chq@dcf3c15[status=PENDING, info=[tag=[abvr@2c92b2a]]]]]
09-01 18:52:45.369 18853 18853 I Finsky:background: [2] mjz.onDestroy(8): IPC-SERVER: Stopping gRPC host service...
09-01 18:52:46.056  2404  2404 D KeyguardUpdateMonitor: received broadcast android.intent.action.BATTERY_CHANGED
09-01 18:52:46.057  2404  2404 D KeyguardUpdateMonitor: handleBatteryUpdate
09-01 18:52:46.062  2831  2831 D QtiCarrierConfigHelper: WARNING, no carrier configs on phone Id: 0
09-01 18:52:46.062  4221  4221 I chatty  : uid=1000(system) com.vivo.floatingball:floating expire 10 lines
09-01 18:52:46.062   692   692 V LocSvc_HIDL_IzatSubscription: [batteryLevelUpdate][777] [HS] <<<<= [HC]
09-01 18:52:46.062  2746  2746 D AIE-Bolts-Task: New thread: BoltsBgPool-thread-3680
09-01 18:52:46.133  1724  1861 D KernelUidCpuTimeReader: Removing uids 99045-99045
09-01 18:52:48.688  1724  3767 I chatty  : uid=1000(system) Binder:1724_11 expire 19 lines
09-01 18:52:52.007  1724  2895 W ActivityManager: Unable to start service Intent { act=android.security.IKeyChainService cmp=com.android.keychain/.KeyChainService } U=999: not found
09-01 18:52:52.009  2404 18903 I SecurityController: java.lang.AssertionError: could not bind to KeyChainService
09-01 18:52:53.841  2404  2404 D KeyguardUpdateMonitor: received broadcast android.intent.action.BATTERY_CHANGED
09-01 18:52:53.842  2404  2404 D KeyguardUpdateMonitor: handleBatteryUpdate
09-01 18:52:53.851  2831  2831 D QtiCarrierConfigHelper: WARNING, no carrier configs on phone Id: 0
09-01 18:52:53.853   692   692 V LocSvc_HIDL_IzatSubscription: [batteryLevelUpdate][777] [HS] <<<<= [HC]
09-01 18:52:54.218  1724  2038 I chatty  : uid=1000(system) AlarmManager expire 13 lines
09-01 18:52:54.285 18764 18764 I Finsky  : [2] ski.onStartJob(4): SCH: job service start with id 9347.
09-01 18:52:54.315 18764 18830 I Finsky  : [7996] six.a(92): SCH: Satisfied jobs for 9347 are: 29-29
09-01 18:52:54.317 18764 18846 I Finsky  : [8011] sck.accept(46): SCH: Job 29-29 starting
09-01 18:52:54.325 18764 18905 I Finsky  : [8036] xke.d(0): ProcessRecoveryLogsUtil: No files in recovery directory
09-01 18:52:54.327 18764 18905 I Finsky  : [8036] sis.r(4): SCH: jobFinished: 29-29. TimeElapsed: 8ms.
09-01 18:52:54.364 18764 18815 I Finsky  : [7983] rtc.accept(26): SCH: Scheduling phonesky job Id: 26-1414141414, CT: 1662029544525, Constraints: [{ L: 43200000, D: 44100000, C: 1, I: 1, N: 0 }]
09-01 18:52:54.378 18764 18813 I Finsky  : [7982] scl.apply(62): SCH: Scheduling 1 system job(s)
09-01 18:52:54.379 18764 18813 I Finsky  : [7982] scl.apply(68): SCH: Scheduling system job Id: 9349, L: 43170147, D: 44070147, C: false, I: false, N: 0
09-01 18:52:54.397 18764 18846 I Finsky  : [8011] ski.a(16): SCH: job service finished with id 9347.
09-01 18:52:55.651  1724  1852 D ActivityManager: StartMode packageName = com.bbk.appstore ,callingPid = -1 ,alwaysRestrict = true ,startMode = 2 ,UidRec:UidRecord{bed717f u0a98 CEM  bg:+49m16s566ms idle change:cached procs:2 seq(0,0,0)}
09-01 18:52:55.675  1724  1852 I chatty  : uid=1000(system) ActivityManager expire 13 lines
09-01 18:52:55.903 20054 20054 W v-imm-upload: type=1400 audit(0.0:86838): avc: denied { read } for name="u:object_r:vendor_default_prop:s0" dev="tmpfs" ino=12510 scontext=u:r:platform_app:s0:c512,c768 tcontext=u:object_r:vendor_default_prop:s0 tclass=file permissive=0
09-01 18:52:55.831 20054 18910 I MMKV    : <MMKV.cpp:554::clearAll> cleaning all key-values from [auto_update_success_records]
09-01 18:52:55.835 20054 18910 I MMKV    : <MMKV.cpp:591::clearMemoryState> clearMemoryState [auto_update_success_records]
09-01 18:52:55.836 20054 18910 I MMKV    : <MMKV.cpp:335::loadFromFile> loading [auto_update_success_records] with 0 size in total, file size is 4096, InterProcess 0
09-01 18:52:55.836 20054 18910 I MMKV    : <MMKV.cpp:380::loadFromFile> loaded [auto_update_success_records] with 0 values
09-01 18:52:55.912 20054 18921 E libc    : Access denied finding property "ro.vendor.vivo.serialno"
09-01 18:52:56.134 20054 18918 D EventBus: No subscribers registered for event class com.bbk.appstore.g.o
09-01 18:52:56.135 20054 18918 D EventBus: No subscribers registered for event class org.greenrobot.eventbus.h
09-01 18:52:56.156 20054 18918 E SQLiteLog: (1) no such column: extra_param4
09-01 18:52:56.349 20054 18918 W MessageQueue: Handler (com.bbk.appstore.x.a) {57d840b} sending message to a Handler on a dead thread
09-01 18:52:56.349 20054 18918 W MessageQueue: java.lang.IllegalStateException: Handler (com.bbk.appstore.x.a) {57d840b} sending message to a Handler on a dead thread
09-01 18:52:56.349 20054 18918 W MessageQueue: 	at android.os.MessageQueue.enqueueMessage(MessageQueue.java:550)
09-01 18:52:56.349 20054 18918 W MessageQueue: 	at android.os.Handler.enqueueMessage(Handler.java:745)
09-01 18:52:56.349 20054 18918 W MessageQueue: 	at android.os.Handler.sendMessageAtTime(Handler.java:697)
09-01 18:52:56.349 20054 18918 W MessageQueue: 	at com.bbk.appstore.x.a.sendMessageAtTime(SourceFile:5)
09-01 18:52:56.349 20054 18918 W MessageQueue: 	at android.os.Handler.sendMessageDelayed(Handler.java:667)
09-01 18:52:56.349 20054 18918 W MessageQueue: 	at android.os.Handler.post(Handler.java:395)
09-01 18:52:56.349 20054 18918 W MessageQueue: 	at com.bbk.appstore.download.speed.SpeedMonitor.reportSpeed(SourceFile:3)
09-01 18:52:56.349 20054 18918 W MessageQueue: 	at com.bbk.appstore.download.speed.SpeedMonitor.endWork(SourceFile:6)
09-01 18:52:56.349 20054 18918 W MessageQueue: 	at com.bbk.appstore.download.DownloadHandler.dequeueDownload(SourceFile:6)
09-01 18:52:56.349 20054 18918 W MessageQueue: 	at com.bbk.appstore.download.DownloadThread.run(SourceFile:26)
09-01 18:52:56.561 20054 18949 D EventBus: No subscribers registered for event class com.bbk.appstore.g.o
09-01 18:52:56.561 20054 18949 D EventBus: No subscribers registered for event class org.greenrobot.eventbus.h
09-01 18:52:56.572 20054 18949 E SQLiteLog: (1) no such column: extra_param4
09-01 18:52:56.662 20054 18949 W MessageQueue: Handler (com.bbk.appstore.x.a) {57d840b} sending message to a Handler on a dead thread
09-01 18:52:56.662 20054 18949 W MessageQueue: java.lang.IllegalStateException: Handler (com.bbk.appstore.x.a) {57d840b} sending message to a Handler on a dead thread
09-01 18:52:56.662 20054 18949 W MessageQueue: 	at android.os.MessageQueue.enqueueMessage(MessageQueue.java:550)
09-01 18:52:56.662 20054 18949 W MessageQueue: 	at android.os.Handler.enqueueMessage(Handler.java:745)
09-01 18:52:56.662 20054 18949 W MessageQueue: 	at android.os.Handler.sendMessageAtTime(Handler.java:697)
09-01 18:52:56.662 20054 18949 W MessageQueue: 	at com.bbk.appstore.x.a.sendMessageAtTime(SourceFile:5)
09-01 18:52:56.662 20054 18949 W MessageQueue: 	at android.os.Handler.sendMessageDelayed(Handler.java:667)
09-01 18:52:56.662 20054 18949 W MessageQueue: 	at android.os.Handler.post(Handler.java:395)
09-01 18:52:56.662 20054 18949 W MessageQueue: 	at com.bbk.appstore.download.speed.SpeedMonitor.reportSpeed(SourceFile:3)
09-01 18:52:56.662 20054 18949 W MessageQueue: 	at com.bbk.appstore.download.speed.SpeedMonitor.endWork(SourceFile:6)
09-01 18:52:56.662 20054 18949 W MessageQueue: 	at com.bbk.appstore.download.DownloadHandler.dequeueDownload(SourceFile:6)
09-01 18:52:56.662 20054 18949 W MessageQueue: 	at com.bbk.appstore.download.DownloadThread.run(SourceFile:26)
09-01 18:52:56.823 20054 18956 D EventBus: No subscribers registered for event class com.bbk.appstore.g.o
09-01 18:52:56.823 20054 18956 D EventBus: No subscribers registered for event class org.greenrobot.eventbus.h
09-01 18:52:56.843 20054 18956 E SQLiteLog: (1) no such column: extra_param4
09-01 18:52:56.954 20054 18956 W MessageQueue: Handler (com.bbk.appstore.x.a) {57d840b} sending message to a Handler on a dead thread
09-01 18:52:56.954 20054 18956 W MessageQueue: java.lang.IllegalStateException: Handler (com.bbk.appstore.x.a) {57d840b} sending message to a Handler on a dead thread
09-01 18:52:56.954 20054 18956 W MessageQueue: 	at android.os.MessageQueue.enqueueMessage(MessageQueue.java:550)
09-01 18:52:56.954 20054 18956 W MessageQueue: 	at android.os.Handler.enqueueMessage(Handler.java:745)
09-01 18:52:56.954 20054 18956 W MessageQueue: 	at android.os.Handler.sendMessageAtTime(Handler.java:697)
09-01 18:52:56.954 20054 18956 W MessageQueue: 	at com.bbk.appstore.x.a.sendMessageAtTime(SourceFile:5)
09-01 18:52:56.954 20054 18956 W MessageQueue: 	at android.os.Handler.sendMessageDelayed(Handler.java:667)
09-01 18:52:56.954 20054 18956 W MessageQueue: 	at android.os.Handler.post(Handler.java:395)
09-01 18:52:56.954 20054 18956 W MessageQueue: 	at com.bbk.appstore.download.speed.SpeedMonitor.reportSpeed(SourceFile:3)
09-01 18:52:56.954 20054 18956 W MessageQueue: 	at com.bbk.appstore.download.speed.SpeedMonitor.endWork(SourceFile:6)
09-01 18:52:56.954 20054 18956 W MessageQueue: 	at com.bbk.appstore.download.DownloadHandler.dequeueDownload(SourceFile:6)
09-01 18:52:56.954 20054 18956 W MessageQueue: 	at com.bbk.appstore.download.DownloadThread.run(SourceFile:26)
09-01 18:52:57.159 20054 18963 W System.err: com.vivo.ic.channelunit.verify.ApkSignatureSchemeV2Verifier$SignatureNotFoundException: No APK Signing Block before ZIP Central Directory
09-01 18:52:57.178 20054 18963 W System.err: 	at com.vivo.ic.channelunit.verify.ApkSignatureSchemeV2Verifier.findApkValueBlock(SourceFile:36)
09-01 18:52:57.179 20054 18963 W System.err: 	at com.vivo.ic.channelreader.V2ChannelReader.getIDValueOffset(SourceFile:9)
09-01 18:52:57.179 20054 18963 W System.err: 	at com.vivo.ic.channelreader.V2ChannelReader.readChannl(SourceFile:1)
09-01 18:52:57.179 20054 18963 W System.err: 	at com.vivo.ic.channelreader.ChannelReaderUtil.readChannel(SourceFile:6)
09-01 18:52:57.179 20054 18963 W System.err: 	at com.bbk.appstore.utils.Bc$c.a(SourceFile:21)
09-01 18:52:57.179 20054 18963 W System.err: 	at com.bbk.appstore.utils.Bc$c.a(SourceFile:5)
09-01 18:52:57.179 20054 18963 W System.err: 	at com.bbk.appstore.download.DownloadUrlParserUtil$DownloadUpdateParser.parseData(SourceFile:37)
09-01 18:52:57.179 20054 18963 W System.err: 	at com.bbk.appstore.download.DownloadUrlParserUtil$1.onSuccess(SourceFile:2)
09-01 18:52:57.179 20054 18963 W System.err: 	at com.bbk.appstore.net.y.run(SourceFile:1)
09-01 18:52:57.179 20054 18963 W System.err: 	at com.bbk.appstore.net.F.a(SourceFile:102)
09-01 18:52:57.179 20054 18963 W System.err: 	at com.bbk.appstore.net.F.b(SourceFile:11)
09-01 18:52:57.179 20054 18963 W System.err: 	at com.bbk.appstore.net.F.a(SourceFile:78)
09-01 18:52:57.180 20054 18963 W System.err: 	at com.bbk.appstore.net.F.a(SourceFile:45)
09-01 18:52:57.180 20054 18963 W System.err: 	at com.bbk.appstore.net.F.b(SourceFile:7)
09-01 18:52:57.180 20054 18963 W System.err: 	at com.bbk.appstore.download.DownloadUrlParserUtil.getDownloadInfo(SourceFile:11)
09-01 18:52:57.180 20054 18963 W System.err: 	at com.bbk.appstore.download.DownloadBury.downloadParser(SourceFile:22)
09-01 18:52:57.180 20054 18963 W System.err: 	at com.bbk.appstore.download.DownloadUtilImpl.onDownloadParser(SourceFile:1)
09-01 18:52:57.180 20054 18963 W System.err: 	at com.bbk.appstore.download.utils.DownloadUtil.onDownloadParser(SourceFile:3)
09-01 18:52:57.180 20054 18963 W System.err: 	at com.bbk.appstore.download.DownloadThread.run(SourceFile:10)
09-01 18:52:57.187 20054 18963 W System.err: com.vivo.ic.channelunit.verify.ApkSignatureSchemeV2Verifier$SignatureNotFoundException: No APK Signing Block before ZIP Central Directory
09-01 18:52:57.188 20054 18963 W System.err: 	at com.vivo.ic.channelunit.verify.ApkSignatureSchemeV2Verifier.findApkValueBlock(SourceFile:36)
09-01 18:52:57.188 20054 18963 W System.err: 	at com.vivo.ic.channelreader.V2ChannelReader.getIDValueOffset(SourceFile:9)
09-01 18:52:57.189 20054 18963 W System.err: 	at com.vivo.ic.channelreader.V2ChannelReader.readChannl(SourceFile:1)
09-01 18:52:57.189 20054 18963 W System.err: 	at com.vivo.ic.channelreader.ChannelReaderUtil.readChannel(SourceFile:6)
09-01 18:52:57.189 20054 18963 W System.err: 	at com.bbk.appstore.utils.Bc$c.a(SourceFile:21)
09-01 18:52:57.189 20054 18963 W System.err: 	at com.bbk.appstore.utils.Bc$c.a(SourceFile:5)
09-01 18:52:57.189 20054 18963 W System.err: 	at com.bbk.appstore.download.DownloadUrlParserUtil$DownloadUpdateParser.parseData(SourceFile:44)
09-01 18:52:57.189 20054 18963 W System.err: 	at com.bbk.appstore.download.DownloadUrlParserUtil$1.onSuccess(SourceFile:2)
09-01 18:52:57.189 20054 18963 W System.err: 	at com.bbk.appstore.net.y.run(SourceFile:1)
09-01 18:52:57.189 20054 18963 W System.err: 	at com.bbk.appstore.net.F.a(SourceFile:102)
09-01 18:52:57.189 20054 18963 W System.err: 	at com.bbk.appstore.net.F.b(SourceFile:11)
09-01 18:52:57.189 20054 18963 W System.err: 	at com.bbk.appstore.net.F.a(SourceFile:78)
09-01 18:52:57.189 20054 18963 W System.err: 	at com.bbk.appstore.net.F.a(SourceFile:45)
09-01 18:52:57.189 20054 18963 W System.err: 	at com.bbk.appstore.net.F.b(SourceFile:7)
09-01 18:52:57.189 20054 18963 W System.err: 	at com.bbk.appstore.download.DownloadUrlParserUtil.getDownloadInfo(SourceFile:11)
09-01 18:52:57.189 20054 18963 W System.err: 	at com.bbk.appstore.download.DownloadBury.downloadParser(SourceFile:22)
09-01 18:52:57.189 20054 18963 W System.err: 	at com.bbk.appstore.download.DownloadUtilImpl.onDownloadParser(SourceFile:1)
09-01 18:52:57.189 20054 18963 W System.err: 	at com.bbk.appstore.download.utils.DownloadUtil.onDownloadParser(SourceFile:3)
09-01 18:52:57.190 20054 18963 W System.err: 	at com.bbk.appstore.download.DownloadThread.run(SourceFile:10)
09-01 18:52:57.198 20054 18963 D EventBus: No subscribers registered for event class com.bbk.appstore.g.o
09-01 18:52:57.198 20054 18963 D EventBus: No subscribers registered for event class org.greenrobot.eventbus.h
09-01 18:52:57.224 20054 18963 E SQLiteLog: (1) no such column: extra_param4
09-01 18:52:57.360 20054 18963 W MessageQueue: Handler (com.bbk.appstore.x.a) {57d840b} sending message to a Handler on a dead thread
09-01 18:52:57.360 20054 18963 W MessageQueue: java.lang.IllegalStateException: Handler (com.bbk.appstore.x.a) {57d840b} sending message to a Handler on a dead thread
09-01 18:52:57.360 20054 18963 W MessageQueue: 	at android.os.MessageQueue.enqueueMessage(MessageQueue.java:550)
09-01 18:52:57.360 20054 18963 W MessageQueue: 	at android.os.Handler.enqueueMessage(Handler.java:745)
09-01 18:52:57.360 20054 18963 W MessageQueue: 	at android.os.Handler.sendMessageAtTime(Handler.java:697)
09-01 18:52:57.360 20054 18963 W MessageQueue: 	at com.bbk.appstore.x.a.sendMessageAtTime(SourceFile:5)
09-01 18:52:57.360 20054 18963 W MessageQueue: 	at android.os.Handler.sendMessageDelayed(Handler.java:667)
09-01 18:52:57.360 20054 18963 W MessageQueue: 	at android.os.Handler.post(Handler.java:395)
09-01 18:52:57.360 20054 18963 W MessageQueue: 	at com.bbk.appstore.download.speed.SpeedMonitor.reportSpeed(SourceFile:3)
09-01 18:52:57.360 20054 18963 W MessageQueue: 	at com.bbk.appstore.download.speed.SpeedMonitor.endWork(SourceFile:6)
09-01 18:52:57.360 20054 18963 W MessageQueue: 	at com.bbk.appstore.download.DownloadHandler.dequeueDownload(SourceFile:6)
09-01 18:52:57.360 20054 18963 W MessageQueue: 	at com.bbk.appstore.download.DownloadThread.run(SourceFile:26)
09-01 18:52:57.574 20054 18970 D EventBus: No subscribers registered for event class com.bbk.appstore.g.o
09-01 18:52:57.574 20054 18970 D EventBus: No subscribers registered for event class org.greenrobot.eventbus.h
09-01 18:52:57.593 20054 18970 E SQLiteLog: (1) no such column: extra_param4
09-01 18:52:57.707 20054 18970 W MessageQueue: Handler (com.bbk.appstore.x.a) {57d840b} sending message to a Handler on a dead thread
09-01 18:52:57.707 20054 18970 W MessageQueue: java.lang.IllegalStateException: Handler (com.bbk.appstore.x.a) {57d840b} sending message to a Handler on a dead thread
09-01 18:52:57.707 20054 18970 W MessageQueue: 	at android.os.MessageQueue.enqueueMessage(MessageQueue.java:550)
09-01 18:52:57.707 20054 18970 W MessageQueue: 	at android.os.Handler.enqueueMessage(Handler.java:745)
09-01 18:52:57.707 20054 18970 W MessageQueue: 	at android.os.Handler.sendMessageAtTime(Handler.java:697)
09-01 18:52:57.707 20054 18970 W MessageQueue: 	at com.bbk.appstore.x.a.sendMessageAtTime(SourceFile:5)
09-01 18:52:57.707 20054 18970 W MessageQueue: 	at android.os.Handler.sendMessageDelayed(Handler.java:667)
09-01 18:52:57.707 20054 18970 W MessageQueue: 	at android.os.Handler.post(Handler.java:395)
09-01 18:52:57.707 20054 18970 W MessageQueue: 	at com.bbk.appstore.download.speed.SpeedMonitor.reportSpeed(SourceFile:3)
09-01 18:52:57.707 20054 18970 W MessageQueue: 	at com.bbk.appstore.download.speed.SpeedMonitor.endWork(SourceFile:6)
09-01 18:52:57.707 20054 18970 W MessageQueue: 	at com.bbk.appstore.download.DownloadHandler.dequeueDownload(SourceFile:6)
09-01 18:52:57.707 20054 18970 W MessageQueue: 	at com.bbk.appstore.download.DownloadThread.run(SourceFile:26)
09-01 18:52:57.934 20054 18978 W System.err: com.vivo.ic.channelunit.verify.ApkSignatureSchemeV2Verifier$SignatureNotFoundException: No APK Signing Block before ZIP Central Directory
09-01 18:52:57.935 20054 18978 W System.err: 	at com.vivo.ic.channelunit.verify.ApkSignatureSchemeV2Verifier.findApkValueBlock(SourceFile:36)
09-01 18:52:57.935 20054 18978 W System.err: 	at com.vivo.ic.channelreader.V2ChannelReader.getIDValueOffset(SourceFile:9)
09-01 18:52:57.935 20054 18978 W System.err: 	at com.vivo.ic.channelreader.V2ChannelReader.readChannl(SourceFile:1)
09-01 18:52:57.935 20054 18978 W System.err: 	at com.vivo.ic.channelreader.ChannelReaderUtil.readChannel(SourceFile:6)
09-01 18:52:57.935 20054 18978 W System.err: 	at com.bbk.appstore.utils.Bc$c.a(SourceFile:21)
09-01 18:52:57.935 20054 18978 W System.err: 	at com.bbk.appstore.utils.Bc$c.a(SourceFile:5)
09-01 18:52:57.935 20054 18978 W System.err: 	at com.bbk.appstore.download.DownloadUrlParserUtil$DownloadUpdateParser.parseData(SourceFile:37)
09-01 18:52:57.937 20054 18978 W System.err: 	at com.bbk.appstore.download.DownloadUrlParserUtil$1.onSuccess(SourceFile:2)
09-01 18:52:57.937 20054 18978 W System.err: 	at com.bbk.appstore.net.y.run(SourceFile:1)
09-01 18:52:57.937 20054 18978 W System.err: 	at com.bbk.appstore.net.F.a(SourceFile:102)
09-01 18:52:57.937 20054 18978 W System.err: 	at com.bbk.appstore.net.F.b(SourceFile:11)
09-01 18:52:57.937 20054 18978 W System.err: 	at com.bbk.appstore.net.F.a(SourceFile:78)
09-01 18:52:57.937 20054 18978 W System.err: 	at com.bbk.appstore.net.F.a(SourceFile:45)
09-01 18:52:57.937 20054 18978 W System.err: 	at com.bbk.appstore.net.F.b(SourceFile:7)
09-01 18:52:57.937 20054 18978 W System.err: 	at com.bbk.appstore.download.DownloadUrlParserUtil.getDownloadInfo(SourceFile:11)
09-01 18:52:57.937 20054 18978 W System.err: 	at com.bbk.appstore.download.DownloadBury.downloadParser(SourceFile:22)
09-01 18:52:57.937 20054 18978 W System.err: 	at com.bbk.appstore.download.DownloadUtilImpl.onDownloadParser(SourceFile:1)
09-01 18:52:57.937 20054 18978 W System.err: 	at com.bbk.appstore.download.utils.DownloadUtil.onDownloadParser(SourceFile:3)
09-01 18:52:57.937 20054 18978 W System.err: 	at com.bbk.appstore.download.DownloadThread.run(SourceFile:10)
09-01 18:52:57.945 20054 18978 W System.err: com.vivo.ic.channelunit.verify.ApkSignatureSchemeV2Verifier$SignatureNotFoundException: No APK Signing Block before ZIP Central Directory
09-01 18:52:57.946 20054 18978 W System.err: 	at com.vivo.ic.channelunit.verify.ApkSignatureSchemeV2Verifier.findApkValueBlock(SourceFile:36)
09-01 18:52:57.946 20054 18978 W System.err: 	at com.vivo.ic.channelreader.V2ChannelReader.getIDValueOffset(SourceFile:9)
09-01 18:52:57.946 20054 18978 W System.err: 	at com.vivo.ic.channelreader.V2ChannelReader.readChannl(SourceFile:1)
09-01 18:52:57.946 20054 18978 W System.err: 	at com.vivo.ic.channelreader.ChannelReaderUtil.readChannel(SourceFile:6)
09-01 18:52:57.946 20054 18978 W System.err: 	at com.bbk.appstore.utils.Bc$c.a(SourceFile:21)
09-01 18:52:57.946 20054 18978 W System.err: 	at com.bbk.appstore.utils.Bc$c.a(SourceFile:5)
09-01 18:52:57.946 20054 18978 W System.err: 	at com.bbk.appstore.download.DownloadUrlParserUtil$DownloadUpdateParser.parseData(SourceFile:44)
09-01 18:52:57.946 20054 18978 W System.err: 	at com.bbk.appstore.download.DownloadUrlParserUtil$1.onSuccess(SourceFile:2)
09-01 18:52:57.946 20054 18978 W System.err: 	at com.bbk.appstore.net.y.run(SourceFile:1)
09-01 18:52:57.946 20054 18978 W System.err: 	at com.bbk.appstore.net.F.a(SourceFile:102)
09-01 18:52:57.947 20054 18978 W System.err: 	at com.bbk.appstore.net.F.b(SourceFile:11)
09-01 18:52:57.947 20054 18978 W System.err: 	at com.bbk.appstore.net.F.a(SourceFile:78)
09-01 18:52:57.947 20054 18978 W System.err: 	at com.bbk.appstore.net.F.a(SourceFile:45)
09-01 18:52:57.947 20054 18978 W System.err: 	at com.bbk.appstore.net.F.b(SourceFile:7)
09-01 18:52:57.947 20054 18978 W System.err: 	at com.bbk.appstore.download.DownloadUrlParserUtil.getDownloadInfo(SourceFile:11)
09-01 18:52:57.947 20054 18978 W System.err: 	at com.bbk.appstore.download.DownloadBury.downloadParser(SourceFile:22)
09-01 18:52:57.947 20054 18978 W System.err: 	at com.bbk.appstore.download.DownloadUtilImpl.onDownloadParser(SourceFile:1)
09-01 18:52:57.947 20054 18978 W System.err: 	at com.bbk.appstore.download.utils.DownloadUtil.onDownloadParser(SourceFile:3)
09-01 18:52:57.947 20054 18978 W System.err: 	at com.bbk.appstore.download.DownloadThread.run(SourceFile:10)
09-01 18:52:57.975 20054 18978 E SQLiteLog: (1) no such column: extra_param4
09-01 18:52:58.090 20054 18978 W MessageQueue: Handler (com.bbk.appstore.x.a) {57d840b} sending message to a Handler on a dead thread
09-01 18:52:58.090 20054 18978 W MessageQueue: java.lang.IllegalStateException: Handler (com.bbk.appstore.x.a) {57d840b} sending message to a Handler on a dead thread
09-01 18:52:58.090 20054 18978 W MessageQueue: 	at android.os.MessageQueue.enqueueMessage(MessageQueue.java:550)
09-01 18:52:58.090 20054 18978 W MessageQueue: 	at android.os.Handler.enqueueMessage(Handler.java:745)
09-01 18:52:58.090 20054 18978 W MessageQueue: 	at android.os.Handler.sendMessageAtTime(Handler.java:697)
09-01 18:52:58.090 20054 18978 W MessageQueue: 	at com.bbk.appstore.x.a.sendMessageAtTime(SourceFile:5)
09-01 18:52:58.090 20054 18978 W MessageQueue: 	at android.os.Handler.sendMessageDelayed(Handler.java:667)
09-01 18:52:58.090 20054 18978 W MessageQueue: 	at android.os.Handler.post(Handler.java:395)
09-01 18:52:58.090 20054 18978 W MessageQueue: 	at com.bbk.appstore.download.speed.SpeedMonitor.reportSpeed(SourceFile:3)
09-01 18:52:58.090 20054 18978 W MessageQueue: 	at com.bbk.appstore.download.speed.SpeedMonitor.endWork(SourceFile:6)
09-01 18:52:58.090 20054 18978 W MessageQueue: 	at com.bbk.appstore.download.DownloadHandler.dequeueDownload(SourceFile:6)
09-01 18:52:58.090 20054 18978 W MessageQueue: 	at com.bbk.appstore.download.DownloadThread.run(SourceFile:26)
09-01 18:52:58.273 20054 18985 D EventBus: No subscribers registered for event class com.bbk.appstore.g.o
09-01 18:52:58.274 20054 18985 D EventBus: No subscribers registered for event class org.greenrobot.eventbus.h
09-01 18:52:58.292 20054 18985 E SQLiteLog: (1) no such column: extra_param4
