09-01 18:54:00.944 19067 19157 D NAccs.InAppConn_default:  sendMessage ready dataId:1662029640943.4 type:DATA delay:0
09-01 18:54:00.945 19067 19157 I NAccs.NotifManager:  reportThirdPushToken,dataId=1662029640943.4,regId=15880600190911619307421,type=VIVO_TOKEN
09-01 18:54:00.945 19067 19216 E NAccs.InAppConn_default:  sendMessage start dataId:1662029640943.4 type:DATA
09-01 18:54:00.945 19067 19216 D awcn.SessionCenter: |[seq:umeng:546d7dd7fd98c58fc800082c] getInternal u:https://umengacs.m.taobao.com sessionType:LongLink timeout:10000
09-01 18:54:00.946 19067 19216 D awcn.StrategyCenter:  getSchemeByHost host:umengacs.m.taobao.com scheme:https
09-01 18:54:00.946 19067 19216 D awcn.SessionCenter: |[seq:umeng:546d7dd7fd98c58fc800082c] get internal hit cache session session:Session@[umeng:546d7dd7fd98c58fc800082c.AWCN1_1|http2_0rtt_acs]
09-01 18:54:00.946 19067 19216 D NAccs.Msg_default:  Build Message dataId:1662029640943.4
09-01 18:54:00.946 19067 19067 W StaticLayout: maxLineHeight should not be -1.  maxLines:2 lineCount:2
09-01 18:54:00.946 19067 19216 D NAccs.Msg_default:  	version:2 compress:0
09-01 18:54:00.946 19067 19216 D NAccs.Msg_default:  	flag: 0x40
09-01 18:54:00.946 19067 19216 D NAccs.Msg_default:  	totalLength:264
09-01 18:54:00.946 19067 19216 D NAccs.Msg_default:  	dataLength:262
09-01 18:54:00.946 19067 19216 D NAccs.Msg_default:  	flags:ffff8800
09-01 18:54:00.946 19067 19216 D NAccs.Msg_default:  	targetLength:18
09-01 18:54:00.947 19067 19216 D NAccs.Msg_default:  	target:2|agooTokenReport|
09-01 18:54:00.947 19067 19216 D NAccs.Msg_default:  	sourceLength:53
09-01 18:54:00.947 19067 19216 D NAccs.Msg_default:  	source:YxBs9IHhiKQDAFfj0NajmZNB|cn.missevan|agooTokenReport|
09-01 18:54:00.947 19067 19216 D NAccs.Msg_default:  	dataIdLength:15
09-01 18:54:00.947 19067 19216 D NAccs.Msg_default:  	dataId:1662029640943.4
09-01 18:54:00.947 19067 19216 D NAccs.Msg_default:  	extHeader len:0
09-01 18:54:00.947 19067 19216 D NAccs.Msg_default:  	oriData:{"thirdTokenType":"VIVO_TOKEN","utdid":"YxBs9IHhiKQDAFfj0NajmZNB","appkey":"umeng:546d7dd7fd98c58fc800082c","vendorSdkVersion":"1.1.5","token":"15880600190911619307421"}
09-01 18:54:00.947 19067 19216 D NAccs.InAppConn_default:  sendMessage dataId:1662029640943.4 command:100 host:https://umengacs.m.taobao.com len:268 utdid:YxBs9IHhiKQDAFfj0NajmZNB
09-01 18:54:00.947 19067 19216 E awcn.TnetSpdySession: |[seq:umeng:546d7dd7fd98c58fc800082c.AWCN1_1] sendCustomFrame dataId:4 type:200
09-01 18:54:00.948 19067 19216 E NAccs.InAppConn_default:  sendMessage end dataId:1662029640943.4 status:true
09-01 18:54:00.951 19067 19067 W StaticLayout: maxLineHeight should not be -1.  maxLines:2 lineCount:2
09-01 18:54:00.988 19067 19165 E awcn.TnetSpdySession: |[seq:umeng:546d7dd7fd98c58fc800082c.AWCN1_1] [spdyCustomControlFrameRecvCallback] len:99 frameCb:com.taobao.accs.net.k@2b2874c
09-01 18:54:00.989 19067 19165 E awcn.TnetSpdySession: |[seq:umeng:546d7dd7fd98c58fc800082c.AWCN1_1] str:20 40 0 5f 0 5d a0 0 35 59 78 42 73 39 49 48 68 69 4b 51 44 41 46 66 6a 30 4e 61 6a 6d 5a 4e 42 7c 63 6e 2e 6d 69 73 73 65 76 61 6e 7c 61 67 6f 6f 54 6f 6b 65 6e 52 65 70 6f 72 74 7c 12 32 7c 61 67 6f 6f 54 6f 6b 65 6e 52 65 70 6f 72 74 7c f 31 36 36 32 30 32 39 36 34 30 39 34 33 2e 34 0 0
09-01 18:54:00.989 19067 19165 E NAccs.InAppConn_default:  onDataReceive type:200 dataid:-1
09-01 18:54:00.989 19067 19157 I NAccs.MsgRecv_default:  onMessage host:https://umengacs.m.taobao.com
09-01 18:54:00.989 19067 19157 D NAccs.MsgRecv_default:  version:2
09-01 18:54:00.989 19067 19157 D NAccs.MsgRecv_default:  compress:0
09-01 18:54:00.989 19067 19157 D NAccs.MsgRecv_default:  totalLen:95
09-01 18:54:00.990 19067 19157 D NAccs.MsgRecv_default:  buf len:93
09-01 18:54:00.990 19067 19157 D NAccs.MsgRecv_default:  flag:a000
09-01 18:54:00.990 19067 19157 D NAccs.MsgRecv_default:  target:YxBs9IHhiKQDAFfj0NajmZNB|cn.missevan|agooTokenReport|
09-01 18:54:00.990 19067 19157 D NAccs.MsgRecv_default:  source:2|agooTokenReport|
09-01 18:54:00.990 19067 19157 D NAccs.MsgRecv_default:  dataId:1662029640943.4
09-01 18:54:00.990 19067 19157 D NAccs.MsgRecv_default:  extHeaderLen:0
09-01 18:54:00.990 19067 19157 D NAccs.MsgRecv_default:  oriData:[B@2ee1c89
09-01 18:54:00.990 19067 19157 E NAccs.MsgRecv_default:  handleMessage dataId:1662029640943.4 type:DATA reqType:ACK resType:NO_ACK target:YxBs9IHhiKQDAFfj0NajmZNB|cn.missevan|agooTokenReport|
09-01 18:54:00.990 19067 19157 D NAccs.MsgRecv_default:  handleMessage reqMessage not null
09-01 18:54:00.990 19067 19157 D NAccs.MsgRecv_default:  onResult command:100 erorcode:200
09-01 18:54:00.991 19067 19157 E NAccs.MsgDistribute:  distribute ready action:com.taobao.accs.intent.action.RECEIVE dataId:1662029640943.4 serviceId:agooTokenReport
09-01 18:54:00.991 19067 19157 D NAccs.MsgDistribute:  distribute start appkey:umeng:546d7dd7fd98c58fc800082c config:default
09-01 18:54:00.991 19067 19157 D NAccs.MsgDistribute:  handleControlMsg configTag:default dataId:1662029640943.4 serviceId:agooTokenReport command:100 errorCode:200 appReceiver:
09-01 18:54:00.991 19067 19157 E NAccs.MsgDistribute:  handleBusinessMsg start dataId:1662029640943.4 serviceId:agooTokenReport command:100 t1:0 t2:0 t3:0 t4:0 t5:0 t6:0
09-01 18:54:00.991 19067 19157 E NAccs.MsgDistribute:  handleBusinessMsg start dataId:1662029640943.4 serviceId:agooTokenReport command:100
09-01 18:54:00.991 19067 19157 E NAccs.MsgDistribute:  handleBusinessMsg to start service className:org.android.agoo.accs.AgooService
09-01 18:54:00.992 19067 19157 I NAccs.a :  dispatchIntent bind service start intent:Intent { act=com.taobao.accs.intent.action.RECEIVE pkg=cn.missevan cmp=cn.missevan/org.android.agoo.accs.AgooService (has extras) }
09-01 18:54:01.008   717   717 I SurfaceFlinger: FPS: 31
09-01 18:54:01.012 19067 19181 I CronetEngine: [thread_background]
09-01 18:54:01.012 19067 19181 I CronetEngine: url: http://static-test.maoercdn.com/coversmini/201703/16/32b18335e72c7dc9e0026402b84182fa214753.jpg?x-oss-process=image/resize,w_306/format,webp
09-01 18:54:01.012 19067 19181 I CronetEngine:  ip: 182.40.18.115
09-01 18:54:01.012 19067 19181 I CronetEngine:  hostResolverProvider:
09-01 18:54:01.012 19067 19181 I CronetEngine:  hostResolveIps: []
09-01 18:54:01.012 19067 19181 I CronetEngine:
09-01 18:54:01.027 19067 19067 W ViewPager2Helper: [main] ReplaceSnapHelper success
09-01 18:54:01.032 19067 19067 I Banner  : [main] banner resume loop
09-01 18:54:01.034 19067 19067 I Banner  : [main] banner resume loop
09-01 18:54:01.108 19067 19067 E cn.missevan: No package ID ff found for ID 0xffffffff.
09-01 18:54:01.200 19067 19067 E cn.missevan: No package ID ff found for ID 0xffffffff.
09-01 18:54:01.230 19067 19067 W ViewPager2Helper: [main] ReplaceSnapHelper success
09-01 18:54:01.233 19067 19067 I Banner  : [main] banner resume loop
09-01 18:54:01.235 19067 19067 I Banner  : [main] banner resume loop
09-01 18:54:01.319 19528 19799 W .missevan:stat: Accessing hidden method Lcom/android/org/conscrypt/OpenSSLSocketImpl;->setAlpnProtocols([B)V (light greylist, reflection)
09-01 18:54:01.384 19067 19067 I Choreographer: Skipped 49 frames!  The application may be doing too much work on its main thread.
09-01 18:54:01.387 19067 19280 I OpenGLRenderer: Davey! duration=865ms; Flags=0, IntendedVsync=210375496353244, Vsync=210375513019910, OldestInputEvent=9223372036854775807, NewestInputEvent=0, HandleInputStart=210375525954070, AnimationStart=210375526044643, PerformTraversalsStart=210375526607820, DrawStart=210376319850476, SyncQueued=210376354058393, SyncStart=210376354175216, IssueDrawCommandsStart=210376355196882, SwapBuffers=210376359215059, FrameCompleted=210376362184174, DequeueBufferDuration=331000, QueueBufferDuration=2319000,
09-01 18:54:01.415 19067 19280 I OpenGLRenderer: Davey! duration=859ms; Flags=0, IntendedVsync=210375529661344, Vsync=210376346327978, OldestInputEvent=9223372036854775807, NewestInputEvent=0, HandleInputStart=210376358654330, AnimationStart=210376358818132, PerformTraversalsStart=210376359345788, DrawStart=210376369610840, SyncQueued=210376385058184, SyncStart=210376385189174, IssueDrawCommandsStart=210376385718705, SwapBuffers=210376388341153, FrameCompleted=210376389371205, DequeueBufferDuration=210000, QueueBufferDuration=312000,
09-01 18:54:01.424 19067 19067 W Glide   : Load failed for http://static-test.maoercdn.com/coversmini/201601/27/7bbe2cb132e96af2055b58417513e099210645.png with size [306x306]
09-01 18:54:01.424 19067 19067 W Glide   : class com.bumptech.glide.load.a.q: Failed to load resource
09-01 18:54:01.424 19067 19067 W Glide   : There was 1 root cause:
09-01 18:54:01.424 19067 19067 W Glide   : com.bumptech.glide.load.e(Not Found, status code: 404)
09-01 18:54:01.424 19067 19067 W Glide   :  call GlideException#logRootCauses(String) for more detail
09-01 18:54:01.424 19067 19067 W Glide   :   Cause (1 of 1): class com.bumptech.glide.load.a.q: Fetching data failed, class java.io.InputStream, REMOTE
09-01 18:54:01.424 19067 19067 W Glide   : There was 1 root cause:
09-01 18:54:01.424 19067 19067 W Glide   : com.bumptech.glide.load.e(Not Found, status code: 404)
09-01 18:54:01.424 19067 19067 W Glide   :  call GlideException#logRootCauses(String) for more detail
09-01 18:54:01.424 19067 19067 W Glide   :     Cause (1 of 1): class com.bumptech.glide.load.e: Not Found, status code: 404
09-01 18:54:01.424 19067 19067 I Glide   : Root cause (1 of 1)
09-01 18:54:01.424 19067 19067 I Glide   : com.bumptech.glide.load.e: Not Found, status code: 404
09-01 18:54:01.424 19067 19067 I Glide   : 	at com.bumptech.glide.integration.okhttp3.b.onResponse(SourceFile:71)
09-01 18:54:01.424 19067 19067 I Glide   : 	at okhttp3.ac$a.execute(SourceFile:221)
09-01 18:54:01.424 19067 19067 I Glide   : 	at okhttp3.internal.b.run(SourceFile:32)
09-01 18:54:01.424 19067 19067 I Glide   : 	at java.util.concurrent.ThreadPoolExecutor.runWorker(ThreadPoolExecutor.java:1167)
09-01 18:54:01.424 19067 19067 I Glide   : 	at java.util.concurrent.ThreadPoolExecutor$Worker.run(ThreadPoolExecutor.java:641)
09-01 18:54:01.424 19067 19067 I Glide   : 	at java.lang.Thread.run(Thread.java:764)
09-01 18:54:01.426 19067 19067 W Glide   : Load failed for http://static-test.maoercdn.com/coversmini/201708/12/003bf579f8f2574dedbb19a4b5aca316174101.jpg with size [306x306]
09-01 18:54:01.426 19067 19067 W Glide   : class com.bumptech.glide.load.a.q: Failed to load resource
09-01 18:54:01.426 19067 19067 W Glide   : There was 1 root cause:
09-01 18:54:01.426 19067 19067 W Glide   : com.bumptech.glide.load.e(Not Found, status code: 404)
09-01 18:54:01.426 19067 19067 W Glide   :  call GlideException#logRootCauses(String) for more detail
09-01 18:54:01.426 19067 19067 W Glide   :   Cause (1 of 1): class com.bumptech.glide.load.a.q: Fetching data failed, class java.io.InputStream, REMOTE
09-01 18:54:01.426 19067 19067 W Glide   : There was 1 root cause:
09-01 18:54:01.426 19067 19067 W Glide   : com.bumptech.glide.load.e(Not Found, status code: 404)
09-01 18:54:01.426 19067 19067 W Glide   :  call GlideException#logRootCauses(String) for more detail
09-01 18:54:01.426 19067 19067 W Glide   :     Cause (1 of 1): class com.bumptech.glide.load.e: Not Found, status code: 404
09-01 18:54:01.426 19067 19067 I Glide   : Root cause (1 of 1)
09-01 18:54:01.426 19067 19067 I Glide   : com.bumptech.glide.load.e: Not Found, status code: 404
09-01 18:54:01.426 19067 19067 I Glide   : 	at com.bumptech.glide.integration.okhttp3.b.onResponse(SourceFile:71)
09-01 18:54:01.426 19067 19067 I Glide   : 	at okhttp3.ac$a.execute(SourceFile:221)
09-01 18:54:01.426 19067 19067 I Glide   : 	at okhttp3.internal.b.run(SourceFile:32)
09-01 18:54:01.426 19067 19067 I Glide   : 	at java.util.concurrent.ThreadPoolExecutor.runWorker(ThreadPoolExecutor.java:1167)
09-01 18:54:01.426 19067 19067 I Glide   : 	at java.util.concurrent.ThreadPoolExecutor$Worker.run(ThreadPoolExecutor.java:641)
09-01 18:54:01.426 19067 19067 I Glide   : 	at java.lang.Thread.run(Thread.java:764)
09-01 18:54:01.430 19067 19067 W Glide   : Load failed for http://static-test.maoercdn.com/coversmini/201703/16/32b18335e72c7dc9e0026402b84182fa214753.jpg with size [306x306]
09-01 18:54:01.430 19067 19067 W Glide   : class com.bumptech.glide.load.a.q: Failed to load resource
09-01 18:54:01.430 19067 19067 W Glide   : There was 1 root cause:
09-01 18:54:01.430 19067 19067 W Glide   : com.bumptech.glide.load.e(Not Found, status code: 404)
09-01 18:54:01.430 19067 19067 W Glide   :  call GlideException#logRootCauses(String) for more detail
09-01 18:54:01.430 19067 19067 W Glide   :   Cause (1 of 1): class com.bumptech.glide.load.a.q: Fetching data failed, class java.io.InputStream, REMOTE
09-01 18:54:01.430 19067 19067 W Glide   : There was 1 root cause:
09-01 18:54:01.430 19067 19067 W Glide   : com.bumptech.glide.load.e(Not Found, status code: 404)
09-01 18:54:01.430 19067 19067 W Glide   :  call GlideException#logRootCauses(String) for more detail
09-01 18:54:01.430 19067 19067 W Glide   :     Cause (1 of 1): class com.bumptech.glide.load.e: Not Found, status code: 404
09-01 18:54:01.430 19067 19067 I Glide   : Root cause (1 of 1)
09-01 18:54:01.430 19067 19067 I Glide   : com.bumptech.glide.load.e: Not Found, status code: 404
09-01 18:54:01.430 19067 19067 I Glide   : 	at com.bumptech.glide.integration.okhttp3.b.onResponse(SourceFile:71)
09-01 18:54:01.430 19067 19067 I Glide   : 	at okhttp3.ac$a.execute(SourceFile:221)
09-01 18:54:01.430 19067 19067 I Glide   : 	at okhttp3.internal.b.run(SourceFile:32)
09-01 18:54:01.430 19067 19067 I Glide   : 	at java.util.concurrent.ThreadPoolExecutor.runWorker(ThreadPoolExecutor.java:1167)
09-01 18:54:01.430 19067 19067 I Glide   : 	at java.util.concurrent.ThreadPoolExecutor$Worker.run(ThreadPoolExecutor.java:641)
09-01 18:54:01.430 19067 19067 I Glide   : 	at java.lang.Thread.run(Thread.java:764)
09-01 18:54:01.433 19067 19067 D NAccs.AgooService:  into--[onCreate]
09-01 18:54:01.516 19067 19067 D NAccs.a :  bindService connected componentName:ComponentInfo{cn.missevan/org.android.agoo.accs.AgooService}
09-01 18:54:01.535 19528 19799 W .missevan:stat: Accessing hidden method Lcom/android/org/conscrypt/OpenSSLSocketImpl;->getAlpnSelectedProtocol()[B (light greylist, reflection)
09-01 18:54:01.564 19067 19067 I NAccs.TaoBaseService:  handleMessage on receive msg msg:{ id=1366 when=-48ms what=0 target=com.taobao.accs.base.TaoBaseService$1 }
09-01 18:54:01.564 19067 19067 I NAccs.TaoBaseService:  handleMessage get intent success intent:Intent { act=com.taobao.accs.intent.action.RECEIVE pkg=cn.missevan cmp=cn.missevan/org.android.agoo.accs.AgooService (has extras) }
09-01 18:54:01.565 19067 19157 E NAccs.a :  onReceiveData dataId:1662029640943.4 serviceId:agooTokenReport command:100 className:org.android.agoo.accs.AgooService
09-01 18:54:01.583 19067 19067 E NAccs.a :  onSendData start dataId:1662029640943.4 serviceId:agooTokenReport
09-01 18:54:01.583 19067 19067 I NAccs.AgooService:  onSendData,dataId=1662029640943.4,errorCode=200,serviceId=agooTokenReport
09-01 18:54:01.583 19067 19067 E NAccs.a :  onSendData end dataId:1662029640943.4
09-01 18:54:01.607 19067 19181 I CronetEngine: [thread_background]
09-01 18:54:01.607 19067 19181 I CronetEngine: url: http://static-test.missevan.com/dramacoversmini/201605/01/0a6ca0ceeb612fbf29d7ea609b171bcf061022.jpg?x-oss-process=image/resize,w_306/format,webp
09-01 18:54:01.607 19067 19181 I CronetEngine:  ip: 58.215.123.243
09-01 18:54:01.607 19067 19181 I CronetEngine:  hostResolverProvider: system
09-01 18:54:01.607 19067 19181 I CronetEngine:  hostResolveIps: ["58.215.123.243","58.215.123.238","58.215.123.240","58.215.123.241","58.215.123.244","58.215.123.242","58.215.123.239","58.215.123.248"]
09-01 18:54:01.607 19067 19181 I CronetEngine:
09-01 18:54:01.619 19067 19181 I CronetEngine: [thread_background]
09-01 18:54:01.619 19067 19181 I CronetEngine: url: http://static-test.missevan.com/dramacoversmini/201604/20/57a934f8d31a7ace356108ae3526c419151604.jpg?x-oss-process=image/resize,w_306/format,webp
09-01 18:54:01.619 19067 19181 I CronetEngine:  ip: 58.215.123.243
09-01 18:54:01.619 19067 19181 I CronetEngine:  hostResolverProvider: system
09-01 18:54:01.619 19067 19181 I CronetEngine:  hostResolveIps: ["58.215.123.243","58.215.123.238","58.215.123.240","58.215.123.241","58.215.123.244","58.215.123.242","58.215.123.239","58.215.123.248"]
09-01 18:54:01.619 19067 19181 I CronetEngine:
09-01 18:54:01.620 19067 19181 I CronetEngine: [thread_background]
09-01 18:54:01.620 19067 19181 I CronetEngine: url: http://static-test.maoercdn.com/coversmini/201612/09/e7c844dda7014cdcbfd69fdade5d0e05185820.jpg?x-oss-process=image/resize,w_274/format,webp
09-01 18:54:01.620 19067 19181 I CronetEngine:  ip: 115.236.155.238
09-01 18:54:01.620 19067 19181 I CronetEngine:  hostResolverProvider:
09-01 18:54:01.620 19067 19181 I CronetEngine:  hostResolveIps: []
09-01 18:54:01.620 19067 19181 I CronetEngine:
09-01 18:54:01.624 19067 19181 I CronetEngine: [thread_background]
09-01 18:54:01.624 19067 19181 I CronetEngine: url: http://static-test.missevan.com/dramacoversmini/201604/20/eea18b9f2f56bca5141a9217f1d98713164419.jpg?x-oss-process=image/resize,w_306/format,webp
09-01 18:54:01.624 19067 19181 I CronetEngine:  ip: 58.215.123.243
09-01 18:54:01.624 19067 19181 I CronetEngine:  hostResolverProvider: system
09-01 18:54:01.624 19067 19181 I CronetEngine:  hostResolveIps: ["58.215.123.243","58.215.123.238","58.215.123.240","58.215.123.241","58.215.123.244","58.215.123.242","58.215.123.239","58.215.123.248"]
09-01 18:54:01.624 19067 19181 I CronetEngine:
09-01 18:54:01.626 19067 19067 W Glide   : Load failed for http://static-test.missevan.com/dramacoversmini/201605/01/0a6ca0ceeb612fbf29d7ea609b171bcf061022.jpg with size [306x306]
09-01 18:54:01.626 19067 19067 W Glide   : class com.bumptech.glide.load.a.q: Failed to load resource
09-01 18:54:01.626 19067 19067 W Glide   : There was 1 root cause:
09-01 18:54:01.626 19067 19067 W Glide   : com.bumptech.glide.load.e(Not Found, status code: 404)
09-01 18:54:01.626 19067 19067 W Glide   :  call GlideException#logRootCauses(String) for more detail
09-01 18:54:01.626 19067 19067 W Glide   :   Cause (1 of 1): class com.bumptech.glide.load.a.q: Fetching data failed, class java.io.InputStream, REMOTE
09-01 18:54:01.626 19067 19067 W Glide   : There was 1 root cause:
09-01 18:54:01.626 19067 19067 W Glide   : com.bumptech.glide.load.e(Not Found, status code: 404)
09-01 18:54:01.626 19067 19067 W Glide   :  call GlideException#logRootCauses(String) for more detail
09-01 18:54:01.626 19067 19067 W Glide   :     Cause (1 of 1): class com.bumptech.glide.load.e: Not Found, status code: 404
09-01 18:54:01.626 19067 19067 I Glide   : Root cause (1 of 1)
09-01 18:54:01.626 19067 19067 I Glide   : com.bumptech.glide.load.e: Not Found, status code: 404
09-01 18:54:01.626 19067 19067 I Glide   : 	at com.bumptech.glide.integration.okhttp3.b.onResponse(SourceFile:71)
09-01 18:54:01.626 19067 19067 I Glide   : 	at okhttp3.ac$a.execute(SourceFile:221)
09-01 18:54:01.626 19067 19067 I Glide   : 	at okhttp3.internal.b.run(SourceFile:32)
09-01 18:54:01.626 19067 19067 I Glide   : 	at java.util.concurrent.ThreadPoolExecutor.runWorker(ThreadPoolExecutor.java:1167)
09-01 18:54:01.626 19067 19067 I Glide   : 	at java.util.concurrent.ThreadPoolExecutor$Worker.run(ThreadPoolExecutor.java:641)
09-01 18:54:01.626 19067 19067 I Glide   : 	at java.lang.Thread.run(Thread.java:764)
09-01 18:54:01.629 19067 19067 W Glide   : Load failed for http://static-test.maoercdn.com/coversmini/201612/09/e7c844dda7014cdcbfd69fdade5d0e05185820.jpg with size [274x275]
09-01 18:54:01.629 19067 19067 W Glide   : class com.bumptech.glide.load.a.q: Failed to load resource
09-01 18:54:01.629 19067 19067 W Glide   : There was 1 root cause:
09-01 18:54:01.629 19067 19067 W Glide   : com.bumptech.glide.load.e(Not Found, status code: 404)
09-01 18:54:01.629 19067 19067 W Glide   :  call GlideException#logRootCauses(String) for more detail
09-01 18:54:01.629 19067 19067 W Glide   :   Cause (1 of 1): class com.bumptech.glide.load.a.q: Fetching data failed, class java.io.InputStream, REMOTE
09-01 18:54:01.629 19067 19067 W Glide   : There was 1 root cause:
09-01 18:54:01.629 19067 19067 W Glide   : com.bumptech.glide.load.e(Not Found, status code: 404)
09-01 18:54:01.629 19067 19067 W Glide   :  call GlideException#logRootCauses(String) for more detail
09-01 18:54:01.629 19067 19067 W Glide   :     Cause (1 of 1): class com.bumptech.glide.load.e: Not Found, status code: 404
09-01 18:54:01.629 19067 19067 I Glide   : Root cause (1 of 1)
09-01 18:54:01.629 19067 19067 I Glide   : com.bumptech.glide.load.e: Not Found, status code: 404
09-01 18:54:01.629 19067 19067 I Glide   : 	at com.bumptech.glide.integration.okhttp3.b.onResponse(SourceFile:71)
09-01 18:54:01.629 19067 19067 I Glide   : 	at okhttp3.ac$a.execute(SourceFile:221)
09-01 18:54:01.629 19067 19067 I Glide   : 	at okhttp3.internal.b.run(SourceFile:32)
09-01 18:54:01.629 19067 19067 I Glide   : 	at java.util.concurrent.ThreadPoolExecutor.runWorker(ThreadPoolExecutor.java:1167)
09-01 18:54:01.629 19067 19067 I Glide   : 	at java.util.concurrent.ThreadPoolExecutor$Worker.run(ThreadPoolExecutor.java:641)
09-01 18:54:01.629 19067 19067 I Glide   : 	at java.lang.Thread.run(Thread.java:764)
09-01 18:54:01.630 19067 19067 W Glide   : Load failed for http://static-test.missevan.com/dramacoversmini/201604/20/57a934f8d31a7ace356108ae3526c419151604.jpg with size [306x306]
09-01 18:54:01.630 19067 19067 W Glide   : class com.bumptech.glide.load.a.q: Failed to load resource
09-01 18:54:01.630 19067 19067 W Glide   : There was 1 root cause:
09-01 18:54:01.630 19067 19067 W Glide   : com.bumptech.glide.load.e(Not Found, status code: 404)
09-01 18:54:01.630 19067 19067 W Glide   :  call GlideException#logRootCauses(String) for more detail
09-01 18:54:01.630 19067 19067 W Glide   :   Cause (1 of 1): class com.bumptech.glide.load.a.q: Fetching data failed, class java.io.InputStream, REMOTE
09-01 18:54:01.630 19067 19067 W Glide   : There was 1 root cause:
09-01 18:54:01.630 19067 19067 W Glide   : com.bumptech.glide.load.e(Not Found, status code: 404)
09-01 18:54:01.630 19067 19067 W Glide   :  call GlideException#logRootCauses(String) for more detail
09-01 18:54:01.630 19067 19067 W Glide   :     Cause (1 of 1): class com.bumptech.glide.load.e: Not Found, status code: 404
09-01 18:54:01.631 19067 19067 I Glide   : Root cause (1 of 1)
09-01 18:54:01.631 19067 19067 I Glide   : com.bumptech.glide.load.e: Not Found, status code: 404
09-01 18:54:01.631 19067 19067 I Glide   : 	at com.bumptech.glide.integration.okhttp3.b.onResponse(SourceFile:71)
09-01 18:54:01.631 19067 19067 I Glide   : 	at okhttp3.ac$a.execute(SourceFile:221)
09-01 18:54:01.631 19067 19067 I Glide   : 	at okhttp3.internal.b.run(SourceFile:32)
09-01 18:54:01.631 19067 19067 I Glide   : 	at java.util.concurrent.ThreadPoolExecutor.runWorker(ThreadPoolExecutor.java:1167)
09-01 18:54:01.631 19067 19067 I Glide   : 	at java.util.concurrent.ThreadPoolExecutor$Worker.run(ThreadPoolExecutor.java:641)
09-01 18:54:01.631 19067 19067 I Glide   : 	at java.lang.Thread.run(Thread.java:764)
09-01 18:54:01.640 19067 19181 I CronetEngine: [thread_background]
09-01 18:54:01.640 19067 19181 I CronetEngine: url: http://static-test.missevan.com/dramacoversmini/201709/07/1f7769e03f2eeafbf233803f7c16b360192304.png?x-oss-process=image/resize,w_306/format,webp
09-01 18:54:01.640 19067 19181 I CronetEngine:  ip: 58.215.123.243
09-01 18:54:01.640 19067 19181 I CronetEngine:  hostResolverProvider: system
09-01 18:54:01.640 19067 19181 I CronetEngine:  hostResolveIps: ["58.215.123.243","58.215.123.238","58.215.123.240","58.215.123.241","58.215.123.244","58.215.123.242","58.215.123.239","58.215.123.248"]
09-01 18:54:01.640 19067 19181 I CronetEngine:
09-01 18:54:01.644 19067 19067 W Glide   : Load failed for http://static-test.missevan.com/dramacoversmini/201604/20/eea18b9f2f56bca5141a9217f1d98713164419.jpg with size [306x306]
09-01 18:54:01.644 19067 19067 W Glide   : class com.bumptech.glide.load.a.q: Failed to load resource
09-01 18:54:01.644 19067 19067 W Glide   : There was 1 root cause:
09-01 18:54:01.644 19067 19067 W Glide   : com.bumptech.glide.load.e(Not Found, status code: 404)
09-01 18:54:01.644 19067 19067 W Glide   :  call GlideException#logRootCauses(String) for more detail
09-01 18:54:01.644 19067 19067 W Glide   :   Cause (1 of 1): class com.bumptech.glide.load.a.q: Fetching data failed, class java.io.InputStream, REMOTE
09-01 18:54:01.644 19067 19067 W Glide   : There was 1 root cause:
09-01 18:54:01.644 19067 19067 W Glide   : com.bumptech.glide.load.e(Not Found, status code: 404)
09-01 18:54:01.644 19067 19067 W Glide   :  call GlideException#logRootCauses(String) for more detail
09-01 18:54:01.644 19067 19067 W Glide   :     Cause (1 of 1): class com.bumptech.glide.load.e: Not Found, status code: 404
09-01 18:54:01.645 19067 19067 I Glide   : Root cause (1 of 1)
09-01 18:54:01.645 19067 19067 I Glide   : com.bumptech.glide.load.e: Not Found, status code: 404
09-01 18:54:01.645 19067 19067 I Glide   : 	at com.bumptech.glide.integration.okhttp3.b.onResponse(SourceFile:71)
09-01 18:54:01.645 19067 19067 I Glide   : 	at okhttp3.ac$a.execute(SourceFile:221)
09-01 18:54:01.645 19067 19067 I Glide   : 	at okhttp3.internal.b.run(SourceFile:32)
09-01 18:54:01.645 19067 19067 I Glide   : 	at java.util.concurrent.ThreadPoolExecutor.runWorker(ThreadPoolExecutor.java:1167)
09-01 18:54:01.645 19067 19067 I Glide   : 	at java.util.concurrent.ThreadPoolExecutor$Worker.run(ThreadPoolExecutor.java:641)
09-01 18:54:01.645 19067 19067 I Glide   : 	at java.lang.Thread.run(Thread.java:764)
09-01 18:54:01.648 19067 19067 W Glide   : Load failed for http://static-test.missevan.com/dramacoversmini/201709/07/1f7769e03f2eeafbf233803f7c16b360192304.png with size [306x306]
09-01 18:54:01.648 19067 19067 W Glide   : class com.bumptech.glide.load.a.q: Failed to load resource
09-01 18:54:01.648 19067 19067 W Glide   : There was 1 root cause:
09-01 18:54:01.648 19067 19067 W Glide   : com.bumptech.glide.load.e(Not Found, status code: 404)
09-01 18:54:01.648 19067 19067 W Glide   :  call GlideException#logRootCauses(String) for more detail
09-01 18:54:01.648 19067 19067 W Glide   :   Cause (1 of 1): class com.bumptech.glide.load.a.q: Fetching data failed, class java.io.InputStream, REMOTE
09-01 18:54:01.648 19067 19067 W Glide   : There was 1 root cause:
09-01 18:54:01.648 19067 19067 W Glide   : com.bumptech.glide.load.e(Not Found, status code: 404)
09-01 18:54:01.648 19067 19067 W Glide   :  call GlideException#logRootCauses(String) for more detail
09-01 18:54:01.648 19067 19067 W Glide   :     Cause (1 of 1): class com.bumptech.glide.load.e: Not Found, status code: 404
09-01 18:54:01.648 19067 19067 I Glide   : Root cause (1 of 1)
09-01 18:54:01.648 19067 19067 I Glide   : com.bumptech.glide.load.e: Not Found, status code: 404
09-01 18:54:01.648 19067 19067 I Glide   : 	at com.bumptech.glide.integration.okhttp3.b.onResponse(SourceFile:71)
09-01 18:54:01.648 19067 19067 I Glide   : 	at okhttp3.ac$a.execute(SourceFile:221)
09-01 18:54:01.648 19067 19067 I Glide   : 	at okhttp3.internal.b.run(SourceFile:32)
09-01 18:54:01.648 19067 19067 I Glide   : 	at java.util.concurrent.ThreadPoolExecutor.runWorker(ThreadPoolExecutor.java:1167)
09-01 18:54:01.648 19067 19067 I Glide   : 	at java.util.concurrent.ThreadPoolExecutor$Worker.run(ThreadPoolExecutor.java:641)
09-01 18:54:01.648 19067 19067 I Glide   : 	at java.lang.Thread.run(Thread.java:764)
09-01 18:54:01.650 19067 19181 I CronetEngine: [thread_background]
09-01 18:54:01.650 19067 19181 I CronetEngine: url: http://static-test.missevan.com/dramacoversmini/201604/15/b704a6b3f25d1874f17c494effdb8e54082150.jpg?x-oss-process=image/resize,w_306/format,webp
09-01 18:54:01.650 19067 19181 I CronetEngine:  ip: 58.215.123.243
09-01 18:54:01.650 19067 19181 I CronetEngine:  hostResolverProvider: system
09-01 18:54:01.650 19067 19181 I CronetEngine:  hostResolveIps: ["58.215.123.243","58.215.123.238","58.215.123.240","58.215.123.241","58.215.123.244","58.215.123.242","58.215.123.239","58.215.123.248"]
09-01 18:54:01.650 19067 19181 I CronetEngine:
09-01 18:54:01.665 19067 19067 W Glide   : Load failed for http://static-test.missevan.com/dramacoversmini/201604/15/b704a6b3f25d1874f17c494effdb8e54082150.jpg with size [306x306]
09-01 18:54:01.665 19067 19067 W Glide   : class com.bumptech.glide.load.a.q: Failed to load resource
09-01 18:54:01.665 19067 19067 W Glide   : There was 1 root cause:
09-01 18:54:01.665 19067 19067 W Glide   : com.bumptech.glide.load.e(Not Found, status code: 404)
09-01 18:54:01.665 19067 19067 W Glide   :  call GlideException#logRootCauses(String) for more detail
09-01 18:54:01.665 19067 19067 W Glide   :   Cause (1 of 1): class com.bumptech.glide.load.a.q: Fetching data failed, class java.io.InputStream, REMOTE
09-01 18:54:01.665 19067 19067 W Glide   : There was 1 root cause:
09-01 18:54:01.665 19067 19067 W Glide   : com.bumptech.glide.load.e(Not Found, status code: 404)
09-01 18:54:01.665 19067 19067 W Glide   :  call GlideException#logRootCauses(String) for more detail
09-01 18:54:01.665 19067 19067 W Glide   :     Cause (1 of 1): class com.bumptech.glide.load.e: Not Found, status code: 404
09-01 18:54:01.666 19067 19067 I Glide   : Root cause (1 of 1)
09-01 18:54:01.666 19067 19067 I Glide   : com.bumptech.glide.load.e: Not Found, status code: 404
09-01 18:54:01.666 19067 19067 I Glide   : 	at com.bumptech.glide.integration.okhttp3.b.onResponse(SourceFile:71)
09-01 18:54:01.666 19067 19067 I Glide   : 	at okhttp3.ac$a.execute(SourceFile:221)
09-01 18:54:01.666 19067 19067 I Glide   : 	at okhttp3.internal.b.run(SourceFile:32)
09-01 18:54:01.666 19067 19067 I Glide   : 	at java.util.concurrent.ThreadPoolExecutor.runWorker(ThreadPoolExecutor.java:1167)
09-01 18:54:01.666 19067 19067 I Glide   : 	at java.util.concurrent.ThreadPoolExecutor$Worker.run(ThreadPoolExecutor.java:641)
09-01 18:54:01.666 19067 19067 I Glide   : 	at java.lang.Thread.run(Thread.java:764)
09-01 18:54:01.671 19067 19078 I cn.missevan: NativeAlloc concurrent copying GC freed 168764(9MB) AllocSpace objects, 92(8MB) LOS objects, 49% free, 23MB/46MB, paused 632us total 176.921ms
09-01 18:54:01.673 19528 19546 I .missevan:stat: WaitForGcToComplete blocked HeapTrim on ProfileSaver for 5.131ms
09-01 18:54:01.678 19067 19181 I CronetEngine: [thread_background]
09-01 18:54:01.678 19067 19181 I CronetEngine: url: https://www.uat.missevan.com/files/2021-07-08/dc6eb90c968aa330313818387a792dd1.jpg?x-oss-process=image/resize,w_996/format,webp
09-01 18:54:01.678 19067 19181 I CronetEngine:  ip: 10.21.250.10
09-01 18:54:01.678 19067 19181 I CronetEngine:  hostResolverProvider:
09-01 18:54:01.678 19067 19181 I CronetEngine:  hostResolveIps: []
09-01 18:54:01.678 19067 19181 I CronetEngine:
09-01 18:54:01.682 19067 19067 W Glide   : Load failed for https://www.uat.missevan.com/files/2021-07-08/dc6eb90c968aa330313818387a792dd1.jpg with size [996x261]
09-01 18:54:01.682 19067 19067 W Glide   : class com.bumptech.glide.load.a.q: Failed to load resource
09-01 18:54:01.682 19067 19067 W Glide   : There was 1 root cause:
09-01 18:54:01.682 19067 19067 W Glide   : com.bumptech.glide.load.e(, status code: 404)
09-01 18:54:01.682 19067 19067 W Glide   :  call GlideException#logRootCauses(String) for more detail
09-01 18:54:01.682 19067 19067 W Glide   :   Cause (1 of 1): class com.bumptech.glide.load.a.q: Fetching data failed, class java.io.InputStream, REMOTE
09-01 18:54:01.682 19067 19067 W Glide   : There was 1 root cause:
09-01 18:54:01.682 19067 19067 W Glide   : com.bumptech.glide.load.e(, status code: 404)
09-01 18:54:01.682 19067 19067 W Glide   :  call GlideException#logRootCauses(String) for more detail
09-01 18:54:01.682 19067 19067 W Glide   :     Cause (1 of 1): class com.bumptech.glide.load.e: , status code: 404
09-01 18:54:01.682 19067 19067 I Glide   : Root cause (1 of 1)
09-01 18:54:01.682 19067 19067 I Glide   : com.bumptech.glide.load.e: , status code: 404
09-01 18:54:01.682 19067 19067 I Glide   : 	at com.bumptech.glide.integration.okhttp3.b.onResponse(SourceFile:71)
09-01 18:54:01.682 19067 19067 I Glide   : 	at okhttp3.ac$a.execute(SourceFile:221)
09-01 18:54:01.682 19067 19067 I Glide   : 	at okhttp3.internal.b.run(SourceFile:32)
09-01 18:54:01.682 19067 19067 I Glide   : 	at java.util.concurrent.ThreadPoolExecutor.runWorker(ThreadPoolExecutor.java:1167)
09-01 18:54:01.682 19067 19067 I Glide   : 	at java.util.concurrent.ThreadPoolExecutor$Worker.run(ThreadPoolExecutor.java:641)
09-01 18:54:01.682 19067 19067 I Glide   : 	at java.lang.Thread.run(Thread.java:764)
09-01 18:54:01.684 19067 19181 I CronetEngine: [thread_background]
09-01 18:54:01.684 19067 19181 I CronetEngine: url: http://static-test.maoercdn.com/coversmini/201701/24/dbade74b0ab95375c343fdbe3f89aff6095445.png?x-oss-process=image/resize,w_274/format,webp
09-01 18:54:01.684 19067 19181 I CronetEngine:  ip: 182.40.18.115
09-01 18:54:01.684 19067 19181 I CronetEngine:  hostResolverProvider:
09-01 18:54:01.684 19067 19181 I CronetEngine:  hostResolveIps: []
09-01 18:54:01.684 19067 19181 I CronetEngine:
09-01 18:54:01.698 19067 19067 W Glide   : Load failed for http://static-test.maoercdn.com/coversmini/201701/24/dbade74b0ab95375c343fdbe3f89aff6095445.png with size [274x275]
09-01 18:54:01.698 19067 19067 W Glide   : class com.bumptech.glide.load.a.q: Failed to load resource
09-01 18:54:01.698 19067 19067 W Glide   : There was 1 root cause:
09-01 18:54:01.698 19067 19067 W Glide   : com.bumptech.glide.load.e(Not Found, status code: 404)
09-01 18:54:01.698 19067 19067 W Glide   :  call GlideException#logRootCauses(String) for more detail
09-01 18:54:01.698 19067 19067 W Glide   :   Cause (1 of 1): class com.bumptech.glide.load.a.q: Fetching data failed, class java.io.InputStream, REMOTE
09-01 18:54:01.698 19067 19067 W Glide   : There was 1 root cause:
09-01 18:54:01.698 19067 19067 W Glide   : com.bumptech.glide.load.e(Not Found, status code: 404)
09-01 18:54:01.698 19067 19067 W Glide   :  call GlideException#logRootCauses(String) for more detail
09-01 18:54:01.698 19067 19067 W Glide   :     Cause (1 of 1): class com.bumptech.glide.load.e: Not Found, status code: 404
09-01 18:54:01.698 19067 19067 I Glide   : Root cause (1 of 1)
09-01 18:54:01.698 19067 19067 I Glide   : com.bumptech.glide.load.e: Not Found, status code: 404
09-01 18:54:01.698 19067 19067 I Glide   : 	at com.bumptech.glide.integration.okhttp3.b.onResponse(SourceFile:71)
09-01 18:54:01.698 19067 19067 I Glide   : 	at okhttp3.ac$a.execute(SourceFile:221)
09-01 18:54:01.698 19067 19067 I Glide   : 	at okhttp3.internal.b.run(SourceFile:32)
09-01 18:54:01.698 19067 19067 I Glide   : 	at java.util.concurrent.ThreadPoolExecutor.runWorker(ThreadPoolExecutor.java:1167)
09-01 18:54:01.698 19067 19067 I Glide   : 	at java.util.concurrent.ThreadPoolExecutor$Worker.run(ThreadPoolExecutor.java:641)
09-01 18:54:01.698 19067 19067 I Glide   : 	at java.lang.Thread.run(Thread.java:764)
09-01 18:54:01.746 19528 19799 W .missevan:stat: Accessing hidden field Lsun/misc/Unsafe;->theUnsafe:Lsun/misc/Unsafe; (light greylist, reflection)
09-01 18:54:01.750 19528 19799 D config.Worker: config,ver: null
09-01 18:54:01.754 19528 19799 D ab.Worker: ab,ver: null
09-01 18:54:01.754 19528 19799 I neuron.poster: [thread_report] Send package with events=1, bytes=408, statusCode=200, sn=[20]
09-01 18:54:01.753 19067 19067 W cn.missevan: type=1400 audit(0.0:86917): avc: denied { read } for name="u:object_r:vendor_radio_prop:s0" dev="tmpfs" ino=12528 scontext=u:r:untrusted_app:s0:c90,c258,c512,c768 tcontext=u:object_r:vendor_radio_prop:s0 tclass=file permissive=0
09-01 18:54:01.758 19067 19067 E libc    : Access denied finding property "persist.vendor.radio.msim.stackid_0"
09-01 18:54:01.763 19067 19067 E SecurityException: [main] java.lang.SecurityException: getImeiForSlot
09-01 18:54:01.763 19067 19067 E SecurityException: 	at android.os.Parcel.createException(Parcel.java:1950)
09-01 18:54:01.763 19067 19067 E SecurityException: 	at android.os.Parcel.readException(Parcel.java:1918)
09-01 18:54:01.763 19067 19067 E SecurityException: 	at android.os.Parcel.readException(Parcel.java:1868)
09-01 18:54:01.763 19067 19067 E SecurityException: 	at com.android.internal.telephony.ITelephony$Stub$Proxy.getImeiForSlot(ITelephony.java:5514)
09-01 18:54:01.763 19067 19067 E SecurityException: 	at android.telephony.TelephonyManager.getImei(TelephonyManager.java:1331)
09-01 18:54:01.763 19067 19067 E SecurityException: 	at cn.missevan.lib.utils.t.i(SourceFile:294)
09-01 18:54:01.763 19067 19067 E SecurityException: 	at cn.missevan.lib.utils.s.getImei(SourceFile:102)
09-01 18:54:01.763 19067 19067 E SecurityException: 	at cn.missevan.library.baseapp.BaseApplication.getImei(SourceFile:725)
09-01 18:54:01.763 19067 19067 E SecurityException: 	at cn.missevan.library.statistics.StatisticsTable.getDeviceId(SourceFile:188)
09-01 18:54:01.763 19067 19067 E SecurityException: 	at java.lang.reflect.Method.invoke(Native Method)
09-01 18:54:01.763 19067 19067 E SecurityException: 	at com.alibaba.fastjson.util.FieldInfo.get(SourceFile:571)
09-01 18:54:01.763 19067 19067 E SecurityException: 	at com.alibaba.fastjson.serializer.FieldSerializer.getPropertyValueDirect(SourceFile:143)
09-01 18:54:01.763 19067 19067 E SecurityException: 	at com.alibaba.fastjson.serializer.JavaBeanSerializer.write(SourceFile:284)
09-01 18:54:01.763 19067 19067 E SecurityException: 	at com.alibaba.fastjson.serializer.JavaBeanSerializer.write(SourceFile:154)
09-01 18:54:01.763 19067 19067 E SecurityException: 	at com.alibaba.fastjson.serializer.ListSerializer.write(SourceFile:135)
09-01 18:54:01.763 19067 19067 E SecurityException: 	at com.alibaba.fastjson.serializer.JSONSerializer.write(SourceFile:312)
09-01 18:54:01.763 19067 19067 E SecurityException: 	at com.alibaba.fastjson.JSON.toJSONString(SourceFile:793)
09-01 18:54:01.763 19067 19067 E SecurityException: 	at com.alibaba.fastjson.JSON.toJSONString(SourceFile:731)
09-01 18:54:01.763 19067 19067 E SecurityException: 	at com.alibaba.fastjson.JSON.toJSONString(SourceFile:688)
09-01 18:54:01.763 19067 19067 E SecurityException: 	at cn.missevan.play.hook.StatisticsCommonImpl.buildBody(SourceFile:110)
09-01 18:54:01.763 19067 19067 E SecurityException: 	at cn.missevan.play.hook.StatisticsCommonImpl.sendLog(SourceFile:78)
09-01 18:54:01.763 19067 19067 E SecurityException: 	at cn.missevan.play.hook.AbsStatistics.sendRequestDatas(SourceFile:96)
09-01 18:54:01.763 19067 19067 E SecurityException: 	at cn.missevan.play.hook.StatisticsCommonImpl.lambda$reportData$1$StatisticsCommonImpl(SourceFile:69)
09-01 18:54:01.763 19067 19067 E SecurityException: 	at cn.missevan.play.hook.-$$Lambda$StatisticsCommonImpl$1ihaZTd5OL23Up_e7q_C9AiHJ0Q.accept(Unknown Source:4)
09-01 18:54:01.763 19067 19067 E SecurityException: 	at io.a.g.d.u.onNext(SourceFile:63)
09-01 18:54:01.763 19067 19067 E SecurityException: 	at io.a.g.e.e.cd$a.ccf(SourceFile:201)
09-01 18:54:01.763 19067 19067 E SecurityException: 	at io.a.g.e.e.cd$a.run(SourceFile:255)
09-01 18:54:01.763 19067 19067 E SecurityException: 	at io.a.a.b.b$b.run(SourceFile:124)
09-01 18:54:01.763 19067 19067 E SecurityException: 	at android.os.Handler.handleCallback(Handler.java:873)
09-01 18:54:01.763 19067 19067 E SecurityException: 	at android.os.Handler.dispatchMessage(Handler.java:99)
09-01 18:54:01.763 19067 19067 E SecurityException: 	at android.os.Looper.loop(Looper.java:224)
09-01 18:54:01.763 19067 19067 E SecurityException: 	at android.app.ActivityThread.main(ActivityThread.java:7042)
09-01 18:54:01.763 19067 19067 E SecurityException: 	at java.lang.reflect.Method.invoke(Native Method)
09-01 18:54:01.763 19067 19067 E SecurityException: 	at com.android.internal.os.RuntimeInit$MethodAndArgsCaller.run(RuntimeInit.java:536)
09-01 18:54:01.763 19067 19067 E SecurityException: 	at com.android.internal.os.ZygoteInit.main(ZygoteInit.java:868)
09-01 18:54:01.763 19067 19067 E SecurityException:
09-01 18:54:02.042   717   717 I SurfaceFlinger: FPS: 15
09-01 18:54:02.140 19067 19181 I CronetEngine: [thread_background]
09-01 18:54:02.140 19067 19181 I CronetEngine: url: https://data.uat.missevan.com/statistics/collect-events
09-01 18:54:02.140 19067 19181 I CronetEngine:  ip: 10.21.250.10
09-01 18:54:02.140 19067 19181 I CronetEngine:  hostResolverProvider:
09-01 18:54:02.140 19067 19181 I CronetEngine:  hostResolveIps: []
09-01 18:54:02.140 19067 19181 I CronetEngine:
09-01 18:54:02.752 19834 19834 I Perf    : Connecting to perf service.
09-01 18:54:02.795 19834 19834 D Tinker.TinkerLoader: tryLoad test test
09-01 18:54:02.800 19834 19834 W Tinker.TinkerLoader: tryLoadPatchFiles:patch dir not exist:/data/user/0/cn.missevan/tinker
09-01 18:54:02.869 19834 19834 D Tinker.DefaultAppLike: onBaseContextAttached:
09-01 18:54:02.874 19834 19834 I MultiDex: VM with version 2.1.0 has multidex support
09-01 18:54:02.874 19834 19834 I MultiDex: Installing application
09-01 18:54:02.874 19834 19834 I MultiDex: VM has multidex support, MultiDex support library is disabled.
09-01 18:54:02.964 19834 19834 D Tinker.DefaultAppLike: onCreate
09-01 18:54:03.059   717   717 I SurfaceFlinger: FPS: 59
09-01 18:54:03.225 19834 19834 W issevan:channe: Accessing hidden method Landroid/app/ActivityThread;->currentApplication()Landroid/app/Application; (light greylist, linking)
09-01 18:54:03.297 10614 10759 D WorkerThreadMonitor: Kill MSF check result[ senderSize:0,sendInterval:19808,receiveInterval=19786,addCmdCount=946
09-01 18:54:03.369 19834 19917 D SentryLog: [pool-3-thread-1] SU isn't found on this Device.
09-01 18:54:03.408 19834 19834 I SentryLog: [main] Initializing SDK with DSN: 'https://8e68e4623f6348b0b9984471d41e3e2d@sentry.missevan.com/2'
09-01 18:54:03.403 19834 19834 W pool-3-thread-1: type=1400 audit(0.0:86918): avc: denied { read } for name="version" dev="proc" ino=4026532090 scontext=u:r:untrusted_app:s0:c90,c258,c512,c768 tcontext=u:object_r:proc_version:s0 tclass=file permissive=0
09-01 18:54:03.414 19834 19834 I SentryLog: [main] GlobalHubMode: 'true'
09-01 18:54:03.442 19834 19834 D SentryLog: [main] UncaughtExceptionHandlerIntegration enabled: true
09-01 18:54:03.443 19834 19834 D SentryLog: [main] default UncaughtExceptionHandler class='xcrash.i'
09-01 18:54:03.444 19834 19834 D SentryLog: [main] UncaughtExceptionHandlerIntegration installed.
09-01 18:54:03.446 19834 19834 D SentryLog: [main] ShutdownHookIntegration installed.
09-01 18:54:03.449 19834 19834 D SentryLog: [main] SendCachedEventFireAndForgetIntegration installed.
09-01 18:54:03.450 19834 19920 D SentryLog: [pool-2-thread-1] Started processing cached files from /data/user/0/cn.missevan/cache/sentry
09-01 18:54:03.450 19834 19834 D SentryLog: [main] NdkIntegration enabled: true
09-01 18:54:03.452 19834 19834 I sentry-native: using database path "/data/data/cn.missevan/cache/sentry/.sentry-native"
09-01 18:54:03.452 19834 19834 D sentry-native: starting backend
09-01 18:54:03.454 19834 19834 D SentryLog: [main] NdkIntegration installed.
09-01 18:54:03.456 19834 19834 D SentryLog: [main] Registering EnvelopeFileObserverIntegration for path: /data/user/0/cn.missevan/cache/sentry/outbox
09-01 18:54:03.458 19834 19920 D SentryLog: [pool-2-thread-1] Processing dir. /data/user/0/cn.missevan/cache/sentry
09-01 18:54:03.460 19834 19834 D SentryLog: [main] EnvelopeFileObserverIntegration installed.
09-01 18:54:03.461 19834 19834 D SentryLog: [main] SendCachedEventFireAndForgetIntegration installed.
09-01 18:54:03.462 19834 19834 D SentryLog: [main] AnrIntegration enabled: true
09-01 18:54:03.463 19834 19920 D SentryLog: [pool-2-thread-1] Processing 0 items from cache dir /data/user/0/cn.missevan/cache/sentry
09-01 18:54:03.464 19834 19834 D SentryLog: [main] ANR timeout in milliseconds: 5000
09-01 18:54:03.466 19834 19834 D SentryLog: [main] AnrIntegration installed.
09-01 18:54:03.467 19834 19920 D SentryLog: [pool-2-thread-1] File /data/user/0/cn.missevan/cache/sentry/outbox is not a File.
09-01 18:54:03.467 19834 19834 D SentryLog: [main] enableSessionTracking enabled: true
09-01 18:54:03.468 19834 19834 D SentryLog: [main] enableAppLifecycleBreadcrumbs enabled: true
09-01 18:54:03.470 19834 19920 D SentryLog: [pool-2-thread-1] Processing file: /data/user/0/cn.missevan/cache/sentry/session.json
09-01 18:54:03.473 19834 19920 D SentryLog: [pool-2-thread-1] File '/data/user/0/cn.missevan/cache/sentry/session.json' doesn't match extension expected.
09-01 18:54:03.476 19834 19834 D SentryLog: [main] AppLifecycleIntegration installed.
09-01 18:54:03.477 19834 19920 D SentryLog: [pool-2-thread-1] File /data/user/0/cn.missevan/cache/sentry/.sentry-native is not a File.
09-01 18:54:03.478 19834 19834 D SentryLog: [main] ActivityLifecycleIntegration enabled: true
09-01 18:54:03.478 19834 19834 D SentryLog: [main] ActivityLifecycleIntegration installed.
09-01 18:54:03.479 19834 19920 D SentryLog: [pool-2-thread-1] Finished processing cached files from /data/user/0/cn.missevan/cache/sentry
09-01 18:54:03.479 19834 19834 D SentryLog: [main] UserInteractionIntegration enabled: true
09-01 18:54:03.480 19834 19834 D SentryLog: [main] UserInteractionIntegration installed.
09-01 18:54:03.481 19834 19834 D SentryLog: [main] AppComponentsBreadcrumbsIntegration enabled: true
09-01 18:54:03.482 19834 19920 D SentryLog: [pool-2-thread-1] Started processing cached files from /data/user/0/cn.missevan/cache/sentry/outbox
09-01 18:54:03.482 19834 19834 D SentryLog: [main] AppComponentsBreadcrumbsIntegration installed.
09-01 18:54:03.483 19834 19834 D SentryLog: [main] SystemEventsBreadcrumbsIntegration enabled: true
09-01 18:54:03.484 19834 19920 D SentryLog: [pool-2-thread-1] Processing dir. /data/user/0/cn.missevan/cache/sentry/outbox
09-01 18:54:03.487 19834 19834 D SentryLog: [main] SystemEventsBreadcrumbsIntegration installed.
09-01 18:54:03.488 19834 19920 D SentryLog: [pool-2-thread-1] Processing 0 items from cache dir /data/user/0/cn.missevan/cache/sentry/outbox
09-01 18:54:03.489 19834 19834 D SentryLog: [main] enableSystemEventsBreadcrumbs enabled: true
09-01 18:54:03.490 19834 19920 D SentryLog: [pool-2-thread-1] Finished processing cached files from /data/user/0/cn.missevan/cache/sentry/outbox
09-01 18:54:03.496 19834 19834 I SentryLog: [main] TYPE_AMBIENT_TEMPERATURE is not available.
09-01 18:54:03.497 19834 19834 D SentryLog: [main] enableSystemEventBreadcrumbs enabled: true
09-01 18:54:03.499 19834 19834 D SentryLog: [main] FragmentLifecycleIntegration installed.
09-01 18:54:03.782 19834 19834 D NAccs.AccsClientConfig:  build config:AccsClientConfig{mAppKey='umeng:546d7dd7fd98c58fc800082c', mAppSecret='64e8358a59d434e5546720db97ab5996', mInappHost='umengacs.m.taobao.com', mChannelHost='umengjmacs.m.taobao.com', mStoreId='', mSecurity=2, mAuthCode='', mInappPubKey=11, mChannelPubKey=11, mKeepalive=true, mAutoUnit=false, mTag='default', mConfigEnv=0, mDisableChannel=false, mQuickReconnect=false, mAccsHeartbeatEnable=false, mPullUpEnable=false, mForePingEnable=false, mPingTimeout=0}
09-01 18:54:03.782 19834 19834 W NAccs.AccsClientConfig:  build conver old config:AccsClientConfig{mAppKey='umeng:546d7dd7fd98c58fc800082c', mAppSecret='64e8358a59d434e5546720db97ab5996', mInappHost='umengacs.m.taobao.com', mChannelHost='umengjmacs.m.taobao.com', mStoreId='', mSecurity=2, mAuthCode='', mInappPubKey=-1, mChannelPubKey=-1, mKeepalive=true, mAutoUnit=true, mTag='default', mConfigEnv=0, mDisableChannel=false, mQuickReconnect=false, mAccsHeartbeatEnable=false, mPullUpEnable=true, mForePingEnable=false, mPingTimeout=0}
09-01 18:54:03.783 19834 19834 D NAccs.ACCSClient:  init config:AccsClientConfig{mAppKey='umeng:546d7dd7fd98c58fc800082c', mAppSecret='64e8358a59d434e5546720db97ab5996', mInappHost='umengacs.m.taobao.com', mChannelHost='umengjmacs.m.taobao.com', mStoreId='', mSecurity=2, mAuthCode='', mInappPubKey=11, mChannelPubKey=11, mKeepalive=true, mAutoUnit=false, mTag='default', mConfigEnv=0, mDisableChannel=false, mQuickReconnect=false, mAccsHeartbeatEnable=false, mPullUpEnable=false, mForePingEnable=false, mPingTimeout=0}
09-01 18:54:03.784 19834 19834 D UPush.Impl: appkey:546d7dd7fd98c58fc800082c secret:64e8358a59d434e5546720db97ab5996
09-01 18:54:03.787 19834 19940 I NAccs.TaobaoRegister:  register appKey:umeng:546d7dd7fd98c58fc800082c configTag:default
09-01 18:54:03.787 19834 19940 D NAccs.Config:  setAgooAppKey appkey:umeng:546d7dd7fd98c58fc800082c
09-01 18:54:03.788 19834 19940 D NAccs.Config:  setAgooMessageSecret secret:64e8358a59d434e5546720db97ab5996
09-01 18:54:03.791 19834 19940 D NAccs.ACCSManager:  getAccsInstance key:default|0
09-01 18:54:03.824 19834 19940 D NAccs.MsgRecv_default:  message file not exist
09-01 18:54:03.826 19834 19940 D NAccs.InAppConn_default:  new connection
09-01 18:54:03.833 19834 19940 I NAccs.Utils:  isMainProcess result:false
09-01 18:54:03.834 19834 19940 I NAccs.ACCSMgrImpl_default:  bindApp appKey:umeng:546d7dd7fd98c58fc800082c
09-01 18:54:03.835 19834 19834 D NetworkSecurityConfig: Using Network Security Config from resource g debugBuild: true
09-01 18:54:03.840 19834 19940 D NAccs.UtilityImpl:  enableService comptName:ComponentInfo{cn.missevan/com.taobao.accs.ChannelService}
09-01 18:54:03.529  1724  2178 I chatty  : uid=1000(system) AutobacklightTh identical 18 lines
09-01 18:54:03.841  1724  2892 W PackageManager: setEnabledSetting  packageName:cn.missevan className:com.taobao.accs.ChannelService newState:1 userId:0 callingPackage:null
09-01 18:54:03.841 19834 19834 W issevan:channe: Accessing hidden method Ldalvik/system/CloseGuard;->get()Ldalvik/system/CloseGuard; (light greylist, reflection)
