09-07 14:14:34.153  6086  6156 I NAccs.ElectionServiceImpl:  handleStartCommand configTag:default appkey:umeng:546d7dd7fd98c58fc800082c appSecret:64e8358a59d434e5546720db97ab5996 ttid:android@umeng pkg:cn.missevan
09-07 14:14:34.154  6086  6156 I NAccs.ElectionServiceImpl:  getConnection configTag:default start:false
09-07 14:14:34.155  6086  6156 I NAccs.ServiceImpl:  onHostStartCommand intent:Intent { act=com.taobao.accs.intent.action.START_SERVICE cmp=cn.missevan/com.taobao.accs.ChannelService (has extras) }
09-07 14:14:34.155  6086  6156 D NAccs.ServiceImpl:  onHostStartCommand key:appKey  value:umeng:546d7dd7fd98c58fc800082c
09-07 14:14:34.156  6086  6156 D NAccs.ServiceImpl:  onHostStartCommand key:configTag  value:default
09-07 14:14:34.156  6086  6156 D NAccs.ServiceImpl:  onHostStartCommand key:mode  value:0
09-07 14:14:34.156  6086  6156 D NAccs.ServiceImpl:  onHostStartCommand key:ttid  value:android@umeng
09-07 14:14:34.156  6086  6156 D NAccs.ServiceImpl:  onHostStartCommand key:packageName  value:cn.missevan
09-07 14:14:34.156  6086  6156 D NAccs.ServiceImpl:  onHostStartCommand key:app_sercet  value:64e8358a59d434e5546720db97ab5996
09-07 14:14:34.156  6086  6156 D NAccs.ServiceImpl:  onHostStartCommand key:agoo_app_key  value:umeng:546d7dd7fd98c58fc800082c
09-07 14:14:34.157  6086  6156 I NAccs.LoadSoFailUtil:  getSoFailTimes times:0
09-07 14:14:34.157  6086  6156 D NAccs.ServiceImpl:  handleAction action:com.taobao.accs.intent.action.START_SERVICE
09-07 14:14:34.157  6086  6156 I NAccs.ServiceImpl:  tryConnect appkey:umeng:546d7dd7fd98c58fc800082c configTag:default|0
09-07 14:14:34.157  6086  6156 D NAccs.SilenceConn_default:  start
09-07 14:14:34.157  6086  6156 D NAccs.SilenceConn_default:  try ping, force:false
09-07 14:14:34.159  6086  6156 D NAccs.SilenceConn_default:  sendMessage ready dataId:1662531274157.3 type:PING delay:0
09-07 14:14:34.159  6086  6156 D NAccs.SilenceConn_default:  clearRepeatControlCommand message:201/
09-07 14:14:34.178  5620  5620 D NAccs.a :  bindService connected componentName:ComponentInfo{cn.missevan/com.umeng.message.component.UmengIntentService}
09-07 14:14:34.180  6086  6086 I NAccs.BaseIntentService:  handleMessage on receive msg msg:{ id=37 when=0 what=0 target=org.android.agoo.control.g }
09-07 14:14:34.181  6086  6086 I NAccs.BaseIntentService:  handleMessage get intent success intent:Intent { act=org.agoo.android.intent.action.REPORT pkg=cn.missevan cmp=cn.missevan/com.umeng.message.component.UmengIntentService }
09-07 14:14:34.182  6086  6156 I NAccs.BaseIntentService:  onHandleIntent,action=org.agoo.android.intent.action.REPORT,agooCommand=cn.missevan.intent.action.COMMAND,mipushCommand=cn.missevan.intent.thirdPush.action.COMMAND
09-07 14:14:34.182  6086  6156 I NAccs.BaseIntentService:  is report cache msg,Config.isReportCacheMsg(mContext)=false
09-07 14:14:34.183  6086  6156 D NAccs.isClearTime:  now=1662531274183,now - lastTime=81454310,istrue=false
09-07 14:14:34.183  6086  6156 I NAccs.BaseIntentService:  is clear all msg=false
09-07 14:14:34.183  6086  6156 D NAccs.isClearTime:  now=1662531274183,now - lastTime=81454310,istrue=false
09-07 14:14:34.346  5348  5785 D FreeFlowUtils: [glide-disk-cache-thread-0] Origin url: http://static-test.maoercdn.com/app/homepage/banners/202202/07/58d57ea686d685c0a4bc33559db77de8164943.png?x-oss-process=image/resize,w_996/format,webp, free flow url: http://static-test.maoercdn.com/app/homepage/banners/202202/07/58d57ea686d685c0a4bc33559db77de8164943.png?x-oss-process=image/resize,w_996/format,webp
09-07 14:14:34.383  5348  5785 D FreeFlowUtils: [glide-disk-cache-thread-0] Origin url: http://static-test.maoercdn.com/catalog/banners/202202/07/0a991023416aea52a438eb6113710d82165637.png?x-oss-process=image/resize,w_996/format,webp, free flow url: http://static-test.maoercdn.com/catalog/banners/202202/07/0a991023416aea52a438eb6113710d82165637.png?x-oss-process=image/resize,w_996/format,webp
09-07 14:14:34.488  5348  5362 I cn.missevan: NativeAlloc concurrent copying GC freed 81503(5MB) AllocSpace objects, 41(2MB) LOS objects, 50% free, 23MB/46MB, paused 242us total 123.529ms
09-07 14:14:34.540   718   718 I SurfaceFlinger: FPS: 54
09-07 14:14:34.684  5348  5785 D FreeFlowUtils: [glide-disk-cache-thread-0] Origin url: https://static-test.missevan.com/app/homepage/banners/202107/27/b9149fd9759e3b9e78102bb8fc2540d9184218.jpg?x-oss-process=image/resize,w_996/format,webp, free flow url: https://static-test.missevan.com/app/homepage/banners/202107/27/b9149fd9759e3b9e78102bb8fc2540d9184218.jpg?x-oss-process=image/resize,w_996/format,webp
09-07 14:14:34.710  5348  5785 D FreeFlowUtils: [glide-disk-cache-thread-0] Origin url: https://static-test.missevan.com/catalog/banners/202202/07/b6f61596311ab9eb0a65f1eac9a6cd90154654.jpg?x-oss-process=image/resize,w_996/format,webp, free flow url: https://static-test.missevan.com/catalog/banners/202202/07/b6f61596311ab9eb0a65f1eac9a6cd90154654.jpg?x-oss-process=image/resize,w_996/format,webp
09-07 14:14:34.836  5348  5579 D DexLoader: WebCoreClassLoader - loadClass(com.tencent.tbsqmsp.sdk.c.h,false)...
09-07 14:14:34.843  5348  5579 V cbid    : get_bid_trait api: 28 --- getBidTrait:420
09-07 14:14:34.958  5348  5579 D DexLoader: WebCoreClassLoader - loadClass(com.tencent.tbsqmsp.sdk.f.l,false)...
09-07 14:14:34.974  5348  5579 D DexLoader: WebCoreClassLoader - loadClass(com.tencent.tbsqmsp.sdk.c.h$a,false)...
09-07 14:14:35.527  5719  5997 D NAccs.InAppConn_default:  startChannelService
09-07 14:14:35.529  5719  5997 D NAccs.Config:  getAgooAppKey appkey:umeng:546d7dd7fd98c58fc800082c
09-07 14:14:35.532  5719  5997 I NAccs.a :  dispatchIntent bind service start intent:Intent { act=com.taobao.accs.intent.action.START_SERVICE cmp=cn.missevan/com.taobao.accs.ChannelService (has extras) }
09-07 14:14:35.541   718   718 I SurfaceFlinger: FPS: 60
09-07 14:14:35.565  5719  5719 D NAccs.a :  bindService connected componentName:ComponentInfo{cn.missevan/com.taobao.accs.ChannelService}
09-07 14:14:35.565  5719  5997 D NAccs.AdapterGlobalClientInfo:  getAgooCustomServiceName serviceName:com.umeng.message.component.UmengIntentService
09-07 14:14:35.565  5719  5997 I NAccs.a :  dispatchIntent bind service start intent:Intent { act=org.agoo.android.intent.action.REPORT pkg=cn.missevan cmp=cn.missevan/com.umeng.message.component.UmengIntentService }
09-07 14:14:35.568  6086  6086 I NAccs.BaseService:  handleMessage on receive msg msg:{ id=38 when=-1ms what=0 target=com.taobao.accs.base.BaseService$1 }
09-07 14:14:35.568  6086  6086 I NAccs.BaseService:  handleMessage get intent success intent:Intent { act=com.taobao.accs.intent.action.START_SERVICE cmp=cn.missevan/com.taobao.accs.ChannelService (has extras) }
09-07 14:14:35.570  6086  6156 I NAccs.ElectionServiceImpl:  onStartCommand begin action:com.taobao.accs.intent.action.START_SERVICE
09-07 14:14:35.571  6086  6156 I NAccs.ElectionServiceImpl:  handleStartCommand configTag:default appkey:umeng:546d7dd7fd98c58fc800082c appSecret:64e8358a59d434e5546720db97ab5996 ttid:android@umeng pkg:cn.missevan
09-07 14:14:35.571  6086  6156 I NAccs.ElectionServiceImpl:  getConnection configTag:default start:false
09-07 14:14:35.572  6086  6156 I NAccs.ServiceImpl:  onHostStartCommand intent:Intent { act=com.taobao.accs.intent.action.START_SERVICE cmp=cn.missevan/com.taobao.accs.ChannelService (has extras) }
09-07 14:14:35.572  6086  6156 D NAccs.ServiceImpl:  onHostStartCommand key:appKey  value:umeng:546d7dd7fd98c58fc800082c
09-07 14:14:35.572  6086  6156 D NAccs.ServiceImpl:  onHostStartCommand key:configTag  value:default
09-07 14:14:35.573  6086  6156 D NAccs.ServiceImpl:  onHostStartCommand key:mode  value:0
09-07 14:14:35.573  6086  6156 D NAccs.ServiceImpl:  onHostStartCommand key:ttid  value:android@umeng
09-07 14:14:35.573  6086  6156 D NAccs.ServiceImpl:  onHostStartCommand key:packageName  value:cn.missevan
09-07 14:14:35.573  6086  6156 D NAccs.ServiceImpl:  onHostStartCommand key:app_sercet  value:64e8358a59d434e5546720db97ab5996
09-07 14:14:35.573  6086  6156 D NAccs.ServiceImpl:  onHostStartCommand key:agoo_app_key  value:umeng:546d7dd7fd98c58fc800082c
09-07 14:14:35.574  6086  6156 I NAccs.LoadSoFailUtil:  getSoFailTimes times:0
09-07 14:14:35.574  6086  6156 D NAccs.ServiceImpl:  handleAction action:com.taobao.accs.intent.action.START_SERVICE
09-07 14:14:35.574  6086  6156 I NAccs.ServiceImpl:  tryConnect appkey:umeng:546d7dd7fd98c58fc800082c configTag:default|0
09-07 14:14:35.574  6086  6156 D NAccs.SilenceConn_default:  start
09-07 14:14:35.574  6086  6156 D NAccs.SilenceConn_default:  try ping, force:false
09-07 14:14:35.576  6086  6156 D NAccs.SilenceConn_default:  sendMessage ready dataId:1662531275574.4 type:PING delay:0
09-07 14:14:35.577  6086  6156 D NAccs.SilenceConn_default:  clearRepeatControlCommand message:201/
09-07 14:14:35.598  5719  5719 D NAccs.a :  bindService connected componentName:ComponentInfo{cn.missevan/com.umeng.message.component.UmengIntentService}
09-07 14:14:35.599  6086  6086 I NAccs.BaseIntentService:  handleMessage on receive msg msg:{ id=39 when=0 what=0 target=org.android.agoo.control.g }
09-07 14:14:35.599  6086  6086 I NAccs.BaseIntentService:  handleMessage get intent success intent:Intent { act=org.agoo.android.intent.action.REPORT pkg=cn.missevan cmp=cn.missevan/com.umeng.message.component.UmengIntentService }
09-07 14:14:35.601  6086  6156 I NAccs.BaseIntentService:  onHandleIntent,action=org.agoo.android.intent.action.REPORT,agooCommand=cn.missevan.intent.action.COMMAND,mipushCommand=cn.missevan.intent.thirdPush.action.COMMAND
09-07 14:14:35.602  6086  6156 I NAccs.BaseIntentService:  is report cache msg,Config.isReportCacheMsg(mContext)=false
09-07 14:14:35.603  6086  6156 D NAccs.isClearTime:  now=1662531275602,now - lastTime=81455729,istrue=false
09-07 14:14:35.603  6086  6156 I NAccs.BaseIntentService:  is clear all msg=false
09-07 14:14:35.603  6086  6156 D NAccs.isClearTime:  now=1662531275602,now - lastTime=81455729,istrue=false
09-07 14:14:36.572   718   718 I SurfaceFlinger: FPS: 50
09-07 14:14:37.410  5348  5785 D FreeFlowUtils: [glide-disk-cache-thread-0] Origin url: http://static-test.maoercdn.com/app/homepage/banners/202108/04/d298ca9dab102f4d29ac53790a630b23174515.jpg?x-oss-process=image/resize,w_996/format,webp, free flow url: http://static-test.maoercdn.com/app/homepage/banners/202108/04/d298ca9dab102f4d29ac53790a630b23174515.jpg?x-oss-process=image/resize,w_996/format,webp
09-07 14:14:37.455  5348  5785 D FreeFlowUtils: [glide-disk-cache-thread-0] Origin url: http://static-test.maoercdn.com/app/homepage/banners/202108/04/a71605e39db1cc8db702bbf4282803ec183441.jpeg?x-oss-process=image/resize,w_996/format,webp, free flow url: http://static-test.maoercdn.com/app/homepage/banners/202108/04/a71605e39db1cc8db702bbf4282803ec183441.jpeg?x-oss-process=image/resize,w_996/format,webp
09-07 14:14:37.588   718   718 I SurfaceFlinger: FPS: 52
09-07 14:14:37.710  1710  1732 I system_server: Background concurrent copying GC freed 419513(17MB) AllocSpace objects, 96(6MB) LOS objects, 32% free, 49MB/73MB, paused 586us total 305.149ms
09-07 14:14:37.727  1710  1730 W System  : A resource failed to call release.
09-07 14:14:37.727  1710  1730 I chatty  : uid=1000(system) FinalizerDaemon identical 2 lines
09-07 14:14:37.727  1710  1730 W System  : A resource failed to call release.
09-07 14:14:37.826 32400 32567 D MSF.C.NetConnTag.true: preDetectTimeoutMsg cmd:GSI2MRk9Ky4vMQMiKHYGFw4cFhUZHXccCwAVCxwUBB0VERUF, ssoSeq:20304
09-07 14:14:37.827 32400 32586 D MSF.C.NetConnTag.true: msf can not get ssid
09-07 14:14:37.827 32400 32586 D MSF.C.NetConnTag.true: msf can not get ssid
09-07 14:14:37.827 32400 32586 D MSF.C.NetConnTag.true: encodeRequest cmd: Heartbeat.Alive, with version = 10, AppId = 537129683
09-07 14:14:37.827 32400 32586 D MSF.C.NetConnTag.true: pa ok: 20305
09-07 14:14:37.827 32400 32586 D MSF.C.NetConnTag.DualConnContext.true: tryDualConn
09-07 14:14:37.828 32400 32586 D MSF.C.NetConnTag.true: netSend ssoSeq:20305 uin:0 cmd:AiYxJi46IDs+bRE4My4g 20507 b0f41bd socketEngineID: 0 socket: 185549245
09-07 14:14:37.861 32400 32616 D MSF.C.NetConnTag.true: netRecv ssoSeq:20305 uin:0 cmd:AiYxJi46IDs+bRE4My4g 20381 cross:0 socketEngineID: 0 socket: 185549245
09-07 14:14:38.227  5885  6065 D NAccs.InAppConn_default:  startChannelService
09-07 14:14:38.229  5885  6065 D NAccs.Config:  getAgooAppKey appkey:umeng:546d7dd7fd98c58fc800082c
09-07 14:14:38.230  5885  6065 I NAccs.a :  dispatchIntent bind service start intent:Intent { act=com.taobao.accs.intent.action.START_SERVICE cmp=cn.missevan/com.taobao.accs.ChannelService (has extras) }
09-07 14:14:38.243  5885  6065 D NAccs.AdapterGlobalClientInfo:  getAgooCustomServiceName serviceName:com.umeng.message.component.UmengIntentService
09-07 14:14:38.243  5885  6065 I NAccs.a :  dispatchIntent bind service start intent:Intent { act=org.agoo.android.intent.action.REPORT pkg=cn.missevan cmp=cn.missevan/com.umeng.message.component.UmengIntentService }
09-07 14:14:38.244  5885  5885 D NAccs.a :  bindService connected componentName:ComponentInfo{cn.missevan/com.taobao.accs.ChannelService}
09-07 14:14:38.245  6086  6086 I NAccs.BaseService:  handleMessage on receive msg msg:{ id=41 when=0 what=0 target=com.taobao.accs.base.BaseService$1 }
09-07 14:14:38.247  6086  6086 I NAccs.BaseService:  handleMessage get intent success intent:Intent { act=com.taobao.accs.intent.action.START_SERVICE cmp=cn.missevan/com.taobao.accs.ChannelService (has extras) }
09-07 14:14:38.248  6086  6156 I NAccs.ElectionServiceImpl:  onStartCommand begin action:com.taobao.accs.intent.action.START_SERVICE
09-07 14:14:38.248  6086  6156 I NAccs.ElectionServiceImpl:  handleStartCommand configTag:default appkey:umeng:546d7dd7fd98c58fc800082c appSecret:64e8358a59d434e5546720db97ab5996 ttid:android@umeng pkg:cn.missevan
09-07 14:14:38.249  6086  6156 I NAccs.ElectionServiceImpl:  getConnection configTag:default start:false
09-07 14:14:38.250  6086  6156 I NAccs.ServiceImpl:  onHostStartCommand intent:Intent { act=com.taobao.accs.intent.action.START_SERVICE cmp=cn.missevan/com.taobao.accs.ChannelService (has extras) }
09-07 14:14:38.250  6086  6156 D NAccs.ServiceImpl:  onHostStartCommand key:appKey  value:umeng:546d7dd7fd98c58fc800082c
09-07 14:14:38.250  6086  6156 D NAccs.ServiceImpl:  onHostStartCommand key:configTag  value:default
09-07 14:14:38.250  6086  6156 D NAccs.ServiceImpl:  onHostStartCommand key:mode  value:0
09-07 14:14:38.251  6086  6156 D NAccs.ServiceImpl:  onHostStartCommand key:ttid  value:android@umeng
09-07 14:14:38.251  6086  6156 D NAccs.ServiceImpl:  onHostStartCommand key:packageName  value:cn.missevan
09-07 14:14:38.251  6086  6156 D NAccs.ServiceImpl:  onHostStartCommand key:app_sercet  value:64e8358a59d434e5546720db97ab5996
09-07 14:14:38.251  6086  6156 D NAccs.ServiceImpl:  onHostStartCommand key:agoo_app_key  value:umeng:546d7dd7fd98c58fc800082c
09-07 14:14:38.252  6086  6156 I NAccs.LoadSoFailUtil:  getSoFailTimes times:0
09-07 14:14:38.252  6086  6156 D NAccs.ServiceImpl:  handleAction action:com.taobao.accs.intent.action.START_SERVICE
09-07 14:14:38.252  6086  6156 I NAccs.ServiceImpl:  tryConnect appkey:umeng:546d7dd7fd98c58fc800082c configTag:default|0
09-07 14:14:38.252  6086  6156 D NAccs.SilenceConn_default:  start
09-07 14:14:38.252  6086  6156 D NAccs.SilenceConn_default:  try ping, force:false
09-07 14:14:38.253  5885  5885 D NAccs.a :  bindService connected componentName:ComponentInfo{cn.missevan/com.umeng.message.component.UmengIntentService}
09-07 14:14:38.255  6086  6086 I NAccs.BaseIntentService:  handleMessage on receive msg msg:{ id=42 when=0 what=0 target=org.android.agoo.control.g }
09-07 14:14:38.255  6086  6156 D NAccs.SilenceConn_default:  sendMessage ready dataId:1662531278252.5 type:PING delay:0
09-07 14:14:38.256  6086  6086 I NAccs.BaseIntentService:  handleMessage get intent success intent:Intent { act=org.agoo.android.intent.action.REPORT pkg=cn.missevan cmp=cn.missevan/com.umeng.message.component.UmengIntentService }
09-07 14:14:38.256  6086  6156 D NAccs.SilenceConn_default:  clearRepeatControlCommand message:201/
09-07 14:14:38.257  6086  6156 I NAccs.BaseIntentService:  onHandleIntent,action=org.agoo.android.intent.action.REPORT,agooCommand=cn.missevan.intent.action.COMMAND,mipushCommand=cn.missevan.intent.thirdPush.action.COMMAND
09-07 14:14:38.259  6086  6156 I NAccs.BaseIntentService:  is report cache msg,Config.isReportCacheMsg(mContext)=false
09-07 14:14:38.261  6086  6156 D NAccs.isClearTime:  now=1662531278260,now - lastTime=81458387,istrue=false
09-07 14:14:38.261  6086  6156 I NAccs.BaseIntentService:  is clear all msg=false
09-07 14:14:38.262  6086  6156 D NAccs.isClearTime:  now=1662531278260,now - lastTime=81458387,istrue=false
09-07 14:14:38.287  6086  6170 I NAccs.SilenceConn_default:  getChannelHost host:umengjmacs.m.taobao.com
09-07 14:14:38.291  6086  6170 D getConnStrategyListByHost: |[seq:host] umengjmacs.m.taobao.com:result [{203.119.205.127 80 spdy_0rtt_acs}, {203.119.205.127 443 spdy_0rtt_acs}, {203.119.218.243 80 spdy_0rtt_acs}, {203.119.218.243 443 spdy_0rtt_acs}]
09-07 14:14:38.293  6086  6170 E NAccs.SilenceConn_default:  connect ip:203.119.205.127 port:80
09-07 14:14:38.293  6086  6170 E NAccs.SilenceConn_default:  connect ip:203.119.205.127 port:443
09-07 14:14:38.294  6086  6170 E NAccs.SilenceConn_default:  connect ip:203.119.218.243 port:80
09-07 14:14:38.294  6086  6170 E NAccs.SilenceConn_default:  connect ip:203.119.218.243 port:443
09-07 14:14:38.295  6086  6170 E NAccs.SilenceConn_default:  connect from amdc succ ip:203.119.205.127 port:80 originPos:0
09-07 14:14:38.295  6086  6170 E NAccs.SilenceConn_default:  connect URL:https://203.119.205.127:80/accs/
09-07 14:14:38.297  6086  6170 E NAccs.SilenceConn_default:  notifyStatus start status:CONNECTING
09-07 14:14:38.298  6086  6170 I NAccs.SilenceConn_default:  notifyStatus end status:CONNECTING
09-07 14:14:38.298  6086  6170 E NAccs.SilenceConn_default:  connect normal
09-07 14:14:38.299  6086  6170 I NAccs.SilenceConn_default:  getChannelHost host:umengjmacs.m.taobao.com
09-07 14:14:38.299  6086  6170 I NAccs.SilenceConn_default:  getPublicKeyType use custom pub key pubKey:11
09-07 14:14:38.307  6086  6170 I tnet-jni: 10937 -  create new session: 203.119.205.127:80
09-07 14:14:38.363  6086  6164 I tnet-jni: 10931 - [SpdySessionCallBack.getSSLMeta] - org.android.spdy.SpdySession@204e35b
09-07 14:14:38.364  6086  6164 I tnet-jni: 10931 - [spdySessionConnectCB] -
09-07 14:14:38.364  6086  6164 I tnet-jni: 10931 - [SpdySessionCallBack.spdySessionConnectCB] - org.android.spdy.SpdySession@204e35b
09-07 14:14:38.366  6086  6164 E NAccs.SilenceConn_default:  spdySessionConnectCB sessionConnectInterval:55 sslTime:2 reuse:0
09-07 14:14:38.374  6086  6164 E NAccs.SilenceConn_default:  auth url:https://203.119.205.127:80/accs/auth?1=Yxb4jenW6G8DAAMnawpgwtMM&2=2d3350db2a0721d3256994f9db4c3489eaf3cf26598dc122a583a1dbc724421e&3=umeng:546d7dd7fd98c58fc800082c&5=0&6=wifi&7=null&8=221&9=1662531278373&10=1&11=28&12=cn.missevan&13=5.7.3&14=android@umeng&15=vivo+X21A&16=vivo&17=221&19=0&20=
09-07 14:14:38.379  6086  6164 I NAccs.SilenceConn_default:  getChannelHost host:umengjmacs.m.taobao.com
09-07 14:14:38.379  6086  6164 I NAccs.SilenceConn_default:  getChannelHost host:umengjmacs.m.taobao.com
09-07 14:14:38.382  6086  6164 I tnet-jni: 10931 - index=1  starttime=1662531278382
09-07 14:14:38.383  6086  6164 I tnet-jni: 10931 - index=1   calltime=1662531278383
09-07 14:14:38.426  6086  6164 I tnet-jni: 10931 - [SpdySessionCallBack.putSSLMeta] - org.android.spdy.SpdySession@204e35b
09-07 14:14:38.427  6086  6164 I tnet-jni: 10931 - [spdyStreamResponseRecv] -
09-07 14:14:38.427  6086  6164 I tnet-jni: 10931 - [SpdySessionCallBack.spdyOnStreamResponse] - org.android.spdy.SpdySession@204e35b
09-07 14:14:38.429  6086  6164 D NAccs.SilenceConn_:  spdyOnStreamResponse header:{date=[Wed, 07 Sep 2022 06:14:33 GMT], content-length=[0], server=[Tengine/Aserver/3.2.50_20220720104953], :version=[HTTP/1.1], s-accs-retcode=[SUCCESS], :status=[200], x-workerid=[1873498544683323950], x-at=[Yxb4jenW6G8DAAMnawpgwtMMumeng:546d7dd7fd98c58fc800082c1662545673]}
09-07 14:14:38.430  6086  6164 E NAccs.SilenceConn_default:  spdyOnStreamResponse httpStatusCode:200
09-07 14:14:38.430  6086  6164 E NAccs.SilenceConn_default:  notifyStatus start status:CONNECTED
09-07 14:14:38.430  6086  6164 D NAccs.HeartbeatManager:  resetLevel
09-07 14:14:38.431  6086  6164 D NAccs.HeartbeatManager:  set 270
09-07 14:14:38.433  1710  5183 V AlarmAlign: setLocked to kernel, type = 2, when = 471084093, curTime = 470960248
09-07 14:14:38.433  1710  5183 V AlarmAlign: setLocked to kernel, type = 3, when = 470981816, curTime = 470960248
09-07 14:14:38.433  1710  5183 V AlarmAlign: setLocked to kernel, type = 2, when = 471084093, curTime = 470960249
09-07 14:14:38.433  1710  5183 V AlarmAlign: setLocked to kernel, type = 3, when = 470981816, curTime = 470960249
09-07 14:14:38.433  1710  5183 V AlarmAlign: setLocked to kernel, type = 2, when = 471084093, curTime = 470960249
09-07 14:14:38.433  1710  5183 V AlarmAlign: setLocked to kernel, type = 3, when = 470981816, curTime = 470960249
09-07 14:14:38.433  1710  5183 V AlarmAlign: setLocked to kernel, type = 2, when = 471033328, curTime = 470960249
09-07 14:14:38.433  1710  5183 V AlarmAlign: setLocked to kernel, type = 3, when = 470981816, curTime = 470960249
09-07 14:14:38.437  1710  5183 V AlarmAlign: setLocked to kernel, type = 2, when = 471052197, curTime = 470960253
09-07 14:14:38.437  1710  5183 V AlarmAlign: setLocked to kernel, type = 3, when = 470981816, curTime = 470960253
09-07 14:14:38.437  1710  5183 V AlarmAlign: setLocked to kernel, type = 2, when = 471052197, curTime = 470960253
09-07 14:14:38.437  1710  5183 V AlarmAlign: setLocked to kernel, type = 3, when = 470981816, curTime = 470960253
09-07 14:14:38.438  6086  6164 I NAccs.SilenceConn_default:  notifyStatus end status:CONNECTED
09-07 14:14:38.438  6086  6170 D NAccs.HeartbeatManager:  set 270
09-07 14:14:38.438  6086  6164 D NAccs.SilenceConn_default:  spdyOnStreamResponse
09-07 14:14:38.439  6086  6164 I tnet-jni: 10931 - [spdyStreamCloseCallback] -
09-07 14:14:38.439  6086  6164 I tnet-jni: 10931 - [SpdySessionCallBack.spdyStreamCloseCallback] - org.android.spdy.SpdySession@204e35b
09-07 14:14:38.439  6086  6164 I tnet-jni: 10931 - index=1    endtime=1662531278439
09-07 14:14:38.439  6086  6164 D NAccs.SilenceConn_default:  spdyStreamCloseCallback
09-07 14:14:38.440  1710  5183 V AlarmAlign: setLocked to kernel, type = 2, when = 471052197, curTime = 470960255
09-07 14:14:38.440  1710  5183 V AlarmAlign: setLocked to kernel, type = 3, when = 470981816, curTime = 470960255
09-07 14:14:38.440  1710  5183 V AlarmAlign: setLocked to kernel, type = 2, when = 471052197, curTime = 470960255
09-07 14:14:38.440  1710  5183 V AlarmAlign: setLocked to kernel, type = 3, when = 470981816, curTime = 470960255
09-07 14:14:38.441  1710  5183 V AlarmAlign: setLocked to kernel, type = 2, when = 471084093, curTime = 470960256
09-07 14:14:38.441  1710  5183 V AlarmAlign: setLocked to kernel, type = 3, when = 470981816, curTime = 470960256
09-07 14:14:38.441  1710  5183 V AlarmAlign: setLocked to kernel, type = 2, when = 471033328, curTime = 470960256
09-07 14:14:38.441  1710  5183 V AlarmAlign: setLocked to kernel, type = 3, when = 470981816, curTime = 470960256
09-07 14:14:38.443  1710  5183 V AlarmAlign: setLocked to kernel, type = 2, when = 471052197, curTime = 470960259
09-07 14:14:38.443  1710  5183 V AlarmAlign: setLocked to kernel, type = 3, when = 470981816, curTime = 470960259
09-07 14:14:38.443  1710  5183 V AlarmAlign: setLocked to kernel, type = 2, when = 471052197, curTime = 470960259
09-07 14:14:38.443  1710  5183 V AlarmAlign: setLocked to kernel, type = 3, when = 470981816, curTime = 470960259
09-07 14:14:38.444  6086  6170 D NAccs.NetworkThread_default:  send succ, remove it
09-07 14:14:38.444  6086  6170 D NAccs.NetworkThread_default:  ready to get message
09-07 14:14:38.444  6086  6170 D NAccs.NetworkThread_default:  no message, wait
09-07 14:14:38.605   718   718 I SurfaceFlinger: FPS: 60
09-07 14:14:39.294 32400 32580 W Settings: Setting airplane_mode_on has moved from android.provider.Settings.System to android.provider.Settings.Global, returning read-only value.
09-07 14:14:39.340  5348  5785 D FreeFlowUtils: [glide-disk-cache-thread-0] Origin url: http://static-test.maoercdn.com/app/homepage/banners/202202/08/6f7d5ac41d35390f1123ba53fdb3e168184307.png?x-oss-process=image/resize,w_996/format,webp, free flow url: http://static-test.maoercdn.com/app/homepage/banners/202202/08/6f7d5ac41d35390f1123ba53fdb3e168184307.png?x-oss-process=image/resize,w_996/format,webp
09-07 14:14:39.586 32420  1714 E memtrack: Couldn't load memtrack module
09-07 14:14:39.586 32420  1714 W android.os.Debug: failed to get memory consumption info: -1
09-07 14:14:39.621   718   718 I SurfaceFlinger: FPS: 54
09-07 14:14:39.656  1710  5183 D PackageManager: package:10018 check permission,PERMISSION_GRANTED
09-07 14:14:39.425  1710  2176 I chatty  : uid=1000(system) AutobacklightTh identical 38 lines
09-07 14:14:39.657  1710  5183 W ActivityManager: Unable to start service Intent { act=android.security.IKeyChainService cmp=com.android.keychain/.KeyChainService } U=999: not found
09-07 14:14:39.656  1710  5183 I chatty  : uid=1000(system) Binder:1710_12 identical 1 line
09-07 14:14:39.657  1710  5183 D PackageManager: package:10018 check permission,PERMISSION_GRANTED
09-07 14:14:39.657  2389  6186 I SecurityController: java.lang.AssertionError: could not bind to KeyChainService
09-07 14:14:39.690  5348  5785 D FreeFlowUtils: [glide-disk-cache-thread-0] Origin url: https://static-test.missevan.com/app/homepage/banners/202203/01/4ae90a13700ad2584901a1786bd5a072191051.png?x-oss-process=image/resize,w_996/format,webp, free flow url: https://static-test.missevan.com/app/homepage/banners/202203/01/4ae90a13700ad2584901a1786bd5a072191051.png?x-oss-process=image/resize,w_996/format,webp
09-07 14:14:40.638   718   718 I SurfaceFlinger: FPS: 54
09-07 14:14:41.671   718   718 I SurfaceFlinger: FPS: 58
09-07 14:14:41.520  1710  2176 I chatty  : uid=1000(system) AutobacklightTh identical 11 lines
09-07 14:14:41.781  1710  1840 V WindowOrientationListener: in onTouchEndLocked. proposedRotation=0, oldProposedRotation=0
09-07 14:14:41.860  5348  5577 I CronetEngine: [thread_background]
09-07 14:14:41.860  5348  5577 I CronetEngine: url: https://data.uat.missevan.com/statistics/collect-events
09-07 14:14:41.860  5348  5577 I CronetEngine:  ip: 10.21.250.10
09-07 14:14:41.860  5348  5577 I CronetEngine:  hostResolverProvider:
09-07 14:14:41.860  5348  5577 I CronetEngine:  hostResolveIps: []
09-07 14:14:41.860  5348  5577 I CronetEngine:
09-07 14:14:41.867  5348  5348 I Banner  : [main] banner pause loop
09-07 14:14:41.869  5348  5348 I chatty  : uid=10612(cn.missevan) identical 2 lines
09-07 14:14:41.870  5348  5348 I Banner  : [main] banner pause loop
09-07 14:14:41.910  5348  5785 D FreeFlowUtils: [glide-disk-cache-thread-0] Origin url: http://static-test.maoercdn.com/topic/202008/04/e27b244d2ed79c8524af774be05b696f162050.png?x-oss-process=image/resize,w_90/format,webp, free flow url: http://static-test.maoercdn.com/topic/202008/04/e27b244d2ed79c8524af774be05b696f162050.png?x-oss-process=image/resize,w_90/format,webp
09-07 14:14:41.924  5348  5785 D FreeFlowUtils: [glide-disk-cache-thread-0] Origin url: http://static-test.maoercdn.com/topic/202012/11/814af4dafecaa57b4ffe00f2855d9288175623.png?x-oss-process=image/resize,w_90/format,webp, free flow url: http://static-test.maoercdn.com/topic/202012/11/814af4dafecaa57b4ffe00f2855d9288175623.png?x-oss-process=image/resize,w_90/format,webp
09-07 14:14:41.932  5348  5785 D FreeFlowUtils: [glide-disk-cache-thread-0] Origin url: http://static-test.maoercdn.com/homepage/icons/202111/11/0e153d1c224804cedef163b22c9e2e4c182514.png?x-oss-process=image/resize,w_90/format,webp, free flow url: http://static-test.maoercdn.com/homepage/icons/202111/11/0e153d1c224804cedef163b22c9e2e4c182514.png?x-oss-process=image/resize,w_90/format,webp
09-07 14:14:41.944  5348  5785 D FreeFlowUtils: [glide-disk-cache-thread-0] Origin url: http://static-test.maoercdn.com/topic/202008/04/47034bb1618439dfb4bfd945cb6df7f5162302.png?x-oss-process=image/resize,w_90/format,webp, free flow url: http://static-test.maoercdn.com/topic/202008/04/47034bb1618439dfb4bfd945cb6df7f5162302.png?x-oss-process=image/resize,w_90/format,webp
09-07 14:14:41.953  5348  5785 D FreeFlowUtils: [glide-disk-cache-thread-0] Origin url: http://static-test.maoercdn.com/topic/202008/04/2a70870d4d5a4e2f9eb5875651adeb2b162821.png?x-oss-process=image/resize,w_90/format,webp, free flow url: http://static-test.maoercdn.com/topic/202008/04/2a70870d4d5a4e2f9eb5875651adeb2b162821.png?x-oss-process=image/resize,w_90/format,webp
09-07 14:14:41.967  5348  5785 D FreeFlowUtils: [glide-disk-cache-thread-0] Origin url: http://static-test.maoercdn.com/topic/202008/04/db419e5aaf51aa283e818cf449cda9a1163359.png?x-oss-process=image/resize,w_90/format,webp, free flow url: http://static-test.maoercdn.com/topic/202008/04/db419e5aaf51aa283e818cf449cda9a1163359.png?x-oss-process=image/resize,w_90/format,webp
09-07 14:14:41.982  5348  5785 D FreeFlowUtils: [glide-disk-cache-thread-0] Origin url: http://static-test.maoercdn.com/topic/202008/04/b9801e2bb585e0540e6f4732c67d5a99164127.png?x-oss-process=image/resize,w_90/format,webp, free flow url: http://static-test.maoercdn.com/topic/202008/04/b9801e2bb585e0540e6f4732c67d5a99164127.png?x-oss-process=image/resize,w_90/format,webp
09-07 14:14:41.992  5348  5785 D FreeFlowUtils: [glide-disk-cache-thread-0] Origin url: http://static-test.maoercdn.com/topic/202008/04/c00e8960f2ac9f0f517c30b88dc4f69d164707.png?x-oss-process=image/resize,w_90/format,webp, free flow url: http://static-test.maoercdn.com/topic/202008/04/c00e8960f2ac9f0f517c30b88dc4f69d164707.png?x-oss-process=image/resize,w_90/format,webp
09-07 14:14:42.002  5348  5785 D FreeFlowUtils: [glide-disk-cache-thread-0] Origin url: http://static-test.maoercdn.com/topic/202008/04/3bfdc186184fe11baa4c1b942c82a5b5164949.png?x-oss-process=image/resize,w_90/format,webp, free flow url: http://static-test.maoercdn.com/topic/202008/04/3bfdc186184fe11baa4c1b942c82a5b5164949.png?x-oss-process=image/resize,w_90/format,webp
09-07 14:14:42.013  5348  5785 D FreeFlowUtils: [glide-disk-cache-thread-0] Origin url: http://static-test.maoercdn.com/topic/202008/04/9c66794b0ca1ac6a56b2ceadfc29d738171512.png?x-oss-process=image/resize,w_90/format,webp, free flow url: http://static-test.maoercdn.com/topic/202008/04/9c66794b0ca1ac6a56b2ceadfc29d738171512.png?x-oss-process=image/resize,w_90/format,webp
09-07 14:14:42.024  5348  5785 D FreeFlowUtils: [glide-disk-cache-thread-0] Origin url: http://static-test.maoercdn.com/topic/202008/04/4068bae5950ce90a14950a89935f696a171526.png?x-oss-process=image/resize,w_90/format,webp, free flow url: http://static-test.maoercdn.com/topic/202008/04/4068bae5950ce90a14950a89935f696a171526.png?x-oss-process=image/resize,w_90/format,webp
09-07 14:14:42.033  5348  5785 D FreeFlowUtils: [glide-disk-cache-thread-0] Origin url: http://static-test.maoercdn.com/topic/202008/04/8040e58f5fb0fdd52db855cc12c12dd2171816.png?x-oss-process=image/resize,w_90/format,webp, free flow url: http://static-test.maoercdn.com/topic/202008/04/8040e58f5fb0fdd52db855cc12c12dd2171816.png?x-oss-process=image/resize,w_90/format,webp
09-07 14:14:42.044  5348  5785 D FreeFlowUtils: [glide-disk-cache-thread-0] Origin url: http://static-test.maoercdn.com/topic/202008/04/8462e0f1f08438952684d374a749767a172043.png?x-oss-process=image/resize,w_90/format,webp, free flow url: http://static-test.maoercdn.com/topic/202008/04/8462e0f1f08438952684d374a749767a172043.png?x-oss-process=image/resize,w_90/format,webp
09-07 14:14:42.053  5348  5785 D FreeFlowUtils: [glide-disk-cache-thread-0] Origin url: http://static-test.maoercdn.com/homepage/icons/202205/30/84e7a211b31cbe4b9528e1624bfeff99145404.png?x-oss-process=image/resize,w_90/format,webp, free flow url: http://static-test.maoercdn.com/homepage/icons/202205/30/84e7a211b31cbe4b9528e1624bfeff99145404.png?x-oss-process=image/resize,w_90/format,webp
09-07 14:14:42.063  5348  5785 D FreeFlowUtils: [glide-disk-cache-thread-0] Origin url: http://static-test.maoercdn.com/topic/202101/12/526f423a014f98abb6ce08cbb7bd24ef150503.png?x-oss-process=image/resize,w_90/format,webp, free flow url: http://static-test.maoercdn.com/topic/202101/12/526f423a014f98abb6ce08cbb7bd24ef150503.png?x-oss-process=image/resize,w_90/format,webp
09-07 14:14:42.107  5348  5577 I CronetEngine: [thread_background]
09-07 14:14:42.107  5348  5577 I CronetEngine: url: https://app.uat.missevan.com/person/get-user-info?user_id=9075653
09-07 14:14:42.107  5348  5577 I CronetEngine:  ip: 10.21.250.10
09-07 14:14:42.107  5348  5577 I CronetEngine:  hostResolverProvider:
09-07 14:14:42.107  5348  5577 I CronetEngine:  hostResolveIps: []
09-07 14:14:42.107  5348  5577 I CronetEngine:
09-07 14:14:42.110  5348  5707 I BLOG    : [RxCachedThreadScheduler-6] HTTP request: [2022-09-07T06:14:41.883Z] GET https://app.uat.missevan.com/person/get-user-info?user_id=9075653 200 222ms 0
09-07 14:14:42.673   718   718 I SurfaceFlinger: FPS: 33
09-07 14:14:42.646  1710  2176 I chatty  : uid=1000(system) AutobacklightTh identical 5 lines
09-07 14:14:42.809  1710  1840 V WindowOrientationListener: in onTouchEndLocked. proposedRotation=0, oldProposedRotation=0
09-07 14:14:42.860  5348  5348 I Banner  : [main] banner resume loop
09-07 14:14:42.863  5348  5348 I chatty  : uid=10612(cn.missevan) identical 2 lines
09-07 14:14:42.864  5348  5348 I Banner  : [main] banner resume loop
09-07 14:14:42.886  6086  6156 D NAccs.InAppConn_default:  startChannelService
09-07 14:14:42.887  6086  6156 D NAccs.Config:  getAgooAppKey appkey:umeng:546d7dd7fd98c58fc800082c
09-07 14:14:42.889  6086  6156 I NAccs.a :  dispatchIntent bind service start intent:Intent { act=com.taobao.accs.intent.action.START_SERVICE cmp=cn.missevan/com.taobao.accs.ChannelService (has extras) }
09-07 14:14:42.893  6086  6156 D NAccs.AdapterGlobalClientInfo:  getAgooCustomServiceName serviceName:com.umeng.message.component.UmengIntentService
09-07 14:14:42.893  6086  6156 I NAccs.a :  dispatchIntent bind service start intent:Intent { act=org.agoo.android.intent.action.REPORT pkg=cn.missevan cmp=cn.missevan/com.umeng.message.component.UmengIntentService }
09-07 14:14:42.894  6086  6086 D NAccs.a :  bindService connected componentName:ComponentInfo{cn.missevan/com.taobao.accs.ChannelService}
09-07 14:14:42.904  6086  6086 I NAccs.BaseService:  handleMessage on receive msg msg:{ id=45 when=-10ms what=0 target=com.taobao.accs.base.BaseService$1 }
09-07 14:14:42.904  6086  6086 I NAccs.BaseService:  handleMessage get intent success intent:Intent { act=com.taobao.accs.intent.action.START_SERVICE cmp=cn.missevan/com.taobao.accs.ChannelService (has extras) }
09-07 14:14:42.905  6086  6086 D NAccs.a :  bindService connected componentName:ComponentInfo{cn.missevan/com.umeng.message.component.UmengIntentService}
09-07 14:14:42.905  6086  6156 I NAccs.ElectionServiceImpl:  onStartCommand begin action:com.taobao.accs.intent.action.START_SERVICE
09-07 14:14:42.906  6086  6156 I NAccs.ElectionServiceImpl:  handleStartCommand configTag:default appkey:umeng:546d7dd7fd98c58fc800082c appSecret:64e8358a59d434e5546720db97ab5996 ttid:android@umeng pkg:cn.missevan
09-07 14:14:42.906  6086  6156 I NAccs.ElectionServiceImpl:  getConnection configTag:default start:false
09-07 14:14:42.907  6086  6156 I NAccs.ServiceImpl:  onHostStartCommand intent:Intent { act=com.taobao.accs.intent.action.START_SERVICE cmp=cn.missevan/com.taobao.accs.ChannelService (has extras) }
09-07 14:14:42.907  6086  6156 D NAccs.ServiceImpl:  onHostStartCommand key:appKey  value:umeng:546d7dd7fd98c58fc800082c
09-07 14:14:42.907  6086  6156 D NAccs.ServiceImpl:  onHostStartCommand key:configTag  value:default
09-07 14:14:42.907  6086  6156 D NAccs.ServiceImpl:  onHostStartCommand key:mode  value:0
09-07 14:14:42.907  6086  6156 D NAccs.ServiceImpl:  onHostStartCommand key:ttid  value:android@umeng
09-07 14:14:42.907  6086  6156 D NAccs.ServiceImpl:  onHostStartCommand key:packageName  value:cn.missevan
09-07 14:14:42.908  6086  6156 D NAccs.ServiceImpl:  onHostStartCommand key:app_sercet  value:64e8358a59d434e5546720db97ab5996
09-07 14:14:42.908  6086  6156 D NAccs.ServiceImpl:  onHostStartCommand key:agoo_app_key  value:umeng:546d7dd7fd98c58fc800082c
09-07 14:14:42.908  6086  6156 I NAccs.LoadSoFailUtil:  getSoFailTimes times:0
09-07 14:14:42.908  6086  6156 D NAccs.ServiceImpl:  handleAction action:com.taobao.accs.intent.action.START_SERVICE
09-07 14:14:42.908  6086  6156 I NAccs.ServiceImpl:  tryConnect appkey:umeng:546d7dd7fd98c58fc800082c configTag:default|0
09-07 14:14:42.908  6086  6156 D NAccs.SilenceConn_default:  start
09-07 14:14:42.908  6086  6156 D NAccs.SilenceConn_default:  try ping, force:false
09-07 14:14:42.911  6086  6156 D NAccs.SilenceConn_default:  sendMessage ready dataId:1662531282908.6 type:PING delay:0
09-07 14:14:42.913  6086  6086 I NAccs.BaseIntentService:  handleMessage on receive msg msg:{ id=47 when=-8ms what=0 target=org.android.agoo.control.g }
09-07 14:14:42.914  6086  6086 I NAccs.BaseIntentService:  handleMessage get intent success intent:Intent { act=org.agoo.android.intent.action.REPORT pkg=cn.missevan cmp=cn.missevan/com.umeng.message.component.UmengIntentService }
09-07 14:14:42.915  6086  6156 I NAccs.BaseIntentService:  onHandleIntent,action=org.agoo.android.intent.action.REPORT,agooCommand=cn.missevan.intent.action.COMMAND,mipushCommand=cn.missevan.intent.thirdPush.action.COMMAND
09-07 14:14:42.915  6086  6156 I NAccs.BaseIntentService:  is report cache msg,Config.isReportCacheMsg(mContext)=false
09-07 14:14:42.916  6086  6156 D NAccs.isClearTime:  now=1662531282915,now - lastTime=81463042,istrue=false
09-07 14:14:42.916  6086  6156 I NAccs.BaseIntentService:  is clear all msg=false
09-07 14:14:42.916  6086  6156 D NAccs.isClearTime:  now=1662531282915,now - lastTime=81463042,istrue=false
09-07 14:14:43.688   718   718 I SurfaceFlinger: FPS: 53
09-07 14:14:43.787 32400 32562 D WorkerThreadMonitor: Kill MSF check result[ senderSize:0,sendInterval:5959,receiveInterval=5925,addCmdCount=105
09-07 14:14:44.141 32400 32547 D MemoryCeilingMonitor: [handleMemoryCalculate]
09-07 14:14:44.141 32400 32547 D MemoryCeilingMonitor: [calculate] tot: 2988202, max: 268435456, free: 401242, heap: 2586960, per: 0.009637176990509033
09-07 14:14:44.512 32420 32493 I ZPlanGuardManager: onLiteTimeTick, tick=40
09-07 14:14:44.704   718   718 I SurfaceFlinger: FPS: 59
09-07 14:14:45.037  1969  1969 E adbd    : failed to connect to socket 'tcp:6790': Connection refused
09-07 14:14:44.901  1710  2176 I chatty  : uid=1000(system) AutobacklightTh identical 12 lines
09-07 14:14:45.171  1710  4298 D ActivityManager: AMS onShellCommand CallingPid=6206 ,callingUid=2000 ,PackageName=android.uid.shell:2000.Starting command :force-stop cn.missevan
09-07 14:14:45.172  1710  4298 D PackageManager: package:2000 check permission,PERMISSION_GRANTED
09-07 14:14:45.172  1710  4298 I ActivityManager: Force stopping cn.missevan appid=10612 user=0: stop by 6206
09-07 14:14:45.173  1710  4298 I ActivityManager: Killing 5620:cn.missevan:player.main/u0a612 (adj 100): stop by 6206
09-07 14:14:45.175  1710  4298 W ActivityManager: Scheduling restart of crashed service cn.missevan/.lib.common.player.service.mediasession.MediaSessionService in 1000ms
09-07 14:14:45.175  1710  4298 W ActivityManager: Scheduling restart of crashed service cn.missevan/.lib.common.player.service.aidl.AidlPlayerService in 11000ms
09-07 14:14:45.175  1710  1843 W libprocessgroup: kill(-5620, 9) failed: No such process
09-07 14:14:45.178  1710  2621 D PackageManager: package:1000 check permission,PERMISSION_GRANTED
09-07 14:14:45.178  1710  5183 D PackageManager: package:1000 check permission,PERMISSION_GRANTED
09-07 14:14:45.179  1710  4298 I ActivityManager: Killing 5719:cn.missevan:player/u0a612 (adj 100): stop by 6206
09-07 14:14:45.181  1710  4298 W ActivityManager: Scheduling restart of crashed service cn.missevan/.play.player.PlayerService in 20994ms
09-07 14:14:45.182  1710  1843 W libprocessgroup: kill(-5620, 9) failed: No such process
09-07 14:14:45.185  1710  4298 I ActivityManager: Killing 6086:cn.missevan:channel/u0a612 (adj 900): stop by 6206
09-07 14:14:45.191  1710  1843 W libprocessgroup: kill(-5620, 9) failed: No such process
09-07 14:14:45.191  1710  4298 I ActivityManager: Killing 5885:cn.missevan:stats/u0a612 (adj 500): stop by 6206
09-07 14:14:45.193  1710  4298 W ActivityManager: Scheduling restart of crashed service cn.missevan/com.bilibili.lib.neuron.internal.NeuronRemoteService in 30982ms
09-07 14:14:45.197  1710  4298 I ActivityManager: Killing 5348:cn.missevan/u0a612 (adj 0): stop by 6206
09-07 14:14:45.201  1710  4298 W ActivityManager: Scheduling restart of crashed service cn.missevan/com.sobot.chat.server.SobotSessionServer in 1000ms
09-07 14:14:45.201  1710  1843 W libprocessgroup: kill(-5620, 9) failed: No such process
09-07 14:14:45.202  1710  4298 W ActivityManager: Force removing ActivityRecord{f7d5d9a u0 cn.missevan/.activity.MainActivity t127}: app died, no saved state
09-07 14:14:45.211  1710  1843 W libprocessgroup: kill(-5620, 9) failed: No such process
09-07 14:14:45.254  1710  4298 W ActivityManager: vivo occlude resumeTop canOccclude = false next.occlude = false
09-07 14:14:45.241  1710  1843 I chatty  : uid=1000(system) ActivityManager identical 3 lines
09-07 14:14:45.251  1710  1843 W libprocessgroup: kill(-5620, 9) failed: No such process
09-07 14:14:45.254  1710  4298 D ActivityTrigger: activityResumeTrigger: The activity in ApplicationInfo{fd3c284 com.bbk.launcher2} is now in focus and seems to be in full-screen mode
09-07 14:14:45.254  1710  4298 E ActivityTrigger: activityResumeTrigger: not whiteListedcom.bbk.launcher2/com.bbk.launcher2.Launcher/90003028
09-07 14:14:45.263  1710  1843 W libprocessgroup: kill(-5620, 9) failed: No such process
09-07 14:14:45.264   716  5184 V AudioFlinger: 5719 died, releasing its sessions
09-07 14:14:45.264   716  5184 V AudioFlinger:  pid 2713 @ 0
09-07 14:14:45.264   716  5184 V AudioFlinger:  pid 26688 @ 1
09-07 14:14:45.264   716  5184 V AudioFlinger:  pid 2389 @ 2
09-07 14:14:45.264   716  5184 V AudioFlinger:  pid 1000 @ 3
09-07 14:14:45.264   716  5184 V AudioFlinger:  pid 2389 @ 4
09-07 14:14:45.264  1710  2664 D MediaSessionService: destroySessionLockedOnSessionDied cn.missevan/PlayerService (userId=0)
09-07 14:14:45.264  1710  2664 D MediaSessionStack: removeSession record:cn.missevan/PlayerService (userId=0)
09-07 14:14:45.265  1710  1710 D MediaSessionRecord: pushSessionDestroyed start
09-07 14:14:45.265  1710  1710 D MediaSessionRecord: pushSessionDestroyed start
09-07 14:14:45.266  5354  5957 D HeadsetService:  isAudioOn: The number of audio connected devices 0
09-07 14:14:45.266  5354  5957 D HeadsetService: isScoOrCallActive(): Call Active:falseCall is Ringing:falseSCO is Active:false
09-07 14:14:45.266  2389  2506 D vol.MediaSessions: onSessionDestroyed cn.missevan
09-07 14:14:45.266  2389  2506 D vol.MediaSessions: onActiveSessionsUpdatedH n=2
09-07 14:14:45.267   716  5184 V APM::AudioPolicyEngine: getDeviceForStrategy() strategy 0, device 2
09-07 14:14:45.267  5354  5957 D HeadsetService:  isAudioOn: The number of audio connected devices 0
09-07 14:14:45.268  5354  5957 W Avrcp_ext: ActiveSession: updated[android.media.session.MediaController@c64006, android.media.session.MediaController@68f46c7]
09-07 14:14:45.268   716  5184 V APM::AudioPolicyEngine: getDeviceForStrategy() strategy 0, device 2
09-07 14:14:45.268  5354  5957 V Avrcp_ext: ActiveSession: MediaController (com.android.bbkmusic@c64006) null
09-07 14:14:45.268  5354  5957 W Avrcp_ext: playState object null, sending STOPPED
09-07 14:14:45.268  1710  5741 D MediaSessionRecord: unregistering callback android.os.BinderProxy@b48fc4a
09-07 14:14:45.268  5354  5957 V Avrcp_ext: isBrowseSupported for com.android.bbkmusic: true
09-07 14:14:45.269  2389  2506 D vol.MediaSessions: Removing FM sentRemote=false
09-07 14:14:45.269  2389  2506 D vol.MediaSessions: updateRemoteControllerH null
09-07 14:14:45.269  2389  2506 D vol.MediaSessions: onActiveSessionsUpdatedH n=2
09-07 14:14:45.269  5354  5957 D Avrcp_ext: update #1:MediaPlayerInfo com.android.bbkmusic (as 'i ') Type = 1, SubType = 0, Status = 0 Feature Bits [40 41 42 44 45 47 48 58 59 62 65 67] Controller: MediaController (com.android.bbkmusic@c64006) null
09-07 14:14:45.269   716  5184 V APM::AudioPolicyEngine: getDeviceForStrategy() strategy 0, device 2
09-07 14:14:45.270  5354  5957 V Avrcp_ext: ActiveSession: MediaController (cn.missevan@68f46c7) null
09-07 14:14:45.270   716  5184 V APM::AudioPolicyEngine: getDeviceForStrategy() strategy 0, device 2
09-07 14:14:45.270  5354  5957 V Avrcp_ext: isBrowseSupported for cn.missevan: true
09-07 14:14:45.271  1710  1843 W libprocessgroup: kill(-5620, 9) failed: No such process
09-07 14:14:45.271  5354  5957 D Avrcp_ext: update #13:MediaPlayerInfo cn.missevan (as 'FM') Type = 1, SubType = 0, Status = 0 Feature Bits [40 41 42 44 45 47 48 58 59 62 65 67] Controller: MediaController (cn.missevan@68f46c7) null
09-07 14:14:45.271  5354  5957 V Avrcp_ext: updateNewIds: Addressed:13 to 13, Browse:0 to 0
09-07 14:14:45.272  5354  5957 D Avrcp_ext: updateCurrentController: MediaController (cn.missevan@2095c48) null to MediaController (cn.missevan@68f46c7) null
09-07 14:14:45.272   977   977 I Zygote  : Process 5719 exited due to signal (9)
09-07 14:14:45.272  1710  5741 D MediaSessionRecord: unregistering callback android.os.BinderProxy@62e27bb
09-07 14:14:45.273  1710  5741 D MediaSessionRecord: registering controller callback android.media.session.ISessionControllerCallback$Stub$Proxy@76414d8 from controllercom.android.bluetooth
09-07 14:14:45.273  5354  5957 D PlaybackState: setState position:-1
09-07 14:14:45.273  5354  5957 V Avrcp_ext: updateCurrentMediaState: mMediaController: MediaController (cn.missevan@68f46c7) null
09-07 14:14:45.273  5354  5957 V Avrcp_ext: isMusicActive: false getBluetoothPlayState: 0
09-07 14:14:45.274  5354  5957 V Avrcp_ext: updateCurrentMediaState: get media attributes:
09-07 14:14:45.274  5354  5957 I Avrcp_ext: Skipping update due to invalid playback state
09-07 14:14:45.274  5354  5957 V Avrcp_ext: updatePlaybackState, state: PlaybackState {state=0, position=0, buffered position=0, speed=0.0, updated=0, actions=2363190, custom actions=[], active item id=-1, error=null} device: null
09-07 14:14:45.274  5354  5957 V Avrcp_ext: Device: no name:
09-07 14:14:45.274  5354  5957 V Avrcp_ext: Device: no name:
09-07 14:14:45.274  5354  5957 V Avrcp_ext: updatePlayerStateAndPosition, old=PlaybackState {state=0, position=0, buffered position=0, speed=0.0, updated=0, actions=2363190, custom actions=[], active item id=-1, error=null}, state=PlaybackState {state=0, position=0, buffered position=0, speed=0.0, updated=0, actions=2363190, custom actions=[], active item id=-1, error=null}
09-07 14:14:45.275  5354  5957 V Avrcp_ext: old state = PlaybackState {state=0, position=0, buffered position=0, speed=0.0, updated=0, actions=2363190, custom actions=[], active item id=-1, error=null}, new state= PlaybackState {state=0, position=0, buffered position=0, speed=0.0, updated=0, actions=2363190, custom actions=[], active item id=-1, error=null}
09-07 14:14:45.275  5354  5957 D HeadsetService:  isAudioOn: The number of audio connected devices 0
09-07 14:14:45.275  5354  5957 D HeadsetService: isScoOrCallActive(): Call Active:falseCall is Ringing:falseSCO is Active:false
09-07 14:14:45.275  5354  5957 D HeadsetService:  isAudioOn: The number of audio connected devices 0
09-07 14:14:45.275  5354  5957 I Avrcp_ext: updatePlayStatusForDevice: device: null
09-07 14:14:45.276  5354  5957 V Avrcp_ext: updatePlaybackState (1): old=PlaybackState {state=0, position=0, buffered position=0, speed=0.0, updated=0, actions=2363190, custom actions=[], active item id=-1, error=null}(0), new=PlaybackState {state=0, position=0, buffered position=0, speed=0.0, updated=0, actions=2363190, custom actions=[], active item id=-1, error=null}(0)
09-07 14:14:45.276  5354  5957 I Avrcp_ext: Exit updatePlayStatusForDevice
09-07 14:14:45.276  5354  5957 D HeadsetService:  isAudioOn: The number of audio connected devices 0
09-07 14:14:45.276  5354  5957 D HeadsetService: isScoOrCallActive(): Call Active:falseCall is Ringing:falseSCO is Active:false
09-07 14:14:45.276  5354  5957 D HeadsetService:  isAudioOn: The number of audio connected devices 0
09-07 14:14:45.276  5354  5957 I Avrcp_ext: updatePlayStatusForDevice: device: null
09-07 14:14:45.276  5354  5957 V Avrcp_ext: updatePlaybackState (1): old=PlaybackState {state=0, position=0, buffered position=0, speed=0.0, updated=0, actions=2363190, custom actions=[], active item id=-1, error=null}(0), new=PlaybackState {state=0, position=0, buffered position=0, speed=0.0, updated=0, actions=2363190, custom actions=[], active item id=-1, error=null}(0)
09-07 14:14:45.276  5354  5957 I Avrcp_ext: Exit updatePlayStatusForDevice
09-07 14:14:45.276  5354  5957 D Avrcp_ext: sendPlayPosNotificationRsp: Not registered or requesting.
09-07 14:14:45.276  5354  5957 D Avrcp_ext: sendPlayPosNotificationRsp: Not registered or requesting.
09-07 14:14:45.276  5354  5957 V Avrcp_ext: Exit updatePlayerStateAndPosition
09-07 14:14:45.276  5354  5957 W Avrcp_ext: ActiveSession: browseSelectedfalsemBrowsedPlayerExistfalse
09-07 14:14:45.276  5354  5957 W Avrcp_ext: Browse Player killed OR not launched yet !!!!
