09-07 14:14:24.772   716   917 V AudioFlinger: presentationComplete() mPresentationCompleteFrames 64320 framesWritten 61440
09-07 14:14:24.783   716   917 V AudioFlinger: presentationComplete() mPresentationCompleteFrames 64320 framesWritten 61440
09-07 14:14:24.792   716   917 V AudioFlinger: presentationComplete() mPresentationCompleteFrames 64320 framesWritten 62400
09-07 14:14:24.802   716   917 V AudioFlinger: presentationComplete() mPresentationCompleteFrames 64320 framesWritten 62400
09-07 14:14:24.811   718   718 I SurfaceFlinger: FPS: 10
09-07 14:14:24.812   716   917 V AudioFlinger: presentationComplete() mPresentationCompleteFrames 64320 framesWritten 63360
09-07 14:14:24.819  5620  5620 I okhttp.cronet.httpdns: [main] OkHttp cronet native httpdns enabled.
09-07 14:14:24.820  5620  5620 D CronetEngine: [main] cronet httpdns open!
09-07 14:14:24.820  5620  5620 D CronetEngine:  configure dns ips: [203.107.1.65, 203.107.1.34, 203.107.1.66, 203.107.1.33]
09-07 14:14:24.823   716   917 V AudioFlinger: presentationComplete() mPresentationCompleteFrames 64320 framesWritten 63360
09-07 14:14:24.823  5348  5468 I UMLog   : SDK: 9.5.0
09-07 14:14:24.824  5348  5468 I UMLog   : ZID SDK: 1.6.3
09-07 14:14:24.825  5348  5468 I UMLog   : SDK: 6.5.3
09-07 14:14:24.825  5348  5468 I UMLog   : SDK: 1.0
09-07 14:14:24.831  5348  5468 I MobclickAgent: module init:apszion
09-07 14:14:24.832   716   917 V AudioFlinger: presentationComplete() mPresentationCompleteFrames 64320 framesWritten 64320
09-07 14:14:24.842   716   917 V AudioFlinger: presentationComplete() mPresentationCompleteFrames 64320 framesWritten 64320
09-07 14:14:24.847  5348  5468 E cn.missevan: Invalid ID 0x00000000.
09-07 14:14:24.852   716   917 V AudioFlinger: presentationComplete() mPresentationCompleteFrames 64320 framesWritten 65280
09-07 14:14:24.852  5348  5794 I MediaCodec: flush
09-07 14:14:24.853   716 15879 V AudioFlinger: flush(1)
09-07 14:14:24.853   716 15879 V AudioFlinger: -FlushShareBuffer 1
09-07 14:14:24.853  5348  5348 I ExoPlayerImpl: Release e500248 [ExoPlayerLib/2.17.1] [PD1728, vivo X21A, vivo, 28] [goog.exo.core, goog.exo.exoplayer, goog.exo.decoder, goog.exo.datasource, goog.exo.extractor]
09-07 14:14:24.854  5719  5719 W missevan:playe: Accessing hidden method Landroid/app/ActivityThread;->currentApplication()Landroid/app/Application; (light greylist, linking)
09-07 14:14:24.856  5348  5794 I MediaCodec: release
09-07 14:14:24.856  5348  5948 V PlayerBase: baseStop() piid=1351
09-07 14:14:24.856  5348  5825 I MediaCodec: kWhatStop or kWhatRelease
09-07 14:14:24.856  5348  5825 I ACodec  : initiateShutdown kWhatReleaseCodecInstance
09-07 14:14:24.856  5348  5948 W PlayerBase: baseStop state not match:4
09-07 14:14:24.856  5348  5948 V PlayerBase: baseRelease() piid=1351 state=4
09-07 14:14:24.857  5348  5948 W PlayerBase: baseStop state not match:0
09-07 14:14:24.857  5354  5957 D AudioManager: dispatching onPlaybackConfigChanged()
09-07 14:14:24.857  2704  3011 D AudioManager: dispatching onPlaybackConfigChanged()
09-07 14:14:24.857  5354  5957 D Avrcp_ext: AudioManager Player: ID:23 -- type:android.media.SoundPool -- u/pid:10018/2389 -- state:idle -- attr:AudioAttributes: usage=USAGE_ASSISTANCE_SONIFICATION content=CONTENT_TYPE_SONIFICATION flags=0x0 tags= bundle=null
09-07 14:14:24.858  2704  2704 D AudioManager: dispatching onPlaybackConfigChanged()
09-07 14:14:24.858  5354  5957 D Avrcp_ext: AudioManager Player: ID:967 -- type:android.media.MediaPlayer -- u/pid:10079/26688 -- state:idle -- attr:AudioAttributes: usage=USAGE_UNKNOWN content=CONTENT_TYPE_UNKNOWN flags=0x0 tags= bundle=null
09-07 14:14:24.858  5354  5957 D Avrcp_ext: AudioManager Player: ID:15 -- type:android.media.SoundPool -- u/pid:1000/1710 -- state:idle -- attr:AudioAttributes: usage=USAGE_ASSISTANCE_SONIFICATION content=CONTENT_TYPE_SONIFICATION flags=0x0 tags= bundle=null
09-07 14:14:24.858  5354  5957 D Avrcp_ext: AudioManager Player: ID:31 -- type:android.media.SoundPool -- u/pid:1000/2713 -- state:idle -- attr:AudioAttributes: usage=USAGE_NOTIFICATION content=CONTENT_TYPE_SONIFICATION flags=0x0 tags= bundle=null
09-07 14:14:24.858  5354  5957 D Avrcp_ext: AudioManager Player: ID:1071 -- type:android.media.MediaPlayer -- u/pid:10018/2389 -- state:stopped -- attr:AudioAttributes: usage=USAGE_NOTIFICATION content=CONTENT_TYPE_SONIFICATION flags=0x0 tags= bundle=null
09-07 14:14:24.858  5354  5957 D Avrcp_ext: AudioManager isPlaying: false
09-07 14:14:24.859  5348  5948 V AudioTrack: ~AudioTrack, releasing session id 2513 from 5348 on behalf of 5348
09-07 14:14:24.859   716  8224 V AudioFlinger: releasing 2513 from 5348 for 5348
09-07 14:14:24.859   716  8224 V AudioFlinger:  decremented refcount to 0
09-07 14:14:24.859   716  8224 V AudioFlinger: purging stale effects
09-07 14:14:24.861  5348  5794 I MediaCodec: ~MediaCodec
09-07 14:14:24.872   716   917 D AudioFlinger: enforc flush
09-07 14:14:24.872   716   917 V AudioFlinger: presentationComplete() mPresentationCompleteFrames 64320 framesWritten 66240
09-07 14:14:24.872   716   917 D AudioFlinger: Track reset ....
09-07 14:14:24.872   716   917 D BufferProvider: setBufferProvider(0x0): mTrackBufferProvider:0xe2738000  mBuffer.frameCount:0
09-07 14:14:24.872   716   917 V AudioFlinger: removeTracks_l removing track on session 2513
09-07 14:14:24.872   716   917 D AudioFlinger: updateWakeLockUids_l AudioOut_D uids:
09-07 14:14:24.872   716   917 V AudioFlinger: updateWakeLockUids_l() AudioOut_D status 0
09-07 14:14:24.883   716   917 D AudioFlinger: stopOutput_POM , POM_id:5348
09-07 14:14:24.883   716   917 V AudioPolicyService: AudioCommandThread() adding stop output 13
09-07 14:14:24.883   716   917 V AudioPolicyService: inserting command: 6 at index 0, num commands 0
09-07 14:14:24.883   716   917 V AudioPolicyService: AudioCommandThread() adding release output 13
09-07 14:14:24.883   716   917 V AudioPolicyService: inserting command: 7 at index 1, num commands 1
09-07 14:14:24.883   716   917 V AudioFlinger: PlaybackThread::Track destructor
09-07 14:14:24.883   716   917 V AudioFlinger: removeClient_l() pid 5348, calling pid 716
09-07 14:14:24.883   716   908 V AudioPolicyService: AudioCommandThread() processing stop output 13
09-07 14:14:24.884   716   908 D AudioPolicyManagerCustom: stopOutput_POM, output:13, stream:3, session:2513, pom_id:5348
09-07 14:14:24.884   716   908 I APM::AudioPolicyEngine: remove pom records for 5348.
09-07 14:14:24.884   716   908 I APM::AudioPolicyEngine: ###### POM Stack0:  0 0 1
09-07 14:14:24.884   716   908 V APM_AudioPolicyManager: stopOutput() output 13, stream 3, session 2513
09-07 14:14:24.884   716   908 D AudioPolicyManagerCustom: stopOutput isCallPOMStateChange :0, refCount:1
09-07 14:14:24.884   716   908 V APM_AudioPolicyManager: getNewOutputDevice() selected device 0
09-07 14:14:24.884   716   908 V APM_AudioPolicyManager: setOutputDevice() device 0000 delayMs 160
09-07 14:14:24.884   716   908 V APM_AudioPolicyManager: setOutputDevice() prevDevice 0x0002
09-07 14:14:24.884   716   908 V APM::AudioPolicyEngine: getDeviceForStrategy() strategy 0, device 2
09-07 14:14:24.884   716   908 V APM::AudioPolicyEngine: getDeviceForStrategy() strategy 1, device 1
09-07 14:14:24.884   716   908 V APM::AudioPolicyEngine: getDeviceForStrategy() strategy 2, device 2
09-07 14:14:24.884   716   908 V APM::AudioPolicyEngine: getDeviceForStrategy() strategy 0, device 2
09-07 14:14:24.884   716   908 V APM::AudioPolicyEngine: getDeviceForStrategy() strategy 3, device 2
09-07 14:14:24.884   716   908 V APM::AudioPolicyEngine: getDeviceForStrategy() strategy 0, device 2
09-07 14:14:24.884   716   908 V APM::AudioPolicyEngine: getDeviceForStrategy() strategy 4, device 2
09-07 14:14:24.884   716   908 V APM::AudioPolicyEngine: getDeviceForStrategy() strategy 5, device 2
09-07 14:14:24.884   716   908 V APM::AudioPolicyEngine: getDeviceForStrategy() strategy 6, device 2
09-07 14:14:24.884   716   908 V APM::AudioPolicyEngine: getDeviceForStrategy() strategy 7, device 2
09-07 14:14:24.884   716   908 V APM::AudioPolicyEngine: getDeviceForStrategy() strategy 8, device 2
09-07 14:14:24.884   716   908 V APM::AudioPolicyEngine: getDeviceForStrategy() strategy 9, device 2
09-07 14:14:24.884   716   908 V APM_AudioPolicyManager: setOutputDevice() setting same device 0x0000 or null device
09-07 14:14:24.884   716   908 V APM::AudioPolicyEngine: getDeviceForStrategy() strategy 0, device 2
09-07 14:14:24.884   716   908 V APM::AudioPolicyEngine: getDeviceForStrategy() strategy 3, device 2
09-07 14:14:24.884   716   908 V AudioPolicyManagerCustom: checkOutputForStrategy(): policy related outputs
09-07 14:14:24.884   716   908 V APM::AudioPolicyEngine: getDeviceForStrategy() strategy 0, device 2
09-07 14:14:24.884   716   908 V APM::AudioPolicyEngine: getDeviceForStrategy() strategy 1, device 1
09-07 14:14:24.872   716   716 W ApmOutput: type=1400 audit(0.0:57274): avc: denied { search } for name="bbkcore" dev="dm-1" ino=2359297 scontext=u:r:audioserver:s0 tcontext=u:object_r:vivo_data_file:s0 tclass=dir permissive=0
09-07 14:14:24.884   716   908 V APM::AudioPolicyEngine: getDeviceForStrategy() strategy 2, device 2
09-07 14:14:24.884   716   908 V APM::AudioPolicyEngine: getDeviceForStrategy() strategy 0, device 2
09-07 14:14:24.884   716   908 V APM::AudioPolicyEngine: getDeviceForStrategy() strategy 3, device 2
09-07 14:14:24.884   716   908 V APM::AudioPolicyEngine: getDeviceForStrategy() strategy 0, device 2
09-07 14:14:24.884   716   908 V APM::AudioPolicyEngine: getDeviceForStrategy() strategy 4, device 2
09-07 14:14:24.884   716   908 V APM::AudioPolicyEngine: getDeviceForStrategy() strategy 5, device 2
09-07 14:14:24.884   716   908 V APM::AudioPolicyEngine: getDeviceForStrategy() strategy 6, device 2
09-07 14:14:24.884   716   908 V APM::AudioPolicyEngine: getDeviceForStrategy() strategy 7, device 2
09-07 14:14:24.884   716   908 V APM::AudioPolicyEngine: getDeviceForStrategy() strategy 8, device 2
09-07 14:14:24.884   716   908 V APM::AudioPolicyEngine: getDeviceForStrategy() strategy 9, device 2
09-07 14:14:24.884   716   908 V APM::AudioPolicyEngine: getDeviceForStrategy() strategy 0, device 2
09-07 14:14:24.884   716   908 V APM_AudioPolicyManager: selectOutputForMusicEffects selected output 13
09-07 14:14:24.884   716   908 D AudioPolicyIntefaceImpl: doStopOutput_POM oldPhoneState:0,currentPhoneState:0
09-07 14:14:24.884   716   908 V AudioPolicyService: AudioCommandThread() processing release output 13
09-07 14:14:24.884   716   908 V APM_AudioPolicyManager: releaseOutput() 13
09-07 14:14:24.884   716   908 V AudioPolicyService: AudioCommandThread() going to sleep
09-07 14:14:24.884   716   917 D BufferProvider: ~CopyBufferProvider(0xe4d1a7a0) 0 0x0 0xe28ec800
09-07 14:14:24.906  5620  5620 I httpdns.native: [main] Native httpdns enabled.
09-07 14:14:24.921  5620  5620 I okhttp.cronet.httpdns: [main] OkHttp cronet native httpdns enabled.
09-07 14:14:24.927  5620  5620 I httpdns.holder.native: [main] host rules *.maoercdn.com, *.bilivideo.com, *.missevan.com.
09-07 14:14:24.932  5620  5620 I httpdns.holder.native: [main] Init native httpdns with provider ali.
09-07 14:14:24.951  1710  2664 D PackageManager: package:10612 check permission,PERMISSION_GRANTED
09-07 14:14:24.960  5620  5620 I cr_BiliCrLibraryLoader: BiliCr version: 88.0.4324.188, arch: aarch64
09-07 14:14:24.960  5620  5620 W chromium: [0907/141424.960335:WARNING:httpdns_adapter.cc(290)] HttpDns init
09-07 14:14:24.967  5719  5958 D SentryLog: [pool-3-thread-1] SU isn't found on this Device.
09-07 14:14:24.781  1710  2176 I chatty  : uid=1000(system) AutobacklightTh identical 1 line
09-07 14:14:24.970  1710  2664 D ConnectivityService: requestNetwork for uid/pid:10612/5620 NetworkRequest [ TRACK_DEFAULT id=3172, [ Capabilities: INTERNET&NOT_RESTRICTED&TRUSTED Unwanted:  Uid: 10612] ]
09-07 14:14:24.971  1710  2156 D Ethernet: got request NetworkRequest [ TRACK_DEFAULT id=3172, [ Capabilities: INTERNET&NOT_RESTRICTED&TRUSTED Unwanted:  Uid: 10612] ] with score 60
09-07 14:14:24.972  1710  2069 D WIFI    : got request NetworkRequest [ TRACK_DEFAULT id=3172, [ Capabilities: INTERNET&NOT_RESTRICTED&TRUSTED Unwanted:  Uid: 10612] ] with score 60
09-07 14:14:24.972  1710  2069 D WIFI_UT : got request NetworkRequest [ TRACK_DEFAULT id=3172, [ Capabilities: INTERNET&NOT_RESTRICTED&TRUSTED Unwanted:  Uid: 10612] ] with score 60
09-07 14:14:24.972  1710  2083 D ConnectivityService: isWifiPoorLink:false, nai.everValidated:true, networkType:1, networkDetailedState:CONNECTED, nai.isLingering():false, unneeded(nai, UnneededFor.TEARDOWN):false
09-07 14:14:24.972  2762  2762 D PhoneSwitcherNetworkRequstListener: got request NetworkRequest [ TRACK_DEFAULT id=3172, [ Capabilities: INTERNET&NOT_RESTRICTED&TRUSTED Unwanted:  Uid: 10612] ] with score 60
09-07 14:14:24.978  1710  2664 D PackageManager: package:10612 check permission,PERMISSION_GRANTED
09-07 14:14:24.980  5620  5620 I @@@BBPLOG: Info TD3176548 CPlayMain L289 The DataLog app type:   6
09-07 14:14:24.981  5620  5620 I @@@BBPLOG: Info TD3176548 CPlayMain L269 The DataLog AppVer: 5.7.3
09-07 14:14:24.981  5620  5620 I @@@BBPLOG: Info TD3176548 CPlayMain L255 The DataLog BUVID: XY277FF2DFB139F19721118D30677E832AAF4
09-07 14:14:24.981  5620  5620 I @@@BBPLOG: Info TD3176548 CPlayMain L248 The DataLog UserID: 0X8A7BC5
09-07 14:14:24.981  5620  5620 I @@@BBPLOG: Info Td3176548 BBPFuncLog L123 ----CIPMng::Clear Value is 00000000 start.
09-07 14:14:24.981  5620  5620 I @@@BBPLOG: Info Td3176548 BBPFuncLog L142 ----CIPMng::Clear leave! no return. Ussed Time: 0
09-07 14:14:24.981  5620  5620 I @@@BBPLOG: Info TD3176548 CPlayMain L277 The DataLog net type: 3
09-07 14:14:24.981  5620  5620 I @@@BBPLOG: Info TD3176548 CPlayMain L317 Set cronet engine: 0x7e43b5e9c0
09-07 14:14:24.981  5620  5620 I @@@BBPLOG: Info TD3176548 CPlayMain L262 The Session UUID: 877d76de-93cb-42fc-ae90-076ff882c93b
09-07 14:14:24.988  5620  5620 D PlaybackState: setState position:0
09-07 14:14:24.988  5620  5620 D PlaybackState: setActiveQueueItemId mActiveItemId:-1
09-07 14:14:24.988  5620  5620 D MediaSession: setPlaybackState start
09-07 14:14:24.989  1710  2664 D MediaSessionRecord: setPlaybackState state:PlaybackState {state=0, position=0, buffered position=0, speed=0.0, updated=0, actions=2363190, custom actions=[], active item id=-1, error=null}
09-07 14:14:24.989  1710  2664 D MediaSessionRecord: getPlaybackState start:PlaybackState {state=0, position=0, buffered position=0, speed=0.0, updated=0, actions=2363190, custom actions=[], active item id=-1, error=null}
09-07 14:14:24.989  1710  1710 D MediaSessionRecord: pushPlaybackStateUpdate mPlaybackState:PlaybackState {state=0, position=0, buffered position=0, speed=0.0, updated=0, actions=2363190, custom actions=[], active item id=-1, error=null}
09-07 14:14:24.989  5354  5430 D MediaController: onPlaybackStateChanged start####
09-07 14:14:24.990  5354  5957 V Avrcp_ext: onPlaybackStateChanged: state PlaybackState {state=0, position=0, buffered position=0, speed=0.0, updated=0, actions=2363190, custom actions=[], active item id=-1, error=null}
09-07 14:14:24.990  5354  5957 D PlaybackState: setState position:-1
09-07 14:14:24.990  5354  5957 V Avrcp_ext: updateCurrentMediaState: mMediaController: MediaController (cn.missevan@b9c392e) null
09-07 14:14:24.990  5354  5957 V Avrcp_ext: isMusicActive: false getBluetoothPlayState: 0
09-07 14:14:24.991  5354  5957 V Avrcp_ext: updateCurrentMediaState: get media attributes:
09-07 14:14:24.991  5354  5957 I Avrcp_ext: Skipping update due to invalid playback state
09-07 14:14:24.992  5354  5957 V Avrcp_ext: updatePlaybackState, state: PlaybackState {state=0, position=0, buffered position=0, speed=0.0, updated=0, actions=2363190, custom actions=[], active item id=-1, error=null} device: null
09-07 14:14:24.992  5354  5957 V Avrcp_ext: Device: no name:
09-07 14:14:24.992  5354  5957 V Avrcp_ext: Device: no name:
09-07 14:14:24.992  5354  5957 V Avrcp_ext: updatePlayerStateAndPosition, old=PlaybackState {state=0, position=0, buffered position=0, speed=0.0, updated=0, actions=2363190, custom actions=[], active item id=-1, error=null}, state=PlaybackState {state=0, position=0, buffered position=0, speed=0.0, updated=0, actions=2363190, custom actions=[], active item id=-1, error=null}
09-07 14:14:24.992  5354  5957 V Avrcp_ext: old state = PlaybackState {state=0, position=0, buffered position=0, speed=0.0, updated=0, actions=2363190, custom actions=[], active item id=-1, error=null}, new state= PlaybackState {state=0, position=0, buffered position=0, speed=0.0, updated=0, actions=2363190, custom actions=[], active item id=-1, error=null}
09-07 14:14:24.992  5354  5957 D HeadsetService:  isAudioOn: The number of audio connected devices 0
09-07 14:14:24.993  5354  5957 D HeadsetService: isScoOrCallActive(): Call Active:falseCall is Ringing:falseSCO is Active:false
09-07 14:14:24.993  5354  5957 D HeadsetService:  isAudioOn: The number of audio connected devices 0
09-07 14:14:24.993  5354  5957 I Avrcp_ext: updatePlayStatusForDevice: device: null
09-07 14:14:24.993  5354  5957 V Avrcp_ext: updatePlaybackState (1): old=PlaybackState {state=0, position=0, buffered position=0, speed=0.0, updated=0, actions=2363190, custom actions=[], active item id=-1, error=null}(0), new=PlaybackState {state=0, position=0, buffered position=0, speed=0.0, updated=0, actions=2363190, custom actions=[], active item id=-1, error=null}(0)
09-07 14:14:24.993  5354  5957 I Avrcp_ext: Exit updatePlayStatusForDevice
09-07 14:14:24.993  5354  5957 D HeadsetService:  isAudioOn: The number of audio connected devices 0
09-07 14:14:24.993  5354  5957 D HeadsetService: isScoOrCallActive(): Call Active:falseCall is Ringing:falseSCO is Active:false
09-07 14:14:24.994  5354  5957 D HeadsetService:  isAudioOn: The number of audio connected devices 0
09-07 14:14:24.994  5354  5957 I Avrcp_ext: updatePlayStatusForDevice: device: null
09-07 14:14:24.994  5354  5957 V Avrcp_ext: updatePlaybackState (1): old=PlaybackState {state=0, position=0, buffered position=0, speed=0.0, updated=0, actions=2363190, custom actions=[], active item id=-1, error=null}(0), new=PlaybackState {state=0, position=0, buffered position=0, speed=0.0, updated=0, actions=2363190, custom actions=[], active item id=-1, error=null}(0)
09-07 14:14:24.994  5354  5957 I Avrcp_ext: Exit updatePlayStatusForDevice
09-07 14:14:24.994  5354  5957 D Avrcp_ext: sendPlayPosNotificationRsp: Not registered or requesting.
09-07 14:14:24.994  5354  5957 D Avrcp_ext: sendPlayPosNotificationRsp: Not registered or requesting.
09-07 14:14:24.994  5354  5957 V Avrcp_ext: Exit updatePlayerStateAndPosition
09-07 14:14:24.994  5354  5957 V Avrcp_ext:  Exit onPlaybackStateChanged
09-07 14:14:24.995  2389  2506 D vol.MediaSessions: updateRemoteControllerH null
09-07 14:14:24.997  2389  2506 D vol.MediaSessions: onActiveSessionsUpdatedH n=2
09-07 14:14:24.997  5354  5957 D HeadsetService:  isAudioOn: The number of audio connected devices 0
09-07 14:14:24.997  5354  5957 D HeadsetService: isScoOrCallActive(): Call Active:falseCall is Ringing:falseSCO is Active:false
09-07 14:14:24.997   716  8224 V APM::AudioPolicyEngine: getDeviceForStrategy() strategy 0, device 2
09-07 14:14:24.997  5354  5957 D HeadsetService:  isAudioOn: The number of audio connected devices 0
09-07 14:14:24.997  5354  5957 W Avrcp_ext: ActiveSession: updated[android.media.session.MediaController@2848ccf, android.media.session.MediaController@c71365c]
09-07 14:14:24.998  5354  5957 V Avrcp_ext: ActiveSession: MediaController (com.android.bbkmusic@2848ccf) null
09-07 14:14:24.998  5354  5957 W Avrcp_ext: playState object null, sending STOPPED
09-07 14:14:24.998  5354  5957 V Avrcp_ext: isBrowseSupported for com.android.bbkmusic: true
09-07 14:14:24.998   716  8224 V APM::AudioPolicyEngine: getDeviceForStrategy() strategy 0, device 2
09-07 14:14:24.999  5354  5957 D Avrcp_ext: update #1:MediaPlayerInfo com.android.bbkmusic (as 'i ') Type = 1, SubType = 0, Status = 0 Feature Bits [40 41 42 44 45 47 48 58 59 62 65 67] Controller: MediaController (com.android.bbkmusic@2848ccf) null
09-07 14:14:25.000  1710  2621 D MediaSessionRecord: registering controller callback android.media.session.ISessionControllerCallback$Stub$Proxy@6faa372 from controllercom.android.systemui
09-07 14:14:25.000  2389  2506 D vol.MediaSessions: onActiveSessionsUpdatedH n=2
09-07 14:14:25.001   716  8224 V APM::AudioPolicyEngine: getDeviceForStrategy() strategy 0, device 2
09-07 14:14:25.001  5354  5957 V Avrcp_ext: ActiveSession: MediaController (cn.missevan@c71365c) null
09-07 14:14:25.003   716  8224 V APM::AudioPolicyEngine: getDeviceForStrategy() strategy 0, device 2
09-07 14:14:25.005  5354  5957 V Avrcp_ext: isBrowseSupported for cn.missevan: true
09-07 14:14:25.006  5719  5719 I SentryLog: [main] Initializing SDK with DSN: 'https://8e68e4623f6348b0b9984471d41e3e2d@sentry.missevan.com/2'
09-07 14:14:25.008  5354  5957 D Avrcp_ext: update #13:MediaPlayerInfo cn.missevan (as 'FM') Type = 1, SubType = 0, Status = 0 Feature Bits [40 41 42 44 45 47 48 58 59 62 65 67] Controller: MediaController (cn.missevan@c71365c) null
09-07 14:14:25.008  5354  5957 V Avrcp_ext: updateNewIds: Addressed:13 to 13, Browse:0 to 0
09-07 14:14:25.011  5620  5620 I Player.BaseMediaSessionService: [main] onBind
09-07 14:14:25.012  5719  5719 I SentryLog: [main] GlobalHubMode: 'true'
09-07 14:14:25.002  5719  5719 W pool-3-thread-1: type=1400 audit(0.0:57275): avc: denied { read } for name="version" dev="proc" ino=4026532090 scontext=u:r:untrusted_app:s0:c100,c258,c512,c768 tcontext=u:object_r:proc_version:s0 tclass=file permissive=0
09-07 14:14:25.015  5620  5956 I chromium: [0907/141425.015571:INFO:httpdns.cc(234)] OnEffectiveConnectionTypeChanged called by httpdns context networks 5
09-07 14:14:25.016  5354  5957 D Avrcp_ext: updateCurrentController: MediaController (cn.missevan@b9c392e) null to MediaController (cn.missevan@c71365c) null
09-07 14:14:25.017  1710  2664 D MediaSessionRecord: unregistering callback android.os.BinderProxy@377cb58
09-07 14:14:25.018  1710  2664 D MediaSessionRecord: registering controller callback android.media.session.ISessionControllerCallback$Stub$Proxy@80694b1 from controllercom.android.bluetooth
09-07 14:14:25.019  5354  5957 D PlaybackState: setState position:-1
09-07 14:14:25.019  5354  5957 V Avrcp_ext: updateCurrentMediaState: mMediaController: MediaController (cn.missevan@c71365c) null
09-07 14:14:25.019  5354  5957 V Avrcp_ext: isMusicActive: false getBluetoothPlayState: 0
09-07 14:14:25.020  5354  5957 V Avrcp_ext: updateCurrentMediaState: get media attributes:
09-07 14:14:25.020  5354  5957 I Avrcp_ext: Skipping update due to invalid playback state
09-07 14:14:25.021  5354  5957 V Avrcp_ext: updatePlaybackState, state: PlaybackState {state=0, position=0, buffered position=0, speed=0.0, updated=0, actions=2363190, custom actions=[], active item id=-1, error=null} device: null
09-07 14:14:25.021  5354  5957 V Avrcp_ext: Device: no name:
09-07 14:14:25.021  5354  5957 V Avrcp_ext: Device: no name:
09-07 14:14:25.021  5354  5957 V Avrcp_ext: updatePlayerStateAndPosition, old=PlaybackState {state=0, position=0, buffered position=0, speed=0.0, updated=0, actions=2363190, custom actions=[], active item id=-1, error=null}, state=PlaybackState {state=0, position=0, buffered position=0, speed=0.0, updated=0, actions=2363190, custom actions=[], active item id=-1, error=null}
09-07 14:14:25.021  5354  5957 V Avrcp_ext: old state = PlaybackState {state=0, position=0, buffered position=0, speed=0.0, updated=0, actions=2363190, custom actions=[], active item id=-1, error=null}, new state= PlaybackState {state=0, position=0, buffered position=0, speed=0.0, updated=0, actions=2363190, custom actions=[], active item id=-1, error=null}
09-07 14:14:25.022  5354  5957 D HeadsetService:  isAudioOn: The number of audio connected devices 0
09-07 14:14:25.022  5354  5957 D HeadsetService: isScoOrCallActive(): Call Active:falseCall is Ringing:falseSCO is Active:false
09-07 14:14:25.022  5354  5957 D HeadsetService:  isAudioOn: The number of audio connected devices 0
09-07 14:14:25.022  5354  5957 I Avrcp_ext: updatePlayStatusForDevice: device: null
09-07 14:14:25.022  5354  5957 V Avrcp_ext: updatePlaybackState (1): old=PlaybackState {state=0, position=0, buffered position=0, speed=0.0, updated=0, actions=2363190, custom actions=[], active item id=-1, error=null}(0), new=PlaybackState {state=0, position=0, buffered position=0, speed=0.0, updated=0, actions=2363190, custom actions=[], active item id=-1, error=null}(0)
09-07 14:14:25.022  5354  5957 I Avrcp_ext: Exit updatePlayStatusForDevice
09-07 14:14:25.022  5354  5957 D HeadsetService:  isAudioOn: The number of audio connected devices 0
09-07 14:14:25.022  5354  5957 D HeadsetService: isScoOrCallActive(): Call Active:falseCall is Ringing:falseSCO is Active:false
09-07 14:14:25.023  5354  5957 D HeadsetService:  isAudioOn: The number of audio connected devices 0
09-07 14:14:25.023  5354  5957 I Avrcp_ext: updatePlayStatusForDevice: device: null
09-07 14:14:25.023  5354  5957 V Avrcp_ext: updatePlaybackState (1): old=PlaybackState {state=0, position=0, buffered position=0, speed=0.0, updated=0, actions=2363190, custom actions=[], active item id=-1, error=null}(0), new=PlaybackState {state=0, position=0, buffered position=0, speed=0.0, updated=0, actions=2363190, custom actions=[], active item id=-1, error=null}(0)
09-07 14:14:25.023  5354  5957 I Avrcp_ext: Exit updatePlayStatusForDevice
09-07 14:14:25.023  5354  5957 D Avrcp_ext: sendPlayPosNotificationRsp: Not registered or requesting.
09-07 14:14:25.023  5354  5957 D Avrcp_ext: sendPlayPosNotificationRsp: Not registered or requesting.
09-07 14:14:25.023  5354  5957 V Avrcp_ext: Exit updatePlayerStateAndPosition
09-07 14:14:25.023  5354  5957 W Avrcp_ext: ActiveSession: browseSelectedfalsemBrowsedPlayerExistfalse
09-07 14:14:25.023  5354  5957 W Avrcp_ext: Browse Player killed OR not launched yet !!!!
09-07 14:14:25.023  5354  5957 D PlaybackState: setState position:-1
09-07 14:14:25.023  5354  5957 V Avrcp_ext: updateCurrentMediaState: mMediaController: MediaController (cn.missevan@c71365c) null
09-07 14:14:25.024  5354  5957 V Avrcp_ext: isMusicActive: false getBluetoothPlayState: 0
09-07 14:14:25.028  5354  5957 V Avrcp_ext: updateCurrentMediaState: get media attributes:
09-07 14:14:25.028  5354  5957 I Avrcp_ext: Skipping update due to invalid playback state
09-07 14:14:25.029  5354  5957 V Avrcp_ext: updatePlaybackState, state: PlaybackState {state=0, position=0, buffered position=0, speed=0.0, updated=0, actions=2363190, custom actions=[], active item id=-1, error=null} device: null
09-07 14:14:25.030  5354  5957 V Avrcp_ext: Device: no name:
09-07 14:14:25.030  5354  5957 V Avrcp_ext: Device: no name:
09-07 14:14:25.030  5354  5957 V Avrcp_ext: updatePlayerStateAndPosition, old=PlaybackState {state=0, position=0, buffered position=0, speed=0.0, updated=0, actions=2363190, custom actions=[], active item id=-1, error=null}, state=PlaybackState {state=0, position=0, buffered position=0, speed=0.0, updated=0, actions=2363190, custom actions=[], active item id=-1, error=null}
09-07 14:14:25.030  5354  5957 V Avrcp_ext: old state = PlaybackState {state=0, position=0, buffered position=0, speed=0.0, updated=0, actions=2363190, custom actions=[], active item id=-1, error=null}, new state= PlaybackState {state=0, position=0, buffered position=0, speed=0.0, updated=0, actions=2363190, custom actions=[], active item id=-1, error=null}
09-07 14:14:25.030  5354  5957 D HeadsetService:  isAudioOn: The number of audio connected devices 0
09-07 14:14:25.030  5354  5957 D HeadsetService: isScoOrCallActive(): Call Active:falseCall is Ringing:falseSCO is Active:false
09-07 14:14:25.031  5354  5957 D HeadsetService:  isAudioOn: The number of audio connected devices 0
09-07 14:14:25.032  5354  5957 I Avrcp_ext: updatePlayStatusForDevice: device: null
09-07 14:14:25.032  5354  5957 V Avrcp_ext: updatePlaybackState (1): old=PlaybackState {state=0, position=0, buffered position=0, speed=0.0, updated=0, actions=2363190, custom actions=[], active item id=-1, error=null}(0), new=PlaybackState {state=0, position=0, buffered position=0, speed=0.0, updated=0, actions=2363190, custom actions=[], active item id=-1, error=null}(0)
09-07 14:14:25.032  5354  5957 I Avrcp_ext: Exit updatePlayStatusForDevice
09-07 14:14:25.032  5354  5957 D HeadsetService:  isAudioOn: The number of audio connected devices 0
09-07 14:14:25.033  5354  5957 D HeadsetService: isScoOrCallActive(): Call Active:falseCall is Ringing:falseSCO is Active:false
09-07 14:14:25.033  5354  5957 D HeadsetService:  isAudioOn: The number of audio connected devices 0
09-07 14:14:25.033  5354  5957 I Avrcp_ext: updatePlayStatusForDevice: device: null
09-07 14:14:25.033  5354  5957 V Avrcp_ext: updatePlaybackState (1): old=PlaybackState {state=0, position=0, buffered position=0, speed=0.0, updated=0, actions=2363190, custom actions=[], active item id=-1, error=null}(0), new=PlaybackState {state=0, position=0, buffered position=0, speed=0.0, updated=0, actions=2363190, custom actions=[], active item id=-1, error=null}(0)
09-07 14:14:25.033  5354  5957 I Avrcp_ext: Exit updatePlayStatusForDevice
09-07 14:14:25.033  5354  5957 D Avrcp_ext: sendPlayPosNotificationRsp: Not registered or requesting.
09-07 14:14:25.033  5354  5957 D Avrcp_ext: sendPlayPosNotificationRsp: Not registered or requesting.
09-07 14:14:25.033  5354  5957 V Avrcp_ext: Exit updatePlayerStateAndPosition
09-07 14:14:25.038  5620  5620 D Tinker.TinkerLoader: [main] [PendingLog @ 2022-09-07 14:14:23.046] tryLoad test test
09-07 14:14:25.040  5620  5620 W Tinker.TinkerLoader: [main] [PendingLog @ 2022-09-07 14:14:23.050] tryLoadPatchFiles:patch dir not exist:/data/user/0/cn.missevan/tinker
09-07 14:14:25.041  5620  5620 D Tinker.DefaultAppLike: [main] [PendingLog @ 2022-09-07 14:14:23.119] onBaseContextAttached:
09-07 14:14:25.043  5620  5620 D Tinker.DefaultAppLike: [main] [PendingLog @ 2022-09-07 14:14:23.219] onCreate
09-07 14:14:25.044  5620  5620 I Player.AidlPlayerService: [main] updatePlayerConfig, key: user_id, value: 9075653
09-07 14:14:25.045  5620  5620 I Player.AidlPlayerService: [main] updatePlayerConfig, key: version_name, value: 5.7.3
09-07 14:14:25.046  5620  5620 I Player.AidlPlayerService: [main] updatePlayerConfig, key: buvid, value: XY277FF2DFB139F19721118D30677E832AAF4
09-07 14:14:25.052  5620  5620 D Player.BBPlayer: [main] event(1342177297): msg_log_cb, arg1: 0, arg2: 0, any: Info TD3176548 CPlayMain L289 The DataLog app type:   6
09-07 14:14:25.052  5620  5620 D Player.BBPlayer:
09-07 14:14:25.053  5620  5620 I Player.BBPlayer: [main] msg_log_cb, Info TD3176548 CPlayMain L289 The DataLog app type:   6
09-07 14:14:25.053  5620  5620 I Player.BBPlayer:
09-07 14:14:25.054  5620  5620 D Player.BBPlayer: [main] event(1342177297): msg_log_cb, arg1: 0, arg2: 0, any: Info TD3176548 CPlayMain L269 The DataLog AppVer: 5.7.3
09-07 14:14:25.054  5620  5620 D Player.BBPlayer:
09-07 14:14:25.055  5620  5620 I Player.BBPlayer: [main] msg_log_cb, Info TD3176548 CPlayMain L269 The DataLog AppVer: 5.7.3
09-07 14:14:25.055  5620  5620 I Player.BBPlayer:
09-07 14:14:25.055  5348  5348 I SplashFragment: [main] Start MainFragment
09-07 14:14:25.056  5620  5620 D Player.BBPlayer: [main] event(1342177297): msg_log_cb, arg1: 0, arg2: 0, any: Info TD3176548 CPlayMain L255 The DataLog BUVID: XY277FF2DFB139F19721118D30677E832AAF4
09-07 14:14:25.056  5620  5620 D Player.BBPlayer:
09-07 14:14:25.056  5620  5620 I Player.BBPlayer: [main] msg_log_cb, Info TD3176548 CPlayMain L255 The DataLog BUVID: XY277FF2DFB139F19721118D30677E832AAF4
09-07 14:14:25.056  5620  5620 I Player.BBPlayer:
09-07 14:14:25.058  5620  5620 D Player.BBPlayer: [main] event(1342177297): msg_log_cb, arg1: 0, arg2: 0, any: Info TD3176548 CPlayMain L248 The DataLog UserID: 0X8A7BC5
09-07 14:14:25.058  5620  5620 D Player.BBPlayer:
09-07 14:14:25.058  5620  5620 I Player.BBPlayer: [main] msg_log_cb, Info TD3176548 CPlayMain L248 The DataLog UserID: 0X8A7BC5
09-07 14:14:25.058  5620  5620 I Player.BBPlayer:
09-07 14:14:25.058  5719  5719 D SentryLog: [main] UncaughtExceptionHandlerIntegration enabled: true
09-07 14:14:25.059  5620  5620 D Player.BBPlayer: [main] event(1342177297): msg_log_cb, arg1: 0, arg2: 0, any: Info TD3176548 CPlayMain L277 The DataLog net type: 3
09-07 14:14:25.059  5620  5620 D Player.BBPlayer:
09-07 14:14:25.060  5719  5719 D SentryLog: [main] default UncaughtExceptionHandler class='xcrash.i'
09-07 14:14:25.060  5620  5620 I Player.BBPlayer: [main] msg_log_cb, Info TD3176548 CPlayMain L277 The DataLog net type: 3
09-07 14:14:25.060  5620  5620 I Player.BBPlayer:
09-07 14:14:25.061  5620  5620 D Player.BBPlayer: [main] event(1342177297): msg_log_cb, arg1: 0, arg2: 0, any: Info TD3176548 CPlayMain L317 Set cronet engine: 0x7e43b5e9c0
09-07 14:14:25.061  5620  5620 D Player.BBPlayer:
09-07 14:14:25.062  5719  5719 D SentryLog: [main] UncaughtExceptionHandlerIntegration installed.
09-07 14:14:25.062  5620  5620 I Player.BBPlayer: [main] msg_log_cb, Info TD3176548 CPlayMain L317 Set cronet engine: 0x7e43b5e9c0
09-07 14:14:25.062  5620  5620 I Player.BBPlayer:
09-07 14:14:25.063  5620  5620 D Player.BBPlayer: [main] event(1342177297): msg_log_cb, arg1: 0, arg2: 0, any: Info TD3176548 CPlayMain L262 The Session UUID: 877d76de-93cb-42fc-ae90-076ff882c93b
09-07 14:14:25.063  5620  5620 D Player.BBPlayer:
09-07 14:14:25.063  5719  5719 D SentryLog: [main] ShutdownHookIntegration installed.
09-07 14:14:25.064  5620  5620 I Player.BBPlayer: [main] msg_log_cb, Info TD3176548 CPlayMain L262 The Session UUID: 877d76de-93cb-42fc-ae90-076ff882c93b
09-07 14:14:25.064  5620  5620 I Player.BBPlayer:
09-07 14:14:25.065  5620  5620 I Player.BaseMediaSessionService: [main] onGetRoot
09-07 14:14:25.066  5719  5719 D SentryLog: [main] SendCachedEventFireAndForgetIntegration installed.
09-07 14:14:25.067  5719  5971 D SentryLog: [pool-2-thread-1] Started processing cached files from /data/user/0/cn.missevan/cache/sentry
09-07 14:14:25.068  5719  5719 D SentryLog: [main] NdkIntegration enabled: true
09-07 14:14:25.069  5719  5719 I sentry-native: using database path "/data/data/cn.missevan/cache/sentry/.sentry-native"
09-07 14:14:25.070  5719  5719 D sentry-native: starting backend
09-07 14:14:25.072  5719  5719 D SentryLog: [main] NdkIntegration installed.
09-07 14:14:25.072  5719  5971 D SentryLog: [pool-2-thread-1] Processing dir. /data/user/0/cn.missevan/cache/sentry
09-07 14:14:25.073  5719  5719 D SentryLog: [main] Registering EnvelopeFileObserverIntegration for path: /data/user/0/cn.missevan/cache/sentry/outbox
09-07 14:14:25.076  5719  5719 D SentryLog: [main] EnvelopeFileObserverIntegration installed.
09-07 14:14:25.076  5719  5971 D SentryLog: [pool-2-thread-1] Processing 0 items from cache dir /data/user/0/cn.missevan/cache/sentry
09-07 14:14:25.078  5719  5719 D SentryLog: [main] SendCachedEventFireAndForgetIntegration installed.
09-07 14:14:25.079  5719  5719 D SentryLog: [main] AnrIntegration enabled: true
09-07 14:14:25.079  5719  5971 D SentryLog: [pool-2-thread-1] File /data/user/0/cn.missevan/cache/sentry/outbox is not a File.
09-07 14:14:25.080  5719  5719 D SentryLog: [main] ANR timeout in milliseconds: 5000
09-07 14:14:25.081  5719  5971 D SentryLog: [pool-2-thread-1] Processing file: /data/user/0/cn.missevan/cache/sentry/session.json
09-07 14:14:25.082  5719  5719 D SentryLog: [main] AnrIntegration installed.
09-07 14:14:25.083  5719  5719 D SentryLog: [main] enableSessionTracking enabled: true
09-07 14:14:25.085  5719  5971 D SentryLog: [pool-2-thread-1] File '/data/user/0/cn.missevan/cache/sentry/session.json' doesn't match extension expected.
09-07 14:14:25.085  5719  5719 D SentryLog: [main] enableAppLifecycleBreadcrumbs enabled: true
09-07 14:14:25.087  5719  5971 D SentryLog: [pool-2-thread-1] File /data/user/0/cn.missevan/cache/sentry/.sentry-native is not a File.
09-07 14:14:25.089  5719  5971 D SentryLog: [pool-2-thread-1] Finished processing cached files from /data/user/0/cn.missevan/cache/sentry
09-07 14:14:25.094  5719  5719 D SentryLog: [main] AppLifecycleIntegration installed.
09-07 14:14:25.094  5719  5971 D SentryLog: [pool-2-thread-1] Started processing cached files from /data/user/0/cn.missevan/cache/sentry/outbox
09-07 14:14:25.095  5719  5719 D SentryLog: [main] ActivityLifecycleIntegration enabled: true
09-07 14:14:25.096  5719  5719 D SentryLog: [main] ActivityLifecycleIntegration installed.
09-07 14:14:25.097  5719  5971 D SentryLog: [pool-2-thread-1] Processing dir. /data/user/0/cn.missevan/cache/sentry/outbox
09-07 14:14:25.098  5719  5719 D SentryLog: [main] UserInteractionIntegration enabled: true
09-07 14:14:25.099  5719  5719 D SentryLog: [main] UserInteractionIntegration installed.
09-07 14:14:25.100  5719  5971 D SentryLog: [pool-2-thread-1] Processing 0 items from cache dir /data/user/0/cn.missevan/cache/sentry/outbox
09-07 14:14:25.101  5719  5719 D SentryLog: [main] AppComponentsBreadcrumbsIntegration enabled: true
09-07 14:14:25.102  5719  5719 D SentryLog: [main] AppComponentsBreadcrumbsIntegration installed.
09-07 14:14:24.986  1710  2083 D ConnectivityService: isWifiPoorLink:false, nai.everValidated:true, networkType:1, networkDetailedState:CONNECTED, nai.isLingering():false, unneeded(nai, UnneededFor.TEARDOWN):false
09-07 14:14:25.103  5719  5971 D SentryLog: [pool-2-thread-1] Finished processing cached files from /data/user/0/cn.missevan/cache/sentry/outbox
09-07 14:14:25.103  5719  5719 D SentryLog: [main] SystemEventsBreadcrumbsIntegration enabled: true
09-07 14:14:25.103  5348  5348 I Player.MainPlayerConnection: [main] MediaBrowserCompat.ConnectionCallback, onConnected, isConnected: true, mediaId: /
09-07 14:14:25.107  5719  5719 D SentryLog: [main] SystemEventsBreadcrumbsIntegration installed.
09-07 14:14:25.109  5719  5719 D SentryLog: [main] enableSystemEventsBreadcrumbs enabled: true
09-07 14:14:25.110  1710  2664 D MediaSessionRecord: registering controller callback android.media.session.ISessionControllerCallback$Stub$Proxy@955080f from controllercn.missevan
09-07 14:14:25.114  5348  5348 I MissEvanApplication: [main] MainPlayerConnection onConnected
09-07 14:14:25.115  5348  5348 I Player.MainPlayerConnection: [main] updateConfig
09-07 14:14:25.118  5719  5719 I SentryLog: [main] TYPE_AMBIENT_TEMPERATURE is not available.
09-07 14:14:25.120  5719  5719 D SentryLog: [main] enableSystemEventBreadcrumbs enabled: true
09-07 14:14:25.122  5719  5719 D SentryLog: [main] FragmentLifecycleIntegration installed.
09-07 14:14:25.122  5620  5620 I Player.MediaSessionCallback: [main] handleCustomAction, action_update_config
09-07 14:14:25.123  5620  5620 I Player.MediaSession: [main] updateConfig
09-07 14:14:25.125  5620  5620 I Player.MediaSession: [main] updatePlayerConfig, key: user_id, value: 9075653
09-07 14:14:25.126  5620  5620 I Player.MediaSession: [main] updatePlayerConfig, key: version_name, value: 5.7.3
09-07 14:14:25.127  5620  5620 I Player.MediaSession: [main] updatePlayerConfig, key: buvid, value: XY277FF2DFB139F19721118D30677E832AAF4
09-07 14:14:25.128  5620  5620 I @@@BBPLOG: Info TD3176548 CPlayMain L269 The DataLog AppVer: 5.7.3
09-07 14:14:25.128  5620  5620 I @@@BBPLOG: Info TD3176548 CPlayMain L248 The DataLog UserID: 0X8A7BC5
09-07 14:14:25.129  5620  5620 I @@@BBPLOG: Info TD3176548 CPlayMain L255 The DataLog BUVID: XY277FF2DFB139F19721118D30677E832AAF4
09-07 14:14:25.134  5620  5620 D Player.BBPlayer: [main] event(1342177297): msg_log_cb, arg1: 0, arg2: 0, any: Info TD3176548 CPlayMain L269 The DataLog AppVer: 5.7.3
09-07 14:14:25.134  5620  5620 D Player.BBPlayer:
09-07 14:14:25.135  5620  5620 I Player.BBPlayer: [main] msg_log_cb, Info TD3176548 CPlayMain L269 The DataLog AppVer: 5.7.3
09-07 14:14:25.135  5620  5620 I Player.BBPlayer:
09-07 14:14:25.139  5620  5620 D Player.BBPlayer: [main] event(1342177297): msg_log_cb, arg1: 0, arg2: 0, any: Info TD3176548 CPlayMain L248 The DataLog UserID: 0X8A7BC5
09-07 14:14:25.139  5620  5620 D Player.BBPlayer:
09-07 14:14:25.140  5348  5348 D LeakCanary: Watching instance of skin.support.constraint.SkinCompatConstraintLayout (cn.missevan.view.fragment.SplashFragment received Fragment#onDestroyView() callback (references to its views should be cleared to prevent leaks)) with key 0d3e2d95-497b-4b7f-8df4-35aa005bc5c0
09-07 14:14:25.142  5348  5348 D LeakCanary: Watching instance of androidx.loader.app.LoaderManagerImpl$LoaderViewModel (androidx.loader.app.LoaderManagerImpl$LoaderViewModel received ViewModel#onCleared() callback) with key 1a3a258d-d78e-44d6-96bb-89ff5c58e928
09-07 14:14:25.142  5620  5620 I Player.BBPlayer: [main] msg_log_cb, Info TD3176548 CPlayMain L248 The DataLog UserID: 0X8A7BC5
09-07 14:14:25.142  5620  5620 I Player.BBPlayer:
09-07 14:14:25.142  5348  5348 D LeakCanary: Watching instance of leakcanary.internal.ViewModelClearedWatcher (leakcanary.internal.ViewModelClearedWatcher received ViewModel#onCleared() callback) with key 842fd58a-5ad0-4549-a662-03db6e602d33
09-07 14:14:25.143  5348  5348 D LeakCanary: Watching instance of androidx.loader.app.LoaderManagerImpl$LoaderViewModel (androidx.loader.app.LoaderManagerImpl$LoaderViewModel received ViewModel#onCleared() callback) with key 530aec6f-74b3-48dd-b16b-f7ae4c5a86ed
09-07 14:14:25.143  5348  5348 D LeakCanary: Watching instance of leakcanary.internal.ViewModelClearedWatcher (leakcanary.internal.ViewModelClearedWatcher received ViewModel#onCleared() callback) with key 5918f183-22a3-4e8d-8829-33d0b0f0da59
09-07 14:14:25.144  5348  5348 D LeakCanary: Watching instance of com.bumptech.glide.manager.SupportRequestManagerFragment (com.bumptech.glide.manager.SupportRequestManagerFragment received Fragment#onDestroy() callback) with key f1c11f23-955a-4c0a-a761-5231d80f427c
09-07 14:14:25.145  5620  5620 D Player.BBPlayer: [main] event(1342177297): msg_log_cb, arg1: 0, arg2: 0, any: Info TD3176548 CPlayMain L255 The DataLog BUVID: XY277FF2DFB139F19721118D30677E832AAF4
09-07 14:14:25.145  5620  5620 D Player.BBPlayer:
09-07 14:14:25.147  5620  5620 I Player.BBPlayer: [main] msg_log_cb, Info TD3176548 CPlayMain L255 The DataLog BUVID: XY277FF2DFB139F19721118D30677E832AAF4
09-07 14:14:25.147  5620  5620 I Player.BBPlayer:
09-07 14:14:25.147  5348  5348 D LeakCanary: Watching instance of cn.missevan.view.fragment.SplashFragment (cn.missevan.view.fragment.SplashFragment received Fragment#onDestroy() callback) with key 85d8e474-84c3-49f0-9967-0858c544c6e8
09-07 14:14:25.159  1710  1710 V SettingsProvider: Notifying for 0: content://settings/system/vivo_fullscreen_flag
09-07 14:14:25.182  5348  5348 I MainFragment: [main] onCreateView
09-07 14:14:25.184  5348  5348 I MainFragment: [main] onCreateView
09-07 14:14:25.284   718   927 E         : IProducerListener: malformed binder reply
09-07 14:14:25.328  1710  2621 D PackageManager: package:10612 check permission,PERMISSION_GRANTED
09-07 14:14:25.443  5719  5719 D NAccs.AccsClientConfig:  build config:AccsClientConfig{mAppKey='umeng:546d7dd7fd98c58fc800082c', mAppSecret='64e8358a59d434e5546720db97ab5996', mInappHost='umengacs.m.taobao.com', mChannelHost='umengjmacs.m.taobao.com', mStoreId='', mSecurity=2, mAuthCode='', mInappPubKey=11, mChannelPubKey=11, mKeepalive=true, mAutoUnit=false, mTag='default', mConfigEnv=0, mDisableChannel=false, mQuickReconnect=false, mAccsHeartbeatEnable=false, mPullUpEnable=false, mForePingEnable=false, mPingTimeout=0}
09-07 14:14:25.443  5719  5719 W NAccs.AccsClientConfig:  build conver old config:AccsClientConfig{mAppKey='umeng:546d7dd7fd98c58fc800082c', mAppSecret='64e8358a59d434e5546720db97ab5996', mInappHost='umengacs.m.taobao.com', mChannelHost='umengjmacs.m.taobao.com', mStoreId='', mSecurity=2, mAuthCode='', mInappPubKey=-1, mChannelPubKey=-1, mKeepalive=true, mAutoUnit=true, mTag='default', mConfigEnv=0, mDisableChannel=false, mQuickReconnect=false, mAccsHeartbeatEnable=false, mPullUpEnable=true, mForePingEnable=false, mPingTimeout=0}
09-07 14:14:25.443  5719  5719 D NAccs.ACCSClient:  init config:AccsClientConfig{mAppKey='umeng:546d7dd7fd98c58fc800082c', mAppSecret='64e8358a59d434e5546720db97ab5996', mInappHost='umengacs.m.taobao.com', mChannelHost='umengjmacs.m.taobao.com', mStoreId='', mSecurity=2, mAuthCode='', mInappPubKey=11, mChannelPubKey=11, mKeepalive=true, mAutoUnit=false, mTag='default', mConfigEnv=0, mDisableChannel=false, mQuickReconnect=false, mAccsHeartbeatEnable=false, mPullUpEnable=false, mForePingEnable=false, mPingTimeout=0}
09-07 14:14:25.445  5719  5719 D UPush.Impl: appkey:546d7dd7fd98c58fc800082c secret:64e8358a59d434e5546720db97ab5996
09-07 14:14:25.449  5719  5996 I NAccs.TaobaoRegister:  register appKey:umeng:546d7dd7fd98c58fc800082c configTag:default
09-07 14:14:25.450  5719  5996 D NAccs.Config:  setAgooAppKey appkey:umeng:546d7dd7fd98c58fc800082c
09-07 14:14:25.451  5719  5996 D NAccs.Config:  setAgooMessageSecret secret:64e8358a59d434e5546720db97ab5996
09-07 14:14:25.454  5719  5996 D NAccs.ACCSManager:  getAccsInstance key:default|0
09-07 14:14:25.493  5719  5996 D NAccs.MsgRecv_default:  message file not exist
09-07 14:14:25.495  5719  5996 D NAccs.InAppConn_default:  new connection
09-07 14:14:25.503  5719  5996 I NAccs.Utils:  isMainProcess result:false
09-07 14:14:25.504  5719  5996 I NAccs.ACCSMgrImpl_default:  bindApp appKey:umeng:546d7dd7fd98c58fc800082c
09-07 14:14:25.505  1710  2621 D PackageManager: package:10612 check permission,PERMISSION_GRANTED
09-07 14:14:25.508  5719  5997 D NAccs.FileCheckUtils:  st.getAvailableBlocks()=2182170,st.getAvailableBlocks() * blockSize=8938168320
09-07 14:14:25.510  5719  5996 D NAccs.UtilityImpl:  enableService comptName:ComponentInfo{cn.missevan/com.taobao.accs.ChannelService}
09-07 14:14:25.511  1710  2985 W PackageManager: setEnabledSetting  packageName:cn.missevan className:com.taobao.accs.ChannelService newState:1 userId:0 callingPackage:null
09-07 14:14:25.518  1710  2621 D PackageManager: package:10612 check permission,PERMISSION_GRANTED
09-07 14:14:25.518  5719  5719 D NetworkSecurityConfig: Using Network Security Config from resource g debugBuild: true
09-07 14:14:25.525  5719  5719 W missevan:playe: Accessing hidden method Ldalvik/system/CloseGuard;->get()Ldalvik/system/CloseGuard; (light greylist, reflection)
09-07 14:14:25.525  5719  5996 W NAccs.ACCSMgrImpl_default:  bindApp only allow in main process
09-07 14:14:25.525  5719  5719 W missevan:playe: Accessing hidden method Ldalvik/system/CloseGuard;->open(Ljava/lang/String;)V (light greylist, reflection)
09-07 14:14:25.525  5719  5719 W missevan:playe: Accessing hidden method Ldalvik/system/CloseGuard;->warnIfOpen()V (light greylist, reflection)
09-07 14:14:25.561  5348  5348 I HomeFragment: [main] onCreateView
09-07 14:14:25.587  5719  5752 I missevan:playe: Background concurrent copying GC freed 6934(1247KB) AllocSpace objects, 10(200KB) LOS objects, 49% free, 2MB/4MB, paused 8.486ms total 34.771ms
09-07 14:14:25.624  5719  5719 D PlayApplication: [main] PlayApplication onCreate.
09-07 14:14:25.686  1710  1710 V SettingsProvider: Notifying for 0: content://settings/system/vivo_smartmulitwindow_is_allowed_split
09-07 14:14:25.688  2793  2793 W ContextImpl: Calling a method in the system process without a qualified user: android.app.ContextImpl.stopService:1562 android.content.ContextWrapper.stopService:674 com.vivo.smartmultiwindow.utils.h$1.handleMessage:178 android.os.Handler.dispatchMessage:106 android.os.Looper.loop:224
09-07 14:14:25.691  1710  2621 D NotificationListeners: Removing active service ComponentInfo{com.vivo.smartmultiwindow/com.vivo.smartmultiwindow.notification.view.b}
09-07 14:14:25.747  5719  5719 I MissEvanApplication: [main] current process: cn.missevan:player
09-07 14:14:25.758  5348  5348 I Player.SinglePlayer: [main] init, from: UGCRecommendPageFragment
09-07 14:14:25.760  5348  5348 I Player.SinglePlayerConnection.core0: [main] createPlayerIndex, index: 0
09-07 14:14:25.761  5620  5639 I Player.BaseAidlPlayerService.core0: [Binder:5620_2] createPlayer
09-07 14:14:25.762  5719  5719 D BLOG-EVENT-Network: network changed: 3=>1
09-07 14:14:25.763  5348  5348 I Player.SinglePlayerConnection.core0: [main] createPlayerStateEvent
09-07 14:14:25.764  5620  5620 I Player.Aidl: [main] init
09-07 14:14:25.765  5348  5348 I Player.SinglePlayerConnection.core0: [main] createPlayerEvent
09-07 14:14:25.767  5620  5620 I Player.Aidl.core0: [main] createNewCore
09-07 14:14:25.769  5719  5719 W LaserActionExecutor: [main] actionClass map is null
09-07 14:14:25.773  5620  5620 I Player.BBPlayer.core0: [main] init
09-07 14:14:25.774  5620  5620 I @@@BBPLOG: Info TD3176548 CPlayMain L99 BPSDK 3.0.0.218, 17:57:18 Sep  1 2022. CPU: ARMV8. OS
09-07 14:14:25.776  5620  5620 I @@@BBPLOG: Info TD3176548 CPlayMain L289 The DataLog app type:   6
09-07 14:14:25.776  5620  5620 I @@@BBPLOG: Info TD3176548 CPlayMain L269 The DataLog AppVer: 5.7.3
09-07 14:14:25.776  5620  5620 I @@@BBPLOG: Info TD3176548 CPlayMain L269 The DataLog AppVer: 5.7.3
09-07 14:14:25.776  5620  5620 I @@@BBPLOG: Info TD3176548 CPlayMain L255 The DataLog BUVID: XY277FF2DFB139F19721118D30677E832AAF4
09-07 14:14:25.776  5620  5620 I @@@BBPLOG: Info TD3176548 CPlayMain L248 The DataLog UserID: 0X8A7BC5
09-07 14:14:25.776  5620  5620 I @@@BBPLOG: Info Td3176548 BBPFuncLog L123 ----CIPMng::Clear Value is 00000000 start.
09-07 14:14:25.776  5620  5620 I @@@BBPLOG: Info Td3176548 BBPFuncLog L142 ----CIPMng::Clear leave! no return. Ussed Time: 0
09-07 14:14:25.776  5620  5620 I @@@BBPLOG: Info TD3176548 CPlayMain L277 The DataLog net type: 3
09-07 14:14:25.776  5620  5620 I @@@BBPLOG: Info TD3176548 CPlayMain L317 Set cronet engine: 0x7e43b5e9c0
