09-07 14:14:19.750  5348  5518 D DexLoader: WebCoreClassLoader - loadClass(org.chromium.android_webview.AwTracingController,false)...
09-07 14:14:19.751  5348  5518 D DexLoader: WebCoreClassLoader - loadClass(org.chromium.android_webview.at$1,false)...
09-07 14:14:19.751  5348  5518 D DexLoader: WebCoreClassLoader - loadClass(org.chromium.android_webview.at,false)...
09-07 14:14:19.751  5348  5518 D DexLoader: WebCoreClassLoader - loadClass(org.chromium.android_webview.AwTracingController$a,false)...
09-07 14:14:19.751  5348  5518 D DexLoader: WebCoreClassLoader - loadClass(org.chromium.android_webview.ao,false)...
09-07 14:14:19.751  5348  5518 D DexLoader: WebCoreClassLoader - loadClass(org.chromium.android_webview.ap,false)...
09-07 14:14:19.751  5348  5518 D DexLoader: WebCoreClassLoader - loadClass(org.chromium.android_webview.AwProxyController,false)...
09-07 14:14:19.751  5348  5518 D DexLoader: WebCoreClassLoader - loadClass(com.tencent.smtt.webkit.o,false)...
09-07 14:14:19.752  5348  5518 D DexLoader: WebCoreClassLoader - loadClass(org.chromium.device.geolocation.a,false)...
09-07 14:14:19.753  5348  5518 D DexLoader: WebCoreClassLoader - loadClass(org.chromium.device.geolocation.LocationProviderFactory,false)...
09-07 14:14:19.754  5348  5551 D DexLoader: WebCoreClassLoader - loadClass(com.tencent.tbsqmsp.sdk.c.f,false)...
09-07 14:14:19.755  5348  5551 D DexLoader: WebCoreClassLoader - loadClass(com.tencent.tbsqmsp.sdk.app.QmspSDK,false)...
09-07 14:14:19.755  5348  5551 D DexLoader: WebCoreClassLoader - loadClass(com.tencent.tbsqmsp.sdk.app.a,false)...
09-07 14:14:19.755  5348  5551 D DexLoader: WebCoreClassLoader - loadClass(com.tencent.tbsqmsp.sdk.c.i,false)...
09-07 14:14:19.756  5348  5551 D DexLoader: WebCoreClassLoader - loadClass(com.tencent.tbsqmsp.sdk.f.g,false)...
09-07 14:14:19.763  5348  5551 D DexLoader: WebCoreClassLoader - loadClass(com.tencent.tbsqmsp.sdk.b.g,false)...
09-07 14:14:19.765  5348  5551 D DexLoader: WebCoreClassLoader - loadClass(com.tencent.tbsqmsp.sdk.b.g$a,false)...
09-07 14:14:19.765  5348  5551 D DexLoader: WebCoreClassLoader - loadClass(com.tencent.tbsqmsp.sdk.b.f,false)...
09-07 14:14:19.766  5348  5551 D DexLoader: WebCoreClassLoader - loadClass(com.tencent.tbsqmsp.sdk.c.a,false)...
09-07 14:14:19.766  5348  5551 D DexLoader: WebCoreClassLoader - loadClass(com.tencent.tbsqmsp.sdk.f.k,false)...
09-07 14:14:19.767  5348  5551 D DexLoader: WebCoreClassLoader - loadClass(com.tencent.tbsqmsp.sdk.c.f$a,false)...
09-07 14:14:19.767  5348  5551 D DexLoader: WebCoreClassLoader - loadClass(com.tencent.tbsqmsp.sdk.c.a$a,false)...
09-07 14:14:19.767  5348  5551 D DexLoader: WebCoreClassLoader - loadClass(com.tencent.tbsqmsp.sdk.c.b,false)...
09-07 14:14:19.781  5348  5529 D DexLoader: WebCoreClassLoader - loadClass(com.tencent.tbs.common.config.DefaultConfigurationManager$X5Mode,false)...
09-07 14:14:19.783  5348  5553 W FileUtils: Failed to chmod(/data/user/0/com.tencent.mobileqq/app_tbs): android.system.ErrnoException: chmod failed: EACCES (Permission denied)
09-07 14:14:19.783  5348  5553 W FileUtils: Failed to chmod(/data/user/0/com.tencent.mobileqq/app_tbs_common_share): android.system.ErrnoException: chmod failed: EACCES (Permission denied)
09-07 14:14:19.783  5348  5529 D DexLoader: WebCoreClassLoader - loadClass(com.tencent.tbs.common.baseinfo.TbsUserInfo$IplistHandler,false)...
09-07 14:14:19.784  5348  5551 D DexLoader: WebCoreClassLoader - loadClass(com.tencent.tbsqmsp.sdk.a.b,false)...
09-07 14:14:19.788  5348  5529 D DexLoader: WebCoreClassLoader - loadClass(com.tencent.tbs.common.baseinfo.TbsUserInfoDataProvider,false)...
09-07 14:14:19.788  5348  5529 D DexLoader: WebCoreClassLoader - loadClass(com.tencent.tbs.common.baseinfo.TbsUserInfoDataProvider$a,false)...
09-07 14:14:19.788  5348  5529 D DexLoader: WebCoreClassLoader - loadClass(com.tencent.tbs.common.baseinfo.NioFileUtils,false)...
09-07 14:14:19.788  5348  5529 D DexLoader: WebCoreClassLoader - loadClass(com.tencent.tbs.common.baseinfo.NioFileUtils$a,false)...
09-07 14:14:19.790  5348  5529 D DexLoader: WebCoreClassLoader - loadClass(com.tencent.tbs.common.utils.AES256Utils,false)...
09-07 14:14:19.790  5348  5551 D DexLoader: WebCoreClassLoader - loadClass(com.tencent.tbsqmsp.sdk.app.b,false)...
09-07 14:14:19.794  5348  5553 D DexLoader: WebCoreClassLoader - loadClass(com.tencent.common.utils.ByteUtils,false)...
09-07 14:14:19.810  5348  5551 D DexLoader: WebCoreClassLoader - loadClass(com.tencent.tbsqmsp.sdk.c.l,false)...
09-07 14:14:19.810  5348  5553 D DexLoader: WebCoreClassLoader - loadClass(com.tencent.tbs.common.push.PushDataParserUtils,false)...
09-07 14:14:19.810  5348  5551 D DexLoader: WebCoreClassLoader - loadClass(com.tencent.tbsqmsp.sdk.c.c,false)...
09-07 14:14:19.810  5348  5551 D DexLoader: WebCoreClassLoader - loadClass(com.tencent.tbsqmsp.sdk.c.n,false)...
09-07 14:14:19.810  5348  5553 D DexLoader: WebCoreClassLoader - loadClass(com.taf.JceInputStream,false)...
09-07 14:14:19.810  5348  5551 D DexLoader: WebCoreClassLoader - loadClass(com.tencent.tbsqmsp.sdk.c.d,false)...
09-07 14:14:19.810  5348  5551 D DexLoader: WebCoreClassLoader - loadClass(com.tencent.tbsqmsp.sdk.c.e,false)...
09-07 14:14:19.810  5348  5551 D DexLoader: WebCoreClassLoader - loadClass(com.tencent.tbsqmsp.sdk.c.n$a,false)...
09-07 14:14:19.811  5348  5553 D DexLoader: WebCoreClassLoader - loadClass(com.taf.JceDecodeException,false)...
09-07 14:14:19.811  5348  5551 D DexLoader: WebCoreClassLoader - loadClass(com.tencent.tbsqmsp.sdk.c.f$f,false)...
09-07 14:14:19.811  5348  5553 D DexLoader: WebCoreClassLoader - loadClass(com.taf.JceInputStream$HeadData,false)...
09-07 14:14:19.811  5348  5551 D DexLoader: WebCoreClassLoader - loadClass(com.tencent.tbsqmsp.sdk.c.f$b,false)...
09-07 14:14:19.811  5348  5553 D DexLoader: WebCoreClassLoader - loadClass(com.tencent.common.utils.DesUtils,false)...
09-07 14:14:19.813  5348  5553 D DexLoader: WebCoreClassLoader - loadClass(com.tencent.common.utils.HexUtil,false)...
09-07 14:14:19.816  5348  5551 D DexLoader: WebCoreClassLoader - loadClass(com.tencent.tbsqmsp.sdk.a.c,false)...
09-07 14:14:19.818  5348  5553 D DexLoader: WebCoreClassLoader - loadClass(com.tencent.tbs.common.baseinfo.GuidLoader$1,false)...
09-07 14:14:19.819  5348  5553 W FileUtils: Failed to chmod(/data/user/0/com.tencent.mtt/app_tbs): android.system.ErrnoException: chmod failed: EACCES (Permission denied)
09-07 14:14:19.820  5348  5553 W FileUtils: Failed to chmod(/data/user/0/com.tencent.mtt/app_tbs_common_share): android.system.ErrnoException: chmod failed: EACCES (Permission denied)
09-07 14:14:19.821  5348  5553 W FileUtils: Failed to chmod(/data/user/0/com.tencent.mm/app_tbs): android.system.ErrnoException: chmod failed: EACCES (Permission denied)
09-07 14:14:19.822  5348  5553 W FileUtils: Failed to chmod(/data/user/0/com.tencent.mm/app_tbs_common_share): android.system.ErrnoException: chmod failed: EACCES (Permission denied)
09-07 14:14:19.823  5348  5553 W FileUtils: Failed to chmod(/data/user/0/com.tencent.mobileqq/app_tbs): android.system.ErrnoException: chmod failed: EACCES (Permission denied)
09-07 14:14:19.823  5348  5553 W FileUtils: Failed to chmod(/data/user/0/com.tencent.mobileqq/app_tbs_common_share): android.system.ErrnoException: chmod failed: EACCES (Permission denied)
09-07 14:14:19.825  5348  5551 D DexLoader: WebCoreClassLoader - loadClass(com.tencent.tbsqmsp.sdk.c.g,false)...
09-07 14:14:19.833  5348  5551 D DexLoader: WebCoreClassLoader - loadClass(com.tencent.tbsqmsp.sdk.c.m,false)...
09-07 14:14:19.834  5348  5551 D DexLoader: WebCoreClassLoader - loadClass(com.tencent.tbsqmsp.sdk.c.k,false)...
09-07 14:14:19.834  5348  5551 D DexLoader: WebCoreClassLoader - loadClass(com.tencent.tbsqmsp.sdk.c.j,false)...
09-07 14:14:19.834  5348  5551 D DexLoader: WebCoreClassLoader - loadClass(com.tencent.tbsqmsp.sdk.c.k$g,false)...
09-07 14:14:19.835  5348  5551 D DexLoader: WebCoreClassLoader - loadClass(com.tencent.tbsqmsp.sdk.c.k$a,false)...
09-07 14:14:19.835  5348  5551 D DexLoader: WebCoreClassLoader - loadClass(com.tencent.tbsqmsp.sdk.c.g$c,false)...
09-07 14:14:19.835  5348  5551 D DexLoader: WebCoreClassLoader - loadClass(com.tencent.tbsqmsp.sdk.c.f$c,false)...
09-07 14:14:19.835  5348  5551 D DexLoader: WebCoreClassLoader - loadClass(com.tencent.tbsqmsp.sdk.c.f$d,false)...
09-07 14:14:19.835  5348  5551 D DexLoader: WebCoreClassLoader - loadClass(com.tencent.tbsqmsp.sdk.e.b,false)...
09-07 14:14:19.835  5348  5551 D DexLoader: WebCoreClassLoader - loadClass(com.tencent.tbsqmsp.sdk.e.b$a,false)...
09-07 14:14:19.835  5348  5551 D DexLoader: WebCoreClassLoader - loadClass(com.tencent.tbsqmsp.sdk.a.a,false)...
09-07 14:14:19.835  5348  5551 D DexLoader: WebCoreClassLoader - loadClass(com.tencent.tbsqmsp.sdk.a.g,false)...
09-07 14:14:19.837  5348  5551 D DexLoader: WebCoreClassLoader - loadClass(com.tencent.tbsqmsp.sdk.a.f,false)...
09-07 14:14:19.837  5348  5551 D DexLoader: WebCoreClassLoader - loadClass(com.tencent.tbsqmsp.sdk.a.d,false)...
09-07 14:14:19.837  5348  5551 D DexLoader: WebCoreClassLoader - loadClass(com.tencent.tbsqmsp.sdk.a.e,false)...
09-07 14:14:19.841  5348  5551 D DexLoader: WebCoreClassLoader - loadClass(com.tencent.tbsqmsp.sdk.f.e,false)...
09-07 14:14:19.841  5348  5527 D DexLoader: WebCoreClassLoader - loadClass(com.tencent.tbs.common.stat.PageLoadInfoData,false)...
09-07 14:14:19.842  5348  5527 D DexLoader: WebCoreClassLoader - loadClass(com.tencent.tbs.common.stat.TBSPageLoadInfoManager$a,false)...
09-07 14:14:19.844  5348  5551 D DexLoader: WebCoreClassLoader - loadClass(com.tencent.tbsqmsp.sdk.a.f$a,false)...
09-07 14:14:19.844  5348  5348 D WebViewCookieHelper: [main] ssoToken: 6316fc033fec334944f425f8|5b45cae6191ff1e5|1662450691|bbe745aab5094931
09-07 14:14:19.846  5348  5579 D DexLoader: WebCoreClassLoader - loadClass(com.tencent.tbsqmsp.sdk.a.f$b,false)...
09-07 14:14:19.846  5348  5579 D DexLoader: WebCoreClassLoader - loadClass(com.tencent.tbsqmsp.sdk.b.e,false)...
09-07 14:14:19.847  5348  5579 D DexLoader: WebCoreClassLoader - loadClass(com.tencent.tbsqmsp.sdk.b.a,false)...
09-07 14:14:19.847  5348  5579 D DexLoader: WebCoreClassLoader - loadClass(com.tencent.tbsqmsp.sdk.b.a$b,false)...
09-07 14:14:19.847  5348  5579 D DexLoader: WebCoreClassLoader - loadClass(com.tencent.tbsqmsp.sdk.b.a$c,false)...
09-07 14:14:19.852  5348  5348 D DexLoader: WebCoreClassLoader - loadClass(org.chromium.android_webview.bw$a,false)...
09-07 14:14:19.853  5348  5529 D DexLoader: WebCoreClassLoader - loadClass(com.tencent.tbs.common.baseinfo.TbsUserInfo$a,false)...
09-07 14:14:19.853  5348  5348 D DexLoader: WebCoreClassLoader - loadClass(org.chromium.android_webview.common.CommandLineUtilInternal,false)...
09-07 14:14:19.855  5348  5348 D DexLoader: WebCoreClassLoader - loadClass(org.chromium.base.task.-$$Lambda$6k6vfMfLpVStq0ePYu6GFEvZfIk,false)...
09-07 14:14:19.855  5348  5348 D DexLoader: WebCoreClassLoader - loadClass(org.chromium.base.task.-$$Lambda$d$1$ozEh0BdT_VD0QDFDFt5pSn1pbFw,false)...
09-07 14:14:19.856  5348  5527 D DexLoader: WebCoreClassLoader - loadClass(com.tencent.tbs.common.stat.TBSPageLoadInfoManager$2,false)...
09-07 14:14:19.861  5348  5527 D DexLoader: WebCoreClassLoader - loadClass(com.tencent.common.serverconfig.WupServerConfigsWrapper,false)...
09-07 14:14:19.861  5348  5527 D DexLoader: WebCoreClassLoader - loadClass(com.tencent.common.serverconfig.WupProxyDomainRouter,false)...
09-07 14:14:19.862  5348  5527 D DexLoader: WebCoreClassLoader - loadClass(com.tencent.common.serverconfig.netchecker.BaseWupSelfChecker$ISelfCheckCallback,false)...
09-07 14:14:19.862  5348  5527 D DexLoader: WebCoreClassLoader - loadClass(com.tencent.common.serverconfig.WupProxyDomainRouter$WupProxyAddress,false)...
09-07 14:14:19.862  5348  5527 D DexLoader: WebCoreClassLoader - loadClass(com.tencent.common.serverconfig.b,false)...
09-07 14:14:19.863  5348  5527 D DexLoader: WebCoreClassLoader - loadClass(com.tencent.common.serverconfig.IPListUtils,false)...
09-07 14:14:19.863  5348  5348 D DexLoader: WebCoreClassLoader - loadClass(com.tencent.smtt.d.a,false)...
09-07 14:14:19.864  5348  5348 D DexLoader: WebCoreClassLoader - loadClass(com.tencent.smtt.d.a$c,false)...
09-07 14:14:19.864  5348  5348 I MultiProcess: Fallback service has disabled
09-07 14:14:19.864  5348  5348 I MultiProcess: No sandbox if not isolated has enabled
09-07 14:14:19.864  5348  5529 D DexLoader: WebCoreClassLoader - loadClass(com.tencent.tbs.common.baseinfo.TbsDomainListDataProvider$a,false)...
09-07 14:14:19.865  5348  5348 I MultiProcess: Auto recovery has disabled
09-07 14:14:19.873  5348  5348 D DexLoader: WebCoreClassLoader - loadClass(com.tencent.smtt.d.b,false)...
09-07 14:14:19.874  5348  5348 D DexLoader: WebCoreClassLoader - loadClass(com.tencent.smtt.d.b$1,false)...
09-07 14:14:19.876  5348  5348 I MultiProcess: Type 0: 0 is chosen when multi-process is not enabled
09-07 14:14:19.876  5348  5348 D DexLoader: WebCoreClassLoader - loadClass(com.tencent.smtt.d.a$1,false)...
09-07 14:14:19.876  5348  5348 D DexLoader: WebCoreClassLoader - loadClass(org.chromium.tencent.ChildProcessExitObserver$a,false)...
09-07 14:14:19.876  5348  5348 D DexLoader: WebCoreClassLoader - loadClass(org.chromium.tencent.ChildProcessExitObserver,false)...
09-07 14:14:19.880  5348  5527 D DexLoader: WebCoreClassLoader - loadClass(com.tencent.common.serverconfig.ConnectivityChangeHandler,false)...
09-07 14:14:19.881  5348  5527 D DexLoader: WebCoreClassLoader - loadClass(com.tencent.common.serverconfig.ConnectivityChangeHandler$1,false)...
09-07 14:14:19.882  5348  5348 D DexLoader: WebCoreClassLoader - loadClass(org.chromium.android_webview.m,false)...
09-07 14:14:19.882  5348  5348 D DexLoader: WebCoreClassLoader - loadClass(org.chromium.android_webview.n,false)...
09-07 14:14:19.882  5348  5348 D DexLoader: WebCoreClassLoader - loadClass(org.chromium.android_webview.m$b,false)...
09-07 14:14:19.882  5348  5348 D DexLoader: WebCoreClassLoader - loadClass(org.chromium.android_webview.n$1,false)...
09-07 14:14:19.882  5348  5348 D DexLoader: WebCoreClassLoader - loadClass(org.chromium.base.BuildInfo$a,false)...
09-07 14:14:19.888  5348  5348 D DexLoader: WebCoreClassLoader - loadClass(com.tencent.mtt.base.utils.ApiCompat,false)...
09-07 14:14:19.889  5348  5579 D DexLoader: WebCoreClassLoader - loadClass(com.tencent.tbsqmsp.sdk.b.a$a,false)...
09-07 14:14:19.889  5348  5348 D DexLoader: WebCoreClassLoader - loadClass(com.tencent.mtt.base.utils.DeviceYearClass,false)...
09-07 14:14:19.892  5348  5348 D DexLoader: WebCoreClassLoader - loadClass(com.tencent.mtt.base.utils.DeviceUtilsF$a,false)...
09-07 14:14:19.892  5348  5348 D DexLoader: WebCoreClassLoader - loadClass(com.tencent.mtt.base.utils.FileListJNI,false)...
09-07 14:14:19.901  5348  5348 D DexLoader: WebCoreClassLoader - loadClass(com.tencent.mtt.base.utils.DeviceUtilsF$1,false)...
09-07 14:14:19.903  5348  5527 D DexLoader: WebCoreClassLoader - loadClass(com.tencent.common.serverconfig.WupServerConfigsWrapper$a,false)...
09-07 14:14:19.903  5348  5527 D DexLoader: WebCoreClassLoader - loadClass(com.tencent.common.serverconfig.WupServerConfigsWrapper$b,false)...
09-07 14:14:19.907  5348  5527 D DexLoader: WebCoreClassLoader - loadClass(com.tencent.common.serverconfig.IPListDataManager,false)...
09-07 14:14:19.907  5348  5527 D DexLoader: WebCoreClassLoader - loadClass(com.tencent.common.utils.FileUtilsF,false)...
09-07 14:14:19.918  5348  5527 D DexLoader: WebCoreClassLoader - loadClass(com.tencent.tbs.common.wup.WUPTaskProxy,false)...
09-07 14:14:19.919  5348  5527 D DexLoader: WebCoreClassLoader - loadClass(com.tencent.common.wup.WUPTaskClient,false)...
09-07 14:14:19.923  5348  5579 D DexLoader: WebCoreClassLoader - loadClass(com.tencent.tbsqmsp.sdk.b.a$d,false)...
09-07 14:14:19.929   588   588 E SELinux : avc:  denied  { find } for interface=android.hardware.memtrack::IMemtrack sid=u:r:untrusted_app:s0:c100,c258,c512,c768 pid=5348 scontext=u:r:untrusted_app:s0:c100,c258,c512,c768 tcontext=u:object_r:hal_memtrack_hwservice:s0 tclass=hwservice_manager permissive=0
09-07 14:14:19.929  5348  5527 D DexLoader: WebCoreClassLoader - loadClass(com.tencent.common.wup.WUPTaskObserver,false)...
09-07 14:14:19.929  5348  5527 D DexLoader: WebCoreClassLoader - loadClass(com.tencent.mtt.base.task.TaskObserver,false)...
09-07 14:14:19.930  5348  5527 D DexLoader: WebCoreClassLoader - loadClass(com.tencent.common.wup.base.WupAccessController,false)...
09-07 14:14:19.931  5348  5552 E memtrack: Couldn't load memtrack module
09-07 14:14:19.931  5348  5552 W android.os.Debug: failed to get memory consumption info: -1
09-07 14:14:19.931  5348  5527 D DexLoader: WebCoreClassLoader - loadClass(com.tencent.common.wup.base.WupOaepEncryptController,false)...
09-07 14:14:19.940  5348  5348 I WebViewFactory: Loading com.google.android.webview version 104.0.5112.97 (code 511209703)
09-07 14:14:19.987  5348  5348 I cn.missevan: Rejecting re-init on previously-failed class java.lang.Class<Wb0>: java.lang.NoClassDefFoundError: Failed resolution of: Landroid/webkit/PacProcessor;
09-07 14:14:19.987  5348  5348 I cn.missevan:   at java.lang.Class java.lang.Class.classForName(java.lang.String, boolean, java.lang.ClassLoader) (Class.java:-2)
09-07 14:14:19.987  5348  5348 I cn.missevan:   at java.lang.Class java.lang.Class.forName(java.lang.String, boolean, java.lang.ClassLoader) (Class.java:453)
09-07 14:14:19.987  5348  5348 I cn.missevan:   at java.lang.Class android.webkit.WebViewFactory.getWebViewProviderClass(java.lang.ClassLoader) (WebViewFactory.java:176)
09-07 14:14:19.987  5348  5348 I cn.missevan:   at java.lang.Class android.webkit.WebViewFactory.getProviderClass() (WebViewFactory.java:459)
09-07 14:14:19.987  5348  5348 I cn.missevan:   at android.webkit.WebViewFactoryProvider android.webkit.WebViewFactory.getProvider() (WebViewFactory.java:251)
09-07 14:14:19.987  5348  5348 I cn.missevan:   at android.webkit.CookieManager android.webkit.CookieManager.getInstance() (CookieManager.java:40)
09-07 14:14:19.987  5348  5348 I cn.missevan:   at void cn.missevan.web.d.b.eu(boolean) (SourceFile:135)
09-07 14:14:19.987  5348  5348 I cn.missevan:   at void cn.missevan.web.d.b.setAcceptCookie(boolean) (SourceFile:120)
09-07 14:14:19.987  5348  5348 I cn.missevan:   at void cn.missevan.web.d.b.eG(java.lang.String) (SourceFile:68)
09-07 14:14:19.987  5348  5348 I cn.missevan:   at void cn.missevan.web.d.b.syncCookie() (SourceFile:50)
09-07 14:14:19.987  5348  5348 I cn.missevan:   at void cn.missevan.MissEvanApplication.syncCookie() (SourceFile:672)
09-07 14:14:19.987  5348  5348 I cn.missevan:   at void cn.missevan.MissEvanApplication.onCreate() (SourceFile:365)
09-07 14:14:19.987  5348  5348 I cn.missevan:   at void cn.missevan.hotfix.MissevanApplicationLike.onCreate() (SourceFile:89)
09-07 14:14:19.987  5348  5348 I cn.missevan:   at void com.tencent.tinker.entry.TinkerApplicationInlineFence.handleMessageImpl(android.os.Message) (SourceFile:71)
09-07 14:14:19.987  5348  5348 I cn.missevan:   at void com.tencent.tinker.entry.TinkerApplicationInlineFence.handleMessage_$noinline$(android.os.Message) (SourceFile:60)
09-07 14:14:19.987  5348  5348 I cn.missevan:   at void com.tencent.tinker.entry.TinkerApplicationInlineFence.handleMessage(android.os.Message) (SourceFile:53)
09-07 14:14:19.987  5348  5348 I cn.missevan:   at void com.tencent.tinker.loader.app.TinkerInlineFenceAction.callOnCreate(android.os.Handler) (SourceFile:50)
09-07 14:14:19.987  5348  5348 I cn.missevan:   at void com.tencent.tinker.loader.app.TinkerApplication.onCreate() (SourceFile:184)
09-07 14:14:19.987  5348  5348 I cn.missevan:   at void android.app.Instrumentation.callApplicationOnCreate(android.app.Application) (Instrumentation.java:1158)
09-07 14:14:19.987  5348  5348 I cn.missevan:   at void android.app.ActivityThread.handleBindApplication(android.app.ActivityThread$AppBindData) (ActivityThread.java:6200)
09-07 14:14:19.987  5348  5348 I cn.missevan:   at void android.app.ActivityThread.access$1200(android.app.ActivityThread, android.app.ActivityThread$AppBindData) (ActivityThread.java:236)
09-07 14:14:19.987  5348  5348 I cn.missevan:   at void android.app.ActivityThread$H.handleMessage(android.os.Message) (ActivityThread.java:1851)
09-07 14:14:19.987  5348  5348 I cn.missevan:   at void android.os.Handler.dispatchMessage(android.os.Message) (Handler.java:106)
09-07 14:14:19.987  5348  5348 I cn.missevan:   at void android.os.Looper.loop() (Looper.java:224)
09-07 14:14:19.987  5348  5348 I cn.missevan:   at void android.app.ActivityThread.main(java.lang.String[]) (ActivityThread.java:7042)
09-07 14:14:19.987  5348  5348 I cn.missevan:   at java.lang.Object java.lang.reflect.Method.invoke(java.lang.Object, java.lang.Object[]) (Method.java:-2)
09-07 14:14:19.987  5348  5348 I cn.missevan:   at void com.android.internal.os.RuntimeInit$MethodAndArgsCaller.run() (RuntimeInit.java:536)
09-07 14:14:19.987  5348  5348 I cn.missevan:   at void com.android.internal.os.ZygoteInit.main(java.lang.String[]) (ZygoteInit.java:868)
09-07 14:14:19.987  5348  5348 I cn.missevan: Caused by: java.lang.ClassNotFoundException: Didn't find class "android.webkit.PacProcessor" on path: DexPathList[[zip file "/data/app/com.google.android.webview-a_HHZDdUsph3mFOhOiXgBQ==/base.apk"],nativeLibraryDirectories=[/data/app/com.google.android.webview-a_HHZDdUsph3mFOhOiXgBQ==/lib/arm64, /data/app/com.google.android.webview-a_HHZDdUsph3mFOhOiXgBQ==/base.apk!/lib/arm64-v8a, /system/lib64]]
09-07 14:14:19.987  5348  5348 I cn.missevan:   at java.lang.Class dalvik.system.BaseDexClassLoader.findClass(java.lang.String) (BaseDexClassLoader.java:134)
09-07 14:14:19.987  5348  5348 I cn.missevan:   at java.lang.Class java.lang.ClassLoader.loadClass(java.lang.String, boolean) (ClassLoader.java:379)
09-07 14:14:19.987  5348  5348 I cn.missevan:   at java.lang.Class java.lang.ClassLoader.loadClass(java.lang.String) (ClassLoader.java:312)
09-07 14:14:19.987  5348  5348 I cn.missevan:   at java.lang.Class java.lang.Class.classForName(java.lang.String, boolean, java.lang.ClassLoader) (Class.java:-2)
09-07 14:14:19.987  5348  5348 I cn.missevan:   at java.lang.Class java.lang.Class.forName(java.lang.String, boolean, java.lang.ClassLoader) (Class.java:453)
09-07 14:14:19.987  5348  5348 I cn.missevan:   at java.lang.Class android.webkit.WebViewFactory.getWebViewProviderClass(java.lang.ClassLoader) (WebViewFactory.java:176)
09-07 14:14:19.987  5348  5348 I cn.missevan:   at java.lang.Class android.webkit.WebViewFactory.getProviderClass() (WebViewFactory.java:459)
09-07 14:14:19.987  5348  5348 I cn.missevan:   at android.webkit.WebViewFactoryProvider android.webkit.WebViewFactory.getProvider() (WebViewFactory.java:251)
09-07 14:14:19.987  5348  5348 I cn.missevan:   at android.webkit.CookieManager android.webkit.CookieManager.getInstance() (CookieManager.java:40)
09-07 14:14:19.987  5348  5348 I cn.missevan:   at void cn.missevan.web.d.b.eu(boolean) (SourceFile:135)
09-07 14:14:19.987  5348  5348 I cn.missevan:   at void cn.missevan.web.d.b.setAcceptCookie(boolean) (SourceFile:120)
09-07 14:14:19.987  5348  5348 I cn.missevan:   at void cn.missevan.web.d.b.eG(java.lang.String) (SourceFile:68)
09-07 14:14:19.987  5348  5348 I cn.missevan:   at void cn.missevan.web.d.b.syncCookie() (SourceFile:50)
09-07 14:14:19.987  5348  5348 I cn.missevan:   at void cn.missevan.MissEvanApplication.syncCookie() (SourceFile:672)
09-07 14:14:19.987  5348  5348 I cn.missevan:   at void cn.missevan.MissEvanApplication.onCreate() (SourceFile:365)
09-07 14:14:19.987  5348  5348 I cn.missevan:   at void cn.missevan.hotfix.MissevanApplicationLike.onCreate() (SourceFile:89)
09-07 14:14:19.987  5348  5348 I cn.missevan:   at void com.tencent.tinker.entry.TinkerApplicationInlineFence.handleMessageImpl(android.os.Message) (SourceFile:71)
09-07 14:14:19.987  5348  5348 I cn.missevan:   at void com.tencent.tinker.entry.TinkerApplicationInlineFence.handleMessage_$noinline$(android.os.Message) (SourceFile:60)
09-07 14:14:19.987  5348  5348 I cn.missevan:   at void com.tencent.tinker.entry.TinkerApplicationInlineFence.handleMessage(android.os.Message) (SourceFile:53)
09-07 14:14:19.987  5348  5348 I cn.missevan:   at void com.tencent.tinker.loader.app.TinkerInlineFenceAction.callOnCreate(android.os.Handler) (SourceFile:50)
09-07 14:14:19.987  5348  5348 I cn.missevan:   at void com.tencent.tinker.loader.app.TinkerApplication.onCreate() (SourceFile:184)
09-07 14:14:19.987  5348  5348 I cn.missevan:   at void android.app.Instrumentation.callApplicationOnCreate(android.app.Application) (Instrumentation.java:1158)
09-07 14:14:19.987  5348  5348 I cn.missevan:   at void android.app.ActivityThread.handleBindApplication(android.app.ActivityThread$AppBindData) (ActivityThread.java:6200)
09-07 14:14:19.987  5348  5348 I cn.missevan:   at void android.app.ActivityThread.access$1200(android.app.ActivityThread, android.app.ActivityThread$AppBindData) (ActivityThread.java:236)
09-07 14:14:19.987  5348  5348 I cn.missevan:   at void android.app.ActivityThread$H.handleMessage(android.os.Message) (ActivityThread.java:1851)
09-07 14:14:19.987  5348  5348 I cn.missevan:   at void android.os.Handler.dispatchMessage(android.os.Message) (Handler.java:106)
09-07 14:14:19.987  5348  5348 I cn.missevan:   at void android.os.Looper.loop() (Looper.java:224)
09-07 14:14:19.987  5348  5348 I cn.missevan:   at void android.app.ActivityThread.main(java.lang.String[]) (ActivityThread.java:7042)
09-07 14:14:19.987  5348  5348 I cn.missevan:   at java.lang.Object java.lang.reflect.Method.invoke(java.lang.Object, java.lang.Object[]) (Method.java:-2)
09-07 14:14:19.987  5348  5348 I cn.missevan:   at void com.android.internal.os.RuntimeInit$MethodAndArgsCaller.run() (RuntimeInit.java:536)
09-07 14:14:19.987  5348  5348 I cn.missevan:   at void com.android.internal.os.ZygoteInit.main(java.lang.String[]) (ZygoteInit.java:868)
09-07 14:14:19.987  5348  5348 I cn.missevan:
09-07 14:14:19.987  5348  5348 I cn.missevan: Rejecting re-init on previously-failed class java.lang.Class<Wb0>: java.lang.NoClassDefFoundError: Failed resolution of: Landroid/webkit/PacProcessor;
09-07 14:14:19.987  5348  5348 I cn.missevan:   at java.lang.Class java.lang.Class.classForName(java.lang.String, boolean, java.lang.ClassLoader) (Class.java:-2)
09-07 14:14:19.987  5348  5348 I cn.missevan:   at java.lang.Class java.lang.Class.forName(java.lang.String, boolean, java.lang.ClassLoader) (Class.java:453)
09-07 14:14:19.987  5348  5348 I cn.missevan:   at java.lang.Class android.webkit.WebViewFactory.getWebViewProviderClass(java.lang.ClassLoader) (WebViewFactory.java:176)
09-07 14:14:19.987  5348  5348 I cn.missevan:   at java.lang.Class android.webkit.WebViewFactory.getProviderClass() (WebViewFactory.java:459)
09-07 14:14:19.987  5348  5348 I cn.missevan:   at android.webkit.WebViewFactoryProvider android.webkit.WebViewFactory.getProvider() (WebViewFactory.java:251)
09-07 14:14:19.987  5348  5348 I cn.missevan:   at android.webkit.CookieManager android.webkit.CookieManager.getInstance() (CookieManager.java:40)
09-07 14:14:19.987  5348  5348 I cn.missevan:   at void cn.missevan.web.d.b.eu(boolean) (SourceFile:135)
09-07 14:14:19.987  5348  5348 I cn.missevan:   at void cn.missevan.web.d.b.setAcceptCookie(boolean) (SourceFile:120)
09-07 14:14:19.987  5348  5348 I cn.missevan:   at void cn.missevan.web.d.b.eG(java.lang.String) (SourceFile:68)
09-07 14:14:19.987  5348  5348 I cn.missevan:   at void cn.missevan.web.d.b.syncCookie() (SourceFile:50)
09-07 14:14:19.987  5348  5348 I cn.missevan:   at void cn.missevan.MissEvanApplication.syncCookie() (SourceFile:672)
09-07 14:14:19.987  5348  5348 I cn.missevan:   at void cn.missevan.MissEvanApplication.onCreate() (SourceFile:365)
09-07 14:14:19.987  5348  5348 I cn.missevan:   at void cn.missevan.hotfix.MissevanApplicationLike.onCreate() (SourceFile:89)
09-07 14:14:19.987  5348  5348 I cn.missevan:   at void com.tencent.tinker.entry.TinkerApplicationInlineFence.handleMessageImpl(android.os.Message) (SourceFile:71)
09-07 14:14:19.987  5348  5348 I cn.missevan:   at void com.tencent.tinker.entry.TinkerApplicationInlineFence.handleMessage_$noinline$(android.os.Message) (SourceFile:60)
09-07 14:14:19.987  5348  5348 I cn.missevan:   at void com.tencent.tinker.entry.TinkerApplicationInlineFence.handleMessage(android.os.Message) (SourceFile:53)
09-07 14:14:19.987  5348  5348 I cn.missevan:   at void com.tencent.tinker.loader.app.TinkerInlineFenceAction.callOnCreate(android.os.Handler) (SourceFile:50)
09-07 14:14:19.987  5348  5348 I cn.missevan:   at void com.tencent.tinker.loader.app.TinkerApplication.onCreate() (SourceFile:184)
09-07 14:14:19.987  5348  5348 I cn.missevan:   at void android.app.Instrumentation.callApplicationOnCreate(android.app.Application) (Instrumentation.java:1158)
09-07 14:14:19.987  5348  5348 I cn.missevan:   at void android.app.ActivityThread.handleBindApplication(android.app.ActivityThread$AppBindData) (ActivityThread.java:6200)
09-07 14:14:19.987  5348  5348 I cn.missevan:   at void android.app.ActivityThread.access$1200(android.app.ActivityThread, android.app.ActivityThread$AppBindData) (ActivityThread.java:236)
09-07 14:14:19.987  5348  5348 I cn.missevan:   at void android.app.ActivityThread$H.handleMessage(android.os.Message) (ActivityThread.java:1851)
09-07 14:14:19.987  5348  5348 I cn.missevan:   at void android.os.Handler.dispatchMessage(android.os.Message) (Handler.java:106)
09-07 14:14:19.987  5348  5348 I cn.missevan:   at void android.os.Looper.loop() (Looper.java:224)
09-07 14:14:19.987  5348  5348 I cn.missevan:   at void android.app.ActivityThread.main(java.lang.String[]) (ActivityThread.java:7042)
09-07 14:14:19.987  5348  5348 I cn.missevan:   at java.lang.Object java.lang.reflect.Method.invoke(java.lang.Object, java.lang.Object[]) (Method.java:-2)
09-07 14:14:19.987  5348  5348 I cn.missevan:   at void com.android.internal.os.RuntimeInit$MethodAndArgsCaller.run() (RuntimeInit.java:536)
09-07 14:14:19.987  5348  5348 I cn.missevan:   at void com.android.internal.os.ZygoteInit.main(java.lang.String[]) (ZygoteInit.java:868)
09-07 14:14:19.987  5348  5348 I cn.missevan: Caused by: java.lang.ClassNotFoundException: Didn't find class "android.webkit.PacProcessor" on path: DexPathList[[zip file "/data/app/com.google.android.webview-a_HHZDdUsph3mFOhOiXgBQ==/base.apk"],nativeLibraryDirectories=[/data/app/com.google.android.webview-a_HHZDdUsph3mFOhOiXgBQ==/lib/arm64, /data/app/com.google.android.webview-a_HHZDdUsph3mFOhOiXgBQ==/base.apk!/lib/arm64-v8a, /system/lib64]]
09-07 14:14:19.987  5348  5348 I cn.missevan:   at java.lang.Class dalvik.system.BaseDexClassLoader.findClass(java.lang.String) (BaseDexClassLoader.java:134)
09-07 14:14:19.987  5348  5348 I cn.missevan:   at java.lang.Class java.lang.ClassLoader.loadClass(java.lang.String, boolean) (ClassLoader.java:379)
09-07 14:14:19.987  5348  5348 I cn.missevan:   at java.lang.Class java.lang.ClassLoader.loadClass(java.lang.String) (ClassLoader.java:312)
09-07 14:14:19.987  5348  5348 I cn.missevan:   at java.lang.Class java.lang.Class.classForName(java.lang.String, boolean, java.lang.ClassLoader) (Class.java:-2)
09-07 14:14:19.987  5348  5348 I cn.missevan:   at java.lang.Class java.lang.Class.forName(java.lang.String, boolean, java.lang.ClassLoader) (Class.java:453)
09-07 14:14:19.987  5348  5348 I cn.missevan:   at java.lang.Class android.webkit.WebViewFactory.getWebViewProviderClass(java.lang.ClassLoader) (WebViewFactory.java:176)
09-07 14:14:19.987  5348  5348 I cn.missevan:   at java.lang.Class android.webkit.WebViewFactory.getProviderClass() (WebViewFactory.java:459)
09-07 14:14:19.987  5348  5348 I cn.missevan:   at android.webkit.WebViewFactoryProvider android.webkit.WebViewFactory.getProvider() (WebViewFactory.java:251)
09-07 14:14:19.987  5348  5348 I cn.missevan:   at android.webkit.CookieManager android.webkit.CookieManager.getInstance() (CookieManager.java:40)
09-07 14:14:19.987  5348  5348 I cn.missevan:   at void cn.missevan.web.d.b.eu(boolean) (SourceFile:135)
09-07 14:14:19.987  5348  5348 I cn.missevan:   at void cn.missevan.web.d.b.setAcceptCookie(boolean) (SourceFile:120)
09-07 14:14:19.987  5348  5348 I cn.missevan:   at void cn.missevan.web.d.b.eG(java.lang.String) (SourceFile:68)
09-07 14:14:19.987  5348  5348 I cn.missevan:   at void cn.missevan.web.d.b.syncCookie() (SourceFile:50)
09-07 14:14:19.987  5348  5348 I cn.missevan:   at void cn.missevan.MissEvanApplication.syncCookie() (SourceFile:672)
09-07 14:14:19.987  5348  5348 I cn.missevan:   at void cn.missevan.MissEvanApplication.onCreate() (SourceFile:365)
09-07 14:14:19.987  5348  5348 I cn.missevan:   at void cn.missevan.hotfix.MissevanApplicationLike.onCreate() (SourceFile:89)
09-07 14:14:19.987  5348  5348 I cn.missevan:   at void com.tencent.tinker.entry.TinkerApplicationInlineFence.handleMessageImpl(android.os.Message) (SourceFile:71)
09-07 14:14:19.988  5348  5348 I cn.missevan:   at void com.tencent.tinker.entry.TinkerApplicationInlineFence.handleMessage_$noinline$(android.os.Message) (SourceFile:60)
09-07 14:14:19.988  5348  5348 I cn.missevan:   at void com.tencent.tinker.entry.TinkerApplicationInlineFence.handleMessage(android.os.Message) (SourceFile:53)
09-07 14:14:19.988  5348  5348 I cn.missevan:   at void com.tencent.tinker.loader.app.TinkerInlineFenceAction.callOnCreate(android.os.Handler) (SourceFile:50)
09-07 14:14:19.988  5348  5348 I cn.missevan:   at void com.tencent.tinker.loader.app.TinkerApplication.onCreate() (SourceFile:184)
09-07 14:14:19.988  5348  5348 I cn.missevan:   at void android.app.Instrumentation.callApplicationOnCreate(android.app.Application) (Instrumentation.java:1158)
09-07 14:14:19.988  5348  5348 I cn.missevan:   at void android.app.ActivityThread.handleBindApplication(android.app.ActivityThread$AppBindData) (ActivityThread.java:6200)
09-07 14:14:19.988  5348  5348 I cn.missevan:   at void android.app.ActivityThread.access$1200(android.app.ActivityThread, android.app.ActivityThread$AppBindData) (ActivityThread.java:236)
09-07 14:14:19.988  5348  5348 I cn.missevan:   at void android.app.ActivityThread$H.handleMessage(android.os.Message) (ActivityThread.java:1851)
09-07 14:14:19.988  5348  5348 I cn.missevan:   at void android.os.Handler.dispatchMessage(android.os.Message) (Handler.java:106)
09-07 14:14:19.988  5348  5348 I cn.missevan:   at void android.os.Looper.loop() (Looper.java:224)
09-07 14:14:19.988  5348  5348 I cn.missevan:   at void android.app.ActivityThread.main(java.lang.String[]) (ActivityThread.java:7042)
09-07 14:14:19.988  5348  5348 I cn.missevan:   at java.lang.Object java.lang.reflect.Method.invoke(java.lang.Object, java.lang.Object[]) (Method.java:-2)
09-07 14:14:19.988  5348  5348 I cn.missevan:   at void com.android.internal.os.RuntimeInit$MethodAndArgsCaller.run() (RuntimeInit.java:536)
09-07 14:14:19.988  5348  5348 I cn.missevan:   at void com.android.internal.os.ZygoteInit.main(java.lang.String[]) (ZygoteInit.java:868)
09-07 14:14:19.988  5348  5348 I cn.missevan:
09-07 14:14:19.988  5348  5529 D DexLoader: WebCoreClassLoader - loadClass(com.tencent.tbs.common.baseinfo.GodCmdWupManager,false)...
09-07 14:14:19.988  5348  5529 D DexLoader: WebCoreClassLoader - loadClass(com.tencent.tbs.common.baseinfo.GodCmdWupManager$a,false)...
09-07 14:14:19.989  5348  5348 I cn.missevan: Rejecting re-init on previously-failed class java.lang.Class<Wb0>: java.lang.NoClassDefFoundError: Failed resolution of: Landroid/webkit/PacProcessor;
09-07 14:14:19.989  5348  5348 I cn.missevan:   at java.lang.Class java.lang.Class.classForName(java.lang.String, boolean, java.lang.ClassLoader) (Class.java:-2)
09-07 14:14:19.989  5348  5348 I cn.missevan:   at java.lang.Class java.lang.Class.forName(java.lang.String, boolean, java.lang.ClassLoader) (Class.java:453)
09-07 14:14:19.989  5348  5348 I cn.missevan:   at java.lang.Class android.webkit.WebViewFactory.getWebViewProviderClass(java.lang.ClassLoader) (WebViewFactory.java:176)
09-07 14:14:19.989  5348  5348 I cn.missevan:   at java.lang.Class android.webkit.WebViewFactory.getProviderClass() (WebViewFactory.java:459)
09-07 14:14:19.989  5348  5348 I cn.missevan:   at android.webkit.WebViewFactoryProvider android.webkit.WebViewFactory.getProvider() (WebViewFactory.java:251)
09-07 14:14:19.989  5348  5348 I cn.missevan:   at android.webkit.CookieManager android.webkit.CookieManager.getInstance() (CookieManager.java:40)
09-07 14:14:19.989  5348  5348 I cn.missevan:   at void cn.missevan.web.d.b.eu(boolean) (SourceFile:135)
09-07 14:14:19.989  5348  5348 I cn.missevan:   at void cn.missevan.web.d.b.setAcceptCookie(boolean) (SourceFile:120)
09-07 14:14:19.989  5348  5348 I cn.missevan:   at void cn.missevan.web.d.b.eG(java.lang.String) (SourceFile:68)
09-07 14:14:19.989  5348  5348 I cn.missevan:   at void cn.missevan.web.d.b.syncCookie() (SourceFile:50)
09-07 14:14:19.989  5348  5348 I cn.missevan:   at void cn.missevan.MissEvanApplication.syncCookie() (SourceFile:672)
09-07 14:14:19.989  5348  5348 I cn.missevan:   at void cn.missevan.MissEvanApplication.onCreate() (SourceFile:365)
09-07 14:14:19.989  5348  5348 I cn.missevan:   at void cn.missevan.hotfix.MissevanApplicationLike.onCreate() (SourceFile:89)
09-07 14:14:19.989  5348  5348 I cn.missevan:   at void com.tencent.tinker.entry.TinkerApplicationInlineFence.handleMessageImpl(android.os.Message) (SourceFile:71)
09-07 14:14:19.989  5348  5348 I cn.missevan:   at void com.tencent.tinker.entry.TinkerApplicationInlineFence.handleMessage_$noinline$(android.os.Message) (SourceFile:60)
09-07 14:14:19.990  5348  5348 I cn.missevan:   at void com.tencent.tinker.entry.TinkerApplicationInlineFence.handleMessage(android.os.Message) (SourceFile:53)
09-07 14:14:19.990  5348  5348 I cn.missevan:   at void com.tencent.tinker.loader.app.TinkerInlineFenceAction.callOnCreate(android.os.Handler) (SourceFile:50)
09-07 14:14:19.990  5348  5348 I cn.missevan:   at void com.tencent.tinker.loader.app.TinkerApplication.onCreate() (SourceFile:184)
09-07 14:14:19.990  5348  5348 I cn.missevan:   at void android.app.Instrumentation.callApplicationOnCreate(android.app.Application) (Instrumentation.java:1158)
09-07 14:14:19.990  5348  5348 I cn.missevan:   at void android.app.ActivityThread.handleBindApplication(android.app.ActivityThread$AppBindData) (ActivityThread.java:6200)
09-07 14:14:19.990  5348  5348 I cn.missevan:   at void android.app.ActivityThread.access$1200(android.app.ActivityThread, android.app.ActivityThread$AppBindData) (ActivityThread.java:236)
09-07 14:14:19.990  5348  5348 I cn.missevan:   at void android.app.ActivityThread$H.handleMessage(android.os.Message) (ActivityThread.java:1851)
09-07 14:14:19.990  5348  5348 I cn.missevan:   at void android.os.Handler.dispatchMessage(android.os.Message) (Handler.java:106)
09-07 14:14:19.990  5348  5348 I cn.missevan:   at void android.os.Looper.loop() (Looper.java:224)
09-07 14:14:19.990  5348  5348 I cn.missevan:   at void android.app.ActivityThread.main(java.lang.String[]) (ActivityThread.java:7042)
09-07 14:14:19.990  5348  5348 I cn.missevan:   at java.lang.Object java.lang.reflect.Method.invoke(java.lang.Object, java.lang.Object[]) (Method.java:-2)
09-07 14:14:19.990  5348  5348 I cn.missevan:   at void com.android.internal.os.RuntimeInit$MethodAndArgsCaller.run() (RuntimeInit.java:536)
09-07 14:14:19.990  5348  5348 I cn.missevan:   at void com.android.internal.os.ZygoteInit.main(java.lang.String[]) (ZygoteInit.java:868)
09-07 14:14:19.990  5348  5348 I cn.missevan: Caused by: java.lang.ClassNotFoundException: Didn't find class "android.webkit.PacProcessor" on path: DexPathList[[zip file "/data/app/com.google.android.webview-a_HHZDdUsph3mFOhOiXgBQ==/base.apk"],nativeLibraryDirectories=[/data/app/com.google.android.webview-a_HHZDdUsph3mFOhOiXgBQ==/lib/arm64, /data/app/com.google.android.webview-a_HHZDdUsph3mFOhOiXgBQ==/base.apk!/lib/arm64-v8a, /system/lib64]]
09-07 14:14:19.990  5348  5348 I cn.missevan:   at java.lang.Class dalvik.system.BaseDexClassLoader.findClass(java.lang.String) (BaseDexClassLoader.java:134)
09-07 14:14:19.990  5348  5348 I cn.missevan:   at java.lang.Class java.lang.ClassLoader.loadClass(java.lang.String, boolean) (ClassLoader.java:379)
09-07 14:14:19.990  5348  5348 I cn.missevan:   at java.lang.Class java.lang.ClassLoader.loadClass(java.lang.String) (ClassLoader.java:312)
09-07 14:14:19.990  5348  5348 I cn.missevan:   at java.lang.Class java.lang.Class.classForName(java.lang.String, boolean, java.lang.ClassLoader) (Class.java:-2)
09-07 14:14:19.990  5348  5348 I cn.missevan:   at java.lang.Class java.lang.Class.forName(java.lang.String, boolean, java.lang.ClassLoader) (Class.java:453)
09-07 14:14:19.990  5348  5348 I cn.missevan:   at java.lang.Class android.webkit.WebViewFactory.getWebViewProviderClass(java.lang.ClassLoader) (WebViewFactory.java:176)
09-07 14:14:19.990  5348  5348 I cn.missevan:   at java.lang.Class android.webkit.WebViewFactory.getProviderClass() (WebViewFactory.java:459)
09-07 14:14:19.990  5348  5348 I cn.missevan:   at android.webkit.WebViewFactoryProvider android.webkit.WebViewFactory.getProvider() (WebViewFactory.java:251)
09-07 14:14:19.990  5348  5348 I cn.missevan:   at android.webkit.CookieManager android.webkit.CookieManager.getInstance() (CookieManager.java:40)
09-07 14:14:19.990  5348  5348 I cn.missevan:   at void cn.missevan.web.d.b.eu(boolean) (SourceFile:135)
09-07 14:14:19.990  5348  5348 I cn.missevan:   at void cn.missevan.web.d.b.setAcceptCookie(boolean) (SourceFile:120)
09-07 14:14:19.990  5348  5348 I cn.missevan:   at void cn.missevan.web.d.b.eG(java.lang.String) (SourceFile:68)
09-07 14:14:19.990  5348  5348 I cn.missevan:   at void cn.missevan.web.d.b.syncCookie() (SourceFile:50)
09-07 14:14:19.990  5348  5348 I cn.missevan:   at void cn.missevan.MissEvanApplication.syncCookie() (SourceFile:672)
09-07 14:14:19.990  5348  5348 I cn.missevan:   at void cn.missevan.MissEvanApplication.onCreate() (SourceFile:365)
09-07 14:14:19.990  5348  5348 I cn.missevan:   at void cn.missevan.hotfix.MissevanApplicationLike.onCreate() (SourceFile:89)
09-07 14:14:19.990  5348  5348 I cn.missevan:   at void com.tencent.tinker.entry.TinkerApplicationInlineFence.handleMessageImpl(android.os.Message) (SourceFile:71)
09-07 14:14:19.990  5348  5348 I cn.missevan:   at void com.tencent.tinker.entry.TinkerApplicationInlineFence.handleMessage_$noinline$(android.os.Message) (SourceFile:60)
09-07 14:14:19.990  5348  5348 I cn.missevan:   at void com.tencent.tinker.entry.TinkerApplicationInlineFence.handleMessage(android.os.Message) (SourceFile:53)
09-07 14:14:19.990  5348  5348 I cn.missevan:   at void com.tencent.tinker.loader.app.TinkerInlineFenceAction.callOnCreate(android.os.Handler) (SourceFile:50)
09-07 14:14:19.990  5348  5348 I cn.missevan:   at void com.tencent.tinker.loader.app.TinkerApplication.onCreate() (SourceFile:184)
09-07 14:14:19.990  5348  5348 I cn.missevan:   at void android.app.Instrumentation.callApplicationOnCreate(android.app.Application) (Instrumentation.java:1158)
09-07 14:14:19.990  5348  5348 I cn.missevan:   at void android.app.ActivityThread.handleBindApplication(android.app.ActivityThread$AppBindData) (ActivityThread.java:6200)
09-07 14:14:19.990  5348  5348 I cn.missevan:   at void android.app.ActivityThread.access$1200(android.app.ActivityThread, android.app.ActivityThread$AppBindData) (ActivityThread.java:236)
09-07 14:14:19.990  5348  5348 I cn.missevan:   at void android.app.ActivityThread$H.handleMessage(android.os.Message) (ActivityThread.java:1851)
09-07 14:14:19.990  5348  5348 I cn.missevan:   at void android.os.Handler.dispatchMessage(android.os.Message) (Handler.java:106)
09-07 14:14:19.990  5348  5348 I cn.missevan:   at void android.os.Looper.loop() (Looper.java:224)
09-07 14:14:19.990  5348  5348 I cn.missevan:   at void android.app.ActivityThread.main(java.lang.String[]) (ActivityThread.java:7042)
09-07 14:14:19.990  5348  5348 I cn.missevan:   at java.lang.Object java.lang.reflect.Method.invoke(java.lang.Object, java.lang.Object[]) (Method.java:-2)
09-07 14:14:19.990  5348  5348 I cn.missevan:   at void com.android.internal.os.RuntimeInit$MethodAndArgsCaller.run() (RuntimeInit.java:536)
09-07 14:14:19.990  5348  5348 I cn.missevan:   at void com.android.internal.os.ZygoteInit.main(java.lang.String[]) (ZygoteInit.java:868)
09-07 14:14:19.990  5348  5348 I cn.missevan:
09-07 14:14:19.990  5348  5529 D DexLoader: WebCoreClassLoader - loadClass(com.tencent.tbs.ad.ITbsAdBridge,false)...
09-07 14:14:19.990  5348  5348 I cn.missevan: Rejecting re-init on previously-failed class java.lang.Class<Wb0>: java.lang.NoClassDefFoundError: Failed resolution of: Landroid/webkit/PacProcessor;
09-07 14:14:19.990  5348  5348 I cn.missevan:   at java.lang.Class java.lang.Class.classForName(java.lang.String, boolean, java.lang.ClassLoader) (Class.java:-2)
09-07 14:14:19.990  5348  5348 I cn.missevan:   at java.lang.Class java.lang.Class.forName(java.lang.String, boolean, java.lang.ClassLoader) (Class.java:453)
09-07 14:14:19.990  5348  5348 I cn.missevan:   at java.lang.Class android.webkit.WebViewFactory.getWebViewProviderClass(java.lang.ClassLoader) (WebViewFactory.java:176)
09-07 14:14:19.990  5348  5348 I cn.missevan:   at java.lang.Class android.webkit.WebViewFactory.getProviderClass() (WebViewFactory.java:459)
09-07 14:14:19.990  5348  5348 I cn.missevan:   at android.webkit.WebViewFactoryProvider android.webkit.WebViewFactory.getProvider() (WebViewFactory.java:251)
09-07 14:14:19.990  5348  5348 I cn.missevan:   at android.webkit.CookieManager android.webkit.CookieManager.getInstance() (CookieManager.java:40)
09-07 14:14:19.990  5348  5348 I cn.missevan:   at void cn.missevan.web.d.b.eu(boolean) (SourceFile:135)
09-07 14:14:19.990  5348  5348 I cn.missevan:   at void cn.missevan.web.d.b.setAcceptCookie(boolean) (SourceFile:120)
09-07 14:14:19.990  5348  5348 I cn.missevan:   at void cn.missevan.web.d.b.eG(java.lang.String) (SourceFile:68)
09-07 14:14:19.990  5348  5348 I cn.missevan:   at void cn.missevan.web.d.b.syncCookie() (SourceFile:50)
09-07 14:14:19.990  5348  5348 I cn.missevan:   at void cn.missevan.MissEvanApplication.syncCookie() (SourceFile:672)
09-07 14:14:19.990  5348  5348 I cn.missevan:   at void cn.missevan.MissEvanApplication.onCreate() (SourceFile:365)
09-07 14:14:19.990  5348  5348 I cn.missevan:   at void cn.missevan.hotfix.MissevanApplicationLike.onCreate() (SourceFile:89)
09-07 14:14:19.990  5348  5348 I cn.missevan:   at void com.tencent.tinker.entry.TinkerApplicationInlineFence.handleMessageImpl(android.os.Message) (SourceFile:71)
09-07 14:14:19.990  5348  5348 I cn.missevan:   at void com.tencent.tinker.entry.TinkerApplicationInlineFence.handleMessage_$noinline$(android.os.Message) (SourceFile:60)
09-07 14:14:19.990  5348  5348 I cn.missevan:   at void com.tencent.tinker.entry.TinkerApplicationInlineFence.handleMessage(android.os.Message) (SourceFile:53)
09-07 14:14:19.990  5348  5348 I cn.missevan:   at void com.tencent.tinker.loader.app.TinkerInlineFenceAction.callOnCreate(android.os.Handler) (SourceFile:50)
09-07 14:14:19.990  5348  5529 D DexLoader: WebCoreClassLoader - loadClass(com.tencent.tbs.ad.TbsAdProxy$WupTaskPreferencesCallbackImpl,false)...
09-07 14:14:19.990  5348  5348 I cn.missevan:   at void com.tencent.tinker.loader.app.TinkerApplication.onCreate() (SourceFile:184)
09-07 14:14:19.990  5348  5348 I cn.missevan:   at void android.app.Instrumentation.callApplicationOnCreate(android.app.Application) (Instrumentation.java:1158)
09-07 14:14:19.990  5348  5348 I cn.missevan:   at void android.app.ActivityThread.handleBindApplication(android.app.ActivityThread$AppBindData) (ActivityThread.java:6200)
09-07 14:14:19.990  5348  5348 I cn.missevan:   at void android.app.ActivityThread.access$1200(android.app.ActivityThread, android.app.ActivityThread$AppBindData) (ActivityThread.java:236)
09-07 14:14:19.990  5348  5348 I cn.missevan:   at void android.app.ActivityThread$H.handleMessage(android.os.Message) (ActivityThread.java:1851)
09-07 14:14:19.990  5348  5348 I cn.missevan:   at void android.os.Handler.dispatchMessage(android.os.Message) (Handler.java:106)
09-07 14:14:19.990  5348  5348 I cn.missevan:   at void android.os.Looper.loop() (Looper.java:224)
09-07 14:14:19.990  5348  5348 I cn.missevan:   at void android.app.ActivityThread.main(java.lang.String[]) (ActivityThread.java:7042)
09-07 14:14:19.990  5348  5348 I cn.missevan:   at java.lang.Object java.lang.reflect.Method.invoke(java.lang.Object, java.lang.Object[]) (Method.java:-2)
09-07 14:14:19.990  5348  5529 D DexLoader: WebCoreClassLoader - loadClass(com.tencent.tbs.common.baseinfo.IWupTaskPreferencesCallback,false)...
09-07 14:14:19.990  5348  5348 I cn.missevan:   at void com.android.internal.os.RuntimeInit$MethodAndArgsCaller.run() (RuntimeInit.java:536)
09-07 14:14:19.990  5348  5348 I cn.missevan:   at void com.android.internal.os.ZygoteInit.main(java.lang.String[]) (ZygoteInit.java:868)
09-07 14:14:19.990  5348  5348 I cn.missevan: Caused by: java.lang.ClassNotFoundException: Didn't find class "android.webkit.PacProcessor" on path: DexPathList[[zip file "/data/app/com.google.android.webview-a_HHZDdUsph3mFOhOiXgBQ==/base.apk"],nativeLibraryDirectories=[/data/app/com.google.android.webview-a_HHZDdUsph3mFOhOiXgBQ==/lib/arm64, /data/app/com.google.android.webview-a_HHZDdUsph3mFOhOiXgBQ==/base.apk!/lib/arm64-v8a, /system/lib64]]
09-07 14:14:19.990  5348  5348 I cn.missevan:   at java.lang.Class dalvik.system.BaseDexClassLoader.findClass(java.lang.String) (BaseDexClassLoader.java:134)
09-07 14:14:19.990  5348  5348 I cn.missevan:   at java.lang.Class java.lang.ClassLoader.loadClass(java.lang.String, boolean) (ClassLoader.java:379)
