09-07 14:14:28.995  5348  5348 W Glide   : Load failed for http://static-test.maoercdn.com/coversmini/201707/30/e960dfee1bbd0038863d668362d3de49141906.jpg with size [306x306]
09-07 14:14:28.995  5348  5348 W Glide   : class com.bumptech.glide.load.a.q: Failed to load resource
09-07 14:14:28.995  5348  5348 W Glide   : There was 1 root cause:
09-07 14:14:28.995  5348  5348 W Glide   : com.bumptech.glide.load.e(Not Found, status code: 404)
09-07 14:14:28.995  5348  5348 W Glide   :  call GlideException#logRootCauses(String) for more detail
09-07 14:14:28.995  5348  5348 W Glide   :   Cause (1 of 1): class com.bumptech.glide.load.a.q: Fetching data failed, class java.io.InputStream, REMOTE
09-07 14:14:28.995  5348  5348 W Glide   : There was 1 root cause:
09-07 14:14:28.995  5348  5348 W Glide   : com.bumptech.glide.load.e(Not Found, status code: 404)
09-07 14:14:28.995  5348  5348 W Glide   :  call GlideException#logRootCauses(String) for more detail
09-07 14:14:28.995  5348  5348 W Glide   :     Cause (1 of 1): class com.bumptech.glide.load.e: Not Found, status code: 404
09-07 14:14:28.996  5348  5348 I Glide   : Root cause (1 of 1)
09-07 14:14:28.996  5348  5348 I Glide   : com.bumptech.glide.load.e: Not Found, status code: 404
09-07 14:14:28.996  5348  5348 I Glide   : 	at com.bumptech.glide.integration.okhttp3.b.onResponse(SourceFile:71)
09-07 14:14:28.996  5348  5348 I Glide   : 	at okhttp3.ac$a.execute(SourceFile:221)
09-07 14:14:28.996  5348  5348 I Glide   : 	at okhttp3.internal.b.run(SourceFile:32)
09-07 14:14:28.996  5348  5348 I Glide   : 	at java.util.concurrent.ThreadPoolExecutor.runWorker(ThreadPoolExecutor.java:1167)
09-07 14:14:28.996  5348  5348 I Glide   : 	at java.util.concurrent.ThreadPoolExecutor$Worker.run(ThreadPoolExecutor.java:641)
09-07 14:14:28.996  5348  5348 I Glide   : 	at java.lang.Thread.run(Thread.java:764)
09-07 14:14:28.999  5348  5785 D FreeFlowUtils: [glide-disk-cache-thread-0] Origin url: https://static-test.maoercdn.com/fmcovers/202205/17/772c186821c34757c3a1e570d3548aef.jpg?x-oss-process=image/resize,w_477/format,webp, free flow url: https://static-test.maoercdn.com/fmcovers/202205/17/772c186821c34757c3a1e570d3548aef.jpg?x-oss-process=image/resize,w_477/format,webp
09-07 14:14:29.021  5348  5785 D FreeFlowUtils: [glide-disk-cache-thread-0] Origin url: https://static-test.maoercdn.com/fmcovers/202207/05/7efd74686376a85cddb328b7d2f4c092.jpg?x-oss-process=image/resize,w_477/format,webp, free flow url: https://static-test.maoercdn.com/fmcovers/202207/05/7efd74686376a85cddb328b7d2f4c092.jpg?x-oss-process=image/resize,w_477/format,webp
09-07 14:14:29.035  5348  5785 D FreeFlowUtils: [glide-disk-cache-thread-0] Origin url: https://static-test.maoercdn.com/live/labelicon/livelist/liveshow-2.png?x-oss-process=image/resize,w_360/format,webp, free flow url: https://static-test.maoercdn.com/live/labelicon/livelist/liveshow-2.png?x-oss-process=image/resize,w_360/format,webp
09-07 14:14:29.060  5348  5785 D FreeFlowUtils: [glide-disk-cache-thread-0] Origin url: https://static-test.maoercdn.com/fmcovers/202206/28/928e19a24eec866ec30f52998c70e6e2.jpg?x-oss-process=image/resize,w_477/format,webp, free flow url: https://static-test.maoercdn.com/fmcovers/202206/28/928e19a24eec866ec30f52998c70e6e2.jpg?x-oss-process=image/resize,w_477/format,webp
09-07 14:14:29.078  5348  5785 D FreeFlowUtils: [glide-disk-cache-thread-0] Origin url: http://static.missevan.com/mimages/201912/31/097104de56b5514ce0738d09ba97f00f203614.jpg?x-oss-process=image/resize,w_996/format,webp, free flow url: http://static.missevan.com/mimages/201912/31/097104de56b5514ce0738d09ba97f00f203614.jpg?x-oss-process=image/resize,w_996/format,webp
09-07 14:14:29.105  5348  5785 D FreeFlowUtils: [glide-disk-cache-thread-0] Origin url: https://static-test.maoercdn.com/mimagesmini/202103/23/fb0c0d0b3061d24e3828fd7c49d918df155242.png?x-oss-process=image/resize,w_996/format,webp, free flow url: https://static-test.maoercdn.com/mimagesmini/202103/23/fb0c0d0b3061d24e3828fd7c49d918df155242.png?x-oss-process=image/resize,w_996/format,webp
09-07 14:14:29.108  5348  5348 E BLOG    : [main] 
09-07 14:14:29.111  5348  5348 W Glide   : Load failed for http://static-test.maoercdn.com/coversmini/201706/06/855b7d9aef7bc64e61886bf7935c9f8f201034.png with size [306x306]
09-07 14:14:29.111  5348  5348 W Glide   : class com.bumptech.glide.load.a.q: Failed to load resource
09-07 14:14:29.111  5348  5348 W Glide   : There was 1 root cause:
09-07 14:14:29.111  5348  5348 W Glide   : com.bumptech.glide.load.e(Not Found, status code: 404)
09-07 14:14:29.111  5348  5348 W Glide   :  call GlideException#logRootCauses(String) for more detail
09-07 14:14:29.111  5348  5348 W Glide   :   Cause (1 of 1): class com.bumptech.glide.load.a.q: Fetching data failed, class java.io.InputStream, REMOTE
09-07 14:14:29.111  5348  5348 W Glide   : There was 1 root cause:
09-07 14:14:29.111  5348  5348 W Glide   : com.bumptech.glide.load.e(Not Found, status code: 404)
09-07 14:14:29.111  5348  5348 W Glide   :  call GlideException#logRootCauses(String) for more detail
09-07 14:14:29.111  5348  5348 W Glide   :     Cause (1 of 1): class com.bumptech.glide.load.e: Not Found, status code: 404
09-07 14:14:29.111  5348  5348 I Glide   : Root cause (1 of 1)
09-07 14:14:29.111  5348  5348 I Glide   : com.bumptech.glide.load.e: Not Found, status code: 404
09-07 14:14:29.111  5348  5348 I Glide   : 	at com.bumptech.glide.integration.okhttp3.b.onResponse(SourceFile:71)
09-07 14:14:29.111  5348  5348 I Glide   : 	at okhttp3.ac$a.execute(SourceFile:221)
09-07 14:14:29.111  5348  5348 I Glide   : 	at okhttp3.internal.b.run(SourceFile:32)
09-07 14:14:29.111  5348  5348 I Glide   : 	at java.util.concurrent.ThreadPoolExecutor.runWorker(ThreadPoolExecutor.java:1167)
09-07 14:14:29.111  5348  5348 I Glide   : 	at java.util.concurrent.ThreadPoolExecutor$Worker.run(ThreadPoolExecutor.java:641)
09-07 14:14:29.111  5348  5348 I Glide   : 	at java.lang.Thread.run(Thread.java:764)
09-07 14:14:29.116  5348  5348 I MainFragment: [main] onPlaybackStateChanged: isPlaying = false, isHypnosis: false
09-07 14:14:29.132  5348  5785 D FreeFlowUtils: [glide-disk-cache-thread-0] Origin url: https://static-test.missevan.com/mimages/202107/08/90a786846445482a0786fbf9e07e9d47115205.png?x-oss-process=image/resize,w_996/format,webp, free flow url: https://static-test.missevan.com/mimages/202107/08/90a786846445482a0786fbf9e07e9d47115205.png?x-oss-process=image/resize,w_996/format,webp
09-07 14:14:29.144  5348  5362 I cn.missevan: NativeAlloc concurrent copying GC freed 140589(9MB) AllocSpace objects, 79(3MB) LOS objects, 50% free, 23MB/46MB, paused 384us total 147.534ms
09-07 14:14:29.151  5348  5785 D FreeFlowUtils: [glide-disk-cache-thread-0] Origin url: http://static-test.missevan.com/avatars/202108/12/7226979211e2d17809c7ad58c089af06155402.jpg?x-oss-process=image/resize,w_105/format,webp, free flow url: http://static-test.missevan.com/avatars/202108/12/7226979211e2d17809c7ad58c089af06155402.jpg?x-oss-process=image/resize,w_105/format,webp
09-07 14:14:29.178  5348  5348 W StaticLayout: maxLineHeight should not be -1.  maxLines:1 lineCount:1
09-07 14:14:29.191  5348  5348 W StaticLayout: maxLineHeight should not be -1.  maxLines:1 lineCount:1
09-07 14:14:29.280  5348  5577 I CronetEngine: [thread_background]
09-07 14:14:29.280  5348  5577 I CronetEngine: url: http://static-test.missevan.com/fmcovers/202010/13/2def8c29be703cc2520779dbdd78a2b9.jpg?x-oss-process=image/resize,w_477/format,webp
09-07 14:14:29.280  5348  5577 I CronetEngine:  ip: 111.170.130.240
09-07 14:14:29.280  5348  5577 I CronetEngine:  hostResolverProvider: system
09-07 14:14:29.280  5348  5577 I CronetEngine:  hostResolveIps: ["111.170.130.240","111.170.130.243","111.170.130.244","111.170.130.238","111.170.130.241","111.170.130.248","111.170.130.242","111.170.130.239"]
09-07 14:14:29.280  5348  5577 I CronetEngine:
09-07 14:14:29.293  5348  5491 D NAccs.InAppConn_default:  startChannelService
09-07 14:14:29.294  5348  5491 D NAccs.Config:  getAgooAppKey appkey:umeng:546d7dd7fd98c58fc800082c
09-07 14:14:29.295  5348  5491 I NAccs.a :  dispatchIntent bind service start intent:Intent { act=com.taobao.accs.intent.action.START_SERVICE cmp=cn.missevan/com.taobao.accs.ChannelService (has extras) }
09-07 14:14:29.124  1710  2176 I chatty  : uid=1000(system) AutobacklightTh identical 5 lines
09-07 14:14:29.298  1710  5183 D PackageManager: package:1000 check permission,PERMISSION_GRANTED
09-07 14:14:29.299  1710  5183 D PackageManager: package:1000 check permission,PERMISSION_GRANTED
09-07 14:14:29.299  5348  5348 I Banner  : [main] banner pause loop
09-07 14:14:29.300  5348  5491 D NAccs.AdapterGlobalClientInfo:  getAgooCustomServiceName serviceName:com.umeng.message.component.UmengIntentService
09-07 14:14:29.300  5348  5491 I NAccs.a :  dispatchIntent bind service start intent:Intent { act=org.agoo.android.intent.action.REPORT pkg=cn.missevan cmp=cn.missevan/com.umeng.message.component.UmengIntentService }
09-07 14:14:29.303  5348  5348 I Banner  : [main] banner pause loop
09-07 14:14:29.306  5348  5348 I Banner  : [main] banner resume loop
09-07 14:14:29.307  5348  5348 I chatty  : uid=10612(cn.missevan) identical 1 line
09-07 14:14:29.308  5348  5348 I Banner  : [main] banner resume loop
09-07 14:14:29.330  5348  5785 D FreeFlowUtils: [glide-disk-cache-thread-0] Origin url: http://static-test.maoercdn.com/system/app/icons/normal/047f8a0081d2742fbc4fea4cb327cb22.webp, free flow url: http://static-test.maoercdn.com/system/app/icons/normal/047f8a0081d2742fbc4fea4cb327cb22.webp
09-07 14:14:29.342  5348  5785 D FreeFlowUtils: [glide-disk-cache-thread-0] Origin url: http://static-test.maoercdn.com/system/app/icons/normal/d466f96b9ce1a5ff78f3b1fe3ddbf503.png, free flow url: http://static-test.maoercdn.com/system/app/icons/normal/d466f96b9ce1a5ff78f3b1fe3ddbf503.png
09-07 14:14:29.346  1710  1841 I ActivityManager: Start proc 6086:cn.missevan:channel/u0a612 for service cn.missevan/com.taobao.accs.ChannelService
09-07 14:14:29.351  6086  6086 I issevan:channe: Late-enabling -Xcheck:jni
09-07 14:14:29.354  5348  5577 I CronetEngine: [thread_background]
09-07 14:14:29.354  5348  5577 I CronetEngine: url: https://app.uat.missevan.com/site/custom-catalog
09-07 14:14:29.354  5348  5577 I CronetEngine:  ip: 10.21.250.10
09-07 14:14:29.354  5348  5577 I CronetEngine:  hostResolverProvider:
09-07 14:14:29.354  5348  5577 I CronetEngine:  hostResolveIps: []
09-07 14:14:29.354  5348  5577 I CronetEngine:
09-07 14:14:29.354  5348  5785 D FreeFlowUtils: [glide-disk-cache-thread-0] Origin url: http://static-test.maoercdn.com/system/app/icons/normal/75944bd74b1273cd5a15ebec3cd01322.png, free flow url: http://static-test.maoercdn.com/system/app/icons/normal/75944bd74b1273cd5a15ebec3cd01322.png
09-07 14:14:29.356  5348  5730 I BLOG    : [RxCachedThreadScheduler-7] HTTP request: [2022-09-07T06:14:29.243Z] GET https://app.uat.missevan.com/site/custom-catalog 200 107ms 0
09-07 14:14:29.365  5348  5785 D FreeFlowUtils: [glide-disk-cache-thread-0] Origin url: http://static-test.maoercdn.com/system/app/icons/normal/06843a8b478e94f26366ef99cab6cf1b.png, free flow url: http://static-test.maoercdn.com/system/app/icons/normal/06843a8b478e94f26366ef99cab6cf1b.png
09-07 14:14:29.372  5348  5348 I Banner  : [main] banner resume loop
09-07 14:14:29.373  5348  5348 I chatty  : uid=10612(cn.missevan) identical 1 line
09-07 14:14:29.374  5348  5348 I Banner  : [main] banner resume loop
09-07 14:14:29.376  5348  5785 D FreeFlowUtils: [glide-disk-cache-thread-0] Origin url: http://static-test.maoercdn.com/system/app/icons/normal/068f262eb1fc8e89f1013ee7e2106453.png, free flow url: http://static-test.maoercdn.com/system/app/icons/normal/068f262eb1fc8e89f1013ee7e2106453.png
09-07 14:14:29.387  5348  5785 D FreeFlowUtils: [glide-disk-cache-thread-0] Origin url: http://static-test.maoercdn.com/system/app/icons/normal/a367a7e8bd54949579c4a61707d83923.png, free flow url: http://static-test.maoercdn.com/system/app/icons/normal/a367a7e8bd54949579c4a61707d83923.png
09-07 14:14:29.395  5348  5785 D FreeFlowUtils: [glide-disk-cache-thread-0] Origin url: http://static-test.maoercdn.com/coversmini/201601/27/7bbe2cb132e96af2055b58417513e099210645.png?x-oss-process=image/resize,w_306/format,webp, free flow url: http://static-test.maoercdn.com/coversmini/201601/27/7bbe2cb132e96af2055b58417513e099210645.png?x-oss-process=image/resize,w_306/format,webp
09-07 14:14:29.399  5348  5785 D FreeFlowUtils: [glide-disk-cache-thread-0] Origin url: http://static-test.maoercdn.com/coversmini/201604/28/8ed7c867d90ef020b085cde9ecb4a630204427.jpg?x-oss-process=image/resize,w_306/format,webp, free flow url: http://static-test.maoercdn.com/coversmini/201604/28/8ed7c867d90ef020b085cde9ecb4a630204427.jpg?x-oss-process=image/resize,w_306/format,webp
09-07 14:14:29.403  5348  5785 D FreeFlowUtils: [glide-disk-cache-thread-0] Origin url: http://static-test.maoercdn.com/coversmini/201703/13/d77dbfc26bbbd68936b317f6e371526c212844.jpg?x-oss-process=image/resize,w_306/format,webp, free flow url: http://static-test.maoercdn.com/coversmini/201703/13/d77dbfc26bbbd68936b317f6e371526c212844.jpg?x-oss-process=image/resize,w_306/format,webp
09-07 14:14:29.419  5348  5785 D FreeFlowUtils: [glide-disk-cache-thread-0] Origin url: http://static-test.maoercdn.com/coversmini/201706/20/0d89c635759456032e22a4d575b345bd131406.png?x-oss-process=image/resize,w_306/format,webp, free flow url: http://static-test.maoercdn.com/coversmini/201706/20/0d89c635759456032e22a4d575b345bd131406.png?x-oss-process=image/resize,w_306/format,webp
09-07 14:14:29.424  5348  5785 D FreeFlowUtils: [glide-disk-cache-thread-0] Origin url: http://static-test.maoercdn.com/coversmini/202207/20/cb7770063779e8aac7e9653c5a5245f2174719.jpg?x-oss-process=image/resize,w_306/format,webp, free flow url: http://static-test.maoercdn.com/coversmini/202207/20/cb7770063779e8aac7e9653c5a5245f2174719.jpg?x-oss-process=image/resize,w_306/format,webp
09-07 14:14:29.426  1710  5183 D CompatibilityInfo: mCompatibilityFlags - 0
09-07 14:14:29.426  1710  5183 D CompatibilityInfo: applicationDensity - 480
09-07 14:14:29.426  1710  5183 D CompatibilityInfo: applicationScale - 1.0
09-07 14:14:29.428  1710  5183 D CompatibilityInfo: mCompatibilityFlags - 0
09-07 14:14:29.428  1710  5183 D CompatibilityInfo: applicationDensity - 480
09-07 14:14:29.428  1710  5183 D CompatibilityInfo: applicationScale - 1.0
09-07 14:14:29.437  1710  5183 D CompatibilityInfo: mCompatibilityFlags - 0
09-07 14:14:29.437  1710  5183 D CompatibilityInfo: applicationDensity - 480
09-07 14:14:29.437  1710  5183 D CompatibilityInfo: applicationScale - 1.0
09-07 14:14:29.443  1710  5183 D CompatibilityInfo: mCompatibilityFlags - 0
09-07 14:14:29.444  1710  5183 D CompatibilityInfo: applicationDensity - 480
09-07 14:14:29.444  1710  5183 D CompatibilityInfo: applicationScale - 1.0
09-07 14:14:29.454  5348  5348 W StaticLayout: maxLineHeight should not be -1.  maxLines:2 lineCount:2
09-07 14:14:29.458  5348  5348 W StaticLayout: maxLineHeight should not be -1.  maxLines:2 lineCount:2
09-07 14:14:29.479  6086  6086 I issevan:channe: The ClassLoaderContext is a special shared library.
09-07 14:14:29.490   718   718 I SurfaceFlinger: FPS: 7
09-07 14:14:29.493  5348  5348 W StaticLayout: maxLineHeight should not be -1.  maxLines:1 lineCount:1
09-07 14:14:29.501 32420  1714 E memtrack: Couldn't load memtrack module
09-07 14:14:29.501 32420  1714 W android.os.Debug: failed to get memory consumption info: -1
09-07 14:14:29.517  5348  5577 I CronetEngine: [thread_background]
09-07 14:14:29.517  5348  5577 I CronetEngine: url: http://static-test.maoercdn.com/coversmini/201604/28/8ed7c867d90ef020b085cde9ecb4a630204427.jpg?x-oss-process=image/resize,w_306/format,webp
09-07 14:14:29.517  5348  5577 I CronetEngine:  ip: 117.27.226.220
09-07 14:14:29.517  5348  5577 I CronetEngine:  hostResolverProvider:
09-07 14:14:29.517  5348  5577 I CronetEngine:  hostResolveIps: []
09-07 14:14:29.517  5348  5577 I CronetEngine:
09-07 14:14:29.518  5348  5348 W ViewPager2Helper: [main] ReplaceSnapHelper success
09-07 14:14:29.521  5348  5348 I Banner  : [main] banner resume loop
09-07 14:14:29.522  5348  5348 I chatty  : uid=10612(cn.missevan) identical 1 line
09-07 14:14:29.523  5348  5348 I Banner  : [main] banner resume loop
09-07 14:14:29.525  5348  5577 I CronetEngine: [thread_background]
09-07 14:14:29.525  5348  5577 I CronetEngine: url: http://static-test.maoercdn.com/coversmini/201601/27/7bbe2cb132e96af2055b58417513e099210645.png?x-oss-process=image/resize,w_306/format,webp
09-07 14:14:29.525  5348  5577 I CronetEngine:  ip: 117.27.226.220
09-07 14:14:29.525  5348  5577 I CronetEngine:  hostResolverProvider:
09-07 14:14:29.525  5348  5577 I CronetEngine:  hostResolveIps: []
09-07 14:14:29.525  5348  5577 I CronetEngine:
09-07 14:14:29.535  5348  5348 W ViewPager2Helper: [main] ReplaceSnapHelper success
09-07 14:14:29.537  5348  5577 I CronetEngine: [thread_background]
09-07 14:14:29.537  5348  5577 I CronetEngine: url: http://static-test.maoercdn.com/coversmini/201703/13/d77dbfc26bbbd68936b317f6e371526c212844.jpg?x-oss-process=image/resize,w_306/format,webp
09-07 14:14:29.537  5348  5577 I CronetEngine:  ip: 117.27.226.220
09-07 14:14:29.537  5348  5577 I CronetEngine:  hostResolverProvider:
09-07 14:14:29.537  5348  5577 I CronetEngine:  hostResolveIps: []
09-07 14:14:29.537  5348  5577 I CronetEngine:
09-07 14:14:29.538  5348  5577 I CronetEngine: [thread_background]
09-07 14:14:29.538  5348  5577 I CronetEngine: url: http://static-test.maoercdn.com/coversmini/201706/20/0d89c635759456032e22a4d575b345bd131406.png?x-oss-process=image/resize,w_306/format,webp
09-07 14:14:29.538  5348  5577 I CronetEngine:  ip: 117.27.226.218
09-07 14:14:29.538  5348  5577 I CronetEngine:  hostResolverProvider:
09-07 14:14:29.538  5348  5577 I CronetEngine:  hostResolveIps: []
09-07 14:14:29.538  5348  5577 I CronetEngine:
09-07 14:14:29.539  5348  5348 I Banner  : [main] banner resume loop
09-07 14:14:29.540  5348  5348 I chatty  : uid=10612(cn.missevan) identical 1 line
09-07 14:14:29.541  5348  5348 I Banner  : [main] banner resume loop
09-07 14:14:29.563  5348  5785 D FreeFlowUtils: [glide-disk-cache-thread-0] Origin url: https://static-test.maoercdn.com/avatars/icon01.png?x-oss-process=image/resize,w_60/format,webp, free flow url: https://static-test.maoercdn.com/avatars/icon01.png?x-oss-process=image/resize,w_60/format,webp
09-07 14:14:29.579  5348  5785 D FreeFlowUtils: [glide-disk-cache-thread-0] Origin url: https://static-test.maoercdn.com/avatars/202012/14/01be5a0548435f1eeb9536b1275bc521151915.png?x-oss-process=image/resize,w_60/format,webp, free flow url: https://static-test.maoercdn.com/avatars/202012/14/01be5a0548435f1eeb9536b1275bc521151915.png?x-oss-process=image/resize,w_60/format,webp
09-07 14:14:29.581  5348  5348 W StaticLayout: maxLineHeight should not be -1.  maxLines:1 lineCount:1
09-07 14:14:29.587  5348  5348 I chatty  : uid=10612(cn.missevan) identical 6 lines
09-07 14:14:29.587  5348  5348 W StaticLayout: maxLineHeight should not be -1.  maxLines:1 lineCount:1
09-07 14:14:29.624  5348  5348 I Banner  : [main] banner pause loop
09-07 14:14:29.627  5348  5348 I Banner  : [main] banner pause loop
09-07 14:14:29.639  5348  5348 W ViewPager2Helper: [main] ReplaceSnapHelper success
09-07 14:14:29.643  5348  5348 I Banner  : [main] banner resume loop
09-07 14:14:29.644  5348  5348 I chatty  : uid=10612(cn.missevan) identical 1 line
09-07 14:14:29.645  5348  5348 I Banner  : [main] banner resume loop
09-07 14:14:29.666  5348  5785 D FreeFlowUtils: [glide-disk-cache-thread-0] Origin url: http://static-test.maoercdn.com/topic/202011/26/127292306dd5c1b80259001964e67b94175000.png, free flow url: http://static-test.maoercdn.com/topic/202011/26/127292306dd5c1b80259001964e67b94175000.png
09-07 14:14:29.681  5348  5785 D FreeFlowUtils: [glide-disk-cache-thread-0] Origin url: http://static-test.maoercdn.com/topic/202011/26/a09b1ef278802f91aba8c935637017b3175016.png, free flow url: http://static-test.maoercdn.com/topic/202011/26/a09b1ef278802f91aba8c935637017b3175016.png
09-07 14:14:29.694  5348  5785 D FreeFlowUtils: [glide-disk-cache-thread-0] Origin url: http://static-test.maoercdn.com/homepage/icons/202110/19/21ad5dcca9b0731c663080fe00486129225402.png, free flow url: http://static-test.maoercdn.com/homepage/icons/202110/19/21ad5dcca9b0731c663080fe00486129225402.png
09-07 14:14:29.707  5348  5785 D FreeFlowUtils: [glide-disk-cache-thread-0] Origin url: http://static-test.maoercdn.com/homepage/icons/202110/19/61f61a6bce36654cefcc49de028f91f8225135.png, free flow url: http://static-test.maoercdn.com/homepage/icons/202110/19/61f61a6bce36654cefcc49de028f91f8225135.png
09-07 14:14:29.722  5348  5785 D FreeFlowUtils: [glide-disk-cache-thread-0] Origin url: http://static-test.maoercdn.com/homepage/icons/202110/19/1c2c33fc4f1d426d509ee39cdd7de79c225512.png, free flow url: http://static-test.maoercdn.com/homepage/icons/202110/19/1c2c33fc4f1d426d509ee39cdd7de79c225512.png
09-07 14:14:29.734  5348  5348 E cn.missevan: No package ID ff found for ID 0xffffffff.
09-07 14:14:29.735  5348  5348 E cn.missevan: No package ID ff found for ID 0xffffffff.
09-07 14:14:29.736  5348  5785 D FreeFlowUtils: [glide-disk-cache-thread-0] Origin url: http://static-test.maoercdn.com/topic/202011/26/4d4c8c96eb2a92a89d5323a553768d22180412.gif, free flow url: http://static-test.maoercdn.com/topic/202011/26/4d4c8c96eb2a92a89d5323a553768d22180412.gif
09-07 14:14:29.764  5348  5348 E cn.missevan: No package ID ff found for ID 0xffffffff.
09-07 14:14:29.861  5348  5348 I chatty  : uid=10612(cn.missevan) identical 10 lines
09-07 14:14:29.861  5348  5348 E cn.missevan: No package ID ff found for ID 0xffffffff.
09-07 14:14:29.893  5348  5348 W ViewPager2Helper: [main] ReplaceSnapHelper success
09-07 14:14:29.897  5348  5348 I Banner  : [main] banner resume loop
09-07 14:14:29.899  5348  5348 I chatty  : uid=10612(cn.missevan) identical 1 line
09-07 14:14:29.900  5348  5348 I Banner  : [main] banner resume loop
09-07 14:14:29.921  5348  5785 D FreeFlowUtils: [glide-disk-cache-thread-0] Origin url: http://static-test.maoercdn.com/topic/202011/26/9441c54fb7a3ef479f18eb2f7d58bbc8175454.png, free flow url: http://static-test.maoercdn.com/topic/202011/26/9441c54fb7a3ef479f18eb2f7d58bbc8175454.png
09-07 14:14:29.936  5348  5785 D FreeFlowUtils: [glide-disk-cache-thread-0] Origin url: http://static-test.maoercdn.com/topic/202012/18/7b6aa9234339217ca2ebf445243f1bdf162641.png, free flow url: http://static-test.maoercdn.com/topic/202012/18/7b6aa9234339217ca2ebf445243f1bdf162641.png
09-07 14:14:29.951  5348  5785 D FreeFlowUtils: [glide-disk-cache-thread-0] Origin url: http://static-test.maoercdn.com/topic/202011/26/987c9ad85bb9c973080e0355c36f0e7a175525.png, free flow url: http://static-test.maoercdn.com/topic/202011/26/987c9ad85bb9c973080e0355c36f0e7a175525.png
09-07 14:14:29.967  5348  5785 D FreeFlowUtils: [glide-disk-cache-thread-0] Origin url: http://static-test.maoercdn.com/topic/202012/18/b360e02a83c98b8724a6209a65d3c455111355.png, free flow url: http://static-test.maoercdn.com/topic/202012/18/b360e02a83c98b8724a6209a65d3c455111355.png
09-07 14:14:29.981  5348  5785 D FreeFlowUtils: [glide-disk-cache-thread-0] Origin url: http://static-test.maoercdn.com/topic/202012/18/9d65a536121799c92cb4bc5389d8b9d3111824.png, free flow url: http://static-test.maoercdn.com/topic/202012/18/9d65a536121799c92cb4bc5389d8b9d3111824.png
09-07 14:14:29.992  2935  2935 W rms_memory_cana: type=1400 audit(0.0:57277): avc: denied { read } for name="mem_quick" dev="debugfs" ino=4818882 scontext=u:r:system_app:s0 tcontext=u:object_r:kgsl_debugfs:s0 tclass=file permissive=0
09-07 14:14:30.028  5348  5348 I ViewTarget: Glide treats LayoutParams.WRAP_CONTENT as a request for an image the size of this device's screen dimensions. If you want to load the original image and are ok with the corresponding memory cost and OOMs (depending on the input size), use override(Target.SIZE_ORIGINAL). Otherwise, use LayoutParams.MATCH_PARENT, set layout_width and layout_height to fixed dimension, or use .override() with fixed dimensions.
09-07 14:14:30.029  5348  5785 D FreeFlowUtils: [glide-disk-cache-thread-0] Origin url: http://static-test.maoercdn.com/app/homepage/banners/202203/04/de597c32a7bf7be94aca8986bb89d035172055.jpg?x-oss-process=image/resize,w_996/format,webp, free flow url: http://static-test.maoercdn.com/app/homepage/banners/202203/04/de597c32a7bf7be94aca8986bb89d035172055.jpg?x-oss-process=image/resize,w_996/format,webp
09-07 14:14:30.029  5348  5348 I ViewTarget: Glide treats LayoutParams.WRAP_CONTENT as a request for an image the size of this device's screen dimensions. If you want to load the original image and are ok with the corresponding memory cost and OOMs (depending on the input size), use override(Target.SIZE_ORIGINAL). Otherwise, use LayoutParams.MATCH_PARENT, set layout_width and layout_height to fixed dimension, or use .override() with fixed dimensions.
09-07 14:14:30.030  5348  5348 I ViewTarget: Glide treats LayoutParams.WRAP_CONTENT as a request for an image the size of this device's screen dimensions. If you want to load the original image and are ok with the corresponding memory cost and OOMs (depending on the input size), use override(Target.SIZE_ORIGINAL). Otherwise, use LayoutParams.MATCH_PARENT, set layout_width and layout_height to fixed dimension, or use .override() with fixed dimensions.
09-07 14:14:30.060  5348  5712 I OpenGLRenderer: Davey! duration=755ms; Flags=0, IntendedVsync=130711103886352, Vsync=130711270553012, OldestInputEvent=9223372036854775807, NewestInputEvent=0, HandleInputStart=130711285442219, AnimationStart=130711285549980, PerformTraversalsStart=130711285989407, DrawStart=130711832142896, SyncQueued=130711854507271, SyncStart=130711854658834, IssueDrawCommandsStart=130711855269459, SwapBuffers=130711857912479, FrameCompleted=130711859696177, DequeueBufferDuration=197000, QueueBufferDuration=1275000,
09-07 14:14:30.062  5348  5348 I Choreographer: Skipped 33 frames!  The application may be doing too much work on its main thread.
09-07 14:14:30.071  5348  5785 D FreeFlowUtils: [glide-disk-cache-thread-0] Origin url: http://static-test.maoercdn.com/app/homepage/banners/202111/12/785262190b8dd60f57e4485d48b25f10173426.webp, free flow url: http://static-test.maoercdn.com/app/homepage/banners/202111/12/785262190b8dd60f57e4485d48b25f10173426.webp
09-07 14:14:30.082  5348  5348 W Glide   : Load failed for http://static-test.maoercdn.com/coversmini/201604/28/8ed7c867d90ef020b085cde9ecb4a630204427.jpg with size [306x306]
09-07 14:14:30.082  5348  5348 W Glide   : class com.bumptech.glide.load.a.q: Failed to load resource
09-07 14:14:30.082  5348  5348 W Glide   : There was 1 root cause:
09-07 14:14:30.082  5348  5348 W Glide   : com.bumptech.glide.load.e(Not Found, status code: 404)
09-07 14:14:30.082  5348  5348 W Glide   :  call GlideException#logRootCauses(String) for more detail
09-07 14:14:30.082  5348  5348 W Glide   :   Cause (1 of 1): class com.bumptech.glide.load.a.q: Fetching data failed, class java.io.InputStream, REMOTE
09-07 14:14:30.082  5348  5348 W Glide   : There was 1 root cause:
09-07 14:14:30.082  5348  5348 W Glide   : com.bumptech.glide.load.e(Not Found, status code: 404)
09-07 14:14:30.082  5348  5348 W Glide   :  call GlideException#logRootCauses(String) for more detail
09-07 14:14:30.082  5348  5348 W Glide   :     Cause (1 of 1): class com.bumptech.glide.load.e: Not Found, status code: 404
09-07 14:14:30.083  5348  5348 I Glide   : Root cause (1 of 1)
09-07 14:14:30.083  5348  5348 I Glide   : com.bumptech.glide.load.e: Not Found, status code: 404
09-07 14:14:30.083  5348  5348 I Glide   : 	at com.bumptech.glide.integration.okhttp3.b.onResponse(SourceFile:71)
09-07 14:14:30.083  5348  5348 I Glide   : 	at okhttp3.ac$a.execute(SourceFile:221)
09-07 14:14:30.083  5348  5348 I Glide   : 	at okhttp3.internal.b.run(SourceFile:32)
09-07 14:14:30.083  5348  5348 I Glide   : 	at java.util.concurrent.ThreadPoolExecutor.runWorker(ThreadPoolExecutor.java:1167)
09-07 14:14:30.083  5348  5348 I Glide   : 	at java.util.concurrent.ThreadPoolExecutor$Worker.run(ThreadPoolExecutor.java:641)
09-07 14:14:30.083  5348  5348 I Glide   : 	at java.lang.Thread.run(Thread.java:764)
09-07 14:14:30.084  5348  5348 W Glide   : Load failed for http://static-test.maoercdn.com/coversmini/201601/27/7bbe2cb132e96af2055b58417513e099210645.png with size [306x306]
09-07 14:14:30.084  5348  5348 W Glide   : class com.bumptech.glide.load.a.q: Failed to load resource
09-07 14:14:30.084  5348  5348 W Glide   : There was 1 root cause:
09-07 14:14:30.084  5348  5348 W Glide   : com.bumptech.glide.load.e(Not Found, status code: 404)
09-07 14:14:30.084  5348  5348 W Glide   :  call GlideException#logRootCauses(String) for more detail
09-07 14:14:30.084  5348  5348 W Glide   :   Cause (1 of 1): class com.bumptech.glide.load.a.q: Fetching data failed, class java.io.InputStream, REMOTE
09-07 14:14:30.084  5348  5348 W Glide   : There was 1 root cause:
09-07 14:14:30.084  5348  5348 W Glide   : com.bumptech.glide.load.e(Not Found, status code: 404)
09-07 14:14:30.084  5348  5348 W Glide   :  call GlideException#logRootCauses(String) for more detail
09-07 14:14:30.084  5348  5348 W Glide   :     Cause (1 of 1): class com.bumptech.glide.load.e: Not Found, status code: 404
09-07 14:14:30.084  5348  5348 I Glide   : Root cause (1 of 1)
09-07 14:14:30.084  5348  5348 I Glide   : com.bumptech.glide.load.e: Not Found, status code: 404
09-07 14:14:30.084  5348  5348 I Glide   : 	at com.bumptech.glide.integration.okhttp3.b.onResponse(SourceFile:71)
09-07 14:14:30.084  5348  5348 I Glide   : 	at okhttp3.ac$a.execute(SourceFile:221)
09-07 14:14:30.084  5348  5348 I Glide   : 	at okhttp3.internal.b.run(SourceFile:32)
09-07 14:14:30.084  5348  5348 I Glide   : 	at java.util.concurrent.ThreadPoolExecutor.runWorker(ThreadPoolExecutor.java:1167)
09-07 14:14:30.084  5348  5348 I Glide   : 	at java.util.concurrent.ThreadPoolExecutor$Worker.run(ThreadPoolExecutor.java:641)
09-07 14:14:30.084  5348  5348 I Glide   : 	at java.lang.Thread.run(Thread.java:764)
09-07 14:14:30.085  5348  5348 W Glide   : Load failed for http://static-test.maoercdn.com/coversmini/201703/13/d77dbfc26bbbd68936b317f6e371526c212844.jpg with size [306x306]
09-07 14:14:30.085  5348  5348 W Glide   : class com.bumptech.glide.load.a.q: Failed to load resource
09-07 14:14:30.085  5348  5348 W Glide   : There was 1 root cause:
09-07 14:14:30.085  5348  5348 W Glide   : com.bumptech.glide.load.e(Not Found, status code: 404)
09-07 14:14:30.085  5348  5348 W Glide   :  call GlideException#logRootCauses(String) for more detail
09-07 14:14:30.085  5348  5348 W Glide   :   Cause (1 of 1): class com.bumptech.glide.load.a.q: Fetching data failed, class java.io.InputStream, REMOTE
09-07 14:14:30.085  5348  5348 W Glide   : There was 1 root cause:
09-07 14:14:30.085  5348  5348 W Glide   : com.bumptech.glide.load.e(Not Found, status code: 404)
09-07 14:14:30.085  5348  5348 W Glide   :  call GlideException#logRootCauses(String) for more detail
09-07 14:14:30.085  5348  5348 W Glide   :     Cause (1 of 1): class com.bumptech.glide.load.e: Not Found, status code: 404
09-07 14:14:30.086  5348  5348 I Glide   : Root cause (1 of 1)
09-07 14:14:30.086  5348  5348 I Glide   : com.bumptech.glide.load.e: Not Found, status code: 404
09-07 14:14:30.086  5348  5348 I Glide   : 	at com.bumptech.glide.integration.okhttp3.b.onResponse(SourceFile:71)
09-07 14:14:30.086  5348  5348 I Glide   : 	at okhttp3.ac$a.execute(SourceFile:221)
09-07 14:14:30.086  5348  5348 I Glide   : 	at okhttp3.internal.b.run(SourceFile:32)
09-07 14:14:30.086  5348  5348 I Glide   : 	at java.util.concurrent.ThreadPoolExecutor.runWorker(ThreadPoolExecutor.java:1167)
09-07 14:14:30.086  5348  5348 I Glide   : 	at java.util.concurrent.ThreadPoolExecutor$Worker.run(ThreadPoolExecutor.java:641)
09-07 14:14:30.086  5348  5348 I Glide   : 	at java.lang.Thread.run(Thread.java:764)
09-07 14:14:30.087  5348  5348 W Glide   : Load failed for http://static-test.maoercdn.com/coversmini/201706/20/0d89c635759456032e22a4d575b345bd131406.png with size [306x306]
09-07 14:14:30.087  5348  5348 W Glide   : class com.bumptech.glide.load.a.q: Failed to load resource
09-07 14:14:30.087  5348  5348 W Glide   : There was 1 root cause:
09-07 14:14:30.087  5348  5348 W Glide   : com.bumptech.glide.load.e(Not Found, status code: 404)
09-07 14:14:30.087  5348  5348 W Glide   :  call GlideException#logRootCauses(String) for more detail
09-07 14:14:30.087  5348  5348 W Glide   :   Cause (1 of 1): class com.bumptech.glide.load.a.q: Fetching data failed, class java.io.InputStream, REMOTE
09-07 14:14:30.087  5348  5348 W Glide   : There was 1 root cause:
09-07 14:14:30.087  5348  5348 W Glide   : com.bumptech.glide.load.e(Not Found, status code: 404)
09-07 14:14:30.087  5348  5348 W Glide   :  call GlideException#logRootCauses(String) for more detail
09-07 14:14:30.087  5348  5348 W Glide   :     Cause (1 of 1): class com.bumptech.glide.load.e: Not Found, status code: 404
09-07 14:14:30.087  5348  5348 I Glide   : Root cause (1 of 1)
09-07 14:14:30.087  5348  5348 I Glide   : com.bumptech.glide.load.e: Not Found, status code: 404
09-07 14:14:30.087  5348  5348 I Glide   : 	at com.bumptech.glide.integration.okhttp3.b.onResponse(SourceFile:71)
09-07 14:14:30.087  5348  5348 I Glide   : 	at okhttp3.ac$a.execute(SourceFile:221)
09-07 14:14:30.087  5348  5348 I Glide   : 	at okhttp3.internal.b.run(SourceFile:32)
09-07 14:14:30.087  5348  5348 I Glide   : 	at java.util.concurrent.ThreadPoolExecutor.runWorker(ThreadPoolExecutor.java:1167)
09-07 14:14:30.087  5348  5348 I Glide   : 	at java.util.concurrent.ThreadPoolExecutor$Worker.run(ThreadPoolExecutor.java:641)
09-07 14:14:30.087  5348  5348 I Glide   : 	at java.lang.Thread.run(Thread.java:764)
09-07 14:14:30.161  5348  5348 E ThemeUtils: View class skin.support.widget.SkinCompatImageView is an AppCompat widget that can only be used with a Theme.AppCompat theme (or descendant).
09-07 14:14:30.164  5348  5348 E ThemeUtils: View class skin.support.widget.SkinCompatTextView is an AppCompat widget that can only be used with a Theme.AppCompat theme (or descendant).
09-07 14:14:30.206  5348  5785 D FreeFlowUtils: [glide-disk-cache-thread-0] Origin url: https://static-test.maoercdn.com/fmcovers/202104/08/778ef8f198d180b7b873ae155e4c991c.jpg?x-oss-process=image/resize,w_308/format,webp, free flow url: https://static-test.maoercdn.com/fmcovers/202104/08/778ef8f198d180b7b873ae155e4c991c.jpg?x-oss-process=image/resize,w_308/format,webp
09-07 14:14:30.225  5348  5785 D FreeFlowUtils: [glide-disk-cache-thread-0] Origin url: https://static-test.maoercdn.com/avatars/icon01.png?x-oss-process=image/resize,w_308/format,webp, free flow url: https://static-test.maoercdn.com/avatars/icon01.png?x-oss-process=image/resize,w_308/format,webp
09-07 14:14:30.238  5348  5785 D FreeFlowUtils: [glide-disk-cache-thread-0] Origin url: https://static-test.maoercdn.com/fmcovers/202012/14/6c38da6c5fb706276640b2b72f08ad15.jpg?x-oss-process=image/resize,w_308/format,webp, free flow url: https://static-test.maoercdn.com/fmcovers/202012/14/6c38da6c5fb706276640b2b72f08ad15.jpg?x-oss-process=image/resize,w_308/format,webp
09-07 14:14:30.242  5348  5362 I cn.missevan: NativeAlloc concurrent copying GC freed 108454(6MB) AllocSpace objects, 59(14MB) LOS objects, 49% free, 24MB/48MB, paused 558us total 125.302ms
09-07 14:14:30.252  5348  5785 D FreeFlowUtils: [glide-disk-cache-thread-0] Origin url: https://static-test.missevan.com/catalog/banners/202110/20/8a7c290e54c7b1dedaeb1866e36ff9af194918.jpg?x-oss-process=image/resize,w_996/format,webp, free flow url: https://static-test.missevan.com/catalog/banners/202110/20/8a7c290e54c7b1dedaeb1866e36ff9af194918.jpg?x-oss-process=image/resize,w_996/format,webp
09-07 14:14:30.261  5348  5359 W System  : A resource failed to call close.
09-07 14:14:30.276  5348  5785 D FreeFlowUtils: [glide-disk-cache-thread-0] Origin url: http://static-test.missevan.com/dramacoversmini/201708/25/3897688370d841d63ae9574e2f317c57123406.jpg?x-oss-process=image/resize,w_270/format,webp, free flow url: http://static-test.missevan.com/dramacoversmini/201708/25/3897688370d841d63ae9574e2f317c57123406.jpg?x-oss-process=image/resize,w_270/format,webp
09-07 14:14:30.287  5348  5785 D FreeFlowUtils: [glide-disk-cache-thread-0] Origin url: http://static-test.missevan.com/dramacoversmini/202003/10/d896220ff3915418456674a502fbb460141038.png?x-oss-process=image/resize,w_270/format,webp, free flow url: http://static-test.missevan.com/dramacoversmini/202003/10/d896220ff3915418456674a502fbb460141038.png?x-oss-process=image/resize,w_270/format,webp
09-07 14:14:30.292  5348  5785 D FreeFlowUtils: [glide-disk-cache-thread-0] Origin url: http://static-test.missevan.com/dramacoversmini/202011/24/0e6d4dd27ec7c9da18a79cf3cda5d7aa151717.jpg?x-oss-process=image/resize,w_270/format,webp, free flow url: http://static-test.missevan.com/dramacoversmini/202011/24/0e6d4dd27ec7c9da18a79cf3cda5d7aa151717.jpg?x-oss-process=image/resize,w_270/format,webp
09-07 14:14:30.296  5348  5785 D FreeFlowUtils: [glide-disk-cache-thread-0] Origin url: http://static-test.missevan.com/dramacoversmini/202109/08/e675edcf486e3fa53a101c2b7ca63644110753.jpg?x-oss-process=image/resize,w_270/format,webp, free flow url: http://static-test.missevan.com/dramacoversmini/202109/08/e675edcf486e3fa53a101c2b7ca63644110753.jpg?x-oss-process=image/resize,w_270/format,webp
09-07 14:14:30.308  5348  5785 D FreeFlowUtils: [glide-disk-cache-thread-0] Origin url: http://static-test.missevan.com/dramacoversmini/201605/01/0a6ca0ceeb612fbf29d7ea609b171bcf061022.jpg?x-oss-process=image/resize,w_306/format,webp, free flow url: http://static-test.missevan.com/dramacoversmini/201605/01/0a6ca0ceeb612fbf29d7ea609b171bcf061022.jpg?x-oss-process=image/resize,w_306/format,webp
09-07 14:14:30.312  5348  5785 D FreeFlowUtils: [glide-disk-cache-thread-0] Origin url: http://static-test.missevan.com/dramacoversmini/201709/07/1f7769e03f2eeafbf233803f7c16b360192304.png?x-oss-process=image/resize,w_306/format,webp, free flow url: http://static-test.missevan.com/dramacoversmini/201709/07/1f7769e03f2eeafbf233803f7c16b360192304.png?x-oss-process=image/resize,w_306/format,webp
09-07 14:14:30.315  5348  5785 D FreeFlowUtils: [glide-disk-cache-thread-0] Origin url: http://static-test.missevan.com/dramacoversmini/201604/20/57a934f8d31a7ace356108ae3526c419151604.jpg?x-oss-process=image/resize,w_306/format,webp, free flow url: http://static-test.missevan.com/dramacoversmini/201604/20/57a934f8d31a7ace356108ae3526c419151604.jpg?x-oss-process=image/resize,w_306/format,webp
09-07 14:14:30.319  5348  5785 D FreeFlowUtils: [glide-disk-cache-thread-0] Origin url: https://static-test.missevan.com/catalog/banners/202004/12/924d10df2d6923a778e7aa2fd50618e3210915.jpg?x-oss-process=image/resize,w_996/format,webp, free flow url: https://static-test.missevan.com/catalog/banners/202004/12/924d10df2d6923a778e7aa2fd50618e3210915.jpg?x-oss-process=image/resize,w_996/format,webp
09-07 14:14:30.346  5348  5785 D FreeFlowUtils: [glide-disk-cache-thread-0] Origin url: http://static-test.maoercdn.com/coversmini/201701/24/dbade74b0ab95375c343fdbe3f89aff6095445.png?x-oss-process=image/resize,w_274/format,webp, free flow url: http://static-test.maoercdn.com/coversmini/201701/24/dbade74b0ab95375c343fdbe3f89aff6095445.png?x-oss-process=image/resize,w_274/format,webp
09-07 14:14:30.351  5348  5785 D FreeFlowUtils: [glide-disk-cache-thread-0] Origin url: http://static-test.maoercdn.com/coversmini/202004/13/6f364bef0ab8f95ed2f430421a609c8b143318.png?x-oss-process=image/resize,w_274/format,webp, free flow url: http://static-test.maoercdn.com/coversmini/202004/13/6f364bef0ab8f95ed2f430421a609c8b143318.png?x-oss-process=image/resize,w_274/format,webp
09-07 14:14:30.362  5348  5785 D FreeFlowUtils: [glide-disk-cache-thread-0] Origin url: http://static-test.maoercdn.com/coversmini/201612/09/e7c844dda7014cdcbfd69fdade5d0e05185820.jpg?x-oss-process=image/resize,w_274/format,webp, free flow url: http://static-test.maoercdn.com/coversmini/201612/09/e7c844dda7014cdcbfd69fdade5d0e05185820.jpg?x-oss-process=image/resize,w_274/format,webp
09-07 14:14:30.366  5348  5785 D FreeFlowUtils: [glide-disk-cache-thread-0] Origin url: http://static-test.maoercdn.com/app/catalog/icon/46.png?x-oss-process=image/resize,w_120/format,webp, free flow url: http://static-test.maoercdn.com/app/catalog/icon/46.png?x-oss-process=image/resize,w_120/format,webp
09-07 14:14:30.368  5348  5348 W StaticLayout: maxLineHeight should not be -1.  maxLines:2 lineCount:2
09-07 14:14:30.371  5348  5348 W StaticLayout: maxLineHeight should not be -1.  maxLines:2 lineCount:2
09-07 14:14:30.375  5348  5785 D FreeFlowUtils: [glide-disk-cache-thread-0] Origin url: http://static-test.maoercdn.com/app/catalog/icon/5.png?x-oss-process=image/resize,w_120/format,webp, free flow url: http://static-test.maoercdn.com/app/catalog/icon/5.png?x-oss-process=image/resize,w_120/format,webp
09-07 14:14:30.385  5348  5785 D FreeFlowUtils: [glide-disk-cache-thread-0] Origin url: http://static-test.maoercdn.com/app/catalog/icon/8.png?x-oss-process=image/resize,w_120/format,webp, free flow url: http://static-test.maoercdn.com/app/catalog/icon/8.png?x-oss-process=image/resize,w_120/format,webp
09-07 14:14:30.395  5348  5785 D FreeFlowUtils: [glide-disk-cache-thread-0] Origin url: http://static-test.maoercdn.com/app/catalog/icon/108.png?x-oss-process=image/resize,w_120/format,webp, free flow url: http://static-test.maoercdn.com/app/catalog/icon/108.png?x-oss-process=image/resize,w_120/format,webp
09-07 14:14:30.404  5348  5785 D FreeFlowUtils: [glide-disk-cache-thread-0] Origin url: http://static-test.maoercdn.com/app/catalog/icon/26.png?x-oss-process=image/resize,w_120/format,webp, free flow url: http://static-test.maoercdn.com/app/catalog/icon/26.png?x-oss-process=image/resize,w_120/format,webp
09-07 14:14:30.413  5348  5785 D FreeFlowUtils: [glide-disk-cache-thread-0] Origin url: http://static-test.maoercdn.com/app/catalog/icon/41.png?x-oss-process=image/resize,w_120/format,webp, free flow url: http://static-test.maoercdn.com/app/catalog/icon/41.png?x-oss-process=image/resize,w_120/format,webp
09-07 14:14:30.423  5348  5785 D FreeFlowUtils: [glide-disk-cache-thread-0] Origin url: http://static-test.maoercdn.com/app/catalog/icon/6.png?x-oss-process=image/resize,w_120/format,webp, free flow url: http://static-test.maoercdn.com/app/catalog/icon/6.png?x-oss-process=image/resize,w_120/format,webp
09-07 14:14:30.433  5348  5785 D FreeFlowUtils: [glide-disk-cache-thread-0] Origin url: http://static-test.maoercdn.com/app/catalog/icon/65.png?x-oss-process=image/resize,w_120/format,webp, free flow url: http://static-test.maoercdn.com/app/catalog/icon/65.png?x-oss-process=image/resize,w_120/format,webp
09-07 14:14:30.444  5348  5785 D FreeFlowUtils: [glide-disk-cache-thread-0] Origin url: http://static-test.maoercdn.com/app/catalog/icon/54.png?x-oss-process=image/resize,w_120/format,webp, free flow url: http://static-test.maoercdn.com/app/catalog/icon/54.png?x-oss-process=image/resize,w_120/format,webp
09-07 14:14:30.452  5348  5577 I CronetEngine: [thread_background]
09-07 14:14:30.452  5348  5577 I CronetEngine: url: http://static-test.missevan.com/dramacoversmini/202003/10/d896220ff3915418456674a502fbb460141038.png?x-oss-process=image/resize,w_270/format,webp
09-07 14:14:30.452  5348  5577 I CronetEngine:  ip: 111.170.130.240
09-07 14:14:30.452  5348  5577 I CronetEngine:  hostResolverProvider:
09-07 14:14:30.452  5348  5577 I CronetEngine:  hostResolveIps: []
09-07 14:14:30.452  5348  5577 I CronetEngine:
09-07 14:14:30.453  5348  5785 D FreeFlowUtils: [glide-disk-cache-thread-0] Origin url: https://static-test.maoercdn.com/coversmini/202207/01/66f7cdf03ca5b7a87413b0f7aeed736f153934.png?x-oss-process=image/resize,w_120/format,webp, free flow url: https://static-test.maoercdn.com/coversmini/202207/01/66f7cdf03ca5b7a87413b0f7aeed736f153934.png?x-oss-process=image/resize,w_120/format,webp
09-07 14:14:30.463  5348  5785 D FreeFlowUtils: [glide-disk-cache-thread-0] Origin url: https://static-test.maoercdn.com/coversmini/202207/01/cada8dc4b8a70c98f3927eda0229dab1154040.png?x-oss-process=image/resize,w_120/format,webp, free flow url: https://static-test.maoercdn.com/coversmini/202207/01/cada8dc4b8a70c98f3927eda0229dab1154040.png?x-oss-process=image/resize,w_120/format,webp
09-07 14:14:30.472  5348  5348 W Glide   : Load failed for http://static-test.missevan.com/dramacoversmini/202003/10/d896220ff3915418456674a502fbb460141038.png with size [270x270]
09-07 14:14:30.472  5348  5348 W Glide   : class com.bumptech.glide.load.a.q: Failed to load resource
09-07 14:14:30.472  5348  5348 W Glide   : There was 1 root cause:
09-07 14:14:30.472  5348  5348 W Glide   : com.bumptech.glide.load.e(Not Found, status code: 404)
09-07 14:14:30.472  5348  5348 W Glide   :  call GlideException#logRootCauses(String) for more detail
09-07 14:14:30.472  5348  5348 W Glide   :   Cause (1 of 1): class com.bumptech.glide.load.a.q: Fetching data failed, class java.io.InputStream, REMOTE
09-07 14:14:30.472  5348  5348 W Glide   : There was 1 root cause:
09-07 14:14:30.472  5348  5348 W Glide   : com.bumptech.glide.load.e(Not Found, status code: 404)
09-07 14:14:30.472  5348  5348 W Glide   :  call GlideException#logRootCauses(String) for more detail
09-07 14:14:30.472  5348  5348 W Glide   :     Cause (1 of 1): class com.bumptech.glide.load.e: Not Found, status code: 404
09-07 14:14:30.472  5348  5348 I Glide   : Root cause (1 of 1)
09-07 14:14:30.472  5348  5348 I Glide   : com.bumptech.glide.load.e: Not Found, status code: 404
09-07 14:14:30.472  5348  5348 I Glide   : 	at com.bumptech.glide.integration.okhttp3.b.onResponse(SourceFile:71)
09-07 14:14:30.472  5348  5348 I Glide   : 	at okhttp3.ac$a.execute(SourceFile:221)
09-07 14:14:30.472  5348  5348 I Glide   : 	at okhttp3.internal.b.run(SourceFile:32)
09-07 14:14:30.472  5348  5348 I Glide   : 	at java.util.concurrent.ThreadPoolExecutor.runWorker(ThreadPoolExecutor.java:1167)
09-07 14:14:30.472  5348  5348 I Glide   : 	at java.util.concurrent.ThreadPoolExecutor$Worker.run(ThreadPoolExecutor.java:641)
09-07 14:14:30.472  5348  5348 I Glide   : 	at java.lang.Thread.run(Thread.java:764)
09-07 14:14:30.472  5348  5785 D FreeFlowUtils: [glide-disk-cache-thread-0] Origin url: https://static-test.maoercdn.com/coversmini/202206/27/3c69601b46e82cfda2c7181ad753fc6f194524.png?x-oss-process=image/resize,w_120/format,webp, free flow url: https://static-test.maoercdn.com/coversmini/202206/27/3c69601b46e82cfda2c7181ad753fc6f194524.png?x-oss-process=image/resize,w_120/format,webp
09-07 14:14:30.481  5348  5785 D FreeFlowUtils: [glide-disk-cache-thread-0] Origin url: https://static-test.missevan.com/coversmini/202101/25/801040e6e64ff115256fe8501ccc8ba1121457.jpeg?x-oss-process=image/resize,w_306/format,webp, free flow url: https://static-test.missevan.com/coversmini/202101/25/801040e6e64ff115256fe8501ccc8ba1121457.jpeg?x-oss-process=image/resize,w_306/format,webp
09-07 14:14:30.488  5348  5577 I CronetEngine: [thread_background]
09-07 14:14:30.488  5348  5577 I CronetEngine: url: http://static-test.maoercdn.com/coversmini/201612/09/e7c844dda7014cdcbfd69fdade5d0e05185820.jpg?x-oss-process=image/resize,w_274/format,webp
09-07 14:14:30.488  5348  5577 I CronetEngine:  ip: 117.27.226.220
09-07 14:14:30.488  5348  5577 I CronetEngine:  hostResolverProvider:
09-07 14:14:30.488  5348  5577 I CronetEngine:  hostResolveIps: []
09-07 14:14:30.488  5348  5577 I CronetEngine:
09-07 14:14:30.493  5348  5785 D FreeFlowUtils: [glide-disk-cache-thread-0] Origin url: https://static-test.missevan.com/coversmini/202108/11/4d316dd52c850e4feea8b5046d3e8ab1143853.jpg?x-oss-process=image/resize,w_306/format,webp, free flow url: https://static-test.missevan.com/coversmini/202108/11/4d316dd52c850e4feea8b5046d3e8ab1143853.jpg?x-oss-process=image/resize,w_306/format,webp
09-07 14:14:30.505  5348  5348 W Glide   : Load failed for http://static-test.maoercdn.com/coversmini/201612/09/e7c844dda7014cdcbfd69fdade5d0e05185820.jpg with size [274x275]
09-07 14:14:30.505  5348  5348 W Glide   : class com.bumptech.glide.load.a.q: Failed to load resource
09-07 14:14:30.505  5348  5348 W Glide   : There was 1 root cause:
09-07 14:14:30.505  5348  5348 W Glide   : com.bumptech.glide.load.e(Not Found, status code: 404)
09-07 14:14:30.505  5348  5348 W Glide   :  call GlideException#logRootCauses(String) for more detail
09-07 14:14:30.505  5348  5348 W Glide   :   Cause (1 of 1): class com.bumptech.glide.load.a.q: Fetching data failed, class java.io.InputStream, REMOTE
09-07 14:14:30.505  5348  5348 W Glide   : There was 1 root cause:
09-07 14:14:30.505  5348  5348 W Glide   : com.bumptech.glide.load.e(Not Found, status code: 404)
09-07 14:14:30.505  5348  5348 W Glide   :  call GlideException#logRootCauses(String) for more detail
09-07 14:14:30.505  5348  5348 W Glide   :     Cause (1 of 1): class com.bumptech.glide.load.e: Not Found, status code: 404
09-07 14:14:30.505  5348  5348 I Glide   : Root cause (1 of 1)
09-07 14:14:30.505  5348  5348 I Glide   : com.bumptech.glide.load.e: Not Found, status code: 404
09-07 14:14:30.505  5348  5348 I Glide   : 	at com.bumptech.glide.integration.okhttp3.b.onResponse(SourceFile:71)
09-07 14:14:30.505  5348  5348 I Glide   : 	at okhttp3.ac$a.execute(SourceFile:221)
09-07 14:14:30.505  5348  5348 I Glide   : 	at okhttp3.internal.b.run(SourceFile:32)
09-07 14:14:30.505  5348  5348 I Glide   : 	at java.util.concurrent.ThreadPoolExecutor.runWorker(ThreadPoolExecutor.java:1167)
