09-01 18:56:41.415  3690  3711 D QcrilOemhookMsgTunnel: { id=3461 when=-2d10h28m56s389ms what=2 obj=com.qualcomm.qcrilmsgtunnel.QcrilMsgTunnelIfaceManager$MessageRequest@761d835 target=com.qualcomm.qcrilmsgtunnel.QcrilMsgTunnelIfaceManager$1 }
09-01 18:56:41.416  3690  3690 D QcrilMsgTunnelIfaceManager: handleMessage what = 2
09-01 18:56:41.416 20848 20975 I CronetEngine: [thread_background]
09-01 18:56:41.416 20848 20975 I CronetEngine: url: https://data.uat.missevan.com/statistics/collect-events
09-01 18:56:41.416 20848 20975 I CronetEngine:  ip: 10.21.250.10
09-01 18:56:41.416 20848 20975 I CronetEngine:  hostResolverProvider:
09-01 18:56:41.416 20848 20975 I CronetEngine:  hostResolveIps: []
09-01 18:56:41.416 20848 20975 I CronetEngine:
09-01 18:56:41.419  1724  2931 D PowerManagerService: mTmpPrimaryDisplayIsDoze PRIMARY to doze DRAW_WAKE_LOCK                 'VivoDisplayStateService-primary-display' ACQ=-198ms (uid=1000 (displayid =0 pid=1724)
09-01 18:56:41.426  2831  5938 D QtiRilInterface: instance = com.qualcomm.qti.internal.telephony.QtiRilInterface@cb768e6
09-01 18:56:41.427  3690  3702 D QcrilMsgTunnelIfaceManager: needAddWaitTime return false byte = -7
09-01 18:56:41.427  3690  3690 D QcrilMsgTunnelIfaceManager: handleMessage what = 1
09-01 18:56:41.430  1724  2893 D PowerManagerService: mTmpPrimaryDisplayIsDoze PRIMARY to doze DRAW_WAKE_LOCK                 'VivoDisplayStateService-primary-display' ACQ=-208ms (uid=1000 (displayid =0 pid=1724)
09-01 18:56:41.431  3690  3690 I QcrilOemhookMsgTunnel: [1]invokeOemRilRequestRaw: serial=1566 length=26
09-01 18:56:41.431  3690  3690 D QcrilOemhookMsgTunnel: 1566 > OEM_HOOK_RAW[514f454d484f4f4bf90108000a0000000166616c736500000000]
09-01 18:56:41.431  3690  3690 D QcrilOemhookMsgTunnel: Calling HIDL oemHookRawRequest
09-01 18:56:41.433  2765  3878 I chatty  : uid=1000(system) initial expire 47 lines
09-01 18:56:41.436  3690  3711 I QcrilOemhookMsgTunnel: [1]processOemHookResponse serial no: 1566 error: 0length=12
09-01 18:56:41.436  3690  3711 D QcrilOemhookMsgTunnel: [1566] < OEM_HOOK_RAW [[B@28764ca]
09-01 18:56:41.436  3690  3711 D QcrilOemhookMsgTunnel: { id=3464 when=-2d10h28m56s410ms what=2 obj=com.qualcomm.qcrilmsgtunnel.QcrilMsgTunnelIfaceManager$MessageRequest@297a63b target=com.qualcomm.qcrilmsgtunnel.QcrilMsgTunnelIfaceManager$1 }
09-01 18:56:41.436  3690  3690 D QcrilMsgTunnelIfaceManager: handleMessage what = 2
09-01 18:56:41.437  1724  2893 D PowerManagerService: mTmpPrimaryDisplayIsDoze PRIMARY to doze DRAW_WAKE_LOCK                 'VivoDisplayStateService-primary-display' ACQ=-216ms (uid=1000 (displayid =0 pid=1724)
09-01 18:56:41.441  2746 21598 D AIE-Bolts-Task: New thread: BoltsBgPool-thread-3730
09-01 18:56:41.442   672  6843 I vendor.qti.bluetooth@1.0-ibs_handler: ProcessIbsCmd: Received IBS_SLEEP_IND: 0xFE
09-01 18:56:41.443  2746 21598 D AIE-Bolts-Task: New thread: BoltsBgPool-thread-3731
09-01 18:56:41.474  1724  1885 D FingerprintWakeHook: Display state changed to DOZE
09-01 18:56:41.486  3045  3045 D ViewRootImpl[AOD]: pokeDrawLockedIfNeeded displayState=3
09-01 18:56:41.488  1724  4404 D WindowManager: pokeDrawLock: poking draw lock on behalf of visible window owned by com.vivo.nightpearl
09-01 18:56:41.488  1724  4404 D PowerManagerService: acquireWakeLockInternal: lock=114240041, flags=0x80, tag="Window:AOD", ws=WorkSource{1000 com.vivo.nightpearl}, uid=1000, pid=1724
09-01 18:56:41.488  1724  4404 D PowerManagerService: mTmpPrimaryDisplayIsDoze PRIMARY to doze DRAW_WAKE_LOCK                 'VivoDisplayStateService-primary-display' ACQ=-268ms (uid=1000 (displayid =0 pid=1724)
09-01 18:56:41.488  1724  4404 D PowerManagerService: mTmpPrimaryDisplayIsDoze PRIMARY to doze DRAW_WAKE_LOCK                 'Window:AOD' (uid=1000 (displayid =0 pid=1724 ws=WorkSource{1000 com.vivo.nightpearl})
09-01 18:56:41.490   692   692 V LocSvc_HIDL_IzatSubscription: [screenStatusUpdate][571] [HS] <<<<= [HC]
09-01 18:56:41.502  3045  3045 D ViewRootImpl[AOD]: pokeDrawLockedIfNeeded displayState=3
09-01 18:56:41.503  1724  4404 D WindowManager: pokeDrawLock: poking draw lock on behalf of visible window owned by com.vivo.nightpearl
09-01 18:56:41.503  1724  4404 D PowerManagerService: acquireWakeLockInternal: lock=114240041, flags=0x80, tag="Window:AOD", ws=WorkSource{1000 com.vivo.nightpearl}, uid=1000, pid=1724
09-01 18:56:41.503  1724  4404 D PowerManagerService: mTmpPrimaryDisplayIsDoze PRIMARY to doze DRAW_WAKE_LOCK                 'VivoDisplayStateService-primary-display' ACQ=-282ms (uid=1000 (displayid =0 pid=1724)
09-01 18:56:41.503  1724  4404 D PowerManagerService: mTmpPrimaryDisplayIsDoze PRIMARY to doze DRAW_WAKE_LOCK                 'Window:AOD' ACQ=-15ms (uid=1000 (displayid =0 pid=1724 ws=WorkSource{1000 com.vivo.nightpearl})
09-01 18:56:41.511  1724  4404 D WindowManager: pokeDrawLock: suppressed draw lock request for invisible window owned by com.android.systemui
09-01 18:56:41.525  3045  3045 D ViewRootImpl[AOD]: pokeDrawLockedIfNeeded displayState=3
09-01 18:56:41.526  1724  4404 D WindowManager: pokeDrawLock: poking draw lock on behalf of visible window owned by com.vivo.nightpearl
09-01 18:56:41.526  1724  4404 D PowerManagerService: acquireWakeLockInternal: lock=114240041, flags=0x80, tag="Window:AOD", ws=WorkSource{1000 com.vivo.nightpearl}, uid=1000, pid=1724
09-01 18:56:41.526  1724  4404 D PowerManagerService: mTmpPrimaryDisplayIsDoze PRIMARY to doze DRAW_WAKE_LOCK                 'VivoDisplayStateService-primary-display' ACQ=-305ms (uid=1000 (displayid =0 pid=1724)
09-01 18:56:41.526  1724  4404 D PowerManagerService: mTmpPrimaryDisplayIsDoze PRIMARY to doze DRAW_WAKE_LOCK                 'Window:AOD' ACQ=-38ms (uid=1000 (displayid =0 pid=1724 ws=WorkSource{1000 com.vivo.nightpearl})
09-01 18:56:41.531  1724  2893 D WindowManager: pokeDrawLock: suppressed draw lock request for invisible window owned by com.android.systemui
09-01 18:56:41.539  1724  2893 D PowerManagerService: mTmpPrimaryDisplayIsDoze PRIMARY to doze DRAW_WAKE_LOCK                 'VivoDisplayStateService-primary-display' ACQ=-318ms (uid=1000 (displayid =0 pid=1724)
09-01 18:56:41.539  1724  2893 D PowerManagerService: mTmpPrimaryDisplayIsDoze PRIMARY to doze DRAW_WAKE_LOCK                 'Window:AOD' ACQ=-51ms (uid=1000 (displayid =0 pid=1724 ws=WorkSource{1000 com.vivo.nightpearl})
09-01 18:56:41.540  3045  3045 D ViewRootImpl[AOD]: pokeDrawLockedIfNeeded displayState=3
09-01 18:56:41.541  1724  2931 D WindowManager: pokeDrawLock: poking draw lock on behalf of visible window owned by com.vivo.nightpearl
09-01 18:56:41.541  1724  2931 D PowerManagerService: acquireWakeLockInternal: lock=114240041, flags=0x80, tag="Window:AOD", ws=WorkSource{1000 com.vivo.nightpearl}, uid=1000, pid=1724
09-01 18:56:41.542  1724  2931 D PowerManagerService: mTmpPrimaryDisplayIsDoze PRIMARY to doze DRAW_WAKE_LOCK                 'VivoDisplayStateService-primary-display' ACQ=-321ms (uid=1000 (displayid =0 pid=1724)
09-01 18:56:41.542  1724  2931 D PowerManagerService: mTmpPrimaryDisplayIsDoze PRIMARY to doze DRAW_WAKE_LOCK                 'Window:AOD' ACQ=-53ms (uid=1000 (displayid =0 pid=1724 ws=WorkSource{1000 com.vivo.nightpearl})
09-01 18:56:41.543  1724  2893 D PowerManagerService: mTmpPrimaryDisplayIsDoze PRIMARY to doze DRAW_WAKE_LOCK                 'VivoDisplayStateService-primary-display' ACQ=-322ms (uid=1000 (displayid =0 pid=1724)
09-01 18:56:41.543  1724  2893 D PowerManagerService: mTmpPrimaryDisplayIsDoze PRIMARY to doze DRAW_WAKE_LOCK                 'Window:AOD' ACQ=-54ms (uid=1000 (displayid =0 pid=1724 ws=WorkSource{1000 com.vivo.nightpearl})
09-01 18:56:41.550  1724  2893 D WindowManager: pokeDrawLock: suppressed draw lock request for invisible window owned by com.android.systemui
09-01 18:56:41.558  3045  3045 D ViewRootImpl[AOD]: pokeDrawLockedIfNeeded displayState=3
09-01 18:56:41.560  1724  2893 D WindowManager: pokeDrawLock: poking draw lock on behalf of visible window owned by com.vivo.nightpearl
09-01 18:56:41.560  1724  2893 D PowerManagerService: acquireWakeLockInternal: lock=114240041, flags=0x80, tag="Window:AOD", ws=WorkSource{1000 com.vivo.nightpearl}, uid=1000, pid=1724
09-01 18:56:41.560  1724  2893 D PowerManagerService: mTmpPrimaryDisplayIsDoze PRIMARY to doze DRAW_WAKE_LOCK                 'VivoDisplayStateService-primary-display' ACQ=-339ms (uid=1000 (displayid =0 pid=1724)
09-01 18:56:41.560  1724  2893 D PowerManagerService: mTmpPrimaryDisplayIsDoze PRIMARY to doze DRAW_WAKE_LOCK                 'Window:AOD' ACQ=-71ms (uid=1000 (displayid =0 pid=1724 ws=WorkSource{1000 com.vivo.nightpearl})
09-01 18:56:41.569  6559  6559 D BtOppService: action : android.intent.action.SCREEN_OFF
09-01 18:56:41.571  1724  4404 D WindowManager: pokeDrawLock: suppressed draw lock request for invisible window owned by com.android.systemui
09-01 18:56:41.574  3045  3045 D ViewRootImpl[AOD]: pokeDrawLockedIfNeeded displayState=3
09-01 18:56:41.575  1724  4404 D WindowManager: pokeDrawLock: poking draw lock on behalf of visible window owned by com.vivo.nightpearl
09-01 18:56:41.575  1724  4404 D PowerManagerService: acquireWakeLockInternal: lock=114240041, flags=0x80, tag="Window:AOD", ws=WorkSource{1000 com.vivo.nightpearl}, uid=1000, pid=1724
09-01 18:56:41.575  1724  4404 D PowerManagerService: mTmpPrimaryDisplayIsDoze PRIMARY to doze DRAW_WAKE_LOCK                 'VivoDisplayStateService-primary-display' ACQ=-354ms (uid=1000 (displayid =0 pid=1724)
09-01 18:56:41.575  1724  4404 D PowerManagerService: mTmpPrimaryDisplayIsDoze PRIMARY to doze DRAW_WAKE_LOCK                 'Window:AOD' ACQ=-87ms (uid=1000 (displayid =0 pid=1724 ws=WorkSource{1000 com.vivo.nightpearl})
09-01 18:56:41.580  1724  4404 D PowerManagerService: mTmpPrimaryDisplayIsDoze PRIMARY to doze DRAW_WAKE_LOCK                 'VivoDisplayStateService-primary-display' ACQ=-360ms (uid=1000 (displayid =0 pid=1724)
09-01 18:56:41.580  1724  4404 D PowerManagerService: mTmpPrimaryDisplayIsDoze PRIMARY to doze DRAW_WAKE_LOCK                 'Window:AOD' ACQ=-92ms (uid=1000 (displayid =0 pid=1724 ws=WorkSource{1000 com.vivo.nightpearl})
09-01 18:56:41.585  1724  4404 D PowerManagerService: mTmpPrimaryDisplayIsDoze PRIMARY to doze DRAW_WAKE_LOCK                 'VivoDisplayStateService-primary-display' ACQ=-364ms (uid=1000 (displayid =0 pid=1724)
09-01 18:56:41.585  1724  4404 D PowerManagerService: mTmpPrimaryDisplayIsDoze PRIMARY to doze DRAW_WAKE_LOCK                 'Window:AOD' ACQ=-96ms (uid=1000 (displayid =0 pid=1724 ws=WorkSource{1000 com.vivo.nightpearl})
09-01 18:56:41.587  2715  2715 D DPMJ    : |SERVICE| DPM received action android.intent.action.SCREEN_OFF
09-01 18:56:41.587  2715  2715 I DPMJ    : |SERVICE| sendScreenState: state: false
09-01 18:56:41.595  3045  3045 D ViewRootImpl[AOD]: pokeDrawLockedIfNeeded displayState=3
09-01 18:56:41.596  1724  2893 D WindowManager: pokeDrawLock: poking draw lock on behalf of visible window owned by com.vivo.nightpearl
09-01 18:56:41.596  1724  2893 D PowerManagerService: acquireWakeLockInternal: lock=114240041, flags=0x80, tag="Window:AOD", ws=WorkSource{1000 com.vivo.nightpearl}, uid=1000, pid=1724
09-01 18:56:41.596  1724  2893 D PowerManagerService: mTmpPrimaryDisplayIsDoze PRIMARY to doze DRAW_WAKE_LOCK                 'VivoDisplayStateService-primary-display' ACQ=-375ms (uid=1000 (displayid =0 pid=1724)
09-01 18:56:41.596  1724  2893 D PowerManagerService: mTmpPrimaryDisplayIsDoze PRIMARY to doze DRAW_WAKE_LOCK                 'Window:AOD' ACQ=-107ms (uid=1000 (displayid =0 pid=1724 ws=WorkSource{1000 com.vivo.nightpearl})
09-01 18:56:41.600  1724  2893 D PowerManagerService: mTmpPrimaryDisplayIsDoze PRIMARY to doze DRAW_WAKE_LOCK                 'VivoDisplayStateService-primary-display' ACQ=-379ms (uid=1000 (displayid =0 pid=1724)
09-01 18:56:41.600  1724  2893 D PowerManagerService: mTmpPrimaryDisplayIsDoze PRIMARY to doze DRAW_WAKE_LOCK                 'Window:AOD' ACQ=-111ms (uid=1000 (displayid =0 pid=1724 ws=WorkSource{1000 com.vivo.nightpearl})
09-01 18:56:41.609  1724  2893 D WindowManager: pokeDrawLock: suppressed draw lock request for invisible window owned by com.android.systemui
09-01 18:56:41.628  3045  3045 D ViewRootImpl[AOD]: pokeDrawLockedIfNeeded displayState=3
09-01 18:56:41.631  1724  2931 D WindowManager: pokeDrawLock: poking draw lock on behalf of visible window owned by com.vivo.nightpearl
09-01 18:56:41.631  1724  2931 D PowerManagerService: acquireWakeLockInternal: lock=114240041, flags=0x80, tag="Window:AOD", ws=WorkSource{1000 com.vivo.nightpearl}, uid=1000, pid=1724
09-01 18:56:41.631  1724  2931 D PowerManagerService: mTmpPrimaryDisplayIsDoze PRIMARY to doze DRAW_WAKE_LOCK                 'VivoDisplayStateService-primary-display' ACQ=-411ms (uid=1000 (displayid =0 pid=1724)
09-01 18:56:41.632  1724  2931 D PowerManagerService: mTmpPrimaryDisplayIsDoze PRIMARY to doze DRAW_WAKE_LOCK                 'Window:AOD' ACQ=-143ms (uid=1000 (displayid =0 pid=1724 ws=WorkSource{1000 com.vivo.nightpearl})
09-01 18:56:41.640  1724  1880 D PowerManagerService: mTmpPrimaryDisplayIsDoze PRIMARY to doze DRAW_WAKE_LOCK                 'VivoDisplayStateService-primary-display' ACQ=-419ms (uid=1000 (displayid =0 pid=1724)
09-01 18:56:41.640  1724  1880 D PowerManagerService: mTmpPrimaryDisplayIsDoze PRIMARY to doze DRAW_WAKE_LOCK                 'Window:AOD' ACQ=-151ms (uid=1000 (displayid =0 pid=1724 ws=WorkSource{1000 com.vivo.nightpearl})
09-01 18:56:41.642  1724  2931 D PowerManagerService: mTmpPrimaryDisplayIsDoze PRIMARY to doze DRAW_WAKE_LOCK                 'VivoDisplayStateService-primary-display' ACQ=-421ms (uid=1000 (displayid =0 pid=1724)
09-01 18:56:41.642  1724  2931 D PowerManagerService: mTmpPrimaryDisplayIsDoze PRIMARY to doze DRAW_WAKE_LOCK                 'Window:AOD' ACQ=-153ms (uid=1000 (displayid =0 pid=1724 ws=WorkSource{1000 com.vivo.nightpearl})
09-01 18:56:41.643  2831  2831 D QtiCarrierConfigHelper: WARNING, no carrier configs on phone Id: 0
09-01 18:56:41.646  1724  2931 D WindowManager: pokeDrawLock: suppressed draw lock request for invisible window owned by com.android.systemui
09-01 18:56:41.646   692   692 V LocSvc_HIDL_IzatSubscription: [batteryLevelUpdate][777] [HS] <<<<= [HC]
09-01 18:56:41.662  3045  3045 D ViewRootImpl[AOD]: pokeDrawLockedIfNeeded displayState=3
09-01 18:56:41.662  1724  4404 D WindowManager: pokeDrawLock: poking draw lock on behalf of visible window owned by com.vivo.nightpearl
09-01 18:56:41.662  1724  4404 D PowerManagerService: acquireWakeLockInternal: lock=114240041, flags=0x80, tag="Window:AOD", ws=WorkSource{1000 com.vivo.nightpearl}, uid=1000, pid=1724
09-01 18:56:41.663  1724  4404 D PowerManagerService: mTmpPrimaryDisplayIsDoze PRIMARY to doze DRAW_WAKE_LOCK                 'VivoDisplayStateService-primary-display' ACQ=-442ms (uid=1000 (displayid =0 pid=1724)
09-01 18:56:41.663  1724  4404 D PowerManagerService: mTmpPrimaryDisplayIsDoze PRIMARY to doze DRAW_WAKE_LOCK                 'Window:AOD' ACQ=-175ms (uid=1000 (displayid =0 pid=1724 ws=WorkSource{1000 com.vivo.nightpearl})
09-01 18:56:41.671  1724  2931 D WindowManager: pokeDrawLock: suppressed draw lock request for invisible window owned by com.android.systemui
09-01 18:56:41.673  3775  6101 D BluetoothAdapter: isLeEnabled(): ON
09-01 18:56:41.674  6559  7141 D BtGatt.GattService: stopScan() - queue size =2
09-01 18:56:41.676  6559  7141 D BtGatt.GattService: unregisterScanner() - scannerId=7
09-01 18:56:41.677  6559  6811 D BtGatt.ScanManager: stop scan
09-01 18:56:41.679   672  6843 I vendor.qti.bluetooth@1.0-ibs_handler: ProcessIbsCmd: Received IBS_WAKE_IND: 0xFD
09-01 18:56:41.679   672  6843 I vendor.qti.bluetooth@1.0-ibs_handler: ProcessIbsCmd: Writing IBS_WAKE_ACK
09-01 18:56:41.680  6559  6738 D BtGatt.GattService: onScanFilterParamsConfigured() - clientIf=7, status=0, action=1, availableSpace=16
09-01 18:56:41.680  6559  6738 D BtGatt.ScanManager: callback done for scannerId - 7 status - 0
09-01 18:56:41.680  6559  6811 D BtGatt.ScanManager: configureRegularScanParams - queue=1
09-01 18:56:41.680  6559  6811 D BtGatt.ScanManager: configureRegularScanParams - ScanSetting LE 1M Scan mode=-1ScanSetting LE Coded Scan mode=-1 mLastConfiguredScanSettingLE1M=1 mLastConfiguredScanSettingLECoded=1scanPhy=255
09-01 18:56:41.680  6559  6811 D BtGatt.ScanManager: configureRegularScanParams - queue emtpy, scan stopped
09-01 18:56:41.680  6559  6811 D BtGatt.ScanManager: configureRegularScanParams - queue emtpy, scan stopped
09-01 18:56:41.707  3045  3045 D ViewRootImpl[AOD]: pokeDrawLockedIfNeeded displayState=3
09-01 18:56:41.708  1724  3765 D WindowManager: pokeDrawLock: poking draw lock on behalf of visible window owned by com.vivo.nightpearl
09-01 18:56:41.708  1724  3765 D PowerManagerService: acquireWakeLockInternal: lock=114240041, flags=0x80, tag="Window:AOD", ws=WorkSource{1000 com.vivo.nightpearl}, uid=1000, pid=1724
09-01 18:56:41.708  1724  3765 D PowerManagerService: mTmpPrimaryDisplayIsDoze PRIMARY to doze DRAW_WAKE_LOCK                 'VivoDisplayStateService-primary-display' ACQ=-488ms (uid=1000 (displayid =0 pid=1724)
09-01 18:56:41.708  1724  3765 D PowerManagerService: mTmpPrimaryDisplayIsDoze PRIMARY to doze DRAW_WAKE_LOCK                 'Window:AOD' ACQ=-220ms (uid=1000 (displayid =0 pid=1724 ws=WorkSource{1000 com.vivo.nightpearl})
09-01 18:56:41.710  1724  3765 D WindowManager: pokeDrawLock: suppressed draw lock request for invisible window owned by com.android.systemui
09-01 18:56:41.719 13152 13224 I chatty  : uid=1000(system) Local_Activity_ expire 2 lines
09-01 18:56:41.724   672  6843 I vendor.qti.bluetooth@1.0-ibs_handler: ProcessIbsCmd: Received IBS_SLEEP_IND: 0xFE
09-01 18:56:41.727  1724  2893 D WindowManager: pokeDrawLock: suppressed draw lock request for invisible window owned by com.vivo.vtouch
09-01 18:56:41.741  3045  3045 D ViewRootImpl[AOD]: pokeDrawLockedIfNeeded displayState=3
09-01 18:56:41.741  1724  7979 D WindowManager: pokeDrawLock: poking draw lock on behalf of visible window owned by com.vivo.nightpearl
09-01 18:56:41.741  1724  7979 D PowerManagerService: acquireWakeLockInternal: lock=114240041, flags=0x80, tag="Window:AOD", ws=WorkSource{1000 com.vivo.nightpearl}, uid=1000, pid=1724
09-01 18:56:41.741  1724  7979 D PowerManagerService: mTmpPrimaryDisplayIsDoze PRIMARY to doze DRAW_WAKE_LOCK                 'VivoDisplayStateService-primary-display' ACQ=-521ms (uid=1000 (displayid =0 pid=1724)
09-01 18:56:41.741  1724  7979 D PowerManagerService: mTmpPrimaryDisplayIsDoze PRIMARY to doze DRAW_WAKE_LOCK                 'Window:AOD' ACQ=-253ms (uid=1000 (displayid =0 pid=1724 ws=WorkSource{1000 com.vivo.nightpearl})
09-01 18:56:41.749  1724  4404 D WindowManager: pokeDrawLock: suppressed draw lock request for invisible window owned by com.android.systemui
09-01 18:56:41.774  3045  3045 D ViewRootImpl[AOD]: pokeDrawLockedIfNeeded displayState=3
09-01 18:56:41.775  1724  4404 D WindowManager: pokeDrawLock: poking draw lock on behalf of visible window owned by com.vivo.nightpearl
09-01 18:56:41.775  1724  4404 D PowerManagerService: acquireWakeLockInternal: lock=114240041, flags=0x80, tag="Window:AOD", ws=WorkSource{1000 com.vivo.nightpearl}, uid=1000, pid=1724
09-01 18:56:41.776  1724  4404 D PowerManagerService: mTmpPrimaryDisplayIsDoze PRIMARY to doze DRAW_WAKE_LOCK                 'VivoDisplayStateService-primary-display' ACQ=-555ms (uid=1000 (displayid =0 pid=1724)
09-01 18:56:41.776  1724  4404 D PowerManagerService: mTmpPrimaryDisplayIsDoze PRIMARY to doze DRAW_WAKE_LOCK                 'Window:AOD' ACQ=-287ms (uid=1000 (displayid =0 pid=1724 ws=WorkSource{1000 com.vivo.nightpearl})
09-01 18:56:41.776  1724  3765 D WindowManager: pokeDrawLock: suppressed draw lock request for invisible window owned by com.android.systemui
09-01 18:56:41.795 10614 10614 D StandbyModeManager: onReceive action: android.intent.action.SCREEN_OFF
09-01 18:56:41.795 10614 10614 D StandbyModeManager: stop try start standby by mobileOff ON when screenoff
09-01 18:56:41.801 10614 10614 D MSF.C.LogManager: onReceive broadcastreceiver.action = android.intent.action.SCREEN_OFF
09-01 18:56:41.801  1724  2893 D PowerManagerService: mTmpPrimaryDisplayIsDoze PRIMARY to doze DRAW_WAKE_LOCK                 'VivoDisplayStateService-primary-display' ACQ=-580ms (uid=1000 (displayid =0 pid=1724)
09-01 18:56:41.801  1724  2893 D PowerManagerService: mTmpPrimaryDisplayIsDoze PRIMARY to doze DRAW_WAKE_LOCK                 'Window:AOD' ACQ=-313ms (uid=1000 (displayid =0 pid=1724 ws=WorkSource{1000 com.vivo.nightpearl})
09-01 18:56:41.807  3045  3045 D ViewRootImpl[AOD]: pokeDrawLockedIfNeeded displayState=3
09-01 18:56:41.807  1724  2893 D WindowManager: pokeDrawLock: poking draw lock on behalf of visible window owned by com.vivo.nightpearl
09-01 18:56:41.807  1724  2893 D PowerManagerService: acquireWakeLockInternal: lock=114240041, flags=0x80, tag="Window:AOD", ws=WorkSource{1000 com.vivo.nightpearl}, uid=1000, pid=1724
09-01 18:56:41.807  1724  2893 D PowerManagerService: mTmpPrimaryDisplayIsDoze PRIMARY to doze DRAW_WAKE_LOCK                 'VivoDisplayStateService-primary-display' ACQ=-587ms (uid=1000 (displayid =0 pid=1724)
09-01 18:56:41.807  1724  2893 D PowerManagerService: mTmpPrimaryDisplayIsDoze PRIMARY to doze DRAW_WAKE_LOCK                 'Window:AOD' ACQ=-319ms (uid=1000 (displayid =0 pid=1724 ws=WorkSource{1000 com.vivo.nightpearl})
09-01 18:56:41.808  1724  2101 D WindowManager: pokeDrawLock: suppressed draw lock request for invisible window owned by com.android.systemui
09-01 18:56:41.840  3045  3045 D ViewRootImpl[AOD]: pokeDrawLockedIfNeeded displayState=3
09-01 18:56:41.841  1724  7979 D WindowManager: pokeDrawLock: poking draw lock on behalf of visible window owned by com.vivo.nightpearl
09-01 18:56:41.841  1724  7979 D PowerManagerService: acquireWakeLockInternal: lock=114240041, flags=0x80, tag="Window:AOD", ws=WorkSource{1000 com.vivo.nightpearl}, uid=1000, pid=1724
09-01 18:56:41.841  1724  7979 D PowerManagerService: mTmpPrimaryDisplayIsDoze PRIMARY to doze DRAW_WAKE_LOCK                 'VivoDisplayStateService-primary-display' ACQ=-620ms (uid=1000 (displayid =0 pid=1724)
09-01 18:56:41.841  1724  7979 D PowerManagerService: mTmpPrimaryDisplayIsDoze PRIMARY to doze DRAW_WAKE_LOCK                 'Window:AOD' ACQ=-352ms (uid=1000 (displayid =0 pid=1724 ws=WorkSource{1000 com.vivo.nightpearl})
09-01 18:56:41.842  1724  4404 D WindowManager: pokeDrawLock: suppressed draw lock request for invisible window owned by com.android.systemui
09-01 18:56:41.847 19545 20237 I ThreadPool.Execute: [:20237, ]:<<< com.tencent.mm.app.AppForegroundDelegate$d$a$1@11669741 state=COMPLETE cost=3ms/1ms ColdPool start@=1662029801844ms delay=0ms run@=1662029801844
09-01 18:56:41.874  3045  3045 D ViewRootImpl[AOD]: pokeDrawLockedIfNeeded displayState=3
09-01 18:56:41.874  1724  3765 D WindowManager: pokeDrawLock: poking draw lock on behalf of visible window owned by com.vivo.nightpearl
09-01 18:56:41.874  1724  3765 D PowerManagerService: acquireWakeLockInternal: lock=114240041, flags=0x80, tag="Window:AOD", ws=WorkSource{1000 com.vivo.nightpearl}, uid=1000, pid=1724
09-01 18:56:41.874  1724  3765 D PowerManagerService: mTmpPrimaryDisplayIsDoze PRIMARY to doze DRAW_WAKE_LOCK                 'VivoDisplayStateService-primary-display' ACQ=-654ms (uid=1000 (displayid =0 pid=1724)
09-01 18:56:41.875  1724  3765 D PowerManagerService: mTmpPrimaryDisplayIsDoze PRIMARY to doze DRAW_WAKE_LOCK                 'Window:AOD' ACQ=-386ms (uid=1000 (displayid =0 pid=1724 ws=WorkSource{1000 com.vivo.nightpearl})
09-01 18:56:41.875  1724  4404 D WindowManager: pokeDrawLock: suppressed draw lock request for invisible window owned by com.android.systemui
09-01 18:56:41.907  3045  3045 D ViewRootImpl[AOD]: pokeDrawLockedIfNeeded displayState=3
09-01 18:56:41.908  1724  4404 D WindowManager: pokeDrawLock: poking draw lock on behalf of visible window owned by com.vivo.nightpearl
09-01 18:56:41.908  1724  4404 D PowerManagerService: acquireWakeLockInternal: lock=114240041, flags=0x80, tag="Window:AOD", ws=WorkSource{1000 com.vivo.nightpearl}, uid=1000, pid=1724
09-01 18:56:41.908  1724  4404 D PowerManagerService: mTmpPrimaryDisplayIsDoze PRIMARY to doze DRAW_WAKE_LOCK                 'VivoDisplayStateService-primary-display' ACQ=-687ms (uid=1000 (displayid =0 pid=1724)
09-01 18:56:41.908  1724  4404 D PowerManagerService: mTmpPrimaryDisplayIsDoze PRIMARY to doze DRAW_WAKE_LOCK                 'Window:AOD' ACQ=-419ms (uid=1000 (displayid =0 pid=1724 ws=WorkSource{1000 com.vivo.nightpearl})
09-01 18:56:41.909  1724  3765 D WindowManager: pokeDrawLock: suppressed draw lock request for invisible window owned by com.android.systemui
09-01 18:56:41.940  3045  3045 D ViewRootImpl[AOD]: pokeDrawLockedIfNeeded displayState=3
09-01 18:56:41.941  1724  2101 D WindowManager: pokeDrawLock: poking draw lock on behalf of visible window owned by com.vivo.nightpearl
09-01 18:56:41.941  1724  2101 D PowerManagerService: acquireWakeLockInternal: lock=114240041, flags=0x80, tag="Window:AOD", ws=WorkSource{1000 com.vivo.nightpearl}, uid=1000, pid=1724
09-01 18:56:41.941  1724  2101 D PowerManagerService: mTmpPrimaryDisplayIsDoze PRIMARY to doze DRAW_WAKE_LOCK                 'VivoDisplayStateService-primary-display' ACQ=-720ms (uid=1000 (displayid =0 pid=1724)
09-01 18:56:41.941  1724  2101 D PowerManagerService: mTmpPrimaryDisplayIsDoze PRIMARY to doze DRAW_WAKE_LOCK                 'Window:AOD' ACQ=-452ms (uid=1000 (displayid =0 pid=1724 ws=WorkSource{1000 com.vivo.nightpearl})
09-01 18:56:41.948  1724  2101 D WindowManager: pokeDrawLock: suppressed draw lock request for invisible window owned by com.android.systemui
09-01 18:56:41.949   715   915 V AudioFlinger: Audio hardware entering standby, mixer 0xed003f40, suspend count 0
09-01 18:56:41.949   671   911 D audio_hw_primary: out_standby: enter: stream (0xea655000) usecase(1: low-latency-playback)
09-01 18:56:41.974  3045  3045 D ViewRootImpl[AOD]: pokeDrawLockedIfNeeded displayState=3
09-01 18:56:41.974  1724  3765 D WindowManager: pokeDrawLock: poking draw lock on behalf of visible window owned by com.vivo.nightpearl
09-01 18:56:41.974  1724  3765 D PowerManagerService: acquireWakeLockInternal: lock=114240041, flags=0x80, tag="Window:AOD", ws=WorkSource{1000 com.vivo.nightpearl}, uid=1000, pid=1724
09-01 18:56:41.975  1724  3765 D PowerManagerService: mTmpPrimaryDisplayIsDoze PRIMARY to doze DRAW_WAKE_LOCK                 'VivoDisplayStateService-primary-display' ACQ=-754ms (uid=1000 (displayid =0 pid=1724)
09-01 18:56:41.975  1724  3765 D PowerManagerService: mTmpPrimaryDisplayIsDoze PRIMARY to doze DRAW_WAKE_LOCK                 'Window:AOD' ACQ=-486ms (uid=1000 (displayid =0 pid=1724 ws=WorkSource{1000 com.vivo.nightpearl})
09-01 18:56:41.976  1724  7979 D WindowManager: pokeDrawLock: suppressed draw lock request for invisible window owned by com.android.systemui
09-01 18:56:42.000  1724  2893 D PowerManagerService: mTmpPrimaryDisplayIsDoze PRIMARY to doze DRAW_WAKE_LOCK                 'VivoDisplayStateService-primary-display' ACQ=-779ms (uid=1000 (displayid =0 pid=1724)
09-01 18:56:42.000  1724  2893 D PowerManagerService: mTmpPrimaryDisplayIsDoze PRIMARY to doze DRAW_WAKE_LOCK                 'Window:AOD' ACQ=-511ms (uid=1000 (displayid =0 pid=1724 ws=WorkSource{1000 com.vivo.nightpearl})
09-01 18:56:42.007  3045  3045 D ViewRootImpl[AOD]: pokeDrawLockedIfNeeded displayState=3
09-01 18:56:42.008  1724  2101 D WindowManager: pokeDrawLock: poking draw lock on behalf of visible window owned by com.vivo.nightpearl
09-01 18:56:42.008  1724  2101 D PowerManagerService: acquireWakeLockInternal: lock=114240041, flags=0x80, tag="Window:AOD", ws=WorkSource{1000 com.vivo.nightpearl}, uid=1000, pid=1724
09-01 18:56:42.008  1724  2101 D PowerManagerService: mTmpPrimaryDisplayIsDoze PRIMARY to doze DRAW_WAKE_LOCK                 'VivoDisplayStateService-primary-display' ACQ=-787ms (uid=1000 (displayid =0 pid=1724)
09-01 18:56:42.008  1724  2101 D PowerManagerService: mTmpPrimaryDisplayIsDoze PRIMARY to doze DRAW_WAKE_LOCK                 'Window:AOD' ACQ=-519ms (uid=1000 (displayid =0 pid=1724 ws=WorkSource{1000 com.vivo.nightpearl})
09-01 18:56:42.008  1724 16084 D WindowManager: pokeDrawLock: suppressed draw lock request for invisible window owned by com.android.systemui
09-01 18:56:42.040  3045  3045 D ViewRootImpl[AOD]: pokeDrawLockedIfNeeded displayState=3
09-01 18:56:42.040  1724  2931 D WindowManager: pokeDrawLock: poking draw lock on behalf of visible window owned by com.vivo.nightpearl
09-01 18:56:42.041  1724  2931 D PowerManagerService: acquireWakeLockInternal: lock=114240041, flags=0x80, tag="Window:AOD", ws=WorkSource{1000 com.vivo.nightpearl}, uid=1000, pid=1724
09-01 18:56:42.041  1724  2931 D PowerManagerService: mTmpPrimaryDisplayIsDoze PRIMARY to doze DRAW_WAKE_LOCK                 'VivoDisplayStateService-primary-display' ACQ=-820ms (uid=1000 (displayid =0 pid=1724)
09-01 18:56:42.041  1724  2931 D PowerManagerService: mTmpPrimaryDisplayIsDoze PRIMARY to doze DRAW_WAKE_LOCK                 'Window:AOD' ACQ=-552ms (uid=1000 (displayid =0 pid=1724 ws=WorkSource{1000 com.vivo.nightpearl})
09-01 18:56:42.041  1724 16084 D WindowManager: pokeDrawLock: suppressed draw lock request for invisible window owned by com.android.systemui
09-01 18:56:42.065   671   911 D soundtrigger: audio_extn_sound_trigger_update_stream_status: uc_info->id 1 of type 0 for Event 2, with Raise=0
09-01 18:56:42.065   671   911 D hardware_info: hw_info_append_hw_type : device_name = speaker
09-01 18:56:42.065   671   911 D audio_hw_primary: disable_snd_device: device 2:device_name:speaker:ref_cnt:0
09-01 18:56:42.065   671   911 D audio_hw_primary: disable_snd_device: snd_device(2: speaker)
09-01 18:56:42.065   671   911 D msm8916_platform: platform_split_snd_device: snd_device(2) num devices(0) new_snd_devices(0)
09-01 18:56:42.068   671   911 I soundtrigger: audio_extn_sound_trigger_update_device_status: device 0x2 of type 0 for Event 0, with Raise=0
09-01 18:56:42.068   671   911 D audio_hw_primary: out_standby: exit
09-01 18:56:42.068   715   915 V AudioFlinger: releaseWakeLock_l() AudioOut_15
09-01 18:56:42.068   715   915 V AudioFlinger: thread 0xed003f40 type 0 TID 915 going to sleep
09-01 18:56:42.069  1724 16084 D PowerManagerService: mTmpPrimaryDisplayIsDoze PRIMARY to doze DRAW_WAKE_LOCK                 'VivoDisplayStateService-primary-display' ACQ=-848ms (uid=1000 (displayid =0 pid=1724)
09-01 18:56:42.069  1724 16084 D PowerManagerService: mTmpPrimaryDisplayIsDoze PRIMARY to doze DRAW_WAKE_LOCK                 'Window:AOD' ACQ=-580ms (uid=1000 (displayid =0 pid=1724 ws=WorkSource{1000 com.vivo.nightpearl})
09-01 18:56:42.074  3045  3045 D ViewRootImpl[AOD]: pokeDrawLockedIfNeeded displayState=3
09-01 18:56:42.075  1724 16084 D WindowManager: pokeDrawLock: suppressed draw lock request for invisible window owned by com.android.systemui
09-01 18:56:42.075  1724  2893 D WindowManager: pokeDrawLock: poking draw lock on behalf of visible window owned by com.vivo.nightpearl
09-01 18:56:42.075  1724  2893 D PowerManagerService: acquireWakeLockInternal: lock=114240041, flags=0x80, tag="Window:AOD", ws=WorkSource{1000 com.vivo.nightpearl}, uid=1000, pid=1724
09-01 18:56:42.075  1724  2893 D PowerManagerService: mTmpPrimaryDisplayIsDoze PRIMARY to doze DRAW_WAKE_LOCK                 'VivoDisplayStateService-primary-display' ACQ=-855ms (uid=1000 (displayid =0 pid=1724)
09-01 18:56:42.075  1724  2893 D PowerManagerService: mTmpPrimaryDisplayIsDoze PRIMARY to doze DRAW_WAKE_LOCK                 'Window:AOD' ACQ=-587ms (uid=1000 (displayid =0 pid=1724 ws=WorkSource{1000 com.vivo.nightpearl})
09-01 18:56:42.096  2765 28738 I chatty  : uid=1000(system) Binder:2765_10 expire 13 lines
09-01 18:56:42.107  3045  3045 D ViewRootImpl[AOD]: pokeDrawLockedIfNeeded displayState=3
09-01 18:56:42.107  1724  2893 D WindowManager: pokeDrawLock: poking draw lock on behalf of visible window owned by com.vivo.nightpearl
09-01 18:56:42.107  1724  2893 D PowerManagerService: acquireWakeLockInternal: lock=114240041, flags=0x80, tag="Window:AOD", ws=WorkSource{1000 com.vivo.nightpearl}, uid=1000, pid=1724
09-01 18:56:42.108  1724  2893 D PowerManagerService: mTmpPrimaryDisplayIsDoze PRIMARY to doze DRAW_WAKE_LOCK                 'VivoDisplayStateService-primary-display' ACQ=-887ms (uid=1000 (displayid =0 pid=1724)
09-01 18:56:42.108  1724  2893 D PowerManagerService: mTmpPrimaryDisplayIsDoze PRIMARY to doze DRAW_WAKE_LOCK                 'Window:AOD' ACQ=-619ms (uid=1000 (displayid =0 pid=1724 ws=WorkSource{1000 com.vivo.nightpearl})
09-01 18:56:42.114  2765  3303 I chatty  : uid=1000(system) GameModeHandler expire 12 lines
09-01 18:56:42.118  2765  6829 I chatty  : uid=1000(system) Binder:2765_A expire 12 lines
09-01 18:56:42.118  2765  3904 I chatty  : uid=1000(system) Binder:2765_5 expire 11 lines
09-01 18:56:42.129  1724  2893 D WindowManager: pokeDrawLock: suppressed draw lock request for invisible window owned by com.android.systemui
09-01 18:56:42.140  3045  3045 D ViewRootImpl[AOD]: pokeDrawLockedIfNeeded displayState=3
09-01 18:56:42.140  1724 16084 D WindowManager: pokeDrawLock: poking draw lock on behalf of visible window owned by com.vivo.nightpearl
09-01 18:56:42.140  1724 16084 D PowerManagerService: acquireWakeLockInternal: lock=114240041, flags=0x80, tag="Window:AOD", ws=WorkSource{1000 com.vivo.nightpearl}, uid=1000, pid=1724
09-01 18:56:42.141  1724 16084 D PowerManagerService: mTmpPrimaryDisplayIsDoze PRIMARY to doze DRAW_WAKE_LOCK                 'VivoDisplayStateService-primary-display' ACQ=-920ms (uid=1000 (displayid =0 pid=1724)
09-01 18:56:42.141  1724 16084 D PowerManagerService: mTmpPrimaryDisplayIsDoze PRIMARY to doze DRAW_WAKE_LOCK                 'Window:AOD' ACQ=-652ms (uid=1000 (displayid =0 pid=1724 ws=WorkSource{1000 com.vivo.nightpearl})
09-01 18:56:42.143  1724 16084 D WindowManager: pokeDrawLock: suppressed draw lock request for invisible window owned by com.android.systemui
09-01 18:56:42.158  1724  2893 D PowerManagerService: mTmpPrimaryDisplayIsDoze PRIMARY to doze DRAW_WAKE_LOCK                 'VivoDisplayStateService-primary-display' ACQ=-938ms (uid=1000 (displayid =0 pid=1724)
09-01 18:56:42.158  1724  2893 D PowerManagerService: mTmpPrimaryDisplayIsDoze PRIMARY to doze DRAW_WAKE_LOCK                 'Window:AOD' ACQ=-670ms (uid=1000 (displayid =0 pid=1724 ws=WorkSource{1000 com.vivo.nightpearl})
09-01 18:56:42.160  1724  1885 D PowerManagerService: releaseWakeLockInternal: lock=123317536 [VivoDisplayStateService-primary-display], flags=0x0
09-01 18:56:42.160  1724  1885 D PowerManagerService: mTmpPrimaryDisplayIsDoze PRIMARY to doze DRAW_WAKE_LOCK                 'Window:AOD' ACQ=-672ms (uid=1000 (displayid =0 pid=1724 ws=WorkSource{1000 com.vivo.nightpearl})
09-01 18:56:42.197 21053 21053 I PlayerService: [main] received ACTION_SCREEN_OFF, isPlaying = false, mediaTitle = , mediaDuration = null, playbackPosition = 0, playlistSize = 0, playingIndex = 0
09-01 18:56:42.202  1724  2931 D WindowManager: pokeDrawLock: suppressed draw lock request for invisible window owned by com.android.systemui
09-01 18:56:42.238  1724  2931 D WindowManager: pokeDrawLock: suppressed draw lock request for invisible window owned by com.android.systemui
09-01 18:56:42.261  1724  1724 D PowerManagerService: releaseWakeLockInternal: lock=114240041 [Window:AOD], flags=0x10000
09-01 18:56:42.262  1724  1877 I DisplayManagerService: Display device changed state: "内置屏幕", DOZE_SUSPEND
09-01 18:56:42.266  2956  2956 D ViewRootImpl[DockedStackDivider]: onDisplayChange oldDisplayState=3 newDisplayState=4
09-01 18:56:42.266  2956  2956 D ViewRootImpl[PopMenuView]: onDisplayChange oldDisplayState=3 newDisplayState=4
09-01 18:56:42.268  3045  3045 D ViewRootImpl[AOD]: onDisplayChange oldDisplayState=3 newDisplayState=4
09-01 18:56:42.269  4240  4240 D ViewRootImpl[Launcher]: onDisplayChange oldDisplayState=3 newDisplayState=4
09-01 18:56:42.270  4441  4441 D ViewRootImpl[HiBoard]: onDisplayChange oldDisplayState=3 newDisplayState=4
09-01 18:56:42.270 12497 12497 D ViewRootImpl[GalleryTabActivity]: onDisplayChange oldDisplayState=3 newDisplayState=4
09-01 18:56:42.271 11860 11860 D ViewRootImpl[SecureInputMethod]: onDisplayChange oldDisplayState=3 newDisplayState=4
09-01 18:56:42.272 12497 12497 D ViewRootImpl[NewPageActivity]: onDisplayChange oldDisplayState=3 newDisplayState=4
09-01 18:56:42.273 19231 19231 D ViewRootImpl[BrowserActivity]: onDisplayChange oldDisplayState=3 newDisplayState=4
09-01 18:56:42.274 12497 12497 D ViewRootImpl[Gallery]: onDisplayChange oldDisplayState=3 newDisplayState=4
09-01 18:56:42.277 20848 20848 D ViewRootImpl[MainActivity]: onDisplayChange oldDisplayState=3 newDisplayState=4
09-01 18:56:42.278 26876 26876 D ViewRootImpl[Settings]: onDisplayChange oldDisplayState=3 newDisplayState=4
09-01 18:56:42.279  2786  2786 I chatty  : uid=1000(system) com.vivo.upslide expire 4 lines
09-01 18:56:42.283 19231 19231 D ViewRootImpl[BrowserActivity]: onDisplayChange oldDisplayState=3 newDisplayState=4
09-01 18:56:42.289   680   824 I SDM     : DisplayBase::SetDisplayState: Set state = 3, display 0
09-01 18:56:42.289  1724  7979 D WindowManager: pokeDrawLock: suppressed draw lock request for invisible window owned by com.android.systemui
09-01 18:56:42.309  1724  7979 D WindowManager: pokeDrawLock: suppressed draw lock request for invisible window owned by com.android.systemui
09-01 18:56:42.356  1724  1724 D FingerprintWakeHook: Display state changed to DOZE_SUSPEND
09-01 18:56:42.402  1724  2893 D WindowManager: pokeDrawLock: suppressed draw lock request for invisible window owned by com.android.systemui
09-01 18:56:42.483   715 26210 V AudioFlinger: setParameters(): io 0, keyvalue screen_state=off, calling pid 1724 calling uid 1000
09-01 18:56:42.483   715 26210 V AudioFlinger: setParameters: filtered keyvalue screen_state=off
09-01 18:56:42.483   671   911 D audio_hw_primary: adev_set_parameters: enter: screen_state=off
09-01 18:56:42.483   671   911 V voice   : voice_set_parameters: enter: screen_state=off
09-01 18:56:42.484   671   911 V compress_voip: voice_extn_compress_voip_set_parameters: enter: screen_state=off
09-01 18:56:42.484   671   911 D audio_hw_extn: audio_extn_set_anc_parameters: anc_enabled:0
09-01 18:56:42.484   671   911 D audio_hw_spkr_prot: audio_extn_fbsp_set_parameters: Speaker protection disabled
09-01 18:56:42.452  1724  2893 I chatty  : uid=1000(system) Binder:1724_C identical 2 lines
09-01 18:56:42.477  1724  2893 D WindowManager: pokeDrawLock: suppressed draw lock request for invisible window owned by com.android.systemui
09-01 18:56:42.502  1724  2101 D WindowManager: pokeDrawLock: suppressed draw lock request for invisible window owned by com.android.systemui
09-01 18:56:42.534  1724  2893 D WindowManager: pokeDrawLock: suppressed draw lock request for invisible window owned by com.android.systemui
09-01 18:56:42.682   672  6846 I vendor.qti.bluetooth@1.0-ibs_handler: DeviceSleep: TX Awake, Sending SLEEP_IND
09-01 18:56:42.682   672  6846 D vendor.qti.bluetooth@1.0-ibs_handler: SerialClockVote: vote for UART CLK OFF
09-01 18:56:42.776  1724  2893 I chatty  : uid=1000(system) Binder:1724_C identical 7 lines
09-01 18:56:42.810  1724  2893 D WindowManager: pokeDrawLock: suppressed draw lock request for invisible window owned by com.android.systemui
09-01 18:56:42.832   672  6827 D vendor.qti.bluetooth@1.0-wake_lock: Release wakelock is released
09-01 18:56:42.846  1724  2893 D WindowManager: pokeDrawLock: suppressed draw lock request for invisible window owned by com.android.systemui
09-01 18:56:42.923   685   891 E qti_sensors_hal: AmbientLightScene 2 12 0
09-01 18:56:42.947   717   717 E HWComposer: presentAndGetReleaseFences: present failed for display 0: NotValidated (7)
09-01 18:56:42.977   717   717 E HWComposer: prepare: validate failed for display 0: BadDisplay (2)
09-01 18:56:42.977   717   717 E SurfaceFlinger: prepareFrame for display 0 failed: -75 (Value too large for defined data type)
09-01 18:56:42.978   717   717 I ConfigStore: android::hardware::configstore::V1_0::ISurfaceFlingerConfigs::hasHDRDisplay retrieved: 0
09-01 18:56:42.983   717   717 E HWComposer: presentAndGetReleaseFences: present failed for display 0: NotValidated (7)
09-01 18:56:43.010   717   717 E HWComposer: prepare: validate failed for display 0: BadDisplay (2)
09-01 18:56:43.010   717   717 E SurfaceFlinger: prepareFrame for display 0 failed: -75 (Value too large for defined data type)
09-01 18:56:43.011   717   717 I ConfigStore: android::hardware::configstore::V1_0::ISurfaceFlingerConfigs::hasHDRDisplay retrieved: 0
09-01 18:56:43.015   717   717 E HWComposer: presentAndGetReleaseFences: present failed for display 0: NotValidated (7)
09-01 18:56:43.043   717   717 E HWComposer: prepare: validate failed for display 0: BadDisplay (2)
09-01 18:56:43.043   717   717 E SurfaceFlinger: prepareFrame for display 0 failed: -75 (Value too large for defined data type)
09-01 18:56:43.045   717   717 I ConfigStore: android::hardware::configstore::V1_0::ISurfaceFlingerConfigs::hasHDRDisplay retrieved: 0
09-01 18:56:43.050   717   717 E HWComposer: presentAndGetReleaseFences: present failed for display 0: NotValidated (7)
09-01 18:56:43.077   717   717 E HWComposer: prepare: validate failed for display 0: BadDisplay (2)
09-01 18:56:43.077   717   717 E SurfaceFlinger: prepareFrame for display 0 failed: -75 (Value too large for defined data type)
09-01 18:56:43.078   717   717 I ConfigStore: android::hardware::configstore::V1_0::ISurfaceFlingerConfigs::hasHDRDisplay retrieved: 0
09-01 18:56:43.084   717   717 E HWComposer: presentAndGetReleaseFences: present failed for display 0: NotValidated (7)
09-01 18:56:43.111   717   717 E HWComposer: prepare: validate failed for display 0: BadDisplay (2)
09-01 18:56:43.111   717   717 E SurfaceFlinger: prepareFrame for display 0 failed: -75 (Value too large for defined data type)
09-01 18:56:43.112   717   717 I ConfigStore: android::hardware::configstore::V1_0::ISurfaceFlingerConfigs::hasHDRDisplay retrieved: 0
09-01 18:56:43.116   717   717 E HWComposer: presentAndGetReleaseFences: present failed for display 0: NotValidated (7)
09-01 18:56:43.144   717   717 E HWComposer: prepare: validate failed for display 0: BadDisplay (2)
09-01 18:56:43.144   717   717 E SurfaceFlinger: prepareFrame for display 0 failed: -75 (Value too large for defined data type)
09-01 18:56:43.146   717   717 I ConfigStore: android::hardware::configstore::V1_0::ISurfaceFlingerConfigs::hasHDRDisplay retrieved: 0
09-01 18:56:43.150   717   717 E HWComposer: presentAndGetReleaseFences: present failed for display 0: NotValidated (7)
09-01 18:56:43.152   685   833 E qti_sensors_hal: relase proximity wakelock
09-01 18:56:43.159 21254 21477 D NAccs.InAppConn_default:  startChannelService
09-01 18:56:43.162 21254 21477 D NAccs.Config:  getAgooAppKey appkey:umeng:546d7dd7fd98c58fc800082c
09-01 18:56:43.165 21254 21477 I NAccs.a :  dispatchIntent bind service start intent:Intent { act=com.taobao.accs.intent.action.START_SERVICE cmp=cn.missevan/com.taobao.accs.ChannelService (has extras) }
09-01 18:56:43.177   717   717 E HWComposer: prepare: validate failed for display 0: BadDisplay (2)
09-01 18:56:43.177   717   717 E SurfaceFlinger: prepareFrame for display 0 failed: -75 (Value too large for defined data type)
09-01 18:56:43.112  1724  2893 I chatty  : uid=1000(system) Binder:1724_C identical 8 lines
09-01 18:56:43.145  1724  2893 D WindowManager: pokeDrawLock: suppressed draw lock request for invisible window owned by com.android.systemui
09-01 18:56:43.178  1724  2101 D WindowManager: pokeDrawLock: suppressed draw lock request for invisible window owned by com.android.systemui
09-01 18:56:43.178   717   717 I ConfigStore: android::hardware::configstore::V1_0::ISurfaceFlingerConfigs::hasHDRDisplay retrieved: 0
09-01 18:56:43.183   717   717 E HWComposer: presentAndGetReleaseFences: present failed for display 0: NotValidated (7)
09-01 18:56:43.199 21254 21477 D NAccs.AdapterGlobalClientInfo:  getAgooCustomServiceName serviceName:com.umeng.message.component.UmengIntentService
09-01 18:56:43.199 21254 21477 I NAccs.a :  dispatchIntent bind service start intent:Intent { act=org.agoo.android.intent.action.REPORT pkg=cn.missevan cmp=cn.missevan/com.umeng.message.component.UmengIntentService }
09-01 18:56:43.200 21254 21254 D NAccs.a :  bindService connected componentName:ComponentInfo{cn.missevan/com.taobao.accs.ChannelService}
09-01 18:56:43.205 21509 21509 I NAccs.BaseService:  handleMessage on receive msg msg:{ id=39 when=-1ms what=0 target=com.taobao.accs.base.BaseService$1 }
09-01 18:56:43.207 21509 21509 I NAccs.BaseService:  handleMessage get intent success intent:Intent { act=com.taobao.accs.intent.action.START_SERVICE cmp=cn.missevan/com.taobao.accs.ChannelService (has extras) }
09-01 18:56:43.208 21509 21570 I NAccs.ElectionServiceImpl:  onStartCommand begin action:com.taobao.accs.intent.action.START_SERVICE
09-01 18:56:43.209   717   717 E HWComposer: prepare: validate failed for display 0: BadDisplay (2)
09-01 18:56:43.209   717   717 E SurfaceFlinger: prepareFrame for display 0 failed: -75 (Value too large for defined data type)
09-01 18:56:43.209 21509 21570 I NAccs.ElectionServiceImpl:  handleStartCommand configTag:default appkey:umeng:546d7dd7fd98c58fc800082c appSecret:64e8358a59d434e5546720db97ab5996 ttid:android@umeng pkg:cn.missevan
09-01 18:56:43.210   717   717 I ConfigStore: android::hardware::configstore::V1_0::ISurfaceFlingerConfigs::hasHDRDisplay retrieved: 0
09-01 18:56:43.210 21509 21570 I NAccs.ElectionServiceImpl:  getConnection configTag:default start:false
09-01 18:56:43.211 21509 21570 I NAccs.ServiceImpl:  onHostStartCommand intent:Intent { act=com.taobao.accs.intent.action.START_SERVICE cmp=cn.missevan/com.taobao.accs.ChannelService (has extras) }
09-01 18:56:43.211 21509 21570 D NAccs.ServiceImpl:  onHostStartCommand key:appKey  value:umeng:546d7dd7fd98c58fc800082c
09-01 18:56:43.212 21509 21570 D NAccs.ServiceImpl:  onHostStartCommand key:configTag  value:default
09-01 18:56:43.212 21509 21570 D NAccs.ServiceImpl:  onHostStartCommand key:mode  value:0
09-01 18:56:43.212 21509 21570 D NAccs.ServiceImpl:  onHostStartCommand key:ttid  value:android@umeng
09-01 18:56:43.212 21509 21570 D NAccs.ServiceImpl:  onHostStartCommand key:packageName  value:cn.missevan
09-01 18:56:43.213 21509 21570 D NAccs.ServiceImpl:  onHostStartCommand key:app_sercet  value:64e8358a59d434e5546720db97ab5996
09-01 18:56:43.213 21509 21570 D NAccs.ServiceImpl:  onHostStartCommand key:agoo_app_key  value:umeng:546d7dd7fd98c58fc800082c
09-01 18:56:43.213   717   717 E HWComposer: presentAndGetReleaseFences: present failed for display 0: NotValidated (7)
09-01 18:56:43.213 21509 21570 I NAccs.LoadSoFailUtil:  getSoFailTimes times:0
09-01 18:56:43.213 21509 21570 D NAccs.ServiceImpl:  handleAction action:com.taobao.accs.intent.action.START_SERVICE
09-01 18:56:43.214 21509 21570 I NAccs.ServiceImpl:  tryConnect appkey:umeng:546d7dd7fd98c58fc800082c configTag:default|0
09-01 18:56:43.214 21509 21570 D NAccs.SilenceConn_default:  start
09-01 18:56:43.214 21509 21570 D NAccs.SilenceConn_default:  try ping, force:false
09-01 18:56:43.216  1724  7979 D WindowManager: pokeDrawLock: suppressed draw lock request for invisible window owned by com.android.systemui
09-01 18:56:43.223 21509 21570 D NAccs.SilenceConn_default:  sendMessage ready dataId:1662029803214.5 type:PING delay:0
09-01 18:56:43.224 21509 21570 D NAccs.SilenceConn_default:  clearRepeatControlCommand message:201/
09-01 18:56:43.241  1724  2101 D WindowManager: pokeDrawLock: suppressed draw lock request for invisible window owned by com.android.systemui
09-01 18:56:43.242   717   717 E HWComposer: prepare: validate failed for display 0: BadDisplay (2)
09-01 18:56:43.242   717   717 E SurfaceFlinger: prepareFrame for display 0 failed: -75 (Value too large for defined data type)
09-01 18:56:43.243   717   717 I ConfigStore: android::hardware::configstore::V1_0::ISurfaceFlingerConfigs::hasHDRDisplay retrieved: 0
09-01 18:56:43.247   717   717 E HWComposer: presentAndGetReleaseFences: present failed for display 0: NotValidated (7)
09-01 18:56:43.257 21254 21254 D NAccs.a :  bindService connected componentName:ComponentInfo{cn.missevan/com.umeng.message.component.UmengIntentService}
09-01 18:56:43.259 21509 21509 I NAccs.BaseIntentService:  handleMessage on receive msg msg:{ id=40 when=0 what=0 target=org.android.agoo.control.g }
09-01 18:56:43.261 21509 21509 I NAccs.BaseIntentService:  handleMessage get intent success intent:Intent { act=org.agoo.android.intent.action.REPORT pkg=cn.missevan cmp=cn.missevan/com.umeng.message.component.UmengIntentService }
09-01 18:56:43.263 21509 21570 I NAccs.BaseIntentService:  onHandleIntent,action=org.agoo.android.intent.action.REPORT,agooCommand=cn.missevan.intent.action.COMMAND,mipushCommand=cn.missevan.intent.thirdPush.action.COMMAND
09-01 18:56:43.264 21509 21570 I NAccs.BaseIntentService:  is report cache msg,Config.isReportCacheMsg(mContext)=false
09-01 18:56:43.265 21509 21570 D NAccs.isClearTime:  now=1662029803264,now - lastTime=8937082,istrue=false
09-01 18:56:43.266 21509 21570 I NAccs.BaseIntentService:  is clear all msg=false
09-01 18:56:43.266 21509 21570 D NAccs.isClearTime:  now=1662029803264,now - lastTime=8937082,istrue=false
09-01 18:56:43.275   717   717 E HWComposer: prepare: validate failed for display 0: BadDisplay (2)
09-01 18:56:43.275   717   717 E SurfaceFlinger: prepareFrame for display 0 failed: -75 (Value too large for defined data type)
09-01 18:56:43.276   717   717 I ConfigStore: android::hardware::configstore::V1_0::ISurfaceFlingerConfigs::hasHDRDisplay retrieved: 0
