09-01 18:56:40.505  1724  2931 D PowerManagerService: mTmpPrimaryDisplayIsDoze PRIMARY to doze DRAW_WAKE_LOCK                 'NightPearlShowServicePrimaryDisplay' (uid=1000 (displayid =0 pid=3045)
09-01 18:56:40.506  2161  2228 W System.err: java.lang.ClassNotFoundException: com.vivo.services.cipher.utils.SecurityPhoneLockFieldUtil
09-01 18:56:40.506  2161  2228 W System.err: 	at java.lang.Class.classForName(Native Method)
09-01 18:56:40.506  2161  2228 W System.err: 	at java.lang.Class.forName(Class.java:453)
09-01 18:56:40.506  2161  2228 W System.err: 	at java.lang.Class.forName(Class.java:378)
09-01 18:56:40.506  2161  2228 W System.err: 	at com.vivo.fingerprintui.keyguard.n.C(SourceFile:2)
09-01 18:56:40.506  2161  2228 W System.err: 	at com.vivo.fingerprintui.keyguard.n.x(SourceFile:14)
09-01 18:56:40.506  2161  2228 W System.err: 	at com.vivo.fingerprintui.keyguard.n.j(SourceFile:3)
09-01 18:56:40.506  2161  2228 W System.err: 	at com.vivo.fingerprintui.keyguard.n.s(SourceFile:20)
09-01 18:56:40.507  2161  2228 W System.err: 	at com.vivo.fingerprintui.keyguard.n.j(SourceFile:1)
09-01 18:56:40.507  2161  2228 W System.err: 	at com.vivo.fingerprintui.keyguard.n$b.handleMessage(SourceFile:27)
09-01 18:56:40.507  2161  2228 W System.err: 	at android.os.Handler.dispatchMessage(Handler.java:106)
09-01 18:56:40.507  2161  2228 W System.err: 	at android.os.Looper.loop(Looper.java:224)
09-01 18:56:40.507  2161  2228 W System.err: 	at android.os.HandlerThread.run(HandlerThread.java:65)
09-01 18:56:40.507  2161  2228 W System.err: Caused by: java.lang.ClassNotFoundException: Didn't find class "com.vivo.services.cipher.utils.SecurityPhoneLockFieldUtil" on path: DexPathList[[zip file "/system/app/FingerprintUI/FingerprintUI.apk"],nativeLibraryDirectories=[/system/app/FingerprintUI/lib/arm64, /system/app/FingerprintUI/FingerprintUI.apk!/lib/arm64-v8a, /system/lib64, /system/lib64]]
09-01 18:56:40.507  2161  2228 W System.err: 	at dalvik.system.BaseDexClassLoader.findClass(BaseDexClassLoader.java:134)
09-01 18:56:40.507  2161  2228 W System.err: 	at java.lang.ClassLoader.loadClass(ClassLoader.java:379)
09-01 18:56:40.507  2161  2228 W System.err: 	at java.lang.ClassLoader.loadClass(ClassLoader.java:312)
09-01 18:56:40.507  2161  2228 W System.err: 	... 12 more
09-01 18:56:40.519  1724 16082 D PowerManagerService: mTmpPrimaryDisplayIsDoze PRIMARY to doze DRAW_WAKE_LOCK                 'NightPearlShowServicePrimaryDisplay' ACQ=-14ms (uid=1000 (displayid =0 pid=3045)
09-01 18:56:40.568   671  4200 D msm8916_platform: platform_set_channel_map mixer_ctl_name:Playback Channel Map13
09-01 18:56:40.569   671  4200 D msm8916_platform: platform_set_channel_map: set mapping(1 2 0 0 0 0 0 0) for channel:2
09-01 18:56:40.570   671  4200 D audio_hw_primary: start_output_stream: exit
09-01 18:56:40.591   715   915 D BufferProvider: ~CopyBufferProvider(0xef19a2f0) 0 0x0 0xecff4000
09-01 18:56:40.694 21053 21376 D NAccs.InAppConn_default:  startChannelService
09-01 18:56:40.694 21053 21376 D NAccs.Config:  getAgooAppKey appkey:umeng:546d7dd7fd98c58fc800082c
09-01 18:56:40.695 21053 21376 I NAccs.a :  dispatchIntent bind service start intent:Intent { act=com.taobao.accs.intent.action.START_SERVICE cmp=cn.missevan/com.taobao.accs.ChannelService (has extras) }
09-01 18:56:40.713  1724  1724 D FingerprintWakeHook: Display state changed to OFF
09-01 18:56:40.716   684   684 E QTI PowerHAL: Failed to acquire lock.
09-01 18:56:40.716   684   684 I QTI PowerHAL: Got set_interactive hint
09-01 18:56:40.718  1724  2184 D DisplayPowerState: run normal set state end
09-01 18:56:40.719  1724  2184 E DisplayPowerState: run changed=false mNightPearlManager is null!   or state == Display.STATE_OFF
09-01 18:56:40.721  1724  1880 D PowerManagerService: mTmpPrimaryDisplayIsDoze PRIMARY to doze DRAW_WAKE_LOCK                 'NightPearlShowServicePrimaryDisplay' ACQ=-216ms (uid=1000 (displayid =0 pid=3045)
09-01 18:56:40.778  3045 21868 I Adreno  : QUALCOMM build                   : 9128d71, Ib33d3e8e13
09-01 18:56:40.778  3045 21868 I Adreno  : Build Date                       : 11/02/18
09-01 18:56:40.778  3045 21868 I Adreno  : OpenGL ES Shader Compiler Version: EV031.25.03.01
09-01 18:56:40.778  3045 21868 I Adreno  : Local Branch                     :
09-01 18:56:40.778  3045 21868 I Adreno  : Remote Branch                    :
09-01 18:56:40.778  3045 21868 I Adreno  : Remote Branch                    :
09-01 18:56:40.778  3045 21868 I Adreno  : Reconstruct Branch               :
09-01 18:56:40.778  3045 21868 I Adreno  : Build Config                     : S L 6.0.7 AArch64
09-01 18:56:40.796  3045 21868 I Adreno  : PFP: 0x005ff112, ME: 0x005ff066
09-01 18:56:40.801  3045 21868 I ConfigStore: android::hardware::configstore::V1_0::ISurfaceFlingerConfigs::hasWideColorDisplay retrieved: 0
09-01 18:56:40.801  3045 21868 I ConfigStore: android::hardware::configstore::V1_0::ISurfaceFlingerConfigs::hasHDRDisplay retrieved: 0
09-01 18:56:40.809  3045 21868 I OpenGLRenderer: Initialized EGL, version 1.4
09-01 18:56:40.809  3045 21868 D OpenGLRenderer: Swap behavior 2
09-01 18:56:40.820  1724 16084 D PowerManagerService: releaseWakeLockInternal: lock=221226620 [NightPearlShowServicePrimaryDisplay], flags=0x10000
09-01 18:56:40.853  1724  1724 W UsageStatsService: Event reported without a package name
09-01 18:56:40.855 20848 20848 I awcn.AppLifeCycle:  onTrimMemory level:20
09-01 18:56:40.855 20848 20848 I awcn.AppLifeCycle:  notifyListener foreground:false
09-01 18:56:40.858 20848 20956 I awcn.SessionCenter: |[seq:[default]] [background]
09-01 18:56:40.858 20848 20956 I awcn.StrategyCenter:  saveData
09-01 18:56:40.859 20848 20956 I awcn.AmdcThreadPoolExecutor:  thread created! name:AMDC2
09-01 18:56:40.860 20848 20956 I anet.HorseRaceDetector:  background
09-01 18:56:40.861 20848 20956 I awcn.ThreadPoolExecutorFactory:  thread created! name:AWCN HR1
09-01 18:56:40.863 20848 20956 I awcn.SessionCenter: |[seq:umeng:546d7dd7fd98c58fc800082c] [background]
09-01 18:56:40.864 20848 20956 I awcn.StrategyCenter:  saveData
09-01 18:56:40.864 20848 20848 D Tinker.DefaultAppLike: [main] onTrimMemory level:20
09-01 18:56:40.865 20848 21591 E anet.HorseRaceDetector:  network detect thread start
09-01 18:56:40.871 20848 20848 D ViewRootImpl[MainActivity]: onDisplayChange oldDisplayState=2 newDisplayState=1
09-01 18:56:40.853  1724  1724 W UsageStatsService: Event reported without a package name
09-01 18:56:40.896  1724  1724 W Looper  : Slow dispatch took 419ms main h=com.android.server.power.Notifier$NotifierHandler c=com.android.server.power.Notifier$1@80c17b2 m=0
09-01 18:56:40.896  1724  1724 W Looper  : Slow delivery took 459ms main h=com.android.server.fingerprint.AnalysisService$1 c=null m=1
09-01 18:56:40.903  1724  1724 I FingerprintService: sendCommand CMD_SET_UNLOCK_AUTH:1
09-01 18:56:40.904  1106  1106 D [GF_HAL][gf_hal]: [gf_hal_send_command] enter, cmd=32531, extras=1
09-01 18:56:40.923  1106  1106 W fingerprint@2.1: type=1400 audit(0.0:88297): avc: denied { read } for name="u:object_r:default_prop:s0" dev="tmpfs" ino=12412 scontext=u:r:hal_fingerprint_goodix:s0 tcontext=u:object_r:default_prop:s0 tclass=file permissive=0
09-01 18:56:40.925 21053 21053 D NAccs.a :  bindService connected componentName:ComponentInfo{cn.missevan/com.taobao.accs.ChannelService}
09-01 18:56:40.925  1724  6436 W UsageStatsService: Event reported without a package name
09-01 18:56:40.925  1724  6436 W UsageStatsService: Event reported without a package name
09-01 18:56:40.926  1724  1724 I FingerprintService: sendCommand CMD_SET_INTERACTIVE:0
09-01 18:56:40.926  1106  1106 D [GF_HAL][gf_hal]: [gf_hal_send_command] enter, cmd=32517, extras=0
09-01 18:56:40.926  1106  1106 E [gf_ca_entry] : [gx_ta_send_modified_cmd_req] begin, token = 368, cmd_id = 1036
09-01 18:56:40.927  1106  1106 E libc    : Access denied finding property "gf.debug.dump_qseelog_data"
09-01 18:56:40.943  1106  1106 W fingerprint@2.1: type=1400 audit(0.0:88298): avc: denied { read } for name="u:object_r:default_prop:s0" dev="tmpfs" ino=12412 scontext=u:r:hal_fingerprint_goodix:s0 tcontext=u:object_r:default_prop:s0 tclass=file permissive=0
09-01 18:56:40.928 21509 21509 I NAccs.BaseService:  handleMessage on receive msg msg:{ id=35 when=0 what=0 target=com.taobao.accs.base.BaseService$1 }
09-01 18:56:40.928 21509 21509 I NAccs.BaseService:  handleMessage get intent success intent:Intent { act=com.taobao.accs.intent.action.START_SERVICE cmp=cn.missevan/com.taobao.accs.ChannelService (has extras) }
09-01 18:56:40.929 21509 21570 I NAccs.ElectionServiceImpl:  onStartCommand begin action:com.taobao.accs.intent.action.START_SERVICE
09-01 18:56:40.930 21509 21570 I NAccs.ElectionServiceImpl:  handleStartCommand configTag:default appkey:umeng:546d7dd7fd98c58fc800082c appSecret:64e8358a59d434e5546720db97ab5996 ttid:android@umeng pkg:cn.missevan
09-01 18:56:40.930 21509 21570 I NAccs.ElectionServiceImpl:  getConnection configTag:default start:false
09-01 18:56:40.931 21509 21570 I NAccs.ServiceImpl:  onHostStartCommand intent:Intent { act=com.taobao.accs.intent.action.START_SERVICE cmp=cn.missevan/com.taobao.accs.ChannelService (has extras) }
09-01 18:56:40.931 21509 21570 D NAccs.ServiceImpl:  onHostStartCommand key:appKey  value:umeng:546d7dd7fd98c58fc800082c
09-01 18:56:40.931 21509 21570 D NAccs.ServiceImpl:  onHostStartCommand key:configTag  value:default
09-01 18:56:40.931 21509 21570 D NAccs.ServiceImpl:  onHostStartCommand key:mode  value:0
09-01 18:56:40.931 21509 21570 D NAccs.ServiceImpl:  onHostStartCommand key:ttid  value:android@umeng
09-01 18:56:40.931 21509 21570 D NAccs.ServiceImpl:  onHostStartCommand key:packageName  value:cn.missevan
09-01 18:56:40.931 21509 21570 D NAccs.ServiceImpl:  onHostStartCommand key:app_sercet  value:64e8358a59d434e5546720db97ab5996
09-01 18:56:40.931 21509 21570 D NAccs.ServiceImpl:  onHostStartCommand key:agoo_app_key  value:umeng:546d7dd7fd98c58fc800082c
09-01 18:56:40.931 21509 21570 I NAccs.LoadSoFailUtil:  getSoFailTimes times:0
09-01 18:56:40.931 21509 21570 D NAccs.ServiceImpl:  handleAction action:com.taobao.accs.intent.action.START_SERVICE
09-01 18:56:40.932 21509 21570 I NAccs.ServiceImpl:  tryConnect appkey:umeng:546d7dd7fd98c58fc800082c configTag:default|0
09-01 18:56:40.932 21509 21570 D NAccs.SilenceConn_default:  start
09-01 18:56:40.932 21509 21570 D NAccs.SilenceConn_default:  try ping, force:false
09-01 18:56:40.933 21509 21570 D NAccs.SilenceConn_default:  sendMessage ready dataId:1662029800932.4 type:PING delay:0
09-01 18:56:40.933 21509 21570 D NAccs.SilenceConn_default:  clearRepeatControlCommand message:201/
09-01 18:56:40.937   715   915 V AudioFlinger: underrun,  framesReady(0) < framesDesired(272), state: 6
09-01 18:56:40.937 21053 21376 D NAccs.AdapterGlobalClientInfo:  getAgooCustomServiceName serviceName:com.umeng.message.component.UmengIntentService
09-01 18:56:40.938 21053 21376 I NAccs.a :  dispatchIntent bind service start intent:Intent { act=org.agoo.android.intent.action.REPORT pkg=cn.missevan cmp=cn.missevan/com.umeng.message.component.UmengIntentService }
09-01 18:56:40.947  2404 21586 I chatty  : uid=10018(com.android.systemui) expire 1 line
09-01 18:56:40.948  1106  1106 E gf_ca_entry: Qsee log info, log length=2173, logbuf index=2173, log dump level=GF_LOG_DEBUG, g_logdump_level=3
09-01 18:56:40.948  1106  1106 I gf_ca_entry: talog: D [18:56:12.236 ] [app_main][tz_app_cmd_handler] exit token 367.
09-01 18:56:40.948  1106  1106 I gf_ca_entry: talog: D [18:56:40.930 ] [app_main][tz_app_cmd_handler] CmdToken_id 368: operation_id:3, cmd_id:1036
09-01 18:56:40.948  1106  1106 I gf_ca_entry: talog: D [18:56:40.930 ] [app_main]qsee_prepare_shared_buf_for_secure_read: 0xf6050000, 33024
09-01 18:56:40.948  1106  1106 I gf_ca_entry: talog: D [18:56:40.932 ] [gf_ta_test][gf_ta_invoke_test_cmd_entry_point] cmd_id=GF_CMD_TEST_PRE_SPI, cmd_id_code=1036
09-01 18:56:40.948  1106  1106 I gf_ca_entry: talog: D [18:56:40.933 ] [gf_state_common][gf_state_get_current_operation] g_current_operation=OPERATION_NONE
09-01 18:56:40.948  1106  1106 I gf_ca_entry: talog: I [18:56:40.933 ] [gf_milan_hv_series][gf_milan_hv_set_mode] current_mode=MODE_SLEEP, current_mode_code=2, cur_chip_state=0, new_mode=MODE_IDLE, new_mode_code=8
09-01 18:56:40.948  1106  1106 I gf_ca_entry: talog: D [18:56:40.933 ] [milan_bus] [gf_milan_secspi_write_cmd] cmd=0xC0
09-01 18:56:40.948  1106  1106 I gf_ca_entry: talog: D [18:56:40.934 ] [gf_milan_hv_series][milan_set_mode] disable hv
09-01 18:56:40.948  1106  1106 I gf_ca_entry: talog: I [18:56:40.934 ] [gf_milan_hv_series][gf_milan_hv_set_hv_status] no need to change hv status, g_hv_status=0
09-01 18:56:40.948  1106  1106 I gf_ca_entry: talog: D [18:56:40.940 ] [milan_bus] [gf_milan_reg_access] WRITE=0x0124(2 bytes), SUCCESS=0xFF 0xFF 0x00 0x00
09-01 18:56:40.948  1106  1106 I gf_ca_entry: talog: D [18:56:40.941 ] [milan_bus] [gf_milan_reg_access] WRITE=0x0234(2 bytes), SUCCESS=0x00 0x00 0x00 0x00
09-01 18:56:40.948  1106  1106 I gf_ca_entry: talog: D [18:56:40.941 ] [gf_state_common][state_set_mode] set mode success, mode=MODE_IDLE
09-01 18:56:40.948  1106  1106 I gf_ca_entry: talog: D [18:56:40.941 ] [gf_state_common][gf_state_get_current_operation] g_current_operation=OPERATION_TEST_PRE_SPI
09-01 18:56:40.948  1106  1106 I gf_ca_entry: talog: D [18:56:40.941 ] [gf_state_common][gf_state_execute_operation] g_current_operation=OPERATION_TEST_PRE_SPI
09-01 18:56:40.948  1106  1106 I gf_ca_entry: talog: D [18:56:40.941 ] [gf_state_common][gf_state_get_current_operation] g_current_operation=OPERATION_TEST_PRE_SPI
09-01 18:56:40.948  1106  1106 I gf_ca_entry: talog: D [18:56:40.941 ] [gf_state_common][gf_state_get_current_operation] g_current_operation=OPERATION_TEST_PRE_SPI
09-01 18:56:40.948  1106  1106 I gf_ca_entry: talog: D [18:56:40.941 ] [gf_ta_test][gf_ta_invoke_test_cmd_entry_point] mode=MODE_IDLE, mode_code=8
09-01 18:56:40.948  1106  1106 I gf_ca_entry: talog: D [18:56:40.942 ] [gf_ta_test][gf_ta_invoke_test_cmd_entry_point] operation=OPERATION_TEST_PRE_SPI, operation_code=42
09-01 18:56:40.948  1106  1106 I [gf_ca_entry] : [gx_ta_send_modified_cmd_req] end
09-01 18:56:40.948  1106  1106 I [gf_ca_entry] : [gf_ca_invoke_command] gx_ta_send_modified_cmd_req success
09-01 18:56:40.948  1106  1106 I [gf_ca_entry] : [gf_ca_invoke_command] ta execution succeed
09-01 18:56:40.948  1106  1106 E [GF_HAL][gf_hal_device]: [gf_hal_wake_up] FF send is_need_wake_up = 0
09-01 18:56:40.948  1106  1106 D [GF_HAL][gf_hal_milan_hv_series]: [hal_milan_hv_series_invoke_command] cmd_id=GF_CMD_TEST_PRE_SPI, cmd_id_code=1036
09-01 18:56:40.948  1106  1106 D [GF_HAL][gf_hal_milan_hv_series]: [hal_milan_hv_series_invoke_command] g_mode=MODE_IDLE, g_mode_code=8
09-01 18:56:40.948  1106  1106 D [GF_HAL][gf_hal_milan_hv_series]: [hal_milan_hv_series_invoke_command] g_operation=OPERATION_TEST_PRE_SPI, g_operation_code=42
09-01 18:56:40.948  1106  1106 E [gf_ca_entry] : [gx_ta_send_modified_cmd_req] begin, token = 369, cmd_id = 1037
09-01 18:56:40.949   715 26210 V AudioFlinger: stop(2), calling pid 2404
09-01 18:56:40.949  1106  1106 E libc    : Access denied finding property "gf.debug.dump_qseelog_data"
09-01 18:56:40.949   715 26210 V AudioFlinger: not stopping/stopped => stopping/stopped (2) on thread 0xed003f40
09-01 18:56:40.956  2404  2404 V KeyguardDisplayManager: show
09-01 18:56:40.957   715   915 V AudioFlinger: presentationComplete() mPresentationCompleteFrames 0 framesWritten 18240
09-01 18:56:40.957   715   915 V AudioFlinger: presentationComplete() reset: mPresentationCompleteFrames 20544 audioHalFrames 2304
09-01 18:56:40.965  1106  1106 E gf_ca_entry: Qsee log info, log length=2165, logbuf index=2165, log dump level=GF_LOG_DEBUG, g_logdump_level=3
09-01 18:56:40.965  1106  1106 I gf_ca_entry: talog: D [18:56:40.946 ] [app_main][tz_app_cmd_handler] exit token 368.
09-01 18:56:40.965  1106  1106 I gf_ca_entry: talog: D [18:56:40.952 ] [app_main][tz_app_cmd_handler] CmdToken_id 369: operation_id:3, cmd_id:1037
09-01 18:56:40.965  1106  1106 I gf_ca_entry: talog: D [18:56:40.952 ] [app_main]qsee_prepare_shared_buf_for_secure_read: 0xf6050000, 33024
09-01 18:56:40.965  1106  1106 I gf_ca_entry: talog: D [18:56:40.955 ] [gf_ta_test][gf_ta_invoke_test_cmd_entry_point] cmd_id=GF_CMD_TEST_SPI, cmd_id_code=1037
09-01 18:56:40.965  1106  1106 I gf_ca_entry: talog: D [18:56:40.955 ] [milan_bus] [gf_milan_reg_access] READ=0x0000(4 bytes), SUCCESS=0xA1 0x0C 0x22 0x00
09-01 18:56:40.965  1106  1106 I gf_ca_entry: talog: D [18:56:40.956 ] [gf_state_common][gf_state_get_current_operation] g_current_operation=OPERATION_TEST_PRE_SPI
09-01 18:56:40.965  1106  1106 I gf_ca_entry: talog: D [18:56:40.956 ] [gf_state_common][gf_state_get_current_operation] g_current_operation=OPERATION_TEST_PRE_SPI
09-01 18:56:40.965  1106  1106 I gf_ca_entry: talog: D [18:56:40.956 ] [gf_state_common][gf_state_operation_done] next operation=OPERATION_NONE
09-01 18:56:40.965  1106  1106 I gf_ca_entry: talog: D [18:56:40.956 ] [gf_state_common][gf_state_get_current_operation] g_current_operation=OPERATION_TEST_PRE_SPI
09-01 18:56:40.965  1106  1106 I gf_ca_entry: talog: I [18:56:40.956 ] [gf_milan_hv_series][gf_milan_hv_set_mode] current_mode=MODE_IDLE, current_mode_code=8, cur_chip_state=5, new_mode=MODE_SLEEP, new_mode_code=2
09-01 18:56:40.965  1106  1106 I gf_ca_entry: talog: D [18:56:40.957 ] [gf_milan_hv_series][milan_set_mode] disable hv
09-01 18:56:40.965  1106  1106 I gf_ca_entry: talog: I [18:56:40.957 ] [gf_milan_hv_series][gf_milan_hv_set_hv_status] no need to change hv status, g_hv_status=0
09-01 18:56:40.965  1106  1106 I gf_ca_entry: talog: D [18:56:40.957 ] [milan_bus] [gf_milan_reg_access] WRITE=0x0124(2 bytes), SUCCESS=0xFF 0xFF 0x00 0x00
09-01 18:56:40.965  1106  1106 I gf_ca_entry: talog: D [18:56:40.957 ] [milan_bus] [gf_milan_reg_access] WRITE=0x0234(2 bytes), SUCCESS=0x00 0x00 0x00 0x00
09-01 18:56:40.965  1106  1106 I gf_ca_entry: talog: D [18:56:40.957 ] [milan_bus] [gf_milan_secspi_write_cmd] cmd=0xC8
09-01 18:56:40.965  1106  1106 I gf_ca_entry: talog: D [18:56:40.959 ] [gf_state_common][state_set_mode] set mode success, mode=MODE_SLEEP
09-01 18:56:40.965  1106  1106 I gf_ca_entry: talog: D [18:56:40.959 ] [gf_state_common][gf_state_get_current_operation] g_current_operation=OPERATION_NONE
09-01 18:56:40.965  1106  1106 I gf_ca_entry: talog: D [18:56:40.959 ] [gf_ta_test][gf_ta_invoke_test_cmd_entry_point] mode=MODE_SLEEP, mode_code=2
09-01 18:56:40.965  1106  1106 I gf_ca_entry: talog: D [18:56:40.959 ] [gf_ta_test][gf_ta_invoke_test_cmd_entry_point] operation=OPERATION_NONE, operation_code=47
09-01 18:56:40.965  1106  1106 I [gf_ca_entry] : [gx_ta_send_modified_cmd_req] end
09-01 18:56:40.965  1106  1106 I [gf_ca_entry] : [gf_ca_invoke_command] gx_ta_send_modified_cmd_req success
09-01 18:56:40.965  1106  1106 I [gf_ca_entry] : [gf_ca_invoke_command] ta execution succeed
09-01 18:56:40.965  1106  1106 E [GF_HAL][gf_hal_device]: [gf_hal_wake_up] FF send is_need_wake_up = 0
09-01 18:56:40.965  1106  1106 D [GF_HAL][gf_hal_milan_hv_series]: [hal_milan_hv_series_invoke_command] cmd_id=GF_CMD_TEST_SPI, cmd_id_code=1037
09-01 18:56:40.965  1106  1106 D [GF_HAL][gf_hal_milan_hv_series]: [hal_milan_hv_series_invoke_command] g_mode=MODE_SLEEP, g_mode_code=2
09-01 18:56:40.965  1106  1106 D [GF_HAL][gf_hal_milan_hv_series]: [hal_milan_hv_series_invoke_command] g_operation=OPERATION_NONE, g_operation_code=47
09-01 18:56:40.965  1106  1106 D [GF_HAL][gf_hal_milan_hv_series]: [hal_milan_hv_series_screen_off] hal_milan_hv_check_spi: err = 0
09-01 18:56:40.965  1106  1106 E [gf_ca_entry] : [gx_ta_send_modified_cmd_req] begin, token = 370, cmd_id = 1022
09-01 18:56:40.953  1106  1106 W fingerprint@2.1: type=1400 audit(0.0:88299): avc: denied { read } for name="u:object_r:default_prop:s0" dev="tmpfs" ino=12412 scontext=u:r:hal_fingerprint_goodix:s0 tcontext=u:object_r:default_prop:s0 tclass=file permissive=0
09-01 18:56:40.967  1106  1106 E libc    : Access denied finding property "gf.debug.dump_qseelog_data"
09-01 18:56:40.968   715   915 V AudioFlinger: presentationComplete() mPresentationCompleteFrames 20544 framesWritten 18240
09-01 18:56:40.973  3357  3740 I chatty  : uid=10052(com.vivo.magazine) DataManagerWork identical 54 lines
09-01 18:56:40.975  4298  4348 D FaceDetectInScreenDoze: onFaceUnlockIconStatus status = 4
09-01 18:56:40.976   715   915 V AudioFlinger: presentationComplete() mPresentationCompleteFrames 20544 framesWritten 19200
09-01 18:56:40.984  1106  1106 E gf_ca_entry: Qsee log info, log length=1445, logbuf index=1445, log dump level=GF_LOG_DEBUG, g_logdump_level=3
09-01 18:56:40.984  1106  1106 I gf_ca_entry: talog: D [18:56:40.961 ] [app_main][tz_app_cmd_handler] exit token 369.
09-01 18:56:40.984  1106  1106 I gf_ca_entry: talog: D [18:56:40.968 ] [app_main][tz_app_cmd_handler] CmdToken_id 370: operation_id:1, cmd_id:1022
09-01 18:56:40.984  1106  1106 I gf_ca_entry: talog: D [18:56:40.968 ] [app_main]qsee_prepare_shared_buf_for_secure_read: 0xf6050000, 32832
09-01 18:56:40.984  1106  1106 I gf_ca_entry: talog: D [18:56:40.978 ] [gf_ta] [gf_ta_invoke_cmd_entry_point] cmd_id=GF_CMD_SCREEN_OFF, cmd_id_code=1022
09-01 18:56:40.984  1106  1106 I gf_ca_entry: talog: E [18:56:40.978 ] [gf_milan_hv_series][gf_milan_update_fdt_threshold_when_screen_on_off] screen_off set fdt_down_delta = 10
09-01 18:56:40.984  1106  1106 I gf_ca_entry: talog: D [18:56:40.978 ] [gf_state_common][gf_state_get_spi_bk_operation] g_spi_bk_operation=OPERATION_NONE
09-01 18:56:40.984  1106  1106 I gf_ca_entry: talog: D [18:56:40.978 ] [gf_state_common][gf_state_get_current_operation] g_current_operation=OPERATION_NONE
09-01 18:56:40.984  1106  1106 I gf_ca_entry: talog: D [18:56:40.979 ] [gf_state_common][gf_state_get_current_operation] g_current_operation=OPERATION_NONE
09-01 18:56:40.984  1106  1106 I gf_ca_entry: talog: D [18:56:40.979 ] [gf_state_common][gf_state_execute_operation] g_current_operation=OPERATION_NONE
09-01 18:56:40.984  1106  1106 I gf_ca_entry: talog: D [18:56:40.979 ] [gf_state_common][gf_state_get_current_operation] g_current_operation=OPERATION_NONE
09-01 18:56:40.984  1106  1106 I gf_ca_entry: talog: D [18:56:40.979 ] [gf_state_common][gf_state_get_current_operation] g_current_operation=OPERATION_NONE
09-01 18:56:40.984  1106  1106 I gf_ca_entry: talog: D [18:56:40.979 ] [gf_ta] [gf_ta_invoke_cmd_entry_point] mode=MODE_SLEEP, mode_code=2
09-01 18:56:40.984  1106  1106 I gf_ca_entry: talog: D [18:56:40.979 ] [gf_ta] [gf_ta_invoke_cmd_entry_point] operation=OPERATION_NONE, operation_code=47
09-01 18:56:40.984  1106  1106 I [gf_ca_entry] : [gx_ta_send_modified_cmd_req] end
09-01 18:56:40.984  1106  1106 I [gf_ca_entry] : [gf_ca_invoke_command] gx_ta_send_modified_cmd_req success
09-01 18:56:40.984  1106  1106 I [gf_ca_entry] : [gf_ca_invoke_command] ta execution succeed
09-01 18:56:40.987   715   915 V AudioFlinger: presentationComplete() mPresentationCompleteFrames 20544 framesWritten 19200
09-01 18:56:40.996   715   915 V AudioFlinger: presentationComplete() mPresentationCompleteFrames 20544 framesWritten 20160
09-01 18:56:40.997  1724  6436 I chatty  : uid=1000(system) Binder:1724_17 expire 10 lines
09-01 18:56:41.000  2404 20788 I chatty  : uid=10018(com.android.systemui) expire 5 lines
09-01 18:56:41.008   715   915 V AudioFlinger: presentationComplete() mPresentationCompleteFrames 20544 framesWritten 20160
09-01 18:56:41.016   715   915 V AudioFlinger: presentationComplete() mPresentationCompleteFrames 20544 framesWritten 21120
09-01 18:56:41.016   715   915 D AudioFlinger: Track reset ....
09-01 18:56:41.016   715   915 D BufferProvider: setBufferProvider(0x0): mTrackBufferProvider:0xec614000  mBuffer.frameCount:0
09-01 18:56:41.016   715   915 V AudioFlinger: removeTracks_l removing track on session 7049
09-01 18:56:41.017   715   915 D AudioFlinger: updateWakeLockUids_l AudioOut_15 uids:
09-01 18:56:41.017   715   915 V AudioFlinger: updateWakeLockUids_l() AudioOut_15 status 0
09-01 18:56:41.018  1724  1876 D UsbDeviceManager: handleMessage MSG_UPDATE_SCREEN_LOCK ,message.what=13
09-01 18:56:41.028 21053 21053 D NAccs.a :  bindService connected componentName:ComponentInfo{cn.missevan/com.umeng.message.component.UmengIntentService}
09-01 18:56:41.023   715   715 W ApmOutput: type=1400 audit(0.0:88300): avc: denied { search } for name="bbkcore" dev="dm-1" ino=2359297 scontext=u:r:audioserver:s0 tcontext=u:object_r:vivo_data_file:s0 tclass=dir permissive=0
09-01 18:56:41.028   715   915 D AudioFlinger: stopOutput_POM , POM_id:2404
09-01 18:56:41.028   715   915 V AudioPolicyService: AudioCommandThread() adding stop output 21
09-01 18:56:41.028   715   915 V AudioPolicyService: inserting command: 6 at index 0, num commands 0
09-01 18:56:41.028   715   906 V AudioPolicyService: AudioCommandThread() processing stop output 21
09-01 18:56:41.029   715   906 D AudioPolicyManagerCustom: stopOutput_POM, output:21, stream:1, session:7049, pom_id:2404
09-01 18:56:41.029   715   906 I APM::AudioPolicyEngine: remove pom records for 2404.
09-01 18:56:41.029   715   906 I APM::AudioPolicyEngine: ###### POM Stack0:  0 0 1
09-01 18:56:41.029   715   906 V APM_AudioPolicyManager: stopOutput() output 21, stream 1, session 7049
09-01 18:56:41.029   715   906 D AudioPolicyManagerCustom: stopOutput isCallPOMStateChange :0, refCount:1
09-01 18:56:41.029   715   906 V APM_AudioPolicyManager: getNewOutputDevice() selected device 0
09-01 18:56:41.029   715   906 V APM_AudioPolicyManager: setOutputDevice() device 0000 delayMs 96
09-01 18:56:41.029   715   906 V APM_AudioPolicyManager: setOutputDevice() prevDevice 0x0002
09-01 18:56:41.029   715   906 V APM::AudioPolicyEngine: getDeviceForStrategy() strategy 0, device 2
09-01 18:56:41.029   715   906 V APM::AudioPolicyEngine: getDeviceForStrategy() strategy 1, device 1
09-01 18:56:41.029   715   906 V APM::AudioPolicyEngine: getDeviceForStrategy() strategy 2, device 2
09-01 18:56:41.029   715   906 V APM::AudioPolicyEngine: getDeviceForStrategy() strategy 0, device 2
09-01 18:56:41.029   715   906 V APM::AudioPolicyEngine: getDeviceForStrategy() strategy 3, device 2
09-01 18:56:41.029   715   906 V APM::AudioPolicyEngine: getDeviceForStrategy() strategy 0, device 2
09-01 18:56:41.029   715   906 V APM::AudioPolicyEngine: getDeviceForStrategy() strategy 4, device 2
09-01 18:56:41.029   715   906 V APM::AudioPolicyEngine: getDeviceForStrategy() strategy 5, device 2
09-01 18:56:41.029   715   906 V APM::AudioPolicyEngine: getDeviceForStrategy() strategy 6, device 2
09-01 18:56:41.029   715   906 V APM::AudioPolicyEngine: getDeviceForStrategy() strategy 7, device 2
09-01 18:56:41.029   715   906 V APM::AudioPolicyEngine: getDeviceForStrategy() strategy 8, device 2
09-01 18:56:41.029   715   906 V APM::AudioPolicyEngine: getDeviceForStrategy() strategy 9, device 2
09-01 18:56:41.029   715   906 V APM_AudioPolicyManager: setOutputDevice() setting same device 0x0000 or null device
09-01 18:56:41.029   715   906 D AudioPolicyIntefaceImpl: doStopOutput_POM oldPhoneState:0,currentPhoneState:0
09-01 18:56:41.029   715   906 V AudioPolicyService: AudioCommandThread() going to sleep
09-01 18:56:41.030 21509 21509 I NAccs.BaseIntentService:  handleMessage on receive msg msg:{ id=36 when=-1ms what=0 target=org.android.agoo.control.g }
09-01 18:56:41.030 21509 21509 I NAccs.BaseIntentService:  handleMessage get intent success intent:Intent { act=org.agoo.android.intent.action.REPORT pkg=cn.missevan cmp=cn.missevan/com.umeng.message.component.UmengIntentService }
09-01 18:56:41.031 21509 21570 I NAccs.BaseIntentService:  onHandleIntent,action=org.agoo.android.intent.action.REPORT,agooCommand=cn.missevan.intent.action.COMMAND,mipushCommand=cn.missevan.intent.thirdPush.action.COMMAND
09-01 18:56:41.031 21509 21570 I NAccs.BaseIntentService:  is report cache msg,Config.isReportCacheMsg(mContext)=false
09-01 18:56:41.032 21509 21570 D NAccs.isClearTime:  now=1662029801032,now - lastTime=8934850,istrue=false
09-01 18:56:41.032 21509 21570 I NAccs.BaseIntentService:  is clear all msg=false
09-01 18:56:41.032 21509 21570 D NAccs.isClearTime:  now=1662029801032,now - lastTime=8934850,istrue=false
09-01 18:56:41.036  1724  3765 I PackageManager: ### pkg:Package{c71181c com.vivo.shortcutcenter}
09-01 18:56:41.039  2786 15405 I chatty  : uid=1000(system) Binder:2786_8 expire 11 lines
09-01 18:56:41.041  4221  4221 I chatty  : uid=1000(system) com.vivo.floatingball:floating expire 25 lines
09-01 18:56:41.048  1724  6436 I PackageManager: ### pkg:Package{c71181c com.vivo.shortcutcenter}
09-01 18:56:41.054 20848 20848 I BLOG    : [main] onActivityStopped: cn.missevan.activity.MainActivity@6f5b6ab
09-01 18:56:41.061 20848 20848 I Player.SinglePlayerConnection: [main] updateAllConfig
09-01 18:56:41.064 21028 21046 I Player.BaseAidlPlayerService: [Binder:21028_3] updateConfig, configs: Bundle[mParcelledData.dataSize=32]
09-01 18:56:41.074  1724  1724 V SettingsProvider: Notifying for 0: content://settings/system/next_alarm_formatted
09-01 18:56:41.074  1724  1724 W Looper  : Drained
09-01 18:56:41.075   685  2027 W qti_sensors_hal: batch handle 21 flags 0 period_ns 20000000 timeout 0
09-01 18:56:41.076   685  2027 W qti_sensors_hal: batch:sensor(android.sensor.proximity) handle:21 flags:0x0 period_ns 20000000
09-01 18:56:41.076 21028 21028 I Player.Aidl: [main] updateConfig
09-01 18:56:41.079 21028 21028 I Player.BBPlayer.core0: [main] updateConfig, suspend: true
09-01 18:56:41.080 21028 21028 I Player.AlphaVideoPlayerCore: [main] updateConfig, suspend: true
09-01 18:56:41.116   717  2381 I chatty  : uid=1000(system) Binder:717_4 expire 1 line
09-01 18:56:41.130  2765  3772 I chatty  : uid=1000(system) GamepadService expire 10 lines
09-01 18:56:41.140 20848 20848 I MainFragment: [main] onStop
09-01 18:56:41.147  1724  2931 I PackageManager: ### pkg:Package{7d71d43 com.bbk.updater}
09-01 18:56:41.151   685   817 E qti_sensors_hal: acquire proximity wakelock
09-01 18:56:41.152  2765  3264 I chatty  : uid=1000(system) NightPearlSubTh expire 19 lines
09-01 18:56:41.186 20848 20848 I Banner  : [main] banner pause loop
09-01 18:56:41.187 20848 20848 I Banner  : [main] banner pause loop
09-01 18:56:41.192  2404  2507 I chatty  : uid=10018(com.android.systemui) RenderThread expire 1 line
09-01 18:56:41.200   685  2027 W qti_sensors_hal: activate: handle is 51, en is 0
09-01 18:56:41.202   685  2027 W qti_sensors_hal: batch handle 52 flags 0 period_ns 1000000 timeout 200000000
09-01 18:56:41.206  1724  2070 I chatty  : uid=1000(system) WifiStateMachin expire 5 lines
09-01 18:56:41.209  1724  1724 V SettingsProvider: Notifying for 0: content://settings/system/next_alarm_formatted
09-01 18:56:41.209  1724  1724 I VNOILNMS: ===VNOILNMS n=0 VideoStates=false NoticeStates=false flag_red=0 flag_green=0 mScreenOn=false mNotificationPulseEnabled=true
09-01 18:56:41.215   715 26210 V AudioFlinger: setParameters(): io 0, keyvalue screen_state=off, calling pid 1724 calling uid 1000
09-01 18:56:41.215   715 26210 V AudioFlinger: setParameters: filtered keyvalue screen_state=off
09-01 18:56:41.216   671   911 D audio_hw_primary: adev_set_parameters: enter: screen_state=off
09-01 18:56:41.216   671   911 V voice   : voice_set_parameters: enter: screen_state=off
09-01 18:56:41.216   671   911 V compress_voip: voice_extn_compress_voip_set_parameters: enter: screen_state=off
09-01 18:56:41.216   671   911 D audio_hw_extn: audio_extn_set_anc_parameters: anc_enabled:0
09-01 18:56:41.216   671   911 D audio_hw_spkr_prot: audio_extn_fbsp_set_parameters: Speaker protection disabled
09-01 18:56:41.220  1724  1885 D PowerManagerService: acquireWakeLockInternal: lock=123317536, flags=0x80, tag="VivoDisplayStateService-primary-display", ws=null, uid=1000, pid=1724
09-01 18:56:41.220  1724  1885 D PowerManagerService: mTmpPrimaryDisplayIsDoze PRIMARY to doze DRAW_WAKE_LOCK                 'VivoDisplayStateService-primary-display' (uid=1000 (displayid =0 pid=1724)
09-01 18:56:41.221   717   717 I chatty  : uid=1000(system) /system/bin/surfaceflinger expire 107 lines
09-01 18:56:41.221   680   825 I SDM     : DisplayBase::SetDisplayState: Set state = 2, display 0
09-01 18:56:41.224 20848 21048 I BLOG    : [RxCachedThreadScheduler-6] HTTP request: [2022-09-01T10:56:41.111Z] GET https://data.uat.missevan.com/v2/site/notifications?active=0 200 97ms 0
09-01 18:56:41.226 20848 20975 I CronetEngine: [thread_background]
09-01 18:56:41.226 20848 20975 I CronetEngine: url: https://data.uat.missevan.com/v2/site/notifications?active=0
09-01 18:56:41.226 20848 20975 I CronetEngine:  ip: 10.21.250.10
09-01 18:56:41.226 20848 20975 I CronetEngine:  hostResolverProvider:
09-01 18:56:41.226 20848 20975 I CronetEngine:  hostResolveIps: []
09-01 18:56:41.226 20848 20975 I CronetEngine:
09-01 18:56:41.231  1724  1877 I DisplayManagerService: Display device changed state: "内置屏幕", DOZE
09-01 18:56:41.232  1724  2162 D WindowManager: pokeDrawLock: poking draw lock on behalf of visible window owned by android
09-01 18:56:41.232  1724  2162 D PowerManagerService: acquireWakeLockInternal: lock=227011504, flags=0x80, tag="Window:VivoDisplayOverlay", ws=WorkSource{1000 android}, uid=1000, pid=1724
09-01 18:56:41.233  1724  2162 D PowerManagerService: mTmpPrimaryDisplayIsDoze PRIMARY to doze DRAW_WAKE_LOCK                 'VivoDisplayStateService-primary-display' ACQ=-12ms (uid=1000 (displayid =0 pid=1724)
09-01 18:56:41.233  1724  2162 D PowerManagerService: mTmpPrimaryDisplayIsDoze PRIMARY to doze DRAW_WAKE_LOCK                 'Window:VivoDisplayOverlay' (uid=1000 (displayid =0 pid=1724 ws=WorkSource{1000 android})
09-01 18:56:41.235  1724  1853 D WindowManager: pokeDrawLock: suppressed draw lock request for invisible window owned by android
09-01 18:56:41.236  2956  2956 D ViewRootImpl[DockedStackDivider]: onDisplayChange oldDisplayState=1 newDisplayState=3
09-01 18:56:41.236  4240  4240 D ViewRootImpl[Launcher]: onDisplayChange oldDisplayState=1 newDisplayState=3
09-01 18:56:41.236  2956  2956 D ViewRootImpl[DockedStackDivider]: pokeDrawLockedIfNeeded displayState=3
09-01 18:56:41.236  1724 16082 D WindowManager: pokeDrawLock: suppressed draw lock request for invisible window owned by com.vivo.smartmultiwindow
09-01 18:56:41.237  4441  4441 D ViewRootImpl[HiBoard]: onDisplayChange oldDisplayState=1 newDisplayState=3
09-01 18:56:41.237  4441  4441 D ViewRootImpl[HiBoard]: pokeDrawLockedIfNeeded displayState=3
09-01 18:56:41.237  1724  2893 D WindowManager: pokeDrawLock: suppressed draw lock request for invisible window owned by com.vivo.hiboard
09-01 18:56:41.238  4240  4240 D ViewRootImpl[Launcher]: pokeDrawLockedIfNeeded displayState=3
09-01 18:56:41.238  3045  3045 D ViewRootImpl[AOD]: onDisplayChange oldDisplayState=1 newDisplayState=3
09-01 18:56:41.238  3045  3045 D ViewRootImpl[AOD]: pokeDrawLockedIfNeeded displayState=3
09-01 18:56:41.238  1724  3765 D WindowManager: pokeDrawLock: suppressed draw lock request for invisible window owned by com.vivo.upslide
09-01 18:56:41.239  2956  2956 D ViewRootImpl[PopMenuView]: onDisplayChange oldDisplayState=1 newDisplayState=3
09-01 18:56:41.240  2956  2956 D ViewRootImpl[PopMenuView]: pokeDrawLockedIfNeeded displayState=3
09-01 18:56:41.248 12497 12497 D ViewRootImpl[GalleryTabActivity]: onDisplayChange oldDisplayState=1 newDisplayState=3
09-01 18:56:41.249 12497 12497 D ViewRootImpl[GalleryTabActivity]: pokeDrawLockedIfNeeded displayState=3
09-01 18:56:41.251 11860 11860 D ViewRootImpl[SecureInputMethod]: onDisplayChange oldDisplayState=1 newDisplayState=3
09-01 18:56:41.251 11860 11860 D ViewRootImpl[SecureInputMethod]: pokeDrawLockedIfNeeded displayState=3
09-01 18:56:41.254 19231 19231 D ViewRootImpl[BrowserActivity]: onDisplayChange oldDisplayState=1 newDisplayState=3
09-01 18:56:41.255 19231 19231 D ViewRootImpl[BrowserActivity]: pokeDrawLockedIfNeeded displayState=3
09-01 18:56:41.256 20848 20848 D ViewRootImpl[MainActivity]: onDisplayChange oldDisplayState=1 newDisplayState=3
09-01 18:56:41.258 20848 20848 D ViewRootImpl[MainActivity]: pokeDrawLockedIfNeeded displayState=3
09-01 18:56:41.260 26876 26876 D ViewRootImpl[Settings]: onDisplayChange oldDisplayState=1 newDisplayState=3
09-01 18:56:41.260 26876 26876 D ViewRootImpl[Settings]: pokeDrawLockedIfNeeded displayState=3
09-01 18:56:41.262  1724  2879 D WindowManager: pokeDrawLock: suppressed draw lock request for invisible window owned by com.android.settings
09-01 18:56:41.263  1724  6436 D WindowManager: pokeDrawLock: suppressed draw lock request for invisible window owned by com.bbk.launcher2
09-01 18:56:41.263  1724 16082 D WindowManager: pokeDrawLock: suppressed draw lock request for invisible window owned by com.vivo.floatingball
09-01 18:56:41.263  1724 16084 D WindowManager: pokeDrawLock: poking draw lock on behalf of visible window owned by com.vivo.nightpearl
09-01 18:56:41.263  1724 16084 D PowerManagerService: acquireWakeLockInternal: lock=114240041, flags=0x80, tag="Window:AOD", ws=WorkSource{1000 com.vivo.nightpearl}, uid=1000, pid=1724
09-01 18:56:41.264  1724 16084 D PowerManagerService: mTmpPrimaryDisplayIsDoze PRIMARY to doze DRAW_WAKE_LOCK                 'VivoDisplayStateService-primary-display' ACQ=-43ms (uid=1000 (displayid =0 pid=1724)
09-01 18:56:41.264  1724 16084 D PowerManagerService: mTmpPrimaryDisplayIsDoze PRIMARY to doze DRAW_WAKE_LOCK                 'Window:VivoDisplayOverlay' ACQ=-31ms (uid=1000 (displayid =0 pid=1724 ws=WorkSource{1000 android})
09-01 18:56:41.264  1724 16084 D PowerManagerService: mTmpPrimaryDisplayIsDoze PRIMARY to doze DRAW_WAKE_LOCK                 'Window:AOD' (uid=1000 (displayid =0 pid=1724 ws=WorkSource{1000 com.vivo.nightpearl})
09-01 18:56:41.265  1724  3768 D WindowManager: pokeDrawLock: suppressed draw lock request for invisible window owned by com.vivo.gallery
09-01 18:56:41.265  1724 16082 D WindowManager: pokeDrawLock: suppressed draw lock request for invisible window owned by com.vivo.floatingball
09-01 18:56:41.266  1724  2922 D WindowManager: pokeDrawLock: suppressed draw lock request for invisible window owned by com.vivo.secime.service
09-01 18:56:41.267  1724  9731 D WindowManager: pokeDrawLock: suppressed draw lock request for invisible window owned by cn.missevan
09-01 18:56:41.267 12497 12497 D ViewRootImpl[NewPageActivity]: onDisplayChange oldDisplayState=1 newDisplayState=3
09-01 18:56:41.267  1724  7979 D WindowManager: pokeDrawLock: suppressed draw lock request for invisible window owned by com.vivo.smartmultiwindow
09-01 18:56:41.267 12497 12497 D ViewRootImpl[NewPageActivity]: pokeDrawLockedIfNeeded displayState=3
09-01 18:56:41.267  1724  9731 D WindowManager: pokeDrawLock: suppressed draw lock request for invisible window owned by com.vivo.gallery
09-01 18:56:41.267  1724  3765 D WindowManager: pokeDrawLock: suppressed draw lock request for invisible window owned by com.vivo.upslide
09-01 18:56:41.268  1724  9731 D WindowManager: pokeDrawLock: suppressed draw lock request for invisible window owned by com.vivo.floatingball
09-01 18:56:41.268 12497 12497 D ViewRootImpl[Gallery]: onDisplayChange oldDisplayState=1 newDisplayState=3
09-01 18:56:41.269 12497 12497 D ViewRootImpl[Gallery]: pokeDrawLockedIfNeeded displayState=3
09-01 18:56:41.269  1724  2931 D WindowManager: pokeDrawLock: suppressed draw lock request for invisible window owned by com.vivo.vtouch
09-01 18:56:41.270  1724 16084 D WindowManager: pokeDrawLock: suppressed draw lock request for invisible window owned by com.vivo.upslide
09-01 18:56:41.272  1724  2101 D WindowManager: pokeDrawLock: suppressed draw lock request for invisible window owned by com.vivo.browser
09-01 18:56:41.272  1724  3765 D WindowManager: pokeDrawLock: suppressed draw lock request for invisible window owned by com.vivo.gallery
09-01 18:56:41.272  1724  7979 D WindowManager: pokeDrawLock: suppressed draw lock request for invisible window owned by com.vivo.floatingball
09-01 18:56:41.276  1724  2931 D WindowManager: pokeDrawLock: suppressed draw lock request for invisible window owned by com.android.systemui
09-01 18:56:41.276  1724  3765 D WindowManager: pokeDrawLock: suppressed draw lock request for invisible window owned by com.vivo.upslide
09-01 18:56:41.280  1724  2931 D WindowManager: pokeDrawLock: suppressed draw lock request for invisible window owned by com.android.systemui
09-01 18:56:41.282  1724  3765 D WindowManager: pokeDrawLock: suppressed draw lock request for invisible window owned by com.android.systemui
09-01 18:56:41.283  3690  3690 D QcrilMsgTunnelIfaceManager: handleMessage what = 1
09-01 18:56:41.283  3690  3702 D QcrilMsgTunnelIfaceManager: needAddWaitTime return false byte = -55
09-01 18:56:41.283  1724  2931 D WindowManager: pokeDrawLock: suppressed draw lock request for invisible window owned by com.vivo.upslide
09-01 18:56:41.285  1724  4404 D PowerManagerService: mTmpPrimaryDisplayIsDoze PRIMARY to doze DRAW_WAKE_LOCK                 'VivoDisplayStateService-primary-display' ACQ=-64ms (uid=1000 (displayid =0 pid=1724)
09-01 18:56:41.285  1724  4404 D PowerManagerService: mTmpPrimaryDisplayIsDoze PRIMARY to doze DRAW_WAKE_LOCK                 'Window:VivoDisplayOverlay' ACQ=-52ms (uid=1000 (displayid =0 pid=1724 ws=WorkSource{1000 android})
09-01 18:56:41.285  1724  4404 D PowerManagerService: mTmpPrimaryDisplayIsDoze PRIMARY to doze DRAW_WAKE_LOCK                 'Window:AOD' ACQ=-21ms (uid=1000 (displayid =0 pid=1724 ws=WorkSource{1000 com.vivo.nightpearl})
09-01 18:56:41.286  3690  3690 I QcrilOemhookMsgTunnel: [0]invokeOemRilRequestRaw: serial=1564 length=24
09-01 18:56:41.286  3690  3690 D QcrilOemhookMsgTunnel: 1564 > OEM_HOOK_RAW[514f454d484f4f4bc9000800080000000100000000000000]
09-01 18:56:41.286  3690  3690 D QcrilOemhookMsgTunnel: Calling HIDL oemHookRawRequest
09-01 18:56:41.288  3690  3711 I QcrilOemhookMsgTunnel: [0]processOemHookResponse serial no: 1564 error: 0length=0
09-01 18:56:41.289  3690  3711 D QcrilOemhookMsgTunnel: [1564] < OEM_HOOK_RAW [[B@8645abe]
09-01 18:56:41.289  3690  3711 D QcrilOemhookMsgTunnel: { id=3458 when=-2d10h28m56s263ms what=2 obj=com.qualcomm.qcrilmsgtunnel.QcrilMsgTunnelIfaceManager$MessageRequest@354b71f target=com.qualcomm.qcrilmsgtunnel.QcrilMsgTunnelIfaceManager$1 }
09-01 18:56:41.289  3690  3690 D QcrilMsgTunnelIfaceManager: handleMessage what = 2
09-01 18:56:41.290  1724  4404 D PowerManagerService: mTmpPrimaryDisplayIsDoze PRIMARY to doze DRAW_WAKE_LOCK                 'VivoDisplayStateService-primary-display' ACQ=-69ms (uid=1000 (displayid =0 pid=1724)
09-01 18:56:41.290  1724  4404 D PowerManagerService: mTmpPrimaryDisplayIsDoze PRIMARY to doze DRAW_WAKE_LOCK                 'Window:VivoDisplayOverlay' ACQ=-57ms (uid=1000 (displayid =0 pid=1724 ws=WorkSource{1000 android})
09-01 18:56:41.290  1724  4404 D PowerManagerService: mTmpPrimaryDisplayIsDoze PRIMARY to doze DRAW_WAKE_LOCK                 'Window:AOD' ACQ=-26ms (uid=1000 (displayid =0 pid=1724 ws=WorkSource{1000 com.vivo.nightpearl})
09-01 18:56:41.292  1724  2893 D WindowManager: pokeDrawLock: suppressed draw lock request for invisible window owned by com.vivo.upslide
09-01 18:56:41.297 19231 19231 D ViewRootImpl[BrowserActivity]: onDisplayChange oldDisplayState=1 newDisplayState=3
09-01 18:56:41.297 19231 19231 D ViewRootImpl[BrowserActivity]: pokeDrawLockedIfNeeded displayState=3
09-01 18:56:41.304  1724  4404 D WindowManager: pokeDrawLock: suppressed draw lock request for invisible window owned by com.vivo.browser
09-01 18:56:41.306   685   685 W qti_sensors_hal: batch handle 99 flags 0 period_ns 200000000 timeout 0
09-01 18:56:41.308   685   685 E qti_sensors_hal: AmbientLightScene notify_suspend_valid 1
09-01 18:56:41.313   685   891 E qti_sensors_hal: AmbientLightScene processResp: Received SNS_SAM_AMBIENT_LIGHT_SCENE_ENABLE_RESP_V01
09-01 18:56:41.313   685   891 E qti_sensors_hal: AmbientLightScene Got ENABLE response, instance id = 26
09-01 18:56:41.316   685   891 E qti_sensors_hal: AmbientLightScene 20 65 0
09-01 18:56:41.327  1724  1893 I PackageManager: onReceive intent:Intent { act=android.intent.action.SCREEN_OFF flg=0x50200010 } allStartHiddenApp:[] restoreHiddenScreenLock:1
09-01 18:56:41.327  1724  1893 I PackageManager: onReceive intent:Intent { act=android.intent.action.SCREEN_OFF flg=0x50200010 } allStartHiddenApp:[] restoreHiddenScreenLock:1
09-01 18:56:41.342  1724  3765 D WindowManager: pokeDrawLock: suppressed draw lock request for invisible window owned by com.android.systemui
09-01 18:56:41.352  1724  1724 D PowerManagerService: releaseWakeLockInternal: lock=227011504 [Window:VivoDisplayOverlay], flags=0x10000
09-01 18:56:41.353  1724  1724 D PowerManagerService: mTmpPrimaryDisplayIsDoze PRIMARY to doze DRAW_WAKE_LOCK                 'VivoDisplayStateService-primary-display' ACQ=-132ms (uid=1000 (displayid =0 pid=1724)
09-01 18:56:41.353  1724  1724 D PowerManagerService: mTmpPrimaryDisplayIsDoze PRIMARY to doze DRAW_WAKE_LOCK                 'Window:AOD' ACQ=-89ms (uid=1000 (displayid =0 pid=1724 ws=WorkSource{1000 com.vivo.nightpearl})
09-01 18:56:41.360  1724  4404 D WindowManager: pokeDrawLock: suppressed draw lock request for invisible window owned by com.android.systemui
09-01 18:56:41.370  2746  2746 D AIE-Bolts-Task: New thread: BoltsBgPool-thread-3729
09-01 18:56:41.375   685   685 W qti_sensors_hal: activate: handle is 2, en is 0
09-01 18:56:41.377  1724  2893 D WindowManager: pokeDrawLock: suppressed draw lock request for invisible window owned by com.android.systemui
09-01 18:56:41.383  1724  1724 D PowerManagerService: releaseWakeLockInternal: lock=114240041 [Window:AOD], flags=0x10000
09-01 18:56:41.384  1724  1724 D PowerManagerService: mTmpPrimaryDisplayIsDoze PRIMARY to doze DRAW_WAKE_LOCK                 'VivoDisplayStateService-primary-display' ACQ=-163ms (uid=1000 (displayid =0 pid=1724)
09-01 18:56:41.384  2746  2943 D BluetoothAdapter: isLeEnabled(): ON
09-01 18:56:41.384  6559  7141 D BtGatt.GattService: stopScan() - queue size =3
09-01 18:56:41.387   672   672 D vendor.qti.bluetooth@1.0-ibs_handler: SerialClockVote: vote for UART CLK ON
09-01 18:56:41.388  6559  7141 D BtGatt.GattService: unregisterScanner() - scannerId=6
09-01 18:56:41.388   672   672 D vendor.qti.bluetooth@1.0-wake_lock: Acquire wakelock is acquired
09-01 18:56:41.388   672   672 I vendor.qti.bluetooth@1.0-ibs_handler: DeviceWakeUp: Writing IBS_WAKE_IND
09-01 18:56:41.390 20848 20960 I awcn.SerializeHelper:  persist end. file:/data/user/0/cn.missevan/files/awcn_strategy/StrategyConfig size:1387 cost:23
09-01 18:56:41.392  1724  1724 V SettingsProvider: Notifying for 0: content://settings/global/ble_scan_low_power_interval_ms
09-01 18:56:41.392  1724  1724 V SettingsProvider: Notifying for 999: content://settings/global/ble_scan_low_power_interval_ms
09-01 18:56:41.392   672  6843 I vendor.qti.bluetooth@1.0-ibs_handler: ProcessIbsCmd: Received IBS_WAKE_ACK: 0xFC
09-01 18:56:41.393   672  6843 I vendor.qti.bluetooth@1.0-ibs_handler: ProcessIbsCmd: Received IBS_WAKE_IND: 0xFD
09-01 18:56:41.393   672  6843 I vendor.qti.bluetooth@1.0-ibs_handler: ProcessIbsCmd: Writing IBS_WAKE_ACK
09-01 18:56:41.394  1724  1724 V SettingsProvider: Notifying for 0: content://settings/global/ble_scan_low_power_window_ms
09-01 18:56:41.394  1724  1724 V SettingsProvider: Notifying for 999: content://settings/global/ble_scan_low_power_window_ms
09-01 18:56:41.396  6559  6738 D BtGatt.GattService: onScanFilterParamsConfigured() - clientIf=6, status=0, action=1, availableSpace=12
09-01 18:56:41.396  6559  6738 D BtGatt.ScanManager: callback done for scannerId - 6 status - 0
09-01 18:56:41.399  6559  6738 D BtGatt.GattService: onScanFilterParamsConfigured() - clientIf=6, status=0, action=1, availableSpace=13
09-01 18:56:41.399  6559  6738 D BtGatt.ScanManager: callback done for scannerId - 6 status - 0
09-01 18:56:41.401  6559  6738 D BtGatt.GattService: onScanFilterParamsConfigured() - clientIf=6, status=0, action=1, availableSpace=14
09-01 18:56:41.401  6559  6738 D BtGatt.ScanManager: callback done for scannerId - 6 status - 0
09-01 18:56:41.402  6559  6738 D BtGatt.GattService: onScanFilterParamsConfigured() - clientIf=6, status=0, action=1, availableSpace=15
09-01 18:56:41.402  6559  6738 D BtGatt.ScanManager: callback done for scannerId - 6 status - 0
09-01 18:56:41.402  6559  6811 D BtGatt.ScanManager: configureRegularScanParams - queue=2
09-01 18:56:41.402  6559  6811 D BtGatt.ScanManager: configureRegularScanParams - ScanSetting LE 1M Scan mode=1ScanSetting LE Coded Scan mode=1 mLastConfiguredScanSettingLE1M=1 mLastConfiguredScanSettingLECoded=1scanPhy=255
09-01 18:56:41.410  2831  3985 D QtiRilInterface: instance = com.qualcomm.qti.internal.telephony.QtiRilInterface@cb768e6
09-01 18:56:41.410  3690  3702 D QcrilMsgTunnelIfaceManager: needAddWaitTime return false byte = -7
09-01 18:56:41.410  3690  3690 D QcrilMsgTunnelIfaceManager: handleMessage what = 1
09-01 18:56:41.411  1724  2893 D PowerManagerService: mTmpPrimaryDisplayIsDoze PRIMARY to doze DRAW_WAKE_LOCK                 'VivoDisplayStateService-primary-display' ACQ=-190ms (uid=1000 (displayid =0 pid=1724)
09-01 18:56:41.412  3690  3690 I QcrilOemhookMsgTunnel: [0]invokeOemRilRequestRaw: serial=1565 length=26
09-01 18:56:41.412  3690  3690 D QcrilOemhookMsgTunnel: 1565 > OEM_HOOK_RAW[514f454d484f4f4bf90108000a0000000166616c736500000000]
09-01 18:56:41.412  3690  3690 D QcrilOemhookMsgTunnel: Calling HIDL oemHookRawRequest
09-01 18:56:41.415  3690  3711 I QcrilOemhookMsgTunnel: [0]processOemHookResponse serial no: 1565 error: 0length=12
09-01 18:56:41.415  3690  3711 D QcrilOemhookMsgTunnel: [1565] < OEM_HOOK_RAW [[B@bd79a6c]
