09-01 19:00:17.534  4240  4357 E BitmapFactory: Unable to decode stream: java.io.FileNotFoundException: /oem/etc/theme/icons/dynamic_icon/com.android.BBKClock/res/drawable-sw360dp-xxhdpi/clock_minute.png (No such file or directory)
09-01 19:00:17.535  4240  4357 E BitmapFactory: Unable to decode stream: java.io.FileNotFoundException: /oem/etc/theme/icons/dynamic_icon/com.android.BBKClock/res/drawable-sw360dp-xxhdpi/clock_dial.png (No such file or directory)
09-01 19:00:17.538  4240  4357 E BitmapFactory: Unable to decode stream: java.io.FileNotFoundException: /oem/etc/theme/icons/dynamic_icon/com.android.BBKClock/res/drawable-sw360dp-xxhdpi/clock_dial_center.png (No such file or directory)
09-01 19:00:17.554  1724  9731 D ActivityManager: StartMode packageName = com.sohu.inputmethod.sogou.vivo ,callingPid = -1 ,alwaysRestrict = true ,startMode = 2 ,UidRec:UidRecord{56ccf9e u0a41 CEM  bg:+14m54s802ms idle change:cached procs:2 seq(0,0,0)}
09-01 19:00:17.556 18670 18670 E AutoUpgradeReceiver:  <<<<<<<<<<< receive the upgrade dict broadcast >>>>>>>>>>>>>
09-01 19:00:17.598  2765  3904 I chatty  : uid=1000(system) Binder:2765_5 expire 10 lines
09-01 19:00:17.600  1724  1853 I chatty  : uid=1000(system) android.ui expire 10 lines
09-01 19:00:17.609  1724  2922 I chatty  : uid=1000(system) Binder:1724_E expire 13 lines
09-01 19:00:17.734  1724  1781 W PackageManager: ## return empyt for Intent { act=com.google.android.gms.phenotype.COMMIT flg=0x10 pkg=com.google.android.apps.internal.mobdog (has extras) } pkgName:com.google.android.apps.internal.mobdog
09-01 19:00:17.734  1724  1781 W PackageManager: ## return empyt for Intent { act=com.google.android.gms.phenotype.COMMIT flg=0x10 pkg=com.google.android.apps.mobileutilities (has extras) } pkgName:com.google.android.apps.mobileutilities
09-01 19:00:17.780 18670 18670 W System.err: java.lang.NumberFormatException: s == null
09-01 19:00:17.782 18670 18670 W System.err: 	at java.lang.Integer.parseInt(Integer.java:577)
09-01 19:00:17.782 18670 18670 W System.err: 	at java.lang.Integer.parseInt(Integer.java:650)
09-01 19:00:17.782 18670 18670 W System.err: 	at com.sohu.inputmethod.internet.model.TranslateBlocklistModel.getId(SogouSource:21)
09-01 19:00:17.782 18670 18670 W System.err: 	at blu$1.a(SogouSource:48)
09-01 19:00:17.782 18670 18670 W System.err: 	at blu$1.a(SogouSource:45)
09-01 19:00:17.782 18670 18670 W System.err: 	at avm.a(SogouSource:118)
09-01 19:00:17.782 18670 18670 W System.err: 	at awb$2.run(SogouSource:166)
09-01 19:00:17.782 18670 18670 W System.err: 	at android.os.Handler.handleCallback(Handler.java:873)
09-01 19:00:17.782 18670 18670 W System.err: 	at android.os.Handler.dispatchMessage(Handler.java:99)
09-01 19:00:17.782 18670 18670 W System.err: 	at android.os.Looper.loop(Looper.java:224)
09-01 19:00:17.782 18670 18670 W System.err: 	at android.app.ActivityThread.main(ActivityThread.java:7042)
09-01 19:00:17.782 18670 18670 W System.err: 	at java.lang.reflect.Method.invoke(Native Method)
09-01 19:00:17.782 18670 18670 W System.err: 	at com.android.internal.os.RuntimeInit$MethodAndArgsCaller.run(RuntimeInit.java:536)
09-01 19:00:17.782 18670 18670 W System.err: 	at com.android.internal.os.ZygoteInit.main(ZygoteInit.java:868)
09-01 19:00:17.784 18670 18670 W System.err: java.lang.NumberFormatException: s == null
09-01 19:00:17.784 18670 18670 W System.err: 	at java.lang.Integer.parseInt(Integer.java:577)
09-01 19:00:17.784 18670 18670 W System.err: 	at java.lang.Integer.parseInt(Integer.java:650)
09-01 19:00:17.784 18670 18670 W System.err: 	at com.sohu.inputmethod.internet.model.BlacklistModel.getId(SogouSource:18)
09-01 19:00:17.784 18670 18670 W System.err: 	at blx$1.a(SogouSource:49)
09-01 19:00:17.784 18670 18670 W System.err: 	at blx$1.a(SogouSource:46)
09-01 19:00:17.784 18670 18670 W System.err: 	at avm.a(SogouSource:118)
09-01 19:00:17.784 18670 18670 W System.err: 	at awb$2.run(SogouSource:166)
09-01 19:00:17.784 18670 18670 W System.err: 	at android.os.Handler.handleCallback(Handler.java:873)
09-01 19:00:17.784 18670 18670 W System.err: 	at android.os.Handler.dispatchMessage(Handler.java:99)
09-01 19:00:17.784 18670 18670 W System.err: 	at android.os.Looper.loop(Looper.java:224)
09-01 19:00:17.784 18670 18670 W System.err: 	at android.app.ActivityThread.main(ActivityThread.java:7042)
09-01 19:00:17.784 18670 18670 W System.err: 	at java.lang.reflect.Method.invoke(Native Method)
09-01 19:00:17.784 18670 18670 W System.err: 	at com.android.internal.os.RuntimeInit$MethodAndArgsCaller.run(RuntimeInit.java:536)
09-01 19:00:17.784 18670 18670 W System.err: 	at com.android.internal.os.ZygoteInit.main(ZygoteInit.java:868)
09-01 19:00:17.799 18670 18670 D Sogou#Thread: new executor:18670|Sogou-Aysnc|amq@d1295e[Running, pool size = 0, active threads = 0, queued tasks = 0, completed tasks = 0]
09-01 19:00:17.805 18670 21753 D Sogou#Thread: beforeExecute new runnable:Thread[Sogou-Aysnc-Thread#1,4,main],Sogou-Aysnc
09-01 19:00:22.906  1724  2922 W ActivityManager: Unable to start service Intent { act=android.security.IKeyChainService cmp=com.android.keychain/.KeyChainService } U=999: not found
09-01 19:00:22.907  2404 21755 I SecurityController: java.lang.AssertionError: could not bind to KeyChainService
09-01 19:00:30.824  1724  1746 I chatty  : uid=1000(system) HeapTaskDaemon expire 5 lines
09-01 19:00:35.166  2404  2404 D KeyguardUpdateMonitor: received broadcast android.intent.action.BATTERY_CHANGED
09-01 19:00:35.167  2404  2404 D KeyguardUpdateMonitor: handleBatteryUpdate
09-01 19:00:35.170  2831  2831 D QtiCarrierConfigHelper: WARNING, no carrier configs on phone Id: 0
09-01 19:00:35.171  1724  5458 I chatty  : uid=1000(system) IzatProvider expire 12 lines
09-01 19:00:35.177  2765  3264 I chatty  : uid=1000(system) NightPearlSubTh expire 10 lines
09-01 19:00:35.183  2765  2765 I chatty  : uid=1000(system) com.vivo.daemonService expire 13 lines
09-01 19:00:35.184   692   692 V LocSvc_HIDL_IzatSubscription: [batteryLevelUpdate][777] [HS] <<<<= [HC]
09-01 19:00:38.651 10614 10746 D MemoryCeilingMonitor: [handleMemoryCalculate]
09-01 19:00:38.652 10614 10746 D MemoryCeilingMonitor: [calculate] tot: 3375093, max: 268435456, free: 461597, heap: 2913496, per: 0.010853618383407593
09-01 19:00:43.043  2404  2404 D KeyguardUpdateMonitor: handleTimeUpdate
09-01 19:00:47.060  2404  2404 D KeyguardUpdateMonitor: received broadcast android.intent.action.BATTERY_CHANGED
09-01 19:00:47.061  2404  2404 D KeyguardUpdateMonitor: handleBatteryUpdate
09-01 19:00:47.063  2746  2746 D AIE-Bolts-Task: New thread: BoltsBgPool-thread-3742
09-01 19:00:47.071  2831  2831 D QtiCarrierConfigHelper: WARNING, no carrier configs on phone Id: 0
09-01 19:00:47.073   692   692 V LocSvc_HIDL_IzatSubscription: [batteryLevelUpdate][777] [HS] <<<<= [HC]
09-01 19:00:47.603  2765  3774 I chatty  : uid=1000(system) Timer-0 expire 16 lines
09-01 19:00:53.019  1724  3767 W ActivityManager: Unable to start service Intent { act=android.security.IKeyChainService cmp=com.android.keychain/.KeyChainService } U=999: not found
09-01 19:00:53.020  2404 21761 I SecurityController: java.lang.AssertionError: could not bind to KeyChainService
09-01 19:00:53.828  2765  3264 I chatty  : uid=1000(system) NightPearlSubTh expire 12 lines
09-01 19:00:53.829  2404  2404 D KeyguardUpdateMonitor: received broadcast android.intent.action.BATTERY_CHANGED
09-01 19:00:53.829  2404  2404 D KeyguardUpdateMonitor: handleBatteryUpdate
09-01 19:00:53.830  2831  2831 D QtiCarrierConfigHelper: WARNING, no carrier configs on phone Id: 0
09-01 19:00:53.833   692   692 V LocSvc_HIDL_IzatSubscription: [batteryLevelUpdate][777] [HS] <<<<= [HC]
09-01 19:01:00.001  1724  2038 I chatty  : uid=1000(system) AlarmManager expire 15 lines
09-01 19:01:03.368 10614 10759 D WorkerThreadMonitor: Kill MSF check result[ senderSize:0,sendInterval:46044,receiveInterval=15905,addCmdCount=950
09-01 19:01:04.650 10614 10746 D MSF.C.DeepSleepDetector: [run] count after++: 62
09-01 19:01:08.665 10614 10746 D MemoryCeilingMonitor: [handleMemoryCalculate]
09-01 19:01:08.666 10614 10746 D MemoryCeilingMonitor: [calculate] tot: 3375093, max: 268435456, free: 444957, heap: 2930136, per: 0.010915607213973999
09-01 19:01:09.514  1724  2038 I PackageManager: ### pkg:Package{bc0c1a9 com.vivo.abe}
09-01 19:01:09.535  1724  3767 I chatty  : uid=1000(system) Binder:1724_11 expire 16 lines
09-01 19:01:09.659  2765  2765 I chatty  : uid=1000(system) com.vivo.daemonService expire 12 lines
09-01 19:01:09.671  2765  3303 I chatty  : uid=1000(system) GameModeHandler expire 12 lines
09-01 19:01:09.677  4240  4357 E BitmapFactory: Unable to decode stream: java.io.FileNotFoundException: /oem/etc/theme/icons/dynamic_icon/com.android.BBKClock/res/drawable-sw360dp-xxhdpi/clock_hour.png (No such file or directory)
09-01 19:01:09.678  4240  4357 E BitmapFactory: Unable to decode stream: java.io.FileNotFoundException: /oem/etc/theme/icons/dynamic_icon/com.android.BBKClock/res/drawable-sw360dp-xxhdpi/clock_minute.png (No such file or directory)
09-01 19:01:09.679  4240  4357 E BitmapFactory: Unable to decode stream: java.io.FileNotFoundException: /oem/etc/theme/icons/dynamic_icon/com.android.BBKClock/res/drawable-sw360dp-xxhdpi/clock_dial.png (No such file or directory)
09-01 19:01:09.681  4240  4357 E BitmapFactory: Unable to decode stream: java.io.FileNotFoundException: /oem/etc/theme/icons/dynamic_icon/com.android.BBKClock/res/drawable-sw360dp-xxhdpi/clock_dial_center.png (No such file or directory)
09-01 19:01:09.700  2765  2797 I chatty  : uid=1000(system) Binder:2765_2 expire 6 lines
09-01 19:01:09.719  1724  1853 I chatty  : uid=1000(system) android.ui expire 11 lines
09-01 19:01:11.073  1007  1109 E storaged: getDiskStats failed with result NOT_SUPPORTED and size 0
09-01 19:01:23.071  1724  2922 W ActivityManager: Unable to start service Intent { act=android.security.IKeyChainService cmp=com.android.keychain/.KeyChainService } U=999: not found
09-01 19:01:23.078  2404 21767 I SecurityController: java.lang.AssertionError: could not bind to KeyChainService
09-01 19:01:29.728  1724  1724 I chatty  : uid=1000 system_server expire 15 lines
09-01 19:01:29.730  2404  2404 D KeyguardUpdateMonitor: received broadcast android.intent.action.BATTERY_CHANGED
09-01 19:01:29.731  2404  2404 D KeyguardUpdateMonitor: handleBatteryUpdate
09-01 19:01:29.748  2831  2831 D QtiCarrierConfigHelper: WARNING, no carrier configs on phone Id: 0
09-01 19:01:29.749   692   692 V LocSvc_HIDL_IzatSubscription: [batteryLevelUpdate][777] [HS] <<<<= [HC]
09-01 19:01:38.259  1724  2922 I chatty  : uid=1000(system) Binder:1724_E expire 11 lines
09-01 19:01:38.469 19545 20196 E memtrack: Couldn't load memtrack module
09-01 19:01:38.469 19545 20196 W android.os.Debug: failed to get memory consumption info: -1
09-01 19:01:38.697 10614 10746 D MemoryCeilingMonitor: [handleMemoryCalculate]
09-01 19:01:38.697 10614 10746 D MemoryCeilingMonitor: [calculate] tot: 3375093, max: 268435456, free: 428445, heap: 2946648, per: 0.010977119207382202
09-01 19:01:41.954  2258  8462 W ContextImpl: Calling a method in the system process without a qualified user: android.app.ContextImpl.sendBroadcast:1024 android.content.ContextWrapper.sendBroadcast:444 com.vivo.idlemonitor.MonitorService.a:262 com.vivo.idlemonitor.MonitorService.a:28 com.vivo.idlemonitor.MonitorService$1.handleMessage:108
09-01 19:01:41.963  1724 10303 I PackageManager: ### pkg:Package{8f538ff com.bbk.appstore}
09-01 19:01:41.966  1724  1852 D ActivityManager: StartMode packageName = com.bbk.appstore ,callingPid = -1 ,alwaysRestrict = true ,startMode = 2 ,UidRec:UidRecord{bed717f u0a98 CEM  bg:+58m2s881ms idle change:cached procs:2 seq(0,0,0)}
09-01 19:01:41.976  2258  8462 W ContextImpl: Calling a method in the system process without a qualified user: android.app.ContextImpl.sendBroadcast:1024 android.content.ContextWrapper.sendBroadcast:444 com.vivo.idlemonitor.MonitorService.a:269 com.vivo.idlemonitor.MonitorService.a:28 com.vivo.idlemonitor.MonitorService$1.handleMessage:108
09-01 19:01:41.991  1724  1852 I chatty  : uid=1000(system) ActivityManager expire 16 lines
09-01 19:01:41.996  1724 10303 I PackageManager: ### pkg:Package{3fce8e6 com.vivo.game}
09-01 19:01:42.001  1724  2922 D ActivityManager: StartMode packageName = com.vivo.game ,callingPid = -1 ,alwaysRestrict = true ,startMode = 2 ,UidRec:UidRecord{1ae1097 u0a119 CEM  idle change:cached procs:1 seq(0,0,0)}
09-01 19:01:48.253  2746  2746 W PulseThread: type=1400 audit(0.0:88351): avc: denied { getattr } for path="/proc/21717/stat" dev="proc" ino=4442318 scontext=u:r:system_app:s0 tcontext=u:r:kernel:s0 tclass=file permissive=0
09-01 19:01:48.253  2746  2746 W PulseThread: type=1400 audit(0.0:88352): avc: denied { read } for name="stat" dev="proc" ino=4442318 scontext=u:r:system_app:s0 tcontext=u:r:kernel:s0 tclass=file permissive=0
09-01 19:01:48.253  2746  2746 W PulseThread: type=1400 audit(0.0:88353): avc: denied { read } for name="cmdline" dev="proc" ino=4442319 scontext=u:r:system_app:s0 tcontext=u:r:kernel:s0 tclass=file permissive=0
09-01 19:01:48.260  2746  3159 W ProcessCpuTracker: Skipping unknown process pid 21717
09-01 19:01:48.262  2746  3159 W ProcessCpuTracker: Skipping unknown process pid 21757
09-01 19:01:48.253  2746  2746 W PulseThread: type=1400 audit(0.0:88354): avc: denied { read } for name="task" dev="proc" ino=4443267 scontext=u:r:system_app:s0 tcontext=u:r:kernel:s0 tclass=dir permissive=0
09-01 19:01:48.253  2746  2746 W PulseThread: type=1400 audit(0.0:88355): avc: denied { getattr } for path="/proc/21757/stat" dev="proc" ino=4442345 scontext=u:r:system_app:s0 tcontext=u:r:kernel:s0 tclass=file permissive=0
09-01 19:01:48.253  2746  2746 W PulseThread: type=1400 audit(0.0:88356): avc: denied { read } for name="stat" dev="proc" ino=4442345 scontext=u:r:system_app:s0 tcontext=u:r:kernel:s0 tclass=file permissive=0
09-01 19:01:48.253  2746  2746 W PulseThread: type=1400 audit(0.0:88357): avc: denied { read } for name="cmdline" dev="proc" ino=4442346 scontext=u:r:system_app:s0 tcontext=u:r:kernel:s0 tclass=file permissive=0
09-01 19:01:48.253  2746  2746 W PulseThread: type=1400 audit(0.0:88358): avc: denied { read } for name="task" dev="proc" ino=4443268 scontext=u:r:system_app:s0 tcontext=u:r:kernel:s0 tclass=dir permissive=0
09-01 19:01:51.617  2765  3774 I chatty  : uid=1000(system) Timer-0 expire 14 lines
09-01 19:01:53.168  1724 10303 W ActivityManager: Unable to start service Intent { act=android.security.IKeyChainService cmp=com.android.keychain/.KeyChainService } U=999: not found
09-01 19:01:53.169  2404 21776 I SecurityController: java.lang.AssertionError: could not bind to KeyChainService
09-01 19:01:53.842  2404  2404 D KeyguardUpdateMonitor: received broadcast android.intent.action.BATTERY_CHANGED
09-01 19:01:53.843  2404  2404 D KeyguardUpdateMonitor: handleBatteryUpdate
09-01 19:01:53.844  4221  4221 I chatty  : uid=1000(system) com.vivo.floatingball:floating expire 10 lines
09-01 19:01:53.845  1724  5458 I chatty  : uid=1000(system) IzatProvider expire 18 lines
09-01 19:01:53.846  2831  2831 D QtiCarrierConfigHelper: WARNING, no carrier configs on phone Id: 0
09-01 19:01:53.848  2765  2765 I chatty  : uid=1000(system) com.vivo.daemonService expire 36 lines
09-01 19:01:53.849  2765  3264 I chatty  : uid=1000(system) NightPearlSubTh expire 28 lines
09-01 19:01:53.852   692   692 V LocSvc_HIDL_IzatSubscription: [batteryLevelUpdate][777] [HS] <<<<= [HC]
09-01 19:01:57.069  2831  2831 D QtiCarrierConfigHelper: WARNING, no carrier configs on phone Id: 0
09-01 19:01:57.072   692   692 V LocSvc_HIDL_IzatSubscription: [batteryLevelUpdate][777] [HS] <<<<= [HC]
09-01 19:01:57.074  2404  2404 D KeyguardUpdateMonitor: received broadcast android.intent.action.BATTERY_CHANGED
09-01 19:01:57.075  2404  2404 D KeyguardUpdateMonitor: handleBatteryUpdate
09-01 19:02:01.307  2404  2404 D KeyguardUpdateMonitor: received broadcast android.intent.action.BATTERY_CHANGED
09-01 19:02:01.308  2404  2404 D KeyguardUpdateMonitor: handleBatteryUpdate
09-01 19:02:01.310  2831  2831 D QtiCarrierConfigHelper: WARNING, no carrier configs on phone Id: 0
09-01 19:02:01.315   692   692 V LocSvc_HIDL_IzatSubscription: [batteryLevelUpdate][777] [HS] <<<<= [HC]
09-01 19:02:01.330  2404  2404 D KeyguardUpdateMonitor: received broadcast android.intent.action.BATTERY_CHANGED
09-01 19:02:01.330  2404  2404 D KeyguardUpdateMonitor: handleBatteryUpdate
09-01 19:02:01.336  2831  2831 D QtiCarrierConfigHelper: WARNING, no carrier configs on phone Id: 0
09-01 19:02:01.337   692   692 V LocSvc_HIDL_IzatSubscription: [batteryLevelUpdate][777] [HS] <<<<= [HC]
09-01 19:02:01.350  2404  2404 D KeyguardUpdateMonitor: received broadcast android.intent.action.BATTERY_CHANGED
09-01 19:02:01.351  2404  2404 D KeyguardUpdateMonitor: handleBatteryUpdate
09-01 19:02:01.359  2831  2831 D QtiCarrierConfigHelper: WARNING, no carrier configs on phone Id: 0
09-01 19:02:01.361   692   692 V LocSvc_HIDL_IzatSubscription: [batteryLevelUpdate][777] [HS] <<<<= [HC]
09-01 19:02:01.372  2404  2404 D KeyguardUpdateMonitor: received broadcast android.intent.action.BATTERY_CHANGED
09-01 19:02:01.373  2404  2404 D KeyguardUpdateMonitor: handleBatteryUpdate
09-01 19:02:01.375  2831  2831 D QtiCarrierConfigHelper: WARNING, no carrier configs on phone Id: 0
09-01 19:02:01.376   692   692 V LocSvc_HIDL_IzatSubscription: [batteryLevelUpdate][777] [HS] <<<<= [HC]
09-01 19:02:03.382 10614 10759 D WorkerThreadMonitor: Kill MSF check result[ senderSize:0,sendInterval:106058,receiveInterval=15881,addCmdCount=950
09-01 19:02:04.679 10614 10746 D MSF.C.DeepSleepDetector: [run] count after++: 63
09-01 19:02:06.428 21075  5881 E memtrack: Couldn't load memtrack module
09-01 19:02:06.428 21075  5881 W android.os.Debug: failed to get memory consumption info: -1
09-01 19:02:08.709 10614 10746 D MemoryCeilingMonitor: [handleMemoryCalculate]
09-01 19:02:08.709 10614 10746 D MemoryCeilingMonitor: [calculate] tot: 3375093, max: 268435456, free: 411805, heap: 2963288, per: 0.011039108037948608
09-01 19:02:11.087  1007  1109 E storaged: getDiskStats failed with result NOT_SUPPORTED and size 0
09-01 19:02:13.035  2682  3066 E PowerMonitor: exception In sysProcTransDectect java.lang.NoSuchMethodException: vivoGetNetworkStatsUidDetailWithPackInfo [int]
09-01 19:02:13.051  2682  3066 V BigDataLog: noteWriteData which = 5
09-01 19:02:13.061  1724  2478 I chatty  : uid=1000(system) Binder:1724_6 expire 11 lines
09-01 19:02:16.602  1724  1852 D ActivityManager: StartMode packageName = com.tencent.mm ,callingPid = -1 ,alwaysRestrict = true ,startMode = 2 ,UidRec:UidRecord{b2ddca8 u0a569 SVC  idle procs:2 seq(0,0,0)}
09-01 19:02:23.271  1724  2478 W ActivityManager: Unable to start service Intent { act=android.security.IKeyChainService cmp=com.android.keychain/.KeyChainService } U=999: not found
09-01 19:02:23.273  2404 21783 I SecurityController: java.lang.AssertionError: could not bind to KeyChainService
09-01 19:02:28.678  2765  3264 I chatty  : uid=1000(system) NightPearlSubTh expire 10 lines
09-01 19:02:28.681  2404  2404 D KeyguardUpdateMonitor: received broadcast android.intent.action.BATTERY_CHANGED
09-01 19:02:28.682  2404  2404 D KeyguardUpdateMonitor: handleBatteryUpdate
09-01 19:02:28.684  1724  5458 I chatty  : uid=1000(system) IzatProvider expire 10 lines
09-01 19:02:28.685  2831  2831 D QtiCarrierConfigHelper: WARNING, no carrier configs on phone Id: 0
09-01 19:02:28.688  2765  2765 I chatty  : uid=1000(system) com.vivo.daemonService expire 12 lines
09-01 19:02:28.688   692   692 V LocSvc_HIDL_IzatSubscription: [batteryLevelUpdate][777] [HS] <<<<= [HC]
09-01 19:02:28.693  1724  1724 I chatty  : uid=1000 system_server expire 10 lines
09-01 19:02:38.740 10614 10746 D MemoryCeilingMonitor: [handleMemoryCalculate]
09-01 19:02:38.740 10614 10746 D MemoryCeilingMonitor: [calculate] tot: 3375093, max: 268435456, free: 395293, heap: 2979800, per: 0.011100620031356812
09-01 19:02:39.546  4240  4357 E BitmapFactory: Unable to decode stream: java.io.FileNotFoundException: /oem/etc/theme/icons/dynamic_icon/com.android.BBKClock/res/drawable-sw360dp-xxhdpi/clock_hour.png (No such file or directory)
09-01 19:02:39.550  4240  4357 E BitmapFactory: Unable to decode stream: java.io.FileNotFoundException: /oem/etc/theme/icons/dynamic_icon/com.android.BBKClock/res/drawable-sw360dp-xxhdpi/clock_minute.png (No such file or directory)
09-01 19:02:39.553  4240  4357 E BitmapFactory: Unable to decode stream: java.io.FileNotFoundException: /oem/etc/theme/icons/dynamic_icon/com.android.BBKClock/res/drawable-sw360dp-xxhdpi/clock_dial.png (No such file or directory)
09-01 19:02:39.561  4240  4357 E BitmapFactory: Unable to decode stream: java.io.FileNotFoundException: /oem/etc/theme/icons/dynamic_icon/com.android.BBKClock/res/drawable-sw360dp-xxhdpi/clock_dial_center.png (No such file or directory)
09-01 19:02:44.259  2404  2404 D KeyguardUpdateMonitor: handleTimeUpdate
09-01 19:02:47.055  2404  2404 D KeyguardUpdateMonitor: received broadcast android.intent.action.BATTERY_CHANGED
09-01 19:02:47.056  2404  2404 D KeyguardUpdateMonitor: handleBatteryUpdate
09-01 19:02:47.058  2746  2746 D AIE-Bolts-Task: New thread: BoltsBgPool-thread-3743
09-01 19:02:47.062  2831  2831 D QtiCarrierConfigHelper: WARNING, no carrier configs on phone Id: 0
09-01 19:02:47.070   692   692 V LocSvc_HIDL_IzatSubscription: [batteryLevelUpdate][777] [HS] <<<<= [HC]
09-01 19:02:47.624  2765  3774 I chatty  : uid=1000(system) Timer-0 expire 10 lines
09-01 19:02:53.363  1724  2478 W ActivityManager: Unable to start service Intent { act=android.security.IKeyChainService cmp=com.android.keychain/.KeyChainService } U=999: not found
09-01 19:02:53.363  2404 21788 I SecurityController: java.lang.AssertionError: could not bind to KeyChainService
09-01 19:02:53.841  2404  2404 D KeyguardUpdateMonitor: received broadcast android.intent.action.BATTERY_CHANGED
09-01 19:02:53.842  2404  2404 D KeyguardUpdateMonitor: handleBatteryUpdate
09-01 19:02:53.842  2765  3264 I chatty  : uid=1000(system) NightPearlSubTh expire 10 lines
09-01 19:02:53.845  2765  2765 I chatty  : uid=1000(system) com.vivo.daemonService expire 12 lines
09-01 19:02:53.852   692   692 V LocSvc_HIDL_IzatSubscription: [batteryLevelUpdate][777] [HS] <<<<= [HC]
09-01 19:02:53.856  2831  2831 D QtiCarrierConfigHelper: WARNING, no carrier configs on phone Id: 0
09-01 19:02:53.867  2404  2404 D KeyguardUpdateMonitor: received broadcast android.intent.action.BATTERY_CHANGED
09-01 19:02:53.868  2404  2404 D KeyguardUpdateMonitor: handleBatteryUpdate
09-01 19:02:53.873  1724  5458 I chatty  : uid=1000(system) IzatProvider expire 17 lines
09-01 19:02:53.873   692   692 V LocSvc_HIDL_IzatSubscription: [batteryLevelUpdate][777] [HS] <<<<= [HC]
09-01 19:02:53.873  2831  2831 D QtiCarrierConfigHelper: WARNING, no carrier configs on phone Id: 0
09-01 19:03:03.396 10614 10759 D WorkerThreadMonitor: Kill MSF check result[ senderSize:0,sendInterval:166072,receiveInterval=15850,addCmdCount=950
09-01 19:03:04.706 10614 10746 D MSF.C.DeepSleepDetector: [run] count after++: 64
09-01 19:03:08.752 10614 10746 D MemoryCeilingMonitor: [handleMemoryCalculate]
09-01 19:03:08.752 10614 10746 D MemoryCeilingMonitor: [calculate] tot: 3375093, max: 268435456, free: 345885, heap: 3029208, per: 0.011284679174423218
09-01 19:03:11.089  1007  1109 E storaged: getDiskStats failed with result NOT_SUPPORTED and size 0
09-01 19:03:23.439  1724  2922 W ActivityManager: Unable to start service Intent { act=android.security.IKeyChainService cmp=com.android.keychain/.KeyChainService } U=999: not found
09-01 19:03:23.441  2404 21795 I SecurityController: java.lang.AssertionError: could not bind to KeyChainService
09-01 19:03:23.729 18764 18784 I Finsky  : [7958] jbz.run(30): Stats for Executor: BlockingExecutor jcx@126cff6[Running, pool size = 0, active threads = 0, queued tasks = 0, completed tasks = 12]
09-01 19:03:23.730 18764 18784 I Finsky  : [7958] jbz.run(30): Stats for Executor: LightweightExecutor jcx@f27aff7[Running, pool size = 4, active threads = 0, queued tasks = 0, completed tasks = 83]
09-01 19:03:23.977 18764 18784 I Finsky  : [7958] jbz.run(30): Stats for Executor: bgExecutor jcx@b8d5e64[Running, pool size = 4, active threads = 0, queued tasks = 0, completed tasks = 186]
09-01 19:03:25.029 18853 18873 I Finsky:background: [7965] jbz.run(30): Stats for Executor: bgExecutor jcx@3ea086b[Running, pool size = 0, active threads = 0, queued tasks = 0, completed tasks = 0]
09-01 19:03:26.135  2404  2404 D KeyguardUpdateMonitor: received broadcast android.intent.action.BATTERY_CHANGED
09-01 19:03:26.135  2765  3264 I chatty  : uid=1000(system) NightPearlSubTh expire 10 lines
09-01 19:03:26.136  2404  2404 D KeyguardUpdateMonitor: handleBatteryUpdate
09-01 19:03:26.140  2765  2765 I chatty  : uid=1000(system) com.vivo.daemonService expire 12 lines
09-01 19:03:26.142  4221  4221 I chatty  : uid=1000(system) com.vivo.floatingball:floating expire 10 lines
09-01 19:03:26.143  2831  2831 D QtiCarrierConfigHelper: WARNING, no carrier configs on phone Id: 0
09-01 19:03:26.147   692   692 V LocSvc_HIDL_IzatSubscription: [batteryLevelUpdate][777] [HS] <<<<= [HC]
09-01 19:03:26.152  1724  1724 I chatty  : uid=1000 system_server expire 11 lines
09-01 19:03:27.630  2765  3774 I chatty  : uid=1000(system) Timer-0 expire 16 lines
09-01 19:03:38.782 10614 10746 D MemoryCeilingMonitor: [handleMemoryCalculate]
09-01 19:03:38.782 10614 10746 D MemoryCeilingMonitor: [calculate] tot: 3375093, max: 268435456, free: 280221, heap: 3094872, per: 0.011529296636581421
09-01 19:03:39.562  4240  4357 E BitmapFactory: Unable to decode stream: java.io.FileNotFoundException: /oem/etc/theme/icons/dynamic_icon/com.android.BBKClock/res/drawable-sw360dp-xxhdpi/clock_hour.png (No such file or directory)
09-01 19:03:39.566  4240  4357 E BitmapFactory: Unable to decode stream: java.io.FileNotFoundException: /oem/etc/theme/icons/dynamic_icon/com.android.BBKClock/res/drawable-sw360dp-xxhdpi/clock_minute.png (No such file or directory)
09-01 19:03:39.569  4240  4357 E BitmapFactory: Unable to decode stream: java.io.FileNotFoundException: /oem/etc/theme/icons/dynamic_icon/com.android.BBKClock/res/drawable-sw360dp-xxhdpi/clock_dial.png (No such file or directory)
09-01 19:03:39.577  4240  4357 E BitmapFactory: Unable to decode stream: java.io.FileNotFoundException: /oem/etc/theme/icons/dynamic_icon/com.android.BBKClock/res/drawable-sw360dp-xxhdpi/clock_dial_center.png (No such file or directory)
09-01 19:03:46.409  2404  2404 D KeyguardUpdateMonitor: received broadcast android.intent.action.BATTERY_CHANGED
09-01 19:03:46.409  2404  2404 D KeyguardUpdateMonitor: handleBatteryUpdate
09-01 19:03:46.431  2831  2831 D QtiCarrierConfigHelper: WARNING, no carrier configs on phone Id: 0
09-01 19:03:46.432   692   692 V LocSvc_HIDL_IzatSubscription: [batteryLevelUpdate][777] [HS] <<<<= [HC]
09-01 19:03:46.441  2765  3264 I chatty  : uid=1000(system) NightPearlSubTh expire 15 lines
09-01 19:03:46.443  2404  2404 D KeyguardUpdateMonitor: received broadcast android.intent.action.BATTERY_CHANGED
09-01 19:03:46.444  2404  2404 D KeyguardUpdateMonitor: handleBatteryUpdate
09-01 19:03:46.444  2765  2765 I chatty  : uid=1000(system) com.vivo.daemonService expire 18 lines
09-01 19:03:46.452  2831  2831 D QtiCarrierConfigHelper: WARNING, no carrier configs on phone Id: 0
09-01 19:03:46.454   692   692 V LocSvc_HIDL_IzatSubscription: [batteryLevelUpdate][777] [HS] <<<<= [HC]
09-01 19:03:47.053  2404  2404 D KeyguardUpdateMonitor: received broadcast android.intent.action.BATTERY_CHANGED
09-01 19:03:47.054  2404  2404 D KeyguardUpdateMonitor: handleBatteryUpdate
09-01 19:03:47.057  2831  2831 D QtiCarrierConfigHelper: WARNING, no carrier configs on phone Id: 0
09-01 19:03:47.058  2746  2746 D AIE-Bolts-Task: New thread: BoltsBgPool-thread-3744
09-01 19:03:47.067   692   692 V LocSvc_HIDL_IzatSubscription: [batteryLevelUpdate][777] [HS] <<<<= [HC]
09-01 19:03:53.539  1724 10303 I chatty  : uid=1000(system) Binder:1724_1A expire 12 lines
09-01 19:03:53.540  1724 10303 W ActivityManager: Unable to start service Intent { act=android.security.IKeyChainService cmp=com.android.keychain/.KeyChainService } U=999: not found
09-01 19:03:53.540  2404 21802 I SecurityController: java.lang.AssertionError: could not bind to KeyChainService
09-01 19:03:53.839  2404  2404 D KeyguardUpdateMonitor: received broadcast android.intent.action.BATTERY_CHANGED
09-01 19:03:53.840  2404  2404 D KeyguardUpdateMonitor: handleBatteryUpdate
09-01 19:03:53.843  2831  2831 D QtiCarrierConfigHelper: WARNING, no carrier configs on phone Id: 0
09-01 19:03:53.850   692   692 V LocSvc_HIDL_IzatSubscription: [batteryLevelUpdate][777] [HS] <<<<= [HC]
09-01 19:04:00.001  1724  2038 I chatty  : uid=1000(system) AlarmManager expire 21 lines
09-01 19:04:03.400 10614 10759 D WorkerThreadMonitor: Kill MSF check result[ senderSize:0,sendInterval:226076,receiveInterval=15788,addCmdCount=950
09-01 19:04:04.731 10614 10746 D MSF.C.DeepSleepDetector: [run] count after++: 65
09-01 19:04:08.796 10614 10746 D MemoryCeilingMonitor: [handleMemoryCalculate]
09-01 19:04:08.797 10614 10746 D MemoryCeilingMonitor: [calculate] tot: 3375093, max: 268435456, free: 198045, heap: 3177048, per: 0.011835426092147827
09-01 19:04:09.743  3023  3023 W rms_memory_cana: type=1400 audit(0.0:88359): avc: denied { read } for name="mem_quick" dev="debugfs" ino=4183638 scontext=u:r:system_app:s0 tcontext=u:object_r:kgsl_debugfs:s0 tclass=file permissive=0
09-01 19:04:09.763  3023  3023 W rms_memory_cana: type=1400 audit(0.0:88360): avc: denied { read } for name="proc" dev="debugfs" ino=4984 scontext=u:r:system_app:s0 tcontext=u:object_r:kgsl_debugfs:s0 tclass=dir permissive=0
09-01 19:04:11.091  1007  1109 E storaged: getDiskStats failed with result NOT_SUPPORTED and size 0
09-01 19:04:18.433  2746  2746 W PulseThread: type=1400 audit(0.0:88361): avc: denied { getattr } for path="/proc/21794/stat" dev="proc" ino=4442387 scontext=u:r:system_app:s0 tcontext=u:r:kernel:s0 tclass=file permissive=0
09-01 19:04:18.433  2746  2746 W PulseThread: type=1400 audit(0.0:88362): avc: denied { read } for name="stat" dev="proc" ino=4442387 scontext=u:r:system_app:s0 tcontext=u:r:kernel:s0 tclass=file permissive=0
09-01 19:04:18.433  2746  2746 W PulseThread: type=1400 audit(0.0:88363): avc: denied { read } for name="cmdline" dev="proc" ino=4442388 scontext=u:r:system_app:s0 tcontext=u:r:kernel:s0 tclass=file permissive=0
09-01 19:04:18.444  2746  3159 W ProcessCpuTracker: Skipping unknown process pid 21794
09-01 19:04:18.445  2746  3159 W ProcessCpuTracker: Skipping unknown process pid 21799
09-01 19:04:18.433  2746  2746 W PulseThread: type=1400 audit(0.0:88364): avc: denied { read } for name="task" dev="proc" ino=4443313 scontext=u:r:system_app:s0 tcontext=u:r:kernel:s0 tclass=dir permissive=0
09-01 19:04:18.433  2746  2746 W PulseThread: type=1400 audit(0.0:88365): avc: denied { getattr } for path="/proc/21799/stat" dev="proc" ino=4442389 scontext=u:r:system_app:s0 tcontext=u:r:kernel:s0 tclass=file permissive=0
09-01 19:04:18.433  2746  2746 W PulseThread: type=1400 audit(0.0:88366): avc: denied { read } for name="stat" dev="proc" ino=4442389 scontext=u:r:system_app:s0 tcontext=u:r:kernel:s0 tclass=file permissive=0
09-01 19:04:18.433  2746  2746 W PulseThread: type=1400 audit(0.0:88367): avc: denied { read } for name="cmdline" dev="proc" ino=4442390 scontext=u:r:system_app:s0 tcontext=u:r:kernel:s0 tclass=file permissive=0
09-01 19:04:18.433  2746  2746 W PulseThread: type=1400 audit(0.0:88368): avc: denied { read } for name="task" dev="proc" ino=4443314 scontext=u:r:system_app:s0 tcontext=u:r:kernel:s0 tclass=dir permissive=0
09-01 19:04:23.652  1724 10303 W ActivityManager: Unable to start service Intent { act=android.security.IKeyChainService cmp=com.android.keychain/.KeyChainService } U=999: not found
09-01 19:04:23.660  2404 21808 I SecurityController: java.lang.AssertionError: could not bind to KeyChainService
09-01 19:04:24.106  1724  2062 D NetdConnector: RCV <- {601 limit alert globalAlert wlan0}
09-01 19:04:24.124   992   992 E Netd    : tether checkPermission, pid:1724 uid:1000
09-01 19:04:24.230  1724  2064 D NetdConnector: SND -> {1422 bandwidth setglobalalert 2097152}
09-01 19:04:24.232  1724  2062 D NetdConnector: RCV <- {200 1422 Bandwidth command succeeeded}
09-01 19:04:24.233  1724  2064 D NetdConnector: RMV <- {200 1422 Bandwidth command succeeeded}
09-01 19:04:26.536  2765  3264 I chatty  : uid=1000(system) NightPearlSubTh expire 14 lines
09-01 19:04:26.537  1724  1724 I chatty  : uid=1000 system_server expire 11 lines
09-01 19:04:26.538  2765  2765 I chatty  : uid=1000(system) com.vivo.daemonService expire 12 lines
09-01 19:04:26.539  2404  2404 D KeyguardUpdateMonitor: received broadcast android.intent.action.BATTERY_CHANGED
09-01 19:04:26.541  2404  2404 D KeyguardUpdateMonitor: handleBatteryUpdate
09-01 19:04:26.541  1724  5458 I chatty  : uid=1000(system) IzatProvider expire 12 lines
09-01 19:04:26.541  2831  2831 D QtiCarrierConfigHelper: WARNING, no carrier configs on phone Id: 0
09-01 19:04:26.547   692   692 V LocSvc_HIDL_IzatSubscription: [batteryLevelUpdate][777] [HS] <<<<= [HC]
09-01 19:04:31.645  2765  3774 I chatty  : uid=1000(system) Timer-0 expire 10 lines
09-01 19:04:38.830 10614 10746 D MemoryCeilingMonitor: [handleMemoryCalculate]
09-01 19:04:38.831 10614 10746 D MemoryCeilingMonitor: [calculate] tot: 3375093, max: 268435456, free: 132381, heap: 3242712, per: 0.01208004355430603
09-01 19:04:39.538 10614 10721 I PERF_LOG: GC.happened gc!!!!!!!!!, 321578 ms interval from last time
09-01 19:04:39.569  4240  4357 E BitmapFactory: Unable to decode stream: java.io.FileNotFoundException: /oem/etc/theme/icons/dynamic_icon/com.android.BBKClock/res/drawable-sw360dp-xxhdpi/clock_hour.png (No such file or directory)
09-01 19:04:39.571  4240  4357 E BitmapFactory: Unable to decode stream: java.io.FileNotFoundException: /oem/etc/theme/icons/dynamic_icon/com.android.BBKClock/res/drawable-sw360dp-xxhdpi/clock_minute.png (No such file or directory)
09-01 19:04:39.573  4240  4357 E BitmapFactory: Unable to decode stream: java.io.FileNotFoundException: /oem/etc/theme/icons/dynamic_icon/com.android.BBKClock/res/drawable-sw360dp-xxhdpi/clock_dial.png (No such file or directory)
09-01 19:04:39.579  4240  4357 E BitmapFactory: Unable to decode stream: java.io.FileNotFoundException: /oem/etc/theme/icons/dynamic_icon/com.android.BBKClock/res/drawable-sw360dp-xxhdpi/clock_dial_center.png (No such file or directory)
09-01 19:04:42.210  2258  8462 W ContextImpl: Calling a method in the system process without a qualified user: android.app.ContextImpl.sendBroadcast:1024 android.content.ContextWrapper.sendBroadcast:444 com.vivo.idlemonitor.MonitorService.a:262 com.vivo.idlemonitor.MonitorService.a:28 com.vivo.idlemonitor.MonitorService$1.handleMessage:108
09-01 19:04:42.218  1724 10303 I PackageManager: ### pkg:Package{8f538ff com.bbk.appstore}
09-01 19:04:42.220  1724  1852 D ActivityManager: StartMode packageName = com.bbk.appstore ,callingPid = -1 ,alwaysRestrict = true ,startMode = 2 ,UidRec:UidRecord{bed717f u0a98 CEM  bg:+1h1m3s135ms idle change:cached procs:2 seq(0,0,0)}
09-01 19:04:42.224  2258  8462 W ContextImpl: Calling a method in the system process without a qualified user: android.app.ContextImpl.sendBroadcast:1024 android.content.ContextWrapper.sendBroadcast:444 com.vivo.idlemonitor.MonitorService.a:269 com.vivo.idlemonitor.MonitorService.a:28 com.vivo.idlemonitor.MonitorService$1.handleMessage:108
09-01 19:04:42.237  1724  1852 I ActivityManager: Killing 8894:com.bbk.theme.provider/u0a71 (adj 904): empty for 1819s
09-01 19:04:42.252  1724  1852 I ActivityManager: Killing 8952:com.vivo.SmartKey/u0a76 (adj 904): empty for 1820s
09-01 19:04:42.254  1724  1857 I chatty  : uid=1000(system) ActivityManager expire 17 lines
09-01 19:04:42.254  1724  1852 I ActivityManager: Killing 9013:com.bbk.calendar/u0a87 (adj 904): empty for 1820s
09-01 19:04:42.256  1724  1852 I ActivityManager: Killing 20870:com.iqoo.secure/u0a53 (adj 904): empty for 1820s
09-01 19:04:42.264  1724 10303 I PackageManager: ### pkg:Package{3fce8e6 com.vivo.game}
09-01 19:04:42.269  1724  2478 D ActivityManager: StartMode packageName = com.vivo.game ,callingPid = -1 ,alwaysRestrict = true ,startMode = 2 ,UidRec:UidRecord{1ae1097 u0a119 CEM  idle change:cached procs:1 seq(0,0,0)}
09-01 19:04:42.270  1724  2478 I chatty  : uid=1000(system) Binder:1724_6 expire 3 lines
09-01 19:04:42.303  1724  2098 I chatty  : uid=1000(system) VivoLocationNot expire 12 lines
09-01 19:04:42.303  1724  2922 I chatty  : uid=1000(system) Binder:1724_E expire 2 lines
09-01 19:04:42.311   978   978 I Zygote  : Process 8952 exited due to signal (9)
09-01 19:04:42.313  2765  2785 I chatty  : uid=1000(system) Binder:2765_1 expire 24 lines
09-01 19:04:42.327  1724 10303 I chatty  : uid=1000(system) Binder:1724_1A expire 12 lines
09-01 19:04:42.328   978   978 I Zygote  : Process 9013 exited due to signal (9)
09-01 19:04:42.338   978   978 I Zygote  : Process 8894 exited due to signal (9)
09-01 19:04:42.344  2765  4056 I chatty  : uid=1000(system) Binder:2765_8 expire 12 lines
09-01 19:04:42.355  1724 16084 I chatty  : uid=1000(system) Binder:1724_20 expire 4 lines
09-01 19:04:42.367  2765 14957 I chatty  : uid=1000(system) Binder:2765_C expire 16 lines
09-01 19:04:42.368   978   978 I Zygote  : Process 20870 exited due to signal (9)
09-01 19:04:42.396  2765  2765 I chatty  : uid=1000(system) com.vivo.daemonService expire 15 lines
09-01 19:04:43.096  2682  3066 E PowerMonitor: exception In sysProcTransDectect java.lang.NoSuchMethodException: vivoGetNetworkStatsUidDetailWithPackInfo [int]
09-01 19:04:43.110  2682  3066 V BigDataLog: noteWriteData which = 5
09-01 19:04:44.273  2404  2404 D KeyguardUpdateMonitor: handleTimeUpdate
09-01 19:04:53.770  1724  3767 W ActivityManager: Unable to start service Intent { act=android.security.IKeyChainService cmp=com.android.keychain/.KeyChainService } U=999: not found
09-01 19:04:53.773  2404 21818 I SecurityController: java.lang.AssertionError: could not bind to KeyChainService
09-01 19:04:53.846  2404  2404 D KeyguardUpdateMonitor: received broadcast android.intent.action.BATTERY_CHANGED
09-01 19:04:53.847  2404  2404 D KeyguardUpdateMonitor: handleBatteryUpdate
09-01 19:04:53.854  2831  2831 D QtiCarrierConfigHelper: WARNING, no carrier configs on phone Id: 0
09-01 19:04:53.857   692   692 V LocSvc_HIDL_IzatSubscription: [batteryLevelUpdate][777] [HS] <<<<= [HC]
09-01 19:04:54.701  2404  2404 D KeyguardUpdateMonitor: received broadcast android.intent.action.BATTERY_CHANGED
09-01 19:04:54.702  2404  2404 D KeyguardUpdateMonitor: handleBatteryUpdate
09-01 19:04:54.707  2831  2831 D QtiCarrierConfigHelper: WARNING, no carrier configs on phone Id: 0
09-01 19:04:54.708  2765  3264 I chatty  : uid=1000(system) NightPearlSubTh expire 10 lines
09-01 19:04:54.709   692   692 V LocSvc_HIDL_IzatSubscription: [batteryLevelUpdate][777] [HS] <<<<= [HC]
09-01 19:04:54.722  2404  2404 D KeyguardUpdateMonitor: received broadcast android.intent.action.BATTERY_CHANGED
09-01 19:04:54.722  2404  2404 D KeyguardUpdateMonitor: handleBatteryUpdate
09-01 19:04:54.724  2765  2765 I chatty  : uid=1000(system) com.vivo.daemonService expire 11 lines
09-01 19:04:54.728  2831  2831 D QtiCarrierConfigHelper: WARNING, no carrier configs on phone Id: 0
09-01 19:04:54.728   692   692 V LocSvc_HIDL_IzatSubscription: [batteryLevelUpdate][777] [HS] <<<<= [HC]
09-01 19:05:03.412 10614 10759 D WorkerThreadMonitor: Kill MSF check result[ senderSize:0,sendInterval:286088,receiveInterval=15763,addCmdCount=950
09-01 19:05:04.758 10614 10746 D MSF.C.DeepSleepDetector: [run] count after++: 66
09-01 19:05:07.070  2404  2404 D KeyguardUpdateMonitor: received broadcast android.intent.action.BATTERY_CHANGED
09-01 19:05:07.071  2404  2404 D KeyguardUpdateMonitor: handleBatteryUpdate
09-01 19:05:07.073  2746  2746 D AIE-Bolts-Task: New thread: BoltsBgPool-thread-3745
09-01 19:05:07.075  2831  2831 D QtiCarrierConfigHelper: WARNING, no carrier configs on phone Id: 0
09-01 19:05:07.077  1724  5458 I chatty  : uid=1000(system) IzatProvider expire 15 lines
09-01 19:05:07.079   692   692 V LocSvc_HIDL_IzatSubscription: [batteryLevelUpdate][777] [HS] <<<<= [HC]
09-01 19:05:07.087  2765  3264 I chatty  : uid=1000(system) NightPearlSubTh expire 18 lines
09-01 19:05:07.091  1724  1724 I chatty  : uid=1000 system_server expire 16 lines
09-01 19:05:07.128  1724  3767 I chatty  : uid=1000(system) Binder:1724_11 expire 10 lines
09-01 19:05:07.186  1724  1855 I ActivityManager: Start proc 21823:com.iqoo.powersaving/1000 for service com.iqoo.powersaving/.PowerModeChangeService
09-01 19:05:07.206 21823 21823 E qoo.powersavin: Not starting debugger since process cannot load the jdwp agent.
09-01 19:05:07.240  1724  3767 I ActivityManager: Killing 8850:com.vivo.numbermark/u0a30 (adj 904): empty for 1822s
09-01 19:05:07.242  1724  3767 I ActivityManager: Killing 9089:com.vivo.floatingball/1000 (adj 900): empty for 1822s
09-01 19:05:07.243  1724  3767 I ActivityManager: Killing 9070:com.vivo.fingerprint/1000 (adj 900): empty for 1822s
09-01 19:05:07.244  1724  3767 I ActivityManager: Killing 9028:com.vivo.carmode/1000 (adj 900): empty for 1822s
09-01 19:05:07.244  1724  3767 I ActivityManager: Killing 8805:com.android.tethersettings/1000 (adj 900): empty for 1822s
09-01 19:05:07.245  1724  3767 I ActivityManager: Killing 8720:com.android.bluetoothsettings/1000 (adj 900): empty for 1822s
09-01 19:05:07.246  1724  3767 I ActivityManager: Killing 8675:com.android.BBKCrontab/1000 (adj 900): empty for 1822s
09-01 19:05:07.249  1724  1857 I chatty  : uid=1000(system) ActivityManager expire 24 lines
09-01 19:05:07.286  2765  8150 I chatty  : uid=1000(system) Binder:2765_B expire 21 lines
09-01 19:05:07.287   980   980 I Zygote  : Process 8850 exited due to signal (9)
09-01 19:05:07.287  1724  2098 I chatty  : uid=1000(system) VivoLocationNot expire 21 lines
09-01 19:05:07.297   978   978 I Zygote  : Process 9070 exited due to signal (9)
09-01 19:05:07.310 26876 26876 I ActivityThread: Removing dead content provider:android.content.ContentProviderProxy@ab85305
09-01 19:05:07.322   978   978 I Zygote  : Process 8720 exited due to signal (9)
09-01 19:05:07.322   978   978 I Zygote  : Process 8805 exited due to signal (9)
09-01 19:05:07.327 26876 26876 I ActivityThread: Removing dead content provider:android.content.ContentProviderProxy@4a50f5a
09-01 19:05:07.330 21823 21823 I Perf    : Connecting to perf service.
09-01 19:05:07.338 26876 26876 I ActivityThread: Removing dead content provider:android.content.ContentProviderProxy@1bf8668
09-01 19:05:07.348  1724  1724 D NotificationService: handleSavePolicyFile
09-01 19:05:07.361  1724  3768 I chatty  : uid=1000(system) Binder:1724_12 expire 7 lines
09-01 19:05:07.361  1724  2101 I chatty  : uid=1000(system) Binder:1724_3 expire 5 lines
09-01 19:05:07.362   978   978 I Zygote  : Process 9028 exited due to signal (9)
09-01 19:05:07.364 26876 26876 I ActivityThread: Removing dead content provider:android.content.ContentProviderProxy@5f01a81
09-01 19:05:07.365 21823 21839 W ContextImpl: Calling a method in the system process without a qualified user: android.app.ContextImpl.bindService:1645 android.content.ContextWrapper.bindService:698 com.iqoo.powersaving.c.a.<init>:169 com.iqoo.powersaving.c.a.a:52 com.iqoo.powersaving.c.a$1.run:63
09-01 19:05:07.368   978   978 I Zygote  : Process 8675 exited due to signal (9)
09-01 19:05:07.369   978   978 I Zygote  : Process 9089 exited due to signal (9)
09-01 19:05:07.379 26876 26876 I ActivityThread: Removing dead content provider:android.content.ContentProviderProxy@aea8f67
09-01 19:05:07.382  2765  2765 I chatty  : uid=1000(system) com.vivo.daemonService expire 52 lines
09-01 19:05:07.387  1724  1853 I chatty  : uid=1000(system) android.ui expire 40 lines
09-01 19:05:07.387 26876 26876 I ActivityThread: Removing dead content provider:android.content.ContentProviderProxy@e3aa114
09-01 19:05:07.413  2765  3836 I chatty  : uid=1000(system) update-pid expire 3 lines
09-01 19:05:07.435  2765 14957 I chatty  : uid=1000(system) Binder:2765_C expire 19 lines
09-01 19:05:07.461  1724  1874 D BluetoothManagerService: MESSAGE_REGISTER_ADAPTER
09-01 19:05:07.467 21823 21840 V NFC     : this device does not have NFC support
09-01 19:05:07.473  1724  1724 V SettingsProvider: Notifying for 0: content://settings/system/power_save_type
09-01 19:05:07.474 21823 21840 W ContextImpl: Calling a method in the system process without a qualified user: android.app.ContextImpl.sendBroadcast:1024 android.content.ContextWrapper.sendBroadcast:444 com.iqoo.powersaving.PowerModeChangeService.e:347 com.iqoo.powersaving.PowerModeChangeService.onHandleIntent:155 android.app.IntentService$ServiceHandler.handleMessage:76
09-01 19:05:07.477   715  9877 V AudioFlinger: setParameters(): io 0, keyvalue vivotype=0, calling pid 2682 calling uid 1000
09-01 19:05:07.478   715  9877 V AudioFlinger: setParameters: filtered keyvalue vivotype=0
09-01 19:05:07.479  1724  1724 V SettingsProvider: Notifying for 0: content://settings/secure/bbk_power_assistant
09-01 19:05:07.480 21823 21840 W ContextImpl: Calling a method in the system process without a qualified user: android.app.ContextImpl.sendBroadcast:1024 android.content.ContextWrapper.sendBroadcast:444 com.iqoo.powersaving.c.g.b:168 com.iqoo.powersaving.c.g.a:42 com.iqoo.powersaving.PowerModeChangeService.e:349
09-01 19:05:07.483   671   911 D audio_hw_primary: adev_set_parameters: enter: vivotype=0
09-01 19:05:07.483   671   911 V voice   : voice_set_parameters: enter: vivotype=0
09-01 19:05:07.483   671   911 V compress_voip: voice_extn_compress_voip_set_parameters: enter: vivotype=0
09-01 19:05:07.483   671   911 D msm8916_platform: platform_set_parameters:spk_acdb_id:15,rec_acdb_id:114
09-01 19:05:07.483   671   911 D audio_hw_extn: audio_extn_set_anc_parameters: anc_enabled:0
09-01 19:05:07.483   671   911 D audio_hw_spkr_prot: audio_extn_fbsp_set_parameters: Speaker protection disabled
09-01 19:05:07.485  1724  1724 V SettingsProvider: Notifying for 0: content://settings/system/screen_off_timeout
09-01 19:05:07.490 21823 21840 I ConnectivityManager: stopTethering caller:com.iqoo.powersaving
09-01 19:05:07.494  2746  1530 D AIE-Bolts-Task: New thread: BoltsBgPool-thread-3746
09-01 19:05:07.548  1724  2069 I chatty  : uid=1000(system) WifiService expire 2 lines
09-01 19:05:07.566  1724  1724 V SettingsProvider: Notifying for 0: content://settings/system/hide_rotation_lock_toggle_for_accessibility
09-01 19:05:07.593  1724  1724 V SettingsProvider: Notifying for 0: content://settings/system/nightpearl_is_showing
09-01 19:05:07.601  1724  1724 V SettingsProvider: Notifying for 0: content://settings/system/accelerometer_rotation
09-01 19:05:07.622 21823 21840 W ContextImpl: Calling a method in the system process without a qualified user: android.app.ContextImpl.sendBroadcast:1024 android.content.ContextWrapper.sendBroadcast:444 com.iqoo.powersaving.c.g.a:150 com.iqoo.powersaving.PowerModeChangeService.e:349 com.iqoo.powersaving.PowerModeChangeService.onHandleIntent:155
09-01 19:05:07.628 21823 21840 W ContextImpl: Calling a method in the system process without a qualified user: android.app.ContextImpl.sendBroadcast:1024 android.content.ContextWrapper.sendBroadcast:444 com.iqoo.powersaving.PowerModeChangeService.d:266 com.iqoo.powersaving.PowerModeChangeService.e:351 com.iqoo.powersaving.PowerModeChangeService.onHandleIntent:155
09-01 19:05:07.630  1724  2895 I PackageManager: ### pkg:Package{1dbbd47 com.iqoo.powersaving}
09-01 19:05:07.639  1724  1880 D PowerManagerService: reset mPrimaryDisplayIsDoze
09-01 19:05:07.640  2956  2956 D ViewRootImpl[DockedStackDivider]: onDisplayChange oldDisplayState=1 newDisplayState=1
09-01 19:05:07.640  4221  4221 I chatty  : uid=1000(system) com.vivo.floatingball:floating expire 10 lines
09-01 19:05:07.641  4240  4240 D ViewRootImpl[Launcher]: onDisplayChange oldDisplayState=1 newDisplayState=1
09-01 19:05:07.641  2956  2956 D ViewRootImpl[PopMenuView]: onDisplayChange oldDisplayState=1 newDisplayState=1
09-01 19:05:07.643  2404  2404 D ViewRootImpl[AssistPreviewPanel]: onDisplayChange oldDisplayState=1 newDisplayState=1
09-01 19:05:07.645  2786  2786 D ViewRootImpl[UpSlideTransparentView]: onDisplayChange oldDisplayState=1 newDisplayState=1
09-01 19:05:07.645  4441  4441 D ViewRootImpl[HiBoard]: onDisplayChange oldDisplayState=1 newDisplayState=1
09-01 19:05:07.646  2786  2786 D ViewRootImpl[SideSlideDisplayPanel]: onDisplayChange oldDisplayState=1 newDisplayState=1
09-01 19:05:07.649 12497 12497 D ViewRootImpl[GalleryTabActivity]: onDisplayChange oldDisplayState=1 newDisplayState=1
09-01 19:05:07.650 13152 13152 D ViewRootImpl[LocalCameraActivity]: onDisplayChange oldDisplayState=1 newDisplayState=1
09-01 19:05:07.650 12497 12497 D ViewRootImpl[NewPageActivity]: onDisplayChange oldDisplayState=1 newDisplayState=1
09-01 19:05:07.652 12497 12497 D ViewRootImpl[Gallery]: onDisplayChange oldDisplayState=1 newDisplayState=1
09-01 19:05:07.652 11860 11860 D ViewRootImpl[SecureInputMethod]: onDisplayChange oldDisplayState=1 newDisplayState=1
09-01 19:05:07.652  2404  2404 D ViewRootImpl[NavigationBar]: onDisplayChange oldDisplayState=1 newDisplayState=1
09-01 19:05:07.652  2786  2786 D ViewRootImpl[SideSlideGestureBar-Left]: onDisplayChange oldDisplayState=1 newDisplayState=1
09-01 19:05:07.653  2786  2786 D ViewRootImpl[SideSlideGestureBar-Right]: onDisplayChange oldDisplayState=1 newDisplayState=1
09-01 19:05:07.653  2404  2404 D ViewRootImpl[StatusBar]: onDisplayChange oldDisplayState=1 newDisplayState=1
