09-01 18:56:37.339 21509 21509 D Tinker.DefaultAppLike: onBaseContextAttached:
09-01 18:56:37.343 21509 21509 I MultiDex: VM with version 2.1.0 has multidex support
09-01 18:56:37.343 21509 21509 I MultiDex: Installing application
09-01 18:56:37.343 21509 21509 I MultiDex: VM has multidex support, MultiDex support library is disabled.
09-01 18:56:37.421 21509 21509 D Tinker.DefaultAppLike: onCreate
09-01 18:56:37.628 21509 21509 W issevan:channe: Accessing hidden method Landroid/app/ActivityThread;->currentApplication()Landroid/app/Application; (light greylist, linking)
09-01 18:56:37.744 21509 21551 D SentryLog: [pool-3-thread-1] SU isn't found on this Device.
09-01 18:56:37.765 21509 21509 I SentryLog: [main] Initializing SDK with DSN: 'https://8e68e4623f6348b0b9984471d41e3e2d@sentry.missevan.com/2'
09-01 18:56:37.774 21509 21509 I SentryLog: [main] GlobalHubMode: 'true'
09-01 18:56:37.773 21509 21509 W pool-3-thread-1: type=1400 audit(0.0:88293): avc: denied { read } for name="version" dev="proc" ino=4026532090 scontext=u:r:untrusted_app:s0:c90,c258,c512,c768 tcontext=u:object_r:proc_version:s0 tclass=file permissive=0
09-01 18:56:37.803 21509 21509 D SentryLog: [main] UncaughtExceptionHandlerIntegration enabled: true
09-01 18:56:37.804 21509 21509 D SentryLog: [main] default UncaughtExceptionHandler class='xcrash.i'
09-01 18:56:37.805 21509 21509 D SentryLog: [main] UncaughtExceptionHandlerIntegration installed.
09-01 18:56:37.806 21509 21509 D SentryLog: [main] ShutdownHookIntegration installed.
09-01 18:56:37.810 21509 21509 D SentryLog: [main] SendCachedEventFireAndForgetIntegration installed.
09-01 18:56:37.812 21509 21509 D SentryLog: [main] NdkIntegration enabled: true
09-01 18:56:37.813 21509 21554 D SentryLog: [pool-2-thread-1] Started processing cached files from /data/user/0/cn.missevan/cache/sentry
09-01 18:56:37.813 21509 21509 I sentry-native: using database path "/data/data/cn.missevan/cache/sentry/.sentry-native"
09-01 18:56:37.814 21509 21509 D sentry-native: starting backend
09-01 18:56:37.816 21509 21509 D SentryLog: [main] NdkIntegration installed.
09-01 18:56:37.818 21509 21509 D SentryLog: [main] Registering EnvelopeFileObserverIntegration for path: /data/user/0/cn.missevan/cache/sentry/outbox
09-01 18:56:37.820 21509 21554 D SentryLog: [pool-2-thread-1] Processing dir. /data/user/0/cn.missevan/cache/sentry
09-01 18:56:37.822 21509 21509 D SentryLog: [main] EnvelopeFileObserverIntegration installed.
09-01 18:56:37.824 21509 21509 D SentryLog: [main] SendCachedEventFireAndForgetIntegration installed.
09-01 18:56:37.825 21509 21509 D SentryLog: [main] AnrIntegration enabled: true
09-01 18:56:37.826 21509 21554 D SentryLog: [pool-2-thread-1] Processing 0 items from cache dir /data/user/0/cn.missevan/cache/sentry
09-01 18:56:37.827 21509 21509 D SentryLog: [main] ANR timeout in milliseconds: 5000
09-01 18:56:37.830 21509 21509 D SentryLog: [main] AnrIntegration installed.
09-01 18:56:37.831 21509 21509 D SentryLog: [main] enableSessionTracking enabled: true
09-01 18:56:37.833 21509 21509 D SentryLog: [main] enableAppLifecycleBreadcrumbs enabled: true
09-01 18:56:37.835 21509 21554 D SentryLog: [pool-2-thread-1] File /data/user/0/cn.missevan/cache/sentry/outbox is not a File.
09-01 18:56:37.839 21509 21554 D SentryLog: [pool-2-thread-1] Processing file: /data/user/0/cn.missevan/cache/sentry/session.json
09-01 18:56:37.844 21509 21509 D SentryLog: [main] AppLifecycleIntegration installed.
09-01 18:56:37.844 21509 21554 D SentryLog: [pool-2-thread-1] File '/data/user/0/cn.missevan/cache/sentry/session.json' doesn't match extension expected.
09-01 18:56:37.845 21509 21509 D SentryLog: [main] ActivityLifecycleIntegration enabled: true
09-01 18:56:37.847 21509 21509 D SentryLog: [main] ActivityLifecycleIntegration installed.
09-01 18:56:37.847 21509 21554 D SentryLog: [pool-2-thread-1] File /data/user/0/cn.missevan/cache/sentry/.sentry-native is not a File.
09-01 18:56:37.848 21509 21509 D SentryLog: [main] UserInteractionIntegration enabled: true
09-01 18:56:37.849 21509 21509 D SentryLog: [main] UserInteractionIntegration installed.
09-01 18:56:37.850 21509 21554 D SentryLog: [pool-2-thread-1] Finished processing cached files from /data/user/0/cn.missevan/cache/sentry
09-01 18:56:37.850 21509 21509 D SentryLog: [main] AppComponentsBreadcrumbsIntegration enabled: true
09-01 18:56:37.852 21509 21509 D SentryLog: [main] AppComponentsBreadcrumbsIntegration installed.
09-01 18:56:37.858 21509 21509 D SentryLog: [main] SystemEventsBreadcrumbsIntegration enabled: true
09-01 18:56:37.858 21509 21554 D SentryLog: [pool-2-thread-1] Started processing cached files from /data/user/0/cn.missevan/cache/sentry/outbox
09-01 18:56:37.861 21509 21554 D SentryLog: [pool-2-thread-1] Processing dir. /data/user/0/cn.missevan/cache/sentry/outbox
09-01 18:56:37.864 21509 21509 D SentryLog: [main] SystemEventsBreadcrumbsIntegration installed.
09-01 18:56:37.864 21509 21554 D SentryLog: [pool-2-thread-1] Processing 0 items from cache dir /data/user/0/cn.missevan/cache/sentry/outbox
09-01 18:56:37.865 21509 21509 D SentryLog: [main] enableSystemEventsBreadcrumbs enabled: true
09-01 18:56:37.867 21509 21554 D SentryLog: [pool-2-thread-1] Finished processing cached files from /data/user/0/cn.missevan/cache/sentry/outbox
09-01 18:56:37.874 21509 21509 I SentryLog: [main] TYPE_AMBIENT_TEMPERATURE is not available.
09-01 18:56:37.876 21509 21509 D SentryLog: [main] enableSystemEventBreadcrumbs enabled: true
09-01 18:56:37.878 21509 21509 D SentryLog: [main] FragmentLifecycleIntegration installed.
09-01 18:56:37.951 19545 20219 E memtrack: Couldn't load memtrack module
09-01 18:56:37.951 19545 20219 W android.os.Debug: failed to get memory consumption info: -1
09-01 18:56:38.115 21509 21509 D NAccs.AccsClientConfig:  build config:AccsClientConfig{mAppKey='umeng:546d7dd7fd98c58fc800082c', mAppSecret='64e8358a59d434e5546720db97ab5996', mInappHost='umengacs.m.taobao.com', mChannelHost='umengjmacs.m.taobao.com', mStoreId='', mSecurity=2, mAuthCode='', mInappPubKey=11, mChannelPubKey=11, mKeepalive=true, mAutoUnit=false, mTag='default', mConfigEnv=0, mDisableChannel=false, mQuickReconnect=false, mAccsHeartbeatEnable=false, mPullUpEnable=false, mForePingEnable=false, mPingTimeout=0}
09-01 18:56:38.115 21509 21509 W NAccs.AccsClientConfig:  build conver old config:AccsClientConfig{mAppKey='umeng:546d7dd7fd98c58fc800082c', mAppSecret='64e8358a59d434e5546720db97ab5996', mInappHost='umengacs.m.taobao.com', mChannelHost='umengjmacs.m.taobao.com', mStoreId='', mSecurity=2, mAuthCode='', mInappPubKey=-1, mChannelPubKey=-1, mKeepalive=true, mAutoUnit=true, mTag='default', mConfigEnv=0, mDisableChannel=false, mQuickReconnect=false, mAccsHeartbeatEnable=false, mPullUpEnable=true, mForePingEnable=false, mPingTimeout=0}
09-01 18:56:38.116 21509 21509 D NAccs.ACCSClient:  init config:AccsClientConfig{mAppKey='umeng:546d7dd7fd98c58fc800082c', mAppSecret='64e8358a59d434e5546720db97ab5996', mInappHost='umengacs.m.taobao.com', mChannelHost='umengjmacs.m.taobao.com', mStoreId='', mSecurity=2, mAuthCode='', mInappPubKey=11, mChannelPubKey=11, mKeepalive=true, mAutoUnit=false, mTag='default', mConfigEnv=0, mDisableChannel=false, mQuickReconnect=false, mAccsHeartbeatEnable=false, mPullUpEnable=false, mForePingEnable=false, mPingTimeout=0}
09-01 18:56:38.117 21509 21509 D UPush.Impl: appkey:546d7dd7fd98c58fc800082c secret:64e8358a59d434e5546720db97ab5996
09-01 18:56:38.120 21509 21569 I NAccs.TaobaoRegister:  register appKey:umeng:546d7dd7fd98c58fc800082c configTag:default
09-01 18:56:38.121 21509 21569 D NAccs.Config:  setAgooAppKey appkey:umeng:546d7dd7fd98c58fc800082c
09-01 18:56:38.123 21509 21569 D NAccs.Config:  setAgooMessageSecret secret:64e8358a59d434e5546720db97ab5996
09-01 18:56:38.128 21509 21569 D NAccs.ACCSManager:  getAccsInstance key:default|0
09-01 18:56:38.169 21509 21569 D NAccs.MsgRecv_default:  message file not exist
09-01 18:56:38.170 21509 21569 D NAccs.InAppConn_default:  new connection
09-01 18:56:38.182 21509 21569 I NAccs.Utils:  isMainProcess result:false
09-01 18:56:38.183 21509 21569 I NAccs.ACCSMgrImpl_default:  bindApp appKey:umeng:546d7dd7fd98c58fc800082c
09-01 18:56:38.190 19545 20235 I ThreadPool.Execute: [:20235, ]:<<< com.tencent.mm.plugin.performance.watchdogs.h$$ExternalSyntheticLambda0@75925848 state=COMPLETE cost=0ms/1ms ColdPool start@=1662029798188ms delay=0ms run@=1662029798188
09-01 18:56:38.191 21509 21569 D NAccs.UtilityImpl:  enableService comptName:ComponentInfo{cn.missevan/com.taobao.accs.ChannelService}
09-01 18:56:37.965  1724  2178 I chatty  : uid=1000(system) AutobacklightTh identical 14 lines
09-01 18:56:38.192  1724  6436 W PackageManager: setEnabledSetting  packageName:cn.missevan className:com.taobao.accs.ChannelService newState:1 userId:0 callingPackage:null
09-01 18:56:38.205 21509 21570 D NAccs.FileCheckUtils:  st.getAvailableBlocks()=2670257,st.getAvailableBlocks() * blockSize=10937372672
09-01 18:56:38.208 21509 21569 W NAccs.ACCSMgrImpl_default:  bindApp only allow in main process
09-01 18:56:38.210 19545 20219 I ThreadPool.Execute: [:20219, ]:<<< com.tencent.mm.plugin.performance.watchdogs.h@224253282 state=COMPLETE cost=413ms/148ms ColdPool start@=1662029798209ms delay=299999ms run@=0
09-01 18:56:38.216 21509 21509 D NetworkSecurityConfig: Using Network Security Config from resource g debugBuild: true
09-01 18:56:38.223 21509 21509 W issevan:channe: Accessing hidden method Ldalvik/system/CloseGuard;->get()Ldalvik/system/CloseGuard; (light greylist, reflection)
09-01 18:56:38.223 21509 21509 W issevan:channe: Accessing hidden method Ldalvik/system/CloseGuard;->open(Ljava/lang/String;)V (light greylist, reflection)
09-01 18:56:38.223 21509 21509 W issevan:channe: Accessing hidden method Ldalvik/system/CloseGuard;->warnIfOpen()V (light greylist, reflection)
09-01 18:56:38.304 21509 21509 I MissEvanApplication: [main] current process: cn.missevan:channel
09-01 18:56:38.318 21509 21509 D BLOG-EVENT-Network: network changed: 3=>1
09-01 18:56:38.324  1724  1853 V WindowOrientationListener: in onTouchEndLocked. proposedRotation=0, oldProposedRotation=0
09-01 18:56:38.324 20848 20848 E cn.missevan: No package ID ff found for ID 0xffffffff.
09-01 18:56:38.328 21509 21509 W LaserActionExecutor: [main] actionClass map is null
09-01 18:56:38.367 21509 21509 V HotfixPatchListener: [main] application maxMemory:256
09-01 18:56:38.397 21509 21509 W Tinker.Tinker: [main] tinker patch directory: /data/user/0/cn.missevan/tinker
09-01 18:56:38.401 21509 21509 I Tinker.Tinker: [main] try to install tinker, isEnable: true, version: 1.9.14.10.4
09-01 18:56:38.403 21509 21509 I Tinker.TinkerLoadResult: [main] parseTinkerResult loadCode:-2, process name:cn.missevan:channel, main process:false, systemOTA:false, fingerPrint:vivo/PD1728/PD1728:9/PKQ1.180819.001/compiler07281740:user/release-keys, oatDir:null, useInterpretMode:false
09-01 18:56:38.405 21509 21509 W Tinker.TinkerLoadResult: [main] can't find patch file, is ok, just return
09-01 18:56:38.406 21509 21509 I Tinker.DefaultLoadReporter: [main] patch loadReporter onLoadResult: patch load result, path:/data/user/0/cn.missevan/tinker, code: -2, cost: 4ms
09-01 18:56:38.407 21509 21509 W Tinker.Tinker: [main] tinker load fail!
09-01 18:56:38.412 21509 21509 D NAccs.BaseService:  onBind intent:Intent { act=com.taobao.accs.intent.action.START_SERVICE cmp=cn.missevan/com.taobao.accs.ChannelService (has extras) }
09-01 18:56:38.412 21509 21509 I NAccs.BaseService:  onBind bind service
09-01 18:56:38.417 20848 20848 D NAccs.a :  bindService connected componentName:ComponentInfo{cn.missevan/com.taobao.accs.ChannelService}
09-01 18:56:38.417 21509 21570 I NAccs.ElectionServiceImpl:  onCreate, sdkVersion:221
09-01 18:56:38.417 21509 21570 D NAccs.ServiceImpl:  init start
09-01 18:56:38.418 21509 21570 I NAccs.ServiceImpl:  init sdkVersion:221 procStart:0
09-01 18:56:38.419 21509 21570 D NAccs.UtilityImpl:  getProxy:null:-1
09-01 18:56:38.424 21509 21570 D NAccs.ServiceImpl:  getServiceAliveTime aliveTime:-1662029643997
09-01 18:56:38.425 21509 21570 D NAccs.UtilityImpl:  setServiceTime:1662029798424
09-01 18:56:38.427 20848 20848 D NAccs.a :  bindService connected componentName:ComponentInfo{cn.missevan/com.umeng.message.component.UmengIntentService}
09-01 18:56:38.449 21509 21509 D Tinker.TinkerLoader: [main] [PendingLog @ 2022-09-01 18:56:37.282] tryLoad test test
09-01 18:56:38.451 21509 21509 W Tinker.TinkerLoader: [main] [PendingLog @ 2022-09-01 18:56:37.286] tryLoadPatchFiles:patch dir not exist:/data/user/0/cn.missevan/tinker
09-01 18:56:38.453 21509 21509 D Tinker.DefaultAppLike: [main] [PendingLog @ 2022-09-01 18:56:37.339] onBaseContextAttached:
09-01 18:56:38.454 21509 21509 D Tinker.DefaultAppLike: [main] [PendingLog @ 2022-09-01 18:56:37.421] onCreate
09-01 18:56:38.456 21509 21509 D NAccs.BaseService:  onBind intent:Intent { cmp=cn.missevan/com.taobao.accs.ChannelService }
09-01 18:56:38.457 21509 21509 I NAccs.BaseService:  handleMessage on receive msg msg:{ id=25 when=-39ms what=0 target=com.taobao.accs.base.BaseService$1 }
09-01 18:56:38.457 21509 21509 I NAccs.BaseService:  handleMessage get intent success intent:Intent { act=com.taobao.accs.intent.action.START_SERVICE cmp=cn.missevan/com.taobao.accs.ChannelService (has extras) }
09-01 18:56:38.459 21509 21570 I NAccs.ElectionServiceImpl:  onStartCommand begin action:com.taobao.accs.intent.action.START_SERVICE
09-01 18:56:38.459 21509 21570 I NAccs.ElectionServiceImpl:  handleStartCommand configTag:default appkey:umeng:546d7dd7fd98c58fc800082c appSecret:64e8358a59d434e5546720db97ab5996 ttid:android@umeng pkg:cn.missevan
09-01 18:56:38.460 21509 21509 I NAccs.BaseIntentService:  handleMessage on receive msg msg:{ id=28 when=-32ms what=0 target=org.android.agoo.control.g }
09-01 18:56:38.460 21509 21570 I NAccs.ElectionServiceImpl:  getConnection configTag:default start:false
09-01 18:56:38.460 21509 21509 I NAccs.BaseIntentService:  handleMessage get intent success intent:Intent { act=org.agoo.android.intent.action.REPORT pkg=cn.missevan cmp=cn.missevan/com.umeng.message.component.UmengIntentService }
09-01 18:56:38.470 21509 21570 D NAccs.MsgRecv_default:  message file not exist
09-01 18:56:38.470 21509 21570 D NAccs.SilenceConn_default:  new connection
09-01 18:56:38.472 21509 21570 I NAccs.SilenceConn_default:  getChannelHost host:umengjmacs.m.taobao.com
09-01 18:56:38.478 21509 21570 W StrategyCenter not initialized: |[seq:isInitialized] false
09-01 18:56:38.489 21509 21570 I NAccs.LoadSoFailUtil:  getSoFailTimes times:0
09-01 18:56:38.490 21509 21570 I NAccs.ServiceImpl:  onHostStartCommand intent:Intent { act=com.taobao.accs.intent.action.START_SERVICE cmp=cn.missevan/com.taobao.accs.ChannelService (has extras) }
09-01 18:56:38.491 21509 21570 D NAccs.ServiceImpl:  onHostStartCommand key:appKey  value:umeng:546d7dd7fd98c58fc800082c
09-01 18:56:38.491 21509 21570 D NAccs.ServiceImpl:  onHostStartCommand key:configTag  value:default
09-01 18:56:38.491 21509 21570 D NAccs.ServiceImpl:  onHostStartCommand key:mode  value:0
09-01 18:56:38.491 21509 21570 D NAccs.ServiceImpl:  onHostStartCommand key:ttid  value:android@umeng
09-01 18:56:38.491 21509 21570 D NAccs.ServiceImpl:  onHostStartCommand key:packageName  value:cn.missevan
09-01 18:56:38.491 21509 21570 D NAccs.ServiceImpl:  onHostStartCommand key:app_sercet  value:64e8358a59d434e5546720db97ab5996
09-01 18:56:38.491 21509 21570 D NAccs.ServiceImpl:  onHostStartCommand key:agoo_app_key  value:umeng:546d7dd7fd98c58fc800082c
09-01 18:56:38.492 21509 21570 I NAccs.LoadSoFailUtil:  getSoFailTimes times:0
09-01 18:56:38.492 21509 21570 D NAccs.ServiceImpl:  handleAction action:com.taobao.accs.intent.action.START_SERVICE
09-01 18:56:38.492 21509 21570 I NAccs.ServiceImpl:  tryConnect appkey:umeng:546d7dd7fd98c58fc800082c configTag:default|0
09-01 18:56:38.492 21509 21570 D NAccs.SilenceConn_default:  start
09-01 18:56:38.512 21509 21570 E awcn.GlobalAppRuntimeInfo:   CurrentProcess:cn.missevan:channel TargetProcess:cn.missevan
09-01 18:56:38.516 21509 21570 E awcn.StrategyCenter:  registerListener listener:[]
09-01 18:56:38.523 21509 21570 D awcn.NetworkStatusMonitor:  [checkNetworkStatus]
09-01 18:56:38.523 10614 10746 D MemoryCeilingMonitor: [handleMemoryCalculate]
09-01 18:56:38.524 21509 21570 I awcn.NetworkStatusMonitor:  checkNetworkStatus info.isConnected:true info.isAvailable:true info.getType:1
09-01 18:56:38.524 10614 10746 D MemoryCeilingMonitor: [calculate] tot: 3375189, max: 268435456, free: 481941, heap: 2893248, per: 0.010778188705444336
09-01 18:56:38.524 21509 21509 D awcn.NetworkStatusMonitor:  receiver:android.net.conn.CONNECTIVITY_CHANGE
09-01 18:56:38.528 21509 21509 I awcn.ThreadPoolExecutorFactory:  thread created! name:AWCN Scheduler1
09-01 18:56:38.529 21509 21581 D awcn.NetworkStatusMonitor:  [checkNetworkStatus]
09-01 18:56:38.530 21509 21570 E awcn.Inet64Util:  startIpStackDetect ip stack:1 detectType:udp_connect
09-01 18:56:38.530 21509 21570 I awcn.NetworkStatusHelper:
09-01 18:56:38.530 21509 21570 I awcn.NetworkStatusHelper: Network detail*******************************
09-01 18:56:38.530 21509 21570 I awcn.NetworkStatusHelper: Status: WIFI
09-01 18:56:38.530 21509 21570 I awcn.NetworkStatusHelper: Subtype: wifi
09-01 18:56:38.530 21509 21570 I awcn.NetworkStatusHelper: BSSID:
09-01 18:56:38.530 21509 21570 I awcn.NetworkStatusHelper: SSID:
09-01 18:56:38.530 21509 21570 I awcn.NetworkStatusHelper: *********************************************
09-01 18:56:38.530 21509 21581 I awcn.NetworkStatusMonitor:  checkNetworkStatus info.isConnected:true info.isAvailable:true info.getType:1
09-01 18:56:38.531 21509 21581 E awcn.SessionCenter: |[seq:[default]] onNetworkStatusChanged. networkStatus:WIFI
09-01 18:56:38.536  1724  6436 D ConnectivityService: requestNetwork for uid/pid:10602/21509 NetworkRequest [ TRACK_DEFAULT id=1128, [ Capabilities: INTERNET&NOT_RESTRICTED&TRUSTED Unwanted:  Uid: 10602] ]
09-01 18:56:38.538  1724  2084 D ConnectivityService: isWifiPoorLink:false, nai.everValidated:true, networkType:1, networkDetailedState:CONNECTED, nai.isLingering():false, unneeded(nai, UnneededFor.TEARDOWN):false
09-01 18:56:38.538  2831  2831 D PhoneSwitcherNetworkRequstListener: got request NetworkRequest [ TRACK_DEFAULT id=1128, [ Capabilities: INTERNET&NOT_RESTRICTED&TRUSTED Unwanted:  Uid: 10602] ] with score 60
09-01 18:56:38.539 21509 21570 I awcn.StrategyCenter:  StrategyCenter initialize started.
09-01 18:56:38.543 21509 21570 I awcn.StrategySerializeHelper:  StrateyFolder path:/data/user/0/cn.missevan/files/awcn_strategy/channel
09-01 18:56:38.543 21509 21582 I awcn.NetworkStatusMonitor:  network onAvailable
09-01 18:56:38.547 21509 21570 I awcn.StrategyTable:  strategy map size:1
09-01 18:56:38.549 21509 21570 I awcn.StrategyInfoHolder:  restore
09-01 18:56:38.600 21509 21570 I awcn.SerializeHelper:  restore end. file:/data/user/0/cn.missevan/files/awcn_strategy/channel/WIFI$d41d8cd98f00b204e9800998ecf8427e size:2478 cost:49
09-01 18:56:38.600 21509 21570 I awcn.StrategyTable:  strategy map size:2
09-01 18:56:38.612 21509 21570 I awcn.SerializeHelper:  restore end. file:/data/user/0/cn.missevan/files/awcn_strategy/channel/StrategyConfig size:1358 cost:11
09-01 18:56:38.613 21509 21570 I awcn.AmdcThreadPoolExecutor:  thread created! name:AMDC1
09-01 18:56:38.614 21509 21570 I awcn.StrategyTable:  strategy map size:2
09-01 18:56:38.614 21509 21570 I awcn.StrategyCenter:  StrategyCenter initialize finished.
09-01 18:56:38.614 21509 21570 E awcn.StrategyCenter:  registerListener listener:[anet.channel.SessionCenter$a@c58bb5d]
09-01 18:56:38.614 21509 21570 I NAccs.SilenceConn_default:  init awcn register new conn protocol host: umengacs.m.taobao.com
09-01 18:56:38.614 21509 21583 I awcn.StrategyInfoHolder:  start loading strategy files
09-01 18:56:38.615 21509 21570 I NAccs.SilenceConn_default:  init awcn success!
09-01 18:56:38.615 21509 21570 I NAccs.SilenceConn_default:  start thread
09-01 18:56:38.616 21509 21583 I awcn.StrategyInfoHolder:  end loading strategy files total cost:2
09-01 18:56:38.617 21509 21570 D NAccs.SilenceConn_default:  try ping, force:false
09-01 18:56:38.618 21509 21584 I NAccs.NetworkThread_default:  NetworkThread run
09-01 18:56:38.618 21509 21584 D NAccs.NetworkThread_default:  ready to get message
09-01 18:56:38.619 21509 21584 D NAccs.NetworkThread_default:  no message, wait
09-01 18:56:38.619 21509 21570 D NAccs.SilenceConn_default:  sendMessage ready dataId:1662029798617.2 type:PING delay:0
09-01 18:56:38.620 21509 21570 I NAccs.BaseIntentService:  onHandleIntent,action=org.agoo.android.intent.action.REPORT,agooCommand=cn.missevan.intent.action.COMMAND,mipushCommand=cn.missevan.intent.thirdPush.action.COMMAND
09-01 18:56:38.620 21509 21570 I NAccs.BaseIntentService:  is report cache msg,Config.isReportCacheMsg(mContext)=false
09-01 18:56:38.620 21509 21570 D NAccs.isClearTime:  now=1662029798620,now - lastTime=8932438,istrue=false
09-01 18:56:38.620 21509 21570 I NAccs.BaseIntentService:  is clear all msg=false
09-01 18:56:38.621 21509 21570 D NAccs.isClearTime:  now=1662029798620,now - lastTime=8932438,istrue=false
09-01 18:56:38.621 21509 21570 D NAccs.FileCheckUtils:  st.getAvailableBlocks()=2670257,st.getAvailableBlocks() * blockSize=10937372672
09-01 18:56:38.625 21509 21584 D NAccs.NetworkThread_default:  try get message
09-01 18:56:38.626 21509 21584 D NAccs.NetworkThread_default:  sendMessage not null
09-01 18:56:38.626 21509 21584 I NAccs.NetworkThread_default:  sendMessage type:PING status:3
09-01 18:56:38.634 21509 21584 I NAccs.HeartbeatManager:  hb use job
09-01 18:56:38.635 21509 21584 D NAccs.NetworkThread_default:  sendMessage force:false last ping:1662029798635
09-01 18:56:38.636 21509 21584 D NAccs.SilenceConn_default:  tryConnect force:true
09-01 18:56:38.638 21509 21584 I NAccs.NetworkThread_default:  tryConnect force:true failTimes:0
09-01 18:56:38.639 21509 21584 I NAccs.NetworkThread_default:  tryConnect, need sleep
09-01 18:56:40.005 21028 21333 D NAccs.InAppConn_default:  startChannelService
09-01 18:56:40.007 21028 21333 D NAccs.Config:  getAgooAppKey appkey:umeng:546d7dd7fd98c58fc800082c
09-01 18:56:40.008 21028 21333 I NAccs.a :  dispatchIntent bind service start intent:Intent { act=com.taobao.accs.intent.action.START_SERVICE cmp=cn.missevan/com.taobao.accs.ChannelService (has extras) }
09-01 18:56:40.023 21028 21333 D NAccs.AdapterGlobalClientInfo:  getAgooCustomServiceName serviceName:com.umeng.message.component.UmengIntentService
09-01 18:56:40.023 21028 21333 I NAccs.a :  dispatchIntent bind service start intent:Intent { act=org.agoo.android.intent.action.REPORT pkg=cn.missevan cmp=cn.missevan/com.umeng.message.component.UmengIntentService }
09-01 18:56:40.023 21028 21028 D NAccs.a :  bindService connected componentName:ComponentInfo{cn.missevan/com.taobao.accs.ChannelService}
09-01 18:56:40.026 21509 21509 I NAccs.BaseService:  handleMessage on receive msg msg:{ id=33 when=0 what=0 target=com.taobao.accs.base.BaseService$1 }
09-01 18:56:40.027 21509 21509 I NAccs.BaseService:  handleMessage get intent success intent:Intent { act=com.taobao.accs.intent.action.START_SERVICE cmp=cn.missevan/com.taobao.accs.ChannelService (has extras) }
09-01 18:56:40.028 21509 21570 I NAccs.ElectionServiceImpl:  onStartCommand begin action:com.taobao.accs.intent.action.START_SERVICE
09-01 18:56:40.028 21509 21570 I NAccs.ElectionServiceImpl:  handleStartCommand configTag:default appkey:umeng:546d7dd7fd98c58fc800082c appSecret:64e8358a59d434e5546720db97ab5996 ttid:android@umeng pkg:cn.missevan
09-01 18:56:40.029 21509 21570 I NAccs.ElectionServiceImpl:  getConnection configTag:default start:false
09-01 18:56:40.029 21509 21570 I NAccs.ServiceImpl:  onHostStartCommand intent:Intent { act=com.taobao.accs.intent.action.START_SERVICE cmp=cn.missevan/com.taobao.accs.ChannelService (has extras) }
09-01 18:56:40.029 21509 21570 D NAccs.ServiceImpl:  onHostStartCommand key:appKey  value:umeng:546d7dd7fd98c58fc800082c
09-01 18:56:40.029 21509 21570 D NAccs.ServiceImpl:  onHostStartCommand key:configTag  value:default
09-01 18:56:40.030 21509 21570 D NAccs.ServiceImpl:  onHostStartCommand key:mode  value:0
09-01 18:56:40.030 21509 21570 D NAccs.ServiceImpl:  onHostStartCommand key:ttid  value:android@umeng
09-01 18:56:40.030 21509 21570 D NAccs.ServiceImpl:  onHostStartCommand key:packageName  value:cn.missevan
09-01 18:56:40.030 21509 21570 D NAccs.ServiceImpl:  onHostStartCommand key:app_sercet  value:64e8358a59d434e5546720db97ab5996
09-01 18:56:40.030 21509 21570 D NAccs.ServiceImpl:  onHostStartCommand key:agoo_app_key  value:umeng:546d7dd7fd98c58fc800082c
09-01 18:56:40.030 21509 21570 I NAccs.LoadSoFailUtil:  getSoFailTimes times:0
09-01 18:56:40.030 21509 21570 D NAccs.ServiceImpl:  handleAction action:com.taobao.accs.intent.action.START_SERVICE
09-01 18:56:40.030 21509 21570 I NAccs.ServiceImpl:  tryConnect appkey:umeng:546d7dd7fd98c58fc800082c configTag:default|0
09-01 18:56:40.030 21509 21570 D NAccs.SilenceConn_default:  start
09-01 18:56:40.030 21509 21570 D NAccs.SilenceConn_default:  try ping, force:false
09-01 18:56:40.032 21509 21570 D NAccs.SilenceConn_default:  sendMessage ready dataId:1662029800030.3 type:PING delay:0
09-01 18:56:40.032 21509 21570 D NAccs.SilenceConn_default:  clearRepeatControlCommand message:201/
09-01 18:56:40.035 21028 21028 D NAccs.a :  bindService connected componentName:ComponentInfo{cn.missevan/com.umeng.message.component.UmengIntentService}
09-01 18:56:40.037 21509 21509 I NAccs.BaseIntentService:  handleMessage on receive msg msg:{ id=34 when=0 what=0 target=org.android.agoo.control.g }
09-01 18:56:40.037 21509 21509 I NAccs.BaseIntentService:  handleMessage get intent success intent:Intent { act=org.agoo.android.intent.action.REPORT pkg=cn.missevan cmp=cn.missevan/com.umeng.message.component.UmengIntentService }
09-01 18:56:40.038 21509 21570 I NAccs.BaseIntentService:  onHandleIntent,action=org.agoo.android.intent.action.REPORT,agooCommand=cn.missevan.intent.action.COMMAND,mipushCommand=cn.missevan.intent.thirdPush.action.COMMAND
09-01 18:56:40.039 21509 21570 I NAccs.BaseIntentService:  is report cache msg,Config.isReportCacheMsg(mContext)=false
09-01 18:56:40.039 21509 21570 D NAccs.isClearTime:  now=1662029800039,now - lastTime=8933857,istrue=false
09-01 18:56:40.039 21509 21570 I NAccs.BaseIntentService:  is clear all msg=false
09-01 18:56:40.039 21509 21570 D NAccs.isClearTime:  now=1662029800039,now - lastTime=8933857,istrue=false
09-01 18:56:40.299  1724  2054 I chatty  : uid=1000(system) InputReader expire 24 lines
09-01 18:56:40.058  1724  2178 I chatty  : uid=1000(system) AutobacklightTh identical 9 lines
09-01 18:56:40.434  1724  2054 D WindowManager: powerPress: eventTime=210535272 interactive=true count=1 beganFromNonInteractive=false mShortPressOnPowerBehavior=1
09-01 18:56:40.435  1724  2054 I PowerManagerService: Going to sleep due to power button (uid 1000)...
09-01 18:56:40.435  1724  2054 D FingerprintWakeHook: Screen OFF
09-01 18:56:40.436  1724  1880 D PowerManagerService: handleSandman go to sleep
09-01 18:56:40.436  1724  1880 I PowerManagerService: Sleeping (uid 1000)...
09-01 18:56:40.436  1724  1853 I chatty  : uid=1000(system) android.ui expire 21 lines
09-01 18:56:40.436  1724  1853 W ContextImpl: Calling a method in the system process without a qualified user: android.app.ContextImpl.sendBroadcast:1024 com.android.server.policy.VivoPolicyUtil.sendPowerKeyScreenOffBroadcast:234 com.android.server.policy.PhoneWindowManager$PolicyHandler.handleMessage:1350 android.os.Handler.dispatchMessage:106 android.os.Looper.loop:224
09-01 18:56:40.437  1724  1880 I DisplayPowerController: Blocking screen off
09-01 18:56:40.437  1724  1880 I DisplayPowerController: Unblocked screen off after 0 ms
09-01 18:56:40.437  1724  2184 I DisplayPowerState: mBlockedByFingerprint = 0
09-01 18:56:40.440  1724  2184 E DisplayPowerState: run changed=true mNightPearlManager is null! or state != Display.STATE_OFF
09-01 18:56:40.440  1724  2184 D DisplayPowerState: run normal set state ON brightness:0
09-01 18:56:40.440  1724  2184 W LightsService: setBrightness:0
09-01 18:56:40.440  1724 13501 D FingerprintWakeHook: after PROP_FP_AOD set 0
09-01 18:56:40.442   685  2027 W qti_sensors_hal: activate: handle is 93, en is 0
09-01 18:56:40.442   685  2027 W qti_sensors_hal: enable: handle=93 en 0
09-01 18:56:40.444  1724  3765 I chatty  : uid=1000(system) Binder:1724_10 expire 15 lines
09-01 18:56:40.446   685   884 W qti_sensors_hal: processResp: Received SNS_SAM_MAGLIB_SENSOR_COMMAND_RESP_V01 0 0 0 0 0 0
09-01 18:56:40.446   685   884 W qti_sensors_hal: processResp: Received SNS_SAM_MAGLIB_SENSOR_COMMAND_RESP_V01 1 0 0 0 0 0
09-01 18:56:40.446  1724  2184 D FingerprintWakeHook: Display state changed to ON
09-01 18:56:40.447  1724  2184 D DisplayPowerState: run normal set state end
09-01 18:56:40.449   685  2027 W qti_sensors_hal: batch handle 99 flags 0 period_ns 66667000 timeout 0
09-01 18:56:40.449   685  2027 W qti_sensors_hal: batch handle 52 flags 0 period_ns 1000000 timeout 0
09-01 18:56:40.450  2404  4217 I chatty  : uid=10018(com.android.systemui) Binder:2404_7 expire 7 lines
09-01 18:56:40.450  2404  2513 I chatty  : uid=10018(com.android.systemui) pool-1-thread-1 expire 15 lines
09-01 18:56:40.451  1724  2184 D DisplayPowerState: run state:ON on:true backlight:0
09-01 18:56:40.453   700   700 E touchscreen: Open /sys/touchscreen/gesture_sign_switch failed
09-01 18:56:40.453   715 10762 V APM::AudioPolicyEngine: getDeviceForStrategy() strategy 0, device 2
09-01 18:56:40.453   715 10762 V APM_AudioPolicyManager: selectOutput() commonFlags for output 13, 0000
09-01 18:56:40.453   715 10762 V APM_AudioPolicyManager: selectOutput() commonFlags for output 21, 0000
09-01 18:56:40.453   715 10762 V APM_AudioPolicyManager: getOutput() stream 1 selected device 00000002, output 13
09-01 18:56:40.454   715 10762 V APM::AudioPolicyEngine: getDeviceForStrategy() strategy 0, device 2
09-01 18:56:40.454   715 10762 V APM_AudioPolicyManager: selectOutput() commonFlags for output 13, 0000
09-01 18:56:40.454   715 10762 V APM_AudioPolicyManager: selectOutput() commonFlags for output 21, 0000
09-01 18:56:40.454   715 10762 V APM_AudioPolicyManager: getOutput() stream 1 selected device 00000002, output 13
09-01 18:56:40.456   715 10762 V APM_AudioPolicyManager: getOutputForAttr() usage=13, content=4, tag= flags=00000000 session 7049 selectedDeviceId 0
09-01 18:56:40.456   715 10762 V APM::AudioPolicyEngine: getDeviceForStrategy() strategy 0, device 2
09-01 18:56:40.456   715 10762 V APM_AudioPolicyManager: getOutputForAttr() device 0x2, sampling rate 44100, format 0x1, channel mask 0x3, flags 0x20004
09-01 18:56:40.456   715 10762 V APM_AudioPolicyManager: selectOutput() commonFlags for output 13, 0000
09-01 18:56:40.456   715 10762 V APM_AudioPolicyManager: selectOutput() commonFlags for output 21, 0001
09-01 18:56:40.456   715 10762 V AudioPolicyManagerCustom: getOutputForDevice() returns output 21
09-01 18:56:40.456   715 10762 V APM_AudioPolicyManager:   getOutputForAttr() returns output 21 selectedDeviceId 3
09-01 18:56:40.456   715 10762 V AudioFlinger: createTrack() sessionId: 7049
09-01 18:56:40.456  2404  2404 I chatty  : uid=10018(com.android.systemui) expire 256 lines
09-01 18:56:40.459  1724 16082 D KeyguardServiceDelegate: onKeyguardShowing: true
09-01 18:56:40.460  7093  7093 I UnicodeIME: onFinishInput:
09-01 18:56:40.460  7093  7093 I UnicodeIME: onStartInput
09-01 18:56:40.462   715 10762 D AudioFlinger: IsFast flags:20004
09-01 18:56:40.462   715 10762 W AudioFlinger: createTrack_l(): mismatch between requested flags (00020004) and output flags (00000004)
09-01 18:56:40.462   715 10762 V AudioFlinger: AUDIO_OUTPUT_FLAG_FAST denied: sharedBuffer=0xed898a50 frameCount=0 mFrameCount=192 format=0x1 mFormat=0x5 isLinear=1 channelMask=0x3 sampleRate=44100 mSampleRate=48000 hasFastMixer=1 tid=21586 fastTrackAvailMask=0xfe
09-01 18:56:40.462   715 10762 V AudioFlinger: sharedBuffer: 0xe9680000, size: 65944
09-01 18:56:40.462   715 10762 D AudioFlinger: createTrack_l, pid:2404, sessionId:7049
09-01 18:56:40.463   715 10762 V FeatureService_Native: player pkg name:com.android.systemui(2404)
09-01 18:56:40.463   715 10762 I ParamService: read_nvsize 1229343048
09-01 18:56:40.463   715 10762 D ParamService: read_nvdata 1229343048 | 0xec616000 | 4096
09-01 18:56:40.463   715 10762 D FeatureService_Native: Player(2404,10018,7049) isHifiSupport:0
09-01 18:56:40.463   715 10762 D AudioFlinger: isHifiSupport, reply ret:4, value:0
09-01 18:56:40.464   671   911 D compress_voip: voice_extn_compress_voip_out_get_parameters: enter
09-01 18:56:40.464  2161  2228 W System.err: java.lang.ClassNotFoundException: com.vivo.services.cipher.utils.SecurityPhoneLockFieldUtil
09-01 18:56:40.465  2161  2228 W System.err: 	at java.lang.Class.classForName(Native Method)
09-01 18:56:40.465  2161  2228 W System.err: 	at java.lang.Class.forName(Class.java:453)
09-01 18:56:40.465  2161  2228 W System.err: 	at java.lang.Class.forName(Class.java:378)
09-01 18:56:40.465  2161  2228 W System.err: 	at com.vivo.fingerprintui.keyguard.n.C(SourceFile:2)
09-01 18:56:40.465  2161  2228 W System.err: 	at com.vivo.fingerprintui.keyguard.n.x(SourceFile:14)
09-01 18:56:40.465  2161  2228 W System.err: 	at com.vivo.fingerprintui.keyguard.n.j(SourceFile:3)
09-01 18:56:40.465  2161  2228 W System.err: 	at com.vivo.fingerprintui.keyguard.n.k(SourceFile:13)
09-01 18:56:40.465  2161  2228 W System.err: 	at com.vivo.fingerprintui.keyguard.n.p(SourceFile:9)
09-01 18:56:40.465  2161  2228 W System.err: 	at com.vivo.fingerprintui.keyguard.n.k(SourceFile:1)
09-01 18:56:40.465   715 10762 V AudioFlinger: acquiring 7049 from 2404, for 2404
09-01 18:56:40.465  2161  2228 W System.err: 	at com.vivo.fingerprintui.keyguard.n$b.handleMessage(SourceFile:26)
09-01 18:56:40.465  2161  2228 W System.err: 	at android.os.Handler.dispatchMessage(Handler.java:106)
09-01 18:56:40.465   715 10762 V AudioFlinger:  added new entry for 7049
09-01 18:56:40.465  2161  2228 W System.err: 	at android.os.Looper.loop(Looper.java:224)
09-01 18:56:40.465  2161  2228 W System.err: 	at android.os.HandlerThread.run(HandlerThread.java:65)
09-01 18:56:40.465   715 10762 V AudioFlinger: start(2), calling pid 2404 session 7049
09-01 18:56:40.465   715 10762 D AudioFlinger: startOutput_POM , POM_id:2404
09-01 18:56:40.465   715 10762 D AudioPolicyManagerCustom: startOutput_POM output:21, stream:1, session:7049, pom_id:2404
09-01 18:56:40.465   715 10762 I APM::AudioPolicyEngine: ###### POM Stack0:  0 0 1
09-01 18:56:40.465   715 10762 I APM::AudioPolicyEngine: ###### POM Stack1:  2404 0 1
09-01 18:56:40.465   715 10762 V APM_AudioPolicyManager: startOutput() output 21, stream 1, session 7049
09-01 18:56:40.465   715 10762 D AudioPolicyManagerCustom: startOutput isCallPOMStateChange :0, refCount:1
09-01 18:56:40.465  2161  2228 W System.err: Caused by: java.lang.ClassNotFoundException: Didn't find class "com.vivo.services.cipher.utils.SecurityPhoneLockFieldUtil" on path: DexPathList[[zip file "/system/app/FingerprintUI/FingerprintUI.apk"],nativeLibraryDirectories=[/system/app/FingerprintUI/lib/arm64, /system/app/FingerprintUI/FingerprintUI.apk!/lib/arm64-v8a, /system/lib64, /system/lib64]]
09-01 18:56:40.465   715 10762 V APM::AudioPolicyEngine: getDeviceForStrategy() strategy 0, device 2
09-01 18:56:40.465  2161  2228 W System.err: 	at dalvik.system.BaseDexClassLoader.findClass(BaseDexClassLoader.java:134)
09-01 18:56:40.465   715 10762 V APM_AudioPolicyManager: getNewOutputDevice() selected device 2
09-01 18:56:40.466  2161  2228 W System.err: 	at java.lang.ClassLoader.loadClass(ClassLoader.java:379)
09-01 18:56:40.466   715 10762 V APM_AudioPolicyManager: setOutputDevice() device 0002 delayMs 0
09-01 18:56:40.466   715 10762 V APM_AudioPolicyManager: setOutputDevice() prevDevice 0x0002
09-01 18:56:40.466  2161  2228 W System.err: 	at java.lang.ClassLoader.loadClass(ClassLoader.java:312)
09-01 18:56:40.466   715 10762 V APM::AudioPolicyEngine: getDeviceForStrategy() strategy 0, device 2
09-01 18:56:40.466  2161  2228 W System.err: 	... 13 more
09-01 18:56:40.466   715 10762 V APM::AudioPolicyEngine: getDeviceForStrategy() strategy 1, device 1
09-01 18:56:40.466   715 10762 V APM::AudioPolicyEngine: getDeviceForStrategy() strategy 2, device 2
09-01 18:56:40.466   715 10762 V APM::AudioPolicyEngine: getDeviceForStrategy() strategy 0, device 2
09-01 18:56:40.466   715 10762 V APM::AudioPolicyEngine: getDeviceForStrategy() strategy 3, device 2
09-01 18:56:40.466   715 10762 V APM::AudioPolicyEngine: getDeviceForStrategy() strategy 0, device 2
09-01 18:56:40.466   715 10762 V APM::AudioPolicyEngine: getDeviceForStrategy() strategy 4, device 2
09-01 18:56:40.466   715 10762 V APM::AudioPolicyEngine: getDeviceForStrategy() strategy 5, device 2
09-01 18:56:40.466   715 10762 V APM::AudioPolicyEngine: getDeviceForStrategy() strategy 6, device 2
09-01 18:56:40.466   715 10762 V APM::AudioPolicyEngine: getDeviceForStrategy() strategy 7, device 2
09-01 18:56:40.466   715 10762 V APM::AudioPolicyEngine: getDeviceForStrategy() strategy 8, device 2
09-01 18:56:40.466   715 10762 V APM::AudioPolicyEngine: getDeviceForStrategy() strategy 9, device 2
09-01 18:56:40.466   715 10762 V APM_AudioPolicyManager: setOutputDevice() setting same device 0x0002 or null device
09-01 18:56:40.466   715 10762 D APM::VolumeCurve: VOLUME mDeviceCategory 1, mStreamType 1 vol index=[170 182 255], dB=[-29.0 -29.0 -29.0]
09-01 18:56:40.466   715 10762 D AudioPolicyIntefaceImpl: startOutput_POM oldPhoneState:0,currentPhoneState:0
09-01 18:56:40.468   715 10762 V AudioFlinger: signal playback thread
09-01 18:56:40.468   715   915 V AudioFlinger: thread 0xed003f40 type 0 TID 915 waking up
09-01 18:56:40.469   715   915 V AudioFlinger: acquireWakeLock_l() AudioOut_15 status 0
09-01 18:56:40.469   715   915 D AudioFlinger: updateWakeLockUids_l AudioOut_15 uids:10018
09-01 18:56:40.469   715   915 V AudioFlinger: updateWakeLockUids_l() AudioOut_15 status 0
09-01 18:56:40.471   715 26210 V AudioFlinger: releasing 7001 from 2404 for 2404
09-01 18:56:40.471   715 26210 V AudioFlinger:  decremented refcount to 0
09-01 18:56:40.471   715 26210 V AudioFlinger: purging stale effects
09-01 18:56:40.472   715   915 V BufferProvider: CopyBufferProvider(0xef19a470)(4, 8, 256)
09-01 18:56:40.472   715   915 V BufferProvider: ReformatBufferProvider(0xef19a470)(2, 0x1, 0x5)
09-01 18:56:40.472   715   915 D BufferProvider: setBufferProvider(0x0): mTrackBufferProvider:0x0  mBuffer.frameCount:0
09-01 18:56:40.473   715   915 D AudioFlinger: ####### XXF  RESAMPLE RESET #######
09-01 18:56:40.473   715   915 D BufferProvider: setBufferProvider(0xec614000): mTrackBufferProvider:0x0  mBuffer.frameCount:0
09-01 18:56:40.473   715   915 D AudioMixer: setResampler  DYN_HIGH_QUALITY FLAG:20000
09-01 18:56:40.473   715  9877 V AudioPolicyService: AudioCommandThread() adding release output 21
09-01 18:56:40.473   715  9877 V AudioPolicyService: inserting command: 7 at index 0, num commands 0
09-01 18:56:40.473   715  9877 V AudioFlinger: PlaybackThread::Track destructor
09-01 18:56:40.473   715   906 V AudioPolicyService: AudioCommandThread() processing release output 21
09-01 18:56:40.473   715   906 V APM_AudioPolicyManager: releaseOutput() 21
09-01 18:56:40.473   671  4200 D audio_hw_primary: start_output_stream: enter: stream(0xea655000)usecase(1: low-latency-playback) devices(0x2)
09-01 18:56:40.473   715   906 V AudioPolicyService: AudioCommandThread() going to sleep
09-01 18:56:40.463   715   715 W Binder:715_B: type=1400 audit(0.0:88296): avc: denied { search } for name="bbkcore" dev="dm-1" ino=2359297 scontext=u:r:audioserver:s0 tcontext=u:object_r:vivo_data_file:s0 tclass=dir permissive=0
09-01 18:56:40.474   671  4200 D audio_hw_primary: select_devices for use case (low-latency-playback)
09-01 18:56:40.474   671  4200 D audio_hw_primary: select_devices, usecase_flag:0, out_snd_device:2
09-01 18:56:40.474   671  4200 D audio_hw_primary: select_devices: out_snd_device(2: speaker) in_snd_device(0: )
09-01 18:56:40.474   671  4200 I msm8916_platform: platform_check_and_set_codec_backend_cfg:becf: afe: bitwidth 32, samplerate 48000 channels 2, backend_idx 0 usecase = 1 device (speaker)
09-01 18:56:40.474   671  4200 D msm8916_platform: platform_split_snd_device: snd_device(2) num devices(1) new_snd_devices(0)
09-01 18:56:40.474   671  4200 I msm8916_platform: platform_check_and_set_codec_backend_cfg: becf: new_snd_devices[0] is speaker
09-01 18:56:40.474   671  4200 I msm8916_platform: platform_check_codec_backend_cfg:becf: afe: Codec selected backend: 0 current bit width: 32 sample rate: 48000 channels: 2 usecase 1 device (speaker)
09-01 18:56:40.474   671  4200 D msm8916_platform: platform_check_codec_backend_cfg:becf: afe: reset bitwidth to 24 (based on supported value for this platform)
09-01 18:56:40.474   671  4200 D msm8916_platform: platform_check_codec_backend_cfg:becf: afe: playback on codec device not supporting native playback set default Sample Rate(48k)
09-01 18:56:40.474   671  4200 I msm8916_platform: platform_check_codec_backend_cfg:becf: afe: Codec selected backend: 0 updated bit width: 24 sample rate: 48000 channels: 2
09-01 18:56:40.474   671  4200 I msm8916_platform: platform_check_codec_backend_cfg:becf: afe: Codec backend needs to be updated. new bit width: 24 new sample rate: 48000 new channels 2
09-01 18:56:40.474   671  4200 I msm8916_platform: platform_set_codec_backend_cfg:becf: afe: bitwidth 24, samplerate 48000 channels 2 format 3, backend_idx 0 device (speaker)
09-01 18:56:40.474   671  4200 E msm8916_platform: platform_set_codec_backend_cfg:becf: afe: Could not get ctl for mixer command - INT4_MI2S_RX Format
09-01 18:56:40.474   671  4200 D audio_hw_primary: check_usecases_codec_backend:becf: force routing 0
09-01 18:56:40.474   671  4200 E msm8916_platform: platform_check_backends_match: Invalid snd_device =
09-01 18:56:40.474   671  4200 D audio_hw_primary: check_usecases_codec_backend:becf: (63) check_usecases curr device: speaker, usecase device: backends match 0
09-01 18:56:40.474   671  4200 D audio_hw_primary: check_usecases_codec_backend:becf: check_usecases num.of Usecases to switch 0
09-01 18:56:40.474   671  4200 D hardware_info: hw_info_append_hw_type : device_name = speaker
09-01 18:56:40.474   671  4200 D audio_hw_primary: enable_snd_device: device 2:device_name:speaker:ref_cnt:1
09-01 18:56:40.474   671  4200 D msm8916_platform: platform_split_snd_device: snd_device(2) num devices(0) new_snd_devices(0)
09-01 18:56:40.474   671  4200 D audio_hw_primary: enable_snd_device: snd_device(2: speaker)
09-01 18:56:40.474   671  4200 I soundtrigger: audio_extn_sound_trigger_update_device_status: device 0x2 of type 0 for Event 1, with Raise=0
09-01 18:56:40.475   671  4200 D audio_route: Apply path: speaker
09-01 18:56:40.476  1724  2184 I DisplayPowerState: mBlockedByFingerprint = 0
09-01 18:56:40.477   685  2027 W qti_sensors_hal: batch handle 2 flags 0 period_ns 200000000 timeout 0
09-01 18:56:40.477   685  2027 W qti_sensors_hal: batch:sensor(android.sensor.light) handle:2 flags:0x0 period_ns 200000000
09-01 18:56:40.477  1724 16082 I chatty  : uid=1000(system) Binder:1724_1F expire 11 lines
09-01 18:56:40.478   680   825 I SDM     : DisplayBase::SetDisplayState: Set state = 0, display 0
09-01 18:56:40.478  1724  1877 I DisplayManagerService: Display device changed state: "内置屏幕", OFF
09-01 18:56:40.480   671  4200 I audio_hw_utils: audio_extn_utils_update_stream_output_app_type_cfg Allowing 24-bit playback on speaker ONLY at default sampling rate
09-01 18:56:40.480   671  4200 D audio_hw_primary: audio_is_true_native_stream_active:napb: (0) (low-latency-playback)id (1) sr 48000 bw (32) device speaker
09-01 18:56:40.480   671  4200 D soundtrigger: audio_extn_sound_trigger_update_stream_status: uc_info->id 1 of type 0 for Event 3, with Raise=0
09-01 18:56:40.480   671  4200 D audio_hw_utils: audio_extn_utils_send_app_type_cfg: usecase->out_snd_device speaker
09-01 18:56:40.480   671  4200 D msm8916_platform: platform_split_snd_device: snd_device(2) num devices(0) new_snd_devices(0)
09-01 18:56:40.480   671  4200 D audio_hw_utils: audio_extn_btsco_get_sample_rate:Not a BT SCO device, need not update sampling rate
09-01 18:56:40.480   671  4200 I audio_hw_utils: send_app_type_cfg_for_device PLAYBACK app_type 69937, acdb_dev_id 131, sample_rate 48000, snd_device_be_idx 41
09-01 18:56:40.480  2956  2956 D ViewRootImpl[DockedStackDivider]: onDisplayChange oldDisplayState=2 newDisplayState=1
09-01 18:56:40.480  2786  2786 I chatty  : uid=1000(system) com.vivo.upslide expire 110 lines
09-01 18:56:40.480   671  4200 D msm8916_platform: platform_split_snd_device: snd_device(2) num devices(1) new_snd_devices(0)
09-01 18:56:40.481   671  4200 D ACDB-LOADER: ACDB -> send_audio_cal, acdb_id = 131, path = 0, app id = 0x11131, sample rate = 48000
09-01 18:56:40.481   671  4200 D ACDB-LOADER: ACDB -> send_asm_topology
09-01 18:56:40.481   671  4200 D ACDB-LOADER: ACDB -> ACDB_CMD_GET_AUDPROC_STREAM_TOPOLOGY_ID
09-01 18:56:40.481   671  4200 D ACDB-LOADER: ACDB -> send_adm_topology
09-01 18:56:40.481   671  4200 D ACDB-LOADER: ACDB -> ACDB_CMD_GET_AUDPROC_COMMON_TOPOLOGY_ID
09-01 18:56:40.481   671  4200 D ACDB-LOADER: ACDB -> send_audtable
09-01 18:56:40.481   671  4200 D ACDB-LOADER: ACDB -> ACDB_CMD_GET_AUDPROC_COMMON_TABLE_SIZE
09-01 18:56:40.481   671  4200 D ACDB-LOADER: ACDB -> ACDB_CMD_GET_AUDPROC_COMMON_TABLE
09-01 18:56:40.481   671  4200 D ACDB-LOADER: ACDB -> AUDIO_SET_AUDPROC_CAL
09-01 18:56:40.481   671  4200 D ACDB-LOADER: ACDB -> send_audvoltable
09-01 18:56:40.481   671  4200 D ACDB-LOADER: ACDB -> ACDB_CMD_GET_AUDPROC_VOL_STEP_TABLE_SIZE
09-01 18:56:40.481   671  4200 D ACDB-LOADER: ACDB -> ACDB_CMD_GET_AUDPROC_GAIN_DEP_STEP_TABLE, vol index 0
09-01 18:56:40.481   671  4200 D ACDB-LOADER: ACDB -> AUDIO_SET_VOL_CAL cal type = 12
09-01 18:56:40.481   671  4200 D ACDB-LOADER: ACDB -> ACDB_CMD_GET_AUDPROC_STREAM_TABLE_SIZE
09-01 18:56:40.481   671  4200 D ACDB-LOADER: ACDB -> send_audstrmtable
09-01 18:56:40.481   671  4200 D ACDB-LOADER: ACDB -> ACDB_CMD_GET_AUDPROC_STREAM_TABLE_V2
09-01 18:56:40.481   671  4200 D ACDB-LOADER: ACDB -> audstrm_cal->cal_type.cal_data.cal_size = 16
09-01 18:56:40.481   671  4200 D ACDB-LOADER: ACDB -> send_afe_topology
09-01 18:56:40.481   671  4200 D ACDB-LOADER: ACDB -> ACDB_CMD_GET_AFE_TOPOLOGY_ID
09-01 18:56:40.481   671  4200 D ACDB-LOADER: ACDB -> GET_AFE_TOPOLOGY_ID for adcd_id 131, Topology Id 112fc
09-01 18:56:40.481   671  4200 D ACDB-LOADER: ACDB -> send_afe_cal
09-01 18:56:40.481   671  4200 D ACDB-LOADER: ACDB -> ACDB_CMD_GET_AFE_COMMON_TABLE_SIZE
09-01 18:56:40.481   671  4200 D         : Failed to fetch the lookup information of the device 00000083
09-01 18:56:40.481   671  4200 E ACDB-LOADER: Error: ACDB_CMD_GET_AFE_COMMON_TABLE_SIZE Returned = -19
09-01 18:56:40.481   671  4200 D ACDB-LOADER: ACDB -> ACDB_CMD_GET_AFE_COMMON_TABLE
09-01 18:56:40.481   671  4200 D         : Failed to fetch the lookup information of the device 00000083
09-01 18:56:40.481   671  4200 E ACDB-LOADER: Error: ACDB AFE returned = -19
09-01 18:56:40.481   671  4200 D ACDB-LOADER: ACDB -> AUDIO_SET_AFE_CAL
09-01 18:56:40.481   671  4200 D ACDB-LOADER: ACDB -> send_hw_delay : acdb_id = 131 path = 0
09-01 18:56:40.481   671  4200 D ACDB-LOADER: ACDB -> ACDB_AVSYNC_INFO: ACDB_CMD_GET_DEVICE_PROPERTY
09-01 18:56:40.481   671  4200 D audio_route: Apply path: low-latency-playback speaker
09-01 18:56:40.481  2956  2956 D ViewRootImpl[PopMenuView]: onDisplayChange oldDisplayState=2 newDisplayState=1
09-01 18:56:40.483 13152 13152 I chatty  : uid=1000(system) com.vivo.vtouch expire 25 lines
09-01 18:56:40.484  1724  1880 D PowerManagerService: reset mPrimaryDisplayIsDoze
09-01 18:56:40.485  4441  4441 D ViewRootImpl[HiBoard]: onDisplayChange oldDisplayState=2 newDisplayState=1
09-01 18:56:40.486   671  4200 D audio_hw_primary: select_devices: done
09-01 18:56:40.486   671  4200 D audio_hw_primary: start_output_stream: Opening PCM device card_id(0) device_id(13) format(0x1),config.rate:48000,bit_width:32
09-01 18:56:40.487   685  2027 W qti_sensors_hal: batch handle 21 flags 0 period_ns 20000000 timeout 0
09-01 18:56:40.487   685  2027 W qti_sensors_hal: batch:sensor(android.sensor.proximity) handle:21 flags:0x0 period_ns 20000000
09-01 18:56:40.488 11860 11860 D ViewRootImpl[SecureInputMethod]: onDisplayChange oldDisplayState=2 newDisplayState=1
09-01 18:56:40.488 26876 26876 D ViewRootImpl[Settings]: onDisplayChange oldDisplayState=2 newDisplayState=1
09-01 18:56:40.489 19231 19231 D ViewRootImpl[BrowserActivity]: onDisplayChange oldDisplayState=2 newDisplayState=1
09-01 18:56:40.489  1724  2184 D DisplayPowerState: run normal set state OFF brightness:0
09-01 18:56:40.489  4240  4240 D ViewRootImpl[Launcher]: onDisplayChange oldDisplayState=2 newDisplayState=1
09-01 18:56:40.493 12497 12497 D ViewRootImpl[GalleryTabActivity]: onDisplayChange oldDisplayState=2 newDisplayState=1
09-01 18:56:40.494 12497 12497 D ViewRootImpl[NewPageActivity]: onDisplayChange oldDisplayState=2 newDisplayState=1
09-01 18:56:40.496 12497 12497 D ViewRootImpl[Gallery]: onDisplayChange oldDisplayState=2 newDisplayState=1
09-01 18:56:40.497  1724 16082 D FingerprintService: set homekey to HOMEKEY_FREE
09-01 18:56:40.500 19231 19231 D ViewRootImpl[BrowserActivity]: onDisplayChange oldDisplayState=2 newDisplayState=1
09-01 18:56:40.504  1724  2931 D PowerManagerService: acquireWakeLockInternal: lock=221226620, flags=0x80, tag="NightPearlShowServicePrimaryDisplay", ws=null, uid=1000, pid=3045
