09-01 18:09:50.064   673 29824 E ta      : TAAEC<ERROR> 2520: aec_process_parse_input_info: AEC error: invalid param type: 21
09-01 18:09:50.067   673 29811 E libc    : Access denied finding property "persist.front.camera.qcom.awb"
09-01 18:09:50.078   673 29837 E libc    : Access denied finding property "persist.aicamera.needlut"
09-01 18:09:50.093   673 29797 E         : cpp_thread_handle_process_buf_event, stream_type = 1
09-01 18:09:50.093   673 29797 E libc    : Access denied finding property "disable.cpp.power.collapse"
09-01 18:09:50.093   673 29797 E libc    : Access denied finding property "camera.cpp.dumppreviewpayload"
09-01 18:09:50.097   673 29824 E ta      : TAAEC<ERROR> 2520: aec_process_parse_input_info: AEC error: invalid param type: 21
09-01 18:09:50.100   673 29811 E libc    : Access denied finding property "persist.front.camera.qcom.awb"
09-01 18:09:50.111   673 29837 E libc    : Access denied finding property "persist.aicamera.needlut"
09-01 18:09:50.126   673 29797 E         : cpp_thread_handle_process_buf_event, stream_type = 1
09-01 18:09:50.126   673 29797 E libc    : Access denied finding property "disable.cpp.power.collapse"
09-01 18:09:50.126   673 29797 E libc    : Access denied finding property "camera.cpp.dumppreviewpayload"
09-01 18:09:50.131   673 29824 E ta      : TAAEC<ERROR> 2520: aec_process_parse_input_info: AEC error: invalid param type: 21
09-01 18:09:50.134   673 29811 E libc    : Access denied finding property "persist.front.camera.qcom.awb"
09-01 18:09:50.145   673 29837 E libc    : Access denied finding property "persist.aicamera.needlut"
09-01 18:09:50.159   673 29797 E         : cpp_thread_handle_process_buf_event, stream_type = 1
09-01 18:09:50.160   673 29797 E libc    : Access denied finding property "disable.cpp.power.collapse"
09-01 18:09:50.160   673 29797 E libc    : Access denied finding property "camera.cpp.dumppreviewpayload"
09-01 18:09:50.164   673 29824 E ta      : TAAEC<ERROR> 2520: aec_process_parse_input_info: AEC error: invalid param type: 21
09-01 18:09:50.167   673 29811 E libc    : Access denied finding property "persist.front.camera.qcom.awb"
09-01 18:09:50.178   673 29837 E libc    : Access denied finding property "persist.aicamera.needlut"
09-01 18:09:50.193   673 29797 E         : cpp_thread_handle_process_buf_event, stream_type = 1
09-01 18:09:50.193   673 29797 E libc    : Access denied finding property "disable.cpp.power.collapse"
09-01 18:09:50.193   673 29797 E libc    : Access denied finding property "camera.cpp.dumppreviewpayload"
09-01 18:09:50.198   673 29824 E ta      : TAAEC<ERROR> 2520: aec_process_parse_input_info: AEC error: invalid param type: 21
09-01 18:09:50.202   673 29811 E libc    : Access denied finding property "persist.front.camera.qcom.awb"
09-01 18:09:50.211   673 29837 E libc    : Access denied finding property "persist.aicamera.needlut"
09-01 18:09:50.226   673 29797 E         : cpp_thread_handle_process_buf_event, stream_type = 1
09-01 18:09:50.226   673 29797 E libc    : Access denied finding property "disable.cpp.power.collapse"
09-01 18:09:50.226   673 29797 E libc    : Access denied finding property "camera.cpp.dumppreviewpayload"
09-01 18:09:50.231   673 29824 E ta      : TAAEC<ERROR> 2520: aec_process_parse_input_info: AEC error: invalid param type: 21
09-01 18:09:50.236   673 29811 E libc    : Access denied finding property "persist.front.camera.qcom.awb"
09-01 18:09:50.245   673 29837 E libc    : Access denied finding property "persist.aicamera.needlut"
09-01 18:09:50.259   673 29797 E         : cpp_thread_handle_process_buf_event, stream_type = 1
09-01 18:09:50.260   673 29797 E libc    : Access denied finding property "disable.cpp.power.collapse"
09-01 18:09:50.260   673 29797 E libc    : Access denied finding property "camera.cpp.dumppreviewpayload"
09-01 18:09:50.266   673 29824 E ta      : TAAEC<ERROR> 2520: aec_process_parse_input_info: AEC error: invalid param type: 21
09-01 18:09:50.271   673 29824 E libc    : Access denied finding property "persist.front.camera.qcom.awb"
09-01 18:09:50.279   673 29837 E libc    : Access denied finding property "persist.aicamera.needlut"
09-01 18:09:50.293   673 29797 E         : cpp_thread_handle_process_buf_event, stream_type = 1
09-01 18:09:50.293   673 29797 E libc    : Access denied finding property "disable.cpp.power.collapse"
09-01 18:09:50.293   673 29797 E libc    : Access denied finding property "camera.cpp.dumppreviewpayload"
09-01 18:09:50.306   673 29824 E ta      : TAAEC<ERROR> 2520: aec_process_parse_input_info: AEC error: invalid param type: 21
09-01 18:09:50.310   673 29824 E libc    : Access denied finding property "persist.front.camera.qcom.awb"
09-01 18:09:50.312   673 29837 E libc    : Access denied finding property "persist.aicamera.needlut"
09-01 18:09:50.326   673 29797 E         : cpp_thread_handle_process_buf_event, stream_type = 1
09-01 18:09:50.326   673 29797 E libc    : Access denied finding property "disable.cpp.power.collapse"
09-01 18:09:50.327   673 29797 E libc    : Access denied finding property "camera.cpp.dumppreviewpayload"
09-01 18:09:50.339   673 29824 E ta      : TAAEC<ERROR> 2520: aec_process_parse_input_info: AEC error: invalid param type: 21
09-01 18:09:50.342   673 29824 E libc    : Access denied finding property "persist.front.camera.qcom.awb"
09-01 18:09:50.345   673 29837 E libc    : Access denied finding property "persist.aicamera.needlut"
09-01 18:09:50.359   673 29797 E         : cpp_thread_handle_process_buf_event, stream_type = 1
09-01 18:09:50.360   673 29797 E libc    : Access denied finding property "disable.cpp.power.collapse"
09-01 18:09:50.360   673 29797 E libc    : Access denied finding property "camera.cpp.dumppreviewpayload"
09-01 18:09:50.376   673 29811 E libc    : Access denied finding property "persist.front.camera.qcom.awb"
09-01 18:09:50.379   673 29837 E libc    : Access denied finding property "persist.aicamera.needlut"
09-01 18:09:50.393   673 29797 E         : cpp_thread_handle_process_buf_event, stream_type = 1
09-01 18:09:50.393   673 29797 E libc    : Access denied finding property "disable.cpp.power.collapse"
09-01 18:09:50.393   673 29797 E libc    : Access denied finding property "camera.cpp.dumppreviewpayload"
09-01 18:09:50.398   673 29824 E ta      : TAAEC<ERROR> 2520: aec_process_parse_input_info: AEC error: invalid param type: 21
09-01 18:09:50.402   673 29811 E libc    : Access denied finding property "persist.front.camera.qcom.awb"
09-01 18:09:50.412   673 29837 E libc    : Access denied finding property "persist.aicamera.needlut"
09-01 18:09:50.426   673 29797 E         : cpp_thread_handle_process_buf_event, stream_type = 1
09-01 18:09:50.427   673 29797 E libc    : Access denied finding property "disable.cpp.power.collapse"
09-01 18:09:50.427   673 29797 E libc    : Access denied finding property "camera.cpp.dumppreviewpayload"
09-01 18:09:50.440   673 29824 E ta      : TAAEC<ERROR> 2520: aec_process_parse_input_info: AEC error: invalid param type: 21
09-01 18:09:50.443   673 29824 E libc    : Access denied finding property "persist.front.camera.qcom.awb"
09-01 18:09:50.445   673 29837 E libc    : Access denied finding property "persist.aicamera.needlut"
09-01 18:09:50.459   673 29797 E         : cpp_thread_handle_process_buf_event, stream_type = 1
09-01 18:09:50.460   673 29797 E libc    : Access denied finding property "disable.cpp.power.collapse"
09-01 18:09:50.460   673 29797 E libc    : Access denied finding property "camera.cpp.dumppreviewpayload"
09-01 18:09:50.473   673 29811 E libc    : Access denied finding property "persist.front.camera.qcom.awb"
09-01 18:09:50.479   673 29837 E libc    : Access denied finding property "persist.aicamera.needlut"
09-01 18:09:50.493   673 29797 E         : cpp_thread_handle_process_buf_event, stream_type = 1
09-01 18:09:50.493   673 29797 E libc    : Access denied finding property "disable.cpp.power.collapse"
09-01 18:09:50.493   673 29797 E libc    : Access denied finding property "camera.cpp.dumppreviewpayload"
09-01 18:09:50.498   673 29824 E ta      : TAAEC<ERROR> 2520: aec_process_parse_input_info: AEC error: invalid param type: 21
09-01 18:09:50.504   673 29824 E libc    : Access denied finding property "persist.front.camera.qcom.awb"
09-01 18:09:50.512   673 29837 E libc    : Access denied finding property "persist.aicamera.needlut"
09-01 18:09:50.526   673 29797 E         : cpp_thread_handle_process_buf_event, stream_type = 1
09-01 18:09:50.527   673 29797 E libc    : Access denied finding property "disable.cpp.power.collapse"
09-01 18:09:50.527   673 29797 E libc    : Access denied finding property "camera.cpp.dumppreviewpayload"
09-01 18:09:50.536   673 29824 E ta      : TAAEC<ERROR> 2520: aec_process_parse_input_info: AEC error: invalid param type: 21
09-01 18:09:50.540   673 29824 E libc    : Access denied finding property "persist.front.camera.qcom.awb"
09-01 18:09:50.545   673 29837 E libc    : Access denied finding property "persist.aicamera.needlut"
09-01 18:09:50.559   673 29797 E         : cpp_thread_handle_process_buf_event, stream_type = 1
09-01 18:09:50.560   673 29797 E libc    : Access denied finding property "disable.cpp.power.collapse"
09-01 18:09:50.560   673 29797 E libc    : Access denied finding property "camera.cpp.dumppreviewpayload"
09-01 18:09:50.564   673 29824 E ta      : TAAEC<ERROR> 2520: aec_process_parse_input_info: AEC error: invalid param type: 21
09-01 18:09:50.570   673 29811 E libc    : Access denied finding property "persist.front.camera.qcom.awb"
09-01 18:09:50.579   673 29837 E libc    : Access denied finding property "persist.aicamera.needlut"
09-01 18:09:50.593   673 29797 E         : cpp_thread_handle_process_buf_event, stream_type = 1
09-01 18:09:50.593   673 29797 E libc    : Access denied finding property "disable.cpp.power.collapse"
09-01 18:09:50.594   673 29797 E libc    : Access denied finding property "camera.cpp.dumppreviewpayload"
09-01 18:09:50.602   673 29824 E ta      : TAAEC<ERROR> 2520: aec_process_parse_input_info: AEC error: invalid param type: 21
09-01 18:09:50.604   673 29824 E libc    : Access denied finding property "persist.front.camera.qcom.awb"
09-01 18:09:50.612   673 29837 E libc    : Access denied finding property "persist.aicamera.needlut"
09-01 18:09:50.626   673 29797 E         : cpp_thread_handle_process_buf_event, stream_type = 1
09-01 18:09:50.627   673 29797 E libc    : Access denied finding property "disable.cpp.power.collapse"
09-01 18:09:50.627   673 29797 E libc    : Access denied finding property "camera.cpp.dumppreviewpayload"
09-01 18:09:50.635   673 29824 E ta      : TAAEC<ERROR> 2520: aec_process_parse_input_info: AEC error: invalid param type: 21
09-01 18:09:50.640   673 29824 E libc    : Access denied finding property "persist.front.camera.qcom.awb"
09-01 18:09:50.646   673 29837 E libc    : Access denied finding property "persist.aicamera.needlut"
09-01 18:09:50.659   673 29797 E         : cpp_thread_handle_process_buf_event, stream_type = 1
09-01 18:09:50.660   673 29797 E libc    : Access denied finding property "disable.cpp.power.collapse"
09-01 18:09:50.660   673 29797 E libc    : Access denied finding property "camera.cpp.dumppreviewpayload"
09-01 18:09:50.665   673 29824 E ta      : TAAEC<ERROR> 2520: aec_process_parse_input_info: AEC error: invalid param type: 21
09-01 18:09:50.671   673 29811 E libc    : Access denied finding property "persist.front.camera.qcom.awb"
09-01 18:09:50.679   673 29837 E libc    : Access denied finding property "persist.aicamera.needlut"
09-01 18:09:50.693   673 29797 E         : cpp_thread_handle_process_buf_event, stream_type = 1
09-01 18:09:50.693   673 29797 E libc    : Access denied finding property "disable.cpp.power.collapse"
09-01 18:09:50.693   673 29797 E libc    : Access denied finding property "camera.cpp.dumppreviewpayload"
09-01 18:09:50.705   673 29824 E ta      : TAAEC<ERROR> 2520: aec_process_parse_input_info: AEC error: invalid param type: 21
09-01 18:09:50.709   673 29824 E libc    : Access denied finding property "persist.front.camera.qcom.awb"
09-01 18:09:50.712   673 29837 E libc    : Access denied finding property "persist.aicamera.needlut"
09-01 18:09:50.726   673 29797 E         : cpp_thread_handle_process_buf_event, stream_type = 1
09-01 18:09:50.726   673 29797 E libc    : Access denied finding property "disable.cpp.power.collapse"
09-01 18:09:50.727   673 29797 E libc    : Access denied finding property "camera.cpp.dumppreviewpayload"
09-01 18:09:50.733   673 29824 E ta      : TAAEC<ERROR> 2520: aec_process_parse_input_info: AEC error: invalid param type: 21
09-01 18:09:50.735   673 29824 E libc    : Access denied finding property "persist.front.camera.qcom.awb"
09-01 18:09:50.745   673 29837 E libc    : Access denied finding property "persist.aicamera.needlut"
09-01 18:09:50.760   673 29797 E         : cpp_thread_handle_process_buf_event, stream_type = 1
09-01 18:09:50.760   673 29797 E libc    : Access denied finding property "disable.cpp.power.collapse"
09-01 18:09:50.760   673 29797 E libc    : Access denied finding property "camera.cpp.dumppreviewpayload"
09-01 18:09:50.765   673 29824 E ta      : TAAEC<ERROR> 2520: aec_process_parse_input_info: AEC error: invalid param type: 21
09-01 18:09:50.775   673 29811 E libc    : Access denied finding property "persist.front.camera.qcom.awb"
09-01 18:09:50.779   673 29837 E libc    : Access denied finding property "persist.aicamera.needlut"
09-01 18:09:50.793   673 29797 E         : cpp_thread_handle_process_buf_event, stream_type = 1
09-01 18:09:50.793   673 29797 E libc    : Access denied finding property "disable.cpp.power.collapse"
09-01 18:09:50.793   673 29797 E libc    : Access denied finding property "camera.cpp.dumppreviewpayload"
09-01 18:09:50.802   673 29824 E ta      : TAAEC<ERROR> 2520: aec_process_parse_input_info: AEC error: invalid param type: 21
09-01 18:09:50.804   673 29824 E libc    : Access denied finding property "persist.front.camera.qcom.awb"
09-01 18:09:50.812   673 29837 E libc    : Access denied finding property "persist.aicamera.needlut"
09-01 18:09:50.826   673 29797 E         : cpp_thread_handle_process_buf_event, stream_type = 1
09-01 18:09:50.826   673 29797 E libc    : Access denied finding property "disable.cpp.power.collapse"
09-01 18:09:50.827   673 29797 E libc    : Access denied finding property "camera.cpp.dumppreviewpayload"
09-01 18:09:50.835   673 29824 E ta      : TAAEC<ERROR> 2520: aec_process_parse_input_info: AEC error: invalid param type: 21
09-01 18:09:50.839   673 29824 E libc    : Access denied finding property "persist.front.camera.qcom.awb"
09-01 18:09:50.845   673 29837 E libc    : Access denied finding property "persist.aicamera.needlut"
09-01 18:09:50.859   673 29797 E         : cpp_thread_handle_process_buf_event, stream_type = 1
09-01 18:09:50.860   673 29797 E libc    : Access denied finding property "disable.cpp.power.collapse"
09-01 18:09:50.860   673 29797 E libc    : Access denied finding property "camera.cpp.dumppreviewpayload"
09-01 18:09:50.868   673 29811 E libc    : Access denied finding property "persist.front.camera.qcom.awb"
09-01 18:09:50.878   673 29837 E libc    : Access denied finding property "persist.aicamera.needlut"
09-01 18:09:50.893   673 29797 E         : cpp_thread_handle_process_buf_event, stream_type = 1
09-01 18:09:50.893   673 29797 E libc    : Access denied finding property "disable.cpp.power.collapse"
09-01 18:09:50.893   673 29797 E libc    : Access denied finding property "camera.cpp.dumppreviewpayload"
09-01 18:09:50.898   673 29824 E ta      : TAAEC<ERROR> 2520: aec_process_parse_input_info: AEC error: invalid param type: 21
09-01 18:09:50.906   673 29811 E libc    : Access denied finding property "persist.front.camera.qcom.awb"
09-01 18:09:50.913   673 29837 E libc    : Access denied finding property "persist.aicamera.needlut"
09-01 18:09:50.926   673 29797 E         : cpp_thread_handle_process_buf_event, stream_type = 1
09-01 18:09:50.927   673 29797 E libc    : Access denied finding property "disable.cpp.power.collapse"
09-01 18:09:50.927   673 29797 E libc    : Access denied finding property "camera.cpp.dumppreviewpayload"
09-01 18:09:50.937   673 29824 E ta      : TAAEC<ERROR> 2520: aec_process_parse_input_info: AEC error: invalid param type: 21
09-01 18:09:50.940   673 29824 E libc    : Access denied finding property "persist.front.camera.qcom.awb"
09-01 18:09:50.945   673 29837 E libc    : Access denied finding property "persist.aicamera.needlut"
09-01 18:09:50.960   673 29797 E         : cpp_thread_handle_process_buf_event, stream_type = 1
09-01 18:09:50.960   673 29797 E libc    : Access denied finding property "disable.cpp.power.collapse"
09-01 18:09:50.960   673 29797 E libc    : Access denied finding property "camera.cpp.dumppreviewpayload"
09-01 18:09:50.968   673 29811 E libc    : Access denied finding property "persist.front.camera.qcom.awb"
09-01 18:09:50.979   673 29837 E libc    : Access denied finding property "persist.aicamera.needlut"
09-01 18:09:50.993   673 29797 E         : cpp_thread_handle_process_buf_event, stream_type = 1
09-01 18:09:50.993   673 29797 E libc    : Access denied finding property "disable.cpp.power.collapse"
09-01 18:09:50.993   673 29797 E libc    : Access denied finding property "camera.cpp.dumppreviewpayload"
09-01 18:09:50.997   673 29824 E ta      : TAAEC<ERROR> 2520: aec_process_parse_input_info: AEC error: invalid param type: 21
09-01 18:09:51.002   673 29811 E libc    : Access denied finding property "persist.front.camera.qcom.awb"
09-01 18:09:51.012   673 29837 E libc    : Access denied finding property "persist.aicamera.needlut"
09-01 18:09:51.026   673 29797 E         : cpp_thread_handle_process_buf_event, stream_type = 1
09-01 18:09:51.027   673 29797 E libc    : Access denied finding property "disable.cpp.power.collapse"
09-01 18:09:51.027   673 29797 E libc    : Access denied finding property "camera.cpp.dumppreviewpayload"
09-01 18:09:51.035   673 29824 E ta      : TAAEC<ERROR> 2520: aec_process_parse_input_info: AEC error: invalid param type: 21
09-01 18:09:51.042   673 29824 E libc    : Access denied finding property "persist.front.camera.qcom.awb"
09-01 18:09:51.045   673 29837 E libc    : Access denied finding property "persist.aicamera.needlut"
09-01 18:09:51.060   673 29797 E         : cpp_thread_handle_process_buf_event, stream_type = 1
09-01 18:09:51.060   673 29797 E libc    : Access denied finding property "disable.cpp.power.collapse"
09-01 18:09:51.060   673 29797 E libc    : Access denied finding property "camera.cpp.dumppreviewpayload"
09-01 18:09:51.071   673 29824 E ta      : TAAEC<ERROR> 2520: aec_process_parse_input_info: AEC error: invalid param type: 21
09-01 18:09:51.073   673 29824 E libc    : Access denied finding property "persist.front.camera.qcom.awb"
09-01 18:09:51.079   673 29837 E libc    : Access denied finding property "persist.aicamera.needlut"
09-01 18:09:51.093   673 29797 E         : cpp_thread_handle_process_buf_event, stream_type = 1
09-01 18:09:51.093   673 29797 E libc    : Access denied finding property "disable.cpp.power.collapse"
09-01 18:09:51.094   673 29797 E libc    : Access denied finding property "camera.cpp.dumppreviewpayload"
09-01 18:09:51.103   673 29824 E ta      : TAAEC<ERROR> 2520: aec_process_parse_input_info: AEC error: invalid param type: 21
09-01 18:09:51.109   673 29824 E libc    : Access denied finding property "persist.front.camera.qcom.awb"
09-01 18:09:51.112   673 29837 E libc    : Access denied finding property "persist.aicamera.needlut"
09-01 18:09:51.126   673 29797 E         : cpp_thread_handle_process_buf_event, stream_type = 1
09-01 18:09:51.126   673 29797 E libc    : Access denied finding property "disable.cpp.power.collapse"
09-01 18:09:51.127   673 29797 E libc    : Access denied finding property "camera.cpp.dumppreviewpayload"
09-01 18:09:51.131   673 29824 E ta      : TAAEC<ERROR> 2520: aec_process_parse_input_info: AEC error: invalid param type: 21
09-01 18:09:51.137   673 29824 E libc    : Access denied finding property "persist.front.camera.qcom.awb"
09-01 18:09:51.145   673 29837 E libc    : Access denied finding property "persist.aicamera.needlut"
09-01 18:09:51.160   673 29797 E         : cpp_thread_handle_process_buf_event, stream_type = 1
09-01 18:09:51.160   673 29797 E libc    : Access denied finding property "disable.cpp.power.collapse"
09-01 18:09:51.160   673 29797 E libc    : Access denied finding property "camera.cpp.dumppreviewpayload"
09-01 18:09:51.164   673 29824 E ta      : TAAEC<ERROR> 2520: aec_process_parse_input_info: AEC error: invalid param type: 21
09-01 18:09:51.171   673 29824 E libc    : Access denied finding property "persist.front.camera.qcom.awb"
09-01 18:09:51.178   673 29837 E libc    : Access denied finding property "persist.aicamera.needlut"
09-01 18:09:51.193   673 29797 E         : cpp_thread_handle_process_buf_event, stream_type = 1
09-01 18:09:51.193   673 29797 E libc    : Access denied finding property "disable.cpp.power.collapse"
09-01 18:09:51.194   673 29797 E libc    : Access denied finding property "camera.cpp.dumppreviewpayload"
09-01 18:09:51.198   673 29824 E ta      : TAAEC<ERROR> 2520: aec_process_parse_input_info: AEC error: invalid param type: 21
09-01 18:09:51.206   673 29811 E libc    : Access denied finding property "persist.front.camera.qcom.awb"
09-01 18:09:51.212   673 29837 E libc    : Access denied finding property "persist.aicamera.needlut"
09-01 18:09:51.227   673 29797 E         : cpp_thread_handle_process_buf_event, stream_type = 1
09-01 18:09:51.227   673 29797 E libc    : Access denied finding property "disable.cpp.power.collapse"
09-01 18:09:51.227   673 29797 E libc    : Access denied finding property "camera.cpp.dumppreviewpayload"
09-01 18:09:51.234   673 29824 E ta      : TAAEC<ERROR> 2520: aec_process_parse_input_info: AEC error: invalid param type: 21
09-01 18:09:51.240   673 29824 E libc    : Access denied finding property "persist.front.camera.qcom.awb"
09-01 18:09:51.246   673 29837 E libc    : Access denied finding property "persist.aicamera.needlut"
09-01 18:09:51.260   673 29797 E         : cpp_thread_handle_process_buf_event, stream_type = 1
09-01 18:09:51.260   673 29797 E libc    : Access denied finding property "disable.cpp.power.collapse"
09-01 18:09:51.260   673 29797 E libc    : Access denied finding property "camera.cpp.dumppreviewpayload"
09-01 18:09:51.276   673 29824 E ta      : TAAEC<ERROR> 2520: aec_process_parse_input_info: AEC error: invalid param type: 21
09-01 18:09:51.279   673 29837 E libc    : Access denied finding property "persist.aicamera.needlut"
09-01 18:09:51.279   673 29824 E libc    : Access denied finding property "persist.front.camera.qcom.awb"
09-01 18:09:51.293   673 29797 E         : cpp_thread_handle_process_buf_event, stream_type = 1
09-01 18:09:51.293   673 29797 E libc    : Access denied finding property "disable.cpp.power.collapse"
09-01 18:09:51.294   673 29797 E libc    : Access denied finding property "camera.cpp.dumppreviewpayload"
09-01 18:09:51.307   673 29824 E libc    : Access denied finding property "persist.front.camera.qcom.awb"
09-01 18:09:51.314   673 29837 E libc    : Access denied finding property "persist.aicamera.needlut"
09-01 18:09:51.326   673 29797 E         : cpp_thread_handle_process_buf_event, stream_type = 1
09-01 18:09:51.327   673 29797 E libc    : Access denied finding property "disable.cpp.power.collapse"
09-01 18:09:51.327   673 29797 E libc    : Access denied finding property "camera.cpp.dumppreviewpayload"
09-01 18:09:51.336   673 29824 E ta      : TAAEC<ERROR> 2520: aec_process_parse_input_info: AEC error: invalid param type: 21
09-01 18:09:51.339   673 29824 E libc    : Access denied finding property "persist.front.camera.qcom.awb"
09-01 18:09:51.345   673 29837 E libc    : Access denied finding property "persist.aicamera.needlut"
09-01 18:09:51.360   673 29797 E         : cpp_thread_handle_process_buf_event, stream_type = 1
09-01 18:09:51.360   673 29797 E libc    : Access denied finding property "disable.cpp.power.collapse"
09-01 18:09:51.360   673 29797 E libc    : Access denied finding property "camera.cpp.dumppreviewpayload"
09-01 18:09:51.364   673 29824 E ta      : TAAEC<ERROR> 2520: aec_process_parse_input_info: AEC error: invalid param type: 21
09-01 18:09:51.371   673 29811 E libc    : Access denied finding property "persist.front.camera.qcom.awb"
09-01 18:09:51.379   673 29837 E libc    : Access denied finding property "persist.aicamera.needlut"
09-01 18:09:51.393   673 29797 E         : cpp_thread_handle_process_buf_event, stream_type = 1
09-01 18:09:51.394   673 29797 E libc    : Access denied finding property "disable.cpp.power.collapse"
09-01 18:09:51.394   673 29797 E libc    : Access denied finding property "camera.cpp.dumppreviewpayload"
09-01 18:09:51.399   673 29824 E ta      : TAAEC<ERROR> 2520: aec_process_parse_input_info: AEC error: invalid param type: 21
09-01 18:09:51.403   673 29824 E libc    : Access denied finding property "persist.front.camera.qcom.awb"
09-01 18:09:51.412   673 29837 E libc    : Access denied finding property "persist.aicamera.needlut"
09-01 18:09:51.426   673 29797 E         : cpp_thread_handle_process_buf_event, stream_type = 1
09-01 18:09:51.427   673 29797 E libc    : Access denied finding property "disable.cpp.power.collapse"
09-01 18:09:51.427   673 29797 E libc    : Access denied finding property "camera.cpp.dumppreviewpayload"
09-01 18:09:51.431   673 29824 E ta      : TAAEC<ERROR> 2520: aec_process_parse_input_info: AEC error: invalid param type: 21
09-01 18:09:51.437   673 29811 E libc    : Access denied finding property "persist.front.camera.qcom.awb"
09-01 18:09:51.445   673 29837 E libc    : Access denied finding property "persist.aicamera.needlut"
09-01 18:09:51.460   673 29797 E         : cpp_thread_handle_process_buf_event, stream_type = 1
09-01 18:09:51.460   673 29797 E libc    : Access denied finding property "disable.cpp.power.collapse"
09-01 18:09:51.460   673 29797 E libc    : Access denied finding property "camera.cpp.dumppreviewpayload"
09-01 18:09:51.464   673 29824 E ta      : TAAEC<ERROR> 2520: aec_process_parse_input_info: AEC error: invalid param type: 21
09-01 18:09:51.472   673 29811 E libc    : Access denied finding property "persist.front.camera.qcom.awb"
09-01 18:09:51.478   673 29837 E libc    : Access denied finding property "persist.aicamera.needlut"
09-01 18:09:51.493   673 29797 E         : cpp_thread_handle_process_buf_event, stream_type = 1
09-01 18:09:51.493   673 29797 E libc    : Access denied finding property "disable.cpp.power.collapse"
09-01 18:09:51.493   673 29797 E libc    : Access denied finding property "camera.cpp.dumppreviewpayload"
09-01 18:09:51.501   673 29824 E ta      : TAAEC<ERROR> 2520: aec_process_parse_input_info: AEC error: invalid param type: 21
09-01 18:09:51.504   673 29824 E libc    : Access denied finding property "persist.front.camera.qcom.awb"
09-01 18:09:51.512   673 29837 E libc    : Access denied finding property "persist.aicamera.needlut"
09-01 18:09:51.526   673 29797 E         : cpp_thread_handle_process_buf_event, stream_type = 1
09-01 18:09:51.527   673 29797 E libc    : Access denied finding property "disable.cpp.power.collapse"
09-01 18:09:51.527   673 29797 E libc    : Access denied finding property "camera.cpp.dumppreviewpayload"
09-01 18:09:51.531   673 29824 E ta      : TAAEC<ERROR> 2520: aec_process_parse_input_info: AEC error: invalid param type: 21
09-01 18:09:51.539   673 29824 E libc    : Access denied finding property "persist.front.camera.qcom.awb"
09-01 18:09:51.545   673 29837 E libc    : Access denied finding property "persist.aicamera.needlut"
09-01 18:09:51.560   673 29797 E         : cpp_thread_handle_process_buf_event, stream_type = 1
09-01 18:09:51.560   673 29797 E libc    : Access denied finding property "disable.cpp.power.collapse"
09-01 18:09:51.560   673 29797 E libc    : Access denied finding property "camera.cpp.dumppreviewpayload"
09-01 18:09:51.565   673 29824 E ta      : TAAEC<ERROR> 2520: aec_process_parse_input_info: AEC error: invalid param type: 21
09-01 18:09:51.572   673 29811 E libc    : Access denied finding property "persist.front.camera.qcom.awb"
09-01 18:09:51.579   673 29837 E libc    : Access denied finding property "persist.aicamera.needlut"
09-01 18:09:51.584 28857 28939 E NAccs.ACCSMgrImpl_default:  sendMessage dataId:1662026991584.8
09-01 18:09:51.587 28857 28999 E NAccs.InAppConn_default:  sendMessage start dataId:1662026991584.8 type:DATA
09-01 18:09:51.591 28857 28999 E awcn.TnetSpdySession: |[seq:umeng:546d7dd7fd98c58fc800082c.AWCN1_1] sendCustomFrame dataId:8 type:200
09-01 18:09:51.592 28857 28999 E NAccs.InAppConn_default:  sendMessage end dataId:1662026991584.8 status:true
09-01 18:09:51.593   673 29797 E         : cpp_thread_handle_process_buf_event, stream_type = 1
09-01 18:09:51.593   673 29797 E libc    : Access denied finding property "disable.cpp.power.collapse"
09-01 18:09:51.594   673 29797 E libc    : Access denied finding property "camera.cpp.dumppreviewpayload"
09-01 18:09:51.604   673 29824 E ta      : TAAEC<ERROR> 2520: aec_process_parse_input_info: AEC error: invalid param type: 21
09-01 18:09:51.608   673 29824 E libc    : Access denied finding property "persist.front.camera.qcom.awb"
09-01 18:09:51.612   673 29837 E libc    : Access denied finding property "persist.aicamera.needlut"
09-01 18:09:51.626   673 29797 E         : cpp_thread_handle_process_buf_event, stream_type = 1
09-01 18:09:51.626   673 29797 E libc    : Access denied finding property "disable.cpp.power.collapse"
09-01 18:09:51.627   673 29797 E libc    : Access denied finding property "camera.cpp.dumppreviewpayload"
09-01 18:09:51.635   673 29811 E libc    : Access denied finding property "persist.front.camera.qcom.awb"
09-01 18:09:51.645   673 29837 E libc    : Access denied finding property "persist.aicamera.needlut"
09-01 18:09:51.660   673 29797 E         : cpp_thread_handle_process_buf_event, stream_type = 1
09-01 18:09:51.660   673 29797 E libc    : Access denied finding property "disable.cpp.power.collapse"
09-01 18:09:51.660   673 29797 E libc    : Access denied finding property "camera.cpp.dumppreviewpayload"
09-01 18:09:51.665 28857 28946 E awcn.TnetSpdySession: |[seq:umeng:546d7dd7fd98c58fc800082c.AWCN1_1] [spdyCustomControlFrameRecvCallback] len:99 frameCb:com.taobao.accs.net.k@70f8976
09-01 18:09:51.666   673 29824 E ta      : TAAEC<ERROR> 2520: aec_process_parse_input_info: AEC error: invalid param type: 21
09-01 18:09:51.666 28857 28946 E awcn.TnetSpdySession: |[seq:umeng:546d7dd7fd98c58fc800082c.AWCN1_1] str:20 40 0 5f 0 5d a0 0 35 59 78 42 73 39 49 48 68 69 4b 51 44 41 46 66 6a 30 4e 61 6a 6d 5a 4e 42 7c 63 6e 2e 6d 69 73 73 65 76 61 6e 7c 61 67 6f 6f 54 6f 6b 65 6e 52 65 70 6f 72 74 7c 12 32 7c 61 67 6f 6f 54 6f 6b 65 6e 52 65 70 6f 72 74 7c f 31 36 36 32 30 32 36 39 39 31 35 38 34 2e 38 0 0
09-01 18:09:51.666 28857 28946 E NAccs.InAppConn_default:  onDataReceive type:200 dataid:-1
09-01 18:09:51.668 28857 28939 E NAccs.MsgRecv_default:  handleMessage dataId:1662026991584.8 type:DATA reqType:ACK resType:NO_ACK target:YxBs9IHhiKQDAFfj0NajmZNB|cn.missevan|agooTokenReport|
09-01 18:09:51.669 28857 28939 E NAccs.MsgDistribute:  distribute ready action:com.taobao.accs.intent.action.RECEIVE dataId:1662026991584.8 serviceId:agooTokenReport
09-01 18:09:51.669 28857 28939 E NAccs.MsgDistribute:  handleBusinessMsg start dataId:1662026991584.8 serviceId:agooTokenReport command:100 t1:0 t2:0 t3:0 t4:0 t5:0 t6:0
09-01 18:09:51.669 28857 28939 E NAccs.MsgDistribute:  handleBusinessMsg start dataId:1662026991584.8 serviceId:agooTokenReport command:100
09-01 18:09:51.669 28857 28939 E NAccs.MsgDistribute:  handleBusinessMsg to start service className:org.android.agoo.accs.AgooService
09-01 18:09:51.670   673 29824 E libc    : Access denied finding property "persist.front.camera.qcom.awb"
09-01 18:09:51.679   673 29837 E libc    : Access denied finding property "persist.aicamera.needlut"
09-01 18:09:51.684 28857 28939 E NAccs.a :  onReceiveData dataId:1662026991584.8 serviceId:agooTokenReport command:100 className:org.android.agoo.accs.AgooService
09-01 18:09:51.690 28857 28857 E NAccs.a :  onSendData start dataId:1662026991584.8 serviceId:agooTokenReport
09-01 18:09:51.690 28857 28857 E NAccs.a :  onSendData end dataId:1662026991584.8
09-01 18:09:51.693   673 29797 E         : cpp_thread_handle_process_buf_event, stream_type = 1
09-01 18:09:51.693   673 29797 E libc    : Access denied finding property "disable.cpp.power.collapse"
09-01 18:09:51.694   673 29797 E libc    : Access denied finding property "camera.cpp.dumppreviewpayload"
09-01 18:09:51.704   673 29824 E ta      : TAAEC<ERROR> 2520: aec_process_parse_input_info: AEC error: invalid param type: 21
09-01 18:09:51.706   673 29824 E libc    : Access denied finding property "persist.front.camera.qcom.awb"
09-01 18:09:51.713   673 29837 E libc    : Access denied finding property "persist.aicamera.needlut"
09-01 18:09:51.726   673 29797 E         : cpp_thread_handle_process_buf_event, stream_type = 1
09-01 18:09:51.727   673 29797 E libc    : Access denied finding property "disable.cpp.power.collapse"
09-01 18:09:51.727   673 29797 E libc    : Access denied finding property "camera.cpp.dumppreviewpayload"
09-01 18:09:51.733   673 29824 E ta      : TAAEC<ERROR> 2520: aec_process_parse_input_info: AEC error: invalid param type: 21
09-01 18:09:51.736   673 29824 E libc    : Access denied finding property "persist.front.camera.qcom.awb"
09-01 18:09:51.745   673 29837 E libc    : Access denied finding property "persist.aicamera.needlut"
09-01 18:09:51.760   673 29797 E         : cpp_thread_handle_process_buf_event, stream_type = 1
09-01 18:09:51.760   673 29797 E libc    : Access denied finding property "disable.cpp.power.collapse"
09-01 18:09:51.760   673 29797 E libc    : Access denied finding property "camera.cpp.dumppreviewpayload"
09-01 18:09:51.765   673 29824 E ta      : TAAEC<ERROR> 2520: aec_process_parse_input_info: AEC error: invalid param type: 21
09-01 18:09:51.767   673 29811 E libc    : Access denied finding property "persist.front.camera.qcom.awb"
09-01 18:09:51.779   673 29837 E libc    : Access denied finding property "persist.aicamera.needlut"
09-01 18:09:51.793   673 29797 E         : cpp_thread_handle_process_buf_event, stream_type = 1
09-01 18:09:51.793   673 29797 E libc    : Access denied finding property "disable.cpp.power.collapse"
09-01 18:09:51.794   673 29797 E libc    : Access denied finding property "camera.cpp.dumppreviewpayload"
09-01 18:09:51.804   673 29824 E ta      : TAAEC<ERROR> 2520: aec_process_parse_input_info: AEC error: invalid param type: 21
09-01 18:09:51.807   673 29824 E libc    : Access denied finding property "persist.front.camera.qcom.awb"
09-01 18:09:51.813   673 29837 E libc    : Access denied finding property "persist.aicamera.needlut"
09-01 18:09:51.827   673 29797 E         : cpp_thread_handle_process_buf_event, stream_type = 1
09-01 18:09:51.827   673 29797 E libc    : Access denied finding property "disable.cpp.power.collapse"
09-01 18:09:51.827   673 29797 E libc    : Access denied finding property "camera.cpp.dumppreviewpayload"
09-01 18:09:51.836   673 29811 E libc    : Access denied finding property "persist.front.camera.qcom.awb"
09-01 18:09:51.846   673 29837 E libc    : Access denied finding property "persist.aicamera.needlut"
09-01 18:09:51.860   673 29797 E         : cpp_thread_handle_process_buf_event, stream_type = 1
09-01 18:09:51.860   673 29797 E libc    : Access denied finding property "disable.cpp.power.collapse"
09-01 18:09:51.860   673 29797 E libc    : Access denied finding property "camera.cpp.dumppreviewpayload"
09-01 18:09:51.861  1724  2178 I chatty  : uid=1000(system) AutobacklightTh identical 12 lines
09-01 18:09:51.865   673 29824 E ta      : TAAEC<ERROR> 2520: aec_process_parse_input_info: AEC error: invalid param type: 21
09-01 18:09:51.873   673 29811 E libc    : Access denied finding property "persist.front.camera.qcom.awb"
09-01 18:09:51.879   673 29837 E libc    : Access denied finding property "persist.aicamera.needlut"
09-01 18:09:51.893   673 29797 E         : cpp_thread_handle_process_buf_event, stream_type = 1
09-01 18:09:51.893   673 29797 E libc    : Access denied finding property "disable.cpp.power.collapse"
09-01 18:09:51.894   673 29797 E libc    : Access denied finding property "camera.cpp.dumppreviewpayload"
09-01 18:09:51.898   673 29824 E ta      : TAAEC<ERROR> 2520: aec_process_parse_input_info: AEC error: invalid param type: 21
09-01 18:09:51.903   673 29811 E libc    : Access denied finding property "persist.front.camera.qcom.awb"
09-01 18:09:51.913   673 29837 E libc    : Access denied finding property "persist.aicamera.needlut"
09-01 18:09:51.927   673 29797 E         : cpp_thread_handle_process_buf_event, stream_type = 1
09-01 18:09:51.927   673 29797 E libc    : Access denied finding property "disable.cpp.power.collapse"
09-01 18:09:51.927   673 29797 E libc    : Access denied finding property "camera.cpp.dumppreviewpayload"
09-01 18:09:51.933   673 29824 E ta      : TAAEC<ERROR> 2520: aec_process_parse_input_info: AEC error: invalid param type: 21
09-01 18:09:51.938   673 29824 E libc    : Access denied finding property "persist.front.camera.qcom.awb"
09-01 18:09:51.946   673 29837 E libc    : Access denied finding property "persist.aicamera.needlut"
09-01 18:09:51.960   673 29797 E         : cpp_thread_handle_process_buf_event, stream_type = 1
09-01 18:09:51.960   673 29797 E libc    : Access denied finding property "disable.cpp.power.collapse"
09-01 18:09:51.960   673 29797 E libc    : Access denied finding property "camera.cpp.dumppreviewpayload"
09-01 18:09:51.965   673 29824 E ta      : TAAEC<ERROR> 2520: aec_process_parse_input_info: AEC error: invalid param type: 21
09-01 18:09:51.972   673 29811 E libc    : Access denied finding property "persist.front.camera.qcom.awb"
09-01 18:09:51.979   673 29837 E libc    : Access denied finding property "persist.aicamera.needlut"
09-01 18:09:51.993   673 29797 E         : cpp_thread_handle_process_buf_event, stream_type = 1
09-01 18:09:51.993   673 29797 E libc    : Access denied finding property "disable.cpp.power.collapse"
09-01 18:09:51.994   673 29797 E libc    : Access denied finding property "camera.cpp.dumppreviewpayload"
09-01 18:09:51.998   673 29824 E ta      : TAAEC<ERROR> 2520: aec_process_parse_input_info: AEC error: invalid param type: 21
09-01 18:09:52.002   673 29824 E libc    : Access denied finding property "persist.front.camera.qcom.awb"
09-01 18:09:52.013   673 29837 E libc    : Access denied finding property "persist.aicamera.needlut"
09-01 18:09:52.026   673 29797 E         : cpp_thread_handle_process_buf_event, stream_type = 1
09-01 18:09:52.027   673 29797 E libc    : Access denied finding property "disable.cpp.power.collapse"
09-01 18:09:52.027   673 29797 E libc    : Access denied finding property "camera.cpp.dumppreviewpayload"
09-01 18:09:52.032   673 29824 E ta      : TAAEC<ERROR> 2520: aec_process_parse_input_info: AEC error: invalid param type: 21
09-01 18:09:52.037   673 29811 E libc    : Access denied finding property "persist.front.camera.qcom.awb"
09-01 18:09:52.046   673 29837 E libc    : Access denied finding property "persist.aicamera.needlut"
09-01 18:09:52.060   673 29797 E         : cpp_thread_handle_process_buf_event, stream_type = 1
09-01 18:09:52.060   673 29797 E libc    : Access denied finding property "disable.cpp.power.collapse"
09-01 18:09:52.060   673 29797 E libc    : Access denied finding property "camera.cpp.dumppreviewpayload"
09-01 18:09:52.070   673 29824 E ta      : TAAEC<ERROR> 2520: aec_process_parse_input_info: AEC error: invalid param type: 21
09-01 18:09:52.074   673 29824 E libc    : Access denied finding property "persist.front.camera.qcom.awb"
09-01 18:09:52.080   673 29837 E libc    : Access denied finding property "persist.aicamera.needlut"
09-01 18:09:52.084  1724  4868 E NotificationService: Suppressing notification from package by user request.
09-01 18:09:52.093   673 29797 E         : cpp_thread_handle_process_buf_event, stream_type = 1
09-01 18:09:52.093   673 29797 E libc    : Access denied finding property "disable.cpp.power.collapse"
09-01 18:09:52.094   673 29797 E libc    : Access denied finding property "camera.cpp.dumppreviewpayload"
09-01 18:09:52.106   673 29824 E libc    : Access denied finding property "persist.front.camera.qcom.awb"
09-01 18:09:52.113   673 29837 E libc    : Access denied finding property "persist.aicamera.needlut"
09-01 18:09:52.126   673 29797 E         : cpp_thread_handle_process_buf_event, stream_type = 1
09-01 18:09:52.127   673 29797 E libc    : Access denied finding property "disable.cpp.power.collapse"
09-01 18:09:52.127   673 29797 E libc    : Access denied finding property "camera.cpp.dumppreviewpayload"
09-01 18:09:52.131   673 29824 E ta      : TAAEC<ERROR> 2520: aec_process_parse_input_info: AEC error: invalid param type: 21
09-01 18:09:52.134   673 29824 E libc    : Access denied finding property "persist.front.camera.qcom.awb"
09-01 18:09:52.145   673 29837 E libc    : Access denied finding property "persist.aicamera.needlut"
09-01 18:09:52.160   673 29797 E         : cpp_thread_handle_process_buf_event, stream_type = 1
09-01 18:09:52.160   673 29797 E libc    : Access denied finding property "disable.cpp.power.collapse"
09-01 18:09:52.160   673 29797 E libc    : Access denied finding property "camera.cpp.dumppreviewpayload"
09-01 18:09:52.170   673 29824 E ta      : TAAEC<ERROR> 2520: aec_process_parse_input_info: AEC error: invalid param type: 21
09-01 18:09:52.173   673 29824 E libc    : Access denied finding property "persist.front.camera.qcom.awb"
09-01 18:09:52.179   673 29837 E libc    : Access denied finding property "persist.aicamera.needlut"
09-01 18:09:52.193   673 29797 E         : cpp_thread_handle_process_buf_event, stream_type = 1
09-01 18:09:52.193   673 29797 E libc    : Access denied finding property "disable.cpp.power.collapse"
09-01 18:09:52.193   673 29797 E libc    : Access denied finding property "camera.cpp.dumppreviewpayload"
09-01 18:09:52.206   673 29811 E libc    : Access denied finding property "persist.front.camera.qcom.awb"
09-01 18:09:52.212   673 29837 E libc    : Access denied finding property "persist.aicamera.needlut"
09-01 18:09:52.226   673 29797 E         : cpp_thread_handle_process_buf_event, stream_type = 1
09-01 18:09:52.227   673 29797 E libc    : Access denied finding property "disable.cpp.power.collapse"
09-01 18:09:52.227   673 29797 E libc    : Access denied finding property "camera.cpp.dumppreviewpayload"
09-01 18:09:52.232   673 29824 E ta      : TAAEC<ERROR> 2520: aec_process_parse_input_info: AEC error: invalid param type: 21
09-01 18:09:52.239   673 29811 E libc    : Access denied finding property "persist.front.camera.qcom.awb"
09-01 18:09:52.246   673 29837 E libc    : Access denied finding property "persist.aicamera.needlut"
09-01 18:09:52.260   673 29797 E         : cpp_thread_handle_process_buf_event, stream_type = 1
09-01 18:09:52.260   673 29797 E libc    : Access denied finding property "disable.cpp.power.collapse"
09-01 18:09:52.260   673 29797 E libc    : Access denied finding property "camera.cpp.dumppreviewpayload"
09-01 18:09:52.273   673 29824 E ta      : TAAEC<ERROR> 2520: aec_process_parse_input_info: AEC error: invalid param type: 21
09-01 18:09:52.277   673 29824 E libc    : Access denied finding property "persist.front.camera.qcom.awb"
09-01 18:09:52.279   673 29837 E libc    : Access denied finding property "persist.aicamera.needlut"
09-01 18:09:52.293   673 29797 E         : cpp_thread_handle_process_buf_event, stream_type = 1
09-01 18:09:52.293   673 29797 E libc    : Access denied finding property "disable.cpp.power.collapse"
09-01 18:09:52.293   673 29797 E libc    : Access denied finding property "camera.cpp.dumppreviewpayload"
09-01 18:09:52.300   673 29824 E ta      : TAAEC<ERROR> 2520: aec_process_parse_input_info: AEC error: invalid param type: 21
09-01 18:09:52.305   673 29824 E libc    : Access denied finding property "persist.front.camera.qcom.awb"
09-01 18:09:52.312   673 29837 E libc    : Access denied finding property "persist.aicamera.needlut"
09-01 18:09:52.327   673 29797 E         : cpp_thread_handle_process_buf_event, stream_type = 1
09-01 18:09:52.327   673 29797 E libc    : Access denied finding property "disable.cpp.power.collapse"
09-01 18:09:52.327   673 29797 E libc    : Access denied finding property "camera.cpp.dumppreviewpayload"
09-01 18:09:52.339   673 29811 E libc    : Access denied finding property "persist.front.camera.qcom.awb"
09-01 18:09:52.347   673 29837 E libc    : Access denied finding property "persist.aicamera.needlut"
09-01 18:09:52.360   673 29797 E         : cpp_thread_handle_process_buf_event, stream_type = 1
09-01 18:09:52.360   673 29797 E libc    : Access denied finding property "disable.cpp.power.collapse"
09-01 18:09:52.360   673 29797 E libc    : Access denied finding property "camera.cpp.dumppreviewpayload"
09-01 18:09:52.364   673 29824 E ta      : TAAEC<ERROR> 2520: aec_process_parse_input_info: AEC error: invalid param type: 21
09-01 18:09:52.374   673 29811 E libc    : Access denied finding property "persist.front.camera.qcom.awb"
09-01 18:09:52.379   673 29837 E libc    : Access denied finding property "persist.aicamera.needlut"
09-01 18:09:52.393   673 29797 E         : cpp_thread_handle_process_buf_event, stream_type = 1
09-01 18:09:52.393   673 29797 E libc    : Access denied finding property "disable.cpp.power.collapse"
09-01 18:09:52.394   673 29797 E libc    : Access denied finding property "camera.cpp.dumppreviewpayload"
09-01 18:09:52.398   673 29824 E ta      : TAAEC<ERROR> 2520: aec_process_parse_input_info: AEC error: invalid param type: 21
09-01 18:09:52.407   673 29811 E libc    : Access denied finding property "persist.front.camera.qcom.awb"
09-01 18:09:52.412   673 29837 E libc    : Access denied finding property "persist.aicamera.needlut"
09-01 18:09:52.427   673 29797 E         : cpp_thread_handle_process_buf_event, stream_type = 1
09-01 18:09:52.427   673 29797 E libc    : Access denied finding property "disable.cpp.power.collapse"
09-01 18:09:52.427   673 29797 E libc    : Access denied finding property "camera.cpp.dumppreviewpayload"
09-01 18:09:52.432   673 29824 E ta      : TAAEC<ERROR> 2520: aec_process_parse_input_info: AEC error: invalid param type: 21
09-01 18:09:52.442   673 29824 E libc    : Access denied finding property "persist.front.camera.qcom.awb"
09-01 18:09:52.446   673 29837 E libc    : Access denied finding property "persist.aicamera.needlut"
09-01 18:09:52.460   673 29797 E         : cpp_thread_handle_process_buf_event, stream_type = 1
09-01 18:09:52.460   673 29797 E libc    : Access denied finding property "disable.cpp.power.collapse"
09-01 18:09:52.460   673 29797 E libc    : Access denied finding property "camera.cpp.dumppreviewpayload"
09-01 18:09:52.466   673 29824 E ta      : TAAEC<ERROR> 2520: aec_process_parse_input_info: AEC error: invalid param type: 21
09-01 18:09:52.470   673 29824 E libc    : Access denied finding property "persist.front.camera.qcom.awb"
09-01 18:09:52.479   673 29837 E libc    : Access denied finding property "persist.aicamera.needlut"
09-01 18:09:52.493   673 29797 E         : cpp_thread_handle_process_buf_event, stream_type = 1
09-01 18:09:52.493   673 29797 E libc    : Access denied finding property "disable.cpp.power.collapse"
09-01 18:09:52.494   673 29797 E libc    : Access denied finding property "camera.cpp.dumppreviewpayload"
09-01 18:09:52.498   673 29824 E ta      : TAAEC<ERROR> 2520: aec_process_parse_input_info: AEC error: invalid param type: 21
09-01 18:09:52.501   673 29811 E libc    : Access denied finding property "persist.front.camera.qcom.awb"
09-01 18:09:52.512   673 29837 E libc    : Access denied finding property "persist.aicamera.needlut"
09-01 18:09:52.526   673 29797 E         : cpp_thread_handle_process_buf_event, stream_type = 1
09-01 18:09:52.526   673 29797 E libc    : Access denied finding property "disable.cpp.power.collapse"
09-01 18:09:52.527   673 29797 E libc    : Access denied finding property "camera.cpp.dumppreviewpayload"
09-01 18:09:52.531   673 29824 E ta      : TAAEC<ERROR> 2520: aec_process_parse_input_info: AEC error: invalid param type: 21
09-01 18:09:52.535   673 29811 E libc    : Access denied finding property "persist.front.camera.qcom.awb"
09-01 18:09:52.545   673 29837 E libc    : Access denied finding property "persist.aicamera.needlut"
09-01 18:09:52.560   673 29797 E         : cpp_thread_handle_process_buf_event, stream_type = 1
09-01 18:09:52.560   673 29797 E libc    : Access denied finding property "disable.cpp.power.collapse"
09-01 18:09:52.560   673 29797 E libc    : Access denied finding property "camera.cpp.dumppreviewpayload"
09-01 18:09:52.564   673 29824 E ta      : TAAEC<ERROR> 2520: aec_process_parse_input_info: AEC error: invalid param type: 21
09-01 18:09:52.571   673 29811 E libc    : Access denied finding property "persist.front.camera.qcom.awb"
09-01 18:09:52.578   673 29837 E libc    : Access denied finding property "persist.aicamera.needlut"
09-01 18:09:52.593   673 29797 E         : cpp_thread_handle_process_buf_event, stream_type = 1
09-01 18:09:52.593   673 29797 E libc    : Access denied finding property "disable.cpp.power.collapse"
09-01 18:09:52.593   673 29797 E libc    : Access denied finding property "camera.cpp.dumppreviewpayload"
09-01 18:09:52.598   673 29824 E ta      : TAAEC<ERROR> 2520: aec_process_parse_input_info: AEC error: invalid param type: 21
09-01 18:09:52.601   673 29824 E libc    : Access denied finding property "persist.front.camera.qcom.awb"
