09-01 18:09:02.686   673 28548 E libc    : Access denied finding property "camera.cpp.dumppreviewpayload"
09-01 18:09:02.689   673 28573 E ta      : TAAEC<ERROR> 2520: aec_process_parse_input_info: AEC error: invalid param type: 21
09-01 18:09:02.701   673 28560 E libc    : Access denied finding property "persist.front.camera.qcom.awb"
09-01 18:09:02.705   673 28586 E libc    : Access denied finding property "persist.aicamera.needlut"
09-01 18:09:02.718   673 28548 E         : cpp_thread_handle_process_buf_event, stream_type = 1
09-01 18:09:02.718   673 28548 E libc    : Access denied finding property "disable.cpp.power.collapse"
09-01 18:09:02.718   673 28548 E libc    : Access denied finding property "camera.cpp.dumppreviewpayload"
09-01 18:09:02.722   673 28573 E ta      : TAAEC<ERROR> 2520: aec_process_parse_input_info: AEC error: invalid param type: 21
09-01 18:09:02.729   673 28560 E libc    : Access denied finding property "persist.front.camera.qcom.awb"
09-01 18:09:02.737   673 28586 E libc    : Access denied finding property "persist.aicamera.needlut"
09-01 18:09:02.753   673 28548 E         : cpp_thread_handle_process_buf_event, stream_type = 1
09-01 18:09:02.754   673 28548 E libc    : Access denied finding property "disable.cpp.power.collapse"
09-01 18:09:02.754   673 28548 E libc    : Access denied finding property "camera.cpp.dumppreviewpayload"
09-01 18:09:02.758   673 28573 E ta      : TAAEC<ERROR> 2520: aec_process_parse_input_info: AEC error: invalid param type: 21
09-01 18:09:02.760   673 28573 E libc    : Access denied finding property "persist.front.camera.qcom.awb"
09-01 18:09:02.773   673 28586 E libc    : Access denied finding property "persist.aicamera.needlut"
09-01 18:09:02.784   673 28548 E         : cpp_thread_handle_process_buf_event, stream_type = 1
09-01 18:09:02.785   673 28548 E libc    : Access denied finding property "disable.cpp.power.collapse"
09-01 18:09:02.785   673 28548 E libc    : Access denied finding property "camera.cpp.dumppreviewpayload"
09-01 18:09:02.789   673 28573 E ta      : TAAEC<ERROR> 2520: aec_process_parse_input_info: AEC error: invalid param type: 21
09-01 18:09:02.793   673 28573 E libc    : Access denied finding property "persist.front.camera.qcom.awb"
09-01 18:09:02.804   673 28586 E libc    : Access denied finding property "persist.aicamera.needlut"
09-01 18:09:02.818   673 28548 E         : cpp_thread_handle_process_buf_event, stream_type = 1
09-01 18:09:02.818   673 28548 E libc    : Access denied finding property "disable.cpp.power.collapse"
09-01 18:09:02.818   673 28548 E libc    : Access denied finding property "camera.cpp.dumppreviewpayload"
09-01 18:09:02.824   673 28573 E ta      : TAAEC<ERROR> 2520: aec_process_parse_input_info: AEC error: invalid param type: 21
09-01 18:09:02.826   673 28573 E libc    : Access denied finding property "persist.front.camera.qcom.awb"
09-01 18:09:02.837   673 28586 E libc    : Access denied finding property "persist.aicamera.needlut"
09-01 18:09:02.852   673 28548 E         : cpp_thread_handle_process_buf_event, stream_type = 1
09-01 18:09:02.853   673 28548 E libc    : Access denied finding property "disable.cpp.power.collapse"
09-01 18:09:02.853   673 28548 E libc    : Access denied finding property "camera.cpp.dumppreviewpayload"
09-01 18:09:02.856   673 28573 E ta      : TAAEC<ERROR> 2520: aec_process_parse_input_info: AEC error: invalid param type: 21
09-01 18:09:02.861   673 28573 E libc    : Access denied finding property "persist.front.camera.qcom.awb"
09-01 18:09:02.871   673 28586 E libc    : Access denied finding property "persist.aicamera.needlut"
09-01 18:09:02.884   673 28548 E         : cpp_thread_handle_process_buf_event, stream_type = 1
09-01 18:09:02.885   673 28548 E libc    : Access denied finding property "disable.cpp.power.collapse"
09-01 18:09:02.885   673 28548 E libc    : Access denied finding property "camera.cpp.dumppreviewpayload"
09-01 18:09:02.889   673 28573 E ta      : TAAEC<ERROR> 2520: aec_process_parse_input_info: AEC error: invalid param type: 21
09-01 18:09:02.894   673 28560 E libc    : Access denied finding property "persist.front.camera.qcom.awb"
09-01 18:09:02.903   673 28586 E libc    : Access denied finding property "persist.aicamera.needlut"
09-01 18:09:02.918   673 28548 E         : cpp_thread_handle_process_buf_event, stream_type = 1
09-01 18:09:02.918   673 28548 E libc    : Access denied finding property "disable.cpp.power.collapse"
09-01 18:09:02.918   673 28548 E libc    : Access denied finding property "camera.cpp.dumppreviewpayload"
09-01 18:09:02.923   673 28573 E ta      : TAAEC<ERROR> 2520: aec_process_parse_input_info: AEC error: invalid param type: 21
09-01 18:09:02.928   673 28573 E libc    : Access denied finding property "persist.front.camera.qcom.awb"
09-01 18:09:02.937   673 28586 E libc    : Access denied finding property "persist.aicamera.needlut"
09-01 18:09:02.951   673 28548 E         : cpp_thread_handle_process_buf_event, stream_type = 1
09-01 18:09:02.951   673 28548 E libc    : Access denied finding property "disable.cpp.power.collapse"
09-01 18:09:02.951   673 28548 E libc    : Access denied finding property "camera.cpp.dumppreviewpayload"
09-01 18:09:02.956   673 28573 E ta      : TAAEC<ERROR> 2520: aec_process_parse_input_info: AEC error: invalid param type: 21
09-01 18:09:02.967   673 28560 E libc    : Access denied finding property "persist.front.camera.qcom.awb"
09-01 18:09:02.970   673 28586 E libc    : Access denied finding property "persist.aicamera.needlut"
09-01 18:09:02.985   673 28548 E         : cpp_thread_handle_process_buf_event, stream_type = 1
09-01 18:09:02.985   673 28548 E libc    : Access denied finding property "disable.cpp.power.collapse"
09-01 18:09:02.985   673 28548 E libc    : Access denied finding property "camera.cpp.dumppreviewpayload"
09-01 18:09:02.993   673 28573 E ta      : TAAEC<ERROR> 2520: aec_process_parse_input_info: AEC error: invalid param type: 21
09-01 18:09:02.997   673 28573 E libc    : Access denied finding property "persist.front.camera.qcom.awb"
09-01 18:09:03.004   673 28586 E libc    : Access denied finding property "persist.aicamera.needlut"
09-01 18:09:03.017   673 28548 E         : cpp_thread_handle_process_buf_event, stream_type = 1
09-01 18:09:03.018   673 28548 E libc    : Access denied finding property "disable.cpp.power.collapse"
09-01 18:09:03.018   673 28548 E libc    : Access denied finding property "camera.cpp.dumppreviewpayload"
09-01 18:09:03.022   673 28573 E ta      : TAAEC<ERROR> 2520: aec_process_parse_input_info: AEC error: invalid param type: 21
09-01 18:09:03.026   673 28573 E libc    : Access denied finding property "persist.front.camera.qcom.awb"
09-01 18:09:03.037   673 28586 E libc    : Access denied finding property "persist.aicamera.needlut"
09-01 18:09:03.051   673 28548 E         : cpp_thread_handle_process_buf_event, stream_type = 1
09-01 18:09:03.051   673 28548 E libc    : Access denied finding property "disable.cpp.power.collapse"
09-01 18:09:03.052   673 28548 E libc    : Access denied finding property "camera.cpp.dumppreviewpayload"
09-01 18:09:03.055   673 28573 E ta      : TAAEC<ERROR> 2520: aec_process_parse_input_info: AEC error: invalid param type: 21
09-01 18:09:03.060   673 28560 E libc    : Access denied finding property "persist.front.camera.qcom.awb"
09-01 18:09:03.070   673 28586 E libc    : Access denied finding property "persist.aicamera.needlut"
09-01 18:09:03.086   673 28548 E         : cpp_thread_handle_process_buf_event, stream_type = 1
09-01 18:09:03.086   673 28548 E libc    : Access denied finding property "disable.cpp.power.collapse"
09-01 18:09:03.086   673 28548 E libc    : Access denied finding property "camera.cpp.dumppreviewpayload"
09-01 18:09:03.089   673 28573 E ta      : TAAEC<ERROR> 2520: aec_process_parse_input_info: AEC error: invalid param type: 21
09-01 18:09:03.096   673 28560 E libc    : Access denied finding property "persist.front.camera.qcom.awb"
09-01 18:09:03.105   673 28586 E libc    : Access denied finding property "persist.aicamera.needlut"
09-01 18:09:03.118   673 28548 E         : cpp_thread_handle_process_buf_event, stream_type = 1
09-01 18:09:03.118   673 28548 E libc    : Access denied finding property "disable.cpp.power.collapse"
09-01 18:09:03.118   673 28548 E libc    : Access denied finding property "camera.cpp.dumppreviewpayload"
09-01 18:09:03.122   673 28573 E ta      : TAAEC<ERROR> 2520: aec_process_parse_input_info: AEC error: invalid param type: 21
09-01 18:09:03.126   673 28560 E libc    : Access denied finding property "persist.front.camera.qcom.awb"
09-01 18:09:03.136   673 28586 E libc    : Access denied finding property "persist.aicamera.needlut"
09-01 18:09:03.151   673 28548 E         : cpp_thread_handle_process_buf_event, stream_type = 1
09-01 18:09:03.152   673 28548 E libc    : Access denied finding property "disable.cpp.power.collapse"
09-01 18:09:03.152   673 28548 E libc    : Access denied finding property "camera.cpp.dumppreviewpayload"
09-01 18:09:03.155   673 28573 E ta      : TAAEC<ERROR> 2520: aec_process_parse_input_info: AEC error: invalid param type: 21
09-01 18:09:03.159   673 28573 E libc    : Access denied finding property "persist.front.camera.qcom.awb"
09-01 18:09:03.170   673 28586 E libc    : Access denied finding property "persist.aicamera.needlut"
09-01 18:09:03.184   673 28548 E         : cpp_thread_handle_process_buf_event, stream_type = 1
09-01 18:09:03.184   673 28548 E libc    : Access denied finding property "disable.cpp.power.collapse"
09-01 18:09:03.185   673 28548 E libc    : Access denied finding property "camera.cpp.dumppreviewpayload"
09-01 18:09:03.189   673 28573 E ta      : TAAEC<ERROR> 2520: aec_process_parse_input_info: AEC error: invalid param type: 21
09-01 18:09:03.193   673 28560 E libc    : Access denied finding property "persist.front.camera.qcom.awb"
09-01 18:09:03.203   673 28586 E libc    : Access denied finding property "persist.aicamera.needlut"
09-01 18:09:03.218   673 28548 E         : cpp_thread_handle_process_buf_event, stream_type = 1
09-01 18:09:03.218   673 28548 E libc    : Access denied finding property "disable.cpp.power.collapse"
09-01 18:09:03.218   673 28548 E libc    : Access denied finding property "camera.cpp.dumppreviewpayload"
09-01 18:09:03.223   673 28573 E ta      : TAAEC<ERROR> 2520: aec_process_parse_input_info: AEC error: invalid param type: 21
09-01 18:09:03.228   673 28560 E libc    : Access denied finding property "persist.front.camera.qcom.awb"
09-01 18:09:03.237   673 28586 E libc    : Access denied finding property "persist.aicamera.needlut"
09-01 18:09:03.251   673 28548 E         : cpp_thread_handle_process_buf_event, stream_type = 1
09-01 18:09:03.251   673 28548 E libc    : Access denied finding property "disable.cpp.power.collapse"
09-01 18:09:03.252   673 28548 E libc    : Access denied finding property "camera.cpp.dumppreviewpayload"
09-01 18:09:03.255   673 28573 E ta      : TAAEC<ERROR> 2520: aec_process_parse_input_info: AEC error: invalid param type: 21
09-01 18:09:03.259   673 28560 E libc    : Access denied finding property "persist.front.camera.qcom.awb"
09-01 18:09:03.270   673 28586 E libc    : Access denied finding property "persist.aicamera.needlut"
09-01 18:09:03.284   673 28548 E         : cpp_thread_handle_process_buf_event, stream_type = 1
09-01 18:09:03.285   673 28548 E libc    : Access denied finding property "disable.cpp.power.collapse"
09-01 18:09:03.285   673 28548 E libc    : Access denied finding property "camera.cpp.dumppreviewpayload"
09-01 18:09:03.289   673 28573 E ta      : TAAEC<ERROR> 2520: aec_process_parse_input_info: AEC error: invalid param type: 21
09-01 18:09:03.294   673 28573 E libc    : Access denied finding property "persist.front.camera.qcom.awb"
09-01 18:09:03.303   673 28586 E libc    : Access denied finding property "persist.aicamera.needlut"
09-01 18:09:03.318   673 28548 E         : cpp_thread_handle_process_buf_event, stream_type = 1
09-01 18:09:03.318   673 28548 E libc    : Access denied finding property "disable.cpp.power.collapse"
09-01 18:09:03.318   673 28548 E libc    : Access denied finding property "camera.cpp.dumppreviewpayload"
09-01 18:09:03.322   673 28573 E ta      : TAAEC<ERROR> 2520: aec_process_parse_input_info: AEC error: invalid param type: 21
09-01 18:09:03.327   673 28560 E libc    : Access denied finding property "persist.front.camera.qcom.awb"
09-01 18:09:03.337   673 28586 E libc    : Access denied finding property "persist.aicamera.needlut"
09-01 18:09:03.351   673 28548 E         : cpp_thread_handle_process_buf_event, stream_type = 1
09-01 18:09:03.351   673 28548 E libc    : Access denied finding property "disable.cpp.power.collapse"
09-01 18:09:03.351   673 28548 E libc    : Access denied finding property "camera.cpp.dumppreviewpayload"
09-01 18:09:03.356   673 28573 E ta      : TAAEC<ERROR> 2520: aec_process_parse_input_info: AEC error: invalid param type: 21
09-01 18:09:03.362   673 28560 E libc    : Access denied finding property "persist.front.camera.qcom.awb"
09-01 18:09:03.370   673 28586 E libc    : Access denied finding property "persist.aicamera.needlut"
09-01 18:09:03.384   673 28548 E         : cpp_thread_handle_process_buf_event, stream_type = 1
09-01 18:09:03.385   673 28548 E libc    : Access denied finding property "disable.cpp.power.collapse"
09-01 18:09:03.385   673 28548 E libc    : Access denied finding property "camera.cpp.dumppreviewpayload"
09-01 18:09:03.389   673 28573 E ta      : TAAEC<ERROR> 2520: aec_process_parse_input_info: AEC error: invalid param type: 21
09-01 18:09:03.392   673 28560 E libc    : Access denied finding property "persist.front.camera.qcom.awb"
09-01 18:09:03.403   673 28586 E libc    : Access denied finding property "persist.aicamera.needlut"
09-01 18:09:03.418   673 28548 E         : cpp_thread_handle_process_buf_event, stream_type = 1
09-01 18:09:03.418   673 28548 E libc    : Access denied finding property "disable.cpp.power.collapse"
09-01 18:09:03.418   673 28548 E libc    : Access denied finding property "camera.cpp.dumppreviewpayload"
09-01 18:09:03.422   673 28573 E ta      : TAAEC<ERROR> 2520: aec_process_parse_input_info: AEC error: invalid param type: 21
09-01 18:09:03.426   673 28560 E libc    : Access denied finding property "persist.front.camera.qcom.awb"
09-01 18:09:03.437   673 28586 E libc    : Access denied finding property "persist.aicamera.needlut"
09-01 18:09:03.451   673 28548 E         : cpp_thread_handle_process_buf_event, stream_type = 1
09-01 18:09:03.451   673 28548 E libc    : Access denied finding property "disable.cpp.power.collapse"
09-01 18:09:03.451   673 28548 E libc    : Access denied finding property "camera.cpp.dumppreviewpayload"
09-01 18:09:03.456   673 28573 E ta      : TAAEC<ERROR> 2520: aec_process_parse_input_info: AEC error: invalid param type: 21
09-01 18:09:03.459   673 28573 E libc    : Access denied finding property "persist.front.camera.qcom.awb"
09-01 18:09:03.470   673 28586 E libc    : Access denied finding property "persist.aicamera.needlut"
09-01 18:09:03.484   673 28548 E         : cpp_thread_handle_process_buf_event, stream_type = 1
09-01 18:09:03.485   673 28548 E libc    : Access denied finding property "disable.cpp.power.collapse"
09-01 18:09:03.485   673 28548 E libc    : Access denied finding property "camera.cpp.dumppreviewpayload"
09-01 18:09:03.489   673 28573 E ta      : TAAEC<ERROR> 2520: aec_process_parse_input_info: AEC error: invalid param type: 21
09-01 18:09:03.495   673 28573 E libc    : Access denied finding property "persist.front.camera.qcom.awb"
09-01 18:09:03.505   673 28586 E libc    : Access denied finding property "persist.aicamera.needlut"
09-01 18:09:03.518   673 28548 E         : cpp_thread_handle_process_buf_event, stream_type = 1
09-01 18:09:03.518   673 28548 E libc    : Access denied finding property "disable.cpp.power.collapse"
09-01 18:09:03.518   673 28548 E libc    : Access denied finding property "camera.cpp.dumppreviewpayload"
09-01 18:09:03.523   673 28573 E ta      : TAAEC<ERROR> 2520: aec_process_parse_input_info: AEC error: invalid param type: 21
09-01 18:09:03.527   673 28560 E libc    : Access denied finding property "persist.front.camera.qcom.awb"
09-01 18:09:03.537   673 28586 E libc    : Access denied finding property "persist.aicamera.needlut"
09-01 18:09:03.551   673 28548 E         : cpp_thread_handle_process_buf_event, stream_type = 1
09-01 18:09:03.551   673 28548 E libc    : Access denied finding property "disable.cpp.power.collapse"
09-01 18:09:03.552   673 28548 E libc    : Access denied finding property "camera.cpp.dumppreviewpayload"
09-01 18:09:03.556   673 28573 E ta      : TAAEC<ERROR> 2520: aec_process_parse_input_info: AEC error: invalid param type: 21
09-01 18:09:03.562   673 28560 E libc    : Access denied finding property "persist.front.camera.qcom.awb"
09-01 18:09:03.570   673 28586 E libc    : Access denied finding property "persist.aicamera.needlut"
09-01 18:09:03.584   673 28548 E         : cpp_thread_handle_process_buf_event, stream_type = 1
09-01 18:09:03.585   673 28548 E libc    : Access denied finding property "disable.cpp.power.collapse"
09-01 18:09:03.585   673 28548 E libc    : Access denied finding property "camera.cpp.dumppreviewpayload"
09-01 18:09:03.589   673 28573 E ta      : TAAEC<ERROR> 2520: aec_process_parse_input_info: AEC error: invalid param type: 21
09-01 18:09:03.595   673 28573 E libc    : Access denied finding property "persist.front.camera.qcom.awb"
09-01 18:09:03.604   673 28586 E libc    : Access denied finding property "persist.aicamera.needlut"
09-01 18:09:03.618   673 28548 E         : cpp_thread_handle_process_buf_event, stream_type = 1
09-01 18:09:03.618   673 28548 E libc    : Access denied finding property "disable.cpp.power.collapse"
09-01 18:09:03.619   673 28548 E libc    : Access denied finding property "camera.cpp.dumppreviewpayload"
09-01 18:09:03.623   673 28573 E ta      : TAAEC<ERROR> 2520: aec_process_parse_input_info: AEC error: invalid param type: 21
09-01 18:09:03.627   673 28573 E libc    : Access denied finding property "persist.front.camera.qcom.awb"
09-01 18:09:03.637   673 28586 E libc    : Access denied finding property "persist.aicamera.needlut"
09-01 18:09:03.651   673 28548 E         : cpp_thread_handle_process_buf_event, stream_type = 1
09-01 18:09:03.652   673 28548 E libc    : Access denied finding property "disable.cpp.power.collapse"
09-01 18:09:03.652   673 28548 E libc    : Access denied finding property "camera.cpp.dumppreviewpayload"
09-01 18:09:03.656   673 28573 E ta      : TAAEC<ERROR> 2520: aec_process_parse_input_info: AEC error: invalid param type: 21
09-01 18:09:03.664   673 28573 E libc    : Access denied finding property "persist.front.camera.qcom.awb"
09-01 18:09:03.671   673 28586 E libc    : Access denied finding property "persist.aicamera.needlut"
09-01 18:09:03.684   673 28548 E         : cpp_thread_handle_process_buf_event, stream_type = 1
09-01 18:09:03.685   673 28548 E libc    : Access denied finding property "disable.cpp.power.collapse"
09-01 18:09:03.685   673 28548 E libc    : Access denied finding property "camera.cpp.dumppreviewpayload"
09-01 18:09:03.689   673 28573 E ta      : TAAEC<ERROR> 2520: aec_process_parse_input_info: AEC error: invalid param type: 21
09-01 18:09:03.698   673 28560 E libc    : Access denied finding property "persist.front.camera.qcom.awb"
09-01 18:09:03.704   673 28586 E libc    : Access denied finding property "persist.aicamera.needlut"
09-01 18:09:03.725   673 28548 E         : cpp_thread_handle_process_buf_event, stream_type = 1
09-01 18:09:03.726   673 28548 E libc    : Access denied finding property "disable.cpp.power.collapse"
09-01 18:09:03.726   673 28548 E libc    : Access denied finding property "camera.cpp.dumppreviewpayload"
09-01 18:09:03.729   673 28573 E ta      : TAAEC<ERROR> 2520: aec_process_parse_input_info: AEC error: invalid param type: 21
09-01 18:09:03.739   673 28560 E libc    : Access denied finding property "persist.front.camera.qcom.awb"
09-01 18:09:03.744   673 28586 E libc    : Access denied finding property "persist.aicamera.needlut"
09-01 18:09:03.765   673 28548 E         : cpp_thread_handle_process_buf_event, stream_type = 1
09-01 18:09:03.765   673 28548 E libc    : Access denied finding property "disable.cpp.power.collapse"
09-01 18:09:03.765   673 28548 E libc    : Access denied finding property "camera.cpp.dumppreviewpayload"
09-01 18:09:03.769   673 28573 E ta      : TAAEC<ERROR> 2520: aec_process_parse_input_info: AEC error: invalid param type: 21
09-01 18:09:03.779   673 28560 E libc    : Access denied finding property "persist.front.camera.qcom.awb"
09-01 18:09:03.784   673 28586 E libc    : Access denied finding property "persist.aicamera.needlut"
09-01 18:09:03.805   673 28548 E         : cpp_thread_handle_process_buf_event, stream_type = 1
09-01 18:09:03.805   673 28548 E libc    : Access denied finding property "disable.cpp.power.collapse"
09-01 18:09:03.805   673 28548 E libc    : Access denied finding property "camera.cpp.dumppreviewpayload"
09-01 18:09:03.809  1724  2178 I chatty  : uid=1000(system) AutobacklightTh identical 15 lines
09-01 18:09:03.811   673 28573 E ta      : TAAEC<ERROR> 2520: aec_process_parse_input_info: AEC error: invalid param type: 21
09-01 18:09:03.819   673 28560 E libc    : Access denied finding property "persist.front.camera.qcom.awb"
09-01 18:09:03.825   673 28586 E libc    : Access denied finding property "persist.aicamera.needlut"
09-01 18:09:03.845   673 28548 E         : cpp_thread_handle_process_buf_event, stream_type = 1
09-01 18:09:03.845   673 28548 E libc    : Access denied finding property "disable.cpp.power.collapse"
09-01 18:09:03.845   673 28548 E libc    : Access denied finding property "camera.cpp.dumppreviewpayload"
09-01 18:09:03.849   673 28573 E ta      : TAAEC<ERROR> 2520: aec_process_parse_input_info: AEC error: invalid param type: 21
09-01 18:09:03.859   673 28560 E libc    : Access denied finding property "persist.front.camera.qcom.awb"
09-01 18:09:03.864   673 28586 E libc    : Access denied finding property "persist.aicamera.needlut"
09-01 18:09:03.885   673 28548 E         : cpp_thread_handle_process_buf_event, stream_type = 1
09-01 18:09:03.885   673 28548 E libc    : Access denied finding property "disable.cpp.power.collapse"
09-01 18:09:03.885   673 28548 E libc    : Access denied finding property "camera.cpp.dumppreviewpayload"
09-01 18:09:03.890   673 28573 E ta      : TAAEC<ERROR> 2520: aec_process_parse_input_info: AEC error: invalid param type: 21
09-01 18:09:03.899   673 28560 E libc    : Access denied finding property "persist.front.camera.qcom.awb"
09-01 18:09:03.904   673 28586 E libc    : Access denied finding property "persist.aicamera.needlut"
09-01 18:09:03.926   673 28548 E         : cpp_thread_handle_process_buf_event, stream_type = 1
09-01 18:09:03.926   673 28548 E libc    : Access denied finding property "disable.cpp.power.collapse"
09-01 18:09:03.926   673 28548 E libc    : Access denied finding property "camera.cpp.dumppreviewpayload"
09-01 18:09:03.929   673 28573 E ta      : TAAEC<ERROR> 2520: aec_process_parse_input_info: AEC error: invalid param type: 21
09-01 18:09:03.939   673 28560 E libc    : Access denied finding property "persist.front.camera.qcom.awb"
09-01 18:09:03.945   673 28586 E libc    : Access denied finding property "persist.aicamera.needlut"
09-01 18:09:03.965   673 28548 E         : cpp_thread_handle_process_buf_event, stream_type = 1
09-01 18:09:03.965   673 28548 E libc    : Access denied finding property "disable.cpp.power.collapse"
09-01 18:09:03.965   673 28548 E libc    : Access denied finding property "camera.cpp.dumppreviewpayload"
09-01 18:09:03.971   673 28573 E ta      : TAAEC<ERROR> 2520: aec_process_parse_input_info: AEC error: invalid param type: 21
09-01 18:09:03.979   673 28560 E libc    : Access denied finding property "persist.front.camera.qcom.awb"
09-01 18:09:03.984   673 28586 E libc    : Access denied finding property "persist.aicamera.needlut"
09-01 18:09:04.005   673 28548 E         : cpp_thread_handle_process_buf_event, stream_type = 1
09-01 18:09:04.005   673 28548 E libc    : Access denied finding property "disable.cpp.power.collapse"
09-01 18:09:04.005   673 28548 E libc    : Access denied finding property "camera.cpp.dumppreviewpayload"
09-01 18:09:04.011   673 28573 E ta      : TAAEC<ERROR> 2520: aec_process_parse_input_info: AEC error: invalid param type: 21
09-01 18:09:04.019   673 28560 E libc    : Access denied finding property "persist.front.camera.qcom.awb"
09-01 18:09:04.024   673 28586 E libc    : Access denied finding property "persist.aicamera.needlut"
09-01 18:09:04.045   673 28548 E         : cpp_thread_handle_process_buf_event, stream_type = 1
09-01 18:09:04.045   673 28548 E libc    : Access denied finding property "disable.cpp.power.collapse"
09-01 18:09:04.045   673 28548 E libc    : Access denied finding property "camera.cpp.dumppreviewpayload"
09-01 18:09:04.050   673 28573 E ta      : TAAEC<ERROR> 2520: aec_process_parse_input_info: AEC error: invalid param type: 21
09-01 18:09:04.058  1724  2184 E DisplayPowerState: run changed=true mNightPearlManager is null! or state != Display.STATE_OFF
09-01 18:09:04.062   673 28560 E libc    : Access denied finding property "persist.front.camera.qcom.awb"
09-01 18:09:04.064   673 28586 E libc    : Access denied finding property "persist.aicamera.needlut"
09-01 18:09:04.066   673 28540 E         : mm_camera_module_send_cmd: rc = 0
09-01 18:09:04.122   700   700 E touchscreen: Open /sys/touchscreen/gesture_sign_switch failed
09-01 18:09:04.137   673 28540 E         : mm_camera_module_send_cmd: rc = 0
09-01 18:09:04.141  1724 14873 E ActivityManager: Sending non-protected broadcast com.vivo.action.KEYGUARD_STATE_CHANGED from system 2404:com.android.systemui/u0a18 pkg com.android.systemui
09-01 18:09:04.141  1724 14873 I chatty  : uid=1000(system) Binder:1724_1D identical 1 line
09-01 18:09:04.146  1724 14873 E ActivityManager: Sending non-protected broadcast com.vivo.action.KEYGUARD_STATE_CHANGED from system 2404:com.android.systemui/u0a18 pkg com.android.systemui
09-01 18:09:04.168   673 28559 E         : Jeff: 4890 downstream stream-off done.
09-01 18:09:04.169   673 28559 E libc    : Access denied finding property "cpp.set.clock"
09-01 18:09:04.194 27214 28616 E anet.HorseRaceDetector:  network detect thread start
09-01 18:09:04.201   673 28540 E         : mm_camera_module_send_cmd: rc = 0
09-01 18:09:04.233   673 28540 I chatty  : uid=1047(cameraserver) provider@2.4-se identical 31 lines
09-01 18:09:04.234   673 28540 E         : mm_camera_module_send_cmd: rc = 0
09-01 18:09:04.238  1724  3765 E ActivityManager: Sending non-protected broadcast com.android.camera.ACTION_CLOSE_CAMERA from system 28518:com.bbk.facewake/1000 pkg com.bbk.facewake
09-01 18:09:04.239  1724  3765 E ActivityManager: Sending non-protected broadcast com.android.camera.ACTION_CLOSE_CAMERA from system 28518:com.bbk.facewake/1000 pkg com.bbk.facewake
09-01 18:09:04.260   673 22273 E         : mm_camera_module_send_cmd: rc = 0
09-01 18:09:04.261   673 22273 I chatty  : uid=1047(cameraserver) HwBinder:673_4 identical 1 line
09-01 18:09:04.262   673 22273 E         : mm_camera_module_send_cmd: rc = 0
09-01 18:09:04.295   673 22273 E libc    : Access denied finding property "cameradaemon.SaveMemAtBoot"
09-01 18:09:04.338  1724  9731 E ActivityManager: Sending non-protected broadcast com.vivo.shortcutcenter.action.KEYGUARD_CHANGED from system 2786:com.vivo.upslide/1000 pkg com.vivo.upslide
09-01 18:09:04.376   673 22273 E QCamera2HWI: QCamera2HardwareInterface VivoPostProc will be released: 0xf1854800
09-01 18:09:04.376   673 22273 E         : yyan mm_pp_close, session id = 2
09-01 18:09:04.376   673 22273 E         : yyan vis_stop_session
09-01 18:09:04.376   684   684 E QTI PowerHAL: Failed to acquire lock.
09-01 18:09:04.378  1724  2184 E DisplayPowerState: run changed=false mNightPearlManager is null!   or state == Display.STATE_OFF
09-01 18:09:04.381   673 28630 E quadracfa_dummy: inside dummy remosaic_deinit 1
09-01 18:09:04.381   673 22273 E         : yyan vis_stop_session -> vis_pp_module_deinit: done
09-01 18:09:04.381   673 22273 E         : yyan vis_stop_session done
09-01 18:09:04.381   673 22273 E         :  yyan  ppp_util_clsoe_vis_session, error = 1, session id = 2
09-01 18:09:04.396  2786 15405 E libc    : Access denied finding property "vendor.camera.aux.packagelist"
09-01 18:09:04.396  9434  9452 E libc    : Access denied finding property "vendor.camera.aux.packagelist"
09-01 18:09:04.397 13152 13379 E libc    : Access denied finding property "vendor.camera.aux.packagelist"
09-01 18:09:04.431  1724  2895 E ActivityManager: Sending non-protected broadcast com.vivo.shortcutcenter.action.KEYGUARD_CHANGED from system 2786:com.vivo.upslide/1000 pkg com.vivo.upslide
09-01 18:09:04.445  1106  1106 E [gf_ca_entry] : [gx_ta_send_modified_cmd_req] begin, token = 292, cmd_id = 1036
09-01 18:09:04.445  1106  1106 E libc    : Access denied finding property "gf.debug.dump_qseelog_data"
09-01 18:09:04.463  1106  1106 E gf_ca_entry: Qsee log info, log length=2173, logbuf index=2173, log dump level=GF_LOG_DEBUG, g_logdump_level=3
09-01 18:09:04.463  1106  1106 E [GF_HAL][gf_hal_device]: [gf_hal_wake_up] FF send is_need_wake_up = 0
09-01 18:09:04.463  1106  1106 E [gf_ca_entry] : [gx_ta_send_modified_cmd_req] begin, token = 293, cmd_id = 1037
09-01 18:09:04.463  1106  1106 E libc    : Access denied finding property "gf.debug.dump_qseelog_data"
09-01 18:09:04.475  1106  1106 E gf_ca_entry: Qsee log info, log length=2165, logbuf index=2165, log dump level=GF_LOG_DEBUG, g_logdump_level=3
09-01 18:09:04.475  1106  1106 E [GF_HAL][gf_hal_device]: [gf_hal_wake_up] FF send is_need_wake_up = 0
09-01 18:09:04.475  1106  1106 E [gf_ca_entry] : [gx_ta_send_modified_cmd_req] begin, token = 294, cmd_id = 1022
09-01 18:09:04.476  1106  1106 E libc    : Access denied finding property "gf.debug.dump_qseelog_data"
09-01 18:09:04.483  1724  3997 E ActivityManager: Sending non-protected broadcast com.vivo.shortcutcenter.action.KEYGUARD_CHANGED from system 2786:com.vivo.upslide/1000 pkg com.vivo.upslide
09-01 18:09:04.483  1106  1106 E gf_ca_entry: Qsee log info, log length=1445, logbuf index=1445, log dump level=GF_LOG_DEBUG, g_logdump_level=3
09-01 18:09:04.541   717   805 E         : IProducerListener: malformed binder reply
09-01 18:09:04.542 27374 27382 E n:player.singl: Something went wrong getting fds from adb. Retry!: Success
09-01 18:09:04.542 27435 27455 E missevan:playe: Something went wrong getting fds from adb. Retry!: Success
09-01 18:09:04.542 27712 27719 E issevan:channe: Something went wrong getting fds from adb. Retry!: Success
09-01 18:09:04.542 27513 27520 E .missevan:stat: Something went wrong getting fds from adb. Retry!: Success
09-01 18:09:04.543 27214 27221 E cn.missevan: Something went wrong getting fds from adb. Retry!: Success
09-01 18:09:05.668 28657 28657 E ppstore:reserv: Not starting debugger since process cannot load the jdwp agent.
09-01 18:09:06.300 20054 28671 I chatty  : uid=10098(com.bbk.appstore) identical 1 line
09-01 18:09:06.953  1724  2054 E libc    : Access denied finding property "sys.boot.reason"
09-01 18:09:07.005   685  2027 E qti_sensors_hal: AmbientLightScene notify_suspend_valid 1
09-01 18:09:07.007   685   891 E qti_sensors_hal: AmbientLightScene processResp: Received SNS_SAM_AMBIENT_LIGHT_SCENE_ENABLE_RESP_V01
09-01 18:09:07.007   685   891 E qti_sensors_hal: AmbientLightScene Got ENABLE response, instance id = 103
09-01 18:09:07.042  1724  2184 E DisplayPowerState: run changed=false mNightPearlManager is null! or state != Display.STATE_OFF
09-01 18:09:07.043   684   684 E QTI PowerHAL: Failed to acquire lock.
09-01 18:09:07.065   685   891 E qti_sensors_hal: AmbientLightScene 20 415 0
09-01 18:09:07.134  1724  2054 E libc    : Access denied finding property "sys.boot.reason"
09-01 18:09:07.174   704   704 E libc    : Access denied finding property "ro.product.model.bbk"
09-01 18:09:07.191   685  2027 E qti_sensors_hal: AmbientLightScene notify_suspend_valid 1
09-01 18:09:07.193   685   891 E qti_sensors_hal: AmbientLightScene processResp: Received SNS_SAM_AMBIENT_LIGHT_SCENE_ENABLE_RESP_V01
09-01 18:09:07.193   685   891 E qti_sensors_hal: AmbientLightScene Got ENABLE response, instance id = 109
09-01 18:09:07.195   685   891 E qti_sensors_hal: AmbientLightScene 20 448 0
09-01 18:09:07.292  1724  2184 E DisplayPowerState: run changed=true mNightPearlManager is null! or state != Display.STATE_OFF
09-01 18:09:07.325  1106  1106 E [gf_ca_entry] : [gx_ta_send_modified_cmd_req] begin, token = 295, cmd_id = 1021
09-01 18:09:07.326  1106  1106 E libc    : Access denied finding property "gf.debug.dump_qseelog_data"
09-01 18:09:07.341  1106  1106 E gf_ca_entry: Qsee log info, log length=1661, logbuf index=1661, log dump level=GF_LOG_DEBUG, g_logdump_level=3
09-01 18:09:07.570   685   830 E qti_sensors_hal: saveParameters:maglib_fd open /persist/sensors/maglib_para error
09-01 18:09:07.570   685   830 E qti_sensors_hal: saveParameters:maglib_fd write file
09-01 18:09:07.840  1724  3767 E ActivityManager: Sending non-protected broadcast com.vivo.shortcutcenter.action.KEYGUARD_CHANGED from system 2786:com.vivo.upslide/1000 pkg com.vivo.upslide
09-01 18:09:09.051  1724  2178 I chatty  : uid=1000(system) AutobacklightTh identical 14 lines
09-01 18:09:09.130  1724  3997 E ActivityTrigger: activityResumeTrigger: not whiteListedcn.missevan/cn.missevan.activity.MainActivity/5070300
09-01 18:09:09.286  1724  2893 E LockSettingsService: Failed to decrypt child profile key
09-01 18:09:09.286  1724  2893 E LockSettingsService: java.security.InvalidKeyException: Only SecretKey is supported
09-01 18:09:09.286  1724  2893 E LockSettingsService: 	at com.android.org.conscrypt.OpenSSLCipher.checkAndSetEncodedKey(OpenSSLCipher.java:462)
09-01 18:09:09.286  1724  2893 E LockSettingsService: 	at com.android.org.conscrypt.OpenSSLCipher.engineInit(OpenSSLCipher.java:296)
09-01 18:09:09.286  1724  2893 E LockSettingsService: 	at javax.crypto.Cipher.tryTransformWithProvider(Cipher.java:2980)
09-01 18:09:09.286  1724  2893 E LockSettingsService: 	at javax.crypto.Cipher.tryCombinations(Cipher.java:2891)
09-01 18:09:09.286  1724  2893 E LockSettingsService: 	at javax.crypto.Cipher$SpiAndProviderUpdater.updateAndGetSpiAndProvider(Cipher.java:2796)
09-01 18:09:09.286  1724  2893 E LockSettingsService: 	at javax.crypto.Cipher.chooseProvider(Cipher.java:773)
09-01 18:09:09.286  1724  2893 E LockSettingsService: 	at javax.crypto.Cipher.init(Cipher.java:1288)
09-01 18:09:09.286  1724  2893 E LockSettingsService: 	at javax.crypto.Cipher.init(Cipher.java:1223)
09-01 18:09:09.286  1724  2893 E LockSettingsService: 	at com.android.server.locksettings.LockSettingsService.getDecryptedPasswordForTiedProfile(LockSettingsService.java:1442)
09-01 18:09:09.286  1724  2893 E LockSettingsService: 	at com.android.server.locksettings.LockSettingsService.unlockChildProfile(LockSettingsService.java:1450)
09-01 18:09:09.286  1724  2893 E LockSettingsService: 	at com.android.server.locksettings.LockSettingsService.unlockUser(LockSettingsService.java:1505)
09-01 18:09:09.286  1724  2893 E LockSettingsService: 	at com.android.server.locksettings.LockSettingsService.spBasedDoVerifyCredential(LockSettingsService.java:2806)
09-01 18:09:09.286  1724  2893 E LockSettingsService: 	at com.android.server.locksettings.LockSettingsService.doVerifyCredential(LockSettingsService.java:2002)
09-01 18:09:09.286  1724  2893 E LockSettingsService: 	at com.android.server.locksettings.LockSettingsService.checkCredential(LockSettingsService.java:1946)
09-01 18:09:09.286  1724  2893 E LockSettingsService: 	at com.android.internal.widget.ILockSettings$Stub.onTransact(ILockSettings.java:165)
09-01 18:09:09.286  1724  2893 E LockSettingsService: 	at android.os.Binder.execTransact(Binder.java:750)
09-01 18:09:09.356   717   805 E         : IProducerListener: malformed binder reply
09-01 18:09:09.414  1724  3767 E ActivityManager: Sending non-protected broadcast com.vivo.action.KEYGUARD_STATE_CHANGED from system 2404:com.android.systemui/u0a18 pkg com.android.systemui
09-01 18:09:09.415  1724  3767 E ActivityManager: Sending non-protected broadcast com.vivo.action.KEYGUARD_STATE_CHANGED from system 2404:com.android.systemui/u0a18 pkg com.android.systemui
09-01 18:09:09.417  1724  3767 E AudioService: isMotorModeSupportPlayback pkgname is com.android.systemui
09-01 18:09:09.418  1724  2931 E ActivityManager: Sending non-protected broadcast com.vivo.action.KEYGUARD_STATE_CHANGED from system 2404:com.android.systemui/u0a18 pkg com.android.systemui
09-01 18:09:09.431   671  4200 E msm8916_platform: platform_set_codec_backend_cfg:becf: afe: Could not get ctl for mixer command - INT4_MI2S_RX Format
09-01 18:09:09.432   671  4200 E msm8916_platform: platform_check_backends_match: Invalid snd_device =
09-01 18:09:09.438   671  4200 E ACDB-LOADER: Error: ACDB_CMD_GET_AFE_COMMON_TABLE_SIZE Returned = -19
09-01 18:09:09.438   671  4200 E ACDB-LOADER: Error: ACDB AFE returned = -19
09-01 18:09:09.501 27214 27221 E cn.missevan: Something went wrong getting fds from adb. Retry!: Connection refused
09-01 18:09:09.501 27374 27382 E n:player.singl: Something went wrong getting fds from adb. Retry!: Connection refused
09-01 18:09:09.502 27513 27520 E .missevan:stat: Something went wrong getting fds from adb. Retry!: Connection refused
09-01 18:09:09.502 27435 27455 E missevan:playe: Something went wrong getting fds from adb. Retry!: Connection refused
09-01 18:09:09.503 27712 27719 E issevan:channe: Something went wrong getting fds from adb. Retry!: Connection refused
09-01 18:09:09.504   717   805 E         : IProducerListener: malformed binder reply
09-01 18:09:09.535  1724  2178 I chatty  : uid=1000(system) AutobacklightTh identical 1 line
09-01 18:09:09.548   717   804 E         : IProducerListener: malformed binder reply
09-01 18:09:09.559   717   933 E         : IProducerListener: malformed binder reply
09-01 18:09:09.627   717  2381 E         : IProducerListener: malformed binder reply
09-01 18:09:09.727  1724  4868 E NotificationService: Suppressing notification from package by user request.
09-01 18:09:10.096  1007  1109 E storaged: getDiskStats failed with result NOT_SUPPORTED and size 0
09-01 18:09:11.518 27214 27214 E cn.missevan: No package ID ff found for ID 0xffffffff.
09-01 18:09:14.723 27214 27214 E cn.missevan: No package ID ff found for ID 0xffffffff.
09-01 18:09:15.242 27214 27214 I chatty  : uid=10602(cn.missevan) identical 1 line
09-01 18:09:15.861 27214 27214 E cn.missevan: No package ID ff found for ID 0xffffffff.
09-01 18:09:16.619  1724  2178 I chatty  : uid=1000(system) AutobacklightTh identical 40 lines
09-01 18:09:16.794  1724  3997 E WindowManager: App trying to use insecure INPUT_FEATURE_NO_INPUT_CHANNEL flag. Ignoring
09-01 18:09:16.851   717   805 E         : IProducerListener: malformed binder reply
09-01 18:09:17.550  1724  3767 E ActivityTrigger: activityStartTrigger: not whiteListedcom.vivo.upslide/com.vivo.upslide.recents.RecentsActivity/1
09-01 18:09:17.551  1724  3767 E ActivityTrigger: activityResumeTrigger: not whiteListedcom.vivo.upslide/com.vivo.upslide.recents.RecentsActivity/1
09-01 18:09:17.582  1724  3997 E ActivityTrigger: activityResumeTrigger: not whiteListedcom.vivo.upslide/com.vivo.upslide.recents.RecentsActivity/1
09-01 18:09:17.703   717   804 E         : IProducerListener: malformed binder reply
09-01 18:09:18.004 27214 28616 E anet.HorseRaceDetector:  network detect thread start
09-01 18:09:18.777   716   716 E lowmemorykiller: Error writing /proc/27214/oom_score_adj; errno=22
09-01 18:09:18.834  1724  2053 E InputDispatcher: channel '26f560c Toast (server)' ~ Channel is unrecoverably broken and will be disposed!
09-01 18:09:18.851  1724  2053 E InputDispatcher: channel 'f966528 cn.missevan/cn.missevan.activity.MainActivity (server)' ~ Channel is unrecoverably broken and will be disposed!
09-01 18:09:18.875  1724  1857 E libprocessgroup: Error encountered killing process cgroup uid 99042 pid 27399: No such file or directory
09-01 18:09:19.031  1724  2178 I chatty  : uid=1000(system) AutobacklightTh identical 13 lines
09-01 18:09:19.216  1724  2233 E TaskPersister: File error accessing recents directory (directory doesn't exist?).
09-01 18:09:19.674  1724  3997 E ActivityTrigger: activityResumeTrigger: not whiteListedcom.bbk.launcher2/com.bbk.launcher2.Launcher/90003028
09-01 18:09:19.821   717   805 E         : IProducerListener: malformed binder reply
09-01 18:09:19.904   717   805 E         : IProducerListener: malformed binder reply
09-01 18:09:20.620  4240  4357 E BitmapFactory: Unable to decode stream: java.io.FileNotFoundException: /oem/etc/theme/icons/dynamic_icon/com.vivo.weather/res/drawable-sw360dp-xxhdpi/dynamic_weather_sun.png (No such file or directory)
09-01 18:09:20.625  4240  4357 E BitmapFactory: Unable to decode stream: java.io.FileNotFoundException: /oem/etc/theme/icons/dynamic_icon/com.vivo.weather/res/drawable-sw360dp-xxhdpi/dynamic_weather_degree.png (No such file or directory)
09-01 18:09:20.627  4240  4357 E BitmapFactory: Unable to decode stream: java.io.FileNotFoundException: /oem/etc/theme/icons/dynamic_icon/com.vivo.weather/res/drawable-sw360dp-xxhdpi/dynamic_weather_minus.png (No such file or directory)
09-01 18:09:21.304 13770 28847 E QCircleEeveeMananger: isBackgroundPause
09-01 18:09:21.304 13770 28847 E QCircleEeveeMananger: scheduleEeveeTask pollingInterval= 120000
09-01 18:09:21.852  1724  3765 E ANDR-PERF-JNI: Iop tryGetService failed
09-01 18:09:21.862  1724  3765 E ActivityTrigger: activityStartTrigger: not whiteListedcn.missevan/cn.missevan.activity.SplashActivity/5070300
09-01 18:09:21.864  1724  3765 E ActivityTrigger: activityResumeTrigger: not whiteListedcn.missevan/cn.missevan.activity.SplashActivity/5070300
09-01 18:09:21.874  1724  2931 E ActivityTrigger: activityResumeTrigger: not whiteListedcn.missevan/cn.missevan.activity.SplashActivity/5070300
09-01 18:09:21.882  1724  2023 E BackgroundFallback: initVivoBgFallback callstackcom.android.internal.policy.DecorView.<init>:378 com.android.internal.policy.PhoneWindow.generateDecor:2421 com.android.internal.policy.PhoneWindow.installDecor:2800 com.android.internal.policy.PhoneWindow.getDecorView:2163 com.android.server.policy.PhoneWindowManager.addSplashScreen:4017 com.android.server.wm.SplashScreenStartingData.createStartingSurface:56 com.android.server.wm.AppWindowContainerController$1.run:155 android.os.Handler.handleCallback:873 android.os.Handler.dispatchMessage:99 android.os.Looper.loop:224
09-01 18:09:21.928   717   804 E         : IProducerListener: malformed binder reply
09-01 18:09:25.148  1724  2178 I chatty  : uid=1000(system) AutobacklightTh identical 36 lines
09-01 18:09:25.152 13770 14382 E memtrack: Couldn't load memtrack module
09-01 18:09:25.403  1724  2233 E TaskPersister: File error accessing recents directory (directory doesn't exist?).
09-01 18:09:25.643 28857 28938 E awcn.GlobalAppRuntimeInfo:   CurrentProcess:cn.missevan TargetProcess:cn.missevan
09-01 18:09:25.647 28857 28938 E awcn.StrategyCenter:  registerListener listener:[]
09-01 18:09:25.658 28857 28938 E awcn.Inet64Util:  startIpStackDetect ip stack:1 detectType:udp_connect
09-01 18:09:25.661 28857 28947 E awcn.SessionCenter: |[seq:[default]] onNetworkStatusChanged. networkStatus:WIFI
09-01 18:09:25.755 28857 28938 E awcn.StrategyCenter:  registerListener listener:[anet.channel.SessionCenter$a@8f4de19]
09-01 18:09:25.756 28857 28938 E awcn.Http3ConnDetector:  registerListener http3Enable:false
09-01 18:09:25.757 28857 28938 E awcn.StrategyCenter:  registerListener listener:[anet.channel.SessionCenter$a@8f4de19, anet.channel.detect.e@c445ede]
09-01 18:09:25.757 28857 28938 E awcn.StrategyCenter:  registerListener listener:[anet.channel.SessionCenter$a@8f4de19, anet.channel.detect.e@c445ede, anet.channel.e.c@1748b8c]
09-01 18:09:25.777 28857 28938 E awcn.TnetSpdySession: |[seq:umeng:546d7dd7fd98c58fc800082c.AWCN1_1] connect host:https://umengacs.m.taobao.com ip:203.119.215.108 port:443 sessionId:1662026965777 SpdyProtocol,:http2_0rtt_acs proxyIp,: proxyPort,:0
09-01 18:09:25.782 28857 28938 E awcn.Session: |[seq:umeng:546d7dd7fd98c58fc800082c.AWCN1_1] notifyStatus status:CONNECTING
09-01 18:09:25.791 28857 28938 E NAccs.MsgDistribute:  distribute ready action:com.taobao.accs.intent.action.RECEIVE dataId: serviceId:
09-01 18:09:25.818 28857 28938 E NAccs.MsgDistribute:  handBroadCastMsg command:1
09-01 18:09:25.865 28857 28946 E awcn.Session: |[seq:umeng:546d7dd7fd98c58fc800082c.AWCN1_1] notifyStatus status:CONNECTED
09-01 18:09:25.866 28857 28946 E NAccs.InAppConn_default:  auth URL:https://umengacs.m.taobao.com/accs/auth?1=YxBs9IHhiKQDAFfj0NajmZNB&2=91634d0be3df47b961868ce72b3925eac008e229e1fb4a3db2de092f457f32d3&3=umeng:546d7dd7fd98c58fc800082c&5=1&6=wifi&7=null&8=1.1.2&9=1662026965763&10=1&11=28&12=cn.missevan&13=5.7.3&14=android@umeng&15=vivo+X21A&16=vivo&17=221&19=0&20=
09-01 18:09:25.886 28857 28946 E awcn.TnetSpdySession: |[seq:umeng:546d7dd7fd98c58fc800082c.AWCN1_1] spdySessionConnectCB connect connectTime:83 sslTime:0
09-01 18:09:25.960 28857 28946 E NAccs.InAppConn_default:  auth httpStatusCode:200
09-01 18:09:25.960 28857 28946 E awcn.Session: |[seq:umeng:546d7dd7fd98c58fc800082c.AWCN1_1] notifyStatus status:AUTH_SUCC
09-01 18:09:25.961 28857 28959 E awcn.SessionRequest:  sendConnectInfoToAccsByService
09-01 18:09:25.972 28857 28959 E awcn.SessionRequest:  sendConnectInfoToAccsByCallBack
09-01 18:09:25.973 28857 28947 E NAccs.InAppConn_default:  onConnectionChanged currentHost:https://umengacs.m.taobao.com changeHost:https://umengacs.m.taobao.com state:true
09-01 18:09:26.223 28857 28857 E YZSDK   : ----->isDebug = false
09-01 18:09:26.313 28857 28910 E Storages: [DefaultDispatcher-worker-1] VideoCache is empty!
09-01 18:09:26.315 28857 28910 E Storages: [DefaultDispatcher-worker-1] AudioSingleCache is empty!
09-01 18:09:26.318 28857 28910 E Storages: [DefaultDispatcher-worker-1] BBPlayerCache is empty!
09-01 18:09:26.319 28857 28910 E Storages: [DefaultDispatcher-worker-1] BBPlayerAlphaVideo is empty!
09-01 18:09:26.431 28857 28857 E FileNotFoundException: [main] java.io.FileNotFoundException: /system/build.prop (Permission denied)
09-01 18:09:26.431 28857 28857 E FileNotFoundException: 	at java.io.FileInputStream.open0(Native Method)
09-01 18:09:26.431 28857 28857 E FileNotFoundException: 	at java.io.FileInputStream.open(FileInputStream.java:231)
09-01 18:09:26.431 28857 28857 E FileNotFoundException: 	at java.io.FileInputStream.<init>(FileInputStream.java:165)
09-01 18:09:26.431 28857 28857 E FileNotFoundException: 	at cn.missevan.library.util.DeviceHelper.<clinit>(SourceFile:46)
09-01 18:09:26.431 28857 28857 E FileNotFoundException: 	at cn.missevan.library.util.DeviceHelper.isZTKC2016(SourceFile:182)
09-01 18:09:26.431 28857 28857 E FileNotFoundException: 	at cn.missevan.library.util.StatusBarUtils.setStatusBarLightMode(SourceFile:152)
09-01 18:09:26.431 28857 28857 E FileNotFoundException: 	at cn.missevan.library.util.StatusBarUtils.setStatusAndNavigationBarLightMode(SourceFile:138)
09-01 18:09:26.431 28857 28857 E FileNotFoundException: 	at cn.missevan.activity.SplashActivity.eX(SourceFile:93)
09-01 18:09:26.431 28857 28857 E FileNotFoundException: 	at cn.missevan.activity.SplashActivity.onCreate(SourceFile:36)
09-01 18:09:26.431 28857 28857 E FileNotFoundException: 	at android.app.Activity.performCreate(Activity.java:7248)
09-01 18:09:26.431 28857 28857 E FileNotFoundException: 	at android.app.Activity.performCreate(Activity.java:7239)
09-01 18:09:26.431 28857 28857 E FileNotFoundException: 	at android.app.Instrumentation.callActivityOnCreate(Instrumentation.java:1275)
09-01 18:09:26.431 28857 28857 E FileNotFoundException: 	at android.app.ActivityThread.performLaunchActivity(ActivityThread.java:3111)
09-01 18:09:26.431 28857 28857 E FileNotFoundException: 	at android.app.ActivityThread.handleLaunchActivity(ActivityThread.java:3266)
09-01 18:09:26.431 28857 28857 E FileNotFoundException: 	at android.app.servertransaction.LaunchActivityItem.execute(LaunchActivityItem.java:78)
09-01 18:09:26.431 28857 28857 E FileNotFoundException: 	at android.app.servertransaction.TransactionExecutor.executeCallbacks(TransactionExecutor.java:108)
09-01 18:09:26.431 28857 28857 E FileNotFoundException: 	at android.app.servertransaction.TransactionExecutor.execute(TransactionExecutor.java:68)
09-01 18:09:26.431 28857 28857 E FileNotFoundException: 	at android.app.ActivityThread$H.handleMessage(ActivityThread.java:2009)
09-01 18:09:26.431 28857 28857 E FileNotFoundException: 	at com.didichuxing.doraemonkit.kit.timecounter.instrumentation.ProxyHandlerCallback.handleMessage(SourceFile:44)
09-01 18:09:26.431 28857 28857 E FileNotFoundException: 	at android.os.Handler.dispatchMessage(Handler.java:102)
09-01 18:09:26.431 28857 28857 E FileNotFoundException: 	at android.os.Looper.loop(Looper.java:224)
09-01 18:09:26.431 28857 28857 E FileNotFoundException: 	at android.app.ActivityThread.main(ActivityThread.java:7042)
09-01 18:09:26.431 28857 28857 E FileNotFoundException: 	at java.lang.reflect.Method.invoke(Native Method)
09-01 18:09:26.431 28857 28857 E FileNotFoundException: 	at com.android.internal.os.RuntimeInit$MethodAndArgsCaller.run(RuntimeInit.java:536)
09-01 18:09:26.431 28857 28857 E FileNotFoundException: 	at com.android.internal.os.ZygoteInit.main(ZygoteInit.java:868)
09-01 18:09:26.431 28857 28857 E FileNotFoundException:
09-01 18:09:26.481  1724  2931 E ActivityTrigger: activityStartTrigger: not whiteListedcn.missevan/cn.missevan.activity.MainActivity/5070300
