09-01 18:09:37.962   673 29468 E         : cpp_thread_handle_process_buf_event, stream_type = 1
09-01 18:09:37.963   673 29468 E libc    : Access denied finding property "disable.cpp.power.collapse"
09-01 18:09:37.963   673 29468 E libc    : Access denied finding property "camera.cpp.dumppreviewpayload"
09-01 18:09:37.967   673 29493 E ta      : TAAEC<ERROR> 2520: aec_process_parse_input_info: AEC error: invalid param type: 21
09-01 18:09:37.973   673 29506 E libc    : Access denied finding property "persist.aicamera.needlut"
09-01 18:09:37.996   673 29480 E libc    : Access denied finding property "persist.front.camera.qcom.awb"
09-01 18:09:38.022   673 29468 E         : cpp_thread_handle_process_buf_event, stream_type = 1
09-01 18:09:38.023   673 29468 E libc    : Access denied finding property "disable.cpp.power.collapse"
09-01 18:09:38.023   673 29468 E libc    : Access denied finding property "camera.cpp.dumppreviewpayload"
09-01 18:09:38.027   673 29493 E ta      : TAAEC<ERROR> 2520: aec_process_parse_input_info: AEC error: invalid param type: 21
09-01 18:09:38.034   673 29506 E libc    : Access denied finding property "persist.aicamera.needlut"
09-01 18:09:38.059   673 29480 E libc    : Access denied finding property "persist.front.camera.qcom.awb"
09-01 18:09:38.083   673 29468 E         : cpp_thread_handle_process_buf_event, stream_type = 1
09-01 18:09:38.083   673 29468 E libc    : Access denied finding property "disable.cpp.power.collapse"
09-01 18:09:38.083   673 29468 E libc    : Access denied finding property "camera.cpp.dumppreviewpayload"
09-01 18:09:38.087   673 29493 E ta      : TAAEC<ERROR> 2520: aec_process_parse_input_info: AEC error: invalid param type: 21
09-01 18:09:38.092   673 29506 E libc    : Access denied finding property "persist.aicamera.needlut"
09-01 18:09:38.117   673 29480 E libc    : Access denied finding property "persist.front.camera.qcom.awb"
09-01 18:09:38.145   673 29468 E         : cpp_thread_handle_process_buf_event, stream_type = 1
09-01 18:09:38.146   673 29468 E libc    : Access denied finding property "disable.cpp.power.collapse"
09-01 18:09:38.146   673 29468 E libc    : Access denied finding property "camera.cpp.dumppreviewpayload"
09-01 18:09:38.147   673 29493 E ta      : TAAEC<ERROR> 2520: aec_process_parse_input_info: AEC error: invalid param type: 21
09-01 18:09:38.155   673 29506 E libc    : Access denied finding property "persist.aicamera.needlut"
09-01 18:09:38.179   673 29480 E libc    : Access denied finding property "persist.front.camera.qcom.awb"
09-01 18:09:38.180  1724  2178 I chatty  : uid=1000(system) AutobacklightTh identical 12 lines
09-01 18:09:38.203   673 29468 E         : cpp_thread_handle_process_buf_event, stream_type = 1
09-01 18:09:38.203   673 29468 E libc    : Access denied finding property "disable.cpp.power.collapse"
09-01 18:09:38.203   673 29468 E libc    : Access denied finding property "camera.cpp.dumppreviewpayload"
09-01 18:09:38.209   673 29493 E ta      : TAAEC<ERROR> 2520: aec_process_parse_input_info: AEC error: invalid param type: 21
09-01 18:09:38.213   673 29506 E libc    : Access denied finding property "persist.aicamera.needlut"
09-01 18:09:38.238   673 29480 E libc    : Access denied finding property "persist.front.camera.qcom.awb"
09-01 18:09:38.263   673 29468 E         : cpp_thread_handle_process_buf_event, stream_type = 1
09-01 18:09:38.263   673 29468 E libc    : Access denied finding property "disable.cpp.power.collapse"
09-01 18:09:38.263   673 29468 E libc    : Access denied finding property "camera.cpp.dumppreviewpayload"
09-01 18:09:38.269   673 29493 E ta      : TAAEC<ERROR> 2520: aec_process_parse_input_info: AEC error: invalid param type: 21
09-01 18:09:38.273   673 29506 E libc    : Access denied finding property "persist.aicamera.needlut"
09-01 18:09:38.297   673 29480 E libc    : Access denied finding property "persist.front.camera.qcom.awb"
09-01 18:09:38.323   673 29468 E         : cpp_thread_handle_process_buf_event, stream_type = 1
09-01 18:09:38.323   673 29468 E libc    : Access denied finding property "disable.cpp.power.collapse"
09-01 18:09:38.323   673 29468 E libc    : Access denied finding property "camera.cpp.dumppreviewpayload"
09-01 18:09:38.328   673 29493 E ta      : TAAEC<ERROR> 2520: aec_process_parse_input_info: AEC error: invalid param type: 21
09-01 18:09:38.333   673 29506 E libc    : Access denied finding property "persist.aicamera.needlut"
09-01 18:09:38.350   673 29460 E libc    : Access denied finding property "videostab_project"
09-01 18:09:38.350   673 29460 E libc    : Access denied finding property "persist.capture.burst.exposures"
09-01 18:09:38.350   673 29460 E libc    : Access denied finding property "persist.tnr.process.plates"
09-01 18:09:38.354   673 29460 E         : mm_camera_module_send_cmd: rc = 0
09-01 18:09:38.358  1724  3767 E NotificationService: Suppressing notification from package by user request.
09-01 18:09:38.358   673 29480 E libc    : Access denied finding property "persist.front.camera.qcom.awb"
09-01 18:09:38.361   673 29460 E libc    : Access denied finding property "videostab_project"
09-01 18:09:38.362   673 29460 E libc    : Access denied finding property "persist.capture.burst.exposures"
09-01 18:09:38.362   673 29460 E libc    : Access denied finding property "persist.tnr.process.plates"
09-01 18:09:38.363   673 29460 E         : mm_camera_module_send_cmd: rc = 0
09-01 18:09:38.367   673 29460 E libc    : Access denied finding property "videostab_project"
09-01 18:09:38.368   673 29460 E libc    : Access denied finding property "persist.capture.burst.exposures"
09-01 18:09:38.368   673 29460 E libc    : Access denied finding property "persist.tnr.process.plates"
09-01 18:09:38.369   673 29460 E         : mm_camera_module_send_cmd: rc = 0
09-01 18:09:38.383   673 29468 E         : cpp_thread_handle_process_buf_event, stream_type = 1
09-01 18:09:38.383   673 29468 E libc    : Access denied finding property "disable.cpp.power.collapse"
09-01 18:09:38.383   673 29468 E libc    : Access denied finding property "camera.cpp.dumppreviewpayload"
09-01 18:09:38.388   673 29493 E ta      : TAAEC<ERROR> 2520: aec_process_parse_input_info: AEC error: invalid param type: 21
09-01 18:09:38.394   673 29506 E libc    : Access denied finding property "persist.aicamera.needlut"
09-01 18:09:38.417   673 29480 E libc    : Access denied finding property "persist.front.camera.qcom.awb"
09-01 18:09:38.443   673 29513 E libc    : Access denied finding property "cpp.set.clock"
09-01 18:09:38.444   673 29468 E         : cpp_thread_handle_process_buf_event, stream_type = 1
09-01 18:09:38.444   673 29468 E libc    : Access denied finding property "disable.cpp.power.collapse"
09-01 18:09:38.444   673 29468 E libc    : Access denied finding property "camera.cpp.dumppreviewpayload"
09-01 18:09:38.447   673 29493 E ta      : TAAEC<ERROR> 2520: aec_process_parse_input_info: AEC error: invalid param type: 21
09-01 18:09:38.463   673 29506 E libc    : Access denied finding property "persist.aicamera.needlut"
09-01 18:09:38.477   673 29480 E libc    : Access denied finding property "persist.front.camera.qcom.awb"
09-01 18:09:38.503   673 29468 E         : cpp_thread_handle_process_buf_event, stream_type = 1
09-01 18:09:38.503   673 29468 E libc    : Access denied finding property "disable.cpp.power.collapse"
09-01 18:09:38.504   673 29468 E libc    : Access denied finding property "camera.cpp.dumppreviewpayload"
09-01 18:09:38.508   673 29493 E ta      : TAAEC<ERROR> 2520: aec_process_parse_input_info: AEC error: invalid param type: 21
09-01 18:09:38.523   673 29506 E libc    : Access denied finding property "persist.aicamera.needlut"
09-01 18:09:38.537   673 29480 E libc    : Access denied finding property "persist.front.camera.qcom.awb"
09-01 18:09:38.563   673 29468 E         : cpp_thread_handle_process_buf_event, stream_type = 1
09-01 18:09:38.564   673 29468 E libc    : Access denied finding property "disable.cpp.power.collapse"
09-01 18:09:38.564   673 29468 E libc    : Access denied finding property "camera.cpp.dumppreviewpayload"
09-01 18:09:38.568   673 29493 E ta      : TAAEC<ERROR> 2520: aec_process_parse_input_info: AEC error: invalid param type: 21
09-01 18:09:38.583   673 29506 E libc    : Access denied finding property "persist.aicamera.needlut"
09-01 18:09:38.597   673 29480 E libc    : Access denied finding property "persist.front.camera.qcom.awb"
09-01 18:09:38.623   673 29468 E         : cpp_thread_handle_process_buf_event, stream_type = 1
09-01 18:09:38.624   673 29468 E libc    : Access denied finding property "disable.cpp.power.collapse"
09-01 18:09:38.624   673 29468 E libc    : Access denied finding property "camera.cpp.dumppreviewpayload"
09-01 18:09:38.628   673 29493 E ta      : TAAEC<ERROR> 2520: aec_process_parse_input_info: AEC error: invalid param type: 21
09-01 18:09:38.642   673 29506 E libc    : Access denied finding property "persist.aicamera.needlut"
09-01 18:09:38.658   673 29480 E libc    : Access denied finding property "persist.front.camera.qcom.awb"
09-01 18:09:38.683   673 29468 E         : cpp_thread_handle_process_buf_event, stream_type = 1
09-01 18:09:38.683   673 29468 E libc    : Access denied finding property "disable.cpp.power.collapse"
09-01 18:09:38.684   673 29468 E libc    : Access denied finding property "camera.cpp.dumppreviewpayload"
09-01 18:09:38.688   673 29493 E ta      : TAAEC<ERROR> 2520: aec_process_parse_input_info: AEC error: invalid param type: 21
09-01 18:09:38.702   673 29506 E libc    : Access denied finding property "persist.aicamera.needlut"
09-01 18:09:38.717   673 29480 E libc    : Access denied finding property "persist.front.camera.qcom.awb"
09-01 18:09:38.743   673 29468 E         : cpp_thread_handle_process_buf_event, stream_type = 1
09-01 18:09:38.744   673 29468 E libc    : Access denied finding property "disable.cpp.power.collapse"
09-01 18:09:38.744   673 29468 E libc    : Access denied finding property "camera.cpp.dumppreviewpayload"
09-01 18:09:38.748   673 29493 E ta      : TAAEC<ERROR> 2520: aec_process_parse_input_info: AEC error: invalid param type: 21
09-01 18:09:38.763   673 29506 E libc    : Access denied finding property "persist.aicamera.needlut"
09-01 18:09:38.779   673 29480 E libc    : Access denied finding property "persist.front.camera.qcom.awb"
09-01 18:09:38.803   673 29468 E         : cpp_thread_handle_process_buf_event, stream_type = 1
09-01 18:09:38.804   673 29468 E libc    : Access denied finding property "disable.cpp.power.collapse"
09-01 18:09:38.805   673 29468 E libc    : Access denied finding property "camera.cpp.dumppreviewpayload"
09-01 18:09:38.808   673 29493 E ta      : TAAEC<ERROR> 2520: aec_process_parse_input_info: AEC error: invalid param type: 21
09-01 18:09:38.824   673 29506 E libc    : Access denied finding property "persist.aicamera.needlut"
09-01 18:09:38.841   673 29480 E libc    : Access denied finding property "persist.front.camera.qcom.awb"
09-01 18:09:38.864   673 29468 E         : cpp_thread_handle_process_buf_event, stream_type = 1
09-01 18:09:38.864   673 29468 E libc    : Access denied finding property "disable.cpp.power.collapse"
09-01 18:09:38.864   673 29468 E libc    : Access denied finding property "camera.cpp.dumppreviewpayload"
09-01 18:09:38.868   673 29493 E ta      : TAAEC<ERROR> 2520: aec_process_parse_input_info: AEC error: invalid param type: 21
09-01 18:09:38.883   673 29506 E libc    : Access denied finding property "persist.aicamera.needlut"
09-01 18:09:38.898   673 29480 E libc    : Access denied finding property "persist.front.camera.qcom.awb"
09-01 18:09:38.923   673 29468 E         : cpp_thread_handle_process_buf_event, stream_type = 1
09-01 18:09:38.924   673 29468 E libc    : Access denied finding property "disable.cpp.power.collapse"
09-01 18:09:38.924   673 29468 E libc    : Access denied finding property "camera.cpp.dumppreviewpayload"
09-01 18:09:38.928   673 29493 E ta      : TAAEC<ERROR> 2520: aec_process_parse_input_info: AEC error: invalid param type: 21
09-01 18:09:38.943   673 29506 E libc    : Access denied finding property "persist.aicamera.needlut"
09-01 18:09:38.959   673 29480 E libc    : Access denied finding property "persist.front.camera.qcom.awb"
09-01 18:09:38.989   673 29468 E         : cpp_thread_handle_process_buf_event, stream_type = 1
09-01 18:09:38.990   673 29468 E libc    : Access denied finding property "disable.cpp.power.collapse"
09-01 18:09:38.990   673 29468 E libc    : Access denied finding property "camera.cpp.dumppreviewpayload"
09-01 18:09:38.991   673 29493 E ta      : TAAEC<ERROR> 2520: aec_process_parse_input_info: AEC error: invalid param type: 21
09-01 18:09:39.013   673 29506 E libc    : Access denied finding property "persist.aicamera.needlut"
09-01 18:09:39.023   673 29480 E libc    : Access denied finding property "persist.front.camera.qcom.awb"
09-01 18:09:39.044   673 29468 E         : cpp_thread_handle_process_buf_event, stream_type = 1
09-01 18:09:39.044   673 29468 E libc    : Access denied finding property "disable.cpp.power.collapse"
09-01 18:09:39.044   673 29468 E libc    : Access denied finding property "camera.cpp.dumppreviewpayload"
09-01 18:09:39.048   673 29493 E ta      : TAAEC<ERROR> 2520: aec_process_parse_input_info: AEC error: invalid param type: 21
09-01 18:09:39.062   673 29506 E libc    : Access denied finding property "persist.aicamera.needlut"
09-01 18:09:39.078   673 29480 E libc    : Access denied finding property "persist.front.camera.qcom.awb"
09-01 18:09:39.105   673 29468 E         : cpp_thread_handle_process_buf_event, stream_type = 1
09-01 18:09:39.105   673 29468 E libc    : Access denied finding property "disable.cpp.power.collapse"
09-01 18:09:39.105   673 29468 E libc    : Access denied finding property "camera.cpp.dumppreviewpayload"
09-01 18:09:39.108   673 29493 E ta      : TAAEC<ERROR> 2520: aec_process_parse_input_info: AEC error: invalid param type: 21
09-01 18:09:39.124   673 29506 E libc    : Access denied finding property "persist.aicamera.needlut"
09-01 18:09:39.140   673 29480 E libc    : Access denied finding property "persist.front.camera.qcom.awb"
09-01 18:09:39.164   673 29468 E         : cpp_thread_handle_process_buf_event, stream_type = 1
09-01 18:09:39.164   673 29468 E libc    : Access denied finding property "disable.cpp.power.collapse"
09-01 18:09:39.164   673 29468 E libc    : Access denied finding property "camera.cpp.dumppreviewpayload"
09-01 18:09:39.169   673 29493 E ta      : TAAEC<ERROR> 2520: aec_process_parse_input_info: AEC error: invalid param type: 21
09-01 18:09:39.183   673 29506 E libc    : Access denied finding property "persist.aicamera.needlut"
09-01 18:09:39.199   673 29480 E libc    : Access denied finding property "persist.front.camera.qcom.awb"
09-01 18:09:39.224   673 29468 E         : cpp_thread_handle_process_buf_event, stream_type = 1
09-01 18:09:39.224   673 29468 E libc    : Access denied finding property "disable.cpp.power.collapse"
09-01 18:09:39.224   673 29468 E libc    : Access denied finding property "camera.cpp.dumppreviewpayload"
09-01 18:09:39.228   673 29493 E ta      : TAAEC<ERROR> 2520: aec_process_parse_input_info: AEC error: invalid param type: 21
09-01 18:09:39.243   673 29506 E libc    : Access denied finding property "persist.aicamera.needlut"
09-01 18:09:39.259   673 29480 E libc    : Access denied finding property "persist.front.camera.qcom.awb"
09-01 18:09:39.284   673 29468 E         : cpp_thread_handle_process_buf_event, stream_type = 1
09-01 18:09:39.285   673 29468 E libc    : Access denied finding property "disable.cpp.power.collapse"
09-01 18:09:39.285   673 29468 E libc    : Access denied finding property "camera.cpp.dumppreviewpayload"
09-01 18:09:39.288   673 29493 E ta      : TAAEC<ERROR> 2520: aec_process_parse_input_info: AEC error: invalid param type: 21
09-01 18:09:39.303   673 29506 E libc    : Access denied finding property "persist.aicamera.needlut"
09-01 18:09:39.330   673 29480 E libc    : Access denied finding property "persist.front.camera.qcom.awb"
09-01 18:09:39.344   673 29468 E         : cpp_thread_handle_process_buf_event, stream_type = 1
09-01 18:09:39.345   673 29468 E libc    : Access denied finding property "disable.cpp.power.collapse"
09-01 18:09:39.345   673 29468 E libc    : Access denied finding property "camera.cpp.dumppreviewpayload"
09-01 18:09:39.348   673 29493 E ta      : TAAEC<ERROR> 2520: aec_process_parse_input_info: AEC error: invalid param type: 21
09-01 18:09:39.363   673 29506 E libc    : Access denied finding property "persist.aicamera.needlut"
09-01 18:09:39.378   673 29480 E libc    : Access denied finding property "persist.front.camera.qcom.awb"
09-01 18:09:39.404   673 29468 E         : cpp_thread_handle_process_buf_event, stream_type = 1
09-01 18:09:39.404   673 29468 E libc    : Access denied finding property "disable.cpp.power.collapse"
09-01 18:09:39.404   673 29468 E libc    : Access denied finding property "camera.cpp.dumppreviewpayload"
09-01 18:09:39.409   673 29493 E ta      : TAAEC<ERROR> 2520: aec_process_parse_input_info: AEC error: invalid param type: 21
09-01 18:09:39.423   673 29506 E libc    : Access denied finding property "persist.aicamera.needlut"
09-01 18:09:39.438   673 29480 E libc    : Access denied finding property "persist.front.camera.qcom.awb"
09-01 18:09:39.464   673 29468 E         : cpp_thread_handle_process_buf_event, stream_type = 1
09-01 18:09:39.464   673 29468 E libc    : Access denied finding property "disable.cpp.power.collapse"
09-01 18:09:39.464   673 29468 E libc    : Access denied finding property "camera.cpp.dumppreviewpayload"
09-01 18:09:39.472   673 29493 E ta      : TAAEC<ERROR> 2520: aec_process_parse_input_info: AEC error: invalid param type: 21
09-01 18:09:39.483   673 29506 E libc    : Access denied finding property "persist.aicamera.needlut"
09-01 18:09:39.498   673 29480 E libc    : Access denied finding property "persist.front.camera.qcom.awb"
09-01 18:09:39.524   673 29468 E         : cpp_thread_handle_process_buf_event, stream_type = 1
09-01 18:09:39.524   673 29468 E libc    : Access denied finding property "disable.cpp.power.collapse"
09-01 18:09:39.525   673 29468 E libc    : Access denied finding property "camera.cpp.dumppreviewpayload"
09-01 18:09:39.529   673 29493 E ta      : TAAEC<ERROR> 2520: aec_process_parse_input_info: AEC error: invalid param type: 21
09-01 18:09:39.544   673 29506 E libc    : Access denied finding property "persist.aicamera.needlut"
09-01 18:09:39.558   673 29480 E libc    : Access denied finding property "persist.front.camera.qcom.awb"
09-01 18:09:39.584   673 29468 E         : cpp_thread_handle_process_buf_event, stream_type = 1
09-01 18:09:39.584   673 29468 E libc    : Access denied finding property "disable.cpp.power.collapse"
09-01 18:09:39.584   673 29468 E libc    : Access denied finding property "camera.cpp.dumppreviewpayload"
09-01 18:09:39.588   673 29493 E ta      : TAAEC<ERROR> 2520: aec_process_parse_input_info: AEC error: invalid param type: 21
09-01 18:09:39.603   673 29506 E libc    : Access denied finding property "persist.aicamera.needlut"
09-01 18:09:39.619   673 29480 E libc    : Access denied finding property "persist.front.camera.qcom.awb"
09-01 18:09:39.644   673 29468 E         : cpp_thread_handle_process_buf_event, stream_type = 1
09-01 18:09:39.644   673 29468 E libc    : Access denied finding property "disable.cpp.power.collapse"
09-01 18:09:39.645   673 29468 E libc    : Access denied finding property "camera.cpp.dumppreviewpayload"
09-01 18:09:39.649   673 29493 E ta      : TAAEC<ERROR> 2520: aec_process_parse_input_info: AEC error: invalid param type: 21
09-01 18:09:39.663   673 29506 E libc    : Access denied finding property "persist.aicamera.needlut"
09-01 18:09:39.678   673 29480 E libc    : Access denied finding property "persist.front.camera.qcom.awb"
09-01 18:09:39.704   673 29468 E         : cpp_thread_handle_process_buf_event, stream_type = 1
09-01 18:09:39.705   673 29468 E libc    : Access denied finding property "disable.cpp.power.collapse"
09-01 18:09:39.705   673 29468 E libc    : Access denied finding property "camera.cpp.dumppreviewpayload"
09-01 18:09:39.709   673 29493 E ta      : TAAEC<ERROR> 2520: aec_process_parse_input_info: AEC error: invalid param type: 21
09-01 18:09:39.723   673 29506 E libc    : Access denied finding property "persist.aicamera.needlut"
09-01 18:09:39.740   673 29480 E libc    : Access denied finding property "persist.front.camera.qcom.awb"
09-01 18:09:39.744 29431 29571 E awcn.GlobalAppRuntimeInfo:   CurrentProcess:cn.missevan:channel TargetProcess:cn.missevan
09-01 18:09:39.751 29431 29571 E awcn.StrategyCenter:  registerListener listener:[]
09-01 18:09:39.764   673 29468 E         : cpp_thread_handle_process_buf_event, stream_type = 1
09-01 18:09:39.765   673 29468 E libc    : Access denied finding property "disable.cpp.power.collapse"
09-01 18:09:39.765   673 29468 E libc    : Access denied finding property "camera.cpp.dumppreviewpayload"
09-01 18:09:39.771   673 29493 E ta      : TAAEC<ERROR> 2520: aec_process_parse_input_info: AEC error: invalid param type: 21
09-01 18:09:39.771 29431 29571 E awcn.Inet64Util:  startIpStackDetect ip stack:1 detectType:udp_connect
09-01 18:09:39.775 29431 29581 E awcn.SessionCenter: |[seq:[default]] onNetworkStatusChanged. networkStatus:WIFI
09-01 18:09:39.790   673 29506 E libc    : Access denied finding property "persist.aicamera.needlut"
09-01 18:09:39.798   673 29480 E libc    : Access denied finding property "persist.front.camera.qcom.awb"
09-01 18:09:39.824   673 29468 E         : cpp_thread_handle_process_buf_event, stream_type = 1
09-01 18:09:39.825   673 29468 E libc    : Access denied finding property "disable.cpp.power.collapse"
09-01 18:09:39.825   673 29468 E libc    : Access denied finding property "camera.cpp.dumppreviewpayload"
09-01 18:09:39.829   673 29493 E ta      : TAAEC<ERROR> 2520: aec_process_parse_input_info: AEC error: invalid param type: 21
09-01 18:09:39.842 29431 29571 E awcn.StrategyCenter:  registerListener listener:[anet.channel.SessionCenter$a@1cc4cd2]
09-01 18:09:39.843   673 29506 E libc    : Access denied finding property "persist.aicamera.needlut"
09-01 18:09:39.858   673 29480 E libc    : Access denied finding property "persist.front.camera.qcom.awb"
09-01 18:09:39.885   673 29468 E         : cpp_thread_handle_process_buf_event, stream_type = 1
09-01 18:09:39.886   673 29468 E libc    : Access denied finding property "disable.cpp.power.collapse"
09-01 18:09:39.886   673 29468 E libc    : Access denied finding property "camera.cpp.dumppreviewpayload"
09-01 18:09:39.890   673 29493 E ta      : TAAEC<ERROR> 2520: aec_process_parse_input_info: AEC error: invalid param type: 21
09-01 18:09:39.905   673 29506 E libc    : Access denied finding property "persist.aicamera.needlut"
09-01 18:09:39.919   673 29480 E libc    : Access denied finding property "persist.front.camera.qcom.awb"
09-01 18:09:39.945   673 29468 E         : cpp_thread_handle_process_buf_event, stream_type = 1
09-01 18:09:39.945   673 29468 E libc    : Access denied finding property "disable.cpp.power.collapse"
09-01 18:09:39.945   673 29468 E libc    : Access denied finding property "camera.cpp.dumppreviewpayload"
09-01 18:09:39.949   673 29493 E ta      : TAAEC<ERROR> 2520: aec_process_parse_input_info: AEC error: invalid param type: 21
09-01 18:09:39.960   673 29460 E libc    : Access denied finding property "videostab_project"
09-01 18:09:39.960   673 29460 E libc    : Access denied finding property "persist.capture.burst.exposures"
09-01 18:09:39.961   673 29460 E libc    : Access denied finding property "persist.tnr.process.plates"
09-01 18:09:39.962   673 29460 E         : mm_camera_module_send_cmd: rc = 0
09-01 18:09:39.964   673 29506 E libc    : Access denied finding property "persist.aicamera.needlut"
09-01 18:09:39.972   673 29460 E libc    : Access denied finding property "videostab_project"
09-01 18:09:39.972   673 29460 E libc    : Access denied finding property "persist.capture.burst.exposures"
09-01 18:09:39.973   673 29460 E libc    : Access denied finding property "persist.tnr.process.plates"
09-01 18:09:39.974   673 29460 E         : mm_camera_module_send_cmd: rc = 0
09-01 18:09:39.980   673 29480 E libc    : Access denied finding property "persist.front.camera.qcom.awb"
09-01 18:09:39.984   673 29460 E libc    : Access denied finding property "videostab_project"
09-01 18:09:39.984   673 29460 E libc    : Access denied finding property "persist.capture.burst.exposures"
09-01 18:09:39.985   673 29460 E libc    : Access denied finding property "persist.tnr.process.plates"
09-01 18:09:39.986   673 29460 E         : mm_camera_module_send_cmd: rc = 0
09-01 18:09:39.995   673 29460 E libc    : Access denied finding property "videostab_project"
09-01 18:09:39.995   673 29460 E libc    : Access denied finding property "persist.capture.burst.exposures"
09-01 18:09:39.995   673 29460 E libc    : Access denied finding property "persist.tnr.process.plates"
09-01 18:09:39.996   673 29460 E         : mm_camera_module_send_cmd: rc = 0
09-01 18:09:40.005   673 29468 E         : cpp_thread_handle_process_buf_event, stream_type = 1
09-01 18:09:40.005   673 29468 E libc    : Access denied finding property "disable.cpp.power.collapse"
09-01 18:09:40.005   673 29468 E libc    : Access denied finding property "camera.cpp.dumppreviewpayload"
09-01 18:09:40.010   673 29493 E ta      : TAAEC<ERROR> 2520: aec_process_parse_input_info: AEC error: invalid param type: 21
09-01 18:09:40.024   673 29506 E libc    : Access denied finding property "persist.aicamera.needlut"
09-01 18:09:40.029   673 29480 E libc    : Access denied finding property "persist.front.camera.qcom.awb"
09-01 18:09:40.059   673 29468 E         : cpp_thread_handle_process_buf_event, stream_type = 1
09-01 18:09:40.059   673 29468 E libc    : Access denied finding property "disable.cpp.power.collapse"
09-01 18:09:40.059   673 29468 E libc    : Access denied finding property "camera.cpp.dumppreviewpayload"
09-01 18:09:40.060   673 29493 E ta      : TAAEC<ERROR> 2520: aec_process_parse_input_info: AEC error: invalid param type: 21
09-01 18:09:40.077   673 29480 E libc    : Access denied finding property "persist.front.camera.qcom.awb"
09-01 18:09:40.080   673 29506 E libc    : Access denied finding property "persist.aicamera.needlut"
09-01 18:09:40.095   673 29468 E         : cpp_thread_handle_process_buf_event, stream_type = 1
09-01 18:09:40.095   673 29468 E libc    : Access denied finding property "disable.cpp.power.collapse"
09-01 18:09:40.095   673 29468 E libc    : Access denied finding property "camera.cpp.dumppreviewpayload"
09-01 18:09:40.099   673 29493 E ta      : TAAEC<ERROR> 2520: aec_process_parse_input_info: AEC error: invalid param type: 21
09-01 18:09:40.113   673 29480 E libc    : Access denied finding property "persist.front.camera.qcom.awb"
09-01 18:09:40.114   673 29506 E libc    : Access denied finding property "persist.aicamera.needlut"
09-01 18:09:40.135   673 29468 E         : cpp_thread_handle_process_buf_event, stream_type = 1
09-01 18:09:40.136   673 29468 E libc    : Access denied finding property "disable.cpp.power.collapse"
09-01 18:09:40.136   673 29468 E libc    : Access denied finding property "camera.cpp.dumppreviewpayload"
09-01 18:09:40.139   673 29493 E ta      : TAAEC<ERROR> 2520: aec_process_parse_input_info: AEC error: invalid param type: 21
09-01 18:09:40.144   673 29493 E libc    : Access denied finding property "persist.front.camera.qcom.awb"
09-01 18:09:40.155   673 29506 E libc    : Access denied finding property "persist.aicamera.needlut"
09-01 18:09:40.168   673 29468 E         : cpp_thread_handle_process_buf_event, stream_type = 1
09-01 18:09:40.168   673 29468 E libc    : Access denied finding property "disable.cpp.power.collapse"
09-01 18:09:40.169   673 29468 E libc    : Access denied finding property "camera.cpp.dumppreviewpayload"
09-01 18:09:40.174   673 29493 E ta      : TAAEC<ERROR> 2520: aec_process_parse_input_info: AEC error: invalid param type: 21
09-01 18:09:40.178   673 29480 E libc    : Access denied finding property "persist.front.camera.qcom.awb"
09-01 18:09:40.187   673 29506 E libc    : Access denied finding property "persist.aicamera.needlut"
09-01 18:09:40.205   673 29468 E         : cpp_thread_handle_process_buf_event, stream_type = 1
09-01 18:09:40.205   673 29468 E libc    : Access denied finding property "disable.cpp.power.collapse"
09-01 18:09:40.206   673 29468 E libc    : Access denied finding property "camera.cpp.dumppreviewpayload"
09-01 18:09:40.206   673 29493 E ta      : TAAEC<ERROR> 2520: aec_process_parse_input_info: AEC error: invalid param type: 21
09-01 18:09:40.214   673 29480 E libc    : Access denied finding property "persist.front.camera.qcom.awb"
09-01 18:09:40.229   673 29506 E libc    : Access denied finding property "persist.aicamera.needlut"
09-01 18:09:40.237   673 29468 E         : cpp_thread_handle_process_buf_event, stream_type = 1
09-01 18:09:40.238   673 29468 E libc    : Access denied finding property "disable.cpp.power.collapse"
09-01 18:09:40.239   673 29468 E libc    : Access denied finding property "camera.cpp.dumppreviewpayload"
09-01 18:09:40.239   673 29493 E ta      : TAAEC<ERROR> 2520: aec_process_parse_input_info: AEC error: invalid param type: 21
09-01 18:09:40.243   673 29480 E libc    : Access denied finding property "persist.front.camera.qcom.awb"
09-01 18:09:40.258   673 29506 E libc    : Access denied finding property "persist.aicamera.needlut"
09-01 18:09:40.268   673 29468 E         : cpp_thread_handle_process_buf_event, stream_type = 1
09-01 18:09:40.268   673 29468 E libc    : Access denied finding property "disable.cpp.power.collapse"
09-01 18:09:40.269   673 29468 E libc    : Access denied finding property "camera.cpp.dumppreviewpayload"
09-01 18:09:40.273  1724  2178 I chatty  : uid=1000(system) AutobacklightTh identical 11 lines
09-01 18:09:40.273   673 29493 E ta      : TAAEC<ERROR> 2520: aec_process_parse_input_info: AEC error: invalid param type: 21
09-01 18:09:40.277   673 29493 E libc    : Access denied finding property "persist.front.camera.qcom.awb"
09-01 18:09:40.287   673 29506 E libc    : Access denied finding property "persist.aicamera.needlut"
09-01 18:09:40.301   673 29468 E         : cpp_thread_handle_process_buf_event, stream_type = 1
09-01 18:09:40.302   673 29468 E libc    : Access denied finding property "disable.cpp.power.collapse"
09-01 18:09:40.302   673 29468 E libc    : Access denied finding property "camera.cpp.dumppreviewpayload"
09-01 18:09:40.307   673 29493 E ta      : TAAEC<ERROR> 2520: aec_process_parse_input_info: AEC error: invalid param type: 21
09-01 18:09:40.311   673 29493 E libc    : Access denied finding property "persist.front.camera.qcom.awb"
09-01 18:09:40.321   673 29506 E libc    : Access denied finding property "persist.aicamera.needlut"
09-01 18:09:40.335   673 29468 E         : cpp_thread_handle_process_buf_event, stream_type = 1
09-01 18:09:40.335   673 29468 E libc    : Access denied finding property "disable.cpp.power.collapse"
09-01 18:09:40.335   673 29468 E libc    : Access denied finding property "camera.cpp.dumppreviewpayload"
09-01 18:09:40.342   673 29493 E ta      : TAAEC<ERROR> 2520: aec_process_parse_input_info: AEC error: invalid param type: 21
09-01 18:09:40.345   673 29493 E libc    : Access denied finding property "persist.front.camera.qcom.awb"
09-01 18:09:40.354   673 29506 E libc    : Access denied finding property "persist.aicamera.needlut"
09-01 18:09:40.368   673 29468 E         : cpp_thread_handle_process_buf_event, stream_type = 1
09-01 18:09:40.369   673 29468 E libc    : Access denied finding property "disable.cpp.power.collapse"
09-01 18:09:40.369   673 29468 E libc    : Access denied finding property "camera.cpp.dumppreviewpayload"
09-01 18:09:40.375   673 29493 E ta      : TAAEC<ERROR> 2520: aec_process_parse_input_info: AEC error: invalid param type: 21
09-01 18:09:40.379   673 29493 E libc    : Access denied finding property "persist.front.camera.qcom.awb"
09-01 18:09:40.387   673 29506 E libc    : Access denied finding property "persist.aicamera.needlut"
09-01 18:09:40.402   673 29468 E         : cpp_thread_handle_process_buf_event, stream_type = 1
09-01 18:09:40.402   673 29468 E libc    : Access denied finding property "disable.cpp.power.collapse"
09-01 18:09:40.402   673 29468 E libc    : Access denied finding property "camera.cpp.dumppreviewpayload"
09-01 18:09:40.411   673 29493 E ta      : TAAEC<ERROR> 2520: aec_process_parse_input_info: AEC error: invalid param type: 21
09-01 18:09:40.413   673 29480 E libc    : Access denied finding property "persist.front.camera.qcom.awb"
09-01 18:09:40.428   673 29506 E libc    : Access denied finding property "persist.aicamera.needlut"
09-01 18:09:40.436   673 29468 E         : cpp_thread_handle_process_buf_event, stream_type = 1
09-01 18:09:40.436   673 29468 E libc    : Access denied finding property "disable.cpp.power.collapse"
09-01 18:09:40.436   673 29468 E libc    : Access denied finding property "camera.cpp.dumppreviewpayload"
09-01 18:09:40.438   673 29460 E libc    : Access denied finding property "videostab_project"
09-01 18:09:40.438   673 29460 E libc    : Access denied finding property "persist.capture.burst.exposures"
09-01 18:09:40.438   673 29460 E libc    : Access denied finding property "persist.tnr.process.plates"
09-01 18:09:40.440   673 29493 E ta      : TAAEC<ERROR> 2520: aec_process_parse_input_info: AEC error: invalid param type: 21
09-01 18:09:40.448   673 29460 E         : mm_camera_module_send_cmd: rc = 0
09-01 18:09:40.449   673 29480 E libc    : Access denied finding property "persist.front.camera.qcom.awb"
09-01 18:09:40.455   673 29460 E libc    : Access denied finding property "videostab_project"
09-01 18:09:40.455   673 29460 E libc    : Access denied finding property "persist.capture.burst.exposures"
09-01 18:09:40.455   673 29460 E libc    : Access denied finding property "persist.tnr.process.plates"
09-01 18:09:40.456   673 29460 E         : mm_camera_module_send_cmd: rc = 0
09-01 18:09:40.461   673 29506 E libc    : Access denied finding property "persist.aicamera.needlut"
09-01 18:09:40.469   673 29468 E         : cpp_thread_handle_process_buf_event, stream_type = 1
09-01 18:09:40.469   673 29468 E libc    : Access denied finding property "disable.cpp.power.collapse"
09-01 18:09:40.469   673 29468 E libc    : Access denied finding property "camera.cpp.dumppreviewpayload"
09-01 18:09:40.474   673 29493 E ta      : TAAEC<ERROR> 2520: aec_process_parse_input_info: AEC error: invalid param type: 21
09-01 18:09:40.478   673 29480 E libc    : Access denied finding property "persist.front.camera.qcom.awb"
09-01 18:09:40.487   673 29506 E libc    : Access denied finding property "persist.aicamera.needlut"
09-01 18:09:40.502   673 29468 E         : cpp_thread_handle_process_buf_event, stream_type = 1
09-01 18:09:40.502   673 29468 E libc    : Access denied finding property "disable.cpp.power.collapse"
09-01 18:09:40.502   673 29468 E libc    : Access denied finding property "camera.cpp.dumppreviewpayload"
09-01 18:09:40.506   673 29493 E ta      : TAAEC<ERROR> 2520: aec_process_parse_input_info: AEC error: invalid param type: 21
09-01 18:09:40.509   673 29480 E libc    : Access denied finding property "persist.front.camera.qcom.awb"
09-01 18:09:40.521   673 29506 E libc    : Access denied finding property "persist.aicamera.needlut"
09-01 18:09:40.535   673 29468 E         : cpp_thread_handle_process_buf_event, stream_type = 1
09-01 18:09:40.535   673 29468 E libc    : Access denied finding property "disable.cpp.power.collapse"
09-01 18:09:40.535   673 29468 E libc    : Access denied finding property "camera.cpp.dumppreviewpayload"
09-01 18:09:40.539   673 29493 E ta      : TAAEC<ERROR> 2520: aec_process_parse_input_info: AEC error: invalid param type: 21
09-01 18:09:40.542   673 29480 E libc    : Access denied finding property "persist.front.camera.qcom.awb"
09-01 18:09:40.554   673 29506 E libc    : Access denied finding property "persist.aicamera.needlut"
09-01 18:09:40.573   673 29468 E         : cpp_thread_handle_process_buf_event, stream_type = 1
09-01 18:09:40.574   673 29468 E libc    : Access denied finding property "disable.cpp.power.collapse"
09-01 18:09:40.574   673 29468 E libc    : Access denied finding property "camera.cpp.dumppreviewpayload"
09-01 18:09:40.575  1724  2184 E DisplayPowerState: run changed=true mNightPearlManager is null! or state != Display.STATE_OFF
09-01 18:09:40.587   673 29493 E ta      : TAAEC<ERROR> 2520: aec_process_parse_input_info: AEC error: invalid param type: 21
09-01 18:09:40.589   673 29493 E libc    : Access denied finding property "persist.front.camera.qcom.awb"
09-01 18:09:40.600   673 29460 E         : mm_camera_module_send_cmd: rc = 0
09-01 18:09:40.607   673 29513 E libc    : Access denied finding property "cpp.set.clock"
09-01 18:09:40.609   673 29468 E         : cpp_thread_handle_process_buf_event, stream_type = 1
09-01 18:09:40.609   673 29468 E libc    : Access denied finding property "disable.cpp.power.collapse"
09-01 18:09:40.609   673 29468 E libc    : Access denied finding property "camera.cpp.dumppreviewpayload"
09-01 18:09:40.611  1724  3767 E ActivityManager: Sending non-protected broadcast com.vivo.gallery.action.POWER_CONNECTED from system 2765:com.vivo.daemonService/1000 pkg com.vivo.daemonService
09-01 18:09:40.622   673 29460 E         : mm_camera_module_send_cmd: rc = 0
09-01 18:09:40.625   673 29479 E         : Jeff: 4890 downstream stream-off done.
09-01 18:09:40.627   673 29479 E libc    : Access denied finding property "cpp.set.clock"
09-01 18:09:40.634   673 29460 E         : mm_camera_module_send_cmd: rc = 0
09-01 18:09:40.645   673 29460 I chatty  : uid=1047(cameraserver) provider@2.4-se identical 31 lines
09-01 18:09:40.645   673 29460 E         : mm_camera_module_send_cmd: rc = 0
09-01 18:09:40.673  1724  3997 E ActivityManager: Sending non-protected broadcast com.android.camera.ACTION_CLOSE_CAMERA from system 28518:com.bbk.facewake/1000 pkg com.bbk.facewake
09-01 18:09:40.674  1724  3997 E ActivityManager: Sending non-protected broadcast com.android.camera.ACTION_CLOSE_CAMERA from system 28518:com.bbk.facewake/1000 pkg com.bbk.facewake
09-01 18:09:40.676  1724  9731 E AudioService: isMotorModeSupportPlayback pkgname is com.vivo.daemonService
09-01 18:09:40.683   671  4200 E msm8916_platform: platform_set_codec_backend_cfg:becf: afe: Could not get ctl for mixer command - INT4_MI2S_RX Format
09-01 18:09:40.683   671  4200 E msm8916_platform: platform_check_backends_match: Invalid snd_device =
09-01 18:09:40.687   671  4200 E ACDB-LOADER: Error: ACDB_CMD_GET_AFE_COMMON_TABLE_SIZE Returned = -19
09-01 18:09:40.687   671  4200 E ACDB-LOADER: Error: ACDB AFE returned = -19
09-01 18:09:40.688   673 22273 E         : mm_camera_module_send_cmd: rc = 0
09-01 18:09:40.689   673 22273 I chatty  : uid=1047(cameraserver) HwBinder:673_4 identical 1 line
09-01 18:09:40.690  1724  3765 E NotificationService: Suppressing notification from package by user request.
09-01 18:09:40.692   673 22273 E         : mm_camera_module_send_cmd: rc = 0
09-01 18:09:40.707   673 22273 E libc    : Access denied finding property "cameradaemon.SaveMemAtBoot"
09-01 18:09:40.709   673 22273 E QCamera2HWI: QCamera2HardwareInterface VivoPostProc will be released: 0xf1854800
09-01 18:09:40.709   673 22273 E         : yyan mm_pp_close, session id = 2
09-01 18:09:40.709   673 22273 E         : yyan vis_stop_session
09-01 18:09:40.710   673 29623 E quadracfa_dummy: inside dummy remosaic_deinit 1
09-01 18:09:40.711   673 22273 E         : yyan vis_stop_session -> vis_pp_module_deinit: done
09-01 18:09:40.711   673 22273 E         : yyan vis_stop_session done
09-01 18:09:40.711   673 22273 E         :  yyan  ppp_util_clsoe_vis_session, error = 1, session id = 2
09-01 18:09:40.714  2786 30757 E libc    : Access denied finding property "vendor.camera.aux.packagelist"
09-01 18:09:40.714  9434  9452 E libc    : Access denied finding property "vendor.camera.aux.packagelist"
09-01 18:09:40.715 13152 13379 E libc    : Access denied finding property "vendor.camera.aux.packagelist"
09-01 18:09:41.076  1724  2178 I chatty  : uid=1000(system) AutobacklightTh identical 2 lines
09-01 18:09:41.223 28857 28913 E UMConfigure: has inited !!!
09-01 18:09:41.318 28857 29657 E NAccs.MsgDistribute:  distribute ready action:com.taobao.accs.intent.action.RECEIVE dataId: serviceId:
09-01 18:09:41.330 28857 29657 E NAccs.MsgDistribute:  handBroadCastMsg command:1
09-01 18:09:41.380 28857 28857 E BackgroundFallback: initVivoBgFallback callstackcom.android.internal.policy.DecorView.<init>:378 com.android.internal.policy.PhoneWindow.generateDecor:2421 com.android.internal.policy.PhoneWindow.installDecor:2800 com.android.internal.policy.PhoneWindow.setContentView:487 com.android.internal.policy.PhoneWindow.setContentView:478 android.app.Dialog.setContentView:603 cn.missevan.utils.VersionUpdater.showUpdateDialog:234 cn.missevan.utils.VersionUpdater.lambda$launchVersionUpdater$6:124 cn.missevan.utils.-$$Lambda$VersionUpdater$Tjvb5znGkKdB0ciQ5I_46JtRpE8.accept:4 io.a.g.d.u.onNext:63
09-01 18:09:41.381 29668 29668 E id.gms.unstabl: Not starting debugger since process cannot load the jdwp agent.
09-01 18:09:41.395  1724  3767 E WindowManager: App trying to use insecure INPUT_FEATURE_NO_INPUT_CHANNEL flag. Ignoring
09-01 18:09:41.443   717  2381 E         : IProducerListener: malformed binder reply
09-01 18:09:41.547 28857 29688 E NAccs.HuaWeiRegister:  register checkDevice false
09-01 18:09:41.549 28857 28999 E NAccs.InAppConn_default:  sendMessage start dataId:1662026981538.7 type:DATA
09-01 18:09:41.552 28857 28999 E awcn.TnetSpdySession: |[seq:umeng:546d7dd7fd98c58fc800082c.AWCN1_1] sendCustomFrame dataId:7 type:200
09-01 18:09:41.553 28857 29688 E mcssdk---: MCS-->isExistPackage NameNotFoundException:com.coloros.mcs
09-01 18:09:41.553 28857 28999 E NAccs.InAppConn_default:  sendMessage end dataId:1662026981538.7 status:true
09-01 18:09:41.614 28857 28946 E awcn.TnetSpdySession: |[seq:umeng:546d7dd7fd98c58fc800082c.AWCN1_1] [spdyCustomControlFrameRecvCallback] len:138 frameCb:com.taobao.accs.net.k@70f8976
09-01 18:09:41.615 28857 28946 E awcn.TnetSpdySession: |[seq:umeng:546d7dd7fd98c58fc800082c.AWCN1_1] str:20 40 0 86 0 84 e0 0 33 59 78 42 73 39 49 48 68 69 4b 51 44 41 46 66 6a 30 4e 61 6a 6d 5a 4e 42 7c 63 6e 2e 6d 69 73 73 65 76 61 6e 7c 41 67 6f 6f 44 65 76 69 63 65 43 6d 64 7c 10 32 7c 41 67 6f 6f 44 65 76 69 63 65 43 6d 64 7c f 31 36 36 32 30 32 36 39 38 31 35 33 38 2e 37 0 0 7b 22 72 65 73 75 6c 74 43 6f 64 65 22 3a 22 73 75 63 63 65 73 73 22 2c 22 63 6d 64 22 3a 22 65 6e 61 62 6c 65 50 75 73 68 22 7d
09-01 18:09:41.615 28857 28946 E NAccs.InAppConn_default:  onDataReceive type:200 dataid:-1
09-01 18:09:41.617 28857 28939 E NAccs.MsgRecv_default:  handleMessage dataId:1662026981538.7 type:DATA reqType:RES resType:NO_ACK target:YxBs9IHhiKQDAFfj0NajmZNB|cn.missevan|AgooDeviceCmd|
09-01 18:09:41.618 28857 28939 E NAccs.MsgDistribute:  distribute ready action:com.taobao.accs.intent.action.RECEIVE dataId:1662026981538.7 serviceId:AgooDeviceCmd
09-01 18:09:41.618 28857 28939 E NAccs.MsgDistribute:  handleBusinessMsg start dataId:1662026981538.7 serviceId:AgooDeviceCmd command:100 t1:0 t2:0 t3:0 t4:0 t5:0 t6:0
09-01 18:09:41.618 28857 28939 E NAccs.MsgDistribute:  handleBusinessMsg start dataId:1662026981538.7 serviceId:AgooDeviceCmd command:100
09-01 18:09:41.618 28857 28939 E NAccs.MsgDistribute:  handleBusinessMsg getListener not null
09-01 18:09:41.619 28857 28939 E NAccs.a :  onReceiveData dataId:1662026981538.7 serviceId:AgooDeviceCmd command:100 className:com.taobao.agoo.a.b
09-01 18:09:41.623 28857 28857 E NAccs.a :  onResponse start dataId:1662026981538.7 serviceId:AgooDeviceCmd
09-01 18:09:41.634 28857 28857 E NAccs.a :  onResponse end dataId:1662026981538.7
09-01 18:09:41.942  2258 18192 I chatty  : uid=1000(system) Binder:2258_D identical 6 lines
09-01 18:09:41.988  2258 18162 I chatty  : uid=1000(system) Binder:2258_C identical 6 lines
09-01 18:09:42.116  2258 18192 I chatty  : uid=1000(system) Binder:2258_D identical 6 lines
09-01 18:09:42.165 29691 29743 I chatty  : uid=10078(com.bbk.updater) push_client_thr identical 2 lines
09-01 18:09:42.176  4305 29635 E btyf    : *~*~*~ Channel {0} was not shutdown properly!!! ~*~*~*
09-01 18:09:42.176  4305 29635 E btyf    :     Make sure to call shutdown()/shutdownNow() and wait until awaitTermination() returns true.
09-01 18:09:42.176  4305 29635 E btyf    : java.lang.RuntimeException: ManagedChannel allocation site
09-01 18:09:42.176  4305 29635 E btyf    : 	at btyg.<init>(:com.google.android.gms@14574037@14.5.74 (100400-219897028):1)
09-01 18:09:42.176  4305 29635 E btyf    : 	at btyf.<init>(:com.google.android.gms@14574037@14.5.74 (100400-219897028):2)
09-01 18:09:42.176  4305 29635 E btyf    : 	at btyf.<init>(:com.google.android.gms@14574037@14.5.74 (100400-219897028):1)
09-01 18:09:42.176  4305 29635 E btyf    : 	at btrc.b(:com.google.android.gms@14574037@14.5.74 (100400-219897028):14)
09-01 18:09:42.176  4305 29635 E btyf    : 	at zdf.a(:com.google.android.gms@14574037@14.5.74 (100400-219897028):7)
09-01 18:09:42.176  4305 29635 E btyf    : 	at zdg.a(:com.google.android.gms@14574037@14.5.74 (100400-219897028):1)
09-01 18:09:42.176  4305 29635 E btyf    : 	at yzu.c(:com.google.android.gms@14574037@14.5.74 (100400-219897028):6)
09-01 18:09:42.176  4305 29635 E btyf    : 	at com.google.android.gms.growth.service.GrowthTaskChimeraService.a(:com.google.android.gms@14574037@14.5.74 (100400-219897028):54)
09-01 18:09:42.176  4305 29635 E btyf    : 	at xxi.run(:com.google.android.gms@14574037@14.5.74 (100400-219897028):5)
09-01 18:09:42.176  4305 29635 E btyf    : 	at qpy.run(:com.google.android.gms@14574037@14.5.74 (100400-219897028):19)
09-01 18:09:42.176  4305 29635 E btyf    : 	at java.util.concurrent.ThreadPoolExecutor.runWorker(ThreadPoolExecutor.java:1167)
09-01 18:09:42.176  4305 29635 E btyf    : 	at java.util.concurrent.ThreadPoolExecutor$Worker.run(ThreadPoolExecutor.java:641)
09-01 18:09:42.176  4305 29635 E btyf    : 	at qvt.run(Unknown Source:7)
09-01 18:09:42.176  4305 29635 E btyf    : 	at java.lang.Thread.run(Thread.java:764)
09-01 18:09:42.688  1724  2178 I chatty  : uid=1000(system) AutobacklightTh identical 8 lines
09-01 18:09:42.872  4305 29712 E SharedPreferences: Bind to SharedPreferencesService interrupted
09-01 18:09:42.951  1724  3765 E NotificationService: Suppressing notification from package by user request.
09-01 18:09:44.037   601   606 E QC-time-services: Receive Passed == base = 13, unit = 1, operation = 2, result = 0
09-01 18:09:44.038   969  1018 E QC-time-services: Daemon: Time-services: Waiting to acceptconnection
09-01 18:09:44.038   969  1018 E QC-time-services: Daemon: Time-services: Waiting to acceptconnection
09-01 18:09:44.843  4305 25926 E constellation: [periodic_consent_checker] Couldn't sync with the server due to
09-01 18:09:44.843  4305 25926 E constellation: rfj: No consent
09-01 18:09:44.843  4305 25926 E constellation: 	at rap.a(:com.google.android.gms@14574037@14.5.74 (100400-219897028):8)
09-01 18:09:44.843  4305 25926 E constellation: 	at rap.a(:com.google.android.gms@14574037@14.5.74 (100400-219897028):14)
09-01 18:09:44.843  4305 25926 E constellation: 	at rap.a(:com.google.android.gms@14574037@14.5.74 (100400-219897028):58)
09-01 18:09:44.843  4305 25926 E constellation: 	at com.google.android.gms.constellation.EventManager.onHandleIntent(:com.google.android.gms@14574037@14.5.74 (100400-219897028):62)
09-01 18:09:44.843  4305 25926 E constellation: 	at com.google.android.chimera.IntentOperation.onHandleIntent(:com.google.android.gms@14574037@14.5.74 (100400-219897028):2)
09-01 18:09:44.843  4305 25926 E constellation: 	at dsg.run(:com.google.android.gms@14574037@14.5.74 (100400-219897028):12)
09-01 18:09:44.843  4305 25926 E constellation: 	at dsd.run(:com.google.android.gms@14574037@14.5.74 (100400-219897028):9)
09-01 18:09:44.843  4305 25926 E constellation: 	at java.util.concurrent.ThreadPoolExecutor.runWorker(ThreadPoolExecutor.java:1167)
09-01 18:09:44.843  4305 25926 E constellation: 	at java.util.concurrent.ThreadPoolExecutor$Worker.run(ThreadPoolExecutor.java:641)
09-01 18:09:44.843  4305 25926 E constellation: 	at java.lang.Thread.run(Thread.java:764)
09-01 18:09:44.892 29431 29584 E NAccs.SilenceConn_default:  connect ip:203.119.205.127 port:80
09-01 18:09:44.892 29431 29584 E NAccs.SilenceConn_default:  connect ip:203.119.205.127 port:443
09-01 18:09:44.893 29431 29584 E NAccs.SilenceConn_default:  connect from amdc succ ip:203.119.205.127 port:80 originPos:0
09-01 18:09:44.893 29431 29584 E NAccs.SilenceConn_default:  connect URL:https://203.119.205.127:80/accs/
09-01 18:09:44.895 29431 29584 E NAccs.SilenceConn_default:  notifyStatus start status:CONNECTING
09-01 18:09:44.896 29431 29584 E NAccs.SilenceConn_default:  connect normal
09-01 18:09:44.958 29431 29578 E NAccs.SilenceConn_default:  spdySessionConnectCB sessionConnectInterval:52 sslTime:2 reuse:0
09-01 18:09:44.971 29431 29578 E NAccs.SilenceConn_default:  auth url:https://203.119.205.127:80/accs/auth?1=YxBs9IHhiKQDAFfj0NajmZNB&2=91634d0be3df47b961868ce72b3925eac008e229e1fb4a3db2de092f457f32d3&3=umeng:546d7dd7fd98c58fc800082c&5=0&6=wifi&7=null&8=221&9=1662026984967&10=1&11=28&12=cn.missevan&13=5.7.3&14=android@umeng&15=vivo+X21A&16=vivo&17=221&19=0&20=
09-01 18:09:45.033 29431 29578 E NAccs.SilenceConn_default:  spdyOnStreamResponse httpStatusCode:200
09-01 18:09:45.034 29431 29578 E NAccs.SilenceConn_default:  notifyStatus start status:CONNECTED
