09-01 18:09:55.127   673 29797 E         : cpp_thread_handle_process_buf_event, stream_type = 1
09-01 18:09:55.127   673 29797 E libc    : Access denied finding property "disable.cpp.power.collapse"
09-01 18:09:55.127   673 29797 E libc    : Access denied finding property "camera.cpp.dumppreviewpayload"
09-01 18:09:55.136   673 29824 E ta      : TAAEC<ERROR> 2520: aec_process_parse_input_info: AEC error: invalid param type: 21
09-01 18:09:55.140   673 29824 E libc    : Access denied finding property "persist.front.camera.qcom.awb"
09-01 18:09:55.147   673 29837 E libc    : Access denied finding property "persist.aicamera.needlut"
09-01 18:09:55.160   673 29797 E         : cpp_thread_handle_process_buf_event, stream_type = 1
09-01 18:09:55.161   673 29797 E libc    : Access denied finding property "disable.cpp.power.collapse"
09-01 18:09:55.161   673 29797 E libc    : Access denied finding property "camera.cpp.dumppreviewpayload"
09-01 18:09:55.165   673 29824 E ta      : TAAEC<ERROR> 2520: aec_process_parse_input_info: AEC error: invalid param type: 21
09-01 18:09:55.177   673 29811 E libc    : Access denied finding property "persist.front.camera.qcom.awb"
09-01 18:09:55.182   673 29837 E libc    : Access denied finding property "persist.aicamera.needlut"
09-01 18:09:55.194   673 29797 E         : cpp_thread_handle_process_buf_event, stream_type = 1
09-01 18:09:55.194   673 29797 E libc    : Access denied finding property "disable.cpp.power.collapse"
09-01 18:09:55.194   673 29797 E libc    : Access denied finding property "camera.cpp.dumppreviewpayload"
09-01 18:09:55.199   673 29824 E ta      : TAAEC<ERROR> 2520: aec_process_parse_input_info: AEC error: invalid param type: 21
09-01 18:09:55.202   673 29811 E libc    : Access denied finding property "persist.front.camera.qcom.awb"
09-01 18:09:55.213   673 29837 E libc    : Access denied finding property "persist.aicamera.needlut"
09-01 18:09:55.228   673 29797 E         : cpp_thread_handle_process_buf_event, stream_type = 1
09-01 18:09:55.228   673 29797 E libc    : Access denied finding property "disable.cpp.power.collapse"
09-01 18:09:55.228   673 29797 E libc    : Access denied finding property "camera.cpp.dumppreviewpayload"
09-01 18:09:55.234   673 29824 E ta      : TAAEC<ERROR> 2520: aec_process_parse_input_info: AEC error: invalid param type: 21
09-01 18:09:55.239   673 29811 E libc    : Access denied finding property "persist.front.camera.qcom.awb"
09-01 18:09:55.248   673 29837 E libc    : Access denied finding property "persist.aicamera.needlut"
09-01 18:09:55.260   673 29797 E         : cpp_thread_handle_process_buf_event, stream_type = 1
09-01 18:09:55.260   673 29797 E libc    : Access denied finding property "disable.cpp.power.collapse"
09-01 18:09:55.261   673 29797 E libc    : Access denied finding property "camera.cpp.dumppreviewpayload"
09-01 18:09:55.265   673 29824 E ta      : TAAEC<ERROR> 2520: aec_process_parse_input_info: AEC error: invalid param type: 21
09-01 18:09:55.269   673 29811 E libc    : Access denied finding property "persist.front.camera.qcom.awb"
09-01 18:09:55.279   673 29837 E libc    : Access denied finding property "persist.aicamera.needlut"
09-01 18:09:55.294   673 29797 E         : cpp_thread_handle_process_buf_event, stream_type = 1
09-01 18:09:55.294   673 29797 E libc    : Access denied finding property "disable.cpp.power.collapse"
09-01 18:09:55.295   673 29797 E libc    : Access denied finding property "camera.cpp.dumppreviewpayload"
09-01 18:09:55.307   673 29824 E ta      : TAAEC<ERROR> 2520: aec_process_parse_input_info: AEC error: invalid param type: 21
09-01 18:09:55.315   673 29837 E libc    : Access denied finding property "persist.aicamera.needlut"
09-01 18:09:55.316   673 29824 E libc    : Access denied finding property "persist.front.camera.qcom.awb"
09-01 18:09:55.322 13770 14382 E memtrack: Couldn't load memtrack module
09-01 18:09:55.327   673 29797 E         : cpp_thread_handle_process_buf_event, stream_type = 1
09-01 18:09:55.328   673 29797 E libc    : Access denied finding property "disable.cpp.power.collapse"
09-01 18:09:55.328   673 29797 E libc    : Access denied finding property "camera.cpp.dumppreviewpayload"
09-01 18:09:55.335   673 29811 E libc    : Access denied finding property "persist.front.camera.qcom.awb"
09-01 18:09:55.348   673 29837 E libc    : Access denied finding property "persist.aicamera.needlut"
09-01 18:09:55.360   673 29797 E         : cpp_thread_handle_process_buf_event, stream_type = 1
09-01 18:09:55.361   673 29797 E libc    : Access denied finding property "disable.cpp.power.collapse"
09-01 18:09:55.361   673 29797 E libc    : Access denied finding property "camera.cpp.dumppreviewpayload"
09-01 18:09:55.369   673 29824 E ta      : TAAEC<ERROR> 2520: aec_process_parse_input_info: AEC error: invalid param type: 21
09-01 18:09:55.375   673 29811 E libc    : Access denied finding property "persist.front.camera.qcom.awb"
09-01 18:09:55.383   673 29837 E libc    : Access denied finding property "persist.aicamera.needlut"
09-01 18:09:55.394   673 29797 E         : cpp_thread_handle_process_buf_event, stream_type = 1
09-01 18:09:55.394   673 29797 E libc    : Access denied finding property "disable.cpp.power.collapse"
09-01 18:09:55.394   673 29797 E libc    : Access denied finding property "camera.cpp.dumppreviewpayload"
09-01 18:09:55.404   673 29824 E ta      : TAAEC<ERROR> 2520: aec_process_parse_input_info: AEC error: invalid param type: 21
09-01 18:09:55.406   673 29824 E libc    : Access denied finding property "persist.front.camera.qcom.awb"
09-01 18:09:55.414   673 29837 E libc    : Access denied finding property "persist.aicamera.needlut"
09-01 18:09:55.427   673 29797 E         : cpp_thread_handle_process_buf_event, stream_type = 1
09-01 18:09:55.427   673 29797 E libc    : Access denied finding property "disable.cpp.power.collapse"
09-01 18:09:55.428   673 29797 E libc    : Access denied finding property "camera.cpp.dumppreviewpayload"
09-01 18:09:55.438   673 29824 E ta      : TAAEC<ERROR> 2520: aec_process_parse_input_info: AEC error: invalid param type: 21
09-01 18:09:55.441   673 29824 E libc    : Access denied finding property "persist.front.camera.qcom.awb"
09-01 18:09:55.447   673 29837 E libc    : Access denied finding property "persist.aicamera.needlut"
09-01 18:09:55.460   673 29797 E         : cpp_thread_handle_process_buf_event, stream_type = 1
09-01 18:09:55.460   673 29797 E libc    : Access denied finding property "disable.cpp.power.collapse"
09-01 18:09:55.461   673 29797 E libc    : Access denied finding property "camera.cpp.dumppreviewpayload"
09-01 18:09:55.473   673 29811 E libc    : Access denied finding property "persist.front.camera.qcom.awb"
09-01 18:09:55.479   673 29837 E libc    : Access denied finding property "persist.aicamera.needlut"
09-01 18:09:55.494   673 29797 E         : cpp_thread_handle_process_buf_event, stream_type = 1
09-01 18:09:55.494   673 29797 E libc    : Access denied finding property "disable.cpp.power.collapse"
09-01 18:09:55.494   673 29797 E libc    : Access denied finding property "camera.cpp.dumppreviewpayload"
09-01 18:09:55.499   673 29824 E ta      : TAAEC<ERROR> 2520: aec_process_parse_input_info: AEC error: invalid param type: 21
09-01 18:09:55.505   673 29811 E libc    : Access denied finding property "persist.front.camera.qcom.awb"
09-01 18:09:55.512   673 29837 E libc    : Access denied finding property "persist.aicamera.needlut"
09-01 18:09:55.527   673 29797 E         : cpp_thread_handle_process_buf_event, stream_type = 1
09-01 18:09:55.527   673 29797 E libc    : Access denied finding property "disable.cpp.power.collapse"
09-01 18:09:55.527   673 29797 E libc    : Access denied finding property "camera.cpp.dumppreviewpayload"
09-01 18:09:55.531   673 29824 E ta      : TAAEC<ERROR> 2520: aec_process_parse_input_info: AEC error: invalid param type: 21
09-01 18:09:55.535   673 29811 E libc    : Access denied finding property "persist.front.camera.qcom.awb"
09-01 18:09:55.545   673 29837 E libc    : Access denied finding property "persist.aicamera.needlut"
09-01 18:09:55.560   673 29797 E         : cpp_thread_handle_process_buf_event, stream_type = 1
09-01 18:09:55.560   673 29797 E libc    : Access denied finding property "disable.cpp.power.collapse"
09-01 18:09:55.560   673 29797 E libc    : Access denied finding property "camera.cpp.dumppreviewpayload"
09-01 18:09:55.565   673 29824 E ta      : TAAEC<ERROR> 2520: aec_process_parse_input_info: AEC error: invalid param type: 21
09-01 18:09:55.571   673 29811 E libc    : Access denied finding property "persist.front.camera.qcom.awb"
09-01 18:09:55.579   673 29837 E libc    : Access denied finding property "persist.aicamera.needlut"
09-01 18:09:55.593   673 29797 E         : cpp_thread_handle_process_buf_event, stream_type = 1
09-01 18:09:55.594   673 29797 E libc    : Access denied finding property "disable.cpp.power.collapse"
09-01 18:09:55.594   673 29797 E libc    : Access denied finding property "camera.cpp.dumppreviewpayload"
09-01 18:09:55.598   673 29824 E ta      : TAAEC<ERROR> 2520: aec_process_parse_input_info: AEC error: invalid param type: 21
09-01 18:09:55.603   673 29811 E libc    : Access denied finding property "persist.front.camera.qcom.awb"
09-01 18:09:55.612   673 29837 E libc    : Access denied finding property "persist.aicamera.needlut"
09-01 18:09:55.627   673 29797 E         : cpp_thread_handle_process_buf_event, stream_type = 1
09-01 18:09:55.627   673 29797 E libc    : Access denied finding property "disable.cpp.power.collapse"
09-01 18:09:55.627   673 29797 E libc    : Access denied finding property "camera.cpp.dumppreviewpayload"
09-01 18:09:55.633   673 29824 E ta      : TAAEC<ERROR> 2520: aec_process_parse_input_info: AEC error: invalid param type: 21
09-01 18:09:55.639   673 29811 E libc    : Access denied finding property "persist.front.camera.qcom.awb"
09-01 18:09:55.645   673 29837 E libc    : Access denied finding property "persist.aicamera.needlut"
09-01 18:09:55.660   673 29797 E         : cpp_thread_handle_process_buf_event, stream_type = 1
09-01 18:09:55.660   673 29797 E libc    : Access denied finding property "disable.cpp.power.collapse"
09-01 18:09:55.660   673 29797 E libc    : Access denied finding property "camera.cpp.dumppreviewpayload"
09-01 18:09:55.665   673 29824 E ta      : TAAEC<ERROR> 2520: aec_process_parse_input_info: AEC error: invalid param type: 21
09-01 18:09:55.668   673 29811 E libc    : Access denied finding property "persist.front.camera.qcom.awb"
09-01 18:09:55.679   673 29837 E libc    : Access denied finding property "persist.aicamera.needlut"
09-01 18:09:55.693   673 29797 E         : cpp_thread_handle_process_buf_event, stream_type = 1
09-01 18:09:55.694   673 29797 E libc    : Access denied finding property "disable.cpp.power.collapse"
09-01 18:09:55.694   673 29797 E libc    : Access denied finding property "camera.cpp.dumppreviewpayload"
09-01 18:09:55.700   673 29824 E ta      : TAAEC<ERROR> 2520: aec_process_parse_input_info: AEC error: invalid param type: 21
09-01 18:09:55.705   673 29811 E libc    : Access denied finding property "persist.front.camera.qcom.awb"
09-01 18:09:55.712   673 29837 E libc    : Access denied finding property "persist.aicamera.needlut"
09-01 18:09:55.727   673 29797 E         : cpp_thread_handle_process_buf_event, stream_type = 1
09-01 18:09:55.727   673 29797 E libc    : Access denied finding property "disable.cpp.power.collapse"
09-01 18:09:55.727   673 29797 E libc    : Access denied finding property "camera.cpp.dumppreviewpayload"
09-01 18:09:55.732   673 29824 E ta      : TAAEC<ERROR> 2520: aec_process_parse_input_info: AEC error: invalid param type: 21
09-01 18:09:55.735   673 29811 E libc    : Access denied finding property "persist.front.camera.qcom.awb"
09-01 18:09:55.745   673 29837 E libc    : Access denied finding property "persist.aicamera.needlut"
09-01 18:09:55.760   673 29797 E         : cpp_thread_handle_process_buf_event, stream_type = 1
09-01 18:09:55.760   673 29797 E libc    : Access denied finding property "disable.cpp.power.collapse"
09-01 18:09:55.760   673 29797 E libc    : Access denied finding property "camera.cpp.dumppreviewpayload"
09-01 18:09:55.766   673 29824 E ta      : TAAEC<ERROR> 2520: aec_process_parse_input_info: AEC error: invalid param type: 21
09-01 18:09:55.772   673 29811 E libc    : Access denied finding property "persist.front.camera.qcom.awb"
09-01 18:09:55.779   673 29837 E libc    : Access denied finding property "persist.aicamera.needlut"
09-01 18:09:55.793   673 29797 E         : cpp_thread_handle_process_buf_event, stream_type = 1
09-01 18:09:55.794   673 29797 E libc    : Access denied finding property "disable.cpp.power.collapse"
09-01 18:09:55.794   673 29797 E libc    : Access denied finding property "camera.cpp.dumppreviewpayload"
09-01 18:09:55.803   673 29824 E ta      : TAAEC<ERROR> 2520: aec_process_parse_input_info: AEC error: invalid param type: 21
09-01 18:09:55.807   673 29824 E libc    : Access denied finding property "persist.front.camera.qcom.awb"
09-01 18:09:55.812   673 29837 E libc    : Access denied finding property "persist.aicamera.needlut"
09-01 18:09:55.827   673 29797 E         : cpp_thread_handle_process_buf_event, stream_type = 1
09-01 18:09:55.827   673 29797 E libc    : Access denied finding property "disable.cpp.power.collapse"
09-01 18:09:55.827   673 29797 E libc    : Access denied finding property "camera.cpp.dumppreviewpayload"
09-01 18:09:55.831   673 29824 E ta      : TAAEC<ERROR> 2520: aec_process_parse_input_info: AEC error: invalid param type: 21
09-01 18:09:55.834   673 29811 E libc    : Access denied finding property "persist.front.camera.qcom.awb"
09-01 18:09:55.846   673 29837 E libc    : Access denied finding property "persist.aicamera.needlut"
09-01 18:09:55.860   673 29797 E         : cpp_thread_handle_process_buf_event, stream_type = 1
09-01 18:09:55.860   673 29797 E libc    : Access denied finding property "disable.cpp.power.collapse"
09-01 18:09:55.860   673 29797 E libc    : Access denied finding property "camera.cpp.dumppreviewpayload"
09-01 18:09:55.864   673 29824 E ta      : TAAEC<ERROR> 2520: aec_process_parse_input_info: AEC error: invalid param type: 21
09-01 18:09:55.868   673 29811 E libc    : Access denied finding property "persist.front.camera.qcom.awb"
09-01 18:09:55.879   673 29837 E libc    : Access denied finding property "persist.aicamera.needlut"
09-01 18:09:55.882  1724  2178 I chatty  : uid=1000(system) AutobacklightTh identical 9 lines
09-01 18:09:55.893   673 29797 E         : cpp_thread_handle_process_buf_event, stream_type = 1
09-01 18:09:55.894   673 29797 E libc    : Access denied finding property "disable.cpp.power.collapse"
09-01 18:09:55.894   673 29797 E libc    : Access denied finding property "camera.cpp.dumppreviewpayload"
09-01 18:09:55.898   673 29824 E ta      : TAAEC<ERROR> 2520: aec_process_parse_input_info: AEC error: invalid param type: 21
09-01 18:09:55.901   673 29811 E libc    : Access denied finding property "persist.front.camera.qcom.awb"
09-01 18:09:55.912   673 29837 E libc    : Access denied finding property "persist.aicamera.needlut"
09-01 18:09:55.927   673 29797 E         : cpp_thread_handle_process_buf_event, stream_type = 1
09-01 18:09:55.927   673 29797 E libc    : Access denied finding property "disable.cpp.power.collapse"
09-01 18:09:55.927   673 29797 E libc    : Access denied finding property "camera.cpp.dumppreviewpayload"
09-01 18:09:55.935   673 29824 E ta      : TAAEC<ERROR> 2520: aec_process_parse_input_info: AEC error: invalid param type: 21
09-01 18:09:55.938   673 29824 E libc    : Access denied finding property "persist.front.camera.qcom.awb"
09-01 18:09:55.945   673 29837 E libc    : Access denied finding property "persist.aicamera.needlut"
09-01 18:09:55.960   673 29797 E         : cpp_thread_handle_process_buf_event, stream_type = 1
09-01 18:09:55.960   673 29797 E libc    : Access denied finding property "disable.cpp.power.collapse"
09-01 18:09:55.960   673 29797 E libc    : Access denied finding property "camera.cpp.dumppreviewpayload"
09-01 18:09:55.967   673 29824 E ta      : TAAEC<ERROR> 2520: aec_process_parse_input_info: AEC error: invalid param type: 21
09-01 18:09:55.970   673 29811 E libc    : Access denied finding property "persist.front.camera.qcom.awb"
09-01 18:09:55.979   673 29837 E libc    : Access denied finding property "persist.aicamera.needlut"
09-01 18:09:55.993   673 29797 E         : cpp_thread_handle_process_buf_event, stream_type = 1
09-01 18:09:55.993   673 29797 E libc    : Access denied finding property "disable.cpp.power.collapse"
09-01 18:09:55.994   673 29797 E libc    : Access denied finding property "camera.cpp.dumppreviewpayload"
09-01 18:09:55.999   673 29824 E ta      : TAAEC<ERROR> 2520: aec_process_parse_input_info: AEC error: invalid param type: 21
09-01 18:09:56.002   673 29824 E libc    : Access denied finding property "persist.front.camera.qcom.awb"
09-01 18:09:56.012   673 29837 E libc    : Access denied finding property "persist.aicamera.needlut"
09-01 18:09:56.027   673 29797 E         : cpp_thread_handle_process_buf_event, stream_type = 1
09-01 18:09:56.027   673 29797 E libc    : Access denied finding property "disable.cpp.power.collapse"
09-01 18:09:56.027   673 29797 E libc    : Access denied finding property "camera.cpp.dumppreviewpayload"
09-01 18:09:56.036   673 29824 E ta      : TAAEC<ERROR> 2520: aec_process_parse_input_info: AEC error: invalid param type: 21
09-01 18:09:56.039   673 29811 E libc    : Access denied finding property "persist.front.camera.qcom.awb"
09-01 18:09:56.045   673 29837 E libc    : Access denied finding property "persist.aicamera.needlut"
09-01 18:09:56.060   673 29797 E         : cpp_thread_handle_process_buf_event, stream_type = 1
09-01 18:09:56.060   673 29797 E libc    : Access denied finding property "disable.cpp.power.collapse"
09-01 18:09:56.060   673 29797 E libc    : Access denied finding property "camera.cpp.dumppreviewpayload"
09-01 18:09:56.064   673 29824 E ta      : TAAEC<ERROR> 2520: aec_process_parse_input_info: AEC error: invalid param type: 21
09-01 18:09:56.070   673 29811 E libc    : Access denied finding property "persist.front.camera.qcom.awb"
09-01 18:09:56.079   673 29837 E libc    : Access denied finding property "persist.aicamera.needlut"
09-01 18:09:56.093   673 29797 E         : cpp_thread_handle_process_buf_event, stream_type = 1
09-01 18:09:56.094   673 29797 E libc    : Access denied finding property "disable.cpp.power.collapse"
09-01 18:09:56.094   673 29797 E libc    : Access denied finding property "camera.cpp.dumppreviewpayload"
09-01 18:09:56.098   673 29824 E ta      : TAAEC<ERROR> 2520: aec_process_parse_input_info: AEC error: invalid param type: 21
09-01 18:09:56.101   673 29811 E libc    : Access denied finding property "persist.front.camera.qcom.awb"
09-01 18:09:56.112   673 29837 E libc    : Access denied finding property "persist.aicamera.needlut"
09-01 18:09:56.127   673 29797 E         : cpp_thread_handle_process_buf_event, stream_type = 1
09-01 18:09:56.127   673 29797 E libc    : Access denied finding property "disable.cpp.power.collapse"
09-01 18:09:56.127   673 29797 E libc    : Access denied finding property "camera.cpp.dumppreviewpayload"
09-01 18:09:56.131   673 29824 E ta      : TAAEC<ERROR> 2520: aec_process_parse_input_info: AEC error: invalid param type: 21
09-01 18:09:56.134   673 29811 E libc    : Access denied finding property "persist.front.camera.qcom.awb"
09-01 18:09:56.145   673 29837 E libc    : Access denied finding property "persist.aicamera.needlut"
09-01 18:09:56.160   673 29797 E         : cpp_thread_handle_process_buf_event, stream_type = 1
09-01 18:09:56.160   673 29797 E libc    : Access denied finding property "disable.cpp.power.collapse"
09-01 18:09:56.160   673 29797 E libc    : Access denied finding property "camera.cpp.dumppreviewpayload"
09-01 18:09:56.164  1724  2184 E DisplayPowerState: run changed=true mNightPearlManager is null! or state != Display.STATE_OFF
09-01 18:09:56.177   673 29824 E ta      : TAAEC<ERROR> 2520: aec_process_parse_input_info: AEC error: invalid param type: 21
09-01 18:09:56.179   673 29824 E libc    : Access denied finding property "persist.front.camera.qcom.awb"
09-01 18:09:56.193   673 29837 E libc    : Access denied finding property "persist.aicamera.needlut"
09-01 18:09:56.193   673 29843 E libc    : Access denied finding property "cpp.set.clock"
09-01 18:09:56.197   673 29797 E         : cpp_thread_handle_process_buf_event, stream_type = 1
09-01 18:09:56.197   673 29797 E libc    : Access denied finding property "disable.cpp.power.collapse"
09-01 18:09:56.197   673 29797 E libc    : Access denied finding property "camera.cpp.dumppreviewpayload"
09-01 18:09:56.200   673 29790 E         : mm_camera_module_send_cmd: rc = 0
09-01 18:09:56.213   673 29824 E ta      : TAAEC<ERROR> 2520: aec_process_parse_input_info: AEC error: invalid param type: 21
09-01 18:09:56.216   673 29824 E libc    : Access denied finding property "persist.front.camera.qcom.awb"
09-01 18:09:56.227   673 29797 E         : cpp_thread_handle_process_buf_event, stream_type = 1
09-01 18:09:56.227   673 29797 E libc    : Access denied finding property "disable.cpp.power.collapse"
09-01 18:09:56.227   673 29797 E libc    : Access denied finding property "camera.cpp.dumppreviewpayload"
09-01 18:09:56.229  1724  3997 E ActivityManager: Sending non-protected broadcast com.vivo.action.KEYGUARD_STATE_CHANGED from system 2404:com.android.systemui/u0a18 pkg com.android.systemui
09-01 18:09:56.230  1724  3997 E ActivityManager: Sending non-protected broadcast com.vivo.action.KEYGUARD_STATE_CHANGED from system 2404:com.android.systemui/u0a18 pkg com.android.systemui
09-01 18:09:56.234   673 29811 E libc    : Access denied finding property "persist.front.camera.qcom.awb"
09-01 18:09:56.236  1724  3997 E ActivityManager: Sending non-protected broadcast com.vivo.action.KEYGUARD_STATE_CHANGED from system 2404:com.android.systemui/u0a18 pkg com.android.systemui
09-01 18:09:56.260   673 29797 E         : cpp_thread_handle_process_buf_event, stream_type = 1
09-01 18:09:56.260   673 29797 E libc    : Access denied finding property "disable.cpp.power.collapse"
09-01 18:09:56.261   673 29797 E libc    : Access denied finding property "camera.cpp.dumppreviewpayload"
09-01 18:09:56.264   673 29824 E ta      : TAAEC<ERROR> 2520: aec_process_parse_input_info: AEC error: invalid param type: 21
09-01 18:09:56.267   673 29811 E libc    : Access denied finding property "persist.front.camera.qcom.awb"
09-01 18:09:56.271 28857 29868 E anet.HorseRaceDetector:  network detect thread start
09-01 18:09:56.293   673 29797 E         : cpp_thread_handle_process_buf_event, stream_type = 1
09-01 18:09:56.294   673 29797 E libc    : Access denied finding property "disable.cpp.power.collapse"
09-01 18:09:56.294   673 29797 E libc    : Access denied finding property "camera.cpp.dumppreviewpayload"
09-01 18:09:56.299   673 29824 E ta      : TAAEC<ERROR> 2520: aec_process_parse_input_info: AEC error: invalid param type: 21
09-01 18:09:56.304   673 29811 E libc    : Access denied finding property "persist.front.camera.qcom.awb"
09-01 18:09:56.327   673 29797 E         : cpp_thread_handle_process_buf_event, stream_type = 1
09-01 18:09:56.327   673 29797 E libc    : Access denied finding property "disable.cpp.power.collapse"
09-01 18:09:56.328   673 29797 E libc    : Access denied finding property "camera.cpp.dumppreviewpayload"
09-01 18:09:56.332   673 29824 E ta      : TAAEC<ERROR> 2520: aec_process_parse_input_info: AEC error: invalid param type: 21
09-01 18:09:56.337   673 29811 E libc    : Access denied finding property "persist.front.camera.qcom.awb"
09-01 18:09:56.360   673 29797 E         : cpp_thread_handle_process_buf_event, stream_type = 1
09-01 18:09:56.361   673 29797 E libc    : Access denied finding property "disable.cpp.power.collapse"
09-01 18:09:56.361   673 29797 E libc    : Access denied finding property "camera.cpp.dumppreviewpayload"
09-01 18:09:56.365   673 29824 E ta      : TAAEC<ERROR> 2520: aec_process_parse_input_info: AEC error: invalid param type: 21
09-01 18:09:56.368   673 29811 E libc    : Access denied finding property "persist.front.camera.qcom.awb"
09-01 18:09:56.394   673 29797 E         : cpp_thread_handle_process_buf_event, stream_type = 1
09-01 18:09:56.395   673 29797 E libc    : Access denied finding property "disable.cpp.power.collapse"
09-01 18:09:56.395   673 29797 E libc    : Access denied finding property "camera.cpp.dumppreviewpayload"
09-01 18:09:56.398   673 29824 E ta      : TAAEC<ERROR> 2520: aec_process_parse_input_info: AEC error: invalid param type: 21
09-01 18:09:56.403   673 29811 E libc    : Access denied finding property "persist.front.camera.qcom.awb"
09-01 18:09:56.431   673 29797 E         : cpp_thread_handle_process_buf_event, stream_type = 1
09-01 18:09:56.432   673 29797 E libc    : Access denied finding property "disable.cpp.power.collapse"
09-01 18:09:56.432   673 29797 E libc    : Access denied finding property "camera.cpp.dumppreviewpayload"
09-01 18:09:56.433   673 29824 E ta      : TAAEC<ERROR> 2520: aec_process_parse_input_info: AEC error: invalid param type: 21
09-01 18:09:56.435   673 29824 E libc    : Access denied finding property "persist.front.camera.qcom.awb"
09-01 18:09:56.449   684   684 E QTI PowerHAL: Failed to acquire lock.
09-01 18:09:56.449   700   700 E touchscreen: Open /sys/touchscreen/gesture_sign_switch failed
09-01 18:09:56.452  1724  2184 E DisplayPowerState: run changed=false mNightPearlManager is null!   or state == Display.STATE_OFF
09-01 18:09:56.456   673 29790 E         : mm_camera_module_send_cmd: rc = 0
09-01 18:09:56.459   673 29810 E         : Jeff: 4890 downstream stream-off done.
09-01 18:09:56.471   673 29810 E libc    : Access denied finding property "cpp.set.clock"
09-01 18:09:56.489   673 29790 E         : mm_camera_module_send_cmd: rc = 0
09-01 18:09:56.497   673 29790 I chatty  : uid=1047(cameraserver) provider@2.4-se identical 8 lines
09-01 18:09:56.497   673 29790 E         : mm_camera_module_send_cmd: rc = 0
09-01 18:09:56.501   717  4080 E         : IProducerListener: malformed binder reply
09-01 18:09:56.503   673 29790 E         : mm_camera_module_send_cmd: rc = 0
09-01 18:09:56.530   673 29790 I chatty  : uid=1047(cameraserver) provider@2.4-se identical 17 lines
09-01 18:09:56.530   673 29790 E         : mm_camera_module_send_cmd: rc = 0
09-01 18:09:56.533   717   933 E         : IProducerListener: malformed binder reply
09-01 18:09:56.539   673 29790 E         : mm_camera_module_send_cmd: rc = 0
09-01 18:09:56.540   673 29790 I chatty  : uid=1047(cameraserver) provider@2.4-se identical 2 lines
09-01 18:09:56.541   673 29790 E         : mm_camera_module_send_cmd: rc = 0
09-01 18:09:56.548  1724  9731 E ActivityManager: Sending non-protected broadcast com.android.camera.ACTION_CLOSE_CAMERA from system 28518:com.bbk.facewake/1000 pkg com.bbk.facewake
09-01 18:09:56.548  1724  9731 E ActivityManager: Sending non-protected broadcast com.android.camera.ACTION_CLOSE_CAMERA from system 28518:com.bbk.facewake/1000 pkg com.bbk.facewake
09-01 18:09:56.568   673 22273 E         : mm_camera_module_send_cmd: rc = 0
09-01 18:09:56.569   673 22273 I chatty  : uid=1047(cameraserver) HwBinder:673_4 identical 1 line
09-01 18:09:56.569   673 22273 E         : mm_camera_module_send_cmd: rc = 0
09-01 18:09:56.590  1724  4404 E ActivityManager: Sending non-protected broadcast com.vivo.shortcutcenter.action.KEYGUARD_CHANGED from system 2786:com.vivo.upslide/1000 pkg com.vivo.upslide
09-01 18:09:56.597  1106  1106 E [gf_ca_entry] : [gx_ta_send_modified_cmd_req] begin, token = 296, cmd_id = 1036
09-01 18:09:56.598  1106  1106 E libc    : Access denied finding property "gf.debug.dump_qseelog_data"
09-01 18:09:56.609  1106  1106 E gf_ca_entry: Qsee log info, log length=2173, logbuf index=2173, log dump level=GF_LOG_DEBUG, g_logdump_level=3
09-01 18:09:56.609  1106  1106 E [GF_HAL][gf_hal_device]: [gf_hal_wake_up] FF send is_need_wake_up = 0
09-01 18:09:56.609  1106  1106 E [gf_ca_entry] : [gx_ta_send_modified_cmd_req] begin, token = 297, cmd_id = 1037
09-01 18:09:56.610  1106  1106 E libc    : Access denied finding property "gf.debug.dump_qseelog_data"
09-01 18:09:56.628  1106  1106 E gf_ca_entry: Qsee log info, log length=2165, logbuf index=2165, log dump level=GF_LOG_DEBUG, g_logdump_level=3
09-01 18:09:56.628  1106  1106 E [GF_HAL][gf_hal_device]: [gf_hal_wake_up] FF send is_need_wake_up = 0
09-01 18:09:56.628  1106  1106 E [gf_ca_entry] : [gx_ta_send_modified_cmd_req] begin, token = 298, cmd_id = 1022
09-01 18:09:56.629  1106  1106 E libc    : Access denied finding property "gf.debug.dump_qseelog_data"
09-01 18:09:56.633   673 22273 E libc    : Access denied finding property "cameradaemon.SaveMemAtBoot"
09-01 18:09:56.636   673 22273 E QCamera2HWI: QCamera2HardwareInterface VivoPostProc will be released: 0xf1854800
09-01 18:09:56.636   673 22273 E         : yyan mm_pp_close, session id = 2
09-01 18:09:56.636   673 22273 E         : yyan vis_stop_session
09-01 18:09:56.638   673 29883 E quadracfa_dummy: inside dummy remosaic_deinit 1
09-01 18:09:56.638   673 22273 E         : yyan vis_stop_session -> vis_pp_module_deinit: done
09-01 18:09:56.638   673 22273 E         : yyan vis_stop_session done
09-01 18:09:56.638   673 22273 E         :  yyan  ppp_util_clsoe_vis_session, error = 1, session id = 2
09-01 18:09:56.644  1106  1106 E gf_ca_entry: Qsee log info, log length=1445, logbuf index=1445, log dump level=GF_LOG_DEBUG, g_logdump_level=3
09-01 18:09:56.644  2786 30757 E libc    : Access denied finding property "vendor.camera.aux.packagelist"
09-01 18:09:56.645  9434  9452 E libc    : Access denied finding property "vendor.camera.aux.packagelist"
09-01 18:09:56.645 13152 13379 E libc    : Access denied finding property "vendor.camera.aux.packagelist"
09-01 18:09:56.692 29041 29057 E missevan:playe: Something went wrong getting fds from adb. Retry!: Success
09-01 18:09:56.692 29271 29288 E .missevan:stat: Something went wrong getting fds from adb. Retry!: Success
09-01 18:09:56.693 29015 29022 E n:player.singl: Something went wrong getting fds from adb. Retry!: Success
09-01 18:09:56.696 29431 29438 E issevan:channe: Something went wrong getting fds from adb. Retry!: Success
09-01 18:09:56.697 28857 28864 E cn.missevan: Something went wrong getting fds from adb. Retry!: Success
09-01 18:09:56.707   717  4080 E         : IProducerListener: malformed binder reply
09-01 18:09:56.734  1724  4404 E NotificationService: Suppressing notification from package by user request.
09-01 18:09:56.795  1724 14890 E ActivityManager: Sending non-protected broadcast com.vivo.shortcutcenter.action.KEYGUARD_CHANGED from system 2786:com.vivo.upslide/1000 pkg com.vivo.upslide
09-01 18:09:56.798   685  2027 E qti_sensors_hal: AmbientLightScene notify_suspend_valid 1
09-01 18:09:56.800   685   891 E qti_sensors_hal: AmbientLightScene processResp: Received SNS_SAM_AMBIENT_LIGHT_SCENE_ENABLE_RESP_V01
09-01 18:09:56.800   685   891 E qti_sensors_hal: AmbientLightScene Got ENABLE response, instance id = 126
09-01 18:09:56.803   685   891 E qti_sensors_hal: AmbientLightScene 20 93 0
09-01 18:09:56.830  1724 14890 E ActivityManager: Sending non-protected broadcast com.vivo.shortcutcenter.action.KEYGUARD_CHANGED from system 2786:com.vivo.upslide/1000 pkg com.vivo.upslide
09-01 18:09:58.190   717   717 E HWComposer: prepare: validate failed for display 0: BadDisplay (2)
09-01 18:09:58.190   717   717 E SurfaceFlinger: prepareFrame for display 0 failed: -75 (Value too large for defined data type)
09-01 18:09:58.192   717   717 E HWComposer: presentAndGetReleaseFences: present failed for display 0: NotValidated (7)
09-01 18:09:58.210   717   717 E HWComposer: prepare: validate failed for display 0: BadDisplay (2)
09-01 18:09:58.210   717   717 E SurfaceFlinger: prepareFrame for display 0 failed: -75 (Value too large for defined data type)
09-01 18:09:58.212   717   717 E HWComposer: presentAndGetReleaseFences: present failed for display 0: NotValidated (7)
09-01 18:09:58.243   717   717 E HWComposer: prepare: validate failed for display 0: BadDisplay (2)
09-01 18:09:58.243   717   717 E SurfaceFlinger: prepareFrame for display 0 failed: -75 (Value too large for defined data type)
09-01 18:09:58.246   717   717 E HWComposer: presentAndGetReleaseFences: present failed for display 0: NotValidated (7)
09-01 18:09:58.277   717   717 E HWComposer: prepare: validate failed for display 0: BadDisplay (2)
09-01 18:09:58.278   717   717 E SurfaceFlinger: prepareFrame for display 0 failed: -75 (Value too large for defined data type)
09-01 18:09:58.282   717   717 E HWComposer: presentAndGetReleaseFences: present failed for display 0: NotValidated (7)
09-01 18:09:58.312   717   717 E HWComposer: prepare: validate failed for display 0: BadDisplay (2)
09-01 18:09:58.312   717   717 E SurfaceFlinger: prepareFrame for display 0 failed: -75 (Value too large for defined data type)
09-01 18:09:58.317   717   717 E HWComposer: presentAndGetReleaseFences: present failed for display 0: NotValidated (7)
09-01 18:09:58.345   717   717 E HWComposer: prepare: validate failed for display 0: BadDisplay (2)
09-01 18:09:58.346   717   717 E SurfaceFlinger: prepareFrame for display 0 failed: -75 (Value too large for defined data type)
09-01 18:09:58.350   717   717 E HWComposer: presentAndGetReleaseFences: present failed for display 0: NotValidated (7)
09-01 18:09:58.379   717   717 E HWComposer: prepare: validate failed for display 0: BadDisplay (2)
09-01 18:09:58.379   717   717 E SurfaceFlinger: prepareFrame for display 0 failed: -75 (Value too large for defined data type)
09-01 18:09:58.383   717   717 E HWComposer: presentAndGetReleaseFences: present failed for display 0: NotValidated (7)
09-01 18:09:58.416   717   717 E HWComposer: prepare: validate failed for display 0: BadDisplay (2)
09-01 18:09:58.416   717   717 E SurfaceFlinger: prepareFrame for display 0 failed: -75 (Value too large for defined data type)
09-01 18:09:58.421   717   717 E HWComposer: presentAndGetReleaseFences: present failed for display 0: NotValidated (7)
09-01 18:09:58.446   717   717 E HWComposer: prepare: validate failed for display 0: BadDisplay (2)
09-01 18:09:58.446   717   717 E SurfaceFlinger: prepareFrame for display 0 failed: -75 (Value too large for defined data type)
09-01 18:09:58.452   717   717 E HWComposer: presentAndGetReleaseFences: present failed for display 0: NotValidated (7)
09-01 18:09:58.479   717   717 E HWComposer: prepare: validate failed for display 0: BadDisplay (2)
09-01 18:09:58.479   717   717 E SurfaceFlinger: prepareFrame for display 0 failed: -75 (Value too large for defined data type)
09-01 18:09:58.483   717   717 E HWComposer: presentAndGetReleaseFences: present failed for display 0: NotValidated (7)
09-01 18:09:58.511   717   717 E HWComposer: prepare: validate failed for display 0: BadDisplay (2)
09-01 18:09:58.511   717   717 E SurfaceFlinger: prepareFrame for display 0 failed: -75 (Value too large for defined data type)
09-01 18:09:58.515   717   717 E HWComposer: presentAndGetReleaseFences: present failed for display 0: NotValidated (7)
09-01 18:09:58.545   717   717 E HWComposer: prepare: validate failed for display 0: BadDisplay (2)
09-01 18:09:58.545   717   717 E SurfaceFlinger: prepareFrame for display 0 failed: -75 (Value too large for defined data type)
09-01 18:09:58.550   717   717 E HWComposer: presentAndGetReleaseFences: present failed for display 0: NotValidated (7)
09-01 18:09:58.580   717   717 E HWComposer: prepare: validate failed for display 0: BadDisplay (2)
09-01 18:09:58.580   717   717 E SurfaceFlinger: prepareFrame for display 0 failed: -75 (Value too large for defined data type)
09-01 18:09:58.586   717   717 E HWComposer: presentAndGetReleaseFences: present failed for display 0: NotValidated (7)
09-01 18:09:58.613   717   717 E HWComposer: prepare: validate failed for display 0: BadDisplay (2)
09-01 18:09:58.613   717   717 E SurfaceFlinger: prepareFrame for display 0 failed: -75 (Value too large for defined data type)
09-01 18:09:58.618   717   717 E HWComposer: presentAndGetReleaseFences: present failed for display 0: NotValidated (7)
09-01 18:09:58.644   717   717 E HWComposer: prepare: validate failed for display 0: BadDisplay (2)
09-01 18:09:58.645   717   717 E SurfaceFlinger: prepareFrame for display 0 failed: -75 (Value too large for defined data type)
09-01 18:09:58.649   717   717 E HWComposer: presentAndGetReleaseFences: present failed for display 0: NotValidated (7)
09-01 18:09:58.677   717   717 E HWComposer: prepare: validate failed for display 0: BadDisplay (2)
09-01 18:09:58.677   717   717 E SurfaceFlinger: prepareFrame for display 0 failed: -75 (Value too large for defined data type)
09-01 18:09:58.682   717   717 E HWComposer: presentAndGetReleaseFences: present failed for display 0: NotValidated (7)
09-01 18:09:58.711   717   717 E HWComposer: prepare: validate failed for display 0: BadDisplay (2)
09-01 18:09:58.711   717   717 E SurfaceFlinger: prepareFrame for display 0 failed: -75 (Value too large for defined data type)
09-01 18:09:58.715   717   717 E HWComposer: presentAndGetReleaseFences: present failed for display 0: NotValidated (7)
09-01 18:09:58.745   717   717 E HWComposer: prepare: validate failed for display 0: BadDisplay (2)
09-01 18:09:58.745   717   717 E SurfaceFlinger: prepareFrame for display 0 failed: -75 (Value too large for defined data type)
09-01 18:09:58.750   717   717 E HWComposer: presentAndGetReleaseFences: present failed for display 0: NotValidated (7)
09-01 18:09:58.777   717   717 E HWComposer: prepare: validate failed for display 0: BadDisplay (2)
09-01 18:09:58.777   717   717 E SurfaceFlinger: prepareFrame for display 0 failed: -75 (Value too large for defined data type)
09-01 18:09:58.782   717   717 E HWComposer: presentAndGetReleaseFences: present failed for display 0: NotValidated (7)
09-01 18:09:58.812   717   717 E HWComposer: prepare: validate failed for display 0: BadDisplay (2)
09-01 18:09:58.812   717   717 E SurfaceFlinger: prepareFrame for display 0 failed: -75 (Value too large for defined data type)
09-01 18:09:58.817   717   717 E HWComposer: presentAndGetReleaseFences: present failed for display 0: NotValidated (7)
09-01 18:09:58.845   717   717 E HWComposer: prepare: validate failed for display 0: BadDisplay (2)
09-01 18:09:58.845   717   717 E SurfaceFlinger: prepareFrame for display 0 failed: -75 (Value too large for defined data type)
09-01 18:09:58.850   717   717 E HWComposer: presentAndGetReleaseFences: present failed for display 0: NotValidated (7)
09-01 18:09:58.877   717   717 E HWComposer: prepare: validate failed for display 0: BadDisplay (2)
09-01 18:09:58.877   717   717 E SurfaceFlinger: prepareFrame for display 0 failed: -75 (Value too large for defined data type)
09-01 18:09:58.880   717   717 E HWComposer: presentAndGetReleaseFences: present failed for display 0: NotValidated (7)
09-01 18:09:58.910   717   717 E HWComposer: prepare: validate failed for display 0: BadDisplay (2)
09-01 18:09:58.911   717   717 E SurfaceFlinger: prepareFrame for display 0 failed: -75 (Value too large for defined data type)
09-01 18:09:58.914   717   717 E HWComposer: presentAndGetReleaseFences: present failed for display 0: NotValidated (7)
09-01 18:09:58.942   717   717 E HWComposer: prepare: validate failed for display 0: BadDisplay (2)
09-01 18:09:58.942   717   717 E SurfaceFlinger: prepareFrame for display 0 failed: -75 (Value too large for defined data type)
09-01 18:09:58.945   717   717 E HWComposer: presentAndGetReleaseFences: present failed for display 0: NotValidated (7)
09-01 18:09:59.207  1724  4404 E NotificationService: Suppressing notification from package by user request.
09-01 18:10:00.006  1724  4404 E ActivityManager: Sending non-protected broadcast android.intent.action.ALARM_KICK_NIGHT_PEARL_0 from system 2765:com.vivo.daemonService/1000 pkg com.vivo.daemonService
09-01 18:10:00.009  1724  4404 E ActivityManager: Sending non-protected broadcast android.intent.action.ALARM_KICK_NIGHT_PEARL_0 from system 2765:com.vivo.daemonService/1000 pkg com.vivo.daemonService
09-01 18:10:01.642  1724  3997 E NotificationService: Suppressing notification from package by user request.
09-01 18:10:08.707 20054 29924 E libc    : Access denied finding property "ro.vendor.vivo.serialno"
09-01 18:10:10.102  1007  1109 E storaged: getDiskStats failed with result NOT_SUPPORTED and size 0
09-01 18:10:25.484 13770 14382 E memtrack: Couldn't load memtrack module
09-01 18:10:28.975  1724  2054 E libc    : Access denied finding property "sys.boot.reason"
09-01 18:10:29.075  1724  2054 E libc    : Access denied finding property "sys.boot.reason"
09-01 18:10:29.089  1724  2184 E DisplayPowerState: run changed=false mNightPearlManager is null! or state != Display.STATE_OFF
09-01 18:10:29.091   684   684 E QTI PowerHAL: Failed to acquire lock.
09-01 18:10:29.222  1724  2184 E DisplayPowerState: run changed=true mNightPearlManager is null! or state != Display.STATE_OFF
09-01 18:10:29.241  1106  1106 E [gf_ca_entry] : [gx_ta_send_modified_cmd_req] begin, token = 299, cmd_id = 1021
09-01 18:10:29.241  1106  1106 E libc    : Access denied finding property "gf.debug.dump_qseelog_data"
09-01 18:10:29.256  1106  1106 E gf_ca_entry: Qsee log info, log length=1661, logbuf index=1661, log dump level=GF_LOG_DEBUG, g_logdump_level=3
09-01 18:10:29.324  4240  4357 E BitmapFactory: Unable to decode stream: java.io.FileNotFoundException: /oem/etc/theme/icons/dynamic_icon/com.android.BBKClock/res/drawable-sw360dp-xxhdpi/clock_hour.png (No such file or directory)
09-01 18:10:29.326  4240  4357 E BitmapFactory: Unable to decode stream: java.io.FileNotFoundException: /oem/etc/theme/icons/dynamic_icon/com.android.BBKClock/res/drawable-sw360dp-xxhdpi/clock_minute.png (No such file or directory)
09-01 18:10:29.345  4240  4357 E BitmapFactory: Unable to decode stream: java.io.FileNotFoundException: /oem/etc/theme/icons/dynamic_icon/com.android.BBKClock/res/drawable-sw360dp-xxhdpi/clock_dial.png (No such file or directory)
09-01 18:10:29.348  4240  4357 E BitmapFactory: Unable to decode stream: java.io.FileNotFoundException: /oem/etc/theme/icons/dynamic_icon/com.android.BBKClock/res/drawable-sw360dp-xxhdpi/clock_dial_center.png (No such file or directory)
09-01 18:10:29.425 29956 29956 E o.aiservice:nl: Not starting debugger since process cannot load the jdwp agent.
09-01 18:10:29.483  1724  2364 E SyncManager: Bind attempt failed - target: ComponentInfo{com.tencent.android.qqdownloader/com.live.sync.YYBLiveSyncService}
09-01 18:10:29.484   704   704 E libc    : Access denied finding property "ro.product.model.bbk"
09-01 18:10:29.562   685   685 E qti_sensors_hal: AmbientLightScene notify_suspend_valid 1
09-01 18:10:29.565   685   891 E qti_sensors_hal: AmbientLightScene processResp: Received SNS_SAM_AMBIENT_LIGHT_SCENE_ENABLE_RESP_V01
09-01 18:10:29.565   685   891 E qti_sensors_hal: AmbientLightScene Got ENABLE response, instance id = 132
09-01 18:10:29.567   685   891 E qti_sensors_hal: AmbientLightScene 20 817 0
09-01 18:10:30.036   685   830 E qti_sensors_hal: saveParameters:maglib_fd open /persist/sensors/maglib_para error
09-01 18:10:30.036   685   830 E qti_sensors_hal: saveParameters:maglib_fd write file
09-01 18:10:30.515  4240  4357 E BitmapFactory: Unable to decode stream: java.io.FileNotFoundException: /oem/etc/theme/icons/dynamic_icon/com.android.BBKClock/res/drawable-sw360dp-xxhdpi/clock_hour.png (No such file or directory)
09-01 18:10:30.516  4240  4357 E BitmapFactory: Unable to decode stream: java.io.FileNotFoundException: /oem/etc/theme/icons/dynamic_icon/com.android.BBKClock/res/drawable-sw360dp-xxhdpi/clock_minute.png (No such file or directory)
09-01 18:10:30.517  4240  4357 E BitmapFactory: Unable to decode stream: java.io.FileNotFoundException: /oem/etc/theme/icons/dynamic_icon/com.android.BBKClock/res/drawable-sw360dp-xxhdpi/clock_dial.png (No such file or directory)
09-01 18:10:30.519  4240  4357 E BitmapFactory: Unable to decode stream: java.io.FileNotFoundException: /oem/etc/theme/icons/dynamic_icon/com.android.BBKClock/res/drawable-sw360dp-xxhdpi/clock_dial_center.png (No such file or directory)
09-01 18:10:33.240 19545 20219 E memtrack: Couldn't load memtrack module
09-01 18:10:34.880  1724  2655 E ActivityManager: Sending non-protected broadcast com.vivo.shortcutcenter.action.KEYGUARD_CHANGED from system 2786:com.vivo.upslide/1000 pkg com.vivo.upslide
09-01 18:10:36.083  1724  2178 I chatty  : uid=1000(system) AutobacklightTh identical 40 lines
09-01 18:10:36.294  1724  2931 E ActivityTrigger: activityResumeTrigger: not whiteListedcn.missevan/cn.missevan.activity.MainActivity/5070300
09-01 18:10:36.319   717   804 E         : IProducerListener: malformed binder reply
09-01 18:10:36.381  1724  9731 E LockSettingsService: Failed to decrypt child profile key
09-01 18:10:36.381  1724  9731 E LockSettingsService: java.security.InvalidKeyException: Only SecretKey is supported
09-01 18:10:36.381  1724  9731 E LockSettingsService: 	at com.android.org.conscrypt.OpenSSLCipher.checkAndSetEncodedKey(OpenSSLCipher.java:462)
09-01 18:10:36.381  1724  9731 E LockSettingsService: 	at com.android.org.conscrypt.OpenSSLCipher.engineInit(OpenSSLCipher.java:296)
09-01 18:10:36.381  1724  9731 E LockSettingsService: 	at javax.crypto.Cipher.tryTransformWithProvider(Cipher.java:2980)
09-01 18:10:36.381  1724  9731 E LockSettingsService: 	at javax.crypto.Cipher.tryCombinations(Cipher.java:2891)
09-01 18:10:36.381  1724  9731 E LockSettingsService: 	at javax.crypto.Cipher$SpiAndProviderUpdater.updateAndGetSpiAndProvider(Cipher.java:2796)
09-01 18:10:36.381  1724  9731 E LockSettingsService: 	at javax.crypto.Cipher.chooseProvider(Cipher.java:773)
09-01 18:10:36.381  1724  9731 E LockSettingsService: 	at javax.crypto.Cipher.init(Cipher.java:1288)
09-01 18:10:36.381  1724  9731 E LockSettingsService: 	at javax.crypto.Cipher.init(Cipher.java:1223)
09-01 18:10:36.381  1724  9731 E LockSettingsService: 	at com.android.server.locksettings.LockSettingsService.getDecryptedPasswordForTiedProfile(LockSettingsService.java:1442)
09-01 18:10:36.381  1724  9731 E LockSettingsService: 	at com.android.server.locksettings.LockSettingsService.unlockChildProfile(LockSettingsService.java:1450)
09-01 18:10:36.381  1724  9731 E LockSettingsService: 	at com.android.server.locksettings.LockSettingsService.unlockUser(LockSettingsService.java:1505)
09-01 18:10:36.381  1724  9731 E LockSettingsService: 	at com.android.server.locksettings.LockSettingsService.spBasedDoVerifyCredential(LockSettingsService.java:2806)
09-01 18:10:36.381  1724  9731 E LockSettingsService: 	at com.android.server.locksettings.LockSettingsService.doVerifyCredential(LockSettingsService.java:2002)
09-01 18:10:36.381  1724  9731 E LockSettingsService: 	at com.android.server.locksettings.LockSettingsService.checkCredential(LockSettingsService.java:1946)
09-01 18:10:36.381  1724  9731 E LockSettingsService: 	at com.android.internal.widget.ILockSettings$Stub.onTransact(ILockSettings.java:165)
09-01 18:10:36.381  1724  9731 E LockSettingsService: 	at android.os.Binder.execTransact(Binder.java:750)
09-01 18:10:36.514   717   933 E         : IProducerListener: malformed binder reply
09-01 18:10:36.608  1724  2656 E ActivityManager: Sending non-protected broadcast com.vivo.action.KEYGUARD_STATE_CHANGED from system 2404:com.android.systemui/u0a18 pkg com.android.systemui
09-01 18:10:36.608  1724  2656 E ActivityManager: Sending non-protected broadcast com.vivo.action.KEYGUARD_STATE_CHANGED from system 2404:com.android.systemui/u0a18 pkg com.android.systemui
09-01 18:10:36.608  1724  4868 E AudioService: isMotorModeSupportPlayback pkgname is com.android.systemui
09-01 18:10:36.610  1724  4868 E ActivityManager: Sending non-protected broadcast com.vivo.action.KEYGUARD_STATE_CHANGED from system 2404:com.android.systemui/u0a18 pkg com.android.systemui
09-01 18:10:36.624   671  4200 E msm8916_platform: platform_set_codec_backend_cfg:becf: afe: Could not get ctl for mixer command - INT4_MI2S_RX Format
09-01 18:10:36.624   671  4200 E msm8916_platform: platform_check_backends_match: Invalid snd_device =
09-01 18:10:36.627   671  4200 E ACDB-LOADER: Error: ACDB_CMD_GET_AFE_COMMON_TABLE_SIZE Returned = -19
09-01 18:10:36.627   671  4200 E ACDB-LOADER: Error: ACDB AFE returned = -19
09-01 18:10:36.672 29431 29438 E issevan:channe: Something went wrong getting fds from adb. Retry!: Connection refused
09-01 18:10:36.672 29015 29022 E n:player.singl: Something went wrong getting fds from adb. Retry!: Connection refused
09-01 18:10:36.672 29271 29288 E .missevan:stat: Something went wrong getting fds from adb. Retry!: Connection refused
09-01 18:10:36.673 29041 29057 E missevan:playe: Something went wrong getting fds from adb. Retry!: Connection refused
09-01 18:10:36.679 28857 28864 E cn.missevan: Something went wrong getting fds from adb. Retry!: Connection refused
09-01 18:10:36.681   717   933 E         : IProducerListener: malformed binder reply
09-01 18:10:36.715   717  2381 E         : IProducerListener: malformed binder reply
09-01 18:10:36.735   717   933 E         : IProducerListener: malformed binder reply
09-01 18:10:36.828   717  2381 E         : IProducerListener: malformed binder reply
09-01 18:10:41.181 20054 30086 E libc    : Access denied finding property "ro.vendor.vivo.serialno"
09-01 18:10:43.385   717   933 E         : IProducerListener: malformed binder reply
09-01 18:10:43.409 28518 30090 E libc    : Access denied finding property "vendor.camera.aux.packagelist"
