09-08 16:13:12.062  1710  5418 I chatty  : uid=1000(system) Binder:1710_13 expire 11 lines
09-08 16:13:12.899   686   686 W qti_sensors_hal: activate: handle is 1, en is 0
09-08 16:13:16.093 32400 32547 D MemoryCeilingMonitor: [handleMemoryCalculate]
09-08 16:13:16.094 32400 32547 D MemoryCeilingMonitor: [calculate] tot: 3310464, max: 268435456, free: 564512, heap: 2745952, per: 0.01022946834564209
09-08 16:13:18.737 32400 32586 D MSF.C.NetConnTag.true: msf can not get ssid
09-08 16:13:18.737 32400 32586 D MSF.C.NetConnTag.true: msf can not get ssid
09-08 16:13:18.738 32400 32586 D MSF.C.NetConnTag.true: encodeRequest cmd: StatSvc.SimpleGet, with version = 11, AppId = 537129683
09-08 16:13:18.738 32400 32586 D MSF.C.NetConnTag.true: pa ok: 21341
09-08 16:13:18.738 32400 32586 D MSF.C.NetConnTag.DualConnContext.true: tryDualConn
09-08 16:13:18.739  1710  5418 I PackageManager: ### pkg:Package{8fc1a39 com.tencent.mobileqq}
09-08 16:13:18.742 32400 32586 D MSF.C.NetConnTag.true: netSend ssoSeq:21341 uin:*6236 cmd:GTcxIAkuJnQZKj0kNj0CPz4 21449 b0f41bd socketEngineID: 0 socket: 185549245
09-08 16:13:18.764  1710  2037 I PackageManager: ### pkg:Package{483f925 com.vivo.aiengine}
09-08 16:13:18.768 32400 32616 D MSF.C.NetConnTag.true: netRecv ssoSeq:21341 uin:*6236 cmd:GTcxIAkuJnQZKj0kNj0CPz4 21461 cross:0 socketEngineID: 0 socket: 185549245
09-08 16:13:18.814 32400 32562 I wlogin_sdk[P:1]: GetLocalTicket appid 16 type 0x40
09-08 16:13:18.815 32400 32562 I wlogin_sdk[P:151]: get_all_siginfo in mem
09-08 16:13:18.815 32400 32562 I wlogin_sdk[P:2]: WUserSigInfo::get_clone 1662605473
09-08 16:13:18.816 32400 32562 I wlogin_sdk[P:9]: skey in sigInfo Mk***3F
09-08 16:13:18.816 32400 32562 I wlogin_sdk[P:12]: GetUserSigInfoTicket type:0x40 sig:72 key:16 create time:1662603595 expire time:1665022795
09-08 16:13:18.816 32400 32562 I wlogin_sdk[P:13]:
09-08 16:13:18.817 32400 32562 I wlogin_sdk[P:1]: GetLocalTicket appid 16 type 0x40000
09-08 16:13:18.817 32400 32562 I wlogin_sdk[P:151]: get_all_siginfo in mem
09-08 16:13:18.817 32400 32562 I wlogin_sdk[P:2]: WUserSigInfo::get_clone 1662605473
09-08 16:13:18.818 32400 32562 I wlogin_sdk[P:9]: skey in sigInfo Mk***3F
09-08 16:13:18.818 32400 32562 I wlogin_sdk[P:12]: GetUserSigInfoTicket type:0x40000 sig:64 key:16 create time:1662500465 expire time:1664228465
09-08 16:13:18.818 32400 32562 I wlogin_sdk[P:13]:
09-08 16:13:18.819  1004  3051 E Netd    : tether checkPermission, pid:1710 uid:1000
09-08 16:13:18.819 32400 32562 I wlogin_sdk[P:1]: GetLocalTicket appid 16 type 0x1000
09-08 16:13:18.820 32400 32562 I wlogin_sdk[P:151]: get_all_siginfo in mem
09-08 16:13:18.820 32400 32562 I wlogin_sdk[P:2]: WUserSigInfo::get_clone 1662605473
09-08 16:13:18.821 32400 32562 I wlogin_sdk[P:9]: skey in sigInfo Mk***3F
09-08 16:13:18.822 32400 32562 I wlogin_sdk[P:12]: GetUserSigInfoTicket type:0x1000 sig:10 key:0 create time:1662603595 expire time:1662689995
09-08 16:13:18.822 32400 32562 I wlogin_sdk[P:13]: skey:Mk***3F
09-08 16:13:18.823 32400 32562 I wlogin_sdk[P:1]: GetLocalTicket appid 16 type 0x20
09-08 16:13:18.823 32400 32562 I wlogin_sdk[P:151]: get_all_siginfo in mem
09-08 16:13:18.824 32400 32562 I wlogin_sdk[P:2]: WUserSigInfo::get_clone 1662605473
09-08 16:13:18.824 32400 32562 I wlogin_sdk[P:9]: skey in sigInfo Mk***3F
09-08 16:13:18.824 32400 32562 I wlogin_sdk[P:12]: GetUserSigInfoTicket type:0x20 sig:64 key:0 create time:1662603595 expire time:1662610795
09-08 16:13:18.825 32400 32562 I wlogin_sdk[P:13]:
09-08 16:13:18.825 32400 32562 I wlogin_sdk[P:1]: GetLocalTicket appid 16 type 0x100000
09-08 16:13:18.825 32400 32562 I wlogin_sdk[P:151]: get_all_siginfo in mem
09-08 16:13:18.826 32400 32562 I wlogin_sdk[P:2]: WUserSigInfo::get_clone 1662605473
09-08 16:13:18.826 32400 32562 I wlogin_sdk[P:9]: skey in sigInfo Mk***3F
09-08 16:13:18.826 32400 32562 I wlogin_sdk[P:12]: GetUserSigInfoTicket type:0x100000 sig:44 key:0 create time:1662603595 expire time:1662689995
09-08 16:13:18.827 32400 32562 I wlogin_sdk[P:13]:
09-08 16:13:18.827 32400 32562 I wlogin_sdk[P:1]: GetLocalTicket appid 16 type 0x1000
09-08 16:13:18.827 32400 32562 I wlogin_sdk[P:151]: get_all_siginfo in mem
09-08 16:13:18.829 32400 32562 I wlogin_sdk[P:2]: WUserSigInfo::get_clone 1662605473
09-08 16:13:18.829 32400 32562 I wlogin_sdk[P:9]: skey in sigInfo Mk***3F
09-08 16:13:18.829 32400 32562 I wlogin_sdk[P:12]: GetUserSigInfoTicket type:0x1000 sig:10 key:0 create time:1662603595 expire time:1662689995
09-08 16:13:18.830 32400 32562 I wlogin_sdk[P:13]: skey:Mk***3F
09-08 16:13:18.830 32400 32562 I wlogin_sdk[P:1]: GetLocalTicket appid 16 type 0x20
09-08 16:13:18.831 32400 32562 I wlogin_sdk[P:151]: get_all_siginfo in mem
09-08 16:13:18.831 32400 32562 I wlogin_sdk[P:2]: WUserSigInfo::get_clone 1662605473
09-08 16:13:18.832 32400 32562 I wlogin_sdk[P:9]: skey in sigInfo Mk***3F
09-08 16:13:18.832 32400 32562 I wlogin_sdk[P:12]: GetUserSigInfoTicket type:0x20 sig:64 key:0 create time:1662603595 expire time:1662610795
09-08 16:13:18.832 32400 32562 I wlogin_sdk[P:13]:
09-08 16:13:18.833 32400 32562 I wlogin_sdk[P:1]: GetLocalTicket appid 16 type 0x100000
09-08 16:13:18.833 32400 32562 I wlogin_sdk[P:151]: get_all_siginfo in mem
09-08 16:13:18.834 32400 32562 I wlogin_sdk[P:2]: WUserSigInfo::get_clone 1662605473
09-08 16:13:18.834 32400 32562 I wlogin_sdk[P:9]: skey in sigInfo Mk***3F
09-08 16:13:18.834 32400 32562 I wlogin_sdk[P:12]: GetUserSigInfoTicket type:0x100000 sig:44 key:0 create time:1662603595 expire time:1662689995
09-08 16:13:18.834 32400 32562 I wlogin_sdk[P:13]:
09-08 16:13:18.835 32400 32562 I wlogin_sdk[P:1]: GetLocalTicket appid 16 type 0x100000
09-08 16:13:18.835 32400 32562 I wlogin_sdk[P:151]: get_all_siginfo in mem
09-08 16:13:18.836 32400 32562 I wlogin_sdk[P:2]: WUserSigInfo::get_clone 1662605473
09-08 16:13:18.836 32400 32562 I wlogin_sdk[P:9]: skey in sigInfo Mk***3F
09-08 16:13:18.836 32400 32562 I wlogin_sdk[P:12]: GetUserSigInfoTicket type:0x100000 sig:44 key:0 create time:1662603595 expire time:1662689995
09-08 16:13:18.836 32400 32562 I wlogin_sdk[P:13]:
09-08 16:13:18.837 32400 32562 D MSF.C.TokenChecker: checkToken for *6826 now: 1662624798814 lastCheckWebviewKeyTime: 1662603595000 needChangeToken: false isInstant:true
09-08 16:13:18.837 32400 32562 I wlogin_sdk[P:1]: GetLocalTicket appid 16 type 0x40
09-08 16:13:18.837 32400 32562 I wlogin_sdk[P:151]: get_all_siginfo in mem
09-08 16:13:18.838 32400 32562 I wlogin_sdk[P:2]: WUserSigInfo::get_clone 1662605253
09-08 16:13:18.838 32400 32562 I wlogin_sdk[P:9]: skey in sigInfo MO***Y9
09-08 16:13:18.838 32400 32562 I wlogin_sdk[P:12]: GetUserSigInfoTicket type:0x40 sig:72 key:16 create time:1662605258 expire time:1665024458
09-08 16:13:18.839 32400 32562 I wlogin_sdk[P:13]:
09-08 16:13:18.839 32400 32562 I wlogin_sdk[P:1]: GetLocalTicket appid 16 type 0x40000
09-08 16:13:18.839 32400 32562 I wlogin_sdk[P:151]: get_all_siginfo in mem
09-08 16:13:18.840 32400 32562 I wlogin_sdk[P:2]: WUserSigInfo::get_clone 1662605253
09-08 16:13:18.840 32400 32562 I wlogin_sdk[P:9]: skey in sigInfo MO***Y9
09-08 16:13:18.842 32400 32562 I wlogin_sdk[P:12]: GetUserSigInfoTicket type:0x40000 sig:64 key:16 create time:1662500464 expire time:1664228464
09-08 16:13:18.842 32400 32562 I wlogin_sdk[P:13]:
09-08 16:13:18.843 32400 32562 I wlogin_sdk[P:1]: GetLocalTicket appid 16 type 0x1000
09-08 16:13:18.843 32400 32562 I wlogin_sdk[P:151]: get_all_siginfo in mem
09-08 16:13:18.843 32400 32562 I wlogin_sdk[P:2]: WUserSigInfo::get_clone 1662605253
09-08 16:13:18.844 32400 32562 I wlogin_sdk[P:9]: skey in sigInfo MO***Y9
09-08 16:13:18.844 32400 32562 I wlogin_sdk[P:12]: GetUserSigInfoTicket type:0x1000 sig:10 key:0 create time:1662605258 expire time:1662691658
09-08 16:13:18.844 32400 32562 I wlogin_sdk[P:13]: skey:MO***Y9
09-08 16:13:18.845 32400 32562 I wlogin_sdk[P:1]: GetLocalTicket appid 16 type 0x20
09-08 16:13:18.845 32400 32562 I wlogin_sdk[P:151]: get_all_siginfo in mem
09-08 16:13:18.845 32400 32562 I wlogin_sdk[P:2]: WUserSigInfo::get_clone 1662605253
09-08 16:13:18.846 32400 32562 I wlogin_sdk[P:9]: skey in sigInfo MO***Y9
09-08 16:13:18.846 32400 32562 I wlogin_sdk[P:12]: GetUserSigInfoTicket type:0x20 sig:64 key:0 create time:1662605258 expire time:1662612458
09-08 16:13:18.846 32400 32562 I wlogin_sdk[P:13]:
09-08 16:13:18.847 32400 32562 I wlogin_sdk[P:1]: GetLocalTicket appid 16 type 0x100000
09-08 16:13:18.847 32400 32562 I wlogin_sdk[P:151]: get_all_siginfo in mem
09-08 16:13:18.849 32400 32562 I wlogin_sdk[P:2]: WUserSigInfo::get_clone 1662605253
09-08 16:13:18.849 32400 32562 I wlogin_sdk[P:9]: skey in sigInfo MO***Y9
09-08 16:13:18.850 32400 32562 I wlogin_sdk[P:12]: GetUserSigInfoTicket type:0x100000 sig:44 key:0 create time:1662605258 expire time:1662691658
09-08 16:13:18.850 32400 32562 I wlogin_sdk[P:13]:
09-08 16:13:18.851 32400 32562 I wlogin_sdk[P:1]: GetLocalTicket appid 16 type 0x1000
09-08 16:13:18.851 32400 32562 I wlogin_sdk[P:151]: get_all_siginfo in mem
09-08 16:13:18.852 32400 32562 I wlogin_sdk[P:2]: WUserSigInfo::get_clone 1662605253
09-08 16:13:18.852 32400 32562 I wlogin_sdk[P:9]: skey in sigInfo MO***Y9
09-08 16:13:18.853 32400 32562 I wlogin_sdk[P:12]: GetUserSigInfoTicket type:0x1000 sig:10 key:0 create time:1662605258 expire time:1662691658
09-08 16:13:18.853 32400 32562 I wlogin_sdk[P:13]: skey:MO***Y9
09-08 16:13:18.853 32400 32562 I wlogin_sdk[P:1]: GetLocalTicket appid 16 type 0x20
09-08 16:13:18.854 32400 32562 I wlogin_sdk[P:151]: get_all_siginfo in mem
09-08 16:13:18.854 32400 32562 I wlogin_sdk[P:2]: WUserSigInfo::get_clone 1662605253
09-08 16:13:18.855 32400 32562 I wlogin_sdk[P:9]: skey in sigInfo MO***Y9
09-08 16:13:18.855 32400 32562 I wlogin_sdk[P:12]: GetUserSigInfoTicket type:0x20 sig:64 key:0 create time:1662605258 expire time:1662612458
09-08 16:13:18.855 32400 32562 I wlogin_sdk[P:13]:
09-08 16:13:18.856 32400 32562 I wlogin_sdk[P:1]: GetLocalTicket appid 16 type 0x100000
09-08 16:13:18.856 32400 32562 I wlogin_sdk[P:151]: get_all_siginfo in mem
09-08 16:13:18.857 32400 32562 I wlogin_sdk[P:2]: WUserSigInfo::get_clone 1662605253
09-08 16:13:18.857 32400 32562 I wlogin_sdk[P:9]: skey in sigInfo MO***Y9
09-08 16:13:18.857 32400 32562 I wlogin_sdk[P:12]: GetUserSigInfoTicket type:0x100000 sig:44 key:0 create time:1662605258 expire time:1662691658
09-08 16:13:18.858 32400 32562 I wlogin_sdk[P:13]:
09-08 16:13:18.858 32400 32562 I wlogin_sdk[P:1]: GetLocalTicket appid 16 type 0x100000
09-08 16:13:18.859 32400 32562 I wlogin_sdk[P:151]: get_all_siginfo in mem
09-08 16:13:18.859 32400 32562 I wlogin_sdk[P:2]: WUserSigInfo::get_clone 1662605253
09-08 16:13:18.860 32400 32562 I wlogin_sdk[P:9]: skey in sigInfo MO***Y9
09-08 16:13:18.860 32400 32562 I wlogin_sdk[P:12]: GetUserSigInfoTicket type:0x100000 sig:44 key:0 create time:1662605258 expire time:1662691658
09-08 16:13:18.860 32400 32562 I wlogin_sdk[P:13]:
09-08 16:13:18.862 32400 32562 D MSF.C.TokenChecker: checkToken for *6236 now: 1662624798814 lastCheckWebviewKeyTime: 1662605258000 needChangeToken: false isInstant:true
09-08 16:13:19.004 32400 32524 I PERF_LOG: GC.happened gc!!!!!!!!!, 69910 ms interval from last time
09-08 16:13:22.192  2258  7266 W ContextImpl: Calling a method in the system process without a qualified user: android.app.ContextImpl.sendBroadcast:1024 android.content.ContextWrapper.sendBroadcast:444 com.vivo.idlemonitor.MonitorService.a:262 com.vivo.idlemonitor.MonitorService.a:28 com.vivo.idlemonitor.MonitorService$1.handleMessage:108
09-08 16:13:22.194  1710  2256 I PackageManager: ### pkg:Package{c7cee18 com.bbk.appstore}
09-08 16:13:22.197  1710  1839 D ActivityManager: StartMode packageName = com.bbk.appstore ,callingPid = -1 ,alwaysRestrict = true ,startMode = 2 ,UidRec:UidRecord{e88744d u0a98 CEM  bg:+8h11m33s845ms idle change:cached procs:3 seq(0,0,0)}
09-08 16:13:22.202  2258  7266 W ContextImpl: Calling a method in the system process without a qualified user: android.app.ContextImpl.sendBroadcast:1024 android.content.ContextWrapper.sendBroadcast:444 com.vivo.idlemonitor.MonitorService.a:269 com.vivo.idlemonitor.MonitorService.a:28 com.vivo.idlemonitor.MonitorService$1.handleMessage:108
09-08 16:13:22.224  1710  2256 I PackageManager: ### pkg:Package{297319a com.vivo.game}
09-08 16:13:22.226  1710  5422 D ActivityManager: StartMode packageName = com.vivo.game ,callingPid = -1 ,alwaysRestrict = true ,startMode = 2 ,UidRec:UidRecord{dd1a074 u0a119 CEM  idle change:cached procs:1 seq(0,0,0)}
09-08 16:13:22.227  1710  5422 I chatty  : uid=1000(system) Binder:1710_15 expire 10 lines
09-08 16:13:25.026  1007  1186 E storaged: getDiskStats failed with result NOT_SUPPORTED and size 0
09-08 16:13:26.104 32400 32547 D MemoryCeilingMonitor: [handleMemoryCalculate]
09-08 16:13:26.105 32400 32547 D MemoryCeilingMonitor: [calculate] tot: 3578965, max: 268435456, free: 795765, heap: 2783200, per: 0.0103682279586792
09-08 16:13:31.420 24110 11362 E memtrack: Couldn't load memtrack module
09-08 16:13:31.420 24110 11362 W android.os.Debug: failed to get memory consumption info: -1
09-08 16:13:33.473  1710  5422 W ActivityManager: Unable to start service Intent { act=android.security.IKeyChainService cmp=com.android.keychain/.KeyChainService } U=999: not found
09-08 16:13:33.474  2389 11364 I SecurityController: java.lang.AssertionError: could not bind to KeyChainService
09-08 16:13:36.117 32400 32547 D MemoryCeilingMonitor: [handleMemoryCalculate]
09-08 16:13:36.118 32400 32547 D MemoryCeilingMonitor: [calculate] tot: 3578965, max: 268435456, free: 762853, heap: 2816112, per: 0.010490834712982178
09-08 16:13:36.324  2389  2389 D KeyguardUpdateMonitor: handleTimeUpdate
09-08 16:13:38.962   673   673 D vendor.qti.bluetooth@1.0-ibs_handler: SerialClockVote: vote for UART CLK ON
09-08 16:13:38.968   673   673 D vendor.qti.bluetooth@1.0-wake_lock: Acquire wakelock is acquired
09-08 16:13:38.968   673   673 I vendor.qti.bluetooth@1.0-ibs_handler: DeviceWakeUp: Writing IBS_WAKE_IND
09-08 16:13:38.970   673  5863 I vendor.qti.bluetooth@1.0-ibs_handler: ProcessIbsCmd: Received IBS_WAKE_ACK: 0xFC
09-08 16:13:38.971   673  5863 I vendor.qti.bluetooth@1.0-ibs_handler: ProcessIbsCmd: Received IBS_WAKE_IND: 0xFD
09-08 16:13:38.971   673  5863 I vendor.qti.bluetooth@1.0-ibs_handler: ProcessIbsCmd: Writing IBS_WAKE_ACK
09-08 16:13:39.017   673  5863 I vendor.qti.bluetooth@1.0-ibs_handler: ProcessIbsCmd: Received IBS_SLEEP_IND: 0xFE
09-08 16:13:39.976   673  5866 I vendor.qti.bluetooth@1.0-ibs_handler: DeviceSleep: TX Awake, Sending SLEEP_IND
09-08 16:13:39.976   673  5866 D vendor.qti.bluetooth@1.0-ibs_handler: SerialClockVote: vote for UART CLK OFF
09-08 16:13:40.127   673  5827 D vendor.qti.bluetooth@1.0-wake_lock: Release wakelock is released
09-08 16:13:46.129 32400 32547 D MemoryCeilingMonitor: [handleMemoryCalculate]
09-08 16:13:46.130 32400 32547 D MemoryCeilingMonitor: [calculate] tot: 3578965, max: 268435456, free: 729941, heap: 2849024, per: 0.010613441467285156
09-08 16:13:53.530  2713  3513 I chatty  : uid=1000(system) Timer-0 expire 18 lines
09-08 16:13:56.142 32400 32547 D MemoryCeilingMonitor: [handleMemoryCalculate]
09-08 16:13:56.142 32400 32547 D MemoryCeilingMonitor: [calculate] tot: 3578965, max: 268435456, free: 697029, heap: 2881936, per: 0.010736048221588135
09-08 16:13:59.901  2389  2389 D KeyguardUpdateMonitor: received broadcast android.intent.action.BATTERY_CHANGED
09-08 16:13:59.902  2389  2389 D KeyguardUpdateMonitor: handleBatteryUpdate
09-08 16:13:59.911  2762  2762 D QtiCarrierConfigHelper: WARNING, no carrier configs on phone Id: 0
09-08 16:13:59.914  1710  5524 I chatty  : uid=1000(system) IzatProvider expire 12 lines
09-08 16:13:59.915   693   693 V LocSvc_HIDL_IzatSubscription: [batteryLevelUpdate][777] [HS] <<<<= [HC]
09-08 16:13:59.944 26201 26201 D MainImeServiceDel: mHandler = 201
09-08 16:13:59.947  1710  5422 I chatty  : uid=1000(system) Binder:1710_15 expire 9 lines
09-08 16:13:59.947  1710  2256 I chatty  : uid=1000(system) Binder:1710_4 expire 14 lines
09-08 16:14:00.569 32400 32562 D WorkerThreadMonitor: Kill MSF check result[ senderSize:0,sendInterval:41827,receiveInterval=11713,addCmdCount=954
09-08 16:14:03.507  1710  2256 W ActivityManager: Unable to start service Intent { act=android.security.IKeyChainService cmp=com.android.keychain/.KeyChainService } U=999: not found
09-08 16:14:03.508  2389 11369 I SecurityController: java.lang.AssertionError: could not bind to KeyChainService
09-08 16:14:06.152 32400 32547 D MemoryCeilingMonitor: [handleMemoryCalculate]
09-08 16:14:06.153 32400 32547 D MemoryCeilingMonitor: [calculate] tot: 3578965, max: 268435456, free: 664037, heap: 2914928, per: 0.01085895299911499
09-08 16:14:16.164 32400 32547 D MemoryCeilingMonitor: [handleMemoryCalculate]
09-08 16:14:16.165 32400 32547 D MemoryCeilingMonitor: [calculate] tot: 3578965, max: 268435456, free: 647509, heap: 2931456, per: 0.010920524597167969
09-08 16:14:25.032  1007  1186 E storaged: getDiskStats failed with result NOT_SUPPORTED and size 0
09-08 16:14:26.178 32400 32547 D MemoryCeilingMonitor: [handleMemoryCalculate]
09-08 16:14:26.179 32400 32547 D MemoryCeilingMonitor: [calculate] tot: 3578965, max: 268435456, free: 614597, heap: 2964368, per: 0.011043131351470947
09-08 16:14:33.622  1710  5422 W ActivityManager: Unable to start service Intent { act=android.security.IKeyChainService cmp=com.android.keychain/.KeyChainService } U=999: not found
09-08 16:14:33.624  2389 11374 I SecurityController: java.lang.AssertionError: could not bind to KeyChainService
09-08 16:14:36.190 32400 32547 D MemoryCeilingMonitor: [handleMemoryCalculate]
09-08 16:14:36.191 32400 32547 D MemoryCeilingMonitor: [calculate] tot: 3578965, max: 268435456, free: 598069, heap: 2980896, per: 0.011104702949523926
09-08 16:14:41.982  4383  4437 E BitmapFactory: Unable to decode stream: java.io.FileNotFoundException: /oem/etc/theme/icons/dynamic_icon/com.android.BBKClock/res/drawable-sw360dp-xxhdpi/clock_hour.png (No such file or directory)
09-08 16:14:41.984  4383  4437 E BitmapFactory: Unable to decode stream: java.io.FileNotFoundException: /oem/etc/theme/icons/dynamic_icon/com.android.BBKClock/res/drawable-sw360dp-xxhdpi/clock_minute.png (No such file or directory)
09-08 16:14:41.986  4383  4437 E BitmapFactory: Unable to decode stream: java.io.FileNotFoundException: /oem/etc/theme/icons/dynamic_icon/com.android.BBKClock/res/drawable-sw360dp-xxhdpi/clock_dial.png (No such file or directory)
09-08 16:14:41.993  4383  4437 E BitmapFactory: Unable to decode stream: java.io.FileNotFoundException: /oem/etc/theme/icons/dynamic_icon/com.android.BBKClock/res/drawable-sw360dp-xxhdpi/clock_dial_center.png (No such file or directory)
09-08 16:14:46.195 32400 32547 D MemoryCeilingMonitor: [handleMemoryCalculate]
09-08 16:14:46.195 32400 32547 D MemoryCeilingMonitor: [calculate] tot: 3578965, max: 268435456, free: 565157, heap: 3013808, per: 0.011227309703826904
09-08 16:14:56.206 32400 32547 D MemoryCeilingMonitor: [handleMemoryCalculate]
09-08 16:14:56.207 32400 32547 D MemoryCeilingMonitor: [calculate] tot: 3578965, max: 268435456, free: 548629, heap: 3030336, per: 0.011288881301879883
09-08 16:14:59.907  2389  2389 D KeyguardUpdateMonitor: received broadcast android.intent.action.BATTERY_CHANGED
09-08 16:14:59.908  2389  2389 D KeyguardUpdateMonitor: handleBatteryUpdate
09-08 16:14:59.911  2762  2762 D QtiCarrierConfigHelper: WARNING, no carrier configs on phone Id: 0
09-08 16:14:59.912  2713  3240 I chatty  : uid=1000(system) NightPearlSubTh expire 10 lines
09-08 16:14:59.913  2713  2713 I chatty  : uid=1000(system) com.vivo.daemonService expire 11 lines
09-08 16:14:59.916   693   693 V LocSvc_HIDL_IzatSubscription: [batteryLevelUpdate][777] [HS] <<<<= [HC]
09-08 16:14:59.924 26201 26201 D MainImeServiceDel: mHandler = 201
09-08 16:15:00.001  1710  2037 I chatty  : uid=1000(system) AlarmManager expire 12 lines
09-08 16:15:00.581 32400 32562 D WorkerThreadMonitor: Kill MSF check result[ senderSize:0,sendInterval:101838,receiveInterval=11668,addCmdCount=954
09-08 16:15:03.731  1710  5418 W ActivityManager: Unable to start service Intent { act=android.security.IKeyChainService cmp=com.android.keychain/.KeyChainService } U=999: not found
09-08 16:15:03.733  2389 11379 I SecurityController: java.lang.AssertionError: could not bind to KeyChainService
09-08 16:15:05.537  2713  3513 I chatty  : uid=1000(system) Timer-0 expire 10 lines
09-08 16:15:06.220 32400 32547 D MemoryCeilingMonitor: [handleMemoryCalculate]
09-08 16:15:06.221 32400 32547 D MemoryCeilingMonitor: [calculate] tot: 3578965, max: 268435456, free: 499269, heap: 3079696, per: 0.011472761631011963
09-08 16:15:16.231 32400 32547 D MemoryCeilingMonitor: [handleMemoryCalculate]
09-08 16:15:16.232 32400 32547 D MemoryCeilingMonitor: [calculate] tot: 3578965, max: 268435456, free: 482741, heap: 3096224, per: 0.011534333229064941
09-08 16:15:17.103  2635  3033 E PowerMonitor: exception In sysProcTransDectect java.lang.NoSuchMethodException: vivoGetNetworkStatsUidDetailWithPackInfo [int]
09-08 16:15:17.127  2635  3033 V BigDataLog: noteWriteData which = 5
09-08 16:15:25.036  1007  1186 E storaged: getDiskStats failed with result NOT_SUPPORTED and size 0
09-08 16:15:25.951 27410 27557 E memtrack: Couldn't load memtrack module
09-08 16:15:25.951 27410 27557 W android.os.Debug: failed to get memory consumption info: -1
09-08 16:15:26.242 32400 32547 D MemoryCeilingMonitor: [handleMemoryCalculate]
09-08 16:15:26.242 32400 32547 D MemoryCeilingMonitor: [calculate] tot: 3578965, max: 268435456, free: 466213, heap: 3112752, per: 0.01159590482711792
09-08 16:15:30.222  2704  2704 W PulseThread: type=1400 audit(0.0:74453): avc: denied { getattr } for path="/proc/11363/stat" dev="proc" ino=7109777 scontext=u:r:system_app:s0 tcontext=u:r:kernel:s0 tclass=file permissive=0
09-08 16:15:30.222  2704  2704 W PulseThread: type=1400 audit(0.0:74454): avc: denied { read } for name="stat" dev="proc" ino=7109777 scontext=u:r:system_app:s0 tcontext=u:r:kernel:s0 tclass=file permissive=0
09-08 16:15:30.222  2704  2704 W PulseThread: type=1400 audit(0.0:74455): avc: denied { read } for name="cmdline" dev="proc" ino=7108365 scontext=u:r:system_app:s0 tcontext=u:r:kernel:s0 tclass=file permissive=0
09-08 16:15:30.222  2704  2704 W PulseThread: type=1400 audit(0.0:74456): avc: denied { read } for name="task" dev="proc" ino=7108366 scontext=u:r:system_app:s0 tcontext=u:r:kernel:s0 tclass=dir permissive=0
09-08 16:15:30.222  2704  2704 W PulseThread: type=1400 audit(0.0:74457): avc: denied { getattr } for path="/proc/11372/stat" dev="proc" ino=7108367 scontext=u:r:system_app:s0 tcontext=u:r:kernel:s0 tclass=file permissive=0
09-08 16:15:30.222  2704  2704 W PulseThread: type=1400 audit(0.0:74458): avc: denied { read } for name="stat" dev="proc" ino=7108367 scontext=u:r:system_app:s0 tcontext=u:r:kernel:s0 tclass=file permissive=0
09-08 16:15:30.222  2704  2704 W PulseThread: type=1400 audit(0.0:74459): avc: denied { read } for name="cmdline" dev="proc" ino=7108368 scontext=u:r:system_app:s0 tcontext=u:r:kernel:s0 tclass=file permissive=0
09-08 16:15:30.222  2704  2704 W PulseThread: type=1400 audit(0.0:74460): avc: denied { read } for name="task" dev="proc" ino=7108369 scontext=u:r:system_app:s0 tcontext=u:r:kernel:s0 tclass=dir permissive=0
09-08 16:15:30.233  2704  3147 W ProcessCpuTracker: Skipping unknown process pid 11363
09-08 16:15:30.234  2704  3147 W ProcessCpuTracker: Skipping unknown process pid 11372
09-08 16:15:33.768  1710  2256 W ActivityManager: Unable to start service Intent { act=android.security.IKeyChainService cmp=com.android.keychain/.KeyChainService } U=999: not found
09-08 16:15:33.769  2389 11383 I SecurityController: java.lang.AssertionError: could not bind to KeyChainService
09-08 16:15:36.253 32400 32547 D MemoryCeilingMonitor: [handleMemoryCalculate]
09-08 16:15:36.254 32400 32547 D MemoryCeilingMonitor: [calculate] tot: 3578965, max: 268435456, free: 433301, heap: 3145664, per: 0.011718511581420898
09-08 16:15:36.338  2389  2389 D KeyguardUpdateMonitor: handleTimeUpdate
09-08 16:15:41.989  4383  4437 E BitmapFactory: Unable to decode stream: java.io.FileNotFoundException: /oem/etc/theme/icons/dynamic_icon/com.android.BBKClock/res/drawable-sw360dp-xxhdpi/clock_hour.png (No such file or directory)
09-08 16:15:41.991  4383  4437 E BitmapFactory: Unable to decode stream: java.io.FileNotFoundException: /oem/etc/theme/icons/dynamic_icon/com.android.BBKClock/res/drawable-sw360dp-xxhdpi/clock_minute.png (No such file or directory)
09-08 16:15:41.993  4383  4437 E BitmapFactory: Unable to decode stream: java.io.FileNotFoundException: /oem/etc/theme/icons/dynamic_icon/com.android.BBKClock/res/drawable-sw360dp-xxhdpi/clock_dial.png (No such file or directory)
09-08 16:15:41.999  4383  4437 E BitmapFactory: Unable to decode stream: java.io.FileNotFoundException: /oem/etc/theme/icons/dynamic_icon/com.android.BBKClock/res/drawable-sw360dp-xxhdpi/clock_dial_center.png (No such file or directory)
09-08 16:15:45.548  2713  3513 I chatty  : uid=1000(system) Timer-0 expire 16 lines
09-08 16:15:46.266 32400 32547 D MemoryCeilingMonitor: [handleMemoryCalculate]
09-08 16:15:46.267 32400 32547 D MemoryCeilingMonitor: [calculate] tot: 3578965, max: 268435456, free: 416773, heap: 3162192, per: 0.011780083179473877
09-08 16:15:56.279 32400 32547 D MemoryCeilingMonitor: [handleMemoryCalculate]
09-08 16:15:56.280 32400 32547 D MemoryCeilingMonitor: [calculate] tot: 3578965, max: 268435456, free: 400245, heap: 3178720, per: 0.011841654777526855
09-08 16:15:59.906  2389  2389 D KeyguardUpdateMonitor: received broadcast android.intent.action.BATTERY_CHANGED
09-08 16:15:59.907  2389  2389 D KeyguardUpdateMonitor: handleBatteryUpdate
09-08 16:15:59.911  2762  2762 D QtiCarrierConfigHelper: WARNING, no carrier configs on phone Id: 0
09-08 16:15:59.914   693   693 V LocSvc_HIDL_IzatSubscription: [batteryLevelUpdate][777] [HS] <<<<= [HC]
09-08 16:15:59.914  2713  2713 I chatty  : uid=1000(system) com.vivo.daemonService expire 19 lines
09-08 16:15:59.921 26201 26201 D MainImeServiceDel: mHandler = 201
09-08 16:15:59.922  1710  1710 I chatty  : uid=1000 system_server expire 10 lines
09-08 16:15:59.924  1710  2256 I chatty  : uid=1000(system) Binder:1710_4 expire 11 lines
09-08 16:16:00.595 32400 32562 D WorkerThreadMonitor: Kill MSF check result[ senderSize:0,sendInterval:161853,receiveInterval=11621,addCmdCount=954
09-08 16:16:03.796  1710  2256 W ActivityManager: Unable to start service Intent { act=android.security.IKeyChainService cmp=com.android.keychain/.KeyChainService } U=999: not found
09-08 16:16:03.797  2389 11389 I SecurityController: java.lang.AssertionError: could not bind to KeyChainService
09-08 16:16:06.291 32400 32547 D MemoryCeilingMonitor: [handleMemoryCalculate]
09-08 16:16:06.292 32400 32547 D MemoryCeilingMonitor: [calculate] tot: 3578965, max: 268435456, free: 367253, heap: 3211712, per: 0.011964559555053711
09-08 16:16:06.751  8163  8426 I mars::stn: [longlink_connect_monitor.cc:474, OnHeartbeatAlarmReceived]:longlink_progress on_heartbeat_alarm, time: 564648566, is_noop_timeout:false
09-08 16:16:06.774  1710  2037 I chatty  : uid=1000(system) AlarmManager expire 16 lines
09-08 16:16:06.857  1710  1840 I chatty  : uid=1000(system) android.ui expire 21 lines
09-08 16:16:06.859  2713 19107 I chatty  : uid=1000(system) Binder:2713_10 expire 11 lines
09-08 16:16:06.860  1710  4818 I chatty  : uid=1000(system) Binder:1710_11 expire 9 lines
09-08 16:16:06.861  2713 25078 I chatty  : uid=1000(system) Binder:2713_D expire 30 lines
09-08 16:16:06.878  4383  4437 E BitmapFactory: Unable to decode stream: java.io.FileNotFoundException: /oem/etc/theme/icons/dynamic_icon/com.android.BBKClock/res/drawable-sw360dp-xxhdpi/clock_hour.png (No such file or directory)
09-08 16:16:06.878  1710  5418 D ActivityManager: StartMode packageName = com.vivo.pem ,callingPid = -1 ,alwaysRestrict = true ,startMode = 2 ,UidRec:UidRecord{d0d1b3f 1000 PER  procs:33 seq(0,0,0)}
09-08 16:16:06.879  2635  2635 V pem     : Receiver com.vivo.pem.power
09-08 16:16:06.880  4383  4437 E BitmapFactory: Unable to decode stream: java.io.FileNotFoundException: /oem/etc/theme/icons/dynamic_icon/com.android.BBKClock/res/drawable-sw360dp-xxhdpi/clock_minute.png (No such file or directory)
09-08 16:16:06.881  4383  4437 E BitmapFactory: Unable to decode stream: java.io.FileNotFoundException: /oem/etc/theme/icons/dynamic_icon/com.android.BBKClock/res/drawable-sw360dp-xxhdpi/clock_dial.png (No such file or directory)
09-08 16:16:06.885  4383  4437 E BitmapFactory: Unable to decode stream: java.io.FileNotFoundException: /oem/etc/theme/icons/dynamic_icon/com.android.BBKClock/res/drawable-sw360dp-xxhdpi/clock_dial_center.png (No such file or directory)
09-08 16:16:06.920  1710  2976 I chatty  : uid=1000(system) Binder:1710_B expire 11 lines
09-08 16:16:06.922  8163  5911 I mars::stn: [longlink_connect_monitor.cc:470, OnHeartbeatAlarmSet]:longlink_progress on_heartbeat_set, time: 564648738, time interval:580000
09-08 16:16:06.926  2713  3512 I chatty  : uid=1000(system) MotorModeDaemon expire 8 lines
09-08 16:16:06.926  2713  3277 I chatty  : uid=1000(system) GameModeHandler expire 36 lines
09-08 16:16:06.927  2713  3508 I chatty  : uid=1000(system) GamepadService expire 8 lines
09-08 16:16:06.999  8163  5911 I mars::stn: [longlink_connect_monitor.cc:470, OnHeartbeatAlarmSet]:longlink_progress on_heartbeat_set, time: 564648815, time interval:580000
09-08 16:16:07.048  4383  4437 E BitmapFactory: Unable to decode stream: java.io.FileNotFoundException: /oem/etc/theme/icons/dynamic_icon/com.android.BBKClock/res/drawable-sw360dp-xxhdpi/clock_hour.png (No such file or directory)
09-08 16:16:07.049  4383  4437 E BitmapFactory: Unable to decode stream: java.io.FileNotFoundException: /oem/etc/theme/icons/dynamic_icon/com.android.BBKClock/res/drawable-sw360dp-xxhdpi/clock_minute.png (No such file or directory)
09-08 16:16:07.050  4383  4437 E BitmapFactory: Unable to decode stream: java.io.FileNotFoundException: /oem/etc/theme/icons/dynamic_icon/com.android.BBKClock/res/drawable-sw360dp-xxhdpi/clock_dial.png (No such file or directory)
09-08 16:16:07.054  4383  4437 E BitmapFactory: Unable to decode stream: java.io.FileNotFoundException: /oem/etc/theme/icons/dynamic_icon/com.android.BBKClock/res/drawable-sw360dp-xxhdpi/clock_dial_center.png (No such file or directory)
09-08 16:16:07.087  2713 31929 I chatty  : uid=1000(system) Binder:2713_E expire 4 lines
09-08 16:16:07.096  1710  5474 I chatty  : uid=1000(system) Binder:1710_19 expire 10 lines
09-08 16:16:07.121  2713  2736 I chatty  : uid=1000(system) Binder:2713_1 expire 13 lines
09-08 16:16:07.168  2713  9944 I chatty  : uid=1000(system) Binder:2713_A expire 3 lines
09-08 16:16:07.183  4383  4437 E BitmapFactory: Unable to decode stream: java.io.FileNotFoundException: /oem/etc/theme/icons/dynamic_icon/com.android.BBKClock/res/drawable-sw360dp-xxhdpi/clock_hour.png (No such file or directory)
09-08 16:16:07.184  4383  4437 E BitmapFactory: Unable to decode stream: java.io.FileNotFoundException: /oem/etc/theme/icons/dynamic_icon/com.android.BBKClock/res/drawable-sw360dp-xxhdpi/clock_minute.png (No such file or directory)
09-08 16:16:07.184  4383  4437 E BitmapFactory: Unable to decode stream: java.io.FileNotFoundException: /oem/etc/theme/icons/dynamic_icon/com.android.BBKClock/res/drawable-sw360dp-xxhdpi/clock_dial.png (No such file or directory)
09-08 16:16:07.187  4383  4437 E BitmapFactory: Unable to decode stream: java.io.FileNotFoundException: /oem/etc/theme/icons/dynamic_icon/com.android.BBKClock/res/drawable-sw360dp-xxhdpi/clock_dial_center.png (No such file or directory)
09-08 16:16:07.203  2713  2760 I chatty  : uid=1000(system) Binder:2713_3 expire 3 lines
09-08 16:16:07.206  1710  5749 I chatty  : uid=1000(system) Binder:1710_20 expire 4 lines
09-08 16:16:16.302 32400 32547 D MemoryCeilingMonitor: [handleMemoryCalculate]
09-08 16:16:16.302 32400 32547 D MemoryCeilingMonitor: [calculate] tot: 3578965, max: 268435456, free: 350725, heap: 3228240, per: 0.01202613115310669
09-08 16:16:16.567 28988 29025 I PhenotypeProcessReaper: Memory state is: 300
09-08 16:16:16.810  1710  1839 D ActivityManager: StartMode packageName = com.tencent.mm ,callingPid = -1 ,alwaysRestrict = true ,startMode = 2 ,UidRec:UidRecord{bb14d78 u0a569 SVC  bg:+5d23h56m44s183ms idle change:idle procs:2 seq(0,0,0)}
09-08 16:16:16.824  1710  1839 I chatty  : uid=1000(system) ActivityManager expire 15 lines
09-08 16:16:22.454  2258  7266 W ContextImpl: Calling a method in the system process without a qualified user: android.app.ContextImpl.sendBroadcast:1024 android.content.ContextWrapper.sendBroadcast:444 com.vivo.idlemonitor.MonitorService.a:262 com.vivo.idlemonitor.MonitorService.a:28 com.vivo.idlemonitor.MonitorService$1.handleMessage:108
09-08 16:16:22.458  1710  5749 I PackageManager: ### pkg:Package{c7cee18 com.bbk.appstore}
09-08 16:16:22.460  1710  1839 D ActivityManager: StartMode packageName = com.bbk.appstore ,callingPid = -1 ,alwaysRestrict = true ,startMode = 2 ,UidRec:UidRecord{e88744d u0a98 CEM  bg:+8h14m34s109ms idle change:cached procs:3 seq(0,0,0)}
09-08 16:16:22.472  2258  7266 W ContextImpl: Calling a method in the system process without a qualified user: android.app.ContextImpl.sendBroadcast:1024 android.content.ContextWrapper.sendBroadcast:444 com.vivo.idlemonitor.MonitorService.a:269 com.vivo.idlemonitor.MonitorService.a:28 com.vivo.idlemonitor.MonitorService$1.handleMessage:108
09-08 16:16:22.514  1710  5741 I PackageManager: ### pkg:Package{297319a com.vivo.game}
09-08 16:16:22.517  1710  1839 D ActivityManager: StartMode packageName = com.vivo.game ,callingPid = -1 ,alwaysRestrict = true ,startMode = 2 ,UidRec:UidRecord{dd1a074 u0a119 CEM  idle change:cached procs:1 seq(0,0,0)}
09-08 16:16:25.039  1007  1186 E storaged: getDiskStats failed with result NOT_SUPPORTED and size 0
09-08 16:16:26.314 32400 32547 D MemoryCeilingMonitor: [handleMemoryCalculate]
09-08 16:16:26.314 32400 32547 D MemoryCeilingMonitor: [calculate] tot: 3578965, max: 268435456, free: 317813, heap: 3261152, per: 0.012148737907409668
09-08 16:16:31.770 28988 11403 E memtrack: Couldn't load memtrack module
09-08 16:16:31.770 28988 11403 W android.os.Debug: failed to get memory consumption info: -1
09-08 16:16:33.808  1710  2976 W ActivityManager: Unable to start service Intent { act=android.security.IKeyChainService cmp=com.android.keychain/.KeyChainService } U=999: not found
09-08 16:16:33.809  2389 11404 I SecurityController: java.lang.AssertionError: could not bind to KeyChainService
09-08 16:16:36.325 32400 32547 D MemoryCeilingMonitor: [handleMemoryCalculate]
09-08 16:16:36.326 32400 32547 D MemoryCeilingMonitor: [calculate] tot: 3578965, max: 268435456, free: 301285, heap: 3277680, per: 0.012210309505462646
09-08 16:16:39.252 27410 27410 W [GT]HotPool#3: type=1400 audit(0.0:74461): avc: denied { getattr } for path="/sys/kernel/debug/tracing/trace_marker" dev="tracefs" ino=4581 scontext=u:r:untrusted_app:s0:c57,c258,c512,c768 tcontext=u:object_r:debugfs_trace_marker:s0 tclass=file permissive=0
09-08 16:16:45.402 32400 32524 I PERF_LOG: GC.happened gc!!!!!!!!!, 206398 ms interval from last time
09-08 16:16:46.337 32400 32547 D MemoryCeilingMonitor: [handleMemoryCalculate]
09-08 16:16:46.338 32400 32547 D MemoryCeilingMonitor: [calculate] tot: 3308266, max: 268435456, free: 761466, heap: 2546800, per: 0.009487569332122803
09-08 16:16:49.559  2713  3513 I chatty  : uid=1000(system) Timer-0 expire 14 lines
09-08 16:16:51.693  1710  2256 I chatty  : uid=1000(system) Binder:1710_4 expire 9 lines
09-08 16:16:55.029  1710  2976 I chatty  : uid=1000(system) Binder:1710_B expire 12 lines
09-08 16:16:56.342 32400 32547 D MemoryCeilingMonitor: [handleMemoryCalculate]
09-08 16:16:56.343 32400 32547 D MemoryCeilingMonitor: [calculate] tot: 3308266, max: 268435456, free: 712186, heap: 2596080, per: 0.009671151638031006
09-08 16:16:59.905  2389  2389 D KeyguardUpdateMonitor: received broadcast android.intent.action.BATTERY_CHANGED
09-08 16:16:59.906  2389  2389 D KeyguardUpdateMonitor: handleBatteryUpdate
09-08 16:16:59.908  2713  2713 I chatty  : uid=1000(system) com.vivo.daemonService expire 20 lines
09-08 16:16:59.909  2762  2762 D QtiCarrierConfigHelper: WARNING, no carrier configs on phone Id: 0
09-08 16:16:59.911  2713  3240 I chatty  : uid=1000(system) NightPearlSubTh expire 10 lines
09-08 16:16:59.911   693   693 V LocSvc_HIDL_IzatSubscription: [batteryLevelUpdate][777] [HS] <<<<= [HC]
09-08 16:16:59.920 26201 26201 D MainImeServiceDel: mHandler = 201
09-08 16:16:59.920  1710  1710 I chatty  : uid=1000 system_server expire 12 lines
09-08 16:17:00.608 32400 32562 D WorkerThreadMonitor: Kill MSF check result[ senderSize:0,sendInterval:221866,receiveInterval=11576,addCmdCount=954
09-08 16:17:03.886  1710  2976 W ActivityManager: Unable to start service Intent { act=android.security.IKeyChainService cmp=com.android.keychain/.KeyChainService } U=999: not found
09-08 16:17:03.888  2389 11409 I SecurityController: java.lang.AssertionError: could not bind to KeyChainService
09-08 16:17:06.355 32400 32547 D MemoryCeilingMonitor: [handleMemoryCalculate]
09-08 16:17:06.355 32400 32547 D MemoryCeilingMonitor: [calculate] tot: 3308266, max: 268435456, free: 662842, heap: 2645424, per: 0.00985497236251831
09-08 16:17:16.368 32400 32547 D MemoryCeilingMonitor: [handleMemoryCalculate]
09-08 16:17:16.369 32400 32547 D MemoryCeilingMonitor: [calculate] tot: 3308266, max: 268435456, free: 646314, heap: 2661952, per: 0.009916543960571289
09-08 16:17:25.044  1007  1186 E storaged: getDiskStats failed with result NOT_SUPPORTED and size 0
09-08 16:17:26.382 32400 32547 D MemoryCeilingMonitor: [handleMemoryCalculate]
09-08 16:17:26.382 32400 32547 D MemoryCeilingMonitor: [calculate] tot: 3308266, max: 268435456, free: 629786, heap: 2678480, per: 0.009978115558624268
09-08 16:17:33.203 26201 26201 D MainImeServiceDel: mHandler = 36
09-08 16:17:33.967  1710  5741 W ActivityManager: Unable to start service Intent { act=android.security.IKeyChainService cmp=com.android.keychain/.KeyChainService } U=999: not found
09-08 16:17:33.968  2389 11413 I SecurityController: java.lang.AssertionError: could not bind to KeyChainService
09-08 16:17:36.393 32400 32547 D MemoryCeilingMonitor: [handleMemoryCalculate]
09-08 16:17:36.394 32400 32547 D MemoryCeilingMonitor: [calculate] tot: 3308266, max: 268435456, free: 596874, heap: 2711392, per: 0.010100722312927246
09-08 16:17:37.142  4383  4437 E BitmapFactory: Unable to decode stream: java.io.FileNotFoundException: /oem/etc/theme/icons/dynamic_icon/com.android.BBKClock/res/drawable-sw360dp-xxhdpi/clock_hour.png (No such file or directory)
09-08 16:17:37.145  4383  4437 E BitmapFactory: Unable to decode stream: java.io.FileNotFoundException: /oem/etc/theme/icons/dynamic_icon/com.android.BBKClock/res/drawable-sw360dp-xxhdpi/clock_minute.png (No such file or directory)
09-08 16:17:37.147  4383  4437 E BitmapFactory: Unable to decode stream: java.io.FileNotFoundException: /oem/etc/theme/icons/dynamic_icon/com.android.BBKClock/res/drawable-sw360dp-xxhdpi/clock_dial.png (No such file or directory)
09-08 16:17:37.155  4383  4437 E BitmapFactory: Unable to decode stream: java.io.FileNotFoundException: /oem/etc/theme/icons/dynamic_icon/com.android.BBKClock/res/drawable-sw360dp-xxhdpi/clock_dial_center.png (No such file or directory)
09-08 16:17:39.158  8163 11080 E memtrack: Couldn't load memtrack module
09-08 16:17:39.158  8163 11080 W android.os.Debug: failed to get memory consumption info: -1
09-08 16:17:39.319  2389  2389 D KeyguardUpdateMonitor: handleTimeUpdate
09-08 16:17:45.572  2713  3513 I chatty  : uid=1000(system) Timer-0 expire 6 lines
09-08 16:17:46.401 32400 32547 D MemoryCeilingMonitor: [handleMemoryCalculate]
09-08 16:17:46.401 32400 32547 D MemoryCeilingMonitor: [calculate] tot: 3308266, max: 268435456, free: 580346, heap: 2727920, per: 0.010162293910980225
09-08 16:17:47.157  2635  3033 E PowerMonitor: exception In sysProcTransDectect java.lang.NoSuchMethodException: vivoGetNetworkStatsUidDetailWithPackInfo [int]
09-08 16:17:47.183  2635  3033 V BigDataLog: noteWriteData which = 5
09-08 16:17:49.332  1710  1839 D ActivityManager: StartMode packageName = com.tencent.mm ,callingPid = -1 ,alwaysRestrict = true ,startMode = 2 ,UidRec:UidRecord{bb14d78 u0a569 SVC  bg:+5d23h58m16s706ms idle change:idle procs:2 seq(0,0,0)}
09-08 16:17:49.762  2935  2935 W rms_memory_cana: type=1400 audit(0.0:74462): avc: denied { read } for name="proc" dev="debugfs" ino=12599 scontext=u:r:system_app:s0 tcontext=u:object_r:kgsl_debugfs:s0 tclass=dir permissive=0
09-08 16:17:56.412 32400 32547 D MemoryCeilingMonitor: [handleMemoryCalculate]
09-08 16:17:56.412 32400 32547 D MemoryCeilingMonitor: [calculate] tot: 3308266, max: 268435456, free: 547434, heap: 2760832, per: 0.010284900665283203
09-08 16:17:59.908  2389  2389 D KeyguardUpdateMonitor: received broadcast android.intent.action.BATTERY_CHANGED
09-08 16:17:59.909  2389  2389 D KeyguardUpdateMonitor: handleBatteryUpdate
09-08 16:17:59.910  2762  2762 D QtiCarrierConfigHelper: WARNING, no carrier configs on phone Id: 0
09-08 16:17:59.912  1710  5524 I chatty  : uid=1000(system) IzatProvider expire 6 lines
09-08 16:17:59.918 26201 26201 D MainImeServiceDel: mHandler = 201
09-08 16:17:59.919   693   693 V LocSvc_HIDL_IzatSubscription: [batteryLevelUpdate][777] [HS] <<<<= [HC]
09-08 16:18:00.322  2704  2704 W PulseThread: type=1400 audit(0.0:74463): avc: denied { getattr } for path="/proc/11387/stat" dev="proc" ino=7109101 scontext=u:r:system_app:s0 tcontext=u:r:kernel:s0 tclass=file permissive=0
09-08 16:18:00.322  2704  2704 W PulseThread: type=1400 audit(0.0:74464): avc: denied { read } for name="stat" dev="proc" ino=7109101 scontext=u:r:system_app:s0 tcontext=u:r:kernel:s0 tclass=file permissive=0
09-08 16:18:00.322  2704  2704 W PulseThread: type=1400 audit(0.0:74465): avc: denied { read } for name="cmdline" dev="proc" ino=7108453 scontext=u:r:system_app:s0 tcontext=u:r:kernel:s0 tclass=file permissive=0
09-08 16:18:00.322  2704  2704 W PulseThread: type=1400 audit(0.0:74466): avc: denied { read } for name="task" dev="proc" ino=7108454 scontext=u:r:system_app:s0 tcontext=u:r:kernel:s0 tclass=dir permissive=0
09-08 16:18:00.333  2704  3147 W ProcessCpuTracker: Skipping unknown process pid 11387
09-08 16:18:00.621 32400 32562 D WorkerThreadMonitor: Kill MSF check result[ senderSize:0,sendInterval:281878,receiveInterval=11533,addCmdCount=954
09-08 16:18:04.080  1710  2256 W ActivityManager: Unable to start service Intent { act=android.security.IKeyChainService cmp=com.android.keychain/.KeyChainService } U=999: not found
09-08 16:18:04.082  2389 11420 I SecurityController: java.lang.AssertionError: could not bind to KeyChainService
09-08 16:18:06.372  1710  2037 I PackageManager: ### pkg:Package{560d048 com.vivo.abe}
09-08 16:18:06.383  1710  2256 D ActivityManager: StartMode packageName = com.vivo.pem ,callingPid = -1 ,alwaysRestrict = true ,startMode = 2 ,UidRec:UidRecord{d0d1b3f 1000 PER  procs:33 seq(0,0,0)}
09-08 16:18:06.385  2635  2635 V pem     : Receiver com.vivo.pem.power
09-08 16:18:06.421 32400 32547 D MemoryCeilingMonitor: [handleMemoryCalculate]
09-08 16:18:06.421 32400 32547 D MemoryCeilingMonitor: [calculate] tot: 3308266, max: 268435456, free: 530826, heap: 2777440, per: 0.010346770286560059
09-08 16:18:06.494  1710  1840 I chatty  : uid=1000(system) android.ui expire 14 lines
09-08 16:18:06.494  2713 25078 I chatty  : uid=1000(system) Binder:2713_D expire 6 lines
09-08 16:18:06.497  2713 11977 I chatty  : uid=1000(system) Binder:2713_F expire 15 lines
09-08 16:18:06.504  2713  3277 I chatty  : uid=1000(system) GameModeHandler expire 12 lines
09-08 16:18:06.512  4383  4437 E BitmapFactory: Unable to decode stream: java.io.FileNotFoundException: /oem/etc/theme/icons/dynamic_icon/com.android.BBKClock/res/drawable-sw360dp-xxhdpi/clock_hour.png (No such file or directory)
09-08 16:18:06.513  4383  4437 E BitmapFactory: Unable to decode stream: java.io.FileNotFoundException: /oem/etc/theme/icons/dynamic_icon/com.android.BBKClock/res/drawable-sw360dp-xxhdpi/clock_minute.png (No such file or directory)
09-08 16:18:06.514  4383  4437 E BitmapFactory: Unable to decode stream: java.io.FileNotFoundException: /oem/etc/theme/icons/dynamic_icon/com.android.BBKClock/res/drawable-sw360dp-xxhdpi/clock_dial.png (No such file or directory)
09-08 16:18:06.519  4383  4437 E BitmapFactory: Unable to decode stream: java.io.FileNotFoundException: /oem/etc/theme/icons/dynamic_icon/com.android.BBKClock/res/drawable-sw360dp-xxhdpi/clock_dial_center.png (No such file or directory)
09-08 16:18:06.551  1710  3752 I chatty  : uid=1000(system) Binder:1710_E expire 1 line
09-08 16:18:06.682  4383  4437 E BitmapFactory: Unable to decode stream: java.io.FileNotFoundException: /oem/etc/theme/icons/dynamic_icon/com.android.BBKClock/res/drawable-sw360dp-xxhdpi/clock_hour.png (No such file or directory)
09-08 16:18:06.683  4383  4437 E BitmapFactory: Unable to decode stream: java.io.FileNotFoundException: /oem/etc/theme/icons/dynamic_icon/com.android.BBKClock/res/drawable-sw360dp-xxhdpi/clock_minute.png (No such file or directory)
09-08 16:18:06.684  4383  4437 E BitmapFactory: Unable to decode stream: java.io.FileNotFoundException: /oem/etc/theme/icons/dynamic_icon/com.android.BBKClock/res/drawable-sw360dp-xxhdpi/clock_dial.png (No such file or directory)
09-08 16:18:06.689  4383  4437 E BitmapFactory: Unable to decode stream: java.io.FileNotFoundException: /oem/etc/theme/icons/dynamic_icon/com.android.BBKClock/res/drawable-sw360dp-xxhdpi/clock_dial_center.png (No such file or directory)
09-08 16:18:06.745  2713 31929 I chatty  : uid=1000(system) Binder:2713_E expire 1 line
09-08 16:18:06.745  2713  9944 I chatty  : uid=1000(system) Binder:2713_A expire 1 line
09-08 16:18:06.746  2713  3512 I chatty  : uid=1000(system) MotorModeDaemon expire 1 line
09-08 16:18:06.747  1710  1768 I chatty  : uid=1000(system) Binder:1710_2 expire 1 line
09-08 16:18:06.747  2713  3508 I chatty  : uid=1000(system) GamepadService expire 1 line
09-08 16:18:06.748  2713 31929 I chatty  : uid=1000(system) Binder:2713_E expire 2 lines
09-08 16:18:06.748  2713 11977 I chatty  : uid=1000(system) Binder:2713_F expire 5 lines
09-08 16:18:06.752  2713  9944 I chatty  : uid=1000(system) Binder:2713_A expire 1 line
09-08 16:18:06.753  2713  2713 I chatty  : uid=1000(system) com.vivo.daemonService expire 4 lines
09-08 16:18:06.753  2713  3277 I chatty  : uid=1000(system) GameModeHandler expire 12 lines
09-08 16:18:09.574  2713  3513 I chatty  : uid=1000(system) Timer-0 expire 10 lines
09-08 16:18:16.434 32400 32547 D MemoryCeilingMonitor: [handleMemoryCalculate]
09-08 16:18:16.435 32400 32547 D MemoryCeilingMonitor: [calculate] tot: 3308266, max: 268435456, free: 497914, heap: 2810352, per: 0.010469377040863037
09-08 16:18:25.046  1007  1186 E storaged: getDiskStats failed with result NOT_SUPPORTED and size 0
09-08 16:18:26.441 32400 32547 D MemoryCeilingMonitor: [handleMemoryCalculate]
09-08 16:18:26.441 32400 32547 D MemoryCeilingMonitor: [calculate] tot: 3308266, max: 268435456, free: 465002, heap: 2843264, per: 0.010591983795166016
09-08 16:18:31.524 24110 11426 E memtrack: Couldn't load memtrack module
09-08 16:18:31.524 24110 11426 W android.os.Debug: failed to get memory consumption info: -1
09-08 16:18:34.102  1710  2521 W ActivityManager: Unable to start service Intent { act=android.security.IKeyChainService cmp=com.android.keychain/.KeyChainService } U=999: not found
09-08 16:18:34.104  2389 11427 I SecurityController: java.lang.AssertionError: could not bind to KeyChainService
09-08 16:18:36.454 32400 32547 D MemoryCeilingMonitor: [handleMemoryCalculate]
09-08 16:18:36.455 32400 32547 D MemoryCeilingMonitor: [calculate] tot: 3308266, max: 268435456, free: 448474, heap: 2859792, per: 0.010653555393218994
09-08 16:18:46.462 32400 32547 D MemoryCeilingMonitor: [handleMemoryCalculate]
09-08 16:18:46.463 32400 32547 D MemoryCeilingMonitor: [calculate] tot: 3308266, max: 268435456, free: 415562, heap: 2892704, per: 0.010776162147521973
09-08 16:18:49.581  2713  3513 I chatty  : uid=1000(system) Timer-0 expire 4 lines
09-08 16:18:56.475 32400 32547 D MemoryCeilingMonitor: [handleMemoryCalculate]
09-08 16:18:56.475 32400 32547 D MemoryCeilingMonitor: [calculate] tot: 3308266, max: 268435456, free: 399034, heap: 2909232, per: 0.010837733745574951
09-08 16:18:59.909  2389  2389 D KeyguardUpdateMonitor: received broadcast android.intent.action.BATTERY_CHANGED
09-08 16:18:59.910  2389  2389 D KeyguardUpdateMonitor: handleBatteryUpdate
09-08 16:18:59.910  2713  3240 I chatty  : uid=1000(system) NightPearlSubTh expire 3 lines
09-08 16:18:59.910  2713  2713 I chatty  : uid=1000(system) com.vivo.daemonService expire 2 lines
09-08 16:18:59.911  2713  3240 I chatty  : uid=1000(system) NightPearlSubTh expire 2 lines
09-08 16:18:59.917  2713  2713 I chatty  : uid=1000(system) com.vivo.daemonService expire 4 lines
09-08 16:18:59.922  2762  2762 D QtiCarrierConfigHelper: WARNING, no carrier configs on phone Id: 0
09-08 16:18:59.923   693   693 V LocSvc_HIDL_IzatSubscription: [batteryLevelUpdate][777] [HS] <<<<= [HC]
09-08 16:18:59.935 26201 26201 D MainImeServiceDel: mHandler = 201
09-08 16:19:00.634 32400 32562 D WorkerThreadMonitor: Kill MSF check result[ senderSize:0,sendInterval:341892,receiveInterval=11528,addCmdCount=954
09-08 16:19:04.122  1710  5474 W ActivityManager: Unable to start service Intent { act=android.security.IKeyChainService cmp=com.android.keychain/.KeyChainService } U=999: not found
09-08 16:19:04.122  2389 11433 I SecurityController: java.lang.AssertionError: could not bind to KeyChainService
