09-08 16:29:15.486   686   885 W qti_sensors_hal: processInd: angle direction: [0]: 5.000000 [1]: 31.711126 [2]: -0.532849 [3]: 0.000000 [4]: -0.000000 [5]: 0.000000 ts: 565437300183534
09-08 16:29:15.505   686   885 W qti_sensors_hal: processInd: angle direction: [0]: 5.000000 [1]: 31.711126 [2]: -0.532849 [3]: 0.000000 [4]: -0.000000 [5]: 0.000000 ts: 565437319562196
09-08 16:29:15.526   686   885 W qti_sensors_hal: processInd: angle direction: [0]: 5.000000 [1]: 31.711126 [2]: -0.532849 [3]: 0.000000 [4]: -0.000000 [5]: 0.000000 ts: 565437338940858
09-08 16:29:15.544   686   885 W qti_sensors_hal: processInd: angle direction: [0]: 5.000000 [1]: 31.711126 [2]: -0.532849 [3]: 0.000000 [4]: -0.000000 [5]: 0.000000 ts: 565437358289002
09-08 16:29:15.564   686   885 W qti_sensors_hal: processInd: angle direction: [0]: 5.000000 [1]: 31.711126 [2]: -0.532849 [3]: 0.000000 [4]: -0.000000 [5]: 0.000000 ts: 565437377637147
09-08 16:29:15.584   686   885 W qti_sensors_hal: processInd: angle direction: [0]: 5.000000 [1]: 31.711126 [2]: -0.532849 [3]: 0.000000 [4]: -0.000000 [5]: 0.000000 ts: 565437397015809
09-08 16:29:15.587   716   919 V AudioFlinger: Audio hardware entering standby, mixer 0xe2b839c0, suspend count 0
09-08 16:29:15.587   672  5714 D audio_hw_primary: out_standby: enter: stream (0xea068000) usecase(1: low-latency-playback)
09-08 16:29:15.705   672  5714 D soundtrigger: audio_extn_sound_trigger_update_stream_status: uc_info->id 1 of type 0 for Event 2, with Raise=0
09-08 16:29:15.705   672  5714 D hardware_info: hw_info_append_hw_type : device_name = speaker
09-08 16:29:15.705   672  5714 D audio_hw_primary: disable_snd_device: device 2:device_name:speaker:ref_cnt:0
09-08 16:29:15.705   672  5714 D audio_hw_primary: disable_snd_device: snd_device(2: speaker)
09-08 16:29:15.705   672  5714 D msm8916_platform: platform_split_snd_device: snd_device(2) num devices(0) new_snd_devices(0)
09-08 16:29:15.711   672  5714 I soundtrigger: audio_extn_sound_trigger_update_device_status: device 0x2 of type 0 for Event 0, with Raise=0
09-08 16:29:15.711   672  5714 D audio_hw_primary: out_standby: exit
09-08 16:29:15.711   716   919 V AudioFlinger: releaseWakeLock_l() AudioOut_15
09-08 16:29:15.712   716   919 V AudioFlinger: thread 0xe2b839c0 type 0 TID 919 going to sleep
09-08 16:29:15.725  1710  2176 I chatty  : uid=1000(system) AutobacklightTh identical 1 line
09-08 16:29:15.917   686   885 W qti_sensors_hal: processInd: angle direction: [0]: 1.000000 [1]: 23.030392 [2]: 13.689526 [3]: 0.000000 [4]: -0.000000 [5]: 0.000000 ts: 565437727063417
09-08 16:29:15.935   686   885 W qti_sensors_hal: processInd: angle direction: [0]: 1.000000 [1]: 23.030392 [2]: 13.689526 [3]: 0.000000 [4]: -0.000000 [5]: 0.000000 ts: 565437747571229
09-08 16:29:15.955   686   885 W qti_sensors_hal: processInd: angle direction: [0]: 1.000000 [1]: 23.030392 [2]: 13.689526 [3]: 0.000000 [4]: -0.000000 [5]: 0.000000 ts: 565437766797303
09-08 16:29:15.972   686   885 W qti_sensors_hal: processInd: angle direction: [0]: 1.000000 [1]: 23.030392 [2]: 13.689526 [3]: 0.000000 [4]: -0.000000 [5]: 0.000000 ts: 565437785748719
09-08 16:29:15.996   686   885 W qti_sensors_hal: processInd: angle direction: [0]: 1.000000 [1]: 23.030392 [2]: 13.689526 [3]: 0.000000 [4]: -0.000000 [5]: 0.000000 ts: 565437805768251
09-08 16:29:16.011   686   885 W qti_sensors_hal: processInd: angle direction: [0]: 1.000000 [1]: 23.030392 [2]: 13.689526 [3]: 0.000000 [4]: -0.000000 [5]: 0.000000 ts: 565437823621034
09-08 16:29:16.029   686   885 W qti_sensors_hal: processInd: angle direction: [0]: 1.000000 [1]: 23.030392 [2]: 13.689526 [3]: 0.000000 [4]: -0.000000 [5]: 0.000000 ts: 565437842358827
09-08 16:29:16.052   686   885 W qti_sensors_hal: processInd: angle direction: [0]: 1.000000 [1]: 23.030392 [2]: 13.689526 [3]: 0.000000 [4]: -0.000000 [5]: 0.000000 ts: 565437863141297
09-08 16:29:16.167  1710  1862 D UsbDeviceManager: handleMessage MSG_UPDATE_STATE ,message.what=0
09-08 16:29:16.172  1710  1839 D ActivityManager: StartMode packageName = com.android.providers.media ,callingPid = -1 ,alwaysRestrict = true ,startMode = 2 ,UidRec:UidRecord{8b908d8 u0a21 SVC  bg:+18h28m22s621ms idle procs:1 seq(0,0,0)}
09-08 16:29:16.176  1710  1710 I VNOILNMS: ===VNOILNMS n=0 VideoStates=false NoticeStates=false flag_red=0 flag_green=0 mScreenOn=true mNotificationPulseEnabled=true
09-08 16:29:16.178  1710  1860 D Tethering: onReceive action = android.hardware.usb.action.USB_STATE
09-08 16:29:16.180  1710  1862 D UsbDeviceManager: functions=mtp ,mCurrentFunctionsStr=mtp,adb ,mCurrentFunctionsApplied=true
09-08 16:29:16.185  1710  1710 I VNOILNMS: ===VNOILNMS n=0 VideoStates=false NoticeStates=false flag_red=0 flag_green=0 mScreenOn=true mNotificationPulseEnabled=true
09-08 16:29:16.188  1710  1839 D CompatibilityInfo: mCompatibilityFlags - 0
09-08 16:29:16.188  1710  1839 D CompatibilityInfo: applicationDensity - 480
09-08 16:29:16.188  1710  1839 D CompatibilityInfo: applicationScale - 1.0
09-08 16:29:16.191  1710  2976 D PackageManager: package:10021 check permission,PERMISSION_GRANTED
09-08 16:29:16.217  1710  1710 D NotificationService: -1|android|10011|null|1000: updating permissions
09-08 16:29:16.234  1710  5425 D PackageManager: package:10018 check permission,PERMISSION_GRANTED
09-08 16:29:16.235  1710  1710 D NotificationService: -1|android|26|null|1000: updating permissions
09-08 16:29:16.252  1710  1710 D NotificationService: -1|android|2147483647|ranker_group|1000|ranker_group: updating permissions
09-08 16:29:16.266  1710  5421 D PackageManager: package:10018 check permission,PERMISSION_GRANTED
09-08 16:29:16.273   718   718 I SurfaceFlinger: FPS: 7
09-08 16:29:16.275  1710  5421 D PackageManager: package:10018 check permission,PERMISSION_GRANTED
09-08 16:29:16.528  1710  2176 I chatty  : uid=1000(system) AutobacklightTh identical 1 line
09-08 16:29:16.689   686   885 W qti_sensors_hal: processInd: angle direction: [0]: 2.000000 [1]: 23.045544 [2]: 24.696953 [3]: 0.000000 [4]: -0.000000 [5]: 0.000000 ts: 565438500684022
09-08 16:29:16.708   686   885 W qti_sensors_hal: processInd: angle direction: [0]: 2.000000 [1]: 23.045544 [2]: 24.696953 [3]: 0.000000 [4]: -0.000000 [5]: 0.000000 ts: 565438521405458
09-08 16:29:16.728   686   885 W qti_sensors_hal: processInd: angle direction: [0]: 2.000000 [1]: 23.045544 [2]: 24.696953 [3]: 0.000000 [4]: -0.000000 [5]: 0.000000 ts: 565438539410829
09-08 16:29:16.750   686   885 W qti_sensors_hal: processInd: angle direction: [0]: 2.000000 [1]: 23.045544 [2]: 24.696953 [3]: 0.000000 [4]: -0.000000 [5]: 0.000000 ts: 565438560406922
09-08 16:29:16.768   686   885 W qti_sensors_hal: processInd: angle direction: [0]: 2.000000 [1]: 23.045544 [2]: 24.696953 [3]: 0.000000 [4]: -0.000000 [5]: 0.000000 ts: 565438579785584
09-08 16:29:16.786   686   885 W qti_sensors_hal: processInd: angle direction: [0]: 2.000000 [1]: 23.045544 [2]: 24.696953 [3]: 0.000000 [4]: -0.000000 [5]: 0.000000 ts: 565438598950624
09-08 16:29:16.804   686   885 W qti_sensors_hal: processInd: angle direction: [0]: 2.000000 [1]: 23.045544 [2]: 24.696953 [3]: 0.000000 [4]: -0.000000 [5]: 0.000000 ts: 565438618085145
09-08 16:29:16.823   686   885 W qti_sensors_hal: processInd: angle direction: [0]: 3.000000 [1]: 25.117413 [2]: 34.626438 [3]: 0.000000 [4]: -0.000000 [5]: 0.000000 ts: 565438636609315
09-08 16:29:16.827  2704 11740 D AIE-Bolts-Task: New thread: BoltsBgPool-thread-3468
09-08 16:29:16.834  2704 11740 D AIE-Bolts-Task: New thread: BoltsBgPool-thread-3469
09-08 16:29:16.840  2704 11740 D AIE-Bolts-Task: New thread: BoltsBgPool-thread-3470
09-08 16:29:16.842   686   885 W qti_sensors_hal: processInd: angle direction: [0]: 3.000000 [1]: 25.117413 [2]: 34.626438 [3]: 0.000000 [4]: -0.000000 [5]: 0.000000 ts: 565438655591249
09-08 16:29:16.844  2704 11740 D AIE-Bolts-Task: New thread: BoltsBgPool-thread-3471
09-08 16:29:16.846  2704 11740 D AIE-Bolts-Task: New thread: BoltsBgPool-thread-3472
09-08 16:29:16.863   686   885 W qti_sensors_hal: processInd: angle direction: [0]: 3.000000 [1]: 25.117413 [2]: 34.626438 [3]: 0.000000 [4]: -0.000000 [5]: 0.000000 ts: 565438676495790
09-08 16:29:16.882   686   885 W qti_sensors_hal: processInd: angle direction: [0]: 3.000000 [1]: 25.117413 [2]: 34.626438 [3]: 0.000000 [4]: -0.000000 [5]: 0.000000 ts: 565438695904969
09-08 16:29:16.901   686   885 W qti_sensors_hal: processInd: angle direction: [0]: 3.000000 [1]: 25.117413 [2]: 34.626438 [3]: 0.000000 [4]: -0.000000 [5]: 0.000000 ts: 565438715039491
09-08 16:29:16.920   686   885 W qti_sensors_hal: processInd: angle direction: [0]: 3.000000 [1]: 25.117413 [2]: 34.626438 [3]: 0.000000 [4]: -0.000000 [5]: 0.000000 ts: 565438733533143
09-08 16:29:16.941   686   885 W qti_sensors_hal: processInd: angle direction: [0]: 3.000000 [1]: 25.117413 [2]: 34.626438 [3]: 0.000000 [4]: -0.000000 [5]: 0.000000 ts: 565438754010438
09-08 16:29:16.960   686   885 W qti_sensors_hal: processInd: angle direction: [0]: 3.000000 [1]: 25.117413 [2]: 34.626438 [3]: 0.000000 [4]: -0.000000 [5]: 0.000000 ts: 565438773205995
09-08 16:29:17.124 32400 32547 D MemoryCeilingMonitor: [handleMemoryCalculate]
09-08 16:29:17.125 32400 32547 D MemoryCeilingMonitor: [calculate] tot: 3350026, max: 268435456, free: 310098, heap: 3039928, per: 0.01132461428642273
09-08 16:29:17.161 26201 26201 D MainImeServiceDel: mHandler = 199
09-08 16:29:17.175  1710  2176 I chatty  : uid=1000(system) AutobacklightTh identical 2 lines
09-08 16:29:17.475  1710  1710 D FeatureService: onReceive action android.intent.action.BATTERY_CHANGED
09-08 16:29:17.480  2389  2389 D KeyguardUpdateMonitor: received broadcast android.intent.action.BATTERY_CHANGED
09-08 16:29:17.490  2762  2762 D QtiCarrierConfigHelper: WARNING, no carrier configs on phone Id: 0
09-08 16:29:17.491  1710  5524 V LocSvc_HIDL_Subscription_jni: battery_level_update
09-08 16:29:17.491  1710  5524 V LocSvc_HIDL_Subscription_jni: [battery_level_update][931] [HC] =>> [HS]
09-08 16:29:17.491   693   693 V LocSvc_HIDL_IzatSubscription: [batteryLevelUpdate][777] [HS] <<<<= [HC]
09-08 16:29:17.491  1710  5524 V LocSvc_HIDL_Subscription_jni: Exit Result 0
09-08 16:29:17.498  1710  1710 D FeatureService: onReceive action android.intent.action.BATTERY_CHANGED
09-08 16:29:17.500  1710  1710 D FeatureService: onReceive action android.intent.action.BATTERY_CHANGED
09-08 16:29:17.505  2762  2762 D QtiCarrierConfigHelper: WARNING, no carrier configs on phone Id: 0
09-08 16:29:17.506  1710  5524 V LocSvc_HIDL_Subscription_jni: battery_level_update
09-08 16:29:17.507  1710  5524 V LocSvc_HIDL_Subscription_jni: [battery_level_update][931] [HC] =>> [HS]
09-08 16:29:17.507   693   693 V LocSvc_HIDL_IzatSubscription: [batteryLevelUpdate][777] [HS] <<<<= [HC]
09-08 16:29:17.507  1710  5524 V LocSvc_HIDL_Subscription_jni: Exit Result 0
09-08 16:29:17.515  1710  1710 D FeatureService: onReceive action android.intent.action.BATTERY_CHANGED
09-08 16:29:17.518  2389  2389 D KeyguardUpdateMonitor: handleBatteryUpdate
09-08 16:29:17.521  1710  1710 I VNOILNMS: ===VNOILNMS n=0 VideoStates=false NoticeStates=false flag_red=0 flag_green=0 mScreenOn=true mNotificationPulseEnabled=true
09-08 16:29:17.532  2389  2389 D KeyguardUpdateMonitor: received broadcast android.intent.action.BATTERY_CHANGED
09-08 16:29:17.533  2389  2389 D KeyguardUpdateMonitor: handleBatteryUpdate
09-08 16:29:17.538   718   718 I SurfaceFlinger: FPS: 14
09-08 16:29:17.547  1710  5425 D PackageManager: package:10018 check permission,PERMISSION_GRANTED
09-08 16:29:17.550  1710  1710 D NotificationService: 0|com.android.systemui|10000|null|10018: updating permissions
09-08 16:29:17.550  1710  1710 D NotificationService: 0|com.android.systemui|10000|null|10018: destroying owner
09-08 16:29:17.741  1710  1862 D UsbDeviceManager: handleMessage MSG_UPDATE_STATE ,message.what=0
09-08 16:29:17.746  1710  1862 D NotificationService: DEBUG_OVERRIDE_NOTIFY:enqueueNotificationWithTag pkg=android opPkg=androidtag=null notification=Notification(channel=USB pri=0 contentView=null vibrate=null sound=null tick defaults=0x0 flags=0x2 color=0x00000000 vis=PUBLIC internalType=0 internalPriority=0 internalGroupPriority=0 internalFlag=0) userId =-1
09-08 16:29:17.746  1710  1862 V NotificationService: enqueueNotificationInternal: pkg=android id=10011 notification=Notification(channel=USB pri=0 contentView=null vibrate=null sound=null tick defaults=0x0 flags=0x2 color=0x00000000 vis=PUBLIC internalType=0 internalPriority=0 internalGroupPriority=0 internalFlag=0)
09-08 16:29:17.748  1710  1710 D NotificationService: EnqueueNotificationRunnable.run for: -1|android|10011|null|1000
09-08 16:29:17.749  1710  1862 D NotificationService: DEBUG_OVERRIDE_NOTIFY:enqueueNotificationWithTag pkg=android opPkg=androidtag=null notification=Notification(channel=DEVELOPER pri=0 contentView=null vibrate=null sound=null tick defaults=0x0 flags=0x2 color=0xff607d8b vis=PUBLIC internalType=0 internalPriority=0 internalGroupPriority=0 internalFlag=0) userId =-1
09-08 16:29:17.749  1710  1862 V NotificationService: enqueueNotificationInternal: pkg=android id=26 notification=Notification(channel=DEVELOPER pri=0 contentView=null vibrate=null sound=null tick defaults=0x0 flags=0x2 color=0xff607d8b vis=PUBLIC internalType=0 internalPriority=0 internalGroupPriority=0 internalFlag=0)
09-08 16:29:17.759  1710  1710 D NotificationService: EnqueueNotificationRunnable.run for: -1|android|26|null|1000
09-08 16:29:17.760  1710  1860 D Tethering: onReceive action = android.hardware.usb.action.USB_STATE
09-08 16:29:17.760  1710  1839 D ActivityManager: StartMode packageName = com.android.providers.media ,callingPid = -1 ,alwaysRestrict = true ,startMode = 2 ,UidRec:UidRecord{8b908d8 u0a21 SVC  bg:+18h28m24s209ms idle procs:1 seq(0,0,0)}
09-08 16:29:17.770  1710  1839 D CompatibilityInfo: mCompatibilityFlags - 0
09-08 16:29:17.770  1710  1839 D CompatibilityInfo: applicationDensity - 480
09-08 16:29:17.770  1710  1839 D CompatibilityInfo: applicationScale - 1.0
09-08 16:29:17.772  1710  5425 D PackageManager: package:10021 check permission,PERMISSION_GRANTED
09-08 16:29:17.798  1710  1710 D FeatureService: onReceive action android.intent.action.BATTERY_CHANGED
09-08 16:29:17.801  2762  2762 D QtiCarrierConfigHelper: WARNING, no carrier configs on phone Id: 0
09-08 16:29:17.802  2389  2389 D KeyguardUpdateMonitor: received broadcast android.intent.action.BATTERY_CHANGED
09-08 16:29:17.802  1710  5524 V LocSvc_HIDL_Subscription_jni: battery_level_update
09-08 16:29:17.803  1710  5524 V LocSvc_HIDL_Subscription_jni: [battery_level_update][931] [HC] =>> [HS]
09-08 16:29:17.804   693   693 V LocSvc_HIDL_IzatSubscription: [batteryLevelUpdate][777] [HS] <<<<= [HC]
09-08 16:29:17.804  1710  5524 V LocSvc_HIDL_Subscription_jni: Exit Result 0
09-08 16:29:17.805  1710  1710 D FeatureService: onReceive action android.intent.action.BATTERY_CHANGED
09-08 16:29:17.807  2389  2389 D KeyguardUpdateMonitor: handleBatteryUpdate
09-08 16:29:17.852  1710  1710 D NotificationService: -1|android|10011|null|1000: updating permissions
09-08 16:29:17.855  1710  1710 I chatty  : uid=1000 system_server identical 8 lines
09-08 16:29:17.856  1710  1710 D NotificationService: -1|android|10011|null|1000: updating permissions
09-08 16:29:17.877  1710  1862 D UsbDeviceManager: handleMessage MSG_UPDATE_STATE ,message.what=0
09-08 16:29:17.879  1710  1860 D Tethering: onReceive action = android.hardware.usb.action.USB_STATE
09-08 16:29:17.879  1710  1839 D ActivityManager: StartMode packageName = com.android.providers.media ,callingPid = -1 ,alwaysRestrict = true ,startMode = 2 ,UidRec:UidRecord{8b908d8 u0a21 SVC  bg:+18h28m24s328ms idle procs:1 seq(0,0,0)}
09-08 16:29:17.887  1710  1839 D CompatibilityInfo: mCompatibilityFlags - 0
09-08 16:29:17.888  1710  1710 D GroupHelper: sbn = StatusBarNotification(pkg=android user=UserHandle{-1} id=10011 tag=null key=-1|android|10011|null|1000 modified=false: Notification(channel=USB pri=0 contentView=null vibrate=null sound=null tick defaults=0x0 flags=0x2 color=0x00000000 vis=PUBLIC internalType=0 internalPriority=0 internalGroupPriority=0 internalFlag=0))
09-08 16:29:17.888  1710  1839 D CompatibilityInfo: applicationDensity - 480
09-08 16:29:17.888  1710  1839 D CompatibilityInfo: applicationScale - 1.0
09-08 16:29:17.890  1710  2976 D PackageManager: package:10021 check permission,PERMISSION_GRANTED
09-08 16:29:17.895  1710  1710 D NotificationService: -1|android|26|null|1000: updating permissions
09-08 16:29:17.898  1710  1710 I chatty  : uid=1000 system_server identical 8 lines
09-08 16:29:17.898  1710  1710 D NotificationService: -1|android|26|null|1000: updating permissions
09-08 16:29:17.898  1710  1710 D NotificationService: EnqueueNotificationRunnable.run for: -1|android|2147483647|ranker_group|1000|ranker_group
09-08 16:29:17.899  1710  5425 D CompatibilityInfo: mCompatibilityFlags - 0
09-08 16:29:17.899  1710  5425 D CompatibilityInfo: applicationDensity - 480
09-08 16:29:17.899  1710  5425 D CompatibilityInfo: applicationScale - 1.0
09-08 16:29:17.911  1710  1839 D ActivityManager: StartMode packageName = com.android.providers.media ,callingPid = -1 ,alwaysRestrict = true ,startMode = 2 ,UidRec:UidRecord{8b908d8 u0a21 SVC  bg:+18h28m24s360ms idle procs:1 seq(0,0,0)}
09-08 16:29:17.912  1710  1839 W BroadcastQueue: Background execution not allowed: receiving Intent { act=vivo.intent.action.MEDIA_SCAN_WHITELIST flg=0x10 } to com.android.providers.media/.MediaScannerReceiver
09-08 16:29:17.929  1710  5423 D PackageManager: package:10021 check permission,PERMISSION_GRANTED
09-08 16:29:17.929  5867  5867 D MtpService: starting MTP server in MTP mode with storage /storage/emulated/0 unlocked as user 0
09-08 16:29:17.933  5867  5867 I MtpService: Couldn't get control FD!
09-08 16:29:17.940  5867  5867 V MtpService: Adding MTP storage:/storage/emulated/0
09-08 16:29:18.002  1710  1710 D NotificationService: -1|android|2147483647|ranker_group|1000|ranker_group: updating permissions
09-08 16:29:18.004  1710  1710 I chatty  : uid=1000 system_server identical 8 lines
09-08 16:29:18.004  1710  1710 D NotificationService: -1|android|2147483647|ranker_group|1000|ranker_group: updating permissions
09-08 16:29:18.005  1710  2522 D PackageManager: package:10018 check permission,PERMISSION_GRANTED
09-08 16:29:18.017  1710  1710 D GroupHelper: sbn = StatusBarNotification(pkg=android user=UserHandle{-1} id=2147483647 tag=ranker_group key=-1|android|2147483647|ranker_group|1000|ranker_group modified=true: Notification(channel=USB pri=0 contentView=null vibrate=null sound=null defaults=0x0 flags=0x700 color=0x00000000 groupKey=ranker_group vis=PRIVATE internalType=0 internalPriority=0 internalGroupPriority=0 internalFlag=0))
09-08 16:29:18.035  1710  2522 D PackageManager: package:10018 check permission,PERMISSION_GRANTED
09-08 16:29:18.166  1710  2522 D PackageManager: package:10018 check permission,PERMISSION_GRANTED
09-08 16:29:18.296  2389  2389 D KeyguardUpdateMonitor: received broadcast android.intent.action.BATTERY_CHANGED
09-08 16:29:18.296  1710  1710 D FeatureService: onReceive action android.intent.action.BATTERY_CHANGED
09-08 16:29:18.297  2389  2389 D KeyguardUpdateMonitor: handleBatteryUpdate
09-08 16:29:18.299  1710  5524 V LocSvc_HIDL_Subscription_jni: battery_level_update
09-08 16:29:18.300  2762  2762 D QtiCarrierConfigHelper: WARNING, no carrier configs on phone Id: 0
09-08 16:29:18.301  1710  5524 V LocSvc_HIDL_Subscription_jni: [battery_level_update][931] [HC] =>> [HS]
09-08 16:29:18.301   693   693 V LocSvc_HIDL_IzatSubscription: [batteryLevelUpdate][777] [HS] <<<<= [HC]
09-08 16:29:18.303  1710  5524 V LocSvc_HIDL_Subscription_jni: Exit Result 0
09-08 16:29:18.307  1710  1710 D FeatureService: onReceive action android.intent.action.BATTERY_CHANGED
09-08 16:29:18.781  1710  2176 I chatty  : uid=1000(system) AutobacklightTh identical 3 lines
09-08 16:29:19.028  2389  2389 D KeyguardUpdateMonitor: received broadcast android.intent.action.BATTERY_CHANGED
09-08 16:29:19.030  1710  1710 D FeatureService: onReceive action android.intent.action.BATTERY_CHANGED
09-08 16:29:19.030  2389  2389 D KeyguardUpdateMonitor: handleBatteryUpdate
09-08 16:29:19.031  1710  5524 V LocSvc_HIDL_Subscription_jni: battery_level_update
09-08 16:29:19.032  2762  2762 D QtiCarrierConfigHelper: WARNING, no carrier configs on phone Id: 0
09-08 16:29:19.032  1710  5524 V LocSvc_HIDL_Subscription_jni: [battery_level_update][931] [HC] =>> [HS]
09-08 16:29:19.032   693   693 V LocSvc_HIDL_IzatSubscription: [batteryLevelUpdate][777] [HS] <<<<= [HC]
09-08 16:29:19.034  1710  5524 V LocSvc_HIDL_Subscription_jni: Exit Result 0
09-08 16:29:19.040  1710  1710 D FeatureService: onReceive action android.intent.action.BATTERY_CHANGED
09-08 16:29:20.493 28988 29025 I NearbySharing: FastInitiation warming period has ended [CONTEXT service_id=194 ]
09-08 16:29:21.357   718   718 I SurfaceFlinger: FPS: 35
09-08 16:29:21.361  1710  2176 I chatty  : uid=1000(system) AutobacklightTh identical 14 lines
09-08 16:29:21.514  1710  5423 V AlarmAlign: setLocked to kernel, type = 2, when = 565606678, curTime = 565443330
09-08 16:29:21.514  1710  5423 V AlarmAlign: setLocked to kernel, type = 3, when = 565451295, curTime = 565443330
09-08 16:29:21.517  1710  5422 V AlarmAlign: setLocked to kernel, type = 2, when = 565606678, curTime = 565443333
09-08 16:29:21.517  1710  5422 V AlarmAlign: setLocked to kernel, type = 3, when = 565451295, curTime = 565443333
09-08 16:29:21.540  1710  2522 I ActivityManager: Killing 9559:com.google.process.gapps/u0a478 (adj 906): empty for 3447s
09-08 16:29:21.544  1710  1843 W libprocessgroup: kill(-9559, 9) failed: No such process
09-08 16:29:21.551  1710  1843 I chatty  : uid=1000(system) ActivityManager identical 1 line
09-08 16:29:21.561  1710  1843 W libprocessgroup: kill(-9559, 9) failed: No such process
09-08 16:29:21.574   977   977 I Zygote  : Process 9559 exited due to signal (9)
09-08 16:29:21.578  1710  1843 W libprocessgroup: kill(-9559, 9) failed: No such process
09-08 16:29:21.578  1710  1843 I libprocessgroup: Successfully killed process cgroup uid 10478 pid 9559 in 34ms
09-08 16:29:21.578  1710  5421 D PackageManager: package:1000 check permission,PERMISSION_GRANTED
09-08 16:29:21.579  1710  5422 D PackageManager: package:1000 check permission,PERMISSION_GRANTED
09-08 16:29:21.593  1710  5422 D PackageManager: package:1000 check permission,PERMISSION_GRANTED
09-08 16:29:21.595  1710  5423 D PackageManager: package:1000 check permission,PERMISSION_GRANTED
09-08 16:29:21.598  1710  5422 D PackageManager: package:1000 check permission,PERMISSION_GRANTED
09-08 16:29:24.356   718   718 I SurfaceFlinger: FPS: 1
09-08 16:29:24.904  1710  2176 I chatty  : uid=1000(system) AutobacklightTh identical 20 lines
09-08 16:29:25.075  1007  1186 E storaged: getDiskStats failed with result NOT_SUPPORTED and size 0
09-08 16:29:27.131 32400 32547 D MemoryCeilingMonitor: [handleMemoryCalculate]
09-08 16:29:27.131 32400 32547 D MemoryCeilingMonitor: [calculate] tot: 3350026, max: 268435456, free: 293570, heap: 3056456, per: 0.011386185884475708
09-08 16:29:27.355   718   718 I SurfaceFlinger: FPS: 1
09-08 16:29:29.481  1710  2037 V AlarmAlign: mAlarmBatches = 62, triggerList = 1
09-08 16:29:29.508  1710  2037 D CompatibilityInfo: mCompatibilityFlags - 0
09-08 16:29:29.508  1710  2037 D CompatibilityInfo: applicationDensity - 480
09-08 16:29:29.508  1710  2037 D CompatibilityInfo: applicationScale - 1.0
09-08 16:29:29.523  1710  2037 V AlarmAlign: setLocked to kernel, type = 2, when = 565606678, curTime = 565451339
09-08 16:29:29.523  1710  2037 V AlarmAlign: setLocked to kernel, type = 3, when = 565481816, curTime = 565451339
09-08 16:29:29.525  1710  5423 V AlarmAlign: setLocked to kernel, type = 2, when = 565606678, curTime = 565451341
09-08 16:29:29.525  1710  5423 V AlarmAlign: setLocked to kernel, type = 3, when = 565481816, curTime = 565451341
09-08 16:29:29.546 24110 11829 I Authzen : [DeviceStateSyncManager] The server is in sync with current state. Nothing to do
09-08 16:29:29.587 28988 28988 D BoundBrokerSvc: onUnbind: Intent { act=com.google.android.gms.trustagent.BridgeApi.START pkg=com.google.android.gms }
09-08 16:29:29.596 28988 28988 D BoundBrokerSvc: onUnbind: Intent { act=com.google.android.gms.gmscompliance.service.START dat=chimera-action:com.google.android.gms.gmscompliance.service.START cmp=com.google.android.gms/.chimera.PersistentBoundBrokerService }
09-08 16:29:29.599 24110 24110 D BoundBrokerSvc: onUnbind: Intent { act=com.google.android.gms.auth.cryptauth.cryptauthservice.START dat=chimera-action:com.google.android.gms.auth.cryptauth.cryptauthservice.START cmp=com.google.android.gms/.chimera.GmsBoundBrokerService }
09-08 16:29:29.600 24110 24110 D BoundBrokerSvc: onUnbind: Intent { act=com.google.android.gms.cast.firstparty.START dat=chimera-action:com.google.android.gms.cast.firstparty.START cmp=com.google.android.gms/.chimera.GmsBoundBrokerService }
09-08 16:29:30.354   718   718 I SurfaceFlinger: FPS: 1
09-08 16:29:33.368   718   718 I SurfaceFlinger: FPS: 1
09-08 16:29:33.913  1710  2176 I chatty  : uid=1000(system) AutobacklightTh identical 54 lines
09-08 16:29:34.208  2389  2389 D KeyguardUpdateMonitor: received broadcast android.intent.action.BATTERY_CHANGED
09-08 16:29:34.209  2389  2389 D KeyguardUpdateMonitor: handleBatteryUpdate
09-08 16:29:34.211  1710  1710 D FeatureService: onReceive action android.intent.action.BATTERY_CHANGED
09-08 16:29:34.215  2762  2762 D QtiCarrierConfigHelper: WARNING, no carrier configs on phone Id: 0
09-08 16:29:34.215  1710  5524 V LocSvc_HIDL_Subscription_jni: battery_level_update
09-08 16:29:34.216  1710  5524 V LocSvc_HIDL_Subscription_jni: [battery_level_update][931] [HC] =>> [HS]
09-08 16:29:34.216   693   693 V LocSvc_HIDL_IzatSubscription: [batteryLevelUpdate][777] [HS] <<<<= [HC]
09-08 16:29:34.217  1710  5524 V LocSvc_HIDL_Subscription_jni: Exit Result 0
09-08 16:29:34.225  1710  1710 D FeatureService: onReceive action android.intent.action.BATTERY_CHANGED
09-08 16:29:35.364  1710  2176 I chatty  : uid=1000(system) AutobacklightTh identical 7 lines
09-08 16:29:35.683  1710  5422 D PackageManager: package:10018 check permission,PERMISSION_GRANTED
09-08 16:29:35.683  1710  5422 I chatty  : uid=1000(system) Binder:1710_15 identical 1 line
09-08 16:29:35.684  1710  5422 D PackageManager: package:10018 check permission,PERMISSION_GRANTED
09-08 16:29:35.684  1710  5422 W ActivityManager: Unable to start service Intent { act=android.security.IKeyChainService cmp=com.android.keychain/.KeyChainService } U=999: not found
09-08 16:29:35.685  2389 11807 I SecurityController: java.lang.AssertionError: could not bind to KeyChainService
09-08 16:29:36.367   718   718 I SurfaceFlinger: FPS: 1
09-08 16:29:36.569  1710  5421 V AlarmAlign: setLocked to kernel, type = 2, when = 565606678, curTime = 565458384
09-08 16:29:36.569  1710  5421 V AlarmAlign: setLocked to kernel, type = 3, when = 565481816, curTime = 565458385
09-08 16:29:37.142 32400 32547 D MemoryCeilingMonitor: [handleMemoryCalculate]
09-08 16:29:37.143 32400 32547 D MemoryCeilingMonitor: [calculate] tot: 3350026, max: 268435456, free: 260658, heap: 3089368, per: 0.011508792638778687
09-08 16:29:37.816   718   718 I SurfaceFlinger: FPS: 1
09-08 16:29:39.349   718   718 I SurfaceFlinger: FPS: 1
09-08 16:29:42.366   718   718 I SurfaceFlinger: FPS: 2
09-08 16:29:42.441  1710  2176 I chatty  : uid=1000(system) AutobacklightTh identical 42 lines
09-08 16:29:42.741  2389  2389 D KeyguardUpdateMonitor: received broadcast android.intent.action.BATTERY_CHANGED
09-08 16:29:42.743  1710  1710 D FeatureService: onReceive action android.intent.action.BATTERY_CHANGED
09-08 16:29:42.746  2389  2389 D KeyguardUpdateMonitor: handleBatteryUpdate
09-08 16:29:42.759  2762  2762 D QtiCarrierConfigHelper: WARNING, no carrier configs on phone Id: 0
09-08 16:29:42.760  1710  5524 V LocSvc_HIDL_Subscription_jni: battery_level_update
09-08 16:29:42.762  1710  5524 V LocSvc_HIDL_Subscription_jni: [battery_level_update][931] [HC] =>> [HS]
09-08 16:29:42.763   693   693 V LocSvc_HIDL_IzatSubscription: [batteryLevelUpdate][777] [HS] <<<<= [HC]
09-08 16:29:42.764  1710  5524 V LocSvc_HIDL_Subscription_jni: Exit Result 0
09-08 16:29:42.768  1710  1710 D FeatureService: onReceive action android.intent.action.BATTERY_CHANGED
09-08 16:29:42.769  1710  5421 D PackageManager: package:10569 check permission,PERMISSION_GRANTED
09-08 16:29:42.772  1710  5423 D PackageManager: package:10569 check permission,PERMISSION_GRANTED
09-08 16:29:42.781  1710  5421 D NotificationService: DEBUG_OVERRIDE_NOTIFY:enqueueNotificationWithTag pkg=com.android.systemui opPkg=com.android.systemuitag=null notification=Notification(channel=GEN pri=0 contentView=null vibrate=null sound=null tick defaults=0x0 flags=0x10 color=0x00000000 vis=PRIVATE internalType=0 internalPriority=0 internalGroupPriority=0 internalFlag=0) userId =0
09-08 16:29:42.782  1710  5421 V NotificationService: enqueueNotificationInternal: pkg=com.android.systemui id=10000 notification=Notification(channel=GEN pri=0 contentView=null vibrate=null sound=null tick defaults=0x0 flags=0x10 color=0x00000000 vis=PRIVATE internalType=0 internalPriority=0 internalGroupPriority=0 internalFlag=0)
09-08 16:29:42.783  1710  1710 D NotificationService: EnqueueNotificationRunnable.run for: 0|com.android.systemui|10000|null|10018
09-08 16:29:42.874  2713  2735 I o.daemonServic: Background concurrent copying GC freed 33150(2MB) AllocSpace objects, 40(800KB) LOS objects, 49% free, 3MB/6MB, paused 351us total 119.454ms
09-08 16:29:42.888  1710  1710 D NotificationService: 0|com.android.systemui|10000|null|10018: updating permissions
09-08 16:29:42.889  1710  1710 D NotificationService: 0|com.android.systemui|10000|null|10018: creating owner
09-08 16:29:42.889  1710  1710 D NotificationService: 0|com.android.systemui|10000|null|10018: granting content://settings/system/notification_sound
09-08 16:29:42.889  1710  1710 D NotificationService: 0|com.android.systemui|10000|null|10018: updating permissions
09-08 16:29:42.889  1710  1710 D NotificationService: 0|com.android.systemui|10000|null|10018: granting content://settings/system/notification_sound
09-08 16:29:42.890  1710  1710 D NotificationService: 0|com.android.systemui|10000|null|10018: updating permissions
09-08 16:29:42.890  1710  1710 D NotificationService: 0|com.android.systemui|10000|null|10018: granting content://settings/system/notification_sound
09-08 16:29:42.890  1710  1710 D NotificationService: 0|com.android.systemui|10000|null|10018: updating permissions
09-08 16:29:42.890  1710  1710 D NotificationService: 0|com.android.systemui|10000|null|10018: granting content://settings/system/notification_sound
09-08 16:29:42.891  1710  1710 D NotificationService: 0|com.android.systemui|10000|null|10018: updating permissions
09-08 16:29:42.891  1710  1710 D NotificationService: 0|com.android.systemui|10000|null|10018: granting content://settings/system/notification_sound
09-08 16:29:42.891  1710  1710 D NotificationService: 0|com.android.systemui|10000|null|10018: updating permissions
09-08 16:29:42.891  1710  1710 D NotificationService: 0|com.android.systemui|10000|null|10018: granting content://settings/system/notification_sound
09-08 16:29:42.891  1710  1710 D NotificationService: 0|com.android.systemui|10000|null|10018: updating permissions
09-08 16:29:42.891  1710  1710 D NotificationService: 0|com.android.systemui|10000|null|10018: granting content://settings/system/notification_sound
09-08 16:29:42.892  1710  1710 D NotificationService: 0|com.android.systemui|10000|null|10018: updating permissions
09-08 16:29:42.892  1710  1710 D NotificationService: 0|com.android.systemui|10000|null|10018: granting content://settings/system/notification_sound
09-08 16:29:42.892  1710  1710 D NotificationService: 0|com.android.systemui|10000|null|10018: updating permissions
09-08 16:29:42.892  1710  1710 D NotificationService: 0|com.android.systemui|10000|null|10018: granting content://settings/system/notification_sound
09-08 16:29:42.893  1710  1710 D NotificationService: 0|com.android.systemui|10000|null|10018: updating permissions
09-08 16:29:42.893  1710  1710 D NotificationService: 0|com.android.systemui|10000|null|10018: granting content://settings/system/notification_sound
09-08 16:29:42.920  1710  1710 D GroupHelper: sbn = StatusBarNotification(pkg=com.android.systemui user=UserHandle{0} id=10000 tag=null key=0|com.android.systemui|10000|null|10018 modified=false: Notification(channel=GEN pri=0 contentView=null vibrate=null sound=null tick defaults=0x0 flags=0x10 color=0x00000000 vis=PRIVATE internalType=0 internalPriority=0 internalGroupPriority=0 internalFlag=0))
09-08 16:29:42.982  1710  5422 D PackageManager: package:10018 check permission,PERMISSION_GRANTED
09-08 16:29:45.362   718   718 I SurfaceFlinger: FPS: 18
09-08 16:29:46.949  1710  2176 I chatty  : uid=1000(system) AutobacklightTh identical 25 lines
09-08 16:29:47.153 32400 32547 D MemoryCeilingMonitor: [handleMemoryCalculate]
09-08 16:29:47.153 32400 32547 D MemoryCeilingMonitor: [calculate] tot: 3350026, max: 268435456, free: 244130, heap: 3105896, per: 0.011570364236831665
09-08 16:29:47.211  1710  1710 D FeatureService: onReceive action android.intent.action.BATTERY_CHANGED
09-08 16:29:47.211  2389  2389 D KeyguardUpdateMonitor: received broadcast android.intent.action.BATTERY_CHANGED
09-08 16:29:47.212  2389  2389 D KeyguardUpdateMonitor: handleBatteryUpdate
09-08 16:29:47.215  2762  2762 D QtiCarrierConfigHelper: WARNING, no carrier configs on phone Id: 0
09-08 16:29:47.216  1710  5524 V LocSvc_HIDL_Subscription_jni: battery_level_update
09-08 16:29:47.217  1710  5524 V LocSvc_HIDL_Subscription_jni: [battery_level_update][931] [HC] =>> [HS]
09-08 16:29:47.217   693   693 V LocSvc_HIDL_IzatSubscription: [batteryLevelUpdate][777] [HS] <<<<= [HC]
09-08 16:29:47.218  1710  5524 V LocSvc_HIDL_Subscription_jni: Exit Result 0
09-08 16:29:47.229  1710  1710 D FeatureService: onReceive action android.intent.action.BATTERY_CHANGED
09-08 16:29:47.233  1710  1732 I system_server: Background concurrent copying GC freed 561246(20MB) AllocSpace objects, 64(3MB) LOS objects, 32% free, 49MB/73MB, paused 293us total 237.626ms
09-08 16:29:47.234  1710  1710 D FeatureService: onReceive action android.intent.action.BATTERY_CHANGED
09-08 16:29:47.238  2389  2389 D KeyguardUpdateMonitor: received broadcast android.intent.action.BATTERY_CHANGED
09-08 16:29:47.241  2389  2389 D KeyguardUpdateMonitor: handleBatteryUpdate
09-08 16:29:47.243  1710  5524 V LocSvc_HIDL_Subscription_jni: battery_level_update
09-08 16:29:47.243  2762  2762 D QtiCarrierConfigHelper: WARNING, no carrier configs on phone Id: 0
09-08 16:29:47.244  1710  5524 V LocSvc_HIDL_Subscription_jni: [battery_level_update][931] [HC] =>> [HS]
09-08 16:29:47.244   693   693 V LocSvc_HIDL_IzatSubscription: [batteryLevelUpdate][777] [HS] <<<<= [HC]
09-08 16:29:47.244  1710  5524 V LocSvc_HIDL_Subscription_jni: Exit Result 0
09-08 16:29:47.248  1710  1710 D FeatureService: onReceive action android.intent.action.BATTERY_CHANGED
09-08 16:29:47.432  1710  2176 I chatty  : uid=1000(system) AutobacklightTh identical 1 line
09-08 16:29:47.739   686   885 W qti_sensors_hal: processInd: angle direction: [0]: 2.000000 [1]: -15.324724 [2]: 28.224367 [3]: 0.000000 [4]: -0.000000 [5]: 0.000000 ts: 565469550005576
09-08 16:29:47.757   686   885 W qti_sensors_hal: processInd: angle direction: [0]: 2.000000 [1]: -15.324724 [2]: 28.224367 [3]: 0.000000 [4]: -0.000000 [5]: 0.000000 ts: 565469569353720
09-08 16:29:47.778   686   885 W qti_sensors_hal: processInd: angle direction: [0]: 2.000000 [1]: -15.324724 [2]: 28.224367 [3]: 0.000000 [4]: -0.000000 [5]: 0.000000 ts: 565469588701865
09-08 16:29:47.797   686   885 W qti_sensors_hal: processInd: angle direction: [0]: 2.000000 [1]: -15.324724 [2]: 28.224367 [3]: 0.000000 [4]: -0.000000 [5]: 0.000000 ts: 565469608050009
09-08 16:29:47.814   686   885 W qti_sensors_hal: processInd: angle direction: [0]: 1.000000 [1]: -20.486609 [2]: 15.936878 [3]: 0.000000 [4]: -0.000000 [5]: 0.000000 ts: 565469627398154
09-08 16:29:47.835   686   885 W qti_sensors_hal: processInd: angle direction: [0]: 1.000000 [1]: -20.486609 [2]: 15.936878 [3]: 0.000000 [4]: -0.000000 [5]: 0.000000 ts: 565469646776816
09-08 16:29:47.854   686   885 W qti_sensors_hal: processInd: angle direction: [0]: 1.000000 [1]: -20.486609 [2]: 15.936878 [3]: 0.000000 [4]: -0.000000 [5]: 0.000000 ts: 565469666124961
09-08 16:29:47.875   686   885 W qti_sensors_hal: processInd: angle direction: [0]: 1.000000 [1]: -20.486609 [2]: 15.936878 [3]: 0.000000 [4]: -0.000000 [5]: 0.000000 ts: 565469685473105
09-08 16:29:47.893   686   885 W qti_sensors_hal: processInd: angle direction: [0]: 1.000000 [1]: -20.486609 [2]: 15.936878 [3]: 0.000000 [4]: -0.000000 [5]: 0.000000 ts: 565469704821250
09-08 16:29:47.914   686   885 W qti_sensors_hal: processInd: angle direction: [0]: 1.000000 [1]: -20.486609 [2]: 15.936878 [3]: 0.000000 [4]: -0.000000 [5]: 0.000000 ts: 565469724199912
09-08 16:29:47.931   686   885 W qti_sensors_hal: processInd: angle direction: [0]: 1.000000 [1]: -20.486609 [2]: 15.936878 [3]: 0.000000 [4]: -0.000000 [5]: 0.000000 ts: 565469743548056
09-08 16:29:47.952   686   885 W qti_sensors_hal: processInd: angle direction: [0]: 1.000000 [1]: -20.486609 [2]: 15.936878 [3]: 0.000000 [4]: -0.000000 [5]: 0.000000 ts: 565469762896201
09-08 16:29:47.992   686   885 W qti_sensors_hal: processInd: angle direction: [0]: 5.000000 [1]: -30.377668 [2]: 5.547886 [3]: 0.000000 [4]: -0.000000 [5]: 0.000000 ts: 565469801592490
09-08 16:29:48.009   686   885 W qti_sensors_hal: processInd: angle direction: [0]: 5.000000 [1]: -30.377668 [2]: 5.547886 [3]: 0.000000 [4]: -0.000000 [5]: 0.000000 ts: 565469820971152
09-08 16:29:48.027   686   885 W qti_sensors_hal: processInd: angle direction: [0]: 5.000000 [1]: -30.377668 [2]: 5.547886 [3]: 0.000000 [4]: -0.000000 [5]: 0.000000 ts: 565469840319297
09-08 16:29:48.046   686   885 W qti_sensors_hal: processInd: angle direction: [0]: 5.000000 [1]: -30.377668 [2]: 5.547886 [3]: 0.000000 [4]: -0.000000 [5]: 0.000000 ts: 565469859667441
09-08 16:29:48.067   686   885 W qti_sensors_hal: processInd: angle direction: [0]: 5.000000 [1]: -30.377668 [2]: 5.547886 [3]: 0.000000 [4]: -0.000000 [5]: 0.000000 ts: 565469879015586
09-08 16:29:48.086   686   885 W qti_sensors_hal: processInd: angle direction: [0]: 5.000000 [1]: -30.377668 [2]: 5.547886 [3]: 0.000000 [4]: -0.000000 [5]: 0.000000 ts: 565469898394248
09-08 16:29:48.105   686   885 W qti_sensors_hal: processInd: angle direction: [0]: 5.000000 [1]: -30.377668 [2]: 5.547886 [3]: 0.000000 [4]: -0.000000 [5]: 0.000000 ts: 565469917742392
09-08 16:29:48.124   686   885 W qti_sensors_hal: processInd: angle direction: [0]: 5.000000 [1]: -30.377668 [2]: 5.547886 [3]: 0.000000 [4]: -0.000000 [5]: 0.000000 ts: 565469937090537
09-08 16:29:48.233  1710  2176 I chatty  : uid=1000(system) AutobacklightTh identical 1 line
09-08 16:29:48.344   718   718 I SurfaceFlinger: FPS: 1
09-08 16:29:48.455   686   885 W qti_sensors_hal: processInd: angle direction: [0]: 1.000000 [1]: -20.337511 [2]: 0.675398 [3]: 0.000000 [4]: -0.000000 [5]: 0.000000 ts: 565470266100547
09-08 16:29:48.474   686   885 W qti_sensors_hal: processInd: angle direction: [0]: 1.000000 [1]: -20.337511 [2]: 0.675398 [3]: 0.000000 [4]: -0.000000 [5]: 0.000000 ts: 565470285448691
09-08 16:29:48.493   686   885 W qti_sensors_hal: processInd: angle direction: [0]: 1.000000 [1]: -20.337511 [2]: 0.675398 [3]: 0.000000 [4]: -0.000000 [5]: 0.000000 ts: 565470304827353
09-08 16:29:48.511   686   885 W qti_sensors_hal: processInd: angle direction: [0]: 1.000000 [1]: -20.337511 [2]: 0.675398 [3]: 0.000000 [4]: -0.000000 [5]: 0.000000 ts: 565470324175498
09-08 16:29:48.529   686   885 W qti_sensors_hal: processInd: angle direction: [0]: 1.000000 [1]: -20.337511 [2]: 0.675398 [3]: 0.000000 [4]: -0.000000 [5]: 0.000000 ts: 565470343523642
09-08 16:29:48.551   686   885 W qti_sensors_hal: processInd: angle direction: [0]: 1.000000 [1]: -20.337511 [2]: 0.675398 [3]: 0.000000 [4]: -0.000000 [5]: 0.000000 ts: 565470362871787
09-08 16:29:48.571   686   885 W qti_sensors_hal: processInd: angle direction: [0]: 1.000000 [1]: -20.337511 [2]: 0.675398 [3]: 0.000000 [4]: -0.000000 [5]: 0.000000 ts: 565470382219931
09-08 16:29:48.591   686   885 W qti_sensors_hal: processInd: angle direction: [0]: 1.000000 [1]: -20.337511 [2]: 0.675398 [3]: 0.000000 [4]: -0.000000 [5]: 0.000000 ts: 565470401598593
09-08 16:29:49.518  1710  2176 I chatty  : uid=1000(system) AutobacklightTh identical 6 lines
09-08 16:29:49.777  1710  1840 V WindowOrientationListener: in onTouchEndLocked. proposedRotation=0, oldProposedRotation=0
09-08 16:29:49.842   718   718 I SurfaceFlinger: FPS: 2
09-08 16:29:51.359   718   718 I SurfaceFlinger: FPS: 1
09-08 16:29:52.903  1710  2176 I chatty  : uid=1000(system) AutobacklightTh identical 19 lines
09-08 16:29:53.132  2389  2389 D KeyguardUpdateMonitor: received broadcast android.intent.action.BATTERY_CHANGED
09-08 16:29:53.133  2389  2389 D KeyguardUpdateMonitor: handleBatteryUpdate
09-08 16:29:53.136  1710  5524 V LocSvc_HIDL_Subscription_jni: battery_level_update
09-08 16:29:53.136  2762  2762 D QtiCarrierConfigHelper: WARNING, no carrier configs on phone Id: 0
09-08 16:29:53.141  1710  1710 D FeatureService: onReceive action android.intent.action.BATTERY_CHANGED
09-08 16:29:53.141  1710  5524 V LocSvc_HIDL_Subscription_jni: [battery_level_update][931] [HC] =>> [HS]
09-08 16:29:53.141  1710  1710 D FeatureService: onReceive action android.intent.action.BATTERY_CHANGED
09-08 16:29:53.142   693   693 V LocSvc_HIDL_IzatSubscription: [batteryLevelUpdate][777] [HS] <<<<= [HC]
09-08 16:29:53.142  1710  5524 V LocSvc_HIDL_Subscription_jni: Exit Result 0
09-08 16:29:53.145  1710  2976 D PackageManager: package:10569 check permission,PERMISSION_GRANTED
09-08 16:29:53.145  1710  5422 D PackageManager: package:10569 check permission,PERMISSION_GRANTED
09-08 16:29:54.357   718   718 I SurfaceFlinger: FPS: 1
09-08 16:29:57.166 32400 32547 D MemoryCeilingMonitor: [handleMemoryCalculate]
09-08 16:29:57.167 32400 32547 D MemoryCeilingMonitor: [calculate] tot: 3350026, max: 268435456, free: 211218, heap: 3138808, per: 0.011692970991134644
09-08 16:29:57.372   718   718 I SurfaceFlinger: FPS: 1
09-08 16:29:59.666  1710  2176 I chatty  : uid=1000(system) AutobacklightTh identical 40 lines
09-08 16:29:59.903  1710  1710 D FeatureService: onReceive action android.intent.action.BATTERY_CHANGED
09-08 16:29:59.903  2389  2389 D KeyguardUpdateMonitor: received broadcast android.intent.action.BATTERY_CHANGED
09-08 16:29:59.904  2389  2389 D KeyguardUpdateMonitor: handleBatteryUpdate
09-08 16:29:59.907  2762  2762 D QtiCarrierConfigHelper: WARNING, no carrier configs on phone Id: 0
09-08 16:29:59.907  1710  5524 V LocSvc_HIDL_Subscription_jni: battery_level_update
09-08 16:29:59.908  1710  5524 V LocSvc_HIDL_Subscription_jni: [battery_level_update][931] [HC] =>> [HS]
09-08 16:29:59.908   693   693 V LocSvc_HIDL_IzatSubscription: [batteryLevelUpdate][777] [HS] <<<<= [HC]
09-08 16:29:59.909  1710  5524 V LocSvc_HIDL_Subscription_jni: Exit Result 0
09-08 16:29:59.913  1710  2976 D PackageManager: package:10569 check permission,PERMISSION_GRANTED
09-08 16:29:59.914  1710  1710 D FeatureService: onReceive action android.intent.action.BATTERY_CHANGED
09-08 16:29:59.916  1710  5423 D PackageManager: package:10569 check permission,PERMISSION_GRANTED
09-08 16:30:00.000  1710  2037 V AlarmAlign: mAlarmBatches = 61, triggerList = 1
09-08 16:30:00.003  1710  2037 V AlarmAlign: setLocked to kernel, type = 2, when = 565606678, curTime = 565481819
09-08 16:30:00.005  1710  1710 V AlarmAlign: setLocked to kernel, type = 2, when = 565606678, curTime = 565481820
09-08 16:30:00.005  1710  1710 V AlarmAlign: setLocked to kernel, type = 3, when = 565541816, curTime = 565481820
09-08 16:30:00.007  2389  2389 D KeyguardUpdateMonitor: handleTimeUpdate
09-08 16:30:00.054   718   718 I SurfaceFlinger: FPS: 1
09-08 16:30:00.068  4383  4437 E BitmapFactory: Unable to decode stream: java.io.FileNotFoundException: /oem/etc/theme/icons/dynamic_icon/com.android.BBKClock/res/drawable-sw360dp-xxhdpi/clock_hour.png (No such file or directory)
09-08 16:30:00.069  4383  4437 E BitmapFactory: Unable to decode stream: java.io.FileNotFoundException: /oem/etc/theme/icons/dynamic_icon/com.android.BBKClock/res/drawable-sw360dp-xxhdpi/clock_minute.png (No such file or directory)
09-08 16:30:00.070  4383  4437 E BitmapFactory: Unable to decode stream: java.io.FileNotFoundException: /oem/etc/theme/icons/dynamic_icon/com.android.BBKClock/res/drawable-sw360dp-xxhdpi/clock_dial.png (No such file or directory)
09-08 16:30:00.073  4383  4437 E BitmapFactory: Unable to decode stream: java.io.FileNotFoundException: /oem/etc/theme/icons/dynamic_icon/com.android.BBKClock/res/drawable-sw360dp-xxhdpi/clock_dial_center.png (No such file or directory)
09-08 16:30:00.736 32400 32562 D WorkerThreadMonitor: Kill MSF check result[ senderSize:0,sendInterval:48602,receiveInterval=18531,addCmdCount=957
09-08 16:30:03.203  1710  2176 I chatty  : uid=1000(system) AutobacklightTh identical 20 lines
09-08 16:30:03.368   718   718 I SurfaceFlinger: FPS: 3
09-08 16:30:03.544  1710  1710 D FeatureService: onReceive action android.intent.action.BATTERY_CHANGED
09-08 16:30:03.546  1710  5524 V LocSvc_HIDL_Subscription_jni: battery_level_update
09-08 16:30:03.546  2762  2762 D QtiCarrierConfigHelper: WARNING, no carrier configs on phone Id: 0
09-08 16:30:03.549  1710  5524 V LocSvc_HIDL_Subscription_jni: [battery_level_update][931] [HC] =>> [HS]
09-08 16:30:03.552  1710  1710 D FeatureService: onReceive action android.intent.action.BATTERY_CHANGED
09-08 16:30:03.553   693   693 V LocSvc_HIDL_IzatSubscription: [batteryLevelUpdate][777] [HS] <<<<= [HC]
09-08 16:30:03.556  2389  2389 D KeyguardUpdateMonitor: received broadcast android.intent.action.BATTERY_CHANGED
09-08 16:30:03.558  1710  5524 V LocSvc_HIDL_Subscription_jni: Exit Result 0
09-08 16:30:03.559  2389  2389 D KeyguardUpdateMonitor: handleBatteryUpdate
09-08 16:30:05.457  1710  2176 I chatty  : uid=1000(system) AutobacklightTh identical 12 lines
09-08 16:30:05.777  1710  5425 D PackageManager: package:10018 check permission,PERMISSION_GRANTED
09-08 16:30:05.778  1710  5425 I chatty  : uid=1000(system) Binder:1710_18 identical 1 line
09-08 16:30:05.778  1710  5425 D PackageManager: package:10018 check permission,PERMISSION_GRANTED
09-08 16:30:05.778  1710  5425 W ActivityManager: Unable to start service Intent { act=android.security.IKeyChainService cmp=com.android.keychain/.KeyChainService } U=999: not found
09-08 16:30:05.779  2389 11841 I SecurityController: java.lang.AssertionError: could not bind to KeyChainService
09-08 16:30:06.366   718   718 I SurfaceFlinger: FPS: 1
09-08 16:30:07.171 32400 32547 D MemoryCeilingMonitor: [handleMemoryCalculate]
09-08 16:30:07.171 32400 32547 D MemoryCeilingMonitor: [calculate] tot: 3350026, max: 268435456, free: 194626, heap: 3155400, per: 0.011754781007766724
09-08 16:30:09.346   718   718 I SurfaceFlinger: FPS: 1
09-08 16:30:11.907  1710  2976 D CompatibilityInfo: mCompatibilityFlags - 0
09-08 16:30:11.907  1710  2976 D CompatibilityInfo: applicationDensity - 480
09-08 16:30:11.907  1710  2976 D CompatibilityInfo: applicationScale - 1.0
09-08 16:30:11.947  1710  5425 D CompatibilityInfo: mCompatibilityFlags - 0
09-08 16:30:11.947  1710  5425 D CompatibilityInfo: applicationDensity - 480
09-08 16:30:11.947  1710  5425 D CompatibilityInfo: applicationScale - 1.0
09-08 16:30:12.364   718   718 I SurfaceFlinger: FPS: 1
09-08 16:30:13.673  1710  2176 I chatty  : uid=1000(system) AutobacklightTh identical 49 lines
09-08 16:30:13.878  2389  2389 D KeyguardUpdateMonitor: received broadcast android.intent.action.BATTERY_CHANGED
09-08 16:30:13.881  2389  2389 D KeyguardUpdateMonitor: handleBatteryUpdate
09-08 16:30:13.882  1710  1710 D FeatureService: onReceive action android.intent.action.BATTERY_CHANGED
09-08 16:30:13.885  2762  2762 D QtiCarrierConfigHelper: WARNING, no carrier configs on phone Id: 0
09-08 16:30:13.887  1710  5524 V LocSvc_HIDL_Subscription_jni: battery_level_update
09-08 16:30:13.887  1710  5524 V LocSvc_HIDL_Subscription_jni: [battery_level_update][931] [HC] =>> [HS]
09-08 16:30:13.887   693   693 V LocSvc_HIDL_IzatSubscription: [batteryLevelUpdate][777] [HS] <<<<= [HC]
09-08 16:30:13.888  1710  5524 V LocSvc_HIDL_Subscription_jni: Exit Result 0
09-08 16:30:13.893  1710  5425 D PackageManager: package:10569 check permission,PERMISSION_GRANTED
09-08 16:30:13.894  1710  1710 D FeatureService: onReceive action android.intent.action.BATTERY_CHANGED
09-08 16:30:13.895  1710  2976 D PackageManager: package:10569 check permission,PERMISSION_GRANTED
09-08 16:30:15.124  1710  2176 I chatty  : uid=1000(system) AutobacklightTh identical 7 lines
09-08 16:30:15.345   718   718 I SurfaceFlinger: FPS: 1
09-08 16:30:15.394  1710  1840 V WindowOrientationListener: in onTouchEndLocked. proposedRotation=0, oldProposedRotation=0
09-08 16:30:15.397  1710  5425 D PackageManager: package:1000 check permission,PERMISSION_GRANTED
09-08 16:30:15.398  1710  5425 I ActivityManager: START u0 {act=android.intent.action.MAIN cat=[android.intent.category.LAUNCHER] flg=0x30200000 cmp=cn.missevan/.activity.SplashActivity bnds=[289,1584][535,1832] (has extras)} from uid 10096
09-08 16:30:15.398  1710  5425 I ActivityManager: send message.
