09-08 16:29:14.245  2389  2552 W AudioTrack: AUDIO_OUTPUT_FLAG_FAST denied by server; frameCount 0 -> 11025
09-08 16:29:14.245   716   910 V AudioFlinger: acquiring 2913 from 2389, for 2389
09-08 16:29:14.245   716   910 V AudioFlinger:  added new entry for 2913
09-08 16:29:14.245  2389  2552 V SoundPool: using new track 0x7e26ac6400 for sample 2
09-08 16:29:14.245   716   910 V AudioFlinger: start(0), calling pid 2389 session 2913
09-08 16:29:14.245   716   910 D AudioFlinger: startOutput_POM , POM_id:2389
09-08 16:29:14.245   716   910 D AudioPolicyManagerCustom: startOutput_POM output:21, stream:1, session:2913, pom_id:2389
09-08 16:29:14.245   716   910 I APM::AudioPolicyEngine: ###### POM Stack0:  0 0 1
09-08 16:29:14.245   716   910 I APM::AudioPolicyEngine: ###### POM Stack1:  2389 0 1
09-08 16:29:14.245   716   910 V APM_AudioPolicyManager: startOutput() output 21, stream 1, session 2913
09-08 16:29:14.245   716   910 D AudioPolicyManagerCustom: startOutput isCallPOMStateChange :0, refCount:1
09-08 16:29:14.245   716   910 V APM::AudioPolicyEngine: getDeviceForStrategy() strategy 0, device 2
09-08 16:29:14.245   716   910 V APM_AudioPolicyManager: getNewOutputDevice() selected device 2
09-08 16:29:14.245   716   910 V APM_AudioPolicyManager: setOutputDevice() device 0002 delayMs 0
09-08 16:29:14.245   716   910 V APM_AudioPolicyManager: setOutputDevice() prevDevice 0x0002
09-08 16:29:14.245   716   910 V APM::AudioPolicyEngine: getDeviceForStrategy() strategy 0, device 2
09-08 16:29:14.245   716   910 V APM::AudioPolicyEngine: getDeviceForStrategy() strategy 1, device 1
09-08 16:29:14.246   716   910 V APM::AudioPolicyEngine: getDeviceForStrategy() strategy 2, device 2
09-08 16:29:14.246   716   910 V APM::AudioPolicyEngine: getDeviceForStrategy() strategy 0, device 2
09-08 16:29:14.246   716   910 V APM::AudioPolicyEngine: getDeviceForStrategy() strategy 3, device 2
09-08 16:29:14.246   716   910 V APM::AudioPolicyEngine: getDeviceForStrategy() strategy 0, device 2
09-08 16:29:14.246   716   910 V APM::AudioPolicyEngine: getDeviceForStrategy() strategy 4, device 2
09-08 16:29:14.246   716   910 V APM::AudioPolicyEngine: getDeviceForStrategy() strategy 5, device 2
09-08 16:29:14.246   716   910 V APM::AudioPolicyEngine: getDeviceForStrategy() strategy 6, device 2
09-08 16:29:14.246   716   910 V APM::AudioPolicyEngine: getDeviceForStrategy() strategy 7, device 2
09-08 16:29:14.246   716   910 V APM::AudioPolicyEngine: getDeviceForStrategy() strategy 8, device 2
09-08 16:29:14.246   716   910 V APM::AudioPolicyEngine: getDeviceForStrategy() strategy 9, device 2
09-08 16:29:14.246   716   910 V APM_AudioPolicyManager: setOutputDevice() setting same device 0x0002 or null device
09-08 16:29:14.246   716   910 D APM::VolumeCurve: VOLUME mDeviceCategory 1, mStreamType 1 vol index=[85 145 170], dB=[-29.0 -29.0 -29.0]
09-08 16:29:14.246   716   910 D AudioPolicyIntefaceImpl: startOutput_POM oldPhoneState:0,currentPhoneState:0
09-08 16:29:14.247   716   910 V AudioFlinger: signal playback thread
09-08 16:29:14.247   716   919 V AudioFlinger: thread 0xe2b839c0 type 0 TID 919 waking up
09-08 16:29:14.247  2389  2552 V SoundPool: delete oldTrack 0x7e23634800
09-08 16:29:14.248   716   919 V AudioFlinger: acquireWakeLock_l() AudioOut_15 status 0
09-08 16:29:14.248   716   919 D AudioFlinger: updateWakeLockUids_l AudioOut_15 uids:10018
09-08 16:29:14.248   716   919 V AudioFlinger: updateWakeLockUids_l() AudioOut_15 status 0
09-08 16:29:14.249  2389  2552 V AudioTrack: ~AudioTrack, releasing session id 2905 from 2389 on behalf of 2389
09-08 16:29:14.249   716  3318 V AudioFlinger: releasing 2905 from 2389 for 2389
09-08 16:29:14.249   716  3318 V AudioFlinger:  decremented refcount to 0
09-08 16:29:14.249   716  3318 V AudioFlinger: purging stale effects
09-08 16:29:14.250   716   919 V BufferProvider: CopyBufferProvider(0xe3405510)(4, 8, 256)
09-08 16:29:14.250   716   919 V BufferProvider: ReformatBufferProvider(0xe3405510)(2, 0x1, 0x5)
09-08 16:29:14.250   716   919 D BufferProvider: setBufferProvider(0x0): mTrackBufferProvider:0x0  mBuffer.frameCount:0
09-08 16:29:14.250   716   919 D AudioFlinger: ####### XXF  RESAMPLE RESET #######
09-08 16:29:14.250   716   919 D BufferProvider: setBufferProvider(0xe21cac00): mTrackBufferProvider:0x0  mBuffer.frameCount:0
09-08 16:29:14.250   716   919 D AudioMixer: setResampler  DYN_HIGH_QUALITY FLAG:20000
09-08 16:29:14.251   672 22374 D audio_hw_primary: start_output_stream: enter: stream(0xea068000)usecase(1: low-latency-playback) devices(0x2)
09-08 16:29:14.251   672 22374 D audio_hw_primary: select_devices for use case (low-latency-playback)
09-08 16:29:14.251   672 22374 D audio_hw_primary: select_devices, usecase_flag:0, out_snd_device:2
09-08 16:29:14.251   672 22374 D audio_hw_primary: select_devices: out_snd_device(2: speaker) in_snd_device(0: )
09-08 16:29:14.251   672 22374 I msm8916_platform: platform_check_and_set_codec_backend_cfg:becf: afe: bitwidth 32, samplerate 48000 channels 2, backend_idx 0 usecase = 1 device (speaker)
09-08 16:29:14.251   672 22374 D msm8916_platform: platform_split_snd_device: snd_device(2) num devices(1) new_snd_devices(0)
09-08 16:29:14.251   672 22374 I msm8916_platform: platform_check_and_set_codec_backend_cfg: becf: new_snd_devices[0] is speaker
09-08 16:29:14.251   672 22374 I msm8916_platform: platform_check_codec_backend_cfg:becf: afe: Codec selected backend: 0 current bit width: 32 sample rate: 48000 channels: 2 usecase 1 device (speaker)
09-08 16:29:14.251   672 22374 D msm8916_platform: platform_check_codec_backend_cfg:becf: afe: reset bitwidth to 24 (based on supported value for this platform)
09-08 16:29:14.251   672 22374 D msm8916_platform: platform_check_codec_backend_cfg:becf: afe: playback on codec device not supporting native playback set default Sample Rate(48k)
09-08 16:29:14.251   672 22374 I msm8916_platform: platform_check_codec_backend_cfg:becf: afe: Codec selected backend: 0 updated bit width: 24 sample rate: 48000 channels: 2
09-08 16:29:14.251   672 22374 I msm8916_platform: platform_check_codec_backend_cfg:becf: afe: Codec backend needs to be updated. new bit width: 24 new sample rate: 48000 new channels 2
09-08 16:29:14.252   672 22374 I msm8916_platform: platform_set_codec_backend_cfg:becf: afe: bitwidth 24, samplerate 48000 channels 2 format 3, backend_idx 0 device (speaker)
09-08 16:29:14.252   716 10237 V AudioPolicyService: AudioCommandThread() adding release output 21
09-08 16:29:14.252   716 10237 V AudioPolicyService: inserting command: 7 at index 0, num commands 0
09-08 16:29:14.252   716   908 V AudioPolicyService: AudioCommandThread() processing release output 21
09-08 16:29:14.252   716   908 V APM_AudioPolicyManager: releaseOutput() 21
09-08 16:29:14.252   716   908 V AudioPolicyService: AudioCommandThread() going to sleep
09-08 16:29:14.252   672 22374 E msm8916_platform: platform_set_codec_backend_cfg:becf: afe: Could not get ctl for mixer command - INT4_MI2S_RX Format
09-08 16:29:14.252   672 22374 D audio_hw_primary: check_usecases_codec_backend:becf: force routing 0
09-08 16:29:14.252   672 22374 E msm8916_platform: platform_check_backends_match: Invalid snd_device =
09-08 16:29:14.252   672 22374 D audio_hw_primary: check_usecases_codec_backend:becf: (63) check_usecases curr device: speaker, usecase device: backends match 0
09-08 16:29:14.252   672 22374 D audio_hw_primary: check_usecases_codec_backend:becf: check_usecases num.of Usecases to switch 0
09-08 16:29:14.252   672 22374 D hardware_info: hw_info_append_hw_type : device_name = speaker
09-08 16:29:14.252   672 22374 D audio_hw_primary: enable_snd_device: device 2:device_name:speaker:ref_cnt:1
09-08 16:29:14.252   672 22374 D msm8916_platform: platform_split_snd_device: snd_device(2) num devices(0) new_snd_devices(0)
09-08 16:29:14.252   672 22374 D audio_hw_primary: enable_snd_device: snd_device(2: speaker)
09-08 16:29:14.252   672 22374 I soundtrigger: audio_extn_sound_trigger_update_device_status: device 0x2 of type 0 for Event 1, with Raise=0
09-08 16:29:14.252   672 22374 D audio_route: Apply path: speaker
09-08 16:29:14.254   672 22374 I audio_hw_utils: audio_extn_utils_update_stream_output_app_type_cfg Allowing 24-bit playback on speaker ONLY at default sampling rate
09-08 16:29:14.254   672 22374 D audio_hw_primary: audio_is_true_native_stream_active:napb: (0) (low-latency-playback)id (1) sr 48000 bw (32) device speaker
09-08 16:29:14.254   672 22374 D soundtrigger: audio_extn_sound_trigger_update_stream_status: uc_info->id 1 of type 0 for Event 3, with Raise=0
09-08 16:29:14.254   672 22374 D audio_hw_utils: audio_extn_utils_send_app_type_cfg: usecase->out_snd_device speaker
09-08 16:29:14.254   672 22374 D msm8916_platform: platform_split_snd_device: snd_device(2) num devices(0) new_snd_devices(0)
09-08 16:29:14.254   672 22374 D audio_hw_utils: audio_extn_btsco_get_sample_rate:Not a BT SCO device, need not update sampling rate
09-08 16:29:14.254   672 22374 I audio_hw_utils: send_app_type_cfg_for_device PLAYBACK app_type 69937, acdb_dev_id 15, sample_rate 48000, snd_device_be_idx 41
09-08 16:29:14.255   672 22374 D msm8916_platform: platform_split_snd_device: snd_device(2) num devices(1) new_snd_devices(0)
09-08 16:29:14.255   672 22374 D ACDB-LOADER: ACDB -> send_audio_cal, acdb_id = 15, path = 0, app id = 0x11131, sample rate = 48000
09-08 16:29:14.255   672 22374 D ACDB-LOADER: ACDB -> send_asm_topology
09-08 16:29:14.255   672 22374 D ACDB-LOADER: ACDB -> ACDB_CMD_GET_AUDPROC_STREAM_TOPOLOGY_ID
09-08 16:29:14.255   672 22374 D ACDB-LOADER: ACDB -> send_adm_topology
09-08 16:29:14.255   672 22374 D ACDB-LOADER: ACDB -> ACDB_CMD_GET_AUDPROC_COMMON_TOPOLOGY_ID
09-08 16:29:14.255   672 22374 D ACDB-LOADER: ACDB -> send_audtable
09-08 16:29:14.255   672 22374 D ACDB-LOADER: ACDB -> ACDB_CMD_GET_AUDPROC_COMMON_TABLE_SIZE
09-08 16:29:14.255   672 22374 D ACDB-LOADER: ACDB -> ACDB_CMD_GET_AUDPROC_COMMON_TABLE
09-08 16:29:14.255   672 22374 D ACDB-LOADER: ACDB -> AUDIO_SET_AUDPROC_CAL
09-08 16:29:14.255   672 22374 D ACDB-LOADER: ACDB -> send_audvoltable
09-08 16:29:14.255   672 22374 D ACDB-LOADER: ACDB -> ACDB_CMD_GET_AUDPROC_VOL_STEP_TABLE_SIZE
09-08 16:29:14.255   672 22374 D ACDB-LOADER: ACDB -> ACDB_CMD_GET_AUDPROC_GAIN_DEP_STEP_TABLE, vol index 0
09-08 16:29:14.255   672 22374 D ACDB-LOADER: ACDB -> AUDIO_SET_VOL_CAL cal type = 12
09-08 16:29:14.255   672 22374 D ACDB-LOADER: ACDB -> ACDB_CMD_GET_AUDPROC_STREAM_TABLE_SIZE
09-08 16:29:14.255   672 22374 D ACDB-LOADER: ACDB -> send_audstrmtable
09-08 16:29:14.255   672 22374 D ACDB-LOADER: ACDB -> ACDB_CMD_GET_AUDPROC_STREAM_TABLE_V2
09-08 16:29:14.255   672 22374 D ACDB-LOADER: ACDB -> audstrm_cal->cal_type.cal_data.cal_size = 16
09-08 16:29:14.255   672 22374 D ACDB-LOADER: ACDB -> send_afe_topology
09-08 16:29:14.255   672 22374 D ACDB-LOADER: ACDB -> ACDB_CMD_GET_AFE_TOPOLOGY_ID
09-08 16:29:14.255   672 22374 D ACDB-LOADER: ACDB -> GET_AFE_TOPOLOGY_ID for adcd_id 15, Topology Id 112fc
09-08 16:29:14.255   672 22374 D ACDB-LOADER: ACDB -> send_afe_cal
09-08 16:29:14.255   672 22374 D ACDB-LOADER: ACDB -> ACDB_CMD_GET_AFE_COMMON_TABLE_SIZE
09-08 16:29:14.255   672 22374 D         : Failed to fetch the lookup information of the device 0000000F
09-08 16:29:14.255   672 22374 E ACDB-LOADER: Error: ACDB_CMD_GET_AFE_COMMON_TABLE_SIZE Returned = -19
09-08 16:29:14.255   672 22374 D ACDB-LOADER: ACDB -> ACDB_CMD_GET_AFE_COMMON_TABLE
09-08 16:29:14.255   672 22374 D         : Failed to fetch the lookup information of the device 0000000F
09-08 16:29:14.255   672 22374 E ACDB-LOADER: Error: ACDB AFE returned = -19
09-08 16:29:14.255   672 22374 D ACDB-LOADER: ACDB -> AUDIO_SET_AFE_CAL
09-08 16:29:14.255   672 22374 D ACDB-LOADER: ACDB -> send_hw_delay : acdb_id = 15 path = 0
09-08 16:29:14.255   672 22374 D ACDB-LOADER: ACDB -> ACDB_AVSYNC_INFO: ACDB_CMD_GET_DEVICE_PROPERTY
09-08 16:29:14.255   672 22374 D audio_route: Apply path: low-latency-playback speaker
09-08 16:29:14.256   672 22374 D audio_hw_primary: select_devices: done
09-08 16:29:14.256   672 22374 D audio_hw_primary: start_output_stream: Opening PCM device card_id(0) device_id(13) format(0x1),config.rate:48000,bit_width:32
09-08 16:29:14.256   716 10237 V AudioFlinger: PlaybackThread::Track destructor
09-08 16:29:14.259  1710  1768 I chatty  : uid=1000(system) Binder:1710_2 expire 2 lines
09-08 16:29:14.260  1710  1710 I chatty  : uid=1000 system_server expire 1 line
09-08 16:29:14.260  1710  1710 V AlarmAlign: setLocked to kernel, type = 3, when = 565481816, curTime = 565436075
09-08 16:29:14.260  1710  1710 V AlarmAlign: setLocked to kernel, type = 2, when = 565606678, curTime = 565436076
09-08 16:29:14.260  1710  1710 V AlarmAlign: setLocked to kernel, type = 3, when = 565481816, curTime = 565436076
09-08 16:29:14.261  1710  5423 D PackageManager: package:10018 check permission,PERMISSION_GRANTED
09-08 16:29:14.261  1710  1710 I FingerprintService: sendCommand CMD_SET_UNLOCK_AUTH:0
09-08 16:29:14.261  1710  5423 E ActivityManager: Sending non-protected broadcast com.vivo.action.KEYGUARD_STATE_CHANGED from system 2389:com.android.systemui/u0a18 pkg com.android.systemui
09-08 16:29:14.261  1132  1132 D [GF_HAL][gf_hal]: [gf_hal_send_command] enter, cmd=32531, extras=0
09-08 16:29:14.263  1710  5425 W UsageStatsService: Event reported without a package name
09-08 16:29:14.263  1710  5425 W UsageStatsService: Event reported without a package name
09-08 16:29:14.264  2389  2389 D StatusBar: disable<e i a s b H R c s > disable2<q i n >
09-08 16:29:14.264  1710  1862 D UsbDeviceManager: handleMessage MSG_UPDATE_SCREEN_LOCK ,message.what=13
09-08 16:29:14.264  1710  1862 D UsbDeviceManager: functions=mtp ,mCurrentFunctionsStr=charging,adb ,mCurrentFunctionsApplied=true
09-08 16:29:14.264  1710  1862 I UsbDeviceManager: Setting USB config to mtp,adb
09-08 16:29:14.265   686  2027 W qti_sensors_hal: batch handle 21 flags 0 period_ns 20000000 timeout 0
09-08 16:29:14.265   686  2027 W qti_sensors_hal: batch:sensor(android.sensor.proximity) handle:21 flags:0x0 period_ns 20000000
09-08 16:29:14.270  1710  1710 V SettingsProvider: Notifying for 0: content://settings/system/finger_for_bouncer_show
09-08 16:29:14.271  2389  2389 D StatusBar: disable<e i a s b H R c s > disable2<q i n >
09-08 16:29:14.273  2389  2389 I KeyguardViewMediator: readyForKeyguardDone : false, false
09-08 16:29:14.318  1710  1860 D Tethering: onReceive action = android.hardware.usb.action.USB_STATE
09-08 16:29:14.318  1710  1839 D ActivityManager: StartMode packageName = com.android.providers.media ,callingPid = -1 ,alwaysRestrict = true ,startMode = 2 ,UidRec:UidRecord{8b908d8 u0a21 SVC  bg:+18h28m20s767ms idle procs:1 seq(0,0,0)}
09-08 16:29:14.322  1710  1839 D CompatibilityInfo: mCompatibilityFlags - 0
09-08 16:29:14.322  1710  1839 D CompatibilityInfo: applicationDensity - 480
09-08 16:29:14.322  1710  1839 D CompatibilityInfo: applicationScale - 1.0
09-08 16:29:14.323  1710  5425 D PackageManager: package:10021 check permission,PERMISSION_GRANTED
09-08 16:29:14.325 11760 11761 I adbd    : initializing functionfs
09-08 16:29:14.325 11760 11761 I adbd    : opening control endpoint /dev/usb-ffs/adb/ep0
09-08 16:29:14.326  1710  5425 D CompatibilityInfo: mCompatibilityFlags - 0
09-08 16:29:14.327  1710  5425 D CompatibilityInfo: applicationDensity - 480
09-08 16:29:14.327  1710  5425 D CompatibilityInfo: applicationScale - 1.0
09-08 16:29:14.327 11760 11761 I adbd    : functionfs successfully initialized
09-08 16:29:14.327 11760 11761 I adbd    : registering usb transport
09-08 16:29:14.328  1710  1839 D ActivityManager: StartMode packageName = com.android.providers.media ,callingPid = -1 ,alwaysRestrict = true ,startMode = 2 ,UidRec:UidRecord{8b908d8 u0a21 SVC  bg:+18h28m20s777ms idle procs:1 seq(0,0,0)}
09-08 16:29:14.328  1710  1839 W BroadcastQueue: Background execution not allowed: receiving Intent { act=vivo.intent.action.MEDIA_SCAN_WHITELIST flg=0x10 } to com.android.providers.media/.MediaScannerReceiver
09-08 16:29:14.331   672 22374 D msm8916_platform: platform_set_channel_map mixer_ctl_name:Playback Channel Map13
09-08 16:29:14.331   672 22374 D msm8916_platform: platform_set_channel_map: set mapping(1 2 0 0 0 0 0 0) for channel:2
09-08 16:29:14.331   672 22374 D audio_hw_primary: start_output_stream: exit
09-08 16:29:14.335  1710  5423 D PackageManager: package:10021 check permission,PERMISSION_GRANTED
09-08 16:29:14.335  5867  5867 D MtpService: starting MTP server in MTP mode with storage /storage/emulated/0 unlocked as user 0
09-08 16:29:14.343  2389  2389 V KeyguardDisplayManager: hide
09-08 16:29:14.344  1710  5423 D PackageManager: package:10018 check permission,PERMISSION_GRANTED
09-08 16:29:14.347  5867  5867 I MtpService: Couldn't get control FD!
09-08 16:29:14.349  2389  2389 D KeyguardViewMediator: adjustStatusBarLocked: mShowing=false mOccluded=false, back= false isSecure=true force=false --> flags=0x0
09-08 16:29:14.351   686  2027 W qti_sensors_hal: batch handle 21 flags 0 period_ns 20000000 timeout 0
09-08 16:29:14.351   686  2027 W qti_sensors_hal: batch:sensor(android.sensor.proximity) handle:21 flags:0x0 period_ns 20000000
09-08 16:29:14.352  5867  5867 V MtpService: Adding MTP storage:/storage/emulated/0
09-08 16:29:14.352   716   919 D BufferProvider: ~CopyBufferProvider(0xe3405900) 0 0x0 0xe3473000
09-08 16:29:14.354  2730  2730 W Settings: Setting airplane_mode_on has moved from android.provider.Settings.System to android.provider.Settings.Global, returning read-only value.
09-08 16:29:14.357  2730  3656 W Settings: Setting airplane_mode_on has moved from android.provider.Settings.System to android.provider.Settings.Global, returning read-only value.
09-08 16:29:14.362   718  4098 E         : IProducerListener: malformed binder reply
09-08 16:29:14.364  2704  2704 D AIE-Bolts-Task: New thread: BoltsBgPool-thread-3467
09-08 16:29:14.365  1710  1839 D ActivityManager: StartMode packageName = com.vivo.contentcatcher ,callingPid = -1 ,alwaysRestrict = true ,startMode = 2 ,UidRec:UidRecord{d0d1b3f 1000 PER  procs:33 seq(0,0,0)}
09-08 16:29:14.365  1710  1839 W BroadcastQueue: Background execution not allowed: receiving Intent { act=android.intent.action.USER_PRESENT flg=0x4200010 } to com.vivo.contentcatcher/.persistent.daemon.BootCompleteReceiver
09-08 16:29:14.365  1710  1839 D ActivityManager: StartMode packageName = com.vivo.appfilter ,callingPid = -1 ,alwaysRestrict = true ,startMode = 2 ,UidRec:UidRecord{d0d1b3f 1000 PER  procs:33 seq(0,0,0)}
09-08 16:29:14.365  1710  1839 W BroadcastQueue: Background execution not allowed: receiving Intent { act=android.intent.action.USER_PRESENT flg=0x4200010 } to com.vivo.appfilter/.receiver.VivoBringupPkgReceiver
09-08 16:29:14.365  1710  1839 W BroadcastQueue: Permission Denial: broadcasting Intent { act=android.intent.action.USER_PRESENT flg=0x4200010 } from com.android.systemui (pid=2389, uid=10018) is not exported from uid 1000 due to receiver com.vivo.daemonService/.ewarranty.EwarrantyBroadcastReceiver
09-08 16:29:14.365  1710  1839 D PackageManager: package:1000 check permission,PERMISSION_GRANTED
09-08 16:29:14.366  2713  2713 W ContextImpl: Calling a method in the system process without a qualified user: android.app.ContextImpl.startService:1550 android.content.ContextWrapper.startService:664 com.vivo.daemonService.d.onReceive:12 android.app.LoadedApk$ReceiverDispatcher$Args.lambda$getRunnable$0:1416 android.app.-$$Lambda$LoadedApk$ReceiverDispatcher$Args$_BumDX2UKsnxLVrE6UJsJZkotuA.run:2
09-08 16:29:14.367  1710  1839 D PackageManager: package:1000 check permission,PERMISSION_GRANTED
09-08 16:29:14.368  1710  1862 W Looper  : Slow dispatch took 104ms android.fg h=com.android.server.usb.UsbDeviceManager$UsbHandlerLegacy c=null m=13
09-08 16:29:14.373 28988 29079 I NearbySharing: Screen is unlocked [CONTEXT service_id=194 ]
09-08 16:29:14.382  1710  2975 D CompatibilityInfo: mCompatibilityFlags - 0
09-08 16:29:14.382  1710  2975 D CompatibilityInfo: applicationDensity - 480
09-08 16:29:14.382  1710  2975 D CompatibilityInfo: applicationScale - 1.0
09-08 16:29:14.384  1710  1768 D PackageManager: package:10018 check permission,PERMISSION_GRANTED
09-08 16:29:14.385  1710  1767 I PackageManager: ### pkg:Package{3ab7c70 com.bbk.updater}
09-08 16:29:14.387 28988 29079 I NearbySharing: Failed to stop scanning because weren't scanning. [CONTEXT service_id=194 ]
09-08 16:29:14.387 28988 29079 I NearbySharing: Stopping discovery because Nearby Sharing is disabled. [CONTEXT service_id=194 ]
09-08 16:29:14.387 28988 29079 I NearbySharing: Can't stop advertising FastInitiation. Not advertising. [CONTEXT service_id=194 ]
09-08 16:29:14.387 28988 29079 I NearbySharing: Stopping Fast Init advertisement because we're not scanning. [CONTEXT service_id=194 ]
09-08 16:29:14.387 28988 29079 I NearbySharing: Stopping advertising because Nearby Sharing is disabled. [CONTEXT service_id=194 ]
09-08 16:29:14.394   718   927 E         : IProducerListener: malformed binder reply
09-08 16:29:14.424  4383  4693 W OpenGLRenderer: Incorrectly called buildLayer on View: w, destroying layer...
09-08 16:29:14.424  4383  4693 W OpenGLRenderer: Incorrectly called buildLayer on View: w, destroying layer...
09-08 16:29:14.427  1710  5422 D CompatibilityInfo: mCompatibilityFlags - 0
09-08 16:29:14.427  1710  5422 D CompatibilityInfo: applicationDensity - 480
09-08 16:29:14.427  1710  5422 D CompatibilityInfo: applicationScale - 1.0
09-08 16:29:14.431 28988 29079 D BluetoothAdapter: isLeEnabled(): ON
09-08 16:29:14.432  1710  1841 I ActivityManager: Start proc 11772:com.vivo.findphone/u0a86 for broadcast com.vivo.findphone/.CommonBroadcastReceiver
09-08 16:29:14.433   718   803 E         : IProducerListener: malformed binder reply
09-08 16:29:14.439  5354 16581 D BtGatt.GattService: registerScanner() - UUID=a129218f-7751-4d05-86ba-8e6e72f2e211
09-08 16:29:14.443  5354  5892 I bt_stack: [INFO:gatt_api.cc(949)] GATT_Registered2e0d87-b117-0e24-ba80-b0761b330dd0
09-08 16:29:14.443  5354  5892 I bt_stack: [INFO:gatt_api.cc(969)] allocated gatt_if=6
09-08 16:29:14.443  5354  5676 D BtGatt.GattService: onScannerRegistered() - UUID=a129218f-7751-4d05-86ba-8e6e72f2e211, scannerId=6, status=0
09-08 16:29:14.443  2389  2389 D KeyguardUpdateMonitor: handleKeyguardBouncerChanged(0)
09-08 16:29:14.444 28988 31221 D BluetoothLeScanner: onScannerRegistered() - status=0 scannerId=6 mScannerId=0
09-08 16:29:14.444  5354 16581 D BluetoothAdapterService: getAdapterService() - returning com.android.bluetooth.btservice.AdapterService@13355b6
09-08 16:29:14.444  5354 16581 D BtGatt.GattService: start scan with filters callingPackage: com.google.android.gms
09-08 16:29:14.446  2389  2389 I KeyguardViewMediator: readyForKeyguardDone : false, false
09-08 16:29:14.446  2389  2389 D StatusBar: disable<e i a s b h!r!c s > disable2<q i n >
09-08 16:29:14.451  5354  5779 D BtGatt.ScanManager: handling starting scan
09-08 16:29:14.452  5354  5779 D BtGatt.ScanManager: isAptXLowLatencyModeEnabled: false
09-08 16:29:14.453 26201 26201 D MainImeServiceDel: mHandler = 76
09-08 16:29:14.453  5354  5892 E bt_btm  : BTM_BleObserve Observe Already Active
09-08 16:29:14.453  5354  5892 W bt_btif :  bta_dm_ble_observe BTM_BleObserve  failed. status 6
09-08 16:29:14.454 28988 29079 I NearbySharing: Started scanning for FastInitiation with mode: SCAN_MODE_OPPORTUNISTIC [CONTEXT service_id=194 ]
09-08 16:29:14.457  1710  2522 D CompatibilityInfo: mCompatibilityFlags - 10
09-08 16:29:14.457  1710  2522 D CompatibilityInfo: applicationDensity - 480
09-08 16:29:14.457  1710  2522 D CompatibilityInfo: applicationScale - 1.0
09-08 16:29:14.458  1710  2522 D CompatibilityInfo: mCompatibilityFlags - 10
09-08 16:29:14.459  1710  2522 D CompatibilityInfo: applicationDensity - 480
09-08 16:29:14.459  1710  2522 D CompatibilityInfo: applicationScale - 1.0
09-08 16:29:14.467  2389  2389 V KeyguardUpdateMonitor: *** unregister callback for com.android.keyguard.EmergencyButton$1@3eee124
09-08 16:29:14.469  2389  2389 V KeyguardUpdateMonitor: *** unregister callback for com.android.keyguard.VivoBaseView$6@4e76492
09-08 16:29:14.471  1710  2522 D CompatibilityInfo: mCompatibilityFlags - 10
09-08 16:29:14.471  1710  2522 D CompatibilityInfo: applicationDensity - 480
09-08 16:29:14.471  1710  2522 D CompatibilityInfo: applicationScale - 1.0
09-08 16:29:14.480  1710  5425 D PackageManager: package:10018 check permission,PERMISSION_GRANTED
09-08 16:29:14.480  1710  2976 V AlarmAlign: setLocked to kernel, type = 2, when = 565606678, curTime = 565436296
09-08 16:29:14.480  1710  2976 V AlarmAlign: setLocked to kernel, type = 3, when = 565451295, curTime = 565436296
09-08 16:29:14.482 28988 29079 I NearbySharing: Fast Initiation Scanning has started [CONTEXT service_id=194 ]
09-08 16:29:14.482 28988 29079 I NearbySharing: Dismissing HUN as there's no device nearby. [CONTEXT service_id=194 ]
09-08 16:29:14.482 28988 29079 I NearbySharing: Cancelling in use notification [CONTEXT service_id=194 ]
09-08 16:29:14.482  1710  2522 W PackageManager: setEnabledSetting  packageName:com.google.android.gms className:com.google.android.gms.nearby.mediums.nearfieldcommunication.NfcAdvertisingService newState:1 userId:0 callingPackage:null
09-08 16:29:14.484  1710  5421 D WifiStateMachine: syncGetSupportedFeatures supportedFeatureSet 78197823
09-08 16:29:14.487 28988 29025 I NearbyMediums: BluetoothAdapter's name was not set by Nearby Connections, ignoring call to restore default scan mode. [CONTEXT service_id=54 ]
09-08 16:29:14.489 28988 29025 I NearbyMediums: BluetoothAdapter's name was not set by Nearby Connections, ignoring call to restore device name [CONTEXT service_id=54 ]
09-08 16:29:14.493  1710  5421 D CompatibilityInfo: mCompatibilityFlags - 0
09-08 16:29:14.493  1710  5421 D CompatibilityInfo: applicationDensity - 480
09-08 16:29:14.493  1710  5421 D CompatibilityInfo: applicationScale - 1.0
09-08 16:29:14.496 24110 24110 D BoundBrokerSvc: onBind: Intent { act=com.google.android.gms.auth.cryptauth.cryptauthservice.START dat=chimera-action:com.google.android.gms.auth.cryptauth.cryptauthservice.START cmp=com.google.android.gms/.chimera.GmsBoundBrokerService }
09-08 16:29:14.496 24110 24110 D BoundBrokerSvc: Loading bound service for intent: Intent { act=com.google.android.gms.auth.cryptauth.cryptauthservice.START dat=chimera-action:com.google.android.gms.auth.cryptauth.cryptauthservice.START cmp=com.google.android.gms/.chimera.GmsBoundBrokerService }
09-08 16:29:14.499  1710  2976 D CompatibilityInfo: mCompatibilityFlags - 0
09-08 16:29:14.499  1710  2976 D CompatibilityInfo: applicationDensity - 480
09-08 16:29:14.499  1710  2976 D CompatibilityInfo: applicationScale - 1.0
09-08 16:29:14.500  2389  2404 I ndroid.systemu: Background concurrent copying GC freed 344980(23MB) AllocSpace objects, 0(0B) LOS objects, 49% free, 20MB/40MB, paused 118us total 154.565ms
09-08 16:29:14.507 24110 24110 D BoundBrokerSvc: onBind: Intent { act=com.google.android.gms.cast.firstparty.START dat=chimera-action:com.google.android.gms.cast.firstparty.START cmp=com.google.android.gms/.chimera.GmsBoundBrokerService }
09-08 16:29:14.507 24110 24110 D BoundBrokerSvc: Loading bound service for intent: Intent { act=com.google.android.gms.cast.firstparty.START dat=chimera-action:com.google.android.gms.cast.firstparty.START cmp=com.google.android.gms/.chimera.GmsBoundBrokerService }
09-08 16:29:14.511  1710  2976 D CompatibilityInfo: mCompatibilityFlags - 0
09-08 16:29:14.511  1710  2976 D CompatibilityInfo: applicationDensity - 480
09-08 16:29:14.511  1710  2976 D CompatibilityInfo: applicationScale - 1.0
09-08 16:29:14.517   718   927 E         : IProducerListener: malformed binder reply
09-08 16:29:14.519  1710  1862 D UsbDeviceManager: handleMessage MSG_UPDATE_STATE ,message.what=0
09-08 16:29:14.521 24110 24259 I CastDatabase: Opening the database
09-08 16:29:14.521  1710  2083 D ConnectivityService: isWifiPoorLink:false, nai.everValidated:true, networkType:1, networkDetailedState:CONNECTED, nai.isLingering():false, unneeded(nai, UnneededFor.TEARDOWN):false
09-08 16:29:14.522  1710  1862 D NotificationService: DEBUG_OVERRIDE_NOTIFY:enqueueNotificationWithTag pkg=android opPkg=androidtag=null notification=Notification(channel=USB pri=0 contentView=null vibrate=null sound=null tick defaults=0x0 flags=0x2 color=0x00000000 vis=PUBLIC internalType=0 internalPriority=0 internalGroupPriority=0 internalFlag=0) userId =-1
09-08 16:29:14.523  1710  1862 V NotificationService: enqueueNotificationInternal: pkg=android id=10011 notification=Notification(channel=USB pri=0 contentView=null vibrate=null sound=null tick defaults=0x0 flags=0x2 color=0x00000000 vis=PUBLIC internalType=0 internalPriority=0 internalGroupPriority=0 internalFlag=0)
09-08 16:29:14.524  1710  1860 D Tethering: onReceive action = android.hardware.usb.action.USB_STATE
09-08 16:29:14.524  1710  1839 D ActivityManager: StartMode packageName = com.android.providers.media ,callingPid = -1 ,alwaysRestrict = true ,startMode = 2 ,UidRec:UidRecord{8b908d8 u0a21 SVC  bg:+18h28m20s973ms idle procs:1 seq(0,0,0)}
09-08 16:29:14.524  2389  2389 W StaticLayout: maxLineHeight should not be -1.  maxLines:2 lineCount:2
09-08 16:29:14.524  2389  2389 I chatty  : uid=10018(com.android.systemui) identical 1 line
09-08 16:29:14.525  2389  2389 W StaticLayout: maxLineHeight should not be -1.  maxLines:2 lineCount:2
09-08 16:29:14.525 24110 24260 I DatabaseProcessor: Self-device filtering is disabled.
09-08 16:29:14.525  2389  2389 W StaticLayout: maxLineHeight should not be -1.  maxLines:2 lineCount:2
09-08 16:29:14.526  1710  1839 D CompatibilityInfo: mCompatibilityFlags - 0
09-08 16:29:14.526  1710  1839 D CompatibilityInfo: applicationDensity - 480
09-08 16:29:14.526  1710  1839 D CompatibilityInfo: applicationScale - 1.0
09-08 16:29:14.527 24110 24259 I SQLiteCastStore: 0 CastNetworkInfo instances loaded, 0 CastDeviceInfo instances loaded, 0 paired guest mode devices loaded.
09-08 16:29:14.527  1710  2976 D PackageManager: package:10021 check permission,PERMISSION_GRANTED
09-08 16:29:14.537 28988 28988 D BoundBrokerSvc: onBind: Intent { act=com.google.android.gms.trustagent.BridgeApi.START pkg=com.google.android.gms }
09-08 16:29:14.537 28988 28988 D BoundBrokerSvc: Loading bound service for intent: Intent { act=com.google.android.gms.trustagent.BridgeApi.START pkg=com.google.android.gms }
09-08 16:29:14.540 28988 28988 D BoundBrokerSvc: onBind: Intent { act=com.google.android.gms.gmscompliance.service.START dat=chimera-action:com.google.android.gms.gmscompliance.service.START cmp=com.google.android.gms/.chimera.PersistentBoundBrokerService }
09-08 16:29:14.540 28988 28988 D BoundBrokerSvc: Loading bound service for intent: Intent { act=com.google.android.gms.gmscompliance.service.START dat=chimera-action:com.google.android.gms.gmscompliance.service.START cmp=com.google.android.gms/.chimera.PersistentBoundBrokerService }
09-08 16:29:14.543  1710  1710 W system_server: resources.arsc in APK '/data/app/com.qihoo.appstore-iBW1K6MQZCLvyFtf2dtnEA==/base.apk' is compressed.
09-08 16:29:14.567  1710  1710 W system_server: resources.arsc in APK '/data/app/com.ss.android.ugc.aweme-yuHIe8ZG3fxkodJy9hbxvA==/base.apk' is compressed.
09-08 16:29:14.568 11772 11772 I Perf    : Connecting to perf service.
09-08 16:29:14.572   716   919 V AudioFlinger: underrun,  framesReady(0) < framesDesired(441), state: 6
09-08 16:29:14.583  1710  1862 D UsbDeviceManager: handleMessage MSG_UPDATE_STATE ,message.what=0
09-08 16:29:14.584  1710  1860 D Tethering: onReceive action = android.hardware.usb.action.USB_STATE
09-08 16:29:14.584  1710  1839 D ActivityManager: StartMode packageName = com.android.providers.media ,callingPid = -1 ,alwaysRestrict = true ,startMode = 2 ,UidRec:UidRecord{8b908d8 u0a21 SVC  bg:+18h28m21s33ms idle procs:1 seq(0,0,0)}
09-08 16:29:14.585  2389 11759 V SoundPool: process 0x7e43a48248 channel 60 event BUFFER_END
09-08 16:29:14.585  2389  2503 V SoundPool: awake
09-08 16:29:14.585  2389  2503 V SoundPool: Getting channel from stop list
09-08 16:29:14.585  2389  2503 V SoundPool: stop
09-08 16:29:14.585   716 10237 V AudioFlinger: stop(0), calling pid 2389
09-08 16:29:14.585   716 10237 V AudioFlinger: not stopping/stopped => stopping/stopped (0) on thread 0xe2b839c0
09-08 16:29:14.585  2389  2503 V SoundPool: done_l(60)
09-08 16:29:14.585  2389  2503 V SoundPool: move to front
09-08 16:29:14.587  1710  1839 D CompatibilityInfo: mCompatibilityFlags - 0
09-08 16:29:14.587  1710  1839 D CompatibilityInfo: applicationDensity - 480
09-08 16:29:14.587  1710  1839 D CompatibilityInfo: applicationScale - 1.0
09-08 16:29:14.590  1710  5425 D PackageManager: package:10021 check permission,PERMISSION_GRANTED
09-08 16:29:14.593   716   919 V AudioFlinger: presentationComplete() mPresentationCompleteFrames 0 framesWritten 12480
09-08 16:29:14.593   716   919 V AudioFlinger: presentationComplete() reset: mPresentationCompleteFrames 14784 audioHalFrames 2304
09-08 16:29:14.595  1710  5425 D PackageManager: package:10021 check permission,PERMISSION_GRANTED
09-08 16:29:14.604   716   919 V AudioFlinger: presentationComplete() mPresentationCompleteFrames 14784 framesWritten 12480
09-08 16:29:14.612   716   919 V AudioFlinger: presentationComplete() mPresentationCompleteFrames 14784 framesWritten 13440
09-08 16:29:14.617 11772 11800 W System.err: org.json.JSONException: End of input at character 0 of
09-08 16:29:14.617 11772 11800 W System.err: 	at org.json.JSONTokener.syntaxError(JSONTokener.java:449)
09-08 16:29:14.617 11772 11800 W System.err: 	at org.json.JSONTokener.nextValue(JSONTokener.java:97)
09-08 16:29:14.617 11772 11800 W System.err: 	at org.json.JSONObject.<init>(JSONObject.java:159)
09-08 16:29:14.617 11772 11800 W System.err: 	at org.json.JSONObject.<init>(JSONObject.java:176)
09-08 16:29:14.617 11772 11800 W System.err: 	at com.vivo.findphone.utils.u$a.run(DefaultSetHelper.java:3)
09-08 16:29:14.617 11772 11800 W System.err: 	at android.os.Handler.handleCallback(Handler.java:873)
09-08 16:29:14.617 11772 11800 W System.err: 	at android.os.Handler.dispatchMessage(Handler.java:99)
09-08 16:29:14.617 11772 11800 W System.err: 	at com.vivo.findphone.q.a.dispatchMessage(AutoFinishHandler.java:2)
09-08 16:29:14.617 11772 11800 W System.err: 	at android.os.Looper.loop(Looper.java:224)
09-08 16:29:14.617 11772 11800 W System.err: 	at android.os.HandlerThread.run(HandlerThread.java:65)
09-08 16:29:14.618  1710  1710 W system_server: resources.arsc in APK '/data/app/com.ss.android.ugc.aweme.lite-1d5jSjF22aycCAapT8BJ6g==/base.apk' is compressed.
09-08 16:29:14.623   716   919 V AudioFlinger: presentationComplete() mPresentationCompleteFrames 14784 framesWritten 13440
09-08 16:29:14.632   716   919 V AudioFlinger: presentationComplete() mPresentationCompleteFrames 14784 framesWritten 14400
09-08 16:29:14.643   716   919 V AudioFlinger: presentationComplete() mPresentationCompleteFrames 14784 framesWritten 14400
09-08 16:29:14.647  1710  2976 D PackageManager: package:10086 check permission,PERMISSION_GRANTED
09-08 16:29:14.647 11772 11772 W System.err: android.provider.Settings$SettingNotFoundException: isFindPhoneOpened
09-08 16:29:14.648 11772 11772 W System.err: 	at android.provider.Settings$System.getIntForUser(Settings.java:2541)
09-08 16:29:14.648 11772 11772 W System.err: 	at android.provider.Settings$System.getInt(Settings.java:2531)
09-08 16:29:14.648 11772 11772 W System.err: 	at com.vivo.findphone.utils.y.a(FbeUtil.java:2)
09-08 16:29:14.648 11772 11772 W System.err: 	at com.vivo.findphone.utils.x.h(FPSetting.java:1)
09-08 16:29:14.648 11772 11772 W System.err: 	at com.vivo.findphone.utils.d.l(AuthorizeHelper.java:1)
09-08 16:29:14.648 11772 11772 W System.err: 	at com.vivo.findphone.FindPhoneApplication.h(FindPhoneApplication.java:19)
09-08 16:29:14.648 11772 11772 W System.err: 	at com.vivo.findphone.FindPhoneApplication.onCreate(FindPhoneApplication.java:7)
09-08 16:29:14.648 11772 11772 W System.err: 	at android.app.Instrumentation.callApplicationOnCreate(Instrumentation.java:1158)
09-08 16:29:14.648 11772 11772 W System.err: 	at android.app.ActivityThread.handleBindApplication(ActivityThread.java:6200)
09-08 16:29:14.648 11772 11772 W System.err: 	at android.app.ActivityThread.access$1200(ActivityThread.java:236)
09-08 16:29:14.648 11772 11772 W System.err: 	at android.app.ActivityThread$H.handleMessage(ActivityThread.java:1851)
09-08 16:29:14.648 11772 11772 W System.err: 	at android.os.Handler.dispatchMessage(Handler.java:106)
09-08 16:29:14.648 11772 11772 W System.err: 	at android.os.Looper.loop(Looper.java:224)
09-08 16:29:14.648 11772 11772 W System.err: 	at android.app.ActivityThread.main(ActivityThread.java:7042)
09-08 16:29:14.648 11772 11772 W System.err: 	at java.lang.reflect.Method.invoke(Native Method)
09-08 16:29:14.648 11772 11772 W System.err: 	at com.android.internal.os.RuntimeInit$MethodAndArgsCaller.run(RuntimeInit.java:536)
09-08 16:29:14.648 11772 11772 W System.err: 	at com.android.internal.os.ZygoteInit.main(ZygoteInit.java:868)
09-08 16:29:14.652   716   716 W ApmOutput: type=1400 audit(0.0:74517): avc: denied { search } for name="bbkcore" dev="dm-1" ino=2359297 scontext=u:r:audioserver:s0 tcontext=u:object_r:vivo_data_file:s0 tclass=dir permissive=0
09-08 16:29:14.652   716   919 V AudioFlinger: presentationComplete() mPresentationCompleteFrames 14784 framesWritten 15360
09-08 16:29:14.652   716   919 D AudioFlinger: Track reset ....
09-08 16:29:14.652   716   919 D BufferProvider: setBufferProvider(0x0): mTrackBufferProvider:0xe21cac00  mBuffer.frameCount:0
09-08 16:29:14.652   716   919 V AudioFlinger: removeTracks_l removing track on session 2913
09-08 16:29:14.652   716   919 D AudioFlinger: updateWakeLockUids_l AudioOut_15 uids:
09-08 16:29:14.652   716   919 V AudioFlinger: updateWakeLockUids_l() AudioOut_15 status 0
09-08 16:29:14.656 11772 11772 W System.err: android.provider.Settings$SettingNotFoundException: isFindPhoneOpened
09-08 16:29:14.656 11772 11772 W System.err: 	at android.provider.Settings$System.getIntForUser(Settings.java:2541)
09-08 16:29:14.656 11772 11772 W System.err: 	at android.provider.Settings$System.getInt(Settings.java:2531)
09-08 16:29:14.656 11772 11772 W System.err: 	at com.vivo.findphone.utils.y.a(FbeUtil.java:2)
09-08 16:29:14.656 11772 11772 W System.err: 	at com.vivo.findphone.utils.x.h(FPSetting.java:1)
09-08 16:29:14.656 11772 11772 W System.err: 	at com.vivo.findphone.receiver.e.a(NoNetTraceReceiverHelper.java:48)
09-08 16:29:14.656 11772 11772 W System.err: 	at com.vivo.findphone.receiver.e.a(NoNetTraceReceiverHelper.java:8)
09-08 16:29:14.656 11772 11772 W System.err: 	at com.vivo.findphone.utils.i.a(BroadcastDispatcher.java:17)
09-08 16:29:14.656 11772 11772 W System.err: 	at com.vivo.findphone.CommonBroadcastReceiver.onReceive(CommonBroadcastReceiver.java:4)
09-08 16:29:14.656 11772 11772 W System.err: 	at android.app.ActivityThread.handleReceiver(ActivityThread.java:3613)
09-08 16:29:14.656 11772 11772 W System.err: 	at android.app.ActivityThread.access$1300(ActivityThread.java:236)
09-08 16:29:14.656 11772 11772 W System.err: 	at android.app.ActivityThread$H.handleMessage(ActivityThread.java:1862)
09-08 16:29:14.656 11772 11772 W System.err: 	at android.os.Handler.dispatchMessage(Handler.java:106)
09-08 16:29:14.656 11772 11772 W System.err: 	at android.os.Looper.loop(Looper.java:224)
09-08 16:29:14.656 11772 11772 W System.err: 	at android.app.ActivityThread.main(ActivityThread.java:7042)
09-08 16:29:14.656 11772 11772 W System.err: 	at java.lang.reflect.Method.invoke(Native Method)
09-08 16:29:14.656 11772 11772 W System.err: 	at com.android.internal.os.RuntimeInit$MethodAndArgsCaller.run(RuntimeInit.java:536)
09-08 16:29:14.656 11772 11772 W System.err: 	at com.android.internal.os.ZygoteInit.main(ZygoteInit.java:868)
09-08 16:29:14.657  1710  2976 D ActivityManager: StartMode packageName = com.vivo.safecenter ,callingPid = -1 ,alwaysRestrict = true ,startMode = 2 ,UidRec:UidRecord{87ff255 u0a15 SVC  idle procs:1 seq(0,0,0)}
09-08 16:29:14.657  1710  2976 W BroadcastQueue: Background execution not allowed: receiving Intent { act=android.intent.action.USER_PRESENT flg=0x4200010 } to com.vivo.safecenter/.receiver.SafeCenterReceiver
09-08 16:29:14.660  1710  1839 D ActivityManager: StartMode packageName = com.google.android.gms ,callingPid = -1 ,alwaysRestrict = true ,startMode = 2 ,UidRec:UidRecord{cc73a4c u0a478 SVC  bg:+57m19s957ms idle procs:5 seq(0,0,0)}
09-08 16:29:14.660  1710  1839 W BroadcastQueue: Background execution not allowed: receiving Intent { act=android.intent.action.USER_PRESENT flg=0x4200010 } to com.google.android.gms/.auth.setup.devicesignals.LockScreenReceiver
09-08 16:29:14.660  1710  1839 D ActivityManager: StartMode packageName = com.google.android.gms ,callingPid = -1 ,alwaysRestrict = true ,startMode = 2 ,UidRec:UidRecord{cc73a4c u0a478 SVC  bg:+57m19s957ms idle procs:5 seq(0,0,0)}
09-08 16:29:14.660  1710  1839 W BroadcastQueue: Background execution not allowed: receiving Intent { act=android.intent.action.USER_PRESENT flg=0x4200010 } to com.google.android.gms/.chimera.GmsIntentOperationService$PersistentTrustedReceiver
09-08 16:29:14.660  1710  1839 D ActivityManager: StartMode packageName = com.qihoo.appstore ,callingPid = -1 ,alwaysRestrict = true ,startMode = 2 ,UidRec:null
09-08 16:29:14.660  1710  1839 W BroadcastQueue: Background execution not allowed: receiving Intent { act=android.intent.action.USER_PRESENT flg=0x4200010 } to com.qihoo.appstore/.receiver.AppStoreUnLockScreenReceiver
09-08 16:29:14.660  1710  1839 W BroadcastQueue: Permission Denial: broadcasting Intent { act=android.intent.action.USER_PRESENT flg=0x4200010 } from com.android.systemui (pid=2389, uid=10018) is not exported from uid 10196 due to receiver com.tencent.android.qqdownloader/com.tencent.assistant.module.timer.ScheduleJobReceiver
09-08 16:29:14.661  1710  1839 D ActivityManager: StartMode packageName = com.youku.phone ,callingPid = -1 ,alwaysRestrict = true ,startMode = 2 ,UidRec:null
09-08 16:29:14.661  1710  1839 W BroadcastQueue: Background execution not allowed: receiving Intent { act=android.intent.action.USER_PRESENT flg=0x4200010 } to com.youku.phone/com.taobao.accs.EventReceiver
09-08 16:29:14.661  1710  1839 D ActivityManager: StartMode packageName = com.android.providers.media ,callingPid = -1 ,alwaysRestrict = true ,startMode = 2 ,UidRec:UidRecord{8b908d8 u0a21 SVC  bg:+18h28m21s109ms idle procs:1 seq(0,0,0)}
09-08 16:29:14.661  1710  1839 W BroadcastQueue: Background execution not allowed: receiving Intent { act=vivo.intent.action.MEDIA_SCAN_WHITELIST flg=0x10 } to com.android.providers.media/.MediaScannerReceiver
09-08 16:29:14.663   716   919 D AudioFlinger: stopOutput_POM , POM_id:2389
09-08 16:29:14.663   716   919 V AudioPolicyService: AudioCommandThread() adding stop output 21
09-08 16:29:14.664   716   919 V AudioPolicyService: inserting command: 6 at index 0, num commands 0
09-08 16:29:14.664   716   908 V AudioPolicyService: AudioCommandThread() processing stop output 21
09-08 16:29:14.664   716   908 D AudioPolicyManagerCustom: stopOutput_POM, output:21, stream:1, session:2913, pom_id:2389
09-08 16:29:14.664   716   908 I APM::AudioPolicyEngine: remove pom records for 2389.
09-08 16:29:14.664   716   908 I APM::AudioPolicyEngine: ###### POM Stack0:  0 0 1
09-08 16:29:14.664   716   908 V APM_AudioPolicyManager: stopOutput() output 21, stream 1, session 2913
09-08 16:29:14.664   716   908 D AudioPolicyManagerCustom: stopOutput isCallPOMStateChange :0, refCount:1
09-08 16:29:14.664   716   908 V APM_AudioPolicyManager: getNewOutputDevice() selected device 0
09-08 16:29:14.664   716   908 V APM_AudioPolicyManager: setOutputDevice() device 0000 delayMs 96
09-08 16:29:14.664   716   908 V APM_AudioPolicyManager: setOutputDevice() prevDevice 0x0002
09-08 16:29:14.664   716   908 V APM::AudioPolicyEngine: getDeviceForStrategy() strategy 0, device 2
09-08 16:29:14.664   716   908 V APM::AudioPolicyEngine: getDeviceForStrategy() strategy 1, device 1
09-08 16:29:14.664   716   908 V APM::AudioPolicyEngine: getDeviceForStrategy() strategy 2, device 2
09-08 16:29:14.664   716   908 V APM::AudioPolicyEngine: getDeviceForStrategy() strategy 0, device 2
09-08 16:29:14.664   716   908 V APM::AudioPolicyEngine: getDeviceForStrategy() strategy 3, device 2
09-08 16:29:14.664   716   908 V APM::AudioPolicyEngine: getDeviceForStrategy() strategy 0, device 2
09-08 16:29:14.664   716   908 V APM::AudioPolicyEngine: getDeviceForStrategy() strategy 4, device 2
09-08 16:29:14.664   716   908 V APM::AudioPolicyEngine: getDeviceForStrategy() strategy 5, device 2
09-08 16:29:14.664   716   908 V APM::AudioPolicyEngine: getDeviceForStrategy() strategy 6, device 2
09-08 16:29:14.664   716   908 V APM::AudioPolicyEngine: getDeviceForStrategy() strategy 7, device 2
09-08 16:29:14.664   716   908 V APM::AudioPolicyEngine: getDeviceForStrategy() strategy 8, device 2
09-08 16:29:14.664   716   908 V APM::AudioPolicyEngine: getDeviceForStrategy() strategy 9, device 2
09-08 16:29:14.664   716   908 V APM_AudioPolicyManager: setOutputDevice() setting same device 0x0000 or null device
09-08 16:29:14.664   716   908 D AudioPolicyIntefaceImpl: doStopOutput_POM oldPhoneState:0,currentPhoneState:0
09-08 16:29:14.664   716   908 V AudioPolicyService: AudioCommandThread() going to sleep
09-08 16:29:14.728  1710  1710 W Looper  : Slow dispatch took 366ms main h=android.app.ActivityThread$H c=android.app.-$$Lambda$LoadedApk$ReceiverDispatcher$Args$_BumDX2UKsnxLVrE6UJsJZkotuA@4e3a4e9 m=0
09-08 16:29:14.729  1710  1710 W Looper  : Slow delivery took 366ms main h=android.app.ActivityThread$H c=android.app.-$$Lambda$LoadedApk$ReceiverDispatcher$Args$_BumDX2UKsnxLVrE6UJsJZkotuA@662656e m=0
09-08 16:29:14.732  1710  1710 D NotificationService: EnqueueNotificationRunnable.run for: -1|android|10011|null|1000
09-08 16:29:14.733  1710  1710 W Looper  : Drained
09-08 16:29:14.836  1710  1710 D NotificationService: -1|android|10011|null|1000: updating permissions
09-08 16:29:14.838  1710  1710 I chatty  : uid=1000 system_server identical 8 lines
09-08 16:29:14.838  1710  1710 D NotificationService: -1|android|10011|null|1000: updating permissions
09-08 16:29:14.843   718   718 I SurfaceFlinger: FPS: 54
09-08 16:29:14.868  2389  2389 D NotificationEntryMgr: notification is for you
09-08 16:29:14.869  1710  5425 D PackageManager: package:10018 check permission,PERMISSION_GRANTED
09-08 16:29:15.043  4383  4437 E BitmapFactory: Unable to decode stream: java.io.FileNotFoundException: /oem/etc/theme/icons/dynamic_icon/com.vivo.weather/res/drawable-sw360dp-xxhdpi/dynamic_weather_overcast.png (No such file or directory)
09-08 16:29:15.048  4383  4437 E BitmapFactory: Unable to decode stream: java.io.FileNotFoundException: /oem/etc/theme/icons/dynamic_icon/com.vivo.weather/res/drawable-sw360dp-xxhdpi/dynamic_weather_degree.png (No such file or directory)
09-08 16:29:15.050  4383  4437 E BitmapFactory: Unable to decode stream: java.io.FileNotFoundException: /oem/etc/theme/icons/dynamic_icon/com.vivo.weather/res/drawable-sw360dp-xxhdpi/dynamic_weather_minus.png (No such file or directory)
09-08 16:29:15.078  1710  2176 I chatty  : uid=1000(system) AutobacklightTh identical 1 line
09-08 16:29:15.162  5867 11764 E MtpServer: request read returned -1, errno: 5
09-08 16:29:15.163 11760 11763 E adbd    : aio: got error event on read total bufs 1: Cannot send after transport endpoint shutdown
09-08 16:29:15.163 11760 11763 E adbd    : remote usb: read terminated (message): Cannot send after transport endpoint shutdown
09-08 16:29:15.167 11760 11760 I adbd    : closing functionfs transport
09-08 16:29:15.261 11760 11761 I adbd    : initializing functionfs
09-08 16:29:15.262 11760 11761 I adbd    : functionfs successfully initialized
09-08 16:29:15.262 11760 11761 I adbd    : registering usb transport
09-08 16:29:15.267 32400 32580 W Settings: Setting airplane_mode_on has moved from android.provider.Settings.System to android.provider.Settings.Global, returning read-only value.
09-08 16:29:15.271 32400 32580 W Settings: Setting airplane_mode_on has moved from android.provider.Settings.System to android.provider.Settings.Global, returning read-only value.
09-08 16:29:15.331   686   885 W qti_sensors_hal: processInd: angle direction: [0]: 1.000000 [1]: 9.614472 [2]: 23.421461 [3]: 0.000000 [4]: -0.000000 [5]: 0.000000 ts: 565437145306825
09-08 16:29:15.350   686   885 W qti_sensors_hal: processInd: angle direction: [0]: 1.000000 [1]: 9.614472 [2]: 23.421461 [3]: 0.000000 [4]: -0.000000 [5]: 0.000000 ts: 565437164685487
09-08 16:29:15.369   686   885 W qti_sensors_hal: processInd: angle direction: [0]: 1.000000 [1]: 9.614472 [2]: 23.421461 [3]: 0.000000 [4]: -0.000000 [5]: 0.000000 ts: 565437184033631
09-08 16:29:15.389   686   885 W qti_sensors_hal: processInd: angle direction: [0]: 1.000000 [1]: 9.614472 [2]: 23.421461 [3]: 0.000000 [4]: -0.000000 [5]: 0.000000 ts: 565437203381776
09-08 16:29:15.408   686   885 W qti_sensors_hal: processInd: angle direction: [0]: 1.000000 [1]: 9.614472 [2]: 23.421461 [3]: 0.000000 [4]: -0.000000 [5]: 0.000000 ts: 565437222760438
09-08 16:29:15.428   686   885 W qti_sensors_hal: processInd: angle direction: [0]: 1.000000 [1]: 9.614472 [2]: 23.421461 [3]: 0.000000 [4]: -0.000000 [5]: 0.000000 ts: 565437242108583
09-08 16:29:15.447   686   885 W qti_sensors_hal: processInd: angle direction: [0]: 5.000000 [1]: 31.711126 [2]: -0.532849 [3]: 0.000000 [4]: -0.000000 [5]: 0.000000 ts: 565437261487245
09-08 16:29:15.466   686   885 W qti_sensors_hal: processInd: angle direction: [0]: 5.000000 [1]: 31.711126 [2]: -0.532849 [3]: 0.000000 [4]: -0.000000 [5]: 0.000000 ts: 565437280835389
