09-08 16:30:15.402  2713  2760 W ContextImpl: Calling a method in the system process without a qualified user: android.app.ContextImpl.bindService:1645 android.content.ContextWrapper.bindService:698 com.vivo.daemonService.i.c.a:9 com.vivo.daemonService.i.c.a:13 com.vivo.daemonService.IqooSecure.SoftwareLockService$a.activityStarting:5
09-08 16:30:15.402  1710  5425 W ActivityManager: Unable to start service Intent { act=com.vivo.thirdappbehavior.ThirdAppBehaviorService pkg=com.vivo.abe } U=0: not found
09-08 16:30:15.403  1710  5425 I ActivityManager: remove message.
09-08 16:30:15.403  1710  5425 I ActivityManager: send message.
09-08 16:30:15.403  1710  5425 I ActivityManager: remove message.
09-08 16:30:15.403  1710  5425 I ActivityManager: Start ActivityRecord{f7132ce u0 cn.missevan/.activity.SplashActivity t-1} caller=com.bbk.launcher2 called=cn.missevan calledClass=cn.missevan.activity.SplashActivity
09-08 16:30:15.405   588   588 W hwservicemanager: getTransport: Cannot find entry vendor.qti.hardware.iop@2.0::IIop/default in either framework or device manifest.
09-08 16:30:15.405  1710  5425 E ANDR-PERF-JNI: Iop tryGetService failed
09-08 16:30:15.417  1710  5425 D ActivityTrigger: activityStartTrigger: Activity is Triggerred in full screen ApplicationInfo{9f1adda cn.missevan}
09-08 16:30:15.417  1710  5425 E ActivityTrigger: activityStartTrigger: not whiteListedcn.missevan/cn.missevan.activity.SplashActivity/5070300
09-08 16:30:15.417  1710  5425 D CompatibilityInfo: mCompatibilityFlags - 0
09-08 16:30:15.417  1710  5425 D CompatibilityInfo: applicationDensity - 480
09-08 16:30:15.417  1710  5425 D CompatibilityInfo: applicationScale - 1.0
09-08 16:30:15.417  1710  5425 W ActivityManager: vivo occlude resumeTop canOccclude = false next.occlude = false
09-08 16:30:15.417  1710  5425 D ActivityTrigger: activityResumeTrigger: The activity in ApplicationInfo{9f1adda cn.missevan} is now in focus and seems to be in full-screen mode
09-08 16:30:15.417  1710  5425 E ActivityTrigger: activityResumeTrigger: not whiteListedcn.missevan/cn.missevan.activity.SplashActivity/5070300
09-08 16:30:15.418  1710  5425 D ActivityTrigger: ActivityTrigger activityPauseTrigger
09-08 16:30:15.423  1710  2023 E BackgroundFallback: initVivoBgFallback callstackcom.android.internal.policy.DecorView.<init>:378 com.android.internal.policy.PhoneWindow.generateDecor:2421 com.android.internal.policy.PhoneWindow.installDecor:2800 com.android.internal.policy.PhoneWindow.getDecorView:2163 com.android.server.policy.PhoneWindowManager.addSplashScreen:4017 com.android.server.wm.SplashScreenStartingData.createStartingSurface:56 com.android.server.wm.AppWindowContainerController$1.run:155 android.os.Handler.handleCallback:873 android.os.Handler.dispatchMessage:99 android.os.Looper.loop:224
09-08 16:30:15.427  4383  4383 D Launcher.LauncherOverlayManager: onPause
09-08 16:30:15.429  1710  2522 W ActivityManager: vivo occlude resumeTop canOccclude = false next.occlude = false
09-08 16:30:15.429  1710  2522 D ActivityTrigger: activityResumeTrigger: The activity in ApplicationInfo{9f1adda cn.missevan} is now in focus and seems to be in full-screen mode
09-08 16:30:15.429  1710  2522 E ActivityTrigger: activityResumeTrigger: not whiteListedcn.missevan/cn.missevan.activity.SplashActivity/5070300
09-08 16:30:15.460  1710  1841 I ActivityManager: Start proc 11856:cn.missevan/u0a612 for activity cn.missevan/.activity.SplashActivity
09-08 16:30:15.463 11856 11856 I cn.missevan: Late-enabling -Xcheck:jni
09-08 16:30:15.472   718  4098 E         : IProducerListener: malformed binder reply
09-08 16:30:15.490  1710  2023 I Letterbox: null setColorInner, color = fff6f6f6, callers = com.android.server.wm.VivoBaseLetterbox$VivoBaseLetterboxSurface.setColor:66 com.android.server.wm.VivoBaseLetterbox.setColors:46 com.android.server.wm.VivoBaseAppWindowToken.updateLetterboxColor:323 com.android.server.wm.VivoBaseAppWindowToken.onLetterboxCreated:271 com.android.server.wm.VivoBaseAppWindowToken.layoutLetterbox:249
09-08 16:30:15.492  1710  2023 I Letterbox: setColorInner, color = ff000000, callers = com.android.server.wm.VivoBaseLetterbox$VivoBaseLetterboxSurface.onSurfaceCreated:71 com.android.server.wm.Letterbox$LetterboxSurface.createSurface:169 com.android.server.wm.Letterbox$LetterboxSurface.applySurfaceChanges:207 com.android.server.wm.VivoBaseLetterbox.applySurfaceChanges:35 com.android.server.wm.VivoBaseAppWindowToken.updateLetterboxSurface:83
09-08 16:30:15.493  1710  2023 I Letterbox: setColorInner, color = fff6f6f6, callers = com.android.server.wm.VivoBaseLetterbox$VivoBaseLetterboxSurface.onSurfaceCreated:71 com.android.server.wm.Letterbox$LetterboxSurface.createSurface:169 com.android.server.wm.Letterbox$LetterboxSurface.applySurfaceChanges:207 com.android.server.wm.VivoBaseLetterbox.applySurfaceChanges:37 com.android.server.wm.VivoBaseAppWindowToken.updateLetterboxSurface:83
09-08 16:30:15.498  1710  1710 D FeatureService: onReceive action android.intent.action.BATTERY_CHANGED
09-08 16:30:15.499  1710  5524 V LocSvc_HIDL_Subscription_jni: battery_level_update
09-08 16:30:15.499  1710  5524 V LocSvc_HIDL_Subscription_jni: [battery_level_update][931] [HC] =>> [HS]
09-08 16:30:15.499   693   693 V LocSvc_HIDL_IzatSubscription: [batteryLevelUpdate][777] [HS] <<<<= [HC]
09-08 16:30:15.499  1710  5524 V LocSvc_HIDL_Subscription_jni: Exit Result 0
09-08 16:30:15.500  2762  2762 D QtiCarrierConfigHelper: WARNING, no carrier configs on phone Id: 0
09-08 16:30:15.500  1710  1710 D FeatureService: onReceive action android.intent.action.BATTERY_CHANGED
09-08 16:30:15.508  2389  2389 D KeyguardUpdateMonitor: received broadcast android.intent.action.BATTERY_CHANGED
09-08 16:30:15.509  2389  2389 D KeyguardUpdateMonitor: handleBatteryUpdate
09-08 16:30:15.515  1710  5425 D CompatibilityInfo: mCompatibilityFlags - 0
09-08 16:30:15.516  1710  5425 D CompatibilityInfo: applicationDensity - 480
09-08 16:30:15.516  1710  5425 D CompatibilityInfo: applicationScale - 1.0
09-08 16:30:15.517  1710  5425 D CompatibilityInfo: mCompatibilityFlags - 0
09-08 16:30:15.517  1710  5425 D CompatibilityInfo: applicationDensity - 480
09-08 16:30:15.517  1710  5425 D CompatibilityInfo: applicationScale - 1.0
09-08 16:30:15.527  1710  5425 D CompatibilityInfo: mCompatibilityFlags - 0
09-08 16:30:15.527  1710  5425 D CompatibilityInfo: applicationDensity - 480
09-08 16:30:15.527  1710  5425 D CompatibilityInfo: applicationScale - 1.0
09-08 16:30:15.530  1710  1840 D UiModeManager: onForegroundActivitiesChanged: pid=11856, uid=10612, foregroundActivities=true
09-08 16:30:15.531  1710  2976 D PackageManager: package:1000 check permission,PERMISSION_GRANTED
09-08 16:30:15.531  1710  5421 D PackageManager: package:1000 check permission,PERMISSION_GRANTED
09-08 16:30:15.531  1710  2522 D PackageManager: package:1000 check permission,PERMISSION_GRANTED
09-08 16:30:15.531  1710  2975 D PackageManager: package:1000 check permission,PERMISSION_GRANTED
09-08 16:30:15.532  1710  1840 D PackageManager: package:1000 check permission,PERMISSION_GRANTED
09-08 16:30:15.532  1710  2521 D PackageManager: package:1002 check permission,PERMISSION_GRANTED
09-08 16:30:15.532  1710  5425 D PackageManager: package:1000 check permission,PERMISSION_GRANTED
09-08 16:30:15.552   716 10237 V APM_AudioPolicyManager: AudioPolicyManager:setRecordSilenced(uid:10612, silenced:0)
09-08 16:30:15.552   716 10237 V AudioFlinger: AudioFlinger::setRecordSilenced(uid:10612, silenced:0)
09-08 16:30:15.554  1710  1710 V SettingsProvider: Notifying for 0: content://settings/system/vivo_fullscreen_flag
09-08 16:30:15.556 11856 11856 I cn.missevan: The ClassLoaderContext is a special shared library.
09-08 16:30:15.560  1710  2976 D PackageManager: package:1000 check permission,PERMISSION_GRANTED
09-08 16:30:15.562  1710  3776 D PackageManager: package:1000 check permission,PERMISSION_GRANTED
09-08 16:30:15.564  1710  5424 D PackageManager: package:1000 check permission,PERMISSION_GRANTED
09-08 16:30:15.575   718   718 I ConfigStore: android::hardware::configstore::V1_0::ISurfaceFlingerConfigs::hasHDRDisplay retrieved: 0
09-08 16:30:15.609   718   718 I chatty  : uid=1000(system) /system/bin/surfaceflinger identical 16 lines
09-08 16:30:15.609   718   718 I ConfigStore: android::hardware::configstore::V1_0::ISurfaceFlingerConfigs::hasHDRDisplay retrieved: 0
09-08 16:30:15.617 11856 11856 I Perf    : Connecting to perf service.
09-08 16:30:15.624   718   718 I ConfigStore: android::hardware::configstore::V1_0::ISurfaceFlingerConfigs::hasHDRDisplay retrieved: 0
09-08 16:30:15.625   718   718 I chatty  : uid=1000(system) /system/bin/surfaceflinger identical 3 lines
09-08 16:30:15.625   718   718 I ConfigStore: android::hardware::configstore::V1_0::ISurfaceFlingerConfigs::hasHDRDisplay retrieved: 0
09-08 16:30:15.630 11856 11856 D Tinker.TinkerLoader: tryLoad test test
09-08 16:30:15.632  1710  5424 D PackageManager: package:10612 check permission,PERMISSION_GRANTED
09-08 16:30:15.632 11856 11856 W Tinker.TinkerLoader: tryLoadPatchFiles:patch dir not exist:/data/user/0/cn.missevan/tinker
09-08 16:30:15.638 11856 11856 D Tinker.DefaultAppLike: onBaseContextAttached:
09-08 16:30:15.639 11856 11856 I MultiDex: VM with version 2.1.0 has multidex support
09-08 16:30:15.639 11856 11856 I MultiDex: Installing application
09-08 16:30:15.639 11856 11856 I MultiDex: VM has multidex support, MultiDex support library is disabled.
09-08 16:30:15.641   718   718 I ConfigStore: android::hardware::configstore::V1_0::ISurfaceFlingerConfigs::hasHDRDisplay retrieved: 0
09-08 16:30:15.642   718   718 I chatty  : uid=1000(system) /system/bin/surfaceflinger identical 3 lines
09-08 16:30:15.642   718   718 I ConfigStore: android::hardware::configstore::V1_0::ISurfaceFlingerConfigs::hasHDRDisplay retrieved: 0
09-08 16:30:15.650  1710  5424 D PackageManager: package:10612 check permission,PERMISSION_GRANTED
09-08 16:30:15.658   718   718 I ConfigStore: android::hardware::configstore::V1_0::ISurfaceFlingerConfigs::hasHDRDisplay retrieved: 0
09-08 16:30:15.658   718   718 I chatty  : uid=1000(system) /system/bin/surfaceflinger identical 3 lines
09-08 16:30:15.659   718   718 I ConfigStore: android::hardware::configstore::V1_0::ISurfaceFlingerConfigs::hasHDRDisplay retrieved: 0
09-08 16:30:15.662 11856 11856 W HMSSDK_PushPreferences: get new sharedPreferences failed,start to get from context.
09-08 16:30:15.675   718   718 I ConfigStore: android::hardware::configstore::V1_0::ISurfaceFlingerConfigs::hasHDRDisplay retrieved: 0
09-08 16:30:15.675   718   718 I chatty  : uid=1000(system) /system/bin/surfaceflinger identical 2 lines
09-08 16:30:15.675   718   718 I ConfigStore: android::hardware::configstore::V1_0::ISurfaceFlingerConfigs::hasHDRDisplay retrieved: 0
09-08 16:30:15.684 11856 11856 W cn.missevan: Accessing hidden field Landroid/os/Trace;->TRACE_TAG_APP:J (light greylist, reflection)
09-08 16:30:15.684 11856 11856 W cn.missevan: Accessing hidden method Landroid/os/Trace;->isTagEnabled(J)Z (light greylist, reflection)
09-08 16:30:15.691   718   718 I ConfigStore: android::hardware::configstore::V1_0::ISurfaceFlingerConfigs::hasHDRDisplay retrieved: 0
09-08 16:30:15.692   718   718 I chatty  : uid=1000(system) /system/bin/surfaceflinger identical 2 lines
09-08 16:30:15.692   718   718 I ConfigStore: android::hardware::configstore::V1_0::ISurfaceFlingerConfigs::hasHDRDisplay retrieved: 0
09-08 16:30:15.699 11856 11856 W cn.missevan: Accessing hidden method Landroid/view/WindowManagerGlobal;->getInstance()Landroid/view/WindowManagerGlobal; (light greylist, reflection)
09-08 16:30:15.699 11856 11856 W cn.missevan: Accessing hidden field Landroid/view/WindowManagerGlobal;->mViews:Ljava/util/ArrayList; (light greylist, reflection)
09-08 16:30:15.699 11856 11856 W cn.missevan: Accessing hidden field Landroid/app/ActivityThread;->mH:Landroid/app/ActivityThread$H; (light greylist, reflection)
09-08 16:30:15.699 11856 11856 W cn.missevan: Accessing hidden method Landroid/app/ActivityThread;->currentActivityThread()Landroid/app/ActivityThread; (light greylist, reflection)
09-08 16:30:15.699 11856 11856 W cn.missevan: Accessing hidden field Landroid/os/Handler;->mCallback:Landroid/os/Handler$Callback; (light greylist, reflection)
09-08 16:30:15.699 11856 11856 W cn.missevan: Accessing hidden field Landroid/util/Singleton;->mInstance:Ljava/lang/Object; (light greylist, reflection)
09-08 16:30:15.699 11856 11856 W cn.missevan: Accessing hidden method Landroid/util/Singleton;->get()Ljava/lang/Object; (light greylist, reflection)
09-08 16:30:15.700 11856 11856 W cn.missevan: Accessing hidden field Landroid/app/ActivityManager;->IActivityManagerSingleton:Landroid/util/Singleton; (light greylist, reflection)
09-08 16:30:15.708   718   718 I ConfigStore: android::hardware::configstore::V1_0::ISurfaceFlingerConfigs::hasHDRDisplay retrieved: 0
09-08 16:30:15.708   718   718 I chatty  : uid=1000(system) /system/bin/surfaceflinger identical 2 lines
09-08 16:30:15.708   718   718 I ConfigStore: android::hardware::configstore::V1_0::ISurfaceFlingerConfigs::hasHDRDisplay retrieved: 0
09-08 16:30:15.713 11856 11856 I AGConnectProvider: AGConnectInitializeProvider#onCreate
09-08 16:30:15.714 11856 11856 I AGConnectInstance: AGConnectInstance#initialize
09-08 16:30:15.714 11856 11856 I ServiceRegistrarParser: getServices
09-08 16:30:15.715 11856 11856 I ServiceRegistrarParser: services:0
09-08 16:30:15.722 11856 11856 I AGC_Instance: AGC SDK initialize end, default route:UNKNOWN
09-08 16:30:15.724   718   718 I ConfigStore: android::hardware::configstore::V1_0::ISurfaceFlingerConfigs::hasHDRDisplay retrieved: 0
09-08 16:30:15.725   718   718 I chatty  : uid=1000(system) /system/bin/surfaceflinger identical 2 lines
09-08 16:30:15.725   718   718 I ConfigStore: android::hardware::configstore::V1_0::ISurfaceFlingerConfigs::hasHDRDisplay retrieved: 0
09-08 16:30:15.738 11856 11856 D b       : Open http://10.21.251.114:8080 in your browser
09-08 16:30:15.741   718   718 I ConfigStore: android::hardware::configstore::V1_0::ISurfaceFlingerConfigs::hasHDRDisplay retrieved: 0
09-08 16:30:15.758   718   718 I chatty  : uid=1000(system) /system/bin/surfaceflinger identical 6 lines
09-08 16:30:15.758   718   718 I ConfigStore: android::hardware::configstore::V1_0::ISurfaceFlingerConfigs::hasHDRDisplay retrieved: 0
09-08 16:30:15.759 11856 11856 W cn.missevan: Accessing hidden field Landroid/view/inputmethod/InputMethodManager;->mCurRootView:Landroid/view/View; (light greylist, reflection)
09-08 16:30:15.763  1710  3776 D PackageManager: package:10612 check permission,PERMISSION_GRANTED
09-08 16:30:15.774   718   718 I ConfigStore: android::hardware::configstore::V1_0::ISurfaceFlingerConfigs::hasHDRDisplay retrieved: 0
09-08 16:30:15.775   718   718 I chatty  : uid=1000(system) /system/bin/surfaceflinger identical 2 lines
09-08 16:30:15.775   718   718 I ConfigStore: android::hardware::configstore::V1_0::ISurfaceFlingerConfigs::hasHDRDisplay retrieved: 0
09-08 16:30:15.781   718   927 W SurfaceFlinger: Attempting to set client state on removed layer: Surface(name=AppWindowToken{7f69097 token=Token{6984f16 ActivityRecord{20e0c31 u0 com.bbk.launcher2/.Launcher t2}}})/@0x45a3c73 - animation-leash#0
09-08 16:30:15.781   718   927 W SurfaceFlinger: Attempting to destroy on removed layer: Surface(name=AppWindowToken{7f69097 token=Token{6984f16 ActivityRecord{20e0c31 u0 com.bbk.launcher2/.Launcher t2}}})/@0x45a3c73 - animation-leash#0
09-08 16:30:15.783  1710  2023 I chatty  : uid=1000(system) android.anim identical 1 line
09-08 16:30:15.787 11856 11856 D Tinker.DefaultAppLike: onCreate
09-08 16:30:15.872 11856 11856 W cn.missevan: Accessing hidden method Landroid/app/ActivityThread;->currentApplication()Landroid/app/Application; (light greylist, linking)
09-08 16:30:15.892 11856 11856 W pool-5-thread-1: type=1400 audit(0.0:74518): avc: denied { read } for name="version" dev="proc" ino=4026532090 scontext=u:r:untrusted_app:s0:c100,c258,c512,c768 tcontext=u:object_r:proc_version:s0 tclass=file permissive=0
09-08 16:30:15.892  1710  3776 D PackageManager: package:10612 check permission,PERMISSION_GRANTED
09-08 16:30:15.897 11856 11903 D SentryLog: [pool-5-thread-1] SU isn't found on this Device.
09-08 16:30:15.900  1710  3776 D PackageManager: package:10612 check permission,PERMISSION_GRANTED
09-08 16:30:15.900 11856 11856 I SentryLog: [main] Initializing SDK with DSN: 'https://8e68e4623f6348b0b9984471d41e3e2d@sentry.missevan.com/2'
09-08 16:30:15.904 11856 11856 I SentryLog: [main] GlobalHubMode: 'true'
09-08 16:30:15.904  1710  3776 I chatty  : uid=1000(system) Binder:1710_F identical 2 lines
09-08 16:30:15.915 11856 11856 D SentryLog: [main] UncaughtExceptionHandlerIntegration enabled: true
09-08 16:30:15.916 11856 11856 D SentryLog: [main] default UncaughtExceptionHandler class='xcrash.i'
09-08 16:30:15.917 11856 11856 D SentryLog: [main] UncaughtExceptionHandlerIntegration installed.
09-08 16:30:15.918 11856 11856 D SentryLog: [main] ShutdownHookIntegration installed.
09-08 16:30:15.919 11856 11856 D SentryLog: [main] SendCachedEventFireAndForgetIntegration installed.
09-08 16:30:15.919 11856 11906 D SentryLog: [pool-4-thread-1] Started processing cached files from /data/user/0/cn.missevan/cache/sentry
09-08 16:30:15.920 11856 11856 D SentryLog: [main] NdkIntegration enabled: true
09-08 16:30:15.921 11856 11856 I sentry-native: using database path "/data/data/cn.missevan/cache/sentry/.sentry-native"
09-08 16:30:15.922 11856 11906 D SentryLog: [pool-4-thread-1] Processing dir. /data/user/0/cn.missevan/cache/sentry
09-08 16:30:15.922 11856 11856 D sentry-native: starting backend
09-08 16:30:15.924 11856 11856 D SentryLog: [main] NdkIntegration installed.
09-08 16:30:15.925 11856 11856 D SentryLog: [main] Registering EnvelopeFileObserverIntegration for path: /data/user/0/cn.missevan/cache/sentry/outbox
09-08 16:30:15.925 11856 11906 D SentryLog: [pool-4-thread-1] Processing 0 items from cache dir /data/user/0/cn.missevan/cache/sentry
09-08 16:30:15.927 11856 11906 D SentryLog: [pool-4-thread-1] File /data/user/0/cn.missevan/cache/sentry/outbox is not a File.
09-08 16:30:15.927 11856 11856 D SentryLog: [main] EnvelopeFileObserverIntegration installed.
09-08 16:30:15.928 11856 11856 D SentryLog: [main] SendCachedEventFireAndForgetIntegration installed.
09-08 16:30:15.928 11856 11906 D SentryLog: [pool-4-thread-1] File /data/user/0/cn.missevan/cache/sentry/.sentry-native is not a File.
09-08 16:30:15.929 11856 11906 D SentryLog: [pool-4-thread-1] Finished processing cached files from /data/user/0/cn.missevan/cache/sentry
09-08 16:30:15.929 11856 11856 D SentryLog: [main] AnrIntegration enabled: true
09-08 16:30:15.930 11856 11856 D SentryLog: [main] ANR timeout in milliseconds: 5000
09-08 16:30:15.930 11856 11906 D SentryLog: [pool-4-thread-1] Started processing cached files from /data/user/0/cn.missevan/cache/sentry/outbox
09-08 16:30:15.931 11856 11906 D SentryLog: [pool-4-thread-1] Processing dir. /data/user/0/cn.missevan/cache/sentry/outbox
09-08 16:30:15.932 11856 11856 D SentryLog: [main] AnrIntegration installed.
09-08 16:30:15.933 11856 11856 D SentryLog: [main] enableSessionTracking enabled: true
09-08 16:30:15.933 11856 11906 D SentryLog: [pool-4-thread-1] Processing 0 items from cache dir /data/user/0/cn.missevan/cache/sentry/outbox
09-08 16:30:15.934 11856 11856 D SentryLog: [main] enableAppLifecycleBreadcrumbs enabled: true
09-08 16:30:15.934 11856 11906 D SentryLog: [pool-4-thread-1] Finished processing cached files from /data/user/0/cn.missevan/cache/sentry/outbox
09-08 16:30:15.936 11856 11856 D SentryLog: [main] AppLifecycleIntegration installed.
09-08 16:30:15.937 11856 11856 D SentryLog: [main] ActivityLifecycleIntegration enabled: true
09-08 16:30:15.938 11856 11856 D SentryLog: [main] ActivityLifecycleIntegration installed.
09-08 16:30:15.940 11856 11856 D SentryLog: [main] UserInteractionIntegration enabled: true
09-08 16:30:15.941 11856 11856 D SentryLog: [main] UserInteractionIntegration installed.
09-08 16:30:15.942 11856 11856 D SentryLog: [main] AppComponentsBreadcrumbsIntegration enabled: true
09-08 16:30:15.943 11856 11856 D SentryLog: [main] AppComponentsBreadcrumbsIntegration installed.
09-08 16:30:15.944 11856 11856 D SentryLog: [main] SystemEventsBreadcrumbsIntegration enabled: true
09-08 16:30:15.947 11856 11856 D SentryLog: [main] SystemEventsBreadcrumbsIntegration installed.
09-08 16:30:15.948 11856 11856 D SentryLog: [main] enableSystemEventsBreadcrumbs enabled: true
09-08 16:30:15.957 11856 11856 I SentryLog: [main] TYPE_AMBIENT_TEMPERATURE is not available.
09-08 16:30:15.958 11856 11856 D SentryLog: [main] enableSystemEventBreadcrumbs enabled: true
09-08 16:30:15.960 11856 11856 D SentryLog: [main] FragmentLifecycleIntegration installed.
09-08 16:30:16.001 11856 11856 I webkit_app: [main] x5 prepare to init cn.missevan
09-08 16:30:16.017 11856 11856 W cn.missevan: Accessing hidden method Ldalvik/system/VMRuntime;->getRuntime()Ldalvik/system/VMRuntime; (light greylist, reflection)
09-08 16:30:16.017 11856 11856 W cn.missevan: Accessing hidden method Ldalvik/system/VMRuntime;->is64Bit()Z (light greylist, reflection)
09-08 16:30:16.072  2793  2793 W ContextImpl: Calling a method in the system process without a qualified user: android.app.ContextImpl.startService:1550 android.content.ContextWrapper.startService:664 com.vivo.smartmultiwindow.utils.h$1.handleMessage:39 android.os.Handler.dispatchMessage:106 android.os.Looper.loop:224
09-08 16:30:16.074  1710  5421 D CompatibilityInfo: mCompatibilityFlags - 0
09-08 16:30:16.074  1710  5421 D CompatibilityInfo: applicationDensity - 480
09-08 16:30:16.074  1710  5421 D CompatibilityInfo: applicationScale - 1.0
09-08 16:30:16.096 11856 11914 D NAccs.AccsClientConfig:  build config:AccsClientConfig{mAppKey='umeng:546d7dd7fd98c58fc800082c', mAppSecret='64e8358a59d434e5546720db97ab5996', mInappHost='umengacs.m.taobao.com', mChannelHost='umengjmacs.m.taobao.com', mStoreId='', mSecurity=2, mAuthCode='', mInappPubKey=11, mChannelPubKey=11, mKeepalive=true, mAutoUnit=false, mTag='default', mConfigEnv=0, mDisableChannel=false, mQuickReconnect=false, mAccsHeartbeatEnable=false, mPullUpEnable=false, mForePingEnable=false, mPingTimeout=0}
09-08 16:30:16.096 11856 11914 W NAccs.AccsClientConfig:  build conver old config:AccsClientConfig{mAppKey='umeng:546d7dd7fd98c58fc800082c', mAppSecret='64e8358a59d434e5546720db97ab5996', mInappHost='umengacs.m.taobao.com', mChannelHost='umengjmacs.m.taobao.com', mStoreId='', mSecurity=2, mAuthCode='', mInappPubKey=-1, mChannelPubKey=-1, mKeepalive=true, mAutoUnit=true, mTag='default', mConfigEnv=0, mDisableChannel=false, mQuickReconnect=false, mAccsHeartbeatEnable=false, mPullUpEnable=true, mForePingEnable=false, mPingTimeout=0}
09-08 16:30:16.096 11856 11914 D NAccs.ACCSClient:  init config:AccsClientConfig{mAppKey='umeng:546d7dd7fd98c58fc800082c', mAppSecret='64e8358a59d434e5546720db97ab5996', mInappHost='umengacs.m.taobao.com', mChannelHost='umengjmacs.m.taobao.com', mStoreId='', mSecurity=2, mAuthCode='', mInappPubKey=11, mChannelPubKey=11, mKeepalive=true, mAutoUnit=false, mTag='default', mConfigEnv=0, mDisableChannel=false, mQuickReconnect=false, mAccsHeartbeatEnable=false, mPullUpEnable=false, mForePingEnable=false, mPingTimeout=0}
09-08 16:30:16.097 11856 11914 D UPush.Impl: appkey:546d7dd7fd98c58fc800082c secret:64e8358a59d434e5546720db97ab5996
09-08 16:30:16.101 11856 11867 W System  : A resource failed to call close.
09-08 16:30:16.103 11856 11934 W cn.missevan: Accessing hidden method Landroid/os/Build;->getString(Ljava/lang/String;)Ljava/lang/String; (light greylist, reflection)
09-08 16:30:16.103 11856 11939 I NAccs.TaobaoRegister:  register appKey:umeng:546d7dd7fd98c58fc800082c configTag:default
09-08 16:30:16.104 11856 11939 D NAccs.Config:  setAgooAppKey appkey:umeng:546d7dd7fd98c58fc800082c
09-08 16:30:16.104 11856 11939 D NAccs.Config:  setAgooMessageSecret secret:64e8358a59d434e5546720db97ab5996
09-08 16:30:16.105 11856 11939 D NAccs.ACCSManager:  getAccsInstance key:default|0
09-08 16:30:16.107 11856 11939 D NAccs.InAppConn_default:  new connection
09-08 16:30:16.109 11856 11939 I NAccs.Utils:  isMainProcess result:true
09-08 16:30:16.109 11856 11939 I NAccs.ACCSMgrImpl_default:  bindApp appKey:umeng:546d7dd7fd98c58fc800082c
09-08 16:30:16.110 11856 11939 D NAccs.UtilityImpl:  enableService comptName:ComponentInfo{cn.missevan/com.taobao.accs.ChannelService}
09-08 16:30:16.110  1710  2521 W PackageManager: setEnabledSetting  packageName:cn.missevan className:com.taobao.accs.ChannelService newState:1 userId:0 callingPackage:null
09-08 16:30:16.114 11856 11941 D NAccs.FileCheckUtils:  st.getAvailableBlocks()=2160940,st.getAvailableBlocks() * blockSize=8851210240
09-08 16:30:16.116  1710  3776 D CompatibilityInfo: mCompatibilityFlags - 0
09-08 16:30:16.116  1710  3776 D CompatibilityInfo: applicationDensity - 480
09-08 16:30:16.116  1710  3776 D CompatibilityInfo: applicationScale - 1.0
09-08 16:30:16.118   716 10237 V APM_AudioPolicyManager: AudioPolicyManager:setRecordSilenced(uid:10478, silenced:0)
09-08 16:30:16.118   716 10237 V AudioFlinger: AudioFlinger::setRecordSilenced(uid:10478, silenced:0)
09-08 16:30:16.127 11856 11939 D NAccs.UtilityImpl:  getEmuiVersion result:
09-08 16:30:16.127  1710  1710 V SettingsProvider: Notifying for 0: content://settings/system/vivo_smartmulitwindow_is_allowed_split
09-08 16:30:16.128 11856 11939 D NAccs.InAppConn_default:  start
09-08 16:30:16.138 11856 11939 E awcn.GlobalAppRuntimeInfo:   CurrentProcess:cn.missevan TargetProcess:cn.missevan
09-08 16:30:16.145 11856 11939 E awcn.StrategyCenter:  registerListener listener:[]
09-08 16:30:16.148 11856 11939 D awcn.NetworkStatusMonitor:  [checkNetworkStatus]
09-08 16:30:16.149 11856 11939 I awcn.NetworkStatusMonitor:  checkNetworkStatus info.isConnected:true info.isAvailable:true info.getType:1
09-08 16:30:16.152 11856 11856 D NetworkSecurityConfig: Using Network Security Config from resource g debugBuild: true
09-08 16:30:16.155 11856 11939 E awcn.Inet64Util:  startIpStackDetect ip stack:1 detectType:udp_connect
09-08 16:30:16.156 11856 11856 W cn.missevan: Accessing hidden method Ldalvik/system/CloseGuard;->get()Ldalvik/system/CloseGuard; (light greylist, reflection)
09-08 16:30:16.156 11856 11939 I awcn.NetworkStatusHelper:
09-08 16:30:16.156 11856 11939 I awcn.NetworkStatusHelper: Network detail*******************************
09-08 16:30:16.156 11856 11939 I awcn.NetworkStatusHelper: Status: WIFI
09-08 16:30:16.156 11856 11939 I awcn.NetworkStatusHelper: Subtype: wifi
09-08 16:30:16.156 11856 11939 I awcn.NetworkStatusHelper: BSSID:
09-08 16:30:16.156 11856 11939 I awcn.NetworkStatusHelper: SSID:
09-08 16:30:16.156 11856 11939 I awcn.NetworkStatusHelper: *********************************************
09-08 16:30:16.156 11856 11856 W cn.missevan: Accessing hidden method Ldalvik/system/CloseGuard;->open(Ljava/lang/String;)V (light greylist, reflection)
09-08 16:30:16.156 11856 11856 W cn.missevan: Accessing hidden method Ldalvik/system/CloseGuard;->warnIfOpen()V (light greylist, reflection)
09-08 16:30:16.157 11856 11939 I awcn.ThreadPoolExecutorFactory:  thread created! name:AWCN Scheduler1
09-08 16:30:16.160 11856 11956 E awcn.SessionCenter: |[seq:[default]] onNetworkStatusChanged. networkStatus:WIFI
09-08 16:30:16.161  1710  5424 D ConnectivityService: requestNetwork for uid/pid:10612/11856 NetworkRequest [ TRACK_DEFAULT id=3365, [ Capabilities: INTERNET&NOT_RESTRICTED&TRUSTED Unwanted:  Uid: 10612] ]
09-08 16:30:16.162  2762  2762 D PhoneSwitcherNetworkRequstListener: got request NetworkRequest [ TRACK_DEFAULT id=3365, [ Capabilities: INTERNET&NOT_RESTRICTED&TRUSTED Unwanted:  Uid: 10612] ] with score 60
09-08 16:30:16.162 11856 11939 I awcn.StrategyCenter:  StrategyCenter initialize started.
09-08 16:30:16.163  1710  2083 D ConnectivityService: isWifiPoorLink:false, nai.everValidated:true, networkType:1, networkDetailedState:CONNECTED, nai.isLingering():false, unneeded(nai, UnneededFor.TEARDOWN):false
09-08 16:30:16.163 11856 11856 W cn.missevan: Accessing hidden field Landroid/app/ActivityThread;->sCurrentActivityThread:Landroid/app/ActivityThread; (light greylist, reflection)
09-08 16:30:16.163 11856 11939 I awcn.StrategySerializeHelper:  StrateyFolder path:/data/user/0/cn.missevan/files/awcn_strategy
09-08 16:30:16.163  1710  2069 D WIFI    : got request NetworkRequest [ TRACK_DEFAULT id=3365, [ Capabilities: INTERNET&NOT_RESTRICTED&TRUSTED Unwanted:  Uid: 10612] ] with score 60
09-08 16:30:16.163 11856 11856 W cn.missevan: Accessing hidden method Landroid/app/ActivityThread;->getApplication()Landroid/app/Application; (light greylist, reflection)
09-08 16:30:16.163  1710  2069 D WIFI_UT : got request NetworkRequest [ TRACK_DEFAULT id=3365, [ Capabilities: INTERNET&NOT_RESTRICTED&TRUSTED Unwanted:  Uid: 10612] ] with score 60
09-08 16:30:16.163  1710  2156 D Ethernet: got request NetworkRequest [ TRACK_DEFAULT id=3365, [ Capabilities: INTERNET&NOT_RESTRICTED&TRUSTED Unwanted:  Uid: 10612] ] with score 60
09-08 16:30:16.164 11856 11939 I awcn.StrategyTable:  strategy map size:1
09-08 16:30:16.165 11856 11939 I awcn.StrategyInfoHolder:  restore
09-08 16:30:16.166 11856 11856 I Utils   : cn.missevan reflect app success.
09-08 16:30:16.166 11856 11887 I awcn.NetworkStatusMonitor:  network onAvailable
09-08 16:30:16.218 11856 11939 I awcn.SerializeHelper:  restore end. file:/data/user/0/cn.missevan/files/awcn_strategy/WIFI$d41d8cd98f00b204e9800998ecf8427e size:4363 cost:53
09-08 16:30:16.219 11856 11939 I awcn.StrategyTable:  strategy map size:2
09-08 16:30:16.229 11856 11939 I awcn.SerializeHelper:  restore end. file:/data/user/0/cn.missevan/files/awcn_strategy/StrategyConfig size:1387 cost:10
09-08 16:30:16.230 11856 11939 I awcn.AmdcThreadPoolExecutor:  thread created! name:AMDC1
09-08 16:30:16.230 11856 11961 I awcn.StrategyInfoHolder:  start loading strategy files
09-08 16:30:16.231 11856 11939 I awcn.StrategyTable:  strategy map size:2
09-08 16:30:16.231 11856 11939 I awcn.StrategyCenter:  StrategyCenter initialize finished.
09-08 16:30:16.231 11856 11961 I awcn.StrategyInfoHolder:  end loading strategy files total cost:1
09-08 16:30:16.236 11856 11916 D DexLoader: initTbsSettings - {use_private_classloader=true, use_speedy_classloader=true, use_dexloader_service=true}
09-08 16:30:16.236 11856 11916 D dexloader: Set base classLoader for DexClassLoader: dalvik.system.PathClassLoader[DexPathList[[zip file "/system/framework/org.apache.http.legacy.boot.jar", zip file "/data/app/cn.missevan-8kelM4HJoTWVrdStME8bVQ==/base.apk"],nativeLibraryDirectories=[/data/app/cn.missevan-8kelM4HJoTWVrdStME8bVQ==/lib/arm64, /data/app/cn.missevan-8kelM4HJoTWVrdStME8bVQ==/base.apk!/lib/arm64-v8a, /system/lib64]]]
09-08 16:30:16.237 11856 11916 D dexloader: createDexClassLoader: /data/user/0/cn.missevan/app_tbs_64/core_share/tbs_sdk_extension_dex.jar
09-08 16:30:16.237 11856 11916 D dexloader: sync odex...new DexClassLoader
09-08 16:30:16.237 11856 11939 I awcn.NetworkDetector:  registerListener
09-08 16:30:16.237 11856 11939 E awcn.StrategyCenter:  registerListener listener:[anet.channel.SessionCenter$a@dc65d07]
09-08 16:30:16.238 11856 11939 E awcn.Http3ConnDetector:  registerListener http3Enable:false
09-08 16:30:16.238 11856 11939 I awcn.Http3ConnDetector:  startDetect http3 global config close.
09-08 16:30:16.238 11856 11939 E awcn.StrategyCenter:  registerListener listener:[anet.channel.SessionCenter$a@dc65d07, anet.channel.detect.e@837ee34]
09-08 16:30:16.239 11856 11939 E awcn.StrategyCenter:  registerListener listener:[anet.channel.SessionCenter$a@dc65d07, anet.channel.detect.e@837ee34, anet.channel.e.c@d0011d2]
09-08 16:30:16.239 11856 11939 I NAccs.InAppConn_default:  init awcn register new conn protocol host: umengacs.m.taobao.com
09-08 16:30:16.239 11856 11916 I cn.missevan: The ClassLoaderContext is a special shared library.
09-08 16:30:16.241 11856 11916 D dexloader: createDexClassLoader result: dalvik.system.DexClassLoader[DexPathList[[zip file "/data/user/0/cn.missevan/app_tbs_64/core_share/tbs_sdk_extension_dex.jar"],nativeLibraryDirectories=[/data/user/0/cn.missevan/app_tbs_64/core_share, /system/lib64]]]
09-08 16:30:16.241 11856 11939 D awcn.StrategyCenter:  getSchemeByHost host:umengacs.m.taobao.com scheme:https
09-08 16:30:16.242 11856 11939 D awcn.SessionCenter: |[seq:umeng:546d7dd7fd98c58fc800082c] getInternal u:https://umengacs.m.taobao.com sessionType:LongLink timeout:0
09-08 16:30:16.242 11856 11939 I awcn.HttpDispatcher:  sendAmdcRequest hosts:[amdcopen.m.taobao.com, umengacs.m.taobao.com]
09-08 16:30:16.243 11856 11939 I awcn.AmdcThreadPoolExecutor:  merge amdc request delay:3195
09-08 16:30:16.243 11856 11939 I awcn.AmdcThreadPoolExecutor:  thread created! name:AMDC2
09-08 16:30:16.243 11856 11939 D awcn.StrategyCenter:  getSchemeByHost host:umengacs.m.taobao.com scheme:https
09-08 16:30:16.244 11856 11939 D awcn.SessionRequest: |[seq:umeng:546d7dd7fd98c58fc800082c.AWCN1] SessionRequest start host:https://umengacs.m.taobao.com type:1
09-08 16:30:16.245 11856 11939 D getConnStrategyListByHost: |[seq:host] umengacs.m.taobao.com:result [{203.119.128.123 443 http2_0rtt_acs}, {203.119.216.51 443 http2_0rtt_acs}, {203.119.128.123 80 http2_0rtt_acs}, {203.119.216.51 80 http2_0rtt_acs}, {203.119.128.123 443 spdy_0rtt_acs}, {203.119.216.51 443 spdy_0rtt_acs}, {203.119.128.123 80 spdy_0rtt_acs}, {203.119.216.51 80 spdy_0rtt_acs}, {203.119.128.123 443 https}, {203.119.216.51 443 https}]
09-08 16:30:16.246 11856 11939 D awcn.SessionRequest: |[seq:umeng:546d7dd7fd98c58fc800082c.AWCN1] [getAvailStrategy] strategies:[{203.119.128.123 443 http2_0rtt_acs}, {203.119.216.51 443 http2_0rtt_acs}, {203.119.128.123 80 http2_0rtt_acs}, {203.119.216.51 80 http2_0rtt_acs}, {203.119.128.123 443 spdy_0rtt_acs}, {203.119.216.51 443 spdy_0rtt_acs}, {203.119.128.123 80 spdy_0rtt_acs}, {203.119.216.51 80 spdy_0rtt_acs}]
09-08 16:30:16.255 11856 11939 I awcn.SessionRequest: |[seq:umeng:546d7dd7fd98c58fc800082c.AWCN1_1] create connection... Host:https://umengacs.m.taobao.com Type:http2_0rtt_acs IP:203.119.128.123 Port:443 heartbeat:45000 session:Session@[umeng:546d7dd7fd98c58fc800082c.AWCN1_1|http2_0rtt_acs]
09-08 16:30:16.255 11856 11939 E awcn.TnetSpdySession: |[seq:umeng:546d7dd7fd98c58fc800082c.AWCN1_1] connect host:https://umengacs.m.taobao.com ip:203.119.128.123 port:443 sessionId:1662625816255 SpdyProtocol,:http2_0rtt_acs proxyIp,: proxyPort,:0
09-08 16:30:16.257 11856 11939 E awcn.Session: |[seq:umeng:546d7dd7fd98c58fc800082c.AWCN1_1] notifyStatus status:CONNECTING
09-08 16:30:16.258 11856 11939 I NAccs.InAppConn_default:  registerSessionInfo host:umengacs.m.taobao.com
09-08 16:30:16.258 11856 11939 I NAccs.InAppConn_default:  initAwcn success!
09-08 16:30:16.258 11856 11939 D NAccs.InAppConn_default:  new ClientManager configTag:default
09-08 16:30:16.271 11856 11856 D LeakCanary: Updated LeakCanary.config: Config(iIZ=cn.missevan.utils.MemoryLeakReporter@a189a93)
09-08 16:30:16.272 11856 11939 I NAccs.ClientManager_default:  restoreClients success mBindStatus:{cn.missevan=2}
09-08 16:30:16.272 11856 11939 I NAccs.ClientManager_default:  isAppBinded appStatus:2 mBindStatus:{cn.missevan=2}
09-08 16:30:16.272 11856 11939 I NAccs.ACCSMgrImpl_default:  isAppBinded package:cn.missevan
09-08 16:30:16.273 11856 11939 D NAccs.MsgRecv_default:  onResult command:1 erorcode:200
09-08 16:30:16.273 11856 11939 E NAccs.MsgDistribute:  distribute ready action:com.taobao.accs.intent.action.RECEIVE dataId: serviceId:
09-08 16:30:16.274 11856 11939 D NAccs.MsgDistribute:  distribute start appkey:umeng:546d7dd7fd98c58fc800082c config:default
09-08 16:30:16.274 11856 11939 D NAccs.MsgDistribute:  handleControlMsg configTag:default dataId: serviceId: command:1 errorCode:200 appReceiver:
09-08 16:30:16.275 11856 11939 D NAccs.Config:  getAgooAppKey appkey:umeng:546d7dd7fd98c58fc800082c
09-08 16:30:16.275 11856 11939 D NAccs.MsgDistribute:  handleControlMsg agoo receiver onBindApp
09-08 16:30:16.275 11856 11939 I NAccs.TaobaoRegister:  onBindApp errorCode:200
09-08 16:30:16.284 11856 11939 I NAccs.AgooBindCache:  restoreAgooClients expired agooLastFlushTime:1662525358992
09-08 16:30:16.284 11856 11939 I NAccs.AgooBindCache:  isAgooRegistered packageName:cn.missevan appStatus: agooBindStatus:{}
09-08 16:30:16.288 11856 11939 D NAccs.UtilityImpl:  getEmuiVersion result:
09-08 16:30:16.289 11856 11939 I NAccs.RegisterDO:  buildData data:{"cmd":"register","appKey":"umeng:546d7dd7fd98c58fc800082c","utdid":"Yxb4jenW6G8DAAMnawpgwtMM","appVersion":"5.7.3","sdkVersion":"221","ttid":"android@umeng","packageName":"cn.missevan","notifyEnable":"true","romInfo":"","c0":"vivo","c1":"vivo X21A"}
09-08 16:30:16.290 11856 11939 D NAccs.InAppConn_default:  start
09-08 16:30:16.291 11856 11916 I crash_recorder: JNI_OnLoad at vm:0x7e4c4e61c0, @arm64
09-08 16:30:16.291 11856 11916 I crash_recorder: starting registerNativeSignalAction...
09-08 16:30:16.292 11856 11856 D PlayApplication: [main] PlayApplication onCreate.
09-08 16:30:16.292 11856 11939 D NAccs.InAppConn_default:  sendMessage ready dataId:1662625816290.3 type:DATA delay:0
09-08 16:30:16.293 11856 11939 E NAccs.MsgDistribute:  handBroadCastMsg command:1
09-08 16:30:16.293 11856 11939 W NAccs.MsgDistribute:  handBroadCastMsg not handled command
09-08 16:30:16.301 11856 11973 E NAccs.InAppConn_default:  sendMessage start dataId:1662625816290.3 type:DATA
09-08 16:30:16.301 11856 11973 D NAccs.OrangeAdapter:  getConnectTimeout result:10000
09-08 16:30:16.301 11856 11973 D awcn.SessionCenter: |[seq:umeng:546d7dd7fd98c58fc800082c] getInternal u:https://umengacs.m.taobao.com sessionType:LongLink timeout:10000
09-08 16:30:16.302 11856 11973 D awcn.StrategyCenter:  getSchemeByHost host:umengacs.m.taobao.com scheme:https
09-08 16:30:16.302 11856 11973 D awcn.SessionRequest: |[seq:umeng:546d7dd7fd98c58fc800082c.AWCN2] SessionRequest start host:https://umengacs.m.taobao.com type:1
09-08 16:30:16.302 11856 11973 D awcn.SessionRequest: |[seq:umeng:546d7dd7fd98c58fc800082c.AWCN2] session connecting host:https://umengacs.m.taobao.com
09-08 16:30:16.302 11856 11973 D awcn.SessionRequest:  [await] timeoutMs:10000
09-08 16:30:16.306 11856 11856 I MissEvanApplication: [main] current process: cn.missevan
09-08 16:30:16.310 11856 11856 D BLOG-EVENT-Network: network changed: 3=>1
09-08 16:30:16.319 11856 11856 W LaserActionExecutor: [main] actionClass map is null
09-08 16:30:16.325 11856 11856 V HotfixPatchListener: [main] application maxMemory:256
09-08 16:30:16.330 11856 11856 W Tinker.Tinker: [main] tinker patch directory: /data/user/0/cn.missevan/tinker
09-08 16:30:16.332 11856 11856 I Tinker.Tinker: [main] try to install tinker, isEnable: true, version: 1.9.14.10.4
09-08 16:30:16.335 11856 11856 I Tinker.TinkerLoadResult: [main] parseTinkerResult loadCode:-2, process name:cn.missevan, main process:true, systemOTA:false, fingerPrint:vivo/PD1728/PD1728:9/PKQ1.180819.001/compiler07281740:user/release-keys, oatDir:null, useInterpretMode:false
09-08 16:30:16.337 11856 11856 W Tinker.TinkerLoadResult: [main] can't find patch file, is ok, just return
09-08 16:30:16.338 11856 11856 I Tinker.DefaultLoadReporter: [main] patch loadReporter onLoadResult: patch load result, path:/data/user/0/cn.missevan/tinker, code: -2, cost: 2ms
09-08 16:30:16.339 11856 11856 W Tinker.Tinker: [main] tinker load fail!
09-08 16:30:16.379 11856 11948 E awcn.Session: |[seq:umeng:546d7dd7fd98c58fc800082c.AWCN1_1] notifyStatus status:CONNECTED
09-08 16:30:16.380 11856 11948 E NAccs.InAppConn_default:  auth URL:https://umengacs.m.taobao.com/accs/auth?1=Yxb4jenW6G8DAAMnawpgwtMM&2=2d3350db2a0721d3256994f9db4c3489eaf3cf26598dc122a583a1dbc724421e&3=umeng:546d7dd7fd98c58fc800082c&5=1&6=wifi&7=null&8=1.1.2&9=1662625816241&10=1&11=28&12=cn.missevan&13=5.7.3&14=android@umeng&15=vivo+X21A&16=vivo&17=221&19=0&20=
09-08 16:30:16.383 11856 11948 I awcn.TnetSpdySession:   request URL:https://umengacs.m.taobao.com/accs/auth?1=Yxb4jenW6G8DAAMnawpgwtMM&2=2d3350db2a0721d3256994f9db4c3489eaf3cf26598dc122a583a1dbc724421e&3=umeng:546d7dd7fd98c58fc800082c&5=1&6=wifi&7=null&8=1.1.2&9=1662625816241&10=1&11=28&12=cn.missevan&13=5.7.3&14=android@umeng&15=vivo+X21A&16=vivo&17=221&19=0&20=
09-08 16:30:16.383 11856 11948 I awcn.TnetSpdySession:   request Method:GET
09-08 16:30:16.384 11856 11948 I awcn.TnetSpdySession:   request headers:{}
09-08 16:30:16.386 11856 11948 D awcn.TnetSpdySession:   streamId:1
09-08 16:30:16.386 11856 11948 E awcn.TnetSpdySession: |[seq:umeng:546d7dd7fd98c58fc800082c.AWCN1_1] spdySessionConnectCB connect connectTime:122 sslTime:1
09-08 16:30:16.401 11856 11856 I WebViewFactory: Loading com.google.android.webview version 104.0.5112.97 (code 511209703)
09-08 16:30:16.427 11856 11948 I awcn.TnetSpdySession:   statusCode:200
09-08 16:30:16.427 11856 11948 I awcn.TnetSpdySession:   response headers:{date=[Thu, 08 Sep 2022 08:30:11 GMT], server=[Tengine/Aserver/3.2.48_20220621115549], content-length=[0], s-accs-retcode=[SUCCESS], :status=[200], x-workerid=[1369095386417847107], x-at=[Yxb4jenW6G8DAAMnawpgwtMMumeng:546d7dd7fd98c58fc800082c1662640211]}
09-08 16:30:16.430 11856 11948 E NAccs.InAppConn_default:  auth httpStatusCode:200
09-08 16:30:16.430 11856 11948 E awcn.Session: |[seq:umeng:546d7dd7fd98c58fc800082c.AWCN1_1] notifyStatus status:AUTH_SUCC
09-08 16:30:16.431 11856 11948 D awcn.TnetSpdySession: |[seq:umeng:546d7dd7fd98c58fc800082c.AWCN1_1] ping host:https://umengacs.m.taobao.com thread:spdy-0
09-08 16:30:16.431 11856 11948 D awcn.TnetSpdySession: |[seq:umeng:546d7dd7fd98c58fc800082c.AWCN1_1] https://umengacs.m.taobao.com submit ping ms:0 force:true
09-08 16:30:16.431 11856 12000 D awcn.SessionRequest: |[seq:umeng:546d7dd7fd98c58fc800082c.AWCN1_1] Session:Session@[umeng:546d7dd7fd98c58fc800082c.AWCN1_1|http2_0rtt_acs] EventType:512 Event:
09-08 16:30:16.432 11856 12000 E awcn.SessionRequest:  sendConnectInfoToAccsByService
09-08 16:30:16.432 11856 11948 D awcn.TnetSpdySession: |[seq:umeng:546d7dd7fd98c58fc800082c.AWCN1_1] spdyOnStreamResponse authTime:0
09-08 16:30:16.432 11856 11948 D NAccs.InAppConn_default:  auth header:{date=Thu, 08 Sep 2022 08:30:11 GMT, server=Tengine/Aserver/3.2.48_20220621115549, content-length=0, s-accs-retcode=SUCCESS, :status=200, x-workerid=1369095386417847107, x-at=Yxb4jenW6G8DAAMnawpgwtMMumeng:546d7dd7fd98c58fc800082c1662640211}
09-08 16:30:16.433 11856 11948 D awcn.TnetSpdySession:  spdyStreamCloseCallback streamId:1 errorCode:0
09-08 16:30:16.437  1710  5421 D CompatibilityInfo: mCompatibilityFlags - 0
09-08 16:30:16.437  1710  5421 D CompatibilityInfo: applicationDensity - 480
09-08 16:30:16.437  1710  5421 D CompatibilityInfo: applicationScale - 1.0
09-08 16:30:16.438  1710  2573 I LocationManagerService: shouldRequest for passive  ? true
09-08 16:30:16.439 11856 12000 E awcn.SessionRequest:  sendConnectInfoToAccsByCallBack
09-08 16:30:16.440 11856 11956 E NAccs.InAppConn_default:  onConnectionChanged currentHost:https://umengacs.m.taobao.com changeHost:https://umengacs.m.taobao.com state:true
09-08 16:30:16.441 11856 12000 D awcn.SessionRequest: |[seq:umeng:546d7dd7fd98c58fc800082c.AWCN1_1] Connect Success session:Session@[umeng:546d7dd7fd98c58fc800082c.AWCN1_1|http2_0rtt_acs] host:https://umengacs.m.taobao.com
09-08 16:30:16.441 11856 12000 D awcn.SessionRequest:  Receive session event eventType:512
09-08 16:30:16.442 11856 11956 I NAccs.HeartbeatManager:  hb use job
09-08 16:30:16.442 11856 11956 D NAccs.HeartbeatManager:  set 270
09-08 16:30:16.443 11856 11973 D NAccs.Msg_default:  Build Message dataId:1662625816290.3
09-08 16:30:16.443 11856 11973 D NAccs.Msg_default:  	version:2 compress:1
09-08 16:30:16.443 11856 11973 D NAccs.Msg_default:  	flag: 0x40
09-08 16:30:16.443 11856 11973 D NAccs.Msg_default:  	totalLength:301
09-08 16:30:16.444 11856 11973 D NAccs.Msg_default:  	dataLength:299
09-08 16:30:16.444 11856 11973 D NAccs.Msg_default:  	flags:ffffc800
09-08 16:30:16.444 11856 11973 D NAccs.Msg_default:  	targetLength:16
09-08 16:30:16.444 11856 11973 D NAccs.Msg_default:  	target:2|AgooDeviceCmd|
09-08 16:30:16.444 11856 11973 D NAccs.Msg_default:  	sourceLength:51
09-08 16:30:16.444 11856 11973 D NAccs.Msg_default:  	source:Yxb4jenW6G8DAAMnawpgwtMM|cn.missevan|AgooDeviceCmd|
09-08 16:30:16.444 11856 11973 D NAccs.Msg_default:  	dataIdLength:15
09-08 16:30:16.444 11856 11973 D NAccs.Msg_default:  	dataId:1662625816290.3
09-08 16:30:16.444 11856 11973 D NAccs.Msg_default:  	extHeader len:0
09-08 16:30:16.444 11856 11973 D NAccs.Msg_default:  	oriData:{"cmd":"register","appKey":"umeng:546d7dd7fd98c58fc800082c","utdid":"Yxb4jenW6G8DAAMnawpgwtMM","appVersion":"5.7.3","sdkVersion":"221","ttid":"android@umeng","packageName":"cn.missevan","notifyEnable":"true","romInfo":"","c0":"vivo","c1":"vivo X21A"}
09-08 16:30:16.445 11856 11973 D NAccs.InAppConn_default:  sendMessage dataId:1662625816290.3 command:100 host:https://umengacs.m.taobao.com len:305 utdid:Yxb4jenW6G8DAAMnawpgwtMM
09-08 16:30:16.445 11856 11973 E awcn.TnetSpdySession: |[seq:umeng:546d7dd7fd98c58fc800082c.AWCN1_1] sendCustomFrame dataId:3 type:200
09-08 16:30:16.446 11856 11973 E NAccs.InAppConn_default:  sendMessage end dataId:1662625816290.3 status:true
09-08 16:30:16.447 11856 12000 D awcn.StrategyTable:  [notifyConnEvent] Host:umengacs.m.taobao.com IConnStrategy:{203.119.128.123 443 http2_0rtt_acs} ConnEvent:ConnEvent#Success
09-08 16:30:16.450  1710  5421 V AlarmAlign: setLocked to kernel, type = 2, when = 565606678, curTime = 565498266
09-08 16:30:16.451  1710  5421 V AlarmAlign: setLocked to kernel, type = 3, when = 565541816, curTime = 565498266
09-08 16:30:16.451  1710  5421 V AlarmAlign: setLocked to kernel, type = 2, when = 565606678, curTime = 565498266
09-08 16:30:16.451  1710  5421 V AlarmAlign: setLocked to kernel, type = 3, when = 565541816, curTime = 565498266
09-08 16:30:16.452  1710  5421 V AlarmAlign: setLocked to kernel, type = 2, when = 565606678, curTime = 565498267
09-08 16:30:16.452  1710  5421 V AlarmAlign: setLocked to kernel, type = 3, when = 565541816, curTime = 565498268
09-08 16:30:16.452  1710  5421 V AlarmAlign: setLocked to kernel, type = 2, when = 565606678, curTime = 565498268
09-08 16:30:16.452  1710  5421 V AlarmAlign: setLocked to kernel, type = 3, when = 565541816, curTime = 565498268
09-08 16:30:16.462 11856 11856 I cn.missevan: Rejecting re-init on previously-failed class java.lang.Class<Wb0>: java.lang.NoClassDefFoundError: Failed resolution of: Landroid/webkit/PacProcessor;
09-08 16:30:16.462 11856 11856 I cn.missevan:   at java.lang.Class java.lang.Class.classForName(java.lang.String, boolean, java.lang.ClassLoader) (Class.java:-2)
09-08 16:30:16.462 11856 11856 I cn.missevan:   at java.lang.Class java.lang.Class.forName(java.lang.String, boolean, java.lang.ClassLoader) (Class.java:453)
09-08 16:30:16.462 11856 11856 I cn.missevan:   at java.lang.Class android.webkit.WebViewFactory.getWebViewProviderClass(java.lang.ClassLoader) (WebViewFactory.java:176)
09-08 16:30:16.462 11856 11856 I cn.missevan:   at java.lang.Class android.webkit.WebViewFactory.getProviderClass() (WebViewFactory.java:459)
09-08 16:30:16.462 11856 11856 I cn.missevan:   at android.webkit.WebViewFactoryProvider android.webkit.WebViewFactory.getProvider() (WebViewFactory.java:251)
09-08 16:30:16.462 11856 11856 I cn.missevan:   at android.webkit.CookieManager android.webkit.CookieManager.getInstance() (CookieManager.java:40)
09-08 16:30:16.462 11856 11856 I cn.missevan:   at void com.tencent.smtt.sdk.CookieManager.setAcceptCookie(boolean) ((null):-1)
09-08 16:30:16.462 11856 11856 I cn.missevan:   at void cn.missevan.web.bili.e.setAcceptCookie(boolean) (SourceFile:66)
09-08 16:30:16.462 11856 11856 I cn.missevan:   at void cn.missevan.web.d.b.et(boolean) (SourceFile:128)
09-08 16:30:16.462 11856 11856 I cn.missevan:   at void cn.missevan.web.d.b.setAcceptCookie(boolean) (SourceFile:119)
09-08 16:30:16.462 11856 11856 I cn.missevan:   at void cn.missevan.web.d.b.eG(java.lang.String) (SourceFile:68)
09-08 16:30:16.462 11856 11856 I cn.missevan:   at void cn.missevan.web.d.b.syncCookie() (SourceFile:50)
09-08 16:30:16.462 11856 11856 I cn.missevan:   at void cn.missevan.MissEvanApplication.syncCookie() (SourceFile:672)
09-08 16:30:16.462 11856 11856 I cn.missevan:   at void cn.missevan.MissEvanApplication.onCreate() (SourceFile:365)
09-08 16:30:16.462 11856 11856 I cn.missevan:   at void cn.missevan.hotfix.MissevanApplicationLike.onCreate() (SourceFile:89)
09-08 16:30:16.462 11856 11856 I cn.missevan:   at void com.tencent.tinker.entry.TinkerApplicationInlineFence.handleMessageImpl(android.os.Message) (SourceFile:71)
09-08 16:30:16.462 11856 11856 I cn.missevan:   at void com.tencent.tinker.entry.TinkerApplicationInlineFence.handleMessage_$noinline$(android.os.Message) (SourceFile:60)
09-08 16:30:16.462 11856 11856 I cn.missevan:   at void com.tencent.tinker.entry.TinkerApplicationInlineFence.handleMessage(android.os.Message) (SourceFile:53)
09-08 16:30:16.462 11856 11856 I cn.missevan:   at void com.tencent.tinker.loader.app.TinkerInlineFenceAction.callOnCreate(android.os.Handler) (SourceFile:50)
09-08 16:30:16.462 11856 11856 I cn.missevan:   at void com.tencent.tinker.loader.app.TinkerApplication.onCreate() (SourceFile:184)
09-08 16:30:16.462 11856 11856 I cn.missevan:   at void android.app.Instrumentation.callApplicationOnCreate(android.app.Application) (Instrumentation.java:1158)
09-08 16:30:16.462 11856 11856 I cn.missevan:   at void android.app.ActivityThread.handleBindApplication(android.app.ActivityThread$AppBindData) (ActivityThread.java:6200)
09-08 16:30:16.462 11856 11856 I cn.missevan:   at void android.app.ActivityThread.access$1200(android.app.ActivityThread, android.app.ActivityThread$AppBindData) (ActivityThread.java:236)
