08-31 16:37:04.171  2738  2738 W n:player.singl: Accessing hidden method Ldalvik/system/CloseGuard;->open(Ljava/lang/String;)V (light greylist, reflection)
08-31 16:37:04.171  2738  2738 W n:player.singl: Accessing hidden method Ldalvik/system/CloseGuard;->warnIfOpen()V (light greylist, reflection)
08-31 16:37:04.177  1724  2922 D PackageManager: package:10598 check permission,PERMISSION_GRANTED
08-31 16:37:04.177  2738  3090 W NAccs.ACCSMgrImpl_default:  bindApp only allow in main process
08-31 16:37:04.215  2815  3101 D SentryLog: [pool-3-thread-1] SU isn't found on this Device.
08-31 16:37:04.226  1724  2922 D PackageManager: package:10598 check permission,PERMISSION_GRANTED
08-31 16:37:04.251   717  4080 E         : IProducerListener: malformed binder reply
08-31 16:37:04.245  2815  2815 W pool-3-thread-1: type=1400 audit(0.0:48295): avc: denied { read } for name="version" dev="proc" ino=4026532090 scontext=u:r:untrusted_app:s0:c86,c258,c512,c768 tcontext=u:object_r:proc_version:s0 tclass=file permissive=0
08-31 16:37:04.262  2738  2738 D PlayApplication: [main] PlayApplication onCreate.
08-31 16:37:04.263  2815  2815 I SentryLog: [main] Initializing SDK with DSN: 'https://8e68e4623f6348b0b9984471d41e3e2d@sentry.missevan.com/2'
08-31 16:37:04.269  2815  2815 I SentryLog: [main] GlobalHubMode: 'true'
08-31 16:37:04.289  1724  2922 D PackageManager: package:10598 check permission,PERMISSION_GRANTED
08-31 16:37:04.320  2815  2815 D SentryLog: [main] UncaughtExceptionHandlerIntegration enabled: true
08-31 16:37:04.325  2815  2815 D SentryLog: [main] default UncaughtExceptionHandler class='xcrash.i'
08-31 16:37:04.327  2815  2815 D SentryLog: [main] UncaughtExceptionHandlerIntegration installed.
08-31 16:37:04.331  2815  2815 D SentryLog: [main] ShutdownHookIntegration installed.
08-31 16:37:04.337  2815  2815 D SentryLog: [main] SendCachedEventFireAndForgetIntegration installed.
08-31 16:37:04.338  2815  3110 D SentryLog: [pool-2-thread-1] Started processing cached files from /data/user/0/cn.missevan/cache/sentry
08-31 16:37:04.340  2815  2815 D SentryLog: [main] NdkIntegration enabled: true
08-31 16:37:04.342  2815  2815 I sentry-native: using database path "/data/data/cn.missevan/cache/sentry/.sentry-native"
08-31 16:37:04.343  2815  2815 D sentry-native: starting backend
08-31 16:37:04.346  2815  2815 D SentryLog: [main] NdkIntegration installed.
08-31 16:37:04.347  2815  3110 D SentryLog: [pool-2-thread-1] Processing dir. /data/user/0/cn.missevan/cache/sentry
08-31 16:37:04.348  2815  2815 D SentryLog: [main] Registering EnvelopeFileObserverIntegration for path: /data/user/0/cn.missevan/cache/sentry/outbox
08-31 16:37:04.349  2815  3110 D SentryLog: [pool-2-thread-1] Processing 0 items from cache dir /data/user/0/cn.missevan/cache/sentry
08-31 16:37:04.351  2815  3110 D SentryLog: [pool-2-thread-1] File /data/user/0/cn.missevan/cache/sentry/outbox is not a File.
08-31 16:37:04.353  2815  3110 D SentryLog: [pool-2-thread-1] Processing file: /data/user/0/cn.missevan/cache/sentry/session.json
08-31 16:37:04.354  2815  2815 D SentryLog: [main] EnvelopeFileObserverIntegration installed.
08-31 16:37:04.355  2815  3110 D SentryLog: [pool-2-thread-1] File '/data/user/0/cn.missevan/cache/sentry/session.json' doesn't match extension expected.
08-31 16:37:04.356  2815  3110 D SentryLog: [pool-2-thread-1] File /data/user/0/cn.missevan/cache/sentry/.sentry-native is not a File.
08-31 16:37:04.357  2815  2815 D SentryLog: [main] SendCachedEventFireAndForgetIntegration installed.
08-31 16:37:04.358  2815  3110 D SentryLog: [pool-2-thread-1] Finished processing cached files from /data/user/0/cn.missevan/cache/sentry
08-31 16:37:04.360  2815  3110 D SentryLog: [pool-2-thread-1] Started processing cached files from /data/user/0/cn.missevan/cache/sentry/outbox
08-31 16:37:04.360  2815  2815 D SentryLog: [main] AnrIntegration enabled: true
08-31 16:37:04.362  2815  3110 D SentryLog: [pool-2-thread-1] Processing dir. /data/user/0/cn.missevan/cache/sentry/outbox
08-31 16:37:04.363  2815  2815 D SentryLog: [main] ANR timeout in milliseconds: 5000
08-31 16:37:04.365  2815  3110 D SentryLog: [pool-2-thread-1] Processing 0 items from cache dir /data/user/0/cn.missevan/cache/sentry/outbox
08-31 16:37:04.366  2815  3110 D SentryLog: [pool-2-thread-1] Finished processing cached files from /data/user/0/cn.missevan/cache/sentry/outbox
08-31 16:37:04.368  2815  2815 D SentryLog: [main] AnrIntegration installed.
08-31 16:37:04.370  2815  2815 D SentryLog: [main] enableSessionTracking enabled: true
08-31 16:37:04.377  2815  2815 D SentryLog: [main] enableAppLifecycleBreadcrumbs enabled: true
08-31 16:37:04.387  2815  2815 D SentryLog: [main] AppLifecycleIntegration installed.
08-31 16:37:04.391  2815  2815 D SentryLog: [main] ActivityLifecycleIntegration enabled: true
08-31 16:37:04.394  2815  2815 D SentryLog: [main] ActivityLifecycleIntegration installed.
08-31 16:37:04.396  2815  2815 D SentryLog: [main] UserInteractionIntegration enabled: true
08-31 16:37:04.398  2815  2815 D SentryLog: [main] UserInteractionIntegration installed.
08-31 16:37:04.400  2815  2815 D SentryLog: [main] AppComponentsBreadcrumbsIntegration enabled: true
08-31 16:37:04.401  2815  2815 D SentryLog: [main] AppComponentsBreadcrumbsIntegration installed.
08-31 16:37:04.403  2815  2815 D SentryLog: [main] SystemEventsBreadcrumbsIntegration enabled: true
08-31 16:37:04.408  2815  2815 D SentryLog: [main] SystemEventsBreadcrumbsIntegration installed.
08-31 16:37:04.409  2815  2815 D SentryLog: [main] enableSystemEventsBreadcrumbs enabled: true
08-31 16:37:04.418  2815  2815 I SentryLog: [main] TYPE_AMBIENT_TEMPERATURE is not available.
08-31 16:37:04.420  2815  2815 D SentryLog: [main] enableSystemEventBreadcrumbs enabled: true
08-31 16:37:04.422  2815  2815 D SentryLog: [main] FragmentLifecycleIntegration installed.
08-31 16:37:04.437  2738  2738 I MissEvanApplication: [main] current process: cn.missevan:player.single
08-31 16:37:04.451  2738  2738 D BLOG-EVENT-Network: network changed: 3=>1
08-31 16:37:04.463  2738  2738 W LaserActionExecutor: [main] actionClass map is null
08-31 16:37:04.487  2738  2738 V HotfixPatchListener: [main] application maxMemory:256
08-31 16:37:04.489  1724  2881 D PackageManager: package:10598 check permission,PERMISSION_GRANTED
08-31 16:37:04.507  1724  2881 D PackageManager: package:10598 check permission,PERMISSION_GRANTED
08-31 16:37:04.525  2738  2738 W Tinker.Tinker: [main] tinker patch directory: /data/user/0/cn.missevan/tinker
08-31 16:37:04.531  2738  2738 I Tinker.Tinker: [main] try to install tinker, isEnable: true, version: 1.9.14.10.4
08-31 16:37:04.536  2738  2738 I Tinker.TinkerLoadResult: [main] parseTinkerResult loadCode:-2, process name:cn.missevan:player.single, main process:false, systemOTA:false, fingerPrint:vivo/PD1728/PD1728:9/PKQ1.180819.001/compiler07281740:user/release-keys, oatDir:null, useInterpretMode:false
08-31 16:37:04.537  2738  2738 W Tinker.TinkerLoadResult: [main] can't find patch file, is ok, just return
08-31 16:37:04.538  2738  2738 I Tinker.DefaultLoadReporter: [main] patch loadReporter onLoadResult: patch load result, path:/data/user/0/cn.missevan/tinker, code: -2, cost: 5ms
08-31 16:37:04.540  2738  2738 W Tinker.Tinker: [main] tinker load fail!
08-31 16:37:04.574  2738  2738 I Player.BaseAidlPlayerService: [main] onCreate
08-31 16:37:04.576  2738  2738 I Player.BaseAidlPlayerService: [main] onBind
08-31 16:37:04.594  2738  2738 D Tinker.TinkerLoader: [main] [PendingLog @ 2022-08-31 16:37:03.113] tryLoad test test
08-31 16:37:04.595  2738  2738 W Tinker.TinkerLoader: [main] [PendingLog @ 2022-08-31 16:37:03.117] tryLoadPatchFiles:patch dir not exist:/data/user/0/cn.missevan/tinker
08-31 16:37:04.597  2738  2738 D Tinker.DefaultAppLike: [main] [PendingLog @ 2022-08-31 16:37:03.185] onBaseContextAttached:
08-31 16:37:04.598  2738  2738 D Tinker.DefaultAppLike: [main] [PendingLog @ 2022-08-31 16:37:03.291] onCreate
08-31 16:37:04.636  2956  2956 W ContextImpl: Calling a method in the system process without a qualified user: android.app.ContextImpl.stopService:1562 android.content.ContextWrapper.stopService:674 com.vivo.smartmultiwindow.utils.h$1.handleMessage:178 android.os.Handler.dispatchMessage:106 android.os.Looper.loop:224
08-31 16:37:04.636  1724  1724 V SettingsProvider: Notifying for 0: content://settings/system/vivo_smartmulitwindow_is_allowed_split
08-31 16:37:04.637  1724  2922 D NotificationListeners: Removing active service ComponentInfo{com.vivo.smartmultiwindow/com.vivo.smartmultiwindow.notification.view.b}
08-31 16:37:04.669  2738  3120 W n:player.singl: Accessing hidden field Lsun/misc/Unsafe;->theUnsafe:Lsun/misc/Unsafe; (light greylist, reflection)
08-31 16:37:04.692   715   913 V AudioFlinger: Audio hardware entering standby, mixer 0xed395880, suspend count 0
08-31 16:37:04.693   671  9240 D audio_hw_primary: out_standby: enter: stream (0xebae8000) usecase(0: deep-buffer-playback)
08-31 16:37:04.723  2505  2505 I Player.SinglePlayer: [main] init, from: UGCRecommendPageFragment
08-31 16:37:04.725  2505  2505 I Player.SinglePlayerConnection: [main] initConnection
08-31 16:37:04.725  2505  2505 I Player.SinglePlayerConnection: [main] bindService, service is connecting: true
08-31 16:37:04.755  2815  2815 D NAccs.AccsClientConfig:  build config:AccsClientConfig{mAppKey='umeng:546d7dd7fd98c58fc800082c', mAppSecret='64e8358a59d434e5546720db97ab5996', mInappHost='umengacs.m.taobao.com', mChannelHost='umengjmacs.m.taobao.com', mStoreId='', mSecurity=2, mAuthCode='', mInappPubKey=11, mChannelPubKey=11, mKeepalive=true, mAutoUnit=false, mTag='default', mConfigEnv=0, mDisableChannel=false, mQuickReconnect=false, mAccsHeartbeatEnable=false, mPullUpEnable=false, mForePingEnable=false, mPingTimeout=0}
08-31 16:37:04.755  2815  2815 W NAccs.AccsClientConfig:  build conver old config:AccsClientConfig{mAppKey='umeng:546d7dd7fd98c58fc800082c', mAppSecret='64e8358a59d434e5546720db97ab5996', mInappHost='umengacs.m.taobao.com', mChannelHost='umengjmacs.m.taobao.com', mStoreId='', mSecurity=2, mAuthCode='', mInappPubKey=-1, mChannelPubKey=-1, mKeepalive=true, mAutoUnit=true, mTag='default', mConfigEnv=0, mDisableChannel=false, mQuickReconnect=false, mAccsHeartbeatEnable=false, mPullUpEnable=true, mForePingEnable=false, mPingTimeout=0}
08-31 16:37:04.756  2815  2815 D NAccs.ACCSClient:  init config:AccsClientConfig{mAppKey='umeng:546d7dd7fd98c58fc800082c', mAppSecret='64e8358a59d434e5546720db97ab5996', mInappHost='umengacs.m.taobao.com', mChannelHost='umengjmacs.m.taobao.com', mStoreId='', mSecurity=2, mAuthCode='', mInappPubKey=11, mChannelPubKey=11, mKeepalive=true, mAutoUnit=false, mTag='default', mConfigEnv=0, mDisableChannel=false, mQuickReconnect=false, mAccsHeartbeatEnable=false, mPullUpEnable=false, mForePingEnable=false, mPingTimeout=0}
08-31 16:37:04.758  2815  2815 D UPush.Impl: appkey:546d7dd7fd98c58fc800082c secret:64e8358a59d434e5546720db97ab5996
08-31 16:37:04.761  2815  3139 I NAccs.TaobaoRegister:  register appKey:umeng:546d7dd7fd98c58fc800082c configTag:default
08-31 16:37:04.762  2815  3139 D NAccs.Config:  setAgooAppKey appkey:umeng:546d7dd7fd98c58fc800082c
08-31 16:37:04.763  2815  3139 D NAccs.Config:  setAgooMessageSecret secret:64e8358a59d434e5546720db97ab5996
08-31 16:37:04.765  2815  3139 D NAccs.ACCSManager:  getAccsInstance key:default|0
08-31 16:37:04.811  2815  3139 D NAccs.InAppConn_default:  new connection
08-31 16:37:04.815  2505  2514 I cn.missevan: Compiler allocated 4MB to compile void android.widget.TextView.<init>(android.content.Context, android.util.AttributeSet, int, int)
08-31 16:37:04.825  2815  3139 I NAccs.Utils:  isMainProcess result:false
08-31 16:37:04.826  2815  3139 I NAccs.ACCSMgrImpl_default:  bindApp appKey:umeng:546d7dd7fd98c58fc800082c
08-31 16:37:04.833  2815  3139 D NAccs.UtilityImpl:  enableService comptName:ComponentInfo{cn.missevan/com.taobao.accs.ChannelService}
08-31 16:37:04.833  1724  2922 W PackageManager: setEnabledSetting  packageName:cn.missevan className:com.taobao.accs.ChannelService newState:1 userId:0 callingPackage:null
08-31 16:37:04.847   671  9240 D soundtrigger: audio_extn_sound_trigger_update_stream_status: uc_info->id 0 of type 0 for Event 2, with Raise=1
08-31 16:37:04.847   671  9240 I sound_trigger_platform: platform_stdev_check_and_update_concurrency: Received STREAM event, event type 2, usecase type 0
08-31 16:37:04.847   671  9240 D sound_trigger_platform: platform_stdev_check_and_update_concurrency: dedicated path 0, reset backend 1, tx 0, rx 0,concurrency session allowed
08-31 16:37:04.847   671  9240 D hardware_info: hw_info_append_hw_type : device_name = speaker
08-31 16:37:04.847   671  9240 D audio_hw_primary: disable_snd_device: device 2:device_name:speaker:ref_cnt:0
08-31 16:37:04.847   671  9240 D audio_hw_primary: disable_snd_device: snd_device(2: speaker)
08-31 16:37:04.847   671  9240 D msm8916_platform: platform_split_snd_device: snd_device(2) num devices(0) new_snd_devices(0)
08-31 16:37:04.848   671  9240 I soundtrigger: audio_extn_sound_trigger_update_device_status: device 0x2 of type 0 for Event 0, with Raise=0
08-31 16:37:04.848   671  9240 D audio_hw_primary: out_standby: exit
08-31 16:37:04.848   715   913 I AudioFlinger: mStandby setThreadSampleRate
08-31 16:37:04.848   715   913 V AudioFlinger: releaseWakeLock_l() AudioOut_D
08-31 16:37:04.849  2815  3140 D NAccs.FileCheckUtils:  st.getAvailableBlocks()=2688827,st.getAvailableBlocks() * blockSize=11013435392
08-31 16:37:04.849   715   913 V AudioFlinger: thread 0xed395880 type 0 TID 913 going to sleep
08-31 16:37:04.851  2815  3139 W NAccs.ACCSMgrImpl_default:  bindApp only allow in main process
08-31 16:37:04.856  2815  2815 D NetworkSecurityConfig: Using Network Security Config from resource g debugBuild: true
08-31 16:37:04.868  2815  2815 W missevan:playe: Accessing hidden method Ldalvik/system/CloseGuard;->get()Ldalvik/system/CloseGuard; (light greylist, reflection)
08-31 16:37:04.868  2815  2815 W missevan:playe: Accessing hidden method Ldalvik/system/CloseGuard;->open(Ljava/lang/String;)V (light greylist, reflection)
08-31 16:37:04.868  2815  2815 W missevan:playe: Accessing hidden method Ldalvik/system/CloseGuard;->warnIfOpen()V (light greylist, reflection)
08-31 16:37:04.892  2505  2505 E IllegalStateException: [main] java.lang.IllegalStateException: FragmentManager is already executing transactions
08-31 16:37:04.892  2505  2505 E IllegalStateException: 	at androidx.fragment.app.FragmentManager.ensureExecReady(SourceFile:1586)
08-31 16:37:04.892  2505  2505 E IllegalStateException: 	at androidx.fragment.app.FragmentManager.execSingleAction(SourceFile:1616)
08-31 16:37:04.892  2505  2505 E IllegalStateException: 	at androidx.fragment.app.BackStackRecord.commitNow(SourceFile:317)
08-31 16:37:04.892  2505  2505 E IllegalStateException: 	at com.tbruyelle.rxpermissions2.c.e(SourceFile:77)
08-31 16:37:04.892  2505  2505 E IllegalStateException: 	at com.tbruyelle.rxpermissions2.c.a(SourceFile:36)
08-31 16:37:04.892  2505  2505 E IllegalStateException: 	at com.tbruyelle.rxpermissions2.c$1.bTZ(SourceFile:61)
08-31 16:37:04.892  2505  2505 E IllegalStateException: 	at com.tbruyelle.rxpermissions2.c$1.get(SourceFile:54)
08-31 16:37:04.892  2505  2505 E IllegalStateException: 	at com.tbruyelle.rxpermissions2.c.F(SourceFile:211)
08-31 16:37:04.892  2505  2505 E IllegalStateException: 	at com.tbruyelle.rxpermissions2.c.a(SourceFile:200)
08-31 16:37:04.892  2505  2505 E IllegalStateException: 	at com.tbruyelle.rxpermissions2.c.a(SourceFile:36)
08-31 16:37:04.892  2505  2505 E IllegalStateException: 	at com.tbruyelle.rxpermissions2.c$2.apply(SourceFile:102)
08-31 16:37:04.892  2505  2505 E IllegalStateException: 	at io.a.ab.compose(SourceFile:6418)
08-31 16:37:04.892  2505  2505 E IllegalStateException: 	at com.tbruyelle.rxpermissions2.c.C(SourceFile:176)
08-31 16:37:04.892  2505  2505 E IllegalStateException: 	at cn.missevan.utils.PermissionChecker.requestPermissionsInnerCall(SourceFile:558)
08-31 16:37:04.892  2505  2505 E IllegalStateException: 	at cn.missevan.utils.PermissionChecker.requestPermission(SourceFile:478)
08-31 16:37:04.892  2505  2505 E IllegalStateException: 	at cn.missevan.utils.PermissionChecker.requestExternalFilePermission(SourceFile:360)
08-31 16:37:04.892  2505  2505 E IllegalStateException: 	at cn.missevan.utils.PermissionChecker.requestExternalFilePermission(SourceFile:348)
08-31 16:37:04.892  2505  2505 E IllegalStateException: 	at cn.missevan.utils.PermissionChecker.requestExternalFilePermission(SourceFile:341)
08-31 16:37:04.892  2505  2505 E IllegalStateException: 	at cn.missevan.view.fragment.main.HomeFragment.initView(SourceFile:413)
08-31 16:37:04.892  2505  2505 E IllegalStateException: 	at cn.missevan.library.fragment.BaseMainFragment.onCreateView(SourceFile:69)
08-31 16:37:04.892  2505  2505 E IllegalStateException: 	at androidx.fragment.app.Fragment.performCreateView(SourceFile:2961)
08-31 16:37:04.892  2505  2505 E IllegalStateException: 	at androidx.fragment.app.FragmentStateManager.createView(SourceFile:504)
08-31 16:37:04.892  2505  2505 E IllegalStateException: 	at androidx.fragment.app.FragmentStateManager.moveToExpectedState(SourceFile:259)
08-31 16:37:04.892  2505  2505 E IllegalStateException: 	at androidx.fragment.app.FragmentManager.executeOpsTogether(SourceFile:1790)
08-31 16:37:04.892  2505  2505 E IllegalStateException: 	at androidx.fragment.app.FragmentManager.removeRedundantOperationsAndExecute(SourceFile:1708)
08-31 16:37:04.892  2505  2505 E IllegalStateException: 	at androidx.fragment.app.FragmentManager.execPendingActions(SourceFile:1651)
08-31 16:37:04.892  2505  2505 E IllegalStateException: 	at androidx.fragment.app.FragmentManager$4.run(SourceFile:485)
08-31 16:37:04.892  2505  2505 E IllegalStateException: 	at android.os.Handler.handleCallback(Handler.java:873)
08-31 16:37:04.892  2505  2505 E IllegalStateException: 	at android.os.Handler.dispatchMessage(Handler.java:99)
08-31 16:37:04.892  2505  2505 E IllegalStateException: 	at android.os.Looper.loop(Looper.java:224)
08-31 16:37:04.892  2505  2505 E IllegalStateException: 	at android.app.ActivityThread.main(ActivityThread.java:7042)
08-31 16:37:04.892  2505  2505 E IllegalStateException: 	at java.lang.reflect.Method.invoke(Native Method)
08-31 16:37:04.892  2505  2505 E IllegalStateException: 	at com.android.internal.os.RuntimeInit$MethodAndArgsCaller.run(RuntimeInit.java:536)
08-31 16:37:04.892  2505  2505 E IllegalStateException: 	at com.android.internal.os.ZygoteInit.main(ZygoteInit.java:868)
08-31 16:37:04.892  2505  2505 E IllegalStateException:
08-31 16:37:04.959  2815  2815 D PlayApplication: [main] PlayApplication onCreate.
08-31 16:37:04.967  2505  2639 I CronetEngine: [thread_background]
08-31 16:37:04.967  2505  2639 I CronetEngine: url: http://static-test.maoercdn.com/app/privacy.json
08-31 16:37:04.967  2505  2639 I CronetEngine:  ip: 58.216.14.240
08-31 16:37:04.967  2505  2639 I CronetEngine:  hostResolverProvider: system
08-31 16:37:04.967  2505  2639 I CronetEngine:  hostResolveIps: ["58.216.14.240","182.40.18.117","122.225.214.243","182.40.18.119","182.40.18.115","58.216.14.238","58.216.14.242","182.40.18.118","58.216.14.248","218.91.182.226","58.216.14.244","182.40.18.116","117.27.226.225","122.225.214.238","58.216.14.243","117.27.226.219"]
08-31 16:37:04.967  2505  2639 I CronetEngine:
08-31 16:37:04.971  2505  2649 I BLOG    : [RxCachedThreadScheduler-4] HTTP request: [2022-08-31T08:37:04.790Z] GET http://static-test.maoercdn.com/app/privacy.json 200 173ms 0
08-31 16:37:05.086  2815  2815 I MissEvanApplication: [main] current process: cn.missevan:player
08-31 16:37:05.108  2815  2815 D BLOG-EVENT-Network: network changed: 3=>1
08-31 16:37:05.115  2815  2815 W LaserActionExecutor: [main] actionClass map is null
08-31 16:37:05.133  2815  2815 V HotfixPatchListener: [main] application maxMemory:256
08-31 16:37:05.159  2815  2815 W Tinker.Tinker: [main] tinker patch directory: /data/user/0/cn.missevan/tinker
08-31 16:37:05.163  2815  2815 I Tinker.Tinker: [main] try to install tinker, isEnable: true, version: 1.9.14.10.4
08-31 16:37:05.167  2815  2815 I Tinker.TinkerLoadResult: [main] parseTinkerResult loadCode:-2, process name:cn.missevan:player, main process:false, systemOTA:false, fingerPrint:vivo/PD1728/PD1728:9/PKQ1.180819.001/compiler07281740:user/release-keys, oatDir:null, useInterpretMode:false
08-31 16:37:05.168  2815  2815 W Tinker.TinkerLoadResult: [main] can't find patch file, is ok, just return
08-31 16:37:05.170  2815  2815 I Tinker.DefaultLoadReporter: [main] patch loadReporter onLoadResult: patch load result, path:/data/user/0/cn.missevan/tinker, code: -2, cost: 5ms
08-31 16:37:05.171  2815  2815 W Tinker.Tinker: [main] tinker load fail!
08-31 16:37:05.233  2815  2815 I PlayerService: [main] PlayerService onCreate. versionName: 5.7.3-debug, versionCode:5070300, deviceSDK: 28
08-31 16:37:04.999  1724  2178 I chatty  : uid=1000(system) AutobacklightTh identical 1 line
08-31 16:37:05.240  1724  2881 I PackageManager: ### pkg:Package{29d4131 cn.missevan}
08-31 16:37:05.244  1724  2881 D MediaSessionStack: addSession record:cn.missevan/PlayerService (userId=0)
08-31 16:37:05.244  1724  2881 D MediaSessionStack: updateMediaButtonSessionIfNeeded, callers=com.android.server.media.MediaSessionStack.addSession:118 com.android.server.media.MediaSessionService.createSessionLocked:837
08-31 16:37:05.244  1724  2881 D MediaSessionService: Media button session is changed to cn.missevan/PlayerService (userId=0)
08-31 16:37:05.245  1724  2881 D MediaSessionService: Created session for cn.missevan with tag PlayerService
08-31 16:37:05.246  1724  1724 V SettingsProvider: Notifying for 0: content://settings/secure/media_button_receiver
08-31 16:37:05.247  6559  6559 V Avrcp_ext: Set active media session cn.missevan
08-31 16:37:05.248  2404  2432 D vol.MediaSessions: onActiveSessionsUpdatedH n=0
08-31 16:37:05.248  6559  6891 W Avrcp_ext: ActiveSession: updated[]
08-31 16:37:05.248  2404  2432 D vol.MediaSessions: updateRemoteControllerH null
08-31 16:37:05.248  6559  6891 W Avrcp_ext: ActiveSession: browseSelectedfalsemBrowsedPlayerExistfalse
08-31 16:37:05.248  6559  6891 W Avrcp_ext: Browse Player killed OR not launched yet !!!!
08-31 16:37:05.248  6559  6891 D PlaybackState: setState position:-1
08-31 16:37:05.248  6559  6891 V Avrcp_ext: updateCurrentMediaState: mMediaController: null
08-31 16:37:05.248  6559  6559 D HeadsetService:  isAudioOn: The number of audio connected devices 0
08-31 16:37:05.249  6559  6559 D HeadsetService: isScoOrCallActive(): Call Active:falseCall is Ringing:falseSCO is Active:false
08-31 16:37:05.249  6559  6559 D HeadsetService:  isAudioOn: The number of audio connected devices 0
08-31 16:37:05.249  6559  6891 V Avrcp_ext: isMusicActive: false getBluetoothPlayState: 0
08-31 16:37:05.249  6559  6559 W Avrcp_ext: playState object null, sending STOPPED
08-31 16:37:05.249  6559  6559 V Avrcp_ext: isBrowseSupported for cn.missevan: true
08-31 16:37:05.250  2404  2432 D vol.MediaSessions: onActiveSessionsUpdatedH n=0
08-31 16:37:05.251  6559  6559 D Avrcp_ext: update #7:MediaPlayerInfo cn.missevan (as '猫耳FM') Type = 1, SubType = 0, Status = 0 Feature Bits [40 41 42 44 45 47 48 58 59 62 65 67] Controller: MediaController (cn.missevan@9ab6daf) null
08-31 16:37:05.251  6559  6559 V Avrcp_ext: updateNewIds: Addressed:7 to 7, Browse:0 to 0
08-31 16:37:05.251  6559  6559 D Avrcp_ext: updateCurrentController: null to MediaController (cn.missevan@9ab6daf) null
08-31 16:37:05.253  1724 16082 D MediaSessionRecord: registering controller callback android.media.session.ISessionControllerCallback$Stub$Proxy@a421d1f from controllercom.android.bluetooth
08-31 16:37:05.254  6559  6559 D PlaybackState: setState position:-1
08-31 16:37:05.254  1724  1724 V SettingsProvider: Notifying for 0: content://settings/secure/media_button_receiver
08-31 16:37:05.255  6559  6559 V Avrcp_ext: updateCurrentMediaState: mMediaController: MediaController (cn.missevan@9ab6daf) null
08-31 16:37:05.255  6559  6559 V Avrcp_ext: isMusicActive: false getBluetoothPlayState: 0
08-31 16:37:05.257  6559  6559 D Avrcp_ext: updateCurrentMediaState: playState is null, mAudioManagerIsPlaying=false, isMusicActive=false
08-31 16:37:05.258  6559  6559 D PlaybackState: setState position:-1
08-31 16:37:05.258  6559  6559 V Avrcp_ext: updateCurrentMediaState: get media attributes:
08-31 16:37:05.260  2404  2432 D vol.MediaSessions: updateRemoteControllerH null
08-31 16:37:05.263  6559  6559 D PlaybackState: getActiveQueueItemId Id:-1
08-31 16:37:05.263  6559  6559 V Avrcp_ext: Media update: id 0➡-1? [MediaAttributes: none] : [MediaAttributes: 深⋯意 -  by Y⋯眠 (1326393 0/0) ]
08-31 16:37:05.263  6559  6559 V Avrcp_ext: Check if NowPlayingList is updated
08-31 16:37:05.263  1724  2922 D MediaSessionRecord: getQueue :null
08-31 16:37:05.264  6559  6559 I AddressedMediaPlayer: null queue from cn.missevan, constructing single-item list
08-31 16:37:05.264  6559  6559 W AddressedMediaPlayer: Controller has no metadata!? Making an empty one
08-31 16:37:05.264  2404  2432 D vol.MediaSessions: onActiveSessionsUpdatedH n=1
08-31 16:37:05.264  6559  6559 V Avrcp_ext: newPlayStatus:2mReportedPlayStatus:-1
08-31 16:37:05.264  6559  6559 V Avrcp_ext: Player 7 package: cn.missevan
08-31 16:37:05.264   715 10762 V APM::AudioPolicyEngine: getDeviceForStrategy() strategy 0, device 2
08-31 16:37:05.266  2505  2639 I CronetEngine: [thread_background]
08-31 16:37:05.266  2505  2639 I CronetEngine: url: https://app.uat.missevan.com/person/user-feed?feed_type=2&page_size=20
08-31 16:37:05.266  2505  2639 I CronetEngine:  ip: 10.21.250.10
08-31 16:37:05.266  2505  2639 I CronetEngine:  hostResolverProvider:
08-31 16:37:05.266  2505  2639 I CronetEngine:  hostResolveIps: []
08-31 16:37:05.266  2505  2639 I CronetEngine:
08-31 16:37:05.266  1724  2881 D MediaSessionRecord: registering controller callback android.media.session.ISessionControllerCallback$Stub$Proxy@800086c from controllercom.android.systemui
08-31 16:37:05.267  6559  6891 D Avrcp_ext: updateCurrentMediaState: playState is null, mAudioManagerIsPlaying=false, isMusicActive=false
08-31 16:37:05.267  6559  6891 D PlaybackState: setState position:-1
08-31 16:37:05.267  6559  6891 V Avrcp_ext: updateCurrentMediaState: get media attributes:
08-31 16:37:05.267  2404  2432 D vol.MediaSessions: onActiveSessionsUpdatedH n=1
08-31 16:37:05.268   715 10762 V APM::AudioPolicyEngine: getDeviceForStrategy() strategy 0, device 2
08-31 16:37:05.268  6559  6891 D PlaybackState: getActiveQueueItemId Id:-1
08-31 16:37:05.268  6559  6891 V Avrcp_ext: Media update: id 0➡-1? [MediaAttributes: none] : [MediaAttributes: 深⋯意 -  by Y⋯眠 (1326393 0/0) ]
08-31 16:37:05.268  2505  2612 I BLOG    : [RxCachedThreadScheduler-1] HTTP request: [2022-08-31T08:37:05.082Z] GET https://app.uat.missevan.com/person/user-feed?feed_type=2&page_size=20 200 168ms 0
08-31 16:37:05.268  6559  6891 V Avrcp_ext: Check if NowPlayingList is updated
08-31 16:37:05.269  1724  2881 D MediaSessionRecord: getQueue :null
08-31 16:37:05.270  6559  6891 I AddressedMediaPlayer: null queue from cn.missevan, constructing single-item list
08-31 16:37:05.270  6559  6891 W AddressedMediaPlayer: Controller has no metadata!? Making an empty one
08-31 16:37:05.270  6559  6891 V Avrcp_ext: newPlayStatus:2mReportedPlayStatus:-1
08-31 16:37:05.271  6559  6891 D HeadsetService:  isAudioOn: The number of audio connected devices 0
08-31 16:37:05.271  6559  6891 D HeadsetService: isScoOrCallActive(): Call Active:falseCall is Ringing:falseSCO is Active:false
08-31 16:37:05.271  6559  6891 D HeadsetService:  isAudioOn: The number of audio connected devices 0
08-31 16:37:05.271  6559  6891 W Avrcp_ext: ActiveSession: updated[android.media.session.MediaController@dc335bc]
08-31 16:37:05.271  6559  6891 V Avrcp_ext: ActiveSession: MediaController (cn.missevan@dc335bc) null
08-31 16:37:05.272  6559  6891 W Avrcp_ext: playState object null, sending STOPPED
08-31 16:37:05.272  6559  6891 V Avrcp_ext: isBrowseSupported for cn.missevan: true
08-31 16:37:05.273  6559  6891 D Avrcp_ext: update #7:MediaPlayerInfo cn.missevan (as '猫耳FM') Type = 1, SubType = 0, Status = 0 Feature Bits [40 41 42 44 45 47 48 58 59 62 65 67] Controller: MediaController (cn.missevan@dc335bc) null
08-31 16:37:05.273  6559  6891 V Avrcp_ext: updateNewIds: Addressed:7 to 7, Browse:0 to 0
08-31 16:37:05.274  6559  6891 D Avrcp_ext: updateCurrentController: MediaController (cn.missevan@9ab6daf) null to MediaController (cn.missevan@dc335bc) null
08-31 16:37:05.274  1724  2881 D MediaSessionRecord: unregistering callback android.os.BinderProxy@a1cae35
08-31 16:37:05.275  1724  2881 D MediaSessionRecord: registering controller callback android.media.session.ISessionControllerCallback$Stub$Proxy@d4882ca from controllercom.android.bluetooth
08-31 16:37:05.275  6559  6891 D PlaybackState: setState position:-1
08-31 16:37:05.275  6559  6891 V Avrcp_ext: updateCurrentMediaState: mMediaController: MediaController (cn.missevan@dc335bc) null
08-31 16:37:05.276  6559  6891 V Avrcp_ext: isMusicActive: false getBluetoothPlayState: 0
08-31 16:37:05.276  6559  6891 D Avrcp_ext: updateCurrentMediaState: playState is null, mAudioManagerIsPlaying=false, isMusicActive=false
08-31 16:37:05.277  6559  6891 D PlaybackState: setState position:-1
08-31 16:37:05.277  6559  6891 V Avrcp_ext: updateCurrentMediaState: get media attributes:
08-31 16:37:05.277  6559  6891 D PlaybackState: getActiveQueueItemId Id:-1
08-31 16:37:05.277  6559  6891 V Avrcp_ext: Media update: id 0➡-1? [MediaAttributes: none] : [MediaAttributes: 深⋯意 -  by Y⋯眠 (1326393 0/0) ]
08-31 16:37:05.277  6559  6891 V Avrcp_ext: Check if NowPlayingList is updated
08-31 16:37:05.277  1724  2922 D MediaSessionRecord: getQueue :null
08-31 16:37:05.278  6559  6891 I AddressedMediaPlayer: null queue from cn.missevan, constructing single-item list
08-31 16:37:05.278  6559  6891 W AddressedMediaPlayer: Controller has no metadata!? Making an empty one
08-31 16:37:05.278  6559  6891 V Avrcp_ext: newPlayStatus:2mReportedPlayStatus:-1
08-31 16:37:05.278  6559  6891 W Avrcp_ext: ActiveSession: browseSelectedfalsemBrowsedPlayerExistfalse
08-31 16:37:05.278  6559  6891 W Avrcp_ext: Browse Player killed OR not launched yet !!!!
08-31 16:37:05.278  6559  6891 D PlaybackState: setState position:-1
08-31 16:37:05.278  6559  6891 V Avrcp_ext: updateCurrentMediaState: mMediaController: MediaController (cn.missevan@dc335bc) null
08-31 16:37:05.279  6559  6891 V Avrcp_ext: isMusicActive: false getBluetoothPlayState: 0
08-31 16:37:05.280  6559  6891 D Avrcp_ext: updateCurrentMediaState: playState is null, mAudioManagerIsPlaying=false, isMusicActive=false
08-31 16:37:05.281  6559  6891 D PlaybackState: setState position:-1
08-31 16:37:05.281  6559  6891 V Avrcp_ext: updateCurrentMediaState: get media attributes:
08-31 16:37:05.281  6559  6891 D PlaybackState: getActiveQueueItemId Id:-1
08-31 16:37:05.281  6559  6891 V Avrcp_ext: Media update: id 0➡-1? [MediaAttributes: none] : [MediaAttributes: 深⋯意 -  by Y⋯眠 (1326393 0/0) ]
08-31 16:37:05.281  6559  6891 V Avrcp_ext: Check if NowPlayingList is updated
08-31 16:37:05.281  1724  2881 D MediaSessionRecord: getQueue :null
08-31 16:37:05.282  6559  6891 I AddressedMediaPlayer: null queue from cn.missevan, constructing single-item list
08-31 16:37:05.282  6559  6891 W AddressedMediaPlayer: Controller has no metadata!? Making an empty one
08-31 16:37:05.282  6559  6891 V Avrcp_ext: newPlayStatus:2mReportedPlayStatus:-1
08-31 16:37:05.344  2815  2815 I DataSourceFactory: [main] Init MissEvanDataSourceFactory
08-31 16:37:05.373  2815  3181 I SoundRepo: [DefaultDispatcher-worker-1] MediaSource prepare... playlist size: 0, queued size: 0
08-31 16:37:05.374  2815  3158 W missevan:playe: Accessing hidden field Lsun/misc/Unsafe;->theUnsafe:Lsun/misc/Unsafe; (light greylist, reflection)
08-31 16:37:05.407  2815  2815 I Player.ExoCacheUtil: [main] Create cache: /storage/emulated/0/Android/data/cn.missevan/cache/AudioCache, used: 0.0 MB
08-31 16:37:05.427  2815  2815 I PlayerService: [main] ExtensionRendererMode: ON
08-31 16:37:05.458 17295 18614 I SocketReaderNewtrue: SocketReader(5003) continue
08-31 16:37:05.459 17295 18614 D MSF.C.NetConnTag.true: MsfCoreSocketReaderNew closeConn socketEngineID: 0 socket hashcode: 0 for reason: readError
08-31 16:37:05.459 17295 18614 E MSF.C.NetConnTag.true: conn is already closed on readError closeConn socketEngineID: 0 socket hashcode: 0java.lang.Throwable
08-31 16:37:05.459 17295 18614 E MSF.C.NetConnTag.true: 	at com.tencent.mobileqq.msf.core.net.m.b(P:27)
08-31 16:37:05.459 17295 18614 E MSF.C.NetConnTag.true: 	at com.tencent.mobileqq.msf.core.net.m$b.run(P:24)
08-31 16:37:05.459 17295 18614 E SocketReaderNewtrue: socketEngine: 0socket hashCode: 0SocketReader(5003) errorjava.net.SocketException: Socket is closed
08-31 16:37:05.459 17295 18614 I SocketReaderNewtrue: SocketReader(5003) wait
08-31 16:37:05.489  2505  2639 I CronetEngine: [thread_background]
08-31 16:37:05.489  2505  2639 I CronetEngine: url: https://app.uat.missevan.com/discovery/hot-search
08-31 16:37:05.489  2505  2639 I CronetEngine:  ip: 10.21.250.10
08-31 16:37:05.489  2505  2639 I CronetEngine:  hostResolverProvider:
08-31 16:37:05.489  2505  2639 I CronetEngine:  hostResolveIps: []
08-31 16:37:05.489  2505  2639 I CronetEngine:
08-31 16:37:05.492  2815  2815 I ExoPlayerImpl: Init ee63dcf [ExoPlayerLib/2.17.1] [PD1728, vivo X21A, vivo, 28]
08-31 16:37:05.496  2505  2638 I BLOG    : [RxCachedThreadScheduler-2] HTTP request: [2022-08-31T08:37:05.376Z] GET https://app.uat.missevan.com/discovery/hot-search 200 109ms 0
08-31 16:37:05.507  2505  2639 I CronetEngine: [thread_background]
08-31 16:37:05.507  2505  2639 I CronetEngine: url: https://app.uat.missevan.com/person/drama-feed?page=1&page_size=10
08-31 16:37:05.507  2505  2639 I CronetEngine:  ip: 10.21.250.10
08-31 16:37:05.507  2505  2639 I CronetEngine:  hostResolverProvider:
08-31 16:37:05.507  2505  2639 I CronetEngine:  hostResolveIps: []
08-31 16:37:05.507  2505  2639 I CronetEngine:
08-31 16:37:05.508  2505  2650 I BLOG    : [RxCachedThreadScheduler-5] HTTP request: [2022-08-31T08:37:05.148Z] GET https://app.uat.missevan.com/person/drama-feed?page=1&page_size=10 200 353ms 0
08-31 16:37:05.549  2815  2815 W missevan:playe: Accessing hidden method Landroid/media/AudioTrack;->getLatency()I (light greylist, reflection)
08-31 16:37:05.557  2815  2815 I DefaultRenderersFactory: Loaded FfmpegAudioRenderer.
08-31 16:37:05.595  2505  2505 I Player.SinglePlayerConnection: [main] onServiceConnected, name: {cn.missevan/cn.missevan.lib.common.player.service.aidl.AidlPlayerService}
08-31 16:37:05.600  2738  2775 I Player.BaseAidlPlayerService: [Binder:2738_2] setMediaListener
08-31 16:37:05.603  2505  2505 I MissEvanApplication: [main] SinglePlayerConnection onConnected
08-31 16:37:05.604  2505  2505 I Player.SinglePlayerConnection: [main] updateAllConfig
08-31 16:37:05.606  2815  2815 D LoadControl: [main] getBackBufferDurationUs = 0
08-31 16:37:05.608  2815  2815 D LoadControl: [main] retainBackBufferFromKeyframe = false
08-31 16:37:05.612  2738  2775 I Player.BaseAidlPlayerService: [Binder:2738_2] updateConfig, configs: Bundle[mParcelledData.dataSize=188]
08-31 16:37:05.613  2505  2505 I Player.SinglePlayer: [main] onServiceConnected
08-31 16:37:05.614  2505  2505 I Player.SinglePlayerConnection: [main] createPlayerIndex
08-31 16:37:05.615  2505  2505 I Player.SinglePlayerConnection.core0: [main] createPlayerIndex, currentIndex: null, nextIndex: 0
08-31 16:37:05.616  2738  2775 I Player.BaseAidlPlayerService.core0: [Binder:2738_2] createPlayer
08-31 16:37:05.618  2505  2505 I Player.SinglePlayer.core0: [main] initPlayer, from: UGCRecommendPageFragment
08-31 16:37:05.621  2738  2738 I AidlPlayer: [main] init
08-31 16:37:05.621  2505  2505 I Player.SinglePlayerConnection.core0: [main] createPlayerStateEvent
08-31 16:37:05.628  2738  2738 I Player.AlphaVideoPlayerCore: [main] init
08-31 16:37:05.629   715 10762 V AudioFlinger: registerClient() client 0xef1955a8, pid 2815
08-31 16:37:05.629   715 10762 V AudioFlinger: sendConfigEvent_l() num events 1 event 0
08-31 16:37:05.629   715 10762 I chatty  : uid=1041(audioserver) Binder:715_B identical 1 line
08-31 16:37:05.629   715 10762 V AudioFlinger: sendConfigEvent_l() num events 1 event 0
08-31 16:37:05.629   715   913 V AudioFlinger: thread 0xed395880 type 0 TID 913 waking up
08-31 16:37:05.629   715   915 V AudioFlinger: thread 0xed003f40 type 0 TID 915 waking up
08-31 16:37:05.630   715   916 V AudioFlinger: thread 0xecd03080 type 0 TID 916 waking up
08-31 16:37:05.630  2505  2505 I Player.SinglePlayerConnection.core0: [main] createPlayerEvent
08-31 16:37:05.630   715   915 V AudioFlinger: acquireWakeLock_l() AudioOut_15 status 0
08-31 16:37:05.630   715   915 D AudioFlinger: updateWakeLockUids_l AudioOut_15 uids:
08-31 16:37:05.630   715   915 V AudioFlinger: updateWakeLockUids_l() AudioOut_15 status 0
08-31 16:37:05.630   715   913 V AudioFlinger: acquireWakeLock_l() AudioOut_D status 0
08-31 16:37:05.631   715   913 D AudioFlinger: updateWakeLockUids_l AudioOut_D uids:
08-31 16:37:05.631   715   915 V AudioFlinger: processConfigEvents_l() remaining events 1
08-31 16:37:05.631   715   915 V AudioFlinger: PlaybackThread::ioConfigChanged, thread 0xed003f40, event 0
08-31 16:37:05.631   715   913 V AudioFlinger: updateWakeLockUids_l() AudioOut_D status 0
08-31 16:37:05.631   715   916 V AudioFlinger: acquireWakeLock_l() AudioOut_25 status 0
08-31 16:37:05.631   715   916 D AudioFlinger: updateWakeLockUids_l AudioOut_25 uids:
08-31 16:37:05.631   715   913 V AudioFlinger: processConfigEvents_l() remaining events 1
08-31 16:37:05.631   715   913 V AudioFlinger: PlaybackThread::ioConfigChanged, thread 0xed395880, event 0
08-31 16:37:05.631   715   916 V AudioFlinger: updateWakeLockUids_l() AudioOut_25 status 0
08-31 16:37:05.631   715   916 V AudioFlinger: processConfigEvents_l() remaining events 1
08-31 16:37:05.631   715   916 V AudioFlinger: PlaybackThread::ioConfigChanged, thread 0xecd03080, event 0
08-31 16:37:05.631   715   913 V AudioFlinger: processConfigEvents_l() DONE thread 0xed395880
08-31 16:37:05.632   715   916 V AudioFlinger: processConfigEvents_l() DONE thread 0xecd03080
08-31 16:37:05.634   715 10762 V APM::AudioPolicyEngine: getDeviceForStrategy() strategy 0, device 2
08-31 16:37:05.634   715   915 V AudioFlinger: processConfigEvents_l() DONE thread 0xed003f40
08-31 16:37:05.648  2738  2738 I @@@BBPLOG: Info T933CA548 CPlayMain L94 BPSDK 3.0.0.216, 12:43:35 Jul 18 2022. CPU: ARMV8. OS
08-31 16:37:05.653  2815  2815 I PlaybackPreparer: [main] onPlayback preparer prepare, playWhenReady: false
08-31 16:37:05.657  2505  2505 I Choreographer: Skipped 44 frames!  The application may be doing too much work on its main thread.
08-31 16:37:05.671  2815  2815 D PlaybackState: setState position:0
08-31 16:37:05.671  2815  2815 D PlaybackState: setActiveQueueItemId mActiveItemId:-1
08-31 16:37:05.671  2815  2815 D MediaSession: setPlaybackState start
08-31 16:37:05.671  1724  2922 D MediaSessionRecord: setPlaybackState state:PlaybackState {state=0, position=0, buffered position=0, speed=0.0, updated=511140214, actions=101376, custom actions=[], active item id=-1, error=null}
08-31 16:37:05.671  1724  2922 D MediaSessionRecord: getPlaybackState start:PlaybackState {state=0, position=0, buffered position=0, speed=0.0, updated=511140214, actions=101376, custom actions=[], active item id=-1, error=null}
08-31 16:37:05.672  1724  1724 D MediaSessionRecord: pushPlaybackStateUpdate mPlaybackState:PlaybackState {state=0, position=0, buffered position=0, speed=0.0, updated=511140214, actions=101376, custom actions=[], active item id=-1, error=null}
08-31 16:37:05.672  1724  1724 D MediaSessionRecord: pushPlaybackStateUpdate mPlaybackState:PlaybackState {state=0, position=0, buffered position=0, speed=0.0, updated=511140214, actions=101376, custom actions=[], active item id=-1, error=null}
08-31 16:37:05.672  6559  7158 D MediaController: onPlaybackStateChanged start####
08-31 16:37:05.672  2404  2708 D MediaController: onPlaybackStateChanged start####
08-31 16:37:05.672  2815  2815 D PlaybackState: setState position:0
08-31 16:37:05.672  6559  6891 V Avrcp_ext: onPlaybackStateChanged: state PlaybackState {state=0, position=0, buffered position=0, speed=0.0, updated=511140214, actions=101376, custom actions=[], active item id=-1, error=null}
08-31 16:37:05.672  2815  2815 D PlaybackState: setActiveQueueItemId mActiveItemId:-1
08-31 16:37:05.672  6559  6891 D PlaybackState: setState position:-1
08-31 16:37:05.672  2404  2432 D vol.MediaSessions: onPlaybackStateChanged cn.missevan STATE_NONE PlaybackState {state=0, position=0, buffered position=0, speed=0.0, updated=511140214, actions=101376, custom actions=[], active item id=-1, error=null}
08-31 16:37:05.672  2815  2815 D MediaSession: setPlaybackState start
08-31 16:37:05.673  1724  2881 D MediaSessionRecord: setPlaybackState state:PlaybackState {state=0, position=0, buffered position=0, speed=0.0, updated=511140217, actions=2461191, custom actions=[], active item id=-1, error=null}
08-31 16:37:05.673  1724  2881 D MediaSessionRecord: getPlaybackState start:PlaybackState {state=0, position=0, buffered position=0, speed=0.0, updated=511140217, actions=2461191, custom actions=[], active item id=-1, error=null}
08-31 16:37:05.673  6559  6891 V Avrcp_ext: updateCurrentMediaState: mMediaController: MediaController (cn.missevan@dc335bc) null
08-31 16:37:05.673  6559  6891 V Avrcp_ext: isMusicActive: false getBluetoothPlayState: 0
08-31 16:37:05.674  1724  2922 D MediaSessionRecord: setMetadata start#####
08-31 16:37:05.674  1724  1724 D MediaSessionRecord: pushPlaybackStateUpdate mPlaybackState:PlaybackState {state=0, position=0, buffered position=0, speed=0.0, updated=511140217, actions=2461191, custom actions=[], active item id=-1, error=null}
08-31 16:37:05.674  1724  1724 D MediaSessionRecord: pushPlaybackStateUpdate mPlaybackState:PlaybackState {state=0, position=0, buffered position=0, speed=0.0, updated=511140217, actions=2461191, custom actions=[], active item id=-1, error=null}
08-31 16:37:05.675  1724  1724 D MediaSessionRecord: pushMetadataUpdate mMetadata:null, null, null
08-31 16:37:05.675  1724  1724 D MediaSessionRecord: pushMetadataUpdate mMetadata:null, null, null
08-31 16:37:05.675  2404  2708 D MediaController: onPlaybackStateChanged start####
08-31 16:37:05.675  6559  7158 D MediaController: onPlaybackStateChanged start####
08-31 16:37:05.675  2404  2432 D vol.MediaSessions: onPlaybackStateChanged cn.missevan STATE_NONE PlaybackState {state=0, position=0, buffered position=0, speed=0.0, updated=511140217, actions=2461191, custom actions=[], active item id=-1, error=null}
08-31 16:37:05.675  2404  2432 D vol.MediaSessions: onMetadataChanged cn.missevan null, null, null
08-31 16:37:05.676  1724  2881 D MediaSessionRecord: setMetadata start#####
08-31 16:37:05.677  6559  6891 V Avrcp_ext: updateCurrentMediaState: get media attributes:
08-31 16:37:05.677  1724  2881 D MediaSessionRecord: getMetadata :null, null, null
08-31 16:37:05.678  1724  2881 D MediaSessionRecord: getMetadata :null, null, null
08-31 16:37:05.678  6559  6891 I Avrcp_ext: Skipping update due to invalid playback state
08-31 16:37:05.678  1724  1724 D MediaSessionRecord: pushMetadataUpdate mMetadata:null, null, null
08-31 16:37:05.679  1724  1724 D MediaSessionRecord: pushMetadataUpdate mMetadata:null, null, null
08-31 16:37:05.679  2404  2432 D vol.MediaSessions: onMetadataChanged cn.missevan null, null, null
08-31 16:37:05.679  6559  6891 V Avrcp_ext: updatePlaybackState, state: PlaybackState {state=0, position=0, buffered position=0, speed=0.0, updated=511140217, actions=2461191, custom actions=[], active item id=-1, error=null} device: null
08-31 16:37:05.680  6559  6891 V Avrcp_ext: Device: no name:
08-31 16:37:05.680  6559  6891 V Avrcp_ext: Device: no name:
08-31 16:37:05.680  6559  6891 V Avrcp_ext: updatePlayerStateAndPosition, old=PlaybackState {state=0, position=0, buffered position=0, speed=0.0, updated=510813595, actions=2461191, custom actions=[], active item id=-1, error=null}, state=PlaybackState {state=0, position=0, buffered position=0, speed=0.0, updated=511140217, actions=2461191, custom actions=[], active item id=-1, error=null}
08-31 16:37:05.680  6559  6891 V Avrcp_ext: old state = PlaybackState {state=0, position=0, buffered position=0, speed=0.0, updated=510813595, actions=2461191, custom actions=[], active item id=-1, error=null}, new state= PlaybackState {state=0, position=0, buffered position=0, speed=0.0, updated=511140217, actions=2461191, custom actions=[], active item id=-1, error=null}
08-31 16:37:05.680  6559  6891 D HeadsetService:  isAudioOn: The number of audio connected devices 0
08-31 16:37:05.680  6559  6891 D HeadsetService: isScoOrCallActive(): Call Active:falseCall is Ringing:falseSCO is Active:false
08-31 16:37:05.681  6559  6891 D HeadsetService:  isAudioOn: The number of audio connected devices 0
08-31 16:37:05.681  6559  6891 I Avrcp_ext: updatePlayStatusForDevice: device: null
08-31 16:37:05.681  6559  6891 V Avrcp_ext: updatePlaybackState (1): old=PlaybackState {state=0, position=0, buffered position=0, speed=0.0, updated=510813595, actions=2461191, custom actions=[], active item id=-1, error=null}(0), new=PlaybackState {state=0, position=0, buffered position=0, speed=0.0, updated=511140217, actions=2461191, custom actions=[], active item id=-1, error=null}(0)
08-31 16:37:05.681  6559  6891 I Avrcp_ext: Exit updatePlayStatusForDevice
08-31 16:37:05.681  6559  6891 D HeadsetService:  isAudioOn: The number of audio connected devices 0
08-31 16:37:05.682  6559  6891 D HeadsetService: isScoOrCallActive(): Call Active:falseCall is Ringing:falseSCO is Active:false
08-31 16:37:05.682  6559  6891 D HeadsetService:  isAudioOn: The number of audio connected devices 0
08-31 16:37:05.682  6559  6891 I Avrcp_ext: updatePlayStatusForDevice: device: null
08-31 16:37:05.683  6559  6891 V Avrcp_ext: updatePlaybackState (1): old=PlaybackState {state=0, position=0, buffered position=0, speed=0.0, updated=510813595, actions=2461191, custom actions=[], active item id=-1, error=null}(0), new=PlaybackState {state=0, position=0, buffered position=0, speed=0.0, updated=511140217, actions=2461191, custom actions=[], active item id=-1, error=null}(0)
08-31 16:37:05.683  6559  6891 I Avrcp_ext: Exit updatePlayStatusForDevice
08-31 16:37:05.683  6559  6891 D Avrcp_ext: sendPlayPosNotificationRsp: Not registered or requesting.
08-31 16:37:05.683  6559  6891 D Avrcp_ext: sendPlayPosNotificationRsp: Not registered or requesting.
08-31 16:37:05.683  6559  6891 V Avrcp_ext: Exit updatePlayerStateAndPosition
08-31 16:37:05.683  6559  6891 V Avrcp_ext:  Exit onPlaybackStateChanged
08-31 16:37:05.683  6559  6891 V Avrcp_ext: onPlaybackStateChanged: state PlaybackState {state=0, position=0, buffered position=0, speed=0.0, updated=511140217, actions=2461191, custom actions=[], active item id=-1, error=null}
08-31 16:37:05.683  6559  6891 D PlaybackState: setState position:-1
08-31 16:37:05.684  1724  2881 D MediaSessionRecord: getMetadata :null, null, null
08-31 16:37:05.685  6559  6891 V Avrcp_ext: updateCurrentMediaState: mMediaController: MediaController (cn.missevan@dc335bc) null, null, null
08-31 16:37:05.685  6559  6891 V Avrcp_ext: isMusicActive: false getBluetoothPlayState: 0
08-31 16:37:05.686  6559  6891 V Avrcp_ext: updateCurrentMediaState: get media attributes:
08-31 16:37:05.686  1724  2881 D MediaSessionRecord: getMetadata :null, null, null
08-31 16:37:05.687  1724  2922 D MediaSessionRecord: getMetadata :null, null, null
08-31 16:37:05.688  6559  6891 I Avrcp_ext: Skipping update due to invalid playback state
08-31 16:37:05.688  6559  6891 V Avrcp_ext: updatePlaybackState, state: PlaybackState {state=0, position=0, buffered position=0, speed=0.0, updated=511140217, actions=2461191, custom actions=[], active item id=-1, error=null} device: null
08-31 16:37:05.688  6559  6891 V Avrcp_ext: Device: no name:
08-31 16:37:05.688  6559  6891 V Avrcp_ext: Device: no name:
08-31 16:37:05.688  6559  6891 V Avrcp_ext: updatePlayerStateAndPosition, old=PlaybackState {state=0, position=0, buffered position=0, speed=0.0, updated=511140217, actions=2461191, custom actions=[], active item id=-1, error=null}, state=PlaybackState {state=0, position=0, buffered position=0, speed=0.0, updated=511140217, actions=2461191, custom actions=[], active item id=-1, error=null}
08-31 16:37:05.688  6559  6891 V Avrcp_ext: old state = PlaybackState {state=0, position=0, buffered position=0, speed=0.0, updated=511140217, actions=2461191, custom actions=[], active item id=-1, error=null}, new state= PlaybackState {state=0, position=0, buffered position=0, speed=0.0, updated=511140217, actions=2461191, custom actions=[], active item id=-1, error=null}
08-31 16:37:05.689  6559  6891 D HeadsetService:  isAudioOn: The number of audio connected devices 0
08-31 16:37:05.689  6559  6891 D HeadsetService: isScoOrCallActive(): Call Active:falseCall is Ringing:falseSCO is Active:false
08-31 16:37:05.689  6559  6891 D HeadsetService:  isAudioOn: The number of audio connected devices 0
08-31 16:37:05.690  6559  6891 I Avrcp_ext: updatePlayStatusForDevice: device: null
08-31 16:37:05.690  6559  6891 V Avrcp_ext: updatePlaybackState (1): old=PlaybackState {state=0, position=0, buffered position=0, speed=0.0, updated=511140217, actions=2461191, custom actions=[], active item id=-1, error=null}(0), new=PlaybackState {state=0, position=0, buffered position=0, speed=0.0, updated=511140217, actions=2461191, custom actions=[], active item id=-1, error=null}(0)
