08-31 16:37:05.690  6559  6891 I Avrcp_ext: Exit updatePlayStatusForDevice
08-31 16:37:05.691  6559  6891 D HeadsetService:  isAudioOn: The number of audio connected devices 0
08-31 16:37:05.692  6559  6891 D HeadsetService: isScoOrCallActive(): Call Active:falseCall is Ringing:falseSCO is Active:false
08-31 16:37:05.480  1724  2178 I chatty  : uid=1000(system) AutobacklightTh identical 1 line
08-31 16:37:05.692  1724  1724 D NotificationService: handleSavePolicyFile
08-31 16:37:05.692  6559  6891 D HeadsetService:  isAudioOn: The number of audio connected devices 0
08-31 16:37:05.692  6559  6891 I Avrcp_ext: updatePlayStatusForDevice: device: null
08-31 16:37:05.692  6559  6891 V Avrcp_ext: updatePlaybackState (1): old=PlaybackState {state=0, position=0, buffered position=0, speed=0.0, updated=511140217, actions=2461191, custom actions=[], active item id=-1, error=null}(0), new=PlaybackState {state=0, position=0, buffered position=0, speed=0.0, updated=511140217, actions=2461191, custom actions=[], active item id=-1, error=null}(0)
08-31 16:37:05.692  6559  6891 I Avrcp_ext: Exit updatePlayStatusForDevice
08-31 16:37:05.692  6559  6891 D Avrcp_ext: sendPlayPosNotificationRsp: Not registered or requesting.
08-31 16:37:05.692  6559  6891 D Avrcp_ext: sendPlayPosNotificationRsp: Not registered or requesting.
08-31 16:37:05.692  6559  6891 V Avrcp_ext: Exit updatePlayerStateAndPosition
08-31 16:37:05.692  6559  6891 V Avrcp_ext:  Exit onPlaybackStateChanged
08-31 16:37:05.692  6559  6891 V Avrcp_ext: onMetadataChanged
08-31 16:37:05.692  6559  6891 D PlaybackState: setState position:-1
08-31 16:37:05.693  1724  2881 D MediaSessionRecord: getMetadata :null, null, null
08-31 16:37:05.697  6559  6891 V Avrcp_ext: updateCurrentMediaState: mMediaController: MediaController (cn.missevan@dc335bc) null, null, null
08-31 16:37:05.698  6559  6891 V Avrcp_ext: isMusicActive: false getBluetoothPlayState: 0
08-31 16:37:05.699  6559  6891 V Avrcp_ext: updateCurrentMediaState: get media attributes:
08-31 16:37:05.699  1724  2881 D MediaSessionRecord: getMetadata :null, null, null
08-31 16:37:05.700  1724  2881 D MediaSessionRecord: getMetadata :null, null, null
08-31 16:37:05.700  6559  6891 I Avrcp_ext: Skipping update due to invalid playback state
08-31 16:37:05.701  6559  6891 V Avrcp_ext: updatePlaybackState, state: PlaybackState {state=0, position=0, buffered position=0, speed=0.0, updated=511140217, actions=2461191, custom actions=[], active item id=-1, error=null} device: null
08-31 16:37:05.701  6559  6891 V Avrcp_ext: Device: no name:
08-31 16:37:05.701  6559  6891 V Avrcp_ext: Device: no name:
08-31 16:37:05.701  6559  6891 V Avrcp_ext: updatePlayerStateAndPosition, old=PlaybackState {state=0, position=0, buffered position=0, speed=0.0, updated=511140217, actions=2461191, custom actions=[], active item id=-1, error=null}, state=PlaybackState {state=0, position=0, buffered position=0, speed=0.0, updated=511140217, actions=2461191, custom actions=[], active item id=-1, error=null}
08-31 16:37:05.701  6559  6891 V Avrcp_ext: old state = PlaybackState {state=0, position=0, buffered position=0, speed=0.0, updated=511140217, actions=2461191, custom actions=[], active item id=-1, error=null}, new state= PlaybackState {state=0, position=0, buffered position=0, speed=0.0, updated=511140217, actions=2461191, custom actions=[], active item id=-1, error=null}
08-31 16:37:05.702  6559  6891 D HeadsetService:  isAudioOn: The number of audio connected devices 0
08-31 16:37:05.702  6559  6891 D HeadsetService: isScoOrCallActive(): Call Active:falseCall is Ringing:falseSCO is Active:false
08-31 16:37:05.702  6559  6891 D HeadsetService:  isAudioOn: The number of audio connected devices 0
08-31 16:37:05.702  6559  6891 I Avrcp_ext: updatePlayStatusForDevice: device: null
08-31 16:37:05.702  6559  6891 V Avrcp_ext: updatePlaybackState (1): old=PlaybackState {state=0, position=0, buffered position=0, speed=0.0, updated=511140217, actions=2461191, custom actions=[], active item id=-1, error=null}(0), new=PlaybackState {state=0, position=0, buffered position=0, speed=0.0, updated=511140217, actions=2461191, custom actions=[], active item id=-1, error=null}(0)
08-31 16:37:05.702  6559  6891 I Avrcp_ext: Exit updatePlayStatusForDevice
08-31 16:37:05.703  6559  6891 D HeadsetService:  isAudioOn: The number of audio connected devices 0
08-31 16:37:05.703  6559  6891 D HeadsetService: isScoOrCallActive(): Call Active:falseCall is Ringing:falseSCO is Active:false
08-31 16:37:05.704  6559  6891 D HeadsetService:  isAudioOn: The number of audio connected devices 0
08-31 16:37:05.704  6559  6891 I Avrcp_ext: updatePlayStatusForDevice: device: null
08-31 16:37:05.704  6559  6891 V Avrcp_ext: updatePlaybackState (1): old=PlaybackState {state=0, position=0, buffered position=0, speed=0.0, updated=511140217, actions=2461191, custom actions=[], active item id=-1, error=null}(0), new=PlaybackState {state=0, position=0, buffered position=0, speed=0.0, updated=511140217, actions=2461191, custom actions=[], active item id=-1, error=null}(0)
08-31 16:37:05.704  6559  6891 I Avrcp_ext: Exit updatePlayStatusForDevice
08-31 16:37:05.704  6559  6891 D Avrcp_ext: sendPlayPosNotificationRsp: Not registered or requesting.
08-31 16:37:05.704  6559  6891 D Avrcp_ext: sendPlayPosNotificationRsp: Not registered or requesting.
08-31 16:37:05.704  6559  6891 V Avrcp_ext: Exit updatePlayerStateAndPosition
08-31 16:37:05.704  6559  6891 V Avrcp_ext: onMetadataChanged
08-31 16:37:05.704  6559  6891 D PlaybackState: setState position:-1
08-31 16:37:05.704  1724  2881 D MediaSessionRecord: getMetadata :null, null, null
08-31 16:37:05.705  6559  6891 V Avrcp_ext: updateCurrentMediaState: mMediaController: MediaController (cn.missevan@dc335bc) null, null, null
08-31 16:37:05.705  6559  6891 V Avrcp_ext: isMusicActive: false getBluetoothPlayState: 0
08-31 16:37:05.706  6559  6891 V Avrcp_ext: updateCurrentMediaState: get media attributes:
08-31 16:37:05.706  1724 16082 D MediaSessionRecord: getMetadata :null, null, null
08-31 16:37:05.707  2505  2639 I CronetEngine: [thread_background]
08-31 16:37:05.707  2505  2639 I CronetEngine: url: https://app.uat.missevan.com/person/homepage-icons
08-31 16:37:05.707  2505  2639 I CronetEngine:  ip: 10.21.250.10
08-31 16:37:05.707  2505  2639 I CronetEngine:  hostResolverProvider:
08-31 16:37:05.707  2505  2639 I CronetEngine:  hostResolveIps: []
08-31 16:37:05.707  2505  2639 I CronetEngine:
08-31 16:37:05.707  1724 16082 D MediaSessionRecord: getMetadata :null, null, null
08-31 16:37:05.708  6559  6891 I Avrcp_ext: Skipping update due to invalid playback state
08-31 16:37:05.708  6559  6891 V Avrcp_ext: updatePlaybackState, state: PlaybackState {state=0, position=0, buffered position=0, speed=0.0, updated=511140217, actions=2461191, custom actions=[], active item id=-1, error=null} device: null
08-31 16:37:05.708  6559  6891 V Avrcp_ext: Device: no name:
08-31 16:37:05.708  6559  6891 V Avrcp_ext: Device: no name:
08-31 16:37:05.708  6559  6891 V Avrcp_ext: updatePlayerStateAndPosition, old=PlaybackState {state=0, position=0, buffered position=0, speed=0.0, updated=511140217, actions=2461191, custom actions=[], active item id=-1, error=null}, state=PlaybackState {state=0, position=0, buffered position=0, speed=0.0, updated=511140217, actions=2461191, custom actions=[], active item id=-1, error=null}
08-31 16:37:05.708  6559  6891 V Avrcp_ext: old state = PlaybackState {state=0, position=0, buffered position=0, speed=0.0, updated=511140217, actions=2461191, custom actions=[], active item id=-1, error=null}, new state= PlaybackState {state=0, position=0, buffered position=0, speed=0.0, updated=511140217, actions=2461191, custom actions=[], active item id=-1, error=null}
08-31 16:37:05.709  6559  6891 D HeadsetService:  isAudioOn: The number of audio connected devices 0
08-31 16:37:05.709  6559  6891 D HeadsetService: isScoOrCallActive(): Call Active:falseCall is Ringing:falseSCO is Active:false
08-31 16:37:05.710  6559  6891 D HeadsetService:  isAudioOn: The number of audio connected devices 0
08-31 16:37:05.710  6559  6891 I Avrcp_ext: updatePlayStatusForDevice: device: null
08-31 16:37:05.710  6559  6891 V Avrcp_ext: updatePlaybackState (1): old=PlaybackState {state=0, position=0, buffered position=0, speed=0.0, updated=511140217, actions=2461191, custom actions=[], active item id=-1, error=null}(0), new=PlaybackState {state=0, position=0, buffered position=0, speed=0.0, updated=511140217, actions=2461191, custom actions=[], active item id=-1, error=null}(0)
08-31 16:37:05.710  6559  6891 I Avrcp_ext: Exit updatePlayStatusForDevice
08-31 16:37:05.710  6559  6891 D HeadsetService:  isAudioOn: The number of audio connected devices 0
08-31 16:37:05.710  6559  6891 D HeadsetService: isScoOrCallActive(): Call Active:falseCall is Ringing:falseSCO is Active:false
08-31 16:37:05.710  6559  6891 D HeadsetService:  isAudioOn: The number of audio connected devices 0
08-31 16:37:05.710  6559  6891 I Avrcp_ext: updatePlayStatusForDevice: device: null
08-31 16:37:05.710  6559  6891 V Avrcp_ext: updatePlaybackState (1): old=PlaybackState {state=0, position=0, buffered position=0, speed=0.0, updated=511140217, actions=2461191, custom actions=[], active item id=-1, error=null}(0), new=PlaybackState {state=0, position=0, buffered position=0, speed=0.0, updated=511140217, actions=2461191, custom actions=[], active item id=-1, error=null}(0)
08-31 16:37:05.710  6559  6891 I Avrcp_ext: Exit updatePlayStatusForDevice
08-31 16:37:05.710  6559  6891 D Avrcp_ext: sendPlayPosNotificationRsp: Not registered or requesting.
08-31 16:37:05.710  6559  6891 D Avrcp_ext: sendPlayPosNotificationRsp: Not registered or requesting.
08-31 16:37:05.710  6559  6891 V Avrcp_ext: Exit updatePlayerStateAndPosition
08-31 16:37:05.712  2505  2640 I BLOG    : [RxCachedThreadScheduler-3] HTTP request: [2022-08-31T08:37:05.571Z] GET https://app.uat.missevan.com/person/homepage-icons 200 120ms 0
08-31 16:37:05.735  2505  2639 I CronetEngine: [thread_background]
08-31 16:37:05.735  2505  2639 I CronetEngine: url: https://app.uat.missevan.com/person/get-user-info?user_id=14241060
08-31 16:37:05.735  2505  2639 I CronetEngine:  ip: 10.21.250.10
08-31 16:37:05.735  2505  2639 I CronetEngine:  hostResolverProvider:
08-31 16:37:05.735  2505  2639 I CronetEngine:  hostResolveIps: []
08-31 16:37:05.735  2505  2639 I CronetEngine:
08-31 16:37:05.736  2815  2815 D Tinker.TinkerLoader: [main] [PendingLog @ 2022-08-31 16:37:03.622] tryLoad test test
08-31 16:37:05.737  2815  2815 W Tinker.TinkerLoader: [main] [PendingLog @ 2022-08-31 16:37:03.627] tryLoadPatchFiles:patch dir not exist:/data/user/0/cn.missevan/tinker
08-31 16:37:05.737  2505  2794 I BLOG    : [RxCachedThreadScheduler-6] HTTP request: [2022-08-31T08:37:05.532Z] GET https://app.uat.missevan.com/person/get-user-info?user_id=14241060 200 196ms 0
08-31 16:37:05.739  2815  2815 D Tinker.DefaultAppLike: [main] [PendingLog @ 2022-08-31 16:37:03.687] onBaseContextAttached:
08-31 16:37:05.740  2815  2815 D Tinker.DefaultAppLike: [main] [PendingLog @ 2022-08-31 16:37:03.788] onCreate
08-31 16:37:05.759  2505  2521 I cn.missevan: NativeAlloc concurrent copying GC freed 88215(6MB) AllocSpace objects, 47(2MB) LOS objects, 49% free, 17MB/34MB, paused 494us total 139.123ms
08-31 16:37:05.767  2505  2519 V PlayerBase: baseRelease() piid=2199 state=0
08-31 16:37:05.890  2738  2738 I okhttp.cronet.httpdns: [main] OkHttp cronet native httpdns enabled.
08-31 16:37:05.891  2738  2738 D CronetEngine: [main] cronet httpdns open!
08-31 16:37:05.891  2738  2738 D CronetEngine:  configure dns ips: [203.107.1.65, 203.107.1.34, 203.107.1.66, 203.107.1.33]
08-31 16:37:05.909  2940  2940 I Perf    : Connecting to perf service.
08-31 16:37:05.927  2940  2940 D Tinker.TinkerLoader: tryLoad test test
08-31 16:37:05.931  1724  2922 D PackageManager: package:10598 check permission,PERMISSION_GRANTED
08-31 16:37:05.932  2940  2940 W Tinker.TinkerLoader: tryLoadPatchFiles:patch dir not exist:/data/user/0/cn.missevan/tinker
08-31 16:37:06.005  2940  2940 D Tinker.DefaultAppLike: onBaseContextAttached:
08-31 16:37:06.006  2738  2738 I httpdns.native: [main] Native httpdns enabled.
08-31 16:37:06.010  2940  2940 I MultiDex: VM with version 2.1.0 has multidex support
08-31 16:37:06.010  2940  2940 I MultiDex: Installing application
08-31 16:37:06.010  2940  2940 I MultiDex: VM has multidex support, MultiDex support library is disabled.
08-31 16:37:06.024  2738  2738 I okhttp.cronet.httpdns: [main] OkHttp cronet native httpdns enabled.
08-31 16:37:06.026  2505  2505 I UGCRecommendPageFragment: [main] initView
08-31 16:37:06.033  2738  2738 I httpdns.holder.native: [main] host rules *.maoercdn.com, *.bilivideo.com, *.missevan.com.
08-31 16:37:06.035  2738  2738 I httpdns.holder.native: [main] Init native httpdns with provider ali.
08-31 16:37:06.065  1724 16082 D ConnectivityService: requestNetwork for uid/pid:10598/2738 NetworkRequest [ TRACK_DEFAULT id=688, [ Capabilities: INTERNET&NOT_RESTRICTED&TRUSTED Unwanted:  Uid: 10598] ]
08-31 16:37:06.066  1724  2157 D Ethernet: got request NetworkRequest [ TRACK_DEFAULT id=688, [ Capabilities: INTERNET&NOT_RESTRICTED&TRUSTED Unwanted:  Uid: 10598] ] with score 60
08-31 16:37:06.066  1724  2084 D ConnectivityService: isWifiPoorLink:false, nai.everValidated:true, networkType:1, networkDetailedState:CONNECTED, nai.isLingering():false, unneeded(nai, UnneededFor.TEARDOWN):false
08-31 16:37:06.066  1724  2070 D WIFI    : got request NetworkRequest [ TRACK_DEFAULT id=688, [ Capabilities: INTERNET&NOT_RESTRICTED&TRUSTED Unwanted:  Uid: 10598] ] with score 60
08-31 16:37:06.066  1724  2070 D WIFI_UT : got request NetworkRequest [ TRACK_DEFAULT id=688, [ Capabilities: INTERNET&NOT_RESTRICTED&TRUSTED Unwanted:  Uid: 10598] ] with score 60
08-31 16:37:06.068  2738  2738 I cr_BiliCrLibraryLoader: BiliCr version: 88.0.4324.188, arch: aarch64
08-31 16:37:06.068  2831  2831 D PhoneSwitcherNetworkRequstListener: got request NetworkRequest [ TRACK_DEFAULT id=688, [ Capabilities: INTERNET&NOT_RESTRICTED&TRUSTED Unwanted:  Uid: 10598] ] with score 60
08-31 16:37:06.069  2738  2738 W chromium: [0831/163706.069702:WARNING:httpdns_adapter.cc(290)] HttpDns init
08-31 16:37:06.084  2505  2541 D LeakCanary: Setting up flushing for Thread[SL-NetWorkSender,5,main]
08-31 16:37:06.086  2505  2639 I CronetEngine: [thread_background]
08-31 16:37:06.086  2505  2639 I CronetEngine: url: https://fm.uat.missevan.com/api/v2/meta/banner
08-31 16:37:06.086  2505  2639 I CronetEngine:  ip: 10.21.250.10
08-31 16:37:06.086  2505  2639 I CronetEngine:  hostResolverProvider:
08-31 16:37:06.086  2505  2639 I CronetEngine:  hostResolveIps: []
08-31 16:37:06.086  2505  2639 I CronetEngine:
08-31 16:37:06.087  2505  2649 I BLOG    : [RxCachedThreadScheduler-4] HTTP request: [2022-08-31T08:37:05.937Z] GET https://fm.uat.missevan.com/api/v2/meta/banner 200 139ms 0
08-31 16:37:06.087  2505  2639 I CronetEngine: [thread_background]
08-31 16:37:06.087  2505  2639 I CronetEngine: url: https://fm.uat.missevan.com/api/v2/user/rank/top
08-31 16:37:06.087  2505  2639 I CronetEngine:  ip: 10.21.250.10
08-31 16:37:06.087  2505  2639 I CronetEngine:  hostResolverProvider:
08-31 16:37:06.087  2505  2639 I CronetEngine:  hostResolveIps: []
08-31 16:37:06.087  2505  2639 I CronetEngine:
08-31 16:37:06.090  2738  2738 I @@@BBPLOG: Info T933CA548 CPlayMain L243 The DataLog UserID: 0XD94D24
08-31 16:37:06.090  2738  2738 I @@@BBPLOG: Info T933CA548 CPlayMain L250 The DataLog BUVID: XY277FF2DFB139F19721118D30677E832AAF4
08-31 16:37:06.090  2738  2738 I @@@BBPLOG: Info T933CA548 CPlayMain L264 The DataLog AppVer: 5.7.3
08-31 16:37:06.091  2738  2738 I @@@BBPLOG: Info T933CA548 CPlayMain L284 The DataLog app type:   6
08-31 16:37:06.091  2738  2738 I @@@BBPLOG: Info T933ca548 BBPFuncLog L123 ----CIPMng::Clear Value is 00000000 start.
08-31 16:37:06.091  2738  2738 I @@@BBPLOG: Info T933ca548 BBPFuncLog L142 ----CIPMng::Clear leave! no return. Ussed Time: 0
08-31 16:37:06.091  2738  2738 I @@@BBPLOG: Info T933CA548 CPlayMain L272 The DataLog net type: 3
08-31 16:37:06.091  2738  2738 I @@@BBPLOG: Info T933CA548 CPlayMain L312 Set cronet engine: 0x72019fdfc0
08-31 16:37:06.095  2738  2738 I AidlAlphaVideoPlayer: [main] init
08-31 16:37:06.096  2505  2612 I BLOG    : [RxCachedThreadScheduler-1] HTTP request: [2022-08-31T08:37:05.937Z] GET https://fm.uat.missevan.com/api/v2/user/rank/top 200 140ms 0
08-31 16:37:06.097  2738  2738 I Player.Aidl: [main] updateConfig
08-31 16:37:06.099  2738  2738 I Player.AlphaVideoPlayerCore: [main] updateConfig, user id: 14241060
08-31 16:37:06.101  2738  2738 I @@@BBPLOG: Info T933CA548 CPlayMain L243 The DataLog UserID: 0XD94D24
08-31 16:37:06.101  2738  2738 I Player.AlphaVideoPlayerCore: [main] updateConfig, version name: 5.7.3
08-31 16:37:06.103  2738  2738 I @@@BBPLOG: Info T933CA548 CPlayMain L264 The DataLog AppVer: 5.7.3
08-31 16:37:06.103  2505  2639 I CronetEngine: [thread_background]
08-31 16:37:06.103  2505  2639 I CronetEngine: url: https://fm.uat.missevan.com/api/v2/chatroom/open/list?p=1&type=0
08-31 16:37:06.103  2505  2639 I CronetEngine:  ip: 10.21.250.10
08-31 16:37:06.103  2505  2639 I CronetEngine:  hostResolverProvider:
08-31 16:37:06.103  2505  2639 I CronetEngine:  hostResolveIps: []
08-31 16:37:06.103  2505  2639 I CronetEngine:
08-31 16:37:06.103  2738  2738 I Player.AlphaVideoPlayerCore: [main] updateConfig, buvid: XY277FF2DFB139F19721118D30677E832AAF4
08-31 16:37:06.104  2738  2738 I @@@BBPLOG: Info T933CA548 CPlayMain L250 The DataLog BUVID: XY277FF2DFB139F19721118D30677E832AAF4
08-31 16:37:06.105  2738  2738 I Player.Aidl.core0: [main] createNewCore
08-31 16:37:06.108  1724  2922 D PackageManager: package:10598 check permission,PERMISSION_GRANTED
08-31 16:37:06.109  2940  2940 D Tinker.DefaultAppLike: onCreate
08-31 16:37:06.114  2738  2738 I Player.BBPlayer.core0: [main] init
08-31 16:37:06.114  2738  3217 I chromium: [0831/163706.114442:INFO:httpdns.cc(234)] OnEffectiveConnectionTypeChanged called by httpdns context networks 5
08-31 16:37:06.116  2738  2738 I @@@BBPLOG: Info T933CA548 CPlayMain L94 BPSDK 3.0.0.216, 12:43:35 Jul 18 2022. CPU: ARMV8. OS
08-31 16:37:06.117  2505  2639 I CronetEngine: [thread_background]
08-31 16:37:06.117  2505  2639 I CronetEngine: url: https://fm.uat.missevan.com/api/v2/meta/data
08-31 16:37:06.117  2505  2639 I CronetEngine:  ip: 10.21.250.10
08-31 16:37:06.117  2505  2639 I CronetEngine:  hostResolverProvider:
08-31 16:37:06.117  2505  2639 I CronetEngine:  hostResolveIps: []
08-31 16:37:06.117  2505  2639 I CronetEngine:
08-31 16:37:06.076  1724  2084 D ConnectivityService: isWifiPoorLink:false, nai.everValidated:true, networkType:1, networkDetailedState:CONNECTED, nai.isLingering():false, unneeded(nai, UnneededFor.TEARDOWN):false
08-31 16:37:06.130  2738  2738 I @@@BBPLOG: Info T933CA548 CPlayMain L243 The DataLog UserID: 0XD94D24
08-31 16:37:06.130  2738  2738 I @@@BBPLOG: Info T933CA548 CPlayMain L250 The DataLog BUVID: XY277FF2DFB139F19721118D30677E832AAF4
08-31 16:37:06.130  2738  2738 I @@@BBPLOG: Info T933CA548 CPlayMain L264 The DataLog AppVer: 5.7.3
08-31 16:37:06.130  2738  2738 I @@@BBPLOG: Info T933CA548 CPlayMain L284 The DataLog app type:   6
08-31 16:37:06.130  2738  2738 I @@@BBPLOG: Info T933ca548 BBPFuncLog L123 ----CIPMng::Clear Value is 00000000 start.
08-31 16:37:06.130  2738  2738 I @@@BBPLOG: Info T933ca548 BBPFuncLog L142 ----CIPMng::Clear leave! no return. Ussed Time: 0
08-31 16:37:06.130  2738  2738 I @@@BBPLOG: Info T933CA548 CPlayMain L272 The DataLog net type: 3
08-31 16:37:06.130  2738  2738 I @@@BBPLOG: Info T933CA548 CPlayMain L312 Set cronet engine: 0x72019fdfc0
08-31 16:37:06.130  2738  2738 I @@@BBPLOG: Info T933CA548 CPlayMain L257 The Session UUID: fa3cc257-442f-451c-be89-99395db39943
08-31 16:37:06.132  2738  2738 I Player.Aidl.core0: [main] initPlayerCoreEvent
08-31 16:37:06.133  2505  2834 I BLOG    : [RxCachedThreadScheduler-7] HTTP request: [2022-08-31T08:37:05.932Z] GET https://fm.uat.missevan.com/api/v2/meta/data 200 168ms 0
08-31 16:37:06.142  2505  2638 I BLOG    : [RxCachedThreadScheduler-2] HTTP request: [2022-08-31T08:37:05.940Z] GET https://fm.uat.missevan.com/api/v2/chatroom/open/list?p=1&type=0 200 141ms 0
08-31 16:37:06.143  2738  2738 D Player.AlphaVideoPlayerCore: [main] event(1342177297): msg_log_cb, arg1: 0, arg2: 0, any: Info T933CA548 CPlayMain L243 The DataLog UserID: 0XD94D24
08-31 16:37:06.143  2738  2738 D Player.AlphaVideoPlayerCore:
08-31 16:37:06.144  2738  2738 I Player.AlphaVideoPlayerCore: [main] msg_log_cb, Info T933CA548 CPlayMain L243 The DataLog UserID: 0XD94D24
08-31 16:37:06.144  2738  2738 I Player.AlphaVideoPlayerCore:
08-31 16:37:06.146  2738  2738 D Player.AlphaVideoPlayerCore: [main] event(1342177297): msg_log_cb, arg1: 0, arg2: 0, any: Info T933CA548 CPlayMain L264 The DataLog AppVer: 5.7.3
08-31 16:37:06.146  2738  2738 D Player.AlphaVideoPlayerCore:
08-31 16:37:06.148  2738  2738 I Player.AlphaVideoPlayerCore: [main] msg_log_cb, Info T933CA548 CPlayMain L264 The DataLog AppVer: 5.7.3
08-31 16:37:06.148  2738  2738 I Player.AlphaVideoPlayerCore:
08-31 16:37:06.150  2738  2738 D Player.AlphaVideoPlayerCore: [main] event(1342177297): msg_log_cb, arg1: 0, arg2: 0, any: Info T933CA548 CPlayMain L250 The DataLog BUVID: XY277FF2DFB139F19721118D30677E832AAF4
08-31 16:37:06.150  2738  2738 D Player.AlphaVideoPlayerCore:
08-31 16:37:06.151  2738  2738 I Player.AlphaVideoPlayerCore: [main] msg_log_cb, Info T933CA548 CPlayMain L250 The DataLog BUVID: XY277FF2DFB139F19721118D30677E832AAF4
08-31 16:37:06.151  2738  2738 I Player.AlphaVideoPlayerCore:
08-31 16:37:06.153  2738  2738 D Player.BBPlayer.core0: [main] event(1342177297): msg_log_cb, arg1: 0, arg2: 0, any: Info T933CA548 CPlayMain L257 The Session UUID: fa3cc257-442f-451c-be89-99395db39943
08-31 16:37:06.153  2738  2738 D Player.BBPlayer.core0:
08-31 16:37:06.155  2738  2738 I Player.BBPlayer.core0: [main] msg_log_cb, Info T933CA548 CPlayMain L257 The Session UUID: fa3cc257-442f-451c-be89-99395db39943
08-31 16:37:06.155  2738  2738 I Player.BBPlayer.core0:
08-31 16:37:06.156   717   717 I SurfaceFlinger: FPS: 23
08-31 16:37:06.163  2505  2639 I CronetEngine: [thread_background]
08-31 16:37:06.163  2505  2639 I CronetEngine: url: https://app.uat.missevan.com/site/catalog-root
08-31 16:37:06.163  2505  2639 I CronetEngine:  ip: 10.21.250.10
08-31 16:37:06.163  2505  2639 I CronetEngine:  hostResolverProvider:
08-31 16:37:06.163  2505  2639 I CronetEngine:  hostResolveIps: []
08-31 16:37:06.163  2505  2639 I CronetEngine:
08-31 16:37:06.168  2505  2640 I BLOG    : [RxCachedThreadScheduler-3] HTTP request: [2022-08-31T08:37:05.989Z] GET https://app.uat.missevan.com/site/catalog-root 200 145ms 0
08-31 16:37:06.168 17295 17435 D WorkerThreadMonitor: Kill MSF check result[ senderSize:0,sendInterval:3121735,receiveInterval=2250883,addCmdCount=31
08-31 16:37:06.171  2505  2505 W RecyclerView: No adapter attached; skipping layout
08-31 16:37:06.196  2505  2639 I CronetEngine: [thread_background]
08-31 16:37:06.196  2505  2639 I CronetEngine: url: https://app.uat.missevan.com/site/editor-choice
08-31 16:37:06.196  2505  2639 I CronetEngine:  ip: 58.216.14.240
08-31 16:37:06.196  2505  2639 I CronetEngine:  hostResolverProvider:
08-31 16:37:06.196  2505  2639 I CronetEngine:  hostResolveIps: []
08-31 16:37:06.196  2505  2639 I CronetEngine:
08-31 16:37:06.217  2505  2639 I CronetEngine: [thread_background]
08-31 16:37:06.217  2505  2639 I CronetEngine: url: https://app.uat.missevan.com/site/editor-catalog
08-31 16:37:06.217  2505  2639 I CronetEngine:  ip: 122.225.214.241
08-31 16:37:06.217  2505  2639 I CronetEngine:  hostResolverProvider: ali
08-31 16:37:06.217  2505  2639 I CronetEngine:  hostResolveIps: ["122.225.214.241","58.216.14.238","182.40.18.114","58.216.14.242","117.27.226.219","182.40.18.115","182.40.18.118","218.91.182.230","122.225.214.242","182.40.18.116","117.27.226.220","58.216.14.239","58.216.14.243","58.216.14.244","58.216.14.248","182.40.18.117"]
08-31 16:37:06.217  2505  2639 I CronetEngine:
08-31 16:37:06.219  2505  2794 I BLOG    : [RxCachedThreadScheduler-6] HTTP request: [2022-08-31T08:37:05.988Z] GET https://app.uat.missevan.com/site/editor-choice 200 204ms 0
08-31 16:37:06.244  2505  3212 I BLOG    : [RxCachedThreadScheduler-8] HTTP request: [2022-08-31T08:37:06.001Z] GET https://app.uat.missevan.com/site/editor-catalog 200 205ms 0
08-31 16:37:06.248  2505  2809 I OpenGLRenderer: Davey! duration=1327ms; Flags=1, IntendedVsync=116559752587201, Vsync=116560485920505, OldestInputEvent=9223372036854775807, NewestInputEvent=0, HandleInputStart=116560489089389, AnimationStart=116560489169910, PerformTraversalsStart=116560489864649, DrawStart=116561013592201, SyncQueued=116561033402514, SyncStart=116561033517618, IssueDrawCommandsStart=116561033846003, SwapBuffers=116561079235482, FrameCompleted=116561080435743, DequeueBufferDuration=256000, QueueBufferDuration=488000,
08-31 16:37:06.266  2505  2505 I Choreographer: Skipped 36 frames!  The application may be doing too much work on its main thread.
08-31 16:37:06.290  2815  2815 I PlayerService: [main] PlayerService onGetRoot client package name = cn.missevan client uid = 10598, root hints = Bundle[{}]
08-31 16:37:06.372  2940  2940 W .missevan:stat: Accessing hidden method Landroid/app/ActivityThread;->currentApplication()Landroid/app/Application; (light greylist, linking)
08-31 16:37:06.455  2505  2505 D LiveRecommendNavigatorAdapter: [main] size: 60
08-31 16:37:06.487  2505  2898 D skia    : --- Failed to create image decoder with message 'unimplemented'
08-31 16:37:06.489  2505  2898 I chatty  : uid=10598(cn.missevan) identical 2 lines
08-31 16:37:06.490  2505  2898 D skia    : --- Failed to create image decoder with message 'unimplemented'
08-31 16:37:06.512  2505  3109 D skia    : --- Failed to create image decoder with message 'unimplemented'
08-31 16:37:06.513  2505  3109 D skia    : --- Failed to create image decoder with message 'unimplemented'
08-31 16:37:06.514  1724  2892 D PackageManager: package:10598 check permission,PERMISSION_GRANTED
08-31 16:37:06.515  2505  3109 D skia    : --- Failed to create image decoder with message 'unimplemented'
08-31 16:37:06.517  2505  3109 D skia    : --- Failed to create image decoder with message 'unimplemented'
08-31 16:37:06.536  2940  3283 D SentryLog: [pool-3-thread-1] SU isn't found on this Device.
08-31 16:37:06.544  1724  4404 D PackageManager: package:10598 check permission,PERMISSION_GRANTED
08-31 16:37:06.574  1724  4404 I chatty  : uid=1000(system) Binder:1724_14 identical 4 lines
08-31 16:37:06.565  2940  2940 W pool-3-thread-1: type=1400 audit(0.0:48296): avc: denied { read } for name="version" dev="proc" ino=4026532090 scontext=u:r:untrusted_app:s0:c86,c258,c512,c768 tcontext=u:object_r:proc_version:s0 tclass=file permissive=0
08-31 16:37:06.579  2940  2940 I SentryLog: [main] Initializing SDK with DSN: 'https://8e68e4623f6348b0b9984471d41e3e2d@sentry.missevan.com/2'
08-31 16:37:06.584  2940  2940 I SentryLog: [main] GlobalHubMode: 'true'
08-31 16:37:06.588  2505  2639 I CronetEngine: [thread_background]
08-31 16:37:06.588  2505  2639 I CronetEngine: url: https://fm.uat.missevan.com/api/v2/recommended/top
08-31 16:37:06.588  2505  2639 I CronetEngine:  ip: 10.21.250.10
08-31 16:37:06.588  2505  2639 I CronetEngine:  hostResolverProvider:
08-31 16:37:06.588  2505  2639 I CronetEngine:  hostResolveIps: []
08-31 16:37:06.588  2505  2639 I CronetEngine:
08-31 16:37:06.590  2505  2638 I BLOG    : [RxCachedThreadScheduler-2] HTTP request: [2022-08-31T08:37:06.448Z] GET https://fm.uat.missevan.com/api/v2/recommended/top 200 135ms 0
08-31 16:37:06.591  2505  2639 I CronetEngine: [thread_background]
08-31 16:37:06.591  2505  2639 I CronetEngine: url: https://fm.uat.missevan.com/api/v2/user/rank/top
08-31 16:37:06.591  2505  2639 I CronetEngine:  ip: 10.21.250.10
08-31 16:37:06.591  2505  2639 I CronetEngine:  hostResolverProvider:
08-31 16:37:06.591  2505  2639 I CronetEngine:  hostResolveIps: []
08-31 16:37:06.591  2505  2639 I CronetEngine:
08-31 16:37:06.593  2505  3212 I BLOG    : [RxCachedThreadScheduler-8] HTTP request: [2022-08-31T08:37:06.450Z] GET https://fm.uat.missevan.com/api/v2/user/rank/top 200 134ms 0
08-31 16:37:06.596  2505  2639 I CronetEngine: [thread_background]
08-31 16:37:06.596  2505  2639 I CronetEngine: url: https://fm.uat.missevan.com/api/v2/recommended/homepage?persona_id=2
08-31 16:37:06.596  2505  2639 I CronetEngine:  ip: 10.21.250.10
08-31 16:37:06.596  2505  2639 I CronetEngine:  hostResolverProvider:
08-31 16:37:06.596  2505  2639 I CronetEngine:  hostResolveIps: []
08-31 16:37:06.596  2505  2639 I CronetEngine:
08-31 16:37:06.599  2505  2650 I BLOG    : [RxCachedThreadScheduler-5] HTTP request: [2022-08-31T08:37:06.447Z] GET https://fm.uat.missevan.com/api/v2/recommended/homepage?persona_id=2 200 146ms 0
08-31 16:37:06.627  2940  2940 D SentryLog: [main] UncaughtExceptionHandlerIntegration enabled: true
08-31 16:37:06.628  2940  2940 D SentryLog: [main] default UncaughtExceptionHandler class='xcrash.i'
08-31 16:37:06.630  2940  2940 D SentryLog: [main] UncaughtExceptionHandlerIntegration installed.
08-31 16:37:06.632  2940  2940 D SentryLog: [main] ShutdownHookIntegration installed.
08-31 16:37:06.633   715   915 V AudioFlinger: releaseWakeLock_l() AudioOut_15
08-31 16:37:06.633   715   915 V AudioFlinger: thread 0xed003f40 type 0 TID 915 going to sleep
08-31 16:37:06.633   715   913 V AudioFlinger: releaseWakeLock_l() AudioOut_D
08-31 16:37:06.633   715   913 V AudioFlinger: thread 0xed395880 type 0 TID 913 going to sleep
08-31 16:37:06.635  2940  2940 D SentryLog: [main] SendCachedEventFireAndForgetIntegration installed.
08-31 16:37:06.636  2940  2940 D SentryLog: [main] NdkIntegration enabled: true
08-31 16:37:06.637   715   916 V AudioFlinger: releaseWakeLock_l() AudioOut_25
08-31 16:37:06.637   715   916 V AudioFlinger: thread 0xecd03080 type 0 TID 916 going to sleep
08-31 16:37:06.637  2940  3293 D SentryLog: [pool-2-thread-1] Started processing cached files from /data/user/0/cn.missevan/cache/sentry
08-31 16:37:06.638  2940  2940 I sentry-native: using database path "/data/data/cn.missevan/cache/sentry/.sentry-native"
08-31 16:37:06.638  2940  2940 D sentry-native: starting backend
08-31 16:37:06.640  2940  2940 D SentryLog: [main] NdkIntegration installed.
08-31 16:37:06.640  2505  2639 I CronetEngine: [thread_background]
08-31 16:37:06.640  2505  2639 I CronetEngine: url: https://app.uat.missevan.com/site/get-top?persona_id=2
08-31 16:37:06.640  2505  2639 I CronetEngine:  ip: 10.21.250.10
08-31 16:37:06.640  2505  2639 I CronetEngine:  hostResolverProvider:
08-31 16:37:06.640  2505  2639 I CronetEngine:  hostResolveIps: []
08-31 16:37:06.640  2505  2639 I CronetEngine:
08-31 16:37:06.642  2940  2940 D SentryLog: [main] Registering EnvelopeFileObserverIntegration for path: /data/user/0/cn.missevan/cache/sentry/outbox
08-31 16:37:06.642  2505  2640 I BLOG    : [RxCachedThreadScheduler-3] HTTP request: [2022-08-31T08:37:06.448Z] GET https://app.uat.missevan.com/site/icons?sync=0 200 190ms 0
08-31 16:37:06.645  2940  3293 D SentryLog: [pool-2-thread-1] Processing dir. /data/user/0/cn.missevan/cache/sentry
08-31 16:37:06.645  2940  2940 D SentryLog: [main] EnvelopeFileObserverIntegration installed.
08-31 16:37:06.645  2505  2834 I BLOG    : [RxCachedThreadScheduler-7] HTTP request: [2022-08-31T08:37:06.447Z] GET https://app.uat.missevan.com/site/get-top?persona_id=2 200 191ms 0
08-31 16:37:06.646  2940  2940 D SentryLog: [main] SendCachedEventFireAndForgetIntegration installed.
08-31 16:37:06.648  2940  2940 D SentryLog: [main] AnrIntegration enabled: true
08-31 16:37:06.648  2940  3293 D SentryLog: [pool-2-thread-1] Processing 0 items from cache dir /data/user/0/cn.missevan/cache/sentry
08-31 16:37:06.648  2505  2639 I CronetEngine: [thread_background]
08-31 16:37:06.648  2505  2639 I CronetEngine: url: https://app.uat.missevan.com/site/icons?sync=0
08-31 16:37:06.648  2505  2639 I CronetEngine:  ip: 10.21.250.10
08-31 16:37:06.648  2505  2639 I CronetEngine:  hostResolverProvider:
08-31 16:37:06.648  2505  2639 I CronetEngine:  hostResolveIps: []
08-31 16:37:06.648  2505  2639 I CronetEngine:
08-31 16:37:06.650  2940  2940 D SentryLog: [main] ANR timeout in milliseconds: 5000
08-31 16:37:06.651  2940  3293 D SentryLog: [pool-2-thread-1] File /data/user/0/cn.missevan/cache/sentry/outbox is not a File.
08-31 16:37:06.653  2940  2940 D SentryLog: [main] AnrIntegration installed.
08-31 16:37:06.653  2940  3293 D SentryLog: [pool-2-thread-1] Processing file: /data/user/0/cn.missevan/cache/sentry/session.json
08-31 16:37:06.654  2940  2940 D SentryLog: [main] enableSessionTracking enabled: true
08-31 16:37:06.655  2940  2940 D SentryLog: [main] enableAppLifecycleBreadcrumbs enabled: true
08-31 16:37:06.656  2940  3293 D SentryLog: [pool-2-thread-1] File '/data/user/0/cn.missevan/cache/sentry/session.json' doesn't match extension expected.
08-31 16:37:06.659  2940  3293 D SentryLog: [pool-2-thread-1] File /data/user/0/cn.missevan/cache/sentry/.sentry-native is not a File.
08-31 16:37:06.662  2940  3293 D SentryLog: [pool-2-thread-1] Finished processing cached files from /data/user/0/cn.missevan/cache/sentry
08-31 16:37:06.666  2940  2940 D SentryLog: [main] AppLifecycleIntegration installed.
08-31 16:37:06.666  2940  3293 D SentryLog: [pool-2-thread-1] Started processing cached files from /data/user/0/cn.missevan/cache/sentry/outbox
08-31 16:37:06.668  2940  2940 D SentryLog: [main] ActivityLifecycleIntegration enabled: true
08-31 16:37:06.669  2940  2940 D SentryLog: [main] ActivityLifecycleIntegration installed.
08-31 16:37:06.669  2940  3293 D SentryLog: [pool-2-thread-1] Processing dir. /data/user/0/cn.missevan/cache/sentry/outbox
08-31 16:37:06.670  2940  2940 D SentryLog: [main] UserInteractionIntegration enabled: true
08-31 16:37:06.672  2940  2940 D SentryLog: [main] UserInteractionIntegration installed.
08-31 16:37:06.672  2940  3293 D SentryLog: [pool-2-thread-1] Processing 0 items from cache dir /data/user/0/cn.missevan/cache/sentry/outbox
08-31 16:37:06.673  2940  2940 D SentryLog: [main] AppComponentsBreadcrumbsIntegration enabled: true
08-31 16:37:06.674  2940  2940 D SentryLog: [main] AppComponentsBreadcrumbsIntegration installed.
08-31 16:37:06.675  2940  3293 D SentryLog: [pool-2-thread-1] Finished processing cached files from /data/user/0/cn.missevan/cache/sentry/outbox
08-31 16:37:06.676  2940  2940 D SentryLog: [main] SystemEventsBreadcrumbsIntegration enabled: true
08-31 16:37:06.678  2505  2639 I CronetEngine: [thread_background]
08-31 16:37:06.678  2505  2639 I CronetEngine: url: https://app.uat.missevan.com/you-might-like/my-favors?persona_id=2
08-31 16:37:06.678  2505  2639 I CronetEngine:  ip: 10.21.250.10
08-31 16:37:06.678  2505  2639 I CronetEngine:  hostResolverProvider:
08-31 16:37:06.678  2505  2639 I CronetEngine:  hostResolveIps: []
08-31 16:37:06.678  2505  2639 I CronetEngine:
08-31 16:37:06.682  2940  2940 D SentryLog: [main] SystemEventsBreadcrumbsIntegration installed.
08-31 16:37:06.684  2940  2940 D SentryLog: [main] enableSystemEventsBreadcrumbs enabled: true
08-31 16:37:06.690  2505  2649 I BLOG    : [RxCachedThreadScheduler-4] HTTP request: [2022-08-31T08:37:06.453Z] GET https://app.uat.missevan.com/you-might-like/my-favors?persona_id=2 200 219ms 0
08-31 16:37:06.691  2505  2794 I BLOG    : [RxCachedThreadScheduler-6] HTTP request: [2022-08-31T08:37:06.449Z] GET https://app.uat.missevan.com/you-might-like/get-recommends?persona_id=2&boot=1 200 223ms 0
08-31 16:37:06.694  2505  2639 I CronetEngine: [thread_background]
08-31 16:37:06.694  2505  2639 I CronetEngine: url: https://app.uat.missevan.com/you-might-like/get-recommends?persona_id=2&boot=1
08-31 16:37:06.694  2505  2639 I CronetEngine:  ip: 10.21.250.10
08-31 16:37:06.694  2505  2639 I CronetEngine:  hostResolverProvider:
08-31 16:37:06.694  2505  2639 I CronetEngine:  hostResolveIps: []
08-31 16:37:06.694  2505  2639 I CronetEngine:
08-31 16:37:06.694  2940  2940 I SentryLog: [main] TYPE_AMBIENT_TEMPERATURE is not available.
08-31 16:37:06.696  2940  2940 D SentryLog: [main] enableSystemEventBreadcrumbs enabled: true
08-31 16:37:06.698  2940  2940 D SentryLog: [main] FragmentLifecycleIntegration installed.
08-31 16:37:06.790  2505  2521 I cn.missevan: Background concurrent copying GC freed 180044(8MB) AllocSpace objects, 65(3MB) LOS objects, 45% free, 28MB/52MB, paused 2.885ms total 117.482ms
08-31 16:37:06.841  2505  2505 I Choreographer: Skipped 34 frames!  The application may be doing too much work on its main thread.
08-31 16:37:06.967  2505  2650 I BLOG    : [RxCachedThreadScheduler-5] HTTP request: [2022-08-31T08:37:06.813Z] GET https://app.uat.missevan.com/site/tab-icons?tab_id=101 200 148ms 0
08-31 16:37:06.978  2505  2639 I CronetEngine: [thread_background]
08-31 16:37:06.978  2505  2639 I CronetEngine: url: https://app.uat.missevan.com/site/tab-icons?tab_id=101
08-31 16:37:06.978  2505  2639 I CronetEngine:  ip: 10.21.250.10
08-31 16:37:06.978  2505  2639 I CronetEngine:  hostResolverProvider:
08-31 16:37:06.978  2505  2639 I CronetEngine:  hostResolveIps: []
08-31 16:37:06.978  2505  2639 I CronetEngine:
08-31 16:37:07.000  2940  2940 D NAccs.AccsClientConfig:  build config:AccsClientConfig{mAppKey='umeng:546d7dd7fd98c58fc800082c', mAppSecret='64e8358a59d434e5546720db97ab5996', mInappHost='umengacs.m.taobao.com', mChannelHost='umengjmacs.m.taobao.com', mStoreId='', mSecurity=2, mAuthCode='', mInappPubKey=11, mChannelPubKey=11, mKeepalive=true, mAutoUnit=false, mTag='default', mConfigEnv=0, mDisableChannel=false, mQuickReconnect=false, mAccsHeartbeatEnable=false, mPullUpEnable=false, mForePingEnable=false, mPingTimeout=0}
08-31 16:37:07.000  2940  2940 W NAccs.AccsClientConfig:  build conver old config:AccsClientConfig{mAppKey='umeng:546d7dd7fd98c58fc800082c', mAppSecret='64e8358a59d434e5546720db97ab5996', mInappHost='umengacs.m.taobao.com', mChannelHost='umengjmacs.m.taobao.com', mStoreId='', mSecurity=2, mAuthCode='', mInappPubKey=-1, mChannelPubKey=-1, mKeepalive=true, mAutoUnit=true, mTag='default', mConfigEnv=0, mDisableChannel=false, mQuickReconnect=false, mAccsHeartbeatEnable=false, mPullUpEnable=true, mForePingEnable=false, mPingTimeout=0}
08-31 16:37:07.000  2940  2940 D NAccs.ACCSClient:  init config:AccsClientConfig{mAppKey='umeng:546d7dd7fd98c58fc800082c', mAppSecret='64e8358a59d434e5546720db97ab5996', mInappHost='umengacs.m.taobao.com', mChannelHost='umengjmacs.m.taobao.com', mStoreId='', mSecurity=2, mAuthCode='', mInappPubKey=11, mChannelPubKey=11, mKeepalive=true, mAutoUnit=false, mTag='default', mConfigEnv=0, mDisableChannel=false, mQuickReconnect=false, mAccsHeartbeatEnable=false, mPullUpEnable=false, mForePingEnable=false, mPingTimeout=0}
08-31 16:37:07.002  2940  2940 D UPush.Impl: appkey:546d7dd7fd98c58fc800082c secret:64e8358a59d434e5546720db97ab5996
08-31 16:37:07.006  2940  3334 I NAccs.TaobaoRegister:  register appKey:umeng:546d7dd7fd98c58fc800082c configTag:default
08-31 16:37:07.007  2940  3334 D NAccs.Config:  setAgooAppKey appkey:umeng:546d7dd7fd98c58fc800082c
08-31 16:37:07.008  2505  2505 W ViewPager2Helper: [main] ReplaceSnapHelper success
08-31 16:37:07.008  2940  3334 D NAccs.Config:  setAgooMessageSecret secret:64e8358a59d434e5546720db97ab5996
08-31 16:37:07.012  2940  3334 D NAccs.ACCSManager:  getAccsInstance key:default|0
08-31 16:37:07.014  2505  2505 I Banner  : [main] banner resume loop
08-31 16:37:07.017  2505  2505 I chatty  : uid=10598(cn.missevan) identical 1 line
08-31 16:37:07.018  2505  2505 I Banner  : [main] banner resume loop
08-31 16:37:07.030  2505  2639 I CronetEngine: [thread_background]
08-31 16:37:07.030  2505  2639 I CronetEngine: url: https://app.uat.missevan.com/drama/tag
08-31 16:37:07.030  2505  2639 I CronetEngine:  ip: 10.21.250.10
08-31 16:37:07.030  2505  2639 I CronetEngine:  hostResolverProvider:
08-31 16:37:07.030  2505  2639 I CronetEngine:  hostResolveIps: []
08-31 16:37:07.030  2505  2639 I CronetEngine:
08-31 16:37:07.033  2505  2640 I BLOG    : [RxCachedThreadScheduler-3] HTTP request: [2022-08-31T08:37:06.814Z] GET https://app.uat.missevan.com/drama/tag 200 212ms 0
08-31 16:37:07.035  2505  2639 I CronetEngine: [thread_background]
08-31 16:37:07.035  2505  2639 I CronetEngine: url: https://app.uat.missevan.com/site/tab-icons?tab_id=102
08-31 16:37:07.035  2505  2639 I CronetEngine:  ip: 10.21.250.10
08-31 16:37:07.035  2505  2639 I CronetEngine:  hostResolverProvider:
08-31 16:37:07.035  2505  2639 I CronetEngine:  hostResolveIps: []
08-31 16:37:07.035  2505  2639 I CronetEngine:
08-31 16:37:07.037  2505  2794 I BLOG    : [RxCachedThreadScheduler-6] HTTP request: [2022-08-31T08:37:06.819Z] GET https://app.uat.missevan.com/site/tab-icons?tab_id=102 200 213ms 0
08-31 16:37:07.052  2505  3315 I BLOG    : [RxCachedThreadScheduler-10] HTTP request: [2022-08-31T08:37:06.829Z] GET https://app.uat.missevan.com/catalog/get-hot-sounds?catalog_id=108&page=1&page_size=18 200 217ms 0
08-31 16:37:07.058  2505  2639 I CronetEngine: [thread_background]
08-31 16:37:07.058  2505  2639 I CronetEngine: url: https://app.uat.missevan.com/catalog/get-hot-sounds?catalog_id=108&page=1&page_size=18
08-31 16:37:07.058  2505  2639 I CronetEngine:  ip: 10.21.250.10
08-31 16:37:07.058  2505  2639 I CronetEngine:  hostResolverProvider:
08-31 16:37:07.058  2505  2639 I CronetEngine:  hostResolveIps: []
08-31 16:37:07.058  2505  2639 I CronetEngine:
08-31 16:37:07.061  2940  3334 D NAccs.InAppConn_default:  new connection
08-31 16:37:07.067  2940  2940 D NetworkSecurityConfig: Using Network Security Config from resource g debugBuild: true
08-31 16:37:07.068  2505  2639 I CronetEngine: [thread_background]
08-31 16:37:07.068  2505  2639 I CronetEngine: url: https://app.uat.missevan.com/catalog/recommend-modules?catalog_id=108
08-31 16:37:07.068  2505  2639 I CronetEngine:  ip: 10.21.250.10
08-31 16:37:07.068  2505  2639 I CronetEngine:  hostResolverProvider:
08-31 16:37:07.068  2505  2639 I CronetEngine:  hostResolveIps: []
08-31 16:37:07.068  2505  2639 I CronetEngine:
08-31 16:37:07.070  2940  3334 I NAccs.Utils:  isMainProcess result:false
08-31 16:37:07.072  2940  3334 I NAccs.ACCSMgrImpl_default:  bindApp appKey:umeng:546d7dd7fd98c58fc800082c
08-31 16:37:07.074  2940  2940 W .missevan:stat: Accessing hidden method Ldalvik/system/CloseGuard;->get()Ldalvik/system/CloseGuard; (light greylist, reflection)
08-31 16:37:07.075  2940  2940 W .missevan:stat: Accessing hidden method Ldalvik/system/CloseGuard;->open(Ljava/lang/String;)V (light greylist, reflection)
08-31 16:37:07.075  2940  2940 W .missevan:stat: Accessing hidden method Ldalvik/system/CloseGuard;->warnIfOpen()V (light greylist, reflection)
08-31 16:37:07.077  2505  3314 I BLOG    : [RxCachedThreadScheduler-9] HTTP request: [2022-08-31T08:37:06.832Z] GET https://app.uat.missevan.com/catalog/recommend-modules?catalog_id=108 200 232ms 0
08-31 16:37:07.078  2940  3335 D NAccs.FileCheckUtils:  st.getAvailableBlocks()=2688849,st.getAvailableBlocks() * blockSize=11013525504
08-31 16:37:07.082  2940  3334 D NAccs.UtilityImpl:  enableService comptName:ComponentInfo{cn.missevan/com.taobao.accs.ChannelService}
08-31 16:37:06.772  1724  2178 I chatty  : uid=1000(system) AutobacklightTh identical 4 lines
08-31 16:37:07.083  1724  2892 W PackageManager: setEnabledSetting  packageName:cn.missevan className:com.taobao.accs.ChannelService newState:1 userId:0 callingPackage:null
08-31 16:37:07.090  2505  2612 I BLOG    : [RxCachedThreadScheduler-1] HTTP request: [2022-08-31T08:37:06.823Z] GET https://app.uat.missevan.com/drama/recommend-modules?catalog_id=89 200 259ms 0
08-31 16:37:07.098  2940  3334 W NAccs.ACCSMgrImpl_default:  bindApp only allow in main process
08-31 16:37:07.098  2505  2639 I CronetEngine: [thread_background]
08-31 16:37:07.098  2505  2639 I CronetEngine: url: https://app.uat.missevan.com/drama/recommend-modules?catalog_id=89
08-31 16:37:07.098  2505  2639 I CronetEngine:  ip: 10.21.250.10
08-31 16:37:07.098  2505  2639 I CronetEngine:  hostResolverProvider:
08-31 16:37:07.098  2505  2639 I CronetEngine:  hostResolveIps: []
08-31 16:37:07.098  2505  2639 I CronetEngine:
08-31 16:37:07.128  2505  2505 W ViewPager2Helper: [main] ReplaceSnapHelper success
08-31 16:37:07.133  2505  2505 I Banner  : [main] banner resume loop
08-31 16:37:07.134  2505  2505 I chatty  : uid=10598(cn.missevan) identical 1 line
08-31 16:37:07.135  2505  2505 I Banner  : [main] banner resume loop
08-31 16:37:07.155  2940  2940 I MissEvanApplication: [main] current process: cn.missevan:stats
08-31 16:37:07.157  2505  2639 I CronetEngine: [thread_background]
08-31 16:37:07.157  2505  2639 I CronetEngine: url: https://app.uat.missevan.com/drama/catalog-homepage?catalog_id=89
08-31 16:37:07.157  2505  2639 I CronetEngine:  ip: 10.21.250.10
08-31 16:37:07.157  2505  2639 I CronetEngine:  hostResolverProvider:
08-31 16:37:07.157  2505  2639 I CronetEngine:  hostResolveIps: []
08-31 16:37:07.157  2505  2639 I CronetEngine:
08-31 16:37:07.160  2505  2638 I BLOG    : [RxCachedThreadScheduler-2] HTTP request: [2022-08-31T08:37:06.815Z] GET https://app.uat.missevan.com/drama/catalog-homepage?catalog_id=89 200 339ms 0
08-31 16:37:07.168  2940  2940 D BLOG-EVENT-Network: network changed: 3=>1
08-31 16:37:07.175  2940  2940 W LaserActionExecutor: [main] actionClass map is null
08-31 16:37:07.196  2940  2940 V HotfixPatchListener: [main] application maxMemory:256
08-31 16:37:07.220  2940  2940 W Tinker.Tinker: [main] tinker patch directory: /data/user/0/cn.missevan/tinker
08-31 16:37:07.224  2940  2940 I Tinker.Tinker: [main] try to install tinker, isEnable: true, version: 1.9.14.10.4
08-31 16:37:07.227  2940  2940 I Tinker.TinkerLoadResult: [main] parseTinkerResult loadCode:-2, process name:cn.missevan:stats, main process:false, systemOTA:false, fingerPrint:vivo/PD1728/PD1728:9/PKQ1.180819.001/compiler07281740:user/release-keys, oatDir:null, useInterpretMode:false
08-31 16:37:07.227  2505  2639 I CronetEngine: [thread_background]
08-31 16:37:07.227  2505  2639 I CronetEngine: url: https://app.uat.missevan.com/catalog/sound-homepage?catalog_id=108
08-31 16:37:07.227  2505  2639 I CronetEngine:  ip: 10.21.250.10
08-31 16:37:07.227  2505  2639 I CronetEngine:  hostResolverProvider:
08-31 16:37:07.227  2505  2639 I CronetEngine:  hostResolveIps: []
08-31 16:37:07.227  2505  2639 I CronetEngine:
08-31 16:37:07.228  2505  2639 I CronetEngine: [thread_background]
08-31 16:37:07.228  2505  2639 I CronetEngine: url: https://app.uat.missevan.com/person/drama-feed?page=1&page_size=10
08-31 16:37:07.228  2505  2639 I CronetEngine:  ip: 10.21.250.10
08-31 16:37:07.228  2505  2639 I CronetEngine:  hostResolverProvider:
08-31 16:37:07.228  2505  2639 I CronetEngine:  hostResolveIps: []
08-31 16:37:07.228  2505  2639 I CronetEngine:
08-31 16:37:07.228  2940  2940 W Tinker.TinkerLoadResult: [main] can't find patch file, is ok, just return
08-31 16:37:07.229  2505  2649 I BLOG    : [RxCachedThreadScheduler-4] HTTP request: [2022-08-31T08:37:06.822Z] GET https://app.uat.missevan.com/catalog/sound-homepage?catalog_id=108 200 401ms 0
08-31 16:37:07.230  2940  2940 I Tinker.DefaultLoadReporter: [main] patch loadReporter onLoadResult: patch load result, path:/data/user/0/cn.missevan/tinker, code: -2, cost: 5ms
08-31 16:37:07.231  2505  3212 I BLOG    : [RxCachedThreadScheduler-8] HTTP request: [2022-08-31T08:37:06.813Z] GET https://app.uat.missevan.com/person/drama-feed?page=1&page_size=10 200 411ms 0
08-31 16:37:07.231  2940  2940 W Tinker.Tinker: [main] tinker load fail!
08-31 16:37:07.257  2940  2940 D Tinker.TinkerLoader: [main] [PendingLog @ 2022-08-31 16:37:05.927] tryLoad test test
08-31 16:37:07.259  2940  2940 W Tinker.TinkerLoader: [main] [PendingLog @ 2022-08-31 16:37:05.932] tryLoadPatchFiles:patch dir not exist:/data/user/0/cn.missevan/tinker
08-31 16:37:07.260  2940  2940 D Tinker.DefaultAppLike: [main] [PendingLog @ 2022-08-31 16:37:06.005] onBaseContextAttached:
08-31 16:37:07.262  2940  2940 D Tinker.DefaultAppLike: [main] [PendingLog @ 2022-08-31 16:37:06.109] onCreate
08-31 16:37:07.294  2940  3341 I neuron.producer: [thread_report] Producer init with sn=19.
08-31 16:37:07.305   694   756 E ANDR-PERF-MPCTL: Invalid profile no. 0, total profiles 0 only
08-31 16:37:07.317  2940  3341 I neuron.statistics: [thread_report] Statistics init mobile stats ts=0, bytes=0.
08-31 16:37:07.322  2940  3341 I neuron.traffic: [thread_report] Traffic policy initial interval=3000, batchSize=120
08-31 16:37:07.337  2505  2505 I PlayerServiceConnection: [main] on MediaBrowser connection connected
08-31 16:37:07.338  2505  2505 I PlayerServiceConnection: [main] bindPlayerService...
08-31 16:37:07.347  1724  2922 D MediaSessionRecord: registering controller callback android.media.session.ISessionControllerCallback$Stub$Proxy@5c73def from controllercn.missevan
08-31 16:37:07.350  1724  2656 D MediaSessionRecord: getMetadata :null, null, null
08-31 16:37:07.354  2505  2809 I OpenGLRenderer: Davey! duration=1083ms; Flags=0, IntendedVsync=116561101962001, Vsync=116561668628645, OldestInputEvent=9223372036854775807, NewestInputEvent=0, HandleInputStart=116561672679128, AnimationStart=116561672756888, PerformTraversalsStart=116561673121315, DrawStart=116562118516367, SyncQueued=116562157746680, SyncStart=116562157828503, IssueDrawCommandsStart=116562158488763, SwapBuffers=116562179372149, FrameCompleted=116562185861315, DequeueBufferDuration=260000, QueueBufferDuration=1390000,
08-31 16:37:07.356  2815  2815 I PlayerService: [main] PlayerService onLoadChildren parentId = /
08-31 16:37:07.367   717   717 I SurfaceFlinger: FPS: 11
