08-31 16:37:12.860  3378  3517 I awcn.NetworkStatusMonitor:  checkNetworkStatus info.isConnected:true info.isAvailable:true info.getType:1
08-31 16:37:12.861  3378  3517 E awcn.SessionCenter: |[seq:[default]] onNetworkStatusChanged. networkStatus:WIFI
08-31 16:37:12.866  1724  2922 D ConnectivityService: requestNetwork for uid/pid:10598/3378 NetworkRequest [ TRACK_DEFAULT id=690, [ Capabilities: INTERNET&NOT_RESTRICTED&TRUSTED Unwanted:  Uid: 10598] ]
08-31 16:37:12.868  3378  3507 I awcn.StrategyCenter:  StrategyCenter initialize started.
08-31 16:37:12.869  3378  3507 I awcn.StrategySerializeHelper:  StrateyFolder path:/data/user/0/cn.missevan/files/awcn_strategy/channel
08-31 16:37:12.870  1724  2070 D WIFI    : got request NetworkRequest [ TRACK_DEFAULT id=690, [ Capabilities: INTERNET&NOT_RESTRICTED&TRUSTED Unwanted:  Uid: 10598] ] with score 60
08-31 16:37:12.871  1724  2070 D WIFI_UT : got request NetworkRequest [ TRACK_DEFAULT id=690, [ Capabilities: INTERNET&NOT_RESTRICTED&TRUSTED Unwanted:  Uid: 10598] ] with score 60
08-31 16:37:12.871  1724  2084 D ConnectivityService: isWifiPoorLink:false, nai.everValidated:true, networkType:1, networkDetailedState:CONNECTED, nai.isLingering():false, unneeded(nai, UnneededFor.TEARDOWN):false
08-31 16:37:12.871  1724  2157 D Ethernet: got request NetworkRequest [ TRACK_DEFAULT id=690, [ Capabilities: INTERNET&NOT_RESTRICTED&TRUSTED Unwanted:  Uid: 10598] ] with score 60
08-31 16:37:12.873  2831  2831 D PhoneSwitcherNetworkRequstListener: got request NetworkRequest [ TRACK_DEFAULT id=690, [ Capabilities: INTERNET&NOT_RESTRICTED&TRUSTED Unwanted:  Uid: 10598] ] with score 60
08-31 16:37:12.874  3378  3507 I awcn.StrategyTable:  strategy map size:1
08-31 16:37:12.875  3378  3507 I awcn.StrategyInfoHolder:  restore
08-31 16:37:12.881  3378  3518 I awcn.NetworkStatusMonitor:  network onAvailable
08-31 16:37:12.927  3378  3507 I awcn.SerializeHelper:  restore end. file:/data/user/0/cn.missevan/files/awcn_strategy/channel/WIFI$d41d8cd98f00b204e9800998ecf8427e size:3201 cost:51
08-31 16:37:12.928  3378  3507 I awcn.StrategyTable:  strategy map size:2
08-31 16:37:12.940  3378  3507 I awcn.SerializeHelper:  restore end. file:/data/user/0/cn.missevan/files/awcn_strategy/channel/StrategyConfig size:1389 cost:11
08-31 16:37:12.941  3378  3507 I awcn.AmdcThreadPoolExecutor:  thread created! name:AMDC1
08-31 16:37:12.942  3378  3507 I awcn.StrategyTable:  strategy map size:2
08-31 16:37:12.942  3378  3507 I awcn.StrategyCenter:  StrategyCenter initialize finished.
08-31 16:37:12.942  3378  3507 E awcn.StrategyCenter:  registerListener listener:[anet.channel.SessionCenter$a@1cc4cd2]
08-31 16:37:12.942  3378  3519 I awcn.StrategyInfoHolder:  start loading strategy files
08-31 16:37:12.942  3378  3507 I NAccs.SilenceConn_default:  init awcn register new conn protocol host: umengacs.m.taobao.com
08-31 16:37:12.943  3378  3507 I NAccs.SilenceConn_default:  init awcn success!
08-31 16:37:12.943  3378  3507 I NAccs.SilenceConn_default:  start thread
08-31 16:37:12.944  3378  3519 I awcn.StrategyInfoHolder:  end loading strategy files total cost:2
08-31 16:37:12.945  3378  3507 D NAccs.SilenceConn_default:  try ping, force:false
08-31 16:37:12.946  3378  3520 I NAccs.NetworkThread_default:  NetworkThread run
08-31 16:37:12.946  3378  3520 D NAccs.NetworkThread_default:  ready to get message
08-31 16:37:12.946  3378  3520 D NAccs.NetworkThread_default:  no message, wait
08-31 16:37:12.946  3378  3507 D NAccs.SilenceConn_default:  sendMessage ready dataId:1661935032945.2 type:PING delay:0
08-31 16:37:12.947  3378  3507 I NAccs.BaseIntentService:  onHandleIntent,action=org.agoo.android.intent.action.REPORT,agooCommand=cn.missevan.intent.action.COMMAND,mipushCommand=cn.missevan.intent.thirdPush.action.COMMAND
08-31 16:37:12.948  3378  3507 I NAccs.BaseIntentService:  is report cache msg,Config.isReportCacheMsg(mContext)=false
08-31 16:37:12.948  3378  3507 D NAccs.isClearTime:  now=1661935032948,now - lastTime=745432,istrue=false
08-31 16:37:12.948  3378  3507 I NAccs.BaseIntentService:  is clear all msg=false
08-31 16:37:12.948  3378  3507 D NAccs.isClearTime:  now=1661935032948,now - lastTime=745432,istrue=false
08-31 16:37:12.949  3378  3507 D NAccs.FileCheckUtils:  st.getAvailableBlocks()=2688843,st.getAvailableBlocks() * blockSize=11013500928
08-31 16:37:12.952  3378  3520 D NAccs.NetworkThread_default:  try get message
08-31 16:37:12.952  3378  3520 D NAccs.NetworkThread_default:  sendMessage not null
08-31 16:37:12.953  3378  3520 I NAccs.NetworkThread_default:  sendMessage type:PING status:3
08-31 16:37:12.960  3378  3520 I NAccs.HeartbeatManager:  hb use job
08-31 16:37:12.961  3378  3520 D NAccs.NetworkThread_default:  sendMessage force:false last ping:1661935032961
08-31 16:37:12.961  3378  3520 D NAccs.SilenceConn_default:  tryConnect force:true
08-31 16:37:12.964  3378  3520 I NAccs.NetworkThread_default:  tryConnect force:true failTimes:0
08-31 16:37:12.965  3378  3520 I NAccs.NetworkThread_default:  tryConnect, need sleep
08-31 16:37:13.568   694   756 E ANDR-PERF-MPCTL: Invalid profile no. 0, total profiles 0 only
08-31 16:37:13.802   717   717 I SurfaceFlinger: FPS: 10
08-31 16:37:14.179  2738  3097 D NAccs.InAppConn_default:  startChannelService
08-31 16:37:14.180  2738  3097 D NAccs.Config:  getAgooAppKey appkey:umeng:546d7dd7fd98c58fc800082c
08-31 16:37:14.181  2738  3097 I NAccs.a :  dispatchIntent bind service start intent:Intent { act=com.taobao.accs.intent.action.START_SERVICE cmp=cn.missevan/com.taobao.accs.ChannelService (has extras) }
08-31 16:37:14.195  2738  3097 D NAccs.AdapterGlobalClientInfo:  getAgooCustomServiceName serviceName:com.umeng.message.component.UmengIntentService
08-31 16:37:14.195  2738  2738 D NAccs.a :  bindService connected componentName:ComponentInfo{cn.missevan/com.taobao.accs.ChannelService}
08-31 16:37:14.196  2738  3097 I NAccs.a :  dispatchIntent bind service start intent:Intent { act=org.agoo.android.intent.action.REPORT pkg=cn.missevan cmp=cn.missevan/com.umeng.message.component.UmengIntentService }
08-31 16:37:14.198  3378  3378 I NAccs.BaseService:  handleMessage on receive msg msg:{ id=36 when=0 what=0 target=com.taobao.accs.base.BaseService$1 }
08-31 16:37:14.199  3378  3378 I NAccs.BaseService:  handleMessage get intent success intent:Intent { act=com.taobao.accs.intent.action.START_SERVICE cmp=cn.missevan/com.taobao.accs.ChannelService (has extras) }
08-31 16:37:14.199  3378  3507 I NAccs.ElectionServiceImpl:  onStartCommand begin action:com.taobao.accs.intent.action.START_SERVICE
08-31 16:37:14.200  3378  3507 I NAccs.ElectionServiceImpl:  handleStartCommand configTag:default appkey:umeng:546d7dd7fd98c58fc800082c appSecret:64e8358a59d434e5546720db97ab5996 ttid:android@umeng pkg:cn.missevan
08-31 16:37:14.201  3378  3507 I NAccs.ElectionServiceImpl:  getConnection configTag:default start:false
08-31 16:37:14.201  3378  3507 I NAccs.ServiceImpl:  onHostStartCommand intent:Intent { act=com.taobao.accs.intent.action.START_SERVICE cmp=cn.missevan/com.taobao.accs.ChannelService (has extras) }
08-31 16:37:14.201  3378  3507 D NAccs.ServiceImpl:  onHostStartCommand key:appKey  value:umeng:546d7dd7fd98c58fc800082c
08-31 16:37:14.201  3378  3507 D NAccs.ServiceImpl:  onHostStartCommand key:configTag  value:default
08-31 16:37:14.201  3378  3507 D NAccs.ServiceImpl:  onHostStartCommand key:mode  value:0
08-31 16:37:14.201  3378  3507 D NAccs.ServiceImpl:  onHostStartCommand key:ttid  value:android@umeng
08-31 16:37:14.202  3378  3507 D NAccs.ServiceImpl:  onHostStartCommand key:packageName  value:cn.missevan
08-31 16:37:14.202  3378  3507 D NAccs.ServiceImpl:  onHostStartCommand key:app_sercet  value:64e8358a59d434e5546720db97ab5996
08-31 16:37:14.202  3378  3507 D NAccs.ServiceImpl:  onHostStartCommand key:agoo_app_key  value:umeng:546d7dd7fd98c58fc800082c
08-31 16:37:14.202  3378  3507 I NAccs.LoadSoFailUtil:  getSoFailTimes times:0
08-31 16:37:14.202  3378  3507 D NAccs.ServiceImpl:  handleAction action:com.taobao.accs.intent.action.START_SERVICE
08-31 16:37:14.202  3378  3507 I NAccs.ServiceImpl:  tryConnect appkey:umeng:546d7dd7fd98c58fc800082c configTag:default|0
08-31 16:37:14.202  3378  3507 D NAccs.SilenceConn_default:  start
08-31 16:37:14.202  3378  3507 D NAccs.SilenceConn_default:  try ping, force:false
08-31 16:37:14.204  3378  3507 D NAccs.SilenceConn_default:  sendMessage ready dataId:1661935034202.3 type:PING delay:0
08-31 16:37:14.204  3378  3507 D NAccs.SilenceConn_default:  clearRepeatControlCommand message:201/
08-31 16:37:14.215  2738  2738 D NAccs.a :  bindService connected componentName:ComponentInfo{cn.missevan/com.umeng.message.component.UmengIntentService}
08-31 16:37:14.217  3378  3378 I NAccs.BaseIntentService:  handleMessage on receive msg msg:{ id=37 when=0 what=0 target=org.android.agoo.control.g }
08-31 16:37:14.217  3378  3378 I NAccs.BaseIntentService:  handleMessage get intent success intent:Intent { act=org.agoo.android.intent.action.REPORT pkg=cn.missevan cmp=cn.missevan/com.umeng.message.component.UmengIntentService }
08-31 16:37:14.218  3378  3507 I NAccs.BaseIntentService:  onHandleIntent,action=org.agoo.android.intent.action.REPORT,agooCommand=cn.missevan.intent.action.COMMAND,mipushCommand=cn.missevan.intent.thirdPush.action.COMMAND
08-31 16:37:14.219  3378  3507 I NAccs.BaseIntentService:  is report cache msg,Config.isReportCacheMsg(mContext)=false
08-31 16:37:14.219  3378  3507 D NAccs.isClearTime:  now=1661935034219,now - lastTime=746703,istrue=false
08-31 16:37:14.219  3378  3507 I NAccs.BaseIntentService:  is clear all msg=false
08-31 16:37:14.219  3378  3507 D NAccs.isClearTime:  now=1661935034219,now - lastTime=746703,istrue=false
08-31 16:37:14.817   717   717 I SurfaceFlinger: FPS: 11
08-31 16:37:14.854  2815  3140 D NAccs.InAppConn_default:  startChannelService
08-31 16:37:14.855  2815  3140 D NAccs.Config:  getAgooAppKey appkey:umeng:546d7dd7fd98c58fc800082c
08-31 16:37:14.856  2815  3140 I NAccs.a :  dispatchIntent bind service start intent:Intent { act=com.taobao.accs.intent.action.START_SERVICE cmp=cn.missevan/com.taobao.accs.ChannelService (has extras) }
08-31 16:37:14.866  2815  3140 D NAccs.AdapterGlobalClientInfo:  getAgooCustomServiceName serviceName:com.umeng.message.component.UmengIntentService
08-31 16:37:14.866  2815  3140 I NAccs.a :  dispatchIntent bind service start intent:Intent { act=org.agoo.android.intent.action.REPORT pkg=cn.missevan cmp=cn.missevan/com.umeng.message.component.UmengIntentService }
08-31 16:37:14.866  2815  2815 D NAccs.a :  bindService connected componentName:ComponentInfo{cn.missevan/com.taobao.accs.ChannelService}
08-31 16:37:14.869  3378  3378 I NAccs.BaseService:  handleMessage on receive msg msg:{ id=38 when=0 what=0 target=com.taobao.accs.base.BaseService$1 }
08-31 16:37:14.869  3378  3378 I NAccs.BaseService:  handleMessage get intent success intent:Intent { act=com.taobao.accs.intent.action.START_SERVICE cmp=cn.missevan/com.taobao.accs.ChannelService (has extras) }
08-31 16:37:14.870  3378  3507 I NAccs.ElectionServiceImpl:  onStartCommand begin action:com.taobao.accs.intent.action.START_SERVICE
08-31 16:37:14.870  3378  3507 I NAccs.ElectionServiceImpl:  handleStartCommand configTag:default appkey:umeng:546d7dd7fd98c58fc800082c appSecret:64e8358a59d434e5546720db97ab5996 ttid:android@umeng pkg:cn.missevan
08-31 16:37:14.871  3378  3507 I NAccs.ElectionServiceImpl:  getConnection configTag:default start:false
08-31 16:37:14.872  3378  3507 I NAccs.ServiceImpl:  onHostStartCommand intent:Intent { act=com.taobao.accs.intent.action.START_SERVICE cmp=cn.missevan/com.taobao.accs.ChannelService (has extras) }
08-31 16:37:14.872  3378  3507 D NAccs.ServiceImpl:  onHostStartCommand key:appKey  value:umeng:546d7dd7fd98c58fc800082c
08-31 16:37:14.872  3378  3507 D NAccs.ServiceImpl:  onHostStartCommand key:configTag  value:default
08-31 16:37:14.872  3378  3507 D NAccs.ServiceImpl:  onHostStartCommand key:mode  value:0
08-31 16:37:14.872  3378  3507 D NAccs.ServiceImpl:  onHostStartCommand key:ttid  value:android@umeng
08-31 16:37:14.872  3378  3507 D NAccs.ServiceImpl:  onHostStartCommand key:packageName  value:cn.missevan
08-31 16:37:14.872  3378  3507 D NAccs.ServiceImpl:  onHostStartCommand key:app_sercet  value:64e8358a59d434e5546720db97ab5996
08-31 16:37:14.873  3378  3507 D NAccs.ServiceImpl:  onHostStartCommand key:agoo_app_key  value:umeng:546d7dd7fd98c58fc800082c
08-31 16:37:14.873  3378  3507 I NAccs.LoadSoFailUtil:  getSoFailTimes times:0
08-31 16:37:14.873  3378  3507 D NAccs.ServiceImpl:  handleAction action:com.taobao.accs.intent.action.START_SERVICE
08-31 16:37:14.873  3378  3507 I NAccs.ServiceImpl:  tryConnect appkey:umeng:546d7dd7fd98c58fc800082c configTag:default|0
08-31 16:37:14.873  3378  3507 D NAccs.SilenceConn_default:  start
08-31 16:37:14.873  3378  3507 D NAccs.SilenceConn_default:  try ping, force:false
08-31 16:37:14.875  3378  3507 D NAccs.SilenceConn_default:  sendMessage ready dataId:1661935034873.4 type:PING delay:0
08-31 16:37:14.876  3378  3507 D NAccs.SilenceConn_default:  clearRepeatControlCommand message:201/
08-31 16:37:14.887  2815  2815 D NAccs.a :  bindService connected componentName:ComponentInfo{cn.missevan/com.umeng.message.component.UmengIntentService}
08-31 16:37:14.889  3378  3378 I NAccs.BaseIntentService:  handleMessage on receive msg msg:{ id=39 when=0 what=0 target=org.android.agoo.control.g }
08-31 16:37:14.891  3378  3378 I NAccs.BaseIntentService:  handleMessage get intent success intent:Intent { act=org.agoo.android.intent.action.REPORT pkg=cn.missevan cmp=cn.missevan/com.umeng.message.component.UmengIntentService }
08-31 16:37:14.892  3378  3507 I NAccs.BaseIntentService:  onHandleIntent,action=org.agoo.android.intent.action.REPORT,agooCommand=cn.missevan.intent.action.COMMAND,mipushCommand=cn.missevan.intent.thirdPush.action.COMMAND
08-31 16:37:14.892  3378  3507 I NAccs.BaseIntentService:  is report cache msg,Config.isReportCacheMsg(mContext)=false
08-31 16:37:14.893  3378  3507 D NAccs.isClearTime:  now=1661935034893,now - lastTime=747377,istrue=false
08-31 16:37:14.893  3378  3507 I NAccs.BaseIntentService:  is clear all msg=false
08-31 16:37:14.893  3378  3507 D NAccs.isClearTime:  now=1661935034893,now - lastTime=747377,istrue=false
08-31 16:37:15.835   717   717 I SurfaceFlinger: FPS: 10
08-31 16:37:16.575   694   756 E ANDR-PERF-MPCTL: Invalid profile no. 0, total profiles 0 only
08-31 16:37:16.932   717   717 I SurfaceFlinger: FPS: 11
08-31 16:37:17.099  2940  3335 D NAccs.InAppConn_default:  startChannelService
08-31 16:37:17.100  2940  3335 D NAccs.Config:  getAgooAppKey appkey:umeng:546d7dd7fd98c58fc800082c
08-31 16:37:17.102  2940  3335 I NAccs.a :  dispatchIntent bind service start intent:Intent { act=com.taobao.accs.intent.action.START_SERVICE cmp=cn.missevan/com.taobao.accs.ChannelService (has extras) }
08-31 16:37:17.119  2940  3335 D NAccs.AdapterGlobalClientInfo:  getAgooCustomServiceName serviceName:com.umeng.message.component.UmengIntentService
08-31 16:37:17.119  2940  3335 I NAccs.a :  dispatchIntent bind service start intent:Intent { act=org.agoo.android.intent.action.REPORT pkg=cn.missevan cmp=cn.missevan/com.umeng.message.component.UmengIntentService }
08-31 16:37:17.119  2940  2940 D NAccs.a :  bindService connected componentName:ComponentInfo{cn.missevan/com.taobao.accs.ChannelService}
08-31 16:37:17.121  3378  3378 I NAccs.BaseService:  handleMessage on receive msg msg:{ id=40 when=0 what=0 target=com.taobao.accs.base.BaseService$1 }
08-31 16:37:17.121  3378  3378 I NAccs.BaseService:  handleMessage get intent success intent:Intent { act=com.taobao.accs.intent.action.START_SERVICE cmp=cn.missevan/com.taobao.accs.ChannelService (has extras) }
08-31 16:37:17.122  3378  3507 I NAccs.ElectionServiceImpl:  onStartCommand begin action:com.taobao.accs.intent.action.START_SERVICE
08-31 16:37:17.122  3378  3507 I NAccs.ElectionServiceImpl:  handleStartCommand configTag:default appkey:umeng:546d7dd7fd98c58fc800082c appSecret:64e8358a59d434e5546720db97ab5996 ttid:android@umeng pkg:cn.missevan
08-31 16:37:17.123  3378  3507 I NAccs.ElectionServiceImpl:  getConnection configTag:default start:false
08-31 16:37:17.123  3378  3507 I NAccs.ServiceImpl:  onHostStartCommand intent:Intent { act=com.taobao.accs.intent.action.START_SERVICE cmp=cn.missevan/com.taobao.accs.ChannelService (has extras) }
08-31 16:37:17.124  3378  3507 D NAccs.ServiceImpl:  onHostStartCommand key:appKey  value:umeng:546d7dd7fd98c58fc800082c
08-31 16:37:17.124  3378  3507 D NAccs.ServiceImpl:  onHostStartCommand key:configTag  value:default
08-31 16:37:17.124  3378  3507 D NAccs.ServiceImpl:  onHostStartCommand key:mode  value:0
08-31 16:37:17.124  3378  3507 D NAccs.ServiceImpl:  onHostStartCommand key:ttid  value:android@umeng
08-31 16:37:17.124  3378  3507 D NAccs.ServiceImpl:  onHostStartCommand key:packageName  value:cn.missevan
08-31 16:37:17.124  3378  3507 D NAccs.ServiceImpl:  onHostStartCommand key:app_sercet  value:64e8358a59d434e5546720db97ab5996
08-31 16:37:17.124  3378  3507 D NAccs.ServiceImpl:  onHostStartCommand key:agoo_app_key  value:umeng:546d7dd7fd98c58fc800082c
08-31 16:37:17.124  3378  3507 I NAccs.LoadSoFailUtil:  getSoFailTimes times:0
08-31 16:37:17.124  3378  3507 D NAccs.ServiceImpl:  handleAction action:com.taobao.accs.intent.action.START_SERVICE
08-31 16:37:17.125  3378  3507 I NAccs.ServiceImpl:  tryConnect appkey:umeng:546d7dd7fd98c58fc800082c configTag:default|0
08-31 16:37:17.125  3378  3507 D NAccs.SilenceConn_default:  start
08-31 16:37:17.125  3378  3507 D NAccs.SilenceConn_default:  try ping, force:false
08-31 16:37:17.126  3378  3507 D NAccs.SilenceConn_default:  sendMessage ready dataId:1661935037125.5 type:PING delay:0
08-31 16:37:17.128  3378  3507 D NAccs.SilenceConn_default:  clearRepeatControlCommand message:201/
08-31 16:37:17.132  2940  2940 D NAccs.a :  bindService connected componentName:ComponentInfo{cn.missevan/com.umeng.message.component.UmengIntentService}
08-31 16:37:17.134  3378  3378 I NAccs.BaseIntentService:  handleMessage on receive msg msg:{ id=41 when=0 what=0 target=org.android.agoo.control.g }
08-31 16:37:17.134  3378  3378 I NAccs.BaseIntentService:  handleMessage get intent success intent:Intent { act=org.agoo.android.intent.action.REPORT pkg=cn.missevan cmp=cn.missevan/com.umeng.message.component.UmengIntentService }
08-31 16:37:17.135  3378  3507 I NAccs.BaseIntentService:  onHandleIntent,action=org.agoo.android.intent.action.REPORT,agooCommand=cn.missevan.intent.action.COMMAND,mipushCommand=cn.missevan.intent.thirdPush.action.COMMAND
08-31 16:37:17.136  3378  3507 I NAccs.BaseIntentService:  is report cache msg,Config.isReportCacheMsg(mContext)=false
08-31 16:37:17.136  3378  3507 D NAccs.isClearTime:  now=1661935037136,now - lastTime=749620,istrue=false
08-31 16:37:17.136  3378  3507 I NAccs.BaseIntentService:  is clear all msg=false
08-31 16:37:17.136  3378  3507 D NAccs.isClearTime:  now=1661935037136,now - lastTime=749620,istrue=false
08-31 16:37:17.967  3378  3520 I NAccs.SilenceConn_default:  getChannelHost host:umengjmacs.m.taobao.com
08-31 16:37:17.967   717   717 I SurfaceFlinger: FPS: 10
08-31 16:37:17.975  3378  3520 D getConnStrategyListByHost: |[seq:host] umengjmacs.m.taobao.com:result [{203.119.205.127 80 spdy_0rtt_acs}, {203.119.128.3 80 spdy_0rtt_acs}, {203.119.205.127 443 spdy_0rtt_acs}, {203.119.128.3 443 spdy_0rtt_acs}]
08-31 16:37:17.977  3378  3520 E NAccs.SilenceConn_default:  connect ip:203.119.205.127 port:80
08-31 16:37:17.977  3378  3520 E NAccs.SilenceConn_default:  connect ip:203.119.128.3 port:80
08-31 16:37:17.977  3378  3520 E NAccs.SilenceConn_default:  connect ip:203.119.205.127 port:443
08-31 16:37:17.978  3378  3520 E NAccs.SilenceConn_default:  connect ip:203.119.128.3 port:443
08-31 16:37:17.980  3378  3520 E NAccs.SilenceConn_default:  connect from amdc succ ip:203.119.205.127 port:80 originPos:0
08-31 16:37:17.980  3378  3520 E NAccs.SilenceConn_default:  connect URL:https://203.119.205.127:80/accs/
08-31 16:37:17.983  3378  3520 E NAccs.SilenceConn_default:  notifyStatus start status:CONNECTING
08-31 16:37:17.983  3378  3520 I NAccs.SilenceConn_default:  notifyStatus end status:CONNECTING
08-31 16:37:17.984  3378  3520 E NAccs.SilenceConn_default:  connect normal
08-31 16:37:17.984  3378  3520 I NAccs.SilenceConn_default:  getChannelHost host:umengjmacs.m.taobao.com
08-31 16:37:17.984  3378  3520 I NAccs.SilenceConn_default:  getPublicKeyType use custom pub key pubKey:11
08-31 16:37:17.993  3378  3520 I tnet-jni: 5538 -  create new session: 203.119.205.127:80
08-31 16:37:18.054  3378  3514 I tnet-jni: 5532 - [SpdySessionCallBack.getSSLMeta] - org.android.spdy.SpdySession@fd0e1a3
08-31 16:37:18.054  3378  3514 I tnet-jni: 5532 - [spdySessionConnectCB] -
08-31 16:37:18.054  3378  3514 I tnet-jni: 5532 - [SpdySessionCallBack.spdySessionConnectCB] - org.android.spdy.SpdySession@fd0e1a3
08-31 16:37:18.056  3378  3514 E NAccs.SilenceConn_default:  spdySessionConnectCB sessionConnectInterval:59 sslTime:3 reuse:0
08-31 16:37:18.066  3378  3514 E NAccs.SilenceConn_default:  auth url:https://203.119.205.127:80/accs/auth?1=Yw2XOaoLvJsDAIIIET1UzMcv&2=cd5f3bf08e614d8b231cb5f3f61614e1dd531ce2e70ff50466533118bb57b035&3=umeng:546d7dd7fd98c58fc800082c&5=0&6=wifi&7=null&8=221&9=1661935038065&10=1&11=28&12=cn.missevan&13=5.7.3&14=android@umeng&15=vivo+X21A&16=vivo&17=221&19=0&20=
08-31 16:37:18.072  3378  3514 I NAccs.SilenceConn_default:  getChannelHost host:umengjmacs.m.taobao.com
08-31 16:37:18.072  3378  3514 I NAccs.SilenceConn_default:  getChannelHost host:umengjmacs.m.taobao.com
08-31 16:37:18.074  3378  3514 I tnet-jni: 5532 - index=1  starttime=1661935038073
08-31 16:37:18.075  3378  3514 I tnet-jni: 5532 - index=1   calltime=1661935038074
08-31 16:37:18.121  3378  3514 I tnet-jni: 5532 - [SpdySessionCallBack.putSSLMeta] - org.android.spdy.SpdySession@fd0e1a3
08-31 16:37:18.122  3378  3514 I tnet-jni: 5532 - [spdyStreamResponseRecv] -
08-31 16:37:18.123  3378  3514 I tnet-jni: 5532 - [SpdySessionCallBack.spdyOnStreamResponse] - org.android.spdy.SpdySession@fd0e1a3
08-31 16:37:18.128  3378  3514 D NAccs.SilenceConn_:  spdyOnStreamResponse header:{date=[Wed, 31 Aug 2022 08:37:19 GMT], server=[Tengine/Aserver/3.2.50_20220720104953], content-length=[0], :version=[HTTP/1.1], s-accs-retcode=[SUCCESS], :status=[200], x-workerid=[1369095386416898917], x-at=[Yw2XOaoLvJsDAIIIET1UzMcvumeng:546d7dd7fd98c58fc800082c1661949439]}
08-31 16:37:18.129  3378  3514 E NAccs.SilenceConn_default:  spdyOnStreamResponse httpStatusCode:200
08-31 16:37:18.132  3378  3514 E NAccs.SilenceConn_default:  notifyStatus start status:CONNECTED
08-31 16:37:18.132  3378  3514 D NAccs.HeartbeatManager:  resetLevel
08-31 16:37:18.133  3378  3514 D NAccs.HeartbeatManager:  set 270
08-31 16:37:18.151  1724  2922 V AlarmAlign: setLocked to kernel, type = 2, when = 511211835, curTime = 511152696
08-31 16:37:18.151  1724  2922 V AlarmAlign: setLocked to kernel, type = 3, when = 511194545, curTime = 511152696
08-31 16:37:18.151  1724  2922 V AlarmAlign: setLocked to kernel, type = 2, when = 511211835, curTime = 511152696
08-31 16:37:18.151  1724  2922 V AlarmAlign: setLocked to kernel, type = 3, when = 511194545, curTime = 511152696
08-31 16:37:18.156  1724  2922 V AlarmAlign: setLocked to kernel, type = 2, when = 511211834, curTime = 511152701
08-31 16:37:18.156  1724  2922 V AlarmAlign: setLocked to kernel, type = 3, when = 511194545, curTime = 511152702
08-31 16:37:18.156  1724  2922 V AlarmAlign: setLocked to kernel, type = 2, when = 511211834, curTime = 511152702
08-31 16:37:18.157  1724  2922 V AlarmAlign: setLocked to kernel, type = 3, when = 511194545, curTime = 511152702
08-31 16:37:18.162  3378  3514 I NAccs.SilenceConn_default:  notifyStatus end status:CONNECTED
08-31 16:37:18.162  3378  3520 D NAccs.HeartbeatManager:  set 270
08-31 16:37:18.162  3378  3514 D NAccs.SilenceConn_default:  spdyOnStreamResponse
08-31 16:37:18.163  3378  3514 I tnet-jni: 5532 - [spdyStreamCloseCallback] -
08-31 16:37:18.163  3378  3514 I tnet-jni: 5532 - [SpdySessionCallBack.spdyStreamCloseCallback] - org.android.spdy.SpdySession@fd0e1a3
08-31 16:37:18.163  3378  3514 I tnet-jni: 5532 - index=1    endtime=1661935038163
08-31 16:37:18.163  3378  3514 D NAccs.SilenceConn_default:  spdyStreamCloseCallback
08-31 16:37:18.167  1724  2922 V AlarmAlign: setLocked to kernel, type = 2, when = 511211834, curTime = 511152712
08-31 16:37:18.167  1724  2922 V AlarmAlign: setLocked to kernel, type = 3, when = 511194545, curTime = 511152712
08-31 16:37:18.167  1724  2922 V AlarmAlign: setLocked to kernel, type = 2, when = 511211834, curTime = 511152712
08-31 16:37:18.167  1724  2922 V AlarmAlign: setLocked to kernel, type = 3, when = 511194545, curTime = 511152712
08-31 16:37:18.171  1724  2922 V AlarmAlign: setLocked to kernel, type = 2, when = 511211834, curTime = 511152716
08-31 16:37:18.171  1724  2922 V AlarmAlign: setLocked to kernel, type = 3, when = 511194545, curTime = 511152716
08-31 16:37:18.171  1724  2922 V AlarmAlign: setLocked to kernel, type = 2, when = 511211834, curTime = 511152716
08-31 16:37:18.171  1724  2922 V AlarmAlign: setLocked to kernel, type = 3, when = 511194545, curTime = 511152716
08-31 16:37:18.176  3378  3520 D NAccs.NetworkThread_default:  send succ, remove it
08-31 16:37:18.176  3378  3520 D NAccs.NetworkThread_default:  ready to get message
08-31 16:37:18.176  3378  3520 D NAccs.NetworkThread_default:  no message, wait
08-31 16:37:18.260  2456  2488 I appium  : channel read: POST /wd/hub/session/28ec2914-b490-4de9-9295-dc9c5b6a88b4/elements
08-31 16:37:18.262  2456  2488 I appium  : FindElements command
08-31 16:37:18.270  2456  2488 I appium  : method: 'xpath', selector: '/hierarchy/android.widget.FrameLayout/android.widget.LinearLayout/android.widget.FrameLayout/android.widget.LinearLayout/android.widget.FrameLayout/android.widget.FrameLayout/android.widget.FrameLayout/android.widget.FrameLayout/android.widget.FrameLayout/android.widget.FrameLayout/android.widget.ScrollView/android.widget.LinearLayout/android.widget.LinearLayout/android.widget.LinearLayout/android.widget.LinearLayout[3]/android.widget.TextView[1]', contextId: ''
08-31 16:37:18.272  2456  2488 I appium  : Waiting up to 10000ms for the device to idle
08-31 16:37:18.574  2505  2514 I cn.missevan: Compiler allocated 4MB to compile void android.view.ViewRootImpl.performTraversals()
08-31 16:37:19.067   717   717 I SurfaceFlinger: FPS: 13
08-31 16:37:19.284  2456  2488 I appium  : Took 4ms to retrieve 1 matches for '/hierarchy/android.widget.FrameLayout/android.widget.LinearLayout/android.widget.FrameLayout/android.widget.LinearLayout/android.widget.FrameLayout/android.widget.FrameLayout/android.widget.FrameLayout/android.widget.FrameLayout/android.widget.FrameLayout/android.widget.FrameLayout/android.widget.ScrollView/android.widget.LinearLayout/android.widget.LinearLayout/android.widget.LinearLayout/android.widget.LinearLayout[3]/android.widget.TextView[1]' XPath query
08-31 16:37:19.309  2456  2488 I appium  : AppiumResponse: {"sessionId":"28ec2914-b490-4de9-9295-dc9c5b6a88b4","value":[{"ELEMENT":"02e07bbc-e911-4650-acac-98b918f2f2ae","element-6066-11e4-a52e-4f735466cecf":"02e07bbc-e911-4650-acac-98b918f2f2ae"}]}
08-31 16:37:19.555 17295 17419 D MemoryCeilingMonitor: [handleMemoryCalculate]
08-31 16:37:19.557 17295 17419 D MemoryCeilingMonitor: [calculate] tot: 3446037, max: 268435456, free: 630645, heap: 2815392, per: 0.010488152503967285
08-31 16:37:19.581   694   756 E ANDR-PERF-MPCTL: Invalid profile no. 0, total profiles 0 only
08-31 16:37:19.958  2456  2488 I appium  : channel read: POST /wd/hub/session/28ec2914-b490-4de9-9295-dc9c5b6a88b4/elements
08-31 16:37:19.959  2456  2488 I appium  : FindElements command
08-31 16:37:19.964  2456  2488 I appium  : method: 'id', selector: 'cn.missevan:id/new_personal_my_follow', contextId: ''
08-31 16:37:19.965  2456  2488 I appium  : Waiting up to 10000ms for the device to idle
08-31 16:37:20.117  2456  2488 I appium  : AppiumResponse: {"sessionId":"28ec2914-b490-4de9-9295-dc9c5b6a88b4","value":[{"ELEMENT":"aad57c95-4cab-4692-83ba-b2f9ffe4290a","element-6066-11e4-a52e-4f735466cecf":"aad57c95-4cab-4692-83ba-b2f9ffe4290a"}]}
08-31 16:37:20.164   717   717 I SurfaceFlinger: FPS: 12
08-31 16:37:21.183   717   717 I SurfaceFlinger: FPS: 10
08-31 16:37:22.198   717   717 I SurfaceFlinger: FPS: 11
08-31 16:37:22.591   694   756 E ANDR-PERF-MPCTL: Invalid profile no. 0, total profiles 0 only
08-31 16:37:22.627  3378  3507 D NAccs.InAppConn_default:  startChannelService
08-31 16:37:22.628  3378  3507 D NAccs.Config:  getAgooAppKey appkey:umeng:546d7dd7fd98c58fc800082c
08-31 16:37:22.630  3378  3507 I NAccs.a :  dispatchIntent bind service start intent:Intent { act=com.taobao.accs.intent.action.START_SERVICE cmp=cn.missevan/com.taobao.accs.ChannelService (has extras) }
08-31 16:37:22.637  3378  3378 D NAccs.a :  bindService connected componentName:ComponentInfo{cn.missevan/com.taobao.accs.ChannelService}
08-31 16:37:22.637  3378  3507 D NAccs.AdapterGlobalClientInfo:  getAgooCustomServiceName serviceName:com.umeng.message.component.UmengIntentService
08-31 16:37:22.638  3378  3507 I NAccs.a :  dispatchIntent bind service start intent:Intent { act=org.agoo.android.intent.action.REPORT pkg=cn.missevan cmp=cn.missevan/com.umeng.message.component.UmengIntentService }
08-31 16:37:22.643  3378  3378 I NAccs.BaseService:  handleMessage on receive msg msg:{ id=45 when=-5ms what=0 target=com.taobao.accs.base.BaseService$1 }
08-31 16:37:22.643  3378  3378 I NAccs.BaseService:  handleMessage get intent success intent:Intent { act=com.taobao.accs.intent.action.START_SERVICE cmp=cn.missevan/com.taobao.accs.ChannelService (has extras) }
08-31 16:37:22.644  3378  3378 D NAccs.a :  bindService connected componentName:ComponentInfo{cn.missevan/com.umeng.message.component.UmengIntentService}
08-31 16:37:22.644  3378  3507 I NAccs.ElectionServiceImpl:  onStartCommand begin action:com.taobao.accs.intent.action.START_SERVICE
08-31 16:37:22.644  3378  3507 I NAccs.ElectionServiceImpl:  handleStartCommand configTag:default appkey:umeng:546d7dd7fd98c58fc800082c appSecret:64e8358a59d434e5546720db97ab5996 ttid:android@umeng pkg:cn.missevan
08-31 16:37:22.645  3378  3507 I NAccs.ElectionServiceImpl:  getConnection configTag:default start:false
08-31 16:37:22.645  3378  3507 I NAccs.ServiceImpl:  onHostStartCommand intent:Intent { act=com.taobao.accs.intent.action.START_SERVICE cmp=cn.missevan/com.taobao.accs.ChannelService (has extras) }
08-31 16:37:22.646  3378  3507 D NAccs.ServiceImpl:  onHostStartCommand key:appKey  value:umeng:546d7dd7fd98c58fc800082c
08-31 16:37:22.646  3378  3507 D NAccs.ServiceImpl:  onHostStartCommand key:configTag  value:default
08-31 16:37:22.646  3378  3507 D NAccs.ServiceImpl:  onHostStartCommand key:mode  value:0
08-31 16:37:22.646  3378  3507 D NAccs.ServiceImpl:  onHostStartCommand key:ttid  value:android@umeng
08-31 16:37:22.646  3378  3507 D NAccs.ServiceImpl:  onHostStartCommand key:packageName  value:cn.missevan
08-31 16:37:22.646  3378  3507 D NAccs.ServiceImpl:  onHostStartCommand key:app_sercet  value:64e8358a59d434e5546720db97ab5996
08-31 16:37:22.647  3378  3507 D NAccs.ServiceImpl:  onHostStartCommand key:agoo_app_key  value:umeng:546d7dd7fd98c58fc800082c
08-31 16:37:22.647  3378  3507 I NAccs.LoadSoFailUtil:  getSoFailTimes times:0
08-31 16:37:22.648  3378  3507 D NAccs.ServiceImpl:  handleAction action:com.taobao.accs.intent.action.START_SERVICE
08-31 16:37:22.648  3378  3507 I NAccs.ServiceImpl:  tryConnect appkey:umeng:546d7dd7fd98c58fc800082c configTag:default|0
08-31 16:37:22.648  3378  3507 D NAccs.SilenceConn_default:  start
08-31 16:37:22.648  3378  3507 D NAccs.SilenceConn_default:  try ping, force:false
08-31 16:37:22.649  3378  3378 I NAccs.BaseIntentService:  handleMessage on receive msg msg:{ id=47 when=-5ms what=0 target=org.android.agoo.control.g }
08-31 16:37:22.649  3378  3378 I NAccs.BaseIntentService:  handleMessage get intent success intent:Intent { act=org.agoo.android.intent.action.REPORT pkg=cn.missevan cmp=cn.missevan/com.umeng.message.component.UmengIntentService }
08-31 16:37:22.650  3378  3507 D NAccs.SilenceConn_default:  sendMessage ready dataId:1661935042648.6 type:PING delay:0
08-31 16:37:22.651  3378  3507 I NAccs.BaseIntentService:  onHandleIntent,action=org.agoo.android.intent.action.REPORT,agooCommand=cn.missevan.intent.action.COMMAND,mipushCommand=cn.missevan.intent.thirdPush.action.COMMAND
08-31 16:37:22.651  3378  3507 I NAccs.BaseIntentService:  is report cache msg,Config.isReportCacheMsg(mContext)=false
08-31 16:37:22.652  3378  3507 D NAccs.isClearTime:  now=1661935042652,now - lastTime=755136,istrue=false
08-31 16:37:22.652  3378  3507 I NAccs.BaseIntentService:  is clear all msg=false
08-31 16:37:22.652  3378  3507 D NAccs.isClearTime:  now=1661935042652,now - lastTime=755136,istrue=false
08-31 16:37:23.212   717   717 I SurfaceFlinger: FPS: 10
08-31 16:37:23.832  1724  2178 I chatty  : uid=1000(system) AutobacklightTh identical 68 lines
08-31 16:37:24.145  1007  1109 E storaged: getDiskStats failed with result NOT_SUPPORTED and size 0
08-31 16:37:24.215   717   717 I SurfaceFlinger: FPS: 10
08-31 16:37:24.483  1724  1724 D FeatureService: onReceive action android.intent.action.BATTERY_CHANGED
08-31 16:37:24.500  2404  2404 D KeyguardUpdateMonitor: received broadcast android.intent.action.BATTERY_CHANGED
08-31 16:37:24.503  2404  2404 D KeyguardUpdateMonitor: handleBatteryUpdate
08-31 16:37:24.507  1724  5458 V LocSvc_HIDL_Subscription_jni: battery_level_update
08-31 16:37:24.513  1724  5458 V LocSvc_HIDL_Subscription_jni: [battery_level_update][931] [HC] =>> [HS]
08-31 16:37:24.513   692   692 V LocSvc_HIDL_IzatSubscription: [batteryLevelUpdate][777] [HS] <<<<= [HC]
08-31 16:37:24.514  2831  2831 D QtiCarrierConfigHelper: WARNING, no carrier configs on phone Id: 0
08-31 16:37:24.515  1724  5458 V LocSvc_HIDL_Subscription_jni: Exit Result 0
08-31 16:37:24.526  2404  2404 D KeyguardUpdateMonitor: received broadcast android.intent.action.BATTERY_CHANGED
08-31 16:37:24.527  2404  2404 D KeyguardUpdateMonitor: handleBatteryUpdate
08-31 16:37:24.530  1724  5458 V LocSvc_HIDL_Subscription_jni: battery_level_update
08-31 16:37:24.530  2831  2831 D QtiCarrierConfigHelper: WARNING, no carrier configs on phone Id: 0
08-31 16:37:24.532  1724  5458 V LocSvc_HIDL_Subscription_jni: [battery_level_update][931] [HC] =>> [HS]
08-31 16:37:24.533   692   692 V LocSvc_HIDL_IzatSubscription: [batteryLevelUpdate][777] [HS] <<<<= [HC]
08-31 16:37:24.533  1724  5458 V LocSvc_HIDL_Subscription_jni: Exit Result 0
08-31 16:37:24.534  1724  1724 D FeatureService: onReceive action android.intent.action.BATTERY_CHANGED
08-31 16:37:24.535  1724  1724 I chatty  : uid=1000 system_server identical 2 lines
08-31 16:37:24.535  1724  1724 D FeatureService: onReceive action android.intent.action.BATTERY_CHANGED
08-31 16:37:24.537  2404  2404 D KeyguardUpdateMonitor: received broadcast android.intent.action.BATTERY_CHANGED
08-31 16:37:24.538  2404  2404 D KeyguardUpdateMonitor: handleBatteryUpdate
08-31 16:37:24.539  2831  2831 D QtiCarrierConfigHelper: WARNING, no carrier configs on phone Id: 0
08-31 16:37:24.540  1724  5458 V LocSvc_HIDL_Subscription_jni: battery_level_update
08-31 16:37:24.541  1724  5458 V LocSvc_HIDL_Subscription_jni: [battery_level_update][931] [HC] =>> [HS]
08-31 16:37:24.541   692   692 V LocSvc_HIDL_IzatSubscription: [batteryLevelUpdate][777] [HS] <<<<= [HC]
08-31 16:37:24.542  1724  5458 V LocSvc_HIDL_Subscription_jni: Exit Result 0
08-31 16:37:24.544  1724  1724 D FeatureService: onReceive action android.intent.action.BATTERY_CHANGED
08-31 16:37:24.795   685   817 E qti_sensors_hal: acquire proximity wakelock
08-31 16:37:24.797  1724  2178 D SensorManager: framework alsps raw_data dataX=0.0 dataY=380.0 dataZ=0.0
08-31 16:37:24.797  1724  1724 D SensorManager: framework alsps raw_data dataX=0.0 dataY=380.0 dataZ=0.0
08-31 16:37:24.798  1724  2114 D SensorManager: framework alsps raw_data dataX=0.0 dataY=380.0 dataZ=0.0
08-31 16:37:24.799  2765  2765 D SensorManager: framework alsps raw_data dataX=0.0 dataY=380.0 dataZ=0.0
08-31 16:37:25.233   717   717 I SurfaceFlinger: FPS: 11
08-31 16:37:25.280   685   817 E qti_sensors_hal: acquire proximity wakelock
08-31 16:37:25.281  1724  2114 D SensorManager: framework alsps raw_data dataX=5.000305 dataY=283.0 dataZ=0.0
08-31 16:37:25.281  1724  1724 D SensorManager: framework alsps raw_data dataX=5.000305 dataY=283.0 dataZ=0.0
08-31 16:37:24.960  1724  2178 I chatty  : uid=1000(system) AutobacklightTh identical 1 line
08-31 16:37:25.282  1724  2178 D SensorManager: framework alsps raw_data dataX=5.000305 dataY=283.0 dataZ=0.0
08-31 16:37:25.283  2765  2765 D SensorManager: framework alsps raw_data dataX=5.000305 dataY=283.0 dataZ=0.0
08-31 16:37:25.306  4240  4431 V SingleDBHelper: onOpen
08-31 16:37:25.610   694   756 E ANDR-PERF-MPCTL: Invalid profile no. 0, total profiles 0 only
08-31 16:37:26.243   717   717 I SurfaceFlinger: FPS: 10
08-31 16:37:27.249   717   717 I SurfaceFlinger: FPS: 10
08-31 16:37:27.280   685   833 E qti_sensors_hal: relase proximity wakelock
08-31 16:37:28.260   717   717 I SurfaceFlinger: FPS: 11
08-31 16:37:28.621   694   756 E ANDR-PERF-MPCTL: Invalid profile no. 0, total profiles 0 only
08-31 16:37:29.359   717   717 I SurfaceFlinger: FPS: 12
08-31 16:37:29.571 17295 17419 D MemoryCeilingMonitor: [handleMemoryCalculate]
08-31 16:37:29.572 17295 17419 D MemoryCeilingMonitor: [calculate] tot: 3446037, max: 268435456, free: 614117, heap: 2831920, per: 0.010549724102020264
08-31 16:37:30.377   717   717 I SurfaceFlinger: FPS: 10
08-31 16:37:31.166   685   817 E qti_sensors_hal: acquire proximity wakelock
08-31 16:37:31.167  1724  2114 D SensorManager: framework alsps raw_data dataX=0.0 dataY=392.0 dataZ=0.0
08-31 16:37:31.167  2765  2765 D SensorManager: framework alsps raw_data dataX=0.0 dataY=392.0 dataZ=0.0
08-31 16:37:31.168  1724  2178 D SensorManager: framework alsps raw_data dataX=0.0 dataY=392.0 dataZ=0.0
08-31 16:37:30.916  1724  2178 I chatty  : uid=1000(system) AutobacklightTh identical 35 lines
08-31 16:37:31.169  1724  1724 D SensorManager: framework alsps raw_data dataX=0.0 dataY=392.0 dataZ=0.0
08-31 16:37:31.369   685   817 E qti_sensors_hal: acquire proximity wakelock
08-31 16:37:31.370  1724  1724 D SensorManager: framework alsps raw_data dataX=5.000305 dataY=198.0 dataZ=0.0
08-31 16:37:31.371  2765  2765 D SensorManager: framework alsps raw_data dataX=5.000305 dataY=198.0 dataZ=0.0
08-31 16:37:31.372  1724  2114 D SensorManager: framework alsps raw_data dataX=5.000305 dataY=198.0 dataZ=0.0
08-31 16:37:31.372  1724  2178 D SensorManager: framework alsps raw_data dataX=5.000305 dataY=198.0 dataZ=0.0
08-31 16:37:31.475   717   717 I SurfaceFlinger: FPS: 12
08-31 16:37:31.631   694   756 E ANDR-PERF-MPCTL: Invalid profile no. 0, total profiles 0 only
08-31 16:37:32.492   717   717 I SurfaceFlinger: FPS: 10
08-31 16:37:33.369   685   833 E qti_sensors_hal: relase proximity wakelock
08-31 16:37:33.508   717   717 I SurfaceFlinger: FPS: 12
08-31 16:37:34.608   717   717 I SurfaceFlinger: FPS: 12
08-31 16:37:34.637   694   756 E ANDR-PERF-MPCTL: Invalid profile no. 0, total profiles 0 only
08-31 16:37:35.469 17295 18614 I SocketReaderNewtrue: SocketReader(5003) continue
08-31 16:37:35.470 17295 18614 D MSF.C.NetConnTag.true: MsfCoreSocketReaderNew closeConn socketEngineID: 0 socket hashcode: 0 for reason: readError
08-31 16:37:35.473 17295 18614 E MSF.C.NetConnTag.true: conn is already closed on readError closeConn socketEngineID: 0 socket hashcode: 0java.lang.Throwable
08-31 16:37:35.473 17295 18614 E MSF.C.NetConnTag.true: 	at com.tencent.mobileqq.msf.core.net.m.b(P:27)
08-31 16:37:35.473 17295 18614 E MSF.C.NetConnTag.true: 	at com.tencent.mobileqq.msf.core.net.m$b.run(P:24)
08-31 16:37:35.473 17295 18614 E SocketReaderNewtrue: socketEngine: 0socket hashCode: 0SocketReader(5003) errorjava.net.SocketException: Socket is closed
08-31 16:37:35.474 17295 18614 I SocketReaderNewtrue: SocketReader(5003) wait
08-31 16:37:35.627   717   717 I SurfaceFlinger: FPS: 10
08-31 16:37:36.724   717   717 I SurfaceFlinger: FPS: 11
08-31 16:37:37.645   694   756 E ANDR-PERF-MPCTL: Invalid profile no. 0, total profiles 0 only
08-31 16:37:37.736   717   717 I SurfaceFlinger: FPS: 10
08-31 16:37:38.737   717   717 I SurfaceFlinger: FPS: 10
08-31 16:37:39.578 17295 17419 D MemoryCeilingMonitor: [handleMemoryCalculate]
08-31 16:37:39.579 17295 17419 D MemoryCeilingMonitor: [calculate] tot: 3446037, max: 268435456, free: 548037, heap: 2898000, per: 0.010795891284942627
08-31 16:37:39.754   717   717 I SurfaceFlinger: FPS: 11
08-31 16:37:40.662   694   756 E ANDR-PERF-MPCTL: Invalid profile no. 0, total profiles 0 only
08-31 16:37:40.767   717   717 I SurfaceFlinger: FPS: 11
08-31 16:37:41.769   717   717 I SurfaceFlinger: FPS: 11
08-31 16:37:42.185  1724  2922 D PackageManager: package:10018 check permission,PERMISSION_GRANTED
08-31 16:37:41.870  1724  2178 I chatty  : uid=1000(system) AutobacklightTh identical 65 lines
08-31 16:37:42.185  1724  2922 W ActivityManager: Unable to start service Intent { act=android.security.IKeyChainService cmp=com.android.keychain/.KeyChainService } U=999: not found
08-31 16:37:42.185  1724  2922 I chatty  : uid=1000(system) Binder:1724_E identical 1 line
08-31 16:37:42.185  1724  2922 D PackageManager: package:10018 check permission,PERMISSION_GRANTED
08-31 16:37:42.187  2404  3544 I SecurityController: java.lang.AssertionError: could not bind to KeyChainService
08-31 16:37:42.785   717   717 I SurfaceFlinger: FPS: 12
08-31 16:37:43.677   694   756 E ANDR-PERF-MPCTL: Invalid profile no. 0, total profiles 0 only
08-31 16:37:43.881   717   717 I SurfaceFlinger: FPS: 11
08-31 16:37:44.144  2505  2606 D awcn.TnetSpdySession: |[seq:umeng:546d7dd7fd98c58fc800082c.AWCN1_1] ping host:https://umengacs.m.taobao.com thread:AWCN Scheduler1
08-31 16:37:44.145  2505  2606 D awcn.TnetSpdySession: |[seq:umeng:546d7dd7fd98c58fc800082c.AWCN1_1] https://umengacs.m.taobao.com submit ping ms:34181 force:true
08-31 16:37:44.193  2505  2605 I awcn.TnetSpdySession: |[seq:umeng:546d7dd7fd98c58fc800082c.AWCN1_1] ping receive Host:https://umengacs.m.taobao.com id:3
08-31 16:37:44.904   717   717 I SurfaceFlinger: FPS: 10
08-31 16:37:46.004   717   717 I SurfaceFlinger: FPS: 12
08-31 16:37:46.705   694   756 E ANDR-PERF-MPCTL: Invalid profile no. 0, total profiles 0 only
08-31 16:37:47.013   717   717 I SurfaceFlinger: FPS: 11
08-31 16:37:46.859  1724  2178 I chatty  : uid=1000(system) AutobacklightTh identical 29 lines
08-31 16:37:47.057  1724  1852 D ActivityManager: StartMode packageName = com.sohu.inputmethod.sogou.vivo ,callingPid = -1 ,alwaysRestrict = false ,startMode = 2 ,UidRec:UidRecord{c411e87 u0a41 SVC  bg:+1m0s5ms idle procs:1 seq(0,0,0)}
08-31 16:37:47.057  1724  1852 W ActivityManager: Stopping service due to app idle: u0a41 -1m0s50ms com.sohu.inputmethod.sogou.vivo/com.sohu.inputmethod.settings.status.SogouStatusService
08-31 16:37:47.063   715  9877 V APM_AudioPolicyManager: AudioPolicyManager:setRecordSilenced(uid:10041, silenced:1)
08-31 16:37:47.063   715  9877 V AudioFlinger: AudioFlinger::setRecordSilenced(uid:10041, silenced:1)
08-31 16:37:48.019   717   717 I SurfaceFlinger: FPS: 10
08-31 16:37:49.030   717   717 I SurfaceFlinger: FPS: 10
08-31 16:37:49.579 17295 17419 D MemoryCeilingMonitor: [handleMemoryCalculate]
08-31 16:37:49.579 17295 17419 D MemoryCeilingMonitor: [calculate] tot: 3446037, max: 268435456, free: 531525, heap: 2914512, per: 0.01085740327835083
08-31 16:37:49.717   694   756 E ANDR-PERF-MPCTL: Invalid profile no. 0, total profiles 0 only
08-31 16:37:50.127   717   717 I SurfaceFlinger: FPS: 11
08-31 16:37:51.151   717   717 I SurfaceFlinger: FPS: 10
08-31 16:37:52.163   717   717 I SurfaceFlinger: FPS: 11
08-31 16:37:52.491  1724  2356 D IpClient.wlan0: handleMessage: E msg.what=4
08-31 16:37:52.497 26689 26728 D TAB.NetworkUtils: network onCapabilitiesChanged
08-31 16:37:52.501  1724  2356 D IpClient.wlan0: processMsg: RunningState
08-31 16:37:52.510  1724  5458 V LocSvc_HIDL_Subscription_jni: wifi_supplicant_status_update
08-31 16:37:52.510  1724  5458 V LocSvc_HIDL_Subscription_jni: [wifi_supplicant_status_update][697] [HC] =>> [HS]
08-31 16:37:52.510   692   692 V LocSvc_HIDL_IzatSubscription: [wifiSupplicantStatusUpdate][675] [HS] <<<<= [HC]
08-31 16:37:52.511  1724  5458 V LocSvc_HIDL_Subscription_jni: Exit Result 0
08-31 16:37:52.512  1078  1122 V QCALOG  : [MessageQ] wait result 1
08-31 16:37:52.513  1078  1122 V QCALOG  : [MessageQueueClientInfo] IPCMessagingProxy-692: read
08-31 16:37:52.513  1078  1122 V QCALOG  : [MessageQueueClientInfo] just read 4 bytes
08-31 16:37:52.513  1078  1122 V QCALOG  : [MessageQ] wait result 1
08-31 16:37:52.513  1078  1122 V QCALOG  : [MessageQueueClientInfo] IPCMessagingProxy-692: read
08-31 16:37:52.513  1078  1122 V QCALOG  : [MessageQueueClientInfo] just read 103 bytes
08-31 16:37:52.513  1078  1122 V QCALOG  : [MessageQueueClientInfo] card length 103 + 4 bytes, current size 107 bytes
08-31 16:37:52.513  1078  1122 V QCALOG  : [MessageQ] lookupAndDeliver delivering message to client GTP-FDAL
08-31 16:37:52.513  1078  1122 V QCALOG  : [MessageQ] wait result 1
08-31 16:37:52.513  1724  5458 V LocSvc_HIDL_Subscription_jni: wifi_supplicant_status_update
08-31 16:37:52.513  1078  1122 V QCALOG  : [MessageQueueClientInfo] GTP-FDAL: write
08-31 16:37:52.513  1724  5458 V LocSvc_HIDL_Subscription_jni: [wifi_supplicant_status_update][697] [HC] =>> [HS]
08-31 16:37:52.513  1078  1122 D QCALOG  : [MessageQueueClientInfo] write to [GTP-FDAL], 107 bytes finished, 0 bytes left
08-31 16:37:52.514  1724  2156 D WifiPermissionsUtil: android getScanResults, ignore the location switch restrictions
08-31 16:37:52.514   692   692 V LocSvc_HIDL_IzatSubscription: [wifiSupplicantStatusUpdate][675] [HS] <<<<= [HC]
08-31 16:37:52.515  1724  5458 V LocSvc_HIDL_Subscription_jni: Exit Result 0
08-31 16:37:52.516  1078  1122 V QCALOG  : [MessageQ] wait result 1
08-31 16:37:52.516  1078  1122 V QCALOG  : [MessageQueueClientInfo] IPCMessagingProxy-692: read
08-31 16:37:52.516  1078  1122 V QCALOG  : [MessageQueueClientInfo] just read 4 bytes
08-31 16:37:52.516  1078  1122 V QCALOG  : [MessageQ] wait result 1
08-31 16:37:52.516  1078  1122 V QCALOG  : [MessageQueueClientInfo] IPCMessagingProxy-692: read
08-31 16:37:52.516  1078  1122 V QCALOG  : [MessageQueueClientInfo] just read 103 bytes
08-31 16:37:52.516  1078  1122 V QCALOG  : [MessageQueueClientInfo] card length 103 + 4 bytes, current size 107 bytes
08-31 16:37:52.516  1078  1122 V QCALOG  : [MessageQ] lookupAndDeliver delivering message to client GTP-FDAL
08-31 16:37:52.516  1078  1122 V QCALOG  : [MessageQ] wait result 1
08-31 16:37:52.516  1078  1122 V QCALOG  : [MessageQueueClientInfo] GTP-FDAL: write
08-31 16:37:52.516  1078  1122 D QCALOG  : [MessageQueueClientInfo] write to [GTP-FDAL], 107 bytes finished, 0 bytes left
08-31 16:37:52.517  1724  2356 D IpClient.wlan0: CMD_CONFIRM wlan0/28 0 0 null [rcvd_in=RunningState, proc_in=RunningState]
08-31 16:37:52.517  1724  2356 D IpClient.wlan0: handleMessage: X
08-31 16:37:52.726   694   756 E ANDR-PERF-MPCTL: Invalid profile no. 0, total profiles 0 only
08-31 16:37:53.174   717   717 I SurfaceFlinger: FPS: 10
08-31 16:37:54.178   717   717 I SurfaceFlinger: FPS: 10
08-31 16:37:54.805  2505  2505 E cn.missevan: No package ID ff found for ID 0xffffffff.
08-31 16:37:54.989  2505  2505 I Banner  : [main] banner pause loop
08-31 16:37:54.991  2505  2505 I Banner  : [main] banner pause loop
08-31 16:37:55.266  2505  2505 W View    : requestLayout() improperly called by skin.support.widget.SkinCompatTextView{26c8264 V.ED..... ......ID 36,36-126,94 #7f0b10bb app:id/tvTitle} during layout: running second layout pass
08-31 16:37:55.266  2505  2505 W View    : requestLayout() improperly called by skin.support.widget.SkinCompatTextView{415b982 V.ED..... ......ID 138,44-157,94 #7f0b1078 app:id/tvCount} during layout: running second layout pass
08-31 16:37:55.267  2505  2639 I CronetEngine: [thread_background]
08-31 16:37:55.267  2505  2639 I CronetEngine: url: https://app.uat.missevan.com/person/get-user-attention?type=1&user_id=14241060&page=1&page_size=20
08-31 16:37:55.267  2505  2639 I CronetEngine:  ip: 10.21.250.10
08-31 16:37:55.267  2505  2639 I CronetEngine:  hostResolverProvider:
08-31 16:37:55.267  2505  2639 I CronetEngine:  hostResolveIps: []
08-31 16:37:55.267  2505  2639 I CronetEngine:
08-31 16:37:55.270  2505  3315 I BLOG    : [RxCachedThreadScheduler-10] HTTP request: [2022-08-31T08:37:55.136Z] GET https://app.uat.missevan.com/person/get-user-attention?type=1&user_id=14241060&page=1&page_size=20 200 128ms 0
08-31 16:37:55.279  2505  2639 I CronetEngine: [thread_background]
08-31 16:37:55.279  2505  2639 I CronetEngine: url: https://app.uat.missevan.com/person/get-user-attention?type=0&user_id=14241060&page=1&page_size=20
08-31 16:37:55.279  2505  2639 I CronetEngine:  ip: 10.21.250.10
08-31 16:37:55.279  2505  2639 I CronetEngine:  hostResolverProvider:
08-31 16:37:55.279  2505  2639 I CronetEngine:  hostResolveIps: []
08-31 16:37:55.279  2505  2639 I CronetEngine:
08-31 16:37:55.282  2505  3314 I BLOG    : [RxCachedThreadScheduler-9] HTTP request: [2022-08-31T08:37:55.112Z] GET https://app.uat.missevan.com/person/get-user-attention?type=0&user_id=14241060&page=1&page_size=20 200 164ms 0
08-31 16:37:55.302   694   756 E ANDR-PERF-MPCTL: Invalid profile no. 0, total profiles 0 only
08-31 16:37:55.322   717   717 I SurfaceFlinger: FPS: 10
08-31 16:37:55.465  2505  3109 D skia    : --- Failed to create image decoder with message 'unimplemented'
