08-31 16:37:07.376  2940  3341 W .missevan:stat: Accessing hidden field Ljava/nio/Buffer;->address:J (light greylist, reflection)
08-31 16:37:07.447  2505  2505 I Choreographer: Skipped 35 frames!  The application may be doing too much work on its main thread.
08-31 16:37:07.459  2505  2639 I CronetEngine: [thread_background]
08-31 16:37:07.459  2505  2639 I CronetEngine: url: http://static-test.maoercdn.com/coversmini/201409/13/caf7eedaeec9504142ed04a28e085b64164513.jpg?x-oss-process=image/resize,w_306/format,webp
08-31 16:37:07.459  2505  2639 I CronetEngine:  ip: 122.225.214.241
08-31 16:37:07.459  2505  2639 I CronetEngine:  hostResolverProvider:
08-31 16:37:07.459  2505  2639 I CronetEngine:  hostResolveIps: []
08-31 16:37:07.459  2505  2639 I CronetEngine:
08-31 16:37:07.474  2505  2639 I CronetEngine: [thread_background]
08-31 16:37:07.474  2505  2639 I CronetEngine: url: http://static-test.maoercdn.com/coversmini/201409/13/c0f14cde5ce8dc0d6b89b3d15cbfe801182705.jpg?x-oss-process=image/resize,w_306/format,webp
08-31 16:37:07.474  2505  2639 I CronetEngine:  ip: 58.216.14.240
08-31 16:37:07.474  2505  2639 I CronetEngine:  hostResolverProvider:
08-31 16:37:07.474  2505  2639 I CronetEngine:  hostResolveIps: []
08-31 16:37:07.474  2505  2639 I CronetEngine:
08-31 16:37:07.490  2505  2505 I PlayerServiceConnection: [main] Player connected by service connection.
08-31 16:37:07.493  2815  2861 I PlayerService: [Binder:2815_1] IPlayerService.Stub, registerEventListener callback, listener: cn.missevan.play.aidl.IPlayerServiceEventListener$Stub$Proxy@841a1db
08-31 16:37:07.496  2505  2505 I NowPlayingFragmentVM: [main] Playing media changed: 0,
08-31 16:37:07.499  2505  2505 D PlayUtils: [main] reset playback position.
08-31 16:37:07.500  2505  2505 I NowPlayingFragmentVM: [main] PlayingViewModel playbackState onChanged  STATE_NONE, playbackSpeed = 1.0
08-31 16:37:07.501  2505  2505 W PlayUtils: [main] MediaBrowser connected. checkPosition = true
08-31 16:37:07.502  2505  2505 I NowPlayingFragmentVM: [main] MediaBrowser connected.
08-31 16:37:07.502  2505  2639 I CronetEngine: [thread_background]
08-31 16:37:07.502  2505  2639 I CronetEngine: url: http://static-test.maoercdn.com/coversmini/201409/13/9cdbc494f1212df0fcaf95c5b1628b87175520.jpg?x-oss-process=image/resize,w_306/format,webp
08-31 16:37:07.502  2505  2639 I CronetEngine:  ip: 122.225.214.241
08-31 16:37:07.502  2505  2639 I CronetEngine:  hostResolverProvider: ali
08-31 16:37:07.502  2505  2639 I CronetEngine:  hostResolveIps: ["122.225.214.241","58.216.14.238","182.40.18.114","58.216.14.242","117.27.226.219","182.40.18.115","182.40.18.118","218.91.182.230","122.225.214.242","182.40.18.116","117.27.226.220","58.216.14.239","58.216.14.243","58.216.14.244","58.216.14.248","182.40.18.117"]
08-31 16:37:07.502  2505  2639 I CronetEngine:
08-31 16:37:07.554  2505  3360 D webpbug : [io-pool-1-thread-0] Thread[io-pool-1-thread-0,5,main]
08-31 16:37:07.580  2505  2639 I CronetEngine: [thread_background]
08-31 16:37:07.580  2505  2639 I CronetEngine: url: https://app.uat.missevan.com/discovery/list
08-31 16:37:07.580  2505  2639 I CronetEngine:  ip: 10.21.250.10
08-31 16:37:07.580  2505  2639 I CronetEngine:  hostResolverProvider:
08-31 16:37:07.580  2505  2639 I CronetEngine:  hostResolveIps: []
08-31 16:37:07.580  2505  2639 I CronetEngine:
08-31 16:37:07.584  2505  2834 I BLOG    : [RxCachedThreadScheduler-7] HTTP request: [2022-08-31T08:37:07.450Z] GET https://app.uat.missevan.com/discovery/list 200 127ms 0
08-31 16:37:07.956  2505  2505 W StaticLayout: maxLineHeight should not be -1.  maxLines:1 lineCount:1
08-31 16:37:07.956  2505  2505 W StaticLayout: maxLineHeight should not be -1.  maxLines:1 lineCount:1
08-31 16:37:07.969  2505  2639 I CronetEngine: [thread_background]
08-31 16:37:07.969  2505  2639 I CronetEngine: url: http://static-test.missevan.com/live/tags/icon/008.jpg?x-oss-process=image/resize,w_60/format,webp
08-31 16:37:07.969  2505  2639 I CronetEngine:  ip: 140.249.40.204
08-31 16:37:07.969  2505  2639 I CronetEngine:  hostResolverProvider: system
08-31 16:37:07.969  2505  2639 I CronetEngine:  hostResolveIps: ["140.249.40.204","140.249.40.203","140.249.40.208","140.249.40.206","140.249.40.205","140.249.40.207","140.249.40.202","140.249.40.209"]
08-31 16:37:07.969  2505  2639 I CronetEngine:
08-31 16:37:08.018  2505  2505 W StaticLayout: maxLineHeight should not be -1.  maxLines:1 lineCount:1
08-31 16:37:08.019  2505  2505 W StaticLayout: maxLineHeight should not be -1.  maxLines:1 lineCount:1
08-31 16:37:08.023  2505  2639 I CronetEngine: [thread_background]
08-31 16:37:08.023  2505  2639 I CronetEngine: url: http://static-test.missevan.com/avatars/202108/12/7226979211e2d17809c7ad58c089af06155402.jpg?x-oss-process=image/resize,w_36/format,webp
08-31 16:37:08.023  2505  2639 I CronetEngine:  ip: 140.249.40.204
08-31 16:37:08.023  2505  2639 I CronetEngine:  hostResolverProvider:
08-31 16:37:08.023  2505  2639 I CronetEngine:  hostResolveIps: []
08-31 16:37:08.023  2505  2639 I CronetEngine:
08-31 16:37:08.092   694   756 E ANDR-PERF-MPCTL: Invalid profile no. 0, total profiles 0 only
08-31 16:37:08.099  2505  2505 W Glide   : Load failed for http://static-test.maoercdn.com/coversmini/201409/13/caf7eedaeec9504142ed04a28e085b64164513.jpg with size [306x306]
08-31 16:37:08.099  2505  2505 W Glide   : class com.bumptech.glide.load.a.q: Failed to load resource
08-31 16:37:08.099  2505  2505 W Glide   : There was 1 root cause:
08-31 16:37:08.099  2505  2505 W Glide   : com.bumptech.glide.load.e(Not Found, status code: 404)
08-31 16:37:08.099  2505  2505 W Glide   :  call GlideException#logRootCauses(String) for more detail
08-31 16:37:08.099  2505  2505 W Glide   :   Cause (1 of 1): class com.bumptech.glide.load.a.q: Fetching data failed, class java.io.InputStream, REMOTE
08-31 16:37:08.099  2505  2505 W Glide   : There was 1 root cause:
08-31 16:37:08.099  2505  2505 W Glide   : com.bumptech.glide.load.e(Not Found, status code: 404)
08-31 16:37:08.099  2505  2505 W Glide   :  call GlideException#logRootCauses(String) for more detail
08-31 16:37:08.099  2505  2505 W Glide   :     Cause (1 of 1): class com.bumptech.glide.load.e: Not Found, status code: 404
08-31 16:37:08.099  2505  2505 I Glide   : Root cause (1 of 1)
08-31 16:37:08.099  2505  2505 I Glide   : com.bumptech.glide.load.e: Not Found, status code: 404
08-31 16:37:08.099  2505  2505 I Glide   : 	at com.bumptech.glide.integration.okhttp3.b.onResponse(SourceFile:71)
08-31 16:37:08.099  2505  2505 I Glide   : 	at okhttp3.ac$a.execute(SourceFile:221)
08-31 16:37:08.099  2505  2505 I Glide   : 	at okhttp3.internal.b.run(SourceFile:32)
08-31 16:37:08.099  2505  2505 I Glide   : 	at java.util.concurrent.ThreadPoolExecutor.runWorker(ThreadPoolExecutor.java:1167)
08-31 16:37:08.099  2505  2505 I Glide   : 	at java.util.concurrent.ThreadPoolExecutor$Worker.run(ThreadPoolExecutor.java:641)
08-31 16:37:08.099  2505  2505 I Glide   : 	at java.lang.Thread.run(Thread.java:764)
08-31 16:37:08.101  2505  2505 W Glide   : Load failed for http://static-test.maoercdn.com/coversmini/201409/13/c0f14cde5ce8dc0d6b89b3d15cbfe801182705.jpg with size [306x306]
08-31 16:37:08.101  2505  2505 W Glide   : class com.bumptech.glide.load.a.q: Failed to load resource
08-31 16:37:08.101  2505  2505 W Glide   : There was 1 root cause:
08-31 16:37:08.101  2505  2505 W Glide   : com.bumptech.glide.load.e(Not Found, status code: 404)
08-31 16:37:08.101  2505  2505 W Glide   :  call GlideException#logRootCauses(String) for more detail
08-31 16:37:08.101  2505  2505 W Glide   :   Cause (1 of 1): class com.bumptech.glide.load.a.q: Fetching data failed, class java.io.InputStream, REMOTE
08-31 16:37:08.101  2505  2505 W Glide   : There was 1 root cause:
08-31 16:37:08.101  2505  2505 W Glide   : com.bumptech.glide.load.e(Not Found, status code: 404)
08-31 16:37:08.101  2505  2505 W Glide   :  call GlideException#logRootCauses(String) for more detail
08-31 16:37:08.101  2505  2505 W Glide   :     Cause (1 of 1): class com.bumptech.glide.load.e: Not Found, status code: 404
08-31 16:37:08.101  2505  2505 I Glide   : Root cause (1 of 1)
08-31 16:37:08.101  2505  2505 I Glide   : com.bumptech.glide.load.e: Not Found, status code: 404
08-31 16:37:08.101  2505  2505 I Glide   : 	at com.bumptech.glide.integration.okhttp3.b.onResponse(SourceFile:71)
08-31 16:37:08.101  2505  2505 I Glide   : 	at okhttp3.ac$a.execute(SourceFile:221)
08-31 16:37:08.101  2505  2505 I Glide   : 	at okhttp3.internal.b.run(SourceFile:32)
08-31 16:37:08.101  2505  2505 I Glide   : 	at java.util.concurrent.ThreadPoolExecutor.runWorker(ThreadPoolExecutor.java:1167)
08-31 16:37:08.101  2505  2505 I Glide   : 	at java.util.concurrent.ThreadPoolExecutor$Worker.run(ThreadPoolExecutor.java:641)
08-31 16:37:08.101  2505  2505 I Glide   : 	at java.lang.Thread.run(Thread.java:764)
08-31 16:37:08.106  2505  2505 W Glide   : Load failed for http://static-test.maoercdn.com/coversmini/201409/13/9cdbc494f1212df0fcaf95c5b1628b87175520.jpg with size [306x306]
08-31 16:37:08.106  2505  2505 W Glide   : class com.bumptech.glide.load.a.q: Failed to load resource
08-31 16:37:08.106  2505  2505 W Glide   : There was 1 root cause:
08-31 16:37:08.106  2505  2505 W Glide   : com.bumptech.glide.load.e(Not Found, status code: 404)
08-31 16:37:08.106  2505  2505 W Glide   :  call GlideException#logRootCauses(String) for more detail
08-31 16:37:08.106  2505  2505 W Glide   :   Cause (1 of 1): class com.bumptech.glide.load.a.q: Fetching data failed, class java.io.InputStream, REMOTE
08-31 16:37:08.106  2505  2505 W Glide   : There was 1 root cause:
08-31 16:37:08.106  2505  2505 W Glide   : com.bumptech.glide.load.e(Not Found, status code: 404)
08-31 16:37:08.106  2505  2505 W Glide   :  call GlideException#logRootCauses(String) for more detail
08-31 16:37:08.106  2505  2505 W Glide   :     Cause (1 of 1): class com.bumptech.glide.load.e: Not Found, status code: 404
08-31 16:37:08.106  2505  2505 I Glide   : Root cause (1 of 1)
08-31 16:37:08.106  2505  2505 I Glide   : com.bumptech.glide.load.e: Not Found, status code: 404
08-31 16:37:08.106  2505  2505 I Glide   : 	at com.bumptech.glide.integration.okhttp3.b.onResponse(SourceFile:71)
08-31 16:37:08.106  2505  2505 I Glide   : 	at okhttp3.ac$a.execute(SourceFile:221)
08-31 16:37:08.106  2505  2505 I Glide   : 	at okhttp3.internal.b.run(SourceFile:32)
08-31 16:37:08.106  2505  2505 I Glide   : 	at java.util.concurrent.ThreadPoolExecutor.runWorker(ThreadPoolExecutor.java:1167)
08-31 16:37:08.106  2505  2505 I Glide   : 	at java.util.concurrent.ThreadPoolExecutor$Worker.run(ThreadPoolExecutor.java:641)
08-31 16:37:08.106  2505  2505 I Glide   : 	at java.lang.Thread.run(Thread.java:764)
08-31 16:37:08.178  2505  2505 I Banner  : [main] banner pause loop
08-31 16:37:08.179  2505  2505 I Banner  : [main] banner pause loop
08-31 16:37:08.183  2505  2505 E BLOG    : [main] 移除成功
08-31 16:37:08.056  1724  2178 I chatty  : uid=1000(system) AutobacklightTh identical 6 lines
08-31 16:37:08.295  1724  1724 D FeatureService: onReceive action android.intent.action.BATTERY_CHANGED
08-31 16:37:08.298  2404  2404 D KeyguardUpdateMonitor: received broadcast android.intent.action.BATTERY_CHANGED
08-31 16:37:08.300  2404  2404 D KeyguardUpdateMonitor: handleBatteryUpdate
08-31 16:37:08.311  1724  5458 V LocSvc_HIDL_Subscription_jni: battery_level_update
08-31 16:37:08.311  2831  2831 D QtiCarrierConfigHelper: WARNING, no carrier configs on phone Id: 0
08-31 16:37:08.311  1724  5458 V LocSvc_HIDL_Subscription_jni: [battery_level_update][931] [HC] =>> [HS]
08-31 16:37:08.311   692   692 V LocSvc_HIDL_IzatSubscription: [batteryLevelUpdate][777] [HS] <<<<= [HC]
08-31 16:37:08.312  1724  5458 V LocSvc_HIDL_Subscription_jni: Exit Result 0
08-31 16:37:08.314  1724  1724 D FeatureService: onReceive action android.intent.action.BATTERY_CHANGED
08-31 16:37:08.491   717   717 I SurfaceFlinger: FPS: 3
08-31 16:37:08.539  2505  2521 I cn.missevan: NativeAlloc concurrent copying GC freed 163324(11MB) AllocSpace objects, 109(14MB) LOS objects, 50% free, 20MB/40MB, paused 109us total 114.617ms
08-31 16:37:08.675  2505  2639 I CronetEngine: [thread_background]
08-31 16:37:08.675  2505  2639 I CronetEngine: url: https://app.uat.missevan.com/site/custom-catalog
08-31 16:37:08.675  2505  2639 I CronetEngine:  ip: 10.21.250.10
08-31 16:37:08.675  2505  2639 I CronetEngine:  hostResolverProvider:
08-31 16:37:08.675  2505  2639 I CronetEngine:  hostResolveIps: []
08-31 16:37:08.675  2505  2639 I CronetEngine:
08-31 16:37:08.677  2505  2640 I BLOG    : [RxCachedThreadScheduler-3] HTTP request: [2022-08-31T08:37:08.562Z] GET https://app.uat.missevan.com/site/custom-catalog 200 107ms 0
08-31 16:37:08.705  2505  2505 E ThemeUtils: View class skin.support.widget.SkinCompatImageView is an AppCompat widget that can only be used with a Theme.AppCompat theme (or descendant).
08-31 16:37:08.708  2505  2505 E ThemeUtils: View class skin.support.widget.SkinCompatTextView is an AppCompat widget that can only be used with a Theme.AppCompat theme (or descendant).
08-31 16:37:08.719  2505  2639 I CronetEngine: [thread_background]
08-31 16:37:08.719  2505  2639 I CronetEngine: url: https://app.uat.missevan.com/person/get-user-info?user_id=14241060
08-31 16:37:08.719  2505  2639 I CronetEngine:  ip: 10.21.250.10
08-31 16:37:08.719  2505  2639 I CronetEngine:  hostResolverProvider:
08-31 16:37:08.719  2505  2639 I CronetEngine:  hostResolveIps: []
08-31 16:37:08.719  2505  2639 I CronetEngine:
08-31 16:37:08.726  2505  2794 I BLOG    : [RxCachedThreadScheduler-6] HTTP request: [2022-08-31T08:37:08.491Z] GET https://app.uat.missevan.com/person/get-user-info?user_id=14241060 200 222ms 0
08-31 16:37:09.076  2505  2597 D NAccs.InAppConn_default:  startChannelService
08-31 16:37:09.079  2505  2597 D NAccs.Config:  getAgooAppKey appkey:umeng:546d7dd7fd98c58fc800082c
08-31 16:37:09.085  2505  2597 I NAccs.a :  dispatchIntent bind service start intent:Intent { act=com.taobao.accs.intent.action.START_SERVICE cmp=cn.missevan/com.taobao.accs.ChannelService (has extras) }
08-31 16:37:08.861  1724  2178 I chatty  : uid=1000(system) AutobacklightTh identical 3 lines
08-31 16:37:09.093  1724  2892 D PackageManager: package:1000 check permission,PERMISSION_GRANTED
08-31 16:37:09.093  1724  2892 D PackageManager: package:1000 check permission,PERMISSION_GRANTED
08-31 16:37:09.097  2505  2597 D NAccs.AdapterGlobalClientInfo:  getAgooCustomServiceName serviceName:com.umeng.message.component.UmengIntentService
08-31 16:37:09.098  2505  2597 I NAccs.a :  dispatchIntent bind service start intent:Intent { act=org.agoo.android.intent.action.REPORT pkg=cn.missevan cmp=cn.missevan/com.umeng.message.component.UmengIntentService }
08-31 16:37:09.135  3378  3378 I issevan:channe: Late-enabling -Xcheck:jni
08-31 16:37:09.138  1724  1855 I ActivityManager: Start proc 3378:cn.missevan:channel/u0a598 for service cn.missevan/com.taobao.accs.ChannelService
08-31 16:37:09.215  1724  2892 D CompatibilityInfo: mCompatibilityFlags - 0
08-31 16:37:09.215  1724  2892 D CompatibilityInfo: applicationDensity - 480
08-31 16:37:09.215  1724  2892 D CompatibilityInfo: applicationScale - 1.0
08-31 16:37:09.216  1724  2892 D CompatibilityInfo: mCompatibilityFlags - 0
08-31 16:37:09.216  1724  2892 D CompatibilityInfo: applicationDensity - 480
08-31 16:37:09.216  1724  2892 D CompatibilityInfo: applicationScale - 1.0
08-31 16:37:09.220  1724  2892 D CompatibilityInfo: mCompatibilityFlags - 0
08-31 16:37:09.220  1724  2892 D CompatibilityInfo: applicationDensity - 480
08-31 16:37:09.220  1724  2892 D CompatibilityInfo: applicationScale - 1.0
08-31 16:37:09.221  1724  2892 D CompatibilityInfo: mCompatibilityFlags - 0
08-31 16:37:09.221  1724  2892 D CompatibilityInfo: applicationDensity - 480
08-31 16:37:09.221  1724  2892 D CompatibilityInfo: applicationScale - 1.0
08-31 16:37:09.305  3378  3378 I issevan:channe: The ClassLoaderContext is a special shared library.
08-31 16:37:09.548 17295 17419 D MemoryCeilingMonitor: [handleMemoryCalculate]
08-31 16:37:09.548 17295 17419 D MemoryCeilingMonitor: [calculate] tot: 3446037, max: 268435456, free: 647173, heap: 2798864, per: 0.010426580905914307
08-31 16:37:09.557   717   717 I SurfaceFlinger: FPS: 32
08-31 16:37:09.951  2505  2597 D NAccs.Config:  getAgooAppKey appkey:umeng:546d7dd7fd98c58fc800082c
08-31 16:37:09.951  2505  2597 D NAccs.NotifManager:  report,utdid=Yw2XOaoLvJsDAIIIET1UzMcv,regId=15880600190911619307421,type=VIVO_TOKEN
08-31 16:37:09.952  2505  2597 D NAccs.Config:  getAgooAppKey appkey:umeng:546d7dd7fd98c58fc800082c
08-31 16:37:09.953  2505  2597 D NAccs.ACCSManager:  getAccsInstance key:default|0
08-31 16:37:09.953  2505  2597 D NAccs.InAppConn_default:  start
08-31 16:37:09.954  2505  2597 E NAccs.ACCSMgrImpl_default:  sendMessage dataId:1661935029953.4
08-31 16:37:09.957  2505  2597 D NAccs.InAppConn_default:  sendMessage ready dataId:1661935029953.4 type:DATA delay:0
08-31 16:37:09.958  2505  2597 I NAccs.NotifManager:  reportThirdPushToken,dataId=1661935029953.4,regId=15880600190911619307421,type=VIVO_TOKEN
08-31 16:37:09.958  2505  2700 E NAccs.InAppConn_default:  sendMessage start dataId:1661935029953.4 type:DATA
08-31 16:37:09.959  2505  2700 D awcn.SessionCenter: |[seq:umeng:546d7dd7fd98c58fc800082c] getInternal u:https://umengacs.m.taobao.com sessionType:LongLink timeout:10000
08-31 16:37:09.959  2505  2700 D awcn.StrategyCenter:  getSchemeByHost host:umengacs.m.taobao.com scheme:https
08-31 16:37:09.960  2505  2700 D awcn.SessionCenter: |[seq:umeng:546d7dd7fd98c58fc800082c] get internal hit cache session session:Session@[umeng:546d7dd7fd98c58fc800082c.AWCN1_1|http2_0rtt_acs]
08-31 16:37:09.961  2505  2700 D NAccs.Msg_default:  Build Message dataId:1661935029953.4
08-31 16:37:09.961  2505  2700 D NAccs.Msg_default:  	version:2 compress:0
08-31 16:37:09.961  2505  2700 D NAccs.Msg_default:  	flag: 0x40
08-31 16:37:09.961  2505  2700 D NAccs.Msg_default:  	totalLength:264
08-31 16:37:09.962  2505  2700 D NAccs.Msg_default:  	dataLength:262
08-31 16:37:09.962  2505  2700 D NAccs.Msg_default:  	flags:ffff8800
08-31 16:37:09.962  2505  2700 D NAccs.Msg_default:  	targetLength:18
08-31 16:37:09.962  2505  2700 D NAccs.Msg_default:  	target:2|agooTokenReport|
08-31 16:37:09.962  2505  2700 D NAccs.Msg_default:  	sourceLength:53
08-31 16:37:09.962  2505  2700 D NAccs.Msg_default:  	source:Yw2XOaoLvJsDAIIIET1UzMcv|cn.missevan|agooTokenReport|
08-31 16:37:09.962  2505  2700 D NAccs.Msg_default:  	dataIdLength:15
08-31 16:37:09.963  2505  2700 D NAccs.Msg_default:  	dataId:1661935029953.4
08-31 16:37:09.963  2505  2700 D NAccs.Msg_default:  	extHeader len:0
08-31 16:37:09.963  2505  2700 D NAccs.Msg_default:  	oriData:{"thirdTokenType":"VIVO_TOKEN","utdid":"Yw2XOaoLvJsDAIIIET1UzMcv","appkey":"umeng:546d7dd7fd98c58fc800082c","vendorSdkVersion":"1.1.5","token":"15880600190911619307421"}
08-31 16:37:09.963  2505  2700 D NAccs.InAppConn_default:  sendMessage dataId:1661935029953.4 command:100 host:https://umengacs.m.taobao.com len:268 utdid:Yw2XOaoLvJsDAIIIET1UzMcv
08-31 16:37:09.964  2505  2700 E awcn.TnetSpdySession: |[seq:umeng:546d7dd7fd98c58fc800082c.AWCN1_1] sendCustomFrame dataId:4 type:200
08-31 16:37:09.965  2505  2700 E NAccs.InAppConn_default:  sendMessage end dataId:1661935029953.4 status:true
08-31 16:37:10.018  2505  2605 E awcn.TnetSpdySession: |[seq:umeng:546d7dd7fd98c58fc800082c.AWCN1_1] [spdyCustomControlFrameRecvCallback] len:99 frameCb:com.taobao.accs.net.k@425e5dd
08-31 16:37:10.019  2505  2605 E awcn.TnetSpdySession: |[seq:umeng:546d7dd7fd98c58fc800082c.AWCN1_1] str:20 40 0 5f 0 5d a0 0 35 59 77 32 58 4f 61 6f 4c 76 4a 73 44 41 49 49 49 45 54 31 55 7a 4d 63 76 7c 63 6e 2e 6d 69 73 73 65 76 61 6e 7c 61 67 6f 6f 54 6f 6b 65 6e 52 65 70 6f 72 74 7c 12 32 7c 61 67 6f 6f 54 6f 6b 65 6e 52 65 70 6f 72 74 7c f 31 36 36 31 39 33 35 30 32 39 39 35 33 2e 34 0 0
08-31 16:37:10.019  2505  2605 E NAccs.InAppConn_default:  onDataReceive type:200 dataid:-1
08-31 16:37:10.019  2505  2597 I NAccs.MsgRecv_default:  onMessage host:https://umengacs.m.taobao.com
08-31 16:37:10.019  2505  2597 D NAccs.MsgRecv_default:  version:2
08-31 16:37:10.019  2505  2597 D NAccs.MsgRecv_default:  compress:0
08-31 16:37:10.019  2505  2597 D NAccs.MsgRecv_default:  totalLen:95
08-31 16:37:10.019  2505  2597 D NAccs.MsgRecv_default:  buf len:93
08-31 16:37:10.020  2505  2597 D NAccs.MsgRecv_default:  flag:a000
08-31 16:37:10.020  2505  2597 D NAccs.MsgRecv_default:  target:Yw2XOaoLvJsDAIIIET1UzMcv|cn.missevan|agooTokenReport|
08-31 16:37:10.020  2505  2597 D NAccs.MsgRecv_default:  source:2|agooTokenReport|
08-31 16:37:10.020  2505  2597 D NAccs.MsgRecv_default:  dataId:1661935029953.4
08-31 16:37:10.020  2505  2597 D NAccs.MsgRecv_default:  extHeaderLen:0
08-31 16:37:10.020  2505  2597 D NAccs.MsgRecv_default:  oriData:[B@e4ed2d8
08-31 16:37:10.020  2505  2597 E NAccs.MsgRecv_default:  handleMessage dataId:1661935029953.4 type:DATA reqType:ACK resType:NO_ACK target:Yw2XOaoLvJsDAIIIET1UzMcv|cn.missevan|agooTokenReport|
08-31 16:37:10.020  2505  2597 D NAccs.MsgRecv_default:  handleMessage reqMessage not null
08-31 16:37:10.020  2505  2597 D NAccs.MsgRecv_default:  onResult command:100 erorcode:200
08-31 16:37:10.020  2505  2597 E NAccs.MsgDistribute:  distribute ready action:com.taobao.accs.intent.action.RECEIVE dataId:1661935029953.4 serviceId:agooTokenReport
08-31 16:37:10.021  2505  2597 D NAccs.MsgDistribute:  distribute start appkey:umeng:546d7dd7fd98c58fc800082c config:default
08-31 16:37:10.021  2505  2597 D NAccs.MsgDistribute:  handleControlMsg configTag:default dataId:1661935029953.4 serviceId:agooTokenReport command:100 errorCode:200 appReceiver:
08-31 16:37:10.021  2505  2597 E NAccs.MsgDistribute:  handleBusinessMsg start dataId:1661935029953.4 serviceId:agooTokenReport command:100 t1:0 t2:0 t3:0 t4:0 t5:0 t6:0
08-31 16:37:10.021  2505  2597 E NAccs.MsgDistribute:  handleBusinessMsg start dataId:1661935029953.4 serviceId:agooTokenReport command:100
08-31 16:37:10.021  2505  2597 E NAccs.MsgDistribute:  handleBusinessMsg to start service className:org.android.agoo.accs.AgooService
08-31 16:37:10.021  2505  2597 I NAccs.a :  dispatchIntent bind service start intent:Intent { act=com.taobao.accs.intent.action.RECEIVE pkg=cn.missevan cmp=cn.missevan/org.android.agoo.accs.AgooService (has extras) }
08-31 16:37:10.053  1724  2892 D CompatibilityInfo: mCompatibilityFlags - 0
08-31 16:37:10.053  1724  2892 D CompatibilityInfo: applicationDensity - 480
08-31 16:37:10.053  1724  2892 D CompatibilityInfo: applicationScale - 1.0
08-31 16:37:10.057  2505  2505 D NAccs.AgooService:  into--[onCreate]
08-31 16:37:10.069  2505  2505 D NAccs.a :  bindService connected componentName:ComponentInfo{cn.missevan/org.android.agoo.accs.AgooService}
08-31 16:37:10.072  2505  2505 I NAccs.TaoBaseService:  handleMessage on receive msg msg:{ id=1226 when=-2ms what=0 target=com.taobao.accs.base.TaoBaseService$1 }
08-31 16:37:10.072  2505  2505 I NAccs.TaoBaseService:  handleMessage get intent success intent:Intent { act=com.taobao.accs.intent.action.RECEIVE pkg=cn.missevan cmp=cn.missevan/org.android.agoo.accs.AgooService (has extras) }
08-31 16:37:10.073  2505  2597 E NAccs.a :  onReceiveData dataId:1661935029953.4 serviceId:agooTokenReport command:100 className:org.android.agoo.accs.AgooService
08-31 16:37:10.073  2505  2505 E NAccs.a :  onSendData start dataId:1661935029953.4 serviceId:agooTokenReport
08-31 16:37:10.073  2505  2505 I NAccs.AgooService:  onSendData,dataId=1661935029953.4,errorCode=200,serviceId=agooTokenReport
08-31 16:37:10.074  2505  2505 E NAccs.a :  onSendData end dataId:1661935029953.4
08-31 16:37:10.446  2456  2488 I appium  : channel read: GET /wd/hub/session/28ec2914-b490-4de9-9295-dc9c5b6a88b4
08-31 16:37:10.448  2456  2488 I appium  : GetSessionDetails command
08-31 16:37:10.456  2456  2488 I appium  : AppiumResponse: {"sessionId":"28ec2914-b490-4de9-9295-dc9c5b6a88b4","value":{"lastScrollData":null}}
08-31 16:37:10.505  2456  2488 I appium  : channel read: GET /wd/hub/session/28ec2914-b490-4de9-9295-dc9c5b6a88b4/window/current/size
08-31 16:37:10.507  2456  2488 I appium  : GetDeviceSize command
08-31 16:37:10.507  2456  2488 I appium  : Get window size of the device
08-31 16:37:10.518  2456  2488 I appium  : AppiumResponse: {"sessionId":"28ec2914-b490-4de9-9295-dc9c5b6a88b4","value":{"height":2075,"width":1080}}
08-31 16:37:10.559   694   756 E ANDR-PERF-MPCTL: Invalid profile no. 0, total profiles 0 only
08-31 16:37:10.571   717   717 I SurfaceFlinger: FPS: 10
08-31 16:37:10.589  2940  3341 W .missevan:stat: Accessing hidden method Lcom/android/org/conscrypt/OpenSSLSocketImpl;->setAlpnProtocols([B)V (light greylist, reflection)
08-31 16:37:10.736  2940  3341 W .missevan:stat: Accessing hidden method Lcom/android/org/conscrypt/OpenSSLSocketImpl;->getAlpnSelectedProtocol()[B (light greylist, reflection)
08-31 16:37:10.794  2456  2488 I appium  : channel read: GET /wd/hub/session/28ec2914-b490-4de9-9295-dc9c5b6a88b4/source
08-31 16:37:10.795  2456  2488 I appium  : Source command
08-31 16:37:10.795  2456  2488 I appium  : Waiting up to 10000ms for the device to idle
08-31 16:37:10.875  2505  2505 W cn.missevan: type=1400 audit(0.0:48297): avc: denied { read } for name="u:object_r:vendor_radio_prop:s0" dev="tmpfs" ino=12528 scontext=u:r:untrusted_app:s0:c86,c258,c512,c768 tcontext=u:object_r:vendor_radio_prop:s0 tclass=file permissive=0
08-31 16:37:10.887  2505  2505 E libc    : Access denied finding property "persist.vendor.radio.msim.stackid_0"
08-31 16:37:10.892  2505  2505 E SecurityException: [main] java.lang.SecurityException: getImeiForSlot
08-31 16:37:10.892  2505  2505 E SecurityException: 	at android.os.Parcel.createException(Parcel.java:1950)
08-31 16:37:10.892  2505  2505 E SecurityException: 	at android.os.Parcel.readException(Parcel.java:1918)
08-31 16:37:10.892  2505  2505 E SecurityException: 	at android.os.Parcel.readException(Parcel.java:1868)
08-31 16:37:10.892  2505  2505 E SecurityException: 	at com.android.internal.telephony.ITelephony$Stub$Proxy.getImeiForSlot(ITelephony.java:5514)
08-31 16:37:10.892  2505  2505 E SecurityException: 	at android.telephony.TelephonyManager.getImei(TelephonyManager.java:1331)
08-31 16:37:10.892  2505  2505 E SecurityException: 	at cn.missevan.lib.utils.t.i(SourceFile:294)
08-31 16:37:10.892  2505  2505 E SecurityException: 	at cn.missevan.lib.utils.s.getImei(SourceFile:102)
08-31 16:37:10.892  2505  2505 E SecurityException: 	at cn.missevan.library.baseapp.BaseApplication.getImei(SourceFile:725)
08-31 16:37:10.892  2505  2505 E SecurityException: 	at cn.missevan.library.statistics.StatisticsTable.getDeviceId(SourceFile:186)
08-31 16:37:10.892  2505  2505 E SecurityException: 	at java.lang.reflect.Method.invoke(Native Method)
08-31 16:37:10.892  2505  2505 E SecurityException: 	at com.alibaba.fastjson.util.FieldInfo.get(SourceFile:571)
08-31 16:37:10.892  2505  2505 E SecurityException: 	at com.alibaba.fastjson.serializer.FieldSerializer.getPropertyValueDirect(SourceFile:143)
08-31 16:37:10.892  2505  2505 E SecurityException: 	at com.alibaba.fastjson.serializer.JavaBeanSerializer.write(SourceFile:284)
08-31 16:37:10.892  2505  2505 E SecurityException: 	at com.alibaba.fastjson.serializer.JavaBeanSerializer.write(SourceFile:154)
08-31 16:37:10.892  2505  2505 E SecurityException: 	at com.alibaba.fastjson.serializer.ListSerializer.write(SourceFile:135)
08-31 16:37:10.892  2505  2505 E SecurityException: 	at com.alibaba.fastjson.serializer.JSONSerializer.write(SourceFile:312)
08-31 16:37:10.892  2505  2505 E SecurityException: 	at com.alibaba.fastjson.JSON.toJSONString(SourceFile:793)
08-31 16:37:10.892  2505  2505 E SecurityException: 	at com.alibaba.fastjson.JSON.toJSONString(SourceFile:731)
08-31 16:37:10.892  2505  2505 E SecurityException: 	at com.alibaba.fastjson.JSON.toJSONString(SourceFile:688)
08-31 16:37:10.892  2505  2505 E SecurityException: 	at cn.missevan.play.hook.StatisticsCommonImpl.buildBody(SourceFile:110)
08-31 16:37:10.892  2505  2505 E SecurityException: 	at cn.missevan.play.hook.StatisticsCommonImpl.sendLog(SourceFile:78)
08-31 16:37:10.892  2505  2505 E SecurityException: 	at cn.missevan.play.hook.AbsStatistics.sendRequestDatas(SourceFile:96)
08-31 16:37:10.892  2505  2505 E SecurityException: 	at cn.missevan.play.hook.StatisticsCommonImpl.lambda$reportData$1$StatisticsCommonImpl(SourceFile:69)
08-31 16:37:10.892  2505  2505 E SecurityException: 	at cn.missevan.play.hook.-$$Lambda$StatisticsCommonImpl$1ihaZTd5OL23Up_e7q_C9AiHJ0Q.accept(Unknown Source:4)
08-31 16:37:10.892  2505  2505 E SecurityException: 	at io.a.g.d.u.onNext(SourceFile:63)
08-31 16:37:10.892  2505  2505 E SecurityException: 	at io.a.g.e.e.cd$a.ccg(SourceFile:201)
08-31 16:37:10.892  2505  2505 E SecurityException: 	at io.a.g.e.e.cd$a.run(SourceFile:255)
08-31 16:37:10.892  2505  2505 E SecurityException: 	at io.a.a.b.b$b.run(SourceFile:124)
08-31 16:37:10.892  2505  2505 E SecurityException: 	at android.os.Handler.handleCallback(Handler.java:873)
08-31 16:37:10.892  2505  2505 E SecurityException: 	at android.os.Handler.dispatchMessage(Handler.java:99)
08-31 16:37:10.892  2505  2505 E SecurityException: 	at android.os.Looper.loop(Looper.java:224)
08-31 16:37:10.892  2505  2505 E SecurityException: 	at android.app.ActivityThread.main(ActivityThread.java:7042)
08-31 16:37:10.892  2505  2505 E SecurityException: 	at java.lang.reflect.Method.invoke(Native Method)
08-31 16:37:10.892  2505  2505 E SecurityException: 	at com.android.internal.os.RuntimeInit$MethodAndArgsCaller.run(RuntimeInit.java:536)
08-31 16:37:10.892  2505  2505 E SecurityException: 	at com.android.internal.os.ZygoteInit.main(ZygoteInit.java:868)
08-31 16:37:10.892  2505  2505 E SecurityException:
08-31 16:37:10.893  2940  3341 W .missevan:stat: Accessing hidden field Lsun/misc/Unsafe;->theUnsafe:Lsun/misc/Unsafe; (light greylist, reflection)
08-31 16:37:10.896  2940  3341 D config.Worker: config,ver: null
08-31 16:37:10.900  2940  3341 D ab.Worker: ab,ver: null
08-31 16:37:10.900  2940  3341 I neuron.poster: [thread_report] Send package with events=1, bytes=416, statusCode=200, sn=[19]
08-31 16:37:11.248  2505  2639 I CronetEngine: [thread_background]
08-31 16:37:11.248  2505  2639 I CronetEngine: url: https://data.uat.missevan.com/statistics/collect-events
08-31 16:37:11.248  2505  2639 I CronetEngine:  ip: 10.21.250.10
08-31 16:37:11.248  2505  2639 I CronetEngine:  hostResolverProvider:
08-31 16:37:11.248  2505  2639 I CronetEngine:  hostResolveIps: []
08-31 16:37:11.248  2505  2639 I CronetEngine:
08-31 16:37:11.621  3378  3378 I Perf    : Connecting to perf service.
08-31 16:37:11.637  3378  3378 D Tinker.TinkerLoader: tryLoad test test
08-31 16:37:11.639  1724  2892 D PackageManager: package:10598 check permission,PERMISSION_GRANTED
08-31 16:37:11.640  3378  3378 W Tinker.TinkerLoader: tryLoadPatchFiles:patch dir not exist:/data/user/0/cn.missevan/tinker
08-31 16:37:11.686   717   717 I SurfaceFlinger: FPS: 10
08-31 16:37:11.690  3378  3378 D Tinker.DefaultAppLike: onBaseContextAttached:
08-31 16:37:11.693  3378  3378 I MultiDex: VM with version 2.1.0 has multidex support
08-31 16:37:11.694  3378  3378 I MultiDex: Installing application
08-31 16:37:11.694  3378  3378 I MultiDex: VM has multidex support, MultiDex support library is disabled.
08-31 16:37:11.764  1724  2892 D PackageManager: package:10598 check permission,PERMISSION_GRANTED
08-31 16:37:11.765  3378  3378 D Tinker.DefaultAppLike: onCreate
08-31 16:37:12.003  3378  3378 W issevan:channe: Accessing hidden method Landroid/app/ActivityThread;->currentApplication()Landroid/app/Application; (light greylist, linking)
08-31 16:37:12.005  2456  2488 I appium  : AppiumResponse: {"sessionId":"28ec2914-b490-4de9-9295-dc9c5b6a88b4","value":"<?xml version='1.0' encoding='UTF-8' standalone='yes' ?>\r\n<hierarchy index=\"0\" class=\"hierarchy\" rotation=\"0\" width=\"1080\" height=\"2075\">\r\n  <android.widget.FrameLayout index=\"0\" package=\"cn.missevan\" class=\"android.widg…
08-31 16:37:12.072  2456  2488 I appium  : channel read: GET /wd/hub/session/28ec2914-b490-4de9-9295-dc9c5b6a88b4/screenshot
08-31 16:37:12.076  2456  2488 I appium  : CaptureScreenshot command
08-31 16:37:12.120  1724  2656 D PackageManager: package:10598 check permission,PERMISSION_GRANTED
08-31 16:37:12.138  3378  3483 D SentryLog: [pool-3-thread-1] SU isn't found on this Device.
08-31 16:37:12.147  1724  2656 D PackageManager: package:10598 check permission,PERMISSION_GRANTED
08-31 16:37:12.160  1724  2656 D PackageManager: package:10018 check permission,PERMISSION_GRANTED
08-31 16:37:11.919  1724  2178 I chatty  : uid=1000(system) AutobacklightTh identical 17 lines
08-31 16:37:12.160  1724  2656 W ActivityManager: Unable to start service Intent { act=android.security.IKeyChainService cmp=com.android.keychain/.KeyChainService } U=999: not found
08-31 16:37:12.160  1724  2656 I chatty  : uid=1000(system) Binder:1724_8 identical 1 line
08-31 16:37:12.160  1724  2656 D PackageManager: package:10018 check permission,PERMISSION_GRANTED
08-31 16:37:12.161  2404  3489 I SecurityController: java.lang.AssertionError: could not bind to KeyChainService
08-31 16:37:12.165  3378  3378 W pool-3-thread-1: type=1400 audit(0.0:48298): avc: denied { read } for name="version" dev="proc" ino=4026532090 scontext=u:r:untrusted_app:s0:c86,c258,c512,c768 tcontext=u:object_r:proc_version:s0 tclass=file permissive=0
08-31 16:37:12.171  1724  2656 I chatty  : uid=1000(system) Binder:1724_8 identical 3 lines
08-31 16:37:12.180  3378  3378 I SentryLog: [main] Initializing SDK with DSN: 'https://8e68e4623f6348b0b9984471d41e3e2d@sentry.missevan.com/2'
08-31 16:37:12.186  3378  3378 I SentryLog: [main] GlobalHubMode: 'true'
08-31 16:37:12.227  3378  3378 D SentryLog: [main] UncaughtExceptionHandlerIntegration enabled: true
08-31 16:37:12.228  3378  3378 D SentryLog: [main] default UncaughtExceptionHandler class='xcrash.i'
08-31 16:37:12.230  3378  3378 D SentryLog: [main] UncaughtExceptionHandlerIntegration installed.
08-31 16:37:12.231  3378  3378 D SentryLog: [main] ShutdownHookIntegration installed.
08-31 16:37:12.234  3378  3378 D SentryLog: [main] SendCachedEventFireAndForgetIntegration installed.
08-31 16:37:12.236  3378  3378 D SentryLog: [main] NdkIntegration enabled: true
08-31 16:37:12.236  3378  3491 D SentryLog: [pool-2-thread-1] Started processing cached files from /data/user/0/cn.missevan/cache/sentry
08-31 16:37:12.237  3378  3378 I sentry-native: using database path "/data/data/cn.missevan/cache/sentry/.sentry-native"
08-31 16:37:12.238  3378  3378 D sentry-native: starting backend
08-31 16:37:12.240  3378  3378 D SentryLog: [main] NdkIntegration installed.
08-31 16:37:12.241  3378  3378 D SentryLog: [main] Registering EnvelopeFileObserverIntegration for path: /data/user/0/cn.missevan/cache/sentry/outbox
08-31 16:37:12.245  3378  3491 D SentryLog: [pool-2-thread-1] Processing dir. /data/user/0/cn.missevan/cache/sentry
08-31 16:37:12.245  3378  3378 D SentryLog: [main] EnvelopeFileObserverIntegration installed.
08-31 16:37:12.247  3378  3378 D SentryLog: [main] SendCachedEventFireAndForgetIntegration installed.
08-31 16:37:12.248  3378  3378 D SentryLog: [main] AnrIntegration enabled: true
08-31 16:37:12.250  3378  3378 D SentryLog: [main] ANR timeout in milliseconds: 5000
08-31 16:37:12.251  3378  3491 D SentryLog: [pool-2-thread-1] Processing 0 items from cache dir /data/user/0/cn.missevan/cache/sentry
08-31 16:37:12.253  3378  3378 D SentryLog: [main] AnrIntegration installed.
08-31 16:37:12.254  3378  3378 D SentryLog: [main] enableSessionTracking enabled: true
08-31 16:37:12.255  3378  3378 D SentryLog: [main] enableAppLifecycleBreadcrumbs enabled: true
08-31 16:37:12.256  3378  3491 D SentryLog: [pool-2-thread-1] File /data/user/0/cn.missevan/cache/sentry/outbox is not a File.
08-31 16:37:12.260  3378  3491 D SentryLog: [pool-2-thread-1] Processing file: /data/user/0/cn.missevan/cache/sentry/session.json
08-31 16:37:12.265  3378  3378 D SentryLog: [main] AppLifecycleIntegration installed.
08-31 16:37:12.266  3378  3491 D SentryLog: [pool-2-thread-1] File '/data/user/0/cn.missevan/cache/sentry/session.json' doesn't match extension expected.
08-31 16:37:12.266  3378  3378 D SentryLog: [main] ActivityLifecycleIntegration enabled: true
08-31 16:37:12.268  3378  3378 D SentryLog: [main] ActivityLifecycleIntegration installed.
08-31 16:37:12.269  3378  3378 D SentryLog: [main] UserInteractionIntegration enabled: true
08-31 16:37:12.269  3378  3491 D SentryLog: [pool-2-thread-1] File /data/user/0/cn.missevan/cache/sentry/.sentry-native is not a File.
08-31 16:37:12.270  3378  3378 D SentryLog: [main] UserInteractionIntegration installed.
08-31 16:37:12.271  3378  3378 D SentryLog: [main] AppComponentsBreadcrumbsIntegration enabled: true
08-31 16:37:12.272  3378  3491 D SentryLog: [pool-2-thread-1] Finished processing cached files from /data/user/0/cn.missevan/cache/sentry
08-31 16:37:12.272  3378  3378 D SentryLog: [main] AppComponentsBreadcrumbsIntegration installed.
08-31 16:37:12.274  3378  3378 D SentryLog: [main] SystemEventsBreadcrumbsIntegration enabled: true
08-31 16:37:12.281  3378  3491 D SentryLog: [pool-2-thread-1] Started processing cached files from /data/user/0/cn.missevan/cache/sentry/outbox
08-31 16:37:12.283  3378  3378 D SentryLog: [main] SystemEventsBreadcrumbsIntegration installed.
08-31 16:37:12.283  3378  3491 D SentryLog: [pool-2-thread-1] Processing dir. /data/user/0/cn.missevan/cache/sentry/outbox
08-31 16:37:12.285  3378  3378 D SentryLog: [main] enableSystemEventsBreadcrumbs enabled: true
08-31 16:37:12.288  3378  3491 D SentryLog: [pool-2-thread-1] Processing 0 items from cache dir /data/user/0/cn.missevan/cache/sentry/outbox
08-31 16:37:12.291  3378  3491 D SentryLog: [pool-2-thread-1] Finished processing cached files from /data/user/0/cn.missevan/cache/sentry/outbox
08-31 16:37:12.293  3378  3378 I SentryLog: [main] TYPE_AMBIENT_TEMPERATURE is not available.
08-31 16:37:12.294  3378  3378 D SentryLog: [main] enableSystemEventBreadcrumbs enabled: true
08-31 16:37:12.296  3378  3378 D SentryLog: [main] FragmentLifecycleIntegration installed.
08-31 16:37:12.320   717   717 I ConfigStore: android::hardware::configstore::V1_0::ISurfaceFlingerConfigs::hasHDRDisplay retrieved: 0
08-31 16:37:12.321   717   717 I chatty  : uid=1000(system) /system/bin/surfaceflinger identical 4 lines
08-31 16:37:12.321   717   717 I ConfigStore: android::hardware::configstore::V1_0::ISurfaceFlingerConfigs::hasHDRDisplay retrieved: 0
08-31 16:37:12.533  3378  3378 D NAccs.AccsClientConfig:  build config:AccsClientConfig{mAppKey='umeng:546d7dd7fd98c58fc800082c', mAppSecret='64e8358a59d434e5546720db97ab5996', mInappHost='umengacs.m.taobao.com', mChannelHost='umengjmacs.m.taobao.com', mStoreId='', mSecurity=2, mAuthCode='', mInappPubKey=11, mChannelPubKey=11, mKeepalive=true, mAutoUnit=false, mTag='default', mConfigEnv=0, mDisableChannel=false, mQuickReconnect=false, mAccsHeartbeatEnable=false, mPullUpEnable=false, mForePingEnable=false, mPingTimeout=0}
08-31 16:37:12.533  3378  3378 W NAccs.AccsClientConfig:  build conver old config:AccsClientConfig{mAppKey='umeng:546d7dd7fd98c58fc800082c', mAppSecret='64e8358a59d434e5546720db97ab5996', mInappHost='umengacs.m.taobao.com', mChannelHost='umengjmacs.m.taobao.com', mStoreId='', mSecurity=2, mAuthCode='', mInappPubKey=-1, mChannelPubKey=-1, mKeepalive=true, mAutoUnit=true, mTag='default', mConfigEnv=0, mDisableChannel=false, mQuickReconnect=false, mAccsHeartbeatEnable=false, mPullUpEnable=true, mForePingEnable=false, mPingTimeout=0}
08-31 16:37:12.533  3378  3378 D NAccs.ACCSClient:  init config:AccsClientConfig{mAppKey='umeng:546d7dd7fd98c58fc800082c', mAppSecret='64e8358a59d434e5546720db97ab5996', mInappHost='umengacs.m.taobao.com', mChannelHost='umengjmacs.m.taobao.com', mStoreId='', mSecurity=2, mAuthCode='', mInappPubKey=11, mChannelPubKey=11, mKeepalive=true, mAutoUnit=false, mTag='default', mConfigEnv=0, mDisableChannel=false, mQuickReconnect=false, mAccsHeartbeatEnable=false, mPullUpEnable=false, mForePingEnable=false, mPingTimeout=0}
08-31 16:37:12.534  3378  3378 D UPush.Impl: appkey:546d7dd7fd98c58fc800082c secret:64e8358a59d434e5546720db97ab5996
08-31 16:37:12.539  3378  3506 I NAccs.TaobaoRegister:  register appKey:umeng:546d7dd7fd98c58fc800082c configTag:default
08-31 16:37:12.541  3378  3506 D NAccs.Config:  setAgooAppKey appkey:umeng:546d7dd7fd98c58fc800082c
08-31 16:37:12.542  3378  3506 D NAccs.Config:  setAgooMessageSecret secret:64e8358a59d434e5546720db97ab5996
08-31 16:37:12.545  3378  3506 D NAccs.ACCSManager:  getAccsInstance key:default|0
08-31 16:37:12.594  3378  3506 D NAccs.InAppConn_default:  new connection
08-31 16:37:12.594  3378  3378 D NetworkSecurityConfig: Using Network Security Config from resource g debugBuild: true
08-31 16:37:12.600  3378  3378 W issevan:channe: Accessing hidden method Ldalvik/system/CloseGuard;->get()Ldalvik/system/CloseGuard; (light greylist, reflection)
08-31 16:37:12.600  3378  3378 W issevan:channe: Accessing hidden method Ldalvik/system/CloseGuard;->open(Ljava/lang/String;)V (light greylist, reflection)
08-31 16:37:12.600  3378  3378 W issevan:channe: Accessing hidden method Ldalvik/system/CloseGuard;->warnIfOpen()V (light greylist, reflection)
08-31 16:37:12.602  3378  3506 I NAccs.Utils:  isMainProcess result:false
08-31 16:37:12.603  3378  3506 I NAccs.ACCSMgrImpl_default:  bindApp appKey:umeng:546d7dd7fd98c58fc800082c
08-31 16:37:12.609  3378  3506 D NAccs.UtilityImpl:  enableService comptName:ComponentInfo{cn.missevan/com.taobao.accs.ChannelService}
08-31 16:37:12.610  3378  3507 D NAccs.FileCheckUtils:  st.getAvailableBlocks()=2688843,st.getAvailableBlocks() * blockSize=11013500928
08-31 16:37:12.402  1724  2178 I chatty  : uid=1000(system) AutobacklightTh identical 1 line
08-31 16:37:12.610  1724  2892 W PackageManager: setEnabledSetting  packageName:cn.missevan className:com.taobao.accs.ChannelService newState:1 userId:0 callingPackage:null
08-31 16:37:12.623  3378  3506 W NAccs.ACCSMgrImpl_default:  bindApp only allow in main process
08-31 16:37:12.668  3378  3378 I MissEvanApplication: [main] current process: cn.missevan:channel
08-31 16:37:12.678  3378  3378 D BLOG-EVENT-Network: network changed: 3=>1
08-31 16:37:12.685  3378  3378 W LaserActionExecutor: [main] actionClass map is null
08-31 16:37:12.702  3378  3378 V HotfixPatchListener: [main] application maxMemory:256
08-31 16:37:12.723  3378  3378 W Tinker.Tinker: [main] tinker patch directory: /data/user/0/cn.missevan/tinker
08-31 16:37:12.726  3378  3378 I Tinker.Tinker: [main] try to install tinker, isEnable: true, version: 1.9.14.10.4
08-31 16:37:12.729  3378  3378 I Tinker.TinkerLoadResult: [main] parseTinkerResult loadCode:-2, process name:cn.missevan:channel, main process:false, systemOTA:false, fingerPrint:vivo/PD1728/PD1728:9/PKQ1.180819.001/compiler07281740:user/release-keys, oatDir:null, useInterpretMode:false
08-31 16:37:12.730  3378  3378 W Tinker.TinkerLoadResult: [main] can't find patch file, is ok, just return
08-31 16:37:12.731  3378  3378 I Tinker.DefaultLoadReporter: [main] patch loadReporter onLoadResult: patch load result, path:/data/user/0/cn.missevan/tinker, code: -2, cost: 4ms
08-31 16:37:12.732  3378  3378 W Tinker.Tinker: [main] tinker load fail!
08-31 16:37:12.736  3378  3378 D NAccs.BaseService:  onBind intent:Intent { act=com.taobao.accs.intent.action.START_SERVICE cmp=cn.missevan/com.taobao.accs.ChannelService (has extras) }
08-31 16:37:12.736  3378  3378 I NAccs.BaseService:  onBind bind service
08-31 16:37:12.740  2505  2505 D NAccs.a :  bindService connected componentName:ComponentInfo{cn.missevan/com.taobao.accs.ChannelService}
08-31 16:37:12.743  3378  3507 I NAccs.ElectionServiceImpl:  onCreate, sdkVersion:221
08-31 16:37:12.743  3378  3507 D NAccs.ServiceImpl:  init start
08-31 16:37:12.744  3378  3507 I NAccs.ServiceImpl:  init sdkVersion:221 procStart:0
08-31 16:37:12.745  3378  3507 D NAccs.UtilityImpl:  getProxy:null:-1
08-31 16:37:12.753  3378  3507 D NAccs.ServiceImpl:  getServiceAliveTime aliveTime:-1661934706534
08-31 16:37:12.753  2505  2505 D NAccs.a :  bindService connected componentName:ComponentInfo{cn.missevan/com.umeng.message.component.UmengIntentService}
08-31 16:37:12.753  3378  3507 D NAccs.UtilityImpl:  setServiceTime:1661935032753
08-31 16:37:12.754  2456  2488 I appium  : AppiumResponse: {"sessionId":"28ec2914-b490-4de9-9295-dc9c5b6a88b4","value":"iVBORw0KGgoAAAANSUhEUgAABDgAAAjoCAYAAAA5jhrUAAAABHNCSVQICAgIfAhkiAAAIABJREFU\neJzs3XlYVGX/P/D3MAMMzLAILkggASKCKC6gpOACYZlLpU+bZmraopa5ZG6ZPW6ZmloupY8ttpja\n8y3XVFRIFBdEQlFQURBRQEGGfRlm+f3Bw/kxDiDLAE6+X9fldXWGOefcM9As7/O5P7dIqVRqQURE\nRERER…
08-31 16:37:12.777  3378  3378 D Tinker.TinkerLoader: [main] [PendingLog @ 2022-08-31 16:37:11.637] tryLoad test test
08-31 16:37:12.779  3378  3378 W Tinker.TinkerLoader: [main] [PendingLog @ 2022-08-31 16:37:11.640] tryLoadPatchFiles:patch dir not exist:/data/user/0/cn.missevan/tinker
08-31 16:37:12.781  3378  3378 D Tinker.DefaultAppLike: [main] [PendingLog @ 2022-08-31 16:37:11.689] onBaseContextAttached:
08-31 16:37:12.782  3378  3378 D Tinker.DefaultAppLike: [main] [PendingLog @ 2022-08-31 16:37:11.765] onCreate
08-31 16:37:12.783  3378  3378 D NAccs.BaseService:  onBind intent:Intent { cmp=cn.missevan/com.taobao.accs.ChannelService }
08-31 16:37:12.784  3378  3378 I NAccs.BaseService:  handleMessage on receive msg msg:{ id=28 when=-40ms what=0 target=com.taobao.accs.base.BaseService$1 }
08-31 16:37:12.785  3378  3378 I NAccs.BaseService:  handleMessage get intent success intent:Intent { act=com.taobao.accs.intent.action.START_SERVICE cmp=cn.missevan/com.taobao.accs.ChannelService (has extras) }
08-31 16:37:12.786  3378  3507 I NAccs.ElectionServiceImpl:  onStartCommand begin action:com.taobao.accs.intent.action.START_SERVICE
08-31 16:37:12.786   717   717 I SurfaceFlinger: FPS: 13
08-31 16:37:12.786  3378  3507 I NAccs.ElectionServiceImpl:  handleStartCommand configTag:default appkey:umeng:546d7dd7fd98c58fc800082c appSecret:64e8358a59d434e5546720db97ab5996 ttid:android@umeng pkg:cn.missevan
08-31 16:37:12.786  3378  3378 I NAccs.BaseIntentService:  handleMessage on receive msg msg:{ id=31 when=-33ms what=0 target=org.android.agoo.control.g }
08-31 16:37:12.787  3378  3378 I NAccs.BaseIntentService:  handleMessage get intent success intent:Intent { act=org.agoo.android.intent.action.REPORT pkg=cn.missevan cmp=cn.missevan/com.umeng.message.component.UmengIntentService }
08-31 16:37:12.787  3378  3507 I NAccs.ElectionServiceImpl:  getConnection configTag:default start:false
08-31 16:37:12.801  3378  3507 D NAccs.SilenceConn_default:  new connection
08-31 16:37:12.803  3378  3507 I NAccs.SilenceConn_default:  getChannelHost host:umengjmacs.m.taobao.com
08-31 16:37:12.808  3378  3507 W StrategyCenter not initialized: |[seq:isInitialized] false
08-31 16:37:12.820  3378  3507 I NAccs.LoadSoFailUtil:  getSoFailTimes times:0
08-31 16:37:12.820  3378  3507 I NAccs.ServiceImpl:  onHostStartCommand intent:Intent { act=com.taobao.accs.intent.action.START_SERVICE cmp=cn.missevan/com.taobao.accs.ChannelService (has extras) }
08-31 16:37:12.821  3378  3507 D NAccs.ServiceImpl:  onHostStartCommand key:appKey  value:umeng:546d7dd7fd98c58fc800082c
08-31 16:37:12.821  3378  3507 D NAccs.ServiceImpl:  onHostStartCommand key:configTag  value:default
08-31 16:37:12.821  3378  3507 D NAccs.ServiceImpl:  onHostStartCommand key:mode  value:0
08-31 16:37:12.821  3378  3507 D NAccs.ServiceImpl:  onHostStartCommand key:ttid  value:android@umeng
08-31 16:37:12.821  3378  3507 D NAccs.ServiceImpl:  onHostStartCommand key:packageName  value:cn.missevan
08-31 16:37:12.821  3378  3507 D NAccs.ServiceImpl:  onHostStartCommand key:app_sercet  value:64e8358a59d434e5546720db97ab5996
08-31 16:37:12.821  3378  3507 D NAccs.ServiceImpl:  onHostStartCommand key:agoo_app_key  value:umeng:546d7dd7fd98c58fc800082c
08-31 16:37:12.822  3378  3507 I NAccs.LoadSoFailUtil:  getSoFailTimes times:0
08-31 16:37:12.822  3378  3507 D NAccs.ServiceImpl:  handleAction action:com.taobao.accs.intent.action.START_SERVICE
08-31 16:37:12.823  3378  3507 I NAccs.ServiceImpl:  tryConnect appkey:umeng:546d7dd7fd98c58fc800082c configTag:default|0
08-31 16:37:12.823  3378  3507 D NAccs.SilenceConn_default:  start
08-31 16:37:12.842  3378  3507 E awcn.GlobalAppRuntimeInfo:   CurrentProcess:cn.missevan:channel TargetProcess:cn.missevan
08-31 16:37:12.847  3378  3507 E awcn.StrategyCenter:  registerListener listener:[]
08-31 16:37:12.854  3378  3507 D awcn.NetworkStatusMonitor:  [checkNetworkStatus]
08-31 16:37:12.855  3378  3507 I awcn.NetworkStatusMonitor:  checkNetworkStatus info.isConnected:true info.isAvailable:true info.getType:1
08-31 16:37:12.855  3378  3378 D awcn.NetworkStatusMonitor:  receiver:android.net.conn.CONNECTIVITY_CHANGE
08-31 16:37:12.857  3378  3378 I awcn.ThreadPoolExecutorFactory:  thread created! name:AWCN Scheduler1
08-31 16:37:12.859  3378  3507 E awcn.Inet64Util:  startIpStackDetect ip stack:1 detectType:udp_connect
08-31 16:37:12.859  3378  3517 D awcn.NetworkStatusMonitor:  [checkNetworkStatus]
08-31 16:37:12.859  3378  3507 I awcn.NetworkStatusHelper:
08-31 16:37:12.859  3378  3507 I awcn.NetworkStatusHelper: Network detail*******************************
08-31 16:37:12.859  3378  3507 I awcn.NetworkStatusHelper: Status: WIFI
08-31 16:37:12.859  3378  3507 I awcn.NetworkStatusHelper: Subtype: wifi
08-31 16:37:12.859  3378  3507 I awcn.NetworkStatusHelper: BSSID:
08-31 16:37:12.859  3378  3507 I awcn.NetworkStatusHelper: SSID:
08-31 16:37:12.859  3378  3507 I awcn.NetworkStatusHelper: *********************************************
