08-31 18:05:10.102  2404  2713 D MediaController: onPlaybackStateChanged start####
08-31 18:05:10.103  2404  2432 D vol.MediaSessions: onPlaybackStateChanged cn.missevan STATE_NONE PlaybackState {state=0, position=0, buffered position=0, speed=0.0, updated=516424645, actions=101376, custom actions=[], active item id=-1, error=null}
08-31 18:05:10.103  1724  3997 D MediaSessionRecord: setPlaybackState state:PlaybackState {state=0, position=0, buffered position=0, speed=0.0, updated=516424647, actions=2461191, custom actions=[], active item id=-1, error=null}
08-31 18:05:10.103  1724  3997 D MediaSessionRecord: getPlaybackState start:PlaybackState {state=0, position=0, buffered position=0, speed=0.0, updated=516424647, actions=2461191, custom actions=[], active item id=-1, error=null}
08-31 18:05:10.103  6559  6891 V Avrcp_ext: onPlaybackStateChanged: state PlaybackState {state=0, position=0, buffered position=0, speed=0.0, updated=516424645, actions=101376, custom actions=[], active item id=-1, error=null}
08-31 18:05:10.103  6559  6588 D MediaController: onPlaybackStateChanged start####
08-31 18:05:10.103  6559  6891 D PlaybackState: setState position:-1
08-31 18:05:10.103  1724  1724 D MediaSessionRecord: pushPlaybackStateUpdate mPlaybackState:PlaybackState {state=0, position=0, buffered position=0, speed=0.0, updated=516424647, actions=2461191, custom actions=[], active item id=-1, error=null}
08-31 18:05:10.103  1724  1724 D MediaSessionRecord: pushPlaybackStateUpdate mPlaybackState:PlaybackState {state=0, position=0, buffered position=0, speed=0.0, updated=516424647, actions=2461191, custom actions=[], active item id=-1, error=null}
08-31 18:05:10.104  1724  2922 D MediaSessionRecord: setMetadata start#####
08-31 18:05:10.104  2404  2713 D MediaController: onPlaybackStateChanged start####
08-31 18:05:10.104  2404  2432 D vol.MediaSessions: onPlaybackStateChanged cn.missevan STATE_NONE PlaybackState {state=0, position=0, buffered position=0, speed=0.0, updated=516424647, actions=2461191, custom actions=[], active item id=-1, error=null}
08-31 18:05:10.104  6559  6588 D MediaController: onPlaybackStateChanged start####
08-31 18:05:10.104  1724  3997 D MediaSessionRecord: getMetadata :null, null, null
08-31 18:05:10.104  1724  1724 D MediaSessionRecord: pushMetadataUpdate mMetadata:null, null, null
08-31 18:05:10.104  6559  6891 V Avrcp_ext: updateCurrentMediaState: mMediaController: MediaController (cn.missevan@1bf8668) null, null, null
08-31 18:05:10.104  1724  1724 D MediaSessionRecord: pushMetadataUpdate mMetadata:null, null, null
08-31 18:05:10.105  2404  2432 D vol.MediaSessions: onMetadataChanged cn.missevan null, null, null
08-31 18:05:10.105  6559  6891 V Avrcp_ext: isMusicActive: false getBluetoothPlayState: 0
08-31 18:05:10.106  6559  6891 V Avrcp_ext: updateCurrentMediaState: get media attributes:
08-31 18:05:10.106  1724  2922 D MediaSessionRecord: getMetadata :null, null, null
08-31 18:05:10.106  1724  3997 D MediaSessionRecord: setMetadata start#####
08-31 18:05:10.106  1724  1724 D MediaSessionRecord: pushMetadataUpdate mMetadata:null, null, null
08-31 18:05:10.107  1724  1724 D MediaSessionRecord: pushMetadataUpdate mMetadata:null, null, null
08-31 18:05:10.107  1724  3997 D MediaSessionRecord: getMetadata :null, null, null
08-31 18:05:10.107  6559  6891 I Avrcp_ext: Skipping update due to invalid playback state
08-31 18:05:10.108  2404  2432 D vol.MediaSessions: onMetadataChanged cn.missevan null, null, null
08-31 18:05:10.108  6559  6891 V Avrcp_ext: updatePlaybackState, state: PlaybackState {state=0, position=0, buffered position=0, speed=0.0, updated=516424647, actions=2461191, custom actions=[], active item id=-1, error=null} device: null
08-31 18:05:10.108  6559  6891 V Avrcp_ext: Device: no name:
08-31 18:05:10.108  6559  6891 V Avrcp_ext: Device: no name:
08-31 18:05:10.108  6559  6891 V Avrcp_ext: updatePlayerStateAndPosition, old=PlaybackState {state=0, position=0, buffered position=0, speed=0.0, updated=516393287, actions=2461191, custom actions=[], active item id=-1, error=null}, state=PlaybackState {state=0, position=0, buffered position=0, speed=0.0, updated=516424647, actions=2461191, custom actions=[], active item id=-1, error=null}
08-31 18:05:10.108  6559  6891 V Avrcp_ext: old state = PlaybackState {state=0, position=0, buffered position=0, speed=0.0, updated=516393287, actions=2461191, custom actions=[], active item id=-1, error=null}, new state= PlaybackState {state=0, position=0, buffered position=0, speed=0.0, updated=516424647, actions=2461191, custom actions=[], active item id=-1, error=null}
08-31 18:05:10.109  6559  6891 D HeadsetService:  isAudioOn: The number of audio connected devices 0
08-31 18:05:10.109  6559  6891 D HeadsetService: isScoOrCallActive(): Call Active:falseCall is Ringing:falseSCO is Active:false
08-31 18:05:10.109  6559  6891 D HeadsetService:  isAudioOn: The number of audio connected devices 0
08-31 18:05:10.109  6559  6891 I Avrcp_ext: updatePlayStatusForDevice: device: null
08-31 18:05:10.109  6559  6891 V Avrcp_ext: updatePlaybackState (1): old=PlaybackState {state=0, position=0, buffered position=0, speed=0.0, updated=516393287, actions=2461191, custom actions=[], active item id=-1, error=null}(0), new=PlaybackState {state=0, position=0, buffered position=0, speed=0.0, updated=516424647, actions=2461191, custom actions=[], active item id=-1, error=null}(0)
08-31 18:05:10.109  6559  6891 I Avrcp_ext: Exit updatePlayStatusForDevice
08-31 18:05:10.110  6559  6891 D HeadsetService:  isAudioOn: The number of audio connected devices 0
08-31 18:05:10.110  6559  6891 D HeadsetService: isScoOrCallActive(): Call Active:falseCall is Ringing:falseSCO is Active:false
08-31 18:05:10.110  6559  6891 D HeadsetService:  isAudioOn: The number of audio connected devices 0
08-31 18:05:10.110  6559  6891 I Avrcp_ext: updatePlayStatusForDevice: device: null
08-31 18:05:10.110  6559  6891 V Avrcp_ext: updatePlaybackState (1): old=PlaybackState {state=0, position=0, buffered position=0, speed=0.0, updated=516393287, actions=2461191, custom actions=[], active item id=-1, error=null}(0), new=PlaybackState {state=0, position=0, buffered position=0, speed=0.0, updated=516424647, actions=2461191, custom actions=[], active item id=-1, error=null}(0)
08-31 18:05:10.110  6559  6891 I Avrcp_ext: Exit updatePlayStatusForDevice
08-31 18:05:10.110  6559  6891 D Avrcp_ext: sendPlayPosNotificationRsp: Not registered or requesting.
08-31 18:05:10.110  6559  6891 D Avrcp_ext: sendPlayPosNotificationRsp: Not registered or requesting.
08-31 18:05:10.110  6559  6891 V Avrcp_ext: Exit updatePlayerStateAndPosition
08-31 18:05:10.110  6559  6891 V Avrcp_ext:  Exit onPlaybackStateChanged
08-31 18:05:10.110  6559  6891 V Avrcp_ext: onPlaybackStateChanged: state PlaybackState {state=0, position=0, buffered position=0, speed=0.0, updated=516424647, actions=2461191, custom actions=[], active item id=-1, error=null}
08-31 18:05:10.110  6559  6891 D PlaybackState: setState position:-1
08-31 18:05:10.110  1724  3997 D MediaSessionRecord: getMetadata :null, null, null
08-31 18:05:10.111  6559  6891 V Avrcp_ext: updateCurrentMediaState: mMediaController: MediaController (cn.missevan@1bf8668) null, null, null
08-31 18:05:10.111  6559  6891 V Avrcp_ext: isMusicActive: false getBluetoothPlayState: 0
08-31 18:05:10.111  6559  6891 V Avrcp_ext: updateCurrentMediaState: get media attributes:
08-31 18:05:10.112  1724  3997 D MediaSessionRecord: getMetadata :null, null, null
08-31 18:05:10.112  1724  3997 D MediaSessionRecord: getMetadata :null, null, null
08-31 18:05:10.112  6559  6891 I Avrcp_ext: Skipping update due to invalid playback state
08-31 18:05:10.112  6559  6891 V Avrcp_ext: updatePlaybackState, state: PlaybackState {state=0, position=0, buffered position=0, speed=0.0, updated=516424647, actions=2461191, custom actions=[], active item id=-1, error=null} device: null
08-31 18:05:10.112  6559  6891 V Avrcp_ext: Device: no name:
08-31 18:05:10.112  6559  6891 V Avrcp_ext: Device: no name:
08-31 18:05:10.113  6559  6891 V Avrcp_ext: updatePlayerStateAndPosition, old=PlaybackState {state=0, position=0, buffered position=0, speed=0.0, updated=516424647, actions=2461191, custom actions=[], active item id=-1, error=null}, state=PlaybackState {state=0, position=0, buffered position=0, speed=0.0, updated=516424647, actions=2461191, custom actions=[], active item id=-1, error=null}
08-31 18:05:10.113  6559  6891 V Avrcp_ext: old state = PlaybackState {state=0, position=0, buffered position=0, speed=0.0, updated=516424647, actions=2461191, custom actions=[], active item id=-1, error=null}, new state= PlaybackState {state=0, position=0, buffered position=0, speed=0.0, updated=516424647, actions=2461191, custom actions=[], active item id=-1, error=null}
08-31 18:05:10.113  6559  6891 D HeadsetService:  isAudioOn: The number of audio connected devices 0
08-31 18:05:10.113  6559  6891 D HeadsetService: isScoOrCallActive(): Call Active:falseCall is Ringing:falseSCO is Active:false
08-31 18:05:10.113  6559  6891 D HeadsetService:  isAudioOn: The number of audio connected devices 0
08-31 18:05:10.113  6559  6891 I Avrcp_ext: updatePlayStatusForDevice: device: null
08-31 18:05:10.113  6559  6891 V Avrcp_ext: updatePlaybackState (1): old=PlaybackState {state=0, position=0, buffered position=0, speed=0.0, updated=516424647, actions=2461191, custom actions=[], active item id=-1, error=null}(0), new=PlaybackState {state=0, position=0, buffered position=0, speed=0.0, updated=516424647, actions=2461191, custom actions=[], active item id=-1, error=null}(0)
08-31 18:05:10.113  6559  6891 I Avrcp_ext: Exit updatePlayStatusForDevice
08-31 18:05:10.113  6559  6891 D HeadsetService:  isAudioOn: The number of audio connected devices 0
08-31 18:05:10.113  6559  6891 D HeadsetService: isScoOrCallActive(): Call Active:falseCall is Ringing:falseSCO is Active:false
08-31 18:05:10.114  6559  6891 D HeadsetService:  isAudioOn: The number of audio connected devices 0
08-31 18:05:10.114  6559  6891 I Avrcp_ext: updatePlayStatusForDevice: device: null
08-31 18:05:10.114  6559  6891 V Avrcp_ext: updatePlaybackState (1): old=PlaybackState {state=0, position=0, buffered position=0, speed=0.0, updated=516424647, actions=2461191, custom actions=[], active item id=-1, error=null}(0), new=PlaybackState {state=0, position=0, buffered position=0, speed=0.0, updated=516424647, actions=2461191, custom actions=[], active item id=-1, error=null}(0)
08-31 18:05:10.114  6559  6891 I Avrcp_ext: Exit updatePlayStatusForDevice
08-31 18:05:10.114  6559  6891 D Avrcp_ext: sendPlayPosNotificationRsp: Not registered or requesting.
08-31 18:05:10.114  6559  6891 D Avrcp_ext: sendPlayPosNotificationRsp: Not registered or requesting.
08-31 18:05:10.114  6559  6891 V Avrcp_ext: Exit updatePlayerStateAndPosition
08-31 18:05:10.114  6559  6891 V Avrcp_ext:  Exit onPlaybackStateChanged
08-31 18:05:10.114  6559  6891 V Avrcp_ext: onMetadataChanged
08-31 18:05:10.114  6559  6891 D PlaybackState: setState position:-1
08-31 18:05:10.114  1724  3997 D MediaSessionRecord: getMetadata :null, null, null
08-31 18:05:10.114  6559  6891 V Avrcp_ext: updateCurrentMediaState: mMediaController: MediaController (cn.missevan@1bf8668) null, null, null
08-31 18:05:10.114  6559  6891 V Avrcp_ext: isMusicActive: false getBluetoothPlayState: 0
08-31 18:05:09.900  1724  2178 I chatty  : uid=1000(system) AutobacklightTh identical 1 line
08-31 18:05:10.115  1724  1724 D NotificationService: handleSavePolicyFile
08-31 18:05:10.118  6559  6891 V Avrcp_ext: updateCurrentMediaState: get media attributes:
08-31 18:05:10.118  1724  2922 D MediaSessionRecord: getMetadata :null, null, null
08-31 18:05:10.119  1724  2922 D MediaSessionRecord: getMetadata :null, null, null
08-31 18:05:10.119  6559  6891 I Avrcp_ext: Skipping update due to invalid playback state
08-31 18:05:10.120  6559  6891 V Avrcp_ext: updatePlaybackState, state: PlaybackState {state=0, position=0, buffered position=0, speed=0.0, updated=516424647, actions=2461191, custom actions=[], active item id=-1, error=null} device: null
08-31 18:05:10.120  6559  6891 V Avrcp_ext: Device: no name:
08-31 18:05:10.120  6559  6891 V Avrcp_ext: Device: no name:
08-31 18:05:10.120  6559  6891 V Avrcp_ext: updatePlayerStateAndPosition, old=PlaybackState {state=0, position=0, buffered position=0, speed=0.0, updated=516424647, actions=2461191, custom actions=[], active item id=-1, error=null}, state=PlaybackState {state=0, position=0, buffered position=0, speed=0.0, updated=516424647, actions=2461191, custom actions=[], active item id=-1, error=null}
08-31 18:05:10.120  6559  6891 V Avrcp_ext: old state = PlaybackState {state=0, position=0, buffered position=0, speed=0.0, updated=516424647, actions=2461191, custom actions=[], active item id=-1, error=null}, new state= PlaybackState {state=0, position=0, buffered position=0, speed=0.0, updated=516424647, actions=2461191, custom actions=[], active item id=-1, error=null}
08-31 18:05:10.120  6559  6891 D HeadsetService:  isAudioOn: The number of audio connected devices 0
08-31 18:05:10.120  6559  6891 D HeadsetService: isScoOrCallActive(): Call Active:falseCall is Ringing:falseSCO is Active:false
08-31 18:05:10.121  6559  6891 D HeadsetService:  isAudioOn: The number of audio connected devices 0
08-31 18:05:10.121  6559  6891 I Avrcp_ext: updatePlayStatusForDevice: device: null
08-31 18:05:10.121  6559  6891 V Avrcp_ext: updatePlaybackState (1): old=PlaybackState {state=0, position=0, buffered position=0, speed=0.0, updated=516424647, actions=2461191, custom actions=[], active item id=-1, error=null}(0), new=PlaybackState {state=0, position=0, buffered position=0, speed=0.0, updated=516424647, actions=2461191, custom actions=[], active item id=-1, error=null}(0)
08-31 18:05:10.121  6559  6891 I Avrcp_ext: Exit updatePlayStatusForDevice
08-31 18:05:10.121  6559  6891 D HeadsetService:  isAudioOn: The number of audio connected devices 0
08-31 18:05:10.121  6559  6891 D HeadsetService: isScoOrCallActive(): Call Active:falseCall is Ringing:falseSCO is Active:false
08-31 18:05:10.121  6559  6891 D HeadsetService:  isAudioOn: The number of audio connected devices 0
08-31 18:05:10.121  6559  6891 I Avrcp_ext: updatePlayStatusForDevice: device: null
08-31 18:05:10.121  6559  6891 V Avrcp_ext: updatePlaybackState (1): old=PlaybackState {state=0, position=0, buffered position=0, speed=0.0, updated=516424647, actions=2461191, custom actions=[], active item id=-1, error=null}(0), new=PlaybackState {state=0, position=0, buffered position=0, speed=0.0, updated=516424647, actions=2461191, custom actions=[], active item id=-1, error=null}(0)
08-31 18:05:10.121  6559  6891 I Avrcp_ext: Exit updatePlayStatusForDevice
08-31 18:05:10.121  6559  6891 D Avrcp_ext: sendPlayPosNotificationRsp: Not registered or requesting.
08-31 18:05:10.121  6559  6891 D Avrcp_ext: sendPlayPosNotificationRsp: Not registered or requesting.
08-31 18:05:10.121  6559  6891 V Avrcp_ext: Exit updatePlayerStateAndPosition
08-31 18:05:10.122  6559  6891 V Avrcp_ext: onMetadataChanged
08-31 18:05:10.122  6559  6891 D PlaybackState: setState position:-1
08-31 18:05:10.122  1724  3997 D MediaSessionRecord: getMetadata :null, null, null
08-31 18:05:10.122  6559  6891 V Avrcp_ext: updateCurrentMediaState: mMediaController: MediaController (cn.missevan@1bf8668) null, null, null
08-31 18:05:10.122  6559  6891 V Avrcp_ext: isMusicActive: false getBluetoothPlayState: 0
08-31 18:05:10.122  6559  6891 V Avrcp_ext: updateCurrentMediaState: get media attributes:
08-31 18:05:10.123  1724  2922 D MediaSessionRecord: getMetadata :null, null, null
08-31 18:05:10.123  1724  2922 D MediaSessionRecord: getMetadata :null, null, null
08-31 18:05:10.123  6559  6891 I Avrcp_ext: Skipping update due to invalid playback state
08-31 18:05:10.124  6559  6891 V Avrcp_ext: updatePlaybackState, state: PlaybackState {state=0, position=0, buffered position=0, speed=0.0, updated=516424647, actions=2461191, custom actions=[], active item id=-1, error=null} device: null
08-31 18:05:10.124  6559  6891 V Avrcp_ext: Device: no name:
08-31 18:05:10.124  6559  6891 V Avrcp_ext: Device: no name:
08-31 18:05:10.124  6559  6891 V Avrcp_ext: updatePlayerStateAndPosition, old=PlaybackState {state=0, position=0, buffered position=0, speed=0.0, updated=516424647, actions=2461191, custom actions=[], active item id=-1, error=null}, state=PlaybackState {state=0, position=0, buffered position=0, speed=0.0, updated=516424647, actions=2461191, custom actions=[], active item id=-1, error=null}
08-31 18:05:10.124  6559  6891 V Avrcp_ext: old state = PlaybackState {state=0, position=0, buffered position=0, speed=0.0, updated=516424647, actions=2461191, custom actions=[], active item id=-1, error=null}, new state= PlaybackState {state=0, position=0, buffered position=0, speed=0.0, updated=516424647, actions=2461191, custom actions=[], active item id=-1, error=null}
08-31 18:05:10.124  6559  6891 D HeadsetService:  isAudioOn: The number of audio connected devices 0
08-31 18:05:10.124  6559  6891 D HeadsetService: isScoOrCallActive(): Call Active:falseCall is Ringing:falseSCO is Active:false
08-31 18:05:10.124  6559  6891 D HeadsetService:  isAudioOn: The number of audio connected devices 0
08-31 18:05:10.124  6559  6891 I Avrcp_ext: updatePlayStatusForDevice: device: null
08-31 18:05:10.124 16050 16217 I CronetEngine: [thread_background]
08-31 18:05:10.124 16050 16217 I CronetEngine: url: https://app.uat.missevan.com/discovery/hot-search
08-31 18:05:10.124 16050 16217 I CronetEngine:  ip: 10.21.250.10
08-31 18:05:10.124 16050 16217 I CronetEngine:  hostResolverProvider:
08-31 18:05:10.124 16050 16217 I CronetEngine:  hostResolveIps: []
08-31 18:05:10.124 16050 16217 I CronetEngine:
08-31 18:05:10.124  6559  6891 V Avrcp_ext: updatePlaybackState (1): old=PlaybackState {state=0, position=0, buffered position=0, speed=0.0, updated=516424647, actions=2461191, custom actions=[], active item id=-1, error=null}(0), new=PlaybackState {state=0, position=0, buffered position=0, speed=0.0, updated=516424647, actions=2461191, custom actions=[], active item id=-1, error=null}(0)
08-31 18:05:10.124  6559  6891 I Avrcp_ext: Exit updatePlayStatusForDevice
08-31 18:05:10.125  6559  6891 D HeadsetService:  isAudioOn: The number of audio connected devices 0
08-31 18:05:10.125  6559  6891 D HeadsetService: isScoOrCallActive(): Call Active:falseCall is Ringing:falseSCO is Active:false
08-31 18:05:10.125  6559  6891 D HeadsetService:  isAudioOn: The number of audio connected devices 0
08-31 18:05:10.125  6559  6891 I Avrcp_ext: updatePlayStatusForDevice: device: null
08-31 18:05:10.125  6559  6891 V Avrcp_ext: updatePlaybackState (1): old=PlaybackState {state=0, position=0, buffered position=0, speed=0.0, updated=516424647, actions=2461191, custom actions=[], active item id=-1, error=null}(0), new=PlaybackState {state=0, position=0, buffered position=0, speed=0.0, updated=516424647, actions=2461191, custom actions=[], active item id=-1, error=null}(0)
08-31 18:05:10.125  6559  6891 I Avrcp_ext: Exit updatePlayStatusForDevice
08-31 18:05:10.125  6559  6891 D Avrcp_ext: sendPlayPosNotificationRsp: Not registered or requesting.
08-31 18:05:10.125  6559  6891 D Avrcp_ext: sendPlayPosNotificationRsp: Not registered or requesting.
08-31 18:05:10.125  6559  6891 V Avrcp_ext: Exit updatePlayerStateAndPosition
08-31 18:05:10.127 16050 16227 I BLOG    : [RxCachedThreadScheduler-4] HTTP request: [2022-08-31T10:05:09.986Z] GET https://app.uat.missevan.com/discovery/hot-search 200 123ms 0
08-31 18:05:10.148  1724  1724 D FeatureService: onReceive action android.intent.action.BATTERY_CHANGED
08-31 18:05:10.148  2404  2404 D KeyguardUpdateMonitor: received broadcast android.intent.action.BATTERY_CHANGED
08-31 18:05:10.149  2765  2765 I chatty  : uid=1000(system) com.vivo.daemonService expire 6 lines
08-31 18:05:10.149  1724  5458 V LocSvc_HIDL_Subscription_jni: battery_level_update
08-31 18:05:10.150  2404  2404 D KeyguardUpdateMonitor: handleBatteryUpdate
08-31 18:05:10.150  1724  5458 V LocSvc_HIDL_Subscription_jni: [battery_level_update][931] [HC] =>> [HS]
08-31 18:05:10.150  2765  3264 I chatty  : uid=1000(system) NightPearlSubTh expire 5 lines
08-31 18:05:10.150   692   692 V LocSvc_HIDL_IzatSubscription: [batteryLevelUpdate][777] [HS] <<<<= [HC]
08-31 18:05:10.151  1724  5458 V LocSvc_HIDL_Subscription_jni: Exit Result 0
08-31 18:05:10.151  2831  2831 D QtiCarrierConfigHelper: WARNING, no carrier configs on phone Id: 0
08-31 18:05:10.152  2746  2746 D AIE-Bolts-Task: New thread: BoltsBgPool-thread-2675
08-31 18:05:10.158  1724  1724 D FeatureService: onReceive action android.intent.action.BATTERY_CHANGED
08-31 18:05:10.185   717   717 I SurfaceFlinger: FPS: 23
08-31 18:05:10.190 16322 16322 D Tinker.TinkerLoader: [main] [PendingLog @ 2022-08-31 18:05:08.154] tryLoad test test
08-31 18:05:10.192 16322 16322 W Tinker.TinkerLoader: [main] [PendingLog @ 2022-08-31 18:05:08.158] tryLoadPatchFiles:patch dir not exist:/data/user/0/cn.missevan/tinker
08-31 18:05:10.194 16322 16322 D Tinker.DefaultAppLike: [main] [PendingLog @ 2022-08-31 18:05:08.220] onBaseContextAttached:
08-31 18:05:10.196 16322 16322 D Tinker.DefaultAppLike: [main] [PendingLog @ 2022-08-31 18:05:08.310] onCreate
08-31 18:05:10.243 16050 16050 I Player.SinglePlayerConnection: [main] onServiceConnected, name: {cn.missevan/cn.missevan.lib.common.player.service.aidl.AidlPlayerService}
08-31 18:05:10.248 16286 16314 I Player.BaseAidlPlayerService: [Binder:16286_3] setMediaListener
08-31 18:05:10.250 16050 16050 I MissEvanApplication: [main] SinglePlayerConnection onConnected
08-31 18:05:10.251 16050 16050 I Player.SinglePlayerConnection: [main] updateAllConfig
08-31 18:05:10.256 16286 16286 I AidlPlayer: [main] init
08-31 18:05:10.259 16286 16314 I Player.BaseAidlPlayerService: [Binder:16286_3] updateConfig, configs: Bundle[mParcelledData.dataSize=188]
08-31 18:05:10.260 16286 16286 I Player.AlphaVideoPlayerCore: [main] init
08-31 18:05:10.261 16050 16050 I Player.SinglePlayer: [main] onServiceConnected
08-31 18:05:10.262 16050 16050 I Player.SinglePlayerConnection: [main] createPlayerIndex
08-31 18:05:10.263 16050 16050 I Player.SinglePlayerConnection.core0: [main] createPlayerIndex, currentIndex: null, nextIndex: 0
08-31 18:05:10.264 16286 16314 I Player.BaseAidlPlayerService.core0: [Binder:16286_3] createPlayer
08-31 18:05:10.265 16050 16050 I Player.SinglePlayer.core0: [main] initPlayer, from: UGCRecommendPageFragment
08-31 18:05:10.267 16050 16050 I Player.SinglePlayerConnection.core0: [main] createPlayerStateEvent
08-31 18:05:10.268 16286 16286 I @@@BBPLOG: Info T933CA548 CPlayMain L94 BPSDK 3.0.0.216, 12:43:35 Jul 18 2022. CPU: ARMV8. OS
08-31 18:05:10.270   715   715 V AudioPolicyService: registerClient() client 0xef19cda0, uid 10598
08-31 18:05:10.273 16050 16050 I Player.SinglePlayerConnection.core0: [main] createPlayerEvent
08-31 18:05:10.299 16050 16050 I Choreographer: Skipped 44 frames!  The application may be doing too much work on its main thread.
08-31 18:05:10.352 16050 16217 I CronetEngine: [thread_background]
08-31 18:05:10.352 16050 16217 I CronetEngine: url: https://app.uat.missevan.com/person/homepage-icons
08-31 18:05:10.352 16050 16217 I CronetEngine:  ip: 10.21.250.10
08-31 18:05:10.352 16050 16217 I CronetEngine:  hostResolverProvider:
08-31 18:05:10.352 16050 16217 I CronetEngine:  hostResolveIps: []
08-31 18:05:10.352 16050 16217 I CronetEngine:
08-31 18:05:10.357 16050 16316 I BLOG    : [RxCachedThreadScheduler-6] HTTP request: [2022-08-31T10:05:10.218Z] GET https://app.uat.missevan.com/person/homepage-icons 200 121ms 0
08-31 18:05:10.387 16050 16061 W System  : A resource failed to call close.
08-31 18:05:10.400 16050 16218 I BLOG    : [RxCachedThreadScheduler-3] HTTP request: [2022-08-31T10:05:10.151Z] GET https://app.uat.missevan.com/person/get-user-info?user_id=14241060 200 243ms 0
08-31 18:05:10.402 16050 16217 I CronetEngine: [thread_background]
08-31 18:05:10.402 16050 16217 I CronetEngine: url: https://app.uat.missevan.com/person/get-user-info?user_id=14241060
08-31 18:05:10.402 16050 16217 I CronetEngine:  ip: 10.21.250.10
08-31 18:05:10.402 16050 16217 I CronetEngine:  hostResolverProvider:
08-31 18:05:10.402 16050 16217 I CronetEngine:  hostResolveIps: []
08-31 18:05:10.402 16050 16217 I CronetEngine:
08-31 18:05:10.449 16286 16286 I okhttp.cronet.httpdns: [main] OkHttp cronet native httpdns enabled.
08-31 18:05:10.450 16286 16286 D CronetEngine: [main] cronet httpdns open!
08-31 18:05:10.450 16286 16286 D CronetEngine:  configure dns ips: [203.107.1.65, 203.107.1.34, 203.107.1.66, 203.107.1.33]
08-31 18:05:10.459 16388 16388 I Perf    : Connecting to perf service.
08-31 18:05:10.480 16388 16388 D Tinker.TinkerLoader: tryLoad test test
08-31 18:05:10.484  1724 14873 D PackageManager: package:10598 check permission,PERMISSION_GRANTED
08-31 18:05:10.485 16388 16388 W Tinker.TinkerLoader: tryLoadPatchFiles:patch dir not exist:/data/user/0/cn.missevan/tinker
08-31 18:05:10.534 16286 16286 I httpdns.native: [main] Native httpdns enabled.
08-31 18:05:10.547 16286 16286 I okhttp.cronet.httpdns: [main] OkHttp cronet native httpdns enabled.
08-31 18:05:10.550 16286 16286 I httpdns.holder.native: [main] host rules *.maoercdn.com, *.bilivideo.com, *.missevan.com.
08-31 18:05:10.551 16388 16388 D Tinker.DefaultAppLike: onBaseContextAttached:
08-31 18:05:10.552 16286 16286 I httpdns.holder.native: [main] Init native httpdns with provider ali.
08-31 18:05:10.555 16388 16388 I MultiDex: VM with version 2.1.0 has multidex support
08-31 18:05:10.556 16388 16388 I MultiDex: Installing application
08-31 18:05:10.556 16388 16388 I MultiDex: VM has multidex support, MultiDex support library is disabled.
08-31 18:05:10.571 16286 16286 I cr_BiliCrLibraryLoader: BiliCr version: 88.0.4324.188, arch: aarch64
08-31 18:05:10.571 16286 16286 W chromium: [0831/180510.571642:WARNING:httpdns_adapter.cc(290)] HttpDns init
08-31 18:05:10.383  1724  2178 I chatty  : uid=1000(system) AutobacklightTh identical 1 line
08-31 18:05:10.578  1724  2478 D ConnectivityService: requestNetwork for uid/pid:10598/16286 NetworkRequest [ TRACK_DEFAULT id=754, [ Capabilities: INTERNET&NOT_RESTRICTED&TRUSTED Unwanted:  Uid: 10598] ]
08-31 18:05:10.579  1724  2157 D Ethernet: got request NetworkRequest [ TRACK_DEFAULT id=754, [ Capabilities: INTERNET&NOT_RESTRICTED&TRUSTED Unwanted:  Uid: 10598] ] with score 60
08-31 18:05:10.580  1724  2084 D ConnectivityService: isWifiPoorLink:false, nai.everValidated:true, networkType:1, networkDetailedState:CONNECTED, nai.isLingering():false, unneeded(nai, UnneededFor.TEARDOWN):false
08-31 18:05:10.580  1724  2070 D WIFI    : got request NetworkRequest [ TRACK_DEFAULT id=754, [ Capabilities: INTERNET&NOT_RESTRICTED&TRUSTED Unwanted:  Uid: 10598] ] with score 60
08-31 18:05:10.580  1724  2070 D WIFI_UT : got request NetworkRequest [ TRACK_DEFAULT id=754, [ Capabilities: INTERNET&NOT_RESTRICTED&TRUSTED Unwanted:  Uid: 10598] ] with score 60
08-31 18:05:10.581  2831  2831 D PhoneSwitcherNetworkRequstListener: got request NetworkRequest [ TRACK_DEFAULT id=754, [ Capabilities: INTERNET&NOT_RESTRICTED&TRUSTED Unwanted:  Uid: 10598] ] with score 60
08-31 18:05:10.584 16286 16286 I @@@BBPLOG: Info T933CA548 CPlayMain L243 The DataLog UserID: 0XD94D24
08-31 18:05:10.584 16286 16286 I @@@BBPLOG: Info T933CA548 CPlayMain L250 The DataLog BUVID: XY277FF2DFB139F19721118D30677E832AAF4
08-31 18:05:10.584 16286 16286 I @@@BBPLOG: Info T933CA548 CPlayMain L264 The DataLog AppVer: 5.7.3
08-31 18:05:10.584 16286 16286 I @@@BBPLOG: Info T933CA548 CPlayMain L284 The DataLog app type:   6
08-31 18:05:10.584 16286 16286 I @@@BBPLOG: Info T933ca548 BBPFuncLog L123 ----CIPMng::Clear Value is 00000000 start.
08-31 18:05:10.584 16286 16286 I @@@BBPLOG: Info T933ca548 BBPFuncLog L142 ----CIPMng::Clear leave! no return. Ussed Time: 0
08-31 18:05:10.584 16286 16286 I @@@BBPLOG: Info T933CA548 CPlayMain L272 The DataLog net type: 3
08-31 18:05:10.584 16286 16286 I @@@BBPLOG: Info T933CA548 CPlayMain L312 Set cronet engine: 0x720c738fc0
08-31 18:05:10.587 16286 16286 I AidlAlphaVideoPlayer: [main] init
08-31 18:05:10.589 16286 16286 I Player.Aidl: [main] updateConfig
08-31 18:05:10.590 16286 16286 I Player.AlphaVideoPlayerCore: [main] updateConfig, user id: 14241060
08-31 18:05:10.590 16286 16286 I @@@BBPLOG: Info T933CA548 CPlayMain L243 The DataLog UserID: 0XD94D24
08-31 18:05:10.591 16286 16286 I Player.AlphaVideoPlayerCore: [main] updateConfig, version name: 5.7.3
08-31 18:05:10.592 16286 16286 I @@@BBPLOG: Info T933CA548 CPlayMain L264 The DataLog AppVer: 5.7.3
08-31 18:05:10.592 16286 16286 I Player.AlphaVideoPlayerCore: [main] updateConfig, buvid: XY277FF2DFB139F19721118D30677E832AAF4
08-31 18:05:10.593 16286 16286 I @@@BBPLOG: Info T933CA548 CPlayMain L250 The DataLog BUVID: XY277FF2DFB139F19721118D30677E832AAF4
08-31 18:05:10.593 16286 16286 I Player.Aidl.core0: [main] createNewCore
08-31 18:05:10.602 16286 16286 I Player.BBPlayer.core0: [main] init
08-31 18:05:10.604 16286 16286 I @@@BBPLOG: Info T933CA548 CPlayMain L94 BPSDK 3.0.0.216, 12:43:35 Jul 18 2022. CPU: ARMV8. OS
08-31 18:05:10.605 16286 16286 I @@@BBPLOG: Info T933CA548 CPlayMain L243 The DataLog UserID: 0XD94D24
08-31 18:05:10.605 16286 16286 I @@@BBPLOG: Info T933CA548 CPlayMain L250 The DataLog BUVID: XY277FF2DFB139F19721118D30677E832AAF4
08-31 18:05:10.605 16286 16286 I @@@BBPLOG: Info T933CA548 CPlayMain L264 The DataLog AppVer: 5.7.3
08-31 18:05:10.605 16286 16286 I @@@BBPLOG: Info T933CA548 CPlayMain L284 The DataLog app type:   6
08-31 18:05:10.605 16286 16286 I @@@BBPLOG: Info T933ca548 BBPFuncLog L123 ----CIPMng::Clear Value is 00000000 start.
08-31 18:05:10.605 16286 16286 I @@@BBPLOG: Info T933ca548 BBPFuncLog L142 ----CIPMng::Clear leave! no return. Ussed Time: 0
08-31 18:05:10.605 16286 16286 I @@@BBPLOG: Info T933CA548 CPlayMain L272 The DataLog net type: 3
08-31 18:05:10.605 16286 16286 I @@@BBPLOG: Info T933CA548 CPlayMain L312 Set cronet engine: 0x720c738fc0
08-31 18:05:10.606 16286 16286 I @@@BBPLOG: Info T933CA548 CPlayMain L257 The Session UUID: bba2993d-7572-4d18-9f47-3aade38be9f3
08-31 18:05:10.607 16286 16286 I Player.Aidl.core0: [main] initPlayerCoreEvent
08-31 18:05:10.615 16286 16286 D Player.AlphaVideoPlayerCore: [main] event(1342177297): msg_log_cb, arg1: 0, arg2: 0, any: Info T933CA548 CPlayMain L243 The DataLog UserID: 0XD94D24
08-31 18:05:10.615 16286 16286 D Player.AlphaVideoPlayerCore:
08-31 18:05:10.617 16286 16286 I Player.AlphaVideoPlayerCore: [main] msg_log_cb, Info T933CA548 CPlayMain L243 The DataLog UserID: 0XD94D24
08-31 18:05:10.617 16286 16286 I Player.AlphaVideoPlayerCore:
08-31 18:05:10.619 16286 16286 D Player.AlphaVideoPlayerCore: [main] event(1342177297): msg_log_cb, arg1: 0, arg2: 0, any: Info T933CA548 CPlayMain L264 The DataLog AppVer: 5.7.3
08-31 18:05:10.619 16286 16286 D Player.AlphaVideoPlayerCore:
08-31 18:05:10.620 16286 16286 I Player.AlphaVideoPlayerCore: [main] msg_log_cb, Info T933CA548 CPlayMain L264 The DataLog AppVer: 5.7.3
08-31 18:05:10.620 16286 16286 I Player.AlphaVideoPlayerCore:
08-31 18:05:10.622 16286 16286 D Player.AlphaVideoPlayerCore: [main] event(1342177297): msg_log_cb, arg1: 0, arg2: 0, any: Info T933CA548 CPlayMain L250 The DataLog BUVID: XY277FF2DFB139F19721118D30677E832AAF4
08-31 18:05:10.622 16286 16286 D Player.AlphaVideoPlayerCore:
08-31 18:05:10.623 16286 16286 I Player.AlphaVideoPlayerCore: [main] msg_log_cb, Info T933CA548 CPlayMain L250 The DataLog BUVID: XY277FF2DFB139F19721118D30677E832AAF4
08-31 18:05:10.623 16286 16286 I Player.AlphaVideoPlayerCore:
08-31 18:05:10.623 16286 16532 I chromium: [0831/180510.623820:INFO:httpdns.cc(234)] OnEffectiveConnectionTypeChanged called by httpdns context networks 5
08-31 18:05:10.625 16286 16286 D Player.BBPlayer.core0: [main] event(1342177297): msg_log_cb, arg1: 0, arg2: 0, any: Info T933CA548 CPlayMain L257 The Session UUID: bba2993d-7572-4d18-9f47-3aade38be9f3
08-31 18:05:10.625 16286 16286 D Player.BBPlayer.core0:
08-31 18:05:10.626 16286 16286 I Player.BBPlayer.core0: [main] msg_log_cb, Info T933CA548 CPlayMain L257 The Session UUID: bba2993d-7572-4d18-9f47-3aade38be9f3
08-31 18:05:10.626 16286 16286 I Player.BBPlayer.core0:
08-31 18:05:10.667 16050 16050 I UGCRecommendPageFragment: [main] initView
08-31 18:05:10.684  1724  3997 D PackageManager: package:10598 check permission,PERMISSION_GRANTED
08-31 18:05:10.685 16388 16388 D Tinker.DefaultAppLike: onCreate
08-31 18:05:10.588  1724  2084 D ConnectivityService: isWifiPoorLink:false, nai.everValidated:true, networkType:1, networkDetailedState:CONNECTED, nai.isLingering():false, unneeded(nai, UnneededFor.TEARDOWN):false
08-31 18:05:10.707 16050 16217 I CronetEngine: [thread_background]
08-31 18:05:10.707 16050 16217 I CronetEngine: url: https://fm.uat.missevan.com/api/v2/meta/data
08-31 18:05:10.707 16050 16217 I CronetEngine:  ip: 10.21.250.10
08-31 18:05:10.707 16050 16217 I CronetEngine:  hostResolverProvider:
08-31 18:05:10.707 16050 16217 I CronetEngine:  hostResolveIps: []
08-31 18:05:10.707 16050 16217 I CronetEngine:
08-31 18:05:10.709 16050 16130 D LeakCanary: Setting up flushing for Thread[SL-NetWorkSender,5,main]
08-31 18:05:10.717 16050 16333 I BLOG    : [RxCachedThreadScheduler-7] HTTP request: [2022-08-31T10:05:10.572Z] GET https://fm.uat.missevan.com/api/v2/meta/data 200 130ms 0
08-31 18:05:10.722 16050 16217 I CronetEngine: [thread_background]
08-31 18:05:10.722 16050 16217 I CronetEngine: url: https://fm.uat.missevan.com/api/v2/meta/banner
08-31 18:05:10.722 16050 16217 I CronetEngine:  ip: 10.21.250.10
08-31 18:05:10.722 16050 16217 I CronetEngine:  hostResolverProvider:
08-31 18:05:10.722 16050 16217 I CronetEngine:  hostResolveIps: []
08-31 18:05:10.722 16050 16217 I CronetEngine:
08-31 18:05:10.722 16050 16217 I CronetEngine: [thread_background]
08-31 18:05:10.722 16050 16217 I CronetEngine: url: https://fm.uat.missevan.com/api/v2/user/rank/top
08-31 18:05:10.722 16050 16217 I CronetEngine:  ip: 10.21.250.10
08-31 18:05:10.722 16050 16217 I CronetEngine:  hostResolverProvider:
08-31 18:05:10.722 16050 16217 I CronetEngine:  hostResolveIps: []
08-31 18:05:10.722 16050 16217 I CronetEngine:
08-31 18:05:10.724 16050 16226 I BLOG    : [RxCachedThreadScheduler-5] HTTP request: [2022-08-31T10:05:10.577Z] GET https://fm.uat.missevan.com/api/v2/meta/banner 200 130ms 0
08-31 18:05:10.725 16050 16207 I BLOG    : [RxCachedThreadScheduler-1] HTTP request: [2022-08-31T10:05:10.575Z] GET https://fm.uat.missevan.com/api/v2/user/rank/top 200 133ms 0
08-31 18:05:10.768 16050 16217 I CronetEngine: [thread_background]
08-31 18:05:10.768 16050 16217 I CronetEngine: url: https://fm.uat.missevan.com/api/v2/chatroom/open/list?p=1&type=0
08-31 18:05:10.768 16050 16217 I CronetEngine:  ip: 10.21.250.10
08-31 18:05:10.768 16050 16217 I CronetEngine:  hostResolverProvider:
08-31 18:05:10.768 16050 16217 I CronetEngine:  hostResolveIps: []
08-31 18:05:10.768 16050 16217 I CronetEngine:
08-31 18:05:10.774 16050 16217 I CronetEngine: [thread_background]
08-31 18:05:10.774 16050 16217 I CronetEngine: url: https://app.uat.missevan.com/site/catalog-root
08-31 18:05:10.774 16050 16217 I CronetEngine:  ip: 10.21.250.10
08-31 18:05:10.774 16050 16217 I CronetEngine:  hostResolverProvider:
08-31 18:05:10.774 16050 16217 I CronetEngine:  hostResolveIps: []
08-31 18:05:10.774 16050 16217 I CronetEngine:
08-31 18:05:10.780 16050 16316 I BLOG    : [RxCachedThreadScheduler-6] HTTP request: [2022-08-31T10:05:10.632Z] GET https://app.uat.missevan.com/site/catalog-root 200 136ms 0
08-31 18:05:10.782 16050 16217 I CronetEngine: [thread_background]
08-31 18:05:10.782 16050 16217 I CronetEngine: url: https://app.uat.missevan.com/site/editor-choice
08-31 18:05:10.782 16050 16217 I CronetEngine:  ip: 58.216.14.244
08-31 18:05:10.782 16050 16217 I CronetEngine:  hostResolverProvider:
08-31 18:05:10.782 16050 16217 I CronetEngine:  hostResolveIps: []
08-31 18:05:10.782 16050 16217 I CronetEngine:
08-31 18:05:10.783 16050 16216 I BLOG    : [RxCachedThreadScheduler-2] HTTP request: [2022-08-31T10:05:10.580Z] GET https://fm.uat.missevan.com/api/v2/chatroom/open/list?p=1&type=0 200 181ms 0
08-31 18:05:10.784 16050 16218 I BLOG    : [RxCachedThreadScheduler-3] HTTP request: [2022-08-31T10:05:10.636Z] GET https://app.uat.missevan.com/site/editor-choice 200 138ms 0
08-31 18:05:10.787 16050 16050 W RecyclerView: No adapter attached; skipping layout
08-31 18:05:10.823 16050 16217 I CronetEngine: [thread_background]
08-31 18:05:10.823 16050 16217 I CronetEngine: url: https://app.uat.missevan.com/site/editor-catalog
08-31 18:05:10.823 16050 16217 I CronetEngine:  ip: 58.216.14.244
08-31 18:05:10.823 16050 16217 I CronetEngine:  hostResolverProvider:
08-31 18:05:10.823 16050 16217 I CronetEngine:  hostResolveIps: []
08-31 18:05:10.823 16050 16217 I CronetEngine:
08-31 18:05:10.836 16050 16320 I OpenGLRenderer: Davey! duration=1286ms; Flags=1, IntendedVsync=121844381414317, Vsync=121845114747621, OldestInputEvent=9223372036854775807, NewestInputEvent=0, HandleInputStart=121845130870133, AnimationStart=121845131628779, PerformTraversalsStart=121845138690081, DrawStart=121845627931123, SyncQueued=121845647474664, SyncStart=121845647558362, IssueDrawCommandsStart=121845648991591, SwapBuffers=121845666480446, FrameCompleted=121845668375289, DequeueBufferDuration=394000, QueueBufferDuration=1212000,
08-31 18:05:11.145 16388 16388 W pool-3-thread-1: type=1400 audit(0.0:50220): avc: denied { read } for name="version" dev="proc" ino=4026532090 scontext=u:r:untrusted_app:s0:c86,c258,c512,c768 tcontext=u:object_r:proc_version:s0 tclass=file permissive=0
08-31 18:05:10.839 16050 16540 I BLOG    : [RxCachedThreadScheduler-8] HTTP request: [2022-08-31T10:05:10.641Z] GET https://app.uat.missevan.com/site/editor-catalog 200 170ms 0
08-31 18:05:10.856 16050 16050 I Choreographer: Skipped 32 frames!  The application may be doing too much work on its main thread.
08-31 18:05:10.856 16322 16322 I PlayerService: [main] PlayerService onGetRoot client package name = cn.missevan client uid = 10598, root hints = Bundle[{}]
08-31 18:05:10.955 16388 16388 W .missevan:stat: Accessing hidden method Landroid/app/ActivityThread;->currentApplication()Landroid/app/Application; (light greylist, linking)
08-31 18:05:11.041 16050 16050 D LiveRecommendNavigatorAdapter: [main] size: 60
08-31 18:05:11.069   715   915 V AudioFlinger: releaseWakeLock_l() AudioOut_15
08-31 18:05:11.069   715   915 V AudioFlinger: thread 0xed003f40 type 0 TID 915 going to sleep
08-31 18:05:11.071   715   916 V AudioFlinger: releaseWakeLock_l() AudioOut_25
08-31 18:05:11.071   715   916 V AudioFlinger: thread 0xecd03080 type 0 TID 916 going to sleep
08-31 18:05:11.072   715   913 V AudioFlinger: releaseWakeLock_l() AudioOut_D
08-31 18:05:11.073   715   913 V AudioFlinger: thread 0xed395880 type 0 TID 913 going to sleep
08-31 18:05:11.100 16050 16476 D skia    : --- Failed to create image decoder with message 'unimplemented'
08-31 18:05:11.101 16050 16369 D skia    : --- Failed to create image decoder with message 'unimplemented'
08-31 18:05:11.104 16050 16369 D skia    : --- Failed to create image decoder with message 'unimplemented'
08-31 18:05:11.104 16050 16476 D skia    : --- Failed to create image decoder with message 'unimplemented'
08-31 18:05:11.105 16050 16369 D skia    : --- Failed to create image decoder with message 'unimplemented'
08-31 18:05:11.105 16050 16476 D skia    : --- Failed to create image decoder with message 'unimplemented'
08-31 18:05:11.106 16050 16369 D skia    : --- Failed to create image decoder with message 'unimplemented'
08-31 18:05:11.106 16050 16476 D skia    : --- Failed to create image decoder with message 'unimplemented'
08-31 18:05:11.110  1724 14873 D PackageManager: package:10598 check permission,PERMISSION_GRANTED
08-31 18:05:11.127 16388 16557 D SentryLog: [pool-3-thread-1] SU isn't found on this Device.
08-31 18:05:11.131  1724  2931 D PackageManager: package:10598 check permission,PERMISSION_GRANTED
08-31 18:05:11.153 16050 16217 I CronetEngine: [thread_background]
08-31 18:05:11.153 16050 16217 I CronetEngine: url: https://fm.uat.missevan.com/api/v2/recommended/top
08-31 18:05:11.153 16050 16217 I CronetEngine:  ip: 10.21.250.10
08-31 18:05:11.153 16050 16217 I CronetEngine:  hostResolverProvider:
08-31 18:05:11.153 16050 16217 I CronetEngine:  hostResolveIps: []
08-31 18:05:11.153 16050 16217 I CronetEngine:
08-31 18:05:11.155 16050 16218 I BLOG    : [RxCachedThreadScheduler-3] HTTP request: [2022-08-31T10:05:11.007Z] GET https://fm.uat.missevan.com/api/v2/recommended/top 200 143ms 0
08-31 18:05:11.157  1724  2931 I chatty  : uid=1000(system) Binder:1724_F identical 9 lines
08-31 18:05:11.161 16050 16217 I CronetEngine: [thread_background]
08-31 18:05:11.161 16050 16217 I CronetEngine: url: https://fm.uat.missevan.com/api/v2/user/rank/top
08-31 18:05:11.161 16050 16217 I CronetEngine:  ip: 10.21.250.10
08-31 18:05:11.161 16050 16217 I CronetEngine:  hostResolverProvider:
08-31 18:05:11.161 16050 16217 I CronetEngine:  hostResolveIps: []
08-31 18:05:11.161 16050 16217 I CronetEngine:
08-31 18:05:11.162 16050 16227 I BLOG    : [RxCachedThreadScheduler-4] HTTP request: [2022-08-31T10:05:11.012Z] GET https://fm.uat.missevan.com/api/v2/user/rank/top 200 144ms 0
08-31 18:05:11.165 16388 16388 I SentryLog: [main] Initializing SDK with DSN: 'https://8e68e4623f6348b0b9984471d41e3e2d@sentry.missevan.com/2'
08-31 18:05:11.170 16388 16388 I SentryLog: [main] GlobalHubMode: 'true'
08-31 18:05:11.184 16050 16217 I CronetEngine: [thread_background]
08-31 18:05:11.184 16050 16217 I CronetEngine: url: https://app.uat.missevan.com/site/icons?sync=0
08-31 18:05:11.184 16050 16217 I CronetEngine:  ip: 10.21.250.10
08-31 18:05:11.184 16050 16217 I CronetEngine:  hostResolverProvider:
08-31 18:05:11.184 16050 16217 I CronetEngine:  hostResolveIps: []
08-31 18:05:11.184 16050 16217 I CronetEngine:
08-31 18:05:11.186 16050 16316 I BLOG    : [RxCachedThreadScheduler-6] HTTP request: [2022-08-31T10:05:11.003Z] GET https://app.uat.missevan.com/site/icons?sync=0 200 178ms 0
08-31 18:05:11.190 16050 16217 I CronetEngine: [thread_background]
08-31 18:05:11.190 16050 16217 I CronetEngine: url: https://fm.uat.missevan.com/api/v2/recommended/homepage?persona_id=2
08-31 18:05:11.190 16050 16217 I CronetEngine:  ip: 10.21.250.10
08-31 18:05:11.190 16050 16217 I CronetEngine:  hostResolverProvider:
08-31 18:05:11.190 16050 16217 I CronetEngine:  hostResolveIps: []
08-31 18:05:11.190 16050 16217 I CronetEngine:
08-31 18:05:11.191 16050 16217 I CronetEngine: [thread_background]
08-31 18:05:11.191 16050 16217 I CronetEngine: url: https://app.uat.missevan.com/site/get-top?persona_id=2
08-31 18:05:11.191 16050 16217 I CronetEngine:  ip: 10.21.250.10
08-31 18:05:11.191 16050 16217 I CronetEngine:  hostResolverProvider:
08-31 18:05:11.191 16050 16217 I CronetEngine:  hostResolveIps: []
08-31 18:05:11.191 16050 16217 I CronetEngine:
08-31 18:05:11.192 16050 16216 I BLOG    : [RxCachedThreadScheduler-2] HTTP request: [2022-08-31T10:05:11.006Z] GET https://fm.uat.missevan.com/api/v2/recommended/homepage?persona_id=2 200 181ms 0
08-31 18:05:11.192 16050 16207 I BLOG    : [RxCachedThreadScheduler-1] HTTP request: [2022-08-31T10:05:11.001Z] GET https://app.uat.missevan.com/site/get-top?persona_id=2 200 187ms 0
08-31 18:05:11.192   685   883 E qti_sensors_hal: w_orient output WORT -1 0 0
08-31 18:05:11.027  1724  2178 I chatty  : uid=1000(system) AutobacklightTh identical 2 lines
08-31 18:05:11.193  1724  1853 V WindowOrientationListener: w_orient: framework Raw window_orientation data: x=-1.0, y=0.0, z=0.0
08-31 18:05:11.193  1724  1853 V WindowOrientationListener: w_orient: oldProposedRotation=0 proposedRotation=-1
08-31 18:05:11.212 16388 16388 D SentryLog: [main] UncaughtExceptionHandlerIntegration enabled: true
08-31 18:05:11.214 16388 16388 D SentryLog: [main] default UncaughtExceptionHandler class='xcrash.i'
08-31 18:05:11.215 16388 16388 D SentryLog: [main] UncaughtExceptionHandlerIntegration installed.
08-31 18:05:11.217 16388 16388 D SentryLog: [main] ShutdownHookIntegration installed.
08-31 18:05:11.221 16388 16388 D SentryLog: [main] SendCachedEventFireAndForgetIntegration installed.
08-31 18:05:11.222 16388 16388 D SentryLog: [main] NdkIntegration enabled: true
08-31 18:05:11.222 16388 16560 D SentryLog: [pool-2-thread-1] Started processing cached files from /data/user/0/cn.missevan/cache/sentry
08-31 18:05:11.223 16050 16217 I CronetEngine: [thread_background]
08-31 18:05:11.223 16050 16217 I CronetEngine: url: https://app.uat.missevan.com/drama/tag
08-31 18:05:11.223 16050 16217 I CronetEngine:  ip: 10.21.250.10
08-31 18:05:11.223 16050 16217 I CronetEngine:  hostResolverProvider:
08-31 18:05:11.223 16050 16217 I CronetEngine:  hostResolveIps: []
08-31 18:05:11.223 16050 16217 I CronetEngine:
08-31 18:05:11.223 16388 16388 I sentry-native: using database path "/data/data/cn.missevan/cache/sentry/.sentry-native"
08-31 18:05:11.224 16388 16388 D sentry-native: starting backend
08-31 18:05:11.226 16388 16388 D SentryLog: [main] NdkIntegration installed.
08-31 18:05:11.226 16050 16553 I BLOG    : [RxCachedThreadScheduler-12] HTTP request: [2022-08-31T10:05:11.040Z] GET https://app.uat.missevan.com/drama/tag 200 172ms 0
08-31 18:05:11.227 16388 16388 D SentryLog: [main] Registering EnvelopeFileObserverIntegration for path: /data/user/0/cn.missevan/cache/sentry/outbox
08-31 18:05:11.230 16388 16560 D SentryLog: [pool-2-thread-1] Processing dir. /data/user/0/cn.missevan/cache/sentry
08-31 18:05:11.230 16388 16388 D SentryLog: [main] EnvelopeFileObserverIntegration installed.
08-31 18:05:11.231 16050 16217 I CronetEngine: [thread_background]
08-31 18:05:11.231 16050 16217 I CronetEngine: url: https://app.uat.missevan.com/site/tab-icons?tab_id=101
08-31 18:05:11.231 16050 16217 I CronetEngine:  ip: 10.21.250.10
08-31 18:05:11.231 16050 16217 I CronetEngine:  hostResolverProvider:
08-31 18:05:11.231 16050 16217 I CronetEngine:  hostResolveIps: []
08-31 18:05:11.231 16050 16217 I CronetEngine:
08-31 18:05:11.231   685   883 E qti_sensors_hal: w_orient output WORT 0 49 349
08-31 18:05:11.232  1724  1853 V WindowOrientationListener: w_orient: framework Raw window_orientation data: x=0.0, y=49.0, z=349.0
08-31 18:05:11.232 16388 16388 D SentryLog: [main] SendCachedEventFireAndForgetIntegration installed.
08-31 18:05:11.232  1724  1853 V WindowOrientationListener: w_orient: oldProposedRotation=-1 proposedRotation=0
08-31 18:05:11.232  1724  1853 V WindowOrientationListener: Proposed rotation changed!  proposedRotation=0, oldProposedRotation=-1
08-31 18:05:11.233 16388 16388 D SentryLog: [main] AnrIntegration enabled: true
08-31 18:05:11.234 16388 16560 D SentryLog: [pool-2-thread-1] Processing 0 items from cache dir /data/user/0/cn.missevan/cache/sentry
08-31 18:05:11.235 16050 16550 I BLOG    : [RxCachedThreadScheduler-9] HTTP request: [2022-08-31T10:05:11.039Z] GET https://app.uat.missevan.com/site/tab-icons?tab_id=101 200 189ms 0
08-31 18:05:11.235 16388 16388 D SentryLog: [main] ANR timeout in milliseconds: 5000
08-31 18:05:11.236 16050 16217 I CronetEngine: [thread_background]
08-31 18:05:11.236 16050 16217 I CronetEngine: url: https://app.uat.missevan.com/drama/recommend-modules?catalog_id=89
08-31 18:05:11.236 16050 16217 I CronetEngine:  ip: 10.21.250.10
08-31 18:05:11.236 16050 16217 I CronetEngine:  hostResolverProvider:
08-31 18:05:11.236 16050 16217 I CronetEngine:  hostResolveIps: []
08-31 18:05:11.236 16050 16217 I CronetEngine:
08-31 18:05:11.239 16388 16560 D SentryLog: [pool-2-thread-1] File /data/user/0/cn.missevan/cache/sentry/outbox is not a File.
08-31 18:05:11.240 16050 16552 I BLOG    : [RxCachedThreadScheduler-11] HTTP request: [2022-08-31T10:05:11.054Z] GET https://app.uat.missevan.com/drama/recommend-modules?catalog_id=89 200 175ms 0
08-31 18:05:11.242 16388 16560 D SentryLog: [pool-2-thread-1] Processing file: /data/user/0/cn.missevan/cache/sentry/session.json
08-31 18:05:11.245 16388 16388 D SentryLog: [main] AnrIntegration installed.
08-31 18:05:11.245 16388 16560 D SentryLog: [pool-2-thread-1] File '/data/user/0/cn.missevan/cache/sentry/session.json' doesn't match extension expected.
08-31 18:05:11.246 16050 16217 I CronetEngine: [thread_background]
08-31 18:05:11.246 16050 16217 I CronetEngine: url: https://app.uat.missevan.com/you-might-like/get-recommends?persona_id=2&boot=1
08-31 18:05:11.246 16050 16217 I CronetEngine:  ip: 10.21.250.10
08-31 18:05:11.246 16050 16217 I CronetEngine:  hostResolverProvider:
08-31 18:05:11.246 16050 16217 I CronetEngine:  hostResolveIps: []
08-31 18:05:11.246 16050 16217 I CronetEngine:
08-31 18:05:11.248 16388 16388 D SentryLog: [main] enableSessionTracking enabled: true
08-31 18:05:11.248 16050 16226 I BLOG    : [RxCachedThreadScheduler-5] HTTP request: [2022-08-31T10:05:11.002Z] GET https://app.uat.missevan.com/you-might-like/get-recommends?persona_id=2&boot=1 200 237ms 0
08-31 18:05:11.249 16388 16560 D SentryLog: [pool-2-thread-1] File /data/user/0/cn.missevan/cache/sentry/.sentry-native is not a File.
08-31 18:05:11.249 16388 16388 D SentryLog: [main] enableAppLifecycleBreadcrumbs enabled: true
08-31 18:05:11.252 16388 16560 D SentryLog: [pool-2-thread-1] Finished processing cached files from /data/user/0/cn.missevan/cache/sentry
08-31 18:05:11.254 16388 16560 D SentryLog: [pool-2-thread-1] Started processing cached files from /data/user/0/cn.missevan/cache/sentry/outbox
08-31 18:05:11.258 16388 16560 D SentryLog: [pool-2-thread-1] Processing dir. /data/user/0/cn.missevan/cache/sentry/outbox
08-31 18:05:11.259 16388 16388 D SentryLog: [main] AppLifecycleIntegration installed.
08-31 18:05:11.260 16388 16388 D SentryLog: [main] ActivityLifecycleIntegration enabled: true
