08-31 18:04:47.786 15915 15971 I NAccs.BaseIntentService:  onHandleIntent,action=org.agoo.android.intent.action.REPORT,agooCommand=cn.missevan.intent.action.COMMAND,mipushCommand=cn.missevan.intent.thirdPush.action.COMMAND
08-31 18:04:47.787 15915 15971 I NAccs.BaseIntentService:  is report cache msg,Config.isReportCacheMsg(mContext)=false
08-31 18:04:47.789 15915 15971 D NAccs.isClearTime:  now=1661940287788,now - lastTime=6000272,istrue=false
08-31 18:04:47.789 15915 15971 I NAccs.BaseIntentService:  is clear all msg=false
08-31 18:04:47.791 15915 15971 D NAccs.isClearTime:  now=1661940287788,now - lastTime=6000272,istrue=false
08-31 18:04:48.453   717   717 I SurfaceFlinger: FPS: 1
08-31 18:04:48.942   685   883 E qti_sensors_hal: w_orient output WORT -1 0 0
08-31 18:04:48.660  1724  2178 I chatty  : uid=1000(system) AutobacklightTh identical 13 lines
08-31 18:04:48.945  1724  1853 V WindowOrientationListener: w_orient: framework Raw window_orientation data: x=-1.0, y=0.0, z=0.0
08-31 18:04:48.945  1724  1853 V WindowOrientationListener: w_orient: oldProposedRotation=0 proposedRotation=-1
08-31 18:04:49.000   685   883 E qti_sensors_hal: w_orient output WORT 0 48 344
08-31 18:04:49.002  1724  1853 V WindowOrientationListener: w_orient: framework Raw window_orientation data: x=0.0, y=48.0, z=344.0
08-31 18:04:49.002  1724  1853 V WindowOrientationListener: w_orient: oldProposedRotation=-1 proposedRotation=0
08-31 18:04:49.002  1724  1853 V WindowOrientationListener: Proposed rotation changed!  proposedRotation=0, oldProposedRotation=-1
08-31 18:04:49.078  1724  1853 V WindowOrientationListener: w_orient: framework Raw window_orientation data: x=0.0, y=48.0, z=344.0
08-31 18:04:49.078  1724  1853 V WindowOrientationListener: w_orient: oldProposedRotation=0 proposedRotation=0
08-31 18:04:49.077   685   883 E qti_sensors_hal: w_orient output WORT 0 48 344
08-31 18:04:49.135   685   883 E qti_sensors_hal: w_orient output WORT 0 48 343
08-31 18:04:49.136  1724  1853 V WindowOrientationListener: w_orient: framework Raw window_orientation data: x=0.0, y=48.0, z=343.0
08-31 18:04:49.136  1724  1853 V WindowOrientationListener: w_orient: oldProposedRotation=0 proposedRotation=0
08-31 18:04:49.213   685   883 E qti_sensors_hal: w_orient output WORT 0 48 344
08-31 18:04:49.214  1724  1853 V WindowOrientationListener: w_orient: framework Raw window_orientation data: x=0.0, y=48.0, z=344.0
08-31 18:04:49.214  1724  1853 V WindowOrientationListener: w_orient: oldProposedRotation=0 proposedRotation=0
08-31 18:04:49.272   685   883 E qti_sensors_hal: w_orient output WORT 0 48 345
08-31 18:04:49.272  1724  1853 V WindowOrientationListener: w_orient: framework Raw window_orientation data: x=0.0, y=48.0, z=345.0
08-31 18:04:49.272  1724  1853 V WindowOrientationListener: w_orient: oldProposedRotation=0 proposedRotation=0
08-31 18:04:49.499   694   756 E ANDR-PERF-MPCTL: Invalid profile no. 0, total profiles 0 only
08-31 18:04:50.083 15693 15893 D NAccs.InAppConn_default:  startChannelService
08-31 18:04:50.084 15693 15893 D NAccs.Config:  getAgooAppKey appkey:umeng:546d7dd7fd98c58fc800082c
08-31 18:04:50.086 15693 15893 I NAccs.a :  dispatchIntent bind service start intent:Intent { act=com.taobao.accs.intent.action.START_SERVICE cmp=cn.missevan/com.taobao.accs.ChannelService (has extras) }
08-31 18:04:50.098 15693 15693 D NAccs.a :  bindService connected componentName:ComponentInfo{cn.missevan/com.taobao.accs.ChannelService}
08-31 18:04:50.099 15693 15893 D NAccs.AdapterGlobalClientInfo:  getAgooCustomServiceName serviceName:com.umeng.message.component.UmengIntentService
08-31 18:04:50.099 15693 15893 I NAccs.a :  dispatchIntent bind service start intent:Intent { act=org.agoo.android.intent.action.REPORT pkg=cn.missevan cmp=cn.missevan/com.umeng.message.component.UmengIntentService }
08-31 18:04:50.100 15915 15915 I NAccs.BaseService:  handleMessage on receive msg msg:{ id=40 when=0 what=0 target=com.taobao.accs.base.BaseService$1 }
08-31 18:04:50.100 15915 15915 I NAccs.BaseService:  handleMessage get intent success intent:Intent { act=com.taobao.accs.intent.action.START_SERVICE cmp=cn.missevan/com.taobao.accs.ChannelService (has extras) }
08-31 18:04:50.101 15915 15971 I NAccs.ElectionServiceImpl:  onStartCommand begin action:com.taobao.accs.intent.action.START_SERVICE
08-31 18:04:50.102 15915 15971 I NAccs.ElectionServiceImpl:  handleStartCommand configTag:default appkey:umeng:546d7dd7fd98c58fc800082c appSecret:64e8358a59d434e5546720db97ab5996 ttid:android@umeng pkg:cn.missevan
08-31 18:04:50.102 15915 15971 I NAccs.ElectionServiceImpl:  getConnection configTag:default start:false
08-31 18:04:50.103 15915 15971 I NAccs.ServiceImpl:  onHostStartCommand intent:Intent { act=com.taobao.accs.intent.action.START_SERVICE cmp=cn.missevan/com.taobao.accs.ChannelService (has extras) }
08-31 18:04:50.103 15915 15971 D NAccs.ServiceImpl:  onHostStartCommand key:appKey  value:umeng:546d7dd7fd98c58fc800082c
08-31 18:04:50.103 15915 15971 D NAccs.ServiceImpl:  onHostStartCommand key:configTag  value:default
08-31 18:04:50.103 15915 15971 D NAccs.ServiceImpl:  onHostStartCommand key:mode  value:0
08-31 18:04:50.103 15915 15971 D NAccs.ServiceImpl:  onHostStartCommand key:ttid  value:android@umeng
08-31 18:04:50.103 15915 15971 D NAccs.ServiceImpl:  onHostStartCommand key:packageName  value:cn.missevan
08-31 18:04:50.103 15915 15971 D NAccs.ServiceImpl:  onHostStartCommand key:app_sercet  value:64e8358a59d434e5546720db97ab5996
08-31 18:04:50.103 15915 15971 D NAccs.ServiceImpl:  onHostStartCommand key:agoo_app_key  value:umeng:546d7dd7fd98c58fc800082c
08-31 18:04:50.104 15915 15971 I NAccs.LoadSoFailUtil:  getSoFailTimes times:0
08-31 18:04:50.104 15915 15971 D NAccs.ServiceImpl:  handleAction action:com.taobao.accs.intent.action.START_SERVICE
08-31 18:04:50.104 15915 15971 I NAccs.ServiceImpl:  tryConnect appkey:umeng:546d7dd7fd98c58fc800082c configTag:default|0
08-31 18:04:50.104 15915 15971 D NAccs.SilenceConn_default:  start
08-31 18:04:50.104 15915 15971 D NAccs.SilenceConn_default:  try ping, force:false
08-31 18:04:50.106 15915 15971 D NAccs.SilenceConn_default:  sendMessage ready dataId:1661940290104.5 type:PING delay:0
08-31 18:04:50.107 15915 15971 D NAccs.SilenceConn_default:  clearRepeatControlCommand message:201/
08-31 18:04:50.114 15693 15693 D NAccs.a :  bindService connected componentName:ComponentInfo{cn.missevan/com.umeng.message.component.UmengIntentService}
08-31 18:04:50.116 15915 15915 I NAccs.BaseIntentService:  handleMessage on receive msg msg:{ id=41 when=-1ms what=0 target=org.android.agoo.control.g }
08-31 18:04:50.117 15915 15915 I NAccs.BaseIntentService:  handleMessage get intent success intent:Intent { act=org.agoo.android.intent.action.REPORT pkg=cn.missevan cmp=cn.missevan/com.umeng.message.component.UmengIntentService }
08-31 18:04:50.117 15915 15971 I NAccs.BaseIntentService:  onHandleIntent,action=org.agoo.android.intent.action.REPORT,agooCommand=cn.missevan.intent.action.COMMAND,mipushCommand=cn.missevan.intent.thirdPush.action.COMMAND
08-31 18:04:50.118 15915 15971 I NAccs.BaseIntentService:  is report cache msg,Config.isReportCacheMsg(mContext)=false
08-31 18:04:50.118 15915 15971 D NAccs.isClearTime:  now=1661940290118,now - lastTime=6002602,istrue=false
08-31 18:04:50.118 15915 15971 I NAccs.BaseIntentService:  is clear all msg=false
08-31 18:04:50.119 15915 15971 D NAccs.isClearTime:  now=1661940290118,now - lastTime=6002602,istrue=false
08-31 18:04:50.804  1724  4868 D PackageManager: package:10018 check permission,PERMISSION_GRANTED
08-31 18:04:50.591  1724  2178 I chatty  : uid=1000(system) AutobacklightTh identical 8 lines
08-31 18:04:50.806  1724  4868 W ActivityManager: Unable to start service Intent { act=android.security.IKeyChainService cmp=com.android.keychain/.KeyChainService } U=999: not found
08-31 18:04:50.805  1724  4868 I chatty  : uid=1000(system) Binder:1724_15 identical 1 line
08-31 18:04:50.805  1724  4868 D PackageManager: package:10018 check permission,PERMISSION_GRANTED
08-31 18:04:50.811  2404 15987 I SecurityController: java.lang.AssertionError: could not bind to KeyChainService
08-31 18:04:51.439   717   717 I SurfaceFlinger: FPS: 1
08-31 18:04:51.519 15915 15985 I NAccs.SilenceConn_default:  getChannelHost host:umengjmacs.m.taobao.com
08-31 18:04:51.529 15915 15985 D getConnStrategyListByHost: |[seq:host] umengjmacs.m.taobao.com:result [{203.119.205.127 80 spdy_0rtt_acs}, {203.119.128.3 80 spdy_0rtt_acs}, {203.119.205.127 443 spdy_0rtt_acs}, {203.119.128.3 443 spdy_0rtt_acs}]
08-31 18:04:51.537 15915 15985 E NAccs.SilenceConn_default:  connect ip:203.119.205.127 port:80
08-31 18:04:51.537 15915 15985 E NAccs.SilenceConn_default:  connect ip:203.119.128.3 port:80
08-31 18:04:51.537 15915 15985 E NAccs.SilenceConn_default:  connect ip:203.119.205.127 port:443
08-31 18:04:51.538 15915 15985 E NAccs.SilenceConn_default:  connect ip:203.119.128.3 port:443
08-31 18:04:51.540 15915 15985 E NAccs.SilenceConn_default:  connect from amdc succ ip:203.119.205.127 port:80 originPos:0
08-31 18:04:51.541 15915 15985 E NAccs.SilenceConn_default:  connect URL:https://203.119.205.127:80/accs/
08-31 18:04:51.547 15915 15985 E NAccs.SilenceConn_default:  notifyStatus start status:CONNECTING
08-31 18:04:51.549 15915 15985 I NAccs.SilenceConn_default:  notifyStatus end status:CONNECTING
08-31 18:04:51.550 15915 15985 E NAccs.SilenceConn_default:  connect normal
08-31 18:04:51.552 15915 15985 I NAccs.SilenceConn_default:  getChannelHost host:umengjmacs.m.taobao.com
08-31 18:04:51.552 15915 15985 I NAccs.SilenceConn_default:  getPublicKeyType use custom pub key pubKey:11
08-31 18:04:51.575 15915 15985 I tnet-jni: 5852 -  create new session: 203.119.205.127:80
08-31 18:04:51.624 15915 15978 I tnet-jni: 5846 - [SpdySessionCallBack.getSSLMeta] - org.android.spdy.SpdySession@1cc4cd2
08-31 18:04:51.626 15915 15978 I tnet-jni: 5846 - [spdySessionConnectCB] -
08-31 18:04:51.626 15915 15978 I tnet-jni: 5846 - [SpdySessionCallBack.spdySessionConnectCB] - org.android.spdy.SpdySession@1cc4cd2
08-31 18:04:51.627 15915 15978 E NAccs.SilenceConn_default:  spdySessionConnectCB sessionConnectInterval:49 sslTime:4 reuse:0
08-31 18:04:51.644 15915 15978 E NAccs.SilenceConn_default:  auth url:https://203.119.205.127:80/accs/auth?1=Yw2XOaoLvJsDAIIIET1UzMcv&2=cd5f3bf08e614d8b231cb5f3f61614e1dd531ce2e70ff50466533118bb57b035&3=umeng:546d7dd7fd98c58fc800082c&5=0&6=wifi&7=null&8=221&9=1661940291640&10=1&11=28&12=cn.missevan&13=5.7.3&14=android@umeng&15=vivo+X21A&16=vivo&17=221&19=0&20=
08-31 18:04:51.652 15915 15978 I NAccs.SilenceConn_default:  getChannelHost host:umengjmacs.m.taobao.com
08-31 18:04:51.652 15915 15978 I NAccs.SilenceConn_default:  getChannelHost host:umengjmacs.m.taobao.com
08-31 18:04:51.654 15915 15978 I tnet-jni: 5846 - index=1  starttime=1661940291654
08-31 18:04:51.654 15915 15978 I tnet-jni: 5846 - index=1   calltime=1661940291654
08-31 18:04:51.697 15915 15978 I tnet-jni: 5846 - [SpdySessionCallBack.putSSLMeta] - org.android.spdy.SpdySession@1cc4cd2
08-31 18:04:51.698 15915 15978 I tnet-jni: 5846 - [spdyStreamResponseRecv] -
08-31 18:04:51.700 15915 15978 I tnet-jni: 5846 - [SpdySessionCallBack.spdyOnStreamResponse] - org.android.spdy.SpdySession@1cc4cd2
08-31 18:04:51.704 15915 15978 D NAccs.SilenceConn_:  spdyOnStreamResponse header:{date=[Wed, 31 Aug 2022 10:04:52 GMT], content-length=[0], server=[Tengine/Aserver/3.2.50_20220720104953], :version=[HTTP/1.1], s-accs-retcode=[SUCCESS], :status=[200], x-workerid=[1080865010266119302], x-at=[Yw2XOaoLvJsDAIIIET1UzMcvumeng:546d7dd7fd98c58fc800082c1661954692]}
08-31 18:04:51.705 15915 15978 E NAccs.SilenceConn_default:  spdyOnStreamResponse httpStatusCode:200
08-31 18:04:51.705 15915 15978 E NAccs.SilenceConn_default:  notifyStatus start status:CONNECTED
08-31 18:04:51.705 15915 15978 D NAccs.HeartbeatManager:  resetLevel
08-31 18:04:51.706 15915 15978 D NAccs.HeartbeatManager:  set 270
08-31 18:04:51.726  1724  6436 V AlarmAlign: setLocked to kernel, type = 2, when = 516530925, curTime = 516406272
08-31 18:04:51.727  1724  6436 V AlarmAlign: setLocked to kernel, type = 3, when = 516414545, curTime = 516406272
08-31 18:04:51.727  1724  6436 V AlarmAlign: setLocked to kernel, type = 2, when = 516530925, curTime = 516406272
08-31 18:04:51.729  1724  6436 V AlarmAlign: setLocked to kernel, type = 3, when = 516414545, curTime = 516406272
08-31 18:04:51.732  1724  6436 V AlarmAlign: setLocked to kernel, type = 2, when = 516530925, curTime = 516406277
08-31 18:04:51.732  1724  6436 V AlarmAlign: setLocked to kernel, type = 3, when = 516414545, curTime = 516406277
08-31 18:04:51.732  1724  6436 V AlarmAlign: setLocked to kernel, type = 2, when = 516530925, curTime = 516406278
08-31 18:04:51.732  1724  6436 V AlarmAlign: setLocked to kernel, type = 3, when = 516414545, curTime = 516406278
08-31 18:04:51.741  1724  6436 V AlarmAlign: setLocked to kernel, type = 2, when = 516530926, curTime = 516406286
08-31 18:04:51.741  1724  6436 V AlarmAlign: setLocked to kernel, type = 3, when = 516414545, curTime = 516406286
08-31 18:04:51.741  1724  6436 V AlarmAlign: setLocked to kernel, type = 2, when = 516530926, curTime = 516406286
08-31 18:04:51.741  1724  6436 V AlarmAlign: setLocked to kernel, type = 3, when = 516414545, curTime = 516406286
08-31 18:04:51.743 15915 15978 I NAccs.SilenceConn_default:  notifyStatus end status:CONNECTED
08-31 18:04:51.743 15915 15985 D NAccs.HeartbeatManager:  set 270
08-31 18:04:51.744 15915 15978 D NAccs.SilenceConn_default:  spdyOnStreamResponse
08-31 18:04:51.744 15915 15978 I tnet-jni: 5846 - [spdyStreamCloseCallback] -
08-31 18:04:51.744 15915 15978 I tnet-jni: 5846 - [SpdySessionCallBack.spdyStreamCloseCallback] - org.android.spdy.SpdySession@1cc4cd2
08-31 18:04:51.744 15915 15978 I tnet-jni: 5846 - index=1    endtime=1661940291744
08-31 18:04:51.744 15915 15978 D NAccs.SilenceConn_default:  spdyStreamCloseCallback
08-31 18:04:51.747  1724  6436 V AlarmAlign: setLocked to kernel, type = 2, when = 516530925, curTime = 516406292
08-31 18:04:51.747  1724  6436 V AlarmAlign: setLocked to kernel, type = 3, when = 516414545, curTime = 516406292
08-31 18:04:51.747  1724  6436 V AlarmAlign: setLocked to kernel, type = 2, when = 516530925, curTime = 516406293
08-31 18:04:51.747  1724  6436 V AlarmAlign: setLocked to kernel, type = 3, when = 516414545, curTime = 516406293
08-31 18:04:51.750  1724  6436 V AlarmAlign: setLocked to kernel, type = 2, when = 516530925, curTime = 516406296
08-31 18:04:51.751  1724  6436 V AlarmAlign: setLocked to kernel, type = 3, when = 516414545, curTime = 516406296
08-31 18:04:51.751  1724  6436 V AlarmAlign: setLocked to kernel, type = 2, when = 516530925, curTime = 516406296
08-31 18:04:51.751  1724  6436 V AlarmAlign: setLocked to kernel, type = 3, when = 516414545, curTime = 516406296
08-31 18:04:51.757  1724  6436 V AlarmAlign: setLocked to kernel, type = 2, when = 516530925, curTime = 516406302
08-31 18:04:51.757  1724  6436 V AlarmAlign: setLocked to kernel, type = 3, when = 516414545, curTime = 516406302
08-31 18:04:51.757  1724  6436 V AlarmAlign: setLocked to kernel, type = 2, when = 516530925, curTime = 516406302
08-31 18:04:51.757  1724  6436 V AlarmAlign: setLocked to kernel, type = 3, when = 516414545, curTime = 516406302
08-31 18:04:51.759 15915 15985 D NAccs.NetworkThread_default:  send succ, remove it
08-31 18:04:51.759 15915 15985 D NAccs.NetworkThread_default:  ready to get message
08-31 18:04:51.759 15915 15985 D NAccs.NetworkThread_default:  no message, wait
08-31 18:04:52.506   694   756 E ANDR-PERF-MPCTL: Invalid profile no. 0, total profiles 0 only
08-31 18:04:53.649   717   717 I SurfaceFlinger: FPS: 2
08-31 18:04:54.557 17295 17419 D MemoryCeilingMonitor: [handleMemoryCalculate]
08-31 18:04:54.559 17295 17419 D MemoryCeilingMonitor: [calculate] tot: 3471178, max: 268435456, free: 339570, heap: 3131608, per: 0.011666148900985718
08-31 18:04:55.517   694   756 E ANDR-PERF-MPCTL: Invalid profile no. 0, total profiles 0 only
08-31 18:04:55.957 15915 15971 D NAccs.InAppConn_default:  startChannelService
08-31 18:04:55.958 15915 15971 D NAccs.Config:  getAgooAppKey appkey:umeng:546d7dd7fd98c58fc800082c
08-31 18:04:55.961 15915 15971 I NAccs.a :  dispatchIntent bind service start intent:Intent { act=com.taobao.accs.intent.action.START_SERVICE cmp=cn.missevan/com.taobao.accs.ChannelService (has extras) }
08-31 18:04:55.967 15915 15915 D NAccs.a :  bindService connected componentName:ComponentInfo{cn.missevan/com.taobao.accs.ChannelService}
08-31 18:04:55.967 15915 15971 D NAccs.AdapterGlobalClientInfo:  getAgooCustomServiceName serviceName:com.umeng.message.component.UmengIntentService
08-31 18:04:55.968 15915 15971 I NAccs.a :  dispatchIntent bind service start intent:Intent { act=org.agoo.android.intent.action.REPORT pkg=cn.missevan cmp=cn.missevan/com.umeng.message.component.UmengIntentService }
08-31 18:04:55.973 15915 15915 I NAccs.BaseService:  handleMessage on receive msg msg:{ id=45 when=-6ms what=0 target=com.taobao.accs.base.BaseService$1 }
08-31 18:04:55.974 15915 15915 I NAccs.BaseService:  handleMessage get intent success intent:Intent { act=com.taobao.accs.intent.action.START_SERVICE cmp=cn.missevan/com.taobao.accs.ChannelService (has extras) }
08-31 18:04:55.975 15915 15971 I NAccs.ElectionServiceImpl:  onStartCommand begin action:com.taobao.accs.intent.action.START_SERVICE
08-31 18:04:55.975 15915 15971 I NAccs.ElectionServiceImpl:  handleStartCommand configTag:default appkey:umeng:546d7dd7fd98c58fc800082c appSecret:64e8358a59d434e5546720db97ab5996 ttid:android@umeng pkg:cn.missevan
08-31 18:04:55.976 15915 15971 I NAccs.ElectionServiceImpl:  getConnection configTag:default start:false
08-31 18:04:55.977 15915 15971 I NAccs.ServiceImpl:  onHostStartCommand intent:Intent { act=com.taobao.accs.intent.action.START_SERVICE cmp=cn.missevan/com.taobao.accs.ChannelService (has extras) }
08-31 18:04:55.977 15915 15971 D NAccs.ServiceImpl:  onHostStartCommand key:appKey  value:umeng:546d7dd7fd98c58fc800082c
08-31 18:04:55.977 15915 15971 D NAccs.ServiceImpl:  onHostStartCommand key:configTag  value:default
08-31 18:04:55.977 15915 15971 D NAccs.ServiceImpl:  onHostStartCommand key:mode  value:0
08-31 18:04:55.977 15915 15971 D NAccs.ServiceImpl:  onHostStartCommand key:ttid  value:android@umeng
08-31 18:04:55.978 15915 15971 D NAccs.ServiceImpl:  onHostStartCommand key:packageName  value:cn.missevan
08-31 18:04:55.978 15915 15971 D NAccs.ServiceImpl:  onHostStartCommand key:app_sercet  value:64e8358a59d434e5546720db97ab5996
08-31 18:04:55.978 15915 15971 D NAccs.ServiceImpl:  onHostStartCommand key:agoo_app_key  value:umeng:546d7dd7fd98c58fc800082c
08-31 18:04:55.978 15915 15915 D NAccs.a :  bindService connected componentName:ComponentInfo{cn.missevan/com.umeng.message.component.UmengIntentService}
08-31 18:04:55.979 15915 15971 I NAccs.LoadSoFailUtil:  getSoFailTimes times:0
08-31 18:04:55.979 15915 15971 D NAccs.ServiceImpl:  handleAction action:com.taobao.accs.intent.action.START_SERVICE
08-31 18:04:55.980 15915 15971 I NAccs.ServiceImpl:  tryConnect appkey:umeng:546d7dd7fd98c58fc800082c configTag:default|0
08-31 18:04:55.980 15915 15971 D NAccs.SilenceConn_default:  start
08-31 18:04:55.980 15915 15971 D NAccs.SilenceConn_default:  try ping, force:false
08-31 18:04:55.982 15915 15971 D NAccs.SilenceConn_default:  sendMessage ready dataId:1661940295980.6 type:PING delay:0
08-31 18:04:55.984 15915 15915 I NAccs.BaseIntentService:  handleMessage on receive msg msg:{ id=47 when=-6ms what=0 target=org.android.agoo.control.g }
08-31 18:04:55.985 15915 15915 I NAccs.BaseIntentService:  handleMessage get intent success intent:Intent { act=org.agoo.android.intent.action.REPORT pkg=cn.missevan cmp=cn.missevan/com.umeng.message.component.UmengIntentService }
08-31 18:04:55.986 15915 15971 I NAccs.BaseIntentService:  onHandleIntent,action=org.agoo.android.intent.action.REPORT,agooCommand=cn.missevan.intent.action.COMMAND,mipushCommand=cn.missevan.intent.thirdPush.action.COMMAND
08-31 18:04:55.986 15915 15971 I NAccs.BaseIntentService:  is report cache msg,Config.isReportCacheMsg(mContext)=false
08-31 18:04:55.987 15915 15971 D NAccs.isClearTime:  now=1661940295986,now - lastTime=6008470,istrue=false
08-31 18:04:55.987 15915 15971 I NAccs.BaseIntentService:  is clear all msg=false
08-31 18:04:55.987 15915 15971 D NAccs.isClearTime:  now=1661940295986,now - lastTime=6008470,istrue=false
08-31 18:04:57.000   685   883 E qti_sensors_hal: w_orient output WORT -1 0 0
08-31 18:04:56.709  1724  2178 I chatty  : uid=1000(system) AutobacklightTh identical 36 lines
08-31 18:04:57.002  1724  1853 V WindowOrientationListener: w_orient: framework Raw window_orientation data: x=-1.0, y=0.0, z=0.0
08-31 18:04:57.002  1724  1853 V WindowOrientationListener: w_orient: oldProposedRotation=0 proposedRotation=-1
08-31 18:04:57.058   685   883 E qti_sensors_hal: w_orient output WORT 0 54 357
08-31 18:04:57.060  1724  1853 V WindowOrientationListener: w_orient: framework Raw window_orientation data: x=0.0, y=54.0, z=357.0
08-31 18:04:57.060  1724  1853 V WindowOrientationListener: w_orient: oldProposedRotation=-1 proposedRotation=0
08-31 18:04:57.060  1724  1853 V WindowOrientationListener: Proposed rotation changed!  proposedRotation=0, oldProposedRotation=-1
08-31 18:04:57.135   685   883 E qti_sensors_hal: w_orient output WORT 0 52 354
08-31 18:04:57.139  1724  1853 V WindowOrientationListener: w_orient: framework Raw window_orientation data: x=0.0, y=52.0, z=354.0
08-31 18:04:57.139  1724  1853 V WindowOrientationListener: w_orient: oldProposedRotation=0 proposedRotation=0
08-31 18:04:57.193   685   883 E qti_sensors_hal: w_orient output WORT 0 52 352
08-31 18:04:57.195  1724  1853 V WindowOrientationListener: w_orient: framework Raw window_orientation data: x=0.0, y=52.0, z=352.0
08-31 18:04:57.195  1724  1853 V WindowOrientationListener: w_orient: oldProposedRotation=0 proposedRotation=0
08-31 18:04:57.271   685   883 E qti_sensors_hal: w_orient output WORT 0 53 352
08-31 18:04:57.273  1724  1853 V WindowOrientationListener: w_orient: framework Raw window_orientation data: x=0.0, y=53.0, z=352.0
08-31 18:04:57.273  1724  1853 V WindowOrientationListener: w_orient: oldProposedRotation=0 proposedRotation=0
08-31 18:04:57.329   685   883 E qti_sensors_hal: w_orient output WORT 0 52 352
08-31 18:04:57.330  1724  1853 V WindowOrientationListener: w_orient: framework Raw window_orientation data: x=0.0, y=52.0, z=352.0
08-31 18:04:57.330  1724  1853 V WindowOrientationListener: w_orient: oldProposedRotation=0 proposedRotation=0
08-31 18:04:57.429   717   717 I SurfaceFlinger: FPS: 2
08-31 18:04:58.230 15551 15694 I appium  : channel read: DELETE /wd/hub/session/dca1d28f-019f-4706-b793-f1b56411b3ac
08-31 18:04:58.234 15551 15694 I appium  : DeleteSession command
08-31 18:04:57.996  1724  2178 I chatty  : uid=1000(system) AutobacklightTh identical 4 lines
08-31 18:04:58.239  1724  4868 D PowerManagerService: releaseWakeLockInternal: lock=16236606 [UiAutomator2:ScreenKeeper], flags=0x0
08-31 18:04:58.247 15551 15694 I appium  : Stopping uiautomator2 io.appium.uiautomator2.http io.appium.uiautomator2.server
08-31 18:04:58.257 15551 15694 I appium  : AppiumResponse: {"sessionId":"dca1d28f-019f-4706-b793-f1b56411b3ac","value":null}
08-31 18:04:58.272  4240  4431 V SingleDBHelper: onOpen
08-31 18:04:58.519  1724  4868 D ActivityManager: AMS onShellCommand CallingPid=16008 ,callingUid=2000 ,PackageName=android.uid.shell:2000.Starting command :force-stop cn.missevan
08-31 18:04:58.520  1724  4868 D PackageManager: package:2000 check permission,PERMISSION_GRANTED
08-31 18:04:58.520  1724  4868 I ActivityManager: Force stopping cn.missevan appid=10598 user=0: stop by 16008
08-31 18:04:58.521  1724  4868 I ActivityManager: Killing 15621:cn.missevan:player/u0a598 (adj 100): stop by 16008
08-31 18:04:58.524  1724  4868 W ActivityManager: Scheduling restart of crashed service cn.missevan/.play.player.PlayerService in 1000ms
08-31 18:04:58.524  1724  1857 W libprocessgroup: kill(-15621, 9) failed: No such process
08-31 18:04:58.525  2765 14957 I chatty  : uid=1000(system) Binder:2765_C expire 1 line
08-31 18:04:58.528  2765  3836 I chatty  : uid=1000(system) update-pid expire 1 line
08-31 18:04:58.528  1724  6436 D PackageManager: package:1000 check permission,PERMISSION_GRANTED
08-31 18:04:58.534  1724  2478 D PackageManager: package:1000 check permission,PERMISSION_GRANTED
08-31 18:04:58.535  1724  4868 I ActivityManager: Killing 15915:cn.missevan:channel/u0a598 (adj 900): stop by 16008
08-31 18:04:58.537   694   756 E ANDR-PERF-MPCTL: Invalid profile no. 0, total profiles 0 only
08-31 18:04:58.538  2765 14957 I chatty  : uid=1000(system) Binder:2765_C expire 2 lines
08-31 18:04:58.539  1724  1857 W libprocessgroup: kill(-15621, 9) failed: No such process
08-31 18:04:58.544  1724  4868 I ActivityManager: Killing 15693:cn.missevan:stats/u0a598 (adj 500): stop by 16008
08-31 18:04:58.545  1724  4868 W ActivityManager: Scheduling restart of crashed service cn.missevan/com.bilibili.lib.neuron.internal.NeuronRemoteService in 10978ms
08-31 18:04:58.549  1724  4868 I ActivityManager: Killing 15368:cn.missevan/u0a598 (adj 0): stop by 16008
08-31 18:04:58.549  1724  1857 W libprocessgroup: kill(-15621, 9) failed: No such process
08-31 18:04:58.560  1724  4868 W ActivityManager: Scheduling restart of crashed service cn.missevan/com.sobot.chat.server.SobotSessionServer in 1000ms
08-31 18:04:58.560  1724  1857 W libprocessgroup: kill(-15621, 9) failed: No such process
08-31 18:04:58.560 15593 15593 I Player.BaseAidlPlayerService: [main] onUnbind
08-31 18:04:58.561  1724  4868 W ActivityManager: Force removing ActivityRecord{b028e1b u0 cn.missevan/.activity.MainActivity t97}: app died, no saved state
08-31 18:04:58.561  2765  4056 I chatty  : uid=1000(system) Binder:2765_8 expire 1 line
08-31 18:04:58.563 15593 15593 I Player.BaseAidlPlayerService: [main] onDestroy
08-31 18:04:58.564 15593 15593 I Player.Aidl: [main] releaseAll
08-31 18:04:58.566 15593 15593 I Player.BBPlayer.core0: [main] release
08-31 18:04:58.567 15593 15593 I Player.BBPlayer.core0: [main] setPlayWhenReady, playWhenReady: false
08-31 18:04:58.568  1724  1857 W libprocessgroup: kill(-15621, 9) failed: No such process
08-31 18:04:58.570 15593 15593 I @@@BBPLOG: Info T933CA548 CPlayMain L104 Destroy playalpha video!
08-31 18:04:58.570 15593 15593 I @@@BBPLOG: Info T933CA548 CPlayMain L106 Destroy audio cut!
08-31 18:04:58.578   717   717 I SurfaceFlinger: FPS: 1
08-31 18:04:58.579  1724  1857 W libprocessgroup: kill(-15621, 9) failed: No such process
08-31 18:04:58.585  1724  4868 W ActivityManager: vivo occlude resumeTop canOccclude = false next.occlude = false
08-31 18:04:58.586  1724  4868 D ActivityTrigger: activityResumeTrigger: The activity in ApplicationInfo{5470aa3 com.bbk.launcher2} is now in focus and seems to be in full-screen mode
08-31 18:04:58.586  1724  4868 E ActivityTrigger: activityResumeTrigger: not whiteListedcom.bbk.launcher2/com.bbk.launcher2.Launcher/90003028
08-31 18:04:58.588 15593 15593 I @@@BBPLOG: Info T933CA548 CPlayMain L109 Destroy thread work!
08-31 18:04:58.588 15593 15593 I @@@BBPLOG: Info T933CA548 CPlayMain L111 Destroy player engine!
08-31 18:04:58.588 15593 15593 I @@@BBPLOG: Info T933CA548 CPlayMain L114 Destroy source engine!
08-31 18:04:58.588 15593 15593 I @@@BBPLOG: Info T933CA548 CPlayMain L120 Destroy data manager!
08-31 18:04:58.589  1724  1857 W libprocessgroup: kill(-15621, 9) failed: No such process
08-31 18:04:58.598  1724  1857 W libprocessgroup: kill(-15621, 9) failed: No such process
08-31 18:04:58.606   978   978 I Zygote  : Process 15693 exited due to signal (9)
08-31 18:04:58.607   715  8579 V AudioFlinger: 15621 died, releasing its sessions
08-31 18:04:58.607   715  8579 V AudioFlinger:  pid 2404 @ 0
08-31 18:04:58.607   715  8579 V AudioFlinger:  pid 990 @ 1
08-31 18:04:58.607   715  8579 V AudioFlinger:  pid 2765 @ 2
08-31 18:04:58.607   715  8579 V AudioFlinger:  pid 715 @ 3
08-31 18:04:58.607   715  8579 V AudioFlinger:  pid 715 @ 4
08-31 18:04:58.607   715  8579 V AudioFlinger:  pid 715 @ 5
08-31 18:04:58.607   715  8579 V AudioFlinger:  pid 715 @ 6
08-31 18:04:58.607   715  8579 V AudioFlinger:  pid 715 @ 7
08-31 18:04:58.607   715  8579 V AudioFlinger:  pid 715 @ 8
08-31 18:04:58.607   715  8579 V AudioFlinger:  pid 715 @ 9
08-31 18:04:58.607   715  8579 V AudioFlinger:  pid 715 @ 10
08-31 18:04:58.607   715  8579 V AudioFlinger:  pid 715 @ 11
08-31 18:04:58.607   715  8579 V AudioFlinger:  pid 715 @ 12
08-31 18:04:58.607   715  8579 V AudioFlinger:  pid 715 @ 13
08-31 18:04:58.607   715  8579 V AudioFlinger:  pid 715 @ 14
08-31 18:04:58.607   715  8579 V AudioFlinger:  pid 715 @ 15
08-31 18:04:58.607   715  8579 V AudioFlinger:  pid 715 @ 16
08-31 18:04:58.607   715  8579 V AudioFlinger:  pid 715 @ 17
08-31 18:04:58.607   715  8579 V AudioFlinger:  pid 715 @ 18
08-31 18:04:58.607   715  8579 V AudioFlinger:  pid 715 @ 19
08-31 18:04:58.607   715  8579 V AudioFlinger:  pid 715 @ 20
08-31 18:04:58.607   715  8579 V AudioFlinger:  pid 715 @ 21
08-31 18:04:58.607   715  8579 V AudioFlinger:  pid 715 @ 22
08-31 18:04:58.607   715  8579 V AudioFlinger:  pid 715 @ 23
08-31 18:04:58.607   715  8579 V AudioFlinger:  pid 715 @ 24
08-31 18:04:58.607   715  8579 V AudioFlinger:  pid 715 @ 25
08-31 18:04:58.607   715  8579 V AudioFlinger:  pid 715 @ 26
08-31 18:04:58.607   715  8579 V AudioFlinger:  pid 715 @ 27
08-31 18:04:58.607   715  8579 V AudioFlinger:  pid 715 @ 28
08-31 18:04:58.607   715  8579 V AudioFlinger:  pid 715 @ 29
08-31 18:04:58.607   715  8579 V AudioFlinger:  pid 715 @ 30
08-31 18:04:58.607   715  8579 V AudioFlinger:  pid 715 @ 31
08-31 18:04:58.607   715  8579 V AudioFlinger:  pid 715 @ 32
08-31 18:04:58.607   715  8579 V AudioFlinger:  pid 715 @ 33
08-31 18:04:58.607   715  8579 V AudioFlinger:  pid 715 @ 34
08-31 18:04:58.607   715  8579 V AudioFlinger:  pid 715 @ 35
08-31 18:04:58.607   715  8579 V AudioFlinger:  pid 715 @ 36
08-31 18:04:58.607   715  8579 V AudioFlinger:  pid 715 @ 37
08-31 18:04:58.607   715  8579 V AudioFlinger:  pid 715 @ 38
08-31 18:04:58.607   715  8579 V AudioFlinger:  pid 715 @ 39
08-31 18:04:58.607   715  8579 V AudioFlinger:  pid 715 @ 40
08-31 18:04:58.607   715  8579 V AudioFlinger:  pid 715 @ 41
08-31 18:04:58.607   715  8579 V AudioFlinger:  pid 715 @ 42
08-31 18:04:58.607   715  8579 V AudioFlinger:  pid 715 @ 43
08-31 18:04:58.607   715  8579 V AudioFlinger:  pid 715 @ 44
08-31 18:04:58.607   715  8579 V AudioFlinger:  pid 715 @ 45
08-31 18:04:58.607   715  8579 V AudioFlinger:  pid 715 @ 46
08-31 18:04:58.607   715  8579 V AudioFlinger:  pid 715 @ 47
08-31 18:04:58.607   715  8579 V AudioFlinger:  pid 715 @ 48
08-31 18:04:58.607   715  8579 V AudioFlinger:  pid 715 @ 49
08-31 18:04:58.607   715  8579 V AudioFlinger:  pid 715 @ 50
08-31 18:04:58.607   715  8579 V AudioFlinger:  pid 715 @ 51
08-31 18:04:58.607   715  8579 V AudioFlinger:  pid 715 @ 52
08-31 18:04:58.607   715  8579 V AudioFlinger:  pid 715 @ 53
08-31 18:04:58.607   715  8579 V AudioFlinger:  pid 715 @ 54
08-31 18:04:58.607   715  8579 V AudioFlinger:  pid 715 @ 55
08-31 18:04:58.607   715  8579 V AudioFlinger:  pid 715 @ 56
08-31 18:04:58.607   715  8579 V AudioFlinger:  pid 715 @ 57
08-31 18:04:58.607   715  8579 V AudioFlinger:  pid 715 @ 58
08-31 18:04:58.607   715  8579 V AudioFlinger:  pid 715 @ 59
08-31 18:04:58.607   715  8579 V AudioFlinger:  pid 715 @ 60
08-31 18:04:58.607   715  8579 V AudioFlinger:  pid 715 @ 61
08-31 18:04:58.607   715  8579 V AudioFlinger:  pid 715 @ 62
08-31 18:04:58.607   715  8579 V AudioFlinger:  pid 715 @ 63
08-31 18:04:58.607   715  8579 V AudioFlinger:  pid 715 @ 64
08-31 18:04:58.607   715  8579 V AudioFlinger:  pid 715 @ 65
08-31 18:04:58.607   715  8579 V AudioFlinger:  pid 715 @ 66
08-31 18:04:58.607   715  8579 V AudioFlinger:  pid 715 @ 67
08-31 18:04:58.607   715  8579 V AudioFlinger:  pid 715 @ 68
08-31 18:04:58.607   715  8579 V AudioFlinger:  pid 715 @ 69
08-31 18:04:58.607   715  8579 V AudioFlinger:  pid 715 @ 70
08-31 18:04:58.607   715  8579 V AudioFlinger:  pid 715 @ 71
08-31 18:04:58.607   715  8579 V AudioFlinger:  pid 715 @ 72
08-31 18:04:58.607   715  8579 V AudioFlinger:  pid 715 @ 73
08-31 18:04:58.607   715  8579 V AudioFlinger:  pid 715 @ 74
08-31 18:04:58.607   715  8579 V AudioFlinger:  pid 715 @ 75
08-31 18:04:58.607   715  8579 V AudioFlinger:  pid 715 @ 76
08-31 18:04:58.607   715  8579 V AudioFlinger:  pid 715 @ 77
08-31 18:04:58.607   715  8579 V AudioFlinger:  pid 715 @ 78
08-31 18:04:58.607   715  8579 V AudioFlinger:  pid 715 @ 79
08-31 18:04:58.607   715  8579 V AudioFlinger:  pid 715 @ 80
08-31 18:04:58.607   715  8579 V AudioFlinger:  pid 715 @ 81
08-31 18:04:58.607   715  8579 V AudioFlinger:  pid 715 @ 82
08-31 18:04:58.607   715  8579 V AudioFlinger:  pid 715 @ 83
08-31 18:04:58.607   715  8579 V AudioFlinger:  pid 715 @ 84
08-31 18:04:58.607   715  8579 V AudioFlinger:  pid 715 @ 85
08-31 18:04:58.607   715  8579 V AudioFlinger:  pid 715 @ 86
08-31 18:04:58.607   715  8579 V AudioFlinger:  pid 715 @ 87
08-31 18:04:58.607   715  8579 V AudioFlinger:  pid 715 @ 88
08-31 18:04:58.607   715  8579 V AudioFlinger:  pid 715 @ 89
08-31 18:04:58.607   715  8579 V AudioFlinger:  pid 715 @ 90
08-31 18:04:58.607   715  8579 V AudioFlinger:  pid 715 @ 91
08-31 18:04:58.607   715  8579 V AudioFlinger:  pid 715 @ 92
08-31 18:04:58.607   715  8579 V AudioFlinger:  pid 715 @ 93
08-31 18:04:58.607   715  8579 V AudioFlinger:  pid 715 @ 94
08-31 18:04:58.607   715  8579 V AudioFlinger:  pid 715 @ 95
08-31 18:04:58.607   715  8579 V AudioFlinger:  pid 715 @ 96
08-31 18:04:58.607   715  8579 V AudioFlinger:  pid 715 @ 97
08-31 18:04:58.607   715  8579 V AudioFlinger:  pid 715 @ 98
08-31 18:04:58.607   715  8579 V AudioFlinger:  pid 715 @ 99
08-31 18:04:58.607   715  8579 V AudioFlinger:  pid 2404 @ 100
08-31 18:04:58.608  1724  4868 I ActivityManager: Killing 15593:cn.missevan:player.single/u0a598 (adj 0): stop by 16008
08-31 18:04:58.609  1724  1857 W libprocessgroup: kill(-15621, 9) failed: No such process
08-31 18:04:58.609  1724  2892 D MediaSessionService: destroySessionLockedOnSessionDied cn.missevan/PlayerService (userId=0)
08-31 18:04:58.609  1724  2892 D MediaSessionService: Media button session is changed to null
08-31 18:04:58.610  1724  2892 D MediaSessionStack: removeSession record:cn.missevan/PlayerService (userId=0)
08-31 18:04:58.611  6559  6891 W Avrcp_ext: ActiveSession: updated[]
08-31 18:04:58.610  6559  6559 V Avrcp_ext: Player 7 package: cn.missevan
08-31 18:04:58.611  6559  6891 W Avrcp_ext: ActiveSession: browseSelectedfalsemBrowsedPlayerExistfalse
08-31 18:04:58.611  6559  6891 W Avrcp_ext: Browse Player killed OR not launched yet !!!!
08-31 18:04:58.611  6559  6891 D PlaybackState: setState position:-1
08-31 18:04:58.611  2404  2432 D vol.MediaSessions: updateRemoteControllerH null
08-31 18:04:58.611  1724  2879 D MediaSessionRecord: getMetadata :null, null, null
08-31 18:04:58.611   978   978 I Zygote  : Process 15621 exited due to signal (9)
08-31 18:04:58.611  6559  6891 V Avrcp_ext: updateCurrentMediaState: mMediaController: MediaController (cn.missevan@4a50f5a) null, null, null
08-31 18:04:58.612  6559  6891 V Avrcp_ext: isMusicActive: false getBluetoothPlayState: 0
08-31 18:04:58.612  1724  1724 D MediaSessionRecord: pushSessionDestroyed start
08-31 18:04:58.612  1724  1724 I chatty  : uid=1000 system_server identical 1 line
08-31 18:04:58.612  1724  1724 D MediaSessionRecord: pushSessionDestroyed start
08-31 18:04:58.612  2404  2432 D vol.MediaSessions: onActiveSessionsUpdatedH n=0
08-31 18:04:58.612  1724  3997 D MediaSessionRecord: unregistering callback android.os.BinderProxy@39cf946
08-31 18:04:58.613  2404  2432 D vol.MediaSessions: Removing 猫耳FM sentRemote=false
08-31 18:04:58.613  2404  2432 D vol.MediaSessions: updateRemoteControllerH null
08-31 18:04:58.613  2404  2432 D vol.MediaSessions: onActiveSessionsUpdatedH n=0
08-31 18:04:58.613  2404  2432 I chatty  : uid=10018(com.android.systemui) VolumeDialogCon identical 1 line
08-31 18:04:58.613  2404  2432 D vol.MediaSessions: onActiveSessionsUpdatedH n=0
08-31 18:04:58.614  6559  6891 V Avrcp_ext: updateCurrentMediaState: get media attributes:
08-31 18:04:58.615  1724  7979 D MediaSessionRecord: getMetadata :null, null, null
08-31 18:04:58.615  1724  7979 D MediaSessionRecord: getMetadata :null, null, null
08-31 18:04:58.615  6559  6891 I Avrcp_ext: Skipping update due to invalid playback state
08-31 18:04:58.615  6559  6891 V Avrcp_ext: updatePlaybackState, state: PlaybackState {state=0, position=0, buffered position=0, speed=0.0, updated=516393287, actions=2461191, custom actions=[], active item id=-1, error=null} device: null
08-31 18:04:58.615  6559  6891 V Avrcp_ext: Device: no name:
08-31 18:04:58.615  6559  6891 V Avrcp_ext: Device: no name:
08-31 18:04:58.616  6559  6891 V Avrcp_ext: updatePlayerStateAndPosition, old=PlaybackState {state=0, position=0, buffered position=0, speed=0.0, updated=516393287, actions=2461191, custom actions=[], active item id=-1, error=null}, state=PlaybackState {state=0, position=0, buffered position=0, speed=0.0, updated=516393287, actions=2461191, custom actions=[], active item id=-1, error=null}
08-31 18:04:58.616  6559  6891 V Avrcp_ext: old state = PlaybackState {state=0, position=0, buffered position=0, speed=0.0, updated=516393287, actions=2461191, custom actions=[], active item id=-1, error=null}, new state= PlaybackState {state=0, position=0, buffered position=0, speed=0.0, updated=516393287, actions=2461191, custom actions=[], active item id=-1, error=null}
08-31 18:04:58.616  1724  4868 I ActivityManager:   Force stopping service ServiceRecord{fea5b8a u0 cn.missevan/com.sobot.chat.server.SobotSessionServer}
08-31 18:04:58.617  6559  6891 D HeadsetService:  isAudioOn: The number of audio connected devices 0
08-31 18:04:58.617  6559  6891 D HeadsetService: isScoOrCallActive(): Call Active:falseCall is Ringing:falseSCO is Active:false
08-31 18:04:58.618  6559  6891 D HeadsetService:  isAudioOn: The number of audio connected devices 0
08-31 18:04:58.618  6559  6891 I Avrcp_ext: updatePlayStatusForDevice: device: null
08-31 18:04:58.618  6559  6891 V Avrcp_ext: updatePlaybackState (1): old=PlaybackState {state=0, position=0, buffered position=0, speed=0.0, updated=516393287, actions=2461191, custom actions=[], active item id=-1, error=null}(0), new=PlaybackState {state=0, position=0, buffered position=0, speed=0.0, updated=516393287, actions=2461191, custom actions=[], active item id=-1, error=null}(0)
08-31 18:04:58.618  6559  6891 I Avrcp_ext: Exit updatePlayStatusForDevice
08-31 18:04:58.618  6559  6891 D HeadsetService:  isAudioOn: The number of audio connected devices 0
08-31 18:04:58.618  6559  6891 D HeadsetService: isScoOrCallActive(): Call Active:falseCall is Ringing:falseSCO is Active:false
08-31 18:04:58.618  6559  6891 D HeadsetService:  isAudioOn: The number of audio connected devices 0
08-31 18:04:58.618  6559  6891 I Avrcp_ext: updatePlayStatusForDevice: device: null
08-31 18:04:58.618  6559  6891 V Avrcp_ext: updatePlaybackState (1): old=PlaybackState {state=0, position=0, buffered position=0, speed=0.0, updated=516393287, actions=2461191, custom actions=[], active item id=-1, error=null}(0), new=PlaybackState {state=0, position=0, buffered position=0, speed=0.0, updated=516393287, actions=2461191, custom actions=[], active item id=-1, error=null}(0)
08-31 18:04:58.618  6559  6891 I Avrcp_ext: Exit updatePlayStatusForDevice
08-31 18:04:58.618  6559  6891 D Avrcp_ext: sendPlayPosNotificationRsp: Not registered or requesting.
08-31 18:04:58.618  6559  6891 D Avrcp_ext: sendPlayPosNotificationRsp: Not registered or requesting.
08-31 18:04:58.618  6559  6891 V Avrcp_ext: Exit updatePlayerStateAndPosition
08-31 18:04:58.618  6559  6891 V Avrcp_ext: MediaController session destroyed
08-31 18:04:58.618  6559  6891 V Avrcp_ext: updateNewIds: Addressed:7 to 7, Browse:0 to 0
08-31 18:04:58.619  1724  7979 D MediaSessionRecord: getMetadata :null, null, null
08-31 18:04:58.619  6559  6891 D Avrcp_ext: updateCurrentController: MediaController (cn.missevan@4a50f5a) null, null, null to null
08-31 18:04:58.620  1724  7979 D MediaSessionRecord: unregistering callback android.os.BinderProxy@feda707
08-31 18:04:58.620  6559  6891 V Avrcp_ext: updateNewIds: Addressed:7 to 7, Browse:0 to 0
08-31 18:04:58.620  6559  6891 D PlaybackState: setState position:-1
08-31 18:04:58.620  6559  6891 V Avrcp_ext: updateCurrentMediaState: mMediaController: null
08-31 18:04:58.620  6559  6891 V Avrcp_ext: isMusicActive: false getBluetoothPlayState: 0
08-31 18:04:58.621  6559  6891 V Avrcp_ext: updateCurrentMediaState: isPlaying = false, ck_play = 241
08-31 18:04:58.621  6559  6891 V Avrcp_ext: updateCurrentMediaState: mMediaController or getPlaybackState() null
08-31 18:04:58.621  6559  6891 D PlaybackState: setState position:-1
08-31 18:04:58.621  6559  6891 D PlaybackState: getActiveQueueItemId Id:-1
08-31 18:04:58.621  6559  6891 V Avrcp_ext: Media update: id 0➡-1? [MediaAttributes: none] : [MediaAttributes: 深⋯意 -  by Y⋯眠 (1326393 0/0) ]
08-31 18:04:58.621  6559  6891 V Avrcp_ext: Check if NowPlayingList is updated
08-31 18:04:58.621  6559  6891 V Avrcp_ext: newPlayStatus:2mReportedPlayStatus:-1
08-31 18:04:58.621  6559  6891 D Avrcp_ext: Exit onSessionDestroyed
08-31 18:04:58.621  6559  6891 W Avrcp_ext: ActiveSession: updated[]
08-31 18:04:58.621  6559  6891 W Avrcp_ext: ActiveSession: browseSelectedfalsemBrowsedPlayerExistfalse
08-31 18:04:58.621  6559  6891 W Avrcp_ext: Browse Player killed OR not launched yet !!!!
08-31 18:04:58.621  6559  6891 D PlaybackState: setState position:-1
08-31 18:04:58.621  6559  6891 V Avrcp_ext: updateCurrentMediaState: mMediaController: null
08-31 18:04:58.621  6559  6891 V Avrcp_ext: isMusicActive: false getBluetoothPlayState: 0
08-31 18:04:58.621  6559  6891 V Avrcp_ext: updateCurrentMediaState: isPlaying = false, ck_play = 241
08-31 18:04:58.621  6559  6891 V Avrcp_ext: updateCurrentMediaState: mMediaController or getPlaybackState() null
08-31 18:04:58.621  6559  6891 D PlaybackState: setState position:-1
08-31 18:04:58.622  6559  6891 D PlaybackState: getActiveQueueItemId Id:-1
08-31 18:04:58.622  6559  6891 V Avrcp_ext: Media update: id 0➡-1? [MediaAttributes: none] : [MediaAttributes: 深⋯意 -  by Y⋯眠 (1326393 0/0) ]
08-31 18:04:58.622  6559  6891 V Avrcp_ext: Check if NowPlayingList is updated
08-31 18:04:58.622  6559  6891 V Avrcp_ext: newPlayStatus:2mReportedPlayStatus:-1
08-31 18:04:58.623  1724  1857 W libprocessgroup: kill(-15621, 9) failed: No such process
08-31 18:04:58.623  1724  1857 I libprocessgroup: Successfully killed process cgroup uid 10598 pid 15621 in 101ms
08-31 18:04:58.624  1724  4868 I ActivityManager: Force stopping cn.missevan appid=10598 user=999: stop by 16008
08-31 18:04:58.625  1724  1857 W libprocessgroup: kill(-15915, 9) failed: No such process
08-31 18:04:58.626  1724  2879 D ConnectivityService: ConnectivityService NetworkRequestInfo binderDied(NetworkRequest [ TRACK_DEFAULT id=750, [ Capabilities: INTERNET&NOT_RESTRICTED&TRUSTED Unwanted:  Uid: 10598] ], android.os.BinderProxy@77e7034)
08-31 18:04:58.627  1724  2084 D ConnectivityService: releasing NetworkRequest [ TRACK_DEFAULT id=750, [ Capabilities: INTERNET&NOT_RESTRICTED&TRUSTED Unwanted:  Uid: 10598] ] (release request)
08-31 18:04:58.629   978   978 I Zygote  : Process 15915 exited due to signal (9)
08-31 18:04:58.630  2765 17121 I chatty  : uid=1000(system) Binder:2765_D expire 2 lines
08-31 18:04:58.630  2765  3836 I chatty  : uid=1000(system) update-pid expire 1 line
08-31 18:04:58.631  1724  2478 D PackageManager: package:1000 check permission,PERMISSION_GRANTED
08-31 18:04:58.632  2765  3773 I chatty  : uid=1000(system) MotorModeDaemon expire 1 line
08-31 18:04:58.633  1724  4868 D PackageManager: package:1000 check permission,PERMISSION_GRANTED
08-31 18:04:58.633  2765  3205 I chatty  : uid=1000(system) Binder:2765_3 expire 1 line
08-31 18:04:58.633  2765  3772 I chatty  : uid=1000(system) GamepadService expire 1 line
08-31 18:04:58.633  1724  1853 D PackageManager: package:1000 check permission,PERMISSION_GRANTED
08-31 18:04:58.634  2765 17121 I chatty  : uid=1000(system) Binder:2765_D expire 1 line
08-31 18:04:58.634  1724  7979 D PackageManager: package:1000 check permission,PERMISSION_GRANTED
08-31 18:04:58.634  2765  3205 I chatty  : uid=1000(system) Binder:2765_3 expire 2 lines
08-31 18:04:58.634  1724  2101 D PackageManager: package:1002 check permission,PERMISSION_GRANTED
08-31 18:04:58.634  1724  4404 D PackageManager: package:1000 check permission,PERMISSION_GRANTED
08-31 18:04:58.635  1724  6436 D PackageManager: package:1000 check permission,PERMISSION_GRANTED
08-31 18:04:58.636  1724 14890 D PackageManager: package:1000 check permission,PERMISSION_GRANTED
08-31 18:04:58.636  1724  1853 D UiModeManager: onForegroundActivitiesChanged: pid=4240, uid=10096, foregroundActivities=true
08-31 18:04:58.636  2765  3998 I chatty  : uid=1000(system) Binder:2765_7 expire 1 line
08-31 18:04:58.636  1724  4868 D PackageManager: package:1000 check permission,PERMISSION_GRANTED
08-31 18:04:58.636  2765 14957 I chatty  : uid=1000(system) Binder:2765_C expire 2 lines
08-31 18:04:58.638   715  8579 V APM_AudioPolicyManager: AudioPolicyManager:setRecordSilenced(uid:10598, silenced:1)
08-31 18:04:58.638   715  8579 V AudioFlinger: AudioFlinger::setRecordSilenced(uid:10598, silenced:1)
08-31 18:04:58.639  2765 17121 I chatty  : uid=1000(system) Binder:2765_D expire 1 line
08-31 18:04:58.640  1724  1857 W libprocessgroup: kill(-15915, 9) failed: No such process
08-31 18:04:58.640  1724  1857 I libprocessgroup: Successfully killed process cgroup uid 10598 pid 15915 in 15ms
08-31 18:04:58.640  1724  1857 W libprocessgroup: kill(-15693, 9) failed: No such process
08-31 18:04:58.640  1724  1857 I libprocessgroup: Successfully killed process cgroup uid 10598 pid 15693 in 0ms
08-31 18:04:58.640  2765  3998 I chatty  : uid=1000(system) Binder:2765_7 expire 3 lines
08-31 18:04:58.640  1724  1857 W libprocessgroup: kill(-15368, 9) failed: No such process
08-31 18:04:58.642  1724  7979 D PackageManager: package:1000 check permission,PERMISSION_GRANTED
08-31 18:04:58.643  1724  1852 D ActivityManager: StartMode packageName = com.tencent.android.qqdownloader ,callingPid = -1 ,alwaysRestrict = true ,startMode = 2 ,UidRec:null
08-31 18:04:58.643  1724  1852 W BroadcastQueue: Background execution not allowed: receiving Intent { act=android.intent.action.PACKAGE_RESTARTED dat=package:cn.missevan flg=0x10 (has extras) } to com.tencent.android.qqdownloader/com.tencent.assistant.localres.localapk.PackageChangedReceiver
08-31 18:04:58.645  2831  2831 D CarrierSvcBindHelper: No carrier app for: 0
08-31 18:04:58.646  2831  2831 D CarrierSvcBindHelper: No carrier app for: 1
08-31 18:04:58.646  2831  2831 D CarrierSvcBindHelper: No carrier app for: 0
08-31 18:04:58.646  1724  3768 D PackageManager: package:1000 check permission,PERMISSION_GRANTED
08-31 18:04:58.647  2831  2831 D CarrierSvcBindHelper: No carrier app for: 1
08-31 18:04:58.647  2765 16737 I chatty  : uid=1000(system) Binder:2765_E expire 1 line
08-31 18:04:58.648  1724  1857 W libprocessgroup: kill(-15368, 9) failed: No such process
08-31 18:04:58.649  2765 17121 I chatty  : uid=1000(system) Binder:2765_D expire 2 lines
08-31 18:04:58.650  1724  7979 D PackageManager: package:1000 check permission,PERMISSION_GRANTED
08-31 18:04:58.652  1724  1724 I NotificationService: action=android.intent.action.PACKAGE_RESTARTED removing=false
08-31 18:04:58.652  2765  3998 I chatty  : uid=1000(system) Binder:2765_7 expire 1 line
08-31 18:04:58.653  1724  1852 D ActivityManager: StartMode packageName = com.vivo.appfilter ,callingPid = -1 ,alwaysRestrict = true ,startMode = 2 ,UidRec:UidRecord{78ed8ef 1000 PER  procs:33 seq(0,0,0)}
08-31 18:04:58.653  1724  1852 W BroadcastQueue: Background execution not allowed: receiving Intent { act=android.intent.action.PACKAGE_RESTARTED dat=package:cn.missevan flg=0x10 (has extras) } to com.vivo.appfilter/.receiver.VivoBringupPkgReceiver
08-31 18:04:58.653  1724  1852 D ActivityManager: StartMode packageName = com.tencent.android.qqdownloader ,callingPid = -1 ,alwaysRestrict = true ,startMode = 2 ,UidRec:null
08-31 18:04:58.653  1724  1852 W BroadcastQueue: Background execution not allowed: receiving Intent { act=android.intent.action.PACKAGE_RESTARTED dat=package:cn.missevan flg=0x10 (has extras) } to com.tencent.android.qqdownloader/com.qq.AppService.APKReceiver
08-31 18:04:58.653  2765  2765 I chatty  : uid=1000(system) com.vivo.daemonService expire 4 lines
08-31 18:04:58.654  2765  3840 I chatty  : uid=1000(system) AsyncHandler expire 1 line
08-31 18:04:58.654  2765  2765 W ContextImpl: Calling a method in the system process without a qualified user: android.app.ContextImpl.startService:1550 android.content.ContextWrapper.startService:664 com.vivo.daemonService.easyshare.ESAlarmReceiver.a:5 com.vivo.daemonService.easyshare.ESAlarmReceiver.onReceive:2 android.app.LoadedApk$ReceiverDispatcher$Args.lambda$getRunnable$0:1416
08-31 18:04:58.654  2765 17121 I chatty  : uid=1000(system) Binder:2765_D expire 1 line
08-31 18:04:58.655  1724 14890 D PackageManager: package:1000 check permission,PERMISSION_GRANTED
08-31 18:04:58.655  2765  3836 I chatty  : uid=1000(system) update-pid expire 1 line
08-31 18:04:58.656  2765  2765 I chatty  : uid=1000(system) com.vivo.daemonService expire 2 lines
08-31 18:04:58.656  1724  2478 D PackageManager: package:1000 check permission,PERMISSION_GRANTED
08-31 18:04:58.656  2765 17121 I chatty  : uid=1000(system) Binder:2765_D expire 2 lines
08-31 18:04:58.685   717   804 E         : IProducerListener: malformed binder reply
