08-31 18:04:33.834 15621 15621 I missevan:playe: Late-enabling -Xcheck:jni
08-31 18:04:33.840  1724  4868 D ConnectivityService: requestNetwork for uid/pid:10598/15368 NetworkRequest [ TRACK_DEFAULT id=746, [ Capabilities: INTERNET&NOT_RESTRICTED&TRUSTED Unwanted:  Uid: 10598] ]
08-31 18:04:33.841  1724  2070 I chatty  : uid=1000(system) WifiStateMachin expire 2 lines
08-31 18:04:33.841  2831  2831 D PhoneSwitcherNetworkRequstListener: got request NetworkRequest [ TRACK_DEFAULT id=746, [ Capabilities: INTERNET&NOT_RESTRICTED&TRUSTED Unwanted:  Uid: 10598] ] with score 60
08-31 18:04:33.841  1724  2084 D ConnectivityService: isWifiPoorLink:false, nai.everValidated:true, networkType:1, networkDetailedState:CONNECTED, nai.isLingering():false, unneeded(nai, UnneededFor.TEARDOWN):false
08-31 18:04:33.842  1724  2157 I chatty  : uid=1000(system) EthernetService expire 1 line
08-31 18:04:33.847  1724  2084 D ConnectivityService: isWifiPoorLink:false, nai.everValidated:true, networkType:1, networkDetailedState:CONNECTED, nai.isLingering():false, unneeded(nai, UnneededFor.TEARDOWN):false
08-31 18:04:33.856 15368 15368 W MainActivityViewModel: [main] DownloadFileResolver, Start process local downloaded files!!!
08-31 18:04:33.879 15368 15630 I chromium: [0831/180433.879888:INFO:httpdns.cc(234)] OnEffectiveConnectionTypeChanged called by httpdns context networks 5
08-31 18:04:33.884 15368 15454 I DownloadFileResolver: [DefaultDispatcher-worker-3] Found downloaded files: 0
08-31 18:04:33.915 15368 15468 D MobclickAgent: 普通统计数据: 发送成功!
08-31 18:04:33.928 15368 15630 E chromium: [0831/180433.928766:ERROR:request.cc(346)] Error net::ERR_CONNECTION_RESET on chromium request: http://203.107.1.34/191607/resolve?host=fm.uat.missevan.com&query=4
08-31 18:04:33.928 15368 15629 E chromium: [0831/180433.928956:ERROR:response_handler.cc(47)] OnFailed net::ERR_CONNECTION_RESET
08-31 18:04:33.941  1724  6436 I chatty  : uid=1000(system) Binder:1724_17 expire 10 lines
08-31 18:04:33.944 15368 15466 D MobclickAgent: 延续上一个会话: 562359E9595A94E35E92B8C4310E3B16
08-31 18:04:33.954 15368 15466 D UMLog   : 当前发送策略为: 间隔发送。间隔时间为：90秒。详见链接 https://developer.umeng.com/docs/66632/detail/66976?um_channel=sdk
08-31 18:04:33.985 15368 15620 I Adreno  : QUALCOMM build                   : 9128d71, Ib33d3e8e13
08-31 18:04:33.985 15368 15620 I Adreno  : Build Date                       : 11/02/18
08-31 18:04:33.985 15368 15620 I Adreno  : OpenGL ES Shader Compiler Version: EV031.25.03.01
08-31 18:04:33.985 15368 15620 I Adreno  : Local Branch                     :
08-31 18:04:33.985 15368 15620 I Adreno  : Remote Branch                    :
08-31 18:04:33.985 15368 15620 I Adreno  : Remote Branch                    :
08-31 18:04:33.985 15368 15620 I Adreno  : Reconstruct Branch               :
08-31 18:04:33.985 15368 15620 I Adreno  : Build Config                     : S L 6.0.7 AArch64
08-31 18:04:33.989 15368 15620 I Adreno  : PFP: 0x005ff112, ME: 0x005ff066
08-31 18:04:33.996 15368 15620 I ConfigStore: android::hardware::configstore::V1_0::ISurfaceFlingerConfigs::hasWideColorDisplay retrieved: 0
08-31 18:04:33.996 15368 15620 I ConfigStore: android::hardware::configstore::V1_0::ISurfaceFlingerConfigs::hasHDRDisplay retrieved: 0
08-31 18:04:33.997 15368 15620 I OpenGLRenderer: Initialized EGL, version 1.4
08-31 18:04:33.997 15368 15620 D OpenGLRenderer: Swap behavior 2
08-31 18:04:34.002 15621 15621 I missevan:playe: The ClassLoaderContext is a special shared library.
08-31 18:04:34.004   717  2381 E         : IProducerListener: malformed binder reply
08-31 18:04:34.007 15368 15618 D SentryLog: [SentryAsyncConnection-0] Envelope sent successfully.
08-31 18:04:34.010 15368 15618 D SentryLog: [SentryAsyncConnection-0] Discarding envelope from cache: /data/user/0/cn.missevan/cache/sentry/f1912ed6-ad1d-4a9f-a126-3ca621013a2a.envelope
08-31 18:04:34.011 15368 15618 D SentryLog: [SentryAsyncConnection-0] Envelope flushed
08-31 18:04:34.014 15368 15618 D SentryLog: [SentryAsyncConnection-0] Adding Envelope to offline storage: /data/user/0/cn.missevan/cache/sentry/d158a4df7bba4ef892e818d5edc34129.envelope
08-31 18:04:34.028 15368 15368 I BLOG    : [main] MyNetWorkChangeReceiver action=android.net.conn.CONNECTIVITY_CHANGE
08-31 18:04:34.076 15368 15618 D SentryLog: [SentryAsyncConnection-0] Serializing object: {"start_timestamp":"2022-08-31T10:04:32.907Z","timestamp":"2022-08-31T10:04:33.689Z","transaction":"MainActivity","type":"transaction","breadcrumbs":[{"category":"ui.lifecycle","data":{"screen":"SplashActivity","state":"created"},"level":"info","timestamp":"2022-08-31T10:04:32.589Z","type":"navigation"},{"category":"ui.lifecycle","data":{"screen":"MainActivity","state":"created"},"level":"info","timestamp":"2022-08-31T10:04:32.904Z","type":"navigation"},{"category":"ui.lifecycle","data":{"screen":"MainActivity","state":"started"},"level":"info","timestamp":"2022-08-31T10:04:33.372Z","type":"navigation"},{"category":"app.lifecycle","data":{"state":"start"},"level":"info","timestamp":"2022-08-31T10:04:33.675Z","type":"session"},{"category":"app.lifecycle","data":{"state":"foreground"},"level":"info","timestamp":"2022-08-31T10:04:33.681Z","type":"navigation"},{"category":"ui.lifecycle","data":{"screen":"MainActivity","state":"resumed"},"level":"info","timestamp":"2022-08-31T10:04:33.688Z","type":"navigation"}],"contexts":{"app":{"app_build":"5070300","app_identifier":"cn.missevan","app_name":"猫耳FM","app_start_time":"2022-08-31T10:04:30.923Z","app_version":"5.7.3"},"trace":{"op":"ui.load","span_id":"5f0ba19e30984153","status":"ok","trace_id":"5d7476df5e4b4dc79f2700939bdd568a"},"os":{"build":"PKQ1.180819.001 release-keys","kernel_version":"4.4.153-perf+","name":"Android","rooted":false,"version":"9"},"device":{"archs":["arm64-v8a","armeabi-v7a","armeabi"],"boot_time":"2022-08-25T10:38:05.455Z","brand":"vivo","family":"vivo","id":"05b9bfa2-7716-46f2-a2b3-b6c35103f2e0","language":"zh","locale":"zh_CN","manufacturer":"vivo","model":"vivo X21A","model_id":"PKQ1.180819.001","name":"vivo X21A","orientation":"portrait","screen_density":3.0,"screen_dpi":480,"screen_height_pixels":2075,"screen_width_pixels":1080,"simulator":false,"timezone":"Asia/Shanghai"}},"dist":"5070300","environment":"staging","event_id":"d158a4df7bba4ef892e818d5edc34129","platform":"java","release":"cn.missevan@5.7.3+5070300","sdk":{"name":"sentry.java.android","packages":[{"name":"maven:io.sentry:sentry","version":"5.6.3"},{"name":"maven:io.sentry:sentry-android-core","version":"5.6.3"},{"name":"maven:io.sentry:sentry-android-ndk","version":"5.6.3"}],"version":"5.6.3"},"tags":{"equip_id":"630d9738-875a-168e-f0af-16c345660c09","installerStore":"com.android.packageinstaller","buvid":"XY277FF2DFB139F19721118D30677E832AAF4","channel":"missevan","version_code":"5070300","isSideLoaded":"false","commitId":"f1c5ee8-64-debug","version":"5.7.3"},"user":{"id":"14241060","other":{"equip_id":"630d9738-875a-168e-f0af-16c345660c09","buvid":"XY277FF2DFB139F19721118D30677E832AAF4"},"username":"乌龙茶重名了太可恶了"}}
08-31 18:04:34.121 28096 28096 E adbd    : failed to connect to socket 'tcp:6790': Connection refused
08-31 18:04:34.122  1724  1877 I chatty  : uid=1000(system) android.display expire 1 line
08-31 18:04:34.153 15368 15564 I UPush.BaseService: onHandleWork
08-31 18:04:34.153 15368 15564 I UPush.MessageHandlerService: action: com.umeng.message.action command:enable
08-31 18:04:34.153 15368 15564 I UPush.MessageHandlerService: push open status:true
08-31 18:04:34.161 12590 12590 I UnicodeIME: onFinishInput:
08-31 18:04:34.162 12590 12590 I UnicodeIME: onStartInput
08-31 18:04:34.171 15368 15618 D SentryLog: [SentryAsyncConnection-0] Envelope sent successfully.
08-31 18:04:34.175  1724  4868 I chatty  : uid=1000(system) Binder:1724_15 expire 1 line
08-31 18:04:34.178 15368 15368 D LeakCanary: Watching instance of androidx.fragment.app.FragmentManagerViewModel (androidx.fragment.app.FragmentManagerViewModel received ViewModel#onCleared() callback) with key 43696172-54d1-41a2-8559-a63147ea7186
08-31 18:04:34.178 15368 15368 D LeakCanary: Watching instance of leakcanary.internal.ViewModelClearedWatcher (leakcanary.internal.ViewModelClearedWatcher received ViewModel#onCleared() callback) with key 805ad104-6ec2-4f83-9788-6774bc8cc948
08-31 18:04:34.179 15368 15368 D LeakCanary: Watching instance of androidx.lifecycle.ReportFragment (androidx.lifecycle.ReportFragment received Fragment#onDestroy() callback) with key 35b40297-0453-43d0-9395-2ea80ce78461
08-31 18:04:34.180 15368 15368 D LeakCanary: Watching instance of cn.missevan.activity.SplashActivity (cn.missevan.activity.SplashActivity received Activity#onDestroy() callback) with key 6a94613d-5a3d-4380-8ac3-1f7b65e50045
08-31 18:04:34.182 15368 15618 D SentryLog: [SentryAsyncConnection-0] Discarding envelope from cache: /data/user/0/cn.missevan/cache/sentry/d158a4df7bba4ef892e818d5edc34129.envelope
08-31 18:04:34.183 15368 15618 D SentryLog: [SentryAsyncConnection-0] Envelope flushed
08-31 18:04:34.197 15368 15584 I UPush.Prefs: type:user_id,alias:umeng:dev14241060,exclusive:0
08-31 18:04:34.202  2765  3773 I chatty  : uid=1000(system) MotorModeDaemon expire 1 line
08-31 18:04:34.203  2765  3873 I chatty  : uid=1000(system) Binder:2765_4 expire 3 lines
08-31 18:04:34.203  2765  3772 I chatty  : uid=1000(system) GamepadService expire 1 line
08-31 18:04:34.207  1724  2892 I chatty  : uid=1000(system) Binder:1724_B expire 3 lines
08-31 18:04:34.208  1724  1853 I chatty  : uid=1000(system) android.ui expire 2 lines
08-31 18:04:34.210  2765  4056 I chatty  : uid=1000(system) Binder:2765_8 expire 4 lines
08-31 18:04:34.211  2765  2765 I chatty  : uid=1000(system) com.vivo.daemonService expire 2 lines
08-31 18:04:34.211  2765 14957 I chatty  : uid=1000(system) Binder:2765_C expire 5 lines
08-31 18:04:34.217 15368 15368 D LeakCanary: Watching instance of com.umeng.message.component.UmengMessageHandlerService (com.umeng.message.component.UmengMessageHandlerService received Service#onDestroy() callback) with key 09d2247e-7bf9-4224-8f27-a52780223436
08-31 18:04:34.219 15368 15584 I UPush.Prefs: count:1
08-31 18:04:34.219 15368 15584 I UPush.Prefs: typeTmp:user_id,aliasTmp:umeng:dev14241060,type:user_id,alias:umeng:dev14241060
08-31 18:04:34.219 15368 15584 D UPush.Track: addAlias: <dev14241060, user_id> has been synced to the server before. Ignore this request
08-31 18:04:34.229 15368 15505 I BLOG    : [RxCachedThreadScheduler-1] HTTP request: [2022-08-31T10:04:33.621Z] GET https://app.uat.missevan.com/site/get-emote 200 591ms 0
08-31 18:04:34.229 15368 15527 I BLOG    : [RxCachedThreadScheduler-4] HTTP request: [2022-08-31T10:04:33.398Z] GET https://data.uat.missevan.com/v2/site/notifications?active=1 200 795ms 0
08-31 18:04:34.237 15368 15515 I BLOG    : [RxCachedThreadScheduler-3] HTTP request: [2022-08-31T10:04:33.003Z] GET https://fm.uat.missevan.com/api/user/info 200 1180ms 0
08-31 18:04:34.240 15368 15528 I BLOG    : [RxCachedThreadScheduler-5] HTTP request: [2022-08-31T10:04:33.656Z] GET https://app.uat.missevan.com/site/tabs 200 555ms 0
08-31 18:04:34.244 15368 15454 I EmoteUtil: [DefaultDispatcher-worker-3] Same emoticon package. load emotes from local..
08-31 18:04:34.273 15368 15512 I CronetEngine: [thread_background]
08-31 18:04:34.273 15368 15512 I CronetEngine: url: https://fm.uat.missevan.com/api/user/info
08-31 18:04:34.273 15368 15512 I CronetEngine:  ip: 10.21.250.10
08-31 18:04:34.273 15368 15512 I CronetEngine:  hostResolverProvider: system
08-31 18:04:34.273 15368 15512 I CronetEngine:  hostResolveIps: ["10.21.250.10"]
08-31 18:04:34.273 15368 15512 I CronetEngine:
08-31 18:04:34.275 15368 15512 I CronetEngine: [thread_background]
08-31 18:04:34.275 15368 15512 I CronetEngine: url: https://app.uat.missevan.com/site/config
08-31 18:04:34.275 15368 15512 I CronetEngine:  ip: 10.21.250.10
08-31 18:04:34.275 15368 15512 I CronetEngine:  hostResolverProvider:
08-31 18:04:34.275 15368 15512 I CronetEngine:  hostResolveIps: []
08-31 18:04:34.275 15368 15512 I CronetEngine:
08-31 18:04:34.276 15368 15512 I CronetEngine: [thread_background]
08-31 18:04:34.276 15368 15512 I CronetEngine: url: https://app.uat.missevan.com/site/tabs
08-31 18:04:34.276 15368 15512 I CronetEngine:  ip: 10.21.250.10
08-31 18:04:34.276 15368 15512 I CronetEngine:  hostResolverProvider:
08-31 18:04:34.276 15368 15512 I CronetEngine:  hostResolveIps: []
08-31 18:04:34.276 15368 15512 I CronetEngine:
08-31 18:04:34.278 15368 15512 I CronetEngine: [thread_background]
08-31 18:04:34.278 15368 15512 I CronetEngine: url: https://app.uat.missevan.com/site/get-emote
08-31 18:04:34.278 15368 15512 I CronetEngine:  ip: 10.21.250.10
08-31 18:04:34.278 15368 15512 I CronetEngine:  hostResolverProvider: system
08-31 18:04:34.278 15368 15512 I CronetEngine:  hostResolveIps: ["10.21.250.10"]
08-31 18:04:34.278 15368 15512 I CronetEngine:
08-31 18:04:34.280 15368 15633 I EmoteUtil: [DefaultDispatcher-worker-4] Add 80 emotes
08-31 18:04:34.284 15368 15512 I CronetEngine: [thread_background]
08-31 18:04:34.284 15368 15512 I CronetEngine: url: https://data.uat.missevan.com/v2/site/notifications?active=1
08-31 18:04:34.284 15368 15512 I CronetEngine:  ip: 10.21.250.10
08-31 18:04:34.284 15368 15512 I CronetEngine:  hostResolverProvider: system
08-31 18:04:34.284 15368 15512 I CronetEngine:  hostResolveIps: ["10.21.250.10"]
08-31 18:04:34.284 15368 15512 I CronetEngine:
08-31 18:04:34.285 15368 15633 I EmoteUtil: [DefaultDispatcher-worker-4] Add 50 emotes
08-31 18:04:34.286 15368 15633 I EmoteUtil: [DefaultDispatcher-worker-4] Add 18 emotes
08-31 18:04:34.289  1724  2023 I Letterbox: setColorInner, color = ffffffff, callers = com.android.server.wm.VivoBaseLetterbox$VivoBaseLetterboxSurface.setColor:66 com.android.server.wm.VivoBaseLetterbox.setColors:46 com.android.server.wm.VivoBaseAppWindowToken.updateLetterboxColor:323 com.android.server.wm.VivoBaseAppWindowToken.updateLetterboxSurface:82 com.android.server.wm.AppWindowToken.updateLetterboxSurface:1669
08-31 18:04:34.294   717   805 W SurfaceFlinger: Attempting to set client state on removed layer: Splash Screen cn.missevan#0
08-31 18:04:34.294   717   805 W SurfaceFlinger: Attempting to destroy on removed layer: Splash Screen cn.missevan#0
08-31 18:04:34.301 15368 15584 I Umeng   : [UPush-4] userId: alias:dev14241060已经添加
08-31 18:04:34.319 15368 15584 I UPush.Prefs: type:uuid,alias:umeng:dev630d9738-875a-168e-f0af-16c345660c09,exclusive:0
08-31 18:04:34.321 15368 15584 I UPush.Prefs: count:1
08-31 18:04:34.321 15368 15584 I UPush.Prefs: typeTmp:uuid,aliasTmp:umeng:dev630d9738-875a-168e-f0af-16c345660c09,type:uuid,alias:umeng:dev630d9738-875a-168e-f0af-16c345660c09
08-31 18:04:34.322 15368 15584 D UPush.Track: addAlias: <dev630d9738-875a-168e-f0af-16c345660c09, uuid> has been synced to the server before. Ignore this request
08-31 18:04:34.326 15368 15512 I CronetEngine: [thread_background]
08-31 18:04:34.326 15368 15512 I CronetEngine: url: https://app.uat.missevan.com/site/launch?app_sign=926d1dd5ca9cbb9704250acdd3c95abb&supported_abis=arm64-v8a%2Carmeabi-v7a%2Carmeabi&runtime_abi=arm64-v8a&version_code=5070300
08-31 18:04:34.326 15368 15512 I CronetEngine:  ip: 10.21.250.10
08-31 18:04:34.326 15368 15512 I CronetEngine:  hostResolverProvider:
08-31 18:04:34.326 15368 15512 I CronetEngine:  hostResolveIps: []
08-31 18:04:34.326 15368 15512 I CronetEngine:
08-31 18:04:34.329 15368 15616 D SentryLog: [RxCachedThreadScheduler-6] Capturing transaction: 70db4854ccc7409bbdd36fd076c03643
08-31 18:04:34.342 15368 15618 D SentryLog: [SentryAsyncConnection-0] Adding Envelope to offline storage: /data/user/0/cn.missevan/cache/sentry/70db4854ccc7409bbdd36fd076c03643.envelope
08-31 18:04:34.347 15368 15584 I Umeng   : [UPush-4] equipId: alias:dev630d9738-875a-168e-f0af-16c345660c09已经添加
08-31 18:04:34.348 15368 15368 I PlayApplication: [main] getConfig, vivoChannelUseX5: 0, otherChannelUseX5: 2
08-31 18:04:34.355 15368 15616 I BLOG    : [RxCachedThreadScheduler-6] HTTP request: [2022-08-31T10:04:33.672Z] GET https://app.uat.missevan.com/site/launch?app_sign=926d1dd5ca9cbb9704250acdd3c95abb&supported_abis=arm64-v8a%2Carmeabi-v7a%2Carmeabi&runtime_abi=arm64-v8a&version_code=5070300 200 637ms 0
08-31 18:04:34.361 15368 15584 I UPush.Prefs: type:buvid,alias:umeng:devXY277FF2DFB139F19721118D30677E832AAF4,exclusive:0
08-31 18:04:34.365 15368 15584 I UPush.Prefs: count:1
08-31 18:04:34.366 15368 15584 I UPush.Prefs: typeTmp:buvid,aliasTmp:umeng:devXY277FF2DFB139F19721118D30677E832AAF4,type:buvid,alias:umeng:devXY277FF2DFB139F19721118D30677E832AAF4
08-31 18:04:34.368 15368 15584 D UPush.Track: addAlias: <devXY277FF2DFB139F19721118D30677E832AAF4, buvid> has been synced to the server before. Ignore this request
08-31 18:04:34.370 15368 15368 I PlayApplication: [main] localPlayerType: 1, serverPlayerType: 1
08-31 18:04:34.377 15368 15618 D SentryLog: [SentryAsyncConnection-0] Serializing object: {"measurements":{"app_start_cold":{"value":2764.0}},"spans":[{"description":"Cold Start","op":"app.start.cold","parent_span_id":"cb6208d8136e4d8a","span_id":"477dab12928e4ace","start_timestamp":"2022-08-31T10:04:30.923Z","timestamp":"2022-08-31T10:04:33.687Z","trace_id":"43d110645c9a478886f0e0cf345f5b8b"},{"description":"GET https://data.uat.missevan.com/v2/site/notifications?active=1","op":"http.client","parent_span_id":"477dab12928e4ace","span_id":"6968fa8c8fd9441b","start_timestamp":"2022-08-31T10:04:33.396Z","status":"ok","timestamp":"2022-08-31T10:04:34.227Z","trace_id":"43d110645c9a478886f0e0cf345f5b8b"},{"description":"GET https://app.uat.missevan.com/site/tabs","op":"http.client","parent_span_id":"6968fa8c8fd9441b","span_id":"931d25c48bad485b","start_timestamp":"2022-08-31T10:04:33.655Z","status":"ok","timestamp":"2022-08-31T10:04:34.231Z","trace_id":"43d110645c9a478886f0e0cf345f5b8b"},{"description":"GET https://app.uat.missevan.com/site/launch?app_sign=926d1dd5ca9cbb9704250acdd3c95abb&supported_abis=arm64-v8a%2Carmeabi-v7a%2Carmeabi&runtime_abi=arm64-v8a&version_code=5070300","op":"http.client","parent_span_id":"931d25c48bad485b","span_id":"fd3d4a2e38e64d0b","start_timestamp":"2022-08-31T10:04:33.671Z","status":"ok","timestamp":"2022-08-31T10:04:34.326Z","trace_id":"43d110645c9a478886f0e0cf345f5b8b"}],"start_timestamp":"2022-08-31T10:04:30.923Z","timestamp":"2022-08-31T10:04:34.326Z","transaction":"SplashActivity","type":"transaction","breadcrumbs":[{"category":"ui.lifecycle","data":{"screen":"SplashActivity","state":"created"},"level":"info","timestamp":"2022-08-31T10:04:32.589Z","type":"navigation"},{"category":"ui.lifecycle","data":{"screen":"MainActivity","state":"created"},"level":"info","timestamp":"2022-08-31T10:04:32.904Z","type":"navigation"},{"category":"ui.lifecycle","data":{"screen":"MainActivity","state":"started"},"level":"info","timestamp":"2022-08-31T10:04:33.372Z","type":"navigation"},{"category":"app.lifecycle","data":{"state":"start"},"level":"info","timestamp":"2022-08-31T10:04:33.675Z","type":"session"},{"category":"app.lifecycle","data":{"state":"foreground"},"level":"info","timestamp":"2022-08-31T10:04:33.681Z","type":"navigation"},{"category":"ui.lifecycle","data":{"screen":"MainActivity","state":"resumed"},"level":"info","timestamp":"2022-08-31T10:04:33.688Z","type":"navigation"},{"category":"ui.lifecycle","data":{"screen":"SplashActivity","state":"destroyed"},"level":"info","timestamp":"2022-08-31T10:04:34.186Z","type":"navigation"},{"category":"http","data":{"status_code":200,"method":"GET","url":"https://fm.uat.missevan.com/api/user/info","response_body_size":2629},"timestamp":"2022-08-31T10:04:34.225Z","type":"http"},{"category":"http","data":{"status_code":200,"method":"GET","url":"https://app.uat.missevan.com/site/config","response_body_size":8732},"timestamp":"2022-08-31T10:04:34.226Z","type":"http"},{"category":"http","data":{"status_code":200,"method":"GET","url":"https://data.uat.missevan.com/v2/site/notifications?active=1","response_body_size":36},"timestamp":"2022-08-31T10:04:34.227Z","type":"http"},{"category":"http","data":{"status_code":200,"method":"GET","url":"https://app.uat.missevan.com/site/tabs","response_body_size":410},"timestamp":"2022-08-31T10:04:34.231Z","type":"http"}],"contexts":{"app":{"app_build":"5070300","app_identifier":"cn.missevan","app_name":"猫耳FM","app_start_time":"2022-08-31T10:04:30.923Z","app_version":"5.7.3"},"trace":{"op":"ui.load","span_id":"cb6208d8136e4d8a","status":"ok","trace_id":"43d110645c9a478886f0e0cf345f5b8b"},"os":{"build":"PKQ1.180819.001 release-keys","kernel_version":"4.4.153-perf+","name":"Android","rooted":false,"version":"9"},"device":{"archs":["arm64-v8a","armeabi-v7a","armeabi"],"boot_time":"2022-08-25T10:38:05.455Z","brand":"vivo","family":"vivo","id":"05b9bfa2-7716-46f2-a2b3-b6c35103f2e0","language":"zh","locale":"zh_CN","manufacturer":"vivo","model":"vivo X21A","model_id":"PKQ1.180819.001","name":"vivo X21A",
08-31 18:04:34.377 15368 15618 D SentryLog: "orientation":"portrait","screen_density":3.0,"screen_dpi":480,"screen_height_pixels":2075,"screen_width_pixels":1080,"simulator":false,"timezone":"Asia/Shanghai"}},"dist":"5070300","environment":"staging","event_id":"70db4854ccc7409bbdd36fd076c03643","platform":"java","release":"cn.missevan@5.7.3+5070300","sdk":{"name":"sentry.java.android","packages":[{"name":"maven:io.sentry:sentry","version":"5.6.3"},{"name":"maven:io.sentry:sentry-android-core","version":"5.6.3"},{"name":"maven:io.sentry:sentry-android-ndk","version":"5.6.3"}],"version":"5.6.3"},"tags":{"equip_id":"630d9738-875a-168e-f0af-16c345660c09","installerStore":"com.android.packageinstaller","buvid":"XY277FF2DFB139F19721118D30677E832AAF4","channel":"missevan","version_code":"5070300","isSideLoaded":"false","commitId":"f1c5ee8-64-debug","version":"5.7.3"},"user":{"id":"14241060","other":{"equip_id":"630d9738-875a-168e-f0af-16c345660c09","buvid":"XY277FF2DFB139F19721118D30677E832AAF4"},"username":"乌龙茶重名了太可恶了"}}
08-31 18:04:34.380 15368 15368 I httpdns.okhttp.wrapper: [main] OkHttp httpdns enabled.
08-31 18:04:34.387 15368 15584 I Umeng   : [UPush-4] buvid: alias:devXY277FF2DFB139F19721118D30677E832AAF4已经添加
08-31 18:04:34.403 15368 15368 I MainActivity: [main] webview config, isVivo: true, mUseX5WebCore: false, vivoUseX5: false, otherUseX5: true
08-31 18:04:34.406 15368 15368 I BLOG    : [main] launch api success
08-31 18:04:34.419 15368 15368 I SplashFragment: [main] waitContinue action executing, launch api is success
08-31 18:04:34.421 15368 15368 I SplashFragment: [main] initCustomStartSound
08-31 18:04:34.529 15368 15618 D SentryLog: [SentryAsyncConnection-0] Envelope sent successfully.
08-31 18:04:34.532 15368 15618 D SentryLog: [SentryAsyncConnection-0] Discarding envelope from cache: /data/user/0/cn.missevan/cache/sentry/70db4854ccc7409bbdd36fd076c03643.envelope
08-31 18:04:34.533 15368 15618 D SentryLog: [SentryAsyncConnection-0] Envelope flushed
08-31 18:04:34.538 17295 17419 D MemoryCeilingMonitor: [handleMemoryCalculate]
08-31 18:04:34.538 17295 17419 D MemoryCeilingMonitor: [calculate] tot: 3471178, max: 268435456, free: 422130, heap: 3049048, per: 0.011358588933944702
08-31 18:04:34.589 15551 15613 D TestExecutor: Adding listener androidx.test.internal.runner.listener.LogRunListener
08-31 18:04:34.589 15551 15613 D TestExecutor: Adding listener androidx.test.internal.runner.listener.InstrumentationResultPrinter
08-31 18:04:34.589 15551 15613 D TestExecutor: Adding listener androidx.test.internal.runner.listener.ActivityFinisherRunListener
08-31 18:04:34.593 15551 15613 I TestRunner: run started: 1 tests
08-31 18:04:34.597 15551 15613 I TestRunner: started: startServer(io.appium.uiautomator2.server.test.AppiumUiAutomator2Server)
08-31 18:04:34.602 15551 15551 I MonitoringInstr: Activities that are still in CREATED to STOPPED: 0
08-31 18:04:34.604 15368 15665 I cn.missevan: Thread[103,tid=15665,Native,Thread*=0x71db9c5000,peer=0x12e7a6b8,"glide-source-thread-0"] recursive attempt to load library "/data/app/cn.missevan-nJnhWeEAbxfcEc6K9Q_Vaw==/lib/arm64/libglide-webp.so"
08-31 18:04:34.607 15551 15613 I appium  : [AppiumUiAutomator2Server] Starting Server
08-31 18:04:34.847 15368 15368 V HotfixManager: [main] try to start patch info update
08-31 18:04:34.874   717   717 I SurfaceFlinger: FPS: 35
08-31 18:04:35.117 15368 15670 D config.Worker: config,ver: null
08-31 18:04:35.117 15368 15670 D ab.Worker: ab,ver: null
08-31 18:04:35.122 15368 15368 E MissEvanHotfixReporterImpl: [main] report: description: patch not need to update, internal_version: 5070300, result_code: 10108, patch_md5: none, process_name: cn.missevan, manufacturer: vivo, env: prod,
08-31 18:04:35.125 15368 15368 I neuron.api: [main]
08-31 18:04:35.134 28096 28096 E adbd    : failed to connect to socket 'tcp:6790': Connection refused
08-31 18:04:35.219 15368 15678 D config.Worker: config,ver: null
08-31 18:04:35.219 15368 15678 D ab.Worker: ab,ver: null
08-31 18:04:35.220 15368 15678 W ConfigManager.DefaultFactory: Unexpected: Response{protocol=h2, code=404, message=, url=https://i0.hdslb.com/bfs/fawkes/config/prod/android_missevan.zip}
08-31 18:04:35.238  1724  2070 I chatty  : uid=1000(system) WifiStateMachin expire 2 lines
08-31 18:04:35.607 15551 15613 I appium  : Starting MJPEG Server
08-31 18:04:35.461  1724  2178 I chatty  : uid=1000(system) AutobacklightTh identical 7 lines
08-31 18:04:35.636  1724  1724 V SettingsProvider: Notifying for 0: content://settings/secure/accessibility_enabled
08-31 18:04:35.637  1724  1724 V SettingsProvider: Notifying for 999: content://settings/secure/accessibility_enabled
08-31 18:04:35.646 15368 15368 D SentryLog: [main] Unable to find scroll target. No breadcrumb captured.
08-31 18:04:35.662  1724  1724 I chatty  : uid=1000 system_server expire 1 line
08-31 18:04:35.664 15551 15613 I appium  : MJPEG Server started
08-31 18:04:35.664  1724  2478 I chatty  : uid=1000(system) Binder:1724_6 expire 4 lines
08-31 18:04:35.667 15551 15685 I appium  : ServerSocket created on port 7810
08-31 18:04:35.678 15368 15368 D SentryLog: [main] Unable to find scroll target. No breadcrumb captured.
08-31 18:04:35.700 15551 15613 I appium  : AndroidServer created on port 6790
08-31 18:04:35.700 15551 15613 I appium  : io.appium.uiautomator2.server started:
08-31 18:04:35.704  1724  2892 D PowerManagerService: acquireWakeLockInternal: lock=16236606, flags=0x6, tag="UiAutomator2:ScreenKeeper", ws=null, uid=10144, pid=15551
08-31 18:04:35.705 15368 15368 D SentryLog: [main] Unable to find scroll target. No breadcrumb captured.
08-31 18:04:35.714 15551 15687 I appium  : Started UiAutomator2 io.appium.uiautomator2.http io.appium.uiautomator2.server on port 6790
08-31 18:04:35.722 15368 15368 D SentryLog: [main] Unable to find scroll target. No breadcrumb captured.
08-31 18:04:35.788 15368 15368 I chatty  : uid=10598(cn.missevan) identical 21 lines
08-31 18:04:35.822 15368 15368 D SentryLog: [main] Unable to find scroll target. No breadcrumb captured.
08-31 18:04:35.824 15551 15688 W tomator2.serve: Accessing hidden field Ljava/nio/Buffer;->address:J (light greylist, reflection)
08-31 18:04:35.824 15551 15688 W tomator2.serve: Accessing hidden field Lsun/misc/Unsafe;->theUnsafe:Lsun/misc/Unsafe; (light greylist, reflection)
08-31 18:04:35.838 15368 15368 D SentryLog: [main] Unable to find scroll target. No breadcrumb captured.
08-31 18:04:35.905 15368 15368 D SentryLog: [main] Unable to find scroll target. No breadcrumb captured.
08-31 18:04:35.906   717   717 I SurfaceFlinger: FPS: 21
08-31 18:04:35.921 15368 15368 D SentryLog: [main] Unable to find scroll target. No breadcrumb captured.
08-31 18:04:35.989 15368 15368 D SentryLog: [main] Unable to find scroll target. No breadcrumb captured.
08-31 18:04:35.995 15593 15593 I Perf    : Connecting to perf service.
08-31 18:04:36.004 15368 15368 D SentryLog: [main] Unable to find scroll target. No breadcrumb captured.
08-31 18:04:36.021 15593 15593 D Tinker.TinkerLoader: tryLoad test test
08-31 18:04:36.022 15368 15368 D SentryLog: [main] Unable to find scroll target. No breadcrumb captured.
08-31 18:04:36.025 15593 15593 W Tinker.TinkerLoader: tryLoadPatchFiles:patch dir not exist:/data/user/0/cn.missevan/tinker
08-31 18:04:36.038 15368 15368 D SentryLog: [main] Unable to find scroll target. No breadcrumb captured.
08-31 18:04:36.089 15368 15368 D SentryLog: [main] Unable to find scroll target. No breadcrumb captured.
08-31 18:04:36.091 15593 15593 D Tinker.DefaultAppLike: onBaseContextAttached:
08-31 18:04:36.097 15593 15593 I MultiDex: VM with version 2.1.0 has multidex support
08-31 18:04:36.097 15593 15593 I MultiDex: Installing application
08-31 18:04:36.097 15593 15593 I MultiDex: VM has multidex support, MultiDex support library is disabled.
08-31 18:04:36.105 15368 15368 D SentryLog: [main] Unable to find scroll target. No breadcrumb captured.
08-31 18:04:36.119 15368 15431 D LeakCanary: Setting up flushing for Thread[CrashCaptureManager,5,main]
08-31 18:04:36.119 15368 15431 D LeakCanary: Setting up flushing for Thread[FrameMetricsAggregator,5,main]
08-31 18:04:36.120 15368 15431 D LeakCanary: Setting up flushing for Thread[BiliCrInit,5,main]
08-31 18:04:36.120 15368 15431 D LeakCanary: Setting up flushing for Thread[thread_report,5,main]
08-31 18:04:36.122 15368 15368 D SentryLog: [main] Unable to find scroll target. No breadcrumb captured.
08-31 18:04:35.943  1724  2178 I chatty  : uid=1000(system) AutobacklightTh identical 1 line
08-31 18:04:36.141 15368 15368 D SentryLog: [main] Unable to find scroll target. No breadcrumb captured.
08-31 18:04:36.187  1724  1855 I ActivityManager: Start proc 15693:cn.missevan:stats/u0a598 for service cn.missevan/com.bilibili.lib.neuron.internal.NeuronRemoteService
08-31 18:04:36.185 15368 15368 D SentryLog: [main] Unable to find scroll target. No breadcrumb captured.
08-31 18:04:36.195 15693 15693 I .missevan:stat: Late-enabling -Xcheck:jni
08-31 18:04:36.197 15593 15593 D Tinker.DefaultAppLike: onCreate
08-31 18:04:36.204 15368 15368 D SentryLog: [main] Unable to find scroll target. No breadcrumb captured.
08-31 18:04:36.226  1724  2233 E TaskPersister: File error accessing recents directory (directory doesn't exist?).
08-31 18:04:36.274 15368 15368 D SentryLog: [main] Unable to find scroll target. No breadcrumb captured.
08-31 18:04:36.277 15551 15694 I appium  : channel read: GET /wd/hub/status
08-31 18:04:36.281 15551 15694 I appium  : Status command
08-31 18:04:36.281  1724  2892 I chatty  : uid=1000(system) Binder:1724_B expire 9 lines
08-31 18:04:36.288 15368 15368 D SentryLog: [main] Unable to find scroll target. No breadcrumb captured.
08-31 18:04:36.304 15368 15368 D SentryLog: [main] Unable to find scroll target. No breadcrumb captured.
08-31 18:04:36.321 15368 15368 D SentryLog: [main] Unable to find scroll target. No breadcrumb captured.
08-31 18:04:36.329 15551 15694 I appium  : AppiumResponse: {"sessionId":"None","value":{"message":"UiAutomator2 Server is ready to accept commands","ready":true}}
08-31 18:04:36.338 15368 15368 D SentryLog: [main] Unable to find scroll target. No breadcrumb captured.
08-31 18:04:36.338 15693 15693 I .missevan:stat: The ClassLoaderContext is a special shared library.
08-31 18:04:36.351 15551 15694 I appium  : channel read: POST /wd/hub/session
08-31 18:04:36.355 15368 15368 D SentryLog: [main] Unable to find scroll target. No breadcrumb captured.
08-31 18:04:36.355 15551 15694 I appium  : NewSession command
08-31 18:04:36.356 15368 15373 I cn.missevan: Compiler allocated 4MB to compile void android.view.ViewRootImpl.performTraversals()
08-31 18:04:36.372 15368 15368 D SentryLog: [main] Unable to find scroll target. No breadcrumb captured.
08-31 18:04:36.380 15551 15694 W tomator2.serve: Accessing hidden field Landroid/app/UiAutomation;->mOnAccessibilityEventListener:Landroid/app/UiAutomation$OnAccessibilityEventListener; (dark greylist, reflection)
08-31 18:04:36.381 15551 15694 I appium  : Created the new session with SessionID: dca1d28f-019f-4706-b793-f1b56411b3ac
08-31 18:04:36.385  1724  1853 V WindowOrientationListener: in onTouchEndLocked. proposedRotation=0, oldProposedRotation=0
08-31 18:04:36.407 15551 15694 I appium  : AppiumResponse: {"sessionId":"dca1d28f-019f-4706-b793-f1b56411b3ac","value":{"capabilities":{"firstMatch":[{"platform":"LINUX","webStorageEnabled":false,"takesScreenshot":true,"javascriptEnabled":true,"databaseEnabled":false,"networkConnectionEnabled":true,"locationContextEnabled":false,"warnings":{},"desired":{"pl…
08-31 18:04:36.438 15593 15593 W n:player.singl: Accessing hidden method Landroid/app/ActivityThread;->currentApplication()Landroid/app/Application; (light greylist, linking)
08-31 18:04:36.446 15551 15694 I appium  : channel read: GET /wd/hub/session/dca1d28f-019f-4706-b793-f1b56411b3ac/appium/device/info
08-31 18:04:36.449 15551 15694 I appium  : GetDeviceInfo command
08-31 18:04:36.470 15551 15694 W tomator2.serve: Accessing hidden field Landroid/net/NetworkCapabilities;->mSignalStrength:I (light greylist, reflection)
08-31 18:04:36.470 15551 15694 W tomator2.serve: Accessing hidden field Landroid/net/NetworkCapabilities;->mSSID:Ljava/lang/String; (dark greylist, reflection)
08-31 18:04:36.487  1724  1874 D BluetoothManagerService: MESSAGE_REGISTER_ADAPTER
08-31 18:04:36.492 15621 15621 I Perf    : Connecting to perf service.
08-31 18:04:36.512 15551 15694 I appium  : AppiumResponse: {"sessionId":"dca1d28f-019f-4706-b793-f1b56411b3ac","value":{"androidId":"924032d81ca599b5","apiVersion":"28","bluetooth":{"state":"ON"},"brand":"vivo","carrierName":"","displayDensity":480,"locale":"zh_CN","manufacturer":"vivo","model":"vivo X21A","networks":[{"capabilities":{"SSID":null,"linkDownB…
08-31 18:04:36.514 15621 15621 D Tinker.TinkerLoader: tryLoad test test
08-31 18:04:36.518 15621 15621 W Tinker.TinkerLoader: tryLoadPatchFiles:patch dir not exist:/data/user/0/cn.missevan/tinker
08-31 18:04:36.550  1724  6436 I chatty  : uid=1000(system) Binder:1724_17 expire 9 lines
08-31 18:04:36.566 15593 15720 D SentryLog: [pool-3-thread-1] SU isn't found on this Device.
08-31 18:04:36.586 15621 15621 D Tinker.DefaultAppLike: onBaseContextAttached:
08-31 18:04:36.591 15621 15621 I MultiDex: VM with version 2.1.0 has multidex support
08-31 18:04:36.591 15621 15621 I MultiDex: Installing application
08-31 18:04:36.591 15621 15621 I MultiDex: VM has multidex support, MultiDex support library is disabled.
08-31 18:04:36.595 15593 15593 W pool-3-thread-1: type=1400 audit(0.0:50211): avc: denied { read } for name="version" dev="proc" ino=4026532090 scontext=u:r:untrusted_app:s0:c86,c258,c512,c768 tcontext=u:object_r:proc_version:s0 tclass=file permissive=0
08-31 18:04:36.603 15593 15593 I SentryLog: [main] Initializing SDK with DSN: 'https://8e68e4623f6348b0b9984471d41e3e2d@sentry.missevan.com/2'
08-31 18:04:36.610 15593 15593 I SentryLog: [main] GlobalHubMode: 'true'
08-31 18:04:36.655 15593 15593 D SentryLog: [main] UncaughtExceptionHandlerIntegration enabled: true
08-31 18:04:36.657 15593 15593 D SentryLog: [main] default UncaughtExceptionHandler class='xcrash.i'
08-31 18:04:36.659 15593 15593 D SentryLog: [main] UncaughtExceptionHandlerIntegration installed.
08-31 18:04:36.659 15368 15368 I SplashFragment: [main] Delay times up, mHasRunLaunchMain: true
08-31 18:04:36.660 15593 15593 D SentryLog: [main] ShutdownHookIntegration installed.
08-31 18:04:36.663 15593 15593 D SentryLog: [main] SendCachedEventFireAndForgetIntegration installed.
08-31 18:04:36.664 15593 15725 D SentryLog: [pool-2-thread-1] Started processing cached files from /data/user/0/cn.missevan/cache/sentry
08-31 18:04:36.665 15593 15593 D SentryLog: [main] NdkIntegration enabled: true
08-31 18:04:36.666 15593 15593 I sentry-native: using database path "/data/data/cn.missevan/cache/sentry/.sentry-native"
08-31 18:04:36.667 15593 15593 D sentry-native: starting backend
08-31 18:04:36.668 15593 15593 D SentryLog: [main] NdkIntegration installed.
08-31 18:04:36.670 15593 15593 D SentryLog: [main] Registering EnvelopeFileObserverIntegration for path: /data/user/0/cn.missevan/cache/sentry/outbox
08-31 18:04:36.670 15593 15725 D SentryLog: [pool-2-thread-1] Processing dir. /data/user/0/cn.missevan/cache/sentry
08-31 18:04:36.673 15593 15593 D SentryLog: [main] EnvelopeFileObserverIntegration installed.
08-31 18:04:36.673 15593 15725 D SentryLog: [pool-2-thread-1] Processing 1 items from cache dir /data/user/0/cn.missevan/cache/sentry
08-31 18:04:36.674 15593 15593 D SentryLog: [main] SendCachedEventFireAndForgetIntegration installed.
08-31 18:04:36.675 15593 15593 D SentryLog: [main] AnrIntegration enabled: true
08-31 18:04:36.675 15593 15725 D SentryLog: [pool-2-thread-1] Processing file: /data/user/0/cn.missevan/cache/sentry/c9703698-4d7e-4e5e-bab9-30f251c3ee86.envelope
08-31 18:04:36.677 15593 15593 D SentryLog: [main] ANR timeout in milliseconds: 5000
08-31 18:04:36.679 15593 15593 D SentryLog: [main] AnrIntegration installed.
08-31 18:04:36.680 15593 15593 D SentryLog: [main] enableSessionTracking enabled: true
08-31 18:04:36.681 15593 15593 D SentryLog: [main] enableAppLifecycleBreadcrumbs enabled: true
08-31 18:04:36.688 15621 15621 D Tinker.DefaultAppLike: onCreate
08-31 18:04:36.690 15593 15593 D SentryLog: [main] AppLifecycleIntegration installed.
08-31 18:04:36.692 15593 15593 D SentryLog: [main] ActivityLifecycleIntegration enabled: true
08-31 18:04:36.694 15593 15593 D SentryLog: [main] ActivityLifecycleIntegration installed.
08-31 18:04:36.694 15593 15725 D SentryLog: [pool-2-thread-1] Captured Envelope is already cached
08-31 18:04:36.695 15593 15593 D SentryLog: [main] UserInteractionIntegration enabled: true
08-31 18:04:36.697 15593 15593 D SentryLog: [main] UserInteractionIntegration installed.
08-31 18:04:36.698 15593 15593 D SentryLog: [main] AppComponentsBreadcrumbsIntegration enabled: true
08-31 18:04:36.700 15593 15593 D SentryLog: [main] AppComponentsBreadcrumbsIntegration installed.
08-31 18:04:36.701 15593 15593 D SentryLog: [main] SystemEventsBreadcrumbsIntegration enabled: true
08-31 18:04:36.705 15593 15593 D SentryLog: [main] SystemEventsBreadcrumbsIntegration installed.
08-31 18:04:36.707 15593 15593 D SentryLog: [main] enableSystemEventsBreadcrumbs enabled: true
08-31 18:04:36.716 15593 15593 I SentryLog: [main] TYPE_AMBIENT_TEMPERATURE is not available.
08-31 18:04:36.717 15593 15730 D NetworkSecurityConfig: Using Network Security Config from resource g debugBuild: true
08-31 18:04:36.718 15593 15593 D SentryLog: [main] enableSystemEventBreadcrumbs enabled: true
08-31 18:04:36.719 15593 15593 D SentryLog: [main] FragmentLifecycleIntegration installed.
08-31 18:04:36.722 15593 15730 I DpmTcmClient: RegisterTcmMonitor from: $Proxy0
08-31 18:04:36.773 15551 15694 I appium  : channel read: GET /wd/hub/session/dca1d28f-019f-4706-b793-f1b56411b3ac/appium/device/pixel_ratio
08-31 18:04:36.775 15551 15694 I appium  : GetDevicePixelRatio command
08-31 18:04:36.775 15551 15694 I appium  : Get device pixel ratio
08-31 18:04:36.781 15551 15694 I appium  : AppiumResponse: {"sessionId":"dca1d28f-019f-4706-b793-f1b56411b3ac","value":3.0}
08-31 18:04:36.797 15551 15694 I appium  : channel read: GET /wd/hub/session/dca1d28f-019f-4706-b793-f1b56411b3ac/appium/device/system_bars
08-31 18:04:36.800 15551 15694 I appium  : GetSystemBars command
08-31 18:04:36.800 15551 15694 I appium  : Get status bar height of the device
08-31 18:04:36.807 15551 15694 I appium  : AppiumResponse: {"sessionId":"dca1d28f-019f-4706-b793-f1b56411b3ac","value":{"statusBar":84}}
08-31 18:04:36.824 15551 15694 I appium  : channel read: GET /wd/hub/session/dca1d28f-019f-4706-b793-f1b56411b3ac/window/current/size
08-31 18:04:36.826 15551 15694 I appium  : GetDeviceSize command
08-31 18:04:36.826 15551 15694 I appium  : Get window size of the device
08-31 18:04:36.846 15551 15694 I appium  : AppiumResponse: {"sessionId":"dca1d28f-019f-4706-b793-f1b56411b3ac","value":{"height":2075,"width":1080}}
08-31 18:04:36.922   717   717 I SurfaceFlinger: FPS: 39
08-31 18:04:36.925 15621 15621 W missevan:playe: Accessing hidden method Landroid/app/ActivityThread;->currentApplication()Landroid/app/Application; (light greylist, linking)
08-31 18:04:36.975 15593 15730 D SentryLog: [SentryAsyncConnection-0] Envelope sent successfully.
08-31 18:04:36.981 15593 15730 D SentryLog: [SentryAsyncConnection-0] Envelope flushed
08-31 18:04:36.982 15593 15730 D SentryLog: [SentryAsyncConnection-0] Marking envelope submission result: true
08-31 18:04:36.985 15593 15725 D SentryLog: [pool-2-thread-1] Deleted file /data/user/0/cn.missevan/cache/sentry/c9703698-4d7e-4e5e-bab9-30f251c3ee86.envelope.
08-31 18:04:36.988 15593 15725 D SentryLog: [pool-2-thread-1] File /data/user/0/cn.missevan/cache/sentry/outbox is not a File.
08-31 18:04:36.991 15593 15593 D NAccs.AccsClientConfig:  build config:AccsClientConfig{mAppKey='umeng:546d7dd7fd98c58fc800082c', mAppSecret='64e8358a59d434e5546720db97ab5996', mInappHost='umengacs.m.taobao.com', mChannelHost='umengjmacs.m.taobao.com', mStoreId='', mSecurity=2, mAuthCode='', mInappPubKey=11, mChannelPubKey=11, mKeepalive=true, mAutoUnit=false, mTag='default', mConfigEnv=0, mDisableChannel=false, mQuickReconnect=false, mAccsHeartbeatEnable=false, mPullUpEnable=false, mForePingEnable=false, mPingTimeout=0}
08-31 18:04:36.991 15593 15593 W NAccs.AccsClientConfig:  build conver old config:AccsClientConfig{mAppKey='umeng:546d7dd7fd98c58fc800082c', mAppSecret='64e8358a59d434e5546720db97ab5996', mInappHost='umengacs.m.taobao.com', mChannelHost='umengjmacs.m.taobao.com', mStoreId='', mSecurity=2, mAuthCode='', mInappPubKey=-1, mChannelPubKey=-1, mKeepalive=true, mAutoUnit=true, mTag='default', mConfigEnv=0, mDisableChannel=false, mQuickReconnect=false, mAccsHeartbeatEnable=false, mPullUpEnable=true, mForePingEnable=false, mPingTimeout=0}
08-31 18:04:36.991 15593 15725 D SentryLog: [pool-2-thread-1] Processing file: /data/user/0/cn.missevan/cache/sentry/session.json
08-31 18:04:36.991 15593 15593 D NAccs.ACCSClient:  init config:AccsClientConfig{mAppKey='umeng:546d7dd7fd98c58fc800082c', mAppSecret='64e8358a59d434e5546720db97ab5996', mInappHost='umengacs.m.taobao.com', mChannelHost='umengjmacs.m.taobao.com', mStoreId='', mSecurity=2, mAuthCode='', mInappPubKey=11, mChannelPubKey=11, mKeepalive=true, mAutoUnit=false, mTag='default', mConfigEnv=0, mDisableChannel=false, mQuickReconnect=false, mAccsHeartbeatEnable=false, mPullUpEnable=false, mForePingEnable=false, mPingTimeout=0}
08-31 18:04:36.993 15593 15593 D UPush.Impl: appkey:546d7dd7fd98c58fc800082c secret:64e8358a59d434e5546720db97ab5996
08-31 18:04:36.995 15593 15725 D SentryLog: [pool-2-thread-1] File '/data/user/0/cn.missevan/cache/sentry/session.json' doesn't match extension expected.
08-31 18:04:36.996 15593 15755 I NAccs.TaobaoRegister:  register appKey:umeng:546d7dd7fd98c58fc800082c configTag:default
08-31 18:04:36.997 15593 15755 D NAccs.Config:  setAgooAppKey appkey:umeng:546d7dd7fd98c58fc800082c
08-31 18:04:36.997 15593 15755 D NAccs.Config:  setAgooMessageSecret secret:64e8358a59d434e5546720db97ab5996
08-31 18:04:36.997 15593 15725 D SentryLog: [pool-2-thread-1] File /data/user/0/cn.missevan/cache/sentry/.sentry-native is not a File.
08-31 18:04:37.000 15593 15755 D NAccs.ACCSManager:  getAccsInstance key:default|0
08-31 18:04:37.000 15593 15725 D SentryLog: [pool-2-thread-1] Finished processing cached files from /data/user/0/cn.missevan/cache/sentry
08-31 18:04:37.003 15593 15725 D SentryLog: [pool-2-thread-1] Started processing cached files from /data/user/0/cn.missevan/cache/sentry/outbox
08-31 18:04:37.005 15593 15725 D SentryLog: [pool-2-thread-1] Processing dir. /data/user/0/cn.missevan/cache/sentry/outbox
08-31 18:04:37.008 15593 15725 D SentryLog: [pool-2-thread-1] Processing 0 items from cache dir /data/user/0/cn.missevan/cache/sentry/outbox
08-31 18:04:37.012 15593 15725 D SentryLog: [pool-2-thread-1] Finished processing cached files from /data/user/0/cn.missevan/cache/sentry/outbox
08-31 18:04:37.016 15551 15694 I appium  : channel read: GET /wd/hub/session/dca1d28f-019f-4706-b793-f1b56411b3ac/window/current/size
08-31 18:04:37.018 15551 15694 I appium  : GetDeviceSize command
08-31 18:04:37.018 15551 15694 I appium  : Get window size of the device
08-31 18:04:37.022  1724  2892 I chatty  : uid=1000(system) Binder:1724_B expire 2 lines
08-31 18:04:37.029 15368 15368 I SplashFragment: [main] Start MainFragment
08-31 18:04:37.030 15551 15694 I appium  : AppiumResponse: {"sessionId":"dca1d28f-019f-4706-b793-f1b56411b3ac","value":{"height":2075,"width":1080}}
08-31 18:04:37.038 15593 15755 D NAccs.InAppConn_default:  new connection
08-31 18:04:37.039 15621 15759 D SentryLog: [pool-3-thread-1] SU isn't found on this Device.
08-31 18:04:37.046 15593 15755 I NAccs.Utils:  isMainProcess result:false
08-31 18:04:37.047 15593 15755 I NAccs.ACCSMgrImpl_default:  bindApp appKey:umeng:546d7dd7fd98c58fc800082c
08-31 18:04:37.052 15551 15694 I appium  : channel read: GET /wd/hub/session/dca1d28f-019f-4706-b793-f1b56411b3ac/window/current/size
08-31 18:04:37.054 15593 15755 D NAccs.UtilityImpl:  enableService comptName:ComponentInfo{cn.missevan/com.taobao.accs.ChannelService}
08-31 18:04:37.054 15551 15694 I appium  : GetDeviceSize command
08-31 18:04:37.054 15551 15694 I appium  : Get window size of the device
08-31 18:04:36.747  1724  2178 I chatty  : uid=1000(system) AutobacklightTh identical 1 line
08-31 18:04:37.055  1724  2892 W PackageManager: setEnabledSetting  packageName:cn.missevan className:com.taobao.accs.ChannelService newState:1 userId:0 callingPackage:null
08-31 18:04:37.061 15593 15761 D NAccs.FileCheckUtils:  st.getAvailableBlocks()=2688600,st.getAvailableBlocks() * blockSize=11012505600
08-31 18:04:37.065  1724  2478 I chatty  : uid=1000(system) Binder:1724_6 expire 6 lines
08-31 18:04:37.066 15551 15694 I appium  : AppiumResponse: {"sessionId":"dca1d28f-019f-4706-b793-f1b56411b3ac","value":{"height":2075,"width":1080}}
08-31 18:04:37.065 15621 15621 W pool-3-thread-1: type=1400 audit(0.0:50212): avc: denied { read } for name="version" dev="proc" ino=4026532090 scontext=u:r:untrusted_app:s0:c86,c258,c512,c768 tcontext=u:object_r:proc_version:s0 tclass=file permissive=0
08-31 18:04:37.076 15621 15621 I SentryLog: [main] Initializing SDK with DSN: 'https://8e68e4623f6348b0b9984471d41e3e2d@sentry.missevan.com/2'
08-31 18:04:37.079 15593 15593 W n:player.singl: Accessing hidden method Ldalvik/system/CloseGuard;->get()Ldalvik/system/CloseGuard; (light greylist, reflection)
08-31 18:04:37.079 15593 15593 W n:player.singl: Accessing hidden method Ldalvik/system/CloseGuard;->open(Ljava/lang/String;)V (light greylist, reflection)
08-31 18:04:37.080 15593 15593 W n:player.singl: Accessing hidden method Ldalvik/system/CloseGuard;->warnIfOpen()V (light greylist, reflection)
08-31 18:04:37.080 15593 15755 W NAccs.ACCSMgrImpl_default:  bindApp only allow in main process
08-31 18:04:37.083 15621 15621 I SentryLog: [main] GlobalHubMode: 'true'
08-31 18:04:37.096 15368 15368 D LeakCanary: Watching instance of skin.support.constraint.SkinCompatConstraintLayout (cn.missevan.view.fragment.SplashFragment received Fragment#onDestroyView() callback (references to its views should be cleared to prevent leaks)) with key 59fcdd7d-a6b1-4174-a0cd-1c58333fb2ce
08-31 18:04:37.097 15368 15368 D LeakCanary: Watching instance of androidx.loader.app.LoaderManagerImpl$LoaderViewModel (androidx.loader.app.LoaderManagerImpl$LoaderViewModel received ViewModel#onCleared() callback) with key 6cb26b59-d753-45ea-94ea-3ae0b0ed75e2
08-31 18:04:37.097 15368 15368 D LeakCanary: Watching instance of leakcanary.internal.ViewModelClearedWatcher (leakcanary.internal.ViewModelClearedWatcher received ViewModel#onCleared() callback) with key 10fd7799-528d-438d-9312-fb01ac174172
08-31 18:04:37.098 15368 15368 D LeakCanary: Watching instance of androidx.loader.app.LoaderManagerImpl$LoaderViewModel (androidx.loader.app.LoaderManagerImpl$LoaderViewModel received ViewModel#onCleared() callback) with key 87186071-f48e-472f-89e1-297a7a48bd76
08-31 18:04:37.098 15368 15368 D LeakCanary: Watching instance of leakcanary.internal.ViewModelClearedWatcher (leakcanary.internal.ViewModelClearedWatcher received ViewModel#onCleared() callback) with key e35c431b-d7dd-42d0-84a4-b012aaf6c36d
08-31 18:04:37.099 15368 15368 D LeakCanary: Watching instance of com.bumptech.glide.manager.SupportRequestManagerFragment (com.bumptech.glide.manager.SupportRequestManagerFragment received Fragment#onDestroy() callback) with key e24d5ba3-4eba-40ea-afba-5a092a8dddae
08-31 18:04:37.102 15368 15368 D LeakCanary: Watching instance of cn.missevan.view.fragment.SplashFragment (cn.missevan.view.fragment.SplashFragment received Fragment#onDestroy() callback) with key 1b5d670e-fc21-4be4-819c-a339ea181d7d
08-31 18:04:37.111   694   756 E ANDR-PERF-MPCTL: Invalid profile no. 0, total profiles 0 only
08-31 18:04:37.112  1724  1724 V SettingsProvider: Notifying for 0: content://settings/system/vivo_fullscreen_flag
08-31 18:04:37.132 15368 15368 I MainFragment: [main] onCreateView
08-31 18:04:37.141 15621 15621 D SentryLog: [main] UncaughtExceptionHandlerIntegration enabled: true
08-31 18:04:37.145 15621 15621 D SentryLog: [main] default UncaughtExceptionHandler class='xcrash.i'
08-31 18:04:37.156 15621 15621 D SentryLog: [main] UncaughtExceptionHandlerIntegration installed.
08-31 18:04:37.160 15621 15621 D SentryLog: [main] ShutdownHookIntegration installed.
08-31 18:04:37.172 15621 15621 D SentryLog: [main] SendCachedEventFireAndForgetIntegration installed.
08-31 18:04:37.174 15621 15621 D SentryLog: [main] NdkIntegration enabled: true
08-31 18:04:37.175 15621 15621 I sentry-native: using database path "/data/data/cn.missevan/cache/sentry/.sentry-native"
08-31 18:04:37.176 15621 15621 D sentry-native: starting backend
08-31 18:04:37.189 15621 15621 D SentryLog: [main] NdkIntegration installed.
