08-31 18:04:37.190 15621 15621 D SentryLog: [main] Registering EnvelopeFileObserverIntegration for path: /data/user/0/cn.missevan/cache/sentry/outbox
08-31 18:04:37.194 15621 15621 D SentryLog: [main] EnvelopeFileObserverIntegration installed.
08-31 18:04:37.196 15621 15621 D SentryLog: [main] SendCachedEventFireAndForgetIntegration installed.
08-31 18:04:37.197 15621 15621 D SentryLog: [main] AnrIntegration enabled: true
08-31 18:04:37.198 15593 15593 D PlayApplication: [main] PlayApplication onCreate.
08-31 18:04:37.199 15621 15621 D SentryLog: [main] ANR timeout in milliseconds: 5000
08-31 18:04:37.199 15621 15769 D SentryLog: [pool-2-thread-1] Started processing cached files from /data/user/0/cn.missevan/cache/sentry
08-31 18:04:37.202 15621 15621 D SentryLog: [main] AnrIntegration installed.
08-31 18:04:37.204 15621 15769 D SentryLog: [pool-2-thread-1] Processing dir. /data/user/0/cn.missevan/cache/sentry
08-31 18:04:37.205 15621 15621 D SentryLog: [main] enableSessionTracking enabled: true
08-31 18:04:37.207 15621 15621 D SentryLog: [main] enableAppLifecycleBreadcrumbs enabled: true
08-31 18:04:37.208 15621 15769 D SentryLog: [pool-2-thread-1] Processing 0 items from cache dir /data/user/0/cn.missevan/cache/sentry
08-31 18:04:37.210 15621 15769 D SentryLog: [pool-2-thread-1] File /data/user/0/cn.missevan/cache/sentry/outbox is not a File.
08-31 18:04:37.213 15621 15769 D SentryLog: [pool-2-thread-1] Processing file: /data/user/0/cn.missevan/cache/sentry/session.json
08-31 18:04:37.217 15621 15621 D SentryLog: [main] AppLifecycleIntegration installed.
08-31 18:04:37.218 15621 15769 D SentryLog: [pool-2-thread-1] File '/data/user/0/cn.missevan/cache/sentry/session.json' doesn't match extension expected.
08-31 18:04:37.220 15621 15769 D SentryLog: [pool-2-thread-1] File /data/user/0/cn.missevan/cache/sentry/.sentry-native is not a File.
08-31 18:04:37.221 15621 15621 D SentryLog: [main] ActivityLifecycleIntegration enabled: true
08-31 18:04:37.222 15621 15769 D SentryLog: [pool-2-thread-1] Finished processing cached files from /data/user/0/cn.missevan/cache/sentry
08-31 18:04:37.223 15621 15621 D SentryLog: [main] ActivityLifecycleIntegration installed.
08-31 18:04:37.224 15621 15621 D SentryLog: [main] UserInteractionIntegration enabled: true
08-31 18:04:37.225 15621 15769 D SentryLog: [pool-2-thread-1] Started processing cached files from /data/user/0/cn.missevan/cache/sentry/outbox
08-31 18:04:37.226 15621 15621 D SentryLog: [main] UserInteractionIntegration installed.
08-31 18:04:37.227 15621 15769 D SentryLog: [pool-2-thread-1] Processing dir. /data/user/0/cn.missevan/cache/sentry/outbox
08-31 18:04:37.228 15621 15621 D SentryLog: [main] AppComponentsBreadcrumbsIntegration enabled: true
08-31 18:04:37.230 15621 15621 D SentryLog: [main] AppComponentsBreadcrumbsIntegration installed.
08-31 18:04:37.230 15621 15769 D SentryLog: [pool-2-thread-1] Processing 0 items from cache dir /data/user/0/cn.missevan/cache/sentry/outbox
08-31 18:04:37.232 15621 15769 D SentryLog: [pool-2-thread-1] Finished processing cached files from /data/user/0/cn.missevan/cache/sentry/outbox
08-31 18:04:37.232 15621 15621 D SentryLog: [main] SystemEventsBreadcrumbsIntegration enabled: true
08-31 18:04:37.240 15621 15621 D SentryLog: [main] SystemEventsBreadcrumbsIntegration installed.
08-31 18:04:37.242 15621 15621 D SentryLog: [main] enableSystemEventsBreadcrumbs enabled: true
08-31 18:04:37.249   717  2381 E         : IProducerListener: malformed binder reply
08-31 18:04:37.254 15621 15621 I SentryLog: [main] TYPE_AMBIENT_TEMPERATURE is not available.
08-31 18:04:37.256 15621 15621 D SentryLog: [main] enableSystemEventBreadcrumbs enabled: true
08-31 18:04:37.259 15621 15621 D SentryLog: [main] FragmentLifecycleIntegration installed.
08-31 18:04:37.273  1724  2892 I chatty  : uid=1000(system) Binder:1724_B expire 2 lines
08-31 18:04:37.369 15593 15593 I MissEvanApplication: [main] current process: cn.missevan:player.single
08-31 18:04:37.380 15593 15593 D BLOG-EVENT-Network: network changed: 3=>1
08-31 18:04:37.387 15593 15593 W LaserActionExecutor: [main] actionClass map is null
08-31 18:04:37.404 15593 15593 V HotfixPatchListener: [main] application maxMemory:256
08-31 18:04:37.436 15593 15593 W Tinker.Tinker: [main] tinker patch directory: /data/user/0/cn.missevan/tinker
08-31 18:04:37.440 15593 15593 I Tinker.Tinker: [main] try to install tinker, isEnable: true, version: 1.9.14.10.4
08-31 18:04:37.443 15593 15593 I Tinker.TinkerLoadResult: [main] parseTinkerResult loadCode:-2, process name:cn.missevan:player.single, main process:false, systemOTA:false, fingerPrint:vivo/PD1728/PD1728:9/PKQ1.180819.001/compiler07281740:user/release-keys, oatDir:null, useInterpretMode:false
08-31 18:04:37.445 15593 15593 W Tinker.TinkerLoadResult: [main] can't find patch file, is ok, just return
08-31 18:04:37.447 15593 15593 I Tinker.DefaultLoadReporter: [main] patch loadReporter onLoadResult: patch load result, path:/data/user/0/cn.missevan/tinker, code: -2, cost: 5ms
08-31 18:04:37.449 15593 15593 W Tinker.Tinker: [main] tinker load fail!
08-31 18:04:37.458 17295 18614 I SocketReaderNewtrue: SocketReader(5003) continue
08-31 18:04:37.459 17295 18614 D MSF.C.NetConnTag.true: MsfCoreSocketReaderNew closeConn socketEngineID: 0 socket hashcode: 0 for reason: readError
08-31 18:04:37.459 17295 18614 E MSF.C.NetConnTag.true: conn is already closed on readError closeConn socketEngineID: 0 socket hashcode: 0java.lang.Throwable
08-31 18:04:37.459 17295 18614 E MSF.C.NetConnTag.true: 	at com.tencent.mobileqq.msf.core.net.m.b(P:27)
08-31 18:04:37.459 17295 18614 E MSF.C.NetConnTag.true: 	at com.tencent.mobileqq.msf.core.net.m$b.run(P:24)
08-31 18:04:37.459 17295 18614 E SocketReaderNewtrue: socketEngine: 0socket hashCode: 0SocketReader(5003) errorjava.net.SocketException: Socket is closed
08-31 18:04:37.459 17295 18614 I SocketReaderNewtrue: SocketReader(5003) wait
08-31 18:04:37.491 15593 15593 I Player.BaseAidlPlayerService: [main] onCreate
08-31 18:04:37.492 15593 15593 I Player.BaseAidlPlayerService: [main] onBind
08-31 18:04:37.493  1724  4868 I chatty  : uid=1000(system) Binder:1724_15 expire 1 line
08-31 18:04:37.514 15368 15368 I Player.SinglePlayerConnection: [main] onServiceConnected, name: {cn.missevan/cn.missevan.lib.common.player.service.aidl.AidlPlayerService}
08-31 18:04:37.519 15593 15611 I Player.BaseAidlPlayerService: [Binder:15593_3] setMediaListener
08-31 18:04:37.521 15593 15593 D Tinker.TinkerLoader: [main] [PendingLog @ 2022-08-31 18:04:36.021] tryLoad test test
08-31 18:04:37.522 15368 15368 I MissEvanApplication: [main] SinglePlayerConnection onConnected
08-31 18:04:37.522 15368 15368 I Player.SinglePlayerConnection: [main] updateAllConfig
08-31 18:04:37.524 15593 15593 W Tinker.TinkerLoader: [main] [PendingLog @ 2022-08-31 18:04:36.025] tryLoadPatchFiles:patch dir not exist:/data/user/0/cn.missevan/tinker
08-31 18:04:37.526 15593 15593 D Tinker.DefaultAppLike: [main] [PendingLog @ 2022-08-31 18:04:36.091] onBaseContextAttached:
08-31 18:04:37.528 15593 15611 I Player.BaseAidlPlayerService: [Binder:15593_3] updateConfig, configs: Bundle[mParcelledData.dataSize=188]
08-31 18:04:37.530 15593 15593 D Tinker.DefaultAppLike: [main] [PendingLog @ 2022-08-31 18:04:36.197] onCreate
08-31 18:04:37.541 15593 15593 I AidlPlayer: [main] init
08-31 18:04:37.547 15593 15593 I Player.AlphaVideoPlayerCore: [main] init
08-31 18:04:37.562 15593 15593 I @@@BBPLOG: Info T933CA548 CPlayMain L94 BPSDK 3.0.0.216, 12:43:35 Jul 18 2022. CPU: ARMV8. OS
08-31 18:04:37.564   715  8579 V AudioPolicyService: registerClient() client 0xed884f40, uid 10598
08-31 18:04:37.629  2956  2956 W ContextImpl: Calling a method in the system process without a qualified user: android.app.ContextImpl.stopService:1562 android.content.ContextWrapper.stopService:674 com.vivo.smartmultiwindow.utils.h$1.handleMessage:178 android.os.Handler.dispatchMessage:106 android.os.Looper.loop:224
08-31 18:04:37.629  1724  1724 V SettingsProvider: Notifying for 0: content://settings/system/vivo_smartmulitwindow_is_allowed_split
08-31 18:04:37.631 15593 15782 W n:player.singl: Accessing hidden field Lsun/misc/Unsafe;->theUnsafe:Lsun/misc/Unsafe; (light greylist, reflection)
08-31 18:04:37.632  1724  4868 D NotificationListeners: Removing active service ComponentInfo{com.vivo.smartmultiwindow/com.vivo.smartmultiwindow.notification.view.b}
08-31 18:04:37.644 15551 15694 I appium  : channel read: GET /wd/hub/session/dca1d28f-019f-4706-b793-f1b56411b3ac/screenshot
08-31 18:04:37.646 15551 15694 I appium  : CaptureScreenshot command
08-31 18:04:37.658 15621 15621 D NAccs.AccsClientConfig:  build config:AccsClientConfig{mAppKey='umeng:546d7dd7fd98c58fc800082c', mAppSecret='64e8358a59d434e5546720db97ab5996', mInappHost='umengacs.m.taobao.com', mChannelHost='umengjmacs.m.taobao.com', mStoreId='', mSecurity=2, mAuthCode='', mInappPubKey=11, mChannelPubKey=11, mKeepalive=true, mAutoUnit=false, mTag='default', mConfigEnv=0, mDisableChannel=false, mQuickReconnect=false, mAccsHeartbeatEnable=false, mPullUpEnable=false, mForePingEnable=false, mPingTimeout=0}
08-31 18:04:37.658 15621 15621 W NAccs.AccsClientConfig:  build conver old config:AccsClientConfig{mAppKey='umeng:546d7dd7fd98c58fc800082c', mAppSecret='64e8358a59d434e5546720db97ab5996', mInappHost='umengacs.m.taobao.com', mChannelHost='umengjmacs.m.taobao.com', mStoreId='', mSecurity=2, mAuthCode='', mInappPubKey=-1, mChannelPubKey=-1, mKeepalive=true, mAutoUnit=true, mTag='default', mConfigEnv=0, mDisableChannel=false, mQuickReconnect=false, mAccsHeartbeatEnable=false, mPullUpEnable=true, mForePingEnable=false, mPingTimeout=0}
08-31 18:04:37.658 15621 15621 D NAccs.ACCSClient:  init config:AccsClientConfig{mAppKey='umeng:546d7dd7fd98c58fc800082c', mAppSecret='64e8358a59d434e5546720db97ab5996', mInappHost='umengacs.m.taobao.com', mChannelHost='umengjmacs.m.taobao.com', mStoreId='', mSecurity=2, mAuthCode='', mInappPubKey=11, mChannelPubKey=11, mKeepalive=true, mAutoUnit=false, mTag='default', mConfigEnv=0, mDisableChannel=false, mQuickReconnect=false, mAccsHeartbeatEnable=false, mPullUpEnable=false, mForePingEnable=false, mPingTimeout=0}
08-31 18:04:37.659 15621 15621 D UPush.Impl: appkey:546d7dd7fd98c58fc800082c secret:64e8358a59d434e5546720db97ab5996
08-31 18:04:37.662 15621 15809 I NAccs.TaobaoRegister:  register appKey:umeng:546d7dd7fd98c58fc800082c configTag:default
08-31 18:04:37.663 15621 15809 D NAccs.Config:  setAgooAppKey appkey:umeng:546d7dd7fd98c58fc800082c
08-31 18:04:37.664 15621 15809 D NAccs.Config:  setAgooMessageSecret secret:64e8358a59d434e5546720db97ab5996
08-31 18:04:37.668 15621 15809 D NAccs.ACCSManager:  getAccsInstance key:default|0
08-31 18:04:37.707 15621 15809 D NAccs.InAppConn_default:  new connection
08-31 18:04:37.717 15621 15809 I NAccs.Utils:  isMainProcess result:false
08-31 18:04:37.718 15368 15368 I Player.SinglePlayer: [main] init, from: UGCRecommendPageFragment
08-31 18:04:37.718 15621 15809 I NAccs.ACCSMgrImpl_default:  bindApp appKey:umeng:546d7dd7fd98c58fc800082c
08-31 18:04:37.719 15368 15368 I Player.SinglePlayerConnection: [main] createPlayerIndex
08-31 18:04:37.720 15368 15368 I Player.SinglePlayerConnection.core0: [main] createPlayerIndex, currentIndex: null, nextIndex: 0
08-31 18:04:37.721 15593 15611 I Player.BaseAidlPlayerService.core0: [Binder:15593_3] createPlayer
08-31 18:04:37.722 15368 15368 I Player.SinglePlayer.core0: [main] initPlayer, from: UGCRecommendPageFragment
08-31 18:04:37.724 15368 15368 I Player.SinglePlayerConnection.core0: [main] createPlayerStateEvent
08-31 18:04:37.726 15621 15809 D NAccs.UtilityImpl:  enableService comptName:ComponentInfo{cn.missevan/com.taobao.accs.ChannelService}
08-31 18:04:37.726  1724  2892 W PackageManager: setEnabledSetting  packageName:cn.missevan className:com.taobao.accs.ChannelService newState:1 userId:0 callingPackage:null
08-31 18:04:37.729 15368 15368 I Player.SinglePlayerConnection.core0: [main] createPlayerEvent
08-31 18:04:37.742 15621 15810 D NAccs.FileCheckUtils:  st.getAvailableBlocks()=2688599,st.getAvailableBlocks() * blockSize=11012501504
08-31 18:04:37.749 15621 15621 D NetworkSecurityConfig: Using Network Security Config from resource g debugBuild: true
08-31 18:04:37.751 15621 15809 W NAccs.ACCSMgrImpl_default:  bindApp only allow in main process
08-31 18:04:37.758 15621 15621 W missevan:playe: Accessing hidden method Ldalvik/system/CloseGuard;->get()Ldalvik/system/CloseGuard; (light greylist, reflection)
08-31 18:04:37.758 15621 15621 W missevan:playe: Accessing hidden method Ldalvik/system/CloseGuard;->open(Ljava/lang/String;)V (light greylist, reflection)
08-31 18:04:37.758 15621 15621 W missevan:playe: Accessing hidden method Ldalvik/system/CloseGuard;->warnIfOpen()V (light greylist, reflection)
08-31 18:04:37.835 15621 15621 D PlayApplication: [main] PlayApplication onCreate.
08-31 18:04:37.874 15593 15593 I okhttp.cronet.httpdns: [main] OkHttp cronet native httpdns enabled.
08-31 18:04:37.876 15593 15593 D CronetEngine: [main] cronet httpdns open!
08-31 18:04:37.876 15593 15593 D CronetEngine:  configure dns ips: [203.107.1.65, 203.107.1.34, 203.107.1.66, 203.107.1.33]
08-31 18:04:37.898 15593 15605 I n:player.singl: Background concurrent copying GC freed 91751(3MB) AllocSpace objects, 4(84KB) LOS objects, 49% free, 4MB/9MB, paused 263us total 144.934ms
08-31 18:04:37.905 15368 15368 E IllegalStateException: [main] java.lang.IllegalStateException: FragmentManager is already executing transactions
08-31 18:04:37.905 15368 15368 E IllegalStateException: 	at androidx.fragment.app.FragmentManager.ensureExecReady(SourceFile:1586)
08-31 18:04:37.905 15368 15368 E IllegalStateException: 	at androidx.fragment.app.FragmentManager.execSingleAction(SourceFile:1616)
08-31 18:04:37.905 15368 15368 E IllegalStateException: 	at androidx.fragment.app.BackStackRecord.commitNow(SourceFile:317)
08-31 18:04:37.905 15368 15368 E IllegalStateException: 	at com.tbruyelle.rxpermissions2.c.e(SourceFile:77)
08-31 18:04:37.905 15368 15368 E IllegalStateException: 	at com.tbruyelle.rxpermissions2.c.a(SourceFile:36)
08-31 18:04:37.905 15368 15368 E IllegalStateException: 	at com.tbruyelle.rxpermissions2.c$1.bTZ(SourceFile:61)
08-31 18:04:37.905 15368 15368 E IllegalStateException: 	at com.tbruyelle.rxpermissions2.c$1.get(SourceFile:54)
08-31 18:04:37.905 15368 15368 E IllegalStateException: 	at com.tbruyelle.rxpermissions2.c.F(SourceFile:211)
08-31 18:04:37.905 15368 15368 E IllegalStateException: 	at com.tbruyelle.rxpermissions2.c.a(SourceFile:200)
08-31 18:04:37.905 15368 15368 E IllegalStateException: 	at com.tbruyelle.rxpermissions2.c.a(SourceFile:36)
08-31 18:04:37.905 15368 15368 E IllegalStateException: 	at com.tbruyelle.rxpermissions2.c$2.apply(SourceFile:102)
08-31 18:04:37.905 15368 15368 E IllegalStateException: 	at io.a.ab.compose(SourceFile:6418)
08-31 18:04:37.905 15368 15368 E IllegalStateException: 	at com.tbruyelle.rxpermissions2.c.C(SourceFile:176)
08-31 18:04:37.905 15368 15368 E IllegalStateException: 	at cn.missevan.utils.PermissionChecker.requestPermissionsInnerCall(SourceFile:558)
08-31 18:04:37.905 15368 15368 E IllegalStateException: 	at cn.missevan.utils.PermissionChecker.requestPermission(SourceFile:478)
08-31 18:04:37.905 15368 15368 E IllegalStateException: 	at cn.missevan.utils.PermissionChecker.requestExternalFilePermission(SourceFile:360)
08-31 18:04:37.905 15368 15368 E IllegalStateException: 	at cn.missevan.utils.PermissionChecker.requestExternalFilePermission(SourceFile:348)
08-31 18:04:37.905 15368 15368 E IllegalStateException: 	at cn.missevan.utils.PermissionChecker.requestExternalFilePermission(SourceFile:341)
08-31 18:04:37.905 15368 15368 E IllegalStateException: 	at cn.missevan.view.fragment.main.HomeFragment.initView(SourceFile:413)
08-31 18:04:37.905 15368 15368 E IllegalStateException: 	at cn.missevan.library.fragment.BaseMainFragment.onCreateView(SourceFile:69)
08-31 18:04:37.905 15368 15368 E IllegalStateException: 	at androidx.fragment.app.Fragment.performCreateView(SourceFile:2961)
08-31 18:04:37.905 15368 15368 E IllegalStateException: 	at androidx.fragment.app.FragmentStateManager.createView(SourceFile:504)
08-31 18:04:37.905 15368 15368 E IllegalStateException: 	at androidx.fragment.app.FragmentStateManager.moveToExpectedState(SourceFile:259)
08-31 18:04:37.905 15368 15368 E IllegalStateException: 	at androidx.fragment.app.FragmentManager.executeOpsTogether(SourceFile:1790)
08-31 18:04:37.905 15368 15368 E IllegalStateException: 	at androidx.fragment.app.FragmentManager.removeRedundantOperationsAndExecute(SourceFile:1708)
08-31 18:04:37.905 15368 15368 E IllegalStateException: 	at androidx.fragment.app.FragmentManager.execPendingActions(SourceFile:1651)
08-31 18:04:37.905 15368 15368 E IllegalStateException: 	at androidx.fragment.app.FragmentManager$4.run(SourceFile:485)
08-31 18:04:37.905 15368 15368 E IllegalStateException: 	at android.os.Handler.handleCallback(Handler.java:873)
08-31 18:04:37.905 15368 15368 E IllegalStateException: 	at android.os.Handler.dispatchMessage(Handler.java:99)
08-31 18:04:37.905 15368 15368 E IllegalStateException: 	at android.os.Looper.loop(Looper.java:224)
08-31 18:04:37.905 15368 15368 E IllegalStateException: 	at android.app.ActivityThread.main(ActivityThread.java:7042)
08-31 18:04:37.905 15368 15368 E IllegalStateException: 	at java.lang.reflect.Method.invoke(Native Method)
08-31 18:04:37.905 15368 15368 E IllegalStateException: 	at com.android.internal.os.RuntimeInit$MethodAndArgsCaller.run(RuntimeInit.java:536)
08-31 18:04:37.905 15368 15368 E IllegalStateException: 	at com.android.internal.os.ZygoteInit.main(ZygoteInit.java:868)
08-31 18:04:37.905 15368 15368 E IllegalStateException:
08-31 18:04:37.921 15368 15373 I cn.missevan: Compiler allocated 4MB to compile void android.widget.TextView.<init>(android.content.Context, android.util.AttributeSet, int, int)
08-31 18:04:37.946 15368 15512 I CronetEngine: [thread_background]
08-31 18:04:37.946 15368 15512 I CronetEngine: url: http://static-test.maoercdn.com/app/privacy.json
08-31 18:04:37.946 15368 15512 I CronetEngine:  ip: 58.216.14.244
08-31 18:04:37.946 15368 15512 I CronetEngine:  hostResolverProvider: system
08-31 18:04:37.946 15368 15512 I CronetEngine:  hostResolveIps: ["58.216.14.244","58.216.14.240","122.225.214.239","182.40.18.116","122.225.214.238","117.27.226.223","182.40.18.117","182.40.18.119","58.216.14.241","182.40.18.118","218.91.182.230","58.216.14.243","58.216.14.239","182.40.18.115","58.216.14.242","117.27.226.221"]
08-31 18:04:37.946 15368 15512 I CronetEngine:
08-31 18:04:37.949 15368 15512 I CronetEngine: [thread_background]
08-31 18:04:37.949 15368 15512 I CronetEngine: url: https://app.uat.missevan.com/message/unread-notice
08-31 18:04:37.949 15368 15512 I CronetEngine:  ip: 10.21.250.10
08-31 18:04:37.949 15368 15512 I CronetEngine:  hostResolverProvider:
08-31 18:04:37.949 15368 15512 I CronetEngine:  hostResolveIps: []
08-31 18:04:37.949 15368 15512 I CronetEngine:
08-31 18:04:37.950 15368 15505 I BLOG    : [RxCachedThreadScheduler-1] HTTP request: [2022-08-31T10:04:37.800Z] GET http://static-test.maoercdn.com/app/privacy.json 200 131ms 0
08-31 18:04:37.968 15368 15632 I BLOG    : [RxCachedThreadScheduler-7] HTTP request: [2022-08-31T10:04:37.719Z] GET https://app.uat.missevan.com/message/unread-notice 200 212ms 0
08-31 18:04:37.976 15593 15593 I httpdns.native: [main] Native httpdns enabled.
08-31 18:04:37.991   717   717 I ConfigStore: android::hardware::configstore::V1_0::ISurfaceFlingerConfigs::hasHDRDisplay retrieved: 0
08-31 18:04:37.992   717   717 I chatty  : uid=1000(system) /system/bin/surfaceflinger identical 2 lines
08-31 18:04:37.993   717   717 I ConfigStore: android::hardware::configstore::V1_0::ISurfaceFlingerConfigs::hasHDRDisplay retrieved: 0
08-31 18:04:37.993 15593 15593 I okhttp.cronet.httpdns: [main] OkHttp cronet native httpdns enabled.
08-31 18:04:37.993   717   717 I ConfigStore: android::hardware::configstore::V1_0::ISurfaceFlingerConfigs::hasHDRDisplay retrieved: 0
08-31 18:04:37.993   717   717 I ConfigStore: android::hardware::configstore::V1_0::ISurfaceFlingerConfigs::hasHDRDisplay retrieved: 0
08-31 18:04:37.999 15593 15593 I httpdns.holder.native: [main] host rules *.maoercdn.com, *.bilivideo.com, *.missevan.com.
08-31 18:04:38.002 15593 15593 I httpdns.holder.native: [main] Init native httpdns with provider ali.
08-31 18:04:38.013 15621 15621 I MissEvanApplication: [main] current process: cn.missevan:player
08-31 18:04:38.027 15621 15621 D BLOG-EVENT-Network: network changed: 3=>1
08-31 18:04:38.029  1724 14407 I chatty  : uid=1000(system) Binder:1724_1C expire 1 line
08-31 18:04:38.032 15593 15593 I cr_BiliCrLibraryLoader: BiliCr version: 88.0.4324.188, arch: aarch64
08-31 18:04:38.032 15593 15593 W chromium: [0831/180438.032565:WARNING:httpdns_adapter.cc(290)] HttpDns init
08-31 18:04:38.035  1724  6436 D ConnectivityService: requestNetwork for uid/pid:10598/15593 NetworkRequest [ TRACK_DEFAULT id=748, [ Capabilities: INTERNET&NOT_RESTRICTED&TRUSTED Unwanted:  Uid: 10598] ]
08-31 18:04:38.036  1724  2070 I chatty  : uid=1000(system) WifiStateMachin expire 2 lines
08-31 18:04:38.036  1724  2157 I chatty  : uid=1000(system) EthernetService expire 1 line
08-31 18:04:38.037  1724  2084 D ConnectivityService: isWifiPoorLink:false, nai.everValidated:true, networkType:1, networkDetailedState:CONNECTED, nai.isLingering():false, unneeded(nai, UnneededFor.TEARDOWN):false
08-31 18:04:38.037  2831  2831 D PhoneSwitcherNetworkRequstListener: got request NetworkRequest [ TRACK_DEFAULT id=748, [ Capabilities: INTERNET&NOT_RESTRICTED&TRUSTED Unwanted:  Uid: 10598] ] with score 60
08-31 18:04:38.040 15621 15621 W LaserActionExecutor: [main] actionClass map is null
08-31 18:04:38.061 15593 15593 I @@@BBPLOG: Info T933CA548 CPlayMain L243 The DataLog UserID: 0XD94D24
08-31 18:04:38.062 15593 15593 I @@@BBPLOG: Info T933CA548 CPlayMain L250 The DataLog BUVID: XY277FF2DFB139F19721118D30677E832AAF4
08-31 18:04:38.062 15593 15593 I @@@BBPLOG: Info T933CA548 CPlayMain L264 The DataLog AppVer: 5.7.3
08-31 18:04:38.062 15593 15593 I @@@BBPLOG: Info T933CA548 CPlayMain L284 The DataLog app type:   6
08-31 18:04:38.062 15593 15593 I @@@BBPLOG: Info T933ca548 BBPFuncLog L123 ----CIPMng::Clear Value is 00000000 start.
08-31 18:04:38.062 15593 15593 I @@@BBPLOG: Info T933ca548 BBPFuncLog L142 ----CIPMng::Clear leave! no return. Ussed Time: 0
08-31 18:04:38.062 15593 15593 I @@@BBPLOG: Info T933CA548 CPlayMain L272 The DataLog net type: 3
08-31 18:04:38.062 15593 15593 I @@@BBPLOG: Info T933CA548 CPlayMain L312 Set cronet engine: 0x7201819fc0
08-31 18:04:38.066 15593 15593 I AidlAlphaVideoPlayer: [main] init
08-31 18:04:38.068 15593 15593 I Player.Aidl: [main] updateConfig
08-31 18:04:38.070 15593 15593 I Player.AlphaVideoPlayerCore: [main] updateConfig, user id: 14241060
08-31 18:04:38.071 15593 15593 I @@@BBPLOG: Info T933CA548 CPlayMain L243 The DataLog UserID: 0XD94D24
08-31 18:04:38.073 15621 15621 V HotfixPatchListener: [main] application maxMemory:256
08-31 18:04:38.079 15593 15593 I Player.AlphaVideoPlayerCore: [main] updateConfig, version name: 5.7.3
08-31 18:04:38.080 15593 15593 I @@@BBPLOG: Info T933CA548 CPlayMain L264 The DataLog AppVer: 5.7.3
08-31 18:04:38.080 15593 15593 I Player.AlphaVideoPlayerCore: [main] updateConfig, buvid: XY277FF2DFB139F19721118D30677E832AAF4
08-31 18:04:38.081 15593 15593 I @@@BBPLOG: Info T933CA548 CPlayMain L250 The DataLog BUVID: XY277FF2DFB139F19721118D30677E832AAF4
08-31 18:04:38.082 15593 15593 I Player.Aidl.core0: [main] createNewCore
08-31 18:04:38.089 15593 15593 I Player.BBPlayer.core0: [main] init
08-31 18:04:38.089 15593 15823 I chromium: [0831/180438.078590:INFO:httpdns.cc(234)] OnEffectiveConnectionTypeChanged called by httpdns context networks 5
08-31 18:04:38.091 15593 15593 I @@@BBPLOG: Info T933CA548 CPlayMain L94 BPSDK 3.0.0.216, 12:43:35 Jul 18 2022. CPU: ARMV8. OS
08-31 18:04:38.092 15593 15593 I @@@BBPLOG: Info T933CA548 CPlayMain L243 The DataLog UserID: 0XD94D24
08-31 18:04:38.092 15593 15593 I @@@BBPLOG: Info T933CA548 CPlayMain L250 The DataLog BUVID: XY277FF2DFB139F19721118D30677E832AAF4
08-31 18:04:38.092 15593 15593 I @@@BBPLOG: Info T933CA548 CPlayMain L264 The DataLog AppVer: 5.7.3
08-31 18:04:38.092 15593 15593 I @@@BBPLOG: Info T933CA548 CPlayMain L284 The DataLog app type:   6
08-31 18:04:38.092 15593 15593 I @@@BBPLOG: Info T933ca548 BBPFuncLog L123 ----CIPMng::Clear Value is 00000000 start.
08-31 18:04:38.092 15593 15593 I @@@BBPLOG: Info T933ca548 BBPFuncLog L142 ----CIPMng::Clear leave! no return. Ussed Time: 0
08-31 18:04:38.092 15593 15593 I @@@BBPLOG: Info T933CA548 CPlayMain L272 The DataLog net type: 3
08-31 18:04:38.092 15593 15593 I @@@BBPLOG: Info T933CA548 CPlayMain L312 Set cronet engine: 0x7201819fc0
08-31 18:04:38.092 15593 15593 I @@@BBPLOG: Info T933CA548 CPlayMain L257 The Session UUID: 002ae634-8a8b-4f37-8bdf-b85d55f29b46
08-31 18:04:38.093 15593 15593 I Player.Aidl.core0: [main] initPlayerCoreEvent
08-31 18:04:38.102 15593 15593 D Player.AlphaVideoPlayerCore: [main] event(1342177297): msg_log_cb, arg1: 0, arg2: 0, any: Info T933CA548 CPlayMain L243 The DataLog UserID: 0XD94D24
08-31 18:04:38.102 15593 15593 D Player.AlphaVideoPlayerCore:
08-31 18:04:38.103 15593 15593 I Player.AlphaVideoPlayerCore: [main] msg_log_cb, Info T933CA548 CPlayMain L243 The DataLog UserID: 0XD94D24
08-31 18:04:38.103 15593 15593 I Player.AlphaVideoPlayerCore:
08-31 18:04:38.105 15593 15593 D Player.BBPlayer.core0: [main] event(1342177297): msg_log_cb, arg1: 0, arg2: 0, any: Info T933CA548 CPlayMain L257 The Session UUID: 002ae634-8a8b-4f37-8bdf-b85d55f29b46
08-31 18:04:38.105 15593 15593 D Player.BBPlayer.core0:
08-31 18:04:38.106 15593 15593 I Player.BBPlayer.core0: [main] msg_log_cb, Info T933CA548 CPlayMain L257 The Session UUID: 002ae634-8a8b-4f37-8bdf-b85d55f29b46
08-31 18:04:38.106 15593 15593 I Player.BBPlayer.core0:
08-31 18:04:38.107 15593 15593 D Player.AlphaVideoPlayerCore: [main] event(1342177297): msg_log_cb, arg1: 0, arg2: 0, any: Info T933CA548 CPlayMain L264 The DataLog AppVer: 5.7.3
08-31 18:04:38.107 15593 15593 D Player.AlphaVideoPlayerCore:
08-31 18:04:38.108 15593 15593 I Player.AlphaVideoPlayerCore: [main] msg_log_cb, Info T933CA548 CPlayMain L264 The DataLog AppVer: 5.7.3
08-31 18:04:38.108 15593 15593 I Player.AlphaVideoPlayerCore:
08-31 18:04:38.110 15593 15593 D Player.AlphaVideoPlayerCore: [main] event(1342177297): msg_log_cb, arg1: 0, arg2: 0, any: Info T933CA548 CPlayMain L250 The DataLog BUVID: XY277FF2DFB139F19721118D30677E832AAF4
08-31 18:04:38.110 15593 15593 D Player.AlphaVideoPlayerCore:
08-31 18:04:38.111 15593 15593 I Player.AlphaVideoPlayerCore: [main] msg_log_cb, Info T933CA548 CPlayMain L250 The DataLog BUVID: XY277FF2DFB139F19721118D30677E832AAF4
08-31 18:04:38.111 15593 15593 I Player.AlphaVideoPlayerCore:
08-31 18:04:38.114 15621 15621 W Tinker.Tinker: [main] tinker patch directory: /data/user/0/cn.missevan/tinker
08-31 18:04:38.122 15621 15621 I Tinker.Tinker: [main] try to install tinker, isEnable: true, version: 1.9.14.10.4
08-31 18:04:38.129 15621 15621 I Tinker.TinkerLoadResult: [main] parseTinkerResult loadCode:-2, process name:cn.missevan:player, main process:false, systemOTA:false, fingerPrint:vivo/PD1728/PD1728:9/PKQ1.180819.001/compiler07281740:user/release-keys, oatDir:null, useInterpretMode:false
08-31 18:04:38.132 15621 15621 W Tinker.TinkerLoadResult: [main] can't find patch file, is ok, just return
08-31 18:04:38.135 15621 15621 I Tinker.DefaultLoadReporter: [main] patch loadReporter onLoadResult: patch load result, path:/data/user/0/cn.missevan/tinker, code: -2, cost: 5ms
08-31 18:04:38.138 15621 15621 W Tinker.Tinker: [main] tinker load fail!
08-31 18:04:38.054  1724  2084 D ConnectivityService: isWifiPoorLink:false, nai.everValidated:true, networkType:1, networkDetailedState:CONNECTED, nai.isLingering():false, unneeded(nai, UnneededFor.TEARDOWN):false
08-31 18:04:38.232 15621 15621 I PlayerService: [main] PlayerService onCreate. versionName: 5.7.3-debug, versionCode:5070300, deviceSDK: 28
08-31 18:04:38.239  1724  4868 I PackageManager: ### pkg:Package{29d4131 cn.missevan}
08-31 18:04:38.244  1724  2070 I chatty  : uid=1000(system) WifiStateMachin expire 2 lines
08-31 18:04:38.244  1724  4868 I chatty  : uid=1000(system) Binder:1724_15 expire 5 lines
08-31 18:04:38.246  1724  1724 V SettingsProvider: Notifying for 0: content://settings/secure/media_button_receiver
08-31 18:04:38.247  2404  2432 D vol.MediaSessions: updateRemoteControllerH null
08-31 18:04:38.248  6559  6891 W Avrcp_ext: ActiveSession: updated[]
08-31 18:04:38.248  6559  6891 W Avrcp_ext: ActiveSession: browseSelectedfalsemBrowsedPlayerExistfalse
08-31 18:04:38.248  6559  6891 W Avrcp_ext: Browse Player killed OR not launched yet !!!!
08-31 18:04:38.248  2404  2432 D vol.MediaSessions: onActiveSessionsUpdatedH n=0
08-31 18:04:38.248  6559  6891 D PlaybackState: setState position:-1
08-31 18:04:38.248  6559  6891 V Avrcp_ext: updateCurrentMediaState: mMediaController: null
08-31 18:04:38.248  6559  6559 V Avrcp_ext: Set active media session cn.missevan
08-31 18:04:38.249  6559  6891 V Avrcp_ext: isMusicActive: false getBluetoothPlayState: 0
08-31 18:04:38.249  6559  6559 D HeadsetService:  isAudioOn: The number of audio connected devices 0
08-31 18:04:38.249  6559  6559 D HeadsetService: isScoOrCallActive(): Call Active:falseCall is Ringing:falseSCO is Active:false
08-31 18:04:38.249  6559  6891 V Avrcp_ext: updateCurrentMediaState: isPlaying = false, ck_play = 241
08-31 18:04:38.249  6559  6891 V Avrcp_ext: updateCurrentMediaState: mMediaController or getPlaybackState() null
08-31 18:04:38.249  6559  6891 D PlaybackState: setState position:-1
08-31 18:04:38.249  6559  6891 D PlaybackState: getActiveQueueItemId Id:-1
08-31 18:04:38.249  6559  6891 V Avrcp_ext: Media update: id 0➡-1? [MediaAttributes: none] : [MediaAttributes: 深⋯意 -  by Y⋯眠 (1326393 0/0) ]
08-31 18:04:38.249  6559  6891 V Avrcp_ext: Check if NowPlayingList is updated
08-31 18:04:38.249  6559  6891 V Avrcp_ext: newPlayStatus:2mReportedPlayStatus:-1
08-31 18:04:38.250  6559  6559 D HeadsetService:  isAudioOn: The number of audio connected devices 0
08-31 18:04:38.250  2404  2432 D vol.MediaSessions: onActiveSessionsUpdatedH n=0
08-31 18:04:38.250  6559  6559 W Avrcp_ext: playState object null, sending STOPPED
08-31 18:04:38.250  6559  6559 V Avrcp_ext: isBrowseSupported for cn.missevan: true
08-31 18:04:38.252  6559  6559 D Avrcp_ext: update #7:MediaPlayerInfo cn.missevan (as '猫耳FM') Type = 1, SubType = 0, Status = 0 Feature Bits [40 41 42 44 45 47 48 58 59 62 65 67] Controller: MediaController (cn.missevan@ab85305) null
08-31 18:04:38.252  6559  6559 V Avrcp_ext: updateNewIds: Addressed:7 to 7, Browse:0 to 0
08-31 18:04:38.255 15368 15512 I CronetEngine: [thread_background]
08-31 18:04:38.255 15368 15512 I CronetEngine: url: https://app.uat.missevan.com/person/user-feed?feed_type=2&page_size=20
08-31 18:04:38.255 15368 15512 I CronetEngine:  ip: 10.21.250.10
08-31 18:04:38.255 15368 15512 I CronetEngine:  hostResolverProvider:
08-31 18:04:38.255 15368 15512 I CronetEngine:  hostResolveIps: []
08-31 18:04:38.255 15368 15512 I CronetEngine:
08-31 18:04:38.255  1724  1724 V SettingsProvider: Notifying for 0: content://settings/secure/media_button_receiver
08-31 18:04:38.257  6559  6559 D Avrcp_ext: updateCurrentController: null to MediaController (cn.missevan@ab85305) null
08-31 18:04:38.260  6559  6559 D PlaybackState: setState position:-1
08-31 18:04:38.260 15368 15528 I BLOG    : [RxCachedThreadScheduler-5] HTTP request: [2022-08-31T10:04:38.118Z] GET https://app.uat.missevan.com/person/user-feed?feed_type=2&page_size=20 200 121ms 0
08-31 18:04:38.261  6559  6559 V Avrcp_ext: updateCurrentMediaState: mMediaController: MediaController (cn.missevan@ab85305) null
08-31 18:04:38.261  6559  6559 V Avrcp_ext: isMusicActive: false getBluetoothPlayState: 0
08-31 18:04:38.262  2404  2432 D vol.MediaSessions: updateRemoteControllerH null
08-31 18:04:38.262  2404  2432 D vol.MediaSessions: onActiveSessionsUpdatedH n=1
08-31 18:04:38.263   715  8579 V APM::AudioPolicyEngine: getDeviceForStrategy() strategy 0, device 2
08-31 18:04:38.263  6559  6891 D HeadsetService:  isAudioOn: The number of audio connected devices 0
08-31 18:04:38.263  6559  6891 D HeadsetService: isScoOrCallActive(): Call Active:falseCall is Ringing:falseSCO is Active:false
08-31 18:04:38.265  1724  6436 I chatty  : uid=1000(system) Binder:1724_17 expire 6 lines
08-31 18:04:38.266  6559  6891 D HeadsetService:  isAudioOn: The number of audio connected devices 0
08-31 18:04:38.266  6559  6891 W Avrcp_ext: ActiveSession: updated[android.media.session.MediaController@4a50f5a]
08-31 18:04:38.266  6559  6559 D Avrcp_ext: updateCurrentMediaState: playState is null, mAudioManagerIsPlaying=false, isMusicActive=false
08-31 18:04:38.266  6559  6559 D PlaybackState: setState position:-1
08-31 18:04:38.266  2404  2432 D vol.MediaSessions: onActiveSessionsUpdatedH n=1
08-31 18:04:38.266  6559  6559 V Avrcp_ext: updateCurrentMediaState: get media attributes:
08-31 18:04:38.267   715  8579 V APM::AudioPolicyEngine: getDeviceForStrategy() strategy 0, device 2
08-31 18:04:38.267  6559  6559 D PlaybackState: getActiveQueueItemId Id:-1
08-31 18:04:38.267  6559  6559 V Avrcp_ext: Media update: id 0➡-1? [MediaAttributes: none] : [MediaAttributes: 深⋯意 -  by Y⋯眠 (1326393 0/0) ]
08-31 18:04:38.267  6559  6559 V Avrcp_ext: Check if NowPlayingList is updated
08-31 18:04:38.267  6559  6559 I AddressedMediaPlayer: null queue from cn.missevan, constructing single-item list
08-31 18:04:38.267  6559  6559 W AddressedMediaPlayer: Controller has no metadata!? Making an empty one
08-31 18:04:38.267  6559  6559 V Avrcp_ext: newPlayStatus:2mReportedPlayStatus:-1
08-31 18:04:38.267  6559  6559 V Avrcp_ext: Player 7 package: cn.missevan
08-31 18:04:38.268  6559  6891 V Avrcp_ext: ActiveSession: MediaController (cn.missevan@4a50f5a) null
08-31 18:04:38.269  6559  6891 W Avrcp_ext: playState object null, sending STOPPED
08-31 18:04:38.269  6559  6891 V Avrcp_ext: isBrowseSupported for cn.missevan: true
08-31 18:04:38.269  6559  6891 D Avrcp_ext: update #7:MediaPlayerInfo cn.missevan (as '猫耳FM') Type = 1, SubType = 0, Status = 0 Feature Bits [40 41 42 44 45 47 48 58 59 62 65 67] Controller: MediaController (cn.missevan@4a50f5a) null
08-31 18:04:38.269  6559  6891 V Avrcp_ext: updateNewIds: Addressed:7 to 7, Browse:0 to 0
08-31 18:04:38.270  6559  6891 D Avrcp_ext: updateCurrentController: MediaController (cn.missevan@ab85305) null to MediaController (cn.missevan@4a50f5a) null
08-31 18:04:38.273  6559  6891 D PlaybackState: setState position:-1
08-31 18:04:38.274 15621 15820 W missevan:playe: Accessing hidden field Lsun/misc/Unsafe;->theUnsafe:Lsun/misc/Unsafe; (light greylist, reflection)
08-31 18:04:38.275  6559  6891 V Avrcp_ext: updateCurrentMediaState: mMediaController: MediaController (cn.missevan@4a50f5a) null
08-31 18:04:38.276  6559  6891 V Avrcp_ext: isMusicActive: false getBluetoothPlayState: 0
08-31 18:04:38.279  6559  6891 D Avrcp_ext: updateCurrentMediaState: playState is null, mAudioManagerIsPlaying=false, isMusicActive=false
08-31 18:04:38.279  6559  6891 D PlaybackState: setState position:-1
08-31 18:04:38.279  6559  6891 V Avrcp_ext: updateCurrentMediaState: get media attributes:
08-31 18:04:38.280  6559  6891 D PlaybackState: getActiveQueueItemId Id:-1
08-31 18:04:38.280  6559  6891 V Avrcp_ext: Media update: id 0➡-1? [MediaAttributes: none] : [MediaAttributes: 深⋯意 -  by Y⋯眠 (1326393 0/0) ]
08-31 18:04:38.280  6559  6891 V Avrcp_ext: Check if NowPlayingList is updated
08-31 18:04:38.281  1724 14407 I chatty  : uid=1000(system) Binder:1724_1C expire 4 lines
08-31 18:04:38.281  6559  6891 I AddressedMediaPlayer: null queue from cn.missevan, constructing single-item list
08-31 18:04:38.281  6559  6891 W AddressedMediaPlayer: Controller has no metadata!? Making an empty one
08-31 18:04:38.282  6559  6891 V Avrcp_ext: newPlayStatus:2mReportedPlayStatus:-1
08-31 18:04:38.282  6559  6891 W Avrcp_ext: ActiveSession: browseSelectedfalsemBrowsedPlayerExistfalse
08-31 18:04:38.282  6559  6891 W Avrcp_ext: Browse Player killed OR not launched yet !!!!
08-31 18:04:38.282  6559  6891 D PlaybackState: setState position:-1
08-31 18:04:38.283  6559  6891 V Avrcp_ext: updateCurrentMediaState: mMediaController: MediaController (cn.missevan@4a50f5a) null
08-31 18:04:38.284  6559  6891 V Avrcp_ext: isMusicActive: false getBluetoothPlayState: 0
08-31 18:04:38.286  6559  6891 D Avrcp_ext: updateCurrentMediaState: playState is null, mAudioManagerIsPlaying=false, isMusicActive=false
08-31 18:04:38.286  6559  6891 D PlaybackState: setState position:-1
08-31 18:04:38.287  6559  6891 V Avrcp_ext: updateCurrentMediaState: get media attributes:
08-31 18:04:38.287  6559  6891 D PlaybackState: getActiveQueueItemId Id:-1
08-31 18:04:38.287  6559  6891 V Avrcp_ext: Media update: id 0➡-1? [MediaAttributes: none] : [MediaAttributes: 深⋯意 -  by Y⋯眠 (1326393 0/0) ]
08-31 18:04:38.287  6559  6891 V Avrcp_ext: Check if NowPlayingList is updated
08-31 18:04:38.288  6559  6891 I AddressedMediaPlayer: null queue from cn.missevan, constructing single-item list
08-31 18:04:38.288  6559  6891 W AddressedMediaPlayer: Controller has no metadata!? Making an empty one
08-31 18:04:38.288  6559  6891 V Avrcp_ext: newPlayStatus:2mReportedPlayStatus:-1
08-31 18:04:38.382 15621 15621 I DataSourceFactory: [main] Init MissEvanDataSourceFactory
08-31 18:04:38.410 15621 15837 I SoundRepo: [DefaultDispatcher-worker-1] MediaSource prepare... playlist size: 0, queued size: 0
08-31 18:04:38.421 15551 15694 I appium  : AppiumResponse: {"sessionId":"dca1d28f-019f-4706-b793-f1b56411b3ac","value":"iVBORw0KGgoAAAANSUhEUgAABDgAAAjoCAYAAAA5jhrUAAAABHNCSVQICAgIfAhkiAAAIABJREFU\neJzs3WmYXHd94Pvfqare1NrRYlvIlg02OCw2DAYbDxAmIYuTTMIMIU8WsjIEJwEyOA9bkiGewCQw\nQG64wyRk7kzC3MkKA5csOAmEwOM4tjGbjcEeCduyJUsykrW2eq06576orlL1qu6u6q7+tz6f5/Gj\n6upzT…
08-31 18:04:38.479 15621 15621 I Player.ExoCacheUtil: [main] Create cache: /storage/emulated/0/Android/data/cn.missevan/cache/AudioCache, used: 0.0 MB
08-31 18:04:38.489 15368 15512 I CronetEngine: [thread_background]
08-31 18:04:38.489 15368 15512 I CronetEngine: url: https://app.uat.missevan.com/person/drama-feed?page=1&page_size=10
08-31 18:04:38.489 15368 15512 I CronetEngine:  ip: 10.21.250.10
08-31 18:04:38.489 15368 15512 I CronetEngine:  hostResolverProvider:
08-31 18:04:38.489 15368 15512 I CronetEngine:  hostResolveIps: []
08-31 18:04:38.489 15368 15512 I CronetEngine:
08-31 18:04:38.492 15368 15515 I BLOG    : [RxCachedThreadScheduler-3] HTTP request: [2022-08-31T10:04:38.180Z] GET https://app.uat.missevan.com/person/drama-feed?page=1&page_size=10 200 306ms 0
08-31 18:04:38.497 15621 15621 I PlayerService: [main] ExtensionRendererMode: ON
08-31 18:04:38.564 15621 15621 I ExoPlayerImpl: Init 55617c7 [ExoPlayerLib/2.17.1] [PD1728, vivo X21A, vivo, 28]
08-31 18:04:38.585 15368 15512 I CronetEngine: [thread_background]
08-31 18:04:38.585 15368 15512 I CronetEngine: url: https://app.uat.missevan.com/discovery/hot-search
08-31 18:04:38.585 15368 15512 I CronetEngine:  ip: 10.21.250.10
08-31 18:04:38.585 15368 15512 I CronetEngine:  hostResolverProvider:
08-31 18:04:38.585 15368 15512 I CronetEngine:  hostResolveIps: []
08-31 18:04:38.585 15368 15512 I CronetEngine:
08-31 18:04:38.585 15368 15616 I BLOG    : [RxCachedThreadScheduler-6] HTTP request: [2022-08-31T10:04:38.452Z] GET https://app.uat.missevan.com/discovery/hot-search 200 125ms 0
08-31 18:04:38.613 15621 15621 W missevan:playe: Accessing hidden method Landroid/media/AudioTrack;->getLatency()I (light greylist, reflection)
08-31 18:04:38.624 15621 15621 I DefaultRenderersFactory: Loaded FfmpegAudioRenderer.
08-31 18:04:38.651 15368 15368 I Choreographer: Skipped 42 frames!  The application may be doing too much work on its main thread.
08-31 18:04:38.679 15621 15621 D LoadControl: [main] getBackBufferDurationUs = 0
08-31 18:04:38.680 15621 15621 D LoadControl: [main] retainBackBufferFromKeyframe = false
08-31 18:04:38.703   715  8579 V AudioFlinger: registerClient() client 0xed889768, pid 15621
08-31 18:04:38.703   715  8579 V AudioFlinger: sendConfigEvent_l() num events 1 event 0
08-31 18:04:38.703   715  8579 I chatty  : uid=1041(audioserver) Binder:715_9 identical 1 line
08-31 18:04:38.703   715  8579 V AudioFlinger: sendConfigEvent_l() num events 1 event 0
08-31 18:04:38.703   715   913 V AudioFlinger: thread 0xed395880 type 0 TID 913 waking up
08-31 18:04:38.704   715   913 V AudioFlinger: acquireWakeLock_l() AudioOut_D status 0
08-31 18:04:38.704   715   913 D AudioFlinger: updateWakeLockUids_l AudioOut_D uids:
08-31 18:04:38.704   715   913 V AudioFlinger: updateWakeLockUids_l() AudioOut_D status 0
08-31 18:04:38.704   715   913 V AudioFlinger: processConfigEvents_l() remaining events 1
08-31 18:04:38.704   715   913 V AudioFlinger: PlaybackThread::ioConfigChanged, thread 0xed395880, event 0
08-31 18:04:38.704   715   915 V AudioFlinger: thread 0xed003f40 type 0 TID 915 waking up
08-31 18:04:38.705   715   915 V AudioFlinger: acquireWakeLock_l() AudioOut_15 status 0
08-31 18:04:38.705   715   915 D AudioFlinger: updateWakeLockUids_l AudioOut_15 uids:
08-31 18:04:38.705   715   915 V AudioFlinger: updateWakeLockUids_l() AudioOut_15 status 0
08-31 18:04:38.705   715   915 V AudioFlinger: processConfigEvents_l() remaining events 1
08-31 18:04:38.705   715   915 V AudioFlinger: PlaybackThread::ioConfigChanged, thread 0xed003f40, event 0
08-31 18:04:38.705   715   916 V AudioFlinger: thread 0xecd03080 type 0 TID 916 waking up
08-31 18:04:38.706   715   915 V AudioFlinger: processConfigEvents_l() DONE thread 0xed003f40
08-31 18:04:38.706   715   916 V AudioFlinger: acquireWakeLock_l() AudioOut_25 status 0
08-31 18:04:38.706   715   916 D AudioFlinger: updateWakeLockUids_l AudioOut_25 uids:
08-31 18:04:38.706   715   916 V AudioFlinger: updateWakeLockUids_l() AudioOut_25 status 0
08-31 18:04:38.706   715   916 V AudioFlinger: processConfigEvents_l() remaining events 1
08-31 18:04:38.706   715   916 V AudioFlinger: PlaybackThread::ioConfigChanged, thread 0xecd03080, event 0
08-31 18:04:38.706   715   913 V AudioFlinger: processConfigEvents_l() DONE thread 0xed395880
08-31 18:04:38.706   715   916 V AudioFlinger: processConfigEvents_l() DONE thread 0xecd03080
08-31 18:04:38.707   715  8579 V APM::AudioPolicyEngine: getDeviceForStrategy() strategy 0, device 2
08-31 18:04:38.725 15621 15621 I PlaybackPreparer: [main] onPlayback preparer prepare, playWhenReady: false
08-31 18:04:38.739 15621 15621 D PlaybackState: setState position:0
08-31 18:04:38.739 15621 15621 D PlaybackState: setActiveQueueItemId mActiveItemId:-1
08-31 18:04:38.740 15621 15621 D MediaSession: setPlaybackState start
08-31 18:04:38.741  1724  1724 I chatty  : uid=1000 system_server expire 4 lines
08-31 18:04:38.742  6559  6588 D MediaController: onPlaybackStateChanged start####
08-31 18:04:38.742 15621 15621 D PlaybackState: setState position:0
08-31 18:04:38.742 15621 15621 D PlaybackState: setActiveQueueItemId mActiveItemId:-1
08-31 18:04:38.742  2404  5501 D MediaController: onPlaybackStateChanged start####
08-31 18:04:38.742 15621 15621 D MediaSession: setPlaybackState start
08-31 18:04:38.742  6559  6891 V Avrcp_ext: onPlaybackStateChanged: state PlaybackState {state=0, position=0, buffered position=0, speed=0.0, updated=516393283, actions=101376, custom actions=[], active item id=-1, error=null}
08-31 18:04:38.742  6559  6891 D PlaybackState: setState position:-1
08-31 18:04:38.743  6559  6891 V Avrcp_ext: updateCurrentMediaState: mMediaController: MediaController (cn.missevan@4a50f5a) null
08-31 18:04:38.744  1724  6436 I chatty  : uid=1000(system) Binder:1724_17 expire 1 line
08-31 18:04:38.744  2404  5501 D MediaController: onPlaybackStateChanged start####
08-31 18:04:38.744  1724  1724 I chatty  : uid=1000 system_server expire 3 lines
08-31 18:04:38.744  2404  2432 D vol.MediaSessions: onPlaybackStateChanged cn.missevan STATE_NONE PlaybackState {state=0, position=0, buffered position=0, speed=0.0, updated=516393283, actions=101376, custom actions=[], active item id=-1, error=null}
08-31 18:04:38.744  2404  2432 D vol.MediaSessions: onPlaybackStateChanged cn.missevan STATE_NONE PlaybackState {state=0, position=0, buffered position=0, speed=0.0, updated=516393287, actions=2461191, custom actions=[], active item id=-1, error=null}
08-31 18:04:38.744  2404  2432 D vol.MediaSessions: onMetadataChanged cn.missevan null, null, null
08-31 18:04:38.746  1724  6436 I chatty  : uid=1000(system) Binder:1724_17 expire 2 lines
08-31 18:04:38.746  1724  1724 I chatty  : uid=1000 system_server expire 1 line
08-31 18:04:38.747  2404  2432 D vol.MediaSessions: onMetadataChanged cn.missevan null, null, null
08-31 18:04:38.747  6559  6891 V Avrcp_ext: isMusicActive: false getBluetoothPlayState: 0
08-31 18:04:38.747  6559  6588 D MediaController: onPlaybackStateChanged start####
08-31 18:04:38.748  6559  6891 V Avrcp_ext: updateCurrentMediaState: get media attributes:
08-31 18:04:38.749  1724  6436 I chatty  : uid=1000(system) Binder:1724_17 expire 3 lines
08-31 18:04:38.749  6559  6891 I Avrcp_ext: Skipping update due to invalid playback state
08-31 18:04:38.749  6559  6891 V Avrcp_ext: updatePlaybackState, state: PlaybackState {state=0, position=0, buffered position=0, speed=0.0, updated=516393287, actions=2461191, custom actions=[], active item id=-1, error=null} device: null
08-31 18:04:38.749  6559  6891 V Avrcp_ext: Device: no name:
08-31 18:04:38.749  6559  6891 V Avrcp_ext: Device: no name:
08-31 18:04:38.749  6559  6891 V Avrcp_ext: updatePlayerStateAndPosition, old=PlaybackState {state=0, position=0, buffered position=0, speed=0.0, updated=516274030, actions=2461191, custom actions=[], active item id=-1, error=null}, state=PlaybackState {state=0, position=0, buffered position=0, speed=0.0, updated=516393287, actions=2461191, custom actions=[], active item id=-1, error=null}
08-31 18:04:38.749  6559  6891 V Avrcp_ext: old state = PlaybackState {state=0, position=0, buffered position=0, speed=0.0, updated=516274030, actions=2461191, custom actions=[], active item id=-1, error=null}, new state= PlaybackState {state=0, position=0, buffered position=0, speed=0.0, updated=516393287, actions=2461191, custom actions=[], active item id=-1, error=null}
08-31 18:04:38.751  6559  6891 D HeadsetService:  isAudioOn: The number of audio connected devices 0
08-31 18:04:38.752  6559  6891 D HeadsetService: isScoOrCallActive(): Call Active:falseCall is Ringing:falseSCO is Active:false
08-31 18:04:38.752  6559  6891 D HeadsetService:  isAudioOn: The number of audio connected devices 0
08-31 18:04:38.752  6559  6891 I Avrcp_ext: updatePlayStatusForDevice: device: null
08-31 18:04:38.752  6559  6891 V Avrcp_ext: updatePlaybackState (1): old=PlaybackState {state=0, position=0, buffered position=0, speed=0.0, updated=516274030, actions=2461191, custom actions=[], active item id=-1, error=null}(0), new=PlaybackState {state=0, position=0, buffered position=0, speed=0.0, updated=516393287, actions=2461191, custom actions=[], active item id=-1, error=null}(0)
08-31 18:04:38.752  6559  6891 I Avrcp_ext: Exit updatePlayStatusForDevice
08-31 18:04:38.753  6559  6891 D HeadsetService:  isAudioOn: The number of audio connected devices 0
08-31 18:04:38.753 15368 15511 I BLOG    : [RxCachedThreadScheduler-2] HTTP request: [2022-08-31T10:04:38.619Z] GET https://app.uat.missevan.com/person/homepage-icons 200 125ms 0
08-31 18:04:38.753  6559  6891 D HeadsetService: isScoOrCallActive(): Call Active:falseCall is Ringing:falseSCO is Active:false
08-31 18:04:38.753 15368 15512 I CronetEngine: [thread_background]
08-31 18:04:38.753 15368 15512 I CronetEngine: url: https://app.uat.missevan.com/person/homepage-icons
08-31 18:04:38.753 15368 15512 I CronetEngine:  ip: 10.21.250.10
08-31 18:04:38.753 15368 15512 I CronetEngine:  hostResolverProvider:
08-31 18:04:38.753 15368 15512 I CronetEngine:  hostResolveIps: []
08-31 18:04:38.753 15368 15512 I CronetEngine:
08-31 18:04:38.754  6559  6891 D HeadsetService:  isAudioOn: The number of audio connected devices 0
08-31 18:04:38.754  6559  6891 I Avrcp_ext: updatePlayStatusForDevice: device: null
08-31 18:04:38.755  6559  6891 V Avrcp_ext: updatePlaybackState (1): old=PlaybackState {state=0, position=0, buffered position=0, speed=0.0, updated=516274030, actions=2461191, custom actions=[], active item id=-1, error=null}(0), new=PlaybackState {state=0, position=0, buffered position=0, speed=0.0, updated=516393287, actions=2461191, custom actions=[], active item id=-1, error=null}(0)
08-31 18:04:38.755  6559  6891 I Avrcp_ext: Exit updatePlayStatusForDevice
08-31 18:04:38.755  6559  6891 D Avrcp_ext: sendPlayPosNotificationRsp: Not registered or requesting.
08-31 18:04:38.755  6559  6891 D Avrcp_ext: sendPlayPosNotificationRsp: Not registered or requesting.
08-31 18:04:38.755  6559  6891 V Avrcp_ext: Exit updatePlayerStateAndPosition
08-31 18:04:38.755  6559  6891 V Avrcp_ext:  Exit onPlaybackStateChanged
08-31 18:04:38.755  6559  6891 V Avrcp_ext: onPlaybackStateChanged: state PlaybackState {state=0, position=0, buffered position=0, speed=0.0, updated=516393287, actions=2461191, custom actions=[], active item id=-1, error=null}
08-31 18:04:38.755  6559  6891 D PlaybackState: setState position:-1
08-31 18:04:38.756  6559  6891 V Avrcp_ext: updateCurrentMediaState: mMediaController: MediaController (cn.missevan@4a50f5a) null, null, null
08-31 18:04:38.757  6559  6891 V Avrcp_ext: isMusicActive: false getBluetoothPlayState: 0
08-31 18:04:38.758  6559  6891 V Avrcp_ext: updateCurrentMediaState: get media attributes:
08-31 18:04:38.758  1724  6436 D MediaSessionRecord: getMetadata :null, null, null
