08-30 11:17:08.826  4240  4357 E BitmapFactory: Unable to decode stream: java.io.FileNotFoundException: /oem/etc/theme/icons/dynamic_icon/com.android.BBKClock/res/drawable-sw360dp-xxhdpi/clock_dial_center.png (No such file or directory)
08-30 11:17:16.070 18939 19336 E memtrack: Couldn't load memtrack module
08-30 11:17:16.071 29067 29255 E MSF.C.NetConnTag.true: conn is already closed on readError closeConn socketEngineID: 0 socket hashcode: 0java.lang.Throwable
08-30 11:17:16.071 29067 29255 E MSF.C.NetConnTag.true: 	at com.tencent.mobileqq.msf.core.net.m.b(P:27)
08-30 11:17:16.071 29067 29255 E MSF.C.NetConnTag.true: 	at com.tencent.mobileqq.msf.core.net.m$b.run(P:24)
08-30 11:17:16.071 29067 29255 E SocketReaderNewtrue: socketEngine: 0socket hashCode: 0SocketReader(4178) errorjava.net.SocketException: Socket is closed
08-30 11:17:19.099 18581 18843 E memtrack: Couldn't load memtrack module
08-30 11:17:30.203   992  1195 E Netd    : tether checkPermission, pid:1724 uid:1000
08-30 11:17:32.780  1007  1109 E storaged: getDiskStats failed with result NOT_SUPPORTED and size 0
08-30 11:17:46.086 29067 29255 E MSF.C.NetConnTag.true: conn is already closed on readError closeConn socketEngineID: 0 socket hashcode: 0java.lang.Throwable
08-30 11:17:46.086 29067 29255 E MSF.C.NetConnTag.true: 	at com.tencent.mobileqq.msf.core.net.m.b(P:27)
08-30 11:17:46.086 29067 29255 E MSF.C.NetConnTag.true: 	at com.tencent.mobileqq.msf.core.net.m$b.run(P:24)
08-30 11:17:46.087 29067 29255 E SocketReaderNewtrue: socketEngine: 0socket hashCode: 0SocketReader(4178) errorjava.net.SocketException: Socket is closed
08-30 11:18:16.103 29067 29255 E MSF.C.NetConnTag.true: conn is already closed on readError closeConn socketEngineID: 0 socket hashcode: 0java.lang.Throwable
08-30 11:18:16.103 29067 29255 E MSF.C.NetConnTag.true: 	at com.tencent.mobileqq.msf.core.net.m.b(P:27)
08-30 11:18:16.103 29067 29255 E MSF.C.NetConnTag.true: 	at com.tencent.mobileqq.msf.core.net.m$b.run(P:24)
08-30 11:18:16.103 29067 29255 E SocketReaderNewtrue: socketEngine: 0socket hashCode: 0SocketReader(4178) errorjava.net.SocketException: Socket is closed
08-30 11:18:32.782  1007  1109 E storaged: getDiskStats failed with result NOT_SUPPORTED and size 0
08-30 11:18:38.750  4240  4357 E BitmapFactory: Unable to decode stream: java.io.FileNotFoundException: /oem/etc/theme/icons/dynamic_icon/com.android.BBKClock/res/drawable-sw360dp-xxhdpi/clock_hour.png (No such file or directory)
08-30 11:18:38.754  4240  4357 E BitmapFactory: Unable to decode stream: java.io.FileNotFoundException: /oem/etc/theme/icons/dynamic_icon/com.android.BBKClock/res/drawable-sw360dp-xxhdpi/clock_minute.png (No such file or directory)
08-30 11:18:38.756  4240  4357 E BitmapFactory: Unable to decode stream: java.io.FileNotFoundException: /oem/etc/theme/icons/dynamic_icon/com.android.BBKClock/res/drawable-sw360dp-xxhdpi/clock_dial.png (No such file or directory)
08-30 11:18:38.765  4240  4357 E BitmapFactory: Unable to decode stream: java.io.FileNotFoundException: /oem/etc/theme/icons/dynamic_icon/com.android.BBKClock/res/drawable-sw360dp-xxhdpi/clock_dial_center.png (No such file or directory)
08-30 11:18:46.118 29067 29255 E MSF.C.NetConnTag.true: conn is already closed on readError closeConn socketEngineID: 0 socket hashcode: 0java.lang.Throwable
08-30 11:18:46.118 29067 29255 E MSF.C.NetConnTag.true: 	at com.tencent.mobileqq.msf.core.net.m.b(P:27)
08-30 11:18:46.118 29067 29255 E MSF.C.NetConnTag.true: 	at com.tencent.mobileqq.msf.core.net.m$b.run(P:24)
08-30 11:18:46.119 29067 29255 E SocketReaderNewtrue: socketEngine: 0socket hashCode: 0SocketReader(4178) errorjava.net.SocketException: Socket is closed
08-30 11:19:07.275  4240  4357 E BitmapFactory: Unable to decode stream: java.io.FileNotFoundException: /oem/etc/theme/icons/dynamic_icon/com.android.BBKClock/res/drawable-sw360dp-xxhdpi/clock_hour.png (No such file or directory)
08-30 11:19:07.277  4240  4357 E BitmapFactory: Unable to decode stream: java.io.FileNotFoundException: /oem/etc/theme/icons/dynamic_icon/com.android.BBKClock/res/drawable-sw360dp-xxhdpi/clock_minute.png (No such file or directory)
08-30 11:19:07.278  4240  4357 E BitmapFactory: Unable to decode stream: java.io.FileNotFoundException: /oem/etc/theme/icons/dynamic_icon/com.android.BBKClock/res/drawable-sw360dp-xxhdpi/clock_dial.png (No such file or directory)
08-30 11:19:07.282  4240  4357 E BitmapFactory: Unable to decode stream: java.io.FileNotFoundException: /oem/etc/theme/icons/dynamic_icon/com.android.BBKClock/res/drawable-sw360dp-xxhdpi/clock_dial_center.png (No such file or directory)
08-30 11:19:07.355  1724  2364 E SyncManager: Bind attempt failed - target: ComponentInfo{com.tencent.android.qqdownloader/com.live.sync.YYBLiveSyncService}
08-30 11:19:07.454  4240  4357 E BitmapFactory: Unable to decode stream: java.io.FileNotFoundException: /oem/etc/theme/icons/dynamic_icon/com.android.BBKClock/res/drawable-sw360dp-xxhdpi/clock_hour.png (No such file or directory)
08-30 11:19:07.456  4240  4357 E BitmapFactory: Unable to decode stream: java.io.FileNotFoundException: /oem/etc/theme/icons/dynamic_icon/com.android.BBKClock/res/drawable-sw360dp-xxhdpi/clock_minute.png (No such file or directory)
08-30 11:19:07.458  4240  4357 E BitmapFactory: Unable to decode stream: java.io.FileNotFoundException: /oem/etc/theme/icons/dynamic_icon/com.android.BBKClock/res/drawable-sw360dp-xxhdpi/clock_dial.png (No such file or directory)
08-30 11:19:07.461  4240  4357 E BitmapFactory: Unable to decode stream: java.io.FileNotFoundException: /oem/etc/theme/icons/dynamic_icon/com.android.BBKClock/res/drawable-sw360dp-xxhdpi/clock_dial_center.png (No such file or directory)
08-30 11:19:16.133 29067 29255 E MSF.C.NetConnTag.true: conn is already closed on readError closeConn socketEngineID: 0 socket hashcode: 0java.lang.Throwable
08-30 11:19:16.133 29067 29255 E MSF.C.NetConnTag.true: 	at com.tencent.mobileqq.msf.core.net.m.b(P:27)
08-30 11:19:16.133 29067 29255 E MSF.C.NetConnTag.true: 	at com.tencent.mobileqq.msf.core.net.m$b.run(P:24)
08-30 11:19:16.134 29067 29255 E SocketReaderNewtrue: socketEngine: 0socket hashCode: 0SocketReader(4178) errorjava.net.SocketException: Socket is closed
08-30 11:19:27.500  2682  3066 E PowerMonitor: exception In sysProcTransDectect java.lang.NoSuchMethodException: vivoGetNetworkStatsUidDetailWithPackInfo [int]
08-30 11:19:32.787  1007  1109 E storaged: getDiskStats failed with result NOT_SUPPORTED and size 0
08-30 11:19:46.136 29067 29255 E MSF.C.NetConnTag.true: conn is already closed on readError closeConn socketEngineID: 0 socket hashcode: 0java.lang.Throwable
08-30 11:19:46.136 29067 29255 E MSF.C.NetConnTag.true: 	at com.tencent.mobileqq.msf.core.net.m.b(P:27)
08-30 11:19:46.136 29067 29255 E MSF.C.NetConnTag.true: 	at com.tencent.mobileqq.msf.core.net.m$b.run(P:24)
08-30 11:19:46.137 29067 29255 E SocketReaderNewtrue: socketEngine: 0socket hashCode: 0SocketReader(4178) errorjava.net.SocketException: Socket is closed
08-30 11:20:16.142 29067 29255 E MSF.C.NetConnTag.true: conn is already closed on readError closeConn socketEngineID: 0 socket hashcode: 0java.lang.Throwable
08-30 11:20:16.142 29067 29255 E MSF.C.NetConnTag.true: 	at com.tencent.mobileqq.msf.core.net.m.b(P:27)
08-30 11:20:16.142 29067 29255 E MSF.C.NetConnTag.true: 	at com.tencent.mobileqq.msf.core.net.m$b.run(P:24)
08-30 11:20:16.142 29067 29255 E SocketReaderNewtrue: socketEngine: 0socket hashCode: 0SocketReader(4178) errorjava.net.SocketException: Socket is closed
08-30 11:20:32.791  1007  1109 E storaged: getDiskStats failed with result NOT_SUPPORTED and size 0
08-30 11:20:37.352  4240  4357 E BitmapFactory: Unable to decode stream: java.io.FileNotFoundException: /oem/etc/theme/icons/dynamic_icon/com.android.BBKClock/res/drawable-sw360dp-xxhdpi/clock_hour.png (No such file or directory)
08-30 11:20:37.354  4240  4357 E BitmapFactory: Unable to decode stream: java.io.FileNotFoundException: /oem/etc/theme/icons/dynamic_icon/com.android.BBKClock/res/drawable-sw360dp-xxhdpi/clock_minute.png (No such file or directory)
08-30 11:20:37.356  4240  4357 E BitmapFactory: Unable to decode stream: java.io.FileNotFoundException: /oem/etc/theme/icons/dynamic_icon/com.android.BBKClock/res/drawable-sw360dp-xxhdpi/clock_dial.png (No such file or directory)
08-30 11:20:37.364  4240  4357 E BitmapFactory: Unable to decode stream: java.io.FileNotFoundException: /oem/etc/theme/icons/dynamic_icon/com.android.BBKClock/res/drawable-sw360dp-xxhdpi/clock_dial_center.png (No such file or directory)
08-30 11:20:46.154 29067 29255 E MSF.C.NetConnTag.true: conn is already closed on readError closeConn socketEngineID: 0 socket hashcode: 0java.lang.Throwable
08-30 11:20:46.154 29067 29255 E MSF.C.NetConnTag.true: 	at com.tencent.mobileqq.msf.core.net.m.b(P:27)
08-30 11:20:46.154 29067 29255 E MSF.C.NetConnTag.true: 	at com.tencent.mobileqq.msf.core.net.m$b.run(P:24)
08-30 11:20:46.154 29067 29255 E SocketReaderNewtrue: socketEngine: 0socket hashCode: 0SocketReader(4178) errorjava.net.SocketException: Socket is closed
08-30 11:21:16.167 29067 29255 E MSF.C.NetConnTag.true: conn is already closed on readError closeConn socketEngineID: 0 socket hashcode: 0java.lang.Throwable
08-30 11:21:16.167 29067 29255 E MSF.C.NetConnTag.true: 	at com.tencent.mobileqq.msf.core.net.m.b(P:27)
08-30 11:21:16.167 29067 29255 E MSF.C.NetConnTag.true: 	at com.tencent.mobileqq.msf.core.net.m$b.run(P:24)
08-30 11:21:16.168 29067 29255 E SocketReaderNewtrue: socketEngine: 0socket hashCode: 0SocketReader(4178) errorjava.net.SocketException: Socket is closed
08-30 11:21:32.796  1007  1109 E storaged: getDiskStats failed with result NOT_SUPPORTED and size 0
08-30 11:21:37.358  4240  4357 E BitmapFactory: Unable to decode stream: java.io.FileNotFoundException: /oem/etc/theme/icons/dynamic_icon/com.android.BBKClock/res/drawable-sw360dp-xxhdpi/clock_hour.png (No such file or directory)
08-30 11:21:37.360  4240  4357 E BitmapFactory: Unable to decode stream: java.io.FileNotFoundException: /oem/etc/theme/icons/dynamic_icon/com.android.BBKClock/res/drawable-sw360dp-xxhdpi/clock_minute.png (No such file or directory)
08-30 11:21:37.363  4240  4357 E BitmapFactory: Unable to decode stream: java.io.FileNotFoundException: /oem/etc/theme/icons/dynamic_icon/com.android.BBKClock/res/drawable-sw360dp-xxhdpi/clock_dial.png (No such file or directory)
08-30 11:21:37.369  4240  4357 E BitmapFactory: Unable to decode stream: java.io.FileNotFoundException: /oem/etc/theme/icons/dynamic_icon/com.android.BBKClock/res/drawable-sw360dp-xxhdpi/clock_dial_center.png (No such file or directory)
08-30 11:21:46.183 29067 29255 E MSF.C.NetConnTag.true: conn is already closed on readError closeConn socketEngineID: 0 socket hashcode: 0java.lang.Throwable
08-30 11:21:46.183 29067 29255 E MSF.C.NetConnTag.true: 	at com.tencent.mobileqq.msf.core.net.m.b(P:27)
08-30 11:21:46.183 29067 29255 E MSF.C.NetConnTag.true: 	at com.tencent.mobileqq.msf.core.net.m$b.run(P:24)
08-30 11:21:46.183 29067 29255 E SocketReaderNewtrue: socketEngine: 0socket hashCode: 0SocketReader(4178) errorjava.net.SocketException: Socket is closed
08-30 11:21:57.634  2682  3066 E PowerMonitor: exception In sysProcTransDectect java.lang.NoSuchMethodException: vivoGetNetworkStatsUidDetailWithPackInfo [int]
08-30 11:22:05.386  1724  2038 I chatty  : uid=1000(system) AlarmManager expire 6 lines
08-30 11:22:05.554  4240  4357 E BitmapFactory: Unable to decode stream: java.io.FileNotFoundException: /oem/etc/theme/icons/dynamic_icon/com.android.BBKClock/res/drawable-sw360dp-xxhdpi/clock_hour.png (No such file or directory)
08-30 11:22:05.555  4240  4357 E BitmapFactory: Unable to decode stream: java.io.FileNotFoundException: /oem/etc/theme/icons/dynamic_icon/com.android.BBKClock/res/drawable-sw360dp-xxhdpi/clock_minute.png (No such file or directory)
08-30 11:22:05.555  4240  4357 E BitmapFactory: Unable to decode stream: java.io.FileNotFoundException: /oem/etc/theme/icons/dynamic_icon/com.android.BBKClock/res/drawable-sw360dp-xxhdpi/clock_dial.png (No such file or directory)
08-30 11:22:05.558  4240  4357 E BitmapFactory: Unable to decode stream: java.io.FileNotFoundException: /oem/etc/theme/icons/dynamic_icon/com.android.BBKClock/res/drawable-sw360dp-xxhdpi/clock_dial_center.png (No such file or directory)
08-30 11:22:05.660  4240  4357 E BitmapFactory: Unable to decode stream: java.io.FileNotFoundException: /oem/etc/theme/icons/dynamic_icon/com.android.BBKClock/res/drawable-sw360dp-xxhdpi/clock_hour.png (No such file or directory)
08-30 11:22:05.661  4240  4357 E BitmapFactory: Unable to decode stream: java.io.FileNotFoundException: /oem/etc/theme/icons/dynamic_icon/com.android.BBKClock/res/drawable-sw360dp-xxhdpi/clock_minute.png (No such file or directory)
08-30 11:22:05.662  4240  4357 E BitmapFactory: Unable to decode stream: java.io.FileNotFoundException: /oem/etc/theme/icons/dynamic_icon/com.android.BBKClock/res/drawable-sw360dp-xxhdpi/clock_dial.png (No such file or directory)
08-30 11:22:05.664  4240  4357 E BitmapFactory: Unable to decode stream: java.io.FileNotFoundException: /oem/etc/theme/icons/dynamic_icon/com.android.BBKClock/res/drawable-sw360dp-xxhdpi/clock_dial_center.png (No such file or directory)
08-30 11:22:05.756  4240  4357 E BitmapFactory: Unable to decode stream: java.io.FileNotFoundException: /oem/etc/theme/icons/dynamic_icon/com.android.BBKClock/res/drawable-sw360dp-xxhdpi/clock_hour.png (No such file or directory)
08-30 11:22:05.757  4240  4357 E BitmapFactory: Unable to decode stream: java.io.FileNotFoundException: /oem/etc/theme/icons/dynamic_icon/com.android.BBKClock/res/drawable-sw360dp-xxhdpi/clock_minute.png (No such file or directory)
08-30 11:22:05.757  4240  4357 E BitmapFactory: Unable to decode stream: java.io.FileNotFoundException: /oem/etc/theme/icons/dynamic_icon/com.android.BBKClock/res/drawable-sw360dp-xxhdpi/clock_dial.png (No such file or directory)
08-30 11:22:05.760  4240  4357 E BitmapFactory: Unable to decode stream: java.io.FileNotFoundException: /oem/etc/theme/icons/dynamic_icon/com.android.BBKClock/res/drawable-sw360dp-xxhdpi/clock_dial_center.png (No such file or directory)
08-30 11:22:16.197 29067 29255 E MSF.C.NetConnTag.true: conn is already closed on readError closeConn socketEngineID: 0 socket hashcode: 0java.lang.Throwable
08-30 11:22:16.197 29067 29255 E MSF.C.NetConnTag.true: 	at com.tencent.mobileqq.msf.core.net.m.b(P:27)
08-30 11:22:16.197 29067 29255 E MSF.C.NetConnTag.true: 	at com.tencent.mobileqq.msf.core.net.m$b.run(P:24)
08-30 11:22:16.197 29067 29255 E SocketReaderNewtrue: socketEngine: 0socket hashCode: 0SocketReader(4178) errorjava.net.SocketException: Socket is closed
08-30 11:22:16.453 18939 19538 E memtrack: Couldn't load memtrack module
08-30 11:22:19.806 18581 18739 E memtrack: Couldn't load memtrack module
08-30 11:22:32.801  1007  1109 E storaged: getDiskStats failed with result NOT_SUPPORTED and size 0
08-30 11:22:35.272   992  1195 E Netd    : tether checkPermission, pid:1724 uid:1000
08-30 11:22:46.211 29067 29255 E MSF.C.NetConnTag.true: conn is already closed on readError closeConn socketEngineID: 0 socket hashcode: 0java.lang.Throwable
08-30 11:22:46.211 29067 29255 E MSF.C.NetConnTag.true: 	at com.tencent.mobileqq.msf.core.net.m.b(P:27)
08-30 11:22:46.211 29067 29255 E MSF.C.NetConnTag.true: 	at com.tencent.mobileqq.msf.core.net.m$b.run(P:24)
08-30 11:22:46.212 29067 29255 E SocketReaderNewtrue: socketEngine: 0socket hashCode: 0SocketReader(4178) errorjava.net.SocketException: Socket is closed
08-30 11:23:16.223 29067 29255 E MSF.C.NetConnTag.true: conn is already closed on readError closeConn socketEngineID: 0 socket hashcode: 0java.lang.Throwable
08-30 11:23:16.223 29067 29255 E MSF.C.NetConnTag.true: 	at com.tencent.mobileqq.msf.core.net.m.b(P:27)
08-30 11:23:16.223 29067 29255 E MSF.C.NetConnTag.true: 	at com.tencent.mobileqq.msf.core.net.m$b.run(P:24)
08-30 11:23:16.223 29067 29255 E SocketReaderNewtrue: socketEngine: 0socket hashCode: 0SocketReader(4178) errorjava.net.SocketException: Socket is closed
08-30 11:23:16.280  1846  1846 E android.vendin: Not starting debugger since process cannot load the jdwp agent.
08-30 11:23:16.319  4240  4357 E BitmapFactory: Unable to decode stream: java.io.FileNotFoundException: /oem/etc/theme/icons/dynamic_icon/com.android.BBKClock/res/drawable-sw360dp-xxhdpi/clock_hour.png (No such file or directory)
08-30 11:23:16.320  4240  4357 E BitmapFactory: Unable to decode stream: java.io.FileNotFoundException: /oem/etc/theme/icons/dynamic_icon/com.android.BBKClock/res/drawable-sw360dp-xxhdpi/clock_minute.png (No such file or directory)
08-30 11:23:16.322  4240  4357 E BitmapFactory: Unable to decode stream: java.io.FileNotFoundException: /oem/etc/theme/icons/dynamic_icon/com.android.BBKClock/res/drawable-sw360dp-xxhdpi/clock_dial.png (No such file or directory)
08-30 11:23:16.325  4240  4357 E BitmapFactory: Unable to decode stream: java.io.FileNotFoundException: /oem/etc/theme/icons/dynamic_icon/com.android.BBKClock/res/drawable-sw360dp-xxhdpi/clock_dial_center.png (No such file or directory)
08-30 11:23:16.926  1724 16084 E NotificationService: Suppressing notification from package by user request.
08-30 11:23:17.190  2008  2008 E e.process.gapp: Not starting debugger since process cannot load the jdwp agent.
08-30 11:23:17.440  1846  2073 E PhenotypeCombinedFlags: Config package com.google.android.gms.phenotype cannot use PROCESS_STABLE backing without declarative registration. See go/phenotype-android-integration#phenotype for more information. This will lead to stale flags.
08-30 11:23:17.440  1846  2073 I chatty  : uid=10477(com.android.vending) ProcessStablePh identical 24 lines
08-30 11:23:17.445  1846  2073 E PhenotypeCombinedFlags: Config package com.google.android.gms.phenotype cannot use PROCESS_STABLE backing without declarative registration. See go/phenotype-android-integration#phenotype for more information. This will lead to stale flags.
08-30 11:23:17.456  2074  2074 E ding:backgroun: Not starting debugger since process cannot load the jdwp agent.
08-30 11:23:17.477  1846  2073 E PhenotypeCombinedFlags: Config package com.google.android.gms.phenotype cannot use PROCESS_STABLE backing without declarative registration. See go/phenotype-android-integration#phenotype for more information. This will lead to stale flags.
08-30 11:23:19.830  1846  2073 E PhenotypeCombinedFlags: Config package com.google.android.gms.phenotype cannot use PROCESS_STABLE backing without declarative registration. See go/phenotype-android-integration#phenotype for more information. This will lead to stale flags.
08-30 11:23:20.836  2203  2203 E t_app_installe: Not starting debugger since process cannot load the jdwp agent.
08-30 11:23:21.896  2203  2261 E Finsky:instant_app_inst: [4229] EnabledStatusSyncService.d(24): Could not obtain account information.
08-30 11:23:22.511  2333  2333 E ng:quick_launc: Not starting debugger since process cannot load the jdwp agent.
08-30 11:23:26.460  1846  2201 E Finsky  : [4281] his.f(7): DU: Failed to get subscriber ID.
08-30 11:23:26.467  1846  2201 I chatty  : uid=10477(com.android.vending) identical 2 lines
08-30 11:23:26.470  1846  2201 E Finsky  : [4281] his.f(7): DU: Failed to get subscriber ID.
08-30 11:23:26.477  1846  1970 E Finsky  : [4231] gcs.apply(39): CONPRF: Failed to refresh connectivity profile metrics. Reset metrics.
08-30 11:23:26.873  1846  1936 E libc    : Access denied finding property "persist.vendor.radio.msim.stackid_0"
08-30 11:23:27.171  2434  2457 E ProviderManager: provider is null: providerName=permission_check
08-30 11:23:27.171  2434  2457 E ProviderManager: java.lang.Exception: provider is null: providerName=permission_check
08-30 11:23:27.171  2434  2457 E ProviderManager: 	at org.hapjs.runtime.ProviderManager.getProvider(SourceFile:32)
08-30 11:23:27.171  2434  2457 E ProviderManager: 	at org.hapjs.runtime.Runtime.a(SourceFile:202)
08-30 11:23:27.171  2434  2457 E ProviderManager: 	at com.vivo.hybrid.main.application.AppRuntime.a(SourceFile:447)
08-30 11:23:27.171  2434  2457 E ProviderManager: 	at org.hapjs.runtime.t.a(SourceFile:35)
08-30 11:23:27.171  2434  2457 E ProviderManager: 	at com.vivo.hybrid.datashare.DataShareProvider.query(SourceFile:64)
08-30 11:23:27.171  2434  2457 E ProviderManager: 	at android.content.ContentProvider.query(ContentProvider.java:1236)
08-30 11:23:27.171  2434  2457 E ProviderManager: 	at android.content.ContentProvider.query(ContentProvider.java:1328)
08-30 11:23:27.171  2434  2457 E ProviderManager: 	at android.content.ContentProvider$Transport.query(ContentProvider.java:290)
08-30 11:23:27.171  2434  2457 E ProviderManager: 	at android.content.ContentResolver.query(ContentResolver.java:941)
08-30 11:23:27.171  2434  2457 E ProviderManager: 	at android.content.ContentResolver.query(ContentResolver.java:867)
08-30 11:23:27.171  2434  2457 E ProviderManager: 	at android.content.ContentResolver.query(ContentResolver.java:825)
08-30 11:23:27.171  2434  2457 E ProviderManager: 	at com.vivo.hybrid.common.g.a(SourceFile:35)
08-30 11:23:27.171  2434  2457 E ProviderManager: 	at com.vivo.hybrid.common.a$a.a(SourceFile:1619)
08-30 11:23:27.171  2434  2457 E ProviderManager: 	at com.vivo.hybrid.common.a$a.doInBackground(SourceFile:1606)
08-30 11:23:27.171  2434  2457 E ProviderManager: 	at android.os.AsyncTask$2.call(AsyncTask.java:333)
08-30 11:23:27.171  2434  2457 E ProviderManager: 	at java.util.concurrent.FutureTask.run(FutureTask.java:266)
08-30 11:23:27.171  2434  2457 E ProviderManager: 	at android.os.AsyncTask$SerialExecutor$1.run(AsyncTask.java:245)
08-30 11:23:27.171  2434  2457 E ProviderManager: 	at java.util.concurrent.ThreadPoolExecutor.runWorker(ThreadPoolExecutor.java:1167)
08-30 11:23:27.171  2434  2457 E ProviderManager: 	at java.util.concurrent.ThreadPoolExecutor$Worker.run(ThreadPoolExecutor.java:641)
08-30 11:23:27.171  2434  2457 E ProviderManager: 	at java.lang.Thread.run(Thread.java:764)
08-30 11:23:27.428  2434  2488 E ActivityThread: Failed to find provider info for content://com.vivo.abe.unifiedconfig.provider/standard_config
08-30 11:23:31.746  1846  1936 E Finsky  : [4227] fch.accept(17): GMS compliance query failed.
08-30 11:23:31.746  1846  1936 E Finsky  : com.google.common.util.concurrent.TimeoutFuture$TimeoutFutureException: Timed out (timeout delayed by 11 ms after scheduled time): agzq@d92800b[status=PENDING, setFuture=[chq@de60ee8[status=PENDING, info=[tag=[abvr@2ef3901]]]]]
08-30 11:23:32.566  1846  1846 E ActivityThread: Failed to find provider info for com.google.android.wearable.settings
08-30 11:23:32.764  1846  1846 I chatty  : uid=10477(com.android.vending) identical 9 lines
08-30 11:23:32.779  1846  1846 E ActivityThread: Failed to find provider info for com.google.android.wearable.settings
08-30 11:23:32.802  1007  1109 E storaged: getDiskStats failed with result NOT_SUPPORTED and size 0
08-30 11:23:32.915  1846  1846 E ActivityThread: Failed to find provider info for com.google.android.wearable.settings
08-30 11:23:37.651  2611  2611 E useinstruction: Not starting debugger since process cannot load the jdwp agent.
08-30 11:23:37.802  2569  2603 E VgcSdkManager: VgcSdkManager init versionName:1.0.0.2
08-30 11:23:38.436  1846  1846 I chatty  : uid=10477(com.android.vending) identical 229 lines
08-30 11:23:38.460  1846  1846 E ActivityThread: Failed to find provider info for com.google.android.wearable.settings
08-30 11:23:42.277  2569  2672 E ActivityThread: Failed to find provider info for com.vivo.ai.ime.skin.provider
08-30 11:23:43.318  2698  2698 E .android.camer: Not starting debugger since process cannot load the jdwp agent.
08-30 11:23:46.242 29067 29255 E MSF.C.NetConnTag.true: conn is already closed on readError closeConn socketEngineID: 0 socket hashcode: 0java.lang.Throwable
08-30 11:23:46.242 29067 29255 E MSF.C.NetConnTag.true: 	at com.tencent.mobileqq.msf.core.net.m.b(P:27)
08-30 11:23:46.242 29067 29255 E MSF.C.NetConnTag.true: 	at com.tencent.mobileqq.msf.core.net.m$b.run(P:24)
08-30 11:23:46.246 29067 29255 E SocketReaderNewtrue: socketEngine: 0socket hashCode: 0SocketReader(4178) errorjava.net.SocketException: Socket is closed
08-30 11:24:16.257 29067 29255 E MSF.C.NetConnTag.true: conn is already closed on readError closeConn socketEngineID: 0 socket hashcode: 0java.lang.Throwable
08-30 11:24:16.257 29067 29255 E MSF.C.NetConnTag.true: 	at com.tencent.mobileqq.msf.core.net.m.b(P:27)
08-30 11:24:16.257 29067 29255 E MSF.C.NetConnTag.true: 	at com.tencent.mobileqq.msf.core.net.m$b.run(P:24)
08-30 11:24:16.257 29067 29255 E SocketReaderNewtrue: socketEngine: 0socket hashCode: 0SocketReader(4178) errorjava.net.SocketException: Socket is closed
08-30 11:24:20.674  4240  4357 E BitmapFactory: Unable to decode stream: java.io.FileNotFoundException: /oem/etc/theme/icons/dynamic_icon/com.android.BBKClock/res/drawable-sw360dp-xxhdpi/clock_hour.png (No such file or directory)
08-30 11:24:20.676  4240  4357 E BitmapFactory: Unable to decode stream: java.io.FileNotFoundException: /oem/etc/theme/icons/dynamic_icon/com.android.BBKClock/res/drawable-sw360dp-xxhdpi/clock_minute.png (No such file or directory)
08-30 11:24:20.677  4240  4357 E BitmapFactory: Unable to decode stream: java.io.FileNotFoundException: /oem/etc/theme/icons/dynamic_icon/com.android.BBKClock/res/drawable-sw360dp-xxhdpi/clock_dial.png (No such file or directory)
08-30 11:24:20.680  4240  4357 E BitmapFactory: Unable to decode stream: java.io.FileNotFoundException: /oem/etc/theme/icons/dynamic_icon/com.android.BBKClock/res/drawable-sw360dp-xxhdpi/clock_dial_center.png (No such file or directory)
08-30 11:24:23.885  1846  1936 E Finsky  : [4227] mpa.a(16): ItemStore: getItems RPC failed.
08-30 11:24:23.885  1846  1969 E Finsky  : [4230] mpa.a(16): ItemStore: getItems RPC failed.
08-30 11:24:23.885  1846  1970 E Finsky  : [4231] mpa.a(16): ItemStore: getItems RPC failed.
08-30 11:24:23.885  1846  1918 E Finsky  : [4221] mpa.a(16): ItemStore: getItems RPC failed.
08-30 11:24:23.888  1846  1936 E Finsky  : [4227] mpa.a(16): ItemStore: getItems RPC failed.
08-30 11:24:23.888  1846  1969 E Finsky  : [4230] mpa.a(16): ItemStore: getItems RPC failed.
08-30 11:24:23.888  1846  1970 E Finsky  : [4231] mpa.a(16): ItemStore: getItems RPC failed.
08-30 11:24:23.888  1846  1918 E Finsky  : [4221] mpa.a(16): ItemStore: getItems RPC failed.
08-30 11:24:23.889  1846  1936 E Finsky  : [4227] mpa.a(16): ItemStore: getItems RPC failed.
08-30 11:24:23.889  1846  1970 E Finsky  : [4231] mpa.a(16): ItemStore: getItems RPC failed.
08-30 11:24:23.889  1846  1969 E Finsky  : [4230] mpa.a(16): ItemStore: getItems RPC failed.
08-30 11:24:23.889  1846  1918 E Finsky  : [4221] mpa.a(16): ItemStore: getItems RPC failed.
08-30 11:24:23.890  1846  1969 E Finsky  : [4230] mpa.a(16): ItemStore: getItems RPC failed.
08-30 11:24:23.890  1846  1936 E Finsky  : [4227] mpa.a(16): ItemStore: getItems RPC failed.
08-30 11:24:23.890  1846  1970 E Finsky  : [4231] mpa.a(16): ItemStore: getItems RPC failed.
08-30 11:24:23.890  1846  1969 E Finsky  : [4230] mpa.a(16): ItemStore: getItems RPC failed.
08-30 11:24:23.890  1846  1918 E Finsky  : [4221] mpa.a(16): ItemStore: getItems RPC failed.
08-30 11:24:23.890  1846  1936 E Finsky  : [4227] mpa.a(16): ItemStore: getItems RPC failed.
08-30 11:24:23.890  1846  1970 E Finsky  : [4231] mpa.a(16): ItemStore: getItems RPC failed.
08-30 11:24:23.891  1846  1918 E Finsky  : [4221] mpa.a(16): ItemStore: getItems RPC failed.
08-30 11:24:23.891  1846  1969 E Finsky  : [4230] mpa.a(16): ItemStore: getItems RPC failed.
08-30 11:24:23.891  1846  1936 E Finsky  : [4227] mpa.a(16): ItemStore: getItems RPC failed.
08-30 11:24:23.891  1846  1970 E Finsky  : [4231] mpa.a(16): ItemStore: getItems RPC failed.
08-30 11:24:23.891  1846  1969 E Finsky  : [4230] mpa.a(16): ItemStore: getItems RPC failed.
08-30 11:24:23.891  1846  1936 E Finsky  : [4227] mpa.a(16): ItemStore: getItems RPC failed.
08-30 11:24:23.891  1846  1918 E Finsky  : [4221] mpa.a(16): ItemStore: getItems RPC failed.
08-30 11:24:23.892  1846  1969 E Finsky  : [4230] mpa.a(16): ItemStore: getItems RPC failed.
08-30 11:24:23.892  1846  1918 E Finsky  : [4221] mpa.a(16): ItemStore: getItems RPC failed.
08-30 11:24:23.892  1846  1970 E Finsky  : [4231] mpa.a(16): ItemStore: getItems RPC failed.
08-30 11:24:23.893  1846  1918 E Finsky  : [4221] mpa.a(16): ItemStore: getItems RPC failed.
08-30 11:24:23.893  1846  1970 E Finsky  : [4231] mpa.a(16): ItemStore: getItems RPC failed.
08-30 11:24:23.893  1846  1969 E Finsky  : [4230] mpa.a(16): ItemStore: getItems RPC failed.
08-30 11:24:23.893  1846  1936 E Finsky  : [4227] mpa.a(16): ItemStore: getItems RPC failed.
08-30 11:24:23.894  1846  1918 E Finsky  : [4221] mpa.a(16): ItemStore: getItems RPC failed.
08-30 11:24:23.894  1846  1969 E Finsky  : [4230] mpa.a(16): ItemStore: getItems RPC failed.
08-30 11:24:23.894  1846  1936 E Finsky  : [4227] mpa.a(16): ItemStore: getItems RPC failed.
08-30 11:24:23.894  1846  1970 E Finsky  : [4231] mpa.a(16): ItemStore: getItems RPC failed.
08-30 11:24:23.894  1846  1918 E Finsky  : [4221] mpa.a(16): ItemStore: getItems RPC failed.
08-30 11:24:23.894  1846  1969 E Finsky  : [4230] mpa.a(16): ItemStore: getItems RPC failed.
08-30 11:24:23.895  1846  1970 E Finsky  : [4231] mpa.a(16): ItemStore: getItems RPC failed.
08-30 11:24:23.895  1846  1918 E Finsky  : [4221] mpa.a(16): ItemStore: getItems RPC failed.
08-30 11:24:23.895  1846  1936 E Finsky  : [4227] mpa.a(16): ItemStore: getItems RPC failed.
08-30 11:24:23.895  1846  1969 E Finsky  : [4230] mpa.a(16): ItemStore: getItems RPC failed.
08-30 11:24:23.895  1846  1970 E Finsky  : [4231] mpa.a(16): ItemStore: getItems RPC failed.
08-30 11:24:23.895  1846  1936 E Finsky  : [4227] mpa.a(16): ItemStore: getItems RPC failed.
08-30 11:24:23.895  1846  1918 E Finsky  : [4221] mpa.a(16): ItemStore: getItems RPC failed.
08-30 11:24:23.896  1846  1969 E Finsky  : [4230] mpa.a(16): ItemStore: getItems RPC failed.
08-30 11:24:23.896  1846  1936 E Finsky  : [4227] mpa.a(16): ItemStore: getItems RPC failed.
08-30 11:24:23.896  1846  1970 E Finsky  : [4231] mpa.a(16): ItemStore: getItems RPC failed.
08-30 11:24:23.896  1846  1918 E Finsky  : [4221] mpa.a(16): ItemStore: getItems RPC failed.
08-30 11:24:23.896  1846  1969 E Finsky  : [4230] mpa.a(16): ItemStore: getItems RPC failed.
08-30 11:24:23.896  1846  1936 E Finsky  : [4227] mpa.a(16): ItemStore: getItems RPC failed.
08-30 11:24:23.896  1846  1918 E Finsky  : [4221] mpa.a(16): ItemStore: getItems RPC failed.
08-30 11:24:23.897  1846  1970 E Finsky  : [4231] mpa.a(16): ItemStore: getItems RPC failed.
08-30 11:24:23.897  1846  1969 E Finsky  : [4230] mpa.a(16): ItemStore: getItems RPC failed.
08-30 11:24:23.897  1846  1970 E Finsky  : [4231] mpa.a(16): ItemStore: getItems RPC failed.
08-30 11:24:23.897  1846  1918 E Finsky  : [4221] mpa.a(16): ItemStore: getItems RPC failed.
08-30 11:24:23.897  1846  1969 E Finsky  : [4230] mpa.a(16): ItemStore: getItems RPC failed.
08-30 11:24:23.897  1846  1970 E Finsky  : [4231] mpa.a(16): ItemStore: getItems RPC failed.
08-30 11:24:23.898  1846  1936 E Finsky  : [4227] mpa.a(16): ItemStore: getItems RPC failed.
08-30 11:24:23.898  1846  1918 E Finsky  : [4221] mpa.a(16): ItemStore: getItems RPC failed.
08-30 11:24:23.898  1846  1969 E Finsky  : [4230] mpa.a(16): ItemStore: getItems RPC failed.
08-30 11:24:23.898  1846  1970 E Finsky  : [4231] mpa.a(16): ItemStore: getItems RPC failed.
08-30 11:24:23.898  1846  1918 E Finsky  : [4221] mpa.a(16): ItemStore: getItems RPC failed.
08-30 11:24:23.898  1846  1936 E Finsky  : [4227] mpa.a(16): ItemStore: getItems RPC failed.
08-30 11:24:23.899  1846  1970 E Finsky  : [4231] mpa.a(16): ItemStore: getItems RPC failed.
08-30 11:24:23.899  1846  1918 E Finsky  : [4221] mpa.a(16): ItemStore: getItems RPC failed.
08-30 11:24:23.899  1846  1936 E Finsky  : [4227] mpa.a(16): ItemStore: getItems RPC failed.
08-30 11:24:23.899  1846  1969 E Finsky  : [4230] mpa.a(16): ItemStore: getItems RPC failed.
08-30 11:24:23.899  1846  1970 E Finsky  : [4231] mpa.a(16): ItemStore: getItems RPC failed.
08-30 11:24:23.899  1846  1918 E Finsky  : [4221] mpa.a(16): ItemStore: getItems RPC failed.
08-30 11:24:23.899  1846  1936 E Finsky  : [4227] mpa.a(16): ItemStore: getItems RPC failed.
08-30 11:24:23.900  1846  1969 E Finsky  : [4230] mpa.a(16): ItemStore: getItems RPC failed.
08-30 11:24:23.900  1846  1970 E Finsky  : [4231] mpa.a(16): ItemStore: getItems RPC failed.
08-30 11:24:23.900  1846  1936 E Finsky  : [4227] mpa.a(16): ItemStore: getItems RPC failed.
08-30 11:24:23.900  1846  1918 E Finsky  : [4221] mpa.a(16): ItemStore: getItems RPC failed.
08-30 11:24:23.900  1846  1970 E Finsky  : [4231] mpa.a(16): ItemStore: getItems RPC failed.
08-30 11:24:23.900  1846  1969 E Finsky  : [4230] mpa.a(16): ItemStore: getItems RPC failed.
08-30 11:24:23.900  1846  1936 E Finsky  : [4227] mpa.a(16): ItemStore: getItems RPC failed.
08-30 11:24:23.901  1846  1918 E Finsky  : [4221] mpa.a(16): ItemStore: getItems RPC failed.
08-30 11:24:23.901  1846  1969 E Finsky  : [4230] mpa.a(16): ItemStore: getItems RPC failed.
08-30 11:24:23.901  1846  1936 E Finsky  : [4227] mpa.a(16): ItemStore: getItems RPC failed.
08-30 11:24:23.901  1846  1918 E Finsky  : [4221] mpa.a(16): ItemStore: getItems RPC failed.
08-30 11:24:23.901  1846  1970 E Finsky  : [4231] mpa.a(16): ItemStore: getItems RPC failed.
08-30 11:24:23.901  1846  1969 E Finsky  : [4230] mpa.a(16): ItemStore: getItems RPC failed.
08-30 11:24:23.902  1846  1936 E Finsky  : [4227] mpa.a(16): ItemStore: getItems RPC failed.
08-30 11:24:23.902  1846  1969 E Finsky  : [4230] mpa.a(16): ItemStore: getItems RPC failed.
08-30 11:24:23.902  1846  1970 E Finsky  : [4231] mpa.a(16): ItemStore: getItems RPC failed.
08-30 11:24:23.902  1846  1936 E Finsky  : [4227] mpa.a(16): ItemStore: getItems RPC failed.
08-30 11:24:23.903  1846  1969 E Finsky  : [4230] mpa.a(16): ItemStore: getItems RPC failed.
08-30 11:24:23.903  1846  1970 E Finsky  : [4231] mpa.a(16): ItemStore: getItems RPC failed.
08-30 11:24:23.903  1846  1936 E Finsky  : [4227] mpa.a(16): ItemStore: getItems RPC failed.
08-30 11:24:23.903  1846  1969 E Finsky  : [4230] mpa.a(16): ItemStore: getItems RPC failed.
08-30 11:24:23.903  1846  1970 E Finsky  : [4231] mpa.a(16): ItemStore: getItems RPC failed.
08-30 11:24:23.904  1846  1936 E Finsky  : [4227] mpa.a(16): ItemStore: getItems RPC failed.
08-30 11:24:23.904  1846  1970 E Finsky  : [4231] mpa.a(16): ItemStore: getItems RPC failed.
08-30 11:24:23.904  1846  1969 E Finsky  : [4230] mpa.a(16): ItemStore: getItems RPC failed.
08-30 11:24:23.904  1846  1936 E Finsky  : [4227] mpa.a(16): ItemStore: getItems RPC failed.
08-30 11:24:23.904  1846  1970 E Finsky  : [4231] mpa.a(16): ItemStore: getItems RPC failed.
08-30 11:24:23.905  1846  1936 E Finsky  : [4227] mpa.a(16): ItemStore: getItems RPC failed.
08-30 11:24:23.905  1846  1969 E Finsky  : [4230] mpa.a(16): ItemStore: getItems RPC failed.
08-30 11:24:23.905  1846  1970 E Finsky  : [4231] mpa.a(16): ItemStore: getItems RPC failed.
08-30 11:24:23.905  1846  1918 E Finsky  : [4221] mpa.a(16): ItemStore: getItems RPC failed.
08-30 11:24:23.905  1846  1936 E Finsky  : [4227] mpa.a(16): ItemStore: getItems RPC failed.
08-30 11:24:23.905  1846  1969 E Finsky  : [4230] mpa.a(16): ItemStore: getItems RPC failed.
08-30 11:24:23.906  1846  1918 E Finsky  : [4221] mpa.a(16): ItemStore: getItems RPC failed.
08-30 11:24:23.906  1846  1936 E Finsky  : [4227] mpa.a(16): ItemStore: getItems RPC failed.
08-30 11:24:23.906  1846  1970 E Finsky  : [4231] mpa.a(16): ItemStore: getItems RPC failed.
08-30 11:24:23.906  1846  1918 E Finsky  : [4221] mpa.a(16): ItemStore: getItems RPC failed.
08-30 11:24:23.906  1846  1969 E Finsky  : [4230] mpa.a(16): ItemStore: getItems RPC failed.
08-30 11:24:23.906  1846  1936 E Finsky  : [4227] mpa.a(16): ItemStore: getItems RPC failed.
08-30 11:24:23.906  1846  1970 E Finsky  : [4231] mpa.a(16): ItemStore: getItems RPC failed.
08-30 11:24:23.907  1846  1918 E Finsky  : [4221] mpa.a(16): ItemStore: getItems RPC failed.
08-30 11:24:23.907  1846  1969 E Finsky  : [4230] mpa.a(16): ItemStore: getItems RPC failed.
08-30 11:24:23.907  1846  1936 E Finsky  : [4227] mpa.a(16): ItemStore: getItems RPC failed.
08-30 11:24:23.907  1846  1918 E Finsky  : [4221] mpa.a(16): ItemStore: getItems RPC failed.
08-30 11:24:23.907  1846  1969 E Finsky  : [4230] mpa.a(16): ItemStore: getItems RPC failed.
08-30 11:24:23.907  1846  1970 E Finsky  : [4231] mpa.a(16): ItemStore: getItems RPC failed.
08-30 11:24:23.907  1846  1918 E Finsky  : [4221] mpa.a(16): ItemStore: getItems RPC failed.
08-30 11:24:23.908  1846  1936 E Finsky  : [4227] mpa.a(16): ItemStore: getItems RPC failed.
08-30 11:24:23.908  1846  1969 E Finsky  : [4230] mpa.a(16): ItemStore: getItems RPC failed.
08-30 11:24:23.908  1846  1970 E Finsky  : [4231] mpa.a(16): ItemStore: getItems RPC failed.
08-30 11:24:23.908  1846  1918 E Finsky  : [4221] mpa.a(16): ItemStore: getItems RPC failed.
08-30 11:24:23.908  1846  1969 E Finsky  : [4230] mpa.a(16): ItemStore: getItems RPC failed.
08-30 11:24:23.908  1846  1970 E Finsky  : [4231] mpa.a(16): ItemStore: getItems RPC failed.
08-30 11:24:23.908  1846  1936 E Finsky  : [4227] mpa.a(16): ItemStore: getItems RPC failed.
08-30 11:24:23.909  1846  1918 E Finsky  : [4221] mpa.a(16): ItemStore: getItems RPC failed.
08-30 11:24:23.909  1846  1970 E Finsky  : [4231] mpa.a(16): ItemStore: getItems RPC failed.
08-30 11:24:23.909  1846  1969 E Finsky  : [4230] mpa.a(16): ItemStore: getItems RPC failed.
08-30 11:24:23.909  1846  1918 E Finsky  : [4221] mpa.a(16): ItemStore: getItems RPC failed.
08-30 11:24:23.909  1846  1936 E Finsky  : [4227] mpa.a(16): ItemStore: getItems RPC failed.
08-30 11:24:23.909  1846  1969 E Finsky  : [4230] mpa.a(16): ItemStore: getItems RPC failed.
08-30 11:24:23.910  1846  1918 E Finsky  : [4221] mpa.a(16): ItemStore: getItems RPC failed.
08-30 11:24:23.910  1846  1936 E Finsky  : [4227] mpa.a(16): ItemStore: getItems RPC failed.
08-30 11:24:23.910  1846  1970 E Finsky  : [4231] mpa.a(16): ItemStore: getItems RPC failed.
08-30 11:24:23.910  1846  1969 E Finsky  : [4230] mpa.a(16): ItemStore: getItems RPC failed.
08-30 11:24:23.910  1846  1918 E Finsky  : [4221] mpa.a(16): ItemStore: getItems RPC failed.
08-30 11:24:23.910  1846  1936 E Finsky  : [4227] mpa.a(16): ItemStore: getItems RPC failed.
08-30 11:24:23.910  1846  1969 E Finsky  : [4230] mpa.a(16): ItemStore: getItems RPC failed.
08-30 11:24:23.911  1846  1970 E Finsky  : [4231] mpa.a(16): ItemStore: getItems RPC failed.
08-30 11:24:23.911  1846  1918 E Finsky  : [4221] mpa.a(16): ItemStore: getItems RPC failed.
08-30 11:24:23.911  1846  1936 E Finsky  : [4227] mpa.a(16): ItemStore: getItems RPC failed.
08-30 11:24:23.911  1846  1970 E Finsky  : [4231] mpa.a(16): ItemStore: getItems RPC failed.
08-30 11:24:23.911  1846  1969 E Finsky  : [4230] mpa.a(16): ItemStore: getItems RPC failed.
08-30 11:24:23.912  1846  1936 E Finsky  : [4227] mpa.a(16): ItemStore: getItems RPC failed.
08-30 11:24:23.912  1846  1918 E Finsky  : [4221] mpa.a(16): ItemStore: getItems RPC failed.
08-30 11:24:23.912  1846  1969 E Finsky  : [4230] mpa.a(16): ItemStore: getItems RPC failed.
08-30 11:24:23.912  1846  1918 E Finsky  : [4221] mpa.a(16): ItemStore: getItems RPC failed.
08-30 11:24:23.912  1846  1936 E Finsky  : [4227] mpa.a(16): ItemStore: getItems RPC failed.
08-30 11:24:23.913  1846  1918 E Finsky  : [4221] mpa.a(16): ItemStore: getItems RPC failed.
08-30 11:24:23.913  1846  1969 E Finsky  : [4230] mpa.a(16): ItemStore: getItems RPC failed.
08-30 11:24:23.913  1846  1936 E Finsky  : [4227] mpa.a(16): ItemStore: getItems RPC failed.
08-30 11:24:23.913  1846  1918 E Finsky  : [4221] mpa.a(16): ItemStore: getItems RPC failed.
08-30 11:24:23.913  1846  1936 E Finsky  : [4227] mpa.a(16): ItemStore: getItems RPC failed.
08-30 11:24:23.913  1846  1969 E Finsky  : [4230] mpa.a(16): ItemStore: getItems RPC failed.
08-30 11:24:23.914  1846  1918 E Finsky  : [4221] mpa.a(16): ItemStore: getItems RPC failed.
08-30 11:24:23.914  1846  1970 E Finsky  : [4231] mpa.a(16): ItemStore: getItems RPC failed.
08-30 11:24:23.914  1846  1969 E Finsky  : [4230] mpa.a(16): ItemStore: getItems RPC failed.
08-30 11:24:23.914  1846  1936 E Finsky  : [4227] mpa.a(16): ItemStore: getItems RPC failed.
08-30 11:24:23.914  1846  1970 E Finsky  : [4231] mpa.a(16): ItemStore: getItems RPC failed.
08-30 11:24:23.914  1846  1918 E Finsky  : [4221] mpa.a(16): ItemStore: getItems RPC failed.
08-30 11:24:23.915  1846  1936 E Finsky  : [4227] mpa.a(16): ItemStore: getItems RPC failed.
08-30 11:24:23.915  1846  1969 E Finsky  : [4230] mpa.a(16): ItemStore: getItems RPC failed.
08-30 11:24:23.915  1846  1918 E Finsky  : [4221] mpa.a(16): ItemStore: getItems RPC failed.
08-30 11:24:23.915  1846  1970 E Finsky  : [4231] mpa.a(16): ItemStore: getItems RPC failed.
08-30 11:24:23.915  1846  1936 E Finsky  : [4227] mpa.a(16): ItemStore: getItems RPC failed.
08-30 11:24:23.915  1846  1969 E Finsky  : [4230] mpa.a(16): ItemStore: getItems RPC failed.
08-30 11:24:23.915  1846  1970 E Finsky  : [4231] mpa.a(16): ItemStore: getItems RPC failed.
08-30 11:24:23.916  1846  1918 E Finsky  : [4221] mpa.a(16): ItemStore: getItems RPC failed.
08-30 11:24:23.916  1846  1936 E Finsky  : [4227] mpa.a(16): ItemStore: getItems RPC failed.
08-30 11:24:23.916  1846  1970 E Finsky  : [4231] mpa.a(16): ItemStore: getItems RPC failed.
08-30 11:24:23.916  1846  1918 E Finsky  : [4221] mpa.a(16): ItemStore: getItems RPC failed.
08-30 11:24:23.916  1846  1969 E Finsky  : [4230] mpa.a(16): ItemStore: getItems RPC failed.
08-30 11:24:23.916  1846  1936 E Finsky  : [4227] mpa.a(16): ItemStore: getItems RPC failed.
08-30 11:24:23.916  1846  1970 E Finsky  : [4231] mpa.a(16): ItemStore: getItems RPC failed.
08-30 11:24:23.917  1846  1918 E Finsky  : [4221] mpa.a(16): ItemStore: getItems RPC failed.
08-30 11:24:23.917  1846  1936 E Finsky  : [4227] mpa.a(16): ItemStore: getItems RPC failed.
08-30 11:24:23.917  1846  1969 E Finsky  : [4230] mpa.a(16): ItemStore: getItems RPC failed.
08-30 11:24:23.917  1846  1970 E Finsky  : [4231] mpa.a(16): ItemStore: getItems RPC failed.
08-30 11:24:23.917  1846  1918 E Finsky  : [4221] mpa.a(16): ItemStore: getItems RPC failed.
08-30 11:24:23.917  1846  1936 E Finsky  : [4227] mpa.a(16): ItemStore: getItems RPC failed.
08-30 11:24:23.918  1846  1969 E Finsky  : [4230] mpa.a(16): ItemStore: getItems RPC failed.
08-30 11:24:23.918  1846  1970 E Finsky  : [4231] mpa.a(16): ItemStore: getItems RPC failed.
08-30 11:24:23.918  1846  1936 E Finsky  : [4227] mpa.a(16): ItemStore: getItems RPC failed.
08-30 11:24:23.918  1846  1918 E Finsky  : [4221] mpa.a(16): ItemStore: getItems RPC failed.
08-30 11:24:23.918  1846  1969 E Finsky  : [4230] mpa.a(16): ItemStore: getItems RPC failed.
08-30 11:24:23.918  1846  1970 E Finsky  : [4231] mpa.a(16): ItemStore: getItems RPC failed.
08-30 11:24:23.918  1846  1936 E Finsky  : [4227] mpa.a(16): ItemStore: getItems RPC failed.
08-30 11:24:23.918  1846  1918 E Finsky  : [4221] mpa.a(16): ItemStore: getItems RPC failed.
08-30 11:24:23.919  1846  1969 E Finsky  : [4230] mpa.a(16): ItemStore: getItems RPC failed.
08-30 11:24:23.919  1846  1936 E Finsky  : [4227] mpa.a(16): ItemStore: getItems RPC failed.
08-30 11:24:23.919  1846  1918 E Finsky  : [4221] mpa.a(16): ItemStore: getItems RPC failed.
08-30 11:24:23.919  1846  1969 E Finsky  : [4230] mpa.a(16): ItemStore: getItems RPC failed.
08-30 11:24:23.919  1846  1970 E Finsky  : [4231] mpa.a(16): ItemStore: getItems RPC failed.
08-30 11:24:23.919  1846  1936 E Finsky  : [4227] mpa.a(16): ItemStore: getItems RPC failed.
08-30 11:24:23.920  1846  1918 E Finsky  : [4221] mpa.a(16): ItemStore: getItems RPC failed.
08-30 11:24:23.920  1846  1970 E Finsky  : [4231] mpa.a(16): ItemStore: getItems RPC failed.
08-30 11:24:23.920  1846  1969 E Finsky  : [4230] mpa.a(16): ItemStore: getItems RPC failed.
08-30 11:24:23.920  1846  1936 E Finsky  : [4227] mpa.a(16): ItemStore: getItems RPC failed.
08-30 11:24:23.920  1846  1918 E Finsky  : [4221] mpa.a(16): ItemStore: getItems RPC failed.
08-30 11:24:23.920  1846  1970 E Finsky  : [4231] mpa.a(16): ItemStore: getItems RPC failed.
08-30 11:24:23.921  1846  1969 E Finsky  : [4230] mpa.a(16): ItemStore: getItems RPC failed.
08-30 11:24:23.921  1846  1970 E Finsky  : [4231] mpa.a(16): ItemStore: getItems RPC failed.
08-30 11:24:23.921  1846  1936 E Finsky  : [4227] mpa.a(16): ItemStore: getItems RPC failed.
08-30 11:24:23.921  1846  1918 E Finsky  : [4221] mpa.a(16): ItemStore: getItems RPC failed.
08-30 11:24:23.921  1846  1970 E Finsky  : [4231] mpa.a(16): ItemStore: getItems RPC failed.
08-30 11:24:23.921  1846  1936 E Finsky  : [4227] mpa.a(16): ItemStore: getItems RPC failed.
08-30 11:24:23.921  1846  1918 E Finsky  : [4221] mpa.a(16): ItemStore: getItems RPC failed.
08-30 11:24:23.922  1846  1969 E Finsky  : [4230] mpa.a(16): ItemStore: getItems RPC failed.
08-30 11:24:23.922  1846  1918 E Finsky  : [4221] mpa.a(16): ItemStore: getItems RPC failed.
08-30 11:24:23.922  1846  1969 E Finsky  : [4230] mpa.a(16): ItemStore: getItems RPC failed.
08-30 11:24:23.923  1846  1970 E Finsky  : [4231] mpa.a(16): ItemStore: getItems RPC failed.
08-30 11:24:23.923  1846  1918 E Finsky  : [4221] mpa.a(16): ItemStore: getItems RPC failed.
08-30 11:24:23.923  1846  1969 E Finsky  : [4230] mpa.a(16): ItemStore: getItems RPC failed.
08-30 11:24:23.923  1846  1970 E Finsky  : [4231] mpa.a(16): ItemStore: getItems RPC failed.
08-30 11:24:23.923  1846  1969 E Finsky  : [4230] mpa.a(16): ItemStore: getItems RPC failed.
08-30 11:24:23.923  1846  1918 E Finsky  : [4221] mpa.a(16): ItemStore: getItems RPC failed.
08-30 11:24:23.924  1846  1969 E Finsky  : [4230] mpa.a(16): ItemStore: getItems RPC failed.
08-30 11:24:23.924  1846  1970 E Finsky  : [4231] mpa.a(16): ItemStore: getItems RPC failed.
08-30 11:24:23.924  1846  1918 E Finsky  : [4221] mpa.a(16): ItemStore: getItems RPC failed.
08-30 11:24:23.924  1846  1969 E Finsky  : [4230] mpa.a(16): ItemStore: getItems RPC failed.
08-30 11:24:23.925  1846  1918 E Finsky  : [4221] mpa.a(16): ItemStore: getItems RPC failed.
08-30 11:24:23.925  1846  1970 E Finsky  : [4231] mpa.a(16): ItemStore: getItems RPC failed.
08-30 11:24:23.925  1846  1918 E Finsky  : [4221] mpa.a(16): ItemStore: getItems RPC failed.
08-30 11:24:23.925  1846  1969 E Finsky  : [4230] mpa.a(16): ItemStore: getItems RPC failed.
08-30 11:24:23.925  1846  1970 E Finsky  : [4231] mpa.a(16): ItemStore: getItems RPC failed.
08-30 11:24:23.925  1846  1969 E Finsky  : [4230] mpa.a(16): ItemStore: getItems RPC failed.
08-30 11:24:23.926  1846  1918 E Finsky  : [4221] mpa.a(16): ItemStore: getItems RPC failed.
08-30 11:24:23.926  1846  1969 E Finsky  : [4230] mpa.a(16): ItemStore: getItems RPC failed.
08-30 11:24:23.926  1846  1918 E Finsky  : [4221] mpa.a(16): ItemStore: getItems RPC failed.
08-30 11:24:23.926  1846  1970 E Finsky  : [4231] mpa.a(16): ItemStore: getItems RPC failed.
08-30 11:24:23.927  1846  1969 E Finsky  : [4230] mpa.a(16): ItemStore: getItems RPC failed.
08-30 11:24:23.927  1846  1918 E Finsky  : [4221] mpa.a(16): ItemStore: getItems RPC failed.
08-30 11:24:23.927  1846  1970 E Finsky  : [4231] mpa.a(16): ItemStore: getItems RPC failed.
08-30 11:24:23.927  1846  1969 E Finsky  : [4230] mpa.a(16): ItemStore: getItems RPC failed.
08-30 11:24:23.927  1846  1918 E Finsky  : [4221] mpa.a(16): ItemStore: getItems RPC failed.
08-30 11:24:23.928  1846  1970 E Finsky  : [4231] mpa.a(16): ItemStore: getItems RPC failed.
08-30 11:24:23.928  1846  1918 E Finsky  : [4221] mpa.a(16): ItemStore: getItems RPC failed.
08-30 11:24:23.928  1846  1969 E Finsky  : [4230] mpa.a(16): ItemStore: getItems RPC failed.
08-30 11:24:23.928  1846  1918 E Finsky  : [4221] mpa.a(16): ItemStore: getItems RPC failed.
08-30 11:24:23.928  1846  1969 E Finsky  : [4230] mpa.a(16): ItemStore: getItems RPC failed.
08-30 11:24:23.929  1846  1970 E Finsky  : [4231] mpa.a(16): ItemStore: getItems RPC failed.
08-30 11:24:23.929  1846  1918 E Finsky  : [4221] mpa.a(16): ItemStore: getItems RPC failed.
08-30 11:24:23.929  1846  1969 E Finsky  : [4230] mpa.a(16): ItemStore: getItems RPC failed.
08-30 11:24:23.929  1846  1970 E Finsky  : [4231] mpa.a(16): ItemStore: getItems RPC failed.
08-30 11:24:23.929  1846  1918 E Finsky  : [4221] mpa.a(16): ItemStore: getItems RPC failed.
08-30 11:24:23.929  1846  1969 E Finsky  : [4230] mpa.a(16): ItemStore: getItems RPC failed.
08-30 11:24:23.930  1846  1918 E Finsky  : [4221] mpa.a(16): ItemStore: getItems RPC failed.
08-30 11:24:23.930  1846  1969 E Finsky  : [4230] mpa.a(16): ItemStore: getItems RPC failed.
08-30 11:24:23.930  1846  1970 E Finsky  : [4231] mpa.a(16): ItemStore: getItems RPC failed.
08-30 11:24:23.930  1846  1918 E Finsky  : [4221] mpa.a(16): ItemStore: getItems RPC failed.
08-30 11:24:23.930  1846  1970 E Finsky  : [4231] mpa.a(16): ItemStore: getItems RPC failed.
08-30 11:24:23.931  1846  1969 E Finsky  : [4230] mpa.a(16): ItemStore: getItems RPC failed.
08-30 11:24:23.931  1846  1970 E Finsky  : [4231] mpa.a(16): ItemStore: getItems RPC failed.
08-30 11:24:23.931  1846  1918 E Finsky  : [4221] mpa.a(16): ItemStore: getItems RPC failed.
08-30 11:24:23.931  1846  1969 E Finsky  : [4230] mpa.a(16): ItemStore: getItems RPC failed.
08-30 11:24:23.932  1846  1918 E Finsky  : [4221] mpa.a(16): ItemStore: getItems RPC failed.
08-30 11:24:23.932  1846  1969 E Finsky  : [4230] mpa.a(16): ItemStore: getItems RPC failed.
08-30 11:24:23.932  1846  1936 E Finsky  : [4227] mpa.a(16): ItemStore: getItems RPC failed.
08-30 11:24:23.932  1846  1918 E Finsky  : [4221] mpa.a(16): ItemStore: getItems RPC failed.
08-30 11:24:23.933  1846  1969 E Finsky  : [4230] mpa.a(16): ItemStore: getItems RPC failed.
