08-30 11:24:23.933  1846  1936 E Finsky  : [4227] mpa.a(16): ItemStore: getItems RPC failed.
08-30 11:24:23.933  1846  1918 E Finsky  : [4221] mpa.a(16): ItemStore: getItems RPC failed.
08-30 11:24:23.933  1846  1969 E Finsky  : [4230] mpa.a(16): ItemStore: getItems RPC failed.
08-30 11:24:23.933  1846  1936 E Finsky  : [4227] mpa.a(16): ItemStore: getItems RPC failed.
08-30 11:24:23.933  1846  1918 E Finsky  : [4221] mpa.a(16): ItemStore: getItems RPC failed.
08-30 11:24:27.766  2682  3066 E PowerMonitor: exception In sysProcTransDectect java.lang.NoSuchMethodException: vivoGetNetworkStatsUidDetailWithPackInfo [int]
08-30 11:24:27.782  1724  3765 I chatty  : uid=1000(system) Binder:1724_10 expire 6 lines
08-30 11:24:27.870  2434  2804 E libc    : Access denied finding property "ro.vendor.vivo.serialno"
08-30 11:24:32.807  1007  1109 E storaged: getDiskStats failed with result NOT_SUPPORTED and size 0
08-30 11:24:46.273 29067 29255 E MSF.C.NetConnTag.true: conn is already closed on readError closeConn socketEngineID: 0 socket hashcode: 0java.lang.Throwable
08-30 11:24:46.273 29067 29255 E MSF.C.NetConnTag.true: 	at com.tencent.mobileqq.msf.core.net.m.b(P:27)
08-30 11:24:46.273 29067 29255 E MSF.C.NetConnTag.true: 	at com.tencent.mobileqq.msf.core.net.m$b.run(P:24)
08-30 11:24:46.273 29067 29255 E SocketReaderNewtrue: socketEngine: 0socket hashCode: 0SocketReader(4178) errorjava.net.SocketException: Socket is closed
08-30 11:25:16.286 29067 29255 E MSF.C.NetConnTag.true: conn is already closed on readError closeConn socketEngineID: 0 socket hashcode: 0java.lang.Throwable
08-30 11:25:16.286 29067 29255 E MSF.C.NetConnTag.true: 	at com.tencent.mobileqq.msf.core.net.m.b(P:27)
08-30 11:25:16.286 29067 29255 E MSF.C.NetConnTag.true: 	at com.tencent.mobileqq.msf.core.net.m$b.run(P:24)
08-30 11:25:16.286 29067 29255 E SocketReaderNewtrue: socketEngine: 0socket hashCode: 0SocketReader(4178) errorjava.net.SocketException: Socket is closed
08-30 11:25:32.813  1007  1109 E storaged: getDiskStats failed with result NOT_SUPPORTED and size 0
08-30 11:25:46.299 29067 29255 E MSF.C.NetConnTag.true: conn is already closed on readError closeConn socketEngineID: 0 socket hashcode: 0java.lang.Throwable
08-30 11:25:46.299 29067 29255 E MSF.C.NetConnTag.true: 	at com.tencent.mobileqq.msf.core.net.m.b(P:27)
08-30 11:25:46.299 29067 29255 E MSF.C.NetConnTag.true: 	at com.tencent.mobileqq.msf.core.net.m$b.run(P:24)
08-30 11:25:46.300 29067 29255 E SocketReaderNewtrue: socketEngine: 0socket hashCode: 0SocketReader(4178) errorjava.net.SocketException: Socket is closed
08-30 11:25:50.549  4240  4357 E BitmapFactory: Unable to decode stream: java.io.FileNotFoundException: /oem/etc/theme/icons/dynamic_icon/com.android.BBKClock/res/drawable-sw360dp-xxhdpi/clock_hour.png (No such file or directory)
08-30 11:25:50.553  4240  4357 E BitmapFactory: Unable to decode stream: java.io.FileNotFoundException: /oem/etc/theme/icons/dynamic_icon/com.android.BBKClock/res/drawable-sw360dp-xxhdpi/clock_minute.png (No such file or directory)
08-30 11:25:50.555  4240  4357 E BitmapFactory: Unable to decode stream: java.io.FileNotFoundException: /oem/etc/theme/icons/dynamic_icon/com.android.BBKClock/res/drawable-sw360dp-xxhdpi/clock_dial.png (No such file or directory)
08-30 11:25:50.564  4240  4357 E BitmapFactory: Unable to decode stream: java.io.FileNotFoundException: /oem/etc/theme/icons/dynamic_icon/com.android.BBKClock/res/drawable-sw360dp-xxhdpi/clock_dial_center.png (No such file or directory)
08-30 11:26:16.313 29067 29255 E MSF.C.NetConnTag.true: conn is already closed on readError closeConn socketEngineID: 0 socket hashcode: 0java.lang.Throwable
08-30 11:26:16.313 29067 29255 E MSF.C.NetConnTag.true: 	at com.tencent.mobileqq.msf.core.net.m.b(P:27)
08-30 11:26:16.313 29067 29255 E MSF.C.NetConnTag.true: 	at com.tencent.mobileqq.msf.core.net.m$b.run(P:24)
08-30 11:26:16.314 29067 29255 E SocketReaderNewtrue: socketEngine: 0socket hashCode: 0SocketReader(4178) errorjava.net.SocketException: Socket is closed
08-30 11:26:32.817  1007  1109 E storaged: getDiskStats failed with result NOT_SUPPORTED and size 0
08-30 11:26:33.397   992  1195 E Netd    : tether checkPermission, pid:1724 uid:1000
08-30 11:26:33.559  4240  4357 E BitmapFactory: Unable to decode stream: java.io.FileNotFoundException: /oem/etc/theme/icons/dynamic_icon/com.android.BBKClock/res/drawable-sw360dp-xxhdpi/clock_hour.png (No such file or directory)
08-30 11:26:33.561  4240  4357 E BitmapFactory: Unable to decode stream: java.io.FileNotFoundException: /oem/etc/theme/icons/dynamic_icon/com.android.BBKClock/res/drawable-sw360dp-xxhdpi/clock_minute.png (No such file or directory)
08-30 11:26:33.564  4240  4357 E BitmapFactory: Unable to decode stream: java.io.FileNotFoundException: /oem/etc/theme/icons/dynamic_icon/com.android.BBKClock/res/drawable-sw360dp-xxhdpi/clock_dial.png (No such file or directory)
08-30 11:26:33.570  4240  4357 E BitmapFactory: Unable to decode stream: java.io.FileNotFoundException: /oem/etc/theme/icons/dynamic_icon/com.android.BBKClock/res/drawable-sw360dp-xxhdpi/clock_dial_center.png (No such file or directory)
08-30 11:26:33.724  4240  4357 E BitmapFactory: Unable to decode stream: java.io.FileNotFoundException: /oem/etc/theme/icons/dynamic_icon/com.android.BBKClock/res/drawable-sw360dp-xxhdpi/clock_hour.png (No such file or directory)
08-30 11:26:33.725  4240  4357 E BitmapFactory: Unable to decode stream: java.io.FileNotFoundException: /oem/etc/theme/icons/dynamic_icon/com.android.BBKClock/res/drawable-sw360dp-xxhdpi/clock_minute.png (No such file or directory)
08-30 11:26:33.726  4240  4357 E BitmapFactory: Unable to decode stream: java.io.FileNotFoundException: /oem/etc/theme/icons/dynamic_icon/com.android.BBKClock/res/drawable-sw360dp-xxhdpi/clock_dial.png (No such file or directory)
08-30 11:26:33.729  4240  4357 E BitmapFactory: Unable to decode stream: java.io.FileNotFoundException: /oem/etc/theme/icons/dynamic_icon/com.android.BBKClock/res/drawable-sw360dp-xxhdpi/clock_dial_center.png (No such file or directory)
08-30 11:26:46.329 29067 29255 E MSF.C.NetConnTag.true: conn is already closed on readError closeConn socketEngineID: 0 socket hashcode: 0java.lang.Throwable
08-30 11:26:46.329 29067 29255 E MSF.C.NetConnTag.true: 	at com.tencent.mobileqq.msf.core.net.m.b(P:27)
08-30 11:26:46.329 29067 29255 E MSF.C.NetConnTag.true: 	at com.tencent.mobileqq.msf.core.net.m$b.run(P:24)
08-30 11:26:46.329 29067 29255 E SocketReaderNewtrue: socketEngine: 0socket hashCode: 0SocketReader(4178) errorjava.net.SocketException: Socket is closed
08-30 11:26:57.844  2682  3066 E PowerMonitor: exception In sysProcTransDectect java.lang.NoSuchMethodException: vivoGetNetworkStatsUidDetailWithPackInfo [int]
08-30 11:27:02.564  4240  4357 E BitmapFactory: Unable to decode stream: java.io.FileNotFoundException: /oem/etc/theme/icons/dynamic_icon/com.android.BBKClock/res/drawable-sw360dp-xxhdpi/clock_hour.png (No such file or directory)
08-30 11:27:02.566  4240  4357 E BitmapFactory: Unable to decode stream: java.io.FileNotFoundException: /oem/etc/theme/icons/dynamic_icon/com.android.BBKClock/res/drawable-sw360dp-xxhdpi/clock_minute.png (No such file or directory)
08-30 11:27:02.567  4240  4357 E BitmapFactory: Unable to decode stream: java.io.FileNotFoundException: /oem/etc/theme/icons/dynamic_icon/com.android.BBKClock/res/drawable-sw360dp-xxhdpi/clock_dial.png (No such file or directory)
08-30 11:27:02.574  4240  4357 E BitmapFactory: Unable to decode stream: java.io.FileNotFoundException: /oem/etc/theme/icons/dynamic_icon/com.android.BBKClock/res/drawable-sw360dp-xxhdpi/clock_dial_center.png (No such file or directory)
08-30 11:27:16.336 29067 29255 E MSF.C.NetConnTag.true: conn is already closed on readError closeConn socketEngineID: 0 socket hashcode: 0java.lang.Throwable
08-30 11:27:16.336 29067 29255 E MSF.C.NetConnTag.true: 	at com.tencent.mobileqq.msf.core.net.m.b(P:27)
08-30 11:27:16.336 29067 29255 E MSF.C.NetConnTag.true: 	at com.tencent.mobileqq.msf.core.net.m$b.run(P:24)
08-30 11:27:16.336 29067 29255 E SocketReaderNewtrue: socketEngine: 0socket hashCode: 0SocketReader(4178) errorjava.net.SocketException: Socket is closed
08-30 11:27:16.852 18939 19336 E memtrack: Couldn't load memtrack module
08-30 11:27:20.497 18581 18830 E memtrack: Couldn't load memtrack module
08-30 11:27:32.819  1007  1109 E storaged: getDiskStats failed with result NOT_SUPPORTED and size 0
08-30 11:27:46.351 29067 29255 E MSF.C.NetConnTag.true: conn is already closed on readError closeConn socketEngineID: 0 socket hashcode: 0java.lang.Throwable
08-30 11:27:46.351 29067 29255 E MSF.C.NetConnTag.true: 	at com.tencent.mobileqq.msf.core.net.m.b(P:27)
08-30 11:27:46.351 29067 29255 E MSF.C.NetConnTag.true: 	at com.tencent.mobileqq.msf.core.net.m$b.run(P:24)
08-30 11:27:46.352 29067 29255 E SocketReaderNewtrue: socketEngine: 0socket hashCode: 0SocketReader(4178) errorjava.net.SocketException: Socket is closed
08-30 11:28:04.840  2434  2924 E libc    : Access denied finding property "ro.vendor.vivo.serialno"
08-30 11:28:16.364 29067 29255 E MSF.C.NetConnTag.true: conn is already closed on readError closeConn socketEngineID: 0 socket hashcode: 0java.lang.Throwable
08-30 11:28:16.364 29067 29255 E MSF.C.NetConnTag.true: 	at com.tencent.mobileqq.msf.core.net.m.b(P:27)
08-30 11:28:16.364 29067 29255 E MSF.C.NetConnTag.true: 	at com.tencent.mobileqq.msf.core.net.m$b.run(P:24)
08-30 11:28:16.364 29067 29255 E SocketReaderNewtrue: socketEngine: 0socket hashCode: 0SocketReader(4178) errorjava.net.SocketException: Socket is closed
08-30 11:28:32.443  4240  4357 E BitmapFactory: Unable to decode stream: java.io.FileNotFoundException: /oem/etc/theme/icons/dynamic_icon/com.android.BBKClock/res/drawable-sw360dp-xxhdpi/clock_hour.png (No such file or directory)
08-30 11:28:32.446  4240  4357 E BitmapFactory: Unable to decode stream: java.io.FileNotFoundException: /oem/etc/theme/icons/dynamic_icon/com.android.BBKClock/res/drawable-sw360dp-xxhdpi/clock_minute.png (No such file or directory)
08-30 11:28:32.448  4240  4357 E BitmapFactory: Unable to decode stream: java.io.FileNotFoundException: /oem/etc/theme/icons/dynamic_icon/com.android.BBKClock/res/drawable-sw360dp-xxhdpi/clock_dial.png (No such file or directory)
08-30 11:28:32.455  4240  4357 E BitmapFactory: Unable to decode stream: java.io.FileNotFoundException: /oem/etc/theme/icons/dynamic_icon/com.android.BBKClock/res/drawable-sw360dp-xxhdpi/clock_dial_center.png (No such file or directory)
08-30 11:28:32.824  1007  1109 E storaged: getDiskStats failed with result NOT_SUPPORTED and size 0
08-30 11:28:46.380 29067 29255 E MSF.C.NetConnTag.true: conn is already closed on readError closeConn socketEngineID: 0 socket hashcode: 0java.lang.Throwable
08-30 11:28:46.380 29067 29255 E MSF.C.NetConnTag.true: 	at com.tencent.mobileqq.msf.core.net.m.b(P:27)
08-30 11:28:46.380 29067 29255 E MSF.C.NetConnTag.true: 	at com.tencent.mobileqq.msf.core.net.m$b.run(P:24)
08-30 11:28:46.380 29067 29255 E SocketReaderNewtrue: socketEngine: 0socket hashCode: 0SocketReader(4178) errorjava.net.SocketException: Socket is closed
08-30 11:29:16.395 29067 29255 E MSF.C.NetConnTag.true: conn is already closed on readError closeConn socketEngineID: 0 socket hashcode: 0java.lang.Throwable
08-30 11:29:16.395 29067 29255 E MSF.C.NetConnTag.true: 	at com.tencent.mobileqq.msf.core.net.m.b(P:27)
08-30 11:29:16.395 29067 29255 E MSF.C.NetConnTag.true: 	at com.tencent.mobileqq.msf.core.net.m$b.run(P:24)
08-30 11:29:16.395 29067 29255 E SocketReaderNewtrue: socketEngine: 0socket hashCode: 0SocketReader(4178) errorjava.net.SocketException: Socket is closed
08-30 11:29:18.978  1724  2054 I chatty  : uid=1000(system) InputReader expire 2 lines
08-30 11:29:19.032   685   685 I chatty  : uid=1000(system) sensors@1.0-ser expire 1 line
08-30 11:29:19.039   685   891 I chatty  : uid=1000(system) sensors@1.0-ser expire 6 lines
08-30 11:29:19.045  1724  2184 E DisplayPowerState: run changed=false mNightPearlManager is null! or state != Display.STATE_OFF
08-30 11:29:19.049   684   684 E QTI PowerHAL: Failed to acquire lock.
08-30 11:29:19.179  4240  4357 E BitmapFactory: Unable to decode stream: java.io.FileNotFoundException: /oem/etc/theme/icons/dynamic_icon/com.android.BBKClock/res/drawable-sw360dp-xxhdpi/clock_hour.png (No such file or directory)
08-30 11:29:19.180  4240  4357 E BitmapFactory: Unable to decode stream: java.io.FileNotFoundException: /oem/etc/theme/icons/dynamic_icon/com.android.BBKClock/res/drawable-sw360dp-xxhdpi/clock_minute.png (No such file or directory)
08-30 11:29:19.184  4240  4357 E BitmapFactory: Unable to decode stream: java.io.FileNotFoundException: /oem/etc/theme/icons/dynamic_icon/com.android.BBKClock/res/drawable-sw360dp-xxhdpi/clock_dial.png (No such file or directory)
08-30 11:29:19.187  4240  4357 E BitmapFactory: Unable to decode stream: java.io.FileNotFoundException: /oem/etc/theme/icons/dynamic_icon/com.android.BBKClock/res/drawable-sw360dp-xxhdpi/clock_dial_center.png (No such file or directory)
08-30 11:29:19.291   704   704 E libc    : Access denied finding property "ro.product.model.bbk"
08-30 11:29:19.343  1724  2184 E DisplayPowerState: run changed=true mNightPearlManager is null! or state != Display.STATE_OFF
08-30 11:29:19.361  1106  1106 E [gf_ca_entry] : [gx_ta_send_modified_cmd_req] begin, token = 93, cmd_id = 1021
08-30 11:29:19.363  1106  1106 E libc    : Access denied finding property "gf.debug.dump_qseelog_data"
08-30 11:29:19.372  1106  1106 E gf_ca_entry: Qsee log info, log length=1661, logbuf index=1661, log dump level=GF_LOG_DEBUG, g_logdump_level=3
08-30 11:29:19.913  4240  4357 E BitmapFactory: Unable to decode stream: java.io.FileNotFoundException: /oem/etc/theme/icons/dynamic_icon/com.android.BBKClock/res/drawable-sw360dp-xxhdpi/clock_hour.png (No such file or directory)
08-30 11:29:19.914  4240  4357 E BitmapFactory: Unable to decode stream: java.io.FileNotFoundException: /oem/etc/theme/icons/dynamic_icon/com.android.BBKClock/res/drawable-sw360dp-xxhdpi/clock_minute.png (No such file or directory)
08-30 11:29:19.914  4240  4357 E BitmapFactory: Unable to decode stream: java.io.FileNotFoundException: /oem/etc/theme/icons/dynamic_icon/com.android.BBKClock/res/drawable-sw360dp-xxhdpi/clock_dial.png (No such file or directory)
08-30 11:29:19.917  4240  4357 E BitmapFactory: Unable to decode stream: java.io.FileNotFoundException: /oem/etc/theme/icons/dynamic_icon/com.android.BBKClock/res/drawable-sw360dp-xxhdpi/clock_dial_center.png (No such file or directory)
08-30 11:29:20.013  4240  4357 E BitmapFactory: Unable to decode stream: java.io.FileNotFoundException: /oem/etc/theme/icons/dynamic_icon/com.android.BBKClock/res/drawable-sw360dp-xxhdpi/clock_hour.png (No such file or directory)
08-30 11:29:20.014  4240  4357 E BitmapFactory: Unable to decode stream: java.io.FileNotFoundException: /oem/etc/theme/icons/dynamic_icon/com.android.BBKClock/res/drawable-sw360dp-xxhdpi/clock_minute.png (No such file or directory)
08-30 11:29:20.015  4240  4357 E BitmapFactory: Unable to decode stream: java.io.FileNotFoundException: /oem/etc/theme/icons/dynamic_icon/com.android.BBKClock/res/drawable-sw360dp-xxhdpi/clock_dial.png (No such file or directory)
08-30 11:29:20.018  4240  4357 E BitmapFactory: Unable to decode stream: java.io.FileNotFoundException: /oem/etc/theme/icons/dynamic_icon/com.android.BBKClock/res/drawable-sw360dp-xxhdpi/clock_dial_center.png (No such file or directory)
08-30 11:29:20.392   685   883 I chatty  : uid=1000(system) sensors@1.0-ser expire 11 lines
08-30 11:29:21.724  1724  2178 I chatty  : uid=1000(system) AutobacklightTh identical 18 lines
08-30 11:29:21.790   694   756 E ANDR-PERF-MPCTL: Invalid profile no. 0, total profiles 0 only
08-30 11:29:21.851   717  4080 E         : IProducerListener: malformed binder reply
08-30 11:29:21.886  1724  4404 E LockSettingsService: Failed to decrypt child profile key
08-30 11:29:21.886  1724  4404 E LockSettingsService: java.security.InvalidKeyException: Only SecretKey is supported
08-30 11:29:21.886  1724  4404 E LockSettingsService: 	at com.android.org.conscrypt.OpenSSLCipher.checkAndSetEncodedKey(OpenSSLCipher.java:462)
08-30 11:29:21.886  1724  4404 E LockSettingsService: 	at com.android.org.conscrypt.OpenSSLCipher.engineInit(OpenSSLCipher.java:296)
08-30 11:29:21.886  1724  4404 E LockSettingsService: 	at javax.crypto.Cipher.tryTransformWithProvider(Cipher.java:2980)
08-30 11:29:21.886  1724  4404 E LockSettingsService: 	at javax.crypto.Cipher.tryCombinations(Cipher.java:2891)
08-30 11:29:21.886  1724  4404 E LockSettingsService: 	at javax.crypto.Cipher$SpiAndProviderUpdater.updateAndGetSpiAndProvider(Cipher.java:2796)
08-30 11:29:21.886  1724  4404 E LockSettingsService: 	at javax.crypto.Cipher.chooseProvider(Cipher.java:773)
08-30 11:29:21.886  1724  4404 E LockSettingsService: 	at javax.crypto.Cipher.init(Cipher.java:1288)
08-30 11:29:21.886  1724  4404 E LockSettingsService: 	at javax.crypto.Cipher.init(Cipher.java:1223)
08-30 11:29:21.886  1724  4404 E LockSettingsService: 	at com.android.server.locksettings.LockSettingsService.getDecryptedPasswordForTiedProfile(LockSettingsService.java:1442)
08-30 11:29:21.886  1724  4404 E LockSettingsService: 	at com.android.server.locksettings.LockSettingsService.unlockChildProfile(LockSettingsService.java:1450)
08-30 11:29:21.886  1724  4404 E LockSettingsService: 	at com.android.server.locksettings.LockSettingsService.unlockUser(LockSettingsService.java:1505)
08-30 11:29:21.886  1724  4404 E LockSettingsService: 	at com.android.server.locksettings.LockSettingsService.spBasedDoVerifyCredential(LockSettingsService.java:2806)
08-30 11:29:21.886  1724  4404 E LockSettingsService: 	at com.android.server.locksettings.LockSettingsService.doVerifyCredential(LockSettingsService.java:2002)
08-30 11:29:21.886  1724  4404 E LockSettingsService: 	at com.android.server.locksettings.LockSettingsService.checkCredential(LockSettingsService.java:1946)
08-30 11:29:21.886  1724  4404 E LockSettingsService: 	at com.android.internal.widget.ILockSettings$Stub.onTransact(ILockSettings.java:165)
08-30 11:29:21.886  1724  4404 E LockSettingsService: 	at android.os.Binder.execTransact(Binder.java:750)
08-30 11:29:21.946   671  4200 E msm8916_platform: platform_set_codec_backend_cfg:becf: afe: Could not get ctl for mixer command - INT4_MI2S_RX Format
08-30 11:29:21.946   671  4200 E msm8916_platform: platform_check_backends_match: Invalid snd_device =
08-30 11:29:21.949   671  4200 E ACDB-LOADER: Error: ACDB_CMD_GET_AFE_COMMON_TABLE_SIZE Returned = -19
08-30 11:29:21.949   671  4200 E ACDB-LOADER: Error: ACDB AFE returned = -19
08-30 11:29:22.044   717   933 E         : IProducerListener: malformed binder reply
08-30 11:29:22.067   717   804 E         : IProducerListener: malformed binder reply
08-30 11:29:22.111   717   933 E         : IProducerListener: malformed binder reply
08-30 11:29:22.184   717   933 E         : IProducerListener: malformed binder reply
08-30 11:29:22.705   694   756 E ANDR-PERF-MPCTL: Invalid profile no. 0, total profiles 0 only
08-30 11:29:22.721  4240  4357 E BitmapFactory: Unable to decode stream: java.io.FileNotFoundException: /oem/etc/theme/icons/dynamic_icon/com.vivo.weather/res/drawable-sw360dp-xxhdpi/dynamic_weather_overcast.png (No such file or directory)
08-30 11:29:22.723  4240  4357 E BitmapFactory: Unable to decode stream: java.io.FileNotFoundException: /oem/etc/theme/icons/dynamic_icon/com.vivo.weather/res/drawable-sw360dp-xxhdpi/dynamic_weather_degree.png (No such file or directory)
08-30 11:29:22.724  4240  4357 E BitmapFactory: Unable to decode stream: java.io.FileNotFoundException: /oem/etc/theme/icons/dynamic_icon/com.vivo.weather/res/drawable-sw360dp-xxhdpi/dynamic_weather_minus.png (No such file or directory)
08-30 11:29:22.829  3168  3168 E cn.missevan: Not starting debugger since process cannot load the jdwp agent.
08-30 11:29:22.835   717  2381 E         : IProducerListener: malformed binder reply
08-30 11:29:23.466  3168  3168 E YZSDK   : ----->isDebug = false
08-30 11:29:23.499  3168  3287 E Storages: [DefaultDispatcher-worker-3] VideoCache is empty!
08-30 11:29:23.499  3168  3287 E Storages: [DefaultDispatcher-worker-3] AudioSingleCache is empty!
08-30 11:29:23.500  3168  3287 E Storages: [DefaultDispatcher-worker-3] BBPlayerCache is empty!
08-30 11:29:23.500  3168  3287 E Storages: [DefaultDispatcher-worker-3] BBPlayerAlphaVideo is empty!
08-30 11:29:23.523  3168  3168 E FileNotFoundException: [main] java.io.FileNotFoundException: /system/build.prop (Permission denied)
08-30 11:29:23.523  3168  3168 E FileNotFoundException: 	at java.io.FileInputStream.open0(Native Method)
08-30 11:29:23.523  3168  3168 E FileNotFoundException: 	at java.io.FileInputStream.open(FileInputStream.java:231)
08-30 11:29:23.523  3168  3168 E FileNotFoundException: 	at java.io.FileInputStream.<init>(FileInputStream.java:165)
08-30 11:29:23.523  3168  3168 E FileNotFoundException: 	at cn.missevan.library.util.DeviceHelper.<clinit>(SourceFile:46)
08-30 11:29:23.523  3168  3168 E FileNotFoundException: 	at cn.missevan.library.util.StatusBarUtils.setStatusBarLightMode(SourceFile:152)
08-30 11:29:23.523  3168  3168 E FileNotFoundException: 	at cn.missevan.library.util.StatusBarUtils.setStatusAndNavigationBarLightMode(SourceFile:138)
08-30 11:29:23.523  3168  3168 E FileNotFoundException: 	at cn.missevan.activity.SplashActivity.fa(SourceFile:93)
08-30 11:29:23.523  3168  3168 E FileNotFoundException: 	at cn.missevan.activity.SplashActivity.onCreate(SourceFile:36)
08-30 11:29:23.523  3168  3168 E FileNotFoundException: 	at android.app.Activity.performCreate(Activity.java:7248)
08-30 11:29:23.523  3168  3168 E FileNotFoundException: 	at android.app.Activity.performCreate(Activity.java:7239)
08-30 11:29:23.523  3168  3168 E FileNotFoundException: 	at android.app.Instrumentation.callActivityOnCreate(Instrumentation.java:1275)
08-30 11:29:23.523  3168  3168 E FileNotFoundException: 	at android.app.ActivityThread.performLaunchActivity(ActivityThread.java:3111)
08-30 11:29:23.523  3168  3168 E FileNotFoundException: 	at android.app.ActivityThread.handleLaunchActivity(ActivityThread.java:3266)
08-30 11:29:23.523  3168  3168 E FileNotFoundException: 	at android.app.servertransaction.LaunchActivityItem.execute(LaunchActivityItem.java:78)
08-30 11:29:23.523  3168  3168 E FileNotFoundException: 	at android.app.servertransaction.TransactionExecutor.executeCallbacks(TransactionExecutor.java:108)
08-30 11:29:23.523  3168  3168 E FileNotFoundException: 	at android.app.servertransaction.TransactionExecutor.execute(TransactionExecutor.java:68)
08-30 11:29:23.523  3168  3168 E FileNotFoundException: 	at android.app.ActivityThread$H.handleMessage(ActivityThread.java:2009)
08-30 11:29:23.523  3168  3168 E FileNotFoundException: 	at android.os.Handler.dispatchMessage(Handler.java:106)
08-30 11:29:23.523  3168  3168 E FileNotFoundException: 	at android.os.Looper.loop(Looper.java:224)
08-30 11:29:23.523  3168  3168 E FileNotFoundException: 	at android.app.ActivityThread.main(ActivityThread.java:7042)
08-30 11:29:23.523  3168  3168 E FileNotFoundException: 	at java.lang.reflect.Method.invoke(Native Method)
08-30 11:29:23.523  3168  3168 E FileNotFoundException: 	at com.android.internal.os.RuntimeInit$MethodAndArgsCaller.run(RuntimeInit.java:536)
08-30 11:29:23.523  3168  3168 E FileNotFoundException: 	at com.android.internal.os.ZygoteInit.main(ZygoteInit.java:868)
08-30 11:29:23.523  3168  3168 E FileNotFoundException:
08-30 11:29:23.635  3168  3168 E NowPlayingFragmentVM: [main] New NowPlayingViewModel instance
08-30 11:29:23.655  1724  2178 I chatty  : uid=1000(system) AutobacklightTh identical 10 lines
08-30 11:29:23.728  3443  3443 E n:player.singl: Not starting debugger since process cannot load the jdwp agent.
08-30 11:29:23.809  3168  3332 E cn.missevan: Invalid ID 0x00000000.
08-30 11:29:23.847  1724  2101 E WindowManager: App trying to use insecure INPUT_FEATURE_NO_INPUT_CHANNEL flag. Ignoring
08-30 11:29:23.915  3509  3509 E missevan:playe: Not starting debugger since process cannot load the jdwp agent.
08-30 11:29:23.998   717   933 E         : IProducerListener: malformed binder reply
08-30 11:29:24.025  3168  3515 E DownloadFileResolver: [DefaultDispatcher-worker-4] [-2016085846] 
08-30 11:29:24.026  3168  3515 E DownloadFileResolver: [DefaultDispatcher-worker-4] [-334029172] 
08-30 11:29:24.027  3168  3515 E FileNotFoundException: [DefaultDispatcher-worker-4] java.io.FileNotFoundException: /storage/emulated/0/Android/data/cn.missevan/files/Audio/SoundBlob/.temp: open failed: EISDIR (Is a directory)
08-30 11:29:24.027  3168  3515 E FileNotFoundException: 	at libcore.io.IoBridge.open(IoBridge.java:485)
08-30 11:29:24.027  3168  3515 E FileNotFoundException: 	at java.io.RandomAccessFile.<init>(RandomAccessFile.java:288)
08-30 11:29:24.027  3168  3515 E FileNotFoundException: 	at cn.missevan.transfer.download.meta.DownloadFileHeader.checkout(SourceFile:78)
08-30 11:29:24.027  3168  3515 E FileNotFoundException: 	at cn.missevan.a.b$d.invokeSuspend(SourceFile:43)
08-30 11:29:24.027  3168  3515 E FileNotFoundException: 	at kotlin.f.c.a.a.resumeWith(SourceFile:33)
08-30 11:29:24.027  3168  3515 E FileNotFoundException: 	at kotlinx.coroutines.DispatchedTask.run(SourceFile:106)
08-30 11:29:24.027  3168  3515 E FileNotFoundException: 	at kotlinx.coroutines.scheduling.CoroutineScheduler.runSafely(SourceFile:571)
08-30 11:29:24.027  3168  3515 E FileNotFoundException: 	at kotlinx.coroutines.scheduling.CoroutineScheduler$Worker.executeTask(SourceFile:750)
08-30 11:29:24.027  3168  3515 E FileNotFoundException: 	at kotlinx.coroutines.scheduling.CoroutineScheduler$Worker.runWorker(SourceFile:678)
08-30 11:29:24.027  3168  3515 E FileNotFoundException: 	at kotlinx.coroutines.scheduling.CoroutineScheduler$Worker.run(SourceFile:665)
08-30 11:29:24.027  3168  3515 E FileNotFoundException: Caused by: android.system.ErrnoException: open failed: EISDIR (Is a directory)
08-30 11:29:24.027  3168  3515 E FileNotFoundException: 	at libcore.io.IoBridge.open(IoBridge.java:475)
08-30 11:29:24.027  3168  3515 E FileNotFoundException: 	... 9 more
08-30 11:29:24.027  3168  3515 E FileNotFoundException:
08-30 11:29:24.027  3168  3515 E DownloadFileResolver: [DefaultDispatcher-worker-4] [.temp] 
08-30 11:29:24.027  3168  3515 E DownloadFileResolver: [DefaultDispatcher-worker-4] [-722015345] 
08-30 11:29:24.028  3168  3515 E DownloadFileResolver: [DefaultDispatcher-worker-4] [-1619050051] 
08-30 11:29:24.028  3168  3515 E DownloadFileResolver: [DefaultDispatcher-worker-4] [-645142321] 
08-30 11:29:24.028  3168  3515 E DownloadFileResolver: [DefaultDispatcher-worker-4] [-1051614782] 
08-30 11:29:24.029  3168  3515 E DownloadFileResolver: [DefaultDispatcher-worker-4] [-29255086] 
08-30 11:29:24.029  3168  3515 E DownloadFileResolver: [DefaultDispatcher-worker-4] [-1163670315] 
08-30 11:29:24.029  3168  3515 E DownloadFileResolver: [DefaultDispatcher-worker-4] [-1314070294] 
08-30 11:29:24.030  3168  3515 E DownloadFileResolver: [DefaultDispatcher-worker-4] [-378238326] 
08-30 11:29:24.030  3168  3515 E DownloadFileResolver: [DefaultDispatcher-worker-4] [-1710837259] 
08-30 11:29:24.030  3168  3515 E DownloadFileResolver: [DefaultDispatcher-worker-4] [-1104855738] 
08-30 11:29:24.056  3168  3515 E DownloadFileResolver: [DefaultDispatcher-worker-4] [-1991224889] 
08-30 11:29:24.056  3168  3515 E DownloadFileResolver: [DefaultDispatcher-worker-4] [-258302866] 
08-30 11:29:24.057  3168  3515 E DownloadFileResolver: [DefaultDispatcher-worker-4] [-120316969] 
08-30 11:29:24.057  3168  3515 E DownloadFileResolver: [DefaultDispatcher-worker-4] [-1848958127] 
08-30 11:29:24.606  3168  3672 E VideoBlackWhiteList: getVideoBWList OK
08-30 11:29:24.623  1011  2657 E         : Service not available yet
08-30 11:29:24.646  1011  2657 E OMX-VDEC-1080P: get_parameter: unknown param 7f000046
08-30 11:29:24.646  1011  2657 E OMXNodeInstance: getParameter(0xe6365d44:qcom.decoder.avc, ??(0x7f000046)) ERROR: UnsupportedIndex(0x8000101a)
08-30 11:29:24.647  1011  2951 E OMX-VDEC-1080P: Enable/Disable allocate-native-handle allowed only on input port!
08-30 11:29:24.647  1011  2951 E OMX-VDEC-1080P: set_parameter: Error: 0x80001019, setting param 0x7f00005d
08-30 11:29:24.647  1011  2951 E OMXNodeInstance: setParameter(0xe6365d44:qcom.decoder.avc, OMX.google.android.index.allocateNativeHandle(0x7f00005d): Output:1 en=0) ERROR: UnsupportedSetting(0x80001019)
08-30 11:29:24.655  1011  2951 E OMXNodeInstance: getConfig(0xe6365d44:qcom.decoder.avc, ??(0x7f000062)) ERROR: UnsupportedSetting(0x80001019)
08-30 11:29:24.710  1011  2951 E OMXNodeInstance: getConfig(0xe6365d44:qcom.decoder.avc, ??(0x7f000062)) ERROR: UnsupportedSetting(0x80001019)
08-30 11:29:24.765  1011  2657 E OMXNodeInstance: getConfig(0xe6365d44:qcom.decoder.avc, ??(0x7f000062)) ERROR: UnsupportedSetting(0x80001019)
08-30 11:29:24.877  3168  3721 E VideoBlackWhiteList: getVideoBWList OK
08-30 11:29:24.886  1011  1011 E OMXNodeInstance: setConfig(0xe6311660:google.mp3.decoder, ConfigPriority(0x6f800002)) ERROR: Undefined(0x80001001)
08-30 11:29:24.887  1011 21078 E OMXNodeInstance: getConfig(0xe6311660:google.mp3.decoder, ConfigAndroidVendorExtension(0x6f100004)) ERROR: Undefined(0x80001001)
08-30 11:29:24.938   671 11480 E msm8916_platform: platform_set_codec_backend_cfg:becf: afe: Could not get ctl for mixer command - INT4_MI2S_RX Format
08-30 11:29:24.938   671 11480 E msm8916_platform: platform_check_backends_match: Invalid snd_device =
08-30 11:29:24.942   671 11480 E ACDB-LOADER: Error: ACDB AudProc vol returned = -19
08-30 11:29:24.942   671 11480 E ACDB-LOADER: Error: ACDB_CMD_GET_AFE_COMMON_TABLE_SIZE Returned = -19
08-30 11:29:24.942   671 11480 E ACDB-LOADER: Error: ACDB AFE returned = -19
08-30 11:29:25.337  3168  3168 E MissEvanHotfixReporterImpl: [main] report: description: patch not need to update, internal_version: 5070260, result_code: 10108, patch_md5: none, process_name: cn.missevan, manufacturer: vivo, env: prod,
08-30 11:29:25.553  2831  4354 E LocationAccessPolicy: canAccessCellLocation in whitList. uid = 10024, pkgName = com.baidu.map.location
08-30 11:29:25.588  2831  4354 E LocationAccessPolicy: canAccessCellLocation in whitList. uid = 10024, pkgName = com.baidu.map.location
08-30 11:29:25.766   692  5484 E LocSvc_libulp: ulp_brain_transition_all_providers, no QUIPC/GNSS transition logic run due to both engines are OFF
08-30 11:29:26.209   694   756 E ANDR-PERF-MPCTL: Invalid profile no. 0, total profiles 0 only
08-30 11:29:26.326   717   805 E         : IProducerListener: malformed binder reply
08-30 11:29:26.387  3168  3550 E DownloadFileResolver: [DefaultDispatcher-worker-5] [-2016085846] 
08-30 11:29:26.388  3168  3550 E DownloadFileResolver: [DefaultDispatcher-worker-5] [-334029172] 
08-30 11:29:26.388  3168  3550 E FileNotFoundException: [DefaultDispatcher-worker-5] java.io.FileNotFoundException: /storage/emulated/0/Android/data/cn.missevan/files/Audio/SoundBlob/.temp: open failed: EISDIR (Is a directory)
08-30 11:29:26.388  3168  3550 E FileNotFoundException: 	at libcore.io.IoBridge.open(IoBridge.java:485)
08-30 11:29:26.388  3168  3550 E FileNotFoundException: 	at java.io.RandomAccessFile.<init>(RandomAccessFile.java:288)
08-30 11:29:26.388  3168  3550 E FileNotFoundException: 	at cn.missevan.transfer.download.meta.DownloadFileHeader.checkout(SourceFile:78)
08-30 11:29:26.388  3168  3550 E FileNotFoundException: 	at cn.missevan.a.b$d.invokeSuspend(SourceFile:43)
08-30 11:29:26.388  3168  3550 E FileNotFoundException: 	at kotlin.f.c.a.a.resumeWith(SourceFile:33)
08-30 11:29:26.388  3168  3550 E FileNotFoundException: 	at kotlinx.coroutines.DispatchedTask.run(SourceFile:106)
08-30 11:29:26.388  3168  3550 E FileNotFoundException: 	at kotlinx.coroutines.scheduling.CoroutineScheduler.runSafely(SourceFile:571)
08-30 11:29:26.388  3168  3550 E FileNotFoundException: 	at kotlinx.coroutines.scheduling.CoroutineScheduler$Worker.executeTask(SourceFile:750)
08-30 11:29:26.388  3168  3550 E FileNotFoundException: 	at kotlinx.coroutines.scheduling.CoroutineScheduler$Worker.runWorker(SourceFile:678)
08-30 11:29:26.388  3168  3550 E FileNotFoundException: 	at kotlinx.coroutines.scheduling.CoroutineScheduler$Worker.run(SourceFile:665)
08-30 11:29:26.388  3168  3550 E FileNotFoundException: Caused by: android.system.ErrnoException: open failed: EISDIR (Is a directory)
08-30 11:29:26.388  3168  3550 E FileNotFoundException: 	at libcore.io.IoBridge.open(IoBridge.java:475)
08-30 11:29:26.388  3168  3550 E FileNotFoundException: 	... 9 more
08-30 11:29:26.388  3168  3550 E FileNotFoundException:
08-30 11:29:26.388  3168  3550 E DownloadFileResolver: [DefaultDispatcher-worker-5] [.temp] 
08-30 11:29:26.388  3168  3550 E DownloadFileResolver: [DefaultDispatcher-worker-5] [-722015345] 
08-30 11:29:26.389  3168  3550 E DownloadFileResolver: [DefaultDispatcher-worker-5] [-1619050051] 
08-30 11:29:26.389  3168  3550 E DownloadFileResolver: [DefaultDispatcher-worker-5] [-645142321] 
08-30 11:29:26.389  3168  3550 E DownloadFileResolver: [DefaultDispatcher-worker-5] [-1051614782] 
08-30 11:29:26.389  3168  3550 E DownloadFileResolver: [DefaultDispatcher-worker-5] [-29255086] 
08-30 11:29:26.389  3168  3550 E DownloadFileResolver: [DefaultDispatcher-worker-5] [-1163670315] 
08-30 11:29:26.389  3168  3550 E DownloadFileResolver: [DefaultDispatcher-worker-5] [-1314070294] 
08-30 11:29:26.390  3168  3550 E DownloadFileResolver: [DefaultDispatcher-worker-5] [-378238326] 
08-30 11:29:26.390  3168  3550 E DownloadFileResolver: [DefaultDispatcher-worker-5] [-1710837259] 
08-30 11:29:26.390  3168  3550 E DownloadFileResolver: [DefaultDispatcher-worker-5] [-1104855738] 
08-30 11:29:26.395  3168  3550 E DownloadFileResolver: [DefaultDispatcher-worker-5] [-1991224889] 
08-30 11:29:26.396  3168  3550 E DownloadFileResolver: [DefaultDispatcher-worker-5] [-258302866] 
08-30 11:29:26.396  3168  3550 E DownloadFileResolver: [DefaultDispatcher-worker-5] [-120316969] 
08-30 11:29:26.396  3168  3550 E DownloadFileResolver: [DefaultDispatcher-worker-5] [-1848958127] 
08-30 11:29:26.547  1724  2178 I chatty  : uid=1000(system) AutobacklightTh identical 16 lines
08-30 11:29:26.644   694   756 E ANDR-PERF-MPCTL: Invalid profile no. 0, total profiles 0 only
08-30 11:29:26.694  3848  3848 E .missevan:stat: Not starting debugger since process cannot load the jdwp agent.
08-30 11:29:26.831  1724  2233 E TaskPersister: File error accessing recents directory (directory doesn't exist?).
08-30 11:29:27.254  3168  3168 E BLOG    : [main] 
08-30 11:29:27.766  3168  3168 E cn.missevan: No package ID ff found for ID 0xffffffff.
08-30 11:29:27.808  3168  3168 I chatty  : uid=10597(cn.missevan) identical 10 lines
08-30 11:29:27.808  3168  3168 E cn.missevan: No package ID ff found for ID 0xffffffff.
08-30 11:29:27.865   694   756 E ANDR-PERF-MPCTL: Invalid profile no. 0, total profiles 0 only
08-30 11:29:27.878  2682  3066 E PowerMonitor: exception In sysProcTransDectect java.lang.NoSuchMethodException: vivoGetNetworkStatsUidDetailWithPackInfo [int]
08-30 11:29:27.939   992  1195 E Netd    : tether checkPermission, pid:1724 uid:1000
08-30 11:29:29.349   717   933 E         : IProducerListener: malformed binder reply
08-30 11:29:29.900   717   933 E         : IProducerListener: malformed binder reply
08-30 11:29:30.118   694   756 E ANDR-PERF-MPCTL: Invalid profile no. 0, total profiles 0 only
08-30 11:29:31.374  1724  2178 I chatty  : uid=1000(system) AutobacklightTh identical 28 lines
08-30 11:29:31.445  3168  3168 E cn.missevan: No package ID ff found for ID 0xffffffff.
08-30 11:29:31.596  3168  3168 E UniAccount: 4.5.0AR02B1217 
08-30 11:29:31.610  3168  4008 E TelephonyUtils: CMCC-SDK:CHANGE_NETWORK_STATE=true
08-30 11:29:31.613  3168  4005 E TelephonyUtils: CMCC-SDK:CHANGE_NETWORK_STATE=true
08-30 11:29:31.618  3168  3996 E TelephonyUtils: CMCC-SDK:CHANGE_NETWORK_STATE=true
08-30 11:29:31.621  3168  4005 E TelephonyUtils: CMCC-SDK:CHANGE_NETWORK_STATE=true
08-30 11:29:31.623  3168  3996 E AuthSDK : getVendorList isUploadMode = false
08-30 11:29:31.630  3168  3996 E TelephonyUtils: CMCC-SDK:CHANGE_NETWORK_STATE=true
08-30 11:29:31.640  3168  3996 E TelephonyUtils: CMCC-SDK:CHANGE_NETWORK_STATE=true
08-30 11:29:31.641  3168  3168 E BackgroundFallback: initVivoBgFallback callstackcom.android.internal.policy.DecorView.<init>:378 com.android.internal.policy.PhoneWindow.generateDecor:2421 com.android.internal.policy.PhoneWindow.installDecor:2800 com.android.internal.policy.PhoneWindow.setContentView:456 com.android.internal.app.AlertController.installContent:292 android.app.AlertDialog.onCreate:444 android.app.Dialog.dispatchOnCreate:442 android.app.Dialog.show:337 cn.missevan.view.widget.s.dq:90 cn.missevan.view.widget.s.<init>:83
08-30 11:29:31.643  3168  4013 E TelephonyUtils: CMCC-SDK:CHANGE_NETWORK_STATE=true
08-30 11:29:31.657  1724  3765 E WindowManager: App trying to use insecure INPUT_FEATURE_NO_INPUT_CHANNEL flag. Ignoring
08-30 11:29:31.660  3168  4013 E TelephonyUtils: CMCC-SDK:CHANGE_NETWORK_STATE=true
08-30 11:29:31.670  3168  3996 E AuthSDK : checkEnvAvailable errorCode = 600007; errorMsg = SIM
08-30 11:29:31.678  3168  3996 E TelephonyUtils: CMCC-SDK:CHANGE_NETWORK_STATE=true
08-30 11:29:31.686  3168  4015 E TelephonyUtils: CMCC-SDK:CHANGE_NETWORK_STATE=true
08-30 11:29:31.696  1724  4404 E WindowManager: App trying to use insecure INPUT_FEATURE_NO_INPUT_CHANNEL flag. Ignoring
08-30 11:29:31.709  3168  4015 E TelephonyUtils: CMCC-SDK:CHANGE_NETWORK_STATE=true
08-30 11:29:31.731   717   804 E         : IProducerListener: malformed binder reply
08-30 11:29:31.732  3168  3996 E TelephonyUtils: CMCC-SDK:CHANGE_NETWORK_STATE=true
08-30 11:29:31.737  3168  3168 E Umeng   : [main] umeng verify error: init error: {"carrierFailedResultData":"","code":"600007","msg":"SIM","requestCode":0,"requestId":"6fbcd861-7942-430c-8a8a-c414970f38f4","vendorName":"unknown"}
08-30 11:29:31.762   694   756 E ANDR-PERF-MPCTL: Invalid profile no. 0, total profiles 0 only
08-30 11:29:31.786  3168  3168 E TelephonyUtils: CMCC-SDK:CHANGE_NETWORK_STATE=true
08-30 11:29:31.810  3168  4027 E TelephonyUtils: CMCC-SDK:CHANGE_NETWORK_STATE=true
08-30 11:29:31.819  3168  3996 E TelephonyUtils: CMCC-SDK:CHANGE_NETWORK_STATE=true
08-30 11:29:31.891  3168  3168 E BackgroundFallback: initVivoBgFallback callstackcom.android.internal.policy.DecorView.<init>:378 com.android.internal.policy.PhoneWindow.generateDecor:2421 com.android.internal.policy.PhoneWindow.installDecor:2800 com.android.internal.policy.PhoneWindow.setContentView:456 com.android.internal.app.AlertController.installContent:292 android.app.AlertDialog.onCreate:444 android.app.Dialog.dispatchOnCreate:442 android.app.Dialog.show:337 cn.missevan.view.widget.s.dq:90 cn.missevan.view.widget.s.<init>:83
08-30 11:29:31.899  1724 13522 E WindowManager: App trying to use insecure INPUT_FEATURE_NO_INPUT_CHANNEL flag. Ignoring
08-30 11:29:32.661  1724  2178 I chatty  : uid=1000(system) AutobacklightTh identical 4 lines
08-30 11:29:32.826  1007  1109 E storaged: getDiskStats failed with result NOT_SUPPORTED and size 0
08-30 11:29:33.122   694   756 E ANDR-PERF-MPCTL: Invalid profile no. 0, total profiles 0 only
08-30 11:29:33.427  3168  3168 E cn.missevan: No package ID ff found for ID 0xffffffff.
08-30 11:29:33.496  4033  4033 E issevan:channe: Not starting debugger since process cannot load the jdwp agent.
08-30 11:29:33.903  3168  3168 E libc    : Access denied finding property "persist.vendor.radio.msim.stackid_0"
08-30 11:29:33.908  3168  3168 E SecurityException: [main] java.lang.SecurityException: getImeiForSlot
08-30 11:29:33.908  3168  3168 E SecurityException: 	at android.os.Parcel.createException(Parcel.java:1950)
08-30 11:29:33.908  3168  3168 E SecurityException: 	at android.os.Parcel.readException(Parcel.java:1918)
08-30 11:29:33.908  3168  3168 E SecurityException: 	at android.os.Parcel.readException(Parcel.java:1868)
08-30 11:29:33.908  3168  3168 E SecurityException: 	at com.android.internal.telephony.ITelephony$Stub$Proxy.getImeiForSlot(ITelephony.java:5514)
08-30 11:29:33.908  3168  3168 E SecurityException: 	at android.telephony.TelephonyManager.getImei(TelephonyManager.java:1331)
08-30 11:29:33.908  3168  3168 E SecurityException: 	at cn.missevan.lib.utils.t.i(SourceFile:294)
08-30 11:29:33.908  3168  3168 E SecurityException: 	at cn.missevan.lib.utils.s.getImei(SourceFile:102)
08-30 11:29:33.908  3168  3168 E SecurityException: 	at cn.missevan.library.baseapp.BaseApplication.getImei(SourceFile:725)
08-30 11:29:33.908  3168  3168 E SecurityException: 	at cn.missevan.library.statistics.StatisticsTable.getDeviceId(SourceFile:188)
08-30 11:29:33.908  3168  3168 E SecurityException: 	at java.lang.reflect.Method.invoke(Native Method)
08-30 11:29:33.908  3168  3168 E SecurityException: 	at com.alibaba.fastjson.util.FieldInfo.get(SourceFile:571)
08-30 11:29:33.908  3168  3168 E SecurityException: 	at com.alibaba.fastjson.serializer.FieldSerializer.getPropertyValueDirect(SourceFile:143)
08-30 11:29:33.908  3168  3168 E SecurityException: 	at com.alibaba.fastjson.serializer.JavaBeanSerializer.write(SourceFile:284)
08-30 11:29:33.908  3168  3168 E SecurityException: 	at com.alibaba.fastjson.serializer.JavaBeanSerializer.write(SourceFile:154)
08-30 11:29:33.908  3168  3168 E SecurityException: 	at com.alibaba.fastjson.serializer.ListSerializer.write(SourceFile:135)
08-30 11:29:33.908  3168  3168 E SecurityException: 	at com.alibaba.fastjson.serializer.JSONSerializer.write(SourceFile:312)
08-30 11:29:33.908  3168  3168 E SecurityException: 	at com.alibaba.fastjson.JSON.toJSONString(SourceFile:793)
08-30 11:29:33.908  3168  3168 E SecurityException: 	at com.alibaba.fastjson.JSON.toJSONString(SourceFile:731)
08-30 11:29:33.908  3168  3168 E SecurityException: 	at com.alibaba.fastjson.JSON.toJSONString(SourceFile:688)
08-30 11:29:33.908  3168  3168 E SecurityException: 	at cn.missevan.play.hook.StatisticsCommonImpl.buildBody(SourceFile:110)
08-30 11:29:33.908  3168  3168 E SecurityException: 	at cn.missevan.play.hook.StatisticsCommonImpl.sendLog(SourceFile:78)
08-30 11:29:33.908  3168  3168 E SecurityException: 	at cn.missevan.play.hook.AbsStatistics.sendRequestDatas(SourceFile:96)
08-30 11:29:33.908  3168  3168 E SecurityException: 	at cn.missevan.play.hook.StatisticsCommonImpl.lambda$reportData$1$StatisticsCommonImpl(SourceFile:69)
08-30 11:29:33.908  3168  3168 E SecurityException: 	at cn.missevan.play.hook.-$$Lambda$StatisticsCommonImpl$1ihaZTd5OL23Up_e7q_C9AiHJ0Q.accept(Unknown Source:4)
08-30 11:29:33.908  3168  3168 E SecurityException: 	at io.a.g.d.u.onNext(SourceFile:63)
08-30 11:29:33.908  3168  3168 E SecurityException: 	at io.a.g.e.e.cd$a.ccY(SourceFile:201)
08-30 11:29:33.908  3168  3168 E SecurityException: 	at io.a.g.e.e.cd$a.run(SourceFile:255)
08-30 11:29:33.908  3168  3168 E SecurityException: 	at io.a.a.b.b$b.run(SourceFile:124)
08-30 11:29:33.908  3168  3168 E SecurityException: 	at android.os.Handler.handleCallback(Handler.java:873)
08-30 11:29:33.908  3168  3168 E SecurityException: 	at android.os.Handler.dispatchMessage(Handler.java:99)
08-30 11:29:33.908  3168  3168 E SecurityException: 	at android.os.Looper.loop(Looper.java:224)
08-30 11:29:33.908  3168  3168 E SecurityException: 	at android.app.ActivityThread.main(ActivityThread.java:7042)
08-30 11:29:33.908  3168  3168 E SecurityException: 	at java.lang.reflect.Method.invoke(Native Method)
08-30 11:29:33.908  3168  3168 E SecurityException: 	at com.android.internal.os.RuntimeInit$MethodAndArgsCaller.run(RuntimeInit.java:536)
08-30 11:29:33.908  3168  3168 E SecurityException: 	at com.android.internal.os.ZygoteInit.main(ZygoteInit.java:868)
08-30 11:29:33.908  3168  3168 E SecurityException:
08-30 11:29:34.073  3168  3168 E cn.missevan: No package ID ff found for ID 0xffffffff.
08-30 11:29:34.557  3168  3168 E cn.missevan: No package ID ff found for ID 0xffffffff.
08-30 11:29:36.125   694   756 E ANDR-PERF-MPCTL: Invalid profile no. 0, total profiles 0 only
08-30 11:29:39.138   694   756 E ANDR-PERF-MPCTL: Invalid profile no. 0, total profiles 0 only
08-30 11:29:40.226  1724  2178 I chatty  : uid=1000(system) AutobacklightTh identical 45 lines
08-30 11:29:40.451  1724 13522 E WindowManager: App trying to use insecure INPUT_FEATURE_NO_INPUT_CHANNEL flag. Ignoring
08-30 11:29:40.495   717   805 E         : IProducerListener: malformed binder reply
08-30 11:29:40.541   694   756 E ANDR-PERF-MPCTL: Invalid profile no. 0, total profiles 0 only
08-30 11:29:40.559  1724  3765 E WindowManager: App trying to use insecure INPUT_FEATURE_NO_INPUT_CHANNEL flag. Ignoring
08-30 11:29:40.571   717  2381 E         : IProducerListener: malformed binder reply
08-30 11:29:41.031  1724  2178 I chatty  : uid=1000(system) AutobacklightTh identical 2 lines
08-30 11:29:41.339  1724 13522 E WindowManager: App trying to use insecure INPUT_FEATURE_NO_INPUT_CHANNEL flag. Ignoring
08-30 11:29:41.376   717   805 E         : IProducerListener: malformed binder reply
08-30 11:29:42.148   694   756 E ANDR-PERF-MPCTL: Invalid profile no. 0, total profiles 0 only
08-30 11:29:45.155   694   756 E ANDR-PERF-MPCTL: Invalid profile no. 0, total profiles 0 only
08-30 11:29:46.416 29067 29255 E MSF.C.NetConnTag.true: conn is already closed on readError closeConn socketEngineID: 0 socket hashcode: 0java.lang.Throwable
08-30 11:29:46.416 29067 29255 E MSF.C.NetConnTag.true: 	at com.tencent.mobileqq.msf.core.net.m.b(P:27)
08-30 11:29:46.416 29067 29255 E MSF.C.NetConnTag.true: 	at com.tencent.mobileqq.msf.core.net.m$b.run(P:24)
08-30 11:29:46.416 29067 29255 E SocketReaderNewtrue: socketEngine: 0socket hashCode: 0SocketReader(4178) errorjava.net.SocketException: Socket is closed
08-30 11:29:47.501   717   933 E         : IProducerListener: malformed binder reply
08-30 11:29:47.573   694   756 E ANDR-PERF-MPCTL: Invalid profile no. 0, total profiles 0 only
08-30 11:29:48.159   694   756 E ANDR-PERF-MPCTL: Invalid profile no. 0, total profiles 0 only
08-30 11:29:48.619  4121  4121 E thod.sogou.viv: Not starting debugger since process cannot load the jdwp agent.
08-30 11:29:48.837  4121  4121 E RePlugin.ws001: plugins-builtin.json not found
08-30 11:29:48.849  4121  4121 E RePlugin.PluginInfoList: load: Read Json error!
08-30 11:29:48.937  4121  4121 E test-bugly: bugly is closed!
08-30 11:29:49.026  4121  4121 E BackgroundFallback: initVivoBgFallback callstackcom.android.internal.policy.DecorView.<init>:378 com.android.internal.policy.PhoneWindow.generateDecor:2421 com.android.internal.policy.PhoneWindow.installDecor:2800 com.android.internal.policy.PhoneWindow.setContentView:487 com.android.internal.policy.PhoneWindow.setContentView:478 android.app.Dialog.setContentView:603 android.inputmethodservice.InputMethodService.initViews:1015 android.inputmethodservice.InputMethodService.onCreate:985 com.sohu.inputmethod.sogou.SogouIME.onCreate:100 com.sohu.inputmethod.sogou.vivo.SogouIME.onCreate:101
08-30 11:29:49.066  4121  4121 E getTrueScaleOfScreen: mScreenRealWidth = 1080.0>>mScreenRealHeight = 2280.0
08-30 11:29:49.067  4121  4121 E FtDeviceUtil:  mUpRaidus = 106>>mDnRoundRaidus = 89
08-30 11:29:49.079  1724  2178 I chatty  : uid=1000(system) AutobacklightTh identical 48 lines
08-30 11:29:49.246  1724  2922 E WindowManager: App trying to use insecure INPUT_FEATURE_NO_INPUT_CHANNEL flag. Ignoring
08-30 11:29:49.440   717   933 E         : IProducerListener: malformed binder reply
08-30 11:29:49.500   694   756 E ANDR-PERF-MPCTL: Invalid profile no. 0, total profiles 0 only
08-30 11:29:49.565  3168  3168 E cn.missevan: No package ID ff found for ID 0xffffffff.
08-30 11:29:49.654  4121  4121 E KeyboardManager: releaseAllForeignKeyboard
08-30 11:29:49.718  4121  4121 E BaseThemeUtils: java.io.FileNotFoundException: assets_theme/default_theme/1080/phone/res/cloud_bg.png
08-30 11:29:49.722  4121  4121 E BaseThemeUtils: java.io.FileNotFoundException: assets_theme/default_theme/1080/phone/res/composing_bg.png
08-30 11:29:49.728  4121  4121 I chatty  : uid=10041(com.sohu.inputmethod.sogou.vivo) identical 1 line
08-30 11:29:49.734  4121  4121 E BaseThemeUtils: java.io.FileNotFoundException: assets_theme/default_theme/1080/phone/res/composing_bg.png
08-30 11:29:50.357  4121  4121 E AutoUpgradeReceiver:  <<<<<<<<<<< receive the upgrade dict broadcast >>>>>>>>>>>>>
08-30 11:29:51.165   694   756 E ANDR-PERF-MPCTL: Invalid profile no. 0, total profiles 0 only
08-30 11:29:53.612  3168  3168 E cn.missevan: No package ID ff found for ID 0xffffffff.
08-30 11:29:53.700   694   756 E ANDR-PERF-MPCTL: Invalid profile no. 0, total profiles 0 only
08-30 11:29:53.746   717   805 E         : IProducerListener: malformed binder reply
08-30 11:29:53.787 11860 11860 I chatty  : uid=10058(com.vivo.secime.service) identical 108 lines
08-30 11:29:54.169   694   756 E ANDR-PERF-MPCTL: Invalid profile no. 0, total profiles 0 only
08-30 11:29:57.174   694   756 E ANDR-PERF-MPCTL: Invalid profile no. 0, total profiles 0 only
08-30 11:29:59.537  1724  2178 I chatty  : uid=1000(system) AutobacklightTh identical 63 lines
08-30 11:29:59.826  1724 13522 E WindowManager: App trying to use insecure INPUT_FEATURE_NO_INPUT_CHANNEL flag. Ignoring
08-30 11:29:59.846   694   756 E ANDR-PERF-MPCTL: Invalid profile no. 0, total profiles 0 only
08-30 11:29:59.888   717   933 E         : IProducerListener: malformed binder reply
08-30 11:30:00.048  4240  4357 E BitmapFactory: Unable to decode stream: java.io.FileNotFoundException: /oem/etc/theme/icons/dynamic_icon/com.android.BBKClock/res/drawable-sw360dp-xxhdpi/clock_hour.png (No such file or directory)
