08-30 11:30:00.049  4240  4357 E BitmapFactory: Unable to decode stream: java.io.FileNotFoundException: /oem/etc/theme/icons/dynamic_icon/com.android.BBKClock/res/drawable-sw360dp-xxhdpi/clock_minute.png (No such file or directory)
08-30 11:30:00.050  4240  4357 E BitmapFactory: Unable to decode stream: java.io.FileNotFoundException: /oem/etc/theme/icons/dynamic_icon/com.android.BBKClock/res/drawable-sw360dp-xxhdpi/clock_dial.png (No such file or directory)
08-30 11:30:00.052  4240  4357 E BitmapFactory: Unable to decode stream: java.io.FileNotFoundException: /oem/etc/theme/icons/dynamic_icon/com.android.BBKClock/res/drawable-sw360dp-xxhdpi/clock_dial_center.png (No such file or directory)
08-30 11:30:00.466  3168  3168 E ThemeUtils: View class skin.support.widget.SkinCompatImageView is an AppCompat widget that can only be used with a Theme.AppCompat theme (or descendant).
08-30 11:30:00.467  3168  3168 E ThemeUtils: View class skin.support.widget.SkinCompatTextView is an AppCompat widget that can only be used with a Theme.AppCompat theme (or descendant).
08-30 11:30:02.612  3168  3168 E cn.missevan: No package ID ff found for ID 0xffffffff.
08-30 11:30:02.637  3168  3168 I chatty  : uid=10597(cn.missevan) identical 10 lines
08-30 11:30:02.637  3168  3168 E cn.missevan: No package ID ff found for ID 0xffffffff.
08-30 11:30:02.785   694   756 E ANDR-PERF-MPCTL: Invalid profile no. 0, total profiles 0 only
08-30 11:30:06.249   694   756 E ANDR-PERF-MPCTL: Invalid profile no. 0, total profiles 0 only
08-30 11:30:08.400   685   883 I chatty  : uid=1000(system) sensors@1.0-ser expire 12 lines
08-30 11:30:09.254   694   756 E ANDR-PERF-MPCTL: Invalid profile no. 0, total profiles 0 only
08-30 11:30:12.263   694   756 E ANDR-PERF-MPCTL: Invalid profile no. 0, total profiles 0 only
08-30 11:30:15.266   694   756 E ANDR-PERF-MPCTL: Invalid profile no. 0, total profiles 0 only
08-30 11:30:16.123   717   717 I SurfaceFlinger: FPS: 57
08-30 11:30:16.425 29067 29255 I SocketReaderNewtrue: SocketReader(4178) continue
08-30 11:30:16.425 29067 29255 D MSF.C.NetConnTag.true: MsfCoreSocketReaderNew closeConn socketEngineID: 0 socket hashcode: 0 for reason: readError
08-30 11:30:16.426 29067 29255 E MSF.C.NetConnTag.true: conn is already closed on readError closeConn socketEngineID: 0 socket hashcode: 0java.lang.Throwable
08-30 11:30:16.426 29067 29255 E MSF.C.NetConnTag.true: 	at com.tencent.mobileqq.msf.core.net.m.b(P:27)
08-30 11:30:16.426 29067 29255 E MSF.C.NetConnTag.true: 	at com.tencent.mobileqq.msf.core.net.m$b.run(P:24)
08-30 11:30:16.426 29067 29255 E SocketReaderNewtrue: socketEngine: 0socket hashCode: 0SocketReader(4178) errorjava.net.SocketException: Socket is closed
08-30 11:30:16.426 29067 29255 I SocketReaderNewtrue: SocketReader(4178) wait
08-30 11:30:17.172   717   717 I SurfaceFlinger: FPS: 32
08-30 11:30:18.032 31100 31100 E adbd    : failed to connect to socket 'tcp:6790': Connection refused
08-30 11:30:18.205   717   717 I SurfaceFlinger: FPS: 43
08-30 11:30:18.041  1724  2178 I chatty  : uid=1000(system) AutobacklightTh identical 113 lines
08-30 11:30:18.207  1724  2922 D ActivityManager: AMS onShellCommand CallingPid=4416 ,callingUid=2000 ,PackageName=android.uid.shell:2000.Starting command :force-stop io.appium.uiautomator2.server.test
08-30 11:30:18.209  1724  2922 I ActivityManager: Force stopping io.appium.uiautomator2.server.test appid=10145 user=0: stop by 4416
08-30 11:30:18.217  1724  2922 I ActivityManager: Force stopping io.appium.uiautomator2.server.test appid=10145 user=999: stop by 4416
08-30 11:30:18.232  1724  1724 I NotificationService: action=android.intent.action.PACKAGE_RESTARTED removing=false
08-30 11:30:18.233  1724  1724 D NotificationService: handleSavePolicyFile
08-30 11:30:18.251  2765  2765 W ContextImpl: Calling a method in the system process without a qualified user: android.app.ContextImpl.startService:1550 android.content.ContextWrapper.startService:664 com.vivo.daemonService.easyshare.ESAlarmReceiver.a:5 com.vivo.daemonService.easyshare.ESAlarmReceiver.onReceive:2 android.app.LoadedApk$ReceiverDispatcher$Args.lambda$getRunnable$0:1416
08-30 11:30:18.260  2831  2831 D CarrierSvcBindHelper: No carrier app for: 0
08-30 11:30:18.261  2831  2831 D CarrierSvcBindHelper: No carrier app for: 1
08-30 11:30:18.262  1724  1852 D ActivityManager: StartMode packageName = com.tencent.android.qqdownloader ,callingPid = -1 ,alwaysRestrict = true ,startMode = 2 ,UidRec:null
08-30 11:30:18.262  1724  1852 W BroadcastQueue: Background execution not allowed: receiving Intent { act=android.intent.action.PACKAGE_RESTARTED dat=package:io.appium.uiautomator2.server.test flg=0x10 (has extras) } to com.tencent.android.qqdownloader/com.tencent.assistant.localres.localapk.PackageChangedReceiver
08-30 11:30:18.262  2831  2831 D CarrierSvcBindHelper: No carrier app for: 0
08-30 11:30:18.263  2831  2831 D CarrierSvcBindHelper: No carrier app for: 1
08-30 11:30:18.269   694   756 E ANDR-PERF-MPCTL: Invalid profile no. 0, total profiles 0 only
08-30 11:30:18.269  1724  1852 D ActivityManager: StartMode packageName = com.vivo.appfilter ,callingPid = -1 ,alwaysRestrict = true ,startMode = 2 ,UidRec:UidRecord{78ed8ef 1000 PER  procs:32 seq(0,0,0)}
08-30 11:30:18.270  1724  1852 W BroadcastQueue: Background execution not allowed: receiving Intent { act=android.intent.action.PACKAGE_RESTARTED dat=package:io.appium.uiautomator2.server.test flg=0x10 (has extras) } to com.vivo.appfilter/.receiver.VivoBringupPkgReceiver
08-30 11:30:18.270  1724  1852 D ActivityManager: StartMode packageName = com.tencent.android.qqdownloader ,callingPid = -1 ,alwaysRestrict = true ,startMode = 2 ,UidRec:null
08-30 11:30:18.270  1724  1852 W BroadcastQueue: Background execution not allowed: receiving Intent { act=android.intent.action.PACKAGE_RESTARTED dat=package:io.appium.uiautomator2.server.test flg=0x10 (has extras) } to com.tencent.android.qqdownloader/com.qq.AppService.APKReceiver
08-30 11:30:18.295  1724  1724 I NotificationService: action=android.intent.action.PACKAGE_RESTARTED removing=false
08-30 11:30:18.295  1724  1724 D NotificationService: handleSavePolicyFile
08-30 11:30:18.712  4424  4424 D AndroidRuntime: >>>>>> START com.android.internal.os.RuntimeInit uid 2000 <<<<<<
08-30 11:30:18.815  4424  4424 I app_process: The ClassLoaderContext is a special shared library.
08-30 11:30:18.847  4424  4424 E libc    : Access denied finding property "ro.vendor.at_library"
08-30 11:30:18.838  4424  4424 W main    : type=1400 audit(0.0:34138): avc: denied { read } for name="u:object_r:vendor_mpctl_prop:s0" dev="tmpfs" ino=12522 scontext=u:r:shell:s0 tcontext=u:object_r:vendor_mpctl_prop:s0 tclass=file permissive=0
08-30 11:30:18.855  4424  4424 D AndroidRuntime: Calling main entry com.android.commands.am.Am
08-30 11:30:18.684  1724  2178 I chatty  : uid=1000(system) AutobacklightTh identical 2 lines
08-30 11:30:18.870  1724  4404 I ActivityManager: Force stopping io.appium.uiautomator2.server appid=10144 user=0: start instr
08-30 11:30:18.902  1724  1855 I ActivityManager: Start proc 4451:io.appium.uiautomator2.server/u0a144 for added application io.appium.uiautomator2.server
08-30 11:30:18.911  4451  4451 I tomator2.serve: Late-enabling -Xcheck:jni
08-30 11:30:19.011   715  3182 V APM_AudioPolicyManager: AudioPolicyManager:setRecordSilenced(uid:10144, silenced:0)
08-30 11:30:19.011   715  3182 V AudioFlinger: AudioFlinger::setRecordSilenced(uid:10144, silenced:0)
08-30 11:30:19.065  4451  4451 I tomator2.serve: The ClassLoaderContext is a special shared library.
08-30 11:30:19.068  4451  4451 I tomator2.serve: The ClassLoaderContext is a special shared library.
08-30 11:30:19.070  4451  4451 W tomator2.serve: ClassLoaderContext classpath element mismatch for position 0. expected=/system/framework/android.test.mock.jar, found=/system/framework/android.test.runner.jar (PCL[/system/framework/android.test.mock.jar*2077058553:/system/framework/android.test.runner.jar*3846605392] | PCL[/system/framework/android.test.runner.jar*3846605392:/system/framework/android.test.mock.jar*2077058553])
08-30 11:30:19.075  4451  4451 W tomator2.serve: ClassLoaderContext classpath size mismatch for position 0. expected=0, found=4 (PCL[] | PCL[/system/framework/android.test.runner.jar*3846605392:/system/framework/android.test.mock.jar*2077058553:/data/app/io.appium.uiautomator2.server.test-K07vq4ZhCm4h6eWbq7B8og==/base.apk*3464038622:/data/app/io.appium.uiautomator2.server.test-K07vq4ZhCm4h6eWbq7B8og==/base.apk!classes2.dex*2170559374])
08-30 11:30:19.077  4451  4451 W tomator2.serve: Found duplicate classes, falling back to extracting from APK : /data/app/io.appium.uiautomator2.server-hU_If1ssmYNlALRcrtEGLw==/base.apk
08-30 11:30:19.077  4451  4451 W tomator2.serve: NOTE: This wastes RAM and hurts startup performance.
08-30 11:30:19.077  4451  4451 W tomator2.serve: Found duplicated class when checking oat files: 'Ljunit/runner/BaseTestRunner;' in /data/app/io.appium.uiautomator2.server-hU_If1ssmYNlALRcrtEGLw==/base.apk and /system/framework/android.test.runner.jar
08-30 11:30:19.077  4451  4451 W tomator2.serve:
08-30 11:30:19.222   717   717 I SurfaceFlinger: FPS: 56
08-30 11:30:19.272 31100 31100 E adbd    : failed to connect to socket 'tcp:6790': Connection refused
08-30 11:30:19.337  4451  4451 I Perf    : Connecting to perf service.
08-30 11:30:19.362  4451  4451 I tomator2.serve: The ClassLoaderContext is a special shared library.
08-30 11:30:19.364  4451  4451 I tomator2.serve: The ClassLoaderContext is a special shared library.
08-30 11:30:19.367  4451  4451 W tomator2.serve: ClassLoaderContext size mismatch. expected=1, actual=2 (PCL[/system/framework/android.test.mock.jar*2077058553:/system/framework/android.test.runner.jar*3846605392] | PCL[/system/framework/android.test.runner.jar*3846605392:/system/framework/android.test.mock.jar*2077058553];PCL[/system/framework/android.test.runner.jar*3846605392:/system/framework/android.test.mock.jar*2077058553:/data/app/io.appium.uiautomator2.server.test-K07vq4ZhCm4h6eWbq7B8og==/base.apk*3464038622:/data/app/io.appium.uiautomator2.server.test-K07vq4ZhCm4h6eWbq7B8og==/base.apk!classes2.dex*2170559374:/data/app/io.appium.uiautomator2.server-hU_If1ssmYNlALRcrtEGLw==/base.apk*2259969859:/data/app/io.appium.uiautomator2.server-hU_If1ssmYNlALRcrtEGLw==/base.apk!classes2.dex*3854679608])
08-30 11:30:19.368  4451  4451 W tomator2.serve: Found duplicate classes, falling back to extracting from APK : /data/app/io.appium.uiautomator2.server.test-K07vq4ZhCm4h6eWbq7B8og==/base.apk
08-30 11:30:19.368  4451  4451 W tomator2.serve: NOTE: This wastes RAM and hurts startup performance.
08-30 11:30:19.368  4451  4451 W tomator2.serve: Found duplicated class when checking oat files: 'Landroidx/test/espresso/AmbiguousViewMatcherException$1;' in /data/app/io.appium.uiautomator2.server.test-K07vq4ZhCm4h6eWbq7B8og==/base.apk and /data/app/io.appium.uiautomator2.server.test-K07vq4ZhCm4h6eWbq7B8og==/base.apk
08-30 11:30:19.368  4451  4451 W tomator2.serve:
08-30 11:30:19.458  4451  4451 W tomator2.serve: ClassLoaderContext size mismatch. expected=1, actual=2 (PCL[] | PCL[/system/framework/android.test.runner.jar*3846605392:/system/framework/android.test.mock.jar*2077058553:/data/app/io.appium.uiautomator2.server.test-K07vq4ZhCm4h6eWbq7B8og==/base.apk*3464038622:/data/app/io.appium.uiautomator2.server.test-K07vq4ZhCm4h6eWbq7B8og==/base.apk!classes2.dex*2170559374];PCL[/system/framework/android.test.runner.jar*3846605392:/system/framework/android.test.mock.jar*2077058553:/data/app/io.appium.uiautomator2.server.test-K07vq4ZhCm4h6eWbq7B8og==/base.apk*3464038622:/data/app/io.appium.uiautomator2.server.test-K07vq4ZhCm4h6eWbq7B8og==/base.apk!classes2.dex*2170559374:/data/app/io.appium.uiautomator2.server-hU_If1ssmYNlALRcrtEGLw==/base.apk*2259969859:/data/app/io.appium.uiautomator2.server-hU_If1ssmYNlALRcrtEGLw==/base.apk!classes2.dex*3854679608])
08-30 11:30:19.459  4451  4451 W tomator2.serve: Found duplicate classes, falling back to extracting from APK : /data/app/io.appium.uiautomator2.server-hU_If1ssmYNlALRcrtEGLw==/base.apk
08-30 11:30:19.459  4451  4451 W tomator2.serve: NOTE: This wastes RAM and hurts startup performance.
08-30 11:30:19.459  4451  4451 W tomator2.serve: Found duplicated class when checking oat files: 'Landroid_libs/ub_uiautomator/R;' in /data/app/io.appium.uiautomator2.server-hU_If1ssmYNlALRcrtEGLw==/base.apk!classes2.dex and /data/app/io.appium.uiautomator2.server-hU_If1ssmYNlALRcrtEGLw==/base.apk!classes2.dex
08-30 11:30:19.459  4451  4451 W tomator2.serve:
08-30 11:30:19.712  4451  4451 W tomator2.serve: Accessing hidden method Landroid/app/Instrumentation;->execStartActivity(Landroid/content/Context;Landroid/os/IBinder;Landroid/os/IBinder;Landroid/app/Activity;Landroid/content/Intent;ILandroid/os/Bundle;)Landroid/app/Instrumentation$ActivityResult; (light greylist, linking)
08-30 11:30:19.713  4451  4451 W tomator2.serve: Accessing hidden method Landroid/app/Instrumentation;->execStartActivity(Landroid/content/Context;Landroid/os/IBinder;Landroid/os/IBinder;Ljava/lang/String;Landroid/content/Intent;ILandroid/os/Bundle;)Landroid/app/Instrumentation$ActivityResult; (light greylist, linking)
08-30 11:30:19.755  4451  4451 I MonitoringInstr: Instrumentation started!
08-30 11:30:19.763  4451  4451 I MonitoringInstr: Setting context classloader to 'dalvik.system.PathClassLoader[DexPathList[[zip file "/system/framework/android.test.runner.jar", zip file "/system/framework/android.test.mock.jar", zip file "/data/app/io.appium.uiautomator2.server.test-K07vq4ZhCm4h6eWbq7B8og==/base.apk", zip file "/data/app/io.appium.uiautomator2.server-hU_If1ssmYNlALRcrtEGLw==/base.apk"],nativeLibraryDirectories=[/data/app/io.appium.uiautomator2.server.test-K07vq4ZhCm4h6eWbq7B8og==/lib/arm64, /data/app/io.appium.uiautomator2.server-hU_If1ssmYNlALRcrtEGLw==/lib/arm64, /system/lib64]]]', Original: 'dalvik.system.PathClassLoader[DexPathList[[zip file "/system/framework/android.test.runner.jar", zip file "/system/framework/android.test.mock.jar", zip file "/data/app/io.appium.uiautomator2.server.test-K07vq4ZhCm4h6eWbq7B8og==/base.apk", zip file "/data/app/io.appium.uiautomator2.server-hU_If1ssmYNlALRcrtEGLw==/base.apk"],nativeLibraryDirectories=[/data/app/io.appium.uiautomator2.server.test-K07vq4ZhCm4h6eWbq7B8og==/lib/arm64, /data/app/io.appium.uiautomator2.server-hU_If1ssmYNlALRcrtEGLw==/lib/arm64, /system/lib64]]]'
08-30 11:30:19.770  4451  4451 I MonitoringInstr: No JSBridge.
08-30 11:30:19.773  4451  4505 I MonitoringInstr: Setting context classloader to 'dalvik.system.PathClassLoader[DexPathList[[zip file "/system/framework/android.test.runner.jar", zip file "/system/framework/android.test.mock.jar", zip file "/data/app/io.appium.uiautomator2.server.test-K07vq4ZhCm4h6eWbq7B8og==/base.apk", zip file "/data/app/io.appium.uiautomator2.server-hU_If1ssmYNlALRcrtEGLw==/base.apk"],nativeLibraryDirectories=[/data/app/io.appium.uiautomator2.server.test-K07vq4ZhCm4h6eWbq7B8og==/lib/arm64, /data/app/io.appium.uiautomator2.server-hU_If1ssmYNlALRcrtEGLw==/lib/arm64, /system/lib64]]]', Original: 'dalvik.system.PathClassLoader[DexPathList[[zip file "/system/framework/android.test.runner.jar", zip file "/system/framework/android.test.mock.jar", zip file "/data/app/io.appium.uiautomator2.server.test-K07vq4ZhCm4h6eWbq7B8og==/base.apk", zip file "/data/app/io.appium.uiautomator2.server-hU_If1ssmYNlALRcrtEGLw==/base.apk"],nativeLibraryDirectories=[/data/app/io.appium.uiautomator2.server.test-K07vq4ZhCm4h6eWbq7B8og==/lib/arm64, /data/app/io.appium.uiautomator2.server-hU_If1ssmYNlALRcrtEGLw==/lib/arm64, /system/lib64]]]'
08-30 11:30:19.806  4451  4505 I UsageTrackerFacilitator: Usage tracking enabled
08-30 11:30:19.814  4451  4505 I TestRequestBuilder: Scanning classpath to find tests in paths [/data/app/io.appium.uiautomator2.server.test-K07vq4ZhCm4h6eWbq7B8og==/base.apk]
08-30 11:30:19.819  4451  4505 W tomator2.serve: Opening an oat file without a class loader. Are you using the deprecated DexFile APIs?
08-30 11:30:20.256   717   717 I SurfaceFlinger: FPS: 31
08-30 11:30:20.286 31100 31100 E adbd    : failed to connect to socket 'tcp:6790': Connection refused
08-30 11:30:20.800  4451  4505 D TestExecutor: Adding listener androidx.test.internal.runner.listener.LogRunListener
08-30 11:30:20.801  4451  4505 D TestExecutor: Adding listener androidx.test.internal.runner.listener.InstrumentationResultPrinter
08-30 11:30:20.801  4451  4505 D TestExecutor: Adding listener androidx.test.internal.runner.listener.ActivityFinisherRunListener
08-30 11:30:20.806  4451  4505 I TestRunner: run started: 1 tests
08-30 11:30:20.813  4451  4505 I TestRunner: started: startServer(io.appium.uiautomator2.server.test.AppiumUiAutomator2Server)
08-30 11:30:20.818  4451  4451 I MonitoringInstr: Activities that are still in CREATED to STOPPED: 0
08-30 11:30:20.824  4451  4505 I appium  : [AppiumUiAutomator2Server] Starting Server
08-30 11:30:21.258   717   717 I SurfaceFlinger: FPS: 30
08-30 11:30:21.271   694   756 E ANDR-PERF-MPCTL: Invalid profile no. 0, total profiles 0 only
08-30 11:30:21.295 31100 31100 E adbd    : failed to connect to socket 'tcp:6790': Connection refused
08-30 11:30:21.824  4451  4505 I appium  : Starting MJPEG Server
08-30 11:30:21.581  1724  2178 I chatty  : uid=1000(system) AutobacklightTh identical 16 lines
08-30 11:30:21.855  1724  1724 V SettingsProvider: Notifying for 0: content://settings/secure/accessibility_enabled
08-30 11:30:21.856  1724  1724 V SettingsProvider: Notifying for 999: content://settings/secure/accessibility_enabled
08-30 11:30:21.878  4451  4505 I appium  : MJPEG Server started
08-30 11:30:21.882  4451  4515 I appium  : ServerSocket created on port 7810
08-30 11:30:21.911  4451  4505 I appium  : AndroidServer created on port 6790
08-30 11:30:21.912  4451  4505 I appium  : io.appium.uiautomator2.server started:
08-30 11:30:21.917  1724  2101 D PowerManagerService: acquireWakeLockInternal: lock=28959674, flags=0x6, tag="UiAutomator2:ScreenKeeper", ws=null, uid=10144, pid=4451
08-30 11:30:21.926  4451  4528 I appium  : Started UiAutomator2 io.appium.uiautomator2.http io.appium.uiautomator2.server on port 6790
08-30 11:30:22.042  4451  4530 W tomator2.serve: Accessing hidden field Ljava/nio/Buffer;->address:J (light greylist, reflection)
08-30 11:30:22.043  4451  4530 W tomator2.serve: Accessing hidden field Lsun/misc/Unsafe;->theUnsafe:Lsun/misc/Unsafe; (light greylist, reflection)
08-30 11:30:22.273   717   717 I SurfaceFlinger: FPS: 57
08-30 11:30:22.430  4451  4532 I appium  : channel read: GET /wd/hub/status
08-30 11:30:22.435  4451  4532 I appium  : Status command
08-30 11:30:22.485  4451  4532 I appium  : AppiumResponse: {"sessionId":"None","value":{"message":"UiAutomator2 Server is ready to accept commands","ready":true}}
08-30 11:30:22.510  4451  4532 I appium  : channel read: POST /wd/hub/session
08-30 11:30:22.514  4451  4532 I appium  : NewSession command
08-30 11:30:22.540  4451  4532 W tomator2.serve: Accessing hidden field Landroid/app/UiAutomation;->mOnAccessibilityEventListener:Landroid/app/UiAutomation$OnAccessibilityEventListener; (dark greylist, reflection)
08-30 11:30:22.542  4451  4532 I appium  : Created the new session with SessionID: fb5651ef-65c8-4d5d-9f37-8c52d8f75db5
08-30 11:30:22.569  4451  4532 I appium  : AppiumResponse: {"sessionId":"fb5651ef-65c8-4d5d-9f37-8c52d8f75db5","value":{"capabilities":{"firstMatch":[{"platform":"LINUX","webStorageEnabled":false,"takesScreenshot":true,"javascriptEnabled":true,"databaseEnabled":false,"networkConnectionEnabled":true,"locationContextEnabled":false,"warnings":{},"desired":{"pl
08-30 11:30:22.593  4451  4532 I appium  : channel read: GET /wd/hub/session/fb5651ef-65c8-4d5d-9f37-8c52d8f75db5/appium/device/info
08-30 11:30:22.595  4451  4532 I appium  : GetDeviceInfo command
08-30 11:30:22.616  4451  4532 W tomator2.serve: Accessing hidden field Landroid/net/NetworkCapabilities;->mSignalStrength:I (light greylist, reflection)
08-30 11:30:22.616  4451  4532 W tomator2.serve: Accessing hidden field Landroid/net/NetworkCapabilities;->mSSID:Ljava/lang/String; (dark greylist, reflection)
08-30 11:30:22.385  1724  2178 I chatty  : uid=1000(system) AutobacklightTh identical 2 lines
08-30 11:30:22.634  1724  1874 D BluetoothManagerService: MESSAGE_REGISTER_ADAPTER
08-30 11:30:22.660  4451  4532 I appium  : AppiumResponse: {"sessionId":"fb5651ef-65c8-4d5d-9f37-8c52d8f75db5","value":{"androidId":"924032d81ca599b5","apiVersion":"28","bluetooth":{"state":"ON"},"brand":"vivo","carrierName":"","displayDensity":480,"locale":"zh_CN","manufacturer":"vivo","model":"vivo X21A","networks":[{"capabilities":{"SSID":null,"linkDownB
08-30 11:30:22.928  4451  4532 I appium  : channel read: GET /wd/hub/session/fb5651ef-65c8-4d5d-9f37-8c52d8f75db5/appium/device/pixel_ratio
08-30 11:30:22.931  4451  4532 I appium  : GetDevicePixelRatio command
08-30 11:30:22.931  4451  4532 I appium  : Get device pixel ratio
08-30 11:30:22.941  4451  4532 I appium  : AppiumResponse: {"sessionId":"fb5651ef-65c8-4d5d-9f37-8c52d8f75db5","value":3.0}
08-30 11:30:22.960  4451  4532 I appium  : channel read: GET /wd/hub/session/fb5651ef-65c8-4d5d-9f37-8c52d8f75db5/appium/device/system_bars
08-30 11:30:22.963  4451  4532 I appium  : GetSystemBars command
08-30 11:30:22.963  4451  4532 I appium  : Get status bar height of the device
08-30 11:30:22.975  4451  4532 I appium  : AppiumResponse: {"sessionId":"fb5651ef-65c8-4d5d-9f37-8c52d8f75db5","value":{"statusBar":84}}
08-30 11:30:22.996  4451  4532 I appium  : channel read: GET /wd/hub/session/fb5651ef-65c8-4d5d-9f37-8c52d8f75db5/window/current/size
08-30 11:30:22.998  4451  4532 I appium  : GetDeviceSize command
08-30 11:30:22.998  4451  4532 I appium  : Get window size of the device
08-30 11:30:23.011  4451  4532 I appium  : AppiumResponse: {"sessionId":"fb5651ef-65c8-4d5d-9f37-8c52d8f75db5","value":{"height":2075,"width":1080}}
08-30 11:30:23.145  4451  4532 I appium  : channel read: GET /wd/hub/session/fb5651ef-65c8-4d5d-9f37-8c52d8f75db5/window/current/size
08-30 11:30:23.149  4451  4532 I appium  : GetDeviceSize command
08-30 11:30:23.149  4451  4532 I appium  : Get window size of the device
08-30 11:30:23.161  4451  4532 I appium  : AppiumResponse: {"sessionId":"fb5651ef-65c8-4d5d-9f37-8c52d8f75db5","value":{"height":2075,"width":1080}}
08-30 11:30:23.179  4451  4532 I appium  : channel read: GET /wd/hub/session/fb5651ef-65c8-4d5d-9f37-8c52d8f75db5/window/current/size
08-30 11:30:23.182  4451  4532 I appium  : GetDeviceSize command
08-30 11:30:23.182  4451  4532 I appium  : Get window size of the device
08-30 11:30:23.193  4451  4532 I appium  : AppiumResponse: {"sessionId":"fb5651ef-65c8-4d5d-9f37-8c52d8f75db5","value":{"height":2075,"width":1080}}
08-30 11:30:23.274   717   717 I SurfaceFlinger: FPS: 41
08-30 11:30:23.584   715  3182 V APM_AudioPolicyManager: AudioPolicyManager:setRecordSilenced(uid:10478, silenced:1)
08-30 11:30:23.584   715  3182 V AudioFlinger: AudioFlinger::setRecordSilenced(uid:10478, silenced:1)
08-30 11:30:23.790  4451  4532 I appium  : channel read: POST /wd/hub/session/fb5651ef-65c8-4d5d-9f37-8c52d8f75db5/actions
08-30 11:30:23.794  4451  4532 I appium  : W3CActions command
08-30 11:30:24.106  4451  4532 I appium  : [84520663 (success)] Synthesized: MotionEvent { action=ACTION_DOWN, actionButton=0, id[0]=0, x[0]=108.0, y[0]=1037.0, toolType[0]=TOOL_TYPE_FINGER, buttonState=0, metaState=0, flags=0x0, edgeFlags=0x0, pointerCount=1, historySize=0, eventTime=84520663, downTime=84520661, deviceId=0, source=0x1002 }
08-30 11:30:24.112   715  3182 V APM_AudioPolicyManager: AudioPolicyManager:setRecordSilenced(uid:99002, silenced:1)
08-30 11:30:24.112   715  3182 V AudioFlinger: AudioFlinger::setRecordSilenced(uid:99002, silenced:1)
08-30 11:30:24.112   715  3182 V APM_AudioPolicyManager: AudioPolicyManager:setRecordSilenced(uid:10123, silenced:1)
08-30 11:30:24.113   715  3182 V AudioFlinger: AudioFlinger::setRecordSilenced(uid:10123, silenced:1)
08-30 11:30:24.113   715 12185 V APM_AudioPolicyManager: AudioPolicyManager:setRecordSilenced(uid:10097, silenced:1)
08-30 11:30:24.113   715 12185 V AudioFlinger: AudioFlinger::setRecordSilenced(uid:10097, silenced:1)
08-30 11:30:24.113   715 12185 V APM_AudioPolicyManager: AudioPolicyManager:setRecordSilenced(uid:10096, silenced:1)
08-30 11:30:24.113   715 12185 V AudioFlinger: AudioFlinger::setRecordSilenced(uid:10096, silenced:1)
08-30 11:30:24.113   715  3182 V APM_AudioPolicyManager: AudioPolicyManager:setRecordSilenced(uid:10069, silenced:1)
08-30 11:30:24.113   715  3182 V AudioFlinger: AudioFlinger::setRecordSilenced(uid:10069, silenced:1)
08-30 11:30:24.279   694   756 E ANDR-PERF-MPCTL: Invalid profile no. 0, total profiles 0 only
08-30 11:30:24.289   717   717 I SurfaceFlinger: FPS: 32
08-30 11:30:24.482 29067 29186 D MemoryCeilingMonitor: [handleMemoryCalculate]
08-30 11:30:24.482 29067 29186 D MemoryCeilingMonitor: [calculate] tot: 3192874, max: 268435456, free: 204122, heap: 2988752, per: 0.011133968830108643
08-30 11:30:24.607  4451  4532 I appium  : [84521162 (success)] Synthesized: MotionEvent { action=ACTION_MOVE, actionButton=0, id[0]=0, x[0]=108.0, y[0]=1037.0, toolType[0]=TOOL_TYPE_FINGER, buttonState=0, metaState=0, flags=0x0, edgeFlags=0x0, pointerCount=1, historySize=0, eventTime=84521162, downTime=84520661, deviceId=0, source=0x1002 }
08-30 11:30:24.641  4451  4532 I appium  : [84521183 (success)] Synthesized: MotionEvent { action=ACTION_MOVE, actionButton=0, id[0]=0, x[0]=240.92308, y[0]=1037.0, toolType[0]=TOOL_TYPE_FINGER, buttonState=0, metaState=0, flags=0x0, edgeFlags=0x0, pointerCount=1, historySize=0, eventTime=84521183, downTime=84520661, deviceId=0, source=0x1002 }
08-30 11:30:24.642  4451  4532 I appium  : The event has been delayed for 26ms
08-30 11:30:24.655  4451  4532 I appium  : [84521211 (success)] Synthesized: MotionEvent { action=ACTION_MOVE, actionButton=0, id[0]=0, x[0]=307.3846, y[0]=1037.0, toolType[0]=TOOL_TYPE_FINGER, buttonState=0, metaState=0, flags=0x0, edgeFlags=0x0, pointerCount=1, historySize=0, eventTime=84521211, downTime=84520661, deviceId=0, source=0x1002 }
08-30 11:30:24.673  4451  4532 I appium  : [84521225 (success)] Synthesized: MotionEvent { action=ACTION_MOVE, actionButton=0, id[0]=0, x[0]=373.84616, y[0]=1037.0, toolType[0]=TOOL_TYPE_FINGER, buttonState=0, metaState=0, flags=0x0, edgeFlags=0x0, pointerCount=1, historySize=0, eventTime=84521225, downTime=84520661, deviceId=0, source=0x1002 }
08-30 11:30:24.690  4451  4532 I appium  : [84521242 (success)] Synthesized: MotionEvent { action=ACTION_MOVE, actionButton=0, id[0]=0, x[0]=440.3077, y[0]=1037.0, toolType[0]=TOOL_TYPE_FINGER, buttonState=0, metaState=0, flags=0x0, edgeFlags=0x0, pointerCount=1, historySize=0, eventTime=84521242, downTime=84520661, deviceId=0, source=0x1002 }
08-30 11:30:24.706  4451  4532 I appium  : [84521262 (success)] Synthesized: MotionEvent { action=ACTION_MOVE, actionButton=0, id[0]=0, x[0]=506.76923, y[0]=1037.0, toolType[0]=TOOL_TYPE_FINGER, buttonState=0, metaState=0, flags=0x0, edgeFlags=0x0, pointerCount=1, historySize=0, eventTime=84521262, downTime=84520661, deviceId=0, source=0x1002 }
08-30 11:30:24.724  4451  4532 I appium  : [84521282 (success)] Synthesized: MotionEvent { action=ACTION_MOVE, actionButton=0, id[0]=0, x[0]=573.2308, y[0]=1037.0, toolType[0]=TOOL_TYPE_FINGER, buttonState=0, metaState=0, flags=0x0, edgeFlags=0x0, pointerCount=1, historySize=0, eventTime=84521282, downTime=84520661, deviceId=0, source=0x1002 }
08-30 11:30:24.757  4451  4532 I appium  : [84521302 (success)] Synthesized: MotionEvent { action=ACTION_MOVE, actionButton=0, id[0]=0, x[0]=639.6923, y[0]=1037.0, toolType[0]=TOOL_TYPE_FINGER, buttonState=0, metaState=0, flags=0x0, edgeFlags=0x0, pointerCount=1, historySize=0, eventTime=84521302, downTime=84520661, deviceId=0, source=0x1002 }
08-30 11:30:24.758  4451  4532 I appium  : The event has been delayed for 23ms
08-30 11:30:24.774  4451  4532 I appium  : [84521327 (success)] Synthesized: MotionEvent { action=ACTION_MOVE, actionButton=0, id[0]=0, x[0]=706.1539, y[0]=1037.0, toolType[0]=TOOL_TYPE_FINGER, buttonState=0, metaState=0, flags=0x0, edgeFlags=0x0, pointerCount=1, historySize=0, eventTime=84521327, downTime=84520661, deviceId=0, source=0x1002 }
08-30 11:30:24.790  4451  4532 I appium  : [84521343 (success)] Synthesized: MotionEvent { action=ACTION_MOVE, actionButton=0, id[0]=0, x[0]=772.6154, y[0]=1037.0, toolType[0]=TOOL_TYPE_FINGER, buttonState=0, metaState=0, flags=0x0, edgeFlags=0x0, pointerCount=1, historySize=0, eventTime=84521343, downTime=84520661, deviceId=0, source=0x1002 }
08-30 11:30:24.807  4451  4532 I appium  : [84521362 (success)] Synthesized: MotionEvent { action=ACTION_MOVE, actionButton=0, id[0]=0, x[0]=839.07697, y[0]=1037.0, toolType[0]=TOOL_TYPE_FINGER, buttonState=0, metaState=0, flags=0x0, edgeFlags=0x0, pointerCount=1, historySize=0, eventTime=84521362, downTime=84520661, deviceId=0, source=0x1002 }
08-30 11:30:24.822  4451  4532 I appium  : [84521382 (success)] Synthesized: MotionEvent { action=ACTION_MOVE, actionButton=0, id[0]=0, x[0]=905.53845, y[0]=1037.0, toolType[0]=TOOL_TYPE_FINGER, buttonState=0, metaState=0, flags=0x0, edgeFlags=0x0, pointerCount=1, historySize=0, eventTime=84521382, downTime=84520661, deviceId=0, source=0x1002 }
08-30 11:30:24.855  4451  4532 I appium  : [84521402 (success)] Synthesized: MotionEvent { action=ACTION_MOVE, actionButton=0, id[0]=0, x[0]=972.0, y[0]=1037.0, toolType[0]=TOOL_TYPE_FINGER, buttonState=0, metaState=0, flags=0x0, edgeFlags=0x0, pointerCount=1, historySize=0, eventTime=84521402, downTime=84520661, deviceId=0, source=0x1002 }
08-30 11:30:24.856  4451  4532 I appium  : The event has been delayed for 22ms
08-30 11:30:24.639  1724  2178 I chatty  : uid=1000(system) AutobacklightTh identical 12 lines
08-30 11:30:24.859  1724  1853 V WindowOrientationListener: in onTouchEndLocked. proposedRotation=0, oldProposedRotation=0
08-30 11:30:24.868  4451  4532 I appium  : [84521426 (success)] Synthesized: MotionEvent { action=ACTION_UP, actionButton=0, id[0]=0, x[0]=972.0, y[0]=1037.0, toolType[0]=TOOL_TYPE_FINGER, buttonState=0, metaState=0, flags=0x0, edgeFlags=0x0, pointerCount=1, historySize=0, eventTime=84521426, downTime=84520661, deviceId=0, source=0x1002 }
08-30 11:30:24.878  4451  4532 I appium  : AppiumResponse: {"sessionId":"fb5651ef-65c8-4d5d-9f37-8c52d8f75db5","value":null}
08-30 11:30:24.906  4451  4532 I appium  : channel read: POST /wd/hub/session/fb5651ef-65c8-4d5d-9f37-8c52d8f75db5/element
08-30 11:30:24.909  4451  4532 I appium  : FindElement command
08-30 11:30:24.915  4451  4532 I appium  : method: 'id', selector: 'cn.missevan:id/live_cover', contextId: ''
08-30 11:30:24.923  4451  4532 I appium  : Waiting up to 10000ms for the device to idle
08-30 11:30:25.108  1724  6436 W ActivityManager: Unable to start service Intent { act=android.security.IKeyChainService cmp=com.android.keychain/.KeyChainService } U=999: not found
08-30 11:30:25.108  2404  4567 I SecurityController: java.lang.AssertionError: could not bind to KeyChainService
08-30 11:30:25.306   717   717 I SurfaceFlinger: FPS: 61
08-30 11:30:26.126  4451  4532 I appium  : AppiumResponse: {"sessionId":"fb5651ef-65c8-4d5d-9f37-8c52d8f75db5","value":{"ELEMENT":"18cff727-62b1-4f68-a63a-615d2b29e275","element-6066-11e4-a52e-4f735466cecf":"18cff727-62b1-4f68-a63a-615d2b29e275"}}
08-30 11:30:26.166  4451  4532 I appium  : channel read: POST /wd/hub/session/fb5651ef-65c8-4d5d-9f37-8c52d8f75db5/element
08-30 11:30:26.168  4451  4532 I appium  : FindElement command
08-30 11:30:26.176  4451  4532 I appium  : method: 'id', selector: 'cn.missevan:id/ll_content', contextId: ''
08-30 11:30:26.176  4451  4532 I appium  : Waiting up to 10000ms for the device to idle
08-30 11:30:26.356   717   717 I SurfaceFlinger: FPS: 37
08-30 11:30:26.386  4451  4532 I appium  : AppiumResponse: {"sessionId":"fb5651ef-65c8-4d5d-9f37-8c52d8f75db5","value":{"ELEMENT":"720d2f99-b60e-4bb6-a950-0598f79eabd4","element-6066-11e4-a52e-4f735466cecf":"720d2f99-b60e-4bb6-a950-0598f79eabd4"}}
08-30 11:30:26.410  4451  4532 I appium  : channel read: POST /wd/hub/session/fb5651ef-65c8-4d5d-9f37-8c52d8f75db5/element/720d2f99-b60e-4bb6-a950-0598f79eabd4/click
08-30 11:30:26.413  4451  4532 I appium  : Click command
08-30 11:30:26.249  1724  2178 I chatty  : uid=1000(system) AutobacklightTh identical 7 lines
08-30 11:30:26.448  1724  1853 V WindowOrientationListener: in onTouchEndLocked. proposedRotation=0, oldProposedRotation=0
08-30 11:30:26.458  3168  3168 E cn.missevan: No package ID ff found for ID 0xffffffff.
08-30 11:30:26.463  4451  4532 I appium  : Waiting up to 10000ms for the device to idle
08-30 11:30:26.468  4451  4532 I appium  : AppiumResponse: {"sessionId":"fb5651ef-65c8-4d5d-9f37-8c52d8f75db5","value":null}
08-30 11:30:26.490  4451  4532 I appium  : channel read: POST /wd/hub/session/fb5651ef-65c8-4d5d-9f37-8c52d8f75db5/element
08-30 11:30:26.492  4451  4532 I appium  : FindElement command
08-30 11:30:26.498  4451  4532 I appium  : method: 'id', selector: 'cn.missevan:id/live_cover', contextId: ''
08-30 11:30:26.499  4451  4532 I appium  : Waiting up to 10000ms for the device to idle
08-30 11:30:26.604  3168  3168 W StaticLayout: maxLineHeight should not be -1.  maxLines:1 lineCount:1
08-30 11:30:26.671  3168  3168 W StaticLayout: maxLineHeight should not be -1.  maxLines:1 lineCount:1
08-30 11:30:26.849  3168  3197 I cn.missevan: NativeAlloc concurrent copying GC freed 63634(4MB) AllocSpace objects, 36(2MB) LOS objects, 50% free, 16MB/33MB, paused 53.990ms total 173.645ms
08-30 11:30:27.042  4451  4532 I appium  : AppiumResponse: {"sessionId":"fb5651ef-65c8-4d5d-9f37-8c52d8f75db5","value":{"error":"no such element","message":"An element could not be located on the page using the given search parameters","stacktrace":"io.appium.uiautomator2.common.exceptions.ElementNotFoundException: An element could not be located on the pag
08-30 11:30:27.293   694   756 E ANDR-PERF-MPCTL: Invalid profile no. 0, total profiles 0 only
08-30 11:30:27.389   717   717 I SurfaceFlinger: FPS: 31
08-30 11:30:27.583  4451  4532 I appium  : channel read: POST /wd/hub/session/fb5651ef-65c8-4d5d-9f37-8c52d8f75db5/element
08-30 11:30:27.586  4451  4532 I appium  : FindElement command
08-30 11:30:27.592  4451  4532 I appium  : method: 'id', selector: 'cn.missevan:id/live_cover', contextId: ''
08-30 11:30:27.593  4451  4532 I appium  : Waiting up to 10000ms for the device to idle
08-30 11:30:28.424   717   717 I SurfaceFlinger: FPS: 43
08-30 11:30:28.764  4451  4532 I appium  : AppiumResponse: {"sessionId":"fb5651ef-65c8-4d5d-9f37-8c52d8f75db5","value":{"error":"no such element","message":"An element could not be located on the page using the given search parameters","stacktrace":"io.appium.uiautomator2.common.exceptions.ElementNotFoundException: An element could not be located on the pag
08-30 11:30:29.306  4451  4532 I appium  : channel read: POST /wd/hub/session/fb5651ef-65c8-4d5d-9f37-8c52d8f75db5/element
08-30 11:30:29.312  4451  4532 I appium  : FindElement command
08-30 11:30:29.318  4451  4532 I appium  : method: 'id', selector: 'cn.missevan:id/live_cover', contextId: ''
08-30 11:30:29.319  4451  4532 I appium  : Waiting up to 10000ms for the device to idle
08-30 11:30:29.440   717   717 I SurfaceFlinger: FPS: 31
08-30 11:30:29.650  4451  4532 I appium  : AppiumResponse: {"sessionId":"fb5651ef-65c8-4d5d-9f37-8c52d8f75db5","value":{"error":"no such element","message":"An element could not be located on the page using the given search parameters","stacktrace":"io.appium.uiautomator2.common.exceptions.ElementNotFoundException: An element could not be located on the pag
08-30 11:30:30.189  4451  4532 I appium  : channel read: POST /wd/hub/session/fb5651ef-65c8-4d5d-9f37-8c52d8f75db5/element
08-30 11:30:30.193  4451  4532 I appium  : FindElement command
08-30 11:30:30.202  4451  4532 I appium  : method: 'id', selector: 'cn.missevan:id/live_cover', contextId: ''
08-30 11:30:30.203  4451  4532 I appium  : Waiting up to 10000ms for the device to idle
08-30 11:30:30.295   694   756 E ANDR-PERF-MPCTL: Invalid profile no. 0, total profiles 0 only
08-30 11:30:30.424  4451  4532 I appium  : AppiumResponse: {"sessionId":"fb5651ef-65c8-4d5d-9f37-8c52d8f75db5","value":{"error":"no such element","message":"An element could not be located on the page using the given search parameters","stacktrace":"io.appium.uiautomator2.common.exceptions.ElementNotFoundException: An element could not be located on the pag
08-30 11:30:30.454   717   717 I SurfaceFlinger: FPS: 29
08-30 11:30:30.952  4451  4532 I appium  : channel read: POST /wd/hub/session/fb5651ef-65c8-4d5d-9f37-8c52d8f75db5/element
08-30 11:30:30.954  4451  4532 I appium  : FindElement command
08-30 11:30:30.961  4451  4532 I appium  : method: 'id', selector: 'cn.missevan:id/live_cover', contextId: ''
08-30 11:30:30.962  4451  4532 I appium  : Waiting up to 10000ms for the device to idle
08-30 11:30:31.369  3690  3711 I QcrilOemhookMsgTunnel: [0]processOemHookIndication length=151
08-30 11:30:31.369  3690  3711 D QcrilOemhookMsgTunnel: processOemHookIndication unsolId=1028
08-30 11:30:31.369  3690  3711 D QcrilOemhookMsgTunnel: Received RIL_UNSOL_OEM_HOOK_RAW messagelength=151 [4, 4, 0, 0, 81, 79, 69, 77, 72, 79, 79, 75, -44, 7, 8, 0, -125, 0, 0, 0, 11, 66, 83, 58, 52, 54, 48, 48, 49, 58, 1, 5, 4, 3, 127, 127, 127, 127, 1, 5, 4, 3, 127, 127, 127, 127, 1, 5, 4, 3, 127, 127, 127, 127, 1, 5, 4, 3, 127, 127, 127, 127, 1, 5, 4, 3, 127, 127, 127, 127, 1, 5, 4, 3, 127, 127, 127, 127, 1, 5, 4, 3, 127, 127, 127, 127, 1, 5, 4, 3, 127, 127, 127, 127, 1, 5, 4, 3, 127, 127, 127, 127, 1, 5, 4, 3, 127, 127, 127, 127, 1, 5, 4, 3, 127, 127, 127, 127, 1, 5, 4, 3, 127, 127, 127, 127, 1, 5, 4, 3, 127, 127, 127, 127, 1, 5, 4, 3, 127, 127, 127, 127, 1, 5, 4, 3, 127, 127, 127, 127, 1]
08-30 11:30:31.369  3690  3711 D QcrilOemhookMsgTunnel: Oem ID in RIL_UNSOL_OEM_HOOK_RAW is QOEMHOOK
08-30 11:30:31.370  3690  3711 D QcrilOemhookMsgTunnel: OEM ID check Passed
08-30 11:30:31.370  3690  3711 D QcrilOemhookMsgTunnel: Response ID in RIL_UNSOL_OEM_HOOK_RAW is 526292
08-30 11:30:31.371  3690  3711 D QcrilOemhookMsgTunnel: Response ID 526292 is not served in this process.
08-30 11:30:31.371  3690  3711 D QcrilOemhookMsgTunnel: To broadcast an Intent via the notifier to external apps
08-30 11:30:31.371  3690  3711 D QcrilOemhookMsgTunnel: processUnsol: response length=147
08-30 11:30:31.372  3690  3690 D QcrilMsgTunnelIfaceManager: handleMessage what = 0
08-30 11:30:31.078  1724  2178 I chatty  : uid=1000(system) AutobacklightTh identical 28 lines
08-30 11:30:31.384  1724  2655 I PackageManager: ### pkg:Package{830c0dd com.vivo.networkimprove}
08-30 11:30:31.385  1724  1852 D ActivityManager: StartMode packageName = com.vivo.networkimprove ,callingPid = -1 ,alwaysRestrict = true ,startMode = 2 ,UidRec:null
08-30 11:30:31.424  1724  1855 I ActivityManager: Start proc 4571:com.vivo.networkimprove/u0a66 for broadcast com.vivo.networkimprove/.StartupReceiver
08-30 11:30:31.441  4571  4571 E .networkimprov: Not starting debugger since process cannot load the jdwp agent.
08-30 11:30:31.471   717   717 I SurfaceFlinger: FPS: 31
08-30 11:30:31.537  4451  4532 I appium  : AppiumResponse: {"sessionId":"fb5651ef-65c8-4d5d-9f37-8c52d8f75db5","value":{"error":"no such element","message":"An element could not be located on the page using the given search parameters","stacktrace":"io.appium.uiautomator2.common.exceptions.ElementNotFoundException: An element could not be located on the pag
08-30 11:30:31.555  4571  4571 I Perf    : Connecting to perf service.
08-30 11:30:31.578  4571  4571 W BD_CloudData: Encrypt failed.
08-30 11:30:31.578  4571  4571 W BD_CloudData: java.lang.NoSuchMethodException: vivoRSAEncrypt [class [B]
08-30 11:30:31.578  4571  4571 W BD_CloudData: 	at java.lang.Class.getMethod(Class.java:2068)
08-30 11:30:31.578  4571  4571 W BD_CloudData: 	at java.lang.Class.getMethod(Class.java:1690)
08-30 11:30:31.578  4571  4571 W BD_CloudData: 	at com.vivo.analysis.a.a(VivoCloudData.java:243)
08-30 11:30:31.578  4571  4571 W BD_CloudData: 	at com.vivo.analysis.a.<init>(VivoCloudData.java:40)
08-30 11:30:31.578  4571  4571 W BD_CloudData: 	at com.vivo.analysis.a.a(VivoCloudData.java:61)
08-30 11:30:31.578  4571  4571 W BD_CloudData: 	at com.vivo.networkimprove.factory.c.<init>(VivoCloudDataUpload.java:38)
08-30 11:30:31.578  4571  4571 W BD_CloudData: 	at com.vivo.networkimprove.StartupReceiver.onReceive(StartupReceiver.java:168)
08-30 11:30:31.578  4571  4571 W BD_CloudData: 	at android.app.ActivityThread.handleReceiver(ActivityThread.java:3613)
08-30 11:30:31.578  4571  4571 W BD_CloudData: 	at android.app.ActivityThread.access$1300(ActivityThread.java:236)
08-30 11:30:31.578  4571  4571 W BD_CloudData: 	at android.app.ActivityThread$H.handleMessage(ActivityThread.java:1862)
08-30 11:30:31.578  4571  4571 W BD_CloudData: 	at android.os.Handler.dispatchMessage(Handler.java:106)
08-30 11:30:31.578  4571  4571 W BD_CloudData: 	at android.os.Looper.loop(Looper.java:224)
08-30 11:30:31.578  4571  4571 W BD_CloudData: 	at android.app.ActivityThread.main(ActivityThread.java:7042)
08-30 11:30:31.578  4571  4571 W BD_CloudData: 	at java.lang.reflect.Method.invoke(Native Method)
08-30 11:30:31.578  4571  4571 W BD_CloudData: 	at com.android.internal.os.RuntimeInit$MethodAndArgsCaller.run(RuntimeInit.java:536)
08-30 11:30:31.578  4571  4571 W BD_CloudData: 	at com.android.internal.os.ZygoteInit.main(ZygoteInit.java:868)
08-30 11:30:31.743  1724  2070 I chatty  : uid=1000(system) WifiStateMachin expire 10 lines
08-30 11:30:32.087  4451  4532 I appium  : channel read: GET /wd/hub/session/fb5651ef-65c8-4d5d-9f37-8c52d8f75db5/screenshot
08-30 11:30:32.092  4451  4532 I appium  : CaptureScreenshot command
08-30 11:30:32.352   717   717 I ConfigStore: android::hardware::configstore::V1_0::ISurfaceFlingerConfigs::hasHDRDisplay retrieved: 0
08-30 11:30:32.354   717   717 I chatty  : uid=1000(system) /system/bin/surfaceflinger identical 4 lines
08-30 11:30:32.354   717   717 I ConfigStore: android::hardware::configstore::V1_0::ISurfaceFlingerConfigs::hasHDRDisplay retrieved: 0
08-30 11:30:32.473   717   717 I SurfaceFlinger: FPS: 29
08-30 11:30:32.525  1724  2178 I chatty  : uid=1000(system) AutobacklightTh identical 6 lines
08-30 11:30:32.828  1007  1109 E storaged: getDiskStats failed with result NOT_SUPPORTED and size 0
08-30 11:30:32.914  4451  4532 I appium  : AppiumResponse: {"sessionId":"fb5651ef-65c8-4d5d-9f37-8c52d8f75db5","value":"iVBORw0KGgoAAAANSUhEUgAABDgAAAjoCAYAAAA5jhrUAAAABHNCSVQICAgIfAhkiAAAIABJREFU\neJzs3Xd8U+X+B/DPSdJ0JF3QQRmllE2RJRRlTwEVRa5y3RcFAUURByBUQJENiiLSC/rCy7p6lR8g\nypItCqWMyiqjFEqBQgfdoSvJ+f0Rc+xpktKRNk37eb9eleaM5zyntsk53/N9vo8giqIIIiIiIiIi\nIiInp
08-30 11:30:33.505   717   717 I SurfaceFlinger: FPS: 45
08-30 11:30:34.481  3105  3137 W System.err: android.provider.Settings$SettingNotFoundException: isFindPhoneOpened
08-30 11:30:34.481  3105  3137 W System.err: 	at android.provider.Settings$System.getIntForUser(Settings.java:2541)
08-30 11:30:34.481  3105  3137 W System.err: 	at android.provider.Settings$System.getInt(Settings.java:2531)
08-30 11:30:34.481  3105  3137 W System.err: 	at com.vivo.findphone.utils.y.a(FbeUtil.java:2)
08-30 11:30:34.481  3105  3137 W System.err: 	at com.vivo.findphone.utils.x.h(FPSetting.java:1)
08-30 11:30:34.481  3105  3137 W System.err: 	at com.vivo.findphone.utils.d.l(AuthorizeHelper.java:1)
08-30 11:30:34.481  3105  3137 W System.err: 	at com.vivo.findphone.utils.h1.a(SystemIdUtils.java:4)
08-30 11:30:34.481  3105  3137 W System.err: 	at com.vivo.findphone.utils.r$a.getImei(CommonInitHelper.java:1)
08-30 11:30:34.481  3105  3137 W System.err: 	at com.vivo.ic.crashcollector.utils.d.a(CrashCollectorUtil.java:18)
08-30 11:30:34.481  3105  3137 W System.err: 	at com.vivo.ic.crashcollector.c.b.a(HttpRequest.java:110)
08-30 11:30:34.481  3105  3137 W System.err: 	at com.vivo.ic.crashcollector.c.b.a(HttpRequest.java:66)
08-30 11:30:34.481  3105  3137 W System.err: 	at com.vivo.ic.crashcollector.utils.t.c(SendHelper.java:18)
08-30 11:30:34.481  3105  3137 W System.err: 	at com.vivo.ic.crashcollector.utils.t.a(SendHelper.java:34)
08-30 11:30:34.481  3105  3137 W System.err: 	at com.vivo.ic.crashcollector.CrashCollector$a.handleMessage(CrashCollector.java:76)
08-30 11:30:34.481  3105  3137 W System.err: 	at android.os.Handler.dispatchMessage(Handler.java:106)
08-30 11:30:34.481  3105  3137 W System.err: 	at android.os.Looper.loop(Looper.java:224)
08-30 11:30:34.481  3105  3137 W System.err: 	at android.os.HandlerThread.run(HandlerThread.java:65)
08-30 11:30:34.482  3105  3137 W System.err: android.provider.Settings$SettingNotFoundException: isFindPhoneOpened
08-30 11:30:34.482  3105  3137 W System.err: 	at android.provider.Settings$System.getIntForUser(Settings.java:2541)
08-30 11:30:34.482  3105  3137 W System.err: 	at android.provider.Settings$System.getInt(Settings.java:2531)
08-30 11:30:34.482  3105  3137 W System.err: 	at com.vivo.findphone.utils.y.a(FbeUtil.java:2)
08-30 11:30:34.482  3105  3137 W System.err: 	at com.vivo.findphone.utils.x.h(FPSetting.java:1)
08-30 11:30:34.482  3105  3137 W System.err: 	at com.vivo.findphone.utils.d.l(AuthorizeHelper.java:1)
08-30 11:30:34.482  3105  3137 W System.err: 	at com.vivo.findphone.utils.h1.a(SystemIdUtils.java:6)
08-30 11:30:34.482  3105  3137 W System.err: 	at com.vivo.findphone.utils.r$a.getSn(CommonInitHelper.java:1)
08-30 11:30:34.482  3105  3137 W System.err: 	at com.vivo.ic.crashcollector.utils.d.a(CrashCollectorUtil.java:21)
08-30 11:30:34.482  3105  3137 W System.err: 	at com.vivo.ic.crashcollector.c.b.a(HttpRequest.java:110)
08-30 11:30:34.482  3105  3137 W System.err: 	at com.vivo.ic.crashcollector.c.b.a(HttpRequest.java:66)
08-30 11:30:34.482  3105  3137 W System.err: 	at com.vivo.ic.crashcollector.utils.t.c(SendHelper.java:18)
08-30 11:30:34.482  3105  3137 W System.err: 	at com.vivo.ic.crashcollector.utils.t.a(SendHelper.java:34)
08-30 11:30:34.482  3105  3137 W System.err: 	at com.vivo.ic.crashcollector.CrashCollector$a.handleMessage(CrashCollector.java:76)
08-30 11:30:34.482  3105  3137 W System.err: 	at android.os.Handler.dispatchMessage(Handler.java:106)
08-30 11:30:34.482  3105  3137 W System.err: 	at android.os.Looper.loop(Looper.java:224)
08-30 11:30:34.482  3105  3137 W System.err: 	at android.os.HandlerThread.run(HandlerThread.java:65)
08-30 11:30:34.487  3105  3137 W System.err: android.provider.Settings$SettingNotFoundException: isFindPhoneOpened
08-30 11:30:34.488  3105  3137 W System.err: 	at android.provider.Settings$System.getIntForUser(Settings.java:2541)
08-30 11:30:34.488  3105  3137 W System.err: 	at android.provider.Settings$System.getInt(Settings.java:2531)
08-30 11:30:34.488  3105  3137 W System.err: 	at com.vivo.findphone.utils.y.a(FbeUtil.java:2)
08-30 11:30:34.488  3105  3137 W System.err: 	at com.vivo.findphone.utils.x.h(FPSetting.java:1)
08-30 11:30:34.488  3105  3137 W System.err: 	at com.vivo.findphone.utils.d.l(AuthorizeHelper.java:1)
08-30 11:30:34.488  3105  3137 W System.err: 	at com.vivo.findphone.utils.r$b.isUserAllowAccessNet(CommonInitHelper.java:1)
08-30 11:30:34.488  3105  3137 W System.err: 	at com.vivo.ic.crashcollector.c.b.a(HttpRequest.java:124)
08-30 11:30:34.488  3105  3137 W System.err: 	at com.vivo.ic.crashcollector.c.b.a(HttpRequest.java:86)
08-30 11:30:34.488  3105  3137 W System.err: 	at com.vivo.ic.crashcollector.utils.t.c(SendHelper.java:18)
08-30 11:30:34.488  3105  3137 W System.err: 	at com.vivo.ic.crashcollector.utils.t.a(SendHelper.java:34)
08-30 11:30:34.488  3105  3137 W System.err: 	at com.vivo.ic.crashcollector.CrashCollector$a.handleMessage(CrashCollector.java:76)
08-30 11:30:34.488  3105  3137 W System.err: 	at android.os.Handler.dispatchMessage(Handler.java:106)
08-30 11:30:34.488  3105  3137 W System.err: 	at android.os.Looper.loop(Looper.java:224)
08-30 11:30:34.488  3105  3137 W System.err: 	at android.os.HandlerThread.run(HandlerThread.java:65)
08-30 11:30:34.489  3105  3137 W System.err: android.provider.Settings$SettingNotFoundException: isFindPhoneOpened
08-30 11:30:34.489  3105  3137 W System.err: 	at android.provider.Settings$System.getIntForUser(Settings.java:2541)
08-30 11:30:34.489  3105  3137 W System.err: 	at android.provider.Settings$System.getInt(Settings.java:2531)
08-30 11:30:34.489  3105  3137 W System.err: 	at com.vivo.findphone.utils.y.a(FbeUtil.java:2)
08-30 11:30:34.489  3105  3137 W System.err: 	at com.vivo.findphone.utils.x.h(FPSetting.java:1)
08-30 11:30:34.489  3105  3137 W System.err: 	at com.vivo.findphone.utils.d.l(AuthorizeHelper.java:1)
08-30 11:30:34.489  3105  3137 W System.err: 	at com.vivo.findphone.utils.h1.a(SystemIdUtils.java:4)
08-30 11:30:34.489  3105  3137 W System.err: 	at com.vivo.findphone.utils.r$a.getImei(CommonInitHelper.java:1)
08-30 11:30:34.489  3105  3137 W System.err: 	at com.vivo.ic.crashcollector.utils.d.a(CrashCollectorUtil.java:18)
08-30 11:30:34.489  3105  3137 W System.err: 	at com.vivo.ic.crashcollector.c.b.a(HttpRequest.java:110)
08-30 11:30:34.489  3105  3137 W System.err: 	at com.vivo.ic.crashcollector.c.b.a(HttpRequest.java:66)
08-30 11:30:34.489  3105  3137 W System.err: 	at com.vivo.ic.crashcollector.utils.t.c(SendHelper.java:18)
08-30 11:30:34.489  3105  3137 W System.err: 	at com.vivo.ic.crashcollector.utils.t.a(SendHelper.java:34)
08-30 11:30:34.490  3105  3137 W System.err: 	at com.vivo.ic.crashcollector.CrashCollector$a.handleMessage(CrashCollector.java:76)
08-30 11:30:34.490  3105  3137 W System.err: 	at android.os.Handler.dispatchMessage(Handler.java:106)
08-30 11:30:34.490  3105  3137 W System.err: 	at android.os.Looper.loop(Looper.java:224)
