08-30 10:56:04.694  2404  2404 D KeyguardUpdateMonitor: received broadcast android.intent.action.BATTERY_CHANGED
08-30 10:56:04.695  2404  2404 D KeyguardUpdateMonitor: handleBatteryUpdate
08-30 10:56:04.695  2831  2831 D QtiCarrierConfigHelper: WARNING, no carrier configs on phone Id: 0
08-30 10:56:04.698   692   692 V LocSvc_HIDL_IzatSubscription: [batteryLevelUpdate][777] [HS] <<<<= [HC]
08-30 10:56:04.709  2404  2404 D KeyguardUpdateMonitor: received broadcast android.intent.action.BATTERY_CHANGED
08-30 10:56:04.709  2404  2404 D KeyguardUpdateMonitor: handleBatteryUpdate
08-30 10:56:04.713   692   692 V LocSvc_HIDL_IzatSubscription: [batteryLevelUpdate][777] [HS] <<<<= [HC]
08-30 10:56:04.713  2831  2831 D QtiCarrierConfigHelper: WARNING, no carrier configs on phone Id: 0
08-30 10:56:04.717  2404  2404 D KeyguardUpdateMonitor: received broadcast android.intent.action.BATTERY_CHANGED
08-30 10:56:04.718  2404  2404 D KeyguardUpdateMonitor: handleBatteryUpdate
08-30 10:56:04.719  2831  2831 D QtiCarrierConfigHelper: WARNING, no carrier configs on phone Id: 0
08-30 10:56:04.720   692   692 V LocSvc_HIDL_IzatSubscription: [batteryLevelUpdate][777] [HS] <<<<= [HC]
08-30 10:56:04.731  2404  2404 D KeyguardUpdateMonitor: received broadcast android.intent.action.BATTERY_CHANGED
08-30 10:56:04.733  2831  2831 D QtiCarrierConfigHelper: WARNING, no carrier configs on phone Id: 0
08-30 10:56:04.734   692   692 V LocSvc_HIDL_IzatSubscription: [batteryLevelUpdate][777] [HS] <<<<= [HC]
08-30 10:56:04.734  2404  2404 D KeyguardUpdateMonitor: handleBatteryUpdate
08-30 10:56:04.743  2404  2404 D KeyguardUpdateMonitor: received broadcast android.intent.action.BATTERY_CHANGED
08-30 10:56:04.744  2831  2831 D QtiCarrierConfigHelper: WARNING, no carrier configs on phone Id: 0
08-30 10:56:04.744   692   692 V LocSvc_HIDL_IzatSubscription: [batteryLevelUpdate][777] [HS] <<<<= [HC]
08-30 10:56:04.748  2404  2404 D KeyguardUpdateMonitor: handleBatteryUpdate
08-30 10:56:04.748  2404  2404 D KeyguardUpdateMonitor: received broadcast android.intent.action.BATTERY_CHANGED
08-30 10:56:04.749  2831  2831 D QtiCarrierConfigHelper: WARNING, no carrier configs on phone Id: 0
08-30 10:56:04.749   692   692 V LocSvc_HIDL_IzatSubscription: [batteryLevelUpdate][777] [HS] <<<<= [HC]
08-30 10:56:04.750  2404  2404 D KeyguardUpdateMonitor: handleBatteryUpdate
08-30 10:56:04.759  2404  2404 D KeyguardUpdateMonitor: received broadcast android.intent.action.BATTERY_CHANGED
08-30 10:56:04.760  2831  2831 D QtiCarrierConfigHelper: WARNING, no carrier configs on phone Id: 0
08-30 10:56:04.760  2404  2404 D KeyguardUpdateMonitor: handleBatteryUpdate
08-30 10:56:04.761   692   692 V LocSvc_HIDL_IzatSubscription: [batteryLevelUpdate][777] [HS] <<<<= [HC]
08-30 10:56:04.768  2404  2404 D KeyguardUpdateMonitor: received broadcast android.intent.action.BATTERY_CHANGED
08-30 10:56:04.769  2831  2831 D QtiCarrierConfigHelper: WARNING, no carrier configs on phone Id: 0
08-30 10:56:04.769   692   692 V LocSvc_HIDL_IzatSubscription: [batteryLevelUpdate][777] [HS] <<<<= [HC]
08-30 10:56:04.769  2404  2404 D KeyguardUpdateMonitor: handleBatteryUpdate
08-30 10:56:04.780  2404  2404 D KeyguardUpdateMonitor: received broadcast android.intent.action.BATTERY_CHANGED
08-30 10:56:04.780  2831  2831 D QtiCarrierConfigHelper: WARNING, no carrier configs on phone Id: 0
08-30 10:56:04.781  2404  2404 D KeyguardUpdateMonitor: handleBatteryUpdate
08-30 10:56:04.782   692   692 V LocSvc_HIDL_IzatSubscription: [batteryLevelUpdate][777] [HS] <<<<= [HC]
08-30 10:56:04.790  2404  2404 D KeyguardUpdateMonitor: received broadcast android.intent.action.BATTERY_CHANGED
08-30 10:56:04.791  2831  2831 D QtiCarrierConfigHelper: WARNING, no carrier configs on phone Id: 0
08-30 10:56:04.791  2404  2404 D KeyguardUpdateMonitor: handleBatteryUpdate
08-30 10:56:04.792   692   692 V LocSvc_HIDL_IzatSubscription: [batteryLevelUpdate][777] [HS] <<<<= [HC]
08-30 10:56:04.800  2404  2404 D KeyguardUpdateMonitor: received broadcast android.intent.action.BATTERY_CHANGED
08-30 10:56:04.801  2404  2404 D KeyguardUpdateMonitor: handleBatteryUpdate
08-30 10:56:04.801  2831  2831 D QtiCarrierConfigHelper: WARNING, no carrier configs on phone Id: 0
08-30 10:56:04.801   692   692 V LocSvc_HIDL_IzatSubscription: [batteryLevelUpdate][777] [HS] <<<<= [HC]
08-30 10:56:04.812  2404  2404 D KeyguardUpdateMonitor: received broadcast android.intent.action.BATTERY_CHANGED
08-30 10:56:04.813  2831  2831 D QtiCarrierConfigHelper: WARNING, no carrier configs on phone Id: 0
08-30 10:56:04.819  2404  2404 D KeyguardUpdateMonitor: handleBatteryUpdate
08-30 10:56:04.820   692   692 V LocSvc_HIDL_IzatSubscription: [batteryLevelUpdate][777] [HS] <<<<= [HC]
08-30 10:56:04.826  2404  2404 D KeyguardUpdateMonitor: received broadcast android.intent.action.BATTERY_CHANGED
08-30 10:56:04.827  2404  2404 D KeyguardUpdateMonitor: handleBatteryUpdate
08-30 10:56:04.829   692   692 V LocSvc_HIDL_IzatSubscription: [batteryLevelUpdate][777] [HS] <<<<= [HC]
08-30 10:56:04.833  2404  2404 D KeyguardUpdateMonitor: received broadcast android.intent.action.BATTERY_CHANGED
08-30 10:56:04.833  2404  2404 D KeyguardUpdateMonitor: handleBatteryUpdate
08-30 10:56:04.834   692   692 V LocSvc_HIDL_IzatSubscription: [batteryLevelUpdate][777] [HS] <<<<= [HC]
08-30 10:56:04.843  2404  2404 D KeyguardUpdateMonitor: received broadcast android.intent.action.BATTERY_CHANGED
08-30 10:56:04.844  2404  2404 D KeyguardUpdateMonitor: handleBatteryUpdate
08-30 10:56:04.845   692   692 V LocSvc_HIDL_IzatSubscription: [batteryLevelUpdate][777] [HS] <<<<= [HC]
08-30 10:56:04.849  2831  2831 D QtiCarrierConfigHelper: WARNING, no carrier configs on phone Id: 0
08-30 10:56:04.854  2831  2831 I chatty  : uid=1001(radio) com.android.phone identical 1 line
08-30 10:56:04.854  2831  2831 D QtiCarrierConfigHelper: WARNING, no carrier configs on phone Id: 0
08-30 10:56:04.859  2404  2404 D KeyguardUpdateMonitor: received broadcast android.intent.action.BATTERY_CHANGED
08-30 10:56:04.859  2404  2404 D KeyguardUpdateMonitor: handleBatteryUpdate
08-30 10:56:04.863   692   692 V LocSvc_HIDL_IzatSubscription: [batteryLevelUpdate][777] [HS] <<<<= [HC]
08-30 10:56:04.865  2404  2404 D KeyguardUpdateMonitor: received broadcast android.intent.action.BATTERY_CHANGED
08-30 10:56:04.865  2404  2404 D KeyguardUpdateMonitor: handleBatteryUpdate
08-30 10:56:04.868   692   692 V LocSvc_HIDL_IzatSubscription: [batteryLevelUpdate][777] [HS] <<<<= [HC]
08-30 10:56:04.872  2831  2831 D QtiCarrierConfigHelper: WARNING, no carrier configs on phone Id: 0
08-30 10:56:04.873  2831  2831 D QtiCarrierConfigHelper: WARNING, no carrier configs on phone Id: 0
08-30 10:56:04.887  2404  2404 D KeyguardUpdateMonitor: received broadcast android.intent.action.BATTERY_CHANGED
08-30 10:56:04.888  2404  2404 D KeyguardUpdateMonitor: handleBatteryUpdate
08-30 10:56:04.889  2831  2831 D QtiCarrierConfigHelper: WARNING, no carrier configs on phone Id: 0
08-30 10:56:04.889   692   692 V LocSvc_HIDL_IzatSubscription: [batteryLevelUpdate][777] [HS] <<<<= [HC]
08-30 10:56:04.899  2404  2404 D KeyguardUpdateMonitor: received broadcast android.intent.action.BATTERY_CHANGED
08-30 10:56:04.900  2404  2404 D KeyguardUpdateMonitor: handleBatteryUpdate
08-30 10:56:04.900  2831  2831 D QtiCarrierConfigHelper: WARNING, no carrier configs on phone Id: 0
08-30 10:56:04.901   692   692 V LocSvc_HIDL_IzatSubscription: [batteryLevelUpdate][777] [HS] <<<<= [HC]
08-30 10:56:04.907  2404  2404 D KeyguardUpdateMonitor: received broadcast android.intent.action.BATTERY_CHANGED
08-30 10:56:04.908  2404  2404 D KeyguardUpdateMonitor: handleBatteryUpdate
08-30 10:56:04.909   692   692 V LocSvc_HIDL_IzatSubscription: [batteryLevelUpdate][777] [HS] <<<<= [HC]
08-30 10:56:04.918  2404  2404 D KeyguardUpdateMonitor: received broadcast android.intent.action.BATTERY_CHANGED
08-30 10:56:04.919  2404  2404 D KeyguardUpdateMonitor: handleBatteryUpdate
08-30 10:56:04.920  2831  2854 I m.android.phon: Background concurrent copying GC freed 44211(2MB) AllocSpace objects, 0(0B) LOS objects, 50% free, 2MB/5MB, paused 203us total 105.589ms
08-30 10:56:04.922  2831  2831 D QtiCarrierConfigHelper: WARNING, no carrier configs on phone Id: 0
08-30 10:56:04.922   692   692 V LocSvc_HIDL_IzatSubscription: [batteryLevelUpdate][777] [HS] <<<<= [HC]
08-30 10:56:04.922  2831  2831 D QtiCarrierConfigHelper: WARNING, no carrier configs on phone Id: 0
08-30 10:56:04.929  2404  2404 D KeyguardUpdateMonitor: received broadcast android.intent.action.BATTERY_CHANGED
08-30 10:56:04.929  2404  2404 D KeyguardUpdateMonitor: handleBatteryUpdate
08-30 10:56:04.932  2831  2831 D QtiCarrierConfigHelper: WARNING, no carrier configs on phone Id: 0
08-30 10:56:04.940  2404  2404 D KeyguardUpdateMonitor: received broadcast android.intent.action.BATTERY_CHANGED
08-30 10:56:04.940  2404  2404 D KeyguardUpdateMonitor: handleBatteryUpdate
08-30 10:56:04.943  2831  2831 D QtiCarrierConfigHelper: WARNING, no carrier configs on phone Id: 0
08-30 10:56:04.949   692   692 V LocSvc_HIDL_IzatSubscription: [batteryLevelUpdate][777] [HS] <<<<= [HC]
08-30 10:56:04.952   692   692 V LocSvc_HIDL_IzatSubscription: [batteryLevelUpdate][777] [HS] <<<<= [HC]
08-30 10:56:04.954  2404  2404 D KeyguardUpdateMonitor: received broadcast android.intent.action.BATTERY_CHANGED
08-30 10:56:04.955  2404  2404 D KeyguardUpdateMonitor: handleBatteryUpdate
08-30 10:56:04.956  2831  2831 D QtiCarrierConfigHelper: WARNING, no carrier configs on phone Id: 0
08-30 10:56:04.957   692   692 V LocSvc_HIDL_IzatSubscription: [batteryLevelUpdate][777] [HS] <<<<= [HC]
08-30 10:56:04.963  2404  2404 D KeyguardUpdateMonitor: received broadcast android.intent.action.BATTERY_CHANGED
08-30 10:56:04.963  2404  2404 D KeyguardUpdateMonitor: handleBatteryUpdate
08-30 10:56:04.965  2831  2831 D QtiCarrierConfigHelper: WARNING, no carrier configs on phone Id: 0
08-30 10:56:04.967   692   692 V LocSvc_HIDL_IzatSubscription: [batteryLevelUpdate][777] [HS] <<<<= [HC]
08-30 10:56:04.982  6559  6580 I droid.bluetoot: Background concurrent copying GC freed 23571(1460KB) AllocSpace objects, 0(0B) LOS objects, 54% free, 1279KB/2MB, paused 8.411ms total 64.936ms
08-30 10:56:05.134   717   717 I SurfaceFlinger: FPS: 12
08-30 10:56:05.355 32517 32543 I appium  : channel read: POST /wd/hub/session/d393dc32-da76-43c7-bb8a-4b8e61fc211e/element
08-30 10:56:05.358 32517 32543 I appium  : FindElement command
08-30 10:56:05.366 32517 32543 I appium  : method: 'id', selector: 'cn.missevan:id/bg_live_level1', contextId: ''
08-30 10:56:05.367 32517 32543 I appium  : Waiting up to 10000ms for the device to idle
08-30 10:56:05.859 32517 32543 I appium  : AppiumResponse: {"sessionId":"d393dc32-da76-43c7-bb8a-4b8e61fc211e","value":{"ELEMENT":"16c91871-4ff1-4f41-9989-5ae2e7ffef4a","element-6066-11e4-a52e-4f735466cecf":"16c91871-4ff1-4f41-9989-5ae2e7ffef4a"}}
08-30 10:56:05.783  1724  2178 I chatty  : uid=1000(system) AutobacklightTh identical 5 lines
08-30 10:56:05.975  2404  2404 D KeyguardUpdateMonitor: received broadcast android.intent.action.BATTERY_CHANGED
08-30 10:56:05.976  2404  2404 D KeyguardUpdateMonitor: handleBatteryUpdate
08-30 10:56:05.980  2831  2831 D QtiCarrierConfigHelper: WARNING, no carrier configs on phone Id: 0
08-30 10:56:05.984   692   692 V LocSvc_HIDL_IzatSubscription: [batteryLevelUpdate][777] [HS] <<<<= [HC]
08-30 10:56:06.372   717   717 I SurfaceFlinger: FPS: 4
08-30 10:56:06.527  4450 12128 D VMS_SDK_DB: insert:1
08-30 10:56:06.894 32517 32543 I appium  : channel read: POST /wd/hub/session/d393dc32-da76-43c7-bb8a-4b8e61fc211e/actions
08-30 10:56:06.899 32517 32543 I appium  : W3CActions command
08-30 10:56:07.116   694   756 E ANDR-PERF-MPCTL: Invalid profile no. 0, total profiles 0 only
08-30 10:56:07.194 32517 32543 I appium  : [82463754 (success)] Synthesized: MotionEvent { action=ACTION_DOWN, actionButton=0, id[0]=0, x[0]=945.0, y[0]=1037.0, toolType[0]=TOOL_TYPE_FINGER, buttonState=0, metaState=0, flags=0x0, edgeFlags=0x0, pointerCount=1, historySize=0, eventTime=82463754, downTime=82463753, deviceId=0, source=0x1002 }
08-30 10:56:07.554  1724  2178 I chatty  : uid=1000(system) AutobacklightTh identical 9 lines
08-30 10:56:07.831   717   717 I SurfaceFlinger: FPS: 7
08-30 10:56:08.200 32517 32543 I appium  : [82464754 (success)] Synthesized: MotionEvent { action=ACTION_MOVE, actionButton=0, id[0]=0, x[0]=945.0, y[0]=1037.0, toolType[0]=TOOL_TYPE_FINGER, buttonState=0, metaState=0, flags=0x0, edgeFlags=0x0, pointerCount=1, historySize=0, eventTime=82464754, downTime=82463753, deviceId=0, source=0x1002 }
08-30 10:56:08.231   694   756 E ANDR-PERF-MPCTL: Invalid profile no. 0, total profiles 0 only
08-30 10:56:08.232 32517 32543 I appium  : [82464774 (success)] Synthesized: MotionEvent { action=ACTION_MOVE, actionButton=0, id[0]=0, x[0]=820.38464, y[0]=1037.0, toolType[0]=TOOL_TYPE_FINGER, buttonState=0, metaState=0, flags=0x0, edgeFlags=0x0, pointerCount=1, historySize=0, eventTime=82464774, downTime=82463753, deviceId=0, source=0x1002 }
08-30 10:56:08.233 32517 32543 I appium  : The event has been delayed for 27ms
08-30 10:56:08.247 32517 32543 I appium  : [82464802 (success)] Synthesized: MotionEvent { action=ACTION_MOVE, actionButton=0, id[0]=0, x[0]=758.0769, y[0]=1037.0, toolType[0]=TOOL_TYPE_FINGER, buttonState=0, metaState=0, flags=0x0, edgeFlags=0x0, pointerCount=1, historySize=0, eventTime=82464802, downTime=82463753, deviceId=0, source=0x1002 }
08-30 10:56:08.264 32517 32543 I appium  : [82464816 (success)] Synthesized: MotionEvent { action=ACTION_MOVE, actionButton=0, id[0]=0, x[0]=695.7692, y[0]=1037.0, toolType[0]=TOOL_TYPE_FINGER, buttonState=0, metaState=0, flags=0x0, edgeFlags=0x0, pointerCount=1, historySize=0, eventTime=82464816, downTime=82463753, deviceId=0, source=0x1002 }
08-30 10:56:08.281 32517 32543 I appium  : [82464833 (success)] Synthesized: MotionEvent { action=ACTION_MOVE, actionButton=0, id[0]=0, x[0]=633.46155, y[0]=1037.0, toolType[0]=TOOL_TYPE_FINGER, buttonState=0, metaState=0, flags=0x0, edgeFlags=0x0, pointerCount=1, historySize=0, eventTime=82464833, downTime=82463753, deviceId=0, source=0x1002 }
08-30 10:56:08.297 32517 32543 I appium  : [82464854 (success)] Synthesized: MotionEvent { action=ACTION_MOVE, actionButton=0, id[0]=0, x[0]=571.1538, y[0]=1037.0, toolType[0]=TOOL_TYPE_FINGER, buttonState=0, metaState=0, flags=0x0, edgeFlags=0x0, pointerCount=1, historySize=0, eventTime=82464854, downTime=82463753, deviceId=0, source=0x1002 }
08-30 10:56:08.331 32517 32543 I appium  : [82464874 (success)] Synthesized: MotionEvent { action=ACTION_MOVE, actionButton=0, id[0]=0, x[0]=508.84613, y[0]=1037.0, toolType[0]=TOOL_TYPE_FINGER, buttonState=0, metaState=0, flags=0x0, edgeFlags=0x0, pointerCount=1, historySize=0, eventTime=82464874, downTime=82463753, deviceId=0, source=0x1002 }
08-30 10:56:08.332 32517 32543 I appium  : The event has been delayed for 25ms
08-30 10:56:08.347 32517 32543 I appium  : [82464901 (success)] Synthesized: MotionEvent { action=ACTION_MOVE, actionButton=0, id[0]=0, x[0]=446.53845, y[0]=1037.0, toolType[0]=TOOL_TYPE_FINGER, buttonState=0, metaState=0, flags=0x0, edgeFlags=0x0, pointerCount=1, historySize=0, eventTime=82464901, downTime=82463753, deviceId=0, source=0x1002 }
08-30 10:56:08.364 32517 32543 I appium  : [82464916 (success)] Synthesized: MotionEvent { action=ACTION_MOVE, actionButton=0, id[0]=0, x[0]=384.23077, y[0]=1037.0, toolType[0]=TOOL_TYPE_FINGER, buttonState=0, metaState=0, flags=0x0, edgeFlags=0x0, pointerCount=1, historySize=0, eventTime=82464916, downTime=82463753, deviceId=0, source=0x1002 }
08-30 10:56:08.385 32517 32543 I appium  : [82464934 (success)] Synthesized: MotionEvent { action=ACTION_MOVE, actionButton=0, id[0]=0, x[0]=321.9231, y[0]=1037.0, toolType[0]=TOOL_TYPE_FINGER, buttonState=0, metaState=0, flags=0x0, edgeFlags=0x0, pointerCount=1, historySize=0, eventTime=82464934, downTime=82463753, deviceId=0, source=0x1002 }
08-30 10:56:08.398 32517 32543 I appium  : [82464955 (success)] Synthesized: MotionEvent { action=ACTION_MOVE, actionButton=0, id[0]=0, x[0]=259.61536, y[0]=1037.0, toolType[0]=TOOL_TYPE_FINGER, buttonState=0, metaState=0, flags=0x0, edgeFlags=0x0, pointerCount=1, historySize=0, eventTime=82464955, downTime=82463753, deviceId=0, source=0x1002 }
08-30 10:56:08.433 32517 32543 I appium  : [82464975 (success)] Synthesized: MotionEvent { action=ACTION_MOVE, actionButton=0, id[0]=0, x[0]=197.30768, y[0]=1037.0, toolType[0]=TOOL_TYPE_FINGER, buttonState=0, metaState=0, flags=0x0, edgeFlags=0x0, pointerCount=1, historySize=0, eventTime=82464975, downTime=82463753, deviceId=0, source=0x1002 }
08-30 10:56:08.434 32517 32543 I appium  : The event has been delayed for 27ms
08-30 10:56:08.451 32517 32543 I appium  : [82465003 (success)] Synthesized: MotionEvent { action=ACTION_MOVE, actionButton=0, id[0]=0, x[0]=135.0, y[0]=1037.0, toolType[0]=TOOL_TYPE_FINGER, buttonState=0, metaState=0, flags=0x0, edgeFlags=0x0, pointerCount=1, historySize=0, eventTime=82465003, downTime=82463753, deviceId=0, source=0x1002 }
08-30 10:56:08.198  1724  2178 I chatty  : uid=1000(system) AutobacklightTh identical 2 lines
08-30 10:56:08.455  1724  1853 V WindowOrientationListener: in onTouchEndLocked. proposedRotation=0, oldProposedRotation=0
08-30 10:56:08.456   694   756 E ANDR-PERF-MPCTL: Invalid profile no. 0, total profiles 0 only
08-30 10:56:08.462 32517 32543 I appium  : [82465020 (success)] Synthesized: MotionEvent { action=ACTION_UP, actionButton=0, id[0]=0, x[0]=135.0, y[0]=1037.0, toolType[0]=TOOL_TYPE_FINGER, buttonState=0, metaState=0, flags=0x0, edgeFlags=0x0, pointerCount=1, historySize=0, eventTime=82465020, downTime=82463753, deviceId=0, source=0x1002 }
08-30 10:56:08.468 32517 32543 I appium  : AppiumResponse: {"sessionId":"d393dc32-da76-43c7-bb8a-4b8e61fc211e","value":null}
08-30 10:56:08.847   717   717 I SurfaceFlinger: FPS: 36
08-30 10:56:09.116   694   756 E ANDR-PERF-MPCTL: Invalid profile no. 0, total profiles 0 only
08-30 10:56:09.198  2746  2746 W PulseThread: type=1400 audit(0.0:32976): avc: denied { search } for name="31850" dev="proc" ino=2002215 scontext=u:r:system_app:s0 tcontext=u:r:untrusted_app:s0:c85,c258,c512,c768 tclass=dir permissive=0
08-30 10:56:09.198  2746  2746 I chatty  : uid=1000(system) com.vivo.aiengine identical 2 lines
08-30 10:56:09.198  2746  2746 W PulseThread: type=1400 audit(0.0:32979): avc: denied { search } for name="31850" dev="proc" ino=2002215 scontext=u:r:system_app:s0 tcontext=u:r:untrusted_app:s0:c85,c258,c512,c768 tclass=dir permissive=0
08-30 10:56:09.198  2746  2746 W PulseThread: type=1400 audit(0.0:32980): avc: denied { getattr } for path="/proc/31863/stat" dev="proc" ino=2004844 scontext=u:r:system_app:s0 tcontext=u:r:kernel:s0 tclass=file permissive=0
08-30 10:56:09.198  2746  2746 W PulseThread: type=1400 audit(0.0:32981): avc: denied { read } for name="stat" dev="proc" ino=2004844 scontext=u:r:system_app:s0 tcontext=u:r:kernel:s0 tclass=file permissive=0
08-30 10:56:09.198  2746  2746 W PulseThread: type=1400 audit(0.0:32982): avc: denied { read } for name="cmdline" dev="proc" ino=2004845 scontext=u:r:system_app:s0 tcontext=u:r:kernel:s0 tclass=file permissive=0
08-30 10:56:09.198  2746  2746 W PulseThread: type=1400 audit(0.0:32983): avc: denied { read } for name="task" dev="proc" ino=2009334 scontext=u:r:system_app:s0 tcontext=u:r:kernel:s0 tclass=dir permissive=0
08-30 10:56:09.198  2746  2746 W PulseThread: type=1400 audit(0.0:32984): avc: denied { getattr } for path="/proc/31864/stat" dev="proc" ino=2004846 scontext=u:r:system_app:s0 tcontext=u:r:kernel:s0 tclass=file permissive=0
08-30 10:56:09.001  1724  2178 I chatty  : uid=1000(system) AutobacklightTh identical 3 lines
08-30 10:56:09.202  2746  3159 W ProcessCpuTracker: Skipping unknown process pid 31850
08-30 10:56:09.203  2746  3159 W ProcessCpuTracker: Skipping unknown process pid 31863
08-30 10:56:09.203  2746  3159 W ProcessCpuTracker: Skipping unknown process pid 31864
08-30 10:56:09.203  2746  3159 W ProcessCpuTracker: Skipping unknown process pid 31933
08-30 10:56:09.204  2746  3159 W ProcessCpuTracker: Skipping unknown process pid 31992
08-30 10:56:09.204  2746  3159 W ProcessCpuTracker: Skipping unknown process pid 32021
08-30 10:56:09.205  2746  3159 W ProcessCpuTracker: Skipping unknown process pid 32201
08-30 10:56:09.205  2746  3159 W ProcessCpuTracker: Skipping unknown process pid 32264
08-30 10:56:09.205  2746  3159 W ProcessCpuTracker: Skipping unknown process pid 32349
08-30 10:56:09.205  2746  3159 W ProcessCpuTracker: Skipping unknown process pid 32435
08-30 10:56:09.206  2746  3159 W ProcessCpuTracker: Skipping unknown process pid 32436
08-30 10:56:09.206  2746  3159 W ProcessCpuTracker: Skipping unknown process pid 32486
08-30 10:56:09.206  2746  3159 W ProcessCpuTracker: Skipping unknown process pid 32507
08-30 10:56:09.207  2746  3159 W ProcessCpuTracker: Skipping unknown process pid 32517
08-30 10:56:09.323   694   756 E ANDR-PERF-MPCTL: Invalid profile no. 0, total profiles 0 only
08-30 10:56:09.872   717   717 I SurfaceFlinger: FPS: 39
08-30 10:56:10.133   694   756 E ANDR-PERF-MPCTL: Invalid profile no. 0, total profiles 0 only
08-30 10:56:10.368  1724  2356 I chatty  : uid=1000(system) IpClient.wlan0 expire 4 lines
08-30 10:56:10.500 32517 32543 I appium  : channel read: POST /wd/hub/session/d393dc32-da76-43c7-bb8a-4b8e61fc211e/element
08-30 10:56:10.503 32517 32543 I appium  : FindElement command
08-30 10:56:10.507 32517 32543 I appium  : method: 'id', selector: 'cn.missevan:id/bg_live_level1', contextId: ''
08-30 10:56:10.508 32517 32543 I appium  : Waiting up to 10000ms for the device to idle
08-30 10:56:10.912   717   717 I SurfaceFlinger: FPS: 6
08-30 10:56:11.095  1724  2178 I chatty  : uid=1000(system) AutobacklightTh identical 11 lines
08-30 10:56:11.381  2831  2831 D QtiCarrierConfigHelper: WARNING, no carrier configs on phone Id: 0
08-30 10:56:11.383   692   692 V LocSvc_HIDL_IzatSubscription: [batteryLevelUpdate][777] [HS] <<<<= [HC]
08-30 10:56:11.383  2404  2404 D KeyguardUpdateMonitor: received broadcast android.intent.action.BATTERY_CHANGED
08-30 10:56:11.385  2404  2404 D KeyguardUpdateMonitor: handleBatteryUpdate
08-30 10:56:11.386  1724  1782 I chatty  : uid=1000(system) Binder:1724_2 expire 14 lines
08-30 10:56:11.932   717   717 I SurfaceFlinger: FPS: 4
08-30 10:56:12.267 29067 29186 D MemoryCeilingMonitor: [handleMemoryCalculate]
08-30 10:56:12.267 29067 29186 D MemoryCeilingMonitor: [calculate] tot: 3155744, max: 268435456, free: 194824, heap: 2960920, per: 0.01103028655052185
08-30 10:56:12.453  2765  3774 I chatty  : uid=1000(system) Timer-0 expire 10 lines
08-30 10:56:13.138   694   756 E ANDR-PERF-MPCTL: Invalid profile no. 0, total profiles 0 only
08-30 10:56:13.145   717   717 I SurfaceFlinger: FPS: 4
08-30 10:56:13.185  1724  2178 I chatty  : uid=1000(system) AutobacklightTh identical 11 lines
08-30 10:56:13.410  2404  2404 D KeyguardUpdateMonitor: received broadcast android.intent.action.BATTERY_CHANGED
08-30 10:56:13.411  2404  2404 D KeyguardUpdateMonitor: handleBatteryUpdate
08-30 10:56:13.411  2765  2765 I chatty  : uid=1000(system) com.vivo.daemonService expire 24 lines
08-30 10:56:13.412  2831  2831 D QtiCarrierConfigHelper: WARNING, no carrier configs on phone Id: 0
08-30 10:56:13.413   692   692 V LocSvc_HIDL_IzatSubscription: [batteryLevelUpdate][777] [HS] <<<<= [HC]
08-30 10:56:13.414  2765  3264 I chatty  : uid=1000(system) NightPearlSubTh expire 16 lines
08-30 10:56:13.426  2404  2404 D KeyguardUpdateMonitor: received broadcast android.intent.action.BATTERY_CHANGED
08-30 10:56:13.427  2404  2404 D KeyguardUpdateMonitor: handleBatteryUpdate
08-30 10:56:13.427   692   692 V LocSvc_HIDL_IzatSubscription: [batteryLevelUpdate][777] [HS] <<<<= [HC]
08-30 10:56:13.428  2831  2831 D QtiCarrierConfigHelper: WARNING, no carrier configs on phone Id: 0
08-30 10:56:13.436  2404  2404 D KeyguardUpdateMonitor: received broadcast android.intent.action.BATTERY_CHANGED
08-30 10:56:13.437  2404  2404 D KeyguardUpdateMonitor: handleBatteryUpdate
08-30 10:56:13.439   692   692 V LocSvc_HIDL_IzatSubscription: [batteryLevelUpdate][777] [HS] <<<<= [HC]
08-30 10:56:13.439  2831  2831 D QtiCarrierConfigHelper: WARNING, no carrier configs on phone Id: 0
08-30 10:56:13.827  1724  2178 I chatty  : uid=1000(system) AutobacklightTh identical 2 lines
08-30 10:56:14.105  2404  2404 D KeyguardUpdateMonitor: received broadcast android.intent.action.BATTERY_CHANGED
08-30 10:56:14.109  2404  2404 D KeyguardUpdateMonitor: handleBatteryUpdate
08-30 10:56:14.112  2831  2831 D QtiCarrierConfigHelper: WARNING, no carrier configs on phone Id: 0
08-30 10:56:14.113   692   692 V LocSvc_HIDL_IzatSubscription: [batteryLevelUpdate][777] [HS] <<<<= [HC]
08-30 10:56:14.384   717   717 I SurfaceFlinger: FPS: 5
08-30 10:56:15.394   717   717 I SurfaceFlinger: FPS: 5
08-30 10:56:15.549 29067 29255 I SocketReaderNewtrue: SocketReader(4178) continue
08-30 10:56:15.550 29067 29255 D MSF.C.NetConnTag.true: MsfCoreSocketReaderNew closeConn socketEngineID: 0 socket hashcode: 0 for reason: readError
08-30 10:56:15.553 29067 29255 E MSF.C.NetConnTag.true: conn is already closed on readError closeConn socketEngineID: 0 socket hashcode: 0java.lang.Throwable
08-30 10:56:15.553 29067 29255 E MSF.C.NetConnTag.true: 	at com.tencent.mobileqq.msf.core.net.m.b(P:27)
08-30 10:56:15.553 29067 29255 E MSF.C.NetConnTag.true: 	at com.tencent.mobileqq.msf.core.net.m$b.run(P:24)
08-30 10:56:15.553 29067 29255 E SocketReaderNewtrue: socketEngine: 0socket hashCode: 0SocketReader(4178) errorjava.net.SocketException: Socket is closed
08-30 10:56:15.554 29067 29255 I SocketReaderNewtrue: SocketReader(4178) wait
08-30 10:56:16.867   717   717 I SurfaceFlinger: FPS: 4
08-30 10:56:17.927   717   717 I SurfaceFlinger: FPS: 5
08-30 10:56:19.160   717   717 I SurfaceFlinger: FPS: 4
08-30 10:56:20.378   717   717 I SurfaceFlinger: FPS: 5
08-30 10:56:20.266  1724  2178 I chatty  : uid=1000(system) AutobacklightTh identical 38 lines
08-30 10:56:20.507  1724  1782 W ActivityManager: Unable to start service Intent { act=android.security.IKeyChainService cmp=com.android.keychain/.KeyChainService } U=999: not found
08-30 10:56:20.508  2404 32607 I SecurityController: java.lang.AssertionError: could not bind to KeyChainService
08-30 10:56:20.828 32517 32543 W QueryController: Could not detect idle state.
08-30 10:56:20.984 32517 32543 I appium  : AppiumResponse: {"sessionId":"d393dc32-da76-43c7-bb8a-4b8e61fc211e","value":{"ELEMENT":"a71d5c04-a0d7-4af8-9e4e-f750db383771","element-6066-11e4-a52e-4f735466cecf":"a71d5c04-a0d7-4af8-9e4e-f750db383771"}}
08-30 10:56:21.397   717   717 I SurfaceFlinger: FPS: 4
08-30 10:56:22.028 32517 32543 I appium  : channel read: POST /wd/hub/session/d393dc32-da76-43c7-bb8a-4b8e61fc211e/actions
08-30 10:56:22.034 32517 32543 I appium  : W3CActions command
08-30 10:56:22.112  1724  2070 I chatty  : uid=1000(system) WifiStateMachin expire 10 lines
08-30 10:56:22.268 29067 29186 D MemoryCeilingMonitor: [handleMemoryCalculate]
08-30 10:56:22.269 29067 29186 D MemoryCeilingMonitor: [calculate] tot: 3155744, max: 268435456, free: 145160, heap: 3010584, per: 0.011215299367904663
08-30 10:56:22.332 32517 32543 I appium  : [82478886 (success)] Synthesized: MotionEvent { action=ACTION_DOWN, actionButton=0, id[0]=0, x[0]=945.0, y[0]=1037.0, toolType[0]=TOOL_TYPE_FINGER, buttonState=0, metaState=0, flags=0x0, edgeFlags=0x0, pointerCount=1, historySize=0, eventTime=82478886, downTime=82478884, deviceId=0, source=0x1002 }
08-30 10:56:22.408   717   717 I SurfaceFlinger: FPS: 4
08-30 10:56:22.679  1724  2178 I chatty  : uid=1000(system) AutobacklightTh identical 13 lines
08-30 10:56:23.345 32517 32543 I appium  : [82479887 (success)] Synthesized: MotionEvent { action=ACTION_MOVE, actionButton=0, id[0]=0, x[0]=945.0, y[0]=1037.0, toolType[0]=TOOL_TYPE_FINGER, buttonState=0, metaState=0, flags=0x0, edgeFlags=0x0, pointerCount=1, historySize=0, eventTime=82479887, downTime=82478884, deviceId=0, source=0x1002 }
08-30 10:56:23.346 32517 32543 I appium  : The event has been delayed for 27ms
08-30 10:56:23.376 32517 32543 I appium  : [82479916 (success)] Synthesized: MotionEvent { action=ACTION_MOVE, actionButton=0, id[0]=0, x[0]=820.38464, y[0]=1037.0, toolType[0]=TOOL_TYPE_FINGER, buttonState=0, metaState=0, flags=0x0, edgeFlags=0x0, pointerCount=1, historySize=0, eventTime=82479916, downTime=82478884, deviceId=0, source=0x1002 }
08-30 10:56:23.377 32517 32543 I appium  : The event has been delayed for 28ms
08-30 10:56:23.379   694   756 E ANDR-PERF-MPCTL: Invalid profile no. 0, total profiles 0 only
08-30 10:56:23.395 32517 32543 I appium  : [82479946 (success)] Synthesized: MotionEvent { action=ACTION_MOVE, actionButton=0, id[0]=0, x[0]=758.0769, y[0]=1037.0, toolType[0]=TOOL_TYPE_FINGER, buttonState=0, metaState=0, flags=0x0, edgeFlags=0x0, pointerCount=1, historySize=0, eventTime=82479946, downTime=82478884, deviceId=0, source=0x1002 }
08-30 10:56:23.405 32517 32543 I appium  : [82479964 (success)] Synthesized: MotionEvent { action=ACTION_MOVE, actionButton=0, id[0]=0, x[0]=695.7692, y[0]=1037.0, toolType[0]=TOOL_TYPE_FINGER, buttonState=0, metaState=0, flags=0x0, edgeFlags=0x0, pointerCount=1, historySize=0, eventTime=82479964, downTime=82478884, deviceId=0, source=0x1002 }
08-30 10:56:23.420   717   717 I SurfaceFlinger: FPS: 3
08-30 10:56:23.421 32517 32543 I appium  : [82479974 (success)] Synthesized: MotionEvent { action=ACTION_MOVE, actionButton=0, id[0]=0, x[0]=633.46155, y[0]=1037.0, toolType[0]=TOOL_TYPE_FINGER, buttonState=0, metaState=0, flags=0x0, edgeFlags=0x0, pointerCount=1, historySize=0, eventTime=82479974, downTime=82478884, deviceId=0, source=0x1002 }
08-30 10:56:23.438 32517 32543 I appium  : [82479990 (success)] Synthesized: MotionEvent { action=ACTION_MOVE, actionButton=0, id[0]=0, x[0]=571.1538, y[0]=1037.0, toolType[0]=TOOL_TYPE_FINGER, buttonState=0, metaState=0, flags=0x0, edgeFlags=0x0, pointerCount=1, historySize=0, eventTime=82479990, downTime=82478884, deviceId=0, source=0x1002 }
08-30 10:56:23.455 32517 32543 I appium  : [82480007 (success)] Synthesized: MotionEvent { action=ACTION_MOVE, actionButton=0, id[0]=0, x[0]=508.84613, y[0]=1037.0, toolType[0]=TOOL_TYPE_FINGER, buttonState=0, metaState=0, flags=0x0, edgeFlags=0x0, pointerCount=1, historySize=0, eventTime=82480007, downTime=82478884, deviceId=0, source=0x1002 }
08-30 10:56:23.473 32517 32543 I appium  : [82480025 (success)] Synthesized: MotionEvent { action=ACTION_MOVE, actionButton=0, id[0]=0, x[0]=446.53845, y[0]=1037.0, toolType[0]=TOOL_TYPE_FINGER, buttonState=0, metaState=0, flags=0x0, edgeFlags=0x0, pointerCount=1, historySize=0, eventTime=82480025, downTime=82478884, deviceId=0, source=0x1002 }
08-30 10:56:23.489 32517 32543 I appium  : [82480045 (success)] Synthesized: MotionEvent { action=ACTION_MOVE, actionButton=0, id[0]=0, x[0]=384.23077, y[0]=1037.0, toolType[0]=TOOL_TYPE_FINGER, buttonState=0, metaState=0, flags=0x0, edgeFlags=0x0, pointerCount=1, historySize=0, eventTime=82480045, downTime=82478884, deviceId=0, source=0x1002 }
08-30 10:56:23.524 32517 32543 I appium  : [82480066 (success)] Synthesized: MotionEvent { action=ACTION_MOVE, actionButton=0, id[0]=0, x[0]=321.9231, y[0]=1037.0, toolType[0]=TOOL_TYPE_FINGER, buttonState=0, metaState=0, flags=0x0, edgeFlags=0x0, pointerCount=1, historySize=0, eventTime=82480066, downTime=82478884, deviceId=0, source=0x1002 }
08-30 10:56:23.525 32517 32543 I appium  : The event has been delayed for 27ms
08-30 10:56:23.540 32517 32543 I appium  : [82480094 (success)] Synthesized: MotionEvent { action=ACTION_MOVE, actionButton=0, id[0]=0, x[0]=259.61536, y[0]=1037.0, toolType[0]=TOOL_TYPE_FINGER, buttonState=0, metaState=0, flags=0x0, edgeFlags=0x0, pointerCount=1, historySize=0, eventTime=82480094, downTime=82478884, deviceId=0, source=0x1002 }
08-30 10:56:23.555 32517 32543 I appium  : [82480110 (success)] Synthesized: MotionEvent { action=ACTION_MOVE, actionButton=0, id[0]=0, x[0]=197.30768, y[0]=1037.0, toolType[0]=TOOL_TYPE_FINGER, buttonState=0, metaState=0, flags=0x0, edgeFlags=0x0, pointerCount=1, historySize=0, eventTime=82480110, downTime=82478884, deviceId=0, source=0x1002 }
08-30 10:56:23.571 32517 32543 I appium  : [82480125 (success)] Synthesized: MotionEvent { action=ACTION_MOVE, actionButton=0, id[0]=0, x[0]=135.0, y[0]=1037.0, toolType[0]=TOOL_TYPE_FINGER, buttonState=0, metaState=0, flags=0x0, edgeFlags=0x0, pointerCount=1, historySize=0, eventTime=82480125, downTime=82478884, deviceId=0, source=0x1002 }
08-30 10:56:23.323  1724  2178 I chatty  : uid=1000(system) AutobacklightTh identical 2 lines
08-30 10:56:23.579  1724  1853 V WindowOrientationListener: in onTouchEndLocked. proposedRotation=0, oldProposedRotation=0
08-30 10:56:23.580   694   756 E ANDR-PERF-MPCTL: Invalid profile no. 0, total profiles 0 only
08-30 10:56:23.583 32517 32543 I appium  : [82480145 (success)] Synthesized: MotionEvent { action=ACTION_UP, actionButton=0, id[0]=0, x[0]=135.0, y[0]=1037.0, toolType[0]=TOOL_TYPE_FINGER, buttonState=0, metaState=0, flags=0x0, edgeFlags=0x0, pointerCount=1, historySize=0, eventTime=82480145, downTime=82478884, deviceId=0, source=0x1002 }
08-30 10:56:23.600 32517 32543 I appium  : AppiumResponse: {"sessionId":"d393dc32-da76-43c7-bb8a-4b8e61fc211e","value":null}
08-30 10:56:23.889  2765  3264 I chatty  : uid=1000(system) NightPearlSubTh expire 17 lines
08-30 10:56:23.890  2404  2404 D KeyguardUpdateMonitor: received broadcast android.intent.action.BATTERY_CHANGED
08-30 10:56:23.890  2404  2404 D KeyguardUpdateMonitor: handleBatteryUpdate
08-30 10:56:23.890  2765  2765 I chatty  : uid=1000(system) com.vivo.daemonService expire 18 lines
08-30 10:56:23.891  1724  5458 I chatty  : uid=1000(system) IzatProvider expire 10 lines
08-30 10:56:23.891  2831  2831 D QtiCarrierConfigHelper: WARNING, no carrier configs on phone Id: 0
08-30 10:56:23.891   692   692 V LocSvc_HIDL_IzatSubscription: [batteryLevelUpdate][777] [HS] <<<<= [HC]
08-30 10:56:23.893  1724  1724 I chatty  : uid=1000 system_server expire 10 lines
08-30 10:56:24.123   694   756 E ANDR-PERF-MPCTL: Invalid profile no. 0, total profiles 0 only
08-30 10:56:24.335   694   756 E ANDR-PERF-MPCTL: Invalid profile no. 0, total profiles 0 only
08-30 10:56:24.438   717   717 I SurfaceFlinger: FPS: 55
08-30 10:56:25.161   694   756 E ANDR-PERF-MPCTL: Invalid profile no. 0, total profiles 0 only
08-30 10:56:25.630 32517 32543 I appium  : channel read: POST /wd/hub/session/d393dc32-da76-43c7-bb8a-4b8e61fc211e/element
08-30 10:56:25.632 32517 32543 I appium  : FindElement command
08-30 10:56:25.637 32517 32543 I appium  : method: 'id', selector: 'cn.missevan:id/bg_live_level1', contextId: ''
08-30 10:56:25.637 32517 32543 I appium  : Waiting up to 10000ms for the device to idle
08-30 10:56:26.176   717   717 I SurfaceFlinger: FPS: 12
08-30 10:56:25.896  1724  2178 I chatty  : uid=1000(system) AutobacklightTh identical 12 lines
08-30 10:56:26.207  2404  2404 D KeyguardUpdateMonitor: received broadcast android.intent.action.BATTERY_CHANGED
08-30 10:56:26.209  2404  2404 D KeyguardUpdateMonitor: handleBatteryUpdate
08-30 10:56:26.213  2831  2831 D QtiCarrierConfigHelper: WARNING, no carrier configs on phone Id: 0
08-30 10:56:26.213   692   692 V LocSvc_HIDL_IzatSubscription: [batteryLevelUpdate][777] [HS] <<<<= [HC]
08-30 10:56:26.470  2404  2404 D KeyguardUpdateMonitor: received broadcast android.intent.action.BATTERY_CHANGED
08-30 10:56:26.476  2404  2404 D KeyguardUpdateMonitor: handleBatteryUpdate
08-30 10:56:26.480   692   692 V LocSvc_HIDL_IzatSubscription: [batteryLevelUpdate][777] [HS] <<<<= [HC]
08-30 10:56:26.482  2831  2831 D QtiCarrierConfigHelper: WARNING, no carrier configs on phone Id: 0
08-30 10:56:27.388   717   717 I SurfaceFlinger: FPS: 6
08-30 10:56:27.679 29067 29165 I PERF_LOG: GC.happened gc!!!!!!!!!, 145272 ms interval from last time
08-30 10:56:28.163   694   756 E ANDR-PERF-MPCTL: Invalid profile no. 0, total profiles 0 only
08-30 10:56:28.177 29084 29123 I PERF_LOG: GC.happened gc!!!!!!!!!, 359353 ms interval from last time
08-30 10:56:28.402   717   717 I SurfaceFlinger: FPS: 6
08-30 10:56:29.278  3023  3023 W rms_memory_cana: type=1400 audit(0.0:33032): avc: denied { read } for name="mem_quick" dev="debugfs" ino=22103 scontext=u:r:system_app:s0 tcontext=u:object_r:kgsl_debugfs:s0 tclass=file permissive=0
08-30 10:56:29.893   717   717 I SurfaceFlinger: FPS: 4
08-30 10:56:30.953   717   717 I SurfaceFlinger: FPS: 7
08-30 10:56:31.172   694   756 E ANDR-PERF-MPCTL: Invalid profile no. 0, total profiles 0 only
08-30 10:56:31.690  1724  2178 I chatty  : uid=1000(system) AutobacklightTh identical 32 lines
08-30 10:56:32.001  1007  1109 E storaged: getDiskStats failed with result NOT_SUPPORTED and size 0
08-30 10:56:32.275 29067 29186 D MemoryCeilingMonitor: [handleMemoryCalculate]
08-30 10:56:32.276 29067 29186 D MemoryCeilingMonitor: [calculate] tot: 3158496, max: 268435456, free: 707640, heap: 2450856, per: 0.009130150079727173
08-30 10:56:32.386   717   717 I SurfaceFlinger: FPS: 6
08-30 10:56:33.389   717   717 I SurfaceFlinger: FPS: 3
08-30 10:56:34.103  1724  2178 I chatty  : uid=1000(system) AutobacklightTh identical 13 lines
08-30 10:56:34.323  2765  3264 I chatty  : uid=1000(system) NightPearlSubTh expire 12 lines
08-30 10:56:34.323  2404  2404 D KeyguardUpdateMonitor: received broadcast android.intent.action.BATTERY_CHANGED
08-30 10:56:34.324  2765  2765 I chatty  : uid=1000(system) com.vivo.daemonService expire 12 lines
08-30 10:56:34.325  2404  2404 D KeyguardUpdateMonitor: handleBatteryUpdate
08-30 10:56:34.332  2831  2831 D QtiCarrierConfigHelper: WARNING, no carrier configs on phone Id: 0
08-30 10:56:34.333  1724  5458 I chatty  : uid=1000(system) IzatProvider expire 11 lines
08-30 10:56:34.333   692   692 V LocSvc_HIDL_IzatSubscription: [batteryLevelUpdate][777] [HS] <<<<= [HC]
08-30 10:56:34.398   717   717 I SurfaceFlinger: FPS: 7
08-30 10:56:35.846 32517 32543 W QueryController: Could not detect idle state.
08-30 10:56:35.989 32517 32543 I appium  : AppiumResponse: {"sessionId":"d393dc32-da76-43c7-bb8a-4b8e61fc211e","value":{"ELEMENT":"8bdd541d-2ccd-41e1-a64b-334e72675085","element-6066-11e4-a52e-4f735466cecf":"8bdd541d-2ccd-41e1-a64b-334e72675085"}}
08-30 10:56:36.182   717   717 I SurfaceFlinger: FPS: 5
08-30 10:56:37.055 32517 32543 I appium  : channel read: POST /wd/hub/session/d393dc32-da76-43c7-bb8a-4b8e61fc211e/appium/device/press_keycode
08-30 10:56:37.060 32517 32543 I appium  : PressKeyCode command
08-30 10:56:37.060 32517 32543 I appium  : Calling PressKeyCode...
08-30 10:56:37.241  1724  2070 I chatty  : uid=1000(system) WifiStateMachin expire 10 lines
08-30 10:56:37.400   717   717 I SurfaceFlinger: FPS: 7
08-30 10:56:38.414   717   717 I SurfaceFlinger: FPS: 4
08-30 10:56:39.697   717   717 I SurfaceFlinger: FPS: 5
08-30 10:56:40.052 29067 29200 D WorkerThreadMonitor: Kill MSF check result[ senderSize:0,sendInterval:2757071,receiveInterval=1856201,addCmdCount=9
08-30 10:56:40.899   717   717 I SurfaceFlinger: FPS: 6
08-30 10:56:41.963   717   717 I SurfaceFlinger: FPS: 6
08-30 10:56:42.277 29067 29186 D MemoryCeilingMonitor: [handleMemoryCalculate]
08-30 10:56:42.277 29067 29186 D MemoryCeilingMonitor: [calculate] tot: 3158496, max: 268435456, free: 658296, heap: 2500200, per: 0.009313970804214478
08-30 10:56:43.182   694   756 E ANDR-PERF-MPCTL: Invalid profile no. 0, total profiles 0 only
08-30 10:56:43.183   717   717 I SurfaceFlinger: FPS: 4
08-30 10:56:44.392   717   717 I SurfaceFlinger: FPS: 6
08-30 10:56:44.403  1724  2178 I chatty  : uid=1000(system) AutobacklightTh identical 62 lines
08-30 10:56:44.649  1724  1724 I chatty  : uid=1000 system_server expire 9 lines
08-30 10:56:44.650  2404  2404 D KeyguardUpdateMonitor: received broadcast android.intent.action.BATTERY_CHANGED
08-30 10:56:44.653  2404  2404 D KeyguardUpdateMonitor: handleBatteryUpdate
08-30 10:56:44.662  2831  2831 D QtiCarrierConfigHelper: WARNING, no carrier configs on phone Id: 0
08-30 10:56:44.666   692   692 V LocSvc_HIDL_IzatSubscription: [batteryLevelUpdate][777] [HS] <<<<= [HC]
08-30 10:56:45.425   717   717 I SurfaceFlinger: FPS: 5
08-30 10:56:45.556 29067 29255 I SocketReaderNewtrue: SocketReader(4178) continue
08-30 10:56:45.557 29067 29255 D MSF.C.NetConnTag.true: MsfCoreSocketReaderNew closeConn socketEngineID: 0 socket hashcode: 0 for reason: readError
08-30 10:56:45.558 29067 29255 E MSF.C.NetConnTag.true: conn is already closed on readError closeConn socketEngineID: 0 socket hashcode: 0java.lang.Throwable
08-30 10:56:45.558 29067 29255 E MSF.C.NetConnTag.true: 	at com.tencent.mobileqq.msf.core.net.m.b(P:27)
08-30 10:56:45.558 29067 29255 E MSF.C.NetConnTag.true: 	at com.tencent.mobileqq.msf.core.net.m$b.run(P:24)
08-30 10:56:45.558 29067 29255 E SocketReaderNewtrue: socketEngine: 0socket hashCode: 0SocketReader(4178) errorjava.net.SocketException: Socket is closed
08-30 10:56:45.559 29067 29255 I SocketReaderNewtrue: SocketReader(4178) wait
08-30 10:56:46.187   694   756 E ANDR-PERF-MPCTL: Invalid profile no. 0, total profiles 0 only
08-30 10:56:46.874   717   717 I SurfaceFlinger: FPS: 5
08-30 10:56:47.143 32517 32543 W QueryController: Could not detect idle state.
08-30 10:56:47.158  1724  2053 I chatty  : uid=1000(system) InputDispatcher expire 8 lines
08-30 10:56:47.189 22012 22012 I UnicodeIME: onKeyDown (keyCode='4', event.keyCode='4', metaState='0')
08-30 10:56:47.198  1724  1782 I chatty  : uid=1000(system) Binder:1724_2 expire 8 lines
08-30 10:56:47.210 22012 22012 I UnicodeIME: onKeyUp (keyCode='4', event.keyCode='4', metaState='0')
08-30 10:56:47.218 32517 32543 I appium  : AppiumResponse: {"sessionId":"d393dc32-da76-43c7-bb8a-4b8e61fc211e","value":null}
08-30 10:56:47.239 32517 32543 I appium  : channel read: POST /wd/hub/session/d393dc32-da76-43c7-bb8a-4b8e61fc211e/element
08-30 10:56:47.241 32517 32543 I appium  : FindElement command
08-30 10:56:47.246 32517 32543 I appium  : method: 'id', selector: 'cn.missevan:id/img_status', contextId: ''
08-30 10:56:47.247 32517 32543 I appium  : Waiting up to 10000ms for the device to idle
08-30 10:56:47.329   694   756 E ANDR-PERF-MPCTL: Invalid profile no. 0, total profiles 0 only
08-30 10:56:47.568 31850 31850 W Glide   : Load failed for null with size [0x0]
08-30 10:56:47.568 31850 31850 W Glide   : class com.bumptech.glide.load.a.q: Received null model
08-30 10:56:47.577 31850 31850 I chatty  : uid=10597(cn.missevan) identical 2 lines
08-30 10:56:47.581 31850 31850 W Glide   : Load failed for null with size [0x0]
08-30 10:56:47.581 31850 31850 W Glide   : class com.bumptech.glide.load.a.q: Received null model
08-30 10:56:47.891   717   717 I SurfaceFlinger: FPS: 27
08-30 10:56:48.572 32517 32543 I appium  : AppiumResponse: {"sessionId":"d393dc32-da76-43c7-bb8a-4b8e61fc211e","value":{"ELEMENT":"dd685efb-aa96-4c50-a106-ed0e21c4357d","element-6066-11e4-a52e-4f735466cecf":"dd685efb-aa96-4c50-a106-ed0e21c4357d"}}
08-30 10:56:48.596 32517 32543 I appium  : channel read: POST /wd/hub/session/d393dc32-da76-43c7-bb8a-4b8e61fc211e/element/dd685efb-aa96-4c50-a106-ed0e21c4357d/click
08-30 10:56:48.598 32517 32543 I appium  : Click command
08-30 10:56:48.925   717   717 I SurfaceFlinger: FPS: 33
08-30 10:56:49.191   694   756 E ANDR-PERF-MPCTL: Invalid profile no. 0, total profiles 0 only
08-30 10:56:49.072  1724  2178 I chatty  : uid=1000(system) AutobacklightTh identical 27 lines
08-30 10:56:49.300  1724  1853 V WindowOrientationListener: in onTouchEndLocked. proposedRotation=0, oldProposedRotation=0
08-30 10:56:49.304 32517 32543 I appium  : Waiting up to 10000ms for the device to idle
08-30 10:56:49.309 32517 32543 I appium  : AppiumResponse: {"sessionId":"d393dc32-da76-43c7-bb8a-4b8e61fc211e","value":null}
08-30 10:56:49.329 32517 32543 I appium  : channel read: POST /wd/hub/session/d393dc32-da76-43c7-bb8a-4b8e61fc211e/element
08-30 10:56:49.331 32517 32543 I appium  : FindElement command
08-30 10:56:49.336 32517 32543 I appium  : method: 'id', selector: 'cn.missevan:id/txt_live_center', contextId: ''
08-30 10:56:49.337 32517 32543 I appium  : Waiting up to 10000ms for the device to idle
08-30 10:56:49.955   717   717 I SurfaceFlinger: FPS: 42
08-30 10:56:50.478 32517 32543 I appium  : AppiumResponse: {"sessionId":"d393dc32-da76-43c7-bb8a-4b8e61fc211e","value":{"ELEMENT":"e6312aec-048e-45cc-89bb-3733b461a74e","element-6066-11e4-a52e-4f735466cecf":"e6312aec-048e-45cc-89bb-3733b461a74e"}}
08-30 10:56:50.505 32517 32543 I appium  : channel read: POST /wd/hub/session/d393dc32-da76-43c7-bb8a-4b8e61fc211e/element/e6312aec-048e-45cc-89bb-3733b461a74e/click
08-30 10:56:50.509 32517 32543 I appium  : Click command
08-30 10:56:50.517  1724 10303 I chatty  : uid=1000(system) Binder:1724_1A expire 8 lines
08-30 10:56:50.198  1724  2178 I chatty  : uid=1000(system) AutobacklightTh identical 5 lines
08-30 10:56:50.518  1724 10303 W ActivityManager: Unable to start service Intent { act=android.security.IKeyChainService cmp=com.android.keychain/.KeyChainService } U=999: not found
08-30 10:56:50.519  2404 32626 I SecurityController: java.lang.AssertionError: could not bind to KeyChainService
08-30 10:56:50.535  1724  1853 V WindowOrientationListener: in onTouchEndLocked. proposedRotation=0, oldProposedRotation=0
08-30 10:56:50.538 32517 32543 I appium  : Waiting up to 10000ms for the device to idle
08-30 10:56:50.543 32517 32543 I appium  : AppiumResponse: {"sessionId":"d393dc32-da76-43c7-bb8a-4b8e61fc211e","value":null}
08-30 10:56:50.571 32517 32543 I appium  : channel read: POST /wd/hub/session/d393dc32-da76-43c7-bb8a-4b8e61fc211e/element
08-30 10:56:50.574 32517 32543 I appium  : FindElement command
08-30 10:56:50.579 32517 32543 I appium  : method: 'id', selector: 'cn.missevan:id/img_level_bg', contextId: ''
08-30 10:56:50.580 32517 32543 I appium  : Waiting up to 10000ms for the device to idle
08-30 10:56:50.643 31850 32634 D o       : CMCC-SDK:operator:
08-30 10:56:50.644 31850 32634 D TelephonyUtils: CMCC-SDK:WIFI
08-30 10:56:50.644 31850 32634 E TelephonyUtils: CMCC-SDK:CHANGE_NETWORK_STATE=true
08-30 10:56:50.647 31850 32634 D o       : CMCC-SDK:operator:
08-30 10:56:50.648 31850 32634 I AuthnHelper: CMCC-SDK:网络类型: 2
08-30 10:56:50.648 31850 32634 I AuthnHelper: CMCC-SDK:运营商类型: 0
08-30 10:56:50.651 31850 32630 D AuthnHelper: CMCC-SDK:aid = %4a39cd9a7a6e4f608da1e9218ebf035f
08-30 10:56:50.651 31850 32634 D o       : CMCC-SDK:operator:
08-30 10:56:50.655 31850 31850 E UniAccount: 4.5.0AR02B1217 不可重复初始化
08-30 10:56:50.659 31850 32630 D AuthnHelper: CMCC-SDK:生成androidkeystore成功
08-30 10:56:50.660 31850 32627 I AuthSDK : setAuthSDKInfo secretInfo = Qoaoyad+eeFTShbTJD20FM8ARv5uDEUkLdxNYBYvvTgERmRqEf8hDJRlJwIlWMAByOHJnRQ8Vkf65tcaCHWTzrPOYIp6C4+qU6Hwaoa6Oceo91RX+YSM7TlNNdnVRaT6CNX7n9ZAH6EvTF4u5HBJlS497Di6C0JD186rtwNlLbwUz5Ilb4OW4qhRWljnNbAKAIQNYE/x2aunFpCCxxhPhSxfgMqwA10Bpn0c5oeRYgRV25okIfP5oMpMb7O8VYLK9cL1P0ACeD0uEYLkO9J+1g==
08-30 10:56:50.662 31850 32636 D o       : CMCC-SDK:operator:
08-30 10:56:50.663 31850 32638 V com.nirvana.tools.logger.cache.db.AbstractDatabase: query: selection=upload_flag = 1
08-30 10:56:50.664 31850 32637 V com.nirvana.tools.logger.cache.db.AbstractDatabase: query: selection=upload_flag = 1
08-30 10:56:50.665 31850 32634 D o       : CMCC-SDK:operator:
08-30 10:56:50.666 31850 32634 D TelephonyUtils: CMCC-SDK:WIFI
08-30 10:56:50.667 31850 32634 E TelephonyUtils: CMCC-SDK:CHANGE_NETWORK_STATE=true
08-30 10:56:50.669 31850 32636 D TelephonyUtils: CMCC-SDK:WIFI
08-30 10:56:50.670 31850 32636 E TelephonyUtils: CMCC-SDK:CHANGE_NETWORK_STATE=true
08-30 10:56:50.671 31850 32634 D o       : CMCC-SDK:operator:
08-30 10:56:50.671 31850 32634 I AuthnHelper: CMCC-SDK:网络类型: 2
08-30 10:56:50.671 31850 32634 I AuthnHelper: CMCC-SDK:运营商类型: 0
08-30 10:56:50.671 31850 32637 V com.nirvana.tools.logger.cache.db.AbstractDatabase: query: result=[], size=0
08-30 10:56:50.674 31850 32627 D o       : CMCC-SDK:operator:
08-30 10:56:50.675 31850 32627 D TelephonyUtils: CMCC-SDK:WIFI
08-30 10:56:50.675 31850 32636 D o       : CMCC-SDK:operator:
08-30 10:56:50.675 31850 32636 I AuthnHelper: CMCC-SDK:网络类型: 2
08-30 10:56:50.675 31850 32636 I AuthnHelper: CMCC-SDK:运营商类型: 0
08-30 10:56:50.675 31850 32627 E TelephonyUtils: CMCC-SDK:CHANGE_NETWORK_STATE=true
08-30 10:56:50.676 31850 32636 D o       : CMCC-SDK:operator:
08-30 10:56:50.676 31850 32627 D o       : CMCC-SDK:operator:
08-30 10:56:50.677 31850 32627 I AuthnHelper: CMCC-SDK:网络类型: 2
08-30 10:56:50.677 31850 32627 I AuthnHelper: CMCC-SDK:运营商类型: 0
08-30 10:56:50.678 31850 32627 D o       : CMCC-SDK:operator:
08-30 10:56:50.680 31850 32627 E AuthSDK : getVendorList isUploadMode = false
08-30 10:56:50.684 31850 32638 V com.nirvana.tools.logger.cache.db.AbstractDatabase: query: result=[], size=0
08-30 10:56:50.686 31850 32627 D o       : CMCC-SDK:operator:
08-30 10:56:50.687 31850 32627 D TelephonyUtils: CMCC-SDK:WIFI
08-30 10:56:50.687 31850 32627 E TelephonyUtils: CMCC-SDK:CHANGE_NETWORK_STATE=true
08-30 10:56:50.692 31850 32627 D o       : CMCC-SDK:operator:
08-30 10:56:50.692 31850 32627 I AuthnHelper: CMCC-SDK:网络类型: 2
08-30 10:56:50.692 31850 32627 I AuthnHelper: CMCC-SDK:运营商类型: 0
08-30 10:56:50.693 31850 32627 D o       : CMCC-SDK:operator:
