08-30 11:29:23.500  3168  3287 E Storages: [DefaultDispatcher-worker-3] BBPlayerAlphaVideo is empty!
08-30 11:29:23.523  3168  3168 E FileNotFoundException: [main] java.io.FileNotFoundException: /system/build.prop (Permission denied)
08-30 11:29:23.523  3168  3168 E FileNotFoundException: 	at java.io.FileInputStream.open0(Native Method)
08-30 11:29:23.523  3168  3168 E FileNotFoundException: 	at java.io.FileInputStream.open(FileInputStream.java:231)
08-30 11:29:23.523  3168  3168 E FileNotFoundException: 	at java.io.FileInputStream.<init>(FileInputStream.java:165)
08-30 11:29:23.523  3168  3168 E FileNotFoundException: 	at cn.missevan.library.util.DeviceHelper.<clinit>(SourceFile:46)
08-30 11:29:23.523  3168  3168 E FileNotFoundException: 	at cn.missevan.library.util.StatusBarUtils.setStatusBarLightMode(SourceFile:152)
08-30 11:29:23.523  3168  3168 E FileNotFoundException: 	at cn.missevan.library.util.StatusBarUtils.setStatusAndNavigationBarLightMode(SourceFile:138)
08-30 11:29:23.523  3168  3168 E FileNotFoundException: 	at cn.missevan.activity.SplashActivity.fa(SourceFile:93)
08-30 11:29:23.523  3168  3168 E FileNotFoundException: 	at cn.missevan.activity.SplashActivity.onCreate(SourceFile:36)
08-30 11:29:23.523  3168  3168 E FileNotFoundException: 	at android.app.Activity.performCreate(Activity.java:7248)
08-30 11:29:23.523  3168  3168 E FileNotFoundException: 	at android.app.Activity.performCreate(Activity.java:7239)
08-30 11:29:23.523  3168  3168 E FileNotFoundException: 	at android.app.Instrumentation.callActivityOnCreate(Instrumentation.java:1275)
08-30 11:29:23.523  3168  3168 E FileNotFoundException: 	at android.app.ActivityThread.performLaunchActivity(ActivityThread.java:3111)
08-30 11:29:23.523  3168  3168 E FileNotFoundException: 	at android.app.ActivityThread.handleLaunchActivity(ActivityThread.java:3266)
08-30 11:29:23.523  3168  3168 E FileNotFoundException: 	at android.app.servertransaction.LaunchActivityItem.execute(LaunchActivityItem.java:78)
08-30 11:29:23.523  3168  3168 E FileNotFoundException: 	at android.app.servertransaction.TransactionExecutor.executeCallbacks(TransactionExecutor.java:108)
08-30 11:29:23.523  3168  3168 E FileNotFoundException: 	at android.app.servertransaction.TransactionExecutor.execute(TransactionExecutor.java:68)
08-30 11:29:23.523  3168  3168 E FileNotFoundException: 	at android.app.ActivityThread$H.handleMessage(ActivityThread.java:2009)
08-30 11:29:23.523  3168  3168 E FileNotFoundException: 	at android.os.Handler.dispatchMessage(Handler.java:106)
08-30 11:29:23.523  3168  3168 E FileNotFoundException: 	at android.os.Looper.loop(Looper.java:224)
08-30 11:29:23.523  3168  3168 E FileNotFoundException: 	at android.app.ActivityThread.main(ActivityThread.java:7042)
08-30 11:29:23.523  3168  3168 E FileNotFoundException: 	at java.lang.reflect.Method.invoke(Native Method)
08-30 11:29:23.523  3168  3168 E FileNotFoundException: 	at com.android.internal.os.RuntimeInit$MethodAndArgsCaller.run(RuntimeInit.java:536)
08-30 11:29:23.523  3168  3168 E FileNotFoundException: 	at com.android.internal.os.ZygoteInit.main(ZygoteInit.java:868)
08-30 11:29:23.523  3168  3168 E FileNotFoundException:
08-30 11:29:23.555  1724 16084 I chatty  : uid=1000(system) Binder:1724_20 expire 2 lines
08-30 11:29:23.586  1724  3765 I chatty  : uid=1000(system) Binder:1724_10 expire 1 line
08-30 11:29:23.635  3168  3168 E NowPlayingFragmentVM: [main] New NowPlayingViewModel instance
08-30 11:29:23.655  1724  2178 I chatty  : uid=1000(system) AutobacklightTh identical 10 lines
08-30 11:29:23.728  3443  3443 E n:player.singl: Not starting debugger since process cannot load the jdwp agent.
08-30 11:29:23.809  3168  3332 E cn.missevan: Invalid ID 0x00000000.
08-30 11:29:23.847  1724  2101 E WindowManager: App trying to use insecure INPUT_FEATURE_NO_INPUT_CHANNEL flag. Ignoring
08-30 11:29:23.915  3509  3509 E missevan:playe: Not starting debugger since process cannot load the jdwp agent.
08-30 11:29:23.998   717   933 E         : IProducerListener: malformed binder reply
08-30 11:29:24.025  3168  3515 E DownloadFileResolver: [DefaultDispatcher-worker-4] [-2016085846] 文件内容检查不通过。
08-30 11:29:24.026  3168  3515 E DownloadFileResolver: [DefaultDispatcher-worker-4] [-334029172] 文件内容检查不通过。
08-30 11:29:24.027  3168  3515 E FileNotFoundException: [DefaultDispatcher-worker-4] java.io.FileNotFoundException: /storage/emulated/0/Android/data/cn.missevan/files/Audio/SoundBlob/.temp: open failed: EISDIR (Is a directory)
08-30 11:29:24.027  3168  3515 E FileNotFoundException: 	at libcore.io.IoBridge.open(IoBridge.java:485)
08-30 11:29:24.027  3168  3515 E FileNotFoundException: 	at java.io.RandomAccessFile.<init>(RandomAccessFile.java:288)
08-30 11:29:24.027  3168  3515 E FileNotFoundException: 	at cn.missevan.transfer.download.meta.DownloadFileHeader.checkout(SourceFile:78)
08-30 11:29:24.027  3168  3515 E FileNotFoundException: 	at cn.missevan.a.b$d.invokeSuspend(SourceFile:43)
08-30 11:29:24.027  3168  3515 E FileNotFoundException: 	at kotlin.f.c.a.a.resumeWith(SourceFile:33)
08-30 11:29:24.027  3168  3515 E FileNotFoundException: 	at kotlinx.coroutines.DispatchedTask.run(SourceFile:106)
08-30 11:29:24.027  3168  3515 E FileNotFoundException: 	at kotlinx.coroutines.scheduling.CoroutineScheduler.runSafely(SourceFile:571)
08-30 11:29:24.027  3168  3515 E FileNotFoundException: 	at kotlinx.coroutines.scheduling.CoroutineScheduler$Worker.executeTask(SourceFile:750)
08-30 11:29:24.027  3168  3515 E FileNotFoundException: 	at kotlinx.coroutines.scheduling.CoroutineScheduler$Worker.runWorker(SourceFile:678)
08-30 11:29:24.027  3168  3515 E FileNotFoundException: 	at kotlinx.coroutines.scheduling.CoroutineScheduler$Worker.run(SourceFile:665)
08-30 11:29:24.027  3168  3515 E FileNotFoundException: Caused by: android.system.ErrnoException: open failed: EISDIR (Is a directory)
08-30 11:29:24.027  3168  3515 E FileNotFoundException: 	at libcore.io.IoBridge.open(IoBridge.java:475)
08-30 11:29:24.027  3168  3515 E FileNotFoundException: 	... 9 more
08-30 11:29:24.027  3168  3515 E FileNotFoundException:
08-30 11:29:24.027  3168  3515 E DownloadFileResolver: [DefaultDispatcher-worker-4] [.temp] 文件内容检查不通过。
08-30 11:29:24.027  3168  3515 E DownloadFileResolver: [DefaultDispatcher-worker-4] [-722015345] 文件内容检查不通过。
08-30 11:29:24.028  3168  3515 E DownloadFileResolver: [DefaultDispatcher-worker-4] [-1619050051] 文件内容检查不通过。
08-30 11:29:24.028  3168  3515 E DownloadFileResolver: [DefaultDispatcher-worker-4] [-645142321] 文件内容检查不通过。
08-30 11:29:24.028  3168  3515 E DownloadFileResolver: [DefaultDispatcher-worker-4] [-1051614782] 文件内容检查不通过。
08-30 11:29:24.029  3168  3515 E DownloadFileResolver: [DefaultDispatcher-worker-4] [-29255086] 文件内容检查不通过。
08-30 11:29:24.029  3168  3515 E DownloadFileResolver: [DefaultDispatcher-worker-4] [-1163670315] 文件内容检查不通过。
08-30 11:29:24.029  3168  3515 E DownloadFileResolver: [DefaultDispatcher-worker-4] [-1314070294] 文件内容检查不通过。
08-30 11:29:24.030  3168  3515 E DownloadFileResolver: [DefaultDispatcher-worker-4] [-378238326] 文件内容检查不通过。
08-30 11:29:24.030  3168  3515 E DownloadFileResolver: [DefaultDispatcher-worker-4] [-1710837259] 文件内容检查不通过。
08-30 11:29:24.030  3168  3515 E DownloadFileResolver: [DefaultDispatcher-worker-4] [-1104855738] 文件内容检查不通过。
08-30 11:29:24.056  3168  3515 E DownloadFileResolver: [DefaultDispatcher-worker-4] [-1991224889] 文件内容检查不通过。
08-30 11:29:24.056  3168  3515 E DownloadFileResolver: [DefaultDispatcher-worker-4] [-258302866] 文件内容检查不通过。
08-30 11:29:24.057  3168  3515 E DownloadFileResolver: [DefaultDispatcher-worker-4] [-120316969] 文件内容检查不通过。
08-30 11:29:24.057  3168  3515 E DownloadFileResolver: [DefaultDispatcher-worker-4] [-1848958127] 文件内容检查不通过。
08-30 11:29:24.388  1724  2070 I chatty  : uid=1000(system) WifiStateMachin expire 1 line
08-30 11:29:24.606  3168  3672 E VideoBlackWhiteList: getVideoBWList OK
08-30 11:29:24.623  1011  2657 E         : Service not available yet
08-30 11:29:24.646  1011  2657 E OMX-VDEC-1080P: get_parameter: unknown param 7f000046
08-30 11:29:24.646  1011  2657 E OMXNodeInstance: getParameter(0xe6365d44:qcom.decoder.avc, ??(0x7f000046)) ERROR: UnsupportedIndex(0x8000101a)
08-30 11:29:24.647  1011  2951 E OMX-VDEC-1080P: Enable/Disable allocate-native-handle allowed only on input port!
08-30 11:29:24.647  1011  2951 E OMX-VDEC-1080P: set_parameter: Error: 0x80001019, setting param 0x7f00005d
08-30 11:29:24.647  1011  2951 E OMXNodeInstance: setParameter(0xe6365d44:qcom.decoder.avc, OMX.google.android.index.allocateNativeHandle(0x7f00005d): Output:1 en=0) ERROR: UnsupportedSetting(0x80001019)
08-30 11:29:24.655  1011  2951 E OMXNodeInstance: getConfig(0xe6365d44:qcom.decoder.avc, ??(0x7f000062)) ERROR: UnsupportedSetting(0x80001019)
08-30 11:29:24.710  1011  2951 E OMXNodeInstance: getConfig(0xe6365d44:qcom.decoder.avc, ??(0x7f000062)) ERROR: UnsupportedSetting(0x80001019)
08-30 11:29:24.765  1011  2657 E OMXNodeInstance: getConfig(0xe6365d44:qcom.decoder.avc, ??(0x7f000062)) ERROR: UnsupportedSetting(0x80001019)
08-30 11:29:24.877  3168  3721 E VideoBlackWhiteList: getVideoBWList OK
08-30 11:29:24.886  1011  1011 E OMXNodeInstance: setConfig(0xe6311660:google.mp3.decoder, ConfigPriority(0x6f800002)) ERROR: Undefined(0x80001001)
08-30 11:29:24.887  1011 21078 E OMXNodeInstance: getConfig(0xe6311660:google.mp3.decoder, ConfigAndroidVendorExtension(0x6f100004)) ERROR: Undefined(0x80001001)
08-30 11:29:24.920  1724 16082 I chatty  : uid=1000(system) Binder:1724_1F expire 1 line
08-30 11:29:24.927  1724  2922 I chatty  : uid=1000(system) Binder:1724_E expire 1 line
08-30 11:29:24.938   671 11480 E msm8916_platform: platform_set_codec_backend_cfg:becf: afe: Could not get ctl for mixer command - INT4_MI2S_RX Format
08-30 11:29:24.938   671 11480 E msm8916_platform: platform_check_backends_match: Invalid snd_device =
08-30 11:29:24.942   671 11480 E ACDB-LOADER: Error: ACDB AudProc vol returned = -19
08-30 11:29:24.942   671 11480 E ACDB-LOADER: Error: ACDB_CMD_GET_AFE_COMMON_TABLE_SIZE Returned = -19
08-30 11:29:24.942   671 11480 E ACDB-LOADER: Error: ACDB AFE returned = -19
08-30 11:29:25.337  3168  3168 E MissEvanHotfixReporterImpl: [main] report: description: patch not need to update, internal_version: 5070260, result_code: 10108, patch_md5: none, process_name: cn.missevan, manufacturer: vivo, env: prod,
08-30 11:29:25.553  2831  4354 E LocationAccessPolicy: canAccessCellLocation in whitList. uid = 10024, pkgName = com.baidu.map.location
08-30 11:29:25.572  2831  4354 I chatty  : uid=1001(radio) Binder:2831_A identical 3 lines
08-30 11:29:25.588  2831  4354 E LocationAccessPolicy: canAccessCellLocation in whitList. uid = 10024, pkgName = com.baidu.map.location
08-30 11:29:25.766   692  5484 E LocSvc_libulp: ulp_brain_transition_all_providers, no QUIPC/GNSS transition logic run due to both engines are OFF
08-30 11:29:26.209   694   756 E ANDR-PERF-MPCTL: Invalid profile no. 0, total profiles 0 only
08-30 11:29:26.326   717   805 E         : IProducerListener: malformed binder reply
08-30 11:29:26.387  3168  3550 E DownloadFileResolver: [DefaultDispatcher-worker-5] [-2016085846] 文件内容检查不通过。
08-30 11:29:26.388  3168  3550 E DownloadFileResolver: [DefaultDispatcher-worker-5] [-334029172] 文件内容检查不通过。
08-30 11:29:26.388  3168  3550 E FileNotFoundException: [DefaultDispatcher-worker-5] java.io.FileNotFoundException: /storage/emulated/0/Android/data/cn.missevan/files/Audio/SoundBlob/.temp: open failed: EISDIR (Is a directory)
08-30 11:29:26.388  3168  3550 E FileNotFoundException: 	at libcore.io.IoBridge.open(IoBridge.java:485)
08-30 11:29:26.388  3168  3550 E FileNotFoundException: 	at java.io.RandomAccessFile.<init>(RandomAccessFile.java:288)
08-30 11:29:26.388  3168  3550 E FileNotFoundException: 	at cn.missevan.transfer.download.meta.DownloadFileHeader.checkout(SourceFile:78)
08-30 11:29:26.388  3168  3550 E FileNotFoundException: 	at cn.missevan.a.b$d.invokeSuspend(SourceFile:43)
08-30 11:29:26.388  3168  3550 E FileNotFoundException: 	at kotlin.f.c.a.a.resumeWith(SourceFile:33)
08-30 11:29:26.388  3168  3550 E FileNotFoundException: 	at kotlinx.coroutines.DispatchedTask.run(SourceFile:106)
08-30 11:29:26.388  3168  3550 E FileNotFoundException: 	at kotlinx.coroutines.scheduling.CoroutineScheduler.runSafely(SourceFile:571)
08-30 11:29:26.388  3168  3550 E FileNotFoundException: 	at kotlinx.coroutines.scheduling.CoroutineScheduler$Worker.executeTask(SourceFile:750)
08-30 11:29:26.388  3168  3550 E FileNotFoundException: 	at kotlinx.coroutines.scheduling.CoroutineScheduler$Worker.runWorker(SourceFile:678)
08-30 11:29:26.388  3168  3550 E FileNotFoundException: 	at kotlinx.coroutines.scheduling.CoroutineScheduler$Worker.run(SourceFile:665)
08-30 11:29:26.388  3168  3550 E FileNotFoundException: Caused by: android.system.ErrnoException: open failed: EISDIR (Is a directory)
08-30 11:29:26.388  3168  3550 E FileNotFoundException: 	at libcore.io.IoBridge.open(IoBridge.java:475)
08-30 11:29:26.388  3168  3550 E FileNotFoundException: 	... 9 more
08-30 11:29:26.388  3168  3550 E FileNotFoundException:
08-30 11:29:26.388  3168  3550 E DownloadFileResolver: [DefaultDispatcher-worker-5] [.temp] 文件内容检查不通过。
08-30 11:29:26.388  3168  3550 E DownloadFileResolver: [DefaultDispatcher-worker-5] [-722015345] 文件内容检查不通过。
08-30 11:29:26.389  3168  3550 E DownloadFileResolver: [DefaultDispatcher-worker-5] [-1619050051] 文件内容检查不通过。
08-30 11:29:26.389  3168  3550 E DownloadFileResolver: [DefaultDispatcher-worker-5] [-645142321] 文件内容检查不通过。
08-30 11:29:26.389  3168  3550 E DownloadFileResolver: [DefaultDispatcher-worker-5] [-1051614782] 文件内容检查不通过。
08-30 11:29:26.389  3168  3550 E DownloadFileResolver: [DefaultDispatcher-worker-5] [-29255086] 文件内容检查不通过。
08-30 11:29:26.389  3168  3550 E DownloadFileResolver: [DefaultDispatcher-worker-5] [-1163670315] 文件内容检查不通过。
08-30 11:29:26.389  3168  3550 E DownloadFileResolver: [DefaultDispatcher-worker-5] [-1314070294] 文件内容检查不通过。
08-30 11:29:26.390  3168  3550 E DownloadFileResolver: [DefaultDispatcher-worker-5] [-378238326] 文件内容检查不通过。
08-30 11:29:26.390  3168  3550 E DownloadFileResolver: [DefaultDispatcher-worker-5] [-1710837259] 文件内容检查不通过。
08-30 11:29:26.390  3168  3550 E DownloadFileResolver: [DefaultDispatcher-worker-5] [-1104855738] 文件内容检查不通过。
08-30 11:29:26.395  3168  3550 E DownloadFileResolver: [DefaultDispatcher-worker-5] [-1991224889] 文件内容检查不通过。
08-30 11:29:26.396  3168  3550 E DownloadFileResolver: [DefaultDispatcher-worker-5] [-258302866] 文件内容检查不通过。
08-30 11:29:26.396  3168  3550 E DownloadFileResolver: [DefaultDispatcher-worker-5] [-120316969] 文件内容检查不通过。
08-30 11:29:26.396  3168  3550 E DownloadFileResolver: [DefaultDispatcher-worker-5] [-1848958127] 文件内容检查不通过。
08-30 11:29:26.547  1724  2178 I chatty  : uid=1000(system) AutobacklightTh identical 16 lines
08-30 11:29:26.644   694   756 E ANDR-PERF-MPCTL: Invalid profile no. 0, total profiles 0 only
08-30 11:29:26.694  3848  3848 E .missevan:stat: Not starting debugger since process cannot load the jdwp agent.
08-30 11:29:26.831  1724  2233 E TaskPersister: File error accessing recents directory (directory doesn't exist?).
08-30 11:29:27.254  3168  3168 E BLOG    : [main] 移除成功
08-30 11:29:27.355  1724  4404 I chatty  : uid=1000(system) Binder:1724_14 expire 1 line
08-30 11:29:27.766  3168  3168 E cn.missevan: No package ID ff found for ID 0xffffffff.
08-30 11:29:27.808  3168  3168 I chatty  : uid=10597(cn.missevan) identical 10 lines
08-30 11:29:27.808  3168  3168 E cn.missevan: No package ID ff found for ID 0xffffffff.
08-30 11:29:27.865   694   756 E ANDR-PERF-MPCTL: Invalid profile no. 0, total profiles 0 only
08-30 11:29:27.878  2682  3066 E PowerMonitor: exception In sysProcTransDectect java.lang.NoSuchMethodException: vivoGetNetworkStatsUidDetailWithPackInfo [int]
08-30 11:29:27.939   992  1195 E Netd    : tether checkPermission, pid:1724 uid:1000
08-30 11:29:29.349   717   933 E         : IProducerListener: malformed binder reply
08-30 11:29:29.900   717   933 E         : IProducerListener: malformed binder reply
08-30 11:29:30.118   694   756 E ANDR-PERF-MPCTL: Invalid profile no. 0, total profiles 0 only
08-30 11:29:31.374  1724  2178 I chatty  : uid=1000(system) AutobacklightTh identical 28 lines
08-30 11:29:31.445  3168  3168 E cn.missevan: No package ID ff found for ID 0xffffffff.
08-30 11:29:31.596  3168  3168 E UniAccount: 4.5.0AR02B1217 不可重复初始化
08-30 11:29:31.610  3168  4008 E TelephonyUtils: CMCC-SDK:CHANGE_NETWORK_STATE=true
08-30 11:29:31.613  3168  4005 E TelephonyUtils: CMCC-SDK:CHANGE_NETWORK_STATE=true
08-30 11:29:31.618  3168  3996 E TelephonyUtils: CMCC-SDK:CHANGE_NETWORK_STATE=true
08-30 11:29:31.621  3168  4005 E TelephonyUtils: CMCC-SDK:CHANGE_NETWORK_STATE=true
08-30 11:29:31.623  3168  3996 E AuthSDK : getVendorList isUploadMode = false
08-30 11:29:31.630  3168  3996 E TelephonyUtils: CMCC-SDK:CHANGE_NETWORK_STATE=true
08-30 11:29:31.640  3168  3996 E TelephonyUtils: CMCC-SDK:CHANGE_NETWORK_STATE=true
08-30 11:29:31.641  3168  3168 E BackgroundFallback: initVivoBgFallback callstackcom.android.internal.policy.DecorView.<init>:378 com.android.internal.policy.PhoneWindow.generateDecor:2421 com.android.internal.policy.PhoneWindow.installDecor:2800 com.android.internal.policy.PhoneWindow.setContentView:456 com.android.internal.app.AlertController.installContent:292 android.app.AlertDialog.onCreate:444 android.app.Dialog.dispatchOnCreate:442 android.app.Dialog.show:337 cn.missevan.view.widget.s.dq:90 cn.missevan.view.widget.s.<init>:83
08-30 11:29:31.643  3168  4013 E TelephonyUtils: CMCC-SDK:CHANGE_NETWORK_STATE=true
08-30 11:29:31.657  1724  3765 E WindowManager: App trying to use insecure INPUT_FEATURE_NO_INPUT_CHANNEL flag. Ignoring
08-30 11:29:31.660  3168  4013 E TelephonyUtils: CMCC-SDK:CHANGE_NETWORK_STATE=true
08-30 11:29:31.670  3168  3996 E AuthSDK : checkEnvAvailable errorCode = 600007; errorMsg = SIM卡无法检测
08-30 11:29:31.678  3168  3996 E TelephonyUtils: CMCC-SDK:CHANGE_NETWORK_STATE=true
08-30 11:29:31.686  3168  4015 E TelephonyUtils: CMCC-SDK:CHANGE_NETWORK_STATE=true
08-30 11:29:31.696  1724  4404 E WindowManager: App trying to use insecure INPUT_FEATURE_NO_INPUT_CHANNEL flag. Ignoring
08-30 11:29:31.709  3168  4015 E TelephonyUtils: CMCC-SDK:CHANGE_NETWORK_STATE=true
08-30 11:29:31.731   717   804 E         : IProducerListener: malformed binder reply
08-30 11:29:31.732  3168  3996 E TelephonyUtils: CMCC-SDK:CHANGE_NETWORK_STATE=true
08-30 11:29:31.737  3168  3168 E Umeng   : [main] umeng verify error: init error: {"carrierFailedResultData":"","code":"600007","msg":"SIM卡无法检测","requestCode":0,"requestId":"6fbcd861-7942-430c-8a8a-c414970f38f4","vendorName":"unknown"}
08-30 11:29:31.762   694   756 E ANDR-PERF-MPCTL: Invalid profile no. 0, total profiles 0 only
08-30 11:29:31.786  3168  3168 E TelephonyUtils: CMCC-SDK:CHANGE_NETWORK_STATE=true
08-30 11:29:31.810  3168  4027 E TelephonyUtils: CMCC-SDK:CHANGE_NETWORK_STATE=true
08-30 11:29:31.819  3168  3996 E TelephonyUtils: CMCC-SDK:CHANGE_NETWORK_STATE=true
08-30 11:29:31.891  3168  3168 E BackgroundFallback: initVivoBgFallback callstackcom.android.internal.policy.DecorView.<init>:378 com.android.internal.policy.PhoneWindow.generateDecor:2421 com.android.internal.policy.PhoneWindow.installDecor:2800 com.android.internal.policy.PhoneWindow.setContentView:456 com.android.internal.app.AlertController.installContent:292 android.app.AlertDialog.onCreate:444 android.app.Dialog.dispatchOnCreate:442 android.app.Dialog.show:337 cn.missevan.view.widget.s.dq:90 cn.missevan.view.widget.s.<init>:83
08-30 11:29:31.899  1724 13522 E WindowManager: App trying to use insecure INPUT_FEATURE_NO_INPUT_CHANNEL flag. Ignoring
08-30 11:29:32.661  1724  2178 I chatty  : uid=1000(system) AutobacklightTh identical 4 lines
08-30 11:29:32.826  1007  1109 E storaged: getDiskStats failed with result NOT_SUPPORTED and size 0
08-30 11:29:33.122   694   756 E ANDR-PERF-MPCTL: Invalid profile no. 0, total profiles 0 only
08-30 11:29:33.427  3168  3168 E cn.missevan: No package ID ff found for ID 0xffffffff.
08-30 11:29:33.496  4033  4033 E issevan:channe: Not starting debugger since process cannot load the jdwp agent.
08-30 11:29:33.903  3168  3168 E libc    : Access denied finding property "persist.vendor.radio.msim.stackid_0"
08-30 11:29:33.908  3168  3168 E SecurityException: [main] java.lang.SecurityException: getImeiForSlot
08-30 11:29:33.908  3168  3168 E SecurityException: 	at android.os.Parcel.createException(Parcel.java:1950)
08-30 11:29:33.908  3168  3168 E SecurityException: 	at android.os.Parcel.readException(Parcel.java:1918)
08-30 11:29:33.908  3168  3168 E SecurityException: 	at android.os.Parcel.readException(Parcel.java:1868)
08-30 11:29:33.908  3168  3168 E SecurityException: 	at com.android.internal.telephony.ITelephony$Stub$Proxy.getImeiForSlot(ITelephony.java:5514)
08-30 11:29:33.908  3168  3168 E SecurityException: 	at android.telephony.TelephonyManager.getImei(TelephonyManager.java:1331)
08-30 11:29:33.908  3168  3168 E SecurityException: 	at cn.missevan.lib.utils.t.i(SourceFile:294)
08-30 11:29:33.908  3168  3168 E SecurityException: 	at cn.missevan.lib.utils.s.getImei(SourceFile:102)
08-30 11:29:33.908  3168  3168 E SecurityException: 	at cn.missevan.library.baseapp.BaseApplication.getImei(SourceFile:725)
08-30 11:29:33.908  3168  3168 E SecurityException: 	at cn.missevan.library.statistics.StatisticsTable.getDeviceId(SourceFile:188)
08-30 11:29:33.908  3168  3168 E SecurityException: 	at java.lang.reflect.Method.invoke(Native Method)
08-30 11:29:33.908  3168  3168 E SecurityException: 	at com.alibaba.fastjson.util.FieldInfo.get(SourceFile:571)
08-30 11:29:33.908  3168  3168 E SecurityException: 	at com.alibaba.fastjson.serializer.FieldSerializer.getPropertyValueDirect(SourceFile:143)
08-30 11:29:33.908  3168  3168 E SecurityException: 	at com.alibaba.fastjson.serializer.JavaBeanSerializer.write(SourceFile:284)
08-30 11:29:33.908  3168  3168 E SecurityException: 	at com.alibaba.fastjson.serializer.JavaBeanSerializer.write(SourceFile:154)
08-30 11:29:33.908  3168  3168 E SecurityException: 	at com.alibaba.fastjson.serializer.ListSerializer.write(SourceFile:135)
08-30 11:29:33.908  3168  3168 E SecurityException: 	at com.alibaba.fastjson.serializer.JSONSerializer.write(SourceFile:312)
08-30 11:29:33.908  3168  3168 E SecurityException: 	at com.alibaba.fastjson.JSON.toJSONString(SourceFile:793)
08-30 11:29:33.908  3168  3168 E SecurityException: 	at com.alibaba.fastjson.JSON.toJSONString(SourceFile:731)
08-30 11:29:33.908  3168  3168 E SecurityException: 	at com.alibaba.fastjson.JSON.toJSONString(SourceFile:688)
08-30 11:29:33.908  3168  3168 E SecurityException: 	at cn.missevan.play.hook.StatisticsCommonImpl.buildBody(SourceFile:110)
08-30 11:29:33.908  3168  3168 E SecurityException: 	at cn.missevan.play.hook.StatisticsCommonImpl.sendLog(SourceFile:78)
08-30 11:29:33.908  3168  3168 E SecurityException: 	at cn.missevan.play.hook.AbsStatistics.sendRequestDatas(SourceFile:96)
08-30 11:29:33.908  3168  3168 E SecurityException: 	at cn.missevan.play.hook.StatisticsCommonImpl.lambda$reportData$1$StatisticsCommonImpl(SourceFile:69)
08-30 11:29:33.908  3168  3168 E SecurityException: 	at cn.missevan.play.hook.-$$Lambda$StatisticsCommonImpl$1ihaZTd5OL23Up_e7q_C9AiHJ0Q.accept(Unknown Source:4)
08-30 11:29:33.908  3168  3168 E SecurityException: 	at io.a.g.d.u.onNext(SourceFile:63)
08-30 11:29:33.908  3168  3168 E SecurityException: 	at io.a.g.e.e.cd$a.ccY(SourceFile:201)
08-30 11:29:33.908  3168  3168 E SecurityException: 	at io.a.g.e.e.cd$a.run(SourceFile:255)
08-30 11:29:33.908  3168  3168 E SecurityException: 	at io.a.a.b.b$b.run(SourceFile:124)
08-30 11:29:33.908  3168  3168 E SecurityException: 	at android.os.Handler.handleCallback(Handler.java:873)
08-30 11:29:33.908  3168  3168 E SecurityException: 	at android.os.Handler.dispatchMessage(Handler.java:99)
08-30 11:29:33.908  3168  3168 E SecurityException: 	at android.os.Looper.loop(Looper.java:224)
08-30 11:29:33.908  3168  3168 E SecurityException: 	at android.app.ActivityThread.main(ActivityThread.java:7042)
08-30 11:29:33.908  3168  3168 E SecurityException: 	at java.lang.reflect.Method.invoke(Native Method)
08-30 11:29:33.908  3168  3168 E SecurityException: 	at com.android.internal.os.RuntimeInit$MethodAndArgsCaller.run(RuntimeInit.java:536)
08-30 11:29:33.908  3168  3168 E SecurityException: 	at com.android.internal.os.ZygoteInit.main(ZygoteInit.java:868)
08-30 11:29:33.908  3168  3168 E SecurityException:
08-30 11:29:34.073  3168  3168 E cn.missevan: No package ID ff found for ID 0xffffffff.
08-30 11:29:34.557  3168  3168 E cn.missevan: No package ID ff found for ID 0xffffffff.
08-30 11:29:36.125   694   756 E ANDR-PERF-MPCTL: Invalid profile no. 0, total profiles 0 only
08-30 11:29:39.138   694   756 E ANDR-PERF-MPCTL: Invalid profile no. 0, total profiles 0 only
08-30 11:29:40.021   685   883 E qti_sensors_hal: w_orient output WORT -1 0 0
08-30 11:29:40.059   685   883 E qti_sensors_hal: w_orient output WORT 0 39 350
08-30 11:29:40.137   685   883 I chatty  : uid=1000(system) sensors@1.0-ser identical 1 line
08-30 11:29:40.195   685   883 E qti_sensors_hal: w_orient output WORT 0 39 350
08-30 11:29:40.226  1724  2178 I chatty  : uid=1000(system) AutobacklightTh identical 45 lines
08-30 11:29:40.273   685   883 E qti_sensors_hal: w_orient output WORT 0 40 350
08-30 11:29:40.331   685   883 E qti_sensors_hal: w_orient output WORT 0 40 350
08-30 11:29:40.451  1724 13522 E WindowManager: App trying to use insecure INPUT_FEATURE_NO_INPUT_CHANNEL flag. Ignoring
08-30 11:29:40.495   717   805 E         : IProducerListener: malformed binder reply
08-30 11:29:40.541   694   756 E ANDR-PERF-MPCTL: Invalid profile no. 0, total profiles 0 only
08-30 11:29:40.559  1724  3765 E WindowManager: App trying to use insecure INPUT_FEATURE_NO_INPUT_CHANNEL flag. Ignoring
08-30 11:29:40.571   717  2381 E         : IProducerListener: malformed binder reply
08-30 11:29:41.031  1724  2178 I chatty  : uid=1000(system) AutobacklightTh identical 2 lines
08-30 11:29:41.339  1724 13522 E WindowManager: App trying to use insecure INPUT_FEATURE_NO_INPUT_CHANNEL flag. Ignoring
08-30 11:29:41.376   717   805 E         : IProducerListener: malformed binder reply
08-30 11:29:42.148   694   756 E ANDR-PERF-MPCTL: Invalid profile no. 0, total profiles 0 only
08-30 11:29:44.262   694   756 I chatty  : uid=0(root) perf@1.0-servic identical 1 line
08-30 11:29:45.155   694   756 E ANDR-PERF-MPCTL: Invalid profile no. 0, total profiles 0 only
08-30 11:29:46.416 29067 29255 E MSF.C.NetConnTag.true: conn is already closed on readError closeConn socketEngineID: 0 socket hashcode: 0java.lang.Throwable
08-30 11:29:46.416 29067 29255 E MSF.C.NetConnTag.true: 	at com.tencent.mobileqq.msf.core.net.m.b(P:27)
08-30 11:29:46.416 29067 29255 E MSF.C.NetConnTag.true: 	at com.tencent.mobileqq.msf.core.net.m$b.run(P:24)
08-30 11:29:46.416 29067 29255 E SocketReaderNewtrue: socketEngine: 0socket hashCode: 0SocketReader(4178) errorjava.net.SocketException: Socket is closed
08-30 11:29:47.370  1724  1724 I chatty  : uid=1000 system_server expire 1 line
08-30 11:29:47.501   717   933 E         : IProducerListener: malformed binder reply
08-30 11:29:47.573   694   756 E ANDR-PERF-MPCTL: Invalid profile no. 0, total profiles 0 only
08-30 11:29:48.159   694   756 E ANDR-PERF-MPCTL: Invalid profile no. 0, total profiles 0 only
08-30 11:29:48.619  4121  4121 E thod.sogou.viv: Not starting debugger since process cannot load the jdwp agent.
08-30 11:29:48.837  4121  4121 E RePlugin.ws001: plugins-builtin.json not found
08-30 11:29:48.849  4121  4121 E RePlugin.PluginInfoList: load: Read Json error!
08-30 11:29:48.937  4121  4121 E test-bugly: bugly is closed!
08-30 11:29:49.026  4121  4121 E BackgroundFallback: initVivoBgFallback callstackcom.android.internal.policy.DecorView.<init>:378 com.android.internal.policy.PhoneWindow.generateDecor:2421 com.android.internal.policy.PhoneWindow.installDecor:2800 com.android.internal.policy.PhoneWindow.setContentView:487 com.android.internal.policy.PhoneWindow.setContentView:478 android.app.Dialog.setContentView:603 android.inputmethodservice.InputMethodService.initViews:1015 android.inputmethodservice.InputMethodService.onCreate:985 com.sohu.inputmethod.sogou.SogouIME.onCreate:100 com.sohu.inputmethod.sogou.vivo.SogouIME.onCreate:101
08-30 11:29:49.066  4121  4121 E getTrueScaleOfScreen: mScreenRealWidth = 1080.0>>mScreenRealHeight = 2280.0
08-30 11:29:49.067  4121  4121 E FtDeviceUtil:  mUpRaidus = 106>>mDnRoundRaidus = 89
08-30 11:29:49.079  1724  2178 I chatty  : uid=1000(system) AutobacklightTh identical 48 lines
08-30 11:29:49.246  1724  2922 E WindowManager: App trying to use insecure INPUT_FEATURE_NO_INPUT_CHANNEL flag. Ignoring
08-30 11:29:49.440   717   933 E         : IProducerListener: malformed binder reply
08-30 11:29:49.500   694   756 E ANDR-PERF-MPCTL: Invalid profile no. 0, total profiles 0 only
08-30 11:29:49.565  3168  3168 E cn.missevan: No package ID ff found for ID 0xffffffff.
08-30 11:29:49.654  4121  4121 E KeyboardManager: releaseAllForeignKeyboard
08-30 11:29:49.718  4121  4121 E BaseThemeUtils: java.io.FileNotFoundException: assets_theme/default_theme/1080/phone/res/cloud_bg.png
08-30 11:29:49.722  4121  4121 E BaseThemeUtils: java.io.FileNotFoundException: assets_theme/default_theme/1080/phone/res/composing_bg.png
08-30 11:29:49.728  4121  4121 I chatty  : uid=10041(com.sohu.inputmethod.sogou.vivo) identical 1 line
08-30 11:29:49.734  4121  4121 E BaseThemeUtils: java.io.FileNotFoundException: assets_theme/default_theme/1080/phone/res/composing_bg.png
08-30 11:29:50.357  4121  4121 E AutoUpgradeReceiver:  <<<<<<<<<<< receive the upgrade dict broadcast >>>>>>>>>>>>>
08-30 11:29:51.165   694   756 E ANDR-PERF-MPCTL: Invalid profile no. 0, total profiles 0 only
08-30 11:29:53.612  3168  3168 E cn.missevan: No package ID ff found for ID 0xffffffff.
08-30 11:29:53.700   694   756 E ANDR-PERF-MPCTL: Invalid profile no. 0, total profiles 0 only
08-30 11:29:53.746   717   805 E         : IProducerListener: malformed binder reply
08-30 11:29:53.787 11860 11860 I chatty  : uid=10058(com.vivo.secime.service) identical 108 lines
08-30 11:29:54.169   694   756 E ANDR-PERF-MPCTL: Invalid profile no. 0, total profiles 0 only
08-30 11:29:57.174   694   756 E ANDR-PERF-MPCTL: Invalid profile no. 0, total profiles 0 only
08-30 11:29:59.537  1724  2178 I chatty  : uid=1000(system) AutobacklightTh identical 63 lines
08-30 11:29:59.826  1724 13522 E WindowManager: App trying to use insecure INPUT_FEATURE_NO_INPUT_CHANNEL flag. Ignoring
08-30 11:29:59.846   694   756 E ANDR-PERF-MPCTL: Invalid profile no. 0, total profiles 0 only
08-30 11:29:59.888   717   933 E         : IProducerListener: malformed binder reply
08-30 11:30:00.048  4240  4357 E BitmapFactory: Unable to decode stream: java.io.FileNotFoundException: /oem/etc/theme/icons/dynamic_icon/com.android.BBKClock/res/drawable-sw360dp-xxhdpi/clock_hour.png (No such file or directory)
08-30 11:30:00.049  4240  4357 E BitmapFactory: Unable to decode stream: java.io.FileNotFoundException: /oem/etc/theme/icons/dynamic_icon/com.android.BBKClock/res/drawable-sw360dp-xxhdpi/clock_minute.png (No such file or directory)
08-30 11:30:00.050  4240  4357 E BitmapFactory: Unable to decode stream: java.io.FileNotFoundException: /oem/etc/theme/icons/dynamic_icon/com.android.BBKClock/res/drawable-sw360dp-xxhdpi/clock_dial.png (No such file or directory)
08-30 11:30:00.052  4240  4357 E BitmapFactory: Unable to decode stream: java.io.FileNotFoundException: /oem/etc/theme/icons/dynamic_icon/com.android.BBKClock/res/drawable-sw360dp-xxhdpi/clock_dial_center.png (No such file or directory)
08-30 11:30:00.466  3168  3168 E ThemeUtils: View class skin.support.widget.SkinCompatImageView is an AppCompat widget that can only be used with a Theme.AppCompat theme (or descendant).
08-30 11:30:00.467  3168  3168 E ThemeUtils: View class skin.support.widget.SkinCompatTextView is an AppCompat widget that can only be used with a Theme.AppCompat theme (or descendant).
08-30 11:30:02.612  3168  3168 E cn.missevan: No package ID ff found for ID 0xffffffff.
08-30 11:30:02.637  3168  3168 I chatty  : uid=10597(cn.missevan) identical 6 lines
08-30 11:30:02.637  3168  3168 E cn.missevan: No package ID ff found for ID 0xffffffff.
08-30 11:30:02.785   694   756 E ANDR-PERF-MPCTL: Invalid profile no. 0, total profiles 0 only
08-30 11:30:03.246   694   756 I chatty  : uid=0(root) perf@1.0-servic identical 1 line
08-30 11:30:06.249   694   756 E ANDR-PERF-MPCTL: Invalid profile no. 0, total profiles 0 only
08-30 11:30:08.400   685   883 E qti_sensors_hal: w_orient output WORT -1 0 0
08-30 11:30:08.439   685   883 E qti_sensors_hal: w_orient output WORT 0 44 359
08-30 11:30:08.517   685   883 E qti_sensors_hal: w_orient output WORT 0 44 359
08-30 11:30:08.575   685   883 E qti_sensors_hal: w_orient output WORT 0 43 359
08-30 11:30:08.653   685   883 I chatty  : uid=1000(system) sensors@1.0-ser identical 1 line
08-30 11:30:08.710   685   883 E qti_sensors_hal: w_orient output WORT 0 43 359
08-30 11:30:09.254   694   756 E ANDR-PERF-MPCTL: Invalid profile no. 0, total profiles 0 only
08-30 11:30:12.263   694   756 E ANDR-PERF-MPCTL: Invalid profile no. 0, total profiles 0 only
08-30 11:30:12.449   685   883 E qti_sensors_hal: w_orient output WORT -1 0 0
08-30 11:30:12.507   685   883 E qti_sensors_hal: w_orient output WORT 0 44 0
08-30 11:30:12.584   685   883 E qti_sensors_hal: w_orient output WORT 0 42 354
08-30 11:30:12.642   685   883 E qti_sensors_hal: w_orient output WORT 0 39 353
08-30 11:30:12.721   685   883 E qti_sensors_hal: w_orient output WORT 0 38 353
08-30 11:30:12.778   685   883 E qti_sensors_hal: w_orient output WORT 0 38 354
08-30 11:30:15.266   694   756 E ANDR-PERF-MPCTL: Invalid profile no. 0, total profiles 0 only
08-30 11:30:16.123   717   717 I SurfaceFlinger: FPS: 57
08-30 11:30:16.425 29067 29255 I SocketReaderNewtrue: SocketReader(4178) continue
08-30 11:30:16.425 29067 29255 D MSF.C.NetConnTag.true: MsfCoreSocketReaderNew closeConn socketEngineID: 0 socket hashcode: 0 for reason: readError
08-30 11:30:16.426 29067 29255 E MSF.C.NetConnTag.true: conn is already closed on readError closeConn socketEngineID: 0 socket hashcode: 0java.lang.Throwable
08-30 11:30:16.426 29067 29255 E MSF.C.NetConnTag.true: 	at com.tencent.mobileqq.msf.core.net.m.b(P:27)
08-30 11:30:16.426 29067 29255 E MSF.C.NetConnTag.true: 	at com.tencent.mobileqq.msf.core.net.m$b.run(P:24)
08-30 11:30:16.426 29067 29255 E SocketReaderNewtrue: socketEngine: 0socket hashCode: 0SocketReader(4178) errorjava.net.SocketException: Socket is closed
08-30 11:30:16.426 29067 29255 I SocketReaderNewtrue: SocketReader(4178) wait
08-30 11:30:16.641  1724  2070 I chatty  : uid=1000(system) WifiStateMachin expire 10 lines
08-30 11:30:17.172   717   717 I SurfaceFlinger: FPS: 32
08-30 11:30:18.032 31100 31100 E adbd    : failed to connect to socket 'tcp:6790': Connection refused
08-30 11:30:18.205   717   717 I SurfaceFlinger: FPS: 43
08-30 11:30:18.041  1724  2178 I chatty  : uid=1000(system) AutobacklightTh identical 113 lines
08-30 11:30:18.207  1724  2922 D ActivityManager: AMS onShellCommand CallingPid=4416 ,callingUid=2000 ,PackageName=android.uid.shell:2000.Starting command :force-stop io.appium.uiautomator2.server.test
08-30 11:30:18.208  1724  2922 I chatty  : uid=1000(system) Binder:1724_E expire 4 lines
08-30 11:30:18.209  1724  2922 I ActivityManager: Force stopping io.appium.uiautomator2.server.test appid=10145 user=0: stop by 4416
08-30 11:30:18.217  1724  2922 I ActivityManager: Force stopping io.appium.uiautomator2.server.test appid=10145 user=999: stop by 4416
08-30 11:30:18.232  1724  1724 I NotificationService: action=android.intent.action.PACKAGE_RESTARTED removing=false
08-30 11:30:18.233  1724  1724 D NotificationService: handleSavePolicyFile
08-30 11:30:18.251  2765  2765 W ContextImpl: Calling a method in the system process without a qualified user: android.app.ContextImpl.startService:1550 android.content.ContextWrapper.startService:664 com.vivo.daemonService.easyshare.ESAlarmReceiver.a:5 com.vivo.daemonService.easyshare.ESAlarmReceiver.onReceive:2 android.app.LoadedApk$ReceiverDispatcher$Args.lambda$getRunnable$0:1416
08-30 11:30:18.260  2831  2831 D CarrierSvcBindHelper: No carrier app for: 0
08-30 11:30:18.261  2831  2831 D CarrierSvcBindHelper: No carrier app for: 1
08-30 11:30:18.262  1724  1852 D ActivityManager: StartMode packageName = com.tencent.android.qqdownloader ,callingPid = -1 ,alwaysRestrict = true ,startMode = 2 ,UidRec:null
08-30 11:30:18.262  1724  1852 W BroadcastQueue: Background execution not allowed: receiving Intent { act=android.intent.action.PACKAGE_RESTARTED dat=package:io.appium.uiautomator2.server.test flg=0x10 (has extras) } to com.tencent.android.qqdownloader/com.tencent.assistant.localres.localapk.PackageChangedReceiver
08-30 11:30:18.262  2831  2831 D CarrierSvcBindHelper: No carrier app for: 0
08-30 11:30:18.263  2831  2831 D CarrierSvcBindHelper: No carrier app for: 1
08-30 11:30:18.269   694   756 E ANDR-PERF-MPCTL: Invalid profile no. 0, total profiles 0 only
08-30 11:30:18.269  1724  1852 D ActivityManager: StartMode packageName = com.vivo.appfilter ,callingPid = -1 ,alwaysRestrict = true ,startMode = 2 ,UidRec:UidRecord{78ed8ef 1000 PER  procs:32 seq(0,0,0)}
08-30 11:30:18.270  1724  1852 W BroadcastQueue: Background execution not allowed: receiving Intent { act=android.intent.action.PACKAGE_RESTARTED dat=package:io.appium.uiautomator2.server.test flg=0x10 (has extras) } to com.vivo.appfilter/.receiver.VivoBringupPkgReceiver
08-30 11:30:18.270  1724  1852 D ActivityManager: StartMode packageName = com.tencent.android.qqdownloader ,callingPid = -1 ,alwaysRestrict = true ,startMode = 2 ,UidRec:null
08-30 11:30:18.270  1724  1852 W BroadcastQueue: Background execution not allowed: receiving Intent { act=android.intent.action.PACKAGE_RESTARTED dat=package:io.appium.uiautomator2.server.test flg=0x10 (has extras) } to com.tencent.android.qqdownloader/com.qq.AppService.APKReceiver
08-30 11:30:18.295  1724  1724 I NotificationService: action=android.intent.action.PACKAGE_RESTARTED removing=false
08-30 11:30:18.295  1724  1724 D NotificationService: handleSavePolicyFile
08-30 11:30:18.712  4424  4424 D AndroidRuntime: >>>>>> START com.android.internal.os.RuntimeInit uid 2000 <<<<<<
08-30 11:30:18.815  4424  4424 I app_process: The ClassLoaderContext is a special shared library.
08-30 11:30:18.847  4424  4424 E libc    : Access denied finding property "ro.vendor.at_library"
08-30 11:30:18.838  4424  4424 W main    : type=1400 audit(0.0:34138): avc: denied { read } for name="u:object_r:vendor_mpctl_prop:s0" dev="tmpfs" ino=12522 scontext=u:r:shell:s0 tcontext=u:object_r:vendor_mpctl_prop:s0 tclass=file permissive=0
08-30 11:30:18.855  4424  4424 D AndroidRuntime: Calling main entry com.android.commands.am.Am
08-30 11:30:18.861  1724  4404 I chatty  : uid=1000(system) Binder:1724_14 expire 7 lines
08-30 11:30:18.684  1724  2178 I chatty  : uid=1000(system) AutobacklightTh identical 2 lines
08-30 11:30:18.870  1724  4404 I ActivityManager: Force stopping io.appium.uiautomator2.server appid=10144 user=0: start instr
08-30 11:30:18.902  1724  1855 I ActivityManager: Start proc 4451:io.appium.uiautomator2.server/u0a144 for added application io.appium.uiautomator2.server
08-30 11:30:18.911  4451  4451 I tomator2.serve: Late-enabling -Xcheck:jni
08-30 11:30:19.011   715  3182 V APM_AudioPolicyManager: AudioPolicyManager:setRecordSilenced(uid:10144, silenced:0)
08-30 11:30:19.011   715  3182 V AudioFlinger: AudioFlinger::setRecordSilenced(uid:10144, silenced:0)
08-30 11:30:19.065  4451  4451 I tomator2.serve: The ClassLoaderContext is a special shared library.
08-30 11:30:19.068  4451  4451 I tomator2.serve: The ClassLoaderContext is a special shared library.
08-30 11:30:19.070  4451  4451 W tomator2.serve: ClassLoaderContext classpath element mismatch for position 0. expected=/system/framework/android.test.mock.jar, found=/system/framework/android.test.runner.jar (PCL[/system/framework/android.test.mock.jar*2077058553:/system/framework/android.test.runner.jar*3846605392] | PCL[/system/framework/android.test.runner.jar*3846605392:/system/framework/android.test.mock.jar*2077058553])
08-30 11:30:19.075  4451  4451 W tomator2.serve: ClassLoaderContext classpath size mismatch for position 0. expected=0, found=4 (PCL[] | PCL[/system/framework/android.test.runner.jar*3846605392:/system/framework/android.test.mock.jar*2077058553:/data/app/io.appium.uiautomator2.server.test-K07vq4ZhCm4h6eWbq7B8og==/base.apk*3464038622:/data/app/io.appium.uiautomator2.server.test-K07vq4ZhCm4h6eWbq7B8og==/base.apk!classes2.dex*2170559374])
08-30 11:30:19.077  4451  4451 W tomator2.serve: Found duplicate classes, falling back to extracting from APK : /data/app/io.appium.uiautomator2.server-hU_If1ssmYNlALRcrtEGLw==/base.apk
08-30 11:30:19.077  4451  4451 W tomator2.serve: NOTE: This wastes RAM and hurts startup performance.
08-30 11:30:19.077  4451  4451 W tomator2.serve: Found duplicated class when checking oat files: 'Ljunit/runner/BaseTestRunner;' in /data/app/io.appium.uiautomator2.server-hU_If1ssmYNlALRcrtEGLw==/base.apk and /system/framework/android.test.runner.jar
08-30 11:30:19.077  4451  4451 W tomator2.serve:
08-30 11:30:19.222   717   717 I SurfaceFlinger: FPS: 56
08-30 11:30:19.272 31100 31100 E adbd    : failed to connect to socket 'tcp:6790': Connection refused
08-30 11:30:19.337  4451  4451 I Perf    : Connecting to perf service.
08-30 11:30:19.362  4451  4451 I tomator2.serve: The ClassLoaderContext is a special shared library.
08-30 11:30:19.364  4451  4451 I tomator2.serve: The ClassLoaderContext is a special shared library.
08-30 11:30:19.367  4451  4451 W tomator2.serve: ClassLoaderContext size mismatch. expected=1, actual=2 (PCL[/system/framework/android.test.mock.jar*2077058553:/system/framework/android.test.runner.jar*3846605392] | PCL[/system/framework/android.test.runner.jar*3846605392:/system/framework/android.test.mock.jar*2077058553];PCL[/system/framework/android.test.runner.jar*3846605392:/system/framework/android.test.mock.jar*2077058553:/data/app/io.appium.uiautomator2.server.test-K07vq4ZhCm4h6eWbq7B8og==/base.apk*3464038622:/data/app/io.appium.uiautomator2.server.test-K07vq4ZhCm4h6eWbq7B8og==/base.apk!classes2.dex*2170559374:/data/app/io.appium.uiautomator2.server-hU_If1ssmYNlALRcrtEGLw==/base.apk*2259969859:/data/app/io.appium.uiautomator2.server-hU_If1ssmYNlALRcrtEGLw==/base.apk!classes2.dex*3854679608])
08-30 11:30:19.368  4451  4451 W tomator2.serve: Found duplicate classes, falling back to extracting from APK : /data/app/io.appium.uiautomator2.server.test-K07vq4ZhCm4h6eWbq7B8og==/base.apk
08-30 11:30:19.368  4451  4451 W tomator2.serve: NOTE: This wastes RAM and hurts startup performance.
08-30 11:30:19.368  4451  4451 W tomator2.serve: Found duplicated class when checking oat files: 'Landroidx/test/espresso/AmbiguousViewMatcherException$1;' in /data/app/io.appium.uiautomator2.server.test-K07vq4ZhCm4h6eWbq7B8og==/base.apk and /data/app/io.appium.uiautomator2.server.test-K07vq4ZhCm4h6eWbq7B8og==/base.apk
08-30 11:30:19.368  4451  4451 W tomator2.serve:
08-30 11:30:19.458  4451  4451 W tomator2.serve: ClassLoaderContext size mismatch. expected=1, actual=2 (PCL[] | PCL[/system/framework/android.test.runner.jar*3846605392:/system/framework/android.test.mock.jar*2077058553:/data/app/io.appium.uiautomator2.server.test-K07vq4ZhCm4h6eWbq7B8og==/base.apk*3464038622:/data/app/io.appium.uiautomator2.server.test-K07vq4ZhCm4h6eWbq7B8og==/base.apk!classes2.dex*2170559374];PCL[/system/framework/android.test.runner.jar*3846605392:/system/framework/android.test.mock.jar*2077058553:/data/app/io.appium.uiautomator2.server.test-K07vq4ZhCm4h6eWbq7B8og==/base.apk*3464038622:/data/app/io.appium.uiautomator2.server.test-K07vq4ZhCm4h6eWbq7B8og==/base.apk!classes2.dex*2170559374:/data/app/io.appium.uiautomator2.server-hU_If1ssmYNlALRcrtEGLw==/base.apk*2259969859:/data/app/io.appium.uiautomator2.server-hU_If1ssmYNlALRcrtEGLw==/base.apk!classes2.dex*3854679608])
08-30 11:30:19.459  4451  4451 W tomator2.serve: Found duplicate classes, falling back to extracting from APK : /data/app/io.appium.uiautomator2.server-hU_If1ssmYNlALRcrtEGLw==/base.apk
08-30 11:30:19.459  4451  4451 W tomator2.serve: NOTE: This wastes RAM and hurts startup performance.
08-30 11:30:19.459  4451  4451 W tomator2.serve: Found duplicated class when checking oat files: 'Landroid_libs/ub_uiautomator/R;' in /data/app/io.appium.uiautomator2.server-hU_If1ssmYNlALRcrtEGLw==/base.apk!classes2.dex and /data/app/io.appium.uiautomator2.server-hU_If1ssmYNlALRcrtEGLw==/base.apk!classes2.dex
08-30 11:30:19.459  4451  4451 W tomator2.serve:
08-30 11:30:19.712  4451  4451 W tomator2.serve: Accessing hidden method Landroid/app/Instrumentation;->execStartActivity(Landroid/content/Context;Landroid/os/IBinder;Landroid/os/IBinder;Landroid/app/Activity;Landroid/content/Intent;ILandroid/os/Bundle;)Landroid/app/Instrumentation$ActivityResult; (light greylist, linking)
08-30 11:30:19.713  4451  4451 W tomator2.serve: Accessing hidden method Landroid/app/Instrumentation;->execStartActivity(Landroid/content/Context;Landroid/os/IBinder;Landroid/os/IBinder;Ljava/lang/String;Landroid/content/Intent;ILandroid/os/Bundle;)Landroid/app/Instrumentation$ActivityResult; (light greylist, linking)
08-30 11:30:19.755  4451  4451 I MonitoringInstr: Instrumentation started!
08-30 11:30:19.763  4451  4451 I MonitoringInstr: Setting context classloader to 'dalvik.system.PathClassLoader[DexPathList[[zip file "/system/framework/android.test.runner.jar", zip file "/system/framework/android.test.mock.jar", zip file "/data/app/io.appium.uiautomator2.server.test-K07vq4ZhCm4h6eWbq7B8og==/base.apk", zip file "/data/app/io.appium.uiautomator2.server-hU_If1ssmYNlALRcrtEGLw==/base.apk"],nativeLibraryDirectories=[/data/app/io.appium.uiautomator2.server.test-K07vq4ZhCm4h6eWbq7B8og==/lib/arm64, /data/app/io.appium.uiautomator2.server-hU_If1ssmYNlALRcrtEGLw==/lib/arm64, /system/lib64]]]', Original: 'dalvik.system.PathClassLoader[DexPathList[[zip file "/system/framework/android.test.runner.jar", zip file "/system/framework/android.test.mock.jar", zip file "/data/app/io.appium.uiautomator2.server.test-K07vq4ZhCm4h6eWbq7B8og==/base.apk", zip file "/data/app/io.appium.uiautomator2.server-hU_If1ssmYNlALRcrtEGLw==/base.apk"],nativeLibraryDirectories=[/data/app/io.appium.uiautomator2.server.test-K07vq4ZhCm4h6eWbq7B8og==/lib/arm64, /data/app/io.appium.uiautomator2.server-hU_If1ssmYNlALRcrtEGLw==/lib/arm64, /system/lib64]]]'
08-30 11:30:19.770  4451  4451 I MonitoringInstr: No JSBridge.
08-30 11:30:19.773  4451  4505 I MonitoringInstr: Setting context classloader to 'dalvik.system.PathClassLoader[DexPathList[[zip file "/system/framework/android.test.runner.jar", zip file "/system/framework/android.test.mock.jar", zip file "/data/app/io.appium.uiautomator2.server.test-K07vq4ZhCm4h6eWbq7B8og==/base.apk", zip file "/data/app/io.appium.uiautomator2.server-hU_If1ssmYNlALRcrtEGLw==/base.apk"],nativeLibraryDirectories=[/data/app/io.appium.uiautomator2.server.test-K07vq4ZhCm4h6eWbq7B8og==/lib/arm64, /data/app/io.appium.uiautomator2.server-hU_If1ssmYNlALRcrtEGLw==/lib/arm64, /system/lib64]]]', Original: 'dalvik.system.PathClassLoader[DexPathList[[zip file "/system/framework/android.test.runner.jar", zip file "/system/framework/android.test.mock.jar", zip file "/data/app/io.appium.uiautomator2.server.test-K07vq4ZhCm4h6eWbq7B8og==/base.apk", zip file "/data/app/io.appium.uiautomator2.server-hU_If1ssmYNlALRcrtEGLw==/base.apk"],nativeLibraryDirectories=[/data/app/io.appium.uiautomator2.server.test-K07vq4ZhCm4h6eWbq7B8og==/lib/arm64, /data/app/io.appium.uiautomator2.server-hU_If1ssmYNlALRcrtEGLw==/lib/arm64, /system/lib64]]]'
08-30 11:30:19.806  4451  4505 I UsageTrackerFacilitator: Usage tracking enabled
08-30 11:30:19.814  4451  4505 I TestRequestBuilder: Scanning classpath to find tests in paths [/data/app/io.appium.uiautomator2.server.test-K07vq4ZhCm4h6eWbq7B8og==/base.apk]
08-30 11:30:19.819  4451  4505 W tomator2.serve: Opening an oat file without a class loader. Are you using the deprecated DexFile APIs?
08-30 11:30:20.256   717   717 I SurfaceFlinger: FPS: 31
08-30 11:30:20.286 31100 31100 E adbd    : failed to connect to socket 'tcp:6790': Connection refused
08-30 11:30:20.800  4451  4505 D TestExecutor: Adding listener androidx.test.internal.runner.listener.LogRunListener
08-30 11:30:20.801  4451  4505 D TestExecutor: Adding listener androidx.test.internal.runner.listener.InstrumentationResultPrinter
08-30 11:30:20.801  4451  4505 D TestExecutor: Adding listener androidx.test.internal.runner.listener.ActivityFinisherRunListener
08-30 11:30:20.806  4451  4505 I TestRunner: run started: 1 tests
08-30 11:30:20.813  4451  4505 I TestRunner: started: startServer(io.appium.uiautomator2.server.test.AppiumUiAutomator2Server)
08-30 11:30:20.818  4451  4451 I MonitoringInstr: Activities that are still in CREATED to STOPPED: 0
08-30 11:30:20.824  4451  4505 I appium  : [AppiumUiAutomator2Server] Starting Server
08-30 11:30:21.258   717   717 I SurfaceFlinger: FPS: 30
08-30 11:30:21.271   694   756 E ANDR-PERF-MPCTL: Invalid profile no. 0, total profiles 0 only
08-30 11:30:21.295 31100 31100 E adbd    : failed to connect to socket 'tcp:6790': Connection refused
08-30 11:30:21.824  4451  4505 I appium  : Starting MJPEG Server
08-30 11:30:21.581  1724  2178 I chatty  : uid=1000(system) AutobacklightTh identical 16 lines
08-30 11:30:21.855  1724  1724 V SettingsProvider: Notifying for 0: content://settings/secure/accessibility_enabled
08-30 11:30:21.856  1724  1724 V SettingsProvider: Notifying for 999: content://settings/secure/accessibility_enabled
