08-30 11:23:38.460  1846  1846 E ActivityThread: Failed to find provider info for com.google.android.wearable.settings
08-30 11:23:42.277  2569  2672 E ActivityThread: Failed to find provider info for com.vivo.ai.ime.skin.provider
08-30 11:23:43.318  2698  2698 E .android.camer: Not starting debugger since process cannot load the jdwp agent.
08-30 11:23:46.242 29067 29255 E MSF.C.NetConnTag.true: conn is already closed on readError closeConn socketEngineID: 0 socket hashcode: 0java.lang.Throwable
08-30 11:23:46.242 29067 29255 E MSF.C.NetConnTag.true: 	at com.tencent.mobileqq.msf.core.net.m.b(P:27)
08-30 11:23:46.242 29067 29255 E MSF.C.NetConnTag.true: 	at com.tencent.mobileqq.msf.core.net.m$b.run(P:24)
08-30 11:23:46.246 29067 29255 E SocketReaderNewtrue: socketEngine: 0socket hashCode: 0SocketReader(4178) errorjava.net.SocketException: Socket is closed
08-30 11:24:16.257 29067 29255 E MSF.C.NetConnTag.true: conn is already closed on readError closeConn socketEngineID: 0 socket hashcode: 0java.lang.Throwable
08-30 11:24:16.257 29067 29255 E MSF.C.NetConnTag.true: 	at com.tencent.mobileqq.msf.core.net.m.b(P:27)
08-30 11:24:16.257 29067 29255 E MSF.C.NetConnTag.true: 	at com.tencent.mobileqq.msf.core.net.m$b.run(P:24)
08-30 11:24:16.257 29067 29255 E SocketReaderNewtrue: socketEngine: 0socket hashCode: 0SocketReader(4178) errorjava.net.SocketException: Socket is closed
08-30 11:24:20.674  4240  4357 E BitmapFactory: Unable to decode stream: java.io.FileNotFoundException: /oem/etc/theme/icons/dynamic_icon/com.android.BBKClock/res/drawable-sw360dp-xxhdpi/clock_hour.png (No such file or directory)
08-30 11:24:20.676  4240  4357 E BitmapFactory: Unable to decode stream: java.io.FileNotFoundException: /oem/etc/theme/icons/dynamic_icon/com.android.BBKClock/res/drawable-sw360dp-xxhdpi/clock_minute.png (No such file or directory)
08-30 11:24:20.677  4240  4357 E BitmapFactory: Unable to decode stream: java.io.FileNotFoundException: /oem/etc/theme/icons/dynamic_icon/com.android.BBKClock/res/drawable-sw360dp-xxhdpi/clock_dial.png (No such file or directory)
08-30 11:24:20.680  4240  4357 E BitmapFactory: Unable to decode stream: java.io.FileNotFoundException: /oem/etc/theme/icons/dynamic_icon/com.android.BBKClock/res/drawable-sw360dp-xxhdpi/clock_dial_center.png (No such file or directory)
08-30 11:24:23.885  1846  1936 E Finsky  : [4227] mpa.a(16): ItemStore: getItems RPC failed.
08-30 11:24:23.885  1846  1969 E Finsky  : [4230] mpa.a(16): ItemStore: getItems RPC failed.
08-30 11:24:23.885  1846  1970 E Finsky  : [4231] mpa.a(16): ItemStore: getItems RPC failed.
08-30 11:24:23.885  1846  1918 E Finsky  : [4221] mpa.a(16): ItemStore: getItems RPC failed.
08-30 11:24:23.888  1846  1936 E Finsky  : [4227] mpa.a(16): ItemStore: getItems RPC failed.
08-30 11:24:23.888  1846  1969 E Finsky  : [4230] mpa.a(16): ItemStore: getItems RPC failed.
08-30 11:24:23.888  1846  1970 E Finsky  : [4231] mpa.a(16): ItemStore: getItems RPC failed.
08-30 11:24:23.888  1846  1918 E Finsky  : [4221] mpa.a(16): ItemStore: getItems RPC failed.
08-30 11:24:23.889  1846  1936 E Finsky  : [4227] mpa.a(16): ItemStore: getItems RPC failed.
08-30 11:24:23.889  1846  1970 E Finsky  : [4231] mpa.a(16): ItemStore: getItems RPC failed.
08-30 11:24:23.889  1846  1969 E Finsky  : [4230] mpa.a(16): ItemStore: getItems RPC failed.
08-30 11:24:23.889  1846  1918 E Finsky  : [4221] mpa.a(16): ItemStore: getItems RPC failed.
08-30 11:24:23.890  1846  1969 E Finsky  : [4230] mpa.a(16): ItemStore: getItems RPC failed.
08-30 11:24:23.890  1846  1936 E Finsky  : [4227] mpa.a(16): ItemStore: getItems RPC failed.
08-30 11:24:23.890  1846  1970 E Finsky  : [4231] mpa.a(16): ItemStore: getItems RPC failed.
08-30 11:24:23.890  1846  1969 E Finsky  : [4230] mpa.a(16): ItemStore: getItems RPC failed.
08-30 11:24:23.890  1846  1918 E Finsky  : [4221] mpa.a(16): ItemStore: getItems RPC failed.
08-30 11:24:23.890  1846  1936 E Finsky  : [4227] mpa.a(16): ItemStore: getItems RPC failed.
08-30 11:24:23.890  1846  1970 E Finsky  : [4231] mpa.a(16): ItemStore: getItems RPC failed.
08-30 11:24:23.891  1846  1918 E Finsky  : [4221] mpa.a(16): ItemStore: getItems RPC failed.
08-30 11:24:23.891  1846  1969 E Finsky  : [4230] mpa.a(16): ItemStore: getItems RPC failed.
08-30 11:24:23.891  1846  1936 E Finsky  : [4227] mpa.a(16): ItemStore: getItems RPC failed.
08-30 11:24:23.891  1846  1970 E Finsky  : [4231] mpa.a(16): ItemStore: getItems RPC failed.
08-30 11:24:23.891  1846  1969 E Finsky  : [4230] mpa.a(16): ItemStore: getItems RPC failed.
08-30 11:24:23.891  1846  1936 E Finsky  : [4227] mpa.a(16): ItemStore: getItems RPC failed.
08-30 11:24:23.891  1846  1918 E Finsky  : [4221] mpa.a(16): ItemStore: getItems RPC failed.
08-30 11:24:23.892  1846  1969 E Finsky  : [4230] mpa.a(16): ItemStore: getItems RPC failed.
08-30 11:24:23.892  1846  1918 E Finsky  : [4221] mpa.a(16): ItemStore: getItems RPC failed.
08-30 11:24:23.892  1846  1970 E Finsky  : [4231] mpa.a(16): ItemStore: getItems RPC failed.
08-30 11:24:23.893  1846  1918 E Finsky  : [4221] mpa.a(16): ItemStore: getItems RPC failed.
08-30 11:24:23.893  1846  1970 E Finsky  : [4231] mpa.a(16): ItemStore: getItems RPC failed.
08-30 11:24:23.893  1846  1969 E Finsky  : [4230] mpa.a(16): ItemStore: getItems RPC failed.
08-30 11:24:23.893  1846  1936 E Finsky  : [4227] mpa.a(16): ItemStore: getItems RPC failed.
08-30 11:24:23.894  1846  1918 E Finsky  : [4221] mpa.a(16): ItemStore: getItems RPC failed.
08-30 11:24:23.894  1846  1969 E Finsky  : [4230] mpa.a(16): ItemStore: getItems RPC failed.
08-30 11:24:23.894  1846  1936 E Finsky  : [4227] mpa.a(16): ItemStore: getItems RPC failed.
08-30 11:24:23.894  1846  1970 E Finsky  : [4231] mpa.a(16): ItemStore: getItems RPC failed.
08-30 11:24:23.894  1846  1918 E Finsky  : [4221] mpa.a(16): ItemStore: getItems RPC failed.
08-30 11:24:23.894  1846  1969 E Finsky  : [4230] mpa.a(16): ItemStore: getItems RPC failed.
08-30 11:24:23.895  1846  1970 E Finsky  : [4231] mpa.a(16): ItemStore: getItems RPC failed.
08-30 11:24:23.895  1846  1918 E Finsky  : [4221] mpa.a(16): ItemStore: getItems RPC failed.
08-30 11:24:23.895  1846  1936 E Finsky  : [4227] mpa.a(16): ItemStore: getItems RPC failed.
08-30 11:24:23.895  1846  1969 E Finsky  : [4230] mpa.a(16): ItemStore: getItems RPC failed.
08-30 11:24:23.895  1846  1970 E Finsky  : [4231] mpa.a(16): ItemStore: getItems RPC failed.
08-30 11:24:23.895  1846  1936 E Finsky  : [4227] mpa.a(16): ItemStore: getItems RPC failed.
08-30 11:24:23.895  1846  1918 E Finsky  : [4221] mpa.a(16): ItemStore: getItems RPC failed.
08-30 11:24:23.896  1846  1969 E Finsky  : [4230] mpa.a(16): ItemStore: getItems RPC failed.
08-30 11:24:23.896  1846  1936 E Finsky  : [4227] mpa.a(16): ItemStore: getItems RPC failed.
08-30 11:24:23.896  1846  1970 E Finsky  : [4231] mpa.a(16): ItemStore: getItems RPC failed.
08-30 11:24:23.896  1846  1918 E Finsky  : [4221] mpa.a(16): ItemStore: getItems RPC failed.
08-30 11:24:23.896  1846  1969 E Finsky  : [4230] mpa.a(16): ItemStore: getItems RPC failed.
08-30 11:24:23.896  1846  1936 E Finsky  : [4227] mpa.a(16): ItemStore: getItems RPC failed.
08-30 11:24:23.896  1846  1918 E Finsky  : [4221] mpa.a(16): ItemStore: getItems RPC failed.
08-30 11:24:23.897  1846  1970 E Finsky  : [4231] mpa.a(16): ItemStore: getItems RPC failed.
08-30 11:24:23.897  1846  1969 E Finsky  : [4230] mpa.a(16): ItemStore: getItems RPC failed.
08-30 11:24:23.897  1846  1970 E Finsky  : [4231] mpa.a(16): ItemStore: getItems RPC failed.
08-30 11:24:23.897  1846  1918 E Finsky  : [4221] mpa.a(16): ItemStore: getItems RPC failed.
08-30 11:24:23.897  1846  1969 E Finsky  : [4230] mpa.a(16): ItemStore: getItems RPC failed.
08-30 11:24:23.897  1846  1970 E Finsky  : [4231] mpa.a(16): ItemStore: getItems RPC failed.
08-30 11:24:23.898  1846  1936 E Finsky  : [4227] mpa.a(16): ItemStore: getItems RPC failed.
08-30 11:24:23.898  1846  1918 E Finsky  : [4221] mpa.a(16): ItemStore: getItems RPC failed.
08-30 11:24:23.898  1846  1969 E Finsky  : [4230] mpa.a(16): ItemStore: getItems RPC failed.
08-30 11:24:23.898  1846  1970 E Finsky  : [4231] mpa.a(16): ItemStore: getItems RPC failed.
08-30 11:24:23.898  1846  1918 E Finsky  : [4221] mpa.a(16): ItemStore: getItems RPC failed.
08-30 11:24:23.898  1846  1936 E Finsky  : [4227] mpa.a(16): ItemStore: getItems RPC failed.
08-30 11:24:23.899  1846  1970 E Finsky  : [4231] mpa.a(16): ItemStore: getItems RPC failed.
08-30 11:24:23.899  1846  1918 E Finsky  : [4221] mpa.a(16): ItemStore: getItems RPC failed.
08-30 11:24:23.899  1846  1936 E Finsky  : [4227] mpa.a(16): ItemStore: getItems RPC failed.
08-30 11:24:23.899  1846  1969 E Finsky  : [4230] mpa.a(16): ItemStore: getItems RPC failed.
08-30 11:24:23.899  1846  1970 E Finsky  : [4231] mpa.a(16): ItemStore: getItems RPC failed.
08-30 11:24:23.899  1846  1918 E Finsky  : [4221] mpa.a(16): ItemStore: getItems RPC failed.
08-30 11:24:23.899  1846  1936 E Finsky  : [4227] mpa.a(16): ItemStore: getItems RPC failed.
08-30 11:24:23.900  1846  1969 E Finsky  : [4230] mpa.a(16): ItemStore: getItems RPC failed.
08-30 11:24:23.900  1846  1970 E Finsky  : [4231] mpa.a(16): ItemStore: getItems RPC failed.
08-30 11:24:23.900  1846  1936 E Finsky  : [4227] mpa.a(16): ItemStore: getItems RPC failed.
08-30 11:24:23.900  1846  1918 E Finsky  : [4221] mpa.a(16): ItemStore: getItems RPC failed.
08-30 11:24:23.900  1846  1970 E Finsky  : [4231] mpa.a(16): ItemStore: getItems RPC failed.
08-30 11:24:23.900  1846  1969 E Finsky  : [4230] mpa.a(16): ItemStore: getItems RPC failed.
08-30 11:24:23.900  1846  1936 E Finsky  : [4227] mpa.a(16): ItemStore: getItems RPC failed.
08-30 11:24:23.901  1846  1918 E Finsky  : [4221] mpa.a(16): ItemStore: getItems RPC failed.
08-30 11:24:23.901  1846  1969 E Finsky  : [4230] mpa.a(16): ItemStore: getItems RPC failed.
08-30 11:24:23.901  1846  1936 E Finsky  : [4227] mpa.a(16): ItemStore: getItems RPC failed.
08-30 11:24:23.901  1846  1918 E Finsky  : [4221] mpa.a(16): ItemStore: getItems RPC failed.
08-30 11:24:23.901  1846  1970 E Finsky  : [4231] mpa.a(16): ItemStore: getItems RPC failed.
08-30 11:24:23.901  1846  1969 E Finsky  : [4230] mpa.a(16): ItemStore: getItems RPC failed.
08-30 11:24:23.902  1846  1936 E Finsky  : [4227] mpa.a(16): ItemStore: getItems RPC failed.
08-30 11:24:23.902  1846  1969 E Finsky  : [4230] mpa.a(16): ItemStore: getItems RPC failed.
08-30 11:24:23.902  1846  1970 E Finsky  : [4231] mpa.a(16): ItemStore: getItems RPC failed.
08-30 11:24:23.902  1846  1936 E Finsky  : [4227] mpa.a(16): ItemStore: getItems RPC failed.
08-30 11:24:23.903  1846  1969 E Finsky  : [4230] mpa.a(16): ItemStore: getItems RPC failed.
08-30 11:24:23.903  1846  1970 E Finsky  : [4231] mpa.a(16): ItemStore: getItems RPC failed.
08-30 11:24:23.903  1846  1936 E Finsky  : [4227] mpa.a(16): ItemStore: getItems RPC failed.
08-30 11:24:23.903  1846  1969 E Finsky  : [4230] mpa.a(16): ItemStore: getItems RPC failed.
08-30 11:24:23.903  1846  1970 E Finsky  : [4231] mpa.a(16): ItemStore: getItems RPC failed.
08-30 11:24:23.904  1846  1936 E Finsky  : [4227] mpa.a(16): ItemStore: getItems RPC failed.
08-30 11:24:23.904  1846  1970 E Finsky  : [4231] mpa.a(16): ItemStore: getItems RPC failed.
08-30 11:24:23.904  1846  1969 E Finsky  : [4230] mpa.a(16): ItemStore: getItems RPC failed.
08-30 11:24:23.904  1846  1936 E Finsky  : [4227] mpa.a(16): ItemStore: getItems RPC failed.
08-30 11:24:23.904  1846  1970 E Finsky  : [4231] mpa.a(16): ItemStore: getItems RPC failed.
08-30 11:24:23.905  1846  1936 E Finsky  : [4227] mpa.a(16): ItemStore: getItems RPC failed.
08-30 11:24:23.905  1846  1969 E Finsky  : [4230] mpa.a(16): ItemStore: getItems RPC failed.
08-30 11:24:23.905  1846  1970 E Finsky  : [4231] mpa.a(16): ItemStore: getItems RPC failed.
08-30 11:24:23.905  1846  1918 E Finsky  : [4221] mpa.a(16): ItemStore: getItems RPC failed.
08-30 11:24:23.905  1846  1936 E Finsky  : [4227] mpa.a(16): ItemStore: getItems RPC failed.
08-30 11:24:23.905  1846  1969 E Finsky  : [4230] mpa.a(16): ItemStore: getItems RPC failed.
08-30 11:24:23.906  1846  1918 E Finsky  : [4221] mpa.a(16): ItemStore: getItems RPC failed.
08-30 11:24:23.906  1846  1936 E Finsky  : [4227] mpa.a(16): ItemStore: getItems RPC failed.
08-30 11:24:23.906  1846  1970 E Finsky  : [4231] mpa.a(16): ItemStore: getItems RPC failed.
08-30 11:24:23.906  1846  1918 E Finsky  : [4221] mpa.a(16): ItemStore: getItems RPC failed.
08-30 11:24:23.906  1846  1969 E Finsky  : [4230] mpa.a(16): ItemStore: getItems RPC failed.
08-30 11:24:23.906  1846  1936 E Finsky  : [4227] mpa.a(16): ItemStore: getItems RPC failed.
08-30 11:24:23.906  1846  1970 E Finsky  : [4231] mpa.a(16): ItemStore: getItems RPC failed.
08-30 11:24:23.907  1846  1918 E Finsky  : [4221] mpa.a(16): ItemStore: getItems RPC failed.
08-30 11:24:23.907  1846  1969 E Finsky  : [4230] mpa.a(16): ItemStore: getItems RPC failed.
08-30 11:24:23.907  1846  1936 E Finsky  : [4227] mpa.a(16): ItemStore: getItems RPC failed.
08-30 11:24:23.907  1846  1918 E Finsky  : [4221] mpa.a(16): ItemStore: getItems RPC failed.
08-30 11:24:23.907  1846  1969 E Finsky  : [4230] mpa.a(16): ItemStore: getItems RPC failed.
08-30 11:24:23.907  1846  1970 E Finsky  : [4231] mpa.a(16): ItemStore: getItems RPC failed.
08-30 11:24:23.907  1846  1918 E Finsky  : [4221] mpa.a(16): ItemStore: getItems RPC failed.
08-30 11:24:23.908  1846  1936 E Finsky  : [4227] mpa.a(16): ItemStore: getItems RPC failed.
08-30 11:24:23.908  1846  1969 E Finsky  : [4230] mpa.a(16): ItemStore: getItems RPC failed.
08-30 11:24:23.908  1846  1970 E Finsky  : [4231] mpa.a(16): ItemStore: getItems RPC failed.
08-30 11:24:23.908  1846  1918 E Finsky  : [4221] mpa.a(16): ItemStore: getItems RPC failed.
08-30 11:24:23.908  1846  1969 E Finsky  : [4230] mpa.a(16): ItemStore: getItems RPC failed.
08-30 11:24:23.908  1846  1970 E Finsky  : [4231] mpa.a(16): ItemStore: getItems RPC failed.
08-30 11:24:23.908  1846  1936 E Finsky  : [4227] mpa.a(16): ItemStore: getItems RPC failed.
08-30 11:24:23.909  1846  1918 E Finsky  : [4221] mpa.a(16): ItemStore: getItems RPC failed.
08-30 11:24:23.909  1846  1970 E Finsky  : [4231] mpa.a(16): ItemStore: getItems RPC failed.
08-30 11:24:23.909  1846  1969 E Finsky  : [4230] mpa.a(16): ItemStore: getItems RPC failed.
08-30 11:24:23.909  1846  1918 E Finsky  : [4221] mpa.a(16): ItemStore: getItems RPC failed.
08-30 11:24:23.909  1846  1936 E Finsky  : [4227] mpa.a(16): ItemStore: getItems RPC failed.
08-30 11:24:23.909  1846  1969 E Finsky  : [4230] mpa.a(16): ItemStore: getItems RPC failed.
08-30 11:24:23.910  1846  1918 E Finsky  : [4221] mpa.a(16): ItemStore: getItems RPC failed.
08-30 11:24:23.910  1846  1936 E Finsky  : [4227] mpa.a(16): ItemStore: getItems RPC failed.
08-30 11:24:23.910  1846  1970 E Finsky  : [4231] mpa.a(16): ItemStore: getItems RPC failed.
08-30 11:24:23.910  1846  1969 E Finsky  : [4230] mpa.a(16): ItemStore: getItems RPC failed.
08-30 11:24:23.910  1846  1918 E Finsky  : [4221] mpa.a(16): ItemStore: getItems RPC failed.
08-30 11:24:23.910  1846  1936 E Finsky  : [4227] mpa.a(16): ItemStore: getItems RPC failed.
08-30 11:24:23.910  1846  1969 E Finsky  : [4230] mpa.a(16): ItemStore: getItems RPC failed.
08-30 11:24:23.911  1846  1970 E Finsky  : [4231] mpa.a(16): ItemStore: getItems RPC failed.
08-30 11:24:23.911  1846  1918 E Finsky  : [4221] mpa.a(16): ItemStore: getItems RPC failed.
08-30 11:24:23.911  1846  1936 E Finsky  : [4227] mpa.a(16): ItemStore: getItems RPC failed.
08-30 11:24:23.911  1846  1970 E Finsky  : [4231] mpa.a(16): ItemStore: getItems RPC failed.
08-30 11:24:23.911  1846  1969 E Finsky  : [4230] mpa.a(16): ItemStore: getItems RPC failed.
08-30 11:24:23.912  1846  1936 E Finsky  : [4227] mpa.a(16): ItemStore: getItems RPC failed.
08-30 11:24:23.912  1846  1918 E Finsky  : [4221] mpa.a(16): ItemStore: getItems RPC failed.
08-30 11:24:23.912  1846  1969 E Finsky  : [4230] mpa.a(16): ItemStore: getItems RPC failed.
08-30 11:24:23.912  1846  1918 E Finsky  : [4221] mpa.a(16): ItemStore: getItems RPC failed.
08-30 11:24:23.912  1846  1936 E Finsky  : [4227] mpa.a(16): ItemStore: getItems RPC failed.
08-30 11:24:23.913  1846  1918 E Finsky  : [4221] mpa.a(16): ItemStore: getItems RPC failed.
08-30 11:24:23.913  1846  1969 E Finsky  : [4230] mpa.a(16): ItemStore: getItems RPC failed.
08-30 11:24:23.913  1846  1936 E Finsky  : [4227] mpa.a(16): ItemStore: getItems RPC failed.
08-30 11:24:23.913  1846  1918 E Finsky  : [4221] mpa.a(16): ItemStore: getItems RPC failed.
08-30 11:24:23.913  1846  1936 E Finsky  : [4227] mpa.a(16): ItemStore: getItems RPC failed.
08-30 11:24:23.913  1846  1969 E Finsky  : [4230] mpa.a(16): ItemStore: getItems RPC failed.
08-30 11:24:23.914  1846  1918 E Finsky  : [4221] mpa.a(16): ItemStore: getItems RPC failed.
08-30 11:24:23.914  1846  1970 E Finsky  : [4231] mpa.a(16): ItemStore: getItems RPC failed.
08-30 11:24:23.914  1846  1969 E Finsky  : [4230] mpa.a(16): ItemStore: getItems RPC failed.
08-30 11:24:23.914  1846  1936 E Finsky  : [4227] mpa.a(16): ItemStore: getItems RPC failed.
08-30 11:24:23.914  1846  1970 E Finsky  : [4231] mpa.a(16): ItemStore: getItems RPC failed.
08-30 11:24:23.914  1846  1918 E Finsky  : [4221] mpa.a(16): ItemStore: getItems RPC failed.
08-30 11:24:23.915  1846  1936 E Finsky  : [4227] mpa.a(16): ItemStore: getItems RPC failed.
08-30 11:24:23.915  1846  1969 E Finsky  : [4230] mpa.a(16): ItemStore: getItems RPC failed.
08-30 11:24:23.915  1846  1918 E Finsky  : [4221] mpa.a(16): ItemStore: getItems RPC failed.
08-30 11:24:23.915  1846  1970 E Finsky  : [4231] mpa.a(16): ItemStore: getItems RPC failed.
08-30 11:24:23.915  1846  1936 E Finsky  : [4227] mpa.a(16): ItemStore: getItems RPC failed.
08-30 11:24:23.915  1846  1969 E Finsky  : [4230] mpa.a(16): ItemStore: getItems RPC failed.
08-30 11:24:23.915  1846  1970 E Finsky  : [4231] mpa.a(16): ItemStore: getItems RPC failed.
08-30 11:24:23.916  1846  1918 E Finsky  : [4221] mpa.a(16): ItemStore: getItems RPC failed.
08-30 11:24:23.916  1846  1936 E Finsky  : [4227] mpa.a(16): ItemStore: getItems RPC failed.
08-30 11:24:23.916  1846  1970 E Finsky  : [4231] mpa.a(16): ItemStore: getItems RPC failed.
08-30 11:24:23.916  1846  1918 E Finsky  : [4221] mpa.a(16): ItemStore: getItems RPC failed.
08-30 11:24:23.916  1846  1969 E Finsky  : [4230] mpa.a(16): ItemStore: getItems RPC failed.
08-30 11:24:23.916  1846  1936 E Finsky  : [4227] mpa.a(16): ItemStore: getItems RPC failed.
08-30 11:24:23.916  1846  1970 E Finsky  : [4231] mpa.a(16): ItemStore: getItems RPC failed.
08-30 11:24:23.917  1846  1918 E Finsky  : [4221] mpa.a(16): ItemStore: getItems RPC failed.
08-30 11:24:23.917  1846  1936 E Finsky  : [4227] mpa.a(16): ItemStore: getItems RPC failed.
08-30 11:24:23.917  1846  1969 E Finsky  : [4230] mpa.a(16): ItemStore: getItems RPC failed.
08-30 11:24:23.917  1846  1970 E Finsky  : [4231] mpa.a(16): ItemStore: getItems RPC failed.
08-30 11:24:23.917  1846  1918 E Finsky  : [4221] mpa.a(16): ItemStore: getItems RPC failed.
08-30 11:24:23.917  1846  1936 E Finsky  : [4227] mpa.a(16): ItemStore: getItems RPC failed.
08-30 11:24:23.918  1846  1969 E Finsky  : [4230] mpa.a(16): ItemStore: getItems RPC failed.
08-30 11:24:23.918  1846  1970 E Finsky  : [4231] mpa.a(16): ItemStore: getItems RPC failed.
08-30 11:24:23.918  1846  1936 E Finsky  : [4227] mpa.a(16): ItemStore: getItems RPC failed.
08-30 11:24:23.918  1846  1918 E Finsky  : [4221] mpa.a(16): ItemStore: getItems RPC failed.
08-30 11:24:23.918  1846  1969 E Finsky  : [4230] mpa.a(16): ItemStore: getItems RPC failed.
08-30 11:24:23.918  1846  1970 E Finsky  : [4231] mpa.a(16): ItemStore: getItems RPC failed.
08-30 11:24:23.918  1846  1936 E Finsky  : [4227] mpa.a(16): ItemStore: getItems RPC failed.
08-30 11:24:23.918  1846  1918 E Finsky  : [4221] mpa.a(16): ItemStore: getItems RPC failed.
08-30 11:24:23.919  1846  1969 E Finsky  : [4230] mpa.a(16): ItemStore: getItems RPC failed.
08-30 11:24:23.919  1846  1936 E Finsky  : [4227] mpa.a(16): ItemStore: getItems RPC failed.
08-30 11:24:23.919  1846  1918 E Finsky  : [4221] mpa.a(16): ItemStore: getItems RPC failed.
08-30 11:24:23.919  1846  1969 E Finsky  : [4230] mpa.a(16): ItemStore: getItems RPC failed.
08-30 11:24:23.919  1846  1970 E Finsky  : [4231] mpa.a(16): ItemStore: getItems RPC failed.
08-30 11:24:23.919  1846  1936 E Finsky  : [4227] mpa.a(16): ItemStore: getItems RPC failed.
08-30 11:24:23.920  1846  1918 E Finsky  : [4221] mpa.a(16): ItemStore: getItems RPC failed.
08-30 11:24:23.920  1846  1970 E Finsky  : [4231] mpa.a(16): ItemStore: getItems RPC failed.
08-30 11:24:23.920  1846  1969 E Finsky  : [4230] mpa.a(16): ItemStore: getItems RPC failed.
08-30 11:24:23.920  1846  1936 E Finsky  : [4227] mpa.a(16): ItemStore: getItems RPC failed.
08-30 11:24:23.920  1846  1918 E Finsky  : [4221] mpa.a(16): ItemStore: getItems RPC failed.
08-30 11:24:23.920  1846  1970 E Finsky  : [4231] mpa.a(16): ItemStore: getItems RPC failed.
08-30 11:24:23.921  1846  1969 E Finsky  : [4230] mpa.a(16): ItemStore: getItems RPC failed.
08-30 11:24:23.921  1846  1970 E Finsky  : [4231] mpa.a(16): ItemStore: getItems RPC failed.
08-30 11:24:23.921  1846  1936 E Finsky  : [4227] mpa.a(16): ItemStore: getItems RPC failed.
08-30 11:24:23.921  1846  1918 E Finsky  : [4221] mpa.a(16): ItemStore: getItems RPC failed.
08-30 11:24:23.921  1846  1970 E Finsky  : [4231] mpa.a(16): ItemStore: getItems RPC failed.
08-30 11:24:23.921  1846  1936 E Finsky  : [4227] mpa.a(16): ItemStore: getItems RPC failed.
08-30 11:24:23.921  1846  1918 E Finsky  : [4221] mpa.a(16): ItemStore: getItems RPC failed.
08-30 11:24:23.922  1846  1969 E Finsky  : [4230] mpa.a(16): ItemStore: getItems RPC failed.
08-30 11:24:23.922  1846  1918 E Finsky  : [4221] mpa.a(16): ItemStore: getItems RPC failed.
08-30 11:24:23.922  1846  1969 E Finsky  : [4230] mpa.a(16): ItemStore: getItems RPC failed.
08-30 11:24:23.923  1846  1970 E Finsky  : [4231] mpa.a(16): ItemStore: getItems RPC failed.
08-30 11:24:23.923  1846  1918 E Finsky  : [4221] mpa.a(16): ItemStore: getItems RPC failed.
08-30 11:24:23.923  1846  1969 E Finsky  : [4230] mpa.a(16): ItemStore: getItems RPC failed.
08-30 11:24:23.923  1846  1970 E Finsky  : [4231] mpa.a(16): ItemStore: getItems RPC failed.
08-30 11:24:23.923  1846  1969 E Finsky  : [4230] mpa.a(16): ItemStore: getItems RPC failed.
08-30 11:24:23.923  1846  1918 E Finsky  : [4221] mpa.a(16): ItemStore: getItems RPC failed.
08-30 11:24:23.924  1846  1969 E Finsky  : [4230] mpa.a(16): ItemStore: getItems RPC failed.
08-30 11:24:23.924  1846  1970 E Finsky  : [4231] mpa.a(16): ItemStore: getItems RPC failed.
08-30 11:24:23.924  1846  1918 E Finsky  : [4221] mpa.a(16): ItemStore: getItems RPC failed.
08-30 11:24:23.924  1846  1969 E Finsky  : [4230] mpa.a(16): ItemStore: getItems RPC failed.
08-30 11:24:23.925  1846  1918 E Finsky  : [4221] mpa.a(16): ItemStore: getItems RPC failed.
08-30 11:24:23.925  1846  1970 E Finsky  : [4231] mpa.a(16): ItemStore: getItems RPC failed.
08-30 11:24:23.925  1846  1918 E Finsky  : [4221] mpa.a(16): ItemStore: getItems RPC failed.
08-30 11:24:23.925  1846  1969 E Finsky  : [4230] mpa.a(16): ItemStore: getItems RPC failed.
08-30 11:24:23.925  1846  1970 E Finsky  : [4231] mpa.a(16): ItemStore: getItems RPC failed.
08-30 11:24:23.925  1846  1969 E Finsky  : [4230] mpa.a(16): ItemStore: getItems RPC failed.
08-30 11:24:23.926  1846  1918 E Finsky  : [4221] mpa.a(16): ItemStore: getItems RPC failed.
08-30 11:24:23.926  1846  1969 E Finsky  : [4230] mpa.a(16): ItemStore: getItems RPC failed.
08-30 11:24:23.926  1846  1918 E Finsky  : [4221] mpa.a(16): ItemStore: getItems RPC failed.
08-30 11:24:23.926  1846  1970 E Finsky  : [4231] mpa.a(16): ItemStore: getItems RPC failed.
08-30 11:24:23.927  1846  1969 E Finsky  : [4230] mpa.a(16): ItemStore: getItems RPC failed.
08-30 11:24:23.927  1846  1918 E Finsky  : [4221] mpa.a(16): ItemStore: getItems RPC failed.
08-30 11:24:23.927  1846  1970 E Finsky  : [4231] mpa.a(16): ItemStore: getItems RPC failed.
08-30 11:24:23.927  1846  1969 E Finsky  : [4230] mpa.a(16): ItemStore: getItems RPC failed.
08-30 11:24:23.927  1846  1918 E Finsky  : [4221] mpa.a(16): ItemStore: getItems RPC failed.
08-30 11:24:23.928  1846  1970 E Finsky  : [4231] mpa.a(16): ItemStore: getItems RPC failed.
08-30 11:24:23.928  1846  1918 E Finsky  : [4221] mpa.a(16): ItemStore: getItems RPC failed.
08-30 11:24:23.928  1846  1969 E Finsky  : [4230] mpa.a(16): ItemStore: getItems RPC failed.
08-30 11:24:23.928  1846  1918 E Finsky  : [4221] mpa.a(16): ItemStore: getItems RPC failed.
08-30 11:24:23.928  1846  1969 E Finsky  : [4230] mpa.a(16): ItemStore: getItems RPC failed.
08-30 11:24:23.929  1846  1970 E Finsky  : [4231] mpa.a(16): ItemStore: getItems RPC failed.
08-30 11:24:23.929  1846  1918 E Finsky  : [4221] mpa.a(16): ItemStore: getItems RPC failed.
08-30 11:24:23.929  1846  1969 E Finsky  : [4230] mpa.a(16): ItemStore: getItems RPC failed.
08-30 11:24:23.929  1846  1970 E Finsky  : [4231] mpa.a(16): ItemStore: getItems RPC failed.
08-30 11:24:23.929  1846  1918 E Finsky  : [4221] mpa.a(16): ItemStore: getItems RPC failed.
08-30 11:24:23.929  1846  1969 E Finsky  : [4230] mpa.a(16): ItemStore: getItems RPC failed.
08-30 11:24:23.930  1846  1918 E Finsky  : [4221] mpa.a(16): ItemStore: getItems RPC failed.
08-30 11:24:23.930  1846  1969 E Finsky  : [4230] mpa.a(16): ItemStore: getItems RPC failed.
08-30 11:24:23.930  1846  1970 E Finsky  : [4231] mpa.a(16): ItemStore: getItems RPC failed.
08-30 11:24:23.930  1846  1918 E Finsky  : [4221] mpa.a(16): ItemStore: getItems RPC failed.
08-30 11:24:23.930  1846  1970 E Finsky  : [4231] mpa.a(16): ItemStore: getItems RPC failed.
08-30 11:24:23.931  1846  1969 E Finsky  : [4230] mpa.a(16): ItemStore: getItems RPC failed.
08-30 11:24:23.931  1846  1970 E Finsky  : [4231] mpa.a(16): ItemStore: getItems RPC failed.
08-30 11:24:23.931  1846  1918 E Finsky  : [4221] mpa.a(16): ItemStore: getItems RPC failed.
08-30 11:24:23.931  1846  1969 E Finsky  : [4230] mpa.a(16): ItemStore: getItems RPC failed.
08-30 11:24:23.932  1846  1918 E Finsky  : [4221] mpa.a(16): ItemStore: getItems RPC failed.
08-30 11:24:23.932  1846  1969 E Finsky  : [4230] mpa.a(16): ItemStore: getItems RPC failed.
08-30 11:24:23.932  1846  1936 E Finsky  : [4227] mpa.a(16): ItemStore: getItems RPC failed.
08-30 11:24:23.932  1846  1918 E Finsky  : [4221] mpa.a(16): ItemStore: getItems RPC failed.
08-30 11:24:23.933  1846  1969 E Finsky  : [4230] mpa.a(16): ItemStore: getItems RPC failed.
08-30 11:24:23.933  1846  1936 E Finsky  : [4227] mpa.a(16): ItemStore: getItems RPC failed.
08-30 11:24:23.933  1846  1918 E Finsky  : [4221] mpa.a(16): ItemStore: getItems RPC failed.
08-30 11:24:23.933  1846  1969 E Finsky  : [4230] mpa.a(16): ItemStore: getItems RPC failed.
08-30 11:24:23.933  1846  1936 E Finsky  : [4227] mpa.a(16): ItemStore: getItems RPC failed.
08-30 11:24:23.933  1846  1918 E Finsky  : [4221] mpa.a(16): ItemStore: getItems RPC failed.
08-30 11:24:27.766  2682  3066 E PowerMonitor: exception In sysProcTransDectect java.lang.NoSuchMethodException: vivoGetNetworkStatsUidDetailWithPackInfo [int]
08-30 11:24:27.782  1724  3765 I chatty  : uid=1000(system) Binder:1724_10 expire 4 lines
08-30 11:24:27.870  2434  2804 E libc    : Access denied finding property "ro.vendor.vivo.serialno"
08-30 11:24:32.807  1007  1109 E storaged: getDiskStats failed with result NOT_SUPPORTED and size 0
08-30 11:24:46.273 29067 29255 E MSF.C.NetConnTag.true: conn is already closed on readError closeConn socketEngineID: 0 socket hashcode: 0java.lang.Throwable
08-30 11:24:46.273 29067 29255 E MSF.C.NetConnTag.true: 	at com.tencent.mobileqq.msf.core.net.m.b(P:27)
08-30 11:24:46.273 29067 29255 E MSF.C.NetConnTag.true: 	at com.tencent.mobileqq.msf.core.net.m$b.run(P:24)
08-30 11:24:46.273 29067 29255 E SocketReaderNewtrue: socketEngine: 0socket hashCode: 0SocketReader(4178) errorjava.net.SocketException: Socket is closed
08-30 11:25:15.306  1724  2922 I chatty  : uid=1000(system) Binder:1724_E expire 1 line
08-30 11:25:16.286 29067 29255 E MSF.C.NetConnTag.true: conn is already closed on readError closeConn socketEngineID: 0 socket hashcode: 0java.lang.Throwable
08-30 11:25:16.286 29067 29255 E MSF.C.NetConnTag.true: 	at com.tencent.mobileqq.msf.core.net.m.b(P:27)
08-30 11:25:16.286 29067 29255 E MSF.C.NetConnTag.true: 	at com.tencent.mobileqq.msf.core.net.m$b.run(P:24)
08-30 11:25:16.286 29067 29255 E SocketReaderNewtrue: socketEngine: 0socket hashCode: 0SocketReader(4178) errorjava.net.SocketException: Socket is closed
08-30 11:25:27.292  1724  3765 I chatty  : uid=1000(system) Binder:1724_10 expire 1 line
08-30 11:25:32.813  1007  1109 E storaged: getDiskStats failed with result NOT_SUPPORTED and size 0
08-30 11:25:46.299 29067 29255 E MSF.C.NetConnTag.true: conn is already closed on readError closeConn socketEngineID: 0 socket hashcode: 0java.lang.Throwable
08-30 11:25:46.299 29067 29255 E MSF.C.NetConnTag.true: 	at com.tencent.mobileqq.msf.core.net.m.b(P:27)
08-30 11:25:46.299 29067 29255 E MSF.C.NetConnTag.true: 	at com.tencent.mobileqq.msf.core.net.m$b.run(P:24)
08-30 11:25:46.300 29067 29255 E SocketReaderNewtrue: socketEngine: 0socket hashCode: 0SocketReader(4178) errorjava.net.SocketException: Socket is closed
08-30 11:25:50.549  4240  4357 E BitmapFactory: Unable to decode stream: java.io.FileNotFoundException: /oem/etc/theme/icons/dynamic_icon/com.android.BBKClock/res/drawable-sw360dp-xxhdpi/clock_hour.png (No such file or directory)
08-30 11:25:50.553  4240  4357 E BitmapFactory: Unable to decode stream: java.io.FileNotFoundException: /oem/etc/theme/icons/dynamic_icon/com.android.BBKClock/res/drawable-sw360dp-xxhdpi/clock_minute.png (No such file or directory)
08-30 11:25:50.555  4240  4357 E BitmapFactory: Unable to decode stream: java.io.FileNotFoundException: /oem/etc/theme/icons/dynamic_icon/com.android.BBKClock/res/drawable-sw360dp-xxhdpi/clock_dial.png (No such file or directory)
08-30 11:25:50.564  4240  4357 E BitmapFactory: Unable to decode stream: java.io.FileNotFoundException: /oem/etc/theme/icons/dynamic_icon/com.android.BBKClock/res/drawable-sw360dp-xxhdpi/clock_dial_center.png (No such file or directory)
08-30 11:26:16.313 29067 29255 E MSF.C.NetConnTag.true: conn is already closed on readError closeConn socketEngineID: 0 socket hashcode: 0java.lang.Throwable
08-30 11:26:16.313 29067 29255 E MSF.C.NetConnTag.true: 	at com.tencent.mobileqq.msf.core.net.m.b(P:27)
08-30 11:26:16.313 29067 29255 E MSF.C.NetConnTag.true: 	at com.tencent.mobileqq.msf.core.net.m$b.run(P:24)
08-30 11:26:16.314 29067 29255 E SocketReaderNewtrue: socketEngine: 0socket hashCode: 0SocketReader(4178) errorjava.net.SocketException: Socket is closed
08-30 11:26:32.817  1007  1109 E storaged: getDiskStats failed with result NOT_SUPPORTED and size 0
08-30 11:26:33.288  1724  2038 I chatty  : uid=1000(system) AlarmManager expire 2 lines
08-30 11:26:33.397   992  1195 E Netd    : tether checkPermission, pid:1724 uid:1000
08-30 11:26:33.555  2831  4354 I chatty  : uid=1001(radio) Binder:2831_A identical 2 lines
08-30 11:26:33.559  4240  4357 E BitmapFactory: Unable to decode stream: java.io.FileNotFoundException: /oem/etc/theme/icons/dynamic_icon/com.android.BBKClock/res/drawable-sw360dp-xxhdpi/clock_hour.png (No such file or directory)
08-30 11:26:33.561  4240  4357 E BitmapFactory: Unable to decode stream: java.io.FileNotFoundException: /oem/etc/theme/icons/dynamic_icon/com.android.BBKClock/res/drawable-sw360dp-xxhdpi/clock_minute.png (No such file or directory)
08-30 11:26:33.564  4240  4357 E BitmapFactory: Unable to decode stream: java.io.FileNotFoundException: /oem/etc/theme/icons/dynamic_icon/com.android.BBKClock/res/drawable-sw360dp-xxhdpi/clock_dial.png (No such file or directory)
08-30 11:26:33.570  4240  4357 E BitmapFactory: Unable to decode stream: java.io.FileNotFoundException: /oem/etc/theme/icons/dynamic_icon/com.android.BBKClock/res/drawable-sw360dp-xxhdpi/clock_dial_center.png (No such file or directory)
08-30 11:26:33.724  4240  4357 E BitmapFactory: Unable to decode stream: java.io.FileNotFoundException: /oem/etc/theme/icons/dynamic_icon/com.android.BBKClock/res/drawable-sw360dp-xxhdpi/clock_hour.png (No such file or directory)
08-30 11:26:33.725  4240  4357 E BitmapFactory: Unable to decode stream: java.io.FileNotFoundException: /oem/etc/theme/icons/dynamic_icon/com.android.BBKClock/res/drawable-sw360dp-xxhdpi/clock_minute.png (No such file or directory)
08-30 11:26:33.726  4240  4357 E BitmapFactory: Unable to decode stream: java.io.FileNotFoundException: /oem/etc/theme/icons/dynamic_icon/com.android.BBKClock/res/drawable-sw360dp-xxhdpi/clock_dial.png (No such file or directory)
08-30 11:26:33.729  4240  4357 E BitmapFactory: Unable to decode stream: java.io.FileNotFoundException: /oem/etc/theme/icons/dynamic_icon/com.android.BBKClock/res/drawable-sw360dp-xxhdpi/clock_dial_center.png (No such file or directory)
08-30 11:26:46.329 29067 29255 E MSF.C.NetConnTag.true: conn is already closed on readError closeConn socketEngineID: 0 socket hashcode: 0java.lang.Throwable
08-30 11:26:46.329 29067 29255 E MSF.C.NetConnTag.true: 	at com.tencent.mobileqq.msf.core.net.m.b(P:27)
08-30 11:26:46.329 29067 29255 E MSF.C.NetConnTag.true: 	at com.tencent.mobileqq.msf.core.net.m$b.run(P:24)
08-30 11:26:46.329 29067 29255 E SocketReaderNewtrue: socketEngine: 0socket hashCode: 0SocketReader(4178) errorjava.net.SocketException: Socket is closed
08-30 11:26:57.844  2682  3066 E PowerMonitor: exception In sysProcTransDectect java.lang.NoSuchMethodException: vivoGetNetworkStatsUidDetailWithPackInfo [int]
08-30 11:27:02.564  4240  4357 E BitmapFactory: Unable to decode stream: java.io.FileNotFoundException: /oem/etc/theme/icons/dynamic_icon/com.android.BBKClock/res/drawable-sw360dp-xxhdpi/clock_hour.png (No such file or directory)
08-30 11:27:02.566  4240  4357 E BitmapFactory: Unable to decode stream: java.io.FileNotFoundException: /oem/etc/theme/icons/dynamic_icon/com.android.BBKClock/res/drawable-sw360dp-xxhdpi/clock_minute.png (No such file or directory)
08-30 11:27:02.567  4240  4357 E BitmapFactory: Unable to decode stream: java.io.FileNotFoundException: /oem/etc/theme/icons/dynamic_icon/com.android.BBKClock/res/drawable-sw360dp-xxhdpi/clock_dial.png (No such file or directory)
08-30 11:27:02.574  4240  4357 E BitmapFactory: Unable to decode stream: java.io.FileNotFoundException: /oem/etc/theme/icons/dynamic_icon/com.android.BBKClock/res/drawable-sw360dp-xxhdpi/clock_dial_center.png (No such file or directory)
08-30 11:27:16.336 29067 29255 E MSF.C.NetConnTag.true: conn is already closed on readError closeConn socketEngineID: 0 socket hashcode: 0java.lang.Throwable
08-30 11:27:16.336 29067 29255 E MSF.C.NetConnTag.true: 	at com.tencent.mobileqq.msf.core.net.m.b(P:27)
08-30 11:27:16.336 29067 29255 E MSF.C.NetConnTag.true: 	at com.tencent.mobileqq.msf.core.net.m$b.run(P:24)
08-30 11:27:16.336 29067 29255 E SocketReaderNewtrue: socketEngine: 0socket hashCode: 0SocketReader(4178) errorjava.net.SocketException: Socket is closed
08-30 11:27:16.852 18939 19336 E memtrack: Couldn't load memtrack module
08-30 11:27:20.497 18581 18830 E memtrack: Couldn't load memtrack module
08-30 11:27:32.819  1007  1109 E storaged: getDiskStats failed with result NOT_SUPPORTED and size 0
08-30 11:27:46.351 29067 29255 E MSF.C.NetConnTag.true: conn is already closed on readError closeConn socketEngineID: 0 socket hashcode: 0java.lang.Throwable
08-30 11:27:46.351 29067 29255 E MSF.C.NetConnTag.true: 	at com.tencent.mobileqq.msf.core.net.m.b(P:27)
08-30 11:27:46.351 29067 29255 E MSF.C.NetConnTag.true: 	at com.tencent.mobileqq.msf.core.net.m$b.run(P:24)
08-30 11:27:46.352 29067 29255 E SocketReaderNewtrue: socketEngine: 0socket hashCode: 0SocketReader(4178) errorjava.net.SocketException: Socket is closed
08-30 11:28:04.840  2434  2924 E libc    : Access denied finding property "ro.vendor.vivo.serialno"
08-30 11:28:15.564  1724 16082 I chatty  : uid=1000(system) Binder:1724_1F expire 1 line
08-30 11:28:16.364 29067 29255 E MSF.C.NetConnTag.true: conn is already closed on readError closeConn socketEngineID: 0 socket hashcode: 0java.lang.Throwable
08-30 11:28:16.364 29067 29255 E MSF.C.NetConnTag.true: 	at com.tencent.mobileqq.msf.core.net.m.b(P:27)
08-30 11:28:16.364 29067 29255 E MSF.C.NetConnTag.true: 	at com.tencent.mobileqq.msf.core.net.m$b.run(P:24)
08-30 11:28:16.364 29067 29255 E SocketReaderNewtrue: socketEngine: 0socket hashCode: 0SocketReader(4178) errorjava.net.SocketException: Socket is closed
08-30 11:28:32.443  4240  4357 E BitmapFactory: Unable to decode stream: java.io.FileNotFoundException: /oem/etc/theme/icons/dynamic_icon/com.android.BBKClock/res/drawable-sw360dp-xxhdpi/clock_hour.png (No such file or directory)
08-30 11:28:32.446  4240  4357 E BitmapFactory: Unable to decode stream: java.io.FileNotFoundException: /oem/etc/theme/icons/dynamic_icon/com.android.BBKClock/res/drawable-sw360dp-xxhdpi/clock_minute.png (No such file or directory)
08-30 11:28:32.448  4240  4357 E BitmapFactory: Unable to decode stream: java.io.FileNotFoundException: /oem/etc/theme/icons/dynamic_icon/com.android.BBKClock/res/drawable-sw360dp-xxhdpi/clock_dial.png (No such file or directory)
08-30 11:28:32.455  4240  4357 E BitmapFactory: Unable to decode stream: java.io.FileNotFoundException: /oem/etc/theme/icons/dynamic_icon/com.android.BBKClock/res/drawable-sw360dp-xxhdpi/clock_dial_center.png (No such file or directory)
08-30 11:28:32.824  1007  1109 E storaged: getDiskStats failed with result NOT_SUPPORTED and size 0
08-30 11:28:46.380 29067 29255 E MSF.C.NetConnTag.true: conn is already closed on readError closeConn socketEngineID: 0 socket hashcode: 0java.lang.Throwable
08-30 11:28:46.380 29067 29255 E MSF.C.NetConnTag.true: 	at com.tencent.mobileqq.msf.core.net.m.b(P:27)
08-30 11:28:46.380 29067 29255 E MSF.C.NetConnTag.true: 	at com.tencent.mobileqq.msf.core.net.m$b.run(P:24)
08-30 11:28:46.380 29067 29255 E SocketReaderNewtrue: socketEngine: 0socket hashCode: 0SocketReader(4178) errorjava.net.SocketException: Socket is closed
08-30 11:29:16.395 29067 29255 E MSF.C.NetConnTag.true: conn is already closed on readError closeConn socketEngineID: 0 socket hashcode: 0java.lang.Throwable
08-30 11:29:16.395 29067 29255 E MSF.C.NetConnTag.true: 	at com.tencent.mobileqq.msf.core.net.m.b(P:27)
08-30 11:29:16.395 29067 29255 E MSF.C.NetConnTag.true: 	at com.tencent.mobileqq.msf.core.net.m$b.run(P:24)
08-30 11:29:16.395 29067 29255 E SocketReaderNewtrue: socketEngine: 0socket hashCode: 0SocketReader(4178) errorjava.net.SocketException: Socket is closed
08-30 11:29:18.978  1724  2054 I chatty  : uid=1000(system) InputReader expire 1 line
08-30 11:29:19.032   685   685 E qti_sensors_hal: AmbientLightScene notify_suspend_valid 1
08-30 11:29:19.039   685   891 E qti_sensors_hal: AmbientLightScene processResp: Received SNS_SAM_AMBIENT_LIGHT_SCENE_ENABLE_RESP_V01
08-30 11:29:19.039   685   891 E qti_sensors_hal: AmbientLightScene Got ENABLE response, instance id = 166
08-30 11:29:19.045  1724  2184 E DisplayPowerState: run changed=false mNightPearlManager is null! or state != Display.STATE_OFF
08-30 11:29:19.049   684   684 E QTI PowerHAL: Failed to acquire lock.
08-30 11:29:19.078  1724  1724 I chatty  : uid=1000 system_server expire 1 line
08-30 11:29:19.079  1724  2054 I chatty  : uid=1000(system) InputReader expire 1 line
08-30 11:29:19.086  1724  2179 I chatty  : uid=1000(system) AutobacklightCo expire 1 line
08-30 11:29:19.093   685   891 E qti_sensors_hal: AmbientLightScene 20 835 0
08-30 11:29:19.179  4240  4357 E BitmapFactory: Unable to decode stream: java.io.FileNotFoundException: /oem/etc/theme/icons/dynamic_icon/com.android.BBKClock/res/drawable-sw360dp-xxhdpi/clock_hour.png (No such file or directory)
08-30 11:29:19.180  4240  4357 E BitmapFactory: Unable to decode stream: java.io.FileNotFoundException: /oem/etc/theme/icons/dynamic_icon/com.android.BBKClock/res/drawable-sw360dp-xxhdpi/clock_minute.png (No such file or directory)
08-30 11:29:19.184  4240  4357 E BitmapFactory: Unable to decode stream: java.io.FileNotFoundException: /oem/etc/theme/icons/dynamic_icon/com.android.BBKClock/res/drawable-sw360dp-xxhdpi/clock_dial.png (No such file or directory)
08-30 11:29:19.187  4240  4357 E BitmapFactory: Unable to decode stream: java.io.FileNotFoundException: /oem/etc/theme/icons/dynamic_icon/com.android.BBKClock/res/drawable-sw360dp-xxhdpi/clock_dial_center.png (No such file or directory)
08-30 11:29:19.291   704   704 E libc    : Access denied finding property "ro.product.model.bbk"
08-30 11:29:19.330   685  2027 E qti_sensors_hal: AmbientLightScene notify_suspend_valid 1
08-30 11:29:19.332   685   891 E qti_sensors_hal: AmbientLightScene processResp: Received SNS_SAM_AMBIENT_LIGHT_SCENE_ENABLE_RESP_V01
08-30 11:29:19.332   685   891 E qti_sensors_hal: AmbientLightScene Got ENABLE response, instance id = 172
08-30 11:29:19.334   685   891 E qti_sensors_hal: AmbientLightScene 20 817 0
08-30 11:29:19.338   685   883 E qti_sensors_hal: processResp: w_orient Received SNS_SAM_W_ORIENTATION_ENABLE_RESP_V01
08-30 11:29:19.338   685   883 E qti_sensors_hal: Got ENABLE response, instance id = 173,
08-30 11:29:19.343  1724  2184 E DisplayPowerState: run changed=true mNightPearlManager is null! or state != Display.STATE_OFF
08-30 11:29:19.361  1106  1106 E [gf_ca_entry] : [gx_ta_send_modified_cmd_req] begin, token = 93, cmd_id = 1021
08-30 11:29:19.363  1106  1106 E libc    : Access denied finding property "gf.debug.dump_qseelog_data"
08-30 11:29:19.372  1106  1106 E gf_ca_entry: Qsee log info, log length=1661, logbuf index=1661, log dump level=GF_LOG_DEBUG, g_logdump_level=3
08-30 11:29:19.444   685   883 E qti_sensors_hal: w_orient output WORT -1 0 0
08-30 11:29:19.503   685   883 E qti_sensors_hal: w_orient output WORT -1 81 0
08-30 11:29:19.561   685   883 E qti_sensors_hal: w_orient output WORT -1 86 0
08-30 11:29:19.620   685   883 E qti_sensors_hal: w_orient output WORT -1 84 0
08-30 11:29:19.735   685   883 E qti_sensors_hal: w_orient output WORT -1 73 57
08-30 11:29:19.913  4240  4357 E BitmapFactory: Unable to decode stream: java.io.FileNotFoundException: /oem/etc/theme/icons/dynamic_icon/com.android.BBKClock/res/drawable-sw360dp-xxhdpi/clock_hour.png (No such file or directory)
08-30 11:29:19.914  4240  4357 E BitmapFactory: Unable to decode stream: java.io.FileNotFoundException: /oem/etc/theme/icons/dynamic_icon/com.android.BBKClock/res/drawable-sw360dp-xxhdpi/clock_minute.png (No such file or directory)
08-30 11:29:19.914  4240  4357 E BitmapFactory: Unable to decode stream: java.io.FileNotFoundException: /oem/etc/theme/icons/dynamic_icon/com.android.BBKClock/res/drawable-sw360dp-xxhdpi/clock_dial.png (No such file or directory)
08-30 11:29:19.917  4240  4357 E BitmapFactory: Unable to decode stream: java.io.FileNotFoundException: /oem/etc/theme/icons/dynamic_icon/com.android.BBKClock/res/drawable-sw360dp-xxhdpi/clock_dial_center.png (No such file or directory)
08-30 11:29:20.013  4240  4357 E BitmapFactory: Unable to decode stream: java.io.FileNotFoundException: /oem/etc/theme/icons/dynamic_icon/com.android.BBKClock/res/drawable-sw360dp-xxhdpi/clock_hour.png (No such file or directory)
08-30 11:29:20.014  4240  4357 E BitmapFactory: Unable to decode stream: java.io.FileNotFoundException: /oem/etc/theme/icons/dynamic_icon/com.android.BBKClock/res/drawable-sw360dp-xxhdpi/clock_minute.png (No such file or directory)
08-30 11:29:20.015  4240  4357 E BitmapFactory: Unable to decode stream: java.io.FileNotFoundException: /oem/etc/theme/icons/dynamic_icon/com.android.BBKClock/res/drawable-sw360dp-xxhdpi/clock_dial.png (No such file or directory)
08-30 11:29:20.018  4240  4357 E BitmapFactory: Unable to decode stream: java.io.FileNotFoundException: /oem/etc/theme/icons/dynamic_icon/com.android.BBKClock/res/drawable-sw360dp-xxhdpi/clock_dial_center.png (No such file or directory)
08-30 11:29:20.369  1724  1782 I chatty  : uid=1000(system) Binder:1724_2 expire 1 line
08-30 11:29:20.392   685   883 E qti_sensors_hal: w_orient output WORT 0 58 10
08-30 11:29:20.470   685   883 E qti_sensors_hal: w_orient output WORT 0 56 10
08-30 11:29:20.528   685   883 E qti_sensors_hal: w_orient output WORT 0 54 7
08-30 11:29:20.605   685   883 E qti_sensors_hal: w_orient output WORT 0 53 3
08-30 11:29:20.669   685   883 E qti_sensors_hal: w_orient output WORT 0 50 2
08-30 11:29:21.557  1724  2070 I chatty  : uid=1000(system) WifiStateMachin expire 1 line
08-30 11:29:21.724  1724  2178 I chatty  : uid=1000(system) AutobacklightTh identical 18 lines
08-30 11:29:21.788  1724  2922 I chatty  : uid=1000(system) Binder:1724_E expire 1 line
08-30 11:29:21.790   694   756 E ANDR-PERF-MPCTL: Invalid profile no. 0, total profiles 0 only
08-30 11:29:21.851   717  4080 E         : IProducerListener: malformed binder reply
08-30 11:29:21.886  1724  4404 E LockSettingsService: Failed to decrypt child profile key
08-30 11:29:21.886  1724  4404 E LockSettingsService: java.security.InvalidKeyException: Only SecretKey is supported
08-30 11:29:21.886  1724  4404 E LockSettingsService: 	at com.android.org.conscrypt.OpenSSLCipher.checkAndSetEncodedKey(OpenSSLCipher.java:462)
08-30 11:29:21.886  1724  4404 E LockSettingsService: 	at com.android.org.conscrypt.OpenSSLCipher.engineInit(OpenSSLCipher.java:296)
08-30 11:29:21.886  1724  4404 E LockSettingsService: 	at javax.crypto.Cipher.tryTransformWithProvider(Cipher.java:2980)
08-30 11:29:21.886  1724  4404 E LockSettingsService: 	at javax.crypto.Cipher.tryCombinations(Cipher.java:2891)
08-30 11:29:21.886  1724  4404 E LockSettingsService: 	at javax.crypto.Cipher$SpiAndProviderUpdater.updateAndGetSpiAndProvider(Cipher.java:2796)
08-30 11:29:21.886  1724  4404 E LockSettingsService: 	at javax.crypto.Cipher.chooseProvider(Cipher.java:773)
08-30 11:29:21.886  1724  4404 E LockSettingsService: 	at javax.crypto.Cipher.init(Cipher.java:1288)
08-30 11:29:21.886  1724  4404 E LockSettingsService: 	at javax.crypto.Cipher.init(Cipher.java:1223)
08-30 11:29:21.886  1724  4404 E LockSettingsService: 	at com.android.server.locksettings.LockSettingsService.getDecryptedPasswordForTiedProfile(LockSettingsService.java:1442)
08-30 11:29:21.886  1724  4404 E LockSettingsService: 	at com.android.server.locksettings.LockSettingsService.unlockChildProfile(LockSettingsService.java:1450)
08-30 11:29:21.886  1724  4404 E LockSettingsService: 	at com.android.server.locksettings.LockSettingsService.unlockUser(LockSettingsService.java:1505)
08-30 11:29:21.886  1724  4404 E LockSettingsService: 	at com.android.server.locksettings.LockSettingsService.spBasedDoVerifyCredential(LockSettingsService.java:2806)
08-30 11:29:21.886  1724  4404 E LockSettingsService: 	at com.android.server.locksettings.LockSettingsService.doVerifyCredential(LockSettingsService.java:2002)
08-30 11:29:21.886  1724  4404 E LockSettingsService: 	at com.android.server.locksettings.LockSettingsService.checkCredential(LockSettingsService.java:1946)
08-30 11:29:21.886  1724  4404 E LockSettingsService: 	at com.android.internal.widget.ILockSettings$Stub.onTransact(ILockSettings.java:165)
08-30 11:29:21.886  1724  4404 E LockSettingsService: 	at android.os.Binder.execTransact(Binder.java:750)
08-30 11:29:21.935  1724 16082 I chatty  : uid=1000(system) Binder:1724_1F expire 1 line
08-30 11:29:21.946   671  4200 E msm8916_platform: platform_set_codec_backend_cfg:becf: afe: Could not get ctl for mixer command - INT4_MI2S_RX Format
08-30 11:29:21.946   671  4200 E msm8916_platform: platform_check_backends_match: Invalid snd_device =
08-30 11:29:21.949   671  4200 E ACDB-LOADER: Error: ACDB_CMD_GET_AFE_COMMON_TABLE_SIZE Returned = -19
08-30 11:29:21.949   671  4200 E ACDB-LOADER: Error: ACDB AFE returned = -19
08-30 11:29:21.963  1724  2101 I chatty  : uid=1000(system) Binder:1724_3 expire 3 lines
08-30 11:29:22.044   717   933 E         : IProducerListener: malformed binder reply
08-30 11:29:22.067   717   804 E         : IProducerListener: malformed binder reply
08-30 11:29:22.111   717   933 E         : IProducerListener: malformed binder reply
08-30 11:29:22.184   717   933 E         : IProducerListener: malformed binder reply
08-30 11:29:22.705   694   756 E ANDR-PERF-MPCTL: Invalid profile no. 0, total profiles 0 only
08-30 11:29:22.721  4240  4357 E BitmapFactory: Unable to decode stream: java.io.FileNotFoundException: /oem/etc/theme/icons/dynamic_icon/com.vivo.weather/res/drawable-sw360dp-xxhdpi/dynamic_weather_overcast.png (No such file or directory)
08-30 11:29:22.723  4240  4357 E BitmapFactory: Unable to decode stream: java.io.FileNotFoundException: /oem/etc/theme/icons/dynamic_icon/com.vivo.weather/res/drawable-sw360dp-xxhdpi/dynamic_weather_degree.png (No such file or directory)
08-30 11:29:22.724  4240  4357 E BitmapFactory: Unable to decode stream: java.io.FileNotFoundException: /oem/etc/theme/icons/dynamic_icon/com.vivo.weather/res/drawable-sw360dp-xxhdpi/dynamic_weather_minus.png (No such file or directory)
08-30 11:29:22.764  1724  6436 I chatty  : uid=1000(system) Binder:1724_17 expire 3 lines
08-30 11:29:22.781  1724  2023 I chatty  : uid=1000(system) android.anim expire 1 line
08-30 11:29:22.788  1724  2892 I chatty  : uid=1000(system) Binder:1724_B expire 1 line
08-30 11:29:22.829  3168  3168 E cn.missevan: Not starting debugger since process cannot load the jdwp agent.
08-30 11:29:22.835   717  2381 E         : IProducerListener: malformed binder reply
08-30 11:29:23.466  3168  3168 E YZSDK   : ----->isDebug = false
08-30 11:29:23.499  3168  3287 E Storages: [DefaultDispatcher-worker-3] VideoCache is empty!
08-30 11:29:23.499  3168  3287 E Storages: [DefaultDispatcher-worker-3] AudioSingleCache is empty!
08-30 11:29:23.500  3168  3287 E Storages: [DefaultDispatcher-worker-3] BBPlayerCache is empty!
