08-30 11:09:29.570  4240  4357 E BitmapFactory: Unable to decode stream: java.io.FileNotFoundException: /oem/etc/theme/icons/dynamic_icon/com.vivo.weather/res/drawable-sw360dp-xxhdpi/dynamic_weather_degree.png (No such file or directory)
08-30 11:09:29.572  4240  4357 E BitmapFactory: Unable to decode stream: java.io.FileNotFoundException: /oem/etc/theme/icons/dynamic_icon/com.vivo.weather/res/drawable-sw360dp-xxhdpi/dynamic_weather_minus.png (No such file or directory)
08-30 11:09:32.174  2682  3066 E PowerMonitor: exception In sysProcTransDectect java.lang.NoSuchMethodException: vivoGetNetworkStatsUidDetailWithPackInfo [int]
08-30 11:09:32.569  1724  2178 I chatty  : uid=1000(system) AutobacklightTh identical 198 lines
08-30 11:09:32.750  1007  1109 E storaged: getDiskStats failed with result NOT_SUPPORTED and size 0
08-30 11:09:45.860 29067 29255 E MSF.C.NetConnTag.true: conn is already closed on readError closeConn socketEngineID: 0 socket hashcode: 0java.lang.Throwable
08-30 11:09:45.860 29067 29255 E MSF.C.NetConnTag.true: 	at com.tencent.mobileqq.msf.core.net.m.b(P:27)
08-30 11:09:45.860 29067 29255 E MSF.C.NetConnTag.true: 	at com.tencent.mobileqq.msf.core.net.m$b.run(P:24)
08-30 11:09:45.860 29067 29255 E SocketReaderNewtrue: socketEngine: 0socket hashCode: 0SocketReader(4178) errorjava.net.SocketException: Socket is closed
08-30 11:10:00.104  4240  4357 E BitmapFactory: Unable to decode stream: java.io.FileNotFoundException: /oem/etc/theme/icons/dynamic_icon/com.android.BBKClock/res/drawable-sw360dp-xxhdpi/clock_hour.png (No such file or directory)
08-30 11:10:00.104  4240  4357 E BitmapFactory: Unable to decode stream: java.io.FileNotFoundException: /oem/etc/theme/icons/dynamic_icon/com.android.BBKClock/res/drawable-sw360dp-xxhdpi/clock_minute.png (No such file or directory)
08-30 11:10:00.105  4240  4357 E BitmapFactory: Unable to decode stream: java.io.FileNotFoundException: /oem/etc/theme/icons/dynamic_icon/com.android.BBKClock/res/drawable-sw360dp-xxhdpi/clock_dial.png (No such file or directory)
08-30 11:10:00.109  4240  4357 E BitmapFactory: Unable to decode stream: java.io.FileNotFoundException: /oem/etc/theme/icons/dynamic_icon/com.android.BBKClock/res/drawable-sw360dp-xxhdpi/clock_dial_center.png (No such file or directory)
08-30 11:10:15.875 29067 29255 E MSF.C.NetConnTag.true: conn is already closed on readError closeConn socketEngineID: 0 socket hashcode: 0java.lang.Throwable
08-30 11:10:15.875 29067 29255 E MSF.C.NetConnTag.true: 	at com.tencent.mobileqq.msf.core.net.m.b(P:27)
08-30 11:10:15.875 29067 29255 E MSF.C.NetConnTag.true: 	at com.tencent.mobileqq.msf.core.net.m$b.run(P:24)
08-30 11:10:15.875 29067 29255 E SocketReaderNewtrue: socketEngine: 0socket hashCode: 0SocketReader(4178) errorjava.net.SocketException: Socket is closed
08-30 11:10:32.493  1724  2178 I chatty  : uid=1000(system) AutobacklightTh identical 370 lines
08-30 11:10:32.752  1007  1109 E storaged: getDiskStats failed with result NOT_SUPPORTED and size 0
08-30 11:10:45.887 29067 29255 E MSF.C.NetConnTag.true: conn is already closed on readError closeConn socketEngineID: 0 socket hashcode: 0java.lang.Throwable
08-30 11:10:45.887 29067 29255 E MSF.C.NetConnTag.true: 	at com.tencent.mobileqq.msf.core.net.m.b(P:27)
08-30 11:10:45.887 29067 29255 E MSF.C.NetConnTag.true: 	at com.tencent.mobileqq.msf.core.net.m$b.run(P:24)
08-30 11:10:45.888 29067 29255 E SocketReaderNewtrue: socketEngine: 0socket hashCode: 0SocketReader(4178) errorjava.net.SocketException: Socket is closed
08-30 11:11:00.094  4240  4357 E BitmapFactory: Unable to decode stream: java.io.FileNotFoundException: /oem/etc/theme/icons/dynamic_icon/com.android.BBKClock/res/drawable-sw360dp-xxhdpi/clock_hour.png (No such file or directory)
08-30 11:11:00.095  4240  4357 E BitmapFactory: Unable to decode stream: java.io.FileNotFoundException: /oem/etc/theme/icons/dynamic_icon/com.android.BBKClock/res/drawable-sw360dp-xxhdpi/clock_minute.png (No such file or directory)
08-30 11:11:00.096  4240  4357 E BitmapFactory: Unable to decode stream: java.io.FileNotFoundException: /oem/etc/theme/icons/dynamic_icon/com.android.BBKClock/res/drawable-sw360dp-xxhdpi/clock_dial.png (No such file or directory)
08-30 11:11:00.099  4240  4357 E BitmapFactory: Unable to decode stream: java.io.FileNotFoundException: /oem/etc/theme/icons/dynamic_icon/com.android.BBKClock/res/drawable-sw360dp-xxhdpi/clock_dial_center.png (No such file or directory)
08-30 11:11:04.903   941   974 E libc    : Access denied finding property "vendor.camera.aux.packagelist"
08-30 11:11:04.905   982   982 E CameraService: getNumberOfCameras: ++++ get number of camera 3 mNumberOfCameras 3 mNumberOfNormalCameras 0 +++++++
08-30 11:11:04.925   717   933 E         : IProducerListener: malformed binder reply
08-30 11:11:04.976  2786 30757 E libc    : Access denied finding property "vendor.camera.aux.packagelist"
08-30 11:11:04.979  9434 19136 E libc    : Access denied finding property "vendor.camera.aux.packagelist"
08-30 11:11:05.381   673  1213 E libc    : Access denied finding property "vidhance.stabilizer.previewEnabled"
08-30 11:11:05.382   673  1213 E libc    : Access denied finding property "persist.sys.log.ctrl"
08-30 11:11:05.383   673  1213 E libc    : Access denied finding property "camera.algo.facebeauty"
08-30 11:11:05.383   673  1213 E libc    : Access denied finding property "camera.algo.fronthdr"
08-30 11:11:05.383   673  1213 E libc    : Access denied finding property "camera.algo.backhdr"
08-30 11:11:05.383   673  1213 E libc    : Access denied finding property "camera.algo.singblur"
08-30 11:11:05.384   673  1213 E libc    : Access denied finding property "persist.algo.origin"
08-30 11:11:05.386   673  1213 E libc    : Access denied finding property "camera.dualcamera.sim"
08-30 11:11:05.390   673  1213 E         : yyan mm_pp_util_get_pp_dev_name check: msm_config
08-30 11:11:05.391   673  1213 E         : yyan mm_pp_util_get_pp_dev_name check: msm_dummy
08-30 11:11:05.391   673  1213 E         : yyan mm_pp_util_get_pp_dev_name check: msm_postproc
08-30 11:11:05.391   673  1213 E         : 359 found msm_postproc device
08-30 11:11:05.391   673  1213 E         : vivo MEDIA_IOC_ENUM_ENTITIES: video2
08-30 11:11:05.392   673  1213 E         : get_session_id done: video_fd=0x14, session id = 2, rc = 0
08-30 11:11:05.393   673  1213 E         :  yyan  pp_util_open_pp_dev_session done, error = 0, session id = 2, video_fd = 20
08-30 11:11:05.393   673  1213 E         :
08-30 11:11:05.393   673  1213 E         : yyan  pp_util_open_vis_session()  calling mm_camera_shim_open_session_type, session_id = 2
08-30 11:11:05.394   673  1213 E         :    yyan vis_start_session_type:0, id = 2
08-30 11:11:05.395   673  1213 E         : yyan vis_start_session_type pproc_only, mod name is pproc
08-30 11:11:05.402   673  1048 E libc    : Access denied finding property "persist.cam.pp.feat.mask"
08-30 11:11:05.409   673  1213 E         : yyan mct_stream_start_link - use param_pp_mod = 0xe96375f8
08-30 11:11:05.409   673  1213 E         : yyan mct_controller_new done for session =2  with code 0
08-30 11:11:05.409   673  1213 E         :   pp_util_open_vis_session done, error code =  0
08-30 11:11:05.410   673  1213 E         :   pp_util_open_vis_session done, ctrl_fd =  20, session id = 2
08-30 11:11:05.414   673  1086 E         : cpp_thread_func open_subdev, rc = 0
08-30 11:11:05.415   673  1086 E         : cpp_thread_func, stream_type = 14
08-30 11:11:05.415   694   756 E ANDR-PERF-MPCTL: Invalid profile no. 0, total profiles 0 only
08-30 11:11:05.420   673  1024 E QCamera2HWI: deferredWorkRoutine: dw->cmd = 5, dw->id = 1, pme->mInitPProcJob = 0, job_status = 0x0 at 13123
08-30 11:11:05.473   673  1213 E libc    : Access denied finding property "cameradaemon.SaveMemAtBoot"
08-30 11:11:05.473   673  1024 E libc    : Access denied finding property "persist.debug.sf.showfps"
08-30 11:11:05.475   673  1024 E QCamera2HWI: deferredWorkRoutine: dw->cmd = 3, dw->id = 2, pme->mInitPProcJob = 0, job_status = 0x0 at 13123
08-30 11:11:05.477   673  1107 E libc    : Access denied finding property "persist.partial.skip"
08-30 11:11:05.480   673  1140 E libc    : Access denied finding property "persist.cam.pp.feat.mask"
08-30 11:11:05.500   673  1213 E libc    : Access denied finding property "ro.build.gn.custom"
08-30 11:11:05.501   673  1213 E libc    : Access denied finding property "persist.front.camera.qcom.awb"
08-30 11:11:05.514   673  1024 E QCamera2HWI: deferredWorkRoutine: dw->cmd = 6, dw->id = 3, pme->mInitPProcJob = 0, job_status = 0x0 at 13123
08-30 11:11:05.514   673  1024 E         : mm_camera_module_send_cmd: rc = 0
08-30 11:11:05.515   673  1024 E         : mm_camera_module_send_cmd: rc = 0
08-30 11:11:05.516   673  1024 E libc    : Access denied finding property "persist.debug.set.fixedfps"
08-30 11:11:05.519   673  1024 E libc    : Access denied finding property "persist.capture.burst.exposures"
08-30 11:11:05.520   673  1024 E libc    : Access denied finding property "persist.denoise.process.plates"
08-30 11:11:05.522   673  1024 E         : mm_camera_module_send_cmd: rc = 0
08-30 11:11:05.524   673  1003 E         : mm_camera_module_send_cmd: rc = 0
08-30 11:11:05.524   673  1003 E         : mm_camera_module_send_cmd: rc = 0
08-30 11:11:05.536  1724  2879 I chatty  : uid=1000(system) Binder:1724_9 expire 4 lines
08-30 11:11:05.552   673  1003 E libc    : Access denied finding property "videostab_project"
08-30 11:11:05.552   673  1003 E libc    : Access denied finding property "persist.capture.burst.exposures"
08-30 11:11:05.552   673  1003 E libc    : Access denied finding property "persist.tnr.process.plates"
08-30 11:11:05.553   673  1003 E         : mm_camera_module_send_cmd: rc = 0
08-30 11:11:05.633   673  1117 E mm-camera: s5k2l8_pd1728front_m24c64s_eeprom_get_calibration_items:212,Enter
08-30 11:11:05.633   673  1117 E mm-camera: s5k2l8_pd1728front_m24c64s_eeprom_get_calibration_items:226,is_wbc:1,is_afc:0,is_lsc:1,is_dpc:0,is_insensor:0,  is_ois:0
08-30 11:11:06.151   717  2381 E         : IProducerListener: malformed binder reply
08-30 11:11:06.160   673  1003 E         : mm_camera_module_send_cmd: rc = 0
08-30 11:11:06.160   673  1003 I chatty  : uid=1047(cameraserver) provider@2.4-se identical 11 lines
08-30 11:11:06.160   673  1003 E         : mm_camera_module_send_cmd: rc = 0
08-30 11:11:06.162   673  1003 E libc    : Access denied finding property "persist.denoise.process.plates"
08-30 11:11:06.162   673  1003 E libc    : Access denied finding property "persist.denoise.process.plates"
08-30 11:11:06.162   673  1024 E QCamera2HWI: deferredWorkRoutine: dw->cmd = 7, dw->id = 4, pme->mInitPProcJob = 0, job_status = 0x0 at 13123
08-30 11:11:06.162   673  1003 E         : mm_camera_module_send_cmd: rc = 0
08-30 11:11:06.163   673  1003 E         : mm_camera_module_send_cmd: rc = 0
08-30 11:11:06.163   673  1003 E libc    : Access denied finding property "persist.denoise.process.plates"
08-30 11:11:06.164   673  1003 E libc    : Access denied finding property "persist.denoise.process.plates"
08-30 11:11:06.164   673  1003 E         : mm_camera_module_send_cmd: rc = 0
08-30 11:11:06.164   673  1024 E QCamera2HWI: deferredWorkRoutine: dw->cmd = 7, dw->id = 5, pme->mInitPProcJob = 0, job_status = 0x0 at 13123
08-30 11:11:06.164   673  1003 E         : mm_camera_module_send_cmd: rc = 0
08-30 11:11:06.164   673  1024 E         : mm_camera_module_send_cmd: rc = 0
08-30 11:11:06.164   673  1024 E QCamera2HWI: deferredWorkRoutine: dw->cmd = 7, dw->id = 6, pme->mInitPProcJob = 0, job_status = 0x0 at 13123
08-30 11:11:06.166   717  2381 E         : IProducerListener: malformed binder reply
08-30 11:11:06.166   673  1095 E libc    : Access denied finding property "camera.cpp.pbf.enable"
08-30 11:11:06.166   673  1003 E         : mm_camera_module_send_cmd: rc = 0
08-30 11:11:06.166   673  1003 E         : mm_camera_module_send_cmd: rc = 0
08-30 11:11:06.167   673  1003 E libc    : Access denied finding property "persist.denoise.process.plates"
08-30 11:11:06.167   673  1003 E libc    : Access denied finding property "persist.denoise.process.plates"
08-30 11:11:06.168   673  1003 E         : mm_camera_module_send_cmd: rc = 0
08-30 11:11:06.171   673  1003 E         : mm_camera_module_send_cmd: rc = 0
08-30 11:11:06.172   673  1024 E CamDev@1.0-impl: lmj debug mem->vif_value is 0
08-30 11:11:06.173   673  1003 E         : mm_camera_module_send_cmd: rc = 0
08-30 11:11:06.174   673  1024 E CamDev@1.0-impl: lmj debug mem->vif_value is 0
08-30 11:11:06.183   673  1024 I chatty  : uid=1047(cameraserver) provider@2.4-se identical 6 lines
08-30 11:11:06.184   673  1024 E CamDev@1.0-impl: lmj debug mem->vif_value is 0
08-30 11:11:06.185   673  1024 E QCamera2HWI: deferredWorkRoutine: dw->cmd = 7, dw->id = 7, pme->mInitPProcJob = 0, job_status = 0x0 at 13123
08-30 11:11:06.185   673  1024 E         : mm_camera_module_send_cmd: rc = 0
08-30 11:11:06.186   673  1419 E quadracfa_dummy: inside dummy remosaic_init 1
08-30 11:11:06.186   673  1419 E quadracfa_dummy: inside dummy remosaic_gainmap_gen 1
08-30 11:11:06.187   673  1095 E mm-camera: s5k2l8_pd1728front_m24c64s_eeprom_get_calibration_items:212,Enter
08-30 11:11:06.187   673  1095 E mm-camera: s5k2l8_pd1728front_m24c64s_eeprom_get_calibration_items:226,is_wbc:1,is_afc:0,is_lsc:1,is_dpc:0,is_insensor:0,  is_ois:0
08-30 11:11:06.190   673  1143 E ta      : TAAWB<ERROR> 2132: awb_set_init_vivo_chromatix: enableExtendGainAdjust 0
08-30 11:11:06.226   673  1143 E libc    : Access denied finding property "persist.front.camera.qcom.awb"
08-30 11:11:06.227   673  1095 E libc    : Access denied finding property "cpp.set.clock"
08-30 11:11:06.227   673  1095 E         : ctrl->cpphw->stream_type = 1
08-30 11:11:06.236   673  1003 E         : mm_camera_module_send_cmd: rc = 0
08-30 11:11:06.258   673  1003 E         : mm_camera_module_send_cmd: rc = 0
08-30 11:11:06.258   673  1024 E QCamera2HWI: deferredWorkRoutine: dw->cmd = 2, dw->id = 8, pme->mInitPProcJob = 8, job_status = 0x0 at 13123
08-30 11:11:06.261   673  1213 E         : mm_camera_module_send_cmd: rc = 0
08-30 11:11:06.304  1724  2178 I chatty  : uid=1000(system) AutobacklightTh identical 208 lines
08-30 11:11:06.307   673  1105 E libc    : Access denied finding property "persist.front.camera.qcom.awb"
08-30 11:11:06.313   673  1003 E CamDev@1.0-impl: lmj debug mem->vif_value is 0
08-30 11:11:06.383   673  1024 E mm-still: omx_component_set_callbacks: Bad Parameter
08-30 11:11:06.401   673  1086 E         : cpp_thread_handle_process_buf_event, stream_type = 1
08-30 11:11:06.404   673  1086 E libc    : Access denied finding property "disable.cpp.power.collapse"
08-30 11:11:06.405   673  1143 E ta      : TAAEC<ERROR> 2520: aec_process_parse_input_info: AEC error: invalid param type: 21
08-30 11:11:06.411   673  1086 E libc    : Access denied finding property "camera.cpp.dumppreviewpayload"
08-30 11:11:06.411   673  1105 E libc    : Access denied finding property "persist.front.camera.qcom.awb"
08-30 11:11:06.422   673  1201 E libc    : Access denied finding property "persist.aicamera.needlut"
08-30 11:11:06.424   694   756 E ANDR-PERF-MPCTL: Invalid profile no. 0, total profiles 0 only
08-30 11:11:06.433   673  1217 E libc    : Access denied finding property "cpp.set.clock"
08-30 11:11:06.434   673  1086 E         : cpp_thread_handle_process_buf_event, stream_type = 1
08-30 11:11:06.434   673  1086 E libc    : Access denied finding property "disable.cpp.power.collapse"
08-30 11:11:06.435   673  1086 E libc    : Access denied finding property "camera.cpp.dumppreviewpayload"
08-30 11:11:06.442   673  1143 E ta      : TAAEC<ERROR> 2520: aec_process_parse_input_info: AEC error: invalid param type: 21
08-30 11:11:06.446   673  1143 E libc    : Access denied finding property "persist.front.camera.qcom.awb"
08-30 11:11:06.454   673  1201 E libc    : Access denied finding property "persist.aicamera.needlut"
08-30 11:11:06.467   673  1086 E         : cpp_thread_handle_process_buf_event, stream_type = 1
08-30 11:11:06.467   673  1086 E libc    : Access denied finding property "disable.cpp.power.collapse"
08-30 11:11:06.467   673  1086 E libc    : Access denied finding property "camera.cpp.dumppreviewpayload"
08-30 11:11:06.476   673  1105 E libc    : Access denied finding property "persist.front.camera.qcom.awb"
08-30 11:11:06.486   673  1201 E libc    : Access denied finding property "persist.aicamera.needlut"
08-30 11:11:06.500   673  1086 E         : cpp_thread_handle_process_buf_event, stream_type = 1
08-30 11:11:06.501   673  1086 E libc    : Access denied finding property "disable.cpp.power.collapse"
08-30 11:11:06.501   673  1086 E libc    : Access denied finding property "camera.cpp.dumppreviewpayload"
08-30 11:11:06.504   673  1143 E ta      : TAAEC<ERROR> 2520: aec_process_parse_input_info: AEC error: invalid param type: 21
08-30 11:11:06.508   673  1143 E libc    : Access denied finding property "persist.front.camera.qcom.awb"
08-30 11:11:06.520   673  1201 E libc    : Access denied finding property "persist.aicamera.needlut"
08-30 11:11:06.535   673  1086 E         : cpp_thread_handle_process_buf_event, stream_type = 1
08-30 11:11:06.536   673  1086 E libc    : Access denied finding property "disable.cpp.power.collapse"
08-30 11:11:06.536   673  1086 E libc    : Access denied finding property "camera.cpp.dumppreviewpayload"
08-30 11:11:06.538   673  1143 E ta      : TAAEC<ERROR> 2520: aec_process_parse_input_info: AEC error: invalid param type: 21
08-30 11:11:06.543   673  1105 E libc    : Access denied finding property "persist.front.camera.qcom.awb"
08-30 11:11:06.549  1724  2184 E DisplayPowerState: run changed=true mNightPearlManager is null! or state != Display.STATE_OFF
08-30 11:11:06.555   673  1201 E libc    : Access denied finding property "persist.aicamera.needlut"
08-30 11:11:06.569  1724  2184 E DisplayPowerState: run changed=true mNightPearlManager is null! or state != Display.STATE_OFF
08-30 11:11:06.569   673  1086 E         : cpp_thread_handle_process_buf_event, stream_type = 1
08-30 11:11:06.569   673  1086 E libc    : Access denied finding property "disable.cpp.power.collapse"
08-30 11:11:06.570   673  1086 E libc    : Access denied finding property "camera.cpp.dumppreviewpayload"
08-30 11:11:06.571   673  1143 E ta      : TAAEC<ERROR> 2520: aec_process_parse_input_info: AEC error: invalid param type: 21
08-30 11:11:06.575   673  1105 E libc    : Access denied finding property "persist.front.camera.qcom.awb"
08-30 11:11:06.582  1724  2184 E DisplayPowerState: run changed=true mNightPearlManager is null! or state != Display.STATE_OFF
08-30 11:11:06.588   673  1201 E libc    : Access denied finding property "persist.aicamera.needlut"
08-30 11:11:06.599  1724  2184 E DisplayPowerState: run changed=true mNightPearlManager is null! or state != Display.STATE_OFF
08-30 11:11:06.602   673  1086 E         : cpp_thread_handle_process_buf_event, stream_type = 1
08-30 11:11:06.602   673  1086 E libc    : Access denied finding property "disable.cpp.power.collapse"
08-30 11:11:06.602   673  1086 E libc    : Access denied finding property "camera.cpp.dumppreviewpayload"
08-30 11:11:06.604   673  1143 E ta      : TAAEC<ERROR> 2520: aec_process_parse_input_info: AEC error: invalid param type: 21
08-30 11:11:06.609   673  1105 E libc    : Access denied finding property "persist.front.camera.qcom.awb"
08-30 11:11:06.616  1724  2184 E DisplayPowerState: run changed=true mNightPearlManager is null! or state != Display.STATE_OFF
08-30 11:11:06.622   673  1201 E libc    : Access denied finding property "persist.aicamera.needlut"
08-30 11:11:06.632  1724  2184 E DisplayPowerState: run changed=true mNightPearlManager is null! or state != Display.STATE_OFF
08-30 11:11:06.634   673  1086 E         : cpp_thread_handle_process_buf_event, stream_type = 1
08-30 11:11:06.634   673  1086 E libc    : Access denied finding property "disable.cpp.power.collapse"
08-30 11:11:06.634   673  1086 E libc    : Access denied finding property "camera.cpp.dumppreviewpayload"
08-30 11:11:06.638   673  1143 E ta      : TAAEC<ERROR> 2520: aec_process_parse_input_info: AEC error: invalid param type: 21
08-30 11:11:06.642   673  1105 E libc    : Access denied finding property "persist.front.camera.qcom.awb"
08-30 11:11:06.649  1724  2184 E DisplayPowerState: run changed=true mNightPearlManager is null! or state != Display.STATE_OFF
08-30 11:11:06.653   673  1201 E libc    : Access denied finding property "persist.aicamera.needlut"
08-30 11:11:06.666  1724  2184 E DisplayPowerState: run changed=true mNightPearlManager is null! or state != Display.STATE_OFF
08-30 11:11:06.667   673  1086 E         : cpp_thread_handle_process_buf_event, stream_type = 1
08-30 11:11:06.667   673  1086 E libc    : Access denied finding property "disable.cpp.power.collapse"
08-30 11:11:06.667   673  1086 E libc    : Access denied finding property "camera.cpp.dumppreviewpayload"
08-30 11:11:06.671   673  1143 E ta      : TAAEC<ERROR> 2520: aec_process_parse_input_info: AEC error: invalid param type: 21
08-30 11:11:06.675   673  1105 E libc    : Access denied finding property "persist.front.camera.qcom.awb"
08-30 11:11:06.682  1724  2184 E DisplayPowerState: run changed=true mNightPearlManager is null! or state != Display.STATE_OFF
08-30 11:11:06.686   673  1201 E libc    : Access denied finding property "persist.aicamera.needlut"
08-30 11:11:06.698  1724  2184 E DisplayPowerState: run changed=true mNightPearlManager is null! or state != Display.STATE_OFF
08-30 11:11:06.700   673  1086 E         : cpp_thread_handle_process_buf_event, stream_type = 1
08-30 11:11:06.700   673  1086 E libc    : Access denied finding property "disable.cpp.power.collapse"
08-30 11:11:06.700   673  1086 E libc    : Access denied finding property "camera.cpp.dumppreviewpayload"
08-30 11:11:06.704   673  1143 E ta      : TAAEC<ERROR> 2520: aec_process_parse_input_info: AEC error: invalid param type: 21
08-30 11:11:06.707   673  1105 E libc    : Access denied finding property "persist.front.camera.qcom.awb"
08-30 11:11:06.715  1724  2184 E DisplayPowerState: run changed=true mNightPearlManager is null! or state != Display.STATE_OFF
08-30 11:11:06.719   673  1201 E libc    : Access denied finding property "persist.aicamera.needlut"
08-30 11:11:06.732  1724  2184 E DisplayPowerState: run changed=true mNightPearlManager is null! or state != Display.STATE_OFF
08-30 11:11:06.733   673  1086 E         : cpp_thread_handle_process_buf_event, stream_type = 1
08-30 11:11:06.734   673  1086 E libc    : Access denied finding property "disable.cpp.power.collapse"
08-30 11:11:06.734   673  1086 E libc    : Access denied finding property "camera.cpp.dumppreviewpayload"
08-30 11:11:06.738   673  1143 E ta      : TAAEC<ERROR> 2520: aec_process_parse_input_info: AEC error: invalid param type: 21
08-30 11:11:06.742   673  1105 E libc    : Access denied finding property "persist.front.camera.qcom.awb"
08-30 11:11:06.749  1724  2184 E DisplayPowerState: run changed=true mNightPearlManager is null! or state != Display.STATE_OFF
08-30 11:11:06.752   673  1201 E libc    : Access denied finding property "persist.aicamera.needlut"
08-30 11:11:06.766  1724  2184 E DisplayPowerState: run changed=true mNightPearlManager is null! or state != Display.STATE_OFF
08-30 11:11:06.767   673  1086 E         : cpp_thread_handle_process_buf_event, stream_type = 1
08-30 11:11:06.767   673  1086 E libc    : Access denied finding property "disable.cpp.power.collapse"
08-30 11:11:06.767   673  1086 E libc    : Access denied finding property "camera.cpp.dumppreviewpayload"
08-30 11:11:06.771   673  1143 E ta      : TAAEC<ERROR> 2520: aec_process_parse_input_info: AEC error: invalid param type: 21
08-30 11:11:06.775   673  1143 E libc    : Access denied finding property "persist.front.camera.qcom.awb"
08-30 11:11:06.783  1724  2184 E DisplayPowerState: run changed=true mNightPearlManager is null! or state != Display.STATE_OFF
08-30 11:11:06.785   673  1201 E libc    : Access denied finding property "persist.aicamera.needlut"
08-30 11:11:06.799  1724  2184 E DisplayPowerState: run changed=true mNightPearlManager is null! or state != Display.STATE_OFF
08-30 11:11:06.800   673  1086 E         : cpp_thread_handle_process_buf_event, stream_type = 1
08-30 11:11:06.800   673  1086 E libc    : Access denied finding property "disable.cpp.power.collapse"
08-30 11:11:06.801   673  1086 E libc    : Access denied finding property "camera.cpp.dumppreviewpayload"
08-30 11:11:06.805   673  1143 E ta      : TAAEC<ERROR> 2520: aec_process_parse_input_info: AEC error: invalid param type: 21
08-30 11:11:06.807   673  1105 E libc    : Access denied finding property "persist.front.camera.qcom.awb"
08-30 11:11:06.815  1724  2184 E DisplayPowerState: run changed=true mNightPearlManager is null! or state != Display.STATE_OFF
08-30 11:11:06.819   673  1201 E libc    : Access denied finding property "persist.aicamera.needlut"
08-30 11:11:06.832  1724  2184 E DisplayPowerState: run changed=true mNightPearlManager is null! or state != Display.STATE_OFF
08-30 11:11:06.834   673  1086 E         : cpp_thread_handle_process_buf_event, stream_type = 1
08-30 11:11:06.834   673  1086 E libc    : Access denied finding property "disable.cpp.power.collapse"
08-30 11:11:06.834   673  1086 E libc    : Access denied finding property "camera.cpp.dumppreviewpayload"
08-30 11:11:06.843   673  1143 E ta      : TAAEC<ERROR> 2520: aec_process_parse_input_info: AEC error: invalid param type: 21
08-30 11:11:06.848  1724  2184 E DisplayPowerState: run changed=true mNightPearlManager is null! or state != Display.STATE_OFF
08-30 11:11:06.850   673  1143 E libc    : Access denied finding property "persist.front.camera.qcom.awb"
08-30 11:11:06.852   673  1201 E libc    : Access denied finding property "persist.aicamera.needlut"
08-30 11:11:06.866  1724  2184 E DisplayPowerState: run changed=true mNightPearlManager is null! or state != Display.STATE_OFF
08-30 11:11:06.867   673  1086 E         : cpp_thread_handle_process_buf_event, stream_type = 1
08-30 11:11:06.867   673  1086 E libc    : Access denied finding property "disable.cpp.power.collapse"
08-30 11:11:06.868   673  1086 E libc    : Access denied finding property "camera.cpp.dumppreviewpayload"
08-30 11:11:06.871   673  1143 E ta      : TAAEC<ERROR> 2520: aec_process_parse_input_info: AEC error: invalid param type: 21
08-30 11:11:06.874   673  1105 E libc    : Access denied finding property "persist.front.camera.qcom.awb"
08-30 11:11:06.882  1724  2184 E DisplayPowerState: run changed=true mNightPearlManager is null! or state != Display.STATE_OFF
08-30 11:11:06.886   673  1201 E libc    : Access denied finding property "persist.aicamera.needlut"
08-30 11:11:06.900   673  1086 E         : cpp_thread_handle_process_buf_event, stream_type = 1
08-30 11:11:06.901   673  1086 E libc    : Access denied finding property "disable.cpp.power.collapse"
08-30 11:11:06.901   673  1086 E libc    : Access denied finding property "camera.cpp.dumppreviewpayload"
08-30 11:11:06.905   673  1143 E ta      : TAAEC<ERROR> 2520: aec_process_parse_input_info: AEC error: invalid param type: 21
08-30 11:11:06.909   673  1105 E libc    : Access denied finding property "persist.front.camera.qcom.awb"
08-30 11:11:06.919   673  1201 E libc    : Access denied finding property "persist.aicamera.needlut"
08-30 11:11:06.934   673  1086 E         : cpp_thread_handle_process_buf_event, stream_type = 1
08-30 11:11:06.934   673  1086 E libc    : Access denied finding property "disable.cpp.power.collapse"
08-30 11:11:06.934   673  1086 E libc    : Access denied finding property "camera.cpp.dumppreviewpayload"
08-30 11:11:06.938   673  1143 E ta      : TAAEC<ERROR> 2520: aec_process_parse_input_info: AEC error: invalid param type: 21
08-30 11:11:06.943   673  1105 E libc    : Access denied finding property "persist.front.camera.qcom.awb"
08-30 11:11:06.953   673  1201 E libc    : Access denied finding property "persist.aicamera.needlut"
08-30 11:11:06.968   673  1086 E         : cpp_thread_handle_process_buf_event, stream_type = 1
08-30 11:11:06.968   673  1086 E libc    : Access denied finding property "disable.cpp.power.collapse"
08-30 11:11:06.968   673  1086 E libc    : Access denied finding property "camera.cpp.dumppreviewpayload"
08-30 11:11:06.971   673  1143 E ta      : TAAEC<ERROR> 2520: aec_process_parse_input_info: AEC error: invalid param type: 21
08-30 11:11:06.975   673  1143 E libc    : Access denied finding property "persist.front.camera.qcom.awb"
08-30 11:11:06.986   673  1201 E libc    : Access denied finding property "persist.aicamera.needlut"
08-30 11:11:07.001   673  1086 E         : cpp_thread_handle_process_buf_event, stream_type = 1
08-30 11:11:07.001   673  1086 E libc    : Access denied finding property "disable.cpp.power.collapse"
08-30 11:11:07.001   673  1086 E libc    : Access denied finding property "camera.cpp.dumppreviewpayload"
08-30 11:11:07.005   673  1143 E ta      : TAAEC<ERROR> 2520: aec_process_parse_input_info: AEC error: invalid param type: 21
08-30 11:11:07.007   673  1105 E libc    : Access denied finding property "persist.front.camera.qcom.awb"
08-30 11:11:07.019   673  1201 E libc    : Access denied finding property "persist.aicamera.needlut"
08-30 11:11:07.034   673  1086 E         : cpp_thread_handle_process_buf_event, stream_type = 1
08-30 11:11:07.034   673  1086 E libc    : Access denied finding property "disable.cpp.power.collapse"
08-30 11:11:07.034   673  1086 E libc    : Access denied finding property "camera.cpp.dumppreviewpayload"
08-30 11:11:07.038   673  1143 E ta      : TAAEC<ERROR> 2520: aec_process_parse_input_info: AEC error: invalid param type: 21
08-30 11:11:07.041   673  1105 E libc    : Access denied finding property "persist.front.camera.qcom.awb"
08-30 11:11:07.052   673  1201 E libc    : Access denied finding property "persist.aicamera.needlut"
08-30 11:11:07.067   673  1086 E         : cpp_thread_handle_process_buf_event, stream_type = 1
08-30 11:11:07.067   673  1086 E libc    : Access denied finding property "disable.cpp.power.collapse"
08-30 11:11:07.067   673  1086 E libc    : Access denied finding property "camera.cpp.dumppreviewpayload"
08-30 11:11:07.071   673  1143 E ta      : TAAEC<ERROR> 2520: aec_process_parse_input_info: AEC error: invalid param type: 21
08-30 11:11:07.074   673  1105 E libc    : Access denied finding property "persist.front.camera.qcom.awb"
08-30 11:11:07.086   673  1201 E libc    : Access denied finding property "persist.aicamera.needlut"
08-30 11:11:07.100   673  1086 E         : cpp_thread_handle_process_buf_event, stream_type = 1
08-30 11:11:07.100   673  1086 E libc    : Access denied finding property "disable.cpp.power.collapse"
08-30 11:11:07.101   673  1086 E libc    : Access denied finding property "camera.cpp.dumppreviewpayload"
08-30 11:11:07.104   673  1143 E ta      : TAAEC<ERROR> 2520: aec_process_parse_input_info: AEC error: invalid param type: 21
08-30 11:11:07.107   673  1105 E libc    : Access denied finding property "persist.front.camera.qcom.awb"
08-30 11:11:07.119   673  1201 E libc    : Access denied finding property "persist.aicamera.needlut"
08-30 11:11:07.134   673  1086 E         : cpp_thread_handle_process_buf_event, stream_type = 1
08-30 11:11:07.134   673  1086 E libc    : Access denied finding property "disable.cpp.power.collapse"
08-30 11:11:07.135   673  1086 E libc    : Access denied finding property "camera.cpp.dumppreviewpayload"
08-30 11:11:07.138   673  1143 E ta      : TAAEC<ERROR> 2520: aec_process_parse_input_info: AEC error: invalid param type: 21
08-30 11:11:07.141   673  1105 E libc    : Access denied finding property "persist.front.camera.qcom.awb"
08-30 11:11:07.153   673  1201 E libc    : Access denied finding property "persist.aicamera.needlut"
08-30 11:11:07.167   673  1086 E         : cpp_thread_handle_process_buf_event, stream_type = 1
08-30 11:11:07.167   673  1086 E libc    : Access denied finding property "disable.cpp.power.collapse"
08-30 11:11:07.167   673  1086 E libc    : Access denied finding property "camera.cpp.dumppreviewpayload"
08-30 11:11:07.171   673  1143 E ta      : TAAEC<ERROR> 2520: aec_process_parse_input_info: AEC error: invalid param type: 21
08-30 11:11:07.175   673  1105 E libc    : Access denied finding property "persist.front.camera.qcom.awb"
08-30 11:11:07.186   673  1201 E libc    : Access denied finding property "persist.aicamera.needlut"
08-30 11:11:07.200   673  1086 E         : cpp_thread_handle_process_buf_event, stream_type = 1
08-30 11:11:07.201   673  1086 E libc    : Access denied finding property "disable.cpp.power.collapse"
08-30 11:11:07.201   673  1086 E libc    : Access denied finding property "camera.cpp.dumppreviewpayload"
08-30 11:11:07.204   673  1143 E ta      : TAAEC<ERROR> 2520: aec_process_parse_input_info: AEC error: invalid param type: 21
08-30 11:11:07.207   673  1105 E libc    : Access denied finding property "persist.front.camera.qcom.awb"
08-30 11:11:07.219   673  1201 E libc    : Access denied finding property "persist.aicamera.needlut"
08-30 11:11:07.234   673  1086 E         : cpp_thread_handle_process_buf_event, stream_type = 1
08-30 11:11:07.234   673  1086 E libc    : Access denied finding property "disable.cpp.power.collapse"
08-30 11:11:07.234   673  1086 E libc    : Access denied finding property "camera.cpp.dumppreviewpayload"
08-30 11:11:07.238   673  1143 E ta      : TAAEC<ERROR> 2520: aec_process_parse_input_info: AEC error: invalid param type: 21
08-30 11:11:07.242   673  1143 E libc    : Access denied finding property "persist.front.camera.qcom.awb"
08-30 11:11:07.253   673  1201 E libc    : Access denied finding property "persist.aicamera.needlut"
08-30 11:11:07.267   673  1086 E         : cpp_thread_handle_process_buf_event, stream_type = 1
08-30 11:11:07.267   673  1086 E libc    : Access denied finding property "disable.cpp.power.collapse"
08-30 11:11:07.267   673  1086 E libc    : Access denied finding property "camera.cpp.dumppreviewpayload"
08-30 11:11:07.271   673  1143 E ta      : TAAEC<ERROR> 2520: aec_process_parse_input_info: AEC error: invalid param type: 21
08-30 11:11:07.274   673  1105 E libc    : Access denied finding property "persist.front.camera.qcom.awb"
08-30 11:11:07.286   673  1201 E libc    : Access denied finding property "persist.aicamera.needlut"
08-30 11:11:07.300   673  1086 E         : cpp_thread_handle_process_buf_event, stream_type = 1
08-30 11:11:07.300   673  1086 E libc    : Access denied finding property "disable.cpp.power.collapse"
08-30 11:11:07.301   673  1086 E libc    : Access denied finding property "camera.cpp.dumppreviewpayload"
08-30 11:11:07.304   673  1143 E ta      : TAAEC<ERROR> 2520: aec_process_parse_input_info: AEC error: invalid param type: 21
08-30 11:11:07.308   673  1143 E libc    : Access denied finding property "persist.front.camera.qcom.awb"
08-30 11:11:07.319   673  1201 E libc    : Access denied finding property "persist.aicamera.needlut"
08-30 11:11:07.334   673  1086 E         : cpp_thread_handle_process_buf_event, stream_type = 1
08-30 11:11:07.334   673  1086 E libc    : Access denied finding property "disable.cpp.power.collapse"
08-30 11:11:07.334   673  1086 E libc    : Access denied finding property "camera.cpp.dumppreviewpayload"
08-30 11:11:07.338   673  1143 E ta      : TAAEC<ERROR> 2520: aec_process_parse_input_info: AEC error: invalid param type: 21
08-30 11:11:07.342   673  1105 E libc    : Access denied finding property "persist.front.camera.qcom.awb"
08-30 11:11:07.353   673  1201 E libc    : Access denied finding property "persist.aicamera.needlut"
08-30 11:11:07.367   673  1086 E         : cpp_thread_handle_process_buf_event, stream_type = 1
08-30 11:11:07.368   673  1086 E libc    : Access denied finding property "disable.cpp.power.collapse"
08-30 11:11:07.368   673  1086 E libc    : Access denied finding property "camera.cpp.dumppreviewpayload"
08-30 11:11:07.372   673  1143 E ta      : TAAEC<ERROR> 2520: aec_process_parse_input_info: AEC error: invalid param type: 21
08-30 11:11:07.377   673  1143 E libc    : Access denied finding property "persist.front.camera.qcom.awb"
08-30 11:11:07.387   673  1201 E libc    : Access denied finding property "persist.aicamera.needlut"
08-30 11:11:07.400   673  1086 E         : cpp_thread_handle_process_buf_event, stream_type = 1
08-30 11:11:07.401   673  1086 E libc    : Access denied finding property "disable.cpp.power.collapse"
08-30 11:11:07.401   673  1086 E libc    : Access denied finding property "camera.cpp.dumppreviewpayload"
08-30 11:11:07.405   673  1143 E ta      : TAAEC<ERROR> 2520: aec_process_parse_input_info: AEC error: invalid param type: 21
08-30 11:11:07.408   673  1105 E libc    : Access denied finding property "persist.front.camera.qcom.awb"
08-30 11:11:07.420   673  1201 E libc    : Access denied finding property "persist.aicamera.needlut"
08-30 11:11:07.434   673  1086 E         : cpp_thread_handle_process_buf_event, stream_type = 1
08-30 11:11:07.435   673  1086 E libc    : Access denied finding property "disable.cpp.power.collapse"
08-30 11:11:07.435   673  1086 E libc    : Access denied finding property "camera.cpp.dumppreviewpayload"
08-30 11:11:07.438   673  1143 E ta      : TAAEC<ERROR> 2520: aec_process_parse_input_info: AEC error: invalid param type: 21
08-30 11:11:07.442   673  1105 E libc    : Access denied finding property "persist.front.camera.qcom.awb"
08-30 11:11:07.453   673  1201 E libc    : Access denied finding property "persist.aicamera.needlut"
08-30 11:11:07.468   673  1086 E         : cpp_thread_handle_process_buf_event, stream_type = 1
08-30 11:11:07.468   673  1086 E libc    : Access denied finding property "disable.cpp.power.collapse"
08-30 11:11:07.468   673  1086 E libc    : Access denied finding property "camera.cpp.dumppreviewpayload"
08-30 11:11:07.472   673  1143 E ta      : TAAEC<ERROR> 2520: aec_process_parse_input_info: AEC error: invalid param type: 21
08-30 11:11:07.482   673  1105 E libc    : Access denied finding property "persist.front.camera.qcom.awb"
08-30 11:11:07.487   673  1201 E libc    : Access denied finding property "persist.aicamera.needlut"
08-30 11:11:07.501   673  1086 E         : cpp_thread_handle_process_buf_event, stream_type = 1
08-30 11:11:07.501   673  1086 E libc    : Access denied finding property "disable.cpp.power.collapse"
08-30 11:11:07.502   673  1086 E libc    : Access denied finding property "camera.cpp.dumppreviewpayload"
08-30 11:11:07.505   673  1143 E ta      : TAAEC<ERROR> 2520: aec_process_parse_input_info: AEC error: invalid param type: 21
08-30 11:11:07.509   673  1143 E libc    : Access denied finding property "persist.front.camera.qcom.awb"
08-30 11:11:07.520   673  1201 E libc    : Access denied finding property "persist.aicamera.needlut"
08-30 11:11:07.534   673  1086 E         : cpp_thread_handle_process_buf_event, stream_type = 1
08-30 11:11:07.534   673  1086 E libc    : Access denied finding property "disable.cpp.power.collapse"
08-30 11:11:07.535   673  1086 E libc    : Access denied finding property "camera.cpp.dumppreviewpayload"
08-30 11:11:07.538   673  1143 E ta      : TAAEC<ERROR> 2520: aec_process_parse_input_info: AEC error: invalid param type: 21
08-30 11:11:07.543   673  1105 E libc    : Access denied finding property "persist.front.camera.qcom.awb"
08-30 11:11:07.553   673  1201 E libc    : Access denied finding property "persist.aicamera.needlut"
08-30 11:11:07.568   673  1086 E         : cpp_thread_handle_process_buf_event, stream_type = 1
08-30 11:11:07.568   673  1086 E libc    : Access denied finding property "disable.cpp.power.collapse"
08-30 11:11:07.568   673  1086 E libc    : Access denied finding property "camera.cpp.dumppreviewpayload"
08-30 11:11:07.572   673  1143 E ta      : TAAEC<ERROR> 2520: aec_process_parse_input_info: AEC error: invalid param type: 21
08-30 11:11:07.576   673  1105 E libc    : Access denied finding property "persist.front.camera.qcom.awb"
08-30 11:11:07.587   673  1201 E libc    : Access denied finding property "persist.aicamera.needlut"
08-30 11:11:07.601   673  1086 E         : cpp_thread_handle_process_buf_event, stream_type = 1
08-30 11:11:07.601   673  1086 E libc    : Access denied finding property "disable.cpp.power.collapse"
08-30 11:11:07.601   673  1086 E libc    : Access denied finding property "camera.cpp.dumppreviewpayload"
08-30 11:11:07.605   673  1143 E ta      : TAAEC<ERROR> 2520: aec_process_parse_input_info: AEC error: invalid param type: 21
08-30 11:11:07.608   673  1105 E libc    : Access denied finding property "persist.front.camera.qcom.awb"
08-30 11:11:07.620   673  1201 E libc    : Access denied finding property "persist.aicamera.needlut"
08-30 11:11:07.633   673  1086 E         : cpp_thread_handle_process_buf_event, stream_type = 1
08-30 11:11:07.634   673  1086 E libc    : Access denied finding property "disable.cpp.power.collapse"
08-30 11:11:07.634   673  1086 E libc    : Access denied finding property "camera.cpp.dumppreviewpayload"
08-30 11:11:07.638   673  1143 E ta      : TAAEC<ERROR> 2520: aec_process_parse_input_info: AEC error: invalid param type: 21
08-30 11:11:07.644   673  1143 E libc    : Access denied finding property "persist.front.camera.qcom.awb"
08-30 11:11:07.653   673  1201 E libc    : Access denied finding property "persist.aicamera.needlut"
08-30 11:11:07.667   673  1086 E         : cpp_thread_handle_process_buf_event, stream_type = 1
08-30 11:11:07.667   673  1086 E libc    : Access denied finding property "disable.cpp.power.collapse"
08-30 11:11:07.667   673  1086 E libc    : Access denied finding property "camera.cpp.dumppreviewpayload"
08-30 11:11:07.671   673  1143 E ta      : TAAEC<ERROR> 2520: aec_process_parse_input_info: AEC error: invalid param type: 21
08-30 11:11:07.675   673  1105 E libc    : Access denied finding property "persist.front.camera.qcom.awb"
08-30 11:11:07.686   673  1201 E libc    : Access denied finding property "persist.aicamera.needlut"
08-30 11:11:07.700   673  1086 E         : cpp_thread_handle_process_buf_event, stream_type = 1
08-30 11:11:07.701   673  1086 E libc    : Access denied finding property "disable.cpp.power.collapse"
08-30 11:11:07.702   673  1086 E libc    : Access denied finding property "camera.cpp.dumppreviewpayload"
08-30 11:11:07.705   673  1143 E ta      : TAAEC<ERROR> 2520: aec_process_parse_input_info: AEC error: invalid param type: 21
08-30 11:11:07.710   673  1143 E libc    : Access denied finding property "persist.front.camera.qcom.awb"
08-30 11:11:07.720   673  1201 E libc    : Access denied finding property "persist.aicamera.needlut"
08-30 11:11:07.735   673  1086 E         : cpp_thread_handle_process_buf_event, stream_type = 1
08-30 11:11:07.735   673  1086 E libc    : Access denied finding property "disable.cpp.power.collapse"
08-30 11:11:07.735   673  1086 E libc    : Access denied finding property "camera.cpp.dumppreviewpayload"
08-30 11:11:07.738   673  1143 E ta      : TAAEC<ERROR> 2520: aec_process_parse_input_info: AEC error: invalid param type: 21
08-30 11:11:07.741   673  1105 E libc    : Access denied finding property "persist.front.camera.qcom.awb"
08-30 11:11:07.754   673  1201 E libc    : Access denied finding property "persist.aicamera.needlut"
08-30 11:11:07.767   673  1086 E         : cpp_thread_handle_process_buf_event, stream_type = 1
08-30 11:11:07.768   673  1086 E libc    : Access denied finding property "disable.cpp.power.collapse"
08-30 11:11:07.768   673  1086 E libc    : Access denied finding property "camera.cpp.dumppreviewpayload"
08-30 11:11:07.772   673  1143 E ta      : TAAEC<ERROR> 2520: aec_process_parse_input_info: AEC error: invalid param type: 21
08-30 11:11:07.775   673  1143 E libc    : Access denied finding property "persist.front.camera.qcom.awb"
08-30 11:11:07.786   673  1201 E libc    : Access denied finding property "persist.aicamera.needlut"
08-30 11:11:07.800   673  1086 E         : cpp_thread_handle_process_buf_event, stream_type = 1
08-30 11:11:07.801   673  1086 E libc    : Access denied finding property "disable.cpp.power.collapse"
08-30 11:11:07.801   673  1086 E libc    : Access denied finding property "camera.cpp.dumppreviewpayload"
08-30 11:11:07.805   673  1143 E ta      : TAAEC<ERROR> 2520: aec_process_parse_input_info: AEC error: invalid param type: 21
08-30 11:11:07.808   673  1105 E libc    : Access denied finding property "persist.front.camera.qcom.awb"
08-30 11:11:07.820   673  1201 E libc    : Access denied finding property "persist.aicamera.needlut"
08-30 11:11:07.834   673  1086 E         : cpp_thread_handle_process_buf_event, stream_type = 1
08-30 11:11:07.835   673  1086 E libc    : Access denied finding property "disable.cpp.power.collapse"
08-30 11:11:07.835   673  1086 E libc    : Access denied finding property "camera.cpp.dumppreviewpayload"
08-30 11:11:07.838   673  1143 E ta      : TAAEC<ERROR> 2520: aec_process_parse_input_info: AEC error: invalid param type: 21
08-30 11:11:07.841   673  1143 E libc    : Access denied finding property "persist.front.camera.qcom.awb"
08-30 11:11:07.853   673  1201 E libc    : Access denied finding property "persist.aicamera.needlut"
08-30 11:11:07.867   673  1086 E         : cpp_thread_handle_process_buf_event, stream_type = 1
08-30 11:11:07.867   673  1086 E libc    : Access denied finding property "disable.cpp.power.collapse"
08-30 11:11:07.868   673  1086 E libc    : Access denied finding property "camera.cpp.dumppreviewpayload"
08-30 11:11:07.872   673  1143 E ta      : TAAEC<ERROR> 2520: aec_process_parse_input_info: AEC error: invalid param type: 21
08-30 11:11:07.874   673  1105 E libc    : Access denied finding property "persist.front.camera.qcom.awb"
08-30 11:11:07.886   673  1201 E libc    : Access denied finding property "persist.aicamera.needlut"
08-30 11:11:07.900   673  1086 E         : cpp_thread_handle_process_buf_event, stream_type = 1
08-30 11:11:07.901   673  1086 E libc    : Access denied finding property "disable.cpp.power.collapse"
08-30 11:11:07.901   673  1086 E libc    : Access denied finding property "camera.cpp.dumppreviewpayload"
08-30 11:11:07.905   673  1143 E ta      : TAAEC<ERROR> 2520: aec_process_parse_input_info: AEC error: invalid param type: 21
08-30 11:11:07.912   673  1143 E libc    : Access denied finding property "persist.front.camera.qcom.awb"
08-30 11:11:07.920   673  1201 E libc    : Access denied finding property "persist.aicamera.needlut"
08-30 11:11:07.935   673  1086 E         : cpp_thread_handle_process_buf_event, stream_type = 1
08-30 11:11:07.935   673  1086 E libc    : Access denied finding property "disable.cpp.power.collapse"
08-30 11:11:07.935   673  1086 E libc    : Access denied finding property "camera.cpp.dumppreviewpayload"
08-30 11:11:07.938   673  1143 E ta      : TAAEC<ERROR> 2520: aec_process_parse_input_info: AEC error: invalid param type: 21
08-30 11:11:07.941   673  1105 E libc    : Access denied finding property "persist.front.camera.qcom.awb"
08-30 11:11:07.954   673  1201 E libc    : Access denied finding property "persist.aicamera.needlut"
08-30 11:11:07.968   673  1086 E         : cpp_thread_handle_process_buf_event, stream_type = 1
08-30 11:11:07.968   673  1086 E libc    : Access denied finding property "disable.cpp.power.collapse"
08-30 11:11:07.968   673  1086 E libc    : Access denied finding property "camera.cpp.dumppreviewpayload"
08-30 11:11:07.974   673  1143 E ta      : TAAEC<ERROR> 2520: aec_process_parse_input_info: AEC error: invalid param type: 21
08-30 11:11:07.978   673  1143 E libc    : Access denied finding property "persist.front.camera.qcom.awb"
08-30 11:11:07.987   673  1201 E libc    : Access denied finding property "persist.aicamera.needlut"
08-30 11:11:08.000   673  1086 E         : cpp_thread_handle_process_buf_event, stream_type = 1
08-30 11:11:08.001   673  1086 E libc    : Access denied finding property "disable.cpp.power.collapse"
08-30 11:11:08.001   673  1086 E libc    : Access denied finding property "camera.cpp.dumppreviewpayload"
08-30 11:11:08.005   673  1143 E ta      : TAAEC<ERROR> 2520: aec_process_parse_input_info: AEC error: invalid param type: 21
08-30 11:11:08.008   673  1105 E libc    : Access denied finding property "persist.front.camera.qcom.awb"
08-30 11:11:08.020   673  1201 E libc    : Access denied finding property "persist.aicamera.needlut"
08-30 11:11:08.034   673  1086 E         : cpp_thread_handle_process_buf_event, stream_type = 1
08-30 11:11:08.035   673  1086 E libc    : Access denied finding property "disable.cpp.power.collapse"
08-30 11:11:08.035   673  1086 E libc    : Access denied finding property "camera.cpp.dumppreviewpayload"
08-30 11:11:08.038   673  1143 E ta      : TAAEC<ERROR> 2520: aec_process_parse_input_info: AEC error: invalid param type: 21
08-30 11:11:08.042   673  1143 E libc    : Access denied finding property "persist.front.camera.qcom.awb"
08-30 11:11:08.054   673  1201 E libc    : Access denied finding property "persist.aicamera.needlut"
08-30 11:11:08.067   673  1086 E         : cpp_thread_handle_process_buf_event, stream_type = 1
08-30 11:11:08.067   673  1086 E libc    : Access denied finding property "disable.cpp.power.collapse"
08-30 11:11:08.068   673  1086 E libc    : Access denied finding property "camera.cpp.dumppreviewpayload"
08-30 11:11:08.072   673  1143 E ta      : TAAEC<ERROR> 2520: aec_process_parse_input_info: AEC error: invalid param type: 21
08-30 11:11:08.075   673  1105 E libc    : Access denied finding property "persist.front.camera.qcom.awb"
08-30 11:11:08.086   673  1201 E libc    : Access denied finding property "persist.aicamera.needlut"
08-30 11:11:08.100   673  1086 E         : cpp_thread_handle_process_buf_event, stream_type = 1
08-30 11:11:08.101   673  1086 E libc    : Access denied finding property "disable.cpp.power.collapse"
