09-01 18:15:23.871  1581  1581 W tomator2.serve: Found duplicated class when checking oat files: 'Ljunit/runner/BaseTestRunner;' in /data/app/io.appium.uiautomator2.server-hU_If1ssmYNlALRcrtEGLw==/base.apk and /system/framework/android.test.runner.jar
09-01 18:15:23.871  1581  1581 W tomator2.serve:
09-01 18:15:23.911 23979 23979 D MainImeServiceDel: mHandler = 76
09-01 18:15:23.915   777  1161 I DownloadFileResolver: [DefaultDispatcher-worker-2] Found downloaded files: 0
09-01 18:15:23.919  1724  2895 D ActivityTrigger: ActivityTrigger activityStopTrigger
09-01 18:15:23.921   777   777 D LeakCanary: Watching instance of androidx.fragment.app.FragmentManagerViewModel (androidx.fragment.app.FragmentManagerViewModel received ViewModel#onCleared() callback) with key 7ad78c05-fc1b-46b4-a5f8-8f70e5831514
09-01 18:15:23.922   777   777 D LeakCanary: Watching instance of leakcanary.internal.ViewModelClearedWatcher (leakcanary.internal.ViewModelClearedWatcher received ViewModel#onCleared() callback) with key cb10aeb9-ce24-4319-9113-43de2567e288
09-01 18:15:23.922   777   777 D LeakCanary: Watching instance of androidx.lifecycle.ReportFragment (androidx.lifecycle.ReportFragment received Fragment#onDestroy() callback) with key d2ce489b-7424-4791-b51b-1f83f9365e2c
09-01 18:15:23.923   777   777 D LeakCanary: Watching instance of cn.missevan.activity.SplashActivity (cn.missevan.activity.SplashActivity received Activity#onDestroy() callback) with key 052d8985-045d-49d5-878e-d20b1ddf3a3f
09-01 18:15:23.937  1724  2895 D PackageManager: package:1000 check permission,PERMISSION_GRANTED
09-01 18:15:23.940  1724  1853 D UiModeManager: onForegroundActivitiesChanged: pid=4240, uid=10096, foregroundActivities=false
09-01 18:15:23.946  1724  2101 D PackageManager: package:1000 check permission,PERMISSION_GRANTED
09-01 18:15:23.952   777  1448 I BLOG    : [RxCachedThreadScheduler-2] HTTP request: [2022-09-01T10:15:23.287Z] GET https://app.uat.missevan.com/site/get-emote 200 646ms 0
09-01 18:15:23.955   777   777 D LeakCanary: Watching instance of com.umeng.message.component.UmengMessageHandlerService (com.umeng.message.component.UmengMessageHandlerService received Service#onDestroy() callback) with key 10b45eea-b799-49e1-9902-0989e92c15e2
09-01 18:15:23.968   777  1466 I BLOG    : [RxCachedThreadScheduler-5] HTTP request: [2022-09-01T10:15:23.326Z] GET https://app.uat.missevan.com/site/tabs 200 609ms 0
09-01 18:15:23.969   777  1467 D SentryLog: [RxCachedThreadScheduler-4] Capturing transaction: 8fea9d066f7c4797a877087780c68499
09-01 18:15:23.970   777  1538 I BLOG    : [RxCachedThreadScheduler-6] HTTP request: [2022-09-01T10:15:23.348Z] GET https://app.uat.missevan.com/site/launch?app_sign=926d1dd5ca9cbb9704250acdd3c95abb&supported_abis=arm64-v8a%2Carmeabi-v7a%2Carmeabi&runtime_abi=arm64-v8a&version_code=5070300 200 611ms 0
09-01 18:15:23.973   777  1161 I EmoteUtil: [DefaultDispatcher-worker-2] Same emoticon package. load emotes from local..
09-01 18:15:23.977   777  1543 D SentryLog: [SentryAsyncConnection-0] Adding Envelope to offline storage: /data/user/0/cn.missevan/cache/sentry/8fea9d066f7c4797a877087780c68499.envelope
09-01 18:15:23.980   777  1467 I BLOG    : [RxCachedThreadScheduler-4] HTTP request: [2022-09-01T10:15:23.054Z] GET https://data.uat.missevan.com/v2/site/notifications?active=1 200 843ms 0
09-01 18:15:23.985 31141 31141 E adbd    : failed to connect to socket 'tcp:6790': Connection refused
09-01 18:15:23.993   777  1454 I BLOG    : [RxCachedThreadScheduler-3] HTTP request: [2022-09-01T10:15:22.724Z] GET https://fm.uat.missevan.com/api/user/info 200 1255ms 0
09-01 18:15:24.013   777  1453 I CronetEngine: [thread_background]
09-01 18:15:24.013   777  1453 I CronetEngine: url: https://app.uat.missevan.com/site/config
09-01 18:15:24.013   777  1453 I CronetEngine:  ip: 10.21.250.10
09-01 18:15:24.013   777  1453 I CronetEngine:  hostResolverProvider:
09-01 18:15:24.013   777  1453 I CronetEngine:  hostResolveIps: []
09-01 18:15:24.013   777  1453 I CronetEngine:
09-01 18:15:24.015   777  1453 I CronetEngine: [thread_background]
09-01 18:15:24.015   777  1453 I CronetEngine: url: https://app.uat.missevan.com/site/get-emote
09-01 18:15:24.015   777  1453 I CronetEngine:  ip: 10.21.250.10
09-01 18:15:24.015   777  1453 I CronetEngine:  hostResolverProvider: system
09-01 18:15:24.015   777  1453 I CronetEngine:  hostResolveIps: ["10.21.250.10"]
09-01 18:15:24.015   777  1453 I CronetEngine:
09-01 18:15:24.016   777  1453 I CronetEngine: [thread_background]
09-01 18:15:24.016   777  1453 I CronetEngine: url: https://app.uat.missevan.com/site/tabs
09-01 18:15:24.016   777  1453 I CronetEngine:  ip: 10.21.250.10
09-01 18:15:24.016   777  1453 I CronetEngine:  hostResolverProvider:
09-01 18:15:24.016   777  1453 I CronetEngine:  hostResolveIps: []
09-01 18:15:24.016   777  1453 I CronetEngine:
09-01 18:15:24.016   777  1453 I CronetEngine: [thread_background]
09-01 18:15:24.016   777  1453 I CronetEngine: url: https://app.uat.missevan.com/site/launch?app_sign=926d1dd5ca9cbb9704250acdd3c95abb&supported_abis=arm64-v8a%2Carmeabi-v7a%2Carmeabi&runtime_abi=arm64-v8a&version_code=5070300
09-01 18:15:24.016   777  1453 I CronetEngine:  ip: 10.21.250.10
09-01 18:15:24.016   777  1453 I CronetEngine:  hostResolverProvider:
09-01 18:15:24.016   777  1453 I CronetEngine:  hostResolveIps: []
09-01 18:15:24.016   777  1453 I CronetEngine:
09-01 18:15:24.017   777  1453 I CronetEngine: [thread_background]
09-01 18:15:24.017   777  1453 I CronetEngine: url: https://data.uat.missevan.com/v2/site/notifications?active=1
09-01 18:15:24.017   777  1453 I CronetEngine:  ip: 10.21.250.10
09-01 18:15:24.017   777  1453 I CronetEngine:  hostResolverProvider: system
09-01 18:15:24.017   777  1453 I CronetEngine:  hostResolveIps: ["10.21.250.10"]
09-01 18:15:24.017   777  1453 I CronetEngine:
09-01 18:15:24.017   777  1453 I CronetEngine: [thread_background]
09-01 18:15:24.017   777  1453 I CronetEngine: url: https://fm.uat.missevan.com/api/user/info
09-01 18:15:24.017   777  1453 I CronetEngine:  ip: 10.21.250.10
09-01 18:15:24.017   777  1453 I CronetEngine:  hostResolverProvider: system
09-01 18:15:24.017   777  1453 I CronetEngine:  hostResolveIps: ["10.21.250.10"]
09-01 18:15:24.017   777  1453 I CronetEngine:
09-01 18:15:24.017   777  1161 I EmoteUtil: [DefaultDispatcher-worker-2] Add 80 emotes
09-01 18:15:24.018   777  1161 I EmoteUtil: [DefaultDispatcher-worker-2] Add 50 emotes
09-01 18:15:24.019   777  1161 I EmoteUtil: [DefaultDispatcher-worker-2] Add 18 emotes
09-01 18:15:24.030  1724  2023 I Letterbox: setColorInner, color = ffffffff, callers = com.android.server.wm.VivoBaseLetterbox$VivoBaseLetterboxSurface.setColor:66 com.android.server.wm.VivoBaseLetterbox.setColors:46 com.android.server.wm.VivoBaseAppWindowToken.updateLetterboxColor:323 com.android.server.wm.VivoBaseAppWindowToken.updateLetterboxSurface:82 com.android.server.wm.AppWindowToken.updateLetterboxSurface:1669
09-01 18:15:24.037   717   805 W SurfaceFlinger: Attempting to set client state on removed layer: Splash Screen cn.missevan#0
09-01 18:15:24.037   717   805 W SurfaceFlinger: Attempting to destroy on removed layer: Splash Screen cn.missevan#0
09-01 18:15:24.049   777  1543 D SentryLog: [SentryAsyncConnection-0] Serializing object: {"measurements":{"app_start_cold":{"value":2726.0}},"spans":[{"description":"Cold Start","op":"app.start.cold","parent_span_id":"1361a13cb26f4783","span_id":"a441a78da28b4400","start_timestamp":"2022-09-01T10:15:20.640Z","timestamp":"2022-09-01T10:15:23.366Z","trace_id":"001958b334324682ab9ac20122ce5c85"},{"description":"GET https://data.uat.missevan.com/v2/site/notifications?active=1","op":"http.client","parent_span_id":"a441a78da28b4400","span_id":"6ae2cf2407ce41c9","start_timestamp":"2022-09-01T10:15:23.052Z","status":"ok","timestamp":"2022-09-01T10:15:23.968Z","trace_id":"001958b334324682ab9ac20122ce5c85"},{"description":"GET https://app.uat.missevan.com/site/tabs","op":"http.client","parent_span_id":"6ae2cf2407ce41c9","span_id":"40115e049729419d","start_timestamp":"2022-09-01T10:15:23.325Z","status":"ok","timestamp":"2022-09-01T10:15:23.962Z","trace_id":"001958b334324682ab9ac20122ce5c85"},{"description":"GET https://app.uat.missevan.com/site/launch?app_sign=926d1dd5ca9cbb9704250acdd3c95abb&supported_abis=arm64-v8a%2Carmeabi-v7a%2Carmeabi&runtime_abi=arm64-v8a&version_code=5070300","op":"http.client","parent_span_id":"40115e049729419d","span_id":"f9476bf5ec5c46f2","start_timestamp":"2022-09-01T10:15:23.346Z","status":"ok","timestamp":"2022-09-01T10:15:23.964Z","trace_id":"001958b334324682ab9ac20122ce5c85"}],"start_timestamp":"2022-09-01T10:15:20.640Z","timestamp":"2022-09-01T10:15:23.968Z","transaction":"SplashActivity","type":"transaction","breadcrumbs":[{"category":"ui.lifecycle","data":{"screen":"SplashActivity","state":"created"},"level":"info","timestamp":"2022-09-01T10:15:22.289Z","type":"navigation"},{"category":"ui.lifecycle","data":{"screen":"MainActivity","state":"created"},"level":"info","timestamp":"2022-09-01T10:15:22.626Z","type":"navigation"},{"category":"ui.lifecycle","data":{"screen":"MainActivity","state":"started"},"level":"info","timestamp":"2022-09-01T10:15:23.028Z","type":"navigation"},{"category":"app.lifecycle","data":{"state":"start"},"level":"info","timestamp":"2022-09-01T10:15:23.353Z","type":"session"},{"category":"app.lifecycle","data":{"state":"foreground"},"level":"info","timestamp":"2022-09-01T10:15:23.359Z","type":"navigation"},{"category":"ui.lifecycle","data":{"screen":"MainActivity","state":"resumed"},"level":"info","timestamp":"2022-09-01T10:15:23.366Z","type":"navigation"},{"category":"ui.lifecycle","data":{"screen":"SplashActivity","state":"destroyed"},"level":"info","timestamp":"2022-09-01T10:15:23.931Z","type":"navigation"},{"category":"http","data":{"status_code":200,"method":"GET","url":"https://app.uat.missevan.com/site/config","response_body_size":8732},"timestamp":"2022-09-01T10:15:23.949Z","type":"http"},{"category":"http","data":{"status_code":200,"method":"GET","url":"https://app.uat.missevan.com/site/tabs","response_body_size":410},"timestamp":"2022-09-01T10:15:23.962Z","type":"http"},{"category":"http","data":{"status_code":200,"method":"GET","url":"https://app.uat.missevan.com/site/launch?app_sign=926d1dd5ca9cbb9704250acdd3c95abb&supported_abis=arm64-v8a%2Carmeabi-v7a%2Carmeabi&runtime_abi=arm64-v8a&version_code=5070300","response_body_size":492},"timestamp":"2022-09-01T10:15:23.964Z","type":"http"}],"contexts":{"app":{"app_build":"5070300","app_identifier":"cn.missevan","app_name":"FM","app_start_time":"2022-09-01T10:15:20.640Z","app_version":"5.7.3"},"trace":{"op":"ui.load","span_id":"1361a13cb26f4783","status":"ok","trace_id":"001958b334324682ab9ac20122ce5c85"},"os":{"build":"PKQ1.180819.001 release-keys","kernel_version":"4.4.153-perf+","name":"Android","rooted":false,"version":"9"},"device":{"archs":["arm64-v8a","armeabi-v7a","armeabi"],"boot_time":"2022-08-25T10:38:05.455Z","brand":"vivo","family":"vivo","id":"3dd7d8cc-4882-4f0a-89a7-0dab3dfe45a8","language":"zh","locale":"zh_CN","manufacturer":"vivo","model":"vivo X21A","model_id":"PKQ1.180819.001","name":"vivo X21A","orientation":"portrait","screen_density":3.0,"screen_dpi":480,"screen_heigh
09-01 18:15:24.049   777  1543 D SentryLog: t_pixels":2075,"screen_width_pixels":1080,"simulator":false,"timezone":"Asia/Shanghai"}},"dist":"5070300","environment":"staging","event_id":"8fea9d066f7c4797a877087780c68499","platform":"java","release":"cn.missevan@5.7.3+5070300","sdk":{"name":"sentry.java.android","packages":[{"name":"maven:io.sentry:sentry","version":"5.6.3"},{"name":"maven:io.sentry:sentry-android-core","version":"5.6.3"},{"name":"maven:io.sentry:sentry-android-ndk","version":"5.6.3"}],"version":"5.6.3"},"tags":{"equip_id":"63106cf3-3e51-b064-cca6-37f4ca214808","installerStore":"com.android.packageinstaller","buvid":"XY277FF2DFB139F19721118D30677E832AAF4","channel":"missevan","version_code":"5070300","isSideLoaded":"false","commitId":"d654181-64-debug","version":"5.7.3"},"user":{"id":"3dd7d8cc-4882-4f0a-89a7-0dab3dfe45a8","other":{"equip_id":"63106cf3-3e51-b064-cca6-37f4ca214808","buvid":"XY277FF2DFB139F19721118D30677E832AAF4"}}}
09-01 18:15:24.084   777   777 I PlayApplication: [main] getConfig, vivoChannelUseX5: 0, otherChannelUseX5: 2
09-01 18:15:24.100   777   777 I PlayApplication: [main] localPlayerType: 1, serverPlayerType: 1
09-01 18:15:24.110   777   777 I BLOG    : [main] launch api success
09-01 18:15:24.120   777   777 I SplashFragment: [main] waitContinue action executing, launch api is success
09-01 18:15:24.121   777   777 I SplashFragment: [main] initCustomStartSound
09-01 18:15:24.150  1581  1581 I Perf    : Connecting to perf service.
09-01 18:15:24.173  1581  1581 I tomator2.serve: The ClassLoaderContext is a special shared library.
09-01 18:15:24.175  1581  1581 I tomator2.serve: The ClassLoaderContext is a special shared library.
09-01 18:15:24.178  1581  1581 W tomator2.serve: ClassLoaderContext size mismatch. expected=1, actual=2 (PCL[/system/framework/android.test.mock.jar*2077058553:/system/framework/android.test.runner.jar*3846605392] | PCL[/system/framework/android.test.runner.jar*3846605392:/system/framework/android.test.mock.jar*2077058553];PCL[/system/framework/android.test.runner.jar*3846605392:/system/framework/android.test.mock.jar*2077058553:/data/app/io.appium.uiautomator2.server.test-K07vq4ZhCm4h6eWbq7B8og==/base.apk*3464038622:/data/app/io.appium.uiautomator2.server.test-K07vq4ZhCm4h6eWbq7B8og==/base.apk!classes2.dex*2170559374:/data/app/io.appium.uiautomator2.server-hU_If1ssmYNlALRcrtEGLw==/base.apk*2259969859:/data/app/io.appium.uiautomator2.server-hU_If1ssmYNlALRcrtEGLw==/base.apk!classes2.dex*3854679608])
09-01 18:15:24.178  1581  1581 W tomator2.serve: Found duplicate classes, falling back to extracting from APK : /data/app/io.appium.uiautomator2.server.test-K07vq4ZhCm4h6eWbq7B8og==/base.apk
09-01 18:15:24.178  1581  1581 W tomator2.serve: NOTE: This wastes RAM and hurts startup performance.
09-01 18:15:24.178  1581  1581 W tomator2.serve: Found duplicated class when checking oat files: 'Landroidx/test/espresso/AmbiguousViewMatcherException$1;' in /data/app/io.appium.uiautomator2.server.test-K07vq4ZhCm4h6eWbq7B8og==/base.apk and /data/app/io.appium.uiautomator2.server.test-K07vq4ZhCm4h6eWbq7B8og==/base.apk
09-01 18:15:24.178  1581  1581 W tomator2.serve:
09-01 18:15:24.209   777  1543 D SentryLog: [SentryAsyncConnection-0] Envelope sent successfully.
09-01 18:15:24.212   777  1543 D SentryLog: [SentryAsyncConnection-0] Discarding envelope from cache: /data/user/0/cn.missevan/cache/sentry/8fea9d066f7c4797a877087780c68499.envelope
09-01 18:15:24.213   777  1543 D SentryLog: [SentryAsyncConnection-0] Envelope flushed
09-01 18:15:24.219   777   777 I httpdns.okhttp.wrapper: [main] OkHttp httpdns enabled.
09-01 18:15:24.243   777   777 I MainActivity: [main] webview config, isVivo: true, mUseX5WebCore: false, vivoUseX5: false, otherUseX5: true
09-01 18:15:24.265  1581  1581 W tomator2.serve: ClassLoaderContext size mismatch. expected=1, actual=2 (PCL[] | PCL[/system/framework/android.test.runner.jar*3846605392:/system/framework/android.test.mock.jar*2077058553:/data/app/io.appium.uiautomator2.server.test-K07vq4ZhCm4h6eWbq7B8og==/base.apk*3464038622:/data/app/io.appium.uiautomator2.server.test-K07vq4ZhCm4h6eWbq7B8og==/base.apk!classes2.dex*2170559374];PCL[/system/framework/android.test.runner.jar*3846605392:/system/framework/android.test.mock.jar*2077058553:/data/app/io.appium.uiautomator2.server.test-K07vq4ZhCm4h6eWbq7B8og==/base.apk*3464038622:/data/app/io.appium.uiautomator2.server.test-K07vq4ZhCm4h6eWbq7B8og==/base.apk!classes2.dex*2170559374:/data/app/io.appium.uiautomator2.server-hU_If1ssmYNlALRcrtEGLw==/base.apk*2259969859:/data/app/io.appium.uiautomator2.server-hU_If1ssmYNlALRcrtEGLw==/base.apk!classes2.dex*3854679608])
09-01 18:15:24.266  1581  1581 W tomator2.serve: Found duplicate classes, falling back to extracting from APK : /data/app/io.appium.uiautomator2.server-hU_If1ssmYNlALRcrtEGLw==/base.apk
09-01 18:15:24.266  1581  1581 W tomator2.serve: NOTE: This wastes RAM and hurts startup performance.
09-01 18:15:24.266  1581  1581 W tomator2.serve: Found duplicated class when checking oat files: 'Landroid_libs/ub_uiautomator/R;' in /data/app/io.appium.uiautomator2.server-hU_If1ssmYNlALRcrtEGLw==/base.apk!classes2.dex and /data/app/io.appium.uiautomator2.server-hU_If1ssmYNlALRcrtEGLw==/base.apk!classes2.dex
09-01 18:15:24.266  1581  1581 W tomator2.serve:
09-01 18:15:24.270   777  1505 D UPush.Net: req: https://msg.umengcloud.com/v3/alias/delete
09-01 18:15:24.270   777  1505 D UPush.Net: {"header":{"appkey":"546d7dd7fd98c58fc800082c","channel":"missevan","umid":"aie23efbafd38e95fbe62c2198813cfa3f","din":"","device_id":"RyNUt34RQuqi7ohCa8YHKRusS9Ee9DfE6bI2BmKqewo=","idmd5":"BF6490B2F2E3CE1888812881A57A74D1","mc":"02:00:00:00:00:00","android_id":"776ba695d5c3ba5d","serial_number":"","push_switch":"true","sdk_type":"Android","sdk_version":"6.5.3","access":"Wi-Fi","access_subtype":"","carrier":"","device_model":"vivo X21A","os":"Android","os_version":"9","app_version":"5.7.3","version_code":"5070300","package_name":"cn.missevan","resolution":"1080*2075","cpu":"AArch64 Processor rev 2 (aarch64)","timezone":8,"country":"CN","language":"zh"},"utdid":"YxBs9IHhiKQDAFfj0NajmZNB","device_token":"AmeddEB57dF0tVJAKHAmMfO0VIDdBw5-ptXjao3DpbTH","alias":"dev","type":"user_id","ts":1662027323972}
09-01 18:15:24.270   777  1505 D UPush.Net: resp:
09-01 18:15:24.270   777  1505 D UPush.Net: {"success":"ok","interval":0}
09-01 18:15:24.270   777  1505 D UPush.Net: consume:293
09-01 18:15:24.281   777  1505 I Umeng   : [UPush-4] userId: alias:dev,type:user_id
09-01 18:15:24.285   777  1505 I UPush.Prefs: type:uuid,alias:umeng:dev63106cf3-3e51-b064-cca6-37f4ca214808,exclusive:0
09-01 18:15:24.288   777  1505 I UPush.Prefs: count:1
09-01 18:15:24.288   777  1505 I UPush.Prefs: typeTmp:uuid,aliasTmp:umeng:dev63106cf3-3e51-b064-cca6-37f4ca214808,type:uuid,alias:umeng:dev63106cf3-3e51-b064-cca6-37f4ca214808
09-01 18:15:24.289   777  1505 D UPush.Track: addAlias: <dev63106cf3-3e51-b064-cca6-37f4ca214808, uuid> has been synced to the server before. Ignore this request
09-01 18:15:24.313   777  1505 I Umeng   : [UPush-4] equipId: alias:dev63106cf3-3e51-b064-cca6-37f4ca214808
09-01 18:15:24.319   777  1505 I UPush.Prefs: type:buvid,alias:umeng:devXY277FF2DFB139F19721118D30677E832AAF4,exclusive:0
09-01 18:15:24.326   777  1505 I UPush.Prefs: count:1
09-01 18:15:24.326   777  1505 I UPush.Prefs: typeTmp:buvid,aliasTmp:umeng:devXY277FF2DFB139F19721118D30677E832AAF4,type:buvid,alias:umeng:devXY277FF2DFB139F19721118D30677E832AAF4
09-01 18:15:24.327   777  1505 D UPush.Track: addAlias: <devXY277FF2DFB139F19721118D30677E832AAF4, buvid> has been synced to the server before. Ignore this request
09-01 18:15:24.344   777  1505 I Umeng   : [UPush-4] buvid: alias:devXY277FF2DFB139F19721118D30677E832AAF4
09-01 18:15:24.390   777  1679 I cn.missevan: Thread[104,tid=1679,Native,Thread*=0x71db036000,peer=0x15935e00,"glide-source-thread-0"] recursive attempt to load library "/data/app/cn.missevan-XMNTk_VN62XeIUUIm9Lakg==/lib/arm64/libglide-webp.so"
09-01 18:15:24.410   777   801 I cn.missevan: Background concurrent copying GC freed 324450(18MB) AllocSpace objects, 56(6MB) LOS objects, 49% free, 18MB/37MB, paused 215us total 111.437ms
09-01 18:15:24.422   777   798 W System  : A resource failed to call close.
09-01 18:15:24.478   717   717 I SurfaceFlinger: FPS: 33
09-01 18:15:24.502   777   777 V HotfixManager: [main] try to start patch info update
09-01 18:15:24.554  1581  1581 W tomator2.serve: Accessing hidden method Landroid/app/Instrumentation;->execStartActivity(Landroid/content/Context;Landroid/os/IBinder;Landroid/os/IBinder;Landroid/app/Activity;Landroid/content/Intent;ILandroid/os/Bundle;)Landroid/app/Instrumentation$ActivityResult; (light greylist, linking)
09-01 18:15:24.554  1581  1581 W tomator2.serve: Accessing hidden method Landroid/app/Instrumentation;->execStartActivity(Landroid/content/Context;Landroid/os/IBinder;Landroid/os/IBinder;Ljava/lang/String;Landroid/content/Intent;ILandroid/os/Bundle;)Landroid/app/Instrumentation$ActivityResult; (light greylist, linking)
09-01 18:15:24.598  1581  1581 I MonitoringInstr: Instrumentation started!
09-01 18:15:24.606  1581  1581 I MonitoringInstr: Setting context classloader to 'dalvik.system.PathClassLoader[DexPathList[[zip file "/system/framework/android.test.runner.jar", zip file "/system/framework/android.test.mock.jar", zip file "/data/app/io.appium.uiautomator2.server.test-K07vq4ZhCm4h6eWbq7B8og==/base.apk", zip file "/data/app/io.appium.uiautomator2.server-hU_If1ssmYNlALRcrtEGLw==/base.apk"],nativeLibraryDirectories=[/data/app/io.appium.uiautomator2.server.test-K07vq4ZhCm4h6eWbq7B8og==/lib/arm64, /data/app/io.appium.uiautomator2.server-hU_If1ssmYNlALRcrtEGLw==/lib/arm64, /system/lib64]]]', Original: 'dalvik.system.PathClassLoader[DexPathList[[zip file "/system/framework/android.test.runner.jar", zip file "/system/framework/android.test.mock.jar", zip file "/data/app/io.appium.uiautomator2.server.test-K07vq4ZhCm4h6eWbq7B8og==/base.apk", zip file "/data/app/io.appium.uiautomator2.server-hU_If1ssmYNlALRcrtEGLw==/base.apk"],nativeLibraryDirectories=[/data/app/io.appium.uiautomator2.server.test-K07vq4ZhCm4h6eWbq7B8og==/lib/arm64, /data/app/io.appium.uiautomator2.server-hU_If1ssmYNlALRcrtEGLw==/lib/arm64, /system/lib64]]]'
09-01 18:15:24.613  1581  1581 I MonitoringInstr: No JSBridge.
09-01 18:15:24.616  1581  1687 I MonitoringInstr: Setting context classloader to 'dalvik.system.PathClassLoader[DexPathList[[zip file "/system/framework/android.test.runner.jar", zip file "/system/framework/android.test.mock.jar", zip file "/data/app/io.appium.uiautomator2.server.test-K07vq4ZhCm4h6eWbq7B8og==/base.apk", zip file "/data/app/io.appium.uiautomator2.server-hU_If1ssmYNlALRcrtEGLw==/base.apk"],nativeLibraryDirectories=[/data/app/io.appium.uiautomator2.server.test-K07vq4ZhCm4h6eWbq7B8og==/lib/arm64, /data/app/io.appium.uiautomator2.server-hU_If1ssmYNlALRcrtEGLw==/lib/arm64, /system/lib64]]]', Original: 'dalvik.system.PathClassLoader[DexPathList[[zip file "/system/framework/android.test.runner.jar", zip file "/system/framework/android.test.mock.jar", zip file "/data/app/io.appium.uiautomator2.server.test-K07vq4ZhCm4h6eWbq7B8og==/base.apk", zip file "/data/app/io.appium.uiautomator2.server-hU_If1ssmYNlALRcrtEGLw==/base.apk"],nativeLibraryDirectories=[/data/app/io.appium.uiautomator2.server.test-K07vq4ZhCm4h6eWbq7B8og==/lib/arm64, /data/app/io.appium.uiautomator2.server-hU_If1ssmYNlALRcrtEGLw==/lib/arm64, /system/lib64]]]'
09-01 18:15:24.646  1581  1687 I UsageTrackerFacilitator: Usage tracking enabled
09-01 18:15:24.652  1581  1687 I TestRequestBuilder: Scanning classpath to find tests in paths [/data/app/io.appium.uiautomator2.server.test-K07vq4ZhCm4h6eWbq7B8og==/base.apk]
09-01 18:15:24.657  1581  1687 W tomator2.serve: Opening an oat file without a class loader. Are you using the deprecated DexFile APIs?
09-01 18:15:24.814   777  1683 D config.Worker: config,ver: null
09-01 18:15:24.814   777  1683 D ab.Worker: ab,ver: null
09-01 18:15:24.822   777   777 E MissEvanHotfixReporterImpl: [main] report: description: patch not need to update, internal_version: 5070300, result_code: 10108, patch_md5: none, process_name: cn.missevan, manufacturer: vivo, env: prod,
09-01 18:15:24.825   777   777 I neuron.api: [main]
09-01 18:15:24.992 31141 31141 E adbd    : failed to connect to socket 'tcp:6790': Connection refused
09-01 18:15:25.410 20054 20146 D VMS_SDK_DB: insert:1
09-01 18:15:25.494   717   717 I SurfaceFlinger: FPS: 11
09-01 18:15:25.514  1581  1687 D TestExecutor: Adding listener androidx.test.internal.runner.listener.LogRunListener
09-01 18:15:25.515  1581  1687 D TestExecutor: Adding listener androidx.test.internal.runner.listener.InstrumentationResultPrinter
09-01 18:15:25.515  1581  1687 D TestExecutor: Adding listener androidx.test.internal.runner.listener.ActivityFinisherRunListener
09-01 18:15:25.519  1581  1687 I TestRunner: run started: 1 tests
09-01 18:15:25.525  1581  1687 I TestRunner: started: startServer(io.appium.uiautomator2.server.test.AppiumUiAutomator2Server)
09-01 18:15:25.530  1581  1581 I MonitoringInstr: Activities that are still in CREATED to STOPPED: 0
09-01 18:15:25.534  1581  1687 I appium  : [AppiumUiAutomator2Server] Starting Server
09-01 18:15:25.757  1519  1519 I Perf    : Connecting to perf service.
09-01 18:15:25.775  1519  1519 D Tinker.TinkerLoader: tryLoad test test
09-01 18:15:25.778  1724  7979 D PackageManager: package:10602 check permission,PERMISSION_GRANTED
09-01 18:15:25.779  1519  1519 W Tinker.TinkerLoader: tryLoadPatchFiles:patch dir not exist:/data/user/0/cn.missevan/tinker
09-01 18:15:25.839   777  1090 D LeakCanary: Setting up flushing for Thread[CrashCaptureManager,5,main]
09-01 18:15:25.840  1519  1519 D Tinker.DefaultAppLike: onBaseContextAttached:
09-01 18:15:25.841   777  1090 D LeakCanary: Setting up flushing for Thread[FrameMetricsAggregator,5,main]
09-01 18:15:25.539  1724  2178 I chatty  : uid=1000(system) AutobacklightTh identical 9 lines
09-01 18:15:25.842   777  1090 D LeakCanary: Setting up flushing for Thread[BiliCrInit,5,main]
09-01 18:15:25.842  1724  7979 D PackageManager: package:1000 check permission,PERMISSION_GRANTED
09-01 18:15:25.842   777  1090 D LeakCanary: Setting up flushing for Thread[thread_report,5,main]
09-01 18:15:25.843  1724  7979 D PackageManager: package:1000 check permission,PERMISSION_GRANTED
09-01 18:15:25.844  1519  1519 I MultiDex: VM with version 2.1.0 has multidex support
09-01 18:15:25.844  1519  1519 I MultiDex: Installing application
09-01 18:15:25.844  1519  1519 I MultiDex: VM has multidex support, MultiDex support library is disabled.
09-01 18:15:25.877  1724  1855 I ActivityManager: Start proc 1700:cn.missevan:stats/u0a602 for service cn.missevan/com.bilibili.lib.neuron.internal.NeuronRemoteService
09-01 18:15:25.884  1700  1700 I .missevan:stat: Late-enabling -Xcheck:jni
09-01 18:15:25.909  1724  2233 E TaskPersister: File error accessing recents directory (directory doesn't exist?).
09-01 18:15:25.933  1724  7979 D PackageManager: package:10602 check permission,PERMISSION_GRANTED
09-01 18:15:25.934  1519  1519 D Tinker.DefaultAppLike: onCreate
09-01 18:15:25.964  1724  7979 D CompatibilityInfo: mCompatibilityFlags - 0
09-01 18:15:25.964  1724  7979 D CompatibilityInfo: applicationDensity - 480
09-01 18:15:25.964  1724  7979 D CompatibilityInfo: applicationScale - 1.0
09-01 18:15:25.966  1724  7979 D CompatibilityInfo: mCompatibilityFlags - 0
09-01 18:15:25.966  1724  7979 D CompatibilityInfo: applicationDensity - 480
09-01 18:15:25.966  1724  7979 D CompatibilityInfo: applicationScale - 1.0
09-01 18:15:25.975  1724  7979 D CompatibilityInfo: mCompatibilityFlags - 0
09-01 18:15:25.975  1724  7979 D CompatibilityInfo: applicationDensity - 480
09-01 18:15:25.975  1724  7979 D CompatibilityInfo: applicationScale - 1.0
09-01 18:15:26.005 31141 31141 E adbd    : failed to connect to socket 'tcp:6790': Connection refused
09-01 18:15:26.020  1700  1700 I .missevan:stat: The ClassLoaderContext is a special shared library.
09-01 18:15:26.142  1519  1519 W n:player.singl: Accessing hidden method Landroid/app/ActivityThread;->currentApplication()Landroid/app/Application; (light greylist, linking)
09-01 18:15:26.251  1560  1560 I Perf    : Connecting to perf service.
09-01 18:15:26.269  1560  1560 D Tinker.TinkerLoader: tryLoad test test
09-01 18:15:26.272  1724  2101 D PackageManager: package:10602 check permission,PERMISSION_GRANTED
09-01 18:15:26.274  1560  1560 W Tinker.TinkerLoader: tryLoadPatchFiles:patch dir not exist:/data/user/0/cn.missevan/tinker
09-01 18:15:26.277  1724  2101 D PackageManager: package:10602 check permission,PERMISSION_GRANTED
09-01 18:15:26.299  1519  1732 D SentryLog: [pool-3-thread-1] SU isn't found on this Device.
09-01 18:15:26.306  1724  2101 D PackageManager: package:10602 check permission,PERMISSION_GRANTED
09-01 18:15:26.326  1560  1560 D Tinker.DefaultAppLike: onBaseContextAttached:
09-01 18:15:26.329  1724  2101 I chatty  : uid=1000(system) Binder:1724_3 identical 4 lines
09-01 18:15:26.318  1519  1519 W pool-3-thread-1: type=1400 audit(0.0:78327): avc: denied { read } for name="version" dev="proc" ino=4026532090 scontext=u:r:untrusted_app:s0:c90,c258,c512,c768 tcontext=u:object_r:proc_version:s0 tclass=file permissive=0
09-01 18:15:26.330  1560  1560 I MultiDex: VM with version 2.1.0 has multidex support
09-01 18:15:26.330   777   777 I SplashFragment: [main] Delay times up, mHasRunLaunchMain: true
09-01 18:15:26.330  1560  1560 I MultiDex: Installing application
09-01 18:15:26.330  1560  1560 I MultiDex: VM has multidex support, MultiDex support library is disabled.
09-01 18:15:26.335  1519  1519 I SentryLog: [main] Initializing SDK with DSN: 'https://8e68e4623f6348b0b9984471d41e3e2d@sentry.missevan.com/2'
09-01 18:15:26.340  1519  1519 I SentryLog: [main] GlobalHubMode: 'true'
09-01 18:15:26.371  1519  1519 D SentryLog: [main] UncaughtExceptionHandlerIntegration enabled: true
09-01 18:15:26.373  1519  1519 D SentryLog: [main] default UncaughtExceptionHandler class='xcrash.i'
09-01 18:15:26.374  1519  1519 D SentryLog: [main] UncaughtExceptionHandlerIntegration installed.
09-01 18:15:26.376  1519  1519 D SentryLog: [main] ShutdownHookIntegration installed.
09-01 18:15:26.380  1519  1519 D SentryLog: [main] SendCachedEventFireAndForgetIntegration installed.
09-01 18:15:26.382  1519  1519 D SentryLog: [main] NdkIntegration enabled: true
09-01 18:15:26.382  1519  1735 D SentryLog: [pool-2-thread-1] Started processing cached files from /data/user/0/cn.missevan/cache/sentry
09-01 18:15:26.383  1519  1519 I sentry-native: using database path "/data/data/cn.missevan/cache/sentry/.sentry-native"
09-01 18:15:26.384  1519  1519 D sentry-native: starting backend
09-01 18:15:26.386  1519  1519 D SentryLog: [main] NdkIntegration installed.
09-01 18:15:26.387  1519  1519 D SentryLog: [main] Registering EnvelopeFileObserverIntegration for path: /data/user/0/cn.missevan/cache/sentry/outbox
09-01 18:15:26.391  1519  1519 D SentryLog: [main] EnvelopeFileObserverIntegration installed.
09-01 18:15:26.392  1519  1735 D SentryLog: [pool-2-thread-1] Processing dir. /data/user/0/cn.missevan/cache/sentry
09-01 18:15:26.393  1519  1519 D SentryLog: [main] SendCachedEventFireAndForgetIntegration installed.
09-01 18:15:26.394  1519  1519 D SentryLog: [main] AnrIntegration enabled: true
09-01 18:15:26.396  1519  1519 D SentryLog: [main] ANR timeout in milliseconds: 5000
09-01 18:15:26.398  1519  1519 D SentryLog: [main] AnrIntegration installed.
09-01 18:15:26.400  1519  1519 D SentryLog: [main] enableSessionTracking enabled: true
09-01 18:15:26.400  1519  1735 D SentryLog: [pool-2-thread-1] Processing 1 items from cache dir /data/user/0/cn.missevan/cache/sentry
09-01 18:15:26.401  1519  1519 D SentryLog: [main] enableAppLifecycleBreadcrumbs enabled: true
09-01 18:15:26.405  1519  1735 D SentryLog: [pool-2-thread-1] File /data/user/0/cn.missevan/cache/sentry/outbox is not a File.
09-01 18:15:26.411  1519  1735 D SentryLog: [pool-2-thread-1] Processing file: /data/user/0/cn.missevan/cache/sentry/session.json
09-01 18:15:26.412  1519  1519 D SentryLog: [main] AppLifecycleIntegration installed.
09-01 18:15:26.413  1519  1519 D SentryLog: [main] ActivityLifecycleIntegration enabled: true
09-01 18:15:26.414  1519  1519 D SentryLog: [main] ActivityLifecycleIntegration installed.
09-01 18:15:26.414  1519  1735 D SentryLog: [pool-2-thread-1] File '/data/user/0/cn.missevan/cache/sentry/session.json' doesn't match extension expected.
09-01 18:15:26.416  1519  1519 D SentryLog: [main] UserInteractionIntegration enabled: true
09-01 18:15:26.417  1519  1519 D SentryLog: [main] UserInteractionIntegration installed.
09-01 18:15:26.418  1519  1735 D SentryLog: [pool-2-thread-1] File /data/user/0/cn.missevan/cache/sentry/.sentry-native is not a File.
09-01 18:15:26.418  1519  1519 D SentryLog: [main] AppComponentsBreadcrumbsIntegration enabled: true
09-01 18:15:26.419  1724  2101 D PackageManager: package:10602 check permission,PERMISSION_GRANTED
09-01 18:15:26.420  1519  1519 D SentryLog: [main] AppComponentsBreadcrumbsIntegration installed.
09-01 18:15:26.420  1560  1560 D Tinker.DefaultAppLike: onCreate
09-01 18:15:26.421  1519  1519 D SentryLog: [main] SystemEventsBreadcrumbsIntegration enabled: true
09-01 18:15:26.421  1519  1735 D SentryLog: [pool-2-thread-1] Processing file: /data/user/0/cn.missevan/cache/sentry/c431217d-b405-4d00-994f-d90450814d5b.envelope
09-01 18:15:26.426  1519  1519 D SentryLog: [main] SystemEventsBreadcrumbsIntegration installed.
09-01 18:15:26.427  1519  1519 D SentryLog: [main] enableSystemEventsBreadcrumbs enabled: true
09-01 18:15:26.437  1519  1519 I SentryLog: [main] TYPE_AMBIENT_TEMPERATURE is not available.
09-01 18:15:26.438  1519  1519 D SentryLog: [main] enableSystemEventBreadcrumbs enabled: true
09-01 18:15:26.439  1519  1735 D SentryLog: [pool-2-thread-1] Captured Envelope is already cached
09-01 18:15:26.440  1519  1519 D SentryLog: [main] FragmentLifecycleIntegration installed.
09-01 18:15:26.452  1519  1739 D NetworkSecurityConfig: Using Network Security Config from resource g debugBuild: true
09-01 18:15:26.455  1519  1739 I DpmTcmClient: RegisterTcmMonitor from: $Proxy0
09-01 18:15:26.503   777  1230 W cn.missevan: resources.arsc in APK '/data/app/com.tencent.qqmusic-7yfU51SHyq1156g9ETanhw==/base.apk' is compressed.
09-01 18:15:26.535  1581  1687 I appium  : Starting MJPEG Server
09-01 18:15:26.344  1724  2178 I chatty  : uid=1000(system) AutobacklightTh identical 2 lines
09-01 18:15:26.560   717   717 I SurfaceFlinger: FPS: 11
09-01 18:15:26.560   777  1230 W cn.missevan: resources.arsc in APK '/data/app/com.netease.cloudmusic-yTW54XD6sZDHzUdeEdncfA==/base.apk' is compressed.
09-01 18:15:26.562  1724  1724 V SettingsProvider: Notifying for 0: content://settings/secure/accessibility_enabled
09-01 18:15:26.563  1724  1724 V SettingsProvider: Notifying for 999: content://settings/secure/accessibility_enabled
09-01 18:15:26.589  1581  1687 I appium  : MJPEG Server started
09-01 18:15:26.594  1724  7979 D PackageManager: package:10018 check permission,PERMISSION_GRANTED
09-01 18:15:26.596  1724  1724 D AudioService: Accessibility volume enabled = false
09-01 18:15:26.598  1581  1754 I appium  : ServerSocket created on port 7810
09-01 18:15:26.625  1581  1687 I appium  : AndroidServer created on port 6790
09-01 18:15:26.626  1581  1687 I appium  : io.appium.uiautomator2.server started:
09-01 18:15:26.629  1724  7979 D PowerManagerService: acquireWakeLockInternal: lock=116425609, flags=0x6, tag="UiAutomator2:ScreenKeeper", ws=null, uid=10144, pid=1581
09-01 18:15:26.637  1581  1761 I appium  : Started UiAutomator2 io.appium.uiautomator2.http io.appium.uiautomator2.server on port 6790
09-01 18:15:26.678  1560  1560 W missevan:playe: Accessing hidden method Landroid/app/ActivityThread;->currentApplication()Landroid/app/Application; (light greylist, linking)
09-01 18:15:26.702   777  1230 W cn.missevan: resources.arsc in APK '/data/app/com.ss.android.ugc.aweme-H_q9rnj-DK8wWjDeyvpyKQ==/base.apk' is compressed.
09-01 18:15:26.715  1519  1739 D SentryLog: [SentryAsyncConnection-0] Envelope sent successfully.
09-01 18:15:26.719  1519  1739 D SentryLog: [SentryAsyncConnection-0] Envelope flushed
09-01 18:15:26.719   777   777 I SplashFragment: [main] Start MainFragment
09-01 18:15:26.720  1519  1739 D SentryLog: [SentryAsyncConnection-0] Marking envelope submission result: true
09-01 18:15:26.723  1519  1735 D SentryLog: [pool-2-thread-1] Deleted file /data/user/0/cn.missevan/cache/sentry/c431217d-b405-4d00-994f-d90450814d5b.envelope.
09-01 18:15:26.726  1519  1735 D SentryLog: [pool-2-thread-1] Finished processing cached files from /data/user/0/cn.missevan/cache/sentry
09-01 18:15:26.728  1519  1735 D SentryLog: [pool-2-thread-1] Started processing cached files from /data/user/0/cn.missevan/cache/sentry/outbox
09-01 18:15:26.729  1519  1735 D SentryLog: [pool-2-thread-1] Processing dir. /data/user/0/cn.missevan/cache/sentry/outbox
09-01 18:15:26.732  1519  1735 D SentryLog: [pool-2-thread-1] Processing 0 items from cache dir /data/user/0/cn.missevan/cache/sentry/outbox
09-01 18:15:26.734  1519  1735 D SentryLog: [pool-2-thread-1] Finished processing cached files from /data/user/0/cn.missevan/cache/sentry/outbox
09-01 18:15:26.745  1519  1519 D NAccs.AccsClientConfig:  build config:AccsClientConfig{mAppKey='umeng:546d7dd7fd98c58fc800082c', mAppSecret='64e8358a59d434e5546720db97ab5996', mInappHost='umengacs.m.taobao.com', mChannelHost='umengjmacs.m.taobao.com', mStoreId='', mSecurity=2, mAuthCode='', mInappPubKey=11, mChannelPubKey=11, mKeepalive=true, mAutoUnit=false, mTag='default', mConfigEnv=0, mDisableChannel=false, mQuickReconnect=false, mAccsHeartbeatEnable=false, mPullUpEnable=false, mForePingEnable=false, mPingTimeout=0}
09-01 18:15:26.745  1519  1519 W NAccs.AccsClientConfig:  build conver old config:AccsClientConfig{mAppKey='umeng:546d7dd7fd98c58fc800082c', mAppSecret='64e8358a59d434e5546720db97ab5996', mInappHost='umengacs.m.taobao.com', mChannelHost='umengjmacs.m.taobao.com', mStoreId='', mSecurity=2, mAuthCode='', mInappPubKey=-1, mChannelPubKey=-1, mKeepalive=true, mAutoUnit=true, mTag='default', mConfigEnv=0, mDisableChannel=false, mQuickReconnect=false, mAccsHeartbeatEnable=false, mPullUpEnable=true, mForePingEnable=false, mPingTimeout=0}
09-01 18:15:26.745  1519  1519 D NAccs.ACCSClient:  init config:AccsClientConfig{mAppKey='umeng:546d7dd7fd98c58fc800082c', mAppSecret='64e8358a59d434e5546720db97ab5996', mInappHost='umengacs.m.taobao.com', mChannelHost='umengjmacs.m.taobao.com', mStoreId='', mSecurity=2, mAuthCode='', mInappPubKey=11, mChannelPubKey=11, mKeepalive=true, mAutoUnit=false, mTag='default', mConfigEnv=0, mDisableChannel=false, mQuickReconnect=false, mAccsHeartbeatEnable=false, mPullUpEnable=false, mForePingEnable=false, mPingTimeout=0}
09-01 18:15:26.747  1519  1519 D UPush.Impl: appkey:546d7dd7fd98c58fc800082c secret:64e8358a59d434e5546720db97ab5996
09-01 18:15:26.751  1519  1772 I NAccs.TaobaoRegister:  register appKey:umeng:546d7dd7fd98c58fc800082c configTag:default
09-01 18:15:26.752  1519  1772 D NAccs.Config:  setAgooAppKey appkey:umeng:546d7dd7fd98c58fc800082c
09-01 18:15:26.753  1519  1772 D NAccs.Config:  setAgooMessageSecret secret:64e8358a59d434e5546720db97ab5996
09-01 18:15:26.759  1519  1772 D NAccs.ACCSManager:  getAccsInstance key:default|0
09-01 18:15:26.770  1581  1763 W tomator2.serve: Accessing hidden field Ljava/nio/Buffer;->address:J (light greylist, reflection)
09-01 18:15:26.770  1581  1763 W tomator2.serve: Accessing hidden field Lsun/misc/Unsafe;->theUnsafe:Lsun/misc/Unsafe; (light greylist, reflection)
09-01 18:15:26.795   777   777 D LeakCanary: Watching instance of skin.support.constraint.SkinCompatConstraintLayout (cn.missevan.view.fragment.SplashFragment received Fragment#onDestroyView() callback (references to its views should be cleared to prevent leaks)) with key 0d2dd88d-a73d-407d-b2e8-9645383c7c7b
09-01 18:15:26.796   777   777 D LeakCanary: Watching instance of androidx.loader.app.LoaderManagerImpl$LoaderViewModel (androidx.loader.app.LoaderManagerImpl$LoaderViewModel received ViewModel#onCleared() callback) with key 8fec2daf-b71c-4367-8b65-897e19985c17
09-01 18:15:26.797   777   777 D LeakCanary: Watching instance of leakcanary.internal.ViewModelClearedWatcher (leakcanary.internal.ViewModelClearedWatcher received ViewModel#onCleared() callback) with key 054ddb25-e25a-4ca0-a01e-399785a5a99b
09-01 18:15:26.797   777   777 D LeakCanary: Watching instance of androidx.loader.app.LoaderManagerImpl$LoaderViewModel (androidx.loader.app.LoaderManagerImpl$LoaderViewModel received ViewModel#onCleared() callback) with key 5ae090b3-45da-4e84-b05a-c890e38f8a4d
09-01 18:15:26.797   777   777 D LeakCanary: Watching instance of leakcanary.internal.ViewModelClearedWatcher (leakcanary.internal.ViewModelClearedWatcher received ViewModel#onCleared() callback) with key 34a76d57-8710-4ce4-9743-9641f6050de3
09-01 18:15:26.799   777   777 D LeakCanary: Watching instance of com.bumptech.glide.manager.SupportRequestManagerFragment (com.bumptech.glide.manager.SupportRequestManagerFragment received Fragment#onDestroy() callback) with key 25032c1f-a5c5-4b94-89d5-a334a771f42b
09-01 18:15:26.801   777   777 D LeakCanary: Watching instance of cn.missevan.view.fragment.SplashFragment (cn.missevan.view.fragment.SplashFragment received Fragment#onDestroy() callback) with key fd85834d-4b23-45a7-837e-2ea001530361
09-01 18:15:26.809  1519  1772 D NAccs.MsgRecv_default:  message file not exist
09-01 18:15:26.810  1519  1772 D NAccs.InAppConn_default:  new connection
09-01 18:15:26.816  1724  1724 V SettingsProvider: Notifying for 0: content://settings/system/vivo_fullscreen_flag
09-01 18:15:26.827  1519  1772 I NAccs.Utils:  isMainProcess result:false
09-01 18:15:26.833  1519  1772 I NAccs.ACCSMgrImpl_default:  bindApp appKey:umeng:546d7dd7fd98c58fc800082c
09-01 18:15:26.838  1519  1772 D NAccs.UtilityImpl:  enableService comptName:ComponentInfo{cn.missevan/com.taobao.accs.ChannelService}
09-01 18:15:26.838  1724  7979 W PackageManager: setEnabledSetting  packageName:cn.missevan className:com.taobao.accs.ChannelService newState:1 userId:0 callingPackage:null
09-01 18:15:26.850  1724  7979 D PackageManager: package:10602 check permission,PERMISSION_GRANTED
09-01 18:15:26.852  1519  1783 D NAccs.FileCheckUtils:  st.getAvailableBlocks()=2638522,st.getAvailableBlocks() * blockSize=10807386112
09-01 18:15:26.855  1519  1772 W NAccs.ACCSMgrImpl_default:  bindApp only allow in main process
09-01 18:15:26.856   777   777 I MainFragment: [main] onCreateView
09-01 18:15:26.869  1519  1519 W n:player.singl: Accessing hidden method Ldalvik/system/CloseGuard;->get()Ldalvik/system/CloseGuard; (light greylist, reflection)
09-01 18:15:26.869  1519  1519 W n:player.singl: Accessing hidden method Ldalvik/system/CloseGuard;->open(Ljava/lang/String;)V (light greylist, reflection)
09-01 18:15:26.869  1519  1519 W n:player.singl: Accessing hidden method Ldalvik/system/CloseGuard;->warnIfOpen()V (light greylist, reflection)
09-01 18:15:26.878  1560  1788 D SentryLog: [pool-3-thread-1] SU isn't found on this Device.
09-01 18:15:26.886  1724  2879 D PackageManager: package:10602 check permission,PERMISSION_GRANTED
09-01 18:15:26.904  1724  2879 I chatty  : uid=1000(system) Binder:1724_9 identical 4 lines
09-01 18:15:26.898  1560  1560 W pool-3-thread-1: type=1400 audit(0.0:78328): avc: denied { read } for name="version" dev="proc" ino=4026532090 scontext=u:r:untrusted_app:s0:c90,c258,c512,c768 tcontext=u:object_r:proc_version:s0 tclass=file permissive=0
09-01 18:15:26.913  1560  1560 I SentryLog: [main] Initializing SDK with DSN: 'https://8e68e4623f6348b0b9984471d41e3e2d@sentry.missevan.com/2'
09-01 18:15:26.919  1560  1560 I SentryLog: [main] GlobalHubMode: 'true'
09-01 18:15:26.921   777  1230 W cn.missevan: resources.arsc in APK '/data/app/com.sohu.inputmethod.sogou.vivo-yMVtgCaRNquGk3avhhMc6w==/base.apk' is compressed.
09-01 18:15:26.946   717   805 E         : IProducerListener: malformed binder reply
09-01 18:15:26.960  1560  1560 D SentryLog: [main] UncaughtExceptionHandlerIntegration enabled: true
09-01 18:15:26.962  1560  1560 D SentryLog: [main] default UncaughtExceptionHandler class='xcrash.i'
09-01 18:15:26.965  1560  1560 D SentryLog: [main] UncaughtExceptionHandlerIntegration installed.
09-01 18:15:26.968  1560  1560 D SentryLog: [main] ShutdownHookIntegration installed.
09-01 18:15:26.973  1560  1560 D SentryLog: [main] SendCachedEventFireAndForgetIntegration installed.
09-01 18:15:26.976  1560  1560 D SentryLog: [main] NdkIntegration enabled: true
09-01 18:15:26.978  1560  1560 I sentry-native: using database path "/data/data/cn.missevan/cache/sentry/.sentry-native"
09-01 18:15:26.979  1560  1560 D sentry-native: starting backend
09-01 18:15:26.982  1560  1560 D SentryLog: [main] NdkIntegration installed.
09-01 18:15:26.985  1560  1560 D SentryLog: [main] Registering EnvelopeFileObserverIntegration for path: /data/user/0/cn.missevan/cache/sentry/outbox
09-01 18:15:26.988   777  1230 W cn.missevan: resources.arsc in APK '/data/app/com.ss.android.ugc.aweme.lite-p95S6OhdXKBaCx69ro3IxA==/base.apk' is compressed.
09-01 18:15:26.991  1560  1560 D SentryLog: [main] EnvelopeFileObserverIntegration installed.
09-01 18:15:26.993  1560  1792 D SentryLog: [pool-2-thread-1] Started processing cached files from /data/user/0/cn.missevan/cache/sentry
09-01 18:15:26.994  1560  1560 D SentryLog: [main] SendCachedEventFireAndForgetIntegration installed.
09-01 18:15:26.996  1560  1560 D SentryLog: [main] AnrIntegration enabled: true
09-01 18:15:26.997  1560  1792 D SentryLog: [pool-2-thread-1] Processing dir. /data/user/0/cn.missevan/cache/sentry
09-01 18:15:26.999  1560  1560 D SentryLog: [main] ANR timeout in milliseconds: 5000
09-01 18:15:27.002  1560  1792 D SentryLog: [pool-2-thread-1] Processing 0 items from cache dir /data/user/0/cn.missevan/cache/sentry
09-01 18:15:27.003  1560  1560 D SentryLog: [main] AnrIntegration installed.
09-01 18:15:27.004  1560  1792 D SentryLog: [pool-2-thread-1] File /data/user/0/cn.missevan/cache/sentry/outbox is not a File.
09-01 18:15:27.005  1560  1792 D SentryLog: [pool-2-thread-1] Processing file: /data/user/0/cn.missevan/cache/sentry/session.json
09-01 18:15:27.005  1560  1560 D SentryLog: [main] enableSessionTracking enabled: true
09-01 18:15:27.007  1560  1792 D SentryLog: [pool-2-thread-1] File '/data/user/0/cn.missevan/cache/sentry/session.json' doesn't match extension expected.
09-01 18:15:27.007  1560  1560 D SentryLog: [main] enableAppLifecycleBreadcrumbs enabled: true
09-01 18:15:27.008  1560  1792 D SentryLog: [pool-2-thread-1] File /data/user/0/cn.missevan/cache/sentry/.sentry-native is not a File.
09-01 18:15:27.011  1560  1792 D SentryLog: [pool-2-thread-1] Finished processing cached files from /data/user/0/cn.missevan/cache/sentry
09-01 18:15:27.011  1519  1519 D PlayApplication: [main] PlayApplication onCreate.
09-01 18:15:27.014  1560  1792 D SentryLog: [pool-2-thread-1] Started processing cached files from /data/user/0/cn.missevan/cache/sentry/outbox
09-01 18:15:27.016  1560  1792 D SentryLog: [pool-2-thread-1] Processing dir. /data/user/0/cn.missevan/cache/sentry/outbox
09-01 18:15:27.021  1560  1792 D SentryLog: [pool-2-thread-1] Processing 0 items from cache dir /data/user/0/cn.missevan/cache/sentry/outbox
09-01 18:15:27.023  1560  1792 D SentryLog: [pool-2-thread-1] Finished processing cached files from /data/user/0/cn.missevan/cache/sentry/outbox
09-01 18:15:27.023  1560  1560 D SentryLog: [main] AppLifecycleIntegration installed.
09-01 18:15:27.025  1560  1560 D SentryLog: [main] ActivityLifecycleIntegration enabled: true
09-01 18:15:27.028  1560  1560 D SentryLog: [main] ActivityLifecycleIntegration installed.
09-01 18:15:27.030  1560  1560 D SentryLog: [main] UserInteractionIntegration enabled: true
09-01 18:15:27.035  1560  1560 D SentryLog: [main] UserInteractionIntegration installed.
09-01 18:15:27.037  1560  1560 D SentryLog: [main] AppComponentsBreadcrumbsIntegration enabled: true
09-01 18:15:27.039  1560  1560 D SentryLog: [main] AppComponentsBreadcrumbsIntegration installed.
09-01 18:15:27.041  1560  1560 D SentryLog: [main] SystemEventsBreadcrumbsIntegration enabled: true
09-01 18:15:27.047  1724  7979 D PackageManager: package:10602 check permission,PERMISSION_GRANTED
09-01 18:15:27.048  1560  1560 D SentryLog: [main] SystemEventsBreadcrumbsIntegration installed.
09-01 18:15:27.050  1560  1560 D SentryLog: [main] enableSystemEventsBreadcrumbs enabled: true
09-01 18:15:27.070  1560  1560 I SentryLog: [main] TYPE_AMBIENT_TEMPERATURE is not available.
09-01 18:15:27.072  1560  1560 D SentryLog: [main] enableSystemEventBreadcrumbs enabled: true
09-01 18:15:27.073   777  1693 D config.Worker: config,ver: null
09-01 18:15:27.074   777  1693 D ab.Worker: ab,ver: null
09-01 18:15:27.074   777  1693 W ConfigManager.DefaultFactory: Unexpected: Response{protocol=h2, code=404, message=, url=https://i0.hdslb.com/bfs/fawkes/config/prod/android_missevan.zip}
09-01 18:15:27.074  1560  1560 D SentryLog: [main] FragmentLifecycleIntegration installed.
09-01 18:15:27.104  1581  1799 I appium  : channel read: GET /wd/hub/status
09-01 18:15:27.108  1581  1799 I appium  : Status command
09-01 18:15:27.142  1519  1519 I MissEvanApplication: [main] current process: cn.missevan:player.single
09-01 18:15:27.151 13770 14382 E memtrack: Couldn't load memtrack module
09-01 18:15:27.151 13770 14382 W android.os.Debug: failed to get memory consumption info: -1
09-01 18:15:27.158  1581  1799 I appium  : AppiumResponse: {"sessionId":"None","value":{"message":"UiAutomator2 Server is ready to accept commands","ready":true}}
09-01 18:15:27.164  1519  1519 D BLOG-EVENT-Network: network changed: 3=>1
09-01 18:15:27.180  1519  1519 W LaserActionExecutor: [main] actionClass map is null
09-01 18:15:27.180  1581  1799 I appium  : channel read: POST /wd/hub/session
09-01 18:15:27.183  1581  1799 I appium  : NewSession command
09-01 18:15:27.206  1581  1799 W tomator2.serve: Accessing hidden field Landroid/app/UiAutomation;->mOnAccessibilityEventListener:Landroid/app/UiAutomation$OnAccessibilityEventListener; (dark greylist, reflection)
09-01 18:15:27.207  1581  1799 I appium  : Created the new session with SessionID: c75b9400-5e83-45e8-99a3-2a2db5d8668d
09-01 18:15:27.213  1519  1519 V HotfixPatchListener: [main] application maxMemory:256
