09-01 18:15:21.599   777  1258 I awcn.StrategyInfoHolder:  restore
09-01 18:15:21.607   777   777 D LeakCanary: Updated LeakCanary.config: Config(iFb=cn.missevan.utils.MemoryLeakReporter@88c1bef)
09-01 18:15:21.620   777   777 D PlayApplication: [main] PlayApplication onCreate.
09-01 18:15:21.652   777  1258 I awcn.SerializeHelper:  restore end. file:/data/user/0/cn.missevan/files/awcn_strategy/WIFI$d41d8cd98f00b204e9800998ecf8427e size:3843 cost:49
09-01 18:15:21.653   777  1258 I awcn.StrategyTable:  strategy map size:2
09-01 18:15:21.669   777  1258 I awcn.SerializeHelper:  restore end. file:/data/user/0/cn.missevan/files/awcn_strategy/StrategyConfig size:1387 cost:14
09-01 18:15:21.670   777  1258 I awcn.AmdcThreadPoolExecutor:  thread created! name:AMDC1
09-01 18:15:21.671   777  1258 I awcn.StrategyTable:  strategy map size:2
09-01 18:15:21.672   777  1258 I awcn.StrategyCenter:  StrategyCenter initialize finished.
09-01 18:15:21.672   777  1296 I awcn.StrategyInfoHolder:  start loading strategy files
09-01 18:15:21.672   777  1296 I awcn.StrategyInfoHolder:  end loading strategy files total cost:0
09-01 18:15:21.683   777  1258 I awcn.NetworkDetector:  registerListener
09-01 18:15:21.684   777  1258 E awcn.StrategyCenter:  registerListener listener:[anet.channel.SessionCenter$a@c445ede]
09-01 18:15:21.685   777  1258 E awcn.Http3ConnDetector:  registerListener http3Enable:false
09-01 18:15:21.685   777  1258 I awcn.Http3ConnDetector:  startDetect http3 global config close.
09-01 18:15:21.685   777  1258 E awcn.StrategyCenter:  registerListener listener:[anet.channel.SessionCenter$a@c445ede, anet.channel.detect.e@bb838bf]
09-01 18:15:21.686   777  1258 E awcn.StrategyCenter:  registerListener listener:[anet.channel.SessionCenter$a@c445ede, anet.channel.detect.e@bb838bf, anet.channel.e.c@b6c42d5]
09-01 18:15:21.686   777  1258 I NAccs.InAppConn_default:  init awcn register new conn protocol host: umengacs.m.taobao.com
09-01 18:15:21.689   777  1258 D awcn.StrategyCenter:  getSchemeByHost host:umengacs.m.taobao.com scheme:https
09-01 18:15:21.690   777  1258 D awcn.SessionCenter: |[seq:umeng:546d7dd7fd98c58fc800082c] getInternal u:https://umengacs.m.taobao.com sessionType:LongLink timeout:0
09-01 18:15:21.690   777  1258 D awcn.StrategyCenter:  getSchemeByHost host:umengacs.m.taobao.com scheme:https
09-01 18:15:21.693   777  1258 D awcn.SessionRequest: |[seq:umeng:546d7dd7fd98c58fc800082c.AWCN1] SessionRequest start host:https://umengacs.m.taobao.com type:1
09-01 18:15:21.695   777  1258 D getConnStrategyListByHost: |[seq:host] umengacs.m.taobao.com:result [{203.119.215.108 443 http2_0rtt_acs}, {203.119.215.108 80 http2_0rtt_acs}, {203.119.215.108 443 spdy_0rtt_acs}, {203.119.215.108 80 spdy_0rtt_acs}, {203.119.205.113 443 http2_0rtt_acs}, {203.119.205.113 80 http2_0rtt_acs}, {203.119.205.113 443 spdy_0rtt_acs}, {203.119.205.113 80 spdy_0rtt_acs}, {203.119.215.108 443 https}, {203.119.205.113 443 https}]
09-01 18:15:21.696   777  1258 D awcn.SessionRequest: |[seq:umeng:546d7dd7fd98c58fc800082c.AWCN1] [getAvailStrategy] strategies:[{203.119.215.108 443 http2_0rtt_acs}, {203.119.215.108 80 http2_0rtt_acs}, {203.119.215.108 443 spdy_0rtt_acs}, {203.119.215.108 80 spdy_0rtt_acs}, {203.119.205.113 443 http2_0rtt_acs}, {203.119.205.113 80 http2_0rtt_acs}, {203.119.205.113 443 spdy_0rtt_acs}, {203.119.205.113 80 spdy_0rtt_acs}]
09-01 18:15:21.703   777  1258 I awcn.SessionRequest: |[seq:umeng:546d7dd7fd98c58fc800082c.AWCN1_1] create connection... Host:https://umengacs.m.taobao.com Type:http2_0rtt_acs IP:203.119.215.108 Port:443 heartbeat:45000 session:Session@[umeng:546d7dd7fd98c58fc800082c.AWCN1_1|http2_0rtt_acs]
09-01 18:15:21.704   777  1258 E awcn.TnetSpdySession: |[seq:umeng:546d7dd7fd98c58fc800082c.AWCN1_1] connect host:https://umengacs.m.taobao.com ip:203.119.215.108 port:443 sessionId:1662027321703 SpdyProtocol,:http2_0rtt_acs proxyIp,: proxyPort,:0
09-01 18:15:21.709   777  1258 E awcn.Session: |[seq:umeng:546d7dd7fd98c58fc800082c.AWCN1_1] notifyStatus status:CONNECTING
09-01 18:15:21.709   777  1258 I NAccs.InAppConn_default:  registerSessionInfo host:umengacs.m.taobao.com
09-01 18:15:21.709   777  1258 I NAccs.InAppConn_default:  initAwcn success!
09-01 18:15:21.709   777  1258 D NAccs.InAppConn_default:  new ClientManager configTag:default
09-01 18:15:21.714   777  1258 I NAccs.ClientManager_default:  restoreClients success mBindStatus:{cn.missevan=2}
09-01 18:15:21.714   777  1258 I NAccs.ClientManager_default:  isAppBinded appStatus:2 mBindStatus:{cn.missevan=2}
09-01 18:15:21.714   777  1258 I NAccs.ACCSMgrImpl_default:  isAppBinded package:cn.missevan
09-01 18:15:21.714   777  1258 D NAccs.MsgRecv_default:  onResult command:1 erorcode:200
09-01 18:15:21.716   777  1258 E NAccs.MsgDistribute:  distribute ready action:com.taobao.accs.intent.action.RECEIVE dataId: serviceId:
09-01 18:15:21.719   777  1258 D NAccs.MsgDistribute:  distribute start appkey:umeng:546d7dd7fd98c58fc800082c config:default
09-01 18:15:21.719   777  1258 D NAccs.MsgDistribute:  handleControlMsg configTag:default dataId: serviceId: command:1 errorCode:200 appReceiver:
09-01 18:15:21.720   777  1258 D NAccs.Config:  getAgooAppKey appkey:umeng:546d7dd7fd98c58fc800082c
09-01 18:15:21.720   777  1258 D NAccs.MsgDistribute:  handleControlMsg agoo receiver onBindApp
09-01 18:15:21.720   777  1258 I NAccs.TaobaoRegister:  onBindApp errorCode:200
09-01 18:15:21.722   777   777 I MissEvanApplication: [main] current process: cn.missevan
09-01 18:15:21.724   777  1258 I NAccs.AgooBindCache:  restoreAgooClients mAgooBindStatus:{cn.missevan=2}
09-01 18:15:21.724   777  1258 I NAccs.AgooBindCache:  isAgooRegistered packageName:cn.missevan appStatus:2 agooBindStatus:{cn.missevan=2}
09-01 18:15:21.732   777  1258 I NAccs.TaobaoRegister:  agoo already Registered return
09-01 18:15:21.733   777  1258 I NAccs.Config:  getDeviceToken token:AmeddEB57dF0tVJAKHAmMfO0VIDdBw5-ptXjao3DpbTH
09-01 18:15:21.733   777  1258 I UPush.Impl: register success. deviceToken:AmeddEB57dF0tVJAKHAmMfO0VIDdBw5-ptXjao3DpbTH
09-01 18:15:21.735   777  1258 I UPush.BaseService: enqueue cls:UmengMessageHandlerService
09-01 18:15:21.735   777  1258 I UPush.BaseService: jobId:21000
09-01 18:15:21.736   777   777 D BLOG-EVENT-Network: network changed: 3=>1
09-01 18:15:21.736 32286  1311 I appium  : channel read: GET /wd/hub/sessions
09-01 18:15:21.739 32286  1311 I appium  : GetSessions command
09-01 18:15:21.739  1724 14407 D CompatibilityInfo: mCompatibilityFlags - 0
09-01 18:15:21.739  1724 14407 D CompatibilityInfo: applicationDensity - 480
09-01 18:15:21.739  1724 14407 D CompatibilityInfo: applicationScale - 1.0
09-01 18:15:21.741   777  1258 E NAccs.MsgDistribute:  handBroadCastMsg command:1
09-01 18:15:21.741   777  1258 W NAccs.MsgDistribute:  handBroadCastMsg not handled command
09-01 18:15:21.744   777   777 W LaserActionExecutor: [main] actionClass map is null
09-01 18:15:21.760 32286  1311 I appium  : AppiumResponse: {"sessionId":"None","value":[{"capabilities":{"appPackage":"cn.missevan","networkConnectionEnabled":true,"noReset":true,"warnings":{},"databaseEnabled":false,"deviceName":"e51ac679","platform":"LINUX","deviceUDID":"e51ac679","appActivity":".activity.MainActivity","desired":{"platformName":"Android",
09-01 18:15:21.762   777  1282 E awcn.Session: |[seq:umeng:546d7dd7fd98c58fc800082c.AWCN1_1] notifyStatus status:CONNECTED
09-01 18:15:21.762   777  1282 E NAccs.InAppConn_default:  auth URL:https://umengacs.m.taobao.com/accs/auth?1=YxBs9IHhiKQDAFfj0NajmZNB&2=91634d0be3df47b961868ce72b3925eac008e229e1fb4a3db2de092f457f32d3&3=umeng:546d7dd7fd98c58fc800082c&5=1&6=wifi&7=null&8=1.1.2&9=1662027321688&10=1&11=28&12=cn.missevan&13=5.7.3&14=android@umeng&15=vivo+X21A&16=vivo&17=221&19=0&20=
09-01 18:15:21.763   777   777 V HotfixPatchListener: [main] application maxMemory:256
09-01 18:15:21.769   777  1282 I awcn.TnetSpdySession:   request URL:https://umengacs.m.taobao.com/accs/auth?1=YxBs9IHhiKQDAFfj0NajmZNB&2=91634d0be3df47b961868ce72b3925eac008e229e1fb4a3db2de092f457f32d3&3=umeng:546d7dd7fd98c58fc800082c&5=1&6=wifi&7=null&8=1.1.2&9=1662027321688&10=1&11=28&12=cn.missevan&13=5.7.3&14=android@umeng&15=vivo+X21A&16=vivo&17=221&19=0&20=
09-01 18:15:21.769   777  1282 I awcn.TnetSpdySession:   request Method:GET
09-01 18:15:21.769   777  1282 I awcn.TnetSpdySession:   request headers:{}
09-01 18:15:21.772   777  1282 D awcn.TnetSpdySession:   streamId:1
09-01 18:15:21.772   777  1282 E awcn.TnetSpdySession: |[seq:umeng:546d7dd7fd98c58fc800082c.AWCN1_1] spdySessionConnectCB connect connectTime:52 sslTime:1
09-01 18:15:21.788 32286  1367 I appium  : channel read: DELETE /wd/hub/session/undefined
09-01 18:15:21.789 32286  1367 I appium  : DeleteSession command
09-01 18:15:21.790  1724 14407 D PowerManagerService: releaseWakeLockInternal: lock=172387423 [UiAutomator2:ScreenKeeper], flags=0x0
09-01 18:15:21.792 32286  1367 I appium  : Stopping uiautomator2 io.appium.uiautomator2.http io.appium.uiautomator2.server
09-01 18:15:21.800 32286  1367 I appium  : AppiumResponse: {"sessionId":"undefined","value":null}
09-01 18:15:21.805   777   777 W Tinker.Tinker: [main] tinker patch directory: /data/user/0/cn.missevan/tinker
09-01 18:15:21.808   777   777 I Tinker.Tinker: [main] try to install tinker, isEnable: true, version: 1.9.14.10.4
09-01 18:15:21.811   777   777 I Tinker.TinkerLoadResult: [main] parseTinkerResult loadCode:-2, process name:cn.missevan, main process:true, systemOTA:false, fingerPrint:vivo/PD1728/PD1728:9/PKQ1.180819.001/compiler07281740:user/release-keys, oatDir:null, useInterpretMode:false
09-01 18:15:21.812   777  1282 I awcn.TnetSpdySession:   statusCode:200
09-01 18:15:21.813   777   777 W Tinker.TinkerLoadResult: [main] can't find patch file, is ok, just return
09-01 18:15:21.813   777  1282 I awcn.TnetSpdySession:   response headers:{date=[Thu, 01 Sep 2022 10:15:23 GMT], server=[Tengine/Aserver/3.2.48_20220621115549], content-length=[0], s-accs-retcode=[SUCCESS], :status=[200], x-workerid=[1513210574493409661], x-at=[YxBs9IHhiKQDAFfj0NajmZNBumeng:546d7dd7fd98c58fc800082c1662041723]}
09-01 18:15:21.813   777  1282 E NAccs.InAppConn_default:  auth httpStatusCode:200
09-01 18:15:21.813   777  1282 E awcn.Session: |[seq:umeng:546d7dd7fd98c58fc800082c.AWCN1_1] notifyStatus status:AUTH_SUCC
09-01 18:15:21.814   777  1282 D awcn.TnetSpdySession: |[seq:umeng:546d7dd7fd98c58fc800082c.AWCN1_1] ping host:https://umengacs.m.taobao.com thread:spdy-0
09-01 18:15:21.814   777  1282 D awcn.TnetSpdySession: |[seq:umeng:546d7dd7fd98c58fc800082c.AWCN1_1] https://umengacs.m.taobao.com submit ping ms:0 force:true
09-01 18:15:21.814   777  1366 D awcn.SessionRequest: |[seq:umeng:546d7dd7fd98c58fc800082c.AWCN1_1] Session:Session@[umeng:546d7dd7fd98c58fc800082c.AWCN1_1|http2_0rtt_acs] EventType:512 Event:
09-01 18:15:21.814   777  1366 E awcn.SessionRequest:  sendConnectInfoToAccsByService
09-01 18:15:21.814   777  1282 D awcn.TnetSpdySession: |[seq:umeng:546d7dd7fd98c58fc800082c.AWCN1_1] spdyOnStreamResponse authTime:0
09-01 18:15:21.814   777   777 I Tinker.DefaultLoadReporter: [main] patch loadReporter onLoadResult: patch load result, path:/data/user/0/cn.missevan/tinker, code: -2, cost: 4ms
09-01 18:15:21.815   777  1282 D NAccs.InAppConn_default:  auth header:{date=Thu, 01 Sep 2022 10:15:23 GMT, server=Tengine/Aserver/3.2.48_20220621115549, content-length=0, s-accs-retcode=SUCCESS, :status=200, x-workerid=1513210574493409661, x-at=YxBs9IHhiKQDAFfj0NajmZNBumeng:546d7dd7fd98c58fc800082c1662041723}
09-01 18:15:21.816   777  1282 D awcn.TnetSpdySession:  spdyStreamCloseCallback streamId:1 errorCode:0
09-01 18:15:21.816   777   777 W Tinker.Tinker: [main] tinker load fail!
09-01 18:15:21.821  1724 14407 D CompatibilityInfo: mCompatibilityFlags - 0
09-01 18:15:21.821  1724 14407 D CompatibilityInfo: applicationDensity - 480
09-01 18:15:21.821  1724 14407 D CompatibilityInfo: applicationScale - 1.0
09-01 18:15:21.823   777  1366 E awcn.SessionRequest:  sendConnectInfoToAccsByCallBack
09-01 18:15:21.824   777  1283 E NAccs.InAppConn_default:  onConnectionChanged currentHost:https://umengacs.m.taobao.com changeHost:https://umengacs.m.taobao.com state:true
09-01 18:15:21.825   777  1366 D awcn.SessionRequest: |[seq:umeng:546d7dd7fd98c58fc800082c.AWCN1_1] Connect Success session:Session@[umeng:546d7dd7fd98c58fc800082c.AWCN1_1|http2_0rtt_acs] host:https://umengacs.m.taobao.com
09-01 18:15:21.826   777  1283 I NAccs.HeartbeatManager:  hb use job
09-01 18:15:21.826   777  1283 D NAccs.HeartbeatManager:  set 270
09-01 18:15:21.827   777  1366 D awcn.SessionRequest:  Receive session event eventType:512
09-01 18:15:21.827   777  1366 D awcn.StrategyTable:  [notifyConnEvent] Host:umengacs.m.taobao.com IConnStrategy:{203.119.215.108 443 http2_0rtt_acs} ConnEvent:ConnEvent#Success
09-01 18:15:21.832  1724 14407 V AlarmAlign: setLocked to kernel, type = 2, when = 603539924, curTime = 603436377
09-01 18:15:21.832  1724 14407 V AlarmAlign: setLocked to kernel, type = 3, when = 603474545, curTime = 603436377
09-01 18:15:21.832  1724 14407 V AlarmAlign: setLocked to kernel, type = 2, when = 603539924, curTime = 603436377
09-01 18:15:21.832  1724 14407 V AlarmAlign: setLocked to kernel, type = 3, when = 603474545, curTime = 603436377
09-01 18:15:21.834  1724 14407 V AlarmAlign: setLocked to kernel, type = 2, when = 603539924, curTime = 603436379
09-01 18:15:21.834  1724 14407 V AlarmAlign: setLocked to kernel, type = 3, when = 603474545, curTime = 603436379
09-01 18:15:21.834  1724 14407 V AlarmAlign: setLocked to kernel, type = 2, when = 603539924, curTime = 603436379
09-01 18:15:21.834  1724 14407 V AlarmAlign: setLocked to kernel, type = 3, when = 603474545, curTime = 603436379
09-01 18:15:21.854   777  1282 I awcn.TnetSpdySession: |[seq:umeng:546d7dd7fd98c58fc800082c.AWCN1_1] ping receive Host:https://umengacs.m.taobao.com id:1
09-01 18:15:21.953 32286 32344 I TestRunner: finished: startServer(io.appium.uiautomator2.server.test.AppiumUiAutomator2Server)
09-01 18:15:21.957   777   777 I WebViewFactory: Loading com.google.android.webview version 104.0.5112.97 (code 511209703)
09-01 18:15:21.958 32286 32286 I MonitoringInstr: Activities that are still in CREATED to STOPPED: 0
09-01 18:15:21.959 32286 32344 I TestRunner: run finished: 1 tests, 0 failed, 0 ignored
09-01 18:15:21.972 32286 32344 D NetworkSecurityConfig: No Network Security Config specified, using platform default
09-01 18:15:21.974 32286 32344 I DpmTcmClient: RegisterTcmMonitor from: $Proxy0
09-01 18:15:21.986   777   777 I cn.missevan: Rejecting re-init on previously-failed class java.lang.Class<Wb0>: java.lang.NoClassDefFoundError: Failed resolution of: Landroid/webkit/PacProcessor;
09-01 18:15:21.986   777   777 I cn.missevan:   at java.lang.Class java.lang.Class.classForName(java.lang.String, boolean, java.lang.ClassLoader) (Class.java:-2)
09-01 18:15:21.986   777   777 I cn.missevan:   at java.lang.Class java.lang.Class.forName(java.lang.String, boolean, java.lang.ClassLoader) (Class.java:453)
09-01 18:15:21.986   777   777 I cn.missevan:   at java.lang.Class android.webkit.WebViewFactory.getWebViewProviderClass(java.lang.ClassLoader) (WebViewFactory.java:176)
09-01 18:15:21.986   777   777 I cn.missevan:   at java.lang.Class android.webkit.WebViewFactory.getProviderClass() (WebViewFactory.java:459)
09-01 18:15:21.986   777   777 I cn.missevan:   at android.webkit.WebViewFactoryProvider android.webkit.WebViewFactory.getProvider() (WebViewFactory.java:251)
09-01 18:15:21.986   777   777 I cn.missevan:   at android.webkit.CookieManager android.webkit.CookieManager.getInstance() (CookieManager.java:40)
09-01 18:15:21.986   777   777 I cn.missevan:   at void cn.missevan.web.d.b.ew(java.lang.String) (SourceFile:83)
09-01 18:15:21.986   777   777 I cn.missevan:   at void cn.missevan.web.d.b.syncCookie() (SourceFile:52)
09-01 18:15:21.986   777   777 I cn.missevan:   at void cn.missevan.MissEvanApplication.syncCookie() (SourceFile:656)
09-01 18:15:21.986   777   777 I cn.missevan:   at void cn.missevan.MissEvanApplication.onCreate() (SourceFile:364)
09-01 18:15:21.986   777   777 I cn.missevan:   at void cn.missevan.hotfix.MissevanApplicationLike.onCreate() (SourceFile:88)
09-01 18:15:21.986   777   777 I cn.missevan:   at void com.tencent.tinker.entry.TinkerApplicationInlineFence.handleMessageImpl(android.os.Message) (SourceFile:71)
09-01 18:15:21.986   777   777 I cn.missevan:   at void com.tencent.tinker.entry.TinkerApplicationInlineFence.handleMessage_$noinline$(android.os.Message) (SourceFile:60)
09-01 18:15:21.986   777   777 I cn.missevan:   at void com.tencent.tinker.entry.TinkerApplicationInlineFence.handleMessage(android.os.Message) (SourceFile:53)
09-01 18:15:21.986   777   777 I cn.missevan:   at void com.tencent.tinker.loader.app.TinkerInlineFenceAction.callOnCreate(android.os.Handler) (SourceFile:50)
09-01 18:15:21.986   777   777 I cn.missevan:   at void com.tencent.tinker.loader.app.TinkerApplication.onCreate() (SourceFile:184)
09-01 18:15:21.986   777   777 I cn.missevan:   at void android.app.Instrumentation.callApplicationOnCreate(android.app.Application) (Instrumentation.java:1158)
09-01 18:15:21.986   777   777 I cn.missevan:   at void android.app.ActivityThread.handleBindApplication(android.app.ActivityThread$AppBindData) (ActivityThread.java:6200)
09-01 18:15:21.986   777   777 I cn.missevan:   at void android.app.ActivityThread.access$1200(android.app.ActivityThread, android.app.ActivityThread$AppBindData) (ActivityThread.java:236)
09-01 18:15:21.986   777   777 I cn.missevan:   at void android.app.ActivityThread$H.handleMessage(android.os.Message) (ActivityThread.java:1851)
09-01 18:15:21.986   777   777 I cn.missevan:   at void android.os.Handler.dispatchMessage(android.os.Message) (Handler.java:106)
09-01 18:15:21.986   777   777 I cn.missevan:   at void android.os.Looper.loop() (Looper.java:224)
09-01 18:15:21.986   777   777 I cn.missevan:   at void android.app.ActivityThread.main(java.lang.String[]) (ActivityThread.java:7042)
09-01 18:15:21.986   777   777 I cn.missevan:   at java.lang.Object java.lang.reflect.Method.invoke(java.lang.Object, java.lang.Object[]) (Method.java:-2)
09-01 18:15:21.986   777   777 I cn.missevan:   at void com.android.internal.os.RuntimeInit$MethodAndArgsCaller.run() (RuntimeInit.java:536)
09-01 18:15:21.986   777   777 I cn.missevan:   at void com.android.internal.os.ZygoteInit.main(java.lang.String[]) (ZygoteInit.java:868)
09-01 18:15:21.986   777   777 I cn.missevan: Caused by: java.lang.ClassNotFoundException: Didn't find class "android.webkit.PacProcessor" on path: DexPathList[[zip file "/data/app/com.google.android.webview-a_HHZDdUsph3mFOhOiXgBQ==/base.apk"],nativeLibraryDirectories=[/data/app/com.google.android.webview-a_HHZDdUsph3mFOhOiXgBQ==/lib/arm64, /data/app/com.google.android.webview-a_HHZDdUsph3mFOhOiXgBQ==/base.apk!/lib/arm64-v8a, /system/lib64]]
09-01 18:15:21.986   777   777 I cn.missevan:   at java.lang.Class dalvik.system.BaseDexClassLoader.findClass(java.lang.String) (BaseDexClassLoader.java:134)
09-01 18:15:21.986   777   777 I cn.missevan:   at java.lang.Class java.lang.ClassLoader.loadClass(java.lang.String, boolean) (ClassLoader.java:379)
09-01 18:15:21.986   777   777 I cn.missevan:   at java.lang.Class java.lang.ClassLoader.loadClass(java.lang.String) (ClassLoader.java:312)
09-01 18:15:21.986   777   777 I cn.missevan:   at java.lang.Class java.lang.Class.classForName(java.lang.String, boolean, java.lang.ClassLoader) (Class.java:-2)
09-01 18:15:21.986   777   777 I cn.missevan:   at java.lang.Class java.lang.Class.forName(java.lang.String, boolean, java.lang.ClassLoader) (Class.java:453)
09-01 18:15:21.986   777   777 I cn.missevan:   at java.lang.Class android.webkit.WebViewFactory.getWebViewProviderClass(java.lang.ClassLoader) (WebViewFactory.java:176)
09-01 18:15:21.986   777   777 I cn.missevan:   at java.lang.Class android.webkit.WebViewFactory.getProviderClass() (WebViewFactory.java:459)
09-01 18:15:21.986   777   777 I cn.missevan:   at android.webkit.WebViewFactoryProvider android.webkit.WebViewFactory.getProvider() (WebViewFactory.java:251)
09-01 18:15:21.986   777   777 I cn.missevan:   at android.webkit.CookieManager android.webkit.CookieManager.getInstance() (CookieManager.java:40)
09-01 18:15:21.986   777   777 I cn.missevan:   at void cn.missevan.web.d.b.ew(java.lang.String) (SourceFile:83)
09-01 18:15:21.986   777   777 I cn.missevan:   at void cn.missevan.web.d.b.syncCookie() (SourceFile:52)
09-01 18:15:21.986   777   777 I cn.missevan:   at void cn.missevan.MissEvanApplication.syncCookie() (SourceFile:656)
09-01 18:15:21.986   777   777 I cn.missevan:   at void cn.missevan.MissEvanApplication.onCreate() (SourceFile:364)
09-01 18:15:21.986   777   777 I cn.missevan:   at void cn.missevan.hotfix.MissevanApplicationLike.onCreate() (SourceFile:88)
09-01 18:15:21.986   777   777 I cn.missevan:   at void com.tencent.tinker.entry.TinkerApplicationInlineFence.handleMessageImpl(android.os.Message) (SourceFile:71)
09-01 18:15:21.986   777   777 I cn.missevan:   at void com.tencent.tinker.entry.TinkerApplicationInlineFence.handleMessage_$noinline$(android.os.Message) (SourceFile:60)
09-01 18:15:21.986   777   777 I cn.missevan:   at void com.tencent.tinker.entry.TinkerApplicationInlineFence.handleMessage(android.os.Message) (SourceFile:53)
09-01 18:15:21.987   777   777 I cn.missevan:   at void com.tencent.tinker.loader.app.TinkerInlineFenceAction.callOnCreate(android.os.Handler) (SourceFile:50)
09-01 18:15:21.987   777   777 I cn.missevan:   at void com.tencent.tinker.loader.app.TinkerApplication.onCreate() (SourceFile:184)
09-01 18:15:21.987   777   777 I cn.missevan:   at void android.app.Instrumentation.callApplicationOnCreate(android.app.Application) (Instrumentation.java:1158)
09-01 18:15:21.987   777   777 I cn.missevan:   at void android.app.ActivityThread.handleBindApplication(android.app.ActivityThread$AppBindData) (ActivityThread.java:6200)
09-01 18:15:21.987   777   777 I cn.missevan:   at void android.app.ActivityThread.access$1200(android.app.ActivityThread, android.app.ActivityThread$AppBindData) (ActivityThread.java:236)
09-01 18:15:21.987   777   777 I cn.missevan:   at void android.app.ActivityThread$H.handleMessage(android.os.Message) (ActivityThread.java:1851)
09-01 18:15:21.987   777   777 I cn.missevan:   at void android.os.Handler.dispatchMessage(android.os.Message) (Handler.java:106)
09-01 18:15:21.987   777   777 I cn.missevan:   at void android.os.Looper.loop() (Looper.java:224)
09-01 18:15:21.987   777   777 I cn.missevan:   at void android.app.ActivityThread.main(java.lang.String[]) (ActivityThread.java:7042)
09-01 18:15:21.987   777   777 I cn.missevan:   at java.lang.Object java.lang.reflect.Method.invoke(java.lang.Object, java.lang.Object[]) (Method.java:-2)
09-01 18:15:21.987   777   777 I cn.missevan:   at void com.android.internal.os.RuntimeInit$MethodAndArgsCaller.run() (RuntimeInit.java:536)
09-01 18:15:21.987   777   777 I cn.missevan:   at void com.android.internal.os.ZygoteInit.main(java.lang.String[]) (ZygoteInit.java:868)
09-01 18:15:21.987   777   777 I cn.missevan:
09-01 18:15:21.987   777   777 I cn.missevan: Rejecting re-init on previously-failed class java.lang.Class<Wb0>: java.lang.NoClassDefFoundError: Failed resolution of: Landroid/webkit/PacProcessor;
09-01 18:15:21.987   777   777 I cn.missevan:   at java.lang.Class java.lang.Class.classForName(java.lang.String, boolean, java.lang.ClassLoader) (Class.java:-2)
09-01 18:15:21.987   777   777 I cn.missevan:   at java.lang.Class java.lang.Class.forName(java.lang.String, boolean, java.lang.ClassLoader) (Class.java:453)
09-01 18:15:21.987   777   777 I cn.missevan:   at java.lang.Class android.webkit.WebViewFactory.getWebViewProviderClass(java.lang.ClassLoader) (WebViewFactory.java:176)
09-01 18:15:21.987   777   777 I cn.missevan:   at java.lang.Class android.webkit.WebViewFactory.getProviderClass() (WebViewFactory.java:459)
09-01 18:15:21.987   777   777 I cn.missevan:   at android.webkit.WebViewFactoryProvider android.webkit.WebViewFactory.getProvider() (WebViewFactory.java:251)
09-01 18:15:21.987   777   777 I cn.missevan:   at android.webkit.CookieManager android.webkit.CookieManager.getInstance() (CookieManager.java:40)
09-01 18:15:21.987   777   777 I cn.missevan:   at void cn.missevan.web.d.b.ew(java.lang.String) (SourceFile:83)
09-01 18:15:21.987   777   777 I cn.missevan:   at void cn.missevan.web.d.b.syncCookie() (SourceFile:52)
09-01 18:15:21.987   777   777 I cn.missevan:   at void cn.missevan.MissEvanApplication.syncCookie() (SourceFile:656)
09-01 18:15:21.987   777   777 I cn.missevan:   at void cn.missevan.MissEvanApplication.onCreate() (SourceFile:364)
09-01 18:15:21.987   777   777 I cn.missevan:   at void cn.missevan.hotfix.MissevanApplicationLike.onCreate() (SourceFile:88)
09-01 18:15:21.987   777   777 I cn.missevan:   at void com.tencent.tinker.entry.TinkerApplicationInlineFence.handleMessageImpl(android.os.Message) (SourceFile:71)
09-01 18:15:21.987   777   777 I cn.missevan:   at void com.tencent.tinker.entry.TinkerApplicationInlineFence.handleMessage_$noinline$(android.os.Message) (SourceFile:60)
09-01 18:15:21.987   777   777 I cn.missevan:   at void com.tencent.tinker.entry.TinkerApplicationInlineFence.handleMessage(android.os.Message) (SourceFile:53)
09-01 18:15:21.987   777   777 I cn.missevan:   at void com.tencent.tinker.loader.app.TinkerInlineFenceAction.callOnCreate(android.os.Handler) (SourceFile:50)
09-01 18:15:21.987   777   777 I cn.missevan:   at void com.tencent.tinker.loader.app.TinkerApplication.onCreate() (SourceFile:184)
09-01 18:15:21.987   777   777 I cn.missevan:   at void android.app.Instrumentation.callApplicationOnCreate(android.app.Application) (Instrumentation.java:1158)
09-01 18:15:21.987   777   777 I cn.missevan:   at void android.app.ActivityThread.handleBindApplication(android.app.ActivityThread$AppBindData) (ActivityThread.java:6200)
09-01 18:15:21.987   777   777 I cn.missevan:   at void android.app.ActivityThread.access$1200(android.app.ActivityThread, android.app.ActivityThread$AppBindData) (ActivityThread.java:236)
09-01 18:15:21.987   777   777 I cn.missevan:   at void android.app.ActivityThread$H.handleMessage(android.os.Message) (ActivityThread.java:1851)
09-01 18:15:21.987   777   777 I cn.missevan:   at void android.os.Handler.dispatchMessage(android.os.Message) (Handler.java:106)
09-01 18:15:21.987   777   777 I cn.missevan:   at void android.os.Looper.loop() (Looper.java:224)
09-01 18:15:21.987   777   777 I cn.missevan:   at void android.app.ActivityThread.main(java.lang.String[]) (ActivityThread.java:7042)
09-01 18:15:21.987   777   777 I cn.missevan:   at java.lang.Object java.lang.reflect.Method.invoke(java.lang.Object, java.lang.Object[]) (Method.java:-2)
09-01 18:15:21.987   777   777 I cn.missevan:   at void com.android.internal.os.RuntimeInit$MethodAndArgsCaller.run() (RuntimeInit.java:536)
09-01 18:15:21.987   777   777 I cn.missevan:   at void com.android.internal.os.ZygoteInit.main(java.lang.String[]) (ZygoteInit.java:868)
09-01 18:15:21.987   777   777 I cn.missevan: Caused by: java.lang.ClassNotFoundException: Didn't find class "android.webkit.PacProcessor" on path: DexPathList[[zip file "/data/app/com.google.android.webview-a_HHZDdUsph3mFOhOiXgBQ==/base.apk"],nativeLibraryDirectories=[/data/app/com.google.android.webview-a_HHZDdUsph3mFOhOiXgBQ==/lib/arm64, /data/app/com.google.android.webview-a_HHZDdUsph3mFOhOiXgBQ==/base.apk!/lib/arm64-v8a, /system/lib64]]
09-01 18:15:21.987   777   777 I cn.missevan:   at java.lang.Class dalvik.system.BaseDexClassLoader.findClass(java.lang.String) (BaseDexClassLoader.java:134)
09-01 18:15:21.987   777   777 I cn.missevan:   at java.lang.Class java.lang.ClassLoader.loadClass(java.lang.String, boolean) (ClassLoader.java:379)
09-01 18:15:21.987   777   777 I cn.missevan:   at java.lang.Class java.lang.ClassLoader.loadClass(java.lang.String) (ClassLoader.java:312)
09-01 18:15:21.987   777   777 I cn.missevan:   at java.lang.Class java.lang.Class.classForName(java.lang.String, boolean, java.lang.ClassLoader) (Class.java:-2)
09-01 18:15:21.987   777   777 I cn.missevan:   at java.lang.Class java.lang.Class.forName(java.lang.String, boolean, java.lang.ClassLoader) (Class.java:453)
09-01 18:15:21.987   777   777 I cn.missevan:   at java.lang.Class android.webkit.WebViewFactory.getWebViewProviderClass(java.lang.ClassLoader) (WebViewFactory.java:176)
09-01 18:15:21.987   777   777 I cn.missevan:   at java.lang.Class android.webkit.WebViewFactory.getProviderClass() (WebViewFactory.java:459)
09-01 18:15:21.987   777   777 I cn.missevan:   at android.webkit.WebViewFactoryProvider android.webkit.WebViewFactory.getProvider() (WebViewFactory.java:251)
09-01 18:15:21.987   777   777 I cn.missevan:   at android.webkit.CookieManager android.webkit.CookieManager.getInstance() (CookieManager.java:40)
09-01 18:15:21.987   777   777 I cn.missevan:   at void cn.missevan.web.d.b.ew(java.lang.String) (SourceFile:83)
09-01 18:15:21.987   777   777 I cn.missevan:   at void cn.missevan.web.d.b.syncCookie() (SourceFile:52)
09-01 18:15:21.987   777   777 I cn.missevan:   at void cn.missevan.MissEvanApplication.syncCookie() (SourceFile:656)
09-01 18:15:21.987   777   777 I cn.missevan:   at void cn.missevan.MissEvanApplication.onCreate() (SourceFile:364)
09-01 18:15:21.987   777   777 I cn.missevan:   at void cn.missevan.hotfix.MissevanApplicationLike.onCreate() (SourceFile:88)
09-01 18:15:21.987   777   777 I cn.missevan:   at void com.tencent.tinker.entry.TinkerApplicationInlineFence.handleMessageImpl(android.os.Message) (SourceFile:71)
09-01 18:15:21.987   777   777 I cn.missevan:   at void com.tencent.tinker.entry.TinkerApplicationInlineFence.handleMessage_$noinline$(android.os.Message) (SourceFile:60)
09-01 18:15:21.987   777   777 I cn.missevan:   at void com.tencent.tinker.entry.TinkerApplicationInlineFence.handleMessage(android.os.Message) (SourceFile:53)
09-01 18:15:21.987   777   777 I cn.missevan:   at void com.tencent.tinker.loader.app.TinkerInlineFenceAction.callOnCreate(android.os.Handler) (SourceFile:50)
09-01 18:15:21.987   777   777 I cn.missevan:   at void com.tencent.tinker.loader.app.TinkerApplication.onCreate() (SourceFile:184)
09-01 18:15:21.987   777   777 I cn.missevan:   at void android.app.Instrumentation.callApplicationOnCreate(android.app.Application) (Instrumentation.java:1158)
09-01 18:15:21.987   777   777 I cn.missevan:   at void android.app.ActivityThread.handleBindApplication(android.app.ActivityThread$AppBindData) (ActivityThread.java:6200)
09-01 18:15:21.987   777   777 I cn.missevan:   at void android.app.ActivityThread.access$1200(android.app.ActivityThread, android.app.ActivityThread$AppBindData) (ActivityThread.java:236)
09-01 18:15:21.987   777   777 I cn.missevan:   at void android.app.ActivityThread$H.handleMessage(android.os.Message) (ActivityThread.java:1851)
09-01 18:15:21.987   777   777 I cn.missevan:   at void android.os.Handler.dispatchMessage(android.os.Message) (Handler.java:106)
09-01 18:15:21.987   777   777 I cn.missevan:   at void android.os.Looper.loop() (Looper.java:224)
09-01 18:15:21.987   777   777 I cn.missevan:   at void android.app.ActivityThread.main(java.lang.String[]) (ActivityThread.java:7042)
09-01 18:15:21.987   777   777 I cn.missevan:   at java.lang.Object java.lang.reflect.Method.invoke(java.lang.Object, java.lang.Object[]) (Method.java:-2)
09-01 18:15:21.987   777   777 I cn.missevan:   at void com.android.internal.os.RuntimeInit$MethodAndArgsCaller.run() (RuntimeInit.java:536)
09-01 18:15:21.987   777   777 I cn.missevan:   at void com.android.internal.os.ZygoteInit.main(java.lang.String[]) (ZygoteInit.java:868)
09-01 18:15:21.987   777   777 I cn.missevan:
09-01 18:15:21.989   777   777 I cn.missevan: Rejecting re-init on previously-failed class java.lang.Class<Wb0>: java.lang.NoClassDefFoundError: Failed resolution of: Landroid/webkit/PacProcessor;
09-01 18:15:21.989   777   777 I cn.missevan:   at java.lang.Class java.lang.Class.classForName(java.lang.String, boolean, java.lang.ClassLoader) (Class.java:-2)
09-01 18:15:21.989   777   777 I cn.missevan:   at java.lang.Class java.lang.Class.forName(java.lang.String, boolean, java.lang.ClassLoader) (Class.java:453)
09-01 18:15:21.989   777   777 I cn.missevan:   at java.lang.Class android.webkit.WebViewFactory.getWebViewProviderClass(java.lang.ClassLoader) (WebViewFactory.java:176)
09-01 18:15:21.989   777   777 I cn.missevan:   at java.lang.Class android.webkit.WebViewFactory.getProviderClass() (WebViewFactory.java:459)
09-01 18:15:21.989   777   777 I cn.missevan:   at android.webkit.WebViewFactoryProvider android.webkit.WebViewFactory.getProvider() (WebViewFactory.java:251)
09-01 18:15:21.989   777   777 I cn.missevan:   at android.webkit.CookieManager android.webkit.CookieManager.getInstance() (CookieManager.java:40)
09-01 18:15:21.989   777   777 I cn.missevan:   at void cn.missevan.web.d.b.ew(java.lang.String) (SourceFile:83)
09-01 18:15:21.989   777   777 I cn.missevan:   at void cn.missevan.web.d.b.syncCookie() (SourceFile:52)
09-01 18:15:21.989   777   777 I cn.missevan:   at void cn.missevan.MissEvanApplication.syncCookie() (SourceFile:656)
09-01 18:15:21.989   777   777 I cn.missevan:   at void cn.missevan.MissEvanApplication.onCreate() (SourceFile:364)
09-01 18:15:21.989   777   777 I cn.missevan:   at void cn.missevan.hotfix.MissevanApplicationLike.onCreate() (SourceFile:88)
09-01 18:15:21.989   777   777 I cn.missevan:   at void com.tencent.tinker.entry.TinkerApplicationInlineFence.handleMessageImpl(android.os.Message) (SourceFile:71)
09-01 18:15:21.989   777   777 I cn.missevan:   at void com.tencent.tinker.entry.TinkerApplicationInlineFence.handleMessage_$noinline$(android.os.Message) (SourceFile:60)
09-01 18:15:21.989   777   777 I cn.missevan:   at void com.tencent.tinker.entry.TinkerApplicationInlineFence.handleMessage(android.os.Message) (SourceFile:53)
09-01 18:15:21.989   777   777 I cn.missevan:   at void com.tencent.tinker.loader.app.TinkerInlineFenceAction.callOnCreate(android.os.Handler) (SourceFile:50)
09-01 18:15:21.989   777   777 I cn.missevan:   at void com.tencent.tinker.loader.app.TinkerApplication.onCreate() (SourceFile:184)
09-01 18:15:21.989   777   777 I cn.missevan:   at void android.app.Instrumentation.callApplicationOnCreate(android.app.Application) (Instrumentation.java:1158)
09-01 18:15:21.989   777   777 I cn.missevan:   at void android.app.ActivityThread.handleBindApplication(android.app.ActivityThread$AppBindData) (ActivityThread.java:6200)
09-01 18:15:21.989   777   777 I cn.missevan:   at void android.app.ActivityThread.access$1200(android.app.ActivityThread, android.app.ActivityThread$AppBindData) (ActivityThread.java:236)
09-01 18:15:21.989   777   777 I cn.missevan:   at void android.app.ActivityThread$H.handleMessage(android.os.Message) (ActivityThread.java:1851)
09-01 18:15:21.989   777   777 I cn.missevan:   at void android.os.Handler.dispatchMessage(android.os.Message) (Handler.java:106)
09-01 18:15:21.989   777   777 I cn.missevan:   at void android.os.Looper.loop() (Looper.java:224)
09-01 18:15:21.989   777   777 I cn.missevan:   at void android.app.ActivityThread.main(java.lang.String[]) (ActivityThread.java:7042)
09-01 18:15:21.989   777   777 I cn.missevan:   at java.lang.Object java.lang.reflect.Method.invoke(java.lang.Object, java.lang.Object[]) (Method.java:-2)
09-01 18:15:21.989   777   777 I cn.missevan:   at void com.android.internal.os.RuntimeInit$MethodAndArgsCaller.run() (RuntimeInit.java:536)
09-01 18:15:21.989   777   777 I cn.missevan:   at void com.android.internal.os.ZygoteInit.main(java.lang.String[]) (ZygoteInit.java:868)
09-01 18:15:21.989   777   777 I cn.missevan: Caused by: java.lang.ClassNotFoundException: Didn't find class "android.webkit.PacProcessor" on path: DexPathList[[zip file "/data/app/com.google.android.webview-a_HHZDdUsph3mFOhOiXgBQ==/base.apk"],nativeLibraryDirectories=[/data/app/com.google.android.webview-a_HHZDdUsph3mFOhOiXgBQ==/lib/arm64, /data/app/com.google.android.webview-a_HHZDdUsph3mFOhOiXgBQ==/base.apk!/lib/arm64-v8a, /system/lib64]]
09-01 18:15:21.989   777   777 I cn.missevan:   at java.lang.Class dalvik.system.BaseDexClassLoader.findClass(java.lang.String) (BaseDexClassLoader.java:134)
09-01 18:15:21.989   777   777 I cn.missevan:   at java.lang.Class java.lang.ClassLoader.loadClass(java.lang.String, boolean) (ClassLoader.java:379)
09-01 18:15:21.989   777   777 I cn.missevan:   at java.lang.Class java.lang.ClassLoader.loadClass(java.lang.String) (ClassLoader.java:312)
09-01 18:15:21.989   777   777 I cn.missevan:   at java.lang.Class java.lang.Class.classForName(java.lang.String, boolean, java.lang.ClassLoader) (Class.java:-2)
09-01 18:15:21.989   777   777 I cn.missevan:   at java.lang.Class java.lang.Class.forName(java.lang.String, boolean, java.lang.ClassLoader) (Class.java:453)
09-01 18:15:21.989   777   777 I cn.missevan:   at java.lang.Class android.webkit.WebViewFactory.getWebViewProviderClass(java.lang.ClassLoader) (WebViewFactory.java:176)
09-01 18:15:21.989   777   777 I cn.missevan:   at java.lang.Class android.webkit.WebViewFactory.getProviderClass() (WebViewFactory.java:459)
09-01 18:15:21.989   777   777 I cn.missevan:   at android.webkit.WebViewFactoryProvider android.webkit.WebViewFactory.getProvider() (WebViewFactory.java:251)
09-01 18:15:21.989   777   777 I cn.missevan:   at android.webkit.CookieManager android.webkit.CookieManager.getInstance() (CookieManager.java:40)
09-01 18:15:21.989   777   777 I cn.missevan:   at void cn.missevan.web.d.b.ew(java.lang.String) (SourceFile:83)
09-01 18:15:21.989   777   777 I cn.missevan:   at void cn.missevan.web.d.b.syncCookie() (SourceFile:52)
09-01 18:15:21.989   777   777 I cn.missevan:   at void cn.missevan.MissEvanApplication.syncCookie() (SourceFile:656)
09-01 18:15:21.989   777   777 I cn.missevan:   at void cn.missevan.MissEvanApplication.onCreate() (SourceFile:364)
09-01 18:15:21.989   777   777 I cn.missevan:   at void cn.missevan.hotfix.MissevanApplicationLike.onCreate() (SourceFile:88)
09-01 18:15:21.989   777   777 I cn.missevan:   at void com.tencent.tinker.entry.TinkerApplicationInlineFence.handleMessageImpl(android.os.Message) (SourceFile:71)
09-01 18:15:21.989   777   777 I cn.missevan:   at void com.tencent.tinker.entry.TinkerApplicationInlineFence.handleMessage_$noinline$(android.os.Message) (SourceFile:60)
09-01 18:15:21.989   777   777 I cn.missevan:   at void com.tencent.tinker.entry.TinkerApplicationInlineFence.handleMessage(android.os.Message) (SourceFile:53)
09-01 18:15:21.989   777   777 I cn.missevan:   at void com.tencent.tinker.loader.app.TinkerInlineFenceAction.callOnCreate(android.os.Handler) (SourceFile:50)
09-01 18:15:21.989   777   777 I cn.missevan:   at void com.tencent.tinker.loader.app.TinkerApplication.onCreate() (SourceFile:184)
09-01 18:15:21.989   777   777 I cn.missevan:   at void android.app.Instrumentation.callApplicationOnCreate(android.app.Application) (Instrumentation.java:1158)
09-01 18:15:21.989   777   777 I cn.missevan:   at void android.app.ActivityThread.handleBindApplication(android.app.ActivityThread$AppBindData) (ActivityThread.java:6200)
09-01 18:15:21.989   777   777 I cn.missevan:   at void android.app.ActivityThread.access$1200(android.app.ActivityThread, android.app.ActivityThread$AppBindData) (ActivityThread.java:236)
09-01 18:15:21.989   777   777 I cn.missevan:   at void android.app.ActivityThread$H.handleMessage(android.os.Message) (ActivityThread.java:1851)
09-01 18:15:21.989   777   777 I cn.missevan:   at void android.os.Handler.dispatchMessage(android.os.Message) (Handler.java:106)
09-01 18:15:21.989   777   777 I cn.missevan:   at void android.os.Looper.loop() (Looper.java:224)
09-01 18:15:21.989   777   777 I cn.missevan:   at void android.app.ActivityThread.main(java.lang.String[]) (ActivityThread.java:7042)
09-01 18:15:21.989   777   777 I cn.missevan:   at java.lang.Object java.lang.reflect.Method.invoke(java.lang.Object, java.lang.Object[]) (Method.java:-2)
09-01 18:15:21.989   777   777 I cn.missevan:   at void com.android.internal.os.RuntimeInit$MethodAndArgsCaller.run() (RuntimeInit.java:536)
09-01 18:15:21.989   777   777 I cn.missevan:   at void com.android.internal.os.ZygoteInit.main(java.lang.String[]) (ZygoteInit.java:868)
09-01 18:15:21.989   777   777 I cn.missevan:
09-01 18:15:21.989   777   777 I cn.missevan: Rejecting re-init on previously-failed class java.lang.Class<Wb0>: java.lang.NoClassDefFoundError: Failed resolution of: Landroid/webkit/PacProcessor;
09-01 18:15:21.989   777   777 I cn.missevan:   at java.lang.Class java.lang.Class.classForName(java.lang.String, boolean, java.lang.ClassLoader) (Class.java:-2)
09-01 18:15:21.989   777   777 I cn.missevan:   at java.lang.Class java.lang.Class.forName(java.lang.String, boolean, java.lang.ClassLoader) (Class.java:453)
09-01 18:15:21.989   777   777 I cn.missevan:   at java.lang.Class android.webkit.WebViewFactory.getWebViewProviderClass(java.lang.ClassLoader) (WebViewFactory.java:176)
09-01 18:15:21.989   777   777 I cn.missevan:   at java.lang.Class android.webkit.WebViewFactory.getProviderClass() (WebViewFactory.java:459)
09-01 18:15:21.989   777   777 I cn.missevan:   at android.webkit.WebViewFactoryProvider android.webkit.WebViewFactory.getProvider() (WebViewFactory.java:251)
09-01 18:15:21.989   777   777 I cn.missevan:   at android.webkit.CookieManager android.webkit.CookieManager.getInstance() (CookieManager.java:40)
09-01 18:15:21.989   777   777 I cn.missevan:   at void cn.missevan.web.d.b.ew(java.lang.String) (SourceFile:83)
09-01 18:15:21.989   777   777 I cn.missevan:   at void cn.missevan.web.d.b.syncCookie() (SourceFile:52)
09-01 18:15:21.989   777   777 I cn.missevan:   at void cn.missevan.MissEvanApplication.syncCookie() (SourceFile:656)
09-01 18:15:21.989   777   777 I cn.missevan:   at void cn.missevan.MissEvanApplication.onCreate() (SourceFile:364)
09-01 18:15:21.989   777   777 I cn.missevan:   at void cn.missevan.hotfix.MissevanApplicationLike.onCreate() (SourceFile:88)
09-01 18:15:21.989   777   777 I cn.missevan:   at void com.tencent.tinker.entry.TinkerApplicationInlineFence.handleMessageImpl(android.os.Message) (SourceFile:71)
09-01 18:15:21.989   777   777 I cn.missevan:   at void com.tencent.tinker.entry.TinkerApplicationInlineFence.handleMessage_$noinline$(android.os.Message) (SourceFile:60)
09-01 18:15:21.989   777   777 I cn.missevan:   at void com.tencent.tinker.entry.TinkerApplicationInlineFence.handleMessage(android.os.Message) (SourceFile:53)
09-01 18:15:21.989   777   777 I cn.missevan:   at void com.tencent.tinker.loader.app.TinkerInlineFenceAction.callOnCreate(android.os.Handler) (SourceFile:50)
09-01 18:15:21.989   777   777 I cn.missevan:   at void com.tencent.tinker.loader.app.TinkerApplication.onCreate() (SourceFile:184)
09-01 18:15:21.989   777   777 I cn.missevan:   at void android.app.Instrumentation.callApplicationOnCreate(android.app.Application) (Instrumentation.java:1158)
09-01 18:15:21.989   777   777 I cn.missevan:   at void android.app.ActivityThread.handleBindApplication(android.app.ActivityThread$AppBindData) (ActivityThread.java:6200)
09-01 18:15:21.989   777   777 I cn.missevan:   at void android.app.ActivityThread.access$1200(android.app.ActivityThread, android.app.ActivityThread$AppBindData) (ActivityThread.java:236)
09-01 18:15:21.989   777   777 I cn.missevan:   at void android.app.ActivityThread$H.handleMessage(android.os.Message) (ActivityThread.java:1851)
09-01 18:15:21.989   777   777 I cn.missevan:   at void android.os.Handler.dispatchMessage(android.os.Message) (Handler.java:106)
09-01 18:15:21.989   777   777 I cn.missevan:   at void android.os.Looper.loop() (Looper.java:224)
09-01 18:15:21.989   777   777 I cn.missevan:   at void android.app.ActivityThread.main(java.lang.String[]) (ActivityThread.java:7042)
09-01 18:15:21.989   777   777 I cn.missevan:   at java.lang.Object java.lang.reflect.Method.invoke(java.lang.Object, java.lang.Object[]) (Method.java:-2)
09-01 18:15:21.989   777   777 I cn.missevan:   at void com.android.internal.os.RuntimeInit$MethodAndArgsCaller.run() (RuntimeInit.java:536)
09-01 18:15:21.989   777   777 I cn.missevan:   at void com.android.internal.os.ZygoteInit.main(java.lang.String[]) (ZygoteInit.java:868)
09-01 18:15:21.989   777   777 I cn.missevan: Caused by: java.lang.ClassNotFoundException: Didn't find class "android.webkit.PacProcessor" on path: DexPathList[[zip file "/data/app/com.google.android.webview-a_HHZDdUsph3mFOhOiXgBQ==/base.apk"],nativeLibraryDirectories=[/data/app/com.google.android.webview-a_HHZDdUsph3mFOhOiXgBQ==/lib/arm64, /data/app/com.google.android.webview-a_HHZDdUsph3mFOhOiXgBQ==/base.apk!/lib/arm64-v8a, /system/lib64]]
09-01 18:15:21.989   777   777 I cn.missevan:   at java.lang.Class dalvik.system.BaseDexClassLoader.findClass(java.lang.String) (BaseDexClassLoader.java:134)
09-01 18:15:21.989   777   777 I cn.missevan:   at java.lang.Class java.lang.ClassLoader.loadClass(java.lang.String, boolean) (ClassLoader.java:379)
09-01 18:15:21.989   777   777 I cn.missevan:   at java.lang.Class java.lang.ClassLoader.loadClass(java.lang.String) (ClassLoader.java:312)
09-01 18:15:21.989   777   777 I cn.missevan:   at java.lang.Class java.lang.Class.classForName(java.lang.String, boolean, java.lang.ClassLoader) (Class.java:-2)
09-01 18:15:21.989   777   777 I cn.missevan:   at java.lang.Class java.lang.Class.forName(java.lang.String, boolean, java.lang.ClassLoader) (Class.java:453)
09-01 18:15:21.989   777   777 I cn.missevan:   at java.lang.Class android.webkit.WebViewFactory.getWebViewProviderClass(java.lang.ClassLoader) (WebViewFactory.java:176)
09-01 18:15:21.989   777   777 I cn.missevan:   at java.lang.Class android.webkit.WebViewFactory.getProviderClass() (WebViewFactory.java:459)
09-01 18:15:21.989   777   777 I cn.missevan:   at android.webkit.WebViewFactoryProvider android.webkit.WebViewFactory.getProvider() (WebViewFactory.java:251)
09-01 18:15:21.989   777   777 I cn.missevan:   at android.webkit.CookieManager android.webkit.CookieManager.getInstance() (CookieManager.java:40)
09-01 18:15:21.989   777   777 I cn.missevan:   at void cn.missevan.web.d.b.ew(java.lang.String) (SourceFile:83)
09-01 18:15:21.989   777   777 I cn.missevan:   at void cn.missevan.web.d.b.syncCookie() (SourceFile:52)
09-01 18:15:21.989   777   777 I cn.missevan:   at void cn.missevan.MissEvanApplication.syncCookie() (SourceFile:656)
09-01 18:15:21.989   777   777 I cn.missevan:   at void cn.missevan.MissEvanApplication.onCreate() (SourceFile:364)
09-01 18:15:21.989   777   777 I cn.missevan:   at void cn.missevan.hotfix.MissevanApplicationLike.onCreate() (SourceFile:88)
09-01 18:15:21.989   777   777 I cn.missevan:   at void com.tencent.tinker.entry.TinkerApplicationInlineFence.handleMessageImpl(android.os.Message) (SourceFile:71)
09-01 18:15:21.989   777   777 I cn.missevan:   at void com.tencent.tinker.entry.TinkerApplicationInlineFence.handleMessage_$noinline$(android.os.Message) (SourceFile:60)
09-01 18:15:21.989   777   777 I cn.missevan:   at void com.tencent.tinker.entry.TinkerApplicationInlineFence.handleMessage(android.os.Message) (SourceFile:53)
09-01 18:15:21.989   777   777 I cn.missevan:   at void com.tencent.tinker.loader.app.TinkerInlineFenceAction.callOnCreate(android.os.Handler) (SourceFile:50)
09-01 18:15:21.989   777   777 I cn.missevan:   at void com.tencent.tinker.loader.app.TinkerApplication.onCreate() (SourceFile:184)
09-01 18:15:21.989   777   777 I cn.missevan:   at void android.app.Instrumentation.callApplicationOnCreate(android.app.Application) (Instrumentation.java:1158)
09-01 18:15:21.989   777   777 I cn.missevan:   at void android.app.ActivityThread.handleBindApplication(android.app.ActivityThread$AppBindData) (ActivityThread.java:6200)
09-01 18:15:21.989   777   777 I cn.missevan:   at void android.app.ActivityThread.access$1200(android.app.ActivityThread, android.app.ActivityThread$AppBindData) (ActivityThread.java:236)
09-01 18:15:21.989   777   777 I cn.missevan:   at void android.app.ActivityThread$H.handleMessage(android.os.Message) (ActivityThread.java:1851)
09-01 18:15:21.989   777   777 I cn.missevan:   at void android.os.Handler.dispatchMessage(android.os.Message) (Handler.java:106)
09-01 18:15:21.989   777   777 I cn.missevan:   at void android.os.Looper.loop() (Looper.java:224)
09-01 18:15:21.989   777   777 I cn.missevan:   at void android.app.ActivityThread.main(java.lang.String[]) (ActivityThread.java:7042)
09-01 18:15:21.989   777   777 I cn.missevan:   at java.lang.Object java.lang.reflect.Method.invoke(java.lang.Object, java.lang.Object[]) (Method.java:-2)
09-01 18:15:21.989   777   777 I cn.missevan:   at void com.android.internal.os.RuntimeInit$MethodAndArgsCaller.run() (RuntimeInit.java:536)
09-01 18:15:21.990   777   777 I cn.missevan:   at void com.android.internal.os.ZygoteInit.main(java.lang.String[]) (ZygoteInit.java:868)
09-01 18:15:21.990   777   777 I cn.missevan:
09-01 18:15:21.996   777   777 I cr_WVCFactoryProvider: Loaded version=104.0.5112.97 minSdkVersion=23 isBundle=true multiprocess=true packageId=2
09-01 18:15:22.020   777   777 I cr_LibraryLoader: Successfully loaded native library
09-01 18:15:22.021   777   777 I cr_CachingUmaRecorder: Flushed 8 samples from 8 histograms.
09-01 18:15:22.134   777   777 E YZSDK   : ----->isDebug = false
09-01 18:15:22.147   777   777 I MissEvanApplication: [main] init You Zan system webview
09-01 18:15:22.195   777   777 I MissEvanApplication: [main] initPlayer
09-01 18:15:22.197   777   777 I Players : [main] cleanPlayerCache
09-01 18:15:22.201   777  1176 I Player.ExoCacheUtil: [DefaultDispatcher-worker-3] cleanAllCache
