09-01 18:15:28.600  6559  6891 I Avrcp_ext: updatePlayStatusForDevice: device: null
09-01 18:15:28.600  6559  6891 V Avrcp_ext: updatePlaybackState (1): old=PlaybackState {state=0, position=0, buffered position=0, speed=0.0, updated=603443116, actions=2461191, custom actions=[], active item id=-1, error=null}(0), new=PlaybackState {state=0, position=0, buffered position=0, speed=0.0, updated=603443116, actions=2461191, custom actions=[], active item id=-1, error=null}(0)
09-01 18:15:28.600  6559  6891 I Avrcp_ext: Exit updatePlayStatusForDevice
09-01 18:15:28.600  6559  6891 D Avrcp_ext: sendPlayPosNotificationRsp: Not registered or requesting.
09-01 18:15:28.600  6559  6891 D Avrcp_ext: sendPlayPosNotificationRsp: Not registered or requesting.
09-01 18:15:28.600  6559  6891 V Avrcp_ext: Exit updatePlayerStateAndPosition
09-01 18:15:28.629  1519  1519 I okhttp.cronet.httpdns: [main] OkHttp cronet native httpdns enabled.
09-01 18:15:28.630  1519  1519 D CronetEngine: [main] cronet httpdns open!
09-01 18:15:28.630  1519  1519 D CronetEngine:  configure dns ips: [203.107.1.65, 203.107.1.34, 203.107.1.66, 203.107.1.33]
09-01 18:15:28.641  1560  1560 D Tinker.TinkerLoader: [main] [PendingLog @ 2022-09-01 18:15:26.269] tryLoad test test
09-01 18:15:28.643  1560  1560 W Tinker.TinkerLoader: [main] [PendingLog @ 2022-09-01 18:15:26.274] tryLoadPatchFiles:patch dir not exist:/data/user/0/cn.missevan/tinker
09-01 18:15:28.645  1700  1700 I Perf    : Connecting to perf service.
09-01 18:15:28.645  1560  1560 D Tinker.DefaultAppLike: [main] [PendingLog @ 2022-09-01 18:15:26.326] onBaseContextAttached:
09-01 18:15:28.646  1560  1560 D Tinker.DefaultAppLike: [main] [PendingLog @ 2022-09-01 18:15:26.420] onCreate
09-01 18:15:28.666  1700  1700 D Tinker.TinkerLoader: tryLoad test test
09-01 18:15:28.669  1724  7979 D PackageManager: package:10602 check permission,PERMISSION_GRANTED
09-01 18:15:28.670  1700  1700 W Tinker.TinkerLoader: tryLoadPatchFiles:patch dir not exist:/data/user/0/cn.missevan/tinker
09-01 18:15:28.729  1519  1519 I httpdns.native: [main] Native httpdns enabled.
09-01 18:15:28.739  1700  1700 D Tinker.DefaultAppLike: onBaseContextAttached:
09-01 18:15:28.744  1700  1700 I MultiDex: VM with version 2.1.0 has multidex support
09-01 18:15:28.744  1700  1700 I MultiDex: Installing application
09-01 18:15:28.744  1700  1700 I MultiDex: VM has multidex support, MultiDex support library is disabled.
09-01 18:15:28.750  1519  1519 I okhttp.cronet.httpdns: [main] OkHttp cronet native httpdns enabled.
09-01 18:15:28.758  1519  1519 I httpdns.holder.native: [main] host rules *.maoercdn.com, *.bilivideo.com, *.missevan.com.
09-01 18:15:28.761  1519  1519 I httpdns.holder.native: [main] Init native httpdns with provider ali.
09-01 18:15:28.773   777   777 I UGCRecommendPageFragment: [main] initView
09-01 18:15:28.791  1519  1519 I cr_BiliCrLibraryLoader: BiliCr version: 88.0.4324.188, arch: aarch64
09-01 18:15:28.791  1519  1519 W chromium: [0901/181528.791765:WARNING:httpdns_adapter.cc(290)] HttpDns init
09-01 18:15:28.792   777  1453 I CronetEngine: [thread_background]
09-01 18:15:28.792   777  1453 I CronetEngine: url: https://fm.uat.missevan.com/api/v2/meta/data
09-01 18:15:28.792   777  1453 I CronetEngine:  ip: 10.21.250.10
09-01 18:15:28.792   777  1453 I CronetEngine:  hostResolverProvider:
09-01 18:15:28.792   777  1453 I CronetEngine:  hostResolveIps: []
09-01 18:15:28.792   777  1453 I CronetEngine:
09-01 18:15:28.793  1724  2895 D ConnectivityService: requestNetwork for uid/pid:10602/1519 NetworkRequest [ TRACK_DEFAULT id=1053, [ Capabilities: INTERNET&NOT_RESTRICTED&TRUSTED Unwanted:  Uid: 10602] ]
09-01 18:15:28.794  2831  2831 D PhoneSwitcherNetworkRequstListener: got request NetworkRequest [ TRACK_DEFAULT id=1053, [ Capabilities: INTERNET&NOT_RESTRICTED&TRUSTED Unwanted:  Uid: 10602] ] with score 60
09-01 18:15:28.795  1724  2084 D ConnectivityService: isWifiPoorLink:false, nai.everValidated:true, networkType:1, networkDetailedState:CONNECTED, nai.isLingering():false, unneeded(nai, UnneededFor.TEARDOWN):false
09-01 18:15:28.795  1724  2070 D WIFI    : got request NetworkRequest [ TRACK_DEFAULT id=1053, [ Capabilities: INTERNET&NOT_RESTRICTED&TRUSTED Unwanted:  Uid: 10602] ] with score 60
09-01 18:15:28.795  1724  2070 D WIFI_UT : got request NetworkRequest [ TRACK_DEFAULT id=1053, [ Capabilities: INTERNET&NOT_RESTRICTED&TRUSTED Unwanted:  Uid: 10602] ] with score 60
09-01 18:15:28.795   777  1453 I CronetEngine: [thread_background]
09-01 18:15:28.795   777  1453 I CronetEngine: url: https://fm.uat.missevan.com/api/v2/meta/banner
09-01 18:15:28.795   777  1453 I CronetEngine:  ip: 10.21.250.10
09-01 18:15:28.795   777  1453 I CronetEngine:  hostResolverProvider:
09-01 18:15:28.795   777  1453 I CronetEngine:  hostResolveIps: []
09-01 18:15:28.795   777  1453 I CronetEngine:
09-01 18:15:28.795  1724  2157 D Ethernet: got request NetworkRequest [ TRACK_DEFAULT id=1053, [ Capabilities: INTERNET&NOT_RESTRICTED&TRUSTED Unwanted:  Uid: 10602] ] with score 60
09-01 18:15:28.799   777  1467 I BLOG    : [RxCachedThreadScheduler-4] HTTP request: [2022-09-01T10:15:28.680Z] GET https://fm.uat.missevan.com/api/v2/meta/banner 200 107ms 0
09-01 18:15:28.805   777  1569 I BLOG    : [RxCachedThreadScheduler-7] HTTP request: [2022-09-01T10:15:28.686Z] GET https://fm.uat.missevan.com/api/v2/meta/data 200 101ms 0
09-01 18:15:28.816  1519  1519 I @@@BBPLOG: Info T933CA548 CPlayMain L243 The DataLog UserID: 0X0
09-01 18:15:28.816  1519  1519 I @@@BBPLOG: Info T933CA548 CPlayMain L250 The DataLog BUVID: XY277FF2DFB139F19721118D30677E832AAF4
09-01 18:15:28.816  1519  1519 I @@@BBPLOG: Info T933CA548 CPlayMain L264 The DataLog AppVer: 5.7.3
09-01 18:15:28.816  1519  1519 I @@@BBPLOG: Info T933CA548 CPlayMain L284 The DataLog app type:   6
09-01 18:15:28.816  1519  1519 I @@@BBPLOG: Info T933ca548 BBPFuncLog L123 ----CIPMng::Clear Value is 00000000 start.
09-01 18:15:28.816  1519  1519 I @@@BBPLOG: Info T933ca548 BBPFuncLog L142 ----CIPMng::Clear leave! no return. Ussed Time: 0
09-01 18:15:28.816  1519  1519 I @@@BBPLOG: Info T933CA548 CPlayMain L272 The DataLog net type: 3
09-01 18:15:28.816  1519  1519 I @@@BBPLOG: Info T933CA548 CPlayMain L312 Set cronet engine: 0x7203d419c0
09-01 18:15:28.820  1519  1519 I AidlAlphaVideoPlayer: [main] init
09-01 18:15:28.823  1519  1519 I Player.Aidl: [main] updateConfig
09-01 18:15:28.826  1519  1519 I Player.AlphaVideoPlayerCore: [main] updateConfig, user id: 0
09-01 18:15:28.827  1519  1519 I @@@BBPLOG: Info T933CA548 CPlayMain L243 The DataLog UserID: 0X0
09-01 18:15:28.828  1519  1931 I chromium: [0901/181528.828131:INFO:httpdns.cc(234)] OnEffectiveConnectionTypeChanged called by httpdns context networks 5
09-01 18:15:28.828  1519  1519 I Player.AlphaVideoPlayerCore: [main] updateConfig, version name: 5.7.3
09-01 18:15:28.829  1519  1519 I @@@BBPLOG: Info T933CA548 CPlayMain L264 The DataLog AppVer: 5.7.3
09-01 18:15:28.832  1519  1519 I Player.AlphaVideoPlayerCore: [main] updateConfig, buvid: XY277FF2DFB139F19721118D30677E832AAF4
09-01 18:15:28.833  1519  1519 I @@@BBPLOG: Info T933CA548 CPlayMain L250 The DataLog BUVID: XY277FF2DFB139F19721118D30677E832AAF4
09-01 18:15:28.833  1519  1519 I Player.Aidl.core0: [main] createNewCore
09-01 18:15:28.839  1724  2895 D PackageManager: package:10602 check permission,PERMISSION_GRANTED
09-01 18:15:28.839  1519  1519 I Player.BBPlayer.core0: [main] init
09-01 18:15:28.840  1700  1700 D Tinker.DefaultAppLike: onCreate
09-01 18:15:28.841  1519  1519 I @@@BBPLOG: Info T933CA548 CPlayMain L94 BPSDK 3.0.0.216, 12:43:35 Jul 18 2022. CPU: ARMV8. OS
09-01 18:15:28.843   777  1453 I CronetEngine: [thread_background]
09-01 18:15:28.843   777  1453 I CronetEngine: url: https://fm.uat.missevan.com/api/v2/user/rank/top
09-01 18:15:28.843   777  1453 I CronetEngine:  ip: 10.21.250.10
09-01 18:15:28.843   777  1453 I CronetEngine:  hostResolverProvider:
09-01 18:15:28.843   777  1453 I CronetEngine:  hostResolveIps: []
09-01 18:15:28.843   777  1453 I CronetEngine:
09-01 18:15:28.846  1519  1519 I @@@BBPLOG: Info T933CA548 CPlayMain L243 The DataLog UserID: 0X0
09-01 18:15:28.846  1519  1519 I @@@BBPLOG: Info T933CA548 CPlayMain L250 The DataLog BUVID: XY277FF2DFB139F19721118D30677E832AAF4
09-01 18:15:28.846  1519  1519 I @@@BBPLOG: Info T933CA548 CPlayMain L264 The DataLog AppVer: 5.7.3
09-01 18:15:28.846  1519  1519 I @@@BBPLOG: Info T933CA548 CPlayMain L284 The DataLog app type:   6
09-01 18:15:28.846  1519  1519 I @@@BBPLOG: Info T933ca548 BBPFuncLog L123 ----CIPMng::Clear Value is 00000000 start.
09-01 18:15:28.846  1519  1519 I @@@BBPLOG: Info T933ca548 BBPFuncLog L142 ----CIPMng::Clear leave! no return. Ussed Time: 0
09-01 18:15:28.846  1519  1519 I @@@BBPLOG: Info T933CA548 CPlayMain L272 The DataLog net type: 3
09-01 18:15:28.846  1519  1519 I @@@BBPLOG: Info T933CA548 CPlayMain L312 Set cronet engine: 0x7203d419c0
09-01 18:15:28.847  1519  1519 I @@@BBPLOG: Info T933CA548 CPlayMain L257 The Session UUID: ea75c7c2-7892-4dd9-9d02-0d542df0f46c
09-01 18:15:28.847   777  1453 I CronetEngine: [thread_background]
09-01 18:15:28.847   777  1453 I CronetEngine: url: https://fm.uat.missevan.com/api/v2/chatroom/open/list?p=1&type=0
09-01 18:15:28.847   777  1453 I CronetEngine:  ip: 10.21.250.10
09-01 18:15:28.847   777  1453 I CronetEngine:  hostResolverProvider:
09-01 18:15:28.847   777  1453 I CronetEngine:  hostResolveIps: []
09-01 18:15:28.847   777  1453 I CronetEngine:
09-01 18:15:28.847  1519  1519 I Player.Aidl.core0: [main] initPlayerCoreEvent
09-01 18:15:28.849   777  1466 I BLOG    : [RxCachedThreadScheduler-5] HTTP request: [2022-09-01T10:15:28.682Z] GET https://fm.uat.missevan.com/api/v2/user/rank/top 200 140ms 0
09-01 18:15:28.853  1519  1519 D Player.AlphaVideoPlayerCore: [main] event(1342177297): msg_log_cb, arg1: 0, arg2: 0, any: Info T933CA548 CPlayMain L243 The DataLog UserID: 0X0
09-01 18:15:28.853  1519  1519 D Player.AlphaVideoPlayerCore:
09-01 18:15:28.854  1519  1519 I Player.AlphaVideoPlayerCore: [main] msg_log_cb, Info T933CA548 CPlayMain L243 The DataLog UserID: 0X0
09-01 18:15:28.854  1519  1519 I Player.AlphaVideoPlayerCore:
09-01 18:15:28.854  1519  1519 D Player.AlphaVideoPlayerCore: [main] event(1342177297): msg_log_cb, arg1: 0, arg2: 0, any: Info T933CA548 CPlayMain L264 The DataLog AppVer: 5.7.3
09-01 18:15:28.854  1519  1519 D Player.AlphaVideoPlayerCore:
09-01 18:15:28.855  1519  1519 I Player.AlphaVideoPlayerCore: [main] msg_log_cb, Info T933CA548 CPlayMain L264 The DataLog AppVer: 5.7.3
09-01 18:15:28.855  1519  1519 I Player.AlphaVideoPlayerCore:
09-01 18:15:28.856  1519  1519 D Player.AlphaVideoPlayerCore: [main] event(1342177297): msg_log_cb, arg1: 0, arg2: 0, any: Info T933CA548 CPlayMain L250 The DataLog BUVID: XY277FF2DFB139F19721118D30677E832AAF4
09-01 18:15:28.856  1519  1519 D Player.AlphaVideoPlayerCore:
09-01 18:15:28.857  1519  1519 I Player.AlphaVideoPlayerCore: [main] msg_log_cb, Info T933CA548 CPlayMain L250 The DataLog BUVID: XY277FF2DFB139F19721118D30677E832AAF4
09-01 18:15:28.857  1519  1519 I Player.AlphaVideoPlayerCore:
09-01 18:15:28.858  1519  1519 D Player.BBPlayer.core0: [main] event(1342177297): msg_log_cb, arg1: 0, arg2: 0, any: Info T933CA548 CPlayMain L257 The Session UUID: ea75c7c2-7892-4dd9-9d02-0d542df0f46c
09-01 18:15:28.858  1519  1519 D Player.BBPlayer.core0:
09-01 18:15:28.858  1519  1519 I Player.BBPlayer.core0: [main] msg_log_cb, Info T933CA548 CPlayMain L257 The Session UUID: ea75c7c2-7892-4dd9-9d02-0d542df0f46c
09-01 18:15:28.858  1519  1519 I Player.BBPlayer.core0:
09-01 18:15:28.861   777  1090 D LeakCanary: Setting up flushing for Thread[SL-NetWorkSender,5,main]
09-01 18:15:28.868   777  1453 I CronetEngine: [thread_background]
09-01 18:15:28.868   777  1453 I CronetEngine: url: https://app.uat.missevan.com/site/catalog-root
09-01 18:15:28.868   777  1453 I CronetEngine:  ip: 10.21.250.10
09-01 18:15:28.868   777  1453 I CronetEngine:  hostResolverProvider:
09-01 18:15:28.868   777  1453 I CronetEngine:  hostResolveIps: []
09-01 18:15:28.868   777  1453 I CronetEngine:
09-01 18:15:28.872   777  1454 I BLOG    : [RxCachedThreadScheduler-3] HTTP request: [2022-09-01T10:15:28.737Z] GET https://app.uat.missevan.com/site/catalog-root 200 126ms 0
09-01 18:15:28.874   777  1448 I BLOG    : [RxCachedThreadScheduler-2] HTTP request: [2022-09-01T10:15:28.686Z] GET https://fm.uat.missevan.com/api/v2/chatroom/open/list?p=1&type=0 200 156ms 0
09-01 18:15:28.886   777  1453 I CronetEngine: [thread_background]
09-01 18:15:28.886   777  1453 I CronetEngine: url: https://app.uat.missevan.com/site/editor-catalog
09-01 18:15:28.886   777  1453 I CronetEngine:  ip: 115.236.155.238
09-01 18:15:28.886   777  1453 I CronetEngine:  hostResolverProvider:
09-01 18:15:28.886   777  1453 I CronetEngine:  hostResolveIps: []
09-01 18:15:28.886   777  1453 I CronetEngine:
09-01 18:15:28.908   717   717 I SurfaceFlinger: FPS: 26
09-01 18:15:28.916   777  1453 I CronetEngine: [thread_background]
09-01 18:15:28.916   777  1453 I CronetEngine: url: https://app.uat.missevan.com/site/editor-choice
09-01 18:15:28.916   777  1453 I CronetEngine:  ip: 101.89.125.241
09-01 18:15:28.916   777  1453 I CronetEngine:  hostResolverProvider: ali
09-01 18:15:28.916   777  1453 I CronetEngine:  hostResolveIps: ["101.89.125.241","115.236.155.244","115.236.155.239","117.27.226.224","101.89.125.242","101.89.125.238","115.236.155.242","101.89.125.240","115.236.155.240","115.236.155.238","115.236.155.248","117.27.226.223","117.27.226.222","115.236.155.243","101.89.125.239","115.236.155.241"]
09-01 18:15:28.916   777  1453 I CronetEngine:
09-01 18:15:28.803  1724  2084 D ConnectivityService: isWifiPoorLink:false, nai.everValidated:true, networkType:1, networkDetailedState:CONNECTED, nai.isLingering():false, unneeded(nai, UnneededFor.TEARDOWN):false
09-01 18:15:28.922   777  1538 I BLOG    : [RxCachedThreadScheduler-6] HTTP request: [2022-09-01T10:15:28.738Z] GET https://app.uat.missevan.com/site/editor-choice 200 169ms 0
09-01 18:15:28.933   777  1920 I BLOG    : [RxCachedThreadScheduler-8] HTTP request: [2022-09-01T10:15:28.739Z] GET https://app.uat.missevan.com/site/editor-catalog 200 140ms 0
09-01 18:15:28.952  1581  1969 I appium  : channel read: DELETE /wd/hub/session/6079ef5a-65f2-4e74-be6d-b0da3e440dc6
09-01 18:15:28.953  1581  1969 I appium  : DeleteSession command
09-01 18:15:28.955  1724  2922 D PowerManagerService: releaseWakeLockInternal: lock=116425609 [UiAutomator2:ScreenKeeper], flags=0x0
09-01 18:15:28.961  1581  1969 I appium  : Stopping uiautomator2 io.appium.uiautomator2.http io.appium.uiautomator2.server
09-01 18:15:28.965   777   777 W RecyclerView: No adapter attached; skipping layout
09-01 18:15:28.968  1581  1969 I appium  : AppiumResponse: {"sessionId":"6079ef5a-65f2-4e74-be6d-b0da3e440dc6","value":null}
09-01 18:15:29.015   777  1549 I OpenGLRenderer: Davey! duration=1376ms; Flags=1, IntendedVsync=208122428708011, Vsync=208123212041313, OldestInputEvent=9223372036854775807, NewestInputEvent=0, HandleInputStart=208123215119825, AnimationStart=208123215200138, PerformTraversalsStart=208123215893210, DrawStart=208123767994044, SyncQueued=208123792591335, SyncStart=208123792684929, IssueDrawCommandsStart=208123793022064, SwapBuffers=208123803823106, FrameCompleted=208123804857169, DequeueBufferDuration=360000, QueueBufferDuration=348000,
09-01 18:15:29.088  1724  2895 D ActivityManager: AMS onShellCommand CallingPid=1992 ,callingUid=2000 ,PackageName=android.uid.shell:2000.Starting command :force-stop cn.missevan
09-01 18:15:29.089  1724  2895 D PackageManager: package:2000 check permission,PERMISSION_GRANTED
09-01 18:15:29.089  1724  2895 I ActivityManager: Force stopping cn.missevan appid=10602 user=0: stop by 1992
09-01 18:15:29.090  1724  2895 I ActivityManager: Killing 1560:cn.missevan:player/u0a602 (adj 100): stop by 1992
09-01 18:15:29.091  1724  2895 W ActivityManager: Scheduling restart of crashed service cn.missevan/.play.player.PlayerService in 1000ms
09-01 18:15:29.094  1724  2922 D PackageManager: package:1000 check permission,PERMISSION_GRANTED
09-01 18:15:29.094  1724  2879 D PackageManager: package:1000 check permission,PERMISSION_GRANTED
09-01 18:15:29.099  1724  2895 I ActivityManager: Killing 1700:cn.missevan:stats/u0a602 (adj 0): stop by 1992
09-01 18:15:29.100  1724  2895 W ActivityManager: Scheduling restart of crashed service cn.missevan/com.bilibili.lib.neuron.internal.NeuronRemoteService in 10991ms
09-01 18:15:29.105  1724  1857 W libprocessgroup: kill(-1560, 9) failed: No such process
09-01 18:15:29.110  1724  2895 I ActivityManager: Killing 777:cn.missevan/u0a602 (adj 0): stop by 1992
09-01 18:15:29.112  1724  1857 W libprocessgroup: kill(-1560, 9) failed: No such process
09-01 18:15:29.116  1519  1519 I Player.BaseAidlPlayerService: [main] onUnbind
09-01 18:15:29.117  1724  2895 W ActivityManager: Force removing ActivityRecord{798b958 u0 cn.missevan/.activity.MainActivity t139}: app died, no saved state
09-01 18:15:29.118  1519  1519 I Player.BaseAidlPlayerService: [main] onDestroy
09-01 18:15:29.119  1519  1519 I Player.Aidl: [main] releaseAll
09-01 18:15:29.120  1519  1519 I Player.BBPlayer.core0: [main] release
09-01 18:15:29.122  1519  1519 I Player.BBPlayer.core0: [main] setPlayWhenReady, playWhenReady: false
09-01 18:15:29.122  1724  1857 W libprocessgroup: kill(-1560, 9) failed: No such process
09-01 18:15:29.124  1519  1519 I @@@BBPLOG: Info T933CA548 CPlayMain L104 Destroy playalpha video!
09-01 18:15:29.124  1519  1519 I @@@BBPLOG: Info T933CA548 CPlayMain L106 Destroy audio cut!
09-01 18:15:29.131  1724  1857 W libprocessgroup: kill(-1560, 9) failed: No such process
09-01 18:15:29.131  1519  1519 I @@@BBPLOG: Info T933CA548 CPlayMain L109 Destroy thread work!
09-01 18:15:29.131  1519  1519 I @@@BBPLOG: Info T933CA548 CPlayMain L111 Destroy player engine!
09-01 18:15:29.131  1519  1519 I @@@BBPLOG: Info T933CA548 CPlayMain L114 Destroy source engine!
09-01 18:15:29.131  1519  1519 I @@@BBPLOG: Info T933CA548 CPlayMain L120 Destroy data manager!
09-01 18:15:29.132   717   805 W SurfaceFlinger: Attempting to destroy on removed layer: AppWindowToken{aaf0b96 token=Token{68feab1 ActivityRecord{798b958 u0 cn.missevan/.activity.MainActivity t139}}}#0
09-01 18:15:29.141  1519  1519 I @@@BBPLOG: Info T933CA548 CPlayMain L123 Destroy stop message!
09-01 18:15:29.141  1519  1519 I @@@BBPLOG: Info T933ca548 BBPFuncLog L123 ----CIPMng::Release Value is 00000000 start.
09-01 18:15:29.141  1519  1519 I @@@BBPLOG: Info T933ca548 BBPFuncLog L142 ----CIPMng::Release leave! no return. Ussed Time: 0
09-01 18:15:29.141  1724  1857 W libprocessgroup: kill(-1560, 9) failed: No such process
09-01 18:15:29.141  1519  1519 I @@@BBPLOG: Info T933CA548 CPlayMain L137 Destroy player inst!
09-01 18:15:29.141  1519  1519 I @@@BBPLOG: Info T933ca548 bbPlayer L106 It was Safe to exit ndk player!
09-01 18:15:29.141  1519  1519 I Player.AlphaVideoPlayerCore: [main] release
09-01 18:15:29.143  1519  1519 I @@@BBPLOG: Info T933CA548 CPlayMain L104 Destroy playalpha video!
09-01 18:15:29.143  1519  1519 I @@@BBPLOG: Info T933CA548 CPlayMain L106 Destroy audio cut!
09-01 18:15:29.146  1724  2895 W ActivityManager: vivo occlude resumeTop canOccclude = false next.occlude = false
09-01 18:15:29.146  1724  2895 D ActivityTrigger: activityResumeTrigger: The activity in ApplicationInfo{5470aa3 com.bbk.launcher2} is now in focus and seems to be in full-screen mode
09-01 18:15:29.146  1724  2895 E ActivityTrigger: activityResumeTrigger: not whiteListedcom.bbk.launcher2/com.bbk.launcher2.Launcher/90003028
09-01 18:15:29.151   978   978 I Zygote  : Process 1700 exited due to signal (9)
09-01 18:15:29.151   715 12715 V AudioFlinger: 1560 died, releasing its sessions
09-01 18:15:29.151   715 12715 V AudioFlinger:  pid 2765 @ 0
09-01 18:15:29.151   715 12715 V AudioFlinger:  pid 715 @ 1
09-01 18:15:29.151   715 12715 V AudioFlinger:  pid 715 @ 2
09-01 18:15:29.151   715 12715 V AudioFlinger:  pid 715 @ 3
09-01 18:15:29.151   715 12715 V AudioFlinger:  pid 715 @ 4
09-01 18:15:29.151   715 12715 V AudioFlinger:  pid 715 @ 5
09-01 18:15:29.151   715 12715 V AudioFlinger:  pid 715 @ 6
09-01 18:15:29.151   715 12715 V AudioFlinger:  pid 715 @ 7
09-01 18:15:29.151   715 12715 V AudioFlinger:  pid 715 @ 8
09-01 18:15:29.151   715 12715 V AudioFlinger:  pid 715 @ 9
09-01 18:15:29.151   715 12715 V AudioFlinger:  pid 715 @ 10
09-01 18:15:29.151   715 12715 V AudioFlinger:  pid 715 @ 11
09-01 18:15:29.151   715 12715 V AudioFlinger:  pid 715 @ 12
09-01 18:15:29.151   715 12715 V AudioFlinger:  pid 715 @ 13
09-01 18:15:29.151   715 12715 V AudioFlinger:  pid 715 @ 14
09-01 18:15:29.151   715 12715 V AudioFlinger:  pid 715 @ 15
09-01 18:15:29.152   715 12715 V AudioFlinger:  pid 715 @ 16
09-01 18:15:29.152   715 12715 V AudioFlinger:  pid 715 @ 17
09-01 18:15:29.152   715 12715 V AudioFlinger:  pid 715 @ 18
09-01 18:15:29.152  1724  2101 D MediaSessionService: destroySessionLockedOnSessionDied cn.missevan/PlayerService (userId=0)
09-01 18:15:29.152   715 12715 V AudioFlinger:  pid 715 @ 19
09-01 18:15:29.152   715 12715 V AudioFlinger:  pid 715 @ 20
09-01 18:15:29.152   715 12715 V AudioFlinger:  pid 715 @ 21
09-01 18:15:29.152   715 12715 V AudioFlinger:  pid 715 @ 22
09-01 18:15:29.152   715 12715 V AudioFlinger:  pid 715 @ 23
09-01 18:15:29.152  1724  2101 D MediaSessionService: Media button session is changed to null
09-01 18:15:29.152   715 12715 V AudioFlinger:  pid 715 @ 24
09-01 18:15:29.152   715 12715 V AudioFlinger:  pid 715 @ 25
09-01 18:15:29.152   715 12715 V AudioFlinger:  pid 715 @ 26
09-01 18:15:29.152   715 12715 V AudioFlinger:  pid 715 @ 27
09-01 18:15:29.152   715 12715 V AudioFlinger:  pid 715 @ 28
09-01 18:15:29.152   715 12715 V AudioFlinger:  pid 715 @ 29
09-01 18:15:29.152   715 12715 V AudioFlinger:  pid 715 @ 30
09-01 18:15:29.152   715 12715 V AudioFlinger:  pid 715 @ 31
09-01 18:15:29.152   715 12715 V AudioFlinger:  pid 715 @ 32
09-01 18:15:29.152   715 12715 V AudioFlinger:  pid 715 @ 33
09-01 18:15:29.152   715 12715 V AudioFlinger:  pid 715 @ 34
09-01 18:15:29.152   715 12715 V AudioFlinger:  pid 715 @ 35
09-01 18:15:29.152   715 12715 V AudioFlinger:  pid 715 @ 36
09-01 18:15:29.152   715 12715 V AudioFlinger:  pid 715 @ 37
09-01 18:15:29.152   715 12715 V AudioFlinger:  pid 715 @ 38
09-01 18:15:29.152   715 12715 V AudioFlinger:  pid 715 @ 39
09-01 18:15:29.152   715 12715 V AudioFlinger:  pid 715 @ 40
09-01 18:15:29.152   715 12715 V AudioFlinger:  pid 715 @ 41
09-01 18:15:29.152   715 12715 V AudioFlinger:  pid 715 @ 42
09-01 18:15:29.152   715 12715 V AudioFlinger:  pid 715 @ 43
09-01 18:15:29.152   715 12715 V AudioFlinger:  pid 715 @ 44
09-01 18:15:29.152   715 12715 V AudioFlinger:  pid 715 @ 45
09-01 18:15:29.152   715 12715 V AudioFlinger:  pid 715 @ 46
09-01 18:15:29.152   715 12715 V AudioFlinger:  pid 715 @ 47
09-01 18:15:29.152   715 12715 V AudioFlinger:  pid 715 @ 48
09-01 18:15:29.152   715 12715 V AudioFlinger:  pid 715 @ 49
09-01 18:15:29.152   715 12715 V AudioFlinger:  pid 715 @ 50
09-01 18:15:29.152   715 12715 V AudioFlinger:  pid 715 @ 51
09-01 18:15:29.152   715 12715 V AudioFlinger:  pid 715 @ 52
09-01 18:15:29.152   715 12715 V AudioFlinger:  pid 715 @ 53
09-01 18:15:29.152   715 12715 V AudioFlinger:  pid 715 @ 54
09-01 18:15:29.152   715 12715 V AudioFlinger:  pid 715 @ 55
09-01 18:15:29.152   715 12715 V AudioFlinger:  pid 715 @ 56
09-01 18:15:29.152   715 12715 V AudioFlinger:  pid 715 @ 57
09-01 18:15:29.152   715 12715 V AudioFlinger:  pid 715 @ 58
09-01 18:15:29.152   715 12715 V AudioFlinger:  pid 715 @ 59
09-01 18:15:29.152   715 12715 V AudioFlinger:  pid 715 @ 60
09-01 18:15:29.152   715 12715 V AudioFlinger:  pid 715 @ 61
09-01 18:15:29.152   715 12715 V AudioFlinger:  pid 715 @ 62
09-01 18:15:29.152   715 12715 V AudioFlinger:  pid 715 @ 63
09-01 18:15:29.152   715 12715 V AudioFlinger:  pid 715 @ 64
09-01 18:15:29.152   715 12715 V AudioFlinger:  pid 715 @ 65
09-01 18:15:29.152   715 12715 V AudioFlinger:  pid 715 @ 66
09-01 18:15:29.152   715 12715 V AudioFlinger:  pid 715 @ 67
09-01 18:15:29.152  1724  2101 D MediaSessionStack: removeSession record:cn.missevan/PlayerService (userId=0)
09-01 18:15:29.152   715 12715 V AudioFlinger:  pid 715 @ 68
09-01 18:15:29.152   715 12715 V AudioFlinger:  pid 715 @ 69
09-01 18:15:29.152   715 12715 V AudioFlinger:  pid 715 @ 70
09-01 18:15:29.152   715 12715 V AudioFlinger:  pid 715 @ 71
09-01 18:15:29.152   715 12715 V AudioFlinger:  pid 715 @ 72
09-01 18:15:29.152   715 12715 V AudioFlinger:  pid 715 @ 73
09-01 18:15:29.152   715 12715 V AudioFlinger:  pid 715 @ 74
09-01 18:15:29.152   715 12715 V AudioFlinger:  pid 715 @ 75
09-01 18:15:29.152   715 12715 V AudioFlinger:  pid 715 @ 76
09-01 18:15:29.152   715 12715 V AudioFlinger:  pid 715 @ 77
09-01 18:15:29.152   715 12715 V AudioFlinger:  pid 715 @ 78
09-01 18:15:29.152   715 12715 V AudioFlinger:  pid 715 @ 79
09-01 18:15:29.152   715 12715 V AudioFlinger:  pid 715 @ 80
09-01 18:15:29.152   715 12715 V AudioFlinger:  pid 715 @ 81
09-01 18:15:29.152   715 12715 V AudioFlinger:  pid 715 @ 82
09-01 18:15:29.152   715 12715 V AudioFlinger:  pid 715 @ 83
09-01 18:15:29.152   715 12715 V AudioFlinger:  pid 715 @ 84
09-01 18:15:29.152   715 12715 V AudioFlinger:  pid 715 @ 85
09-01 18:15:29.152   715 12715 V AudioFlinger:  pid 715 @ 86
09-01 18:15:29.152   715 12715 V AudioFlinger:  pid 715 @ 87
09-01 18:15:29.152   715 12715 V AudioFlinger:  pid 715 @ 88
09-01 18:15:29.152   715 12715 V AudioFlinger:  pid 715 @ 89
09-01 18:15:29.152   715 12715 V AudioFlinger:  pid 715 @ 90
09-01 18:15:29.152   715 12715 V AudioFlinger:  pid 715 @ 91
09-01 18:15:29.152   715 12715 V AudioFlinger:  pid 715 @ 92
09-01 18:15:29.152   715 12715 V AudioFlinger:  pid 715 @ 93
09-01 18:15:29.152   715 12715 V AudioFlinger:  pid 715 @ 94
09-01 18:15:29.152   715 12715 V AudioFlinger:  pid 715 @ 95
09-01 18:15:29.152   715 12715 V AudioFlinger:  pid 715 @ 96
09-01 18:15:29.152   715 12715 V AudioFlinger:  pid 715 @ 97
09-01 18:15:29.152   715 12715 V AudioFlinger:  pid 13770 @ 98
09-01 18:15:29.152   715 12715 V AudioFlinger:  pid 24414 @ 99
09-01 18:15:29.152   715 12715 V AudioFlinger:  pid 2404 @ 100
09-01 18:15:29.152   715 12715 V AudioFlinger:  pid 2404 @ 101
09-01 18:15:29.152   715 12715 V AudioFlinger:  pid 990 @ 102
09-01 18:15:29.152  6559  6559 V Avrcp_ext: Player 12 package: cn.missevan
09-01 18:15:29.152  1724  1724 D MediaSessionRecord: pushSessionDestroyed start
09-01 18:15:29.152  1724  1724 D MediaSessionRecord: pushSessionDestroyed start
09-01 18:15:29.152  6559  6891 V Avrcp_ext: MediaController session destroyed
09-01 18:15:29.152  6559  6891 V Avrcp_ext: updateNewIds: Addressed:12 to 12, Browse:0 to 0
09-01 18:15:29.153  2404  2432 D vol.MediaSessions: onSessionDestroyed cn.missevan
09-01 18:15:29.153  2404  2432 D vol.MediaSessions: updateRemoteControllerH null
09-01 18:15:29.153  1724  9731 D MediaSessionRecord: getMetadata :null, null, null
09-01 18:15:29.153  6559  6891 D Avrcp_ext: updateCurrentController: MediaController (cn.missevan@68016e9) null, null, null to null
09-01 18:15:29.154  1724  9731 D MediaSessionRecord: unregistering callback android.os.BinderProxy@fce76f
09-01 18:15:29.154  6559  6891 V Avrcp_ext: updateNewIds: Addressed:12 to 12, Browse:0 to 0
09-01 18:15:29.154  6559  6891 D PlaybackState: setState position:-1
09-01 18:15:29.154  6559  6891 V Avrcp_ext: updateCurrentMediaState: mMediaController: null
09-01 18:15:29.154  2404  2432 D vol.MediaSessions: onActiveSessionsUpdatedH n=0
09-01 18:15:29.155  1724  9731 D MediaSessionRecord: unregistering callback android.os.BinderProxy@90c8c7c
09-01 18:15:29.156  6559  6891 V Avrcp_ext: isMusicActive: false getBluetoothPlayState: 0
09-01 18:15:29.156  6559  6891 V Avrcp_ext: updateCurrentMediaState: isPlaying = false, ck_play = 241
09-01 18:15:29.156  6559  6891 V Avrcp_ext: updateCurrentMediaState: mMediaController or getPlaybackState() null
09-01 18:15:29.156  6559  6891 D PlaybackState: setState position:-1
09-01 18:15:29.156  6559  6891 D PlaybackState: getActiveQueueItemId Id:-1
09-01 18:15:29.156  1724  1857 W libprocessgroup: kill(-1560, 9) failed: No such process
09-01 18:15:29.156  6559  6891 V Avrcp_ext: Media update: id 0-1? [MediaAttributes: none] : [MediaAttributes:  -  by Y (1326393 0/0) ]
09-01 18:15:29.156  6559  6891 V Avrcp_ext: Check if NowPlayingList is updated
09-01 18:15:29.156  6559  6891 V Avrcp_ext: newPlayStatus:2mReportedPlayStatus:-1
09-01 18:15:29.156  1519  1519 I @@@BBPLOG: Info T933CA548 CPlayMain L109 Destroy thread work!
09-01 18:15:29.156  1519  1519 I @@@BBPLOG: Info T933CA548 CPlayMain L111 Destroy player engine!
09-01 18:15:29.156  1519  1519 I @@@BBPLOG: Info T933CA548 CPlayMain L114 Destroy source engine!
09-01 18:15:29.156  6559  6891 D Avrcp_ext: Exit onSessionDestroyed
09-01 18:15:29.156  1519  1519 I @@@BBPLOG: Info T933CA548 CPlayMain L120 Destroy data manager!
09-01 18:15:29.156  6559  6891 W Avrcp_ext: ActiveSession: updated[]
09-01 18:15:29.156  6559  6891 W Avrcp_ext: ActiveSession: browseSelectedfalsemBrowsedPlayerExistfalse
09-01 18:15:29.156  6559  6891 W Avrcp_ext: Browse Player killed OR not launched yet !!!!
09-01 18:15:29.156  6559  6891 D PlaybackState: setState position:-1
09-01 18:15:29.156  6559  6891 V Avrcp_ext: updateCurrentMediaState: mMediaController: null
09-01 18:15:29.157  6559  6891 V Avrcp_ext: isMusicActive: false getBluetoothPlayState: 0
09-01 18:15:29.157  6559  6891 V Avrcp_ext: updateCurrentMediaState: isPlaying = false, ck_play = 241
09-01 18:15:29.157  6559  6891 V Avrcp_ext: updateCurrentMediaState: mMediaController or getPlaybackState() null
09-01 18:15:29.157  6559  6891 D PlaybackState: setState position:-1
09-01 18:15:29.157  6559  6891 D PlaybackState: getActiveQueueItemId Id:-1
09-01 18:15:29.157  6559  6891 V Avrcp_ext: Media update: id 0-1? [MediaAttributes: none] : [MediaAttributes:  -  by Y (1326393 0/0) ]
09-01 18:15:29.157  6559  6891 V Avrcp_ext: Check if NowPlayingList is updated
09-01 18:15:29.157  6559  6891 V Avrcp_ext: newPlayStatus:2mReportedPlayStatus:-1
09-01 18:15:29.157  2404  2432 D vol.MediaSessions: Removing FM sentRemote=false
09-01 18:15:29.157  2404  2432 D vol.MediaSessions: onActiveSessionsUpdatedH n=0
09-01 18:15:29.159   978   978 I Zygote  : Process 1560 exited due to signal (9)
09-01 18:15:29.167  1519  1519 I @@@BBPLOG: Info T933CA548 CPlayMain L123 Destroy stop message!
09-01 18:15:29.167  1519  1519 I @@@BBPLOG: Info T933ca548 BBPFuncLog L123 ----CIPMng::Release Value is 00000000 start.
09-01 18:15:29.167  1519  1519 I @@@BBPLOG: Info T933ca548 BBPFuncLog L142 ----CIPMng::Release leave! no return. Ussed Time: 0
09-01 18:15:29.167  1519  1519 I @@@BBPLOG: Info T933CA548 CPlayMain L137 Destroy player inst!
09-01 18:15:29.167  1519  1519 I @@@BBPLOG: Info T933ca548 bbPlayer L106 It was Safe to exit ndk player!
09-01 18:15:29.171  1724  1857 W libprocessgroup: kill(-1560, 9) failed: No such process
09-01 18:15:29.171  1724  1857 I libprocessgroup: Successfully killed process cgroup uid 10602 pid 1560 in 79ms
09-01 18:15:29.171  1724  1857 W libprocessgroup: kill(-1700, 9) failed: No such process
09-01 18:15:29.171  1724  1857 I libprocessgroup: Successfully killed process cgroup uid 10602 pid 1700 in 0ms
09-01 18:15:29.171  1724  1857 W libprocessgroup: kill(-777, 9) failed: No such process
09-01 18:15:29.180  1724  2895 I ActivityManager: Killing 1519:cn.missevan:player.single/u0a602 (adj 0): stop by 1992
09-01 18:15:29.181  1724  1857 W libprocessgroup: kill(-777, 9) failed: No such process
09-01 18:15:29.187  1724  2895 I ActivityManager:   Force stopping service ServiceRecord{eed12de u0 cn.missevan/com.bilibili.lib.neuron.internal.NeuronRemoteService}
09-01 18:15:29.189  1724  2895 I ActivityManager: Force stopping cn.missevan appid=10602 user=999: stop by 1992
09-01 18:15:29.193  1724  2478 W ActivityManager: Service done with onDestroy, but not inDestroying: ServiceRecord{940282 u0 cn.missevan/.lib.common.player.service.aidl.AidlPlayerService}, app=ProcessRecord{c196149 0:cn.missevan:player.single/u0a602}
09-01 18:15:29.191  1724  1857 W libprocessgroup: kill(-777, 9) failed: No such process
09-01 18:15:29.194  1724  2922 D PackageManager: package:1000 check permission,PERMISSION_GRANTED
09-01 18:15:29.194  1724  2879 D PackageManager: package:1000 check permission,PERMISSION_GRANTED
09-01 18:15:29.195  1724  9731 D PackageManager: package:1000 check permission,PERMISSION_GRANTED
09-01 18:15:29.196  1724  1782 D PackageManager: package:1000 check permission,PERMISSION_GRANTED
09-01 18:15:29.197  1724  1853 D PackageManager: package:1000 check permission,PERMISSION_GRANTED
09-01 18:15:29.199  1724  2478 D PackageManager: package:1000 check permission,PERMISSION_GRANTED
09-01 18:15:29.199  1724  2893 D PackageManager: package:1002 check permission,PERMISSION_GRANTED
09-01 18:15:29.200  1724  2892 D PackageManager: package:1000 check permission,PERMISSION_GRANTED
09-01 18:15:29.201  1724  1853 D UiModeManager: onForegroundActivitiesChanged: pid=4240, uid=10096, foregroundActivities=true
09-01 18:15:29.202  1724  1782 D PackageManager: package:1000 check permission,PERMISSION_GRANTED
09-01 18:15:29.204  1724 14890 D PackageManager: package:1000 check permission,PERMISSION_GRANTED
09-01 18:15:29.209   715 12715 V APM_AudioPolicyManager: AudioPolicyManager:setRecordSilenced(uid:10602, silenced:1)
09-01 18:15:29.209   715 12715 V AudioFlinger: AudioFlinger::setRecordSilenced(uid:10602, silenced:1)
09-01 18:15:29.209  1724  1857 W libprocessgroup: kill(-777, 9) failed: No such process
09-01 18:15:29.210  1724 14890 D PackageManager: package:1000 check permission,PERMISSION_GRANTED
09-01 18:15:29.212  1724  2893 D PackageManager: package:1000 check permission,PERMISSION_GRANTED
09-01 18:15:29.212  1724  1724 I NotificationService: action=android.intent.action.PACKAGE_RESTARTED removing=false
09-01 18:15:29.214  1724  2478 D PackageManager: package:1000 check permission,PERMISSION_GRANTED
09-01 18:15:29.215  2831  2831 D CarrierSvcBindHelper: No carrier app for: 0
09-01 18:15:29.215  2831  2831 D CarrierSvcBindHelper: No carrier app for: 1
09-01 18:15:29.217  1724  1852 D ActivityManager: StartMode packageName = com.tencent.android.qqdownloader ,callingPid = -1 ,alwaysRestrict = true ,startMode = 2 ,UidRec:null
09-01 18:15:29.217  1724  1852 W BroadcastQueue: Background execution not allowed: receiving Intent { act=android.intent.action.PACKAGE_RESTARTED dat=package:cn.missevan flg=0x10 (has extras) } to com.tencent.android.qqdownloader/com.tencent.assistant.localres.localapk.PackageChangedReceiver
09-01 18:15:29.218  2831  2831 D CarrierSvcBindHelper: No carrier app for: 0
09-01 18:15:29.218  2831  2831 D CarrierSvcBindHelper: No carrier app for: 1
09-01 18:15:29.220  1724  1724 V AlarmAlign: setLocked to kernel, type = 2, when = 603539924, curTime = 603443765
09-01 18:15:29.220  1724  2478 D PackageManager: package:1000 check permission,PERMISSION_GRANTED
09-01 18:15:29.220  1724  1724 V AlarmAlign: setLocked to kernel, type = 3, when = 603474545, curTime = 603443765
09-01 18:15:29.220  1724  1724 V AlarmAlign: setLocked to kernel, type = 2, when = 603539924, curTime = 603443765
09-01 18:15:29.220  1724  1724 V AlarmAlign: setLocked to kernel, type = 3, when = 603474545, curTime = 603443765
09-01 18:15:29.221  2765  2765 W ContextImpl: Calling a method in the system process without a qualified user: android.app.ContextImpl.startService:1550 android.content.ContextWrapper.startService:664 com.vivo.daemonService.easyshare.ESAlarmReceiver.a:5 com.vivo.daemonService.easyshare.ESAlarmReceiver.onReceive:2 android.app.LoadedApk$ReceiverDispatcher$Args.lambda$getRunnable$0:1416
09-01 18:15:29.222  1724  1857 W libprocessgroup: kill(-777, 9) failed: No such process
09-01 18:15:29.222  1724 14890 D PackageManager: package:1000 check permission,PERMISSION_GRANTED
09-01 18:15:29.223  1724  1852 D ActivityManager: StartMode packageName = com.vivo.appfilter ,callingPid = -1 ,alwaysRestrict = true ,startMode = 2 ,UidRec:UidRecord{78ed8ef 1000 PER  procs:36 seq(0,0,0)}
09-01 18:15:29.223  1724  1852 W BroadcastQueue: Background execution not allowed: receiving Intent { act=android.intent.action.PACKAGE_RESTARTED dat=package:cn.missevan flg=0x10 (has extras) } to com.vivo.appfilter/.receiver.VivoBringupPkgReceiver
09-01 18:15:29.223  4240  4240 D Launcher.LauncherOverlayManager: onResume
09-01 18:15:29.224  1724  1724 V AlarmAlign: setLocked to kernel, type = 2, when = 603539924, curTime = 603443769
09-01 18:15:29.224  1724  1724 V AlarmAlign: setLocked to kernel, type = 3, when = 603474545, curTime = 603443769
09-01 18:15:29.224  1724  1724 V AlarmAlign: setLocked to kernel, type = 2, when = 603539924, curTime = 603443769
09-01 18:15:29.224  1724  1724 V AlarmAlign: setLocked to kernel, type = 3, when = 603474545, curTime = 603443769
09-01 18:15:29.225  1724  1724 D NotificationService: handleSavePolicyFile
09-01 18:15:29.227  1724  2893 D PackageManager: package:1000 check permission,PERMISSION_GRANTED
09-01 18:15:29.228  1724 14890 D PackageManager: package:1000 check permission,PERMISSION_GRANTED
09-01 18:15:29.231  1724  1857 W libprocessgroup: kill(-777, 9) failed: No such process
09-01 18:15:29.233  1724  2893 D PackageManager: package:1000 check permission,PERMISSION_GRANTED
09-01 18:15:29.233  1724  1852 D ActivityManager: StartMode packageName = com.tencent.android.qqdownloader ,callingPid = -1 ,alwaysRestrict = true ,startMode = 2 ,UidRec:null
09-01 18:15:29.233  1724  1852 W BroadcastQueue: Background execution not allowed: receiving Intent { act=android.intent.action.PACKAGE_RESTARTED dat=package:cn.missevan flg=0x10 (has extras) } to com.tencent.android.qqdownloader/com.qq.AppService.APKReceiver
09-01 18:15:29.233  1724  2478 D PackageManager: package:1000 check permission,PERMISSION_GRANTED
09-01 18:15:29.236  1724 14890 D PackageManager: package:1000 check permission,PERMISSION_GRANTED
09-01 18:15:29.238  1724  2478 D ConnectivityService: ConnectivityService NetworkRequestInfo binderDied(NetworkRequest [ TRACK_DEFAULT id=1053, [ Capabilities: INTERNET&NOT_RESTRICTED&TRUSTED Unwanted:  Uid: 10602] ], android.os.BinderProxy@4fc4d5a)
09-01 18:15:29.238  1724 14873 D ConnectivityService: ConnectivityService NetworkRequestInfo binderDied(NetworkRequest [ LISTEN id=1054, [ Capabilities: INTERNET&NOT_RESTRICTED&TRUSTED Unwanted:  Uid: 10602] ], android.os.BinderProxy@c9a8b8b)
09-01 18:15:29.239  1724  2084 D ConnectivityService: releasing NetworkRequest [ TRACK_DEFAULT id=1053, [ Capabilities: INTERNET&NOT_RESTRICTED&TRUSTED Unwanted:  Uid: 10602] ] (release request)
09-01 18:15:29.241  1724  2892 D PackageManager: package:1000 check permission,PERMISSION_GRANTED
09-01 18:15:29.241  1724  1857 W libprocessgroup: kill(-777, 9) failed: No such process
09-01 18:15:29.242   978   978 I Zygote  : Process 1519 exited due to signal (9)
09-01 18:15:29.245  1724  2892 D PackageManager: package:1000 check permission,PERMISSION_GRANTED
09-01 18:15:29.247  1724 14890 D PackageManager: package:1000 check permission,PERMISSION_GRANTED
09-01 18:15:29.252  1724  1857 W libprocessgroup: kill(-777, 9) failed: No such process
09-01 18:15:29.258   717   805 E         : IProducerListener: malformed binder reply
09-01 18:15:29.262  1724  1857 W libprocessgroup: kill(-777, 9) failed: No such process
09-01 18:15:29.264  1724  1724 I NotificationService: action=android.intent.action.PACKAGE_RESTARTED removing=false
09-01 18:15:29.265  1724  1724 D NotificationService: handleSavePolicyFile
09-01 18:15:29.272  1724  1857 W libprocessgroup: kill(-777, 9) failed: No such process
09-01 18:15:29.283  1724  1857 W libprocessgroup: kill(-777, 9) failed: No such process
09-01 18:15:29.287  1724  4868 D ConnectivityService: ConnectivityService NetworkRequestInfo binderDied(NetworkRequest [ TRACK_DEFAULT id=1051, [ Capabilities: INTERNET&NOT_RESTRICTED&TRUSTED Unwanted:  Uid: 10602] ], android.os.BinderProxy@cd3f468)
09-01 18:15:29.287  1724  2881 D ConnectivityService: ConnectivityService NetworkRequestInfo binderDied(NetworkRequest [ TRACK_DEFAULT id=1050, [ Capabilities: INTERNET&NOT_RESTRICTED&TRUSTED Unwanted:  Uid: 10602] ], android.os.BinderProxy@b26f081)
09-01 18:15:29.287  1724  2084 D ConnectivityService: releasing NetworkRequest [ TRACK_DEFAULT id=1051, [ Capabilities: INTERNET&NOT_RESTRICTED&TRUSTED Unwanted:  Uid: 10602] ] (release request)
09-01 18:15:29.287 23979 23979 D logVersionTime: 20201215
09-01 18:15:29.288  1724  2895 D ConnectivityService: ConnectivityService NetworkRequestInfo binderDied(NetworkRequest [ LISTEN id=1052, [ Capabilities: INTERNET&NOT_RESTRICTED&TRUSTED Unwanted:  Uid: 10602] ], android.os.BinderProxy@1a1e526)
09-01 18:15:29.288  1724  2084 D ConnectivityService: releasing NetworkRequest [ TRACK_DEFAULT id=1050, [ Capabilities: INTERNET&NOT_RESTRICTED&TRUSTED Unwanted:  Uid: 10602] ] (release request)
09-01 18:15:29.291  1724  1857 W libprocessgroup: kill(-777, 9) failed: No such process
09-01 18:15:29.291  1724  1857 I libprocessgroup: Successfully killed process cgroup uid 10602 pid 777 in 120ms
09-01 18:15:29.292   978   978 I Zygote  : Process 777 exited due to signal (9)
09-01 18:15:29.293  1724  1857 W libprocessgroup: kill(-1519, 9) failed: No such process
09-01 18:15:29.293  1724  1857 I libprocessgroup: Successfully killed process cgroup uid 10602 pid 1519 in 1ms
09-01 18:15:29.326  1724  1877 W ActivityManager: setHasOverlayUi called on unknown pid: 777
09-01 18:15:29.348 23979 23979 D MainImeServiceDel: mHandler = 76
09-01 18:15:29.358  1724  1724 V SettingsProvider: Notifying for 0: content://settings/global/hidden_api_policy_pre_p_apps
09-01 18:15:29.359  1724  1724 V SettingsProvider: Notifying for 999: content://settings/global/hidden_api_policy_pre_p_apps
09-01 18:15:29.385  1724  1724 V SettingsProvider: Notifying for 0: content://settings/global/hidden_api_policy_p_apps
09-01 18:15:29.385  1724  1724 V SettingsProvider: Notifying for 999: content://settings/global/hidden_api_policy_p_apps
09-01 18:15:29.411  1724  1724 V SettingsProvider: Notifying for 0: content://settings/global/hidden_api_policy
09-01 18:15:29.412  1724  1724 V SettingsProvider: Notifying for 999: content://settings/global/hidden_api_policy
09-01 18:15:29.479  4240  4710 W OpenGLRenderer: Incorrectly called buildLayer on View: w, destroying layer...
09-01 18:15:29.479  4240  4710 W OpenGLRenderer: Incorrectly called buildLayer on View: w, destroying layer...
09-01 18:15:29.535   715   916 V AudioFlinger: releaseWakeLock_l() AudioOut_25
09-01 18:15:29.535   715   916 V AudioFlinger: thread 0xecd03080 type 0 TID 916 going to sleep
09-01 18:15:29.536   715   915 V AudioFlinger: releaseWakeLock_l() AudioOut_15
09-01 18:15:29.536   715   915 V AudioFlinger: thread 0xed003f40 type 0 TID 915 going to sleep
09-01 18:15:29.540   715   913 V AudioFlinger: releaseWakeLock_l() AudioOut_D
09-01 18:15:29.540   715   913 V AudioFlinger: thread 0xed395880 type 0 TID 913 going to sleep
09-01 18:15:29.627  1581  1687 I TestRunner: finished: startServer(io.appium.uiautomator2.server.test.AppiumUiAutomator2Server)
09-01 18:15:29.632  1581  1581 I MonitoringInstr: Activities that are still in CREATED to STOPPED: 0
09-01 18:15:29.634  1581  1687 I TestRunner: run finished: 1 tests, 0 failed, 0 ignored
09-01 18:15:29.647  1581  1687 D NetworkSecurityConfig: No Network Security Config specified, using platform default
09-01 18:15:29.648  1581  1687 I DpmTcmClient: RegisterTcmMonitor from: $Proxy0
09-01 18:15:29.889  1724  2184 I DisplayPowerState: mBlockedByFingerprint = 0
09-01 18:15:29.893  1724  2184 E DisplayPowerState: run changed=true mNightPearlManager is null! or state != Display.STATE_OFF
09-01 18:15:29.893  1724  2184 D DisplayPowerState: run normal set state ON brightness:219
09-01 18:15:29.894  1724  2184 W LightsService: setBrightness:168
09-01 18:15:29.903  1724  2184 D FingerprintWakeHook: Display state changed to ON
09-01 18:15:29.903  1724  2184 D DisplayPowerState: run normal set state end
09-01 18:15:29.906  1724  2184 D DisplayPowerState: run state:ON on:true backlight:168
09-01 18:15:29.906  1724  2184 I DisplayPowerState: mBlockedByFingerprint = 0
09-01 18:15:29.907  1724  2184 E DisplayPowerState: run changed=true mNightPearlManager is null! or state != Display.STATE_OFF
09-01 18:15:29.907  1724  2184 D DisplayPowerState: run normal set state ON brightness:204
09-01 18:15:29.908  1724  2184 W LightsService: setBrightness:158
09-01 18:15:29.914  1724  2184 D FingerprintWakeHook: Display state changed to ON
09-01 18:15:29.914  1724  2184 D DisplayPowerState: run normal set state end
09-01 18:15:29.916  1724  2184 D DisplayPowerState: run state:ON on:true backlight:158
09-01 18:15:29.922  1724  2184 I DisplayPowerState: mBlockedByFingerprint = 0
09-01 18:15:29.923  1724  2184 E DisplayPowerState: run changed=true mNightPearlManager is null! or state != Display.STATE_OFF
09-01 18:15:29.923  1724  2184 D DisplayPowerState: run normal set state ON brightness:199
09-01 18:15:29.924  1724  2184 W LightsService: setBrightness:152
09-01 18:15:29.929  1724  2184 D FingerprintWakeHook: Display state changed to ON
09-01 18:15:29.929  1724  2184 D DisplayPowerState: run normal set state end
09-01 18:15:29.930  1724  2184 D DisplayPowerState: run state:ON on:true backlight:152
09-01 18:15:29.939  1724  2184 I DisplayPowerState: mBlockedByFingerprint = 0
09-01 18:15:29.939  1724  2184 E DisplayPowerState: run changed=true mNightPearlManager is null! or state != Display.STATE_OFF
09-01 18:15:29.940  1724  2184 D DisplayPowerState: run normal set state ON brightness:194
09-01 18:15:29.940  1724  2184 W LightsService: setBrightness:146
09-01 18:15:29.945  1724  2184 D FingerprintWakeHook: Display state changed to ON
09-01 18:15:29.945  1724  2184 D DisplayPowerState: run normal set state end
09-01 18:15:29.946  1724  2184 D DisplayPowerState: run state:ON on:true backlight:146
09-01 18:15:29.955  1724  2184 I DisplayPowerState: mBlockedByFingerprint = 0
09-01 18:15:29.956  1724  2184 E DisplayPowerState: run changed=true mNightPearlManager is null! or state != Display.STATE_OFF
09-01 18:15:29.956  1724  2184 D DisplayPowerState: run normal set state ON brightness:189
09-01 18:15:29.957  1724  2184 W LightsService: setBrightness:141
09-01 18:15:29.963  1724  2184 D FingerprintWakeHook: Display state changed to ON
09-01 18:15:29.963  1724  2184 D DisplayPowerState: run normal set state end
09-01 18:15:29.964  1724  2184 D DisplayPowerState: run state:ON on:true backlight:141
09-01 18:15:29.974  1724  2184 I DisplayPowerState: mBlockedByFingerprint = 0
09-01 18:15:29.975  1724  2184 E DisplayPowerState: run changed=true mNightPearlManager is null! or state != Display.STATE_OFF
09-01 18:15:29.975  1724  2184 D DisplayPowerState: run normal set state ON brightness:184
09-01 18:15:29.975  1724  2184 D DisplayPowerState: run normal set state end
09-01 18:15:29.976  1724  2184 D DisplayPowerState: run state:ON on:true backlight:141
09-01 18:15:29.988  1724  2184 I DisplayPowerState: mBlockedByFingerprint = 0
09-01 18:15:29.989  1724  2184 E DisplayPowerState: run changed=true mNightPearlManager is null! or state != Display.STATE_OFF
09-01 18:15:29.989  1724  2184 D DisplayPowerState: run normal set state ON brightness:179
09-01 18:15:29.990  1724  2184 W LightsService: setBrightness:134
09-01 18:15:29.994  1724  2184 D FingerprintWakeHook: Display state changed to ON
09-01 18:15:29.994  1724  2184 D DisplayPowerState: run normal set state end
09-01 18:15:29.995  1724  2184 D DisplayPowerState: run state:ON on:true backlight:134
09-01 18:15:30.005  1724  2184 I DisplayPowerState: mBlockedByFingerprint = 0
09-01 18:15:30.006  1724  2184 E DisplayPowerState: run changed=true mNightPearlManager is null! or state != Display.STATE_OFF
09-01 18:15:30.006  1724  2184 D DisplayPowerState: run normal set state ON brightness:174
09-01 18:15:30.007  1724  2184 D DisplayPowerState: run normal set state end
09-01 18:15:30.008  1724  2184 D DisplayPowerState: run state:ON on:true backlight:134
09-01 18:15:30.023  1724  2184 I DisplayPowerState: mBlockedByFingerprint = 0
09-01 18:15:30.024  1724  2184 E DisplayPowerState: run changed=true mNightPearlManager is null! or state != Display.STATE_OFF
09-01 18:15:30.024  1724  2184 D DisplayPowerState: run normal set state ON brightness:169
09-01 18:15:30.024  1724  2184 W LightsService: setBrightness:128
09-01 18:15:30.029  1724  2184 D FingerprintWakeHook: Display state changed to ON
09-01 18:15:30.030  1724  2184 D DisplayPowerState: run normal set state end
09-01 18:15:30.032  1724  2184 D DisplayPowerState: run state:ON on:true backlight:128
09-01 18:15:30.039  1724  2184 I DisplayPowerState: mBlockedByFingerprint = 0
09-01 18:15:30.040  1724  2184 E DisplayPowerState: run changed=true mNightPearlManager is null! or state != Display.STATE_OFF
09-01 18:15:30.040  1724  2184 D DisplayPowerState: run normal set state ON brightness:164
09-01 18:15:30.040  1724  2184 W LightsService: setBrightness:122
09-01 18:15:30.048  1724  2184 D FingerprintWakeHook: Display state changed to ON
09-01 18:15:30.048  1724  2184 D DisplayPowerState: run normal set state end
09-01 18:15:30.049  1724  2184 D DisplayPowerState: run state:ON on:true backlight:122
09-01 18:15:30.055  1724  2184 I DisplayPowerState: mBlockedByFingerprint = 0
09-01 18:15:30.057  1724  2184 E DisplayPowerState: run changed=true mNightPearlManager is null! or state != Display.STATE_OFF
09-01 18:15:30.057  1724  2184 D DisplayPowerState: run normal set state ON brightness:159
09-01 18:15:30.057  1724  2184 D DisplayPowerState: run normal set state end
09-01 18:15:30.058  1724  2184 D DisplayPowerState: run state:ON on:true backlight:122
