09-01 18:14:21.124 32077 32356 I BLOG    : [RxCachedThreadScheduler-7] HTTP request: [2022-09-01T10:14:20.950Z] GET https://app.uat.missevan.com/site/new-power-sound?page=1&page_size=1000 200 167ms 0
09-01 18:14:21.226   717   717 I ConfigStore: android::hardware::configstore::V1_0::ISurfaceFlingerConfigs::hasHDRDisplay retrieved: 0
09-01 18:14:21.294   717   717 I ConfigStore: android::hardware::configstore::V1_0::ISurfaceFlingerConfigs::hasHDRDisplay retrieved: 0
09-01 18:14:21.297 32286 32571 I appium  : AppiumResponse: {"sessionId":"6079ef5a-65f2-4e74-be6d-b0da3e440dc6","value":{"error":"no such element","message":"An element could not be located on the page using the given search parameters","stacktrace":"io.appium.uiautomator2.common.exceptions.ElementNotFoundException: An element could not be located on the pag
09-01 18:14:21.387 32077 32232 I CronetEngine: [thread_background]
09-01 18:14:21.387 32077 32232 I CronetEngine: url: http://static-test.maoercdn.com/system/app/powersound/202207/12/3dade625365348146fec80ecba10df35105000.png?x-oss-process=image/resize,w_75/format,webp
09-01 18:14:21.387 32077 32232 I CronetEngine:  ip: 117.27.226.220
09-01 18:14:21.387 32077 32232 I CronetEngine:  hostResolverProvider:
09-01 18:14:21.387 32077 32232 I CronetEngine:  hostResolveIps: []
09-01 18:14:21.387 32077 32232 I CronetEngine:
09-01 18:14:21.392   717   717 I ConfigStore: android::hardware::configstore::V1_0::ISurfaceFlingerConfigs::hasHDRDisplay retrieved: 0
09-01 18:14:21.393   717   717 I ConfigStore: android::hardware::configstore::V1_0::ISurfaceFlingerConfigs::hasHDRDisplay retrieved: 0
09-01 18:14:21.393 32077 32232 I CronetEngine: [thread_background]
09-01 18:14:21.393 32077 32232 I CronetEngine: url: http://static-test.maoercdn.com/system/app/powersound/202103/03/1b2725b4eeb207ce0e2e53919ac65b54150654.png?x-oss-process=image/resize,w_75/format,webp
09-01 18:14:21.393 32077 32232 I CronetEngine:  ip: 117.27.226.220
09-01 18:14:21.393 32077 32232 I CronetEngine:  hostResolverProvider:
09-01 18:14:21.393 32077 32232 I CronetEngine:  hostResolveIps: []
09-01 18:14:21.393 32077 32232 I CronetEngine:
09-01 18:14:21.393   717   717 I ConfigStore: android::hardware::configstore::V1_0::ISurfaceFlingerConfigs::hasHDRDisplay retrieved: 0
09-01 18:14:21.393   717   717 I ConfigStore: android::hardware::configstore::V1_0::ISurfaceFlingerConfigs::hasHDRDisplay retrieved: 0
09-01 18:14:21.400 32077 32232 I CronetEngine: [thread_background]
09-01 18:14:21.400 32077 32232 I CronetEngine: url: http://static-test.maoercdn.com/system/app/powersound/202103/03/e5c77e67837e595cc3fadd46316fc6ef150744.png?x-oss-process=image/resize,w_75/format,webp
09-01 18:14:21.400 32077 32232 I CronetEngine:  ip: 117.27.226.220
09-01 18:14:21.400 32077 32232 I CronetEngine:  hostResolverProvider:
09-01 18:14:21.400 32077 32232 I CronetEngine:  hostResolveIps: []
09-01 18:14:21.400 32077 32232 I CronetEngine:
09-01 18:14:21.410 32077 32232 I CronetEngine: [thread_background]
09-01 18:14:21.410 32077 32232 I CronetEngine: url: http://static-test.maoercdn.com/system/app/powersound/202207/12/be10ca35c2470def39472651f206b42e110150.png?x-oss-process=image/resize,w_75/format,webp
09-01 18:14:21.410 32077 32232 I CronetEngine:  ip: 115.236.155.238
09-01 18:14:21.410 32077 32232 I CronetEngine:  hostResolverProvider:
09-01 18:14:21.410 32077 32232 I CronetEngine:  hostResolveIps: []
09-01 18:14:21.410 32077 32232 I CronetEngine:
09-01 18:14:21.426   717   717 I ConfigStore: android::hardware::configstore::V1_0::ISurfaceFlingerConfigs::hasHDRDisplay retrieved: 0
09-01 18:14:21.461   717   717 I ConfigStore: android::hardware::configstore::V1_0::ISurfaceFlingerConfigs::hasHDRDisplay retrieved: 0
09-01 18:14:21.487 32077 32232 I CronetEngine: [thread_background]
09-01 18:14:21.487 32077 32232 I CronetEngine: url: http://static-test.maoercdn.com/system/app/powersound/202208/02/06d41e4b70bacd9c3983513767112c05192441.png?x-oss-process=image/resize,w_75/format,webp
09-01 18:14:21.487 32077 32232 I CronetEngine:  ip: 117.27.226.220
09-01 18:14:21.487 32077 32232 I CronetEngine:  hostResolverProvider: ali
09-01 18:14:21.487 32077 32232 I CronetEngine:  hostResolveIps: ["117.27.226.220","115.236.155.239","117.27.226.219","115.236.155.240","101.89.125.248","101.89.125.238","115.236.155.244","115.236.155.238","115.236.155.243","101.89.125.244","115.236.155.242","115.236.155.241","101.89.125.243","101.89.125.241","115.236.155.248","117.27.226.222"]
09-01 18:14:21.487 32077 32232 I CronetEngine:
09-01 18:14:21.493   717   717 I ConfigStore: android::hardware::configstore::V1_0::ISurfaceFlingerConfigs::hasHDRDisplay retrieved: 0
09-01 18:14:21.528   717   717 I ConfigStore: android::hardware::configstore::V1_0::ISurfaceFlingerConfigs::hasHDRDisplay retrieved: 0
09-01 18:14:21.542 32077 32147 I cn.missevan: Explicit concurrent copying GC freed 54342(4MB) AllocSpace objects, 39(4MB) LOS objects, 48% free, 25MB/49MB, paused 211us total 140.653ms
09-01 18:14:21.593   717   717 I ConfigStore: android::hardware::configstore::V1_0::ISurfaceFlingerConfigs::hasHDRDisplay retrieved: 0
09-01 18:14:21.594   717   717 I ConfigStore: android::hardware::configstore::V1_0::ISurfaceFlingerConfigs::hasHDRDisplay retrieved: 0
09-01 18:14:21.610 32077 32232 I CronetEngine: [thread_background]
09-01 18:14:21.610 32077 32232 I CronetEngine: url: http://static-test.maoercdn.com/system/app/powersound/202208/11/1e26aec6bcf0c1054492203b3c3a2154160930.png?x-oss-process=image/resize,w_75/format,webp
09-01 18:14:21.610 32077 32232 I CronetEngine:  ip: 117.27.226.220
09-01 18:14:21.610 32077 32232 I CronetEngine:  hostResolverProvider:
09-01 18:14:21.610 32077 32232 I CronetEngine:  hostResolveIps: []
09-01 18:14:21.610 32077 32232 I CronetEngine:
09-01 18:14:21.479  1724  2178 I chatty  : uid=1000(system) AutobacklightTh identical 4 lines
09-01 18:14:21.647  1724  3765 D NotificationService: DEBUG_OVERRIDE_NOTIFY:enqueueNotificationWithTag pkg=cn.missevan opPkg=cn.missevantag=null notification=Notification(channel=LEAKCANARY_LOW pri=0 contentView=null vibrate=null sound=null defaults=0x0 flags=0x10 color=0x00000000 groupKey=LEAKCANARY_LOW vis=PRIVATE internalType=0 internalPriority=0 internalGroupPriority=0 internalFlag=0) userId =0
09-01 18:14:21.648  1724  3765 V NotificationService: enqueueNotificationInternal: pkg=cn.missevan id=2131429467 notification=Notification(channel=LEAKCANARY_LOW pri=0 contentView=null vibrate=null sound=null defaults=0x0 flags=0x10 color=0x00000000 groupKey=LEAKCANARY_LOW vis=PRIVATE internalType=0 internalPriority=0 internalGroupPriority=0 internalFlag=0)
09-01 18:14:21.648  1724  3765 E NotificationService: Suppressing notification from package by user request.
09-01 18:14:21.659   717   717 I ConfigStore: android::hardware::configstore::V1_0::ISurfaceFlingerConfigs::hasHDRDisplay retrieved: 0
09-01 18:14:21.661   717   717 I ConfigStore: android::hardware::configstore::V1_0::ISurfaceFlingerConfigs::hasHDRDisplay retrieved: 0
09-01 18:14:21.664   717   717 I SurfaceFlinger: FPS: 30
09-01 18:14:21.693   717   717 I ConfigStore: android::hardware::configstore::V1_0::ISurfaceFlingerConfigs::hasHDRDisplay retrieved: 0
09-01 18:14:21.795   717   717 I ConfigStore: android::hardware::configstore::V1_0::ISurfaceFlingerConfigs::hasHDRDisplay retrieved: 0
09-01 18:14:21.846 32286 32571 I appium  : channel read: POST /wd/hub/session/6079ef5a-65f2-4e74-be6d-b0da3e440dc6/element
09-01 18:14:21.848 32286 32571 I appium  : FindElement command
09-01 18:14:21.853 32286 32571 I appium  : method: 'id', selector: 'cn.missevan:id/start_sound_control', contextId: ''
09-01 18:14:21.854 32286 32571 I appium  : Waiting up to 10000ms for the device to idle
09-01 18:14:21.887 32286 32571 I appium  : AppiumResponse: {"sessionId":"6079ef5a-65f2-4e74-be6d-b0da3e440dc6","value":{"error":"no such element","message":"An element could not be located on the page using the given search parameters","stacktrace":"io.appium.uiautomator2.common.exceptions.ElementNotFoundException: An element could not be located on the pag
09-01 18:14:21.891 32346 32623 D NAccs.InAppConn_default:  startChannelService
09-01 18:14:21.892 32346 32623 D NAccs.Config:  getAgooAppKey appkey:umeng:546d7dd7fd98c58fc800082c
09-01 18:14:21.894 32346 32623 I NAccs.a :  dispatchIntent bind service start intent:Intent { act=com.taobao.accs.intent.action.START_SERVICE cmp=cn.missevan/com.taobao.accs.ChannelService (has extras) }
09-01 18:14:21.909   717   717 I ConfigStore: android::hardware::configstore::V1_0::ISurfaceFlingerConfigs::hasHDRDisplay retrieved: 0
09-01 18:14:21.910   717   717 I ConfigStore: android::hardware::configstore::V1_0::ISurfaceFlingerConfigs::hasHDRDisplay retrieved: 0
09-01 18:14:21.914 32346 32623 D NAccs.AdapterGlobalClientInfo:  getAgooCustomServiceName serviceName:com.umeng.message.component.UmengIntentService
09-01 18:14:21.915 32346 32623 I NAccs.a :  dispatchIntent bind service start intent:Intent { act=org.agoo.android.intent.action.REPORT pkg=cn.missevan cmp=cn.missevan/com.umeng.message.component.UmengIntentService }
09-01 18:14:21.915 32346 32346 D NAccs.a :  bindService connected componentName:ComponentInfo{cn.missevan/com.taobao.accs.ChannelService}
09-01 18:14:21.916 32721 32721 I NAccs.BaseService:  handleMessage on receive msg msg:{ id=35 when=0 what=0 target=com.taobao.accs.base.BaseService$1 }
09-01 18:14:21.917 32721 32721 I NAccs.BaseService:  handleMessage get intent success intent:Intent { act=com.taobao.accs.intent.action.START_SERVICE cmp=cn.missevan/com.taobao.accs.ChannelService (has extras) }
09-01 18:14:21.917 32721   431 I NAccs.ElectionServiceImpl:  onStartCommand begin action:com.taobao.accs.intent.action.START_SERVICE
09-01 18:14:21.918 32721   431 I NAccs.ElectionServiceImpl:  handleStartCommand configTag:default appkey:umeng:546d7dd7fd98c58fc800082c appSecret:64e8358a59d434e5546720db97ab5996 ttid:android@umeng pkg:cn.missevan
09-01 18:14:21.919 32721   431 I NAccs.ElectionServiceImpl:  getConnection configTag:default start:false
09-01 18:14:21.919 32721   431 I NAccs.ServiceImpl:  onHostStartCommand intent:Intent { act=com.taobao.accs.intent.action.START_SERVICE cmp=cn.missevan/com.taobao.accs.ChannelService (has extras) }
09-01 18:14:21.919 32721   431 D NAccs.ServiceImpl:  onHostStartCommand key:appKey  value:umeng:546d7dd7fd98c58fc800082c
09-01 18:14:21.919 32721   431 D NAccs.ServiceImpl:  onHostStartCommand key:configTag  value:default
09-01 18:14:21.919 32721   431 D NAccs.ServiceImpl:  onHostStartCommand key:mode  value:0
09-01 18:14:21.919 32721   431 D NAccs.ServiceImpl:  onHostStartCommand key:ttid  value:android@umeng
09-01 18:14:21.920 32721   431 D NAccs.ServiceImpl:  onHostStartCommand key:packageName  value:cn.missevan
09-01 18:14:21.920 32721   431 D NAccs.ServiceImpl:  onHostStartCommand key:app_sercet  value:64e8358a59d434e5546720db97ab5996
09-01 18:14:21.920 32721   431 D NAccs.ServiceImpl:  onHostStartCommand key:agoo_app_key  value:umeng:546d7dd7fd98c58fc800082c
09-01 18:14:21.920 32721   431 I NAccs.LoadSoFailUtil:  getSoFailTimes times:0
09-01 18:14:21.920 32721   431 D NAccs.ServiceImpl:  handleAction action:com.taobao.accs.intent.action.START_SERVICE
09-01 18:14:21.920 32721   431 I NAccs.ServiceImpl:  tryConnect appkey:umeng:546d7dd7fd98c58fc800082c configTag:default|0
09-01 18:14:21.920 32721   431 D NAccs.SilenceConn_default:  start
09-01 18:14:21.920 32721   431 D NAccs.SilenceConn_default:  try ping, force:false
09-01 18:14:21.922 32721   431 D NAccs.SilenceConn_default:  sendMessage ready dataId:1662027261921.4 type:PING delay:0
09-01 18:14:21.923 32721   431 D NAccs.SilenceConn_default:  clearRepeatControlCommand message:201/
09-01 18:14:21.937 32346 32346 D NAccs.a :  bindService connected componentName:ComponentInfo{cn.missevan/com.umeng.message.component.UmengIntentService}
09-01 18:14:21.938 32721 32721 I NAccs.BaseIntentService:  handleMessage on receive msg msg:{ id=36 when=-1ms what=0 target=org.android.agoo.control.g }
09-01 18:14:21.939 32721 32721 I NAccs.BaseIntentService:  handleMessage get intent success intent:Intent { act=org.agoo.android.intent.action.REPORT pkg=cn.missevan cmp=cn.missevan/com.umeng.message.component.UmengIntentService }
09-01 18:14:21.940 32721   431 I NAccs.BaseIntentService:  onHandleIntent,action=org.agoo.android.intent.action.REPORT,agooCommand=cn.missevan.intent.action.COMMAND,mipushCommand=cn.missevan.intent.thirdPush.action.COMMAND
09-01 18:14:21.941 32721   431 I NAccs.BaseIntentService:  is report cache msg,Config.isReportCacheMsg(mContext)=false
09-01 18:14:21.942 32721   431 D NAccs.isClearTime:  now=1662027261942,now - lastTime=6395760,istrue=false
09-01 18:14:21.942 32721   431 I NAccs.BaseIntentService:  is clear all msg=false
09-01 18:14:21.943 32721   431 D NAccs.isClearTime:  now=1662027261942,now - lastTime=6395760,istrue=false
09-01 18:14:22.009   717   717 I ConfigStore: android::hardware::configstore::V1_0::ISurfaceFlingerConfigs::hasHDRDisplay retrieved: 0
09-01 18:14:22.110   717   717 I ConfigStore: android::hardware::configstore::V1_0::ISurfaceFlingerConfigs::hasHDRDisplay retrieved: 0
09-01 18:14:22.212   717   717 I ConfigStore: android::hardware::configstore::V1_0::ISurfaceFlingerConfigs::hasHDRDisplay retrieved: 0
09-01 18:14:21.963  1724  2178 I chatty  : uid=1000(system) AutobacklightTh identical 1 line
09-01 18:14:22.237  1724  1853 V WindowOrientationListener: in onTouchEndLocked. proposedRotation=0, oldProposedRotation=0
09-01 18:14:22.218   717   717 I ConfigStore: android::hardware::configstore::V1_0::ISurfaceFlingerConfigs::hasHDRDisplay retrieved: 0
09-01 18:14:22.263   717   717 I ConfigStore: android::hardware::configstore::V1_0::ISurfaceFlingerConfigs::hasHDRDisplay retrieved: 0
09-01 18:14:22.263   717   717 I ConfigStore: android::hardware::configstore::V1_0::ISurfaceFlingerConfigs::hasHDRDisplay retrieved: 0
09-01 18:14:22.263   717   717 I ConfigStore: android::hardware::configstore::V1_0::ISurfaceFlingerConfigs::hasHDRDisplay retrieved: 0
09-01 18:14:22.264   717   717 I ConfigStore: android::hardware::configstore::V1_0::ISurfaceFlingerConfigs::hasHDRDisplay retrieved: 0
09-01 18:14:22.275 32077 32077 D LeakCanary: Watching instance of skin.support.constraint.SkinCompatConstraintLayout (cn.missevan.view.widget.dialog.StartSoundTipsDialog received Fragment#onDestroyView() callback (references to its views should be cleared to prevent leaks)) with key 722208d4-cf40-47d0-b5a9-5b412aa20088
09-01 18:14:22.275   717   717 I ConfigStore: android::hardware::configstore::V1_0::ISurfaceFlingerConfigs::hasHDRDisplay retrieved: 0
09-01 18:14:22.276   717   717 I ConfigStore: android::hardware::configstore::V1_0::ISurfaceFlingerConfigs::hasHDRDisplay retrieved: 0
09-01 18:14:22.276 32077 32077 D LeakCanary: Watching instance of androidx.loader.app.LoaderManagerImpl$LoaderViewModel (androidx.loader.app.LoaderManagerImpl$LoaderViewModel received ViewModel#onCleared() callback) with key 084434d2-0ab6-41d1-b063-7fc55e4d7e17
09-01 18:14:22.276   717   717 I ConfigStore: android::hardware::configstore::V1_0::ISurfaceFlingerConfigs::hasHDRDisplay retrieved: 0
09-01 18:14:22.276 32077 32077 D LeakCanary: Watching instance of leakcanary.internal.ViewModelClearedWatcher (leakcanary.internal.ViewModelClearedWatcher received ViewModel#onCleared() callback) with key 6d9aa5b5-52b2-4951-a020-93332cdb92de
09-01 18:14:22.276   717   717 I ConfigStore: android::hardware::configstore::V1_0::ISurfaceFlingerConfigs::hasHDRDisplay retrieved: 0
09-01 18:14:22.277   717   717 I ConfigStore: android::hardware::configstore::V1_0::ISurfaceFlingerConfigs::hasHDRDisplay retrieved: 0
09-01 18:14:22.277 32077 32077 D LeakCanary: Watching instance of androidx.loader.app.LoaderManagerImpl$LoaderViewModel (androidx.loader.app.LoaderManagerImpl$LoaderViewModel received ViewModel#onCleared() callback) with key 54f99330-a87c-496a-9e7c-7dc3f8489dda
09-01 18:14:22.278 32077 32077 D LeakCanary: Watching instance of leakcanary.internal.ViewModelClearedWatcher (leakcanary.internal.ViewModelClearedWatcher received ViewModel#onCleared() callback) with key 14646334-b855-485c-919a-2be3fe9e828c
09-01 18:14:22.279 32077 32077 D LeakCanary: Watching instance of com.bumptech.glide.manager.SupportRequestManagerFragment (com.bumptech.glide.manager.SupportRequestManagerFragment received Fragment#onDestroy() callback) with key 7e74d8d1-a706-4e0e-bf50-1433aaa8c67a
09-01 18:14:22.280 32077 32077 D LeakCanary: Watching instance of cn.missevan.view.widget.dialog.StartSoundTipsDialog (cn.missevan.view.widget.dialog.StartSoundTipsDialog received Fragment#onDestroy() callback) with key 63ef70c0-bf30-42e0-981d-8c1a3e85d5e4
09-01 18:14:22.292   717   717 I ConfigStore: android::hardware::configstore::V1_0::ISurfaceFlingerConfigs::hasHDRDisplay retrieved: 0
09-01 18:14:22.310   717   717 I ConfigStore: android::hardware::configstore::V1_0::ISurfaceFlingerConfigs::hasHDRDisplay retrieved: 0
09-01 18:14:22.313 23979 23979 D MainImeServiceDel: mHandler = 76
09-01 18:14:22.326   717   717 I ConfigStore: android::hardware::configstore::V1_0::ISurfaceFlingerConfigs::hasHDRDisplay retrieved: 0
09-01 18:14:22.410   717   717 I ConfigStore: android::hardware::configstore::V1_0::ISurfaceFlingerConfigs::hasHDRDisplay retrieved: 0
09-01 18:14:22.416 32286 32571 I appium  : channel read: POST /wd/hub/session/6079ef5a-65f2-4e74-be6d-b0da3e440dc6/element
09-01 18:14:22.422 32286 32571 I appium  : FindElement command
09-01 18:14:22.429 32286 32571 I appium  : method: 'id', selector: 'cn.missevan:id/start_sound_control', contextId: ''
09-01 18:14:22.430 32286 32571 I appium  : Waiting up to 10000ms for the device to idle
09-01 18:14:22.430   717   717 I ConfigStore: android::hardware::configstore::V1_0::ISurfaceFlingerConfigs::hasHDRDisplay retrieved: 0
09-01 18:14:22.431  1724  2023 I Letterbox: setColorInner, color = ffffffff, callers = com.android.server.wm.VivoBaseLetterbox$VivoBaseLetterboxSurface.setColor:66 com.android.server.wm.VivoBaseLetterbox.setColors:46 com.android.server.wm.VivoBaseAppWindowToken.updateLetterboxColor:323 com.android.server.wm.VivoBaseAppWindowToken.updateLetterboxSurface:82 com.android.server.wm.AppWindowToken.updateLetterboxSurface:1669
09-01 18:14:22.432   717   717 I ConfigStore: android::hardware::configstore::V1_0::ISurfaceFlingerConfigs::hasHDRDisplay retrieved: 0
09-01 18:14:22.437   717  4080 W SurfaceFlinger: Attempting to set client state on removed layer: cn.missevan/cn.missevan.activity.MainActivity#1
09-01 18:14:22.437   717  4080 W SurfaceFlinger: Attempting to set client state on removed layer: Dim Layer for - Task=138#0
09-01 18:14:22.437   717  4080 W SurfaceFlinger: Attempting to destroy on removed layer: cn.missevan/cn.missevan.activity.MainActivity#1
09-01 18:14:22.437   717  4080 W SurfaceFlinger: Attempting to destroy on removed layer: Dim Layer for - Task=138#0
09-01 18:14:22.919 32286 32571 I appium  : AppiumResponse: {"sessionId":"6079ef5a-65f2-4e74-be6d-b0da3e440dc6","value":{"ELEMENT":"21bfd1dd-1af1-446c-9970-2f18c24e4c27","element-6066-11e4-a52e-4f735466cecf":"21bfd1dd-1af1-446c-9970-2f18c24e4c27"}}
09-01 18:14:22.953 32286 32571 I appium  : channel read: POST /wd/hub/session/6079ef5a-65f2-4e74-be6d-b0da3e440dc6/element/21bfd1dd-1af1-446c-9970-2f18c24e4c27/click
09-01 18:14:22.955 32286 32571 I appium  : Click command
09-01 18:14:22.769  1724  2178 I chatty  : uid=1000(system) AutobacklightTh identical 2 lines
09-01 18:14:22.994  1724  1853 V WindowOrientationListener: in onTouchEndLocked. proposedRotation=0, oldProposedRotation=0
09-01 18:14:23.026   717   717 I SurfaceFlinger: FPS: 19
09-01 18:14:23.050 32286 32571 I appium  : Waiting up to 10000ms for the device to idle
09-01 18:14:23.064 32286 32571 I appium  : AppiumResponse: {"sessionId":"6079ef5a-65f2-4e74-be6d-b0da3e440dc6","value":null}
09-01 18:14:23.096 32286 32571 I appium  : channel read: POST /wd/hub/session/6079ef5a-65f2-4e74-be6d-b0da3e440dc6/element
09-01 18:14:23.099 32286 32571 I appium  : FindElement command
09-01 18:14:23.106 32286 32571 I appium  : method: 'id', selector: 'cn.missevan:id/ll_container', contextId: ''
09-01 18:14:23.107 32286 32571 I appium  : Waiting up to 10000ms for the device to idle
09-01 18:14:23.882 32077 32147 I cn.missevan: Explicit concurrent copying GC freed 15680(1359KB) AllocSpace objects, 8(2MB) LOS objects, 49% free, 22MB/45MB, paused 2.238ms total 230.414ms
09-01 18:14:23.733  1724  2178 I chatty  : uid=1000(system) AutobacklightTh identical 4 lines
09-01 18:14:23.988  1724  3767 D NotificationService: DEBUG_OVERRIDE_NOTIFY:enqueueNotificationWithTag pkg=cn.missevan opPkg=cn.missevantag=null notification=Notification(channel=LEAKCANARY_LOW pri=0 contentView=null vibrate=null sound=null defaults=0x0 flags=0x10 color=0x00000000 groupKey=LEAKCANARY_LOW vis=PRIVATE internalType=0 internalPriority=0 internalGroupPriority=0 internalFlag=0) userId =0
09-01 18:14:23.988  1724  3767 V NotificationService: enqueueNotificationInternal: pkg=cn.missevan id=2131429467 notification=Notification(channel=LEAKCANARY_LOW pri=0 contentView=null vibrate=null sound=null defaults=0x0 flags=0x10 color=0x00000000 groupKey=LEAKCANARY_LOW vis=PRIVATE internalType=0 internalPriority=0 internalGroupPriority=0 internalFlag=0)
09-01 18:14:23.989  1724  3767 E NotificationService: Suppressing notification from package by user request.
09-01 18:14:24.076 32286 32571 I appium  : AppiumResponse: {"sessionId":"6079ef5a-65f2-4e74-be6d-b0da3e440dc6","value":{"error":"no such element","message":"An element could not be located on the page using the given search parameters","stacktrace":"io.appium.uiautomator2.common.exceptions.ElementNotFoundException: An element could not be located on the pag
09-01 18:14:24.113 32507 32703 D NAccs.InAppConn_default:  startChannelService
09-01 18:14:24.115 32507 32703 D NAccs.Config:  getAgooAppKey appkey:umeng:546d7dd7fd98c58fc800082c
09-01 18:14:24.116 32507 32703 I NAccs.a :  dispatchIntent bind service start intent:Intent { act=com.taobao.accs.intent.action.START_SERVICE cmp=cn.missevan/com.taobao.accs.ChannelService (has extras) }
09-01 18:14:24.125 32507 32507 D NAccs.a :  bindService connected componentName:ComponentInfo{cn.missevan/com.taobao.accs.ChannelService}
09-01 18:14:24.125 32507 32703 D NAccs.AdapterGlobalClientInfo:  getAgooCustomServiceName serviceName:com.umeng.message.component.UmengIntentService
09-01 18:14:24.125 32507 32703 I NAccs.a :  dispatchIntent bind service start intent:Intent { act=org.agoo.android.intent.action.REPORT pkg=cn.missevan cmp=cn.missevan/com.umeng.message.component.UmengIntentService }
09-01 18:14:24.126 32721 32721 I NAccs.BaseService:  handleMessage on receive msg msg:{ id=38 when=0 what=0 target=com.taobao.accs.base.BaseService$1 }
09-01 18:14:24.127 32721 32721 I NAccs.BaseService:  handleMessage get intent success intent:Intent { act=com.taobao.accs.intent.action.START_SERVICE cmp=cn.missevan/com.taobao.accs.ChannelService (has extras) }
09-01 18:14:24.127 32721   431 I NAccs.ElectionServiceImpl:  onStartCommand begin action:com.taobao.accs.intent.action.START_SERVICE
09-01 18:14:24.127 32721   431 I NAccs.ElectionServiceImpl:  handleStartCommand configTag:default appkey:umeng:546d7dd7fd98c58fc800082c appSecret:64e8358a59d434e5546720db97ab5996 ttid:android@umeng pkg:cn.missevan
09-01 18:14:24.128 32721   431 I NAccs.ElectionServiceImpl:  getConnection configTag:default start:false
09-01 18:14:24.128 32721   431 I NAccs.ServiceImpl:  onHostStartCommand intent:Intent { act=com.taobao.accs.intent.action.START_SERVICE cmp=cn.missevan/com.taobao.accs.ChannelService (has extras) }
09-01 18:14:24.128 32721   431 D NAccs.ServiceImpl:  onHostStartCommand key:appKey  value:umeng:546d7dd7fd98c58fc800082c
09-01 18:14:24.128 32721   431 D NAccs.ServiceImpl:  onHostStartCommand key:configTag  value:default
09-01 18:14:24.128 32721   431 D NAccs.ServiceImpl:  onHostStartCommand key:mode  value:0
09-01 18:14:24.129 32721   431 D NAccs.ServiceImpl:  onHostStartCommand key:ttid  value:android@umeng
09-01 18:14:24.129 32721   431 D NAccs.ServiceImpl:  onHostStartCommand key:packageName  value:cn.missevan
09-01 18:14:24.129 32721   431 D NAccs.ServiceImpl:  onHostStartCommand key:app_sercet  value:64e8358a59d434e5546720db97ab5996
09-01 18:14:24.129 32721   431 D NAccs.ServiceImpl:  onHostStartCommand key:agoo_app_key  value:umeng:546d7dd7fd98c58fc800082c
09-01 18:14:24.129 32721   431 I NAccs.LoadSoFailUtil:  getSoFailTimes times:0
09-01 18:14:24.129 32721   431 D NAccs.ServiceImpl:  handleAction action:com.taobao.accs.intent.action.START_SERVICE
09-01 18:14:24.129 32721   431 I NAccs.ServiceImpl:  tryConnect appkey:umeng:546d7dd7fd98c58fc800082c configTag:default|0
09-01 18:14:24.129 32721   431 D NAccs.SilenceConn_default:  start
09-01 18:14:24.129 32721   431 D NAccs.SilenceConn_default:  try ping, force:false
09-01 18:14:24.131 32721   431 D NAccs.SilenceConn_default:  sendMessage ready dataId:1662027264129.5 type:PING delay:0
09-01 18:14:24.133 32721   431 D NAccs.SilenceConn_default:  clearRepeatControlCommand message:201/
09-01 18:14:24.135 32507 32507 D NAccs.a :  bindService connected componentName:ComponentInfo{cn.missevan/com.umeng.message.component.UmengIntentService}
09-01 18:14:24.137 32721 32721 I NAccs.BaseIntentService:  handleMessage on receive msg msg:{ id=39 when=0 what=0 target=org.android.agoo.control.g }
09-01 18:14:24.137 32721 32721 I NAccs.BaseIntentService:  handleMessage get intent success intent:Intent { act=org.agoo.android.intent.action.REPORT pkg=cn.missevan cmp=cn.missevan/com.umeng.message.component.UmengIntentService }
09-01 18:14:24.138 32721   431 I NAccs.BaseIntentService:  onHandleIntent,action=org.agoo.android.intent.action.REPORT,agooCommand=cn.missevan.intent.action.COMMAND,mipushCommand=cn.missevan.intent.thirdPush.action.COMMAND
09-01 18:14:24.138 32721   431 I NAccs.BaseIntentService:  is report cache msg,Config.isReportCacheMsg(mContext)=false
09-01 18:14:24.139 32721   431 D NAccs.isClearTime:  now=1662027264138,now - lastTime=6397956,istrue=false
09-01 18:14:24.139 32721   431 I NAccs.BaseIntentService:  is clear all msg=false
09-01 18:14:24.139 32721   431 D NAccs.isClearTime:  now=1662027264138,now - lastTime=6397956,istrue=false
09-01 18:14:24.242   717   717 I SurfaceFlinger: FPS: 19
09-01 18:14:24.615 32286 32571 I appium  : channel read: POST /wd/hub/session/6079ef5a-65f2-4e74-be6d-b0da3e440dc6/element
09-01 18:14:24.617 32286 32571 I appium  : FindElement command
09-01 18:14:24.623 32286 32571 I appium  : method: 'id', selector: 'cn.missevan:id/ll_container', contextId: ''
09-01 18:14:24.624 32286 32571 I appium  : Waiting up to 10000ms for the device to idle
09-01 18:14:24.666 32286 32571 I appium  : AppiumResponse: {"sessionId":"6079ef5a-65f2-4e74-be6d-b0da3e440dc6","value":{"error":"no such element","message":"An element could not be located on the page using the given search parameters","stacktrace":"io.appium.uiautomator2.common.exceptions.ElementNotFoundException: An element could not be located on the pag
09-01 18:14:24.812 32721   509 I NAccs.SilenceConn_default:  getChannelHost host:umengjmacs.m.taobao.com
09-01 18:14:24.818 32721   509 D getConnStrategyListByHost: |[seq:host] umengjmacs.m.taobao.com:result [{203.119.205.127 80 spdy_0rtt_acs}, {203.119.205.127 443 spdy_0rtt_acs}]
09-01 18:14:24.822 32721   509 E NAccs.SilenceConn_default:  connect ip:203.119.205.127 port:80
09-01 18:14:24.822 32721   509 E NAccs.SilenceConn_default:  connect ip:203.119.205.127 port:443
09-01 18:14:24.824 32721   509 E NAccs.SilenceConn_default:  connect from amdc succ ip:203.119.205.127 port:80 originPos:0
09-01 18:14:24.824 32721   509 E NAccs.SilenceConn_default:  connect URL:https://203.119.205.127:80/accs/
09-01 18:14:24.826 32721   509 E NAccs.SilenceConn_default:  notifyStatus start status:CONNECTING
09-01 18:14:24.827 32721   509 I NAccs.SilenceConn_default:  notifyStatus end status:CONNECTING
09-01 18:14:24.827 32721   509 E NAccs.SilenceConn_default:  connect normal
09-01 18:14:24.828 32721   509 I NAccs.SilenceConn_default:  getChannelHost host:umengjmacs.m.taobao.com
09-01 18:14:24.828 32721   509 I NAccs.SilenceConn_default:  getPublicKeyType use custom pub key pubKey:11
09-01 18:14:24.835 32721   509 I tnet-jni: 7582 -  create new session: 203.119.205.127:80
09-01 18:14:24.911 32721   463 I tnet-jni: 7576 - [SpdySessionCallBack.getSSLMeta] - org.android.spdy.SpdySession@fd0e1a3
09-01 18:14:24.912 32721   463 I tnet-jni: 7576 - [spdySessionConnectCB] -
09-01 18:14:24.912 32721   463 I tnet-jni: 7576 - [SpdySessionCallBack.spdySessionConnectCB] - org.android.spdy.SpdySession@fd0e1a3
09-01 18:14:24.914 32721   463 E NAccs.SilenceConn_default:  spdySessionConnectCB sessionConnectInterval:73 sslTime:4 reuse:0
09-01 18:14:24.924 32721   463 E NAccs.SilenceConn_default:  auth url:https://203.119.205.127:80/accs/auth?1=YxBs9IHhiKQDAFfj0NajmZNB&2=91634d0be3df47b961868ce72b3925eac008e229e1fb4a3db2de092f457f32d3&3=umeng:546d7dd7fd98c58fc800082c&5=0&6=wifi&7=null&8=221&9=1662027264924&10=1&11=28&12=cn.missevan&13=5.7.3&14=android@umeng&15=vivo+X21A&16=vivo&17=221&19=0&20=
09-01 18:14:24.929 32721   463 I NAccs.SilenceConn_default:  getChannelHost host:umengjmacs.m.taobao.com
09-01 18:14:24.929 32721   463 I NAccs.SilenceConn_default:  getChannelHost host:umengjmacs.m.taobao.com
09-01 18:14:24.930 32721   463 I tnet-jni: 7576 - index=1  starttime=1662027264930
09-01 18:14:24.931 32721   463 I tnet-jni: 7576 - index=1   calltime=1662027264931
09-01 18:14:24.992 32721   463 I tnet-jni: 7576 - [SpdySessionCallBack.putSSLMeta] - org.android.spdy.SpdySession@fd0e1a3
09-01 18:14:24.994 32721   463 I tnet-jni: 7576 - [spdyStreamResponseRecv] -
09-01 18:14:24.995 32721   463 I tnet-jni: 7576 - [SpdySessionCallBack.spdyOnStreamResponse] - org.android.spdy.SpdySession@fd0e1a3
09-01 18:14:24.999 32721   463 D NAccs.SilenceConn_:  spdyOnStreamResponse header:{date=[Thu, 01 Sep 2022 10:14:26 GMT], content-length=[0], server=[Tengine/Aserver/3.2.50_20220720104953], :version=[HTTP/1.1], s-accs-retcode=[SUCCESS], :status=[200], x-workerid=[216173881810991257], x-at=[YxBs9IHhiKQDAFfj0NajmZNBumeng:546d7dd7fd98c58fc800082c1662041666]}
09-01 18:14:24.999 32721   463 E NAccs.SilenceConn_default:  spdyOnStreamResponse httpStatusCode:200
09-01 18:14:24.999 32721   463 E NAccs.SilenceConn_default:  notifyStatus start status:CONNECTED
09-01 18:14:25.000 32721   463 D NAccs.HeartbeatManager:  resetLevel
09-01 18:14:25.000 32721   463 D NAccs.HeartbeatManager:  set 270
09-01 18:14:25.028  1724  3767 I chatty  : uid=1000(system) Binder:1724_11 expire 4 lines
09-01 18:14:25.031 32721   463 I NAccs.SilenceConn_default:  notifyStatus end status:CONNECTED
09-01 18:14:25.031 32721   509 D NAccs.HeartbeatManager:  set 270
09-01 18:14:25.031 32721   463 D NAccs.SilenceConn_default:  spdyOnStreamResponse
09-01 18:14:25.032 32721   463 I tnet-jni: 7576 - [spdyStreamCloseCallback] -
09-01 18:14:25.032 32721   463 I tnet-jni: 7576 - [SpdySessionCallBack.spdyStreamCloseCallback] - org.android.spdy.SpdySession@fd0e1a3
09-01 18:14:25.032 32721   463 I tnet-jni: 7576 - index=1    endtime=1662027265032
09-01 18:14:25.032 32721   463 D NAccs.SilenceConn_default:  spdyStreamCloseCallback
09-01 18:14:25.049 32721   509 D NAccs.NetworkThread_default:  send succ, remove it
09-01 18:14:25.049 32721   509 D NAccs.NetworkThread_default:  ready to get message
09-01 18:14:25.049 32721   509 D NAccs.NetworkThread_default:  no message, wait
09-01 18:14:25.215 32286 32571 I appium  : channel read: POST /wd/hub/session/6079ef5a-65f2-4e74-be6d-b0da3e440dc6/element
09-01 18:14:25.219 32286 32571 I appium  : FindElement command
09-01 18:14:25.225 32286 32571 I appium  : method: 'id', selector: 'cn.missevan:id/ll_container', contextId: ''
09-01 18:14:25.225 32286 32571 I appium  : Waiting up to 10000ms for the device to idle
09-01 18:14:25.245   717   717 I SurfaceFlinger: FPS: 1
09-01 18:14:25.290 32286 32571 I appium  : AppiumResponse: {"sessionId":"6079ef5a-65f2-4e74-be6d-b0da3e440dc6","value":{"error":"no such element","message":"An element could not be located on the page using the given search parameters","stacktrace":"io.appium.uiautomator2.common.exceptions.ElementNotFoundException: An element could not be located on the pag
09-01 18:14:25.820 32286 32571 I appium  : channel read: POST /wd/hub/session/6079ef5a-65f2-4e74-be6d-b0da3e440dc6/element
09-01 18:14:25.823 32286 32571 I appium  : FindElement command
09-01 18:14:25.831 32286 32571 I appium  : method: 'id', selector: 'cn.missevan:id/ll_container', contextId: ''
09-01 18:14:25.832 32286 32571 I appium  : Waiting up to 10000ms for the device to idle
09-01 18:14:25.887 32286 32571 I appium  : AppiumResponse: {"sessionId":"6079ef5a-65f2-4e74-be6d-b0da3e440dc6","value":{"error":"no such element","message":"An element could not be located on the page using the given search parameters","stacktrace":"io.appium.uiautomator2.common.exceptions.ElementNotFoundException: An element could not be located on the pag
09-01 18:14:26.218 32077 32147 I cn.missevan: Explicit concurrent copying GC freed 6739(750KB) AllocSpace objects, 1(536KB) LOS objects, 50% free, 21MB/43MB, paused 521us total 225.653ms
09-01 18:14:26.247   717   717 I SurfaceFlinger: FPS: 1
09-01 18:14:26.149  1724  2178 I chatty  : uid=1000(system) AutobacklightTh identical 13 lines
09-01 18:14:26.327  1724  3765 D NotificationService: DEBUG_OVERRIDE_NOTIFY:enqueueNotificationWithTag pkg=cn.missevan opPkg=cn.missevantag=null notification=Notification(channel=LEAKCANARY_LOW pri=0 contentView=null vibrate=null sound=null defaults=0x0 flags=0x10 color=0x00000000 groupKey=LEAKCANARY_LOW vis=PRIVATE internalType=0 internalPriority=0 internalGroupPriority=0 internalFlag=0) userId =0
09-01 18:14:26.327  1724  3765 V NotificationService: enqueueNotificationInternal: pkg=cn.missevan id=2131429467 notification=Notification(channel=LEAKCANARY_LOW pri=0 contentView=null vibrate=null sound=null defaults=0x0 flags=0x10 color=0x00000000 groupKey=LEAKCANARY_LOW vis=PRIVATE internalType=0 internalPriority=0 internalGroupPriority=0 internalFlag=0)
09-01 18:14:26.328  1724  3765 E NotificationService: Suppressing notification from package by user request.
09-01 18:14:26.428 32286 32571 I appium  : channel read: POST /wd/hub/session/6079ef5a-65f2-4e74-be6d-b0da3e440dc6/element
09-01 18:14:26.432 32286 32571 I appium  : FindElement command
09-01 18:14:26.438 32286 32571 I appium  : method: 'id', selector: 'cn.missevan:id/ll_container', contextId: ''
09-01 18:14:26.439 32286 32571 I appium  : Waiting up to 10000ms for the device to idle
09-01 18:14:26.513 32286 32571 I appium  : AppiumResponse: {"sessionId":"6079ef5a-65f2-4e74-be6d-b0da3e440dc6","value":{"error":"no such element","message":"An element could not be located on the page using the given search parameters","stacktrace":"io.appium.uiautomator2.common.exceptions.ElementNotFoundException: An element could not be located on the pag
09-01 18:14:26.812 13770 14382 E memtrack: Couldn't load memtrack module
09-01 18:14:26.812 13770 14382 W android.os.Debug: failed to get memory consumption info: -1
09-01 18:14:27.054 32286 32571 I appium  : channel read: POST /wd/hub/session/6079ef5a-65f2-4e74-be6d-b0da3e440dc6/element
09-01 18:14:27.057 32286 32571 I appium  : FindElement command
09-01 18:14:27.064 32286 32571 I appium  : method: 'id', selector: 'cn.missevan:id/ll_container', contextId: ''
09-01 18:14:27.064 32286 32571 I appium  : Waiting up to 10000ms for the device to idle
09-01 18:14:27.104 32286 32571 I appium  : AppiumResponse: {"sessionId":"6079ef5a-65f2-4e74-be6d-b0da3e440dc6","value":{"error":"no such element","message":"An element could not be located on the page using the given search parameters","stacktrace":"io.appium.uiautomator2.common.exceptions.ElementNotFoundException: An element could not be located on the pag
09-01 18:14:27.634 32286 32571 I appium  : channel read: POST /wd/hub/session/6079ef5a-65f2-4e74-be6d-b0da3e440dc6/element
09-01 18:14:27.637 32286 32571 I appium  : FindElement command
09-01 18:14:27.643 32286 32571 I appium  : method: 'id', selector: 'cn.missevan:id/ll_container', contextId: ''
09-01 18:14:27.643 32286 32571 I appium  : Waiting up to 10000ms for the device to idle
09-01 18:14:27.661 32077 32232 I CronetEngine: [thread_background]
09-01 18:14:27.661 32077 32232 I CronetEngine: url: https://data.uat.missevan.com/statistics/collect-events
09-01 18:14:27.661 32077 32232 I CronetEngine:  ip: 10.21.250.10
09-01 18:14:27.661 32077 32232 I CronetEngine:  hostResolverProvider:
09-01 18:14:27.661 32077 32232 I CronetEngine:  hostResolveIps: []
09-01 18:14:27.661 32077 32232 I CronetEngine:
09-01 18:14:27.686 32286 32571 I appium  : AppiumResponse: {"sessionId":"6079ef5a-65f2-4e74-be6d-b0da3e440dc6","value":{"error":"no such element","message":"An element could not be located on the page using the given search parameters","stacktrace":"io.appium.uiautomator2.common.exceptions.ElementNotFoundException: An element could not be located on the pag
09-01 18:14:28.237 32286 32571 I appium  : channel read: GET /wd/hub/session/6079ef5a-65f2-4e74-be6d-b0da3e440dc6/screenshot
09-01 18:14:28.240 32286 32571 I appium  : CaptureScreenshot command
09-01 18:14:28.252   717   717 I SurfaceFlinger: FPS: 2
09-01 18:14:28.385 13770 13812 I ZPlanGuardManager: onBackgroundTimeTick, tick=77
09-01 18:14:28.500 32077 32147 I cn.missevan: Explicit concurrent copying GC freed 5886(809KB) AllocSpace objects, 1(36KB) LOS objects, 49% free, 22MB/44MB, paused 209us total 168.357ms
09-01 18:14:28.504   717   717 I ConfigStore: android::hardware::configstore::V1_0::ISurfaceFlingerConfigs::hasHDRDisplay retrieved: 0
09-01 18:14:28.505   717   717 I ConfigStore: android::hardware::configstore::V1_0::ISurfaceFlingerConfigs::hasHDRDisplay retrieved: 0
09-01 18:14:28.403  1724  2178 I chatty  : uid=1000(system) AutobacklightTh identical 12 lines
09-01 18:14:28.605  1724  3765 D NotificationService: DEBUG_OVERRIDE_NOTIFY:enqueueNotificationWithTag pkg=cn.missevan opPkg=cn.missevantag=null notification=Notification(channel=LEAKCANARY_LOW pri=0 contentView=null vibrate=null sound=null defaults=0x0 flags=0x10 color=0x00000000 groupKey=LEAKCANARY_LOW vis=PRIVATE internalType=0 internalPriority=0 internalGroupPriority=0 internalFlag=0) userId =0
09-01 18:14:28.605  1724  3765 V NotificationService: enqueueNotificationInternal: pkg=cn.missevan id=2131429467 notification=Notification(channel=LEAKCANARY_LOW pri=0 contentView=null vibrate=null sound=null defaults=0x0 flags=0x10 color=0x00000000 groupKey=LEAKCANARY_LOW vis=PRIVATE internalType=0 internalPriority=0 internalGroupPriority=0 internalFlag=0)
09-01 18:14:28.605  1724  3765 E NotificationService: Suppressing notification from package by user request.
09-01 18:14:28.870 32286 32571 I appium  : AppiumResponse: {"sessionId":"6079ef5a-65f2-4e74-be6d-b0da3e440dc6","value":"iVBORw0KGgoAAAANSUhEUgAABDgAAAjoCAYAAAA5jhrUAAAABHNCSVQICAgIfAhkiAAAIABJREFU\neJzs3XdcVfX/B/DXZe+hkAMlBAeIC8VZ4hbLkVpWliZqqYlaVmCONEtxj6+Spg13ZkOc5FbCgYCa\nAxxIIqgIKJc9L/f+/uDHieu9rDu4XH09Hw8f3XPuGZ9Dyr3ndT6f90ckk8lkICIiIiIiIiLSYwa6\nbgARE
09-01 18:14:29.343 32721   431 D NAccs.InAppConn_default:  startChannelService
09-01 18:14:29.345 32721   431 D NAccs.Config:  getAgooAppKey appkey:umeng:546d7dd7fd98c58fc800082c
09-01 18:14:29.348 32721   431 I NAccs.a :  dispatchIntent bind service start intent:Intent { act=com.taobao.accs.intent.action.START_SERVICE cmp=cn.missevan/com.taobao.accs.ChannelService (has extras) }
09-01 18:14:29.357 32721   431 D NAccs.AdapterGlobalClientInfo:  getAgooCustomServiceName serviceName:com.umeng.message.component.UmengIntentService
09-01 18:14:29.357 32721   431 I NAccs.a :  dispatchIntent bind service start intent:Intent { act=org.agoo.android.intent.action.REPORT pkg=cn.missevan cmp=cn.missevan/com.umeng.message.component.UmengIntentService }
09-01 18:14:29.357 32721 32721 D NAccs.a :  bindService connected componentName:ComponentInfo{cn.missevan/com.taobao.accs.ChannelService}
09-01 18:14:29.369 32721 32721 I NAccs.BaseService:  handleMessage on receive msg msg:{ id=42 when=-12ms what=0 target=com.taobao.accs.base.BaseService$1 }
09-01 18:14:29.370 32721 32721 I NAccs.BaseService:  handleMessage get intent success intent:Intent { act=com.taobao.accs.intent.action.START_SERVICE cmp=cn.missevan/com.taobao.accs.ChannelService (has extras) }
09-01 18:14:29.371 32721   431 I NAccs.ElectionServiceImpl:  onStartCommand begin action:com.taobao.accs.intent.action.START_SERVICE
09-01 18:14:29.371 32721   431 I NAccs.ElectionServiceImpl:  handleStartCommand configTag:default appkey:umeng:546d7dd7fd98c58fc800082c appSecret:64e8358a59d434e5546720db97ab5996 ttid:android@umeng pkg:cn.missevan
09-01 18:14:29.372 32721 32721 D NAccs.a :  bindService connected componentName:ComponentInfo{cn.missevan/com.umeng.message.component.UmengIntentService}
09-01 18:14:29.373 32721   431 I NAccs.ElectionServiceImpl:  getConnection configTag:default start:false
09-01 18:14:29.373 32721   431 I NAccs.ServiceImpl:  onHostStartCommand intent:Intent { act=com.taobao.accs.intent.action.START_SERVICE cmp=cn.missevan/com.taobao.accs.ChannelService (has extras) }
09-01 18:14:29.373 32721   431 D NAccs.ServiceImpl:  onHostStartCommand key:appKey  value:umeng:546d7dd7fd98c58fc800082c
09-01 18:14:29.373 32721   431 D NAccs.ServiceImpl:  onHostStartCommand key:configTag  value:default
09-01 18:14:29.373 32721   431 D NAccs.ServiceImpl:  onHostStartCommand key:mode  value:0
09-01 18:14:29.373 32721   431 D NAccs.ServiceImpl:  onHostStartCommand key:ttid  value:android@umeng
09-01 18:14:29.373 32721   431 D NAccs.ServiceImpl:  onHostStartCommand key:packageName  value:cn.missevan
09-01 18:14:29.374 32721   431 D NAccs.ServiceImpl:  onHostStartCommand key:app_sercet  value:64e8358a59d434e5546720db97ab5996
09-01 18:14:29.374 32721   431 D NAccs.ServiceImpl:  onHostStartCommand key:agoo_app_key  value:umeng:546d7dd7fd98c58fc800082c
09-01 18:14:29.374 32721   431 I NAccs.LoadSoFailUtil:  getSoFailTimes times:0
09-01 18:14:29.374 32721   431 D NAccs.ServiceImpl:  handleAction action:com.taobao.accs.intent.action.START_SERVICE
09-01 18:14:29.374 32721   431 I NAccs.ServiceImpl:  tryConnect appkey:umeng:546d7dd7fd98c58fc800082c configTag:default|0
09-01 18:14:29.375 32721   431 D NAccs.SilenceConn_default:  start
09-01 18:14:29.375 32721   431 D NAccs.SilenceConn_default:  try ping, force:false
09-01 18:14:29.376 32721   431 D NAccs.SilenceConn_default:  sendMessage ready dataId:1662027269375.6 type:PING delay:0
09-01 18:14:29.382 32721 32721 I NAccs.BaseIntentService:  handleMessage on receive msg msg:{ id=44 when=-9ms what=0 target=org.android.agoo.control.g }
09-01 18:14:29.382 32721 32721 I NAccs.BaseIntentService:  handleMessage get intent success intent:Intent { act=org.agoo.android.intent.action.REPORT pkg=cn.missevan cmp=cn.missevan/com.umeng.message.component.UmengIntentService }
09-01 18:14:29.383 32721   431 I NAccs.BaseIntentService:  onHandleIntent,action=org.agoo.android.intent.action.REPORT,agooCommand=cn.missevan.intent.action.COMMAND,mipushCommand=cn.missevan.intent.thirdPush.action.COMMAND
09-01 18:14:29.383 32721   431 I NAccs.BaseIntentService:  is report cache msg,Config.isReportCacheMsg(mContext)=false
09-01 18:14:29.384 32721   431 D NAccs.isClearTime:  now=1662027269383,now - lastTime=6403201,istrue=false
09-01 18:14:29.384 32721   431 I NAccs.BaseIntentService:  is clear all msg=false
09-01 18:14:29.384 32721   431 D NAccs.isClearTime:  now=1662027269383,now - lastTime=6403201,istrue=false
09-01 18:14:29.454   717   717 I SurfaceFlinger: FPS: 2
09-01 18:14:29.833  1724  2070 I chatty  : uid=1000(system) WifiStateMachin expire 2 lines
09-01 18:14:30.739 32077 32147 I cn.missevan: Explicit concurrent copying GC freed 2962(538KB) AllocSpace objects, 0(0B) LOS objects, 50% free, 21MB/43MB, paused 125us total 130.704ms
09-01 18:14:30.655  1724  2178 I chatty  : uid=1000(system) AutobacklightTh identical 12 lines
09-01 18:14:30.848  1724  3767 D NotificationService: DEBUG_OVERRIDE_NOTIFY:enqueueNotificationWithTag pkg=cn.missevan opPkg=cn.missevantag=null notification=Notification(channel=LEAKCANARY_LOW pri=0 contentView=null vibrate=null sound=null defaults=0x0 flags=0x10 color=0x00000000 groupKey=LEAKCANARY_LOW vis=PRIVATE internalType=0 internalPriority=0 internalGroupPriority=0 internalFlag=0) userId =0
09-01 18:14:30.848  1724  3767 V NotificationService: enqueueNotificationInternal: pkg=cn.missevan id=2131429467 notification=Notification(channel=LEAKCANARY_LOW pri=0 contentView=null vibrate=null sound=null defaults=0x0 flags=0x10 color=0x00000000 groupKey=LEAKCANARY_LOW vis=PRIVATE internalType=0 internalPriority=0 internalGroupPriority=0 internalFlag=0)
09-01 18:14:30.849  1724  3767 E NotificationService: Suppressing notification from package by user request.
09-01 18:14:31.873  4240  4431 V SingleDBHelper: onOpen
09-01 18:14:31.947  1724  2178 I chatty  : uid=1000(system) AutobacklightTh identical 6 lines
09-01 18:14:32.221  1724  1724 I chatty  : uid=1000 system_server expire 3 lines
09-01 18:14:32.225  2404  2404 D KeyguardUpdateMonitor: received broadcast android.intent.action.BATTERY_CHANGED
09-01 18:14:32.236  2404  2404 D KeyguardUpdateMonitor: handleBatteryUpdate
09-01 18:14:32.241  2831  2831 D QtiCarrierConfigHelper: WARNING, no carrier configs on phone Id: 0
09-01 18:14:32.242  1724  5458 I chatty  : uid=1000(system) IzatProvider expire 6 lines
09-01 18:14:32.243   692   692 V LocSvc_HIDL_IzatSubscription: [batteryLevelUpdate][777] [HS] <<<<= [HC]
09-01 18:14:32.255 13770 13770 D TESDownloadManager: AppSystemReceiver onReceive
09-01 18:14:32.255 13770 13770 D TESDownloadManager: action:android.intent.action.BATTERY_CHANGED
09-01 18:14:32.264  2404  2404 D KeyguardUpdateMonitor: received broadcast android.intent.action.BATTERY_CHANGED
09-01 18:14:32.265  2404  2404 D KeyguardUpdateMonitor: handleBatteryUpdate
09-01 18:14:32.273  2831  2831 D QtiCarrierConfigHelper: WARNING, no carrier configs on phone Id: 0
09-01 18:14:32.276 13770 13770 D TESDownloadManager: AppSystemReceiver onReceive
09-01 18:14:32.276 13770 13770 D TESDownloadManager: action:android.intent.action.BATTERY_CHANGED
09-01 18:14:32.277  1724  1724 I chatty  : uid=1000 system_server expire 1 line
09-01 18:14:32.277   692   692 V LocSvc_HIDL_IzatSubscription: [batteryLevelUpdate][777] [HS] <<<<= [HC]
09-01 18:14:32.467   717   717 I SurfaceFlinger: FPS: 1
09-01 18:14:32.768  1724  2038 I chatty  : uid=1000(system) AlarmManager expire 8 lines
09-01 18:14:32.589  1724  2178 I chatty  : uid=1000(system) AutobacklightTh identical 2 lines
09-01 18:14:32.779  1724  2038 I PackageManager: ### pkg:Package{263c2cc com.vivo.aiengine}
09-01 18:14:32.832 10614 10787 D MSF.C.NetConnTag.true: msf can not get ssid
09-01 18:14:32.833 10614 10787 D MSF.C.NetConnTag.true: msf can not get ssid
09-01 18:14:32.834 10614 10787 D MSF.C.NetConnTag.true: encodeRequest cmd: StatSvc.SimpleGet, with version = 11, AppId = 537129683
09-01 18:14:32.834 10614 10787 D MSF.C.NetConnTag.true: pa ok: 63581
09-01 18:14:32.834 10614 10787 D MSF.C.DeepSleepDetector: [hasInDeepSleep] result: false, bgTime: 929226, mCount: 16, interval: 60000
09-01 18:14:32.834 10614 10787 D MSF.C.NetConnTag.DualConnContext.true: tryDualConn
09-01 18:14:32.836 10614 10787 D MSF.C.NetConnTag.true: netSend ssoSeq:63581 uin:*6236 cmd:GTcxIAkuJnQZKj0kNj0CPz4 63689 1f7efbc socketEngineID: 0 socket: 33025980
09-01 18:14:32.857  1724  2070 I chatty  : uid=1000(system) WifiStateMachin expire 2 lines
09-01 18:14:32.781  1724  2038 I PackageManager: ### pkg:Package{263c2cc com.vivo.aiengine}
09-01 18:14:32.863  1724  3767 I PackageManager: ### pkg:Package{a14a9df com.tencent.mobileqq}
09-01 18:14:32.877  1724  3765 I chatty  : uid=1000(system) Binder:1724_10 expire 1 line
09-01 18:14:32.902 10614 23712 D MSF.C.NetConnTag.true: netRecv ssoSeq:63581 uin:*6236 cmd:GTcxIAkuJnQZKj0kNj0CPz4 63701 cross:0 socketEngineID: 0 socket: 33025980
09-01 18:14:32.905  2746  2746 D AIE-Bolts-Task: New thread: BoltsBgPool-thread-3477
09-01 18:14:32.906  1724  3767 I chatty  : uid=1000(system) Binder:1724_11 expire 5 lines
09-01 18:14:32.916  1724  3765 I chatty  : uid=1000(system) Binder:1724_10 expire 2 lines
09-01 18:14:32.919  1724 14873 I chatty  : uid=1000(system) Binder:1724_1D expire 3 lines
09-01 18:14:32.921   992   992 E Netd    : tether checkPermission, pid:1724 uid:1000
09-01 18:14:33.009 32077 32147 I cn.missevan: Explicit concurrent copying GC freed 2709(528KB) AllocSpace objects, 0(0B) LOS objects, 50% free, 21MB/43MB, paused 283us total 156.594ms
09-01 18:14:33.033 10614 10759 I wlogin_sdk[P:1]: GetLocalTicket appid 16 type 0x40
09-01 18:14:33.039 10614 10759 I wlogin_sdk[P:151]: get_all_siginfo in mem
09-01 18:14:33.039 10614 10759 I wlogin_sdk[P:2]: WUserSigInfo::get_clone 1662020321
09-01 18:14:33.039 10614 10759 I wlogin_sdk[P:9]: skey in sigInfo ML***2X
09-01 18:14:33.039 10614 10759 I wlogin_sdk[P:12]: GetUserSigInfoTicket type:0x40 sig:72 key:16 create time:1662020320 expire time:1664439520
09-01 18:14:33.040 10614 10759 I wlogin_sdk[P:13]:
09-01 18:14:33.040 10614 10759 I wlogin_sdk[P:1]: GetLocalTicket appid 16 type 0x40000
09-01 18:14:33.040 10614 10759 I wlogin_sdk[P:151]: get_all_siginfo in mem
09-01 18:14:33.040 10614 10759 I wlogin_sdk[P:2]: WUserSigInfo::get_clone 1662020321
09-01 18:14:33.041 10614 10759 I wlogin_sdk[P:9]: skey in sigInfo ML***2X
09-01 18:14:33.041 10614 10759 I wlogin_sdk[P:12]: GetUserSigInfoTicket type:0x40000 sig:64 key:16 create time:1661996061 expire time:1663724061
09-01 18:14:33.041 10614 10759 I wlogin_sdk[P:13]:
09-01 18:14:33.045 10614 10759 I wlogin_sdk[P:1]: GetLocalTicket appid 16 type 0x1000
09-01 18:14:33.045 10614 10759 I wlogin_sdk[P:151]: get_all_siginfo in mem
