09-01 18:45:05.384   685   685 W qti_sensors_hal: batch handle 1 flags 0 period_ns 20000000 timeout 200000000
09-01 18:45:05.384   685   685 W qti_sensors_hal: batch:sensor(android.sensor.accelerometer) handle:1 flags:0x0 period_ns 20000000
09-01 18:45:05.391   717  2381 E         : IProducerListener: malformed binder reply
09-01 18:45:05.393 28518 28518 V Camera  : sendStartPreviewBroadCast
09-01 18:45:05.393 28518 28518 W ContextImpl: Calling a method in the system process without a qualified user: android.app.ContextImpl.sendBroadcast:1024 android.content.ContextWrapper.sendBroadcast:444 android.hardware.Camera.sendStartPreviewBroadCast:794 android.hardware.Camera.startPreview:1155 com.bbk.facewake.FaceWakeService.prepareFaceDetection:171
09-01 18:45:05.396   982  1215 I CameraHardwareInterface: Destroying camera 1
09-01 18:45:05.402   673 16451 E         : mm_camera_module_send_cmd: rc = 0
09-01 18:45:05.402   673 16451 I chatty  : uid=1047(cameraserver) provider@2.4-se identical 36 lines
09-01 18:45:05.402   673 16451 E         : mm_camera_module_send_cmd: rc = 0
09-01 18:45:05.405   673 16451 E libc    : Access denied finding property "persist.denoise.process.plates"
09-01 18:45:05.405   673 16451 E libc    : Access denied finding property "persist.denoise.process.plates"
09-01 18:45:05.406   673 16452 E QCamera2HWI: deferredWorkRoutine: dw->cmd = 7, dw->id = 4, pme->mInitPProcJob = 0, job_status = 0x0 at 13123
09-01 18:45:05.406   673 16451 E         : mm_camera_module_send_cmd: rc = 0
09-01 18:45:05.407   673 16451 E         : mm_camera_module_send_cmd: rc = 0
09-01 18:45:05.408   673 16452 E QCamera2HWI: deferredWorkRoutine: dw->cmd = 7, dw->id = 5, pme->mInitPProcJob = 0, job_status = 0x0 at 13123
09-01 18:45:05.408   673 16451 E libc    : Access denied finding property "persist.denoise.process.plates"
09-01 18:45:05.408   673 16451 E libc    : Access denied finding property "persist.denoise.process.plates"
09-01 18:45:05.409   673 16452 E         : mm_camera_module_send_cmd: rc = 0
09-01 18:45:05.409   673 16452 E QCamera2HWI: deferredWorkRoutine: dw->cmd = 7, dw->id = 6, pme->mInitPProcJob = 0, job_status = 0x0 at 13123
09-01 18:45:05.410   673 16451 E         : mm_camera_module_send_cmd: rc = 0
09-01 18:45:05.411   717   805 E         : IProducerListener: malformed binder reply
09-01 18:45:05.411   673 16451 E         : mm_camera_module_send_cmd: rc = 0
09-01 18:45:05.412   673 16473 E libc    : Access denied finding property "camera.cpp.pbf.enable"
09-01 18:45:05.413   673 16451 E         : mm_camera_module_send_cmd: rc = 0
09-01 18:45:05.414   673 16451 E         : mm_camera_module_send_cmd: rc = 0
09-01 18:45:05.415   673 16452 D CamDev@1.0-impl: sGetMemory input fd = 121
09-01 18:45:05.415   673 16452 D CamDev@1.0-impl: CameraHeapMemory_check fd 121 mHidlHandle->data[0] 125
09-01 18:45:05.415   673 16451 E libc    : Access denied finding property "persist.denoise.process.plates"
09-01 18:45:05.415   673 16451 E libc    : Access denied finding property "persist.denoise.process.plates"
09-01 18:45:05.415   673 16452 E CamDev@1.0-impl: lmj debug mem->vif_value is 0
09-01 18:45:05.415   673 16452 D CamDev@1.0-impl: sGetMemory numOfFd 1
09-01 18:45:05.415   673 16452 D CamDev@1.0-impl: sGetMemory i = 0 fd(data[0]) = 125
09-01 18:45:05.415   982  1622 D CameraHardwareInterface: registerMemory_check input fd = 8
09-01 18:45:05.415   982  1622 D CameraHardwareInterface: sGetMemory_check_interface fd 8 size 5533696 num 1
09-01 18:45:05.416   982  1622 D CameraHardwareInterface: leetao camera_debug get memory fd=10,mem=0xead27a68,strongcount=2
09-01 18:45:05.416   982  1622 D CameraHardwareInterface: registerMemory_check mem 0xead10d6c id 10
09-01 18:45:05.416   673 16452 D CamDev@1.0-impl: sGetMemory middle data[0] = 125 id 10 mem->handle.mId 10
09-01 18:45:05.416   673 16451 E         : mm_camera_module_send_cmd: rc = 0
09-01 18:45:05.418   673 16451 E         : mm_camera_module_send_cmd: rc = 0
09-01 18:45:05.418   673 16451 I CCSG    : vivo_get_vmSize(pid 673): VmSIZE 487780
09-01 18:45:05.418   673 16451 I CCSG    : vivo_get_vmSize(pid 673): VmSIZE 211948
09-01 18:45:05.419   673 16452 D CamDev@1.0-impl: sGetMemory input fd = 128
09-01 18:45:05.419   673 16452 D CamDev@1.0-impl: CameraHeapMemory_check fd 128 mHidlHandle->data[0] 133
09-01 18:45:05.419   673 16452 E CamDev@1.0-impl: lmj debug mem->vif_value is 0
09-01 18:45:05.419   673 16452 D CamDev@1.0-impl: sGetMemory numOfFd 1
09-01 18:45:05.419   673 16452 D CamDev@1.0-impl: sGetMemory i = 0 fd(data[0]) = 133
09-01 18:45:05.419   982  1622 D CameraHardwareInterface: registerMemory_check input fd = 8
09-01 18:45:05.419   982  1622 D CameraHardwareInterface: sGetMemory_check_interface fd 8 size 5533696 num 1
09-01 18:45:05.419   982  1622 D CameraHardwareInterface: leetao camera_debug get memory fd=11,mem=0xead27790,strongcount=2
09-01 18:45:05.419   982  1622 D CameraHardwareInterface: registerMemory_check mem 0xead1010c id 11
09-01 18:45:05.419   673 16451 E         : mm_camera_module_send_cmd: rc = 0
09-01 18:45:05.420   673 16452 D CamDev@1.0-impl: sGetMemory middle data[0] = 133 id 11 mem->handle.mId 11
09-01 18:45:05.424   673 16452 D CamDev@1.0-impl: sGetMemory input fd = 135
09-01 18:45:05.424   673 16452 D CamDev@1.0-impl: CameraHeapMemory_check fd 135 mHidlHandle->data[0] 138
09-01 18:45:05.425   673 16452 E CamDev@1.0-impl: lmj debug mem->vif_value is 0
09-01 18:45:05.425   673 16452 D CamDev@1.0-impl: sGetMemory numOfFd 1
09-01 18:45:05.425   673 16452 D CamDev@1.0-impl: sGetMemory i = 0 fd(data[0]) = 138
09-01 18:45:05.425   982  1622 D CameraHardwareInterface: registerMemory_check input fd = 8
09-01 18:45:05.425   982  1622 D CameraHardwareInterface: sGetMemory_check_interface fd 8 size 5533696 num 1
09-01 18:45:05.425   982  1622 D CameraHardwareInterface: leetao camera_debug get memory fd=12,mem=0xead27800,strongcount=2
09-01 18:45:05.425   982  1622 D CameraHardwareInterface: registerMemory_check mem 0xead100dc id 12
09-01 18:45:05.425   673 16452 D CamDev@1.0-impl: sGetMemory middle data[0] = 138 id 12 mem->handle.mId 12
09-01 18:45:05.425   673 16477 E mm-camera: s5k2l8_pd1728front_m24c64s_eeprom_get_calibration_items:212,Enter
09-01 18:45:05.425   673 16477 E mm-camera: s5k2l8_pd1728front_m24c64s_eeprom_get_calibration_items:226,is_wbc:1,is_afc:0,is_lsc:1,is_dpc:0,is_insensor:0,  is_ois:0
09-01 18:45:05.434   673 16452 D CamDev@1.0-impl: sGetMemory input fd = 141
09-01 18:45:05.434   673 16452 D CamDev@1.0-impl: CameraHeapMemory_check fd 141 mHidlHandle->data[0] 146
09-01 18:45:05.434   673 16452 E CamDev@1.0-impl: lmj debug mem->vif_value is 0
09-01 18:45:05.434   673 16452 D CamDev@1.0-impl: sGetMemory numOfFd 1
09-01 18:45:05.434   673 16452 D CamDev@1.0-impl: sGetMemory i = 0 fd(data[0]) = 146
09-01 18:45:05.435   982  1622 D CameraHardwareInterface: registerMemory_check input fd = 8
09-01 18:45:05.435   982  1622 D CameraHardwareInterface: sGetMemory_check_interface fd 8 size 5533696 num 1
09-01 18:45:05.435   982  1622 D CameraHardwareInterface: leetao camera_debug get memory fd=15,mem=0xead27870,strongcount=2
09-01 18:45:05.435   982  1622 D CameraHardwareInterface: registerMemory_check mem 0xe92069fc id 15
09-01 18:45:05.436   673 16452 D CamDev@1.0-impl: sGetMemory middle data[0] = 146 id 15 mem->handle.mId 15
09-01 18:45:05.440   673 16452 D CamDev@1.0-impl: sGetMemory input fd = 149
09-01 18:45:05.440   673 16452 D CamDev@1.0-impl: CameraHeapMemory_check fd 149 mHidlHandle->data[0] 116
09-01 18:45:05.440   673 16452 E CamDev@1.0-impl: lmj debug mem->vif_value is 0
09-01 18:45:05.440   673 16452 D CamDev@1.0-impl: sGetMemory numOfFd 1
09-01 18:45:05.440   673 16452 D CamDev@1.0-impl: sGetMemory i = 0 fd(data[0]) = 116
09-01 18:45:05.440   982  1622 D CameraHardwareInterface: registerMemory_check input fd = 8
09-01 18:45:05.440   982  1622 D CameraHardwareInterface: sGetMemory_check_interface fd 8 size 5533696 num 1
09-01 18:45:05.441   982  1622 D CameraHardwareInterface: leetao camera_debug get memory fd=18,mem=0xe923bd88,strongcount=2
09-01 18:45:05.441   982  1622 D CameraHardwareInterface: registerMemory_check mem 0xe92064bc id 18
09-01 18:45:05.441   673 16452 D CamDev@1.0-impl: sGetMemory middle data[0] = 116 id 18 mem->handle.mId 18
09-01 18:45:05.443   673 16451 E         : mm_camera_module_send_cmd: rc = 0
09-01 18:45:05.444  1724  3768 D ActivityManager: AMS onShellCommand CallingPid=16503 ,callingUid=2000 ,PackageName=android.uid.shell:2000.Starting command :force-stop cn.missevan
09-01 18:45:05.444   673 16451 E         : mm_camera_module_send_cmd: rc = 0
09-01 18:45:05.444   673 16452 D CamDev@1.0-impl: sGetMemory input fd = 155
09-01 18:45:05.444   673 16452 D CamDev@1.0-impl: CameraHeapMemory_check fd 155 mHidlHandle->data[0] 159
09-01 18:45:05.445   673 16452 E CamDev@1.0-impl: lmj debug mem->vif_value is 0
09-01 18:45:05.445   673 16452 D CamDev@1.0-impl: sGetMemory numOfFd 1
09-01 18:45:05.445   673 16452 D CamDev@1.0-impl: sGetMemory i = 0 fd(data[0]) = 159
09-01 18:45:05.445   982  1622 D CameraHardwareInterface: registerMemory_check input fd = 8
09-01 18:45:05.445   982  1622 D CameraHardwareInterface: sGetMemory_check_interface fd 8 size 5533696 num 1
09-01 18:45:05.445   982  1622 D CameraHardwareInterface: leetao camera_debug get memory fd=21,mem=0xe923bd50,strongcount=2
09-01 18:45:05.445   982  1622 D CameraHardwareInterface: registerMemory_check mem 0xe9205e5c id 21
09-01 18:45:05.445   673 16452 D CamDev@1.0-impl: sGetMemory middle data[0] = 159 id 21 mem->handle.mId 21
09-01 18:45:05.446   673 16451 E         : mm_camera_module_send_cmd: rc = 0
09-01 18:45:05.446  1724  3768 I ActivityManager: Force stopping cn.missevan appid=10602 user=0: stop by 16503
09-01 18:45:05.446  1724  3768 I ActivityManager: Killing 15879:cn.missevan:player/u0a602 (adj 100): stop by 16503
09-01 18:45:05.448  1724  3768 W ActivityManager: Scheduling restart of crashed service cn.missevan/.play.player.PlayerService in 1000ms
09-01 18:45:05.450  2765  2785 I chatty  : uid=1000(system) Binder:2765_1 expire 3 lines
09-01 18:45:05.451  1724  3768 I ActivityManager: Killing 16211:cn.missevan:channel/u0a602 (adj 900): stop by 16503
09-01 18:45:05.452  1724  7979 I chatty  : uid=1000(system) Binder:1724_18 expire 2 lines
09-01 18:45:05.453  2765  3904 I chatty  : uid=1000(system) Binder:2765_5 expire 2 lines
09-01 18:45:05.454   673 16452 D CamDev@1.0-impl: sGetMemory input fd = 162
09-01 18:45:05.454   673 16452 D CamDev@1.0-impl: CameraHeapMemory_check fd 162 mHidlHandle->data[0] 167
09-01 18:45:05.454   673 16452 E CamDev@1.0-impl: lmj debug mem->vif_value is 0
09-01 18:45:05.454   673 16452 D CamDev@1.0-impl: sGetMemory numOfFd 1
09-01 18:45:05.454   673 16452 D CamDev@1.0-impl: sGetMemory i = 0 fd(data[0]) = 167
09-01 18:45:05.455   982  1622 D CameraHardwareInterface: registerMemory_check input fd = 8
09-01 18:45:05.455   982  1622 D CameraHardwareInterface: sGetMemory_check_interface fd 8 size 5533696 num 1
09-01 18:45:05.455   982  1622 D CameraHardwareInterface: leetao camera_debug get memory fd=24,mem=0xe923bae8,strongcount=2
09-01 18:45:05.455   982  1622 D CameraHardwareInterface: registerMemory_check mem 0xe920642c id 24
09-01 18:45:05.455   673 16452 D CamDev@1.0-impl: sGetMemory middle data[0] = 167 id 24 mem->handle.mId 24
09-01 18:45:05.458   673 16452 D CamDev@1.0-impl: sGetMemory input fd = 170
09-01 18:45:05.458   673 16452 D CamDev@1.0-impl: CameraHeapMemory_check fd 170 mHidlHandle->data[0] 174
09-01 18:45:05.459   673 16452 E CamDev@1.0-impl: lmj debug mem->vif_value is 0
09-01 18:45:05.459   673 16452 D CamDev@1.0-impl: sGetMemory numOfFd 1
09-01 18:45:05.459   673 16452 D CamDev@1.0-impl: sGetMemory i = 0 fd(data[0]) = 174
09-01 18:45:05.459   982  1215 D CameraHardwareInterface: registerMemory_check input fd = 8
09-01 18:45:05.459   982  1215 D CameraHardwareInterface: sGetMemory_check_interface fd 8 size 5533696 num 1
09-01 18:45:05.459   982  1215 D CameraHardwareInterface: leetao camera_debug get memory fd=27,mem=0xead279c0,strongcount=2
09-01 18:45:05.459   982  1215 D CameraHardwareInterface: registerMemory_check mem 0xead1124c id 27
09-01 18:45:05.459   673 16452 D CamDev@1.0-impl: sGetMemory middle data[0] = 174 id 27 mem->handle.mId 27
09-01 18:45:05.461  1724  3768 I ActivityManager: Killing 16169:cn.missevan:stats/u0a602 (adj 500): stop by 16503
09-01 18:45:05.463  1724  3768 W ActivityManager: Scheduling restart of crashed service cn.missevan/com.bilibili.lib.neuron.internal.NeuronRemoteService in 10985ms
09-01 18:45:05.466  2765 16737 I chatty  : uid=1000(system) Binder:2765_E expire 5 lines
09-01 18:45:05.471   673 16452 D CamDev@1.0-impl: sGetMemory input fd = 178
09-01 18:45:05.471   673 16452 D CamDev@1.0-impl: CameraHeapMemory_check fd 178 mHidlHandle->data[0] 181
09-01 18:45:05.471   673 16452 E CamDev@1.0-impl: lmj debug mem->vif_value is 0
09-01 18:45:05.471   673 16452 D CamDev@1.0-impl: sGetMemory numOfFd 1
09-01 18:45:05.471   673 16452 D CamDev@1.0-impl: sGetMemory i = 0 fd(data[0]) = 181
09-01 18:45:05.472   982  1215 D CameraHardwareInterface: registerMemory_check input fd = 8
09-01 18:45:05.472   982  1215 D CameraHardwareInterface: sGetMemory_check_interface fd 8 size 5533696 num 1
09-01 18:45:05.472   982  1215 D CameraHardwareInterface: leetao camera_debug get memory fd=30,mem=0xead27988,strongcount=2
09-01 18:45:05.472   982  1215 D CameraHardwareInterface: registerMemory_check mem 0xead10d3c id 30
09-01 18:45:05.472   673 16452 D CamDev@1.0-impl: sGetMemory middle data[0] = 181 id 30 mem->handle.mId 30
09-01 18:45:05.473   673 16452 E QCamera2HWI: deferredWorkRoutine: dw->cmd = 7, dw->id = 7, pme->mInitPProcJob = 0, job_status = 0x0 at 13123
09-01 18:45:05.473   673 16452 E         : mm_camera_module_send_cmd: rc = 0
09-01 18:45:05.474   673 16488 I ta      : TAAEC< INFO> 2880: aec_set_param: SHDR LIMITS:0 0 (0 0) (0 0)
09-01 18:45:05.475   673  1419 D QCameraQuadraCfa: img_algo_preload:126 : E
09-01 18:45:05.475   673  1419 D QCameraQuadraCfa: PresetConfig:498 : E
09-01 18:45:05.475   673  1419 D QCameraQuadraCfa: PresetConfig:502 : custom_cal_data  0
09-01 18:45:05.475   673  1419 D QCameraQuadraCfa: PresetConfig:503 : full_height  bd0
09-01 18:45:05.475   673  1419 D QCameraQuadraCfa: PresetConfig:504 : full_width  fc0
09-01 18:45:05.475   673  1419 D QCameraQuadraCfa: PresetConfig:505 : filter_arrangement  1
09-01 18:45:05.475   673  1419 D QCameraQuadraCfa: PresetConfig:506 : pedestal  40
09-01 18:45:05.475   673  1419 E quadracfa_dummy: inside dummy remosaic_init 1
09-01 18:45:05.475   673  1419 E quadracfa_dummy: inside dummy remosaic_gainmap_gen 1
09-01 18:45:05.475   673  1419 D QCameraQuadraCfa: PresetConfig:520 : X
09-01 18:45:05.475   673  1419 D QCameraQuadraCfa: img_algo_preload:128 : X
09-01 18:45:05.475   673 16473 E mm-camera: s5k2l8_pd1728front_m24c64s_eeprom_get_calibration_items:212,Enter
09-01 18:45:05.476   673 16473 E mm-camera: s5k2l8_pd1728front_m24c64s_eeprom_get_calibration_items:226,is_wbc:1,is_afc:0,is_lsc:1,is_dpc:0,is_insensor:0,  is_ois:0
09-01 18:45:05.476  1724 14890 I chatty  : uid=1000(system) Binder:1724_1E expire 3 lines
09-01 18:45:05.477   715  9877 V AudioFlinger: 15879 died, releasing its sessions
09-01 18:45:05.477   715  9877 V AudioFlinger:  pid 2765 @ 0
09-01 18:45:05.477   715  9877 V AudioFlinger:  pid 715 @ 1
09-01 18:45:05.477   715  9877 V AudioFlinger:  pid 715 @ 2
09-01 18:45:05.477   715  9877 V AudioFlinger:  pid 715 @ 3
09-01 18:45:05.477   715  9877 V AudioFlinger:  pid 715 @ 4
09-01 18:45:05.477   715  9877 V AudioFlinger:  pid 715 @ 5
09-01 18:45:05.477   715  9877 V AudioFlinger:  pid 715 @ 6
09-01 18:45:05.477   715  9877 V AudioFlinger:  pid 715 @ 7
09-01 18:45:05.477   715  9877 V AudioFlinger:  pid 715 @ 8
09-01 18:45:05.477   715  9877 V AudioFlinger:  pid 715 @ 9
09-01 18:45:05.477   715  9877 V AudioFlinger:  pid 715 @ 10
09-01 18:45:05.477   715  9877 V AudioFlinger:  pid 715 @ 11
09-01 18:45:05.477   715  9877 V AudioFlinger:  pid 715 @ 12
09-01 18:45:05.477   715  9877 V AudioFlinger:  pid 715 @ 13
09-01 18:45:05.477   715  9877 V AudioFlinger:  pid 715 @ 14
09-01 18:45:05.477   715  9877 V AudioFlinger:  pid 715 @ 15
09-01 18:45:05.477   715  9877 V AudioFlinger:  pid 715 @ 16
09-01 18:45:05.477   715  9877 V AudioFlinger:  pid 715 @ 17
09-01 18:45:05.477   715  9877 V AudioFlinger:  pid 715 @ 18
09-01 18:45:05.477   715  9877 V AudioFlinger:  pid 715 @ 19
09-01 18:45:05.477   715  9877 V AudioFlinger:  pid 715 @ 20
09-01 18:45:05.477   715  9877 V AudioFlinger:  pid 715 @ 21
09-01 18:45:05.477   715  9877 V AudioFlinger:  pid 715 @ 22
09-01 18:45:05.477   715  9877 V AudioFlinger:  pid 715 @ 23
09-01 18:45:05.477   715  9877 V AudioFlinger:  pid 715 @ 24
09-01 18:45:05.477   715  9877 V AudioFlinger:  pid 715 @ 25
09-01 18:45:05.477   715  9877 V AudioFlinger:  pid 715 @ 26
09-01 18:45:05.477   715  9877 V AudioFlinger:  pid 715 @ 27
09-01 18:45:05.477   715  9877 V AudioFlinger:  pid 715 @ 28
09-01 18:45:05.477   715  9877 V AudioFlinger:  pid 715 @ 29
09-01 18:45:05.477   715  9877 V AudioFlinger:  pid 715 @ 30
09-01 18:45:05.477   715  9877 V AudioFlinger:  pid 715 @ 31
09-01 18:45:05.477   715  9877 V AudioFlinger:  pid 715 @ 32
09-01 18:45:05.477   715  9877 V AudioFlinger:  pid 715 @ 33
09-01 18:45:05.477   715  9877 V AudioFlinger:  pid 715 @ 34
09-01 18:45:05.477   715  9877 V AudioFlinger:  pid 715 @ 35
09-01 18:45:05.477   715  9877 V AudioFlinger:  pid 715 @ 36
09-01 18:45:05.477   715  9877 V AudioFlinger:  pid 715 @ 37
09-01 18:45:05.477   715  9877 V AudioFlinger:  pid 715 @ 38
09-01 18:45:05.477   715  9877 V AudioFlinger:  pid 715 @ 39
09-01 18:45:05.477   715  9877 V AudioFlinger:  pid 715 @ 40
09-01 18:45:05.477   715  9877 V AudioFlinger:  pid 715 @ 41
09-01 18:45:05.477   715  9877 V AudioFlinger:  pid 715 @ 42
09-01 18:45:05.477   715  9877 V AudioFlinger:  pid 715 @ 43
09-01 18:45:05.477   715  9877 V AudioFlinger:  pid 715 @ 44
09-01 18:45:05.477   715  9877 V AudioFlinger:  pid 715 @ 45
09-01 18:45:05.477   715  9877 V AudioFlinger:  pid 715 @ 46
09-01 18:45:05.477   715  9877 V AudioFlinger:  pid 715 @ 47
09-01 18:45:05.477   715  9877 V AudioFlinger:  pid 715 @ 48
09-01 18:45:05.477   715  9877 V AudioFlinger:  pid 715 @ 49
09-01 18:45:05.477   715  9877 V AudioFlinger:  pid 715 @ 50
09-01 18:45:05.477   715  9877 V AudioFlinger:  pid 715 @ 51
09-01 18:45:05.477   715  9877 V AudioFlinger:  pid 715 @ 52
09-01 18:45:05.477   715  9877 V AudioFlinger:  pid 715 @ 53
09-01 18:45:05.477   715  9877 V AudioFlinger:  pid 715 @ 54
09-01 18:45:05.477   715  9877 V AudioFlinger:  pid 715 @ 55
09-01 18:45:05.478  1724  3768 I ActivityManager: Killing 15699:cn.missevan/u0a602 (adj 0): stop by 16503
09-01 18:45:05.478 15699 15699 E PlayerServiceConnection: [main] [onConnectionSuspended] media browser disconnect.
09-01 18:45:05.480  6559  6559 V Avrcp_ext: Player 12 package: cn.missevan
09-01 18:45:05.480   715  9877 V AudioFlinger:  pid 715 @ 56
09-01 18:45:05.480   715  9877 V AudioFlinger:  pid 715 @ 57
09-01 18:45:05.480   715  9877 V AudioFlinger:  pid 715 @ 58
09-01 18:45:05.480   715  9877 V AudioFlinger:  pid 715 @ 59
09-01 18:45:05.480   715  9877 V AudioFlinger:  pid 715 @ 60
09-01 18:45:05.480   715  9877 V AudioFlinger:  pid 715 @ 61
09-01 18:45:05.480   715  9877 V AudioFlinger:  pid 715 @ 62
09-01 18:45:05.480   715  9877 V AudioFlinger:  pid 715 @ 63
09-01 18:45:05.480   715  9877 V AudioFlinger:  pid 715 @ 64
09-01 18:45:05.480   715  9877 V AudioFlinger:  pid 715 @ 65
09-01 18:45:05.480   715  9877 V AudioFlinger:  pid 715 @ 66
09-01 18:45:05.481   715  9877 V AudioFlinger:  pid 715 @ 67
09-01 18:45:05.481   715  9877 V AudioFlinger:  pid 715 @ 68
09-01 18:45:05.481   715  9877 V AudioFlinger:  pid 715 @ 69
09-01 18:45:05.481   715  9877 V AudioFlinger:  pid 715 @ 70
09-01 18:45:05.481   715  9877 V AudioFlinger:  pid 715 @ 71
09-01 18:45:05.481   715  9877 V AudioFlinger:  pid 715 @ 72
09-01 18:45:05.481   715  9877 V AudioFlinger:  pid 715 @ 73
09-01 18:45:05.481   715  9877 V AudioFlinger:  pid 715 @ 74
09-01 18:45:05.481   715  9877 V AudioFlinger:  pid 715 @ 75
09-01 18:45:05.481   715  9877 V AudioFlinger:  pid 715 @ 76
09-01 18:45:05.481   715  9877 V AudioFlinger:  pid 715 @ 77
09-01 18:45:05.481   715  9877 V AudioFlinger:  pid 715 @ 78
09-01 18:45:05.481   715  9877 V AudioFlinger:  pid 715 @ 79
09-01 18:45:05.481   715  9877 V AudioFlinger:  pid 715 @ 80
09-01 18:45:05.481   715  9877 V AudioFlinger:  pid 715 @ 81
09-01 18:45:05.481   715  9877 V AudioFlinger:  pid 715 @ 82
09-01 18:45:05.481   715  9877 V AudioFlinger:  pid 715 @ 83
09-01 18:45:05.481   715  9877 V AudioFlinger:  pid 715 @ 84
09-01 18:45:05.481   715  9877 V AudioFlinger:  pid 715 @ 85
09-01 18:45:05.481   715  9877 V AudioFlinger:  pid 715 @ 86
09-01 18:45:05.481   715  9877 V AudioFlinger:  pid 715 @ 87
09-01 18:45:05.481   715  9877 V AudioFlinger:  pid 715 @ 88
09-01 18:45:05.481   715  9877 V AudioFlinger:  pid 715 @ 89
09-01 18:45:05.481   715  9877 V AudioFlinger:  pid 715 @ 90
09-01 18:45:05.481   715  9877 V AudioFlinger:  pid 715 @ 91
09-01 18:45:05.481   715  9877 V AudioFlinger:  pid 715 @ 92
09-01 18:45:05.481   715  9877 V AudioFlinger:  pid 715 @ 93
09-01 18:45:05.481   715  9877 V AudioFlinger:  pid 715 @ 94
09-01 18:45:05.481   715  9877 V AudioFlinger:  pid 715 @ 95
09-01 18:45:05.481   715  9877 V AudioFlinger:  pid 715 @ 96
09-01 18:45:05.481   715  9877 V AudioFlinger:  pid 715 @ 97
09-01 18:45:05.481   715  9877 V AudioFlinger:  pid 13770 @ 98
09-01 18:45:05.481   715  9877 V AudioFlinger:  pid 2404 @ 99
09-01 18:45:05.481   715  9877 V AudioFlinger:  pid 990 @ 100
09-01 18:45:05.481   715  9877 V AudioFlinger:  pid 2404 @ 101
09-01 18:45:05.481   715  9877 V AudioFlinger:  pid 982 @ 102
09-01 18:45:05.481   715  9877 V AudioFlinger:  pid 982 @ 103
09-01 18:45:05.481   715  9877 V AudioFlinger:  pid 982 @ 104
09-01 18:45:05.483  1724  3768 W ActivityManager: Force removing ActivityRecord{c63ae1 u0 cn.missevan/.activity.MainActivity t148}: app died, no saved state
09-01 18:45:05.483 15853 15853 I Player.BaseAidlPlayerService: [main] onUnbind
09-01 18:45:05.486 15853 15853 I Player.BaseAidlPlayerService: [main] onDestroy
09-01 18:45:05.488   673 16488 E ta      : TAAWB<ERROR> 2132: awb_set_init_vivo_chromatix: enableExtendGainAdjust 0
09-01 18:45:05.488 15853 15853 I Player.Aidl: [main] releaseAll
09-01 18:45:05.488   673 16489 I ta      : TAAF< INFO> 131: af_hybrid_update_tuning_params: dlopen of /system/vendor/lib/libtuning_lc898212xd_onsemi_vivohaf.so failed NULL handle ,use default param
09-01 18:45:05.488   978   978 I Zygote  : Process 15879 exited due to signal (9)
09-01 18:45:05.489 15853 15853 I Player.BBPlayer.core0: [main] release
09-01 18:45:05.491 15853 15853 I Player.BBPlayer.core0: [main] setPlayWhenReady, playWhenReady: false
09-01 18:45:05.493 15853 15853 I @@@BBPLOG: Info T933CA548 CPlayMain L104 Destroy playalpha video!
09-01 18:45:05.493 15853 15853 I @@@BBPLOG: Info T933CA548 CPlayMain L106 Destroy audio cut!
09-01 18:45:05.505 15853 15853 I @@@BBPLOG: Info T933CA548 CPlayMain L109 Destroy thread work!
09-01 18:45:05.505 15853 15853 I @@@BBPLOG: Info T933CA548 CPlayMain L111 Destroy player engine!
09-01 18:45:05.505 15853 15853 I @@@BBPLOG: Info T933CA548 CPlayMain L114 Destroy source engine!
09-01 18:45:05.506 15853 15853 I @@@BBPLOG: Info T933CA548 CPlayMain L120 Destroy data manager!
09-01 18:45:05.515 15853 15853 I @@@BBPLOG: Info T933CA548 CPlayMain L123 Destroy stop message!
09-01 18:45:05.515 15853 15853 I @@@BBPLOG: Info T933ca548 BBPFuncLog L123 ----CIPMng::Release Value is 00000000 start.
09-01 18:45:05.515 15853 15853 I @@@BBPLOG: Info T933ca548 BBPFuncLog L142 ----CIPMng::Release leave! no return. Ussed Time: 0
09-01 18:45:05.515 15853 15853 I @@@BBPLOG: Info T933CA548 CPlayMain L137 Destroy player inst!
09-01 18:45:05.515 15853 15853 I @@@BBPLOG: Info T933ca548 bbPlayer L106 It was Safe to exit ndk player!
09-01 18:45:05.516 15853 15853 I Player.AlphaVideoPlayerCore: [main] release
09-01 18:45:05.516  1724  3768 W ActivityManager: vivo occlude resumeTop canOccclude = false next.occlude = false
09-01 18:45:05.517 15853 15853 I @@@BBPLOG: Info T933CA548 CPlayMain L104 Destroy playalpha video!
09-01 18:45:05.517 15853 15853 I @@@BBPLOG: Info T933CA548 CPlayMain L106 Destroy audio cut!
09-01 18:45:05.518   673 16488 E libc    : Access denied finding property "persist.front.camera.qcom.awb"
09-01 18:45:05.519   673 16473 E libc    : Access denied finding property "cpp.set.clock"
09-01 18:45:05.519   673 16473 E         : ctrl->cpphw->stream_type = 1
09-01 18:45:05.531   673 16451 E         : mm_camera_module_send_cmd: rc = 0
09-01 18:45:05.532   673 16488 I ta      : TAAEC< INFO> 2880: aec_set_param: SHDR LIMITS:0 0 (0 0) (0 0)
09-01 18:45:05.536 15853 15853 I @@@BBPLOG: Info T933CA548 CPlayMain L109 Destroy thread work!
09-01 18:45:05.536 15853 15853 I @@@BBPLOG: Info T933CA548 CPlayMain L111 Destroy player engine!
09-01 18:45:05.536 15853 15853 I @@@BBPLOG: Info T933CA548 CPlayMain L114 Destroy source engine!
09-01 18:45:05.536 15853 15853 I @@@BBPLOG: Info T933CA548 CPlayMain L120 Destroy data manager!
09-01 18:45:05.547   673 16451 E         : mm_camera_module_send_cmd: rc = 0
09-01 18:45:05.547   673 16451 E         : mm_camera_module_send_cmd: rc = 0
09-01 18:45:05.547   673 16451 D ArcsoftProc: setPreviewState previewstate = 0
09-01 18:45:05.547   673 16452 E QCamera2HWI: deferredWorkRoutine: dw->cmd = 2, dw->id = 8, pme->mInitPProcJob = 8, job_status = 0x0 at 13123
09-01 18:45:05.551   673 22273 E         : mm_camera_module_send_cmd: rc = 0
09-01 18:45:05.555 28518 28518 D OrientationEventListener: Orientation is:340 X:-3.2350922 Y:-8.678772 Z:3.397812
09-01 18:45:05.555 28518 28518 D OrientationEventListener: Orientation is:341 X:-3.0843506 Y:-8.712265 Z:3.4073792
09-01 18:45:05.555 28518 28518 D OrientationEventListener: Orientation is:340 X:-3.1322021 Y:-8.764908 Z:3.4719849
09-01 18:45:05.555 28518 28518 D OrientationEventListener: Orientation is:341 X:-3.0939178 Y:-8.767303 Z:3.4863434
09-01 18:45:05.555 15853 15853 I @@@BBPLOG: Info T933CA548 CPlayMain L123 Destroy stop message!
09-01 18:45:05.555 15853 15853 I @@@BBPLOG: Info T933ca548 BBPFuncLog L123 ----CIPMng::Release Value is 00000000 start.
09-01 18:45:05.555 15853 15853 I @@@BBPLOG: Info T933ca548 BBPFuncLog L142 ----CIPMng::Release leave! no return. Ussed Time: 0
09-01 18:45:05.555 15853 15853 I @@@BBPLOG: Info T933CA548 CPlayMain L137 Destroy player inst!
09-01 18:45:05.555 15853 15853 I @@@BBPLOG: Info T933ca548 bbPlayer L106 It was Safe to exit ndk player!
09-01 18:45:05.557   978   978 I Zygote  : Process 16169 exited due to signal (9)
09-01 18:45:05.559  1724  3768 I ActivityManager: Killing 15853:cn.missevan:player.single/u0a602 (adj 0): stop by 16503
09-01 18:45:05.567   673 16452 I qomx_image_core: OMX_Init:101] Complete 3
09-01 18:45:05.573  1724  3768 I ActivityManager: Force stopping cn.missevan appid=10602 user=999: stop by 16503
09-01 18:45:05.573  1724  2656 D ConnectivityService: ConnectivityService NetworkRequestInfo binderDied(NetworkRequest [ TRACK_DEFAULT id=1103, [ Capabilities: INTERNET&NOT_RESTRICTED&TRUSTED Unwanted:  Uid: 10602] ], android.os.BinderProxy@f26fadc)
09-01 18:45:05.574  1724  2084 D ConnectivityService: releasing NetworkRequest [ TRACK_DEFAULT id=1103, [ Capabilities: INTERNET&NOT_RESTRICTED&TRUSTED Unwanted:  Uid: 10602] ] (release request)
09-01 18:45:05.574   978   978 I Zygote  : Process 16211 exited due to signal (9)
09-01 18:45:05.579  1724  1724 W Looper  : Slow dispatch took 124ms main h=com.android.server.job.JobSchedulerService$JobHandler c=android.app.AlarmManager$ListenerWrapper@63007e5 m=0
09-01 18:45:05.584  6559  6891 V Avrcp_ext: MediaController session destroyed
09-01 18:45:05.584  2404  2432 D vol.MediaSessions: onSessionDestroyed cn.missevan
09-01 18:45:05.584  6559  6891 V Avrcp_ext: updateNewIds: Addressed:12 to 12, Browse:0 to 0
09-01 18:45:05.584  2404  2432 D vol.MediaSessions: onActiveSessionsUpdatedH n=0
09-01 18:45:05.585  6559  6891 D Avrcp_ext: updateCurrentController: MediaController (cn.missevan@3f03c6) null, null, null to null
09-01 18:45:05.585  2404  2432 D vol.MediaSessions: Removing 猫耳FM sentRemote=false
09-01 18:45:05.585  2404  2432 D vol.MediaSessions: updateRemoteControllerH null
09-01 18:45:05.585  6559  6891 V Avrcp_ext: updateNewIds: Addressed:12 to 12, Browse:0 to 0
09-01 18:45:05.585  6559  6891 D PlaybackState: setState position:-1
09-01 18:45:05.585  6559  6891 V Avrcp_ext: updateCurrentMediaState: mMediaController: null
09-01 18:45:05.585  2404  2432 D vol.MediaSessions: onActiveSessionsUpdatedH n=0
09-01 18:45:05.585  6559  6891 V Avrcp_ext: isMusicActive: false getBluetoothPlayState: 0
09-01 18:45:05.585  6559  6891 V Avrcp_ext: updateCurrentMediaState: isPlaying = false, ck_play = 241
09-01 18:45:05.586  6559  6891 V Avrcp_ext: updateCurrentMediaState: mMediaController or getPlaybackState() null
09-01 18:45:05.586  6559  6891 D PlaybackState: setState position:-1
09-01 18:45:05.586  6559  6891 D PlaybackState: getActiveQueueItemId Id:-1
09-01 18:45:05.586  6559  6891 V Avrcp_ext: Media update: id 0➡-1? [MediaAttributes: none] : [MediaAttributes: 深⋯意 -  by Y⋯眠 (1326393 0/0) ]
09-01 18:45:05.586  6559  6891 V Avrcp_ext: Check if NowPlayingList is updated
09-01 18:45:05.586  6559  6891 V Avrcp_ext: newPlayStatus:2mReportedPlayStatus:-1
09-01 18:45:05.586  6559  6891 D Avrcp_ext: Exit onSessionDestroyed
09-01 18:45:05.586  6559  6891 W Avrcp_ext: ActiveSession: updated[]
09-01 18:45:05.586  6559  6891 W Avrcp_ext: ActiveSession: browseSelectedfalsemBrowsedPlayerExistfalse
09-01 18:45:05.586  6559  6891 W Avrcp_ext: Browse Player killed OR not launched yet !!!!
09-01 18:45:05.586  6559  6891 D PlaybackState: setState position:-1
09-01 18:45:05.586  6559  6891 V Avrcp_ext: updateCurrentMediaState: mMediaController: null
09-01 18:45:05.586  6559  6891 V Avrcp_ext: isMusicActive: false getBluetoothPlayState: 0
09-01 18:45:05.586  6559  6891 V Avrcp_ext: updateCurrentMediaState: isPlaying = false, ck_play = 241
09-01 18:45:05.586  6559  6891 V Avrcp_ext: updateCurrentMediaState: mMediaController or getPlaybackState() null
09-01 18:45:05.586  6559  6891 D PlaybackState: setState position:-1
09-01 18:45:05.586  6559  6891 D PlaybackState: getActiveQueueItemId Id:-1
09-01 18:45:05.586  6559  6891 V Avrcp_ext: Media update: id 0➡-1? [MediaAttributes: none] : [MediaAttributes: 深⋯意 -  by Y⋯眠 (1326393 0/0) ]
09-01 18:45:05.586  6559  6891 V Avrcp_ext: Check if NowPlayingList is updated
09-01 18:45:05.586  6559  6891 V Avrcp_ext: newPlayStatus:2mReportedPlayStatus:-1
09-01 18:45:05.586  1724  1724 I NotificationService: action=android.intent.action.PACKAGE_RESTARTED removing=false
09-01 18:45:05.588  2765  2765 W ContextImpl: Calling a method in the system process without a qualified user: android.app.ContextImpl.startService:1550 android.content.ContextWrapper.startService:664 com.vivo.daemonService.easyshare.ESAlarmReceiver.a:5 com.vivo.daemonService.easyshare.ESAlarmReceiver.onReceive:2 android.app.LoadedApk$ReceiverDispatcher$Args.lambda$getRunnable$0:1416
09-01 18:45:05.588  1724  1852 D ActivityManager: StartMode packageName = com.tencent.android.qqdownloader ,callingPid = -1 ,alwaysRestrict = true ,startMode = 2 ,UidRec:null
09-01 18:45:05.588  1724  1852 W BroadcastQueue: Background execution not allowed: receiving Intent { act=android.intent.action.PACKAGE_RESTARTED dat=package:cn.missevan flg=0x10 (has extras) } to com.tencent.android.qqdownloader/com.tencent.assistant.localres.localapk.PackageChangedReceiver
09-01 18:45:05.590  2831  2831 D CarrierSvcBindHelper: No carrier app for: 0
09-01 18:45:05.593  2831  2831 D CarrierSvcBindHelper: No carrier app for: 1
09-01 18:45:05.593  1724  2931 I chatty  : uid=1000(system) Binder:1724_F expire 1 line
09-01 18:45:05.594  2831  2831 D CarrierSvcBindHelper: No carrier app for: 0
09-01 18:45:05.595  1724 16084 W ActivityManager: Service done with onDestroy, but not inDestroying: ServiceRecord{49074fd u0 cn.missevan/.lib.common.player.service.aidl.AidlPlayerService}, app=ProcessRecord{192d74d 0:cn.missevan:player.single/u0a602}
09-01 18:45:05.595  2831  2831 D CarrierSvcBindHelper: No carrier app for: 1
09-01 18:45:05.596 13770 13812 I ZPlanGuardManager: onBackgroundUnguardTimeTick, tick=135
09-01 18:45:05.596 15638 15638 D ThemeManager: mSystemDefaultThemePath = assets_theme/special_theme/1080/phone/
09-01 18:45:05.596  1724  2892 I chatty  : uid=1000(system) Binder:1724_B expire 3 lines
09-01 18:45:05.598  1724  3767 I chatty  : uid=1000(system) Binder:1724_11 expire 19 lines
09-01 18:45:05.598  2765 17121 I chatty  : uid=1000(system) Binder:2765_D expire 16 lines
09-01 18:45:05.598  1724  2655 I chatty  : uid=1000(system) Binder:1724_7 expire 13 lines
09-01 18:45:05.604   715  9877 V AudioFlinger: 15699 died, releasing its sessions
09-01 18:45:05.604  1724  1781 D ConnectivityService: ConnectivityService NetworkRequestInfo binderDied(NetworkRequest [ TRACK_DEFAULT id=1099, [ Capabilities: INTERNET&NOT_RESTRICTED&TRUSTED Unwanted:  Uid: 10602] ], android.os.BinderProxy@be04e9d)
09-01 18:45:05.604   715  9877 V AudioFlinger:  pid 2765 @ 0
09-01 18:45:05.604   715  9877 V AudioFlinger:  pid 715 @ 1
09-01 18:45:05.604   715  9877 V AudioFlinger:  pid 715 @ 2
09-01 18:45:05.604   715  9877 V AudioFlinger:  pid 715 @ 3
09-01 18:45:05.604   715  9877 V AudioFlinger:  pid 715 @ 4
09-01 18:45:05.604   715  9877 V AudioFlinger:  pid 715 @ 5
09-01 18:45:05.604   715  9877 V AudioFlinger:  pid 715 @ 6
09-01 18:45:05.604   715  9877 V AudioFlinger:  pid 715 @ 7
09-01 18:45:05.604  1724 14407 D ConnectivityService: ConnectivityService NetworkRequestInfo binderDied(NetworkRequest [ LISTEN id=1100, [ Capabilities: INTERNET&NOT_RESTRICTED&TRUSTED Unwanted:  Uid: 10602] ], android.os.BinderProxy@e37f12)
09-01 18:45:05.604   715  9877 V AudioFlinger:  pid 715 @ 8
09-01 18:45:05.604   715  9877 V AudioFlinger:  pid 715 @ 9
09-01 18:45:05.604   715  9877 V AudioFlinger:  pid 715 @ 10
09-01 18:45:05.604   715  9877 V AudioFlinger:  pid 715 @ 11
09-01 18:45:05.604   715  9877 V AudioFlinger:  pid 715 @ 12
09-01 18:45:05.604   715  9877 V AudioFlinger:  pid 715 @ 13
09-01 18:45:05.604   715  9877 V AudioFlinger:  pid 715 @ 14
09-01 18:45:05.604   715  9877 V AudioFlinger:  pid 715 @ 15
09-01 18:45:05.604   715  9877 V AudioFlinger:  pid 715 @ 16
09-01 18:45:05.604   715  9877 V AudioFlinger:  pid 715 @ 17
09-01 18:45:05.604   715  9877 V AudioFlinger:  pid 715 @ 18
09-01 18:45:05.604   715  9877 V AudioFlinger:  pid 715 @ 19
09-01 18:45:05.604   715  9877 V AudioFlinger:  pid 715 @ 20
09-01 18:45:05.604  1724 14407 D ConnectivityService: ConnectivityService NetworkRequestInfo binderDied(NetworkRequest [ TRACK_DEFAULT id=1098, [ Capabilities: INTERNET&NOT_RESTRICTED&TRUSTED Unwanted:  Uid: 10602] ], android.os.BinderProxy@b80c6e3)
09-01 18:45:05.604   715  9877 V AudioFlinger:  pid 715 @ 21
09-01 18:45:05.604   715  9877 V AudioFlinger:  pid 715 @ 22
09-01 18:45:05.604   715  9877 V AudioFlinger:  pid 715 @ 23
09-01 18:45:05.604   715  9877 V AudioFlinger:  pid 715 @ 24
09-01 18:45:05.604   715  9877 V AudioFlinger:  pid 715 @ 25
09-01 18:45:05.604   715  9877 V AudioFlinger:  pid 715 @ 26
09-01 18:45:05.604   715  9877 V AudioFlinger:  pid 715 @ 27
09-01 18:45:05.604   715  9877 V AudioFlinger:  pid 715 @ 28
09-01 18:45:05.604   715  9877 V AudioFlinger:  pid 715 @ 29
09-01 18:45:05.604   715  9877 V AudioFlinger:  pid 715 @ 30
09-01 18:45:05.604   715  9877 V AudioFlinger:  pid 715 @ 31
09-01 18:45:05.604   715  9877 V AudioFlinger:  pid 715 @ 32
09-01 18:45:05.604   715  9877 V AudioFlinger:  pid 715 @ 33
09-01 18:45:05.604   715  9877 V AudioFlinger:  pid 715 @ 34
09-01 18:45:05.604   715  9877 V AudioFlinger:  pid 715 @ 35
09-01 18:45:05.604   715  9877 V AudioFlinger:  pid 715 @ 36
09-01 18:45:05.604   715  9877 V AudioFlinger:  pid 715 @ 37
09-01 18:45:05.604   715  9877 V AudioFlinger:  pid 715 @ 38
09-01 18:45:05.604   715  9877 V AudioFlinger:  pid 715 @ 39
09-01 18:45:05.604   715  9877 V AudioFlinger:  pid 715 @ 40
09-01 18:45:05.604   715  9877 V AudioFlinger:  pid 715 @ 41
09-01 18:45:05.604   715  9877 V AudioFlinger:  pid 715 @ 42
09-01 18:45:05.604   715  9877 V AudioFlinger:  pid 715 @ 43
09-01 18:45:05.604   715  9877 V AudioFlinger:  pid 715 @ 44
09-01 18:45:05.604   715  9877 V AudioFlinger:  pid 715 @ 45
09-01 18:45:05.604   715  9877 V AudioFlinger:  pid 715 @ 46
09-01 18:45:05.604   715  9877 V AudioFlinger:  pid 715 @ 47
09-01 18:45:05.605   715  9877 V AudioFlinger:  pid 715 @ 48
09-01 18:45:05.605   715  9877 V AudioFlinger:  pid 715 @ 49
09-01 18:45:05.605   715  9877 V AudioFlinger:  pid 715 @ 50
09-01 18:45:05.605   715  9877 V AudioFlinger:  pid 715 @ 51
09-01 18:45:05.605   715  9877 V AudioFlinger:  pid 715 @ 52
09-01 18:45:05.605   715  9877 V AudioFlinger:  pid 715 @ 53
09-01 18:45:05.605   715  9877 V AudioFlinger:  pid 715 @ 54
09-01 18:45:05.605   715  9877 V AudioFlinger:  pid 715 @ 55
09-01 18:45:05.605   715  9877 V AudioFlinger:  pid 715 @ 56
09-01 18:45:05.605   715  9877 V AudioFlinger:  pid 715 @ 57
09-01 18:45:05.605   715  9877 V AudioFlinger:  pid 715 @ 58
09-01 18:45:05.605   715  9877 V AudioFlinger:  pid 715 @ 59
09-01 18:45:05.605   715  9877 V AudioFlinger:  pid 715 @ 60
09-01 18:45:05.605   715  9877 V AudioFlinger:  pid 715 @ 61
09-01 18:45:05.605   715  9877 V AudioFlinger:  pid 715 @ 62
09-01 18:45:05.605   715  9877 V AudioFlinger:  pid 715 @ 63
09-01 18:45:05.605   715  9877 V AudioFlinger:  pid 715 @ 64
09-01 18:45:05.605   715  9877 V AudioFlinger:  pid 715 @ 65
09-01 18:45:05.605   715  9877 V AudioFlinger:  pid 715 @ 66
09-01 18:45:05.605   715  9877 V AudioFlinger:  pid 715 @ 67
09-01 18:45:05.605   715  9877 V AudioFlinger:  pid 715 @ 68
09-01 18:45:05.605   715  9877 V AudioFlinger:  pid 715 @ 69
09-01 18:45:05.605   715  9877 V AudioFlinger:  pid 715 @ 70
09-01 18:45:05.605   715  9877 V AudioFlinger:  pid 715 @ 71
09-01 18:45:05.605   715  9877 V AudioFlinger:  pid 715 @ 72
09-01 18:45:05.605   715  9877 V AudioFlinger:  pid 715 @ 73
09-01 18:45:05.605   715  9877 V AudioFlinger:  pid 715 @ 74
09-01 18:45:05.605   715  9877 V AudioFlinger:  pid 715 @ 75
09-01 18:45:05.605   715  9877 V AudioFlinger:  pid 715 @ 76
09-01 18:45:05.605   715  9877 V AudioFlinger:  pid 715 @ 77
09-01 18:45:05.605   715  9877 V AudioFlinger:  pid 715 @ 78
09-01 18:45:05.605   715  9877 V AudioFlinger:  pid 715 @ 79
09-01 18:45:05.605   715  9877 V AudioFlinger:  pid 715 @ 80
09-01 18:45:05.605   715  9877 V AudioFlinger:  pid 715 @ 81
09-01 18:45:05.605   715  9877 V AudioFlinger:  pid 715 @ 82
09-01 18:45:05.605   715  9877 V AudioFlinger:  pid 715 @ 83
09-01 18:45:05.605   715  9877 V AudioFlinger:  pid 715 @ 84
09-01 18:45:05.605   715  9877 V AudioFlinger:  pid 715 @ 85
09-01 18:45:05.605   715  9877 V AudioFlinger:  pid 715 @ 86
09-01 18:45:05.605   715  9877 V AudioFlinger:  pid 715 @ 87
09-01 18:45:05.605   715  9877 V AudioFlinger:  pid 715 @ 88
09-01 18:45:05.605   715  9877 V AudioFlinger:  pid 715 @ 89
09-01 18:45:05.605   715  9877 V AudioFlinger:  pid 715 @ 90
09-01 18:45:05.605   715  9877 V AudioFlinger:  pid 715 @ 91
09-01 18:45:05.605   715  9877 V AudioFlinger:  pid 715 @ 92
09-01 18:45:05.605   715  9877 V AudioFlinger:  pid 715 @ 93
09-01 18:45:05.605   715  9877 V AudioFlinger:  pid 715 @ 94
09-01 18:45:05.605   715  9877 V AudioFlinger:  pid 715 @ 95
09-01 18:45:05.605   715  9877 V AudioFlinger:  pid 715 @ 96
09-01 18:45:05.605   715  9877 V AudioFlinger:  pid 715 @ 97
09-01 18:45:05.605   715  9877 V AudioFlinger:  pid 13770 @ 98
09-01 18:45:05.605   715  9877 V AudioFlinger:  pid 2404 @ 99
09-01 18:45:05.605   715  9877 V AudioFlinger:  pid 990 @ 100
09-01 18:45:05.605   715  9877 V AudioFlinger:  pid 2404 @ 101
09-01 18:45:05.605   715  9877 V AudioFlinger:  pid 982 @ 102
09-01 18:45:05.605   715  9877 V AudioFlinger:  pid 982 @ 103
09-01 18:45:05.605   715  9877 V AudioFlinger:  pid 982 @ 104
09-01 18:45:05.605  1724  2084 D ConnectivityService: releasing NetworkRequest [ TRACK_DEFAULT id=1099, [ Capabilities: INTERNET&NOT_RESTRICTED&TRUSTED Unwanted:  Uid: 10602] ] (release request)
09-01 18:45:05.606  1724  1724 D NotificationService: handleSavePolicyFile
09-01 18:45:05.607   673 16474 E libc    : Access denied finding property "persist.front.camera.qcom.awb"
09-01 18:45:05.609  1724  2084 D ConnectivityService: releasing NetworkRequest [ TRACK_DEFAULT id=1098, [ Capabilities: INTERNET&NOT_RESTRICTED&TRUSTED Unwanted:  Uid: 10602] ] (release request)
09-01 18:45:05.614   673 16451 D CamDev@1.0-impl: sGetMemory input fd = -1
09-01 18:45:05.614   669   669 W AshmemAllocator: ashmem_create_region(4096) returning hidl_memory(0x716862c100, 4096)
09-01 18:45:05.615  1724  1852 D ActivityManager: StartMode packageName = com.vivo.appfilter ,callingPid = -1 ,alwaysRestrict = true ,startMode = 2 ,UidRec:UidRecord{78ed8ef 1000 PER  procs:41 seq(0,0,0)}
09-01 18:45:05.615  1724  1852 W BroadcastQueue: Background execution not allowed: receiving Intent { act=android.intent.action.PACKAGE_RESTARTED dat=package:cn.missevan flg=0x10 (has extras) } to com.vivo.appfilter/.receiver.VivoBringupPkgReceiver
09-01 18:45:05.615   673 16451 E CamDev@1.0-impl: lmj debug mem->vif_value is 0
09-01 18:45:05.615   673 16451 D CamDev@1.0-impl: sGetMemory numOfFd 1
09-01 18:45:05.615   673 16451 D CamDev@1.0-impl: sGetMemory i = 0 fd(data[0]) = 241
09-01 18:45:05.616   982  1215 D CameraHardwareInterface: registerMemory_check input fd = 8
09-01 18:45:05.616   982  1215 D CameraHardwareInterface: sGetMemory_check_interface fd 8 size 968 num 1
09-01 18:45:05.616   982  1215 D CameraHardwareInterface: leetao camera_debug get memory fd=33,mem=0xead27950,strongcount=2
09-01 18:45:05.616   982  1215 D CameraHardwareInterface: registerMemory_check mem 0xead10d0c id 33
09-01 18:45:05.616   673 16451 D CamDev@1.0-impl: sGetMemory middle data[0] = 241 id 33 mem->handle.mId 33
09-01 18:45:05.618  1724  1877 W ActivityManager: setHasOverlayUi called on unknown pid: 15699
09-01 18:45:05.618   715 10762 V APM_AudioPolicyManager: AudioPolicyManager:setRecordSilenced(uid:10602, silenced:1)
09-01 18:45:05.618   715 10762 V AudioFlinger: AudioFlinger::setRecordSilenced(uid:10602, silenced:1)
09-01 18:45:05.618   978   978 I Zygote  : Process 15699 exited due to signal (9)
09-01 18:45:05.621  4240  4240 D Launcher.LauncherOverlayManager: onResume
09-01 18:45:05.623  1724  2478 I chatty  : uid=1000(system) Binder:1724_6 expire 3 lines
09-01 18:45:05.624  1724  1852 D ActivityManager: StartMode packageName = com.tencent.android.qqdownloader ,callingPid = -1 ,alwaysRestrict = true ,startMode = 2 ,UidRec:null
09-01 18:45:05.624  1724  1852 W BroadcastQueue: Background execution not allowed: receiving Intent { act=android.intent.action.PACKAGE_RESTARTED dat=package:cn.missevan flg=0x10 (has extras) } to com.tencent.android.qqdownloader/com.qq.AppService.APKReceiver
09-01 18:45:05.626  1724  1724 I NotificationService: action=android.intent.action.PACKAGE_RESTARTED removing=false
09-01 18:45:05.626   673 16499 D CamDev@1.0-impl: sDataCb
09-01 18:45:05.626   673 16499 D CamDev@1.0-impl: sDataCb mQDeviceCallback
09-01 18:45:05.626   673 16499 D CamDev@1.0-impl: sDataCb mQDeviceCallback mem->handle.mId fd(33) data 0xe0bd54dc
09-01 18:45:05.627  1724  1724 D NotificationService: handleSavePolicyFile
09-01 18:45:05.628   982  1215 D CameraHardwareInterface: leetao camera_debug get memory fd=33,mem=0xead27950,strongcount=2,msg_type=1024
09-01 18:45:05.629   982  1215 D CameraHardwareInterface: leetao camera_debug release memory fd=33,mem=0xead10cf0,heap=0xead27950,strongcount=2
09-01 18:45:05.629   982  1215 D CameraHardwareInterface: camera_debug ~CameraHeapMemory
09-01 18:45:05.657   717  4080 E         : IProducerListener: malformed binder reply
09-01 18:45:05.662   673 16452 E mm-still: omx_component_set_callbacks: Bad Parameter
09-01 18:45:05.692   673 16461 E         : cpp_thread_handle_process_buf_event, stream_type = 1
09-01 18:45:05.694   673 16488 E ta      : TAAEC<ERROR> 2520: aec_process_parse_input_info: AEC error: invalid param type: 21
09-01 18:45:05.698   673 16461 E libc    : Access denied finding property "disable.cpp.power.collapse"
09-01 18:45:05.698   673 16461 E libc    : Access denied finding property "camera.cpp.dumppreviewpayload"
09-01 18:45:05.712   673 16505 E libc    : Access denied finding property "persist.aicamera.needlut"
09-01 18:45:05.715   673 16488 E libc    : Access denied finding property "persist.front.camera.qcom.awb"
09-01 18:45:05.722   673 16513 E libc    : Access denied finding property "cpp.set.clock"
09-01 18:45:05.722   673 16461 E         : cpp_thread_handle_process_buf_event, stream_type = 1
09-01 18:45:05.722   673 16461 E libc    : Access denied finding property "disable.cpp.power.collapse"
09-01 18:45:05.722   673 16461 E libc    : Access denied finding property "camera.cpp.dumppreviewpayload"
09-01 18:45:05.742   673 16505 E libc    : Access denied finding property "persist.aicamera.needlut"
09-01 18:45:05.749   673 16488 E ta      : TAAEC<ERROR> 2520: aec_process_parse_input_info: AEC error: invalid param type: 21
09-01 18:45:05.752   673 16488 E libc    : Access denied finding property "persist.front.camera.qcom.awb"
09-01 18:45:05.756   673 16461 E         : cpp_thread_handle_process_buf_event, stream_type = 1
09-01 18:45:05.756   673 16461 E libc    : Access denied finding property "disable.cpp.power.collapse"
09-01 18:45:05.756   673 16461 E libc    : Access denied finding property "camera.cpp.dumppreviewpayload"
09-01 18:45:05.768   673 16474 E libc    : Access denied finding property "persist.front.camera.qcom.awb"
09-01 18:45:05.775   673 16505 E libc    : Access denied finding property "persist.aicamera.needlut"
09-01 18:45:05.789   673 16461 E         : cpp_thread_handle_process_buf_event, stream_type = 1
09-01 18:45:05.789   673 16461 E libc    : Access denied finding property "disable.cpp.power.collapse"
09-01 18:45:05.790   673 16461 E libc    : Access denied finding property "camera.cpp.dumppreviewpayload"
09-01 18:45:05.794   673 16488 E ta      : TAAEC<ERROR> 2520: aec_process_parse_input_info: AEC error: invalid param type: 21
09-01 18:45:05.797   673 16474 E libc    : Access denied finding property "persist.front.camera.qcom.awb"
09-01 18:45:05.812   673 16505 E libc    : Access denied finding property "persist.aicamera.needlut"
09-01 18:45:05.822   673 16461 E         : cpp_thread_handle_process_buf_event, stream_type = 1
09-01 18:45:05.823   673 16461 E libc    : Access denied finding property "disable.cpp.power.collapse"
09-01 18:45:05.823   673 16461 E libc    : Access denied finding property "camera.cpp.dumppreviewpayload"
09-01 18:45:05.827   673 16488 E ta      : TAAEC<ERROR> 2520: aec_process_parse_input_info: AEC error: invalid param type: 21
09-01 18:45:05.831   673 16474 E libc    : Access denied finding property "persist.front.camera.qcom.awb"
09-01 18:45:05.848   673 16505 E libc    : Access denied finding property "persist.aicamera.needlut"
09-01 18:45:05.856   673 16461 E         : cpp_thread_handle_process_buf_event, stream_type = 1
09-01 18:45:05.856   673 16461 E libc    : Access denied finding property "disable.cpp.power.collapse"
09-01 18:45:05.856   673 16461 E libc    : Access denied finding property "camera.cpp.dumppreviewpayload"
09-01 18:45:05.861   673 16488 E ta      : TAAEC<ERROR> 2520: aec_process_parse_input_info: AEC error: invalid param type: 21
09-01 18:45:05.865   673 16474 E libc    : Access denied finding property "persist.front.camera.qcom.awb"
09-01 18:45:05.881   673 16505 E libc    : Access denied finding property "persist.aicamera.needlut"
09-01 18:45:05.883 15638 15638 E KeyboardManager: releaseAllForeignKeyboard
09-01 18:45:05.889   673 16461 E         : cpp_thread_handle_process_buf_event, stream_type = 1
09-01 18:45:05.889   673 16461 E libc    : Access denied finding property "disable.cpp.power.collapse"
09-01 18:45:05.889   673 16461 E libc    : Access denied finding property "camera.cpp.dumppreviewpayload"
09-01 18:45:05.896   673 16488 E ta      : TAAEC<ERROR> 2520: aec_process_parse_input_info: AEC error: invalid param type: 21
09-01 18:45:05.898   673 16488 E libc    : Access denied finding property "persist.front.camera.qcom.awb"
09-01 18:45:05.909   673 16505 E libc    : Access denied finding property "persist.aicamera.needlut"
09-01 18:45:05.922   673 16461 E         : cpp_thread_handle_process_buf_event, stream_type = 1
09-01 18:45:05.923   673 16461 E libc    : Access denied finding property "disable.cpp.power.collapse"
09-01 18:45:05.923   673 16461 E libc    : Access denied finding property "camera.cpp.dumppreviewpayload"
09-01 18:45:05.926   673 16488 E ta      : TAAEC<ERROR> 2520: aec_process_parse_input_info: AEC error: invalid param type: 21
09-01 18:45:05.929   673 16474 E libc    : Access denied finding property "persist.front.camera.qcom.awb"
09-01 18:45:05.942   673 16505 E libc    : Access denied finding property "persist.aicamera.needlut"
09-01 18:45:05.955   673 16461 E         : cpp_thread_handle_process_buf_event, stream_type = 1
09-01 18:45:05.956   673 16461 E libc    : Access denied finding property "disable.cpp.power.collapse"
09-01 18:45:05.956   673 16461 E libc    : Access denied finding property "camera.cpp.dumppreviewpayload"
09-01 18:45:05.960   673 16488 E ta      : TAAEC<ERROR> 2520: aec_process_parse_input_info: AEC error: invalid param type: 21
09-01 18:45:05.966   673 16474 E libc    : Access denied finding property "persist.front.camera.qcom.awb"
09-01 18:45:05.969   673 16451 E CamDev@1.0-impl: lmj debug mem->vif_value is 0
