09-01 18:45:36.455 16984 17174 D SentryLog: [SentryAsyncConnection-0] Serializing object: {"measurements":{"app_start_cold":{"value":2582.0}},"spans":[{"description":"Cold Start","op":"app.start.cold","parent_span_id":"13c3065b197c4d48","span_id":"15d1e0b105034ea6","start_timestamp":"2022-09-01T10:45:33.304Z","timestamp":"2022-09-01T10:45:35.885Z","trace_id":"0bf8de81aa154b0089657484344ec4d2"},{"description":"GET https://data.uat.missevan.com/v2/site/notifications?active=1","op":"http.client","parent_span_id":"15d1e0b105034ea6","span_id":"418c728e29d34a46","start_timestamp":"2022-09-01T10:45:35.607Z","status":"ok","timestamp":"2022-09-01T10:45:36.369Z","trace_id":"0bf8de81aa154b0089657484344ec4d2"},{"description":"GET https://app.uat.missevan.com/site/tabs","op":"http.client","parent_span_id":"418c728e29d34a46","span_id":"f36ec7dfbda242e2","start_timestamp":"2022-09-01T10:45:35.850Z","status":"ok","timestamp":"2022-09-01T10:45:36.377Z","trace_id":"0bf8de81aa154b0089657484344ec4d2"},{"description":"GET https://app.uat.missevan.com/site/launch?app_sign=926d1dd5ca9cbb9704250acdd3c95abb&supported_abis=arm64-v8a%2Carmeabi-v7a%2Carmeabi&runtime_abi=arm64-v8a&version_code=5070300","op":"http.client","parent_span_id":"f36ec7dfbda242e2","span_id":"027598369bbd4e28","start_timestamp":"2022-09-01T10:45:35.864Z","status":"ok","timestamp":"2022-09-01T10:45:36.392Z","trace_id":"0bf8de81aa154b0089657484344ec4d2"}],"start_timestamp":"2022-09-01T10:45:33.304Z","timestamp":"2022-09-01T10:45:36.392Z","transaction":"SplashActivity","type":"transaction","breadcrumbs":[{"category":"ui.lifecycle","data":{"screen":"SplashActivity","state":"created"},"level":"info","timestamp":"2022-09-01T10:45:35.023Z","type":"navigation"},{"category":"ui.lifecycle","data":{"screen":"MainActivity","state":"created"},"level":"info","timestamp":"2022-09-01T10:45:35.274Z","type":"navigation"},{"category":"ui.lifecycle","data":{"screen":"MainActivity","state":"started"},"level":"info","timestamp":"2022-09-01T10:45:35.580Z","type":"navigation"},{"category":"app.lifecycle","data":{"state":"start"},"level":"info","timestamp":"2022-09-01T10:45:35.874Z","type":"session"},{"category":"app.lifecycle","data":{"state":"foreground"},"level":"info","timestamp":"2022-09-01T10:45:35.880Z","type":"navigation"},{"category":"ui.lifecycle","data":{"screen":"MainActivity","state":"resumed"},"level":"info","timestamp":"2022-09-01T10:45:35.886Z","type":"navigation"},{"category":"http","data":{"status_code":200,"method":"GET","url":"https://fm.uat.missevan.com/api/user/info","response_body_size":67},"timestamp":"2022-09-01T10:45:36.269Z","type":"http"},{"category":"http","data":{"status_code":200,"method":"GET","url":"https://data.uat.missevan.com/v2/site/notifications?active=1","response_body_size":36},"timestamp":"2022-09-01T10:45:36.369Z","type":"http"},{"category":"http","data":{"status_code":200,"method":"GET","url":"https://app.uat.missevan.com/site/config","response_body_size":8732},"timestamp":"2022-09-01T10:45:36.373Z","type":"http"},{"category":"http","data":{"status_code":200,"method":"GET","url":"https://app.uat.missevan.com/site/tabs","response_body_size":410},"timestamp":"2022-09-01T10:45:36.378Z","type":"http"}],"contexts":{"app":{"app_build":"5070300","app_identifier":"cn.missevan","app_name":"猫耳FM","app_start_time":"2022-09-01T10:45:33.304Z","app_version":"5.7.3"},"trace":{"op":"ui.load","span_id":"13c3065b197c4d48","status":"ok","trace_id":"0bf8de81aa154b0089657484344ec4d2"},"os":{"build":"PKQ1.180819.001 release-keys","kernel_version":"4.4.153-perf+","name":"Android","rooted":false,"version":"9"},"device":{"archs":["arm64-v8a","armeabi-v7a","armeabi"],"boot_time":"2022-08-25T10:38:05.455Z","brand":"vivo","family":"vivo","id":"3dd7d8cc-4882-4f0a-89a7-0dab3dfe45a8","language":"zh","locale":"zh_CN","manufacturer":"vivo","model":"vivo X21A","model_id":"PKQ1.180819.001","name":"vivo X21A","orientation":"portrait","screen_density":3.0,"screen_dpi":480,"screen_height_pixels":2075,"screen_width_pixels":1080,"simulator":false,"timezone":"Asia/Shangh
09-01 18:45:36.456 16984 17174 D SentryLog: ai"}},"dist":"5070300","environment":"staging","event_id":"bc804816b09c4d8b93da7582db7cec7a","platform":"java","release":"cn.missevan@5.7.3+5070300","sdk":{"name":"sentry.java.android","packages":[{"name":"maven:io.sentry:sentry","version":"5.6.3"},{"name":"maven:io.sentry:sentry-android-core","version":"5.6.3"},{"name":"maven:io.sentry:sentry-android-ndk","version":"5.6.3"}],"version":"5.6.3"},"tags":{"equip_id":"63106cf3-3e51-b064-cca6-37f4ca214808","installerStore":"com.android.packageinstaller","buvid":"XY277FF2DFB139F19721118D30677E832AAF4","channel":"missevan","version_code":"5070300","isSideLoaded":"false","commitId":"d654181-64-debug","version":"5.7.3"},"user":{"id":"3dd7d8cc-4882-4f0a-89a7-0dab3dfe45a8","other":{"equip_id":"63106cf3-3e51-b064-cca6-37f4ca214808","buvid":"XY277FF2DFB139F19721118D30677E832AAF4"}}}
09-01 18:45:36.470  1724  2023 I Letterbox: setColorInner, color = ffffffff, callers = com.android.server.wm.VivoBaseLetterbox$VivoBaseLetterboxSurface.setColor:66 com.android.server.wm.VivoBaseLetterbox.setColors:46 com.android.server.wm.VivoBaseAppWindowToken.updateLetterboxColor:323 com.android.server.wm.VivoBaseAppWindowToken.updateLetterboxSurface:82 com.android.server.wm.AppWindowToken.updateLetterboxSurface:1669
09-01 18:45:36.477   717  4080 W SurfaceFlinger: Attempting to set client state on removed layer: Splash Screen cn.missevan#0
09-01 18:45:36.477   717  4080 W SurfaceFlinger: Attempting to destroy on removed layer: Splash Screen cn.missevan#0
09-01 18:45:36.572 16984 17174 D SentryLog: [SentryAsyncConnection-0] Envelope sent successfully.
09-01 18:45:36.575 16984 17174 D SentryLog: [SentryAsyncConnection-0] Discarding envelope from cache: /data/user/0/cn.missevan/cache/sentry/bc804816b09c4d8b93da7582db7cec7a.envelope
09-01 18:45:36.578 16984 17174 D SentryLog: [SentryAsyncConnection-0] Envelope flushed
09-01 18:45:36.649 16984 17148 D UPush.Net: req: https://msg.umengcloud.com/v3/alias/delete
09-01 18:45:36.649 16984 17148 D UPush.Net: {"header":{"appkey":"546d7dd7fd98c58fc800082c","channel":"missevan","umid":"aie23efbafd38e95fbe62c2198813cfa3f","din":"","device_id":"RyNUt34RQuqi7ohCa8YHKRusS9Ee9DfE6bI2BmKqewo=","idmd5":"BF6490B2F2E3CE1888812881A57A74D1","mc":"02:00:00:00:00:00","android_id":"776ba695d5c3ba5d","serial_number":"","push_switch":"true","sdk_type":"Android","sdk_version":"6.5.3","access":"Wi-Fi","access_subtype":"","carrier":"","device_model":"vivo X21A","os":"Android","os_version":"9","app_version":"5.7.3","version_code":"5070300","package_name":"cn.missevan","resolution":"1080*2075","cpu":"AArch64 Processor rev 2 (aarch64)","timezone":8,"country":"CN","language":"zh"},"utdid":"YxBs9IHhiKQDAFfj0NajmZNB","device_token":"AmeddEB57dF0tVJAKHAmMfO0VIDdBw5-ptXjao3DpbTH","alias":"dev","type":"user_id","ts":1662029136430}
09-01 18:45:36.649 16984 17148 D UPush.Net: resp:
09-01 18:45:36.649 16984 17148 D UPush.Net: {"success":"ok","interval":0}
09-01 18:45:36.649 16984 17148 D UPush.Net: consume:217
09-01 18:45:36.662 16984 17148 I Umeng   : [UPush-4] userId: alias:dev,type:user_id删除成功
09-01 18:45:36.666 16984 17148 I UPush.Prefs: type:uuid,alias:umeng:dev63106cf3-3e51-b064-cca6-37f4ca214808,exclusive:0
09-01 18:45:36.670 16984 17148 I UPush.Prefs: count:1
09-01 18:45:36.671 16984 17148 I UPush.Prefs: typeTmp:uuid,aliasTmp:umeng:dev63106cf3-3e51-b064-cca6-37f4ca214808,type:uuid,alias:umeng:dev63106cf3-3e51-b064-cca6-37f4ca214808
09-01 18:45:36.674 16984 17148 D UPush.Track: addAlias: <dev63106cf3-3e51-b064-cca6-37f4ca214808, uuid> has been synced to the server before. Ignore this request
09-01 18:45:36.680 16984 16995 I cn.missevan: Background concurrent copying GC freed 300142(15MB) AllocSpace objects, 55(6MB) LOS objects, 49% free, 12MB/24MB, paused 157us total 112.402ms
09-01 18:45:36.694 16984 17148 I Umeng   : [UPush-4] equipId: alias:dev63106cf3-3e51-b064-cca6-37f4ca214808已经添加
09-01 18:45:36.702 16984 17148 I UPush.Prefs: type:buvid,alias:umeng:devXY277FF2DFB139F19721118D30677E832AAF4,exclusive:0
09-01 18:45:36.705 16984 17148 I UPush.Prefs: count:1
09-01 18:45:36.705 16984 17148 I UPush.Prefs: typeTmp:buvid,aliasTmp:umeng:devXY277FF2DFB139F19721118D30677E832AAF4,type:buvid,alias:umeng:devXY277FF2DFB139F19721118D30677E832AAF4
09-01 18:45:36.706 16984 17148 D UPush.Track: addAlias: <devXY277FF2DFB139F19721118D30677E832AAF4, buvid> has been synced to the server before. Ignore this request
09-01 18:45:36.723 16984 17148 I Umeng   : [UPush-4] buvid: alias:devXY277FF2DFB139F19721118D30677E832AAF4已经添加
09-01 18:45:36.796 16984 16984 D LeakCanary: Watching instance of com.umeng.message.component.UmengMessageHandlerService (com.umeng.message.component.UmengMessageHandlerService received Service#onDestroy() callback) with key 3093f784-e6cf-4300-9f2e-8b03a3356438
09-01 18:45:36.798 16984 16984 I BLOG    : [main] launch api success
09-01 18:45:36.808 16984 16984 I SplashFragment: [main] waitContinue action executing, launch api is success
09-01 18:45:36.809 16984 16984 I SplashFragment: [main] initCustomStartSound
09-01 18:45:36.917 16984 17089 I CronetEngine: [thread_background]
09-01 18:45:36.917 16984 17089 I CronetEngine: url: https://data.uat.missevan.com/statistics/collect-events
09-01 18:45:36.917 16984 17089 I CronetEngine:  ip: 10.21.250.10
09-01 18:45:36.917 16984 17089 I CronetEngine:  hostResolverProvider:
09-01 18:45:36.917 16984 17089 I CronetEngine:  hostResolveIps: []
09-01 18:45:36.917 16984 17089 I CronetEngine:
09-01 18:45:36.927 16984 17039 I EmoteUtil: [DefaultDispatcher-worker-4] Same emoticon package. load emotes from local..
09-01 18:45:36.951 16984 17214 I EmoteUtil: [DefaultDispatcher-worker-5] Add 80 emotes
09-01 18:45:36.953 16984 17214 I EmoteUtil: [DefaultDispatcher-worker-5] Add 50 emotes
09-01 18:45:36.954 16984 17214 I EmoteUtil: [DefaultDispatcher-worker-5] Add 18 emotes
09-01 18:45:36.976 16984 16984 I PlayApplication: [main] getConfig, vivoChannelUseX5: 0, otherChannelUseX5: 2
09-01 18:45:36.994 16984 16984 I PlayApplication: [main] localPlayerType: 1, serverPlayerType: 1
09-01 18:45:37.004 16984 16984 I httpdns.okhttp.wrapper: [main] OkHttp httpdns enabled.
09-01 18:45:37.025 16984 16984 I MainActivity: [main] webview config, isVivo: true, mUseX5WebCore: false, vivoUseX5: false, otherUseX5: true
09-01 18:45:37.034 16984 16984 D LeakCanary: Watching instance of androidx.fragment.app.FragmentManagerViewModel (androidx.fragment.app.FragmentManagerViewModel received ViewModel#onCleared() callback) with key 37cd0cda-d372-4d63-9669-c25855461f46
09-01 18:45:37.034 16984 16984 D LeakCanary: Watching instance of leakcanary.internal.ViewModelClearedWatcher (leakcanary.internal.ViewModelClearedWatcher received ViewModel#onCleared() callback) with key a2c2fb03-aea6-4c33-9e61-6c07aad8a665
09-01 18:45:37.034 16984 16984 D LeakCanary: Watching instance of androidx.lifecycle.ReportFragment (androidx.lifecycle.ReportFragment received Fragment#onDestroy() callback) with key 745b4944-a9d6-47af-940b-a29a733b822a
09-01 18:45:37.036 16984 16984 D LeakCanary: Watching instance of cn.missevan.activity.SplashActivity (cn.missevan.activity.SplashActivity received Activity#onDestroy() callback) with key 3dd2403f-81bc-4a7c-92a7-3f9f4a9d13f9
09-01 18:45:36.736  1724  2178 I chatty  : uid=1000(system) AutobacklightTh identical 1 line
09-01 18:45:37.055 16984 16984 V HotfixManager: [main] try to start patch info update
09-01 18:45:37.106 16984 17223 I cn.missevan: Thread[106,tid=17223,Native,Thread*=0x71e809c400,peer=0x13bc0558,"glide-source-thread-0"] recursive attempt to load library "/data/app/cn.missevan-XMNTk_VN62XeIUUIm9Lakg==/lib/arm64/libglide-webp.so"
09-01 18:45:37.195 16984 16995 I cn.missevan: Background concurrent copying GC freed 64136(6MB) AllocSpace objects, 20(2MB) LOS objects, 49% free, 17MB/34MB, paused 474us total 112.551ms
09-01 18:45:37.203   717   717 I SurfaceFlinger: FPS: 33
09-01 18:45:37.243 16984 16984 I ExoPlayerImpl: Init c2a947a [ExoPlayerLib/2.17.1] [PD1728, vivo X21A, vivo, 28]
09-01 18:45:37.307 16984 17225 D config.Worker: config,ver: null
09-01 18:45:37.307 16984 17225 D ab.Worker: ab,ver: null
09-01 18:45:37.318 16857 16968 I appium  : channel read: GET /wd/hub/session/dad7cf5d-ffde-484a-a9d6-2607e6b633f7
09-01 18:45:37.319 16857 16968 I appium  : GetSessionDetails command
09-01 18:45:37.326 16857 16968 I appium  : AppiumResponse: {"sessionId":"dad7cf5d-ffde-484a-a9d6-2607e6b633f7","value":{"lastScrollData":null}}
09-01 18:45:37.346 16857 16968 I appium  : channel read: GET /wd/hub/session/dad7cf5d-ffde-484a-a9d6-2607e6b633f7/window/current/size
09-01 18:45:37.348 16857 16968 I appium  : GetDeviceSize command
09-01 18:45:37.348 16857 16968 I appium  : Get window size of the device
09-01 18:45:37.358 16857 16968 I appium  : AppiumResponse: {"sessionId":"dad7cf5d-ffde-484a-a9d6-2607e6b633f7","value":{"height":2075,"width":1080}}
09-01 18:45:37.375   715 26210 V AudioFlinger: registerClient() client 0xef195a10, pid 16984
09-01 18:45:37.375   715 26210 V AudioFlinger: sendConfigEvent_l() num events 1 event 0
09-01 18:45:37.375   715 26210 V AudioFlinger: sendConfigEvent_l() num events 1 event 0
09-01 18:45:37.375   715   913 V AudioFlinger: thread 0xed395880 type 0 TID 913 waking up
09-01 18:45:37.375   715   915 V AudioFlinger: thread 0xed003f40 type 0 TID 915 waking up
09-01 18:45:37.376   715   916 V AudioFlinger: thread 0xecd03080 type 0 TID 916 waking up
09-01 18:45:37.376   715   913 V AudioFlinger: acquireWakeLock_l() AudioOut_D status 0
09-01 18:45:37.376   715   916 V AudioFlinger: acquireWakeLock_l() AudioOut_25 status 0
09-01 18:45:37.377   715   916 D AudioFlinger: updateWakeLockUids_l AudioOut_25 uids:
09-01 18:45:37.377   715   916 V AudioFlinger: updateWakeLockUids_l() AudioOut_25 status 0
09-01 18:45:37.377   715   915 V AudioFlinger: acquireWakeLock_l() AudioOut_15 status 0
09-01 18:45:37.377   715   915 D AudioFlinger: updateWakeLockUids_l AudioOut_15 uids:
09-01 18:45:37.377   715   915 V AudioFlinger: updateWakeLockUids_l() AudioOut_15 status 0
09-01 18:45:37.377   715   913 D AudioFlinger: updateWakeLockUids_l AudioOut_D uids:
09-01 18:45:37.377   715   913 V AudioFlinger: updateWakeLockUids_l() AudioOut_D status 0
09-01 18:45:37.377   715   916 V AudioFlinger: processConfigEvents_l() remaining events 1
09-01 18:45:37.377   715   916 V AudioFlinger: PlaybackThread::ioConfigChanged, thread 0xecd03080, event 0
09-01 18:45:37.377   715   913 V AudioFlinger: processConfigEvents_l() remaining events 1
09-01 18:45:37.377   715   913 V AudioFlinger: PlaybackThread::ioConfigChanged, thread 0xed395880, event 0
09-01 18:45:37.377 13770 14382 E memtrack: Couldn't load memtrack module
09-01 18:45:37.377   715   915 V AudioFlinger: processConfigEvents_l() remaining events 1
09-01 18:45:37.377   715   915 V AudioFlinger: PlaybackThread::ioConfigChanged, thread 0xed003f40, event 0
09-01 18:45:37.377 13770 14382 W android.os.Debug: failed to get memory consumption info: -1
09-01 18:45:37.377   715   915 V AudioFlinger: processConfigEvents_l() DONE thread 0xed003f40
09-01 18:45:37.377   715   916 V AudioFlinger: processConfigEvents_l() DONE thread 0xecd03080
09-01 18:45:37.378   715   913 V AudioFlinger: processConfigEvents_l() DONE thread 0xed395880
09-01 18:45:37.381   715 26210 V APM::AudioPolicyEngine: getDeviceForStrategy() strategy 0, device 2
09-01 18:45:37.395 16984 16984 W AudioManager: Use of stream types is deprecated for operations other than volume control
09-01 18:45:37.395 16984 16984 W AudioManager: See the documentation of requestAudioFocus() for what to use instead with android.media.AudioAttributes to qualify your playback use case
09-01 18:45:37.397  1724  2101 I chatty  : uid=1000(system) Binder:1724_3 expire 46 lines
09-01 18:45:37.418 16984 16984 E MissEvanHotfixReporterImpl: [main] report: description: patch not need to update, internal_version: 5070300, result_code: 10108, patch_md5: none, process_name: cn.missevan, manufacturer: vivo, env: prod,
09-01 18:45:37.423 16984 16984 I neuron.api: [main]
09-01 18:45:37.424 16984 17238 D config.Worker: config,ver: null
09-01 18:45:37.424 16984 17238 D ab.Worker: ab,ver: null
09-01 18:45:37.425 16984 17238 W ConfigManager.DefaultFactory: Unexpected: Response{protocol=h2, code=404, message=, url=https://i0.hdslb.com/bfs/fawkes/config/prod/android_missevan.zip}
09-01 18:45:37.523 16857 16968 I appium  : channel read: GET /wd/hub/session/dad7cf5d-ffde-484a-a9d6-2607e6b633f7/source
09-01 18:45:37.525 16857 16968 I appium  : Source command
09-01 18:45:37.531 16857 16968 I appium  : Waiting up to 10000ms for the device to idle
09-01 18:45:37.671 16984 17240 W AudioCapabilities: Unsupported mime audio/adpcm
09-01 18:45:37.673 16984 17240 W AudioCapabilities: Unsupported mime audio/x-ms-adpcm
09-01 18:45:37.674 16984 17240 W AudioCapabilities: Unsupported mime audio/alac
09-01 18:45:37.677 16984 17240 W AudioCapabilities: Unsupported mime audio/ape
09-01 18:45:37.678 16984 17240 W AudioCapabilities: Unsupported mime audio/dsd
09-01 18:45:37.686 16984 17240 W AudioCapabilities: Unsupported mime audio/mpeg-L1
09-01 18:45:37.687 16984 17240 W AudioCapabilities: Unsupported mime audio/mpeg-L2
09-01 18:45:37.691 16984 17240 W AudioCapabilities: Unsupported mime audio/pcm
09-01 18:45:37.691 16984 17240 W AudioCapabilities: Unsupported mime audio/ra
09-01 18:45:37.694 16984 17240 W AudioCapabilities: Unsupported mime audio/x-ms-wma
09-01 18:45:37.707 16984 17240 W VideoCapabilities: Unsupported mime video/divx
09-01 18:45:37.708 16984 17240 W VideoCapabilities: Unsupported mime video/divx3
09-01 18:45:37.710 16984 17240 W VideoCapabilities: Unsupported mime video/divx311
09-01 18:45:37.712 16984 17240 W VideoCapabilities: Unsupported mime video/divx4
09-01 18:45:37.713 16984 17240 W VideoCapabilities: Unsupported mime video/flv1
09-01 18:45:37.715 16984 17240 W VideoCapabilities: Unsupported mime video/x-flv
09-01 18:45:37.725 16984 17240 W VideoCapabilities: Unrecognized profile 4 for video/hevc
09-01 18:45:37.727 16984 17240 W VideoCapabilities: Unsupported mime video/mjpeg
09-01 18:45:37.729 16984 17240 W VideoCapabilities: Unsupported mime video/x-motion-jpeg
09-01 18:45:37.731 16984 17240 W VideoCapabilities: Unrecognized profile/level 0/3 for video/mpeg2
09-01 18:45:37.733 16984 17240 W VideoCapabilities: Unrecognized profile/level 0/3 for video/mpeg2
09-01 18:45:37.744 16984 17240 W VideoCapabilities: Unsupported mime video/rv
09-01 18:45:37.747 16984 17240 W VideoCapabilities: Unsupported mime video/x-ms-wmv
09-01 18:45:37.750 16984 17240 I chatty  : uid=10602(cn.missevan) identical 1 line
09-01 18:45:37.752 16984 17240 W VideoCapabilities: Unsupported mime video/x-ms-wmv
09-01 18:45:37.753 16984 17240 W VideoCapabilities: Unsupported mime video/x-ms-wmv2
09-01 18:45:37.766 16857 16968 I appium  : AppiumResponse: {"sessionId":"dad7cf5d-ffde-484a-a9d6-2607e6b633f7","value":"<?xml version='1.0' encoding='UTF-8' standalone='yes' ?>\r\n<hierarchy index=\"0\" class=\"hierarchy\" rotation=\"0\" width=\"1080\" height=\"2075\">\r\n  <android.widget.FrameLayout index=\"0\" package=\"cn.missevan\" class=\"android.widg…
09-01 18:45:37.783 16984 17240 I VideoCapabilities: Unsupported profile 4 for video/mp4v-es
09-01 18:45:37.786 16984 17240 W Utils   : could not parse long range '175-174'
09-01 18:45:37.790 16857 16968 I appium  : channel read: GET /wd/hub/session/dad7cf5d-ffde-484a-a9d6-2607e6b633f7/screenshot
09-01 18:45:37.792 16857 16968 I appium  : CaptureScreenshot command
09-01 18:45:37.855 16984 17240 I MediaCodec: MediaCodec constructor
09-01 18:45:37.855 16984 17240 D MediaCodec: MediaCodec CreateByComponentName name:OMX.google.mp3.decoder, pid:-1
09-01 18:45:37.856 16984 17240 I VideoBlackWhiteList: getVideoBWList from mediaserver
09-01 18:45:37.856   990 20907 I MediaPlayerService: MediaPlayerService::getVideoBWList
09-01 18:45:37.856   990 20907 I VideoBlackWhiteList: getLocalInstance
09-01 18:45:37.857 16984 17240 E VideoBlackWhiteList: getVideoBWList OK
09-01 18:45:37.857 16984 17240 I MediaCodec: Sucess get videobwlist
09-01 18:45:37.857 16984 17240 D MediaCodec: client name cn.missevan(16984)
09-01 18:45:37.858   990 20907 I VideoBlackWhiteList: GetSupportApp name is cn.missevan
09-01 18:45:37.858   990 20907 I VideoBlackWhiteList: IsSupportApp AppInfolist size is 1
09-01 18:45:37.858   990 20907 I VideoBlackWhiteList: this client is not in videobwlist
09-01 18:45:37.858 16984 17240 I MediaCodec:  App do not match videobwlist!
09-01 18:45:37.858 16984 17240 I ACodec  : mIsVivoLogEnable = 0
09-01 18:45:37.861 16984 17255 I OMXClient: IOmx service obtained
09-01 18:45:37.861  1011  1220 I OMXMaster: makeComponentInstance(OMX.google.mp3.decoder) in omx@1.0-service process
09-01 18:45:37.865 16984 17255 I ACodec  : [OMX.google.mp3.decoder]configureCodec AMessage(what = 'conf', target = 1) = {
09-01 18:45:37.865 16984 17255 I ACodec  :   int32_t sample-rate = 44100
09-01 18:45:37.865 16984 17255 I ACodec  :   string mime = "audio/mpeg"
09-01 18:45:37.865 16984 17255 I ACodec  :   int32_t channel-count = 2
09-01 18:45:37.865 16984 17255 I ACodec  :   int32_t priority = 0
09-01 18:45:37.865 16984 17255 I ACodec  :   int32_t max-input-size = 4096
09-01 18:45:37.865 16984 17255 I ACodec  : }
09-01 18:45:37.867  1011 28931 E OMXNodeInstance: setConfig(0xe6828920:google.mp3.decoder, ConfigPriority(0x6f800002)) ERROR: Undefined(0x80001001)
09-01 18:45:37.868 16984 17255 I ACodec  : codec does not support config priority (err -2147483648)
09-01 18:45:37.869  1011 28931 E OMXNodeInstance: getConfig(0xe6828920:google.mp3.decoder, ConfigAndroidVendorExtension(0x6f100004)) ERROR: Undefined(0x80001001)
09-01 18:45:37.873   669   669 W AshmemAllocator: ashmem_create_region(8192) returning hidl_memory(0x716862c100, 8192)
09-01 18:45:37.878   669   669 I chatty  : uid=1000(system) allocator@1.0-s identical 4 lines
09-01 18:45:37.879   669   669 W AshmemAllocator: ashmem_create_region(8192) returning hidl_memory(0x716862c100, 8192)
09-01 18:45:37.881   669   669 W AshmemAllocator: ashmem_create_region(9216) returning hidl_memory(0x716862c100, 9216)
09-01 18:45:37.883   669   669 W AshmemAllocator: ashmem_create_region(9216) returning hidl_memory(0x716862c100, 9216)
09-01 18:45:37.897   715 26210 V AudioPolicyService: registerClient() client 0xed45a700, uid 10602
09-01 18:45:37.897   715 26210 V APM::AudioPolicyEngine: getDeviceForStrategy() strategy 0, device 2
09-01 18:45:37.897   715 26210 V APM_AudioPolicyManager: selectOutput() commonFlags for output 13, 0000
09-01 18:45:37.897   715 26210 V APM_AudioPolicyManager: selectOutput() commonFlags for output 21, 0000
09-01 18:45:37.897   715 26210 V APM_AudioPolicyManager: getOutput() stream 3 selected device 00000002, output 13
09-01 18:45:37.897   715 26210 V APM::AudioPolicyEngine: getDeviceForStrategy() strategy 0, device 2
09-01 18:45:37.897   715 26210 V APM_AudioPolicyManager: selectOutput() commonFlags for output 13, 0000
09-01 18:45:37.897   715 26210 V APM_AudioPolicyManager: selectOutput() commonFlags for output 21, 0000
09-01 18:45:37.897   715 26210 V APM_AudioPolicyManager: getOutput() stream 3 selected device 00000002, output 13
09-01 18:45:37.897   715 10762 V APM::AudioPolicyEngine: getDeviceForStrategy() strategy 0, device 2
09-01 18:45:37.897   715 10762 V APM_AudioPolicyManager: selectOutput() commonFlags for output 13, 0000
09-01 18:45:37.897   715 10762 V APM_AudioPolicyManager: selectOutput() commonFlags for output 21, 0000
09-01 18:45:37.897   715 10762 V APM_AudioPolicyManager: getOutput() stream 3 selected device 00000002, output 13
09-01 18:45:37.897 16984 17240 V AudioTrack: getMinFrameCount=3544: afFrameCount=960, afSampleRate=48000, afLatency=80
09-01 18:45:37.900 16984 17240 D AudioTrack: set(): streamType -1, sampleRate 44100, format 0x1, channelMask 0x3, frameCount 14176, flags #0, notificationFrames 0, sessionId 6865, transferType 3, uid -1, pid -1
09-01 18:45:37.900 16984 17240 V AudioTrack: set() streamType -1 frameCount 14176 flags 0000
09-01 18:45:37.900 16984 17240 V AudioTrack: Building AudioTrack with attributes: usage=1 content=2 flags=0x200 tags=[]
09-01 18:45:37.900   715 26210 V APM_AudioPolicyManager: getOutputForAttr() usage=1, content=2, tag= flags=00000200 session 6865 selectedDeviceId 0
09-01 18:45:37.900   715 26210 V APM::AudioPolicyEngine: getDeviceForStrategy() strategy 0, device 2
09-01 18:45:37.900   715 26210 V APM_AudioPolicyManager: getOutputForAttr() device 0x2, sampling rate 44100, format 0x1, channel mask 0x3, flags 0x8
09-01 18:45:37.900   715 26210 V APM_AudioPolicyManager: selectOutput() commonFlags for output 13, 0000
09-01 18:45:37.900   715 26210 V APM_AudioPolicyManager: selectOutput() commonFlags for output 21, 0000
09-01 18:45:37.900   715 26210 V AudioPolicyManagerCustom: getOutputForDevice() returns output 13
09-01 18:45:37.900   715 26210 V APM_AudioPolicyManager:   getOutputForAttr() returns output 13 selectedDeviceId 3
09-01 18:45:37.901   715 26210 V AudioFlinger: createTrack() sessionId: 6865
09-01 18:45:37.905   715 26210 W AudioFlinger: createTrack_l(): mismatch between requested flags (00000008) and output flags (00000002)
09-01 18:45:37.905   715 26210 D AudioFlinger: Client defaulted notificationFrames to 4725 for frameCount 14176
09-01 18:45:37.905   715 26210 D AudioFlinger: createTrack_l, pid:16984, sessionId:6865
09-01 18:45:37.906   715 26210 V FeatureService_Native: player pkg name:cn.missevan(16984)
09-01 18:45:37.906   715 26210 I ParamService: read_nvsize 1229343048
09-01 18:45:37.906   715 26210 D ParamService: read_nvdata 1229343048 | 0xecfe6000 | 4096
09-01 18:45:37.906   715 26210 D FeatureService_Native: Player(16984,10602,6865) isHifiSupport:0
09-01 18:45:37.906   715 26210 D AudioFlinger: isHifiSupport, reply ret:4, value:0
09-01 18:45:37.907   671   911 D compress_voip: voice_extn_compress_voip_out_get_parameters: enter
09-01 18:45:37.908   715  9877 V AudioFlinger: acquiring 6865 from 16984, for 16984
09-01 18:45:37.909   715  9877 V AudioFlinger:  added new entry for 6865
09-01 18:45:37.952 16984 17240 V PlayerBase: baseStart() piid=3167
09-01 18:45:37.943   715   715 W Binder:715_B: type=1400 audit(0.0:86715): avc: denied { search } for name="bbkcore" dev="dm-1" ino=2359297 scontext=u:r:audioserver:s0 tcontext=u:object_r:vivo_data_file:s0 tclass=dir permissive=0
09-01 18:45:37.954   715 10762 V AudioFlinger: start(1), calling pid 16984 session 6865
09-01 18:45:37.954   715 10762 D AudioFlinger: startOutput_POM , POM_id:16984
09-01 18:45:37.954   715 10762 D AudioPolicyManagerCustom: startOutput_POM output:13, stream:3, session:6865, pom_id:16984
09-01 18:45:37.954   715 10762 I APM::AudioPolicyEngine: ###### POM Stack0:  0 0 1
09-01 18:45:37.954   715 10762 I APM::AudioPolicyEngine: ###### POM Stack1:  16984 0 1
09-01 18:45:37.954   715 10762 V APM_AudioPolicyManager: startOutput() output 13, stream 3, session 6865
09-01 18:45:37.954   715 10762 V APM::AudioPolicyEngine: getDeviceForStrategy() strategy 0, device 2
09-01 18:45:37.954   715 10762 V APM_AudioPolicyManager: selectOutputForMusicEffects activeOnly 1 output 13 flags 0x00000002
09-01 18:45:37.954   715 10762 V APM_AudioPolicyManager: selectOutputForMusicEffects selected output 13
09-01 18:45:37.954   715 10762 D AudioPolicyManagerCustom: startOutput isCallPOMStateChange :0, refCount:1
09-01 18:45:37.954   715 10762 V APM::AudioPolicyEngine: getDeviceForStrategy() strategy 0, device 2
09-01 18:45:37.954   715 10762 V APM_AudioPolicyManager: getNewOutputDevice() selected device 2
09-01 18:45:37.954   715 10762 V APM_AudioPolicyManager: setOutputDevice() device 0002 delayMs 0
09-01 18:45:37.954   715 10762 V APM_AudioPolicyManager: setOutputDevice() prevDevice 0x0002
09-01 18:45:37.954   715 10762 V APM::AudioPolicyEngine: getDeviceForStrategy() strategy 0, device 2
09-01 18:45:37.954   715 10762 V APM::AudioPolicyEngine: getDeviceForStrategy() strategy 1, device 1
09-01 18:45:37.954   715 10762 V APM::AudioPolicyEngine: getDeviceForStrategy() strategy 2, device 2
09-01 18:45:37.954   715 10762 V APM::AudioPolicyEngine: getDeviceForStrategy() strategy 0, device 2
09-01 18:45:37.954   715 10762 V APM::AudioPolicyEngine: getDeviceForStrategy() strategy 3, device 2
09-01 18:45:37.954   715 10762 V APM::AudioPolicyEngine: getDeviceForStrategy() strategy 0, device 2
09-01 18:45:37.954   715 10762 V APM::AudioPolicyEngine: getDeviceForStrategy() strategy 4, device 2
09-01 18:45:37.954   715 10762 V APM::AudioPolicyEngine: getDeviceForStrategy() strategy 5, device 2
09-01 18:45:37.954   715 10762 V APM::AudioPolicyEngine: getDeviceForStrategy() strategy 6, device 2
09-01 18:45:37.954   715 10762 V APM::AudioPolicyEngine: getDeviceForStrategy() strategy 7, device 2
09-01 18:45:37.954   715 10762 V APM::AudioPolicyEngine: getDeviceForStrategy() strategy 8, device 2
09-01 18:45:37.954   715 10762 V APM::AudioPolicyEngine: getDeviceForStrategy() strategy 9, device 2
09-01 18:45:37.954   715 10762 V APM_AudioPolicyManager: setOutputDevice() setting same device 0x0002 or null device
09-01 18:45:37.954   715 10762 D APM::VolumeCurve: VOLUME mDeviceCategory 1, mStreamType 3 vol index=[40 50 50], dB=[-44.0 -39.5 -39.5]
09-01 18:45:37.954   715 10762 V APM::AudioPolicyEngine: getDeviceForStrategy() strategy 0, device 2
09-01 18:45:37.954   715 10762 V APM::AudioPolicyEngine: getDeviceForStrategy() strategy 3, device 2
09-01 18:45:37.954   715 10762 V AudioPolicyManagerCustom: checkOutputForStrategy(): policy related outputs
09-01 18:45:37.955   715 10762 V APM::AudioPolicyEngine: getDeviceForStrategy() strategy 0, device 2
09-01 18:45:37.955   715 10762 V APM::AudioPolicyEngine: getDeviceForStrategy() strategy 1, device 1
09-01 18:45:37.955   715 10762 V APM::AudioPolicyEngine: getDeviceForStrategy() strategy 2, device 2
09-01 18:45:37.955   715 10762 V APM::AudioPolicyEngine: getDeviceForStrategy() strategy 0, device 2
09-01 18:45:37.955   715 10762 V APM::AudioPolicyEngine: getDeviceForStrategy() strategy 3, device 2
09-01 18:45:37.955   715 10762 V APM::AudioPolicyEngine: getDeviceForStrategy() strategy 0, device 2
09-01 18:45:37.955   715 10762 V APM::AudioPolicyEngine: getDeviceForStrategy() strategy 4, device 2
09-01 18:45:37.955   715 10762 V APM::AudioPolicyEngine: getDeviceForStrategy() strategy 5, device 2
09-01 18:45:37.955   715 10762 V APM::AudioPolicyEngine: getDeviceForStrategy() strategy 6, device 2
09-01 18:45:37.955   715 10762 V APM::AudioPolicyEngine: getDeviceForStrategy() strategy 7, device 2
09-01 18:45:37.955   715 10762 V APM::AudioPolicyEngine: getDeviceForStrategy() strategy 8, device 2
09-01 18:45:37.955   715 10762 V APM::AudioPolicyEngine: getDeviceForStrategy() strategy 9, device 2
09-01 18:45:37.955   715 10762 D AudioPolicyIntefaceImpl: startOutput_POM oldPhoneState:0,currentPhoneState:0
09-01 18:45:37.701  1724  2178 I chatty  : uid=1000(system) AutobacklightTh identical 3 lines
09-01 18:45:37.955  1724  1724 D MediaRouterService: onAudioPlayerActiveStateChanged: uid=10602, active=true, restoreUid=10602
09-01 18:45:37.956  6559  6891 D AudioManager: dispatching onPlaybackConfigChanged()
09-01 18:45:37.956  6559  6891 D Avrcp_ext: AudioManager Player: ID:23 -- type:android.media.SoundPool -- u/pid:10018/2404 -- state:idle -- attr:AudioAttributes: usage=USAGE_ASSISTANCE_SONIFICATION content=CONTENT_TYPE_SONIFICATION flags=0x0 tags= bundle=null
09-01 18:45:37.956  6559  6891 D Avrcp_ext: AudioManager Player: ID:2839 -- type:android.media.MediaPlayer -- u/pid:10315/13770 -- state:idle -- attr:AudioAttributes: usage=USAGE_MEDIA content=CONTENT_TYPE_MUSIC flags=0x0 tags= bundle=null
09-01 18:45:37.956  6559  6891 D Avrcp_ext: AudioManager Player: ID:15 -- type:android.media.SoundPool -- u/pid:1000/1724 -- state:idle -- attr:AudioAttributes: usage=USAGE_ASSISTANCE_SONIFICATION content=CONTENT_TYPE_SONIFICATION flags=0x0 tags= bundle=null
09-01 18:45:37.956  2746  2746 D AudioManager: dispatching onPlaybackConfigChanged()
09-01 18:45:37.956  6559  6891 D Avrcp_ext: AudioManager Player: ID:31 -- type:android.media.SoundPool -- u/pid:1000/2765 -- state:idle -- attr:AudioAttributes: usage=USAGE_NOTIFICATION content=CONTENT_TYPE_SONIFICATION flags=0x0 tags= bundle=null
09-01 18:45:37.956  6559  6891 D Avrcp_ext: AudioManager Player: ID:3119 -- type:android.media.MediaPlayer -- u/pid:10018/2404 -- state:stopped -- attr:AudioAttributes: usage=USAGE_NOTIFICATION content=CONTENT_TYPE_SONIFICATION flags=0x0 tags= bundle=null
09-01 18:45:37.956  6559  6891 D Avrcp_ext: AudioManager Player: ID:3167 -- type:android.media.AudioTrack -- u/pid:10602/16984 -- state:started -- attr:AudioAttributes: usage=USAGE_MEDIA content=CONTENT_TYPE_MUSIC flags=0x200 tags= bundle=null
09-01 18:45:37.956  6559  6891 D Avrcp_ext: AudioManager isPlaying: true
09-01 18:45:37.956  6559  6891 D PlaybackState: setState position:-1
09-01 18:45:37.956  6559  6891 V Avrcp_ext: updateCurrentMediaState: mMediaController: null
09-01 18:45:37.956  2746  2944 D AudioManager: dispatching onPlaybackConfigChanged()
09-01 18:45:37.957  6559  6891 V Avrcp_ext: isMusicActive: true getBluetoothPlayState: 0
09-01 18:45:37.957  6559  6891 V Avrcp_ext: updateCurrentMediaState: isPlaying = false, ck_play = 241
09-01 18:45:37.957  6559  6891 V Avrcp_ext: updateCurrentMediaState: mMediaController or getPlaybackState() null
09-01 18:45:37.957  6559  6891 D PlaybackState: setState position:-1
09-01 18:45:37.957  6559  6891 D PlaybackState: getActiveQueueItemId Id:-1
09-01 18:45:37.957  6559  6891 V Avrcp_ext: Media update: id 0➡-1? [MediaAttributes: none] : [MediaAttributes: 深⋯意 -  by Y⋯眠 (1326393 0/0) ]
09-01 18:45:37.958  6559  6891 V Avrcp_ext: Check if NowPlayingList is updated
09-01 18:45:37.958  6559  6891 V Avrcp_ext: newPlayStatus:2mReportedPlayStatus:-1
09-01 18:45:37.958   715 10762 D AudioFlinger: addtrack_l, mSampleRate:48000, mReqSampleRate:44100
09-01 18:45:37.958   715 10762 V AudioFlinger: signal playback thread
09-01 18:45:37.961   715   913 V BufferProvider: CopyBufferProvider(0xef19ab00)(4, 8, 256)
09-01 18:45:37.961   715   913 V BufferProvider: ReformatBufferProvider(0xef19ab00)(2, 0x1, 0x5)
09-01 18:45:37.961   715   913 D BufferProvider: setBufferProvider(0x0): mTrackBufferProvider:0x0  mBuffer.frameCount:0
09-01 18:45:37.961   715   913 D AudioFlinger: ####### XXF  RESAMPLE RESET #######
09-01 18:45:37.961   715   913 D BufferProvider: setBufferProvider(0xe9da0c00): mTrackBufferProvider:0x0  mBuffer.frameCount:0
09-01 18:45:37.961   715   913 D AudioMixer: setResampler  DYN_HIGH_QUALITY FLAG:0
09-01 18:45:37.961   715   913 D AudioFlinger: updateWakeLockUids_l AudioOut_D uids:10602
09-01 18:45:37.962   715   913 V AudioFlinger: updateWakeLockUids_l() AudioOut_D status 0
09-01 18:45:37.963   671 11480 D audio_hw_primary: start_output_stream: enter: stream(0xebae8000)usecase(0: deep-buffer-playback) devices(0x2)
09-01 18:45:37.964   671 11480 D audio_hw_primary: select_devices for use case (deep-buffer-playback)
09-01 18:45:37.964   671 11480 D audio_hw_primary: select_devices, usecase_flag:0, out_snd_device:2
09-01 18:45:37.964   671 11480 D audio_hw_primary: select_devices: out_snd_device(2: speaker) in_snd_device(0: )
09-01 18:45:37.964   671 11480 I msm8916_platform: platform_check_and_set_codec_backend_cfg:becf: afe: bitwidth 32, samplerate 48000 channels 2, backend_idx 0 usecase = 0 device (speaker)
09-01 18:45:37.964   671 11480 D msm8916_platform: platform_split_snd_device: snd_device(2) num devices(1) new_snd_devices(0)
09-01 18:45:37.964   671 11480 I msm8916_platform: platform_check_and_set_codec_backend_cfg: becf: new_snd_devices[0] is speaker
09-01 18:45:37.964   671 11480 I msm8916_platform: platform_check_codec_backend_cfg:becf: afe: Codec selected backend: 0 current bit width: 32 sample rate: 48000 channels: 2 usecase 0 device (speaker)
09-01 18:45:37.964   671 11480 D msm8916_platform: platform_check_codec_backend_cfg:becf: afe: reset bitwidth to 24 (based on supported value for this platform)
09-01 18:45:37.964   671 11480 D msm8916_platform: platform_check_codec_backend_cfg:becf: afe: playback on codec device not supporting native playback set default Sample Rate(48k)
09-01 18:45:37.964   671 11480 I msm8916_platform: platform_check_codec_backend_cfg:becf: afe: Codec selected backend: 0 updated bit width: 24 sample rate: 48000 channels: 2
09-01 18:45:37.964   671 11480 I msm8916_platform: platform_check_codec_backend_cfg:becf: afe: Codec backend needs to be updated. new bit width: 24 new sample rate: 48000 new channels 2
09-01 18:45:37.964   671 11480 I msm8916_platform: platform_set_codec_backend_cfg:becf: afe: bitwidth 24, samplerate 48000 channels 2 format 3, backend_idx 0 device (speaker)
09-01 18:45:37.966   671 11480 E msm8916_platform: platform_set_codec_backend_cfg:becf: afe: Could not get ctl for mixer command - INT4_MI2S_RX Format
09-01 18:45:37.967   671 11480 D audio_hw_primary: check_usecases_codec_backend:becf: force routing 0
09-01 18:45:37.967   671 11480 E msm8916_platform: platform_check_backends_match: Invalid snd_device =
09-01 18:45:37.967   671 11480 D audio_hw_primary: check_usecases_codec_backend:becf: (63) check_usecases curr device: speaker, usecase device: backends match 0
09-01 18:45:37.967   671 11480 D audio_hw_primary: check_usecases_codec_backend:becf: check_usecases num.of Usecases to switch 0
09-01 18:45:37.967   671 11480 D hardware_info: hw_info_append_hw_type : device_name = speaker
09-01 18:45:37.967   671 11480 D audio_hw_primary: enable_snd_device: device 2:device_name:speaker:ref_cnt:1
09-01 18:45:37.967   671 11480 D msm8916_platform: platform_split_snd_device: snd_device(2) num devices(0) new_snd_devices(0)
09-01 18:45:37.967   671 11480 D audio_hw_primary: enable_snd_device: snd_device(2: speaker)
09-01 18:45:37.967   671 11480 I soundtrigger: audio_extn_sound_trigger_update_device_status: device 0x2 of type 0 for Event 1, with Raise=0
09-01 18:45:37.967   671 11480 D audio_route: Apply path: speaker
09-01 18:45:37.969   671 11480 I audio_hw_utils: audio_extn_utils_update_stream_output_app_type_cfg Allowing 24-bit playback on speaker ONLY at default sampling rate
09-01 18:45:37.969   671 11480 D audio_hw_primary: audio_is_true_native_stream_active:napb: (0) (deep-buffer-playback)id (0) sr 48000 bw (32) device speaker
09-01 18:45:37.969   671 11480 D soundtrigger: audio_extn_sound_trigger_update_stream_status: uc_info->id 0 of type 0 for Event 3, with Raise=1
09-01 18:45:37.969   671 11480 I sound_trigger_platform: platform_stdev_check_and_update_concurrency: Received STREAM event, event type 3, usecase type -382446864
09-01 18:45:37.969   671 11480 D sound_trigger_platform: platform_stdev_check_and_update_concurrency: dedicated path 0, reset backend 1, tx 0, rx 1,concurrency session not allowed
09-01 18:45:37.969   671 11480 D audio_hw_utils: audio_extn_utils_send_app_type_cfg: usecase->out_snd_device speaker
09-01 18:45:37.969   671 11480 D msm8916_platform: platform_split_snd_device: snd_device(2) num devices(0) new_snd_devices(0)
09-01 18:45:37.970   671 11480 D audio_hw_utils: audio_extn_btsco_get_sample_rate:Not a BT SCO device, need not update sampling rate
09-01 18:45:37.970   671 11480 I audio_hw_utils: send_app_type_cfg_for_device PLAYBACK app_type 69936, acdb_dev_id 131, sample_rate 48000, snd_device_be_idx 41
09-01 18:45:37.970   671 11480 D msm8916_platform: platform_split_snd_device: snd_device(2) num devices(1) new_snd_devices(0)
09-01 18:45:37.970   671 11480 D ACDB-LOADER: ACDB -> send_audio_cal, acdb_id = 131, path = 0, app id = 0x11130, sample rate = 48000
09-01 18:45:37.970   671 11480 D ACDB-LOADER: ACDB -> send_asm_topology
09-01 18:45:37.970   671 11480 D ACDB-LOADER: ACDB -> ACDB_CMD_GET_AUDPROC_STREAM_TOPOLOGY_ID
09-01 18:45:37.970   671 11480 D ACDB-LOADER: ACDB -> send_adm_topology
09-01 18:45:37.970   671 11480 D ACDB-LOADER: ACDB -> ACDB_CMD_GET_AUDPROC_COMMON_TOPOLOGY_ID
09-01 18:45:37.970   671 11480 D ACDB-LOADER: ACDB -> send_audtable
09-01 18:45:37.970   671 11480 D ACDB-LOADER: ACDB -> ACDB_CMD_GET_AUDPROC_COMMON_TABLE_SIZE
09-01 18:45:37.970   671 11480 D ACDB-LOADER: ACDB -> ACDB_CMD_GET_AUDPROC_COMMON_TABLE
09-01 18:45:37.970   671 11480 D ACDB-LOADER: ACDB -> AUDIO_SET_AUDPROC_CAL
09-01 18:45:37.970   671 11480 D ACDB-LOADER: ACDB -> send_audvoltable
09-01 18:45:37.970   671 11480 D ACDB-LOADER: ACDB -> ACDB_CMD_GET_AUDPROC_VOL_STEP_TABLE_SIZE
09-01 18:45:37.970   671 11480 D ACDB-LOADER: ACDB -> ACDB_CMD_GET_AUDPROC_GAIN_DEP_STEP_TABLE, vol index 0
09-01 18:45:37.970   671 11480 D         : Failed to fetch the lookup information of the device 00000083
09-01 18:45:37.970   671 11480 E ACDB-LOADER: Error: ACDB AudProc vol returned = -19
09-01 18:45:37.970   671 11480 D ACDB-LOADER: ACDB -> AUDIO_SET_VOL_CAL cal type = 12
09-01 18:45:37.970   671 11480 D ACDB-LOADER: ACDB -> ACDB_CMD_GET_AUDPROC_STREAM_TABLE_SIZE
09-01 18:45:37.970   671 11480 D ACDB-LOADER: ACDB -> send_audstrmtable
09-01 18:45:37.970   671 11480 D ACDB-LOADER: ACDB -> ACDB_CMD_GET_AUDPROC_STREAM_TABLE_V2
09-01 18:45:37.970   671 11480 D ACDB-LOADER: ACDB -> audstrm_cal->cal_type.cal_data.cal_size = 456
09-01 18:45:37.970   671 11480 D ACDB-LOADER: ACDB -> send_afe_topology
09-01 18:45:37.970   671 11480 D ACDB-LOADER: ACDB -> ACDB_CMD_GET_AFE_TOPOLOGY_ID
09-01 18:45:37.970   671 11480 D ACDB-LOADER: ACDB -> GET_AFE_TOPOLOGY_ID for adcd_id 131, Topology Id 112fc
09-01 18:45:37.971   671 11480 D ACDB-LOADER: ACDB -> send_afe_cal
09-01 18:45:37.971   671 11480 D ACDB-LOADER: ACDB -> ACDB_CMD_GET_AFE_COMMON_TABLE_SIZE
09-01 18:45:37.971   671 11480 D         : Failed to fetch the lookup information of the device 00000083
09-01 18:45:37.971   671 11480 E ACDB-LOADER: Error: ACDB_CMD_GET_AFE_COMMON_TABLE_SIZE Returned = -19
09-01 18:45:37.971   671 11480 D ACDB-LOADER: ACDB -> ACDB_CMD_GET_AFE_COMMON_TABLE
09-01 18:45:37.971   671 11480 D         : Failed to fetch the lookup information of the device 00000083
09-01 18:45:37.971   671 11480 E ACDB-LOADER: Error: ACDB AFE returned = -19
09-01 18:45:37.971   671 11480 D ACDB-LOADER: ACDB -> AUDIO_SET_AFE_CAL
09-01 18:45:37.971   671 11480 D ACDB-LOADER: ACDB -> send_hw_delay : acdb_id = 131 path = 0
09-01 18:45:37.971   671 11480 D ACDB-LOADER: ACDB -> ACDB_AVSYNC_INFO: ACDB_CMD_GET_DEVICE_PROPERTY
09-01 18:45:37.971   671 11480 D audio_route: Apply path: deep-buffer-playback speaker
09-01 18:45:37.971   671 11480 D audio_hw_primary: select_devices: done
09-01 18:45:37.972   671 11480 D audio_hw_primary: start_output_stream: Opening PCM device card_id(0) device_id(0) format(0x1),config.rate:48000,bit_width:32
09-01 18:45:37.972 16984 17240 V AudioTrack: getBestTimestamp did not find timestamp
09-01 18:45:37.972 16984 17240 V AudioTrack: timestamp server offset:0 restore frames:-1
09-01 18:45:37.982 16984 17240 V AudioTrack: getBestTimestamp did not find timestamp
09-01 18:45:37.982 16984 17240 V AudioTrack: timestamp server offset:0 restore frames:-1
09-01 18:45:37.992 16984 17240 V AudioTrack: getBestTimestamp did not find timestamp
09-01 18:45:37.992 16984 17240 V AudioTrack: timestamp server offset:0 restore frames:-1
09-01 18:45:38.002 16984 17240 V AudioTrack: getBestTimestamp did not find timestamp
09-01 18:45:38.002 16984 17240 V AudioTrack: timestamp server offset:0 restore frames:-1
09-01 18:45:38.005   717   717 I ConfigStore: android::hardware::configstore::V1_0::ISurfaceFlingerConfigs::hasHDRDisplay retrieved: 0
09-01 18:45:38.006   717   717 I ConfigStore: android::hardware::configstore::V1_0::ISurfaceFlingerConfigs::hasHDRDisplay retrieved: 0
09-01 18:45:38.022 16984 17240 V AudioTrack: getBestTimestamp did not find timestamp
09-01 18:45:38.022 16984 17240 V AudioTrack: timestamp server offset:0 restore frames:-1
09-01 18:45:38.032 16984 17240 V AudioTrack: getBestTimestamp did not find timestamp
09-01 18:45:38.032 16984 17240 V AudioTrack: timestamp server offset:0 restore frames:-1
09-01 18:45:38.043 16984 17240 V AudioTrack: getBestTimestamp did not find timestamp
09-01 18:45:38.043 16984 17240 V AudioTrack: timestamp server offset:0 restore frames:-1
09-01 18:45:38.053 16984 17240 V AudioTrack: getBestTimestamp did not find timestamp
09-01 18:45:38.053 16984 17240 V AudioTrack: timestamp server offset:0 restore frames:-1
09-01 18:45:38.056   671 11480 D msm8916_platform: platform_set_channel_map mixer_ctl_name:Playback Channel Map0
09-01 18:45:38.056   671 11480 D msm8916_platform: platform_set_channel_map: set mapping(1 2 0 0 0 0 0 0) for channel:2
09-01 18:45:38.057   671 11480 D audio_hw_primary: start_output_stream: exit
09-01 18:45:38.063 16984 17240 V AudioTrack: frame adjustment:0  timestamp:BOOTTIME offset 395379570767524
09-01 18:45:38.063 16984 17240 V AudioTrack: ExtendedTimestamp[0]  position: 0  time: -1
09-01 18:45:38.063 16984 17240 V AudioTrack: ExtendedTimestamp[1]  position: 882  time: 209872937832855
09-01 18:45:38.063 16984 17240 V AudioTrack: ExtendedTimestamp[2]  position: 0  time: -1
09-01 18:45:38.063 16984 17240 V AudioTrack: ExtendedTimestamp[3]  position: 882  time: 209824395613707
09-01 18:45:38.063 16984 17240 V AudioTrack: ExtendedTimestamp[4]  position: 882  time: 209824403984384
09-01 18:45:38.068   715   913 V AudioFlinger: mixer(0xed395880) throttle begin: ret(7680) deltaMs(0) requires sleep 10 ms
09-01 18:45:38.075 16984 17240 V AudioTrack: getTimestamp() location moved from server to kernel
09-01 18:45:38.152 10614 10746 D MemoryCeilingMonitor: [handleMemoryCalculate]
09-01 18:45:38.152 10614 10746 D MemoryCeilingMonitor: [calculate] tot: 3719360, max: 268435456, free: 600272, heap: 3119088, per: 0.011619508266448975
09-01 18:45:38.153   715   913 D AudioFlinger: mixer(0xed395880) throttle end: throttle time(72)
09-01 18:45:38.240 17154 17154 I Perf    : Connecting to perf service.
09-01 18:45:38.253   717   717 I SurfaceFlinger: FPS: 9
09-01 18:45:38.263 17154 17154 D Tinker.TinkerLoader: tryLoad test test
09-01 18:45:38.267 17154 17154 W Tinker.TinkerLoader: tryLoadPatchFiles:patch dir not exist:/data/user/0/cn.missevan/tinker
09-01 18:45:38.328 17154 17154 D Tinker.DefaultAppLike: onBaseContextAttached:
09-01 18:45:38.334 17154 17154 I MultiDex: VM with version 2.1.0 has multidex support
09-01 18:45:38.334 17154 17154 I MultiDex: Installing application
09-01 18:45:38.334 17154 17154 I MultiDex: VM has multidex support, MultiDex support library is disabled.
09-01 18:45:38.378   715   915 V AudioFlinger: releaseWakeLock_l() AudioOut_15
09-01 18:45:38.378   715   915 V AudioFlinger: thread 0xed003f40 type 0 TID 915 going to sleep
09-01 18:45:38.380   715   916 V AudioFlinger: releaseWakeLock_l() AudioOut_25
09-01 18:45:38.380   715   916 V AudioFlinger: thread 0xecd03080 type 0 TID 916 going to sleep
09-01 18:45:38.429 17154 17154 D Tinker.DefaultAppLike: onCreate
09-01 18:45:38.184  1724  2178 I chatty  : uid=1000(system) AutobacklightTh identical 1 line
09-01 18:45:38.492 16984 17015 D LeakCanary: Setting up flushing for Thread[FrameMetricsAggregator,5,main]
09-01 18:45:38.496 16984 17015 D LeakCanary: Setting up flushing for Thread[CrashCaptureManager,5,main]
09-01 18:45:38.496 16984 17015 D LeakCanary: Setting up flushing for Thread[BiliCrInit,5,main]
09-01 18:45:38.497 16984 17015 D LeakCanary: Setting up flushing for Thread[ExoPlayer:FrameReleaseChoreographer,5,main]
09-01 18:45:38.497 16984 17015 D LeakCanary: Setting up flushing for Thread[ExoPlayer:Playback,5,main]
09-01 18:45:38.497 16984 17015 D LeakCanary: Setting up flushing for Thread[thread_report,5,main]
09-01 18:45:38.511  1724  1855 I ActivityManager: Start proc 17262:cn.missevan:stats/u0a602 for service cn.missevan/com.bilibili.lib.neuron.internal.NeuronRemoteService
09-01 18:45:38.518 17262 17262 I .missevan:stat: Late-enabling -Xcheck:jni
09-01 18:45:38.529 16857 16968 I appium  : AppiumResponse: {"sessionId":"dad7cf5d-ffde-484a-a9d6-2607e6b633f7","value":"iVBORw0KGgoAAAANSUhEUgAABDgAAAjoCAYAAAA5jhrUAAAABHNCSVQICAgIfAhkiAAAIABJREFU\neJzs3XuYbGtdH/jfu6p6796cw8ELyPUgoiAiiCFyOZwoKkKUmKgTJBM18Yk63hUFx3ghQYzESFAT\nZ9DoPElkJl6iDDxeokaJl4dxQMEYwCABL8jlzFGJhnP2Pru7q9b7zh9rVXXXqq5d1Xv33r3f7s/n\nPOv0r…
09-01 18:45:38.547  1724  2062 D NetdConnector: RCV <- {601 limit alert globalAlert lo}
09-01 18:45:38.549  1724  2064 I chatty  : uid=1000(system) NetworkStats expire 3 lines
09-01 18:45:38.554   992   992 E Netd    : tether checkPermission, pid:1724 uid:1000
09-01 18:45:38.598  1724  2064 D NetdConnector: SND -> {1420 bandwidth setglobalalert 2097152}
09-01 18:45:38.599  1724  2062 D NetdConnector: RCV <- {200 1420 Bandwidth command succeeeded}
09-01 18:45:38.600  1724  2064 D NetdConnector: RMV <- {200 1420 Bandwidth command succeeeded}
09-01 18:45:38.634  1724  2233 E TaskPersister: File error accessing recents directory (directory doesn't exist?).
09-01 18:45:38.646 17154 17154 W n:player.singl: Accessing hidden method Landroid/app/ActivityThread;->currentApplication()Landroid/app/Application; (light greylist, linking)
09-01 18:45:38.646 17262 17262 I .missevan:stat: The ClassLoaderContext is a special shared library.
09-01 18:45:38.697 17180 17180 I Perf    : Connecting to perf service.
09-01 18:45:38.714 17180 17180 D Tinker.TinkerLoader: tryLoad test test
09-01 18:45:38.718 17180 17180 W Tinker.TinkerLoader: tryLoadPatchFiles:patch dir not exist:/data/user/0/cn.missevan/tinker
09-01 18:45:38.784 17180 17180 D Tinker.DefaultAppLike: onBaseContextAttached:
09-01 18:45:38.790 17180 17180 I MultiDex: VM with version 2.1.0 has multidex support
09-01 18:45:38.790 17180 17180 I MultiDex: Installing application
09-01 18:45:38.790 17180 17180 I MultiDex: VM has multidex support, MultiDex support library is disabled.
09-01 18:45:38.793 17154 17288 D SentryLog: [pool-3-thread-1] SU isn't found on this Device.
