09-01 18:45:41.856 17262 17441 D SentryLog: [pool-2-thread-1] Processing file: /data/user/0/cn.missevan/cache/sentry/session.json
09-01 18:45:41.857 17262 17262 D SentryLog: [main] enableAppLifecycleBreadcrumbs enabled: true
09-01 18:45:41.862 17262 17441 D SentryLog: [pool-2-thread-1] File '/data/user/0/cn.missevan/cache/sentry/session.json' doesn't match extension expected.
09-01 18:45:41.865 17262 17441 D SentryLog: [pool-2-thread-1] File /data/user/0/cn.missevan/cache/sentry/.sentry-native is not a File.
09-01 18:45:41.870 17262 17441 D SentryLog: [pool-2-thread-1] Finished processing cached files from /data/user/0/cn.missevan/cache/sentry
09-01 18:45:41.872 17262 17262 D SentryLog: [main] AppLifecycleIntegration installed.
09-01 18:45:41.874 17262 17441 D SentryLog: [pool-2-thread-1] Started processing cached files from /data/user/0/cn.missevan/cache/sentry/outbox
09-01 18:45:41.876 17262 17262 D SentryLog: [main] ActivityLifecycleIntegration enabled: true
09-01 18:45:41.876 17262 17441 D SentryLog: [pool-2-thread-1] Processing dir. /data/user/0/cn.missevan/cache/sentry/outbox
09-01 18:45:41.878 17262 17262 D SentryLog: [main] ActivityLifecycleIntegration installed.
09-01 18:45:41.879 17262 17262 D SentryLog: [main] UserInteractionIntegration enabled: true
09-01 18:45:41.881 17262 17441 D SentryLog: [pool-2-thread-1] Processing 0 items from cache dir /data/user/0/cn.missevan/cache/sentry/outbox
09-01 18:45:41.881 17262 17262 D SentryLog: [main] UserInteractionIntegration installed.
09-01 18:45:41.883 17262 17262 D SentryLog: [main] AppComponentsBreadcrumbsIntegration enabled: true
09-01 18:45:41.884 17262 17441 D SentryLog: [pool-2-thread-1] Finished processing cached files from /data/user/0/cn.missevan/cache/sentry/outbox
09-01 18:45:41.885 17262 17262 D SentryLog: [main] AppComponentsBreadcrumbsIntegration installed.
09-01 18:45:41.885 16984 16995 I cn.missevan: Background concurrent copying GC freed 188653(10MB) AllocSpace objects, 86(3MB) LOS objects, 50% free, 22MB/45MB, paused 178us total 123.266ms
09-01 18:45:41.886 17262 17262 D SentryLog: [main] SystemEventsBreadcrumbsIntegration enabled: true
09-01 18:45:41.888 16984 17357 D skia    : --- Failed to create image decoder with message 'unimplemented'
09-01 18:45:41.891 17262 17262 D SentryLog: [main] SystemEventsBreadcrumbsIntegration installed.
09-01 18:45:41.892 17262 17262 D SentryLog: [main] enableSystemEventsBreadcrumbs enabled: true
09-01 18:45:41.901 17262 17262 I SentryLog: [main] TYPE_AMBIENT_TEMPERATURE is not available.
09-01 18:45:41.903 17262 17262 D SentryLog: [main] enableSystemEventBreadcrumbs enabled: true
09-01 18:45:41.905 17262 17262 D SentryLog: [main] FragmentLifecycleIntegration installed.
09-01 18:45:41.907 16984 16993 V PlayerBase: baseRelease() piid=3167 state=0
09-01 18:45:41.917 16984 17357 D skia    : --- Failed to create image decoder with message 'unimplemented'
09-01 18:45:41.918 16984 17357 I chatty  : uid=10602(cn.missevan) glide-source-th identical 1 line
09-01 18:45:41.920 16984 17357 D skia    : --- Failed to create image decoder with message 'unimplemented'
09-01 18:45:41.971 16984 17089 I CronetEngine: [thread_background]
09-01 18:45:41.971 16984 17089 I CronetEngine: url: https://fm.uat.missevan.com/api/v2/recommended/homepage?persona_id=3
09-01 18:45:41.971 16984 17089 I CronetEngine:  ip: 10.21.250.10
09-01 18:45:41.971 16984 17089 I CronetEngine:  hostResolverProvider:
09-01 18:45:41.971 16984 17089 I CronetEngine:  hostResolveIps: []
09-01 18:45:41.971 16984 17089 I CronetEngine:
09-01 18:45:41.976 16984 17438 I BLOG    : [RxCachedThreadScheduler-10] HTTP request: [2022-09-01T10:45:41.822Z] GET https://fm.uat.missevan.com/api/v2/recommended/homepage?persona_id=3 200 143ms 0
09-01 18:45:41.998 16984 17089 I CronetEngine: [thread_background]
09-01 18:45:41.998 16984 17089 I CronetEngine: url: https://app.uat.missevan.com/site/icons
09-01 18:45:41.998 16984 17089 I CronetEngine:  ip: 10.21.250.10
09-01 18:45:41.998 16984 17089 I CronetEngine:  hostResolverProvider:
09-01 18:45:41.998 16984 17089 I CronetEngine:  hostResolveIps: []
09-01 18:45:41.998 16984 17089 I CronetEngine:
09-01 18:45:42.002 16984 17081 I BLOG    : [RxCachedThreadScheduler-1] HTTP request: [2022-09-01T10:45:41.818Z] GET https://app.uat.missevan.com/site/icons 200 169ms 0
09-01 18:45:42.033 16984 16995 I cn.missevan: NativeAlloc concurrent copying GC freed 41128(1404KB) AllocSpace objects, 6(1576KB) LOS objects, 50% free, 21MB/43MB, paused 585us total 143.928ms
09-01 18:45:42.202 17262 17262 D NAccs.AccsClientConfig:  build config:AccsClientConfig{mAppKey='umeng:546d7dd7fd98c58fc800082c', mAppSecret='64e8358a59d434e5546720db97ab5996', mInappHost='umengacs.m.taobao.com', mChannelHost='umengjmacs.m.taobao.com', mStoreId='', mSecurity=2, mAuthCode='', mInappPubKey=11, mChannelPubKey=11, mKeepalive=true, mAutoUnit=false, mTag='default', mConfigEnv=0, mDisableChannel=false, mQuickReconnect=false, mAccsHeartbeatEnable=false, mPullUpEnable=false, mForePingEnable=false, mPingTimeout=0}
09-01 18:45:42.202 17262 17262 W NAccs.AccsClientConfig:  build conver old config:AccsClientConfig{mAppKey='umeng:546d7dd7fd98c58fc800082c', mAppSecret='64e8358a59d434e5546720db97ab5996', mInappHost='umengacs.m.taobao.com', mChannelHost='umengjmacs.m.taobao.com', mStoreId='', mSecurity=2, mAuthCode='', mInappPubKey=-1, mChannelPubKey=-1, mKeepalive=true, mAutoUnit=true, mTag='default', mConfigEnv=0, mDisableChannel=false, mQuickReconnect=false, mAccsHeartbeatEnable=false, mPullUpEnable=true, mForePingEnable=false, mPingTimeout=0}
09-01 18:45:42.203 17262 17262 D NAccs.ACCSClient:  init config:AccsClientConfig{mAppKey='umeng:546d7dd7fd98c58fc800082c', mAppSecret='64e8358a59d434e5546720db97ab5996', mInappHost='umengacs.m.taobao.com', mChannelHost='umengjmacs.m.taobao.com', mStoreId='', mSecurity=2, mAuthCode='', mInappPubKey=11, mChannelPubKey=11, mKeepalive=true, mAutoUnit=false, mTag='default', mConfigEnv=0, mDisableChannel=false, mQuickReconnect=false, mAccsHeartbeatEnable=false, mPullUpEnable=false, mForePingEnable=false, mPingTimeout=0}
09-01 18:45:42.204 17262 17262 D UPush.Impl: appkey:546d7dd7fd98c58fc800082c secret:64e8358a59d434e5546720db97ab5996
09-01 18:45:42.207 17262 17458 I NAccs.TaobaoRegister:  register appKey:umeng:546d7dd7fd98c58fc800082c configTag:default
09-01 18:45:42.209 17262 17458 D NAccs.Config:  setAgooAppKey appkey:umeng:546d7dd7fd98c58fc800082c
09-01 18:45:42.210 17262 17458 D NAccs.Config:  setAgooMessageSecret secret:64e8358a59d434e5546720db97ab5996
09-01 18:45:42.212 17262 17458 D NAccs.ACCSManager:  getAccsInstance key:default|0
09-01 18:45:42.233 16984 16984 I PlayerServiceConnection: [main] on MediaBrowser connection connected
09-01 18:45:42.234 16984 16984 I PlayerServiceConnection: [main] bindPlayerService...
09-01 18:45:42.248  1724 14873 I chatty  : uid=1000(system) Binder:1724_1D expire 1 line
09-01 18:45:42.251 17262 17458 D NAccs.MsgRecv_default:  message file not exist
09-01 18:45:42.253 17262 17458 D NAccs.InAppConn_default:  new connection
09-01 18:45:42.254 17180 17180 I PlayerService: [main] PlayerService onLoadChildren parentId = /
09-01 18:45:42.258 16984 16984 I Choreographer: Skipped 36 frames!  The application may be doing too much work on its main thread.
09-01 18:45:42.264 17262 17458 I NAccs.Utils:  isMainProcess result:false
09-01 18:45:42.265 17262 17458 I NAccs.ACCSMgrImpl_default:  bindApp appKey:umeng:546d7dd7fd98c58fc800082c
09-01 18:45:42.272 17262 17458 D NAccs.UtilityImpl:  enableService comptName:ComponentInfo{cn.missevan/com.taobao.accs.ChannelService}
09-01 18:45:42.044  1724  2178 I chatty  : uid=1000(system) AutobacklightTh identical 2 lines
09-01 18:45:42.273  1724 16082 W PackageManager: setEnabledSetting  packageName:cn.missevan className:com.taobao.accs.ChannelService newState:1 userId:0 callingPackage:null
09-01 18:45:42.279 17262 17464 D NAccs.FileCheckUtils:  st.getAvailableBlocks()=2670407,st.getAvailableBlocks() * blockSize=10937987072
09-01 18:45:42.286 17262 17262 D NetworkSecurityConfig: Using Network Security Config from resource g debugBuild: true
09-01 18:45:42.288 17262 17458 W NAccs.ACCSMgrImpl_default:  bindApp only allow in main process
09-01 18:45:42.293 17262 17262 W .missevan:stat: Accessing hidden method Ldalvik/system/CloseGuard;->get()Ldalvik/system/CloseGuard; (light greylist, reflection)
09-01 18:45:42.293 17262 17262 W .missevan:stat: Accessing hidden method Ldalvik/system/CloseGuard;->open(Ljava/lang/String;)V (light greylist, reflection)
09-01 18:45:42.293 17262 17262 W .missevan:stat: Accessing hidden method Ldalvik/system/CloseGuard;->warnIfOpen()V (light greylist, reflection)
09-01 18:45:42.346 16984 17089 I CronetEngine: [thread_background]
09-01 18:45:42.346 16984 17089 I CronetEngine: url: https://app.uat.missevan.com/drama/recommend-modules?catalog_id=89
09-01 18:45:42.346 16984 17089 I CronetEngine:  ip: 10.21.250.10
09-01 18:45:42.346 16984 17089 I CronetEngine:  hostResolverProvider:
09-01 18:45:42.346 16984 17089 I CronetEngine:  hostResolveIps: []
09-01 18:45:42.346 16984 17089 I CronetEngine:
09-01 18:45:42.352 16984 17438 I BLOG    : [RxCachedThreadScheduler-10] HTTP request: [2022-09-01T10:45:42.208Z] GET https://app.uat.missevan.com/drama/recommend-modules?catalog_id=89 200 128ms 0
09-01 18:45:42.377 16984 17089 I CronetEngine: [thread_background]
09-01 18:45:42.377 16984 17089 I CronetEngine: url: https://app.uat.missevan.com/site/tab-icons?tab_id=101
09-01 18:45:42.377 16984 17089 I CronetEngine:  ip: 10.21.250.10
09-01 18:45:42.377 16984 17089 I CronetEngine:  hostResolverProvider:
09-01 18:45:42.377 16984 17089 I CronetEngine:  hostResolveIps: []
09-01 18:45:42.377 16984 17089 I CronetEngine:
09-01 18:45:42.381 17262 17262 I MissEvanApplication: [main] current process: cn.missevan:stats
09-01 18:45:42.381 16984 17447 I BLOG    : [RxCachedThreadScheduler-13] HTTP request: [2022-09-01T10:45:42.208Z] GET https://app.uat.missevan.com/site/tab-icons?tab_id=101 200 166ms 0
09-01 18:45:42.397 17262 17262 D BLOG-EVENT-Network: network changed: 3=>1
09-01 18:45:42.401 16984 17089 I CronetEngine: [thread_background]
09-01 18:45:42.401 16984 17089 I CronetEngine: url: https://app.uat.missevan.com/site/tab-icons?tab_id=102
09-01 18:45:42.401 16984 17089 I CronetEngine:  ip: 10.21.250.10
09-01 18:45:42.401 16984 17089 I CronetEngine:  hostResolverProvider:
09-01 18:45:42.401 16984 17089 I CronetEngine:  hostResolveIps: []
09-01 18:45:42.401 16984 17089 I CronetEngine:
09-01 18:45:42.403 16984 17089 I CronetEngine: [thread_background]
09-01 18:45:42.403 16984 17089 I CronetEngine: url: https://app.uat.missevan.com/catalog/recommend-modules?catalog_id=108
09-01 18:45:42.403 16984 17089 I CronetEngine:  ip: 10.21.250.10
09-01 18:45:42.403 16984 17089 I CronetEngine:  hostResolverProvider:
09-01 18:45:42.403 16984 17089 I CronetEngine:  hostResolveIps: []
09-01 18:45:42.403 16984 17089 I CronetEngine:
09-01 18:45:42.406 16984 17460 I BLOG    : [RxCachedThreadScheduler-16] HTTP request: [2022-09-01T10:45:42.218Z] GET https://app.uat.missevan.com/site/tab-icons?tab_id=102 200 179ms 0
09-01 18:45:42.406 17262 17262 W LaserActionExecutor: [main] actionClass map is null
09-01 18:45:42.408 16984 17462 I BLOG    : [RxCachedThreadScheduler-18] HTTP request: [2022-09-01T10:45:42.226Z] GET https://app.uat.missevan.com/catalog/recommend-modules?catalog_id=108 200 171ms 0
09-01 18:45:42.415 16984 17089 I CronetEngine: [thread_background]
09-01 18:45:42.415 16984 17089 I CronetEngine: url: https://app.uat.missevan.com/drama/tag
09-01 18:45:42.415 16984 17089 I CronetEngine:  ip: 10.21.250.10
09-01 18:45:42.415 16984 17089 I CronetEngine:  hostResolverProvider:
09-01 18:45:42.415 16984 17089 I CronetEngine:  hostResolveIps: []
09-01 18:45:42.415 16984 17089 I CronetEngine:
09-01 18:45:42.417 16984 16984 W ViewPager2Helper: [main] ReplaceSnapHelper success
09-01 18:45:42.417 16984 17081 I BLOG    : [RxCachedThreadScheduler-1] HTTP request: [2022-09-01T10:45:42.215Z] GET https://app.uat.missevan.com/drama/tag 200 195ms 0
09-01 18:45:42.418 16984 17089 I CronetEngine: [thread_background]
09-01 18:45:42.418 16984 17089 I CronetEngine: url: https://app.uat.missevan.com/catalog/get-hot-sounds?catalog_id=108&page=1&page_size=18
09-01 18:45:42.418 16984 17089 I CronetEngine:  ip: 10.21.250.10
09-01 18:45:42.418 16984 17089 I CronetEngine:  hostResolverProvider:
09-01 18:45:42.418 16984 17089 I CronetEngine:  hostResolveIps: []
09-01 18:45:42.418 16984 17089 I CronetEngine:
09-01 18:45:42.423 16984 17463 I BLOG    : [RxCachedThreadScheduler-19] HTTP request: [2022-09-01T10:45:42.226Z] GET https://app.uat.missevan.com/catalog/get-hot-sounds?catalog_id=108&page=1&page_size=18 200 186ms 0
09-01 18:45:42.424 16984 16984 I Banner  : [main] banner resume loop
09-01 18:45:42.427 16984 16984 I chatty  : uid=10602(cn.missevan) identical 10 lines
09-01 18:45:42.428 16984 16984 I Banner  : [main] banner resume loop
09-01 18:45:42.428 17262 17262 V HotfixPatchListener: [main] application maxMemory:256
09-01 18:45:42.459 17262 17262 W Tinker.Tinker: [main] tinker patch directory: /data/user/0/cn.missevan/tinker
09-01 18:45:42.462 17262 17262 I Tinker.Tinker: [main] try to install tinker, isEnable: true, version: 1.9.14.10.4
09-01 18:45:42.465 17262 17262 I Tinker.TinkerLoadResult: [main] parseTinkerResult loadCode:-2, process name:cn.missevan:stats, main process:false, systemOTA:false, fingerPrint:vivo/PD1728/PD1728:9/PKQ1.180819.001/compiler07281740:user/release-keys, oatDir:null, useInterpretMode:false
09-01 18:45:42.467 17262 17262 W Tinker.TinkerLoadResult: [main] can't find patch file, is ok, just return
09-01 18:45:42.468 17262 17262 I Tinker.DefaultLoadReporter: [main] patch loadReporter onLoadResult: patch load result, path:/data/user/0/cn.missevan/tinker, code: -2, cost: 6ms
09-01 18:45:42.470 17262 17262 W Tinker.Tinker: [main] tinker load fail!
09-01 18:45:42.475 16984 17089 I CronetEngine: [thread_background]
09-01 18:45:42.475 16984 17089 I CronetEngine: url: https://fm.uat.missevan.com/api/v2/user/rank/top
09-01 18:45:42.475 16984 17089 I CronetEngine:  ip: 10.21.250.10
09-01 18:45:42.475 16984 17089 I CronetEngine:  hostResolverProvider:
09-01 18:45:42.475 16984 17089 I CronetEngine:  hostResolveIps: []
09-01 18:45:42.475 16984 17089 I CronetEngine:
09-01 18:45:42.479 16984 17090 I BLOG    : [RxCachedThreadScheduler-3] HTTP request: [2022-09-01T10:45:41.351Z] GET https://fm.uat.missevan.com/api/v2/user/rank/top 200 1121ms 0
09-01 18:45:42.491 16984 17449 I BLOG    : [RxCachedThreadScheduler-14] HTTP request: [2022-09-01T10:45:42.210Z] GET https://app.uat.missevan.com/drama/catalog-homepage?catalog_id=89 200 272ms 0
09-01 18:45:42.496 16984 17089 I CronetEngine: [thread_background]
09-01 18:45:42.496 16984 17089 I CronetEngine: url: https://app.uat.missevan.com/drama/catalog-homepage?catalog_id=89
09-01 18:45:42.496 16984 17089 I CronetEngine:  ip: 10.21.250.10
09-01 18:45:42.496 16984 17089 I CronetEngine:  hostResolverProvider:
09-01 18:45:42.496 16984 17089 I CronetEngine:  hostResolveIps: []
09-01 18:45:42.496 16984 17089 I CronetEngine:
09-01 18:45:42.509 17262 17262 D Tinker.TinkerLoader: [main] [PendingLog @ 2022-09-01 18:45:41.192] tryLoad test test
09-01 18:45:42.514 17262 17262 W Tinker.TinkerLoader: [main] [PendingLog @ 2022-09-01 18:45:41.197] tryLoadPatchFiles:patch dir not exist:/data/user/0/cn.missevan/tinker
09-01 18:45:42.519 17262 17262 D Tinker.DefaultAppLike: [main] [PendingLog @ 2022-09-01 18:45:41.259] onBaseContextAttached:
09-01 18:45:42.524 17262 17262 D Tinker.DefaultAppLike: [main] [PendingLog @ 2022-09-01 18:45:41.352] onCreate
09-01 18:45:42.537 16984 16984 W ViewPager2Helper: [main] ReplaceSnapHelper success
09-01 18:45:42.537 16984 17089 I CronetEngine: [thread_background]
09-01 18:45:42.537 16984 17089 I CronetEngine: url: https://app.uat.missevan.com/site/catalog-root
09-01 18:45:42.537 16984 17089 I CronetEngine:  ip: 10.21.250.10
09-01 18:45:42.537 16984 17089 I CronetEngine:  hostResolverProvider:
09-01 18:45:42.537 16984 17089 I CronetEngine:  hostResolveIps: []
09-01 18:45:42.537 16984 17089 I CronetEngine:
09-01 18:45:42.540 16984 17087 I BLOG    : [RxCachedThreadScheduler-2] HTTP request: [2022-09-01T10:45:41.388Z] GET https://app.uat.missevan.com/site/catalog-root 200 1139ms 0
09-01 18:45:42.542 16984 16984 I Banner  : [main] banner resume loop
09-01 18:45:42.545 16984 16984 I Banner  : [main] banner resume loop
09-01 18:45:42.549 16984 17089 I CronetEngine: [thread_background]
09-01 18:45:42.549 16984 17089 I CronetEngine: url: https://fm.uat.missevan.com/api/v2/chatroom/open/list?p=1&type=0
09-01 18:45:42.549 16984 17089 I CronetEngine:  ip: 10.21.250.10
09-01 18:45:42.549 16984 17089 I CronetEngine:  hostResolverProvider:
09-01 18:45:42.549 16984 17089 I CronetEngine:  hostResolveIps: []
09-01 18:45:42.549 16984 17089 I CronetEngine:
09-01 18:45:42.551 16984 17089 I CronetEngine: [thread_background]
09-01 18:45:42.551 16984 17089 I CronetEngine: url: https://app.uat.missevan.com/site/editor-choice
09-01 18:45:42.551 16984 17089 I CronetEngine:  ip: 182.40.18.118
09-01 18:45:42.551 16984 17089 I CronetEngine:  hostResolverProvider:
09-01 18:45:42.551 16984 17089 I CronetEngine:  hostResolveIps: []
09-01 18:45:42.551 16984 17089 I CronetEngine:
09-01 18:45:42.553 16984 17172 I BLOG    : [RxCachedThreadScheduler-6] HTTP request: [2022-09-01T10:45:41.387Z] GET https://app.uat.missevan.com/site/editor-choice 200 1145ms 0
09-01 18:45:42.556 16984 17109 I BLOG    : [RxCachedThreadScheduler-4] HTTP request: [2022-09-01T10:45:41.348Z] GET https://fm.uat.missevan.com/api/v2/chatroom/open/list?p=1&type=0 200 1181ms 0
09-01 18:45:42.559 17262 17469 I neuron.producer: [thread_report] Producer init with sn=19.
09-01 18:45:42.579 17262 17469 I neuron.statistics: [thread_report] Statistics init mobile stats ts=0, bytes=0.
09-01 18:45:42.582 17262 17469 I neuron.traffic: [thread_report] Traffic policy initial interval=3000, batchSize=120
09-01 18:45:42.589 16984 17420 I BLOG    : [RxCachedThreadScheduler-8] HTTP request: [2022-09-01T10:45:41.387Z] GET https://app.uat.missevan.com/site/editor-catalog 200 1190ms 0
09-01 18:45:42.592 16984 17089 I CronetEngine: [thread_background]
09-01 18:45:42.592 16984 17089 I CronetEngine: url: https://app.uat.missevan.com/site/editor-catalog
09-01 18:45:42.592 16984 17089 I CronetEngine:  ip: 115.236.155.248
09-01 18:45:42.592 16984 17089 I CronetEngine:  hostResolverProvider: ali
09-01 18:45:42.592 16984 17089 I CronetEngine:  hostResolveIps: ["115.236.155.248","182.40.18.118","115.236.155.242","115.236.155.240","182.40.18.117","115.236.155.243","117.27.226.221","115.236.155.244","115.236.155.241","117.27.226.218","182.40.18.112","115.236.155.238","115.236.155.239","117.27.226.224","182.40.18.114","182.40.18.116"]
09-01 18:45:42.592 16984 17089 I CronetEngine:
09-01 18:45:42.625 17262 17469 W .missevan:stat: Accessing hidden field Ljava/nio/Buffer;->address:J (light greylist, reflection)
09-01 18:45:42.652 16984 16984 W StaticLayout: maxLineHeight should not be -1.  maxLines:2 lineCount:2
09-01 18:45:42.732 16984 16984 W StaticLayout: maxLineHeight should not be -1.  maxLines:2 lineCount:2
09-01 18:45:42.820 16984 17176 I OpenGLRenderer: Davey! duration=1172ms; Flags=0, IntendedVsync=209876622311914, Vsync=209877222311890, OldestInputEvent=9223372036854775807, NewestInputEvent=0, HandleInputStart=209877233364677, AnimationStart=209877233448062, PerformTraversalsStart=209877233862281, DrawStart=209877729337854, SyncQueued=209877768192177, SyncStart=209877768439468, IssueDrawCommandsStart=209877769118322, SwapBuffers=209877792466968, FrameCompleted=209877794570093, DequeueBufferDuration=269000, QueueBufferDuration=728000,
09-01 18:45:42.832   717   717 I SurfaceFlinger: FPS: 11
09-01 18:45:42.859 16984 17089 I CronetEngine: [thread_background]
09-01 18:45:42.859 16984 17089 I CronetEngine: url: https://app.uat.missevan.com/catalog/sound-homepage?catalog_id=108
09-01 18:45:42.859 16984 17089 I CronetEngine:  ip: 10.21.250.10
09-01 18:45:42.859 16984 17089 I CronetEngine:  hostResolverProvider:
09-01 18:45:42.859 16984 17089 I CronetEngine:  hostResolveIps: []
09-01 18:45:42.859 16984 17089 I CronetEngine:
09-01 18:45:42.863 16984 17461 I BLOG    : [RxCachedThreadScheduler-17] HTTP request: [2022-09-01T10:45:42.222Z] GET https://app.uat.missevan.com/catalog/sound-homepage?catalog_id=108 200 630ms 0
09-01 18:45:42.866 16984 16984 I PlayerServiceConnection: [main] Player connected by service connection.
09-01 18:45:42.869 17180 17445 I PlayerService: [Binder:17180_4] IPlayerService.Stub, registerEventListener callback, listener: cn.missevan.play.aidl.IPlayerServiceEventListener$Stub$Proxy@841a1db
09-01 18:45:42.882 16984 16984 I NowPlayingFragmentVM: [main] Playing media changed: 0,
09-01 18:45:42.886 16984 16984 D PlayUtils: [main] reset playback position.
09-01 18:45:42.888 16984 16984 I NowPlayingFragmentVM: [main] PlayingViewModel playbackState onChanged  STATE_NONE, playbackSpeed = 1.0
09-01 18:45:42.889 16984 16984 W PlayUtils: [main] MediaBrowser connected. checkPosition = true
09-01 18:45:42.890 16984 16984 I NowPlayingFragmentVM: [main] MediaBrowser connected.
09-01 18:45:42.942 16984 17089 I CronetEngine: [thread_background]
09-01 18:45:42.942 16984 17089 I CronetEngine: url: http://static-test.maoercdn.com/coversmini/201706/30/b3c1c06470a29bb9d57bc68242807db9164248.jpg?x-oss-process=image/resize,w_306/format,webp
09-01 18:45:42.942 16984 17089 I CronetEngine:  ip: 115.236.155.248
09-01 18:45:42.942 16984 17089 I CronetEngine:  hostResolverProvider: ali
09-01 18:45:42.942 16984 17089 I CronetEngine:  hostResolveIps: ["115.236.155.248","182.40.18.118","115.236.155.242","115.236.155.240","182.40.18.117","115.236.155.243","117.27.226.221","115.236.155.244","115.236.155.241","117.27.226.218","182.40.18.112","115.236.155.238","115.236.155.239","117.27.226.224","182.40.18.114","182.40.18.116"]
09-01 18:45:42.942 16984 17089 I CronetEngine:
09-01 18:45:42.949 16984 16984 I Banner  : [main] banner pause loop
09-01 18:45:42.950 16984 16984 I Banner  : [main] banner pause loop
09-01 18:45:42.960 16984 16984 I Choreographer: Skipped 41 frames!  The application may be doing too much work on its main thread.
09-01 18:45:42.963 16984 17089 I CronetEngine: [thread_background]
09-01 18:45:42.963 16984 17089 I CronetEngine: url: http://static-test.maoercdn.com/coversmini/201604/28/8ed7c867d90ef020b085cde9ecb4a630204427.jpg?x-oss-process=image/resize,w_306/format,webp
09-01 18:45:42.963 16984 17089 I CronetEngine:  ip: 182.40.18.118
09-01 18:45:42.963 16984 17089 I CronetEngine:  hostResolverProvider:
09-01 18:45:42.963 16984 17089 I CronetEngine:  hostResolveIps: []
09-01 18:45:42.963 16984 17089 I CronetEngine:
09-01 18:45:42.974 16984 16995 I cn.missevan: Background concurrent copying GC freed 123572(8MB) AllocSpace objects, 81(14MB) LOS objects, 50% free, 21MB/42MB, paused 183us total 115.706ms
09-01 18:45:42.977 16984 17089 I CronetEngine: [thread_background]
09-01 18:45:42.977 16984 17089 I CronetEngine: url: http://static-test.maoercdn.com/coversmini/201703/16/32b18335e72c7dc9e0026402b84182fa214753.jpg?x-oss-process=image/resize,w_306/format,webp
09-01 18:45:42.977 16984 17089 I CronetEngine:  ip: 115.236.155.248
09-01 18:45:42.977 16984 17089 I CronetEngine:  hostResolverProvider:
09-01 18:45:42.977 16984 17089 I CronetEngine:  hostResolveIps: []
09-01 18:45:42.977 16984 17089 I CronetEngine:
09-01 18:45:43.250 16984 17176 I OpenGLRenderer: Davey! duration=986ms; Flags=0, IntendedVsync=209877238283837, Vsync=209877921617143, OldestInputEvent=9223372036854775807, NewestInputEvent=0, HandleInputStart=209877934839781, AnimationStart=209877936066343, PerformTraversalsStart=209877936772645, DrawStart=209878203487697, SyncQueued=209878212289885, SyncStart=209878212569728, IssueDrawCommandsStart=209878213313999, SwapBuffers=209878223151395, FrameCompleted=209878224735145, DequeueBufferDuration=493000, QueueBufferDuration=1010000,
09-01 18:45:43.252 16984 17478 D webpbug : [io-pool-1-thread-0] Thread[io-pool-1-thread-0,5,main]
09-01 18:45:43.316 16984 16984 W Glide   : Load failed for http://static-test.maoercdn.com/coversmini/201706/30/b3c1c06470a29bb9d57bc68242807db9164248.jpg with size [306x306]
09-01 18:45:43.316 16984 16984 W Glide   : class com.bumptech.glide.load.a.q: Failed to load resource
09-01 18:45:43.316 16984 16984 W Glide   : There was 1 root cause:
09-01 18:45:43.316 16984 16984 W Glide   : com.bumptech.glide.load.e(Not Found, status code: 404)
09-01 18:45:43.316 16984 16984 W Glide   :  call GlideException#logRootCauses(String) for more detail
09-01 18:45:43.316 16984 16984 W Glide   :   Cause (1 of 1): class com.bumptech.glide.load.a.q: Fetching data failed, class java.io.InputStream, REMOTE
09-01 18:45:43.316 16984 16984 W Glide   : There was 1 root cause:
09-01 18:45:43.316 16984 16984 W Glide   : com.bumptech.glide.load.e(Not Found, status code: 404)
09-01 18:45:43.316 16984 16984 W Glide   :  call GlideException#logRootCauses(String) for more detail
09-01 18:45:43.316 16984 16984 W Glide   :     Cause (1 of 1): class com.bumptech.glide.load.e: Not Found, status code: 404
09-01 18:45:43.316 16984 16984 I Glide   : Root cause (1 of 1)
09-01 18:45:43.316 16984 16984 I Glide   : com.bumptech.glide.load.e: Not Found, status code: 404
09-01 18:45:43.316 16984 16984 I Glide   : 	at com.bumptech.glide.integration.okhttp3.b.onResponse(SourceFile:71)
09-01 18:45:43.316 16984 16984 I Glide   : 	at okhttp3.ac$a.execute(SourceFile:221)
09-01 18:45:43.316 16984 16984 I Glide   : 	at okhttp3.internal.b.run(SourceFile:32)
09-01 18:45:43.316 16984 16984 I Glide   : 	at java.util.concurrent.ThreadPoolExecutor.runWorker(ThreadPoolExecutor.java:1167)
09-01 18:45:43.316 16984 16984 I Glide   : 	at java.util.concurrent.ThreadPoolExecutor$Worker.run(ThreadPoolExecutor.java:641)
09-01 18:45:43.316 16984 16984 I Glide   : 	at java.lang.Thread.run(Thread.java:764)
09-01 18:45:43.318 16984 16984 W Glide   : Load failed for http://static-test.maoercdn.com/coversmini/201604/28/8ed7c867d90ef020b085cde9ecb4a630204427.jpg with size [306x306]
09-01 18:45:43.318 16984 16984 W Glide   : class com.bumptech.glide.load.a.q: Failed to load resource
09-01 18:45:43.318 16984 16984 W Glide   : There was 1 root cause:
09-01 18:45:43.318 16984 16984 W Glide   : com.bumptech.glide.load.e(Not Found, status code: 404)
09-01 18:45:43.318 16984 16984 W Glide   :  call GlideException#logRootCauses(String) for more detail
09-01 18:45:43.318 16984 16984 W Glide   :   Cause (1 of 1): class com.bumptech.glide.load.a.q: Fetching data failed, class java.io.InputStream, REMOTE
09-01 18:45:43.318 16984 16984 W Glide   : There was 1 root cause:
09-01 18:45:43.318 16984 16984 W Glide   : com.bumptech.glide.load.e(Not Found, status code: 404)
09-01 18:45:43.318 16984 16984 W Glide   :  call GlideException#logRootCauses(String) for more detail
09-01 18:45:43.318 16984 16984 W Glide   :     Cause (1 of 1): class com.bumptech.glide.load.e: Not Found, status code: 404
09-01 18:45:43.318 16984 16984 I Glide   : Root cause (1 of 1)
09-01 18:45:43.318 16984 16984 I Glide   : com.bumptech.glide.load.e: Not Found, status code: 404
09-01 18:45:43.318 16984 16984 I Glide   : 	at com.bumptech.glide.integration.okhttp3.b.onResponse(SourceFile:71)
09-01 18:45:43.318 16984 16984 I Glide   : 	at okhttp3.ac$a.execute(SourceFile:221)
09-01 18:45:43.318 16984 16984 I Glide   : 	at okhttp3.internal.b.run(SourceFile:32)
09-01 18:45:43.318 16984 16984 I Glide   : 	at java.util.concurrent.ThreadPoolExecutor.runWorker(ThreadPoolExecutor.java:1167)
09-01 18:45:43.318 16984 16984 I Glide   : 	at java.util.concurrent.ThreadPoolExecutor$Worker.run(ThreadPoolExecutor.java:641)
09-01 18:45:43.318 16984 16984 I Glide   : 	at java.lang.Thread.run(Thread.java:764)
09-01 18:45:43.320 16984 16984 W Glide   : Load failed for http://static-test.maoercdn.com/coversmini/201703/16/32b18335e72c7dc9e0026402b84182fa214753.jpg with size [306x306]
09-01 18:45:43.320 16984 16984 W Glide   : class com.bumptech.glide.load.a.q: Failed to load resource
09-01 18:45:43.320 16984 16984 W Glide   : There was 1 root cause:
09-01 18:45:43.320 16984 16984 W Glide   : com.bumptech.glide.load.e(Not Found, status code: 404)
09-01 18:45:43.320 16984 16984 W Glide   :  call GlideException#logRootCauses(String) for more detail
09-01 18:45:43.320 16984 16984 W Glide   :   Cause (1 of 1): class com.bumptech.glide.load.a.q: Fetching data failed, class java.io.InputStream, REMOTE
09-01 18:45:43.320 16984 16984 W Glide   : There was 1 root cause:
09-01 18:45:43.320 16984 16984 W Glide   : com.bumptech.glide.load.e(Not Found, status code: 404)
09-01 18:45:43.320 16984 16984 W Glide   :  call GlideException#logRootCauses(String) for more detail
09-01 18:45:43.320 16984 16984 W Glide   :     Cause (1 of 1): class com.bumptech.glide.load.e: Not Found, status code: 404
09-01 18:45:43.320 16984 16984 I Glide   : Root cause (1 of 1)
09-01 18:45:43.320 16984 16984 I Glide   : com.bumptech.glide.load.e: Not Found, status code: 404
09-01 18:45:43.320 16984 16984 I Glide   : 	at com.bumptech.glide.integration.okhttp3.b.onResponse(SourceFile:71)
09-01 18:45:43.320 16984 16984 I Glide   : 	at okhttp3.ac$a.execute(SourceFile:221)
09-01 18:45:43.320 16984 16984 I Glide   : 	at okhttp3.internal.b.run(SourceFile:32)
09-01 18:45:43.320 16984 16984 I Glide   : 	at java.util.concurrent.ThreadPoolExecutor.runWorker(ThreadPoolExecutor.java:1167)
09-01 18:45:43.320 16984 16984 I Glide   : 	at java.util.concurrent.ThreadPoolExecutor$Worker.run(ThreadPoolExecutor.java:641)
09-01 18:45:43.320 16984 16984 I Glide   : 	at java.lang.Thread.run(Thread.java:764)
09-01 18:45:43.332 16984 16984 E BLOG    : [main] 移除成功
09-01 18:45:43.834   717   717 I SurfaceFlinger: FPS: 15
09-01 18:45:44.112 16984 17089 I CronetEngine: [thread_background]
09-01 18:45:44.112 16984 17089 I CronetEngine: url: https://app.uat.missevan.com/discovery/list
09-01 18:45:44.112 16984 17089 I CronetEngine:  ip: 10.21.250.10
09-01 18:45:44.112 16984 17089 I CronetEngine:  hostResolverProvider:
09-01 18:45:44.112 16984 17089 I CronetEngine:  hostResolveIps: []
09-01 18:45:44.112 16984 17089 I CronetEngine:
09-01 18:45:44.130 16984 17459 I BLOG    : [RxCachedThreadScheduler-15] HTTP request: [2022-09-01T10:45:42.868Z] GET https://app.uat.missevan.com/discovery/list 200 1234ms 0
09-01 18:45:44.491 16984 17064 D NAccs.InAppConn_default:  startChannelService
09-01 18:45:44.495 16984 17064 D NAccs.Config:  getAgooAppKey appkey:umeng:546d7dd7fd98c58fc800082c
09-01 18:45:44.499 16984 17064 I NAccs.a :  dispatchIntent bind service start intent:Intent { act=com.taobao.accs.intent.action.START_SERVICE cmp=cn.missevan/com.taobao.accs.ChannelService (has extras) }
09-01 18:45:44.297  1724  2178 I chatty  : uid=1000(system) AutobacklightTh identical 12 lines
09-01 18:45:44.510 16984 17064 D NAccs.AdapterGlobalClientInfo:  getAgooCustomServiceName serviceName:com.umeng.message.component.UmengIntentService
09-01 18:45:44.511 16984 17064 I NAccs.a :  dispatchIntent bind service start intent:Intent { act=org.agoo.android.intent.action.REPORT pkg=cn.missevan cmp=cn.missevan/com.umeng.message.component.UmengIntentService }
09-01 18:45:44.547  1724  1855 I ActivityManager: Start proc 17481:cn.missevan:channel/u0a602 for service cn.missevan/com.taobao.accs.ChannelService
09-01 18:45:44.556 17481 17481 I issevan:channe: Late-enabling -Xcheck:jni
09-01 18:45:44.724 17481 17481 I issevan:channe: The ClassLoaderContext is a special shared library.
09-01 18:45:44.803  1724  1853 V WindowOrientationListener: in onTouchEndLocked. proposedRotation=0, oldProposedRotation=0
09-01 18:45:44.808 16984 16984 E cn.missevan: No package ID ff found for ID 0xffffffff.
09-01 18:45:44.981 16984 16984 I Banner  : [main] banner pause loop
09-01 18:45:44.982 16984 16984 I Banner  : [main] banner pause loop
09-01 18:45:45.003 16984 16984 W RecyclerView: No adapter attached; skipping layout
09-01 18:45:45.013   717   717 I SurfaceFlinger: FPS: 25
09-01 18:45:45.104 16984 17089 I CronetEngine: [thread_background]
09-01 18:45:45.104 16984 17089 I CronetEngine: url: https://app.uat.missevan.com/site/get-top?persona_id=3
09-01 18:45:45.104 16984 17089 I CronetEngine:  ip: 10.21.250.10
09-01 18:45:45.104 16984 17089 I CronetEngine:  hostResolverProvider:
09-01 18:45:45.104 16984 17089 I CronetEngine:  hostResolveIps: []
09-01 18:45:45.104 16984 17089 I CronetEngine:
09-01 18:45:45.107 16984 17102 I BLOG    : [RxCachedThreadScheduler-5] HTTP request: [2022-09-01T10:45:41.818Z] GET https://app.uat.missevan.com/site/get-top?persona_id=3 200 3281ms 0
09-01 18:45:45.402 16984 17089 I CronetEngine: [thread_background]
09-01 18:45:45.402 16984 17089 I CronetEngine: url: https://app.uat.missevan.com/site/new-power-sound?page=1&page_size=1000
09-01 18:45:45.402 16984 17089 I CronetEngine:  ip: 10.21.250.10
09-01 18:45:45.402 16984 17089 I CronetEngine:  hostResolverProvider:
09-01 18:45:45.402 16984 17089 I CronetEngine:  hostResolveIps: []
09-01 18:45:45.402 16984 17089 I CronetEngine:
09-01 18:45:45.404 16984 17438 I BLOG    : [RxCachedThreadScheduler-10] HTTP request: [2022-09-01T10:45:45.289Z] GET https://app.uat.missevan.com/site/new-power-sound?page=1&page_size=1000 200 103ms 0
09-01 18:45:45.409 16984 17064 D NAccs.Config:  getAgooAppKey appkey:umeng:546d7dd7fd98c58fc800082c
09-01 18:45:45.409 16984 17064 D NAccs.NotifManager:  report,utdid=YxBs9IHhiKQDAFfj0NajmZNB,regId=15880600190911619307421,type=VIVO_TOKEN
09-01 18:45:45.410 16984 17064 D NAccs.Config:  getAgooAppKey appkey:umeng:546d7dd7fd98c58fc800082c
09-01 18:45:45.410 16984 17064 D NAccs.ACCSManager:  getAccsInstance key:default|0
09-01 18:45:45.410 16984 17064 D NAccs.InAppConn_default:  start
09-01 18:45:45.410 16984 17064 E NAccs.ACCSMgrImpl_default:  sendMessage dataId:1662029145410.4
09-01 18:45:45.417 16984 17064 D NAccs.InAppConn_default:  sendMessage ready dataId:1662029145410.4 type:DATA delay:0
09-01 18:45:45.417 16984 17141 E NAccs.InAppConn_default:  sendMessage start dataId:1662029145410.4 type:DATA
09-01 18:45:45.418 16984 17141 D awcn.SessionCenter: |[seq:umeng:546d7dd7fd98c58fc800082c] getInternal u:https://umengacs.m.taobao.com sessionType:LongLink timeout:10000
09-01 18:45:45.418 16984 17141 D awcn.StrategyCenter:  getSchemeByHost host:umengacs.m.taobao.com scheme:https
09-01 18:45:45.418 16984 17141 D awcn.SessionCenter: |[seq:umeng:546d7dd7fd98c58fc800082c] get internal hit cache session session:Session@[umeng:546d7dd7fd98c58fc800082c.AWCN1_1|http2_0rtt_acs]
09-01 18:45:45.418 16984 17141 D NAccs.Msg_default:  Build Message dataId:1662029145410.4
09-01 18:45:45.419 16984 17141 D NAccs.Msg_default:  	version:2 compress:0
09-01 18:45:45.419 16984 17141 D NAccs.Msg_default:  	flag: 0x40
09-01 18:45:45.419 16984 17141 D NAccs.Msg_default:  	totalLength:264
09-01 18:45:45.419 16984 17141 D NAccs.Msg_default:  	dataLength:262
09-01 18:45:45.419 16984 17141 D NAccs.Msg_default:  	flags:ffff8800
09-01 18:45:45.419 16984 17141 D NAccs.Msg_default:  	targetLength:18
09-01 18:45:45.419 16984 17141 D NAccs.Msg_default:  	target:2|agooTokenReport|
09-01 18:45:45.419 16984 17141 D NAccs.Msg_default:  	sourceLength:53
09-01 18:45:45.419 16984 17141 D NAccs.Msg_default:  	source:YxBs9IHhiKQDAFfj0NajmZNB|cn.missevan|agooTokenReport|
09-01 18:45:45.419 16984 17141 D NAccs.Msg_default:  	dataIdLength:15
09-01 18:45:45.419 16984 17141 D NAccs.Msg_default:  	dataId:1662029145410.4
09-01 18:45:45.419 16984 17141 D NAccs.Msg_default:  	extHeader len:0
09-01 18:45:45.419 16984 17141 D NAccs.Msg_default:  	oriData:{"thirdTokenType":"VIVO_TOKEN","utdid":"YxBs9IHhiKQDAFfj0NajmZNB","appkey":"umeng:546d7dd7fd98c58fc800082c","vendorSdkVersion":"1.1.5","token":"15880600190911619307421"}
09-01 18:45:45.419 16984 17141 D NAccs.InAppConn_default:  sendMessage dataId:1662029145410.4 command:100 host:https://umengacs.m.taobao.com len:268 utdid:YxBs9IHhiKQDAFfj0NajmZNB
09-01 18:45:45.419 16984 17141 E awcn.TnetSpdySession: |[seq:umeng:546d7dd7fd98c58fc800082c.AWCN1_1] sendCustomFrame dataId:4 type:200
09-01 18:45:45.420 16984 17141 E NAccs.InAppConn_default:  sendMessage end dataId:1662029145410.4 status:true
09-01 18:45:45.420 16984 17064 I NAccs.NotifManager:  reportThirdPushToken,dataId=1662029145410.4,regId=15880600190911619307421,type=VIVO_TOKEN
09-01 18:45:45.455 16984 17071 E awcn.TnetSpdySession: |[seq:umeng:546d7dd7fd98c58fc800082c.AWCN1_1] [spdyCustomControlFrameRecvCallback] len:99 frameCb:com.taobao.accs.net.k@62c702
09-01 18:45:45.455 16984 17071 E awcn.TnetSpdySession: |[seq:umeng:546d7dd7fd98c58fc800082c.AWCN1_1] str:20 40 0 5f 0 5d a0 0 35 59 78 42 73 39 49 48 68 69 4b 51 44 41 46 66 6a 30 4e 61 6a 6d 5a 4e 42 7c 63 6e 2e 6d 69 73 73 65 76 61 6e 7c 61 67 6f 6f 54 6f 6b 65 6e 52 65 70 6f 72 74 7c 12 32 7c 61 67 6f 6f 54 6f 6b 65 6e 52 65 70 6f 72 74 7c f 31 36 36 32 30 32 39 31 34 35 34 31 30 2e 34 0 0
09-01 18:45:45.455 16984 17071 E NAccs.InAppConn_default:  onDataReceive type:200 dataid:-1
09-01 18:45:45.456 16984 17064 I NAccs.MsgRecv_default:  onMessage host:https://umengacs.m.taobao.com
09-01 18:45:45.456 16984 17064 D NAccs.MsgRecv_default:  version:2
09-01 18:45:45.456 16984 17064 D NAccs.MsgRecv_default:  compress:0
09-01 18:45:45.456 16984 17064 D NAccs.MsgRecv_default:  totalLen:95
09-01 18:45:45.456 16984 17064 D NAccs.MsgRecv_default:  buf len:93
09-01 18:45:45.456 16984 17064 D NAccs.MsgRecv_default:  flag:a000
09-01 18:45:45.456 16984 17064 D NAccs.MsgRecv_default:  target:YxBs9IHhiKQDAFfj0NajmZNB|cn.missevan|agooTokenReport|
09-01 18:45:45.456 16984 17064 D NAccs.MsgRecv_default:  source:2|agooTokenReport|
09-01 18:45:45.456 16984 17064 D NAccs.MsgRecv_default:  dataId:1662029145410.4
09-01 18:45:45.456 16984 17064 D NAccs.MsgRecv_default:  extHeaderLen:0
09-01 18:45:45.456 16984 17064 D NAccs.MsgRecv_default:  oriData:[B@82f6850
09-01 18:45:45.457 16984 17064 E NAccs.MsgRecv_default:  handleMessage dataId:1662029145410.4 type:DATA reqType:ACK resType:NO_ACK target:YxBs9IHhiKQDAFfj0NajmZNB|cn.missevan|agooTokenReport|
09-01 18:45:45.457 16984 17064 D NAccs.MsgRecv_default:  handleMessage reqMessage not null
09-01 18:45:45.457 16984 17064 D NAccs.MsgRecv_default:  onResult command:100 erorcode:200
09-01 18:45:45.457 16984 17064 E NAccs.MsgDistribute:  distribute ready action:com.taobao.accs.intent.action.RECEIVE dataId:1662029145410.4 serviceId:agooTokenReport
09-01 18:45:45.458 16984 17064 D NAccs.MsgDistribute:  distribute start appkey:umeng:546d7dd7fd98c58fc800082c config:default
09-01 18:45:45.458 16984 17064 D NAccs.MsgDistribute:  handleControlMsg configTag:default dataId:1662029145410.4 serviceId:agooTokenReport command:100 errorCode:200 appReceiver:
09-01 18:45:45.458 16984 17064 E NAccs.MsgDistribute:  handleBusinessMsg start dataId:1662029145410.4 serviceId:agooTokenReport command:100 t1:0 t2:0 t3:0 t4:0 t5:0 t6:0
09-01 18:45:45.458 16984 17064 E NAccs.MsgDistribute:  handleBusinessMsg start dataId:1662029145410.4 serviceId:agooTokenReport command:100
09-01 18:45:45.458 16984 17064 E NAccs.MsgDistribute:  handleBusinessMsg to start service className:org.android.agoo.accs.AgooService
09-01 18:45:45.458 16984 17064 I NAccs.a :  dispatchIntent bind service start intent:Intent { act=com.taobao.accs.intent.action.RECEIVE pkg=cn.missevan cmp=cn.missevan/org.android.agoo.accs.AgooService (has extras) }
09-01 18:45:45.608 16984 16984 D NAccs.AgooService:  into--[onCreate]
09-01 18:45:45.632 16984 16984 D NAccs.a :  bindService connected componentName:ComponentInfo{cn.missevan/org.android.agoo.accs.AgooService}
09-01 18:45:45.636 16984 16984 I NAccs.TaoBaseService:  handleMessage on receive msg msg:{ id=1209 when=-3ms what=0 target=com.taobao.accs.base.TaoBaseService$1 }
09-01 18:45:45.636 16984 16984 I NAccs.TaoBaseService:  handleMessage get intent success intent:Intent { act=com.taobao.accs.intent.action.RECEIVE pkg=cn.missevan cmp=cn.missevan/org.android.agoo.accs.AgooService (has extras) }
09-01 18:45:45.637 16984 17064 E NAccs.a :  onReceiveData dataId:1662029145410.4 serviceId:agooTokenReport command:100 className:org.android.agoo.accs.AgooService
09-01 18:45:45.637 16984 16984 E NAccs.a :  onSendData start dataId:1662029145410.4 serviceId:agooTokenReport
09-01 18:45:45.638 16984 16984 I NAccs.AgooService:  onSendData,dataId=1662029145410.4,errorCode=200,serviceId=agooTokenReport
09-01 18:45:45.638 16984 16984 E NAccs.a :  onSendData end dataId:1662029145410.4
09-01 18:45:45.939 17262 17469 W .missevan:stat: Accessing hidden method Lcom/android/org/conscrypt/OpenSSLSocketImpl;->setAlpnProtocols([B)V (light greylist, reflection)
09-01 18:45:46.107 17262 17469 W .missevan:stat: Accessing hidden method Lcom/android/org/conscrypt/OpenSSLSocketImpl;->getAlpnSelectedProtocol()[B (light greylist, reflection)
09-01 18:45:46.217 16984 17089 I CronetEngine: [thread_background]
09-01 18:45:46.217 16984 17089 I CronetEngine: url: https://data.uat.missevan.com/statistics/collect-events
09-01 18:45:46.217 16984 17089 I CronetEngine:  ip: 10.21.250.10
09-01 18:45:46.217 16984 17089 I CronetEngine:  hostResolverProvider:
09-01 18:45:46.217 16984 17089 I CronetEngine:  hostResolveIps: []
09-01 18:45:46.217 16984 17089 I CronetEngine:
09-01 18:45:46.315 17262 17469 W .missevan:stat: Accessing hidden field Lsun/misc/Unsafe;->theUnsafe:Lsun/misc/Unsafe; (light greylist, reflection)
09-01 18:45:46.321 17262 17469 D config.Worker: config,ver: null
09-01 18:45:46.329 17262 17469 D ab.Worker: ab,ver: null
09-01 18:45:46.329 17262 17469 I neuron.poster: [thread_report] Send package with events=1, bytes=408, statusCode=200, sn=[19]
09-01 18:45:46.372 16857 16968 I appium  : channel read: GET /wd/hub/session/dad7cf5d-ffde-484a-a9d6-2607e6b633f7
09-01 18:45:46.374 16857 16968 I appium  : GetSessionDetails command
09-01 18:45:46.380 16857 16968 I appium  : AppiumResponse: {"sessionId":"dad7cf5d-ffde-484a-a9d6-2607e6b633f7","value":{"lastScrollData":null}}
09-01 18:45:46.403 16857 16968 I appium  : channel read: GET /wd/hub/session/dad7cf5d-ffde-484a-a9d6-2607e6b633f7/window/current/size
09-01 18:45:46.405 16857 16968 I appium  : GetDeviceSize command
09-01 18:45:46.405 16857 16968 I appium  : Get window size of the device
09-01 18:45:46.414 16857 16968 I appium  : AppiumResponse: {"sessionId":"dad7cf5d-ffde-484a-a9d6-2607e6b633f7","value":{"height":2075,"width":1080}}
09-01 18:45:46.596 16857 16968 I appium  : channel read: GET /wd/hub/session/dad7cf5d-ffde-484a-a9d6-2607e6b633f7/source
09-01 18:45:46.600 16857 16968 I appium  : Source command
09-01 18:45:46.601 16857 16968 I appium  : Waiting up to 10000ms for the device to idle
09-01 18:45:47.074 17481 17481 I Perf    : Connecting to perf service.
09-01 18:45:47.089 17481 17481 D Tinker.TinkerLoader: tryLoad test test
09-01 18:45:47.092 17481 17481 W Tinker.TinkerLoader: tryLoadPatchFiles:patch dir not exist:/data/user/0/cn.missevan/tinker
09-01 18:45:47.142 17481 17481 D Tinker.DefaultAppLike: onBaseContextAttached:
09-01 18:45:47.146 17481 17481 I MultiDex: VM with version 2.1.0 has multidex support
09-01 18:45:47.146 17481 17481 I MultiDex: Installing application
09-01 18:45:47.146 17481 17481 I MultiDex: VM has multidex support, MultiDex support library is disabled.
09-01 18:45:47.219 17481 17481 D Tinker.DefaultAppLike: onCreate
09-01 18:45:47.265   717   717 I SurfaceFlinger: FPS: 16
09-01 18:45:47.446 17481 17481 W issevan:channe: Accessing hidden method Landroid/app/ActivityThread;->currentApplication()Landroid/app/Application; (light greylist, linking)
09-01 18:45:47.492 16857 16968 I appium  : AppiumResponse: {"sessionId":"dad7cf5d-ffde-484a-a9d6-2607e6b633f7","value":"<?xml version='1.0' encoding='UTF-8' standalone='yes' ?>\r\n<hierarchy index=\"0\" class=\"hierarchy\" rotation=\"0\" width=\"1080\" height=\"2075\">\r\n  <android.widget.FrameLayout index=\"0\" package=\"cn.missevan\" class=\"android.widg…
09-01 18:45:47.527 16857 16968 I appium  : channel read: GET /wd/hub/session/dad7cf5d-ffde-484a-a9d6-2607e6b633f7/screenshot
09-01 18:45:47.529 16857 16968 I appium  : CaptureScreenshot command
09-01 18:45:47.587 17481 17527 D SentryLog: [pool-3-thread-1] SU isn't found on this Device.
09-01 18:45:47.603 17481 17481 W pool-3-thread-1: type=1400 audit(0.0:86720): avc: denied { read } for name="version" dev="proc" ino=4026532090 scontext=u:r:untrusted_app:s0:c90,c258,c512,c768 tcontext=u:object_r:proc_version:s0 tclass=file permissive=0
09-01 18:45:47.618 17481 17481 I SentryLog: [main] Initializing SDK with DSN: 'https://8e68e4623f6348b0b9984471d41e3e2d@sentry.missevan.com/2'
09-01 18:45:47.623 17481 17481 I SentryLog: [main] GlobalHubMode: 'true'
09-01 18:45:47.650 17481 17481 D SentryLog: [main] UncaughtExceptionHandlerIntegration enabled: true
09-01 18:45:47.652 17481 17481 D SentryLog: [main] default UncaughtExceptionHandler class='xcrash.i'
09-01 18:45:47.653 17481 17481 D SentryLog: [main] UncaughtExceptionHandlerIntegration installed.
09-01 18:45:47.655 17481 17481 D SentryLog: [main] ShutdownHookIntegration installed.
09-01 18:45:47.658 17481 17481 D SentryLog: [main] SendCachedEventFireAndForgetIntegration installed.
09-01 18:45:47.659 17481 17530 D SentryLog: [pool-2-thread-1] Started processing cached files from /data/user/0/cn.missevan/cache/sentry
09-01 18:45:47.659 17481 17481 D SentryLog: [main] NdkIntegration enabled: true
09-01 18:45:47.661 17481 17481 I sentry-native: using database path "/data/data/cn.missevan/cache/sentry/.sentry-native"
09-01 18:45:47.662 17481 17481 D sentry-native: starting backend
09-01 18:45:47.663 17481 17481 D SentryLog: [main] NdkIntegration installed.
09-01 18:45:47.664 17481 17530 D SentryLog: [pool-2-thread-1] Processing dir. /data/user/0/cn.missevan/cache/sentry
09-01 18:45:47.665 17481 17481 D SentryLog: [main] Registering EnvelopeFileObserverIntegration for path: /data/user/0/cn.missevan/cache/sentry/outbox
09-01 18:45:47.668 17481 17481 D SentryLog: [main] EnvelopeFileObserverIntegration installed.
09-01 18:45:47.668 17481 17530 D SentryLog: [pool-2-thread-1] Processing 0 items from cache dir /data/user/0/cn.missevan/cache/sentry
09-01 18:45:47.670 17481 17481 D SentryLog: [main] SendCachedEventFireAndForgetIntegration installed.
09-01 18:45:47.671 17481 17481 D SentryLog: [main] AnrIntegration enabled: true
09-01 18:45:47.672 17481 17530 D SentryLog: [pool-2-thread-1] File /data/user/0/cn.missevan/cache/sentry/outbox is not a File.
09-01 18:45:47.673 17481 17481 D SentryLog: [main] ANR timeout in milliseconds: 5000
09-01 18:45:47.675 17481 17481 D SentryLog: [main] AnrIntegration installed.
09-01 18:45:47.676 17481 17530 D SentryLog: [pool-2-thread-1] Processing file: /data/user/0/cn.missevan/cache/sentry/session.json
09-01 18:45:47.677 17481 17481 D SentryLog: [main] enableSessionTracking enabled: true
09-01 18:45:47.678 17481 17481 D SentryLog: [main] enableAppLifecycleBreadcrumbs enabled: true
09-01 18:45:47.679 17481 17530 D SentryLog: [pool-2-thread-1] File '/data/user/0/cn.missevan/cache/sentry/session.json' doesn't match extension expected.
09-01 18:45:47.682 17481 17530 D SentryLog: [pool-2-thread-1] File /data/user/0/cn.missevan/cache/sentry/.sentry-native is not a File.
09-01 18:45:47.686 17481 17530 D SentryLog: [pool-2-thread-1] Finished processing cached files from /data/user/0/cn.missevan/cache/sentry
09-01 18:45:47.687 17481 17481 D SentryLog: [main] AppLifecycleIntegration installed.
09-01 18:45:47.688 17481 17481 D SentryLog: [main] ActivityLifecycleIntegration enabled: true
09-01 18:45:47.689 17481 17530 D SentryLog: [pool-2-thread-1] Started processing cached files from /data/user/0/cn.missevan/cache/sentry/outbox
09-01 18:45:47.689 17481 17481 D SentryLog: [main] ActivityLifecycleIntegration installed.
09-01 18:45:47.690 17481 17481 D SentryLog: [main] UserInteractionIntegration enabled: true
09-01 18:45:47.691 17481 17530 D SentryLog: [pool-2-thread-1] Processing dir. /data/user/0/cn.missevan/cache/sentry/outbox
09-01 18:45:47.692 17481 17481 D SentryLog: [main] UserInteractionIntegration installed.
09-01 18:45:47.693 17481 17481 D SentryLog: [main] AppComponentsBreadcrumbsIntegration enabled: true
09-01 18:45:47.694 17481 17530 D SentryLog: [pool-2-thread-1] Processing 0 items from cache dir /data/user/0/cn.missevan/cache/sentry/outbox
09-01 18:45:47.694 17481 17481 D SentryLog: [main] AppComponentsBreadcrumbsIntegration installed.
09-01 18:45:47.695 17481 17481 D SentryLog: [main] SystemEventsBreadcrumbsIntegration enabled: true
09-01 18:45:47.696 17481 17530 D SentryLog: [pool-2-thread-1] Finished processing cached files from /data/user/0/cn.missevan/cache/sentry/outbox
09-01 18:45:47.700 17481 17481 D SentryLog: [main] SystemEventsBreadcrumbsIntegration installed.
09-01 18:45:47.701 17481 17481 D SentryLog: [main] enableSystemEventsBreadcrumbs enabled: true
09-01 18:45:47.709 17481 17481 I SentryLog: [main] TYPE_AMBIENT_TEMPERATURE is not available.
09-01 18:45:47.710 17481 17481 D SentryLog: [main] enableSystemEventBreadcrumbs enabled: true
09-01 18:45:47.712 17481 17481 D SentryLog: [main] FragmentLifecycleIntegration installed.
09-01 18:45:47.738   717   717 I ConfigStore: android::hardware::configstore::V1_0::ISurfaceFlingerConfigs::hasHDRDisplay retrieved: 0
09-01 18:45:47.740   717   717 I chatty  : uid=1000(system) /system/bin/surfaceflinger identical 12 lines
09-01 18:45:47.740   717   717 I ConfigStore: android::hardware::configstore::V1_0::ISurfaceFlingerConfigs::hasHDRDisplay retrieved: 0
