09-01 18:45:38.813 17154 17154 W pool-3-thread-1: type=1400 audit(0.0:86716): avc: denied { read } for name="version" dev="proc" ino=4026532090 scontext=u:r:untrusted_app:s0:c90,c258,c512,c768 tcontext=u:object_r:proc_version:s0 tclass=file permissive=0
09-01 18:45:38.823 17154 17154 I SentryLog: [main] Initializing SDK with DSN: 'https://8e68e4623f6348b0b9984471d41e3e2d@sentry.missevan.com/2'
09-01 18:45:38.830 17154 17154 I SentryLog: [main] GlobalHubMode: 'true'
09-01 18:45:38.854 16984 16984 I SplashFragment: [main] Delay times up, mHasRunLaunchMain: true
09-01 18:45:38.861 16984 17240 D AudioTrack: stop() called with 54144 frames delivered
09-01 18:45:38.861   715 10762 V AudioFlinger: stop(1), calling pid 16984
09-01 18:45:38.861   715 10762 V AudioFlinger: not stopping/stopped => stopping/stopped (1) on thread 0xed395880
09-01 18:45:38.862 16984 17240 V PlayerBase: baseStop() piid=3167
09-01 18:45:38.862 16984 17240 W PlayerBase: baseStop state not match:4
09-01 18:45:38.863  1724  1724 D MediaRouterService: onAudioPlayerActiveStateChanged: uid=10602, active=false, delaying
09-01 18:45:38.863  2746  2746 D AudioManager: dispatching onPlaybackConfigChanged()
09-01 18:45:38.864  2746  2944 D AudioManager: dispatching onPlaybackConfigChanged()
09-01 18:45:38.864  6559  6891 D AudioManager: dispatching onPlaybackConfigChanged()
09-01 18:45:38.864  6559  6891 D Avrcp_ext: AudioManager Player: ID:23 -- type:android.media.SoundPool -- u/pid:10018/2404 -- state:idle -- attr:AudioAttributes: usage=USAGE_ASSISTANCE_SONIFICATION content=CONTENT_TYPE_SONIFICATION flags=0x0 tags= bundle=null
09-01 18:45:38.864  6559  6891 D Avrcp_ext: AudioManager Player: ID:2839 -- type:android.media.MediaPlayer -- u/pid:10315/13770 -- state:idle -- attr:AudioAttributes: usage=USAGE_MEDIA content=CONTENT_TYPE_MUSIC flags=0x0 tags= bundle=null
09-01 18:45:38.864  6559  6891 D Avrcp_ext: AudioManager Player: ID:15 -- type:android.media.SoundPool -- u/pid:1000/1724 -- state:idle -- attr:AudioAttributes: usage=USAGE_ASSISTANCE_SONIFICATION content=CONTENT_TYPE_SONIFICATION flags=0x0 tags= bundle=null
09-01 18:45:38.865  6559  6891 D Avrcp_ext: AudioManager Player: ID:31 -- type:android.media.SoundPool -- u/pid:1000/2765 -- state:idle -- attr:AudioAttributes: usage=USAGE_NOTIFICATION content=CONTENT_TYPE_SONIFICATION flags=0x0 tags= bundle=null
09-01 18:45:38.865  6559  6891 D Avrcp_ext: AudioManager Player: ID:3119 -- type:android.media.MediaPlayer -- u/pid:10018/2404 -- state:stopped -- attr:AudioAttributes: usage=USAGE_NOTIFICATION content=CONTENT_TYPE_SONIFICATION flags=0x0 tags= bundle=null
09-01 18:45:38.865  6559  6891 D Avrcp_ext: AudioManager Player: ID:3167 -- type:android.media.AudioTrack -- u/pid:10602/16984 -- state:stopped -- attr:AudioAttributes: usage=USAGE_MEDIA content=CONTENT_TYPE_MUSIC flags=0x200 tags= bundle=null
09-01 18:45:38.865  6559  6891 D Avrcp_ext: AudioManager isPlaying: false
09-01 18:45:38.865  6559  6891 D PlaybackState: setState position:-1
09-01 18:45:38.865  6559  6891 V Avrcp_ext: updateCurrentMediaState: mMediaController: null
09-01 18:45:38.865 17154 17154 D SentryLog: [main] UncaughtExceptionHandlerIntegration enabled: true
09-01 18:45:38.865  6559  6891 V Avrcp_ext: isMusicActive: true getBluetoothPlayState: 0
09-01 18:45:38.866  6559  6891 V Avrcp_ext: updateCurrentMediaState: isPlaying = false, ck_play = 241
09-01 18:45:38.866  6559  6891 V Avrcp_ext: updateCurrentMediaState: mMediaController or getPlaybackState() null
09-01 18:45:38.866  6559  6891 D PlaybackState: setState position:-1
09-01 18:45:38.866  6559  6891 D PlaybackState: getActiveQueueItemId Id:-1
09-01 18:45:38.866  6559  6891 V Avrcp_ext: Media update: id 0➡-1? [MediaAttributes: none] : [MediaAttributes: 深⋯意 -  by Y⋯眠 (1326393 0/0) ]
09-01 18:45:38.866  6559  6891 V Avrcp_ext: Check if NowPlayingList is updated
09-01 18:45:38.866  6559  6891 V Avrcp_ext: newPlayStatus:2mReportedPlayStatus:-1
09-01 18:45:38.867 17154 17154 D SentryLog: [main] default UncaughtExceptionHandler class='xcrash.i'
09-01 18:45:38.868 17154 17154 D SentryLog: [main] UncaughtExceptionHandlerIntegration installed.
09-01 18:45:38.870 17154 17154 D SentryLog: [main] ShutdownHookIntegration installed.
09-01 18:45:38.874 17154 17154 D SentryLog: [main] SendCachedEventFireAndForgetIntegration installed.
09-01 18:45:38.875 17154 17154 D SentryLog: [main] NdkIntegration enabled: true
09-01 18:45:38.876 17154 17291 D SentryLog: [pool-2-thread-1] Started processing cached files from /data/user/0/cn.missevan/cache/sentry
09-01 18:45:38.877 17154 17154 I sentry-native: using database path "/data/data/cn.missevan/cache/sentry/.sentry-native"
09-01 18:45:38.877 17154 17154 D sentry-native: starting backend
09-01 18:45:38.879 17154 17154 D SentryLog: [main] NdkIntegration installed.
09-01 18:45:38.881 17154 17154 D SentryLog: [main] Registering EnvelopeFileObserverIntegration for path: /data/user/0/cn.missevan/cache/sentry/outbox
09-01 18:45:38.884 17154 17291 D SentryLog: [pool-2-thread-1] Processing dir. /data/user/0/cn.missevan/cache/sentry
09-01 18:45:38.885 17154 17154 D SentryLog: [main] EnvelopeFileObserverIntegration installed.
09-01 18:45:38.886 17154 17154 D SentryLog: [main] SendCachedEventFireAndForgetIntegration installed.
09-01 18:45:38.887 17180 17180 D Tinker.DefaultAppLike: onCreate
09-01 18:45:38.888 17154 17154 D SentryLog: [main] AnrIntegration enabled: true
09-01 18:45:38.890 17154 17154 D SentryLog: [main] ANR timeout in milliseconds: 5000
09-01 18:45:38.890 17154 17291 D SentryLog: [pool-2-thread-1] Processing 1 items from cache dir /data/user/0/cn.missevan/cache/sentry
09-01 18:45:38.892 17154 17154 D SentryLog: [main] AnrIntegration installed.
09-01 18:45:38.893 17154 17291 D SentryLog: [pool-2-thread-1] File /data/user/0/cn.missevan/cache/sentry/outbox is not a File.
09-01 18:45:38.894 17154 17154 D SentryLog: [main] enableSessionTracking enabled: true
09-01 18:45:38.896 17154 17154 D SentryLog: [main] enableAppLifecycleBreadcrumbs enabled: true
09-01 18:45:38.896 17154 17291 D SentryLog: [pool-2-thread-1] Processing file: /data/user/0/cn.missevan/cache/sentry/2f3b22a8-58d3-421c-b647-7ac8e2f65456.envelope
09-01 18:45:38.905 17154 17154 D SentryLog: [main] AppLifecycleIntegration installed.
09-01 18:45:38.907 17154 17154 D SentryLog: [main] ActivityLifecycleIntegration enabled: true
09-01 18:45:38.908 17154 17154 D SentryLog: [main] ActivityLifecycleIntegration installed.
09-01 18:45:38.909 17154 17154 D SentryLog: [main] UserInteractionIntegration enabled: true
09-01 18:45:38.911 17154 17154 D SentryLog: [main] UserInteractionIntegration installed.
09-01 18:45:38.912 17154 17154 D SentryLog: [main] AppComponentsBreadcrumbsIntegration enabled: true
09-01 18:45:38.914 17154 17154 D SentryLog: [main] AppComponentsBreadcrumbsIntegration installed.
09-01 18:45:38.915 17154 17154 D SentryLog: [main] SystemEventsBreadcrumbsIntegration enabled: true
09-01 18:45:38.916 17154 17291 D SentryLog: [pool-2-thread-1] Captured Envelope is already cached
09-01 18:45:38.919 17154 17154 D SentryLog: [main] SystemEventsBreadcrumbsIntegration installed.
09-01 18:45:38.920 17154 17154 D SentryLog: [main] enableSystemEventsBreadcrumbs enabled: true
09-01 18:45:38.928 17154 17295 D NetworkSecurityConfig: Using Network Security Config from resource g debugBuild: true
09-01 18:45:38.930 17154 17154 I SentryLog: [main] TYPE_AMBIENT_TEMPERATURE is not available.
09-01 18:45:38.931 17154 17154 D SentryLog: [main] enableSystemEventBreadcrumbs enabled: true
09-01 18:45:38.932 17154 17295 I DpmTcmClient: RegisterTcmMonitor from: $Proxy0
09-01 18:45:38.934 17154 17154 D SentryLog: [main] FragmentLifecycleIntegration installed.
09-01 18:45:39.110 17180 17180 W missevan:playe: Accessing hidden method Landroid/app/ActivityThread;->currentApplication()Landroid/app/Application; (light greylist, linking)
09-01 18:45:39.169 17154 17154 D NAccs.AccsClientConfig:  build config:AccsClientConfig{mAppKey='umeng:546d7dd7fd98c58fc800082c', mAppSecret='64e8358a59d434e5546720db97ab5996', mInappHost='umengacs.m.taobao.com', mChannelHost='umengjmacs.m.taobao.com', mStoreId='', mSecurity=2, mAuthCode='', mInappPubKey=11, mChannelPubKey=11, mKeepalive=true, mAutoUnit=false, mTag='default', mConfigEnv=0, mDisableChannel=false, mQuickReconnect=false, mAccsHeartbeatEnable=false, mPullUpEnable=false, mForePingEnable=false, mPingTimeout=0}
09-01 18:45:39.169 17154 17154 W NAccs.AccsClientConfig:  build conver old config:AccsClientConfig{mAppKey='umeng:546d7dd7fd98c58fc800082c', mAppSecret='64e8358a59d434e5546720db97ab5996', mInappHost='umengacs.m.taobao.com', mChannelHost='umengjmacs.m.taobao.com', mStoreId='', mSecurity=2, mAuthCode='', mInappPubKey=-1, mChannelPubKey=-1, mKeepalive=true, mAutoUnit=true, mTag='default', mConfigEnv=0, mDisableChannel=false, mQuickReconnect=false, mAccsHeartbeatEnable=false, mPullUpEnable=true, mForePingEnable=false, mPingTimeout=0}
09-01 18:45:39.169 17154 17154 D NAccs.ACCSClient:  init config:AccsClientConfig{mAppKey='umeng:546d7dd7fd98c58fc800082c', mAppSecret='64e8358a59d434e5546720db97ab5996', mInappHost='umengacs.m.taobao.com', mChannelHost='umengjmacs.m.taobao.com', mStoreId='', mSecurity=2, mAuthCode='', mInappPubKey=11, mChannelPubKey=11, mKeepalive=true, mAutoUnit=false, mTag='default', mConfigEnv=0, mDisableChannel=false, mQuickReconnect=false, mAccsHeartbeatEnable=false, mPullUpEnable=false, mForePingEnable=false, mPingTimeout=0}
09-01 18:45:39.170 17154 17154 D UPush.Impl: appkey:546d7dd7fd98c58fc800082c secret:64e8358a59d434e5546720db97ab5996
09-01 18:45:39.173 17154 17317 I NAccs.TaobaoRegister:  register appKey:umeng:546d7dd7fd98c58fc800082c configTag:default
09-01 18:45:39.174 17154 17317 D NAccs.Config:  setAgooAppKey appkey:umeng:546d7dd7fd98c58fc800082c
09-01 18:45:39.175 17154 17317 D NAccs.Config:  setAgooMessageSecret secret:64e8358a59d434e5546720db97ab5996
09-01 18:45:39.177 17154 17317 D NAccs.ACCSManager:  getAccsInstance key:default|0
09-01 18:45:39.184 17154 17295 D SentryLog: [SentryAsyncConnection-0] Envelope sent successfully.
09-01 18:45:39.188 17154 17295 D SentryLog: [SentryAsyncConnection-0] Envelope flushed
09-01 18:45:39.190 17154 17295 D SentryLog: [SentryAsyncConnection-0] Marking envelope submission result: true
09-01 18:45:39.193 17154 17291 D SentryLog: [pool-2-thread-1] Deleted file /data/user/0/cn.missevan/cache/sentry/2f3b22a8-58d3-421c-b647-7ac8e2f65456.envelope.
09-01 18:45:39.194   715   913 V AudioFlinger: presentationComplete() mPresentationCompleteFrames 0 framesWritten 59520
09-01 18:45:39.194   715   913 V AudioFlinger: presentationComplete() reset: mPresentationCompleteFrames 63360 audioHalFrames 3840
09-01 18:45:39.196 17154 17291 D SentryLog: [pool-2-thread-1] Processing file: /data/user/0/cn.missevan/cache/sentry/session.json
09-01 18:45:39.199 17154 17291 D SentryLog: [pool-2-thread-1] File '/data/user/0/cn.missevan/cache/sentry/session.json' doesn't match extension expected.
09-01 18:45:39.202 17154 17291 D SentryLog: [pool-2-thread-1] File /data/user/0/cn.missevan/cache/sentry/.sentry-native is not a File.
09-01 18:45:39.204   715   913 V AudioFlinger: presentationComplete() mPresentationCompleteFrames 63360 framesWritten 59520
09-01 18:45:39.204 17154 17291 D SentryLog: [pool-2-thread-1] Finished processing cached files from /data/user/0/cn.missevan/cache/sentry
09-01 18:45:39.207 17154 17291 D SentryLog: [pool-2-thread-1] Started processing cached files from /data/user/0/cn.missevan/cache/sentry/outbox
09-01 18:45:39.209 17154 17291 D SentryLog: [pool-2-thread-1] Processing dir. /data/user/0/cn.missevan/cache/sentry/outbox
09-01 18:45:39.212 17154 17317 D NAccs.MsgRecv_default:  message file not exist
09-01 18:45:39.212 17154 17291 D SentryLog: [pool-2-thread-1] Processing 0 items from cache dir /data/user/0/cn.missevan/cache/sentry/outbox
09-01 18:45:39.214 17154 17317 D NAccs.InAppConn_default:  new connection
09-01 18:45:39.214   715   913 V AudioFlinger: presentationComplete() mPresentationCompleteFrames 63360 framesWritten 60480
09-01 18:45:39.214 17154 17291 D SentryLog: [pool-2-thread-1] Finished processing cached files from /data/user/0/cn.missevan/cache/sentry/outbox
09-01 18:45:39.221 17154 17317 I NAccs.Utils:  isMainProcess result:false
09-01 18:45:39.222 17154 17317 I NAccs.ACCSMgrImpl_default:  bindApp appKey:umeng:546d7dd7fd98c58fc800082c
09-01 18:45:39.224   715   913 V AudioFlinger: presentationComplete() mPresentationCompleteFrames 63360 framesWritten 60480
09-01 18:45:39.229 17154 17317 D NAccs.UtilityImpl:  enableService comptName:ComponentInfo{cn.missevan/com.taobao.accs.ChannelService}
09-01 18:45:39.229 17154 17322 D NAccs.FileCheckUtils:  st.getAvailableBlocks()=2670411,st.getAvailableBlocks() * blockSize=10938003456
09-01 18:45:39.230  1724  3768 W PackageManager: setEnabledSetting  packageName:cn.missevan className:com.taobao.accs.ChannelService newState:1 userId:0 callingPackage:null
09-01 18:45:39.233 17154 17154 W n:player.singl: Accessing hidden method Ldalvik/system/CloseGuard;->get()Ldalvik/system/CloseGuard; (light greylist, reflection)
09-01 18:45:39.233 17154 17154 W n:player.singl: Accessing hidden method Ldalvik/system/CloseGuard;->open(Ljava/lang/String;)V (light greylist, reflection)
09-01 18:45:39.233 17154 17154 W n:player.singl: Accessing hidden method Ldalvik/system/CloseGuard;->warnIfOpen()V (light greylist, reflection)
09-01 18:45:39.234   715   913 V AudioFlinger: presentationComplete() mPresentationCompleteFrames 63360 framesWritten 61440
09-01 18:45:39.241 16984 17049 W cn.missevan: resources.arsc in APK '/data/app/com.tencent.qqmusic-7yfU51SHyq1156g9ETanhw==/base.apk' is compressed.
09-01 18:45:39.244 17154 17317 W NAccs.ACCSMgrImpl_default:  bindApp only allow in main process
09-01 18:45:39.244   715   913 V AudioFlinger: presentationComplete() mPresentationCompleteFrames 63360 framesWritten 61440
09-01 18:45:39.246 17180 17325 D SentryLog: [pool-3-thread-1] SU isn't found on this Device.
09-01 18:45:39.254   715   913 V AudioFlinger: presentationComplete() mPresentationCompleteFrames 63360 framesWritten 62400
09-01 18:45:39.264   715   913 V AudioFlinger: presentationComplete() mPresentationCompleteFrames 63360 framesWritten 62400
09-01 18:45:39.263 17180 17180 W pool-3-thread-1: type=1400 audit(0.0:86717): avc: denied { read } for name="version" dev="proc" ino=4026532090 scontext=u:r:untrusted_app:s0:c90,c258,c512,c768 tcontext=u:object_r:proc_version:s0 tclass=file permissive=0
09-01 18:45:39.274   715   913 V AudioFlinger: presentationComplete() mPresentationCompleteFrames 63360 framesWritten 63360
09-01 18:45:39.279 17180 17180 I SentryLog: [main] Initializing SDK with DSN: 'https://8e68e4623f6348b0b9984471d41e3e2d@sentry.missevan.com/2'
09-01 18:45:39.284 17180 17180 I SentryLog: [main] GlobalHubMode: 'true'
09-01 18:45:39.285   715   913 V AudioFlinger: presentationComplete() mPresentationCompleteFrames 63360 framesWritten 63360
09-01 18:45:39.294   715   913 V AudioFlinger: presentationComplete() mPresentationCompleteFrames 63360 framesWritten 64320
09-01 18:45:39.296 16984 17240 I MediaCodec: flush
09-01 18:45:39.297 16984 16984 I ExoPlayerImpl: Release c2a947a [ExoPlayerLib/2.17.1] [PD1728, vivo X21A, vivo, 28] [goog.exo.core, goog.exo.exoplayer, goog.exo.decoder, goog.exo.datasource, goog.exo.extractor]
09-01 18:45:39.297   715 10762 V AudioFlinger: flush(1)
09-01 18:45:39.297   715 10762 V AudioFlinger: -FlushShareBuffer 1
09-01 18:45:39.297   715   913 D AudioFlinger: mReset ##### AudioMixer reset...
09-01 18:45:39.298 16984 17328 V PlayerBase: baseStop() piid=3167
09-01 18:45:39.298 16984 17328 W PlayerBase: baseStop state not match:4
09-01 18:45:39.298 16984 17328 V PlayerBase: baseRelease() piid=3167 state=4
09-01 18:45:39.298 16984 17328 W PlayerBase: baseStop state not match:0
09-01 18:45:39.299  2746  2944 D AudioManager: dispatching onPlaybackConfigChanged()
09-01 18:45:39.299 16984 17240 I MediaCodec: release
09-01 18:45:39.299  2746  2746 D AudioManager: dispatching onPlaybackConfigChanged()
09-01 18:45:39.299  6559  6891 D AudioManager: dispatching onPlaybackConfigChanged()
09-01 18:45:39.299 16984 17328 V AudioTrack: ~AudioTrack, releasing session id 6865 from 16984 on behalf of 16984
09-01 18:45:39.299  6559  6891 D Avrcp_ext: AudioManager Player: ID:23 -- type:android.media.SoundPool -- u/pid:10018/2404 -- state:idle -- attr:AudioAttributes: usage=USAGE_ASSISTANCE_SONIFICATION content=CONTENT_TYPE_SONIFICATION flags=0x0 tags= bundle=null
09-01 18:45:39.299  6559  6891 D Avrcp_ext: AudioManager Player: ID:2839 -- type:android.media.MediaPlayer -- u/pid:10315/13770 -- state:idle -- attr:AudioAttributes: usage=USAGE_MEDIA content=CONTENT_TYPE_MUSIC flags=0x0 tags= bundle=null
09-01 18:45:39.299  6559  6891 D Avrcp_ext: AudioManager Player: ID:15 -- type:android.media.SoundPool -- u/pid:1000/1724 -- state:idle -- attr:AudioAttributes: usage=USAGE_ASSISTANCE_SONIFICATION content=CONTENT_TYPE_SONIFICATION flags=0x0 tags= bundle=null
09-01 18:45:39.299  6559  6891 D Avrcp_ext: AudioManager Player: ID:31 -- type:android.media.SoundPool -- u/pid:1000/2765 -- state:idle -- attr:AudioAttributes: usage=USAGE_NOTIFICATION content=CONTENT_TYPE_SONIFICATION flags=0x0 tags= bundle=null
09-01 18:45:39.300  6559  6891 D Avrcp_ext: AudioManager Player: ID:3119 -- type:android.media.MediaPlayer -- u/pid:10018/2404 -- state:stopped -- attr:AudioAttributes: usage=USAGE_NOTIFICATION content=CONTENT_TYPE_SONIFICATION flags=0x0 tags= bundle=null
09-01 18:45:39.300  6559  6891 D Avrcp_ext: AudioManager isPlaying: false
09-01 18:45:39.300   715   908 V AudioFlinger: releasing 6865 from 16984 for 16984
09-01 18:45:39.300   715   908 V AudioFlinger:  decremented refcount to 0
09-01 18:45:39.300   715   908 V AudioFlinger: purging stale effects
09-01 18:45:39.300 16984 17255 I MediaCodec: kWhatStop or kWhatRelease
09-01 18:45:39.300 16984 17255 I ACodec  : initiateShutdown kWhatReleaseCodecInstance
09-01 18:45:39.300 16984 17049 W cn.missevan: resources.arsc in APK '/data/app/com.netease.cloudmusic-yTW54XD6sZDHzUdeEdncfA==/base.apk' is compressed.
09-01 18:45:39.305 16984 17240 I MediaCodec: ~MediaCodec
09-01 18:45:39.314   715   913 D AudioFlinger: enforc flush
09-01 18:45:39.314   715   913 V AudioFlinger: presentationComplete() mPresentationCompleteFrames 63360 framesWritten 65280
09-01 18:45:39.314   715   913 D AudioFlinger: Track reset ....
09-01 18:45:39.314   715   913 D BufferProvider: setBufferProvider(0x0): mTrackBufferProvider:0xe9da0c00  mBuffer.frameCount:0
09-01 18:45:39.314   715   913 V AudioFlinger: removeTracks_l removing track on session 6865
09-01 18:45:39.314   715   913 D AudioFlinger: updateWakeLockUids_l AudioOut_D uids:
09-01 18:45:39.314   715   913 V AudioFlinger: updateWakeLockUids_l() AudioOut_D status 0
09-01 18:45:39.318 17180 17180 D SentryLog: [main] UncaughtExceptionHandlerIntegration enabled: true
09-01 18:45:39.320 17180 17180 D SentryLog: [main] default UncaughtExceptionHandler class='xcrash.i'
09-01 18:45:39.321 17180 17180 D SentryLog: [main] UncaughtExceptionHandlerIntegration installed.
09-01 18:45:39.323 17154 17154 D PlayApplication: [main] PlayApplication onCreate.
09-01 18:45:39.323 17180 17180 D SentryLog: [main] ShutdownHookIntegration installed.
09-01 18:45:39.325   715   913 D AudioFlinger: stopOutput_POM , POM_id:16984
09-01 18:45:39.325   715   913 V AudioPolicyService: AudioCommandThread() adding stop output 13
09-01 18:45:39.325   715   913 V AudioPolicyService: inserting command: 6 at index 0, num commands 0
09-01 18:45:39.326   715   913 V AudioPolicyService: AudioCommandThread() adding release output 13
09-01 18:45:39.326   715   913 V AudioPolicyService: inserting command: 7 at index 1, num commands 1
09-01 18:45:39.326   715   913 V AudioFlinger: PlaybackThread::Track destructor
09-01 18:45:39.326   715   906 V AudioPolicyService: AudioCommandThread() processing stop output 13
09-01 18:45:39.326   715   906 D AudioPolicyManagerCustom: stopOutput_POM, output:13, stream:3, session:6865, pom_id:16984
09-01 18:45:39.326   715   906 I APM::AudioPolicyEngine: remove pom records for 16984.
09-01 18:45:39.326   715   906 I APM::AudioPolicyEngine: ###### POM Stack0:  0 0 1
09-01 18:45:39.326   715   906 V APM_AudioPolicyManager: stopOutput() output 13, stream 3, session 6865
09-01 18:45:39.326   715   913 V AudioFlinger: removeClient_l() pid 16984, calling pid 715
09-01 18:45:39.326   715   906 D AudioPolicyManagerCustom: stopOutput isCallPOMStateChange :0, refCount:1
09-01 18:45:39.326   715   906 V APM_AudioPolicyManager: getNewOutputDevice() selected device 0
09-01 18:45:39.326   715   906 V APM_AudioPolicyManager: setOutputDevice() device 0000 delayMs 160
09-01 18:45:39.326   715   906 V APM_AudioPolicyManager: setOutputDevice() prevDevice 0x0002
09-01 18:45:39.326   715   906 V APM::AudioPolicyEngine: getDeviceForStrategy() strategy 0, device 2
09-01 18:45:39.326   715   906 V APM::AudioPolicyEngine: getDeviceForStrategy() strategy 1, device 1
09-01 18:45:39.326   715   906 V APM::AudioPolicyEngine: getDeviceForStrategy() strategy 2, device 2
09-01 18:45:39.326   715   906 V APM::AudioPolicyEngine: getDeviceForStrategy() strategy 0, device 2
09-01 18:45:39.326   715   906 V APM::AudioPolicyEngine: getDeviceForStrategy() strategy 3, device 2
09-01 18:45:39.326   715   906 V APM::AudioPolicyEngine: getDeviceForStrategy() strategy 0, device 2
09-01 18:45:39.326   715   906 V APM::AudioPolicyEngine: getDeviceForStrategy() strategy 4, device 2
09-01 18:45:39.326   715   906 V APM::AudioPolicyEngine: getDeviceForStrategy() strategy 5, device 2
09-01 18:45:39.326   715   906 V APM::AudioPolicyEngine: getDeviceForStrategy() strategy 6, device 2
09-01 18:45:39.326   715   906 V APM::AudioPolicyEngine: getDeviceForStrategy() strategy 7, device 2
09-01 18:45:39.326   715   906 V APM::AudioPolicyEngine: getDeviceForStrategy() strategy 8, device 2
09-01 18:45:39.326   715   906 V APM::AudioPolicyEngine: getDeviceForStrategy() strategy 9, device 2
09-01 18:45:39.326   715   906 V APM_AudioPolicyManager: setOutputDevice() setting same device 0x0000 or null device
09-01 18:45:39.326   715   906 V APM::AudioPolicyEngine: getDeviceForStrategy() strategy 0, device 2
09-01 18:45:39.326   715   906 V APM::AudioPolicyEngine: getDeviceForStrategy() strategy 3, device 2
09-01 18:45:39.326   715   906 V AudioPolicyManagerCustom: checkOutputForStrategy(): policy related outputs
09-01 18:45:39.326   715   906 V APM::AudioPolicyEngine: getDeviceForStrategy() strategy 0, device 2
09-01 18:45:39.326   715   906 V APM::AudioPolicyEngine: getDeviceForStrategy() strategy 1, device 1
09-01 18:45:39.326   715   906 V APM::AudioPolicyEngine: getDeviceForStrategy() strategy 2, device 2
09-01 18:45:39.323   715   715 W ApmOutput: type=1400 audit(0.0:86718): avc: denied { search } for name="bbkcore" dev="dm-1" ino=2359297 scontext=u:r:audioserver:s0 tcontext=u:object_r:vivo_data_file:s0 tclass=dir permissive=0
09-01 18:45:39.326   715   906 V APM::AudioPolicyEngine: getDeviceForStrategy() strategy 0, device 2
09-01 18:45:39.326   715   906 V APM::AudioPolicyEngine: getDeviceForStrategy() strategy 3, device 2
09-01 18:45:39.326   715   906 V APM::AudioPolicyEngine: getDeviceForStrategy() strategy 0, device 2
09-01 18:45:39.326   715   906 V APM::AudioPolicyEngine: getDeviceForStrategy() strategy 4, device 2
09-01 18:45:39.326   715   906 V APM::AudioPolicyEngine: getDeviceForStrategy() strategy 5, device 2
09-01 18:45:39.326   715   906 V APM::AudioPolicyEngine: getDeviceForStrategy() strategy 6, device 2
09-01 18:45:39.326   715   906 V APM::AudioPolicyEngine: getDeviceForStrategy() strategy 7, device 2
09-01 18:45:39.326   715   906 V APM::AudioPolicyEngine: getDeviceForStrategy() strategy 8, device 2
09-01 18:45:39.326   715   906 V APM::AudioPolicyEngine: getDeviceForStrategy() strategy 9, device 2
09-01 18:45:39.326   715   906 V APM::AudioPolicyEngine: getDeviceForStrategy() strategy 0, device 2
09-01 18:45:39.326   715   906 V APM_AudioPolicyManager: selectOutputForMusicEffects selected output 13
09-01 18:45:39.326 17180 17180 D SentryLog: [main] SendCachedEventFireAndForgetIntegration installed.
09-01 18:45:39.326   715   906 D AudioPolicyIntefaceImpl: doStopOutput_POM oldPhoneState:0,currentPhoneState:0
09-01 18:45:39.327   715   906 V AudioPolicyService: AudioCommandThread() processing release output 13
09-01 18:45:39.327   715   906 V APM_AudioPolicyManager: releaseOutput() 13
09-01 18:45:39.327   715   906 V AudioPolicyService: AudioCommandThread() going to sleep
09-01 18:45:39.327   715   913 D BufferProvider: ~CopyBufferProvider(0xef19ab00) 0 0x0 0xe9baa000
09-01 18:45:39.327 17180 17330 D SentryLog: [pool-2-thread-1] Started processing cached files from /data/user/0/cn.missevan/cache/sentry
09-01 18:45:39.328 17180 17180 D SentryLog: [main] NdkIntegration enabled: true
09-01 18:45:39.331 17180 17180 I sentry-native: using database path "/data/data/cn.missevan/cache/sentry/.sentry-native"
09-01 18:45:39.332 17180 17330 D SentryLog: [pool-2-thread-1] Processing dir. /data/user/0/cn.missevan/cache/sentry
09-01 18:45:39.332 17180 17180 D sentry-native: starting backend
09-01 18:45:39.335 17180 17180 D SentryLog: [main] NdkIntegration installed.
09-01 18:45:39.336 17180 17330 D SentryLog: [pool-2-thread-1] Processing 0 items from cache dir /data/user/0/cn.missevan/cache/sentry
09-01 18:45:39.337 17180 17180 D SentryLog: [main] Registering EnvelopeFileObserverIntegration for path: /data/user/0/cn.missevan/cache/sentry/outbox
09-01 18:45:39.338 17180 17330 D SentryLog: [pool-2-thread-1] File /data/user/0/cn.missevan/cache/sentry/outbox is not a File.
09-01 18:45:39.340 17180 17180 D SentryLog: [main] EnvelopeFileObserverIntegration installed.
09-01 18:45:39.341 17180 17330 D SentryLog: [pool-2-thread-1] Processing file: /data/user/0/cn.missevan/cache/sentry/session.json
09-01 18:45:39.342 17180 17180 D SentryLog: [main] SendCachedEventFireAndForgetIntegration installed.
09-01 18:45:39.343 17180 17180 D SentryLog: [main] AnrIntegration enabled: true
09-01 18:45:39.344 17180 17330 D SentryLog: [pool-2-thread-1] File '/data/user/0/cn.missevan/cache/sentry/session.json' doesn't match extension expected.
09-01 18:45:39.345 17180 17180 D SentryLog: [main] ANR timeout in milliseconds: 5000
09-01 18:45:39.347 17180 17330 D SentryLog: [pool-2-thread-1] File /data/user/0/cn.missevan/cache/sentry/.sentry-native is not a File.
09-01 18:45:39.349 17180 17180 D SentryLog: [main] AnrIntegration installed.
09-01 18:45:39.349 17180 17330 D SentryLog: [pool-2-thread-1] Finished processing cached files from /data/user/0/cn.missevan/cache/sentry
09-01 18:45:39.351 17180 17180 D SentryLog: [main] enableSessionTracking enabled: true
09-01 18:45:39.351   717   717 I SurfaceFlinger: FPS: 11
09-01 18:45:39.352 17180 17330 D SentryLog: [pool-2-thread-1] Started processing cached files from /data/user/0/cn.missevan/cache/sentry/outbox
09-01 18:45:39.352 17180 17180 D SentryLog: [main] enableAppLifecycleBreadcrumbs enabled: true
09-01 18:45:39.354 17180 17330 D SentryLog: [pool-2-thread-1] Processing dir. /data/user/0/cn.missevan/cache/sentry/outbox
09-01 18:45:39.358 17180 17330 D SentryLog: [pool-2-thread-1] Processing 0 items from cache dir /data/user/0/cn.missevan/cache/sentry/outbox
09-01 18:45:39.360 17180 17330 D SentryLog: [pool-2-thread-1] Finished processing cached files from /data/user/0/cn.missevan/cache/sentry/outbox
09-01 18:45:39.364 17180 17180 D SentryLog: [main] AppLifecycleIntegration installed.
09-01 18:45:39.365 17180 17180 D SentryLog: [main] ActivityLifecycleIntegration enabled: true
09-01 18:45:39.367 17180 17180 D SentryLog: [main] ActivityLifecycleIntegration installed.
09-01 18:45:39.368 17180 17180 D SentryLog: [main] UserInteractionIntegration enabled: true
09-01 18:45:39.369 17180 17180 D SentryLog: [main] UserInteractionIntegration installed.
09-01 18:45:39.371 17180 17180 D SentryLog: [main] AppComponentsBreadcrumbsIntegration enabled: true
09-01 18:45:39.373 17180 17180 D SentryLog: [main] AppComponentsBreadcrumbsIntegration installed.
09-01 18:45:39.374 17180 17180 D SentryLog: [main] SystemEventsBreadcrumbsIntegration enabled: true
09-01 18:45:39.380 17180 17180 D SentryLog: [main] SystemEventsBreadcrumbsIntegration installed.
09-01 18:45:39.382 17180 17180 D SentryLog: [main] enableSystemEventsBreadcrumbs enabled: true
09-01 18:45:39.394 17180 17180 I SentryLog: [main] TYPE_AMBIENT_TEMPERATURE is not available.
09-01 18:45:39.396 17180 17180 D SentryLog: [main] enableSystemEventBreadcrumbs enabled: true
09-01 18:45:39.398 17180 17180 D SentryLog: [main] FragmentLifecycleIntegration installed.
09-01 18:45:39.420 16984 16984 I SplashFragment: [main] Start MainFragment
09-01 18:45:39.450 16984 17049 W cn.missevan: resources.arsc in APK '/data/app/com.ss.android.ugc.aweme-H_q9rnj-DK8wWjDeyvpyKQ==/base.apk' is compressed.
09-01 18:45:39.475 17154 17154 I MissEvanApplication: [main] current process: cn.missevan:player.single
09-01 18:45:39.494 16984 16984 D LeakCanary: Watching instance of skin.support.constraint.SkinCompatConstraintLayout (cn.missevan.view.fragment.SplashFragment received Fragment#onDestroyView() callback (references to its views should be cleared to prevent leaks)) with key f3f49f28-2065-4afc-bb76-b3458ccefac7
09-01 18:45:39.496 16984 16984 D LeakCanary: Watching instance of androidx.loader.app.LoaderManagerImpl$LoaderViewModel (androidx.loader.app.LoaderManagerImpl$LoaderViewModel received ViewModel#onCleared() callback) with key c71f61f1-de02-42b4-8351-02fcabb274e9
09-01 18:45:39.496 17154 17154 D BLOG-EVENT-Network: network changed: 3=>1
09-01 18:45:39.496 16984 16984 D LeakCanary: Watching instance of leakcanary.internal.ViewModelClearedWatcher (leakcanary.internal.ViewModelClearedWatcher received ViewModel#onCleared() callback) with key be4034d0-cad3-43d8-99d0-5b1b8f79152c
09-01 18:45:39.497 16984 16984 D LeakCanary: Watching instance of androidx.loader.app.LoaderManagerImpl$LoaderViewModel (androidx.loader.app.LoaderManagerImpl$LoaderViewModel received ViewModel#onCleared() callback) with key a1279f79-fb2e-4f45-bc32-8ad688b85c4e
09-01 18:45:39.497 16984 16984 D LeakCanary: Watching instance of leakcanary.internal.ViewModelClearedWatcher (leakcanary.internal.ViewModelClearedWatcher received ViewModel#onCleared() callback) with key 4e75a6ec-cd4f-4c3c-b95a-2a7f14057cb1
09-01 18:45:39.498 16984 16984 D LeakCanary: Watching instance of com.bumptech.glide.manager.SupportRequestManagerFragment (com.bumptech.glide.manager.SupportRequestManagerFragment received Fragment#onDestroy() callback) with key 0900b7d5-fb4f-4aee-94b6-23efa4a5c30d
09-01 18:45:39.500 16984 16984 D LeakCanary: Watching instance of cn.missevan.view.fragment.SplashFragment (cn.missevan.view.fragment.SplashFragment received Fragment#onDestroy() callback) with key 1fd89620-a769-417b-95cd-f2a32105bc9c
09-01 18:45:39.505 17154 17154 W LaserActionExecutor: [main] actionClass map is null
09-01 18:45:39.512  1724  1724 V SettingsProvider: Notifying for 0: content://settings/system/vivo_fullscreen_flag
09-01 18:45:39.539 16984 16984 I MainFragment: [main] onCreateView
09-01 18:45:39.542 17154 17154 V HotfixPatchListener: [main] application maxMemory:256
09-01 18:45:39.581 17154 17154 W Tinker.Tinker: [main] tinker patch directory: /data/user/0/cn.missevan/tinker
09-01 18:45:39.586 17154 17154 I Tinker.Tinker: [main] try to install tinker, isEnable: true, version: 1.9.14.10.4
09-01 18:45:39.586 17154 17347 W n:player.singl: Accessing hidden field Lsun/misc/Unsafe;->theUnsafe:Lsun/misc/Unsafe; (light greylist, reflection)
09-01 18:45:39.589 17154 17154 I Tinker.TinkerLoadResult: [main] parseTinkerResult loadCode:-2, process name:cn.missevan:player.single, main process:false, systemOTA:false, fingerPrint:vivo/PD1728/PD1728:9/PKQ1.180819.001/compiler07281740:user/release-keys, oatDir:null, useInterpretMode:false
09-01 18:45:39.590 17154 17154 W Tinker.TinkerLoadResult: [main] can't find patch file, is ok, just return
09-01 18:45:39.592 17154 17154 I Tinker.DefaultLoadReporter: [main] patch loadReporter onLoadResult: patch load result, path:/data/user/0/cn.missevan/tinker, code: -2, cost: 5ms
09-01 18:45:39.595 17154 17154 W Tinker.Tinker: [main] tinker load fail!
09-01 18:45:39.644   717  4080 E         : IProducerListener: malformed binder reply
09-01 18:45:39.674 17154 17154 I Player.BaseAidlPlayerService: [main] onCreate
09-01 18:45:39.676 17154 17154 I Player.BaseAidlPlayerService: [main] onBind
09-01 18:45:39.697 17154 17154 D Tinker.TinkerLoader: [main] [PendingLog @ 2022-09-01 18:45:38.263] tryLoad test test
09-01 18:45:39.701 17154 17154 W Tinker.TinkerLoader: [main] [PendingLog @ 2022-09-01 18:45:38.267] tryLoadPatchFiles:patch dir not exist:/data/user/0/cn.missevan/tinker
09-01 18:45:39.703 17154 17154 D Tinker.DefaultAppLike: [main] [PendingLog @ 2022-09-01 18:45:38.328] onBaseContextAttached:
09-01 18:45:39.705 17154 17154 D Tinker.DefaultAppLike: [main] [PendingLog @ 2022-09-01 18:45:38.429] onCreate
09-01 18:45:39.708 16984 17049 W cn.missevan: resources.arsc in APK '/data/app/com.sohu.inputmethod.sogou.vivo-yMVtgCaRNquGk3avhhMc6w==/base.apk' is compressed.
09-01 18:45:39.769 16984 17049 W cn.missevan: resources.arsc in APK '/data/app/com.ss.android.ugc.aweme.lite-p95S6OhdXKBaCx69ro3IxA==/base.apk' is compressed.
09-01 18:45:39.773 17180 17180 D NAccs.AccsClientConfig:  build config:AccsClientConfig{mAppKey='umeng:546d7dd7fd98c58fc800082c', mAppSecret='64e8358a59d434e5546720db97ab5996', mInappHost='umengacs.m.taobao.com', mChannelHost='umengjmacs.m.taobao.com', mStoreId='', mSecurity=2, mAuthCode='', mInappPubKey=11, mChannelPubKey=11, mKeepalive=true, mAutoUnit=false, mTag='default', mConfigEnv=0, mDisableChannel=false, mQuickReconnect=false, mAccsHeartbeatEnable=false, mPullUpEnable=false, mForePingEnable=false, mPingTimeout=0}
09-01 18:45:39.773 17180 17180 W NAccs.AccsClientConfig:  build conver old config:AccsClientConfig{mAppKey='umeng:546d7dd7fd98c58fc800082c', mAppSecret='64e8358a59d434e5546720db97ab5996', mInappHost='umengacs.m.taobao.com', mChannelHost='umengjmacs.m.taobao.com', mStoreId='', mSecurity=2, mAuthCode='', mInappPubKey=-1, mChannelPubKey=-1, mKeepalive=true, mAutoUnit=true, mTag='default', mConfigEnv=0, mDisableChannel=false, mQuickReconnect=false, mAccsHeartbeatEnable=false, mPullUpEnable=true, mForePingEnable=false, mPingTimeout=0}
09-01 18:45:39.774 17180 17180 D NAccs.ACCSClient:  init config:AccsClientConfig{mAppKey='umeng:546d7dd7fd98c58fc800082c', mAppSecret='64e8358a59d434e5546720db97ab5996', mInappHost='umengacs.m.taobao.com', mChannelHost='umengjmacs.m.taobao.com', mStoreId='', mSecurity=2, mAuthCode='', mInappPubKey=11, mChannelPubKey=11, mKeepalive=true, mAutoUnit=false, mTag='default', mConfigEnv=0, mDisableChannel=false, mQuickReconnect=false, mAccsHeartbeatEnable=false, mPullUpEnable=false, mForePingEnable=false, mPingTimeout=0}
09-01 18:45:39.775 17180 17180 D UPush.Impl: appkey:546d7dd7fd98c58fc800082c secret:64e8358a59d434e5546720db97ab5996
09-01 18:45:39.778 17180 17367 I NAccs.TaobaoRegister:  register appKey:umeng:546d7dd7fd98c58fc800082c configTag:default
09-01 18:45:39.779 17180 17367 D NAccs.Config:  setAgooAppKey appkey:umeng:546d7dd7fd98c58fc800082c
09-01 18:45:39.780 17180 17367 D NAccs.Config:  setAgooMessageSecret secret:64e8358a59d434e5546720db97ab5996
09-01 18:45:39.781 17180 17367 D NAccs.ACCSManager:  getAccsInstance key:default|0
09-01 18:45:39.814 17180 17367 D NAccs.MsgRecv_default:  message file not exist
09-01 18:45:39.816 17180 17367 D NAccs.InAppConn_default:  new connection
09-01 18:45:39.824 17180 17367 I NAccs.Utils:  isMainProcess result:false
09-01 18:45:39.825 17180 17367 I NAccs.ACCSMgrImpl_default:  bindApp appKey:umeng:546d7dd7fd98c58fc800082c
09-01 18:45:39.832 17180 17367 D NAccs.UtilityImpl:  enableService comptName:ComponentInfo{cn.missevan/com.taobao.accs.ChannelService}
09-01 18:45:39.832  1724  3768 W PackageManager: setEnabledSetting  packageName:cn.missevan className:com.taobao.accs.ChannelService newState:1 userId:0 callingPackage:null
09-01 18:45:39.832 17180 17368 D NAccs.FileCheckUtils:  st.getAvailableBlocks()=2670410,st.getAvailableBlocks() * blockSize=10937999360
09-01 18:45:39.847 17180 17367 W NAccs.ACCSMgrImpl_default:  bindApp only allow in main process
09-01 18:45:39.858 17180 17180 D NetworkSecurityConfig: Using Network Security Config from resource g debugBuild: true
09-01 18:45:39.868 17180 17180 W missevan:playe: Accessing hidden method Ldalvik/system/CloseGuard;->get()Ldalvik/system/CloseGuard; (light greylist, reflection)
09-01 18:45:39.868 17180 17180 W missevan:playe: Accessing hidden method Ldalvik/system/CloseGuard;->open(Ljava/lang/String;)V (light greylist, reflection)
09-01 18:45:39.868 17180 17180 W missevan:playe: Accessing hidden method Ldalvik/system/CloseGuard;->warnIfOpen()V (light greylist, reflection)
09-01 18:45:39.870 16984 16984 I Player.SinglePlayerConnection: [main] onServiceConnected, name: {cn.missevan/cn.missevan.lib.common.player.service.aidl.AidlPlayerService}
09-01 18:45:39.877 17154 17171 I Player.BaseAidlPlayerService: [Binder:17154_4] setMediaListener
09-01 18:45:39.883 16984 16984 I MissEvanApplication: [main] SinglePlayerConnection onConnected
09-01 18:45:39.885 16984 16984 I Player.SinglePlayerConnection: [main] updateAllConfig
09-01 18:45:39.894 17154 17171 I Player.BaseAidlPlayerService: [Binder:17154_4] updateConfig, configs: Bundle[mParcelledData.dataSize=188]
09-01 18:45:39.896 17154 17154 I AidlPlayer: [main] init
09-01 18:45:39.904 17154 17154 I Player.AlphaVideoPlayerCore: [main] init
09-01 18:45:39.920 17154 17154 I @@@BBPLOG: Info T933CA548 CPlayMain L94 BPSDK 3.0.0.216, 12:43:35 Jul 18 2022. CPU: ARMV8. OS
09-01 18:45:39.975 17180 17180 D PlayApplication: [main] PlayApplication onCreate.
09-01 18:45:39.985 16984 17049 W cn.missevan: resources.arsc in APK '/data/app/com.tencent.android.qqdownloader-tiA7pmtJ4sNmo61aHAjtvw==/base.apk' is compressed.
09-01 18:45:40.023  1724  1724 V SettingsProvider: Notifying for 0: content://settings/system/vivo_smartmulitwindow_is_allowed_split
09-01 18:45:40.024  2956  2956 W ContextImpl: Calling a method in the system process without a qualified user: android.app.ContextImpl.stopService:1562 android.content.ContextWrapper.stopService:674 com.vivo.smartmultiwindow.utils.h$1.handleMessage:178 android.os.Handler.dispatchMessage:106 android.os.Looper.loop:224
09-01 18:45:40.029  1724  3768 D NotificationListeners: Removing active service ComponentInfo{com.vivo.smartmultiwindow/com.vivo.smartmultiwindow.notification.view.b}
09-01 18:45:40.047 13770 14157 I SmartThreadExecutor: handleMessage: start check 0
09-01 18:45:40.047 13770 14157 I SmartThreadExecutor: handleMessage: check end 0 -149 false
09-01 18:45:40.125 17180 17180 I MissEvanApplication: [main] current process: cn.missevan:player
09-01 18:45:40.137 17180 17180 D BLOG-EVENT-Network: network changed: 3=>1
09-01 18:45:40.144 17180 17180 W LaserActionExecutor: [main] actionClass map is null
09-01 18:45:40.165 17180 17180 V HotfixPatchListener: [main] application maxMemory:256
09-01 18:45:40.186 16984 17049 I UMLog   : 统计SDK版本号: 9.5.0
09-01 18:45:40.187 16984 17049 I UMLog   : ZID SDK版本号: 1.6.3
09-01 18:45:40.188 16984 17049 I UMLog   : 推送SDK版本号: 6.5.3
09-01 18:45:40.188 16984 17049 I UMLog   : 分享SDK版本号: 1.0
09-01 18:45:40.196 17180 17180 W Tinker.Tinker: [main] tinker patch directory: /data/user/0/cn.missevan/tinker
09-01 18:45:40.197 16984 17049 I MobclickAgent: module init:apszion
09-01 18:45:40.204 17180 17180 I Tinker.Tinker: [main] try to install tinker, isEnable: true, version: 1.9.14.10.4
09-01 18:45:40.211 17180 17180 I Tinker.TinkerLoadResult: [main] parseTinkerResult loadCode:-2, process name:cn.missevan:player, main process:false, systemOTA:false, fingerPrint:vivo/PD1728/PD1728:9/PKQ1.180819.001/compiler07281740:user/release-keys, oatDir:null, useInterpretMode:false
09-01 18:45:40.215 16984 16984 I Player.SinglePlayer: [main] init, from: UGCRecommendPageFragment
09-01 18:45:40.216  1724  2184 I DisplayPowerState: mBlockedByFingerprint = 0
09-01 18:45:40.217 16984 16984 I Player.SinglePlayerConnection: [main] createPlayerIndex
09-01 18:45:40.219  1724  2184 E DisplayPowerState: run changed=true mNightPearlManager is null! or state != Display.STATE_OFF
09-01 18:45:40.219 16984 16984 I Player.SinglePlayerConnection.core0: [main] createPlayerIndex, currentIndex: null, nextIndex: 0
09-01 18:45:40.219  1724  2184 D DisplayPowerState: run normal set state ON brightness:221
09-01 18:45:40.219 17180 17180 W Tinker.TinkerLoadResult: [main] can't find patch file, is ok, just return
09-01 18:45:40.219  1724  2184 W LightsService: setBrightness:173
09-01 18:45:40.220 17154 17171 I Player.BaseAidlPlayerService.core0: [Binder:17154_4] createPlayer
09-01 18:45:40.222 16984 16984 I Player.SinglePlayer.core0: [main] initPlayer, from: UGCRecommendPageFragment
09-01 18:45:40.223 17180 17180 I Tinker.DefaultLoadReporter: [main] patch loadReporter onLoadResult: patch load result, path:/data/user/0/cn.missevan/tinker, code: -2, cost: 5ms
09-01 18:45:40.224 16984 16984 I Player.SinglePlayerConnection.core0: [main] createPlayerStateEvent
09-01 18:45:40.226 17180 17180 W Tinker.Tinker: [main] tinker load fail!
09-01 18:45:40.228  1724  2184 D FingerprintWakeHook: Display state changed to ON
09-01 18:45:40.228  1724  2184 D DisplayPowerState: run normal set state end
09-01 18:45:40.229  1724  2184 D DisplayPowerState: run state:ON on:true backlight:173
09-01 18:45:40.231 16984 16984 I Player.SinglePlayerConnection.core0: [main] createPlayerEvent
09-01 18:45:40.232 16984 17049 E cn.missevan: Invalid ID 0x00000000.
09-01 18:45:40.233  1724  2184 I DisplayPowerState: mBlockedByFingerprint = 0
09-01 18:45:40.234  1724  2184 E DisplayPowerState: run changed=true mNightPearlManager is null! or state != Display.STATE_OFF
09-01 18:45:40.234  1724  2184 D DisplayPowerState: run normal set state ON brightness:206
09-01 18:45:40.234  1724  2184 W LightsService: setBrightness:158
09-01 18:45:40.239  1724  2184 D FingerprintWakeHook: Display state changed to ON
09-01 18:45:40.239  1724  2184 D DisplayPowerState: run normal set state end
09-01 18:45:40.240 17180 17379 W missevan:playe: Accessing hidden field Lsun/misc/Unsafe;->theUnsafe:Lsun/misc/Unsafe; (light greylist, reflection)
09-01 18:45:40.241  1724  2184 D DisplayPowerState: run state:ON on:true backlight:158
09-01 18:45:40.249  1724  2184 I DisplayPowerState: mBlockedByFingerprint = 0
09-01 18:45:40.250  1724  2184 E DisplayPowerState: run changed=true mNightPearlManager is null! or state != Display.STATE_OFF
09-01 18:45:40.250  1724  2184 D DisplayPowerState: run normal set state ON brightness:201
09-01 18:45:40.251  1724  2184 W LightsService: setBrightness:152
09-01 18:45:40.255  1724  2184 D FingerprintWakeHook: Display state changed to ON
09-01 18:45:40.255  1724  2184 D DisplayPowerState: run normal set state end
09-01 18:45:40.256  1724  2184 D DisplayPowerState: run state:ON on:true backlight:152
09-01 18:45:40.266  1724  2184 I DisplayPowerState: mBlockedByFingerprint = 0
09-01 18:45:40.267  1724  2184 E DisplayPowerState: run changed=true mNightPearlManager is null! or state != Display.STATE_OFF
09-01 18:45:40.267  1724  2184 D DisplayPowerState: run normal set state ON brightness:196
09-01 18:45:40.267  1724  2184 W LightsService: setBrightness:146
09-01 18:45:40.279  1724  2184 D FingerprintWakeHook: Display state changed to ON
09-01 18:45:40.279  1724  2184 D DisplayPowerState: run normal set state end
09-01 18:45:40.281  1724  2184 D DisplayPowerState: run state:ON on:true backlight:146
09-01 18:45:40.283  1724  2184 I DisplayPowerState: mBlockedByFingerprint = 0
09-01 18:45:40.283  1724  2184 E DisplayPowerState: run changed=true mNightPearlManager is null! or state != Display.STATE_OFF
09-01 18:45:40.283  1724  2184 D DisplayPowerState: run normal set state ON brightness:191
09-01 18:45:40.284  1724  2184 W LightsService: setBrightness:141
09-01 18:45:40.289 17154 17154 I okhttp.cronet.httpdns: [main] OkHttp cronet native httpdns enabled.
09-01 18:45:40.289  1724  2184 D FingerprintWakeHook: Display state changed to ON
09-01 18:45:40.289  1724  2184 D DisplayPowerState: run normal set state end
09-01 18:45:40.290  1724  2184 D DisplayPowerState: run state:ON on:true backlight:141
09-01 18:45:40.290 17154 17154 D CronetEngine: [main] cronet httpdns open!
09-01 18:45:40.290 17154 17154 D CronetEngine:  configure dns ips: [203.107.1.65, 203.107.1.34, 203.107.1.66, 203.107.1.33]
09-01 18:45:40.300  1724  2184 I DisplayPowerState: mBlockedByFingerprint = 0
09-01 18:45:40.301  1724  2184 E DisplayPowerState: run changed=true mNightPearlManager is null! or state != Display.STATE_OFF
09-01 18:45:40.301  1724  2184 D DisplayPowerState: run normal set state ON brightness:186
09-01 18:45:40.301  1724  2184 D DisplayPowerState: run normal set state end
09-01 18:45:40.304   715   913 V AudioFlinger: Audio hardware entering standby, mixer 0xed395880, suspend count 0
09-01 18:45:40.304   671   911 D audio_hw_primary: out_standby: enter: stream (0xebae8000) usecase(0: deep-buffer-playback)
09-01 18:45:40.306  1724  2184 D DisplayPowerState: run state:ON on:true backlight:141
09-01 18:45:40.316  1724  2184 I DisplayPowerState: mBlockedByFingerprint = 0
09-01 18:45:40.317  1724  2184 E DisplayPowerState: run changed=true mNightPearlManager is null! or state != Display.STATE_OFF
09-01 18:45:40.317  1724  2184 D DisplayPowerState: run normal set state ON brightness:181
09-01 18:45:40.317  1724  2184 W LightsService: setBrightness:134
09-01 18:45:40.322  1724  2184 D FingerprintWakeHook: Display state changed to ON
09-01 18:45:40.322  1724  2184 D DisplayPowerState: run normal set state end
09-01 18:45:40.323  1724  2184 D DisplayPowerState: run state:ON on:true backlight:134
09-01 18:45:40.333  1724  2184 I DisplayPowerState: mBlockedByFingerprint = 0
09-01 18:45:40.334 16984 16984 W MainActivityViewModel: [main] DownloadFileResolver, Start process local downloaded files!!!
09-01 18:45:40.334  1724  2184 E DisplayPowerState: run changed=true mNightPearlManager is null! or state != Display.STATE_OFF
09-01 18:45:40.334  1724  2184 D DisplayPowerState: run normal set state ON brightness:176
09-01 18:45:40.334  1724  2184 D DisplayPowerState: run normal set state end
09-01 18:45:40.335 17180 17180 I PlayerService: [main] PlayerService onCreate. versionName: 5.7.3-debug, versionCode:5070300, deviceSDK: 28
09-01 18:45:40.336  1724  2184 D DisplayPowerState: run state:ON on:true backlight:134
09-01 18:45:40.342  1724 16084 I PackageManager: ### pkg:Package{61905f7 cn.missevan}
09-01 18:45:40.346  1724  4404 I chatty  : uid=1000(system) Binder:1724_14 expire 10 lines
09-01 18:45:40.347  1724  1724 V SettingsProvider: Notifying for 0: content://settings/secure/media_button_receiver
09-01 18:45:40.348 16984 17036 I DownloadFileResolver: [DefaultDispatcher-worker-1] Found downloaded files: 0
09-01 18:45:40.348  6559  6559 V Avrcp_ext: Set active media session cn.missevan
09-01 18:45:40.349  1724  2184 I DisplayPowerState: mBlockedByFingerprint = 0
09-01 18:45:40.350  1724  2184 E DisplayPowerState: run changed=true mNightPearlManager is null! or state != Display.STATE_OFF
09-01 18:45:40.350  1724  2184 D DisplayPowerState: run normal set state ON brightness:171
09-01 18:45:40.350  1724  2184 W LightsService: setBrightness:128
09-01 18:45:40.350  2404  2432 D vol.MediaSessions: updateRemoteControllerH null
09-01 18:45:40.351  2404  2432 D vol.MediaSessions: onActiveSessionsUpdatedH n=0
09-01 18:45:40.351  6559  6559 D HeadsetService:  isAudioOn: The number of audio connected devices 0
09-01 18:45:40.351  6559  6559 D HeadsetService: isScoOrCallActive(): Call Active:falseCall is Ringing:falseSCO is Active:false
09-01 18:45:40.351  6559  6891 W Avrcp_ext: ActiveSession: updated[]
09-01 18:45:40.351  6559  6891 W Avrcp_ext: ActiveSession: browseSelectedfalsemBrowsedPlayerExistfalse
09-01 18:45:40.351  6559  6891 W Avrcp_ext: Browse Player killed OR not launched yet !!!!
09-01 18:45:40.351  6559  6891 D PlaybackState: setState position:-1
09-01 18:45:40.351  6559  6891 V Avrcp_ext: updateCurrentMediaState: mMediaController: null
09-01 18:45:40.351  6559  6891 V Avrcp_ext: isMusicActive: false getBluetoothPlayState: 0
09-01 18:45:40.351  6559  6891 V Avrcp_ext: updateCurrentMediaState: isPlaying = false, ck_play = 241
09-01 18:45:40.351  6559  6891 V Avrcp_ext: updateCurrentMediaState: mMediaController or getPlaybackState() null
09-01 18:45:40.351  6559  6891 D PlaybackState: setState position:-1
09-01 18:45:40.351  6559  6891 D PlaybackState: getActiveQueueItemId Id:-1
09-01 18:45:40.351  6559  6891 V Avrcp_ext: Media update: id 0➡-1? [MediaAttributes: none] : [MediaAttributes: 深⋯意 -  by Y⋯眠 (1326393 0/0) ]
09-01 18:45:40.351  6559  6891 V Avrcp_ext: Check if NowPlayingList is updated
09-01 18:45:40.351  6559  6891 V Avrcp_ext: newPlayStatus:2mReportedPlayStatus:-1
09-01 18:45:40.351  6559  6559 D HeadsetService:  isAudioOn: The number of audio connected devices 0
09-01 18:45:40.352  6559  6559 W Avrcp_ext: playState object null, sending STOPPED
09-01 18:45:40.352  6559  6559 V Avrcp_ext: isBrowseSupported for cn.missevan: true
09-01 18:45:40.353  6559  6559 D Avrcp_ext: update #12:MediaPlayerInfo cn.missevan (as '猫耳FM') Type = 1, SubType = 0, Status = 0 Feature Bits [40 41 42 44 45 47 48 58 59 62 65 67] Controller: MediaController (cn.missevan@6e39daa) null
09-01 18:45:40.353  6559  6559 V Avrcp_ext: updateNewIds: Addressed:12 to 12, Browse:0 to 0
09-01 18:45:40.354  6559  6559 D Avrcp_ext: updateCurrentController: null to MediaController (cn.missevan@6e39daa) null
09-01 18:45:40.355  6559  6559 D PlaybackState: setState position:-1
