09-01 18:34:07.710 10025 10136 D NAccs.ServiceImpl:  onHostStartCommand key:mode  value:0
09-01 18:34:07.710 10025 10136 D NAccs.ServiceImpl:  onHostStartCommand key:ttid  value:android@umeng
09-01 18:34:07.711 10025 10136 D NAccs.ServiceImpl:  onHostStartCommand key:packageName  value:cn.missevan
09-01 18:34:07.711 10025 10136 D NAccs.ServiceImpl:  onHostStartCommand key:app_sercet  value:64e8358a59d434e5546720db97ab5996
09-01 18:34:07.711 10025 10136 D NAccs.ServiceImpl:  onHostStartCommand key:agoo_app_key  value:umeng:546d7dd7fd98c58fc800082c
09-01 18:34:07.712 10025 10136 I NAccs.LoadSoFailUtil:  getSoFailTimes times:0
09-01 18:34:07.712 10025 10136 D NAccs.ServiceImpl:  handleAction action:com.taobao.accs.intent.action.START_SERVICE
09-01 18:34:07.712 10025 10136 I NAccs.ServiceImpl:  tryConnect appkey:umeng:546d7dd7fd98c58fc800082c configTag:default|0
09-01 18:34:07.713 10025 10136 D NAccs.SilenceConn_default:  start
09-01 18:34:07.733 10025 10136 E awcn.GlobalAppRuntimeInfo:   CurrentProcess:cn.missevan:channel TargetProcess:cn.missevan
09-01 18:34:07.737 10025 10136 E awcn.StrategyCenter:  registerListener listener:[]
09-01 18:34:07.743 10025 10136 D awcn.NetworkStatusMonitor:  [checkNetworkStatus]
09-01 18:34:07.745 10025 10136 I awcn.NetworkStatusMonitor:  checkNetworkStatus info.isConnected:true info.isAvailable:true info.getType:1
09-01 18:34:07.745 10025 10025 D awcn.NetworkStatusMonitor:  receiver:android.net.conn.CONNECTIVITY_CHANGE
09-01 18:34:07.749 10025 10025 I awcn.ThreadPoolExecutorFactory:  thread created! name:AWCN Scheduler1
09-01 18:34:07.750 10025 10136 E awcn.Inet64Util:  startIpStackDetect ip stack:1 detectType:udp_connect
09-01 18:34:07.750 10025 10153 D awcn.NetworkStatusMonitor:  [checkNetworkStatus]
09-01 18:34:07.751 10025 10136 I awcn.NetworkStatusHelper:
09-01 18:34:07.751 10025 10136 I awcn.NetworkStatusHelper: Network detail*******************************
09-01 18:34:07.751 10025 10136 I awcn.NetworkStatusHelper: Status: WIFI
09-01 18:34:07.751 10025 10136 I awcn.NetworkStatusHelper: Subtype: wifi
09-01 18:34:07.751 10025 10136 I awcn.NetworkStatusHelper: BSSID:
09-01 18:34:07.751 10025 10136 I awcn.NetworkStatusHelper: SSID:
09-01 18:34:07.751 10025 10136 I awcn.NetworkStatusHelper: *********************************************
09-01 18:34:07.752 10025 10153 I awcn.NetworkStatusMonitor:  checkNetworkStatus info.isConnected:true info.isAvailable:true info.getType:1
09-01 18:34:07.754 10025 10153 E awcn.SessionCenter: |[seq:[default]] onNetworkStatusChanged. networkStatus:WIFI
09-01 18:34:07.765  1724  5409 D ConnectivityService: requestNetwork for uid/pid:10602/10025 NetworkRequest [ TRACK_DEFAULT id=1083, [ Capabilities: INTERNET&NOT_RESTRICTED&TRUSTED Unwanted:  Uid: 10602] ]
09-01 18:34:07.765  9507  9632 I CronetEngine: [thread_background]
09-01 18:34:07.765  9507  9632 I CronetEngine: url: https://fm.uat.missevan.com/api/v2/meta/banner
09-01 18:34:07.765  9507  9632 I CronetEngine:  ip: 10.21.250.10
09-01 18:34:07.765  9507  9632 I CronetEngine:  hostResolverProvider:
09-01 18:34:07.765  9507  9632 I CronetEngine:  hostResolveIps: []
09-01 18:34:07.765  9507  9632 I CronetEngine:
09-01 18:34:07.766  1724  2157 I chatty  : uid=1000(system) EthernetService expire 1 line
09-01 18:34:07.766  1724  2084 D ConnectivityService: isWifiPoorLink:false, nai.everValidated:true, networkType:1, networkDetailedState:CONNECTED, nai.isLingering():false, unneeded(nai, UnneededFor.TEARDOWN):false
09-01 18:34:07.767 10025 10136 I awcn.StrategyCenter:  StrategyCenter initialize started.
09-01 18:34:07.767  1724  2070 I chatty  : uid=1000(system) WifiStateMachin expire 2 lines
09-01 18:34:07.768  9507  9633 I BLOG    : [RxCachedThreadScheduler-3] HTTP request: [2022-09-01T10:34:00.577Z] GET https://fm.uat.missevan.com/api/v2/meta/banner 200 7163ms 0
09-01 18:34:07.768  2831  2831 D PhoneSwitcherNetworkRequstListener: got request NetworkRequest [ TRACK_DEFAULT id=1083, [ Capabilities: INTERNET&NOT_RESTRICTED&TRUSTED Unwanted:  Uid: 10602] ] with score 60
09-01 18:34:07.769 10025 10136 I awcn.StrategySerializeHelper:  StrateyFolder path:/data/user/0/cn.missevan/files/awcn_strategy/channel
09-01 18:34:07.773 10025 10154 I awcn.NetworkStatusMonitor:  network onAvailable
09-01 18:34:07.775 10025 10136 I awcn.StrategyTable:  strategy map size:1
09-01 18:34:07.776 10025 10136 I awcn.StrategyInfoHolder:  restore
09-01 18:34:07.804  9507  9507 D ViewRootImpl[MainActivity]: pokeDrawLockedIfNeeded displayState=4
09-01 18:34:07.805  1724  5409 D WindowManager: pokeDrawLock: suppressed draw lock request for invisible window owned by cn.missevan
09-01 18:34:07.819 10047 10158 D SentryLog: [pool-3-thread-1] SU isn't found on this Device.
09-01 18:34:07.836 10025 10136 I awcn.SerializeHelper:  restore end. file:/data/user/0/cn.missevan/files/awcn_strategy/channel/WIFI$d41d8cd98f00b204e9800998ecf8427e size:2478 cost:58
09-01 18:34:07.836 10025 10136 I awcn.StrategyTable:  strategy map size:2
09-01 18:34:07.844 10047 10047 I SentryLog: [main] Initializing SDK with DSN: 'https://8e68e4623f6348b0b9984471d41e3e2d@sentry.missevan.com/2'
09-01 18:34:07.846 10025 10136 I awcn.SerializeHelper:  restore end. file:/data/user/0/cn.missevan/files/awcn_strategy/channel/StrategyConfig size:1358 cost:10
09-01 18:34:07.847 10025 10136 I awcn.AmdcThreadPoolExecutor:  thread created! name:AMDC1
09-01 18:34:07.848 10025 10136 I awcn.StrategyTable:  strategy map size:2
09-01 18:34:07.848 10025 10136 I awcn.StrategyCenter:  StrategyCenter initialize finished.
09-01 18:34:07.848 10025 10136 E awcn.StrategyCenter:  registerListener listener:[anet.channel.SessionCenter$a@c58bb5d]
09-01 18:34:07.848 10025 10136 I NAccs.SilenceConn_default:  init awcn register new conn protocol host: umengacs.m.taobao.com
09-01 18:34:07.848 10025 10136 I NAccs.SilenceConn_default:  init awcn success!
09-01 18:34:07.849 10025 10136 I NAccs.SilenceConn_default:  start thread
09-01 18:34:07.850 10047 10047 I SentryLog: [main] GlobalHubMode: 'true'
09-01 18:34:07.850 10025 10136 D NAccs.SilenceConn_default:  try ping, force:false
09-01 18:34:07.852 10025 10136 D NAccs.SilenceConn_default:  sendMessage ready dataId:1662028447850.2 type:PING delay:0
09-01 18:34:07.838 10047 10047 W pool-3-thread-1: type=1400 audit(0.0:82969): avc: denied { read } for name="version" dev="proc" ino=4026532090 scontext=u:r:untrusted_app:s0:c90,c258,c512,c768 tcontext=u:object_r:proc_version:s0 tclass=file permissive=0
09-01 18:34:07.853 10025 10136 D NAccs.FileCheckUtils:  st.getAvailableBlocks()=2672065,st.getAvailableBlocks() * blockSize=10944778240
09-01 18:34:07.854 10025 10161 I awcn.StrategyInfoHolder:  start loading strategy files
09-01 18:34:07.857 10025 10136 I NAccs.BaseIntentService:  onHandleIntent,action=org.agoo.android.intent.action.REPORT,agooCommand=cn.missevan.intent.action.COMMAND,mipushCommand=cn.missevan.intent.thirdPush.action.COMMAND
09-01 18:34:07.857 10025 10136 I NAccs.BaseIntentService:  is report cache msg,Config.isReportCacheMsg(mContext)=false
09-01 18:34:07.858 10025 10136 D NAccs.isClearTime:  now=1662028447857,now - lastTime=7581675,istrue=false
09-01 18:34:07.858 10025 10136 I NAccs.BaseIntentService:  is clear all msg=false
09-01 18:34:07.858 10025 10136 D NAccs.isClearTime:  now=1662028447857,now - lastTime=7581675,istrue=false
09-01 18:34:07.860 10025 10162 I NAccs.NetworkThread_default:  NetworkThread run
09-01 18:34:07.861 10025 10162 D NAccs.NetworkThread_default:  ready to get message
09-01 18:34:07.861 10025 10162 D NAccs.NetworkThread_default:  try get message
09-01 18:34:07.861 10025 10162 D NAccs.NetworkThread_default:  sendMessage not null
09-01 18:34:07.861 10025 10162 I NAccs.NetworkThread_default:  sendMessage type:PING status:3
09-01 18:34:07.861 10025 10161 I awcn.StrategyInfoHolder:  end loading strategy files total cost:7
09-01 18:34:07.867  2831  2852 W System  : A resource failed to call close.
09-01 18:34:07.871 10025 10162 I NAccs.HeartbeatManager:  hb use job
09-01 18:34:07.872 10025 10162 D NAccs.NetworkThread_default:  sendMessage force:false last ping:1662028447872
09-01 18:34:07.872 10025 10162 D NAccs.SilenceConn_default:  tryConnect force:true
09-01 18:34:07.873 10025 10162 I NAccs.NetworkThread_default:  tryConnect force:true failTimes:0
09-01 18:34:07.873 10025 10162 I NAccs.NetworkThread_default:  tryConnect, need sleep
09-01 18:34:07.885 10047 10047 D SentryLog: [main] UncaughtExceptionHandlerIntegration enabled: true
09-01 18:34:07.886 10047 10047 D SentryLog: [main] default UncaughtExceptionHandler class='xcrash.i'
09-01 18:34:07.887 10047 10047 D SentryLog: [main] UncaughtExceptionHandlerIntegration installed.
09-01 18:34:07.889 10047 10047 D SentryLog: [main] ShutdownHookIntegration installed.
09-01 18:34:07.891 10047 10047 D SentryLog: [main] SendCachedEventFireAndForgetIntegration installed.
09-01 18:34:07.892 10047 10163 D SentryLog: [pool-2-thread-1] Started processing cached files from /data/user/0/cn.missevan/cache/sentry
09-01 18:34:07.893 10047 10047 D SentryLog: [main] NdkIntegration enabled: true
09-01 18:34:07.894 10047 10047 I sentry-native: using database path "/data/data/cn.missevan/cache/sentry/.sentry-native"
09-01 18:34:07.895 10047 10047 D sentry-native: starting backend
09-01 18:34:07.896 10047 10047 D SentryLog: [main] NdkIntegration installed.
09-01 18:34:07.897 10047 10047 D SentryLog: [main] Registering EnvelopeFileObserverIntegration for path: /data/user/0/cn.missevan/cache/sentry/outbox
09-01 18:34:07.898 10047 10163 D SentryLog: [pool-2-thread-1] Processing dir. /data/user/0/cn.missevan/cache/sentry
09-01 18:34:07.900 10047 10047 D SentryLog: [main] EnvelopeFileObserverIntegration installed.
09-01 18:34:07.902 10047 10047 D SentryLog: [main] SendCachedEventFireAndForgetIntegration installed.
09-01 18:34:07.903 10047 10163 D SentryLog: [pool-2-thread-1] Processing 0 items from cache dir /data/user/0/cn.missevan/cache/sentry
09-01 18:34:07.903 10047 10047 D SentryLog: [main] AnrIntegration enabled: true
09-01 18:34:07.904 10047 10047 D SentryLog: [main] ANR timeout in milliseconds: 5000
09-01 18:34:07.906 10047 10163 D SentryLog: [pool-2-thread-1] File /data/user/0/cn.missevan/cache/sentry/outbox is not a File.
09-01 18:34:07.906 10047 10047 D SentryLog: [main] AnrIntegration installed.
09-01 18:34:07.907 10047 10047 D SentryLog: [main] enableSessionTracking enabled: true
09-01 18:34:07.908 10047 10163 D SentryLog: [pool-2-thread-1] Processing file: /data/user/0/cn.missevan/cache/sentry/session.json
09-01 18:34:07.908 10047 10047 D SentryLog: [main] enableAppLifecycleBreadcrumbs enabled: true
09-01 18:34:07.912 10047 10163 D SentryLog: [pool-2-thread-1] File '/data/user/0/cn.missevan/cache/sentry/session.json' doesn't match extension expected.
09-01 18:34:07.915 10047 10163 D SentryLog: [pool-2-thread-1] File /data/user/0/cn.missevan/cache/sentry/.sentry-native is not a File.
09-01 18:34:07.916 10047 10047 D SentryLog: [main] AppLifecycleIntegration installed.
09-01 18:34:07.917 10047 10047 D SentryLog: [main] ActivityLifecycleIntegration enabled: true
09-01 18:34:07.918 10047 10163 D SentryLog: [pool-2-thread-1] Finished processing cached files from /data/user/0/cn.missevan/cache/sentry
09-01 18:34:07.918 10047 10047 D SentryLog: [main] ActivityLifecycleIntegration installed.
09-01 18:34:07.919 10047 10047 D SentryLog: [main] UserInteractionIntegration enabled: true
09-01 18:34:07.920 10047 10047 D SentryLog: [main] UserInteractionIntegration installed.
09-01 18:34:07.921 10047 10163 D SentryLog: [pool-2-thread-1] Started processing cached files from /data/user/0/cn.missevan/cache/sentry/outbox
09-01 18:34:07.921 10047 10047 D SentryLog: [main] AppComponentsBreadcrumbsIntegration enabled: true
09-01 18:34:07.922 10047 10047 D SentryLog: [main] AppComponentsBreadcrumbsIntegration installed.
09-01 18:34:07.923 10047 10047 D SentryLog: [main] SystemEventsBreadcrumbsIntegration enabled: true
09-01 18:34:07.923 10047 10163 D SentryLog: [pool-2-thread-1] Processing dir. /data/user/0/cn.missevan/cache/sentry/outbox
09-01 18:34:07.928 10047 10047 D SentryLog: [main] SystemEventsBreadcrumbsIntegration installed.
09-01 18:34:07.928 10047 10163 D SentryLog: [pool-2-thread-1] Processing 0 items from cache dir /data/user/0/cn.missevan/cache/sentry/outbox
09-01 18:34:07.929 10047 10047 D SentryLog: [main] enableSystemEventsBreadcrumbs enabled: true
09-01 18:34:07.930 10047 10163 D SentryLog: [pool-2-thread-1] Finished processing cached files from /data/user/0/cn.missevan/cache/sentry/outbox
09-01 18:34:07.937 10047 10047 I SentryLog: [main] TYPE_AMBIENT_TEMPERATURE is not available.
09-01 18:34:07.938 10047 10047 D SentryLog: [main] enableSystemEventBreadcrumbs enabled: true
09-01 18:34:07.940 10047 10047 D SentryLog: [main] FragmentLifecycleIntegration installed.
09-01 18:34:07.985 10614 10746 D MemoryCeilingMonitor: [handleMemoryCalculate]
09-01 18:34:07.986 10614 10746 D MemoryCeilingMonitor: [calculate] tot: 3368362, max: 268435456, free: 297994, heap: 3070368, per: 0.01143801212310791
09-01 18:34:08.237 10047 10047 D NAccs.AccsClientConfig:  build config:AccsClientConfig{mAppKey='umeng:546d7dd7fd98c58fc800082c', mAppSecret='64e8358a59d434e5546720db97ab5996', mInappHost='umengacs.m.taobao.com', mChannelHost='umengjmacs.m.taobao.com', mStoreId='', mSecurity=2, mAuthCode='', mInappPubKey=11, mChannelPubKey=11, mKeepalive=true, mAutoUnit=false, mTag='default', mConfigEnv=0, mDisableChannel=false, mQuickReconnect=false, mAccsHeartbeatEnable=false, mPullUpEnable=false, mForePingEnable=false, mPingTimeout=0}
09-01 18:34:08.237 10047 10047 W NAccs.AccsClientConfig:  build conver old config:AccsClientConfig{mAppKey='umeng:546d7dd7fd98c58fc800082c', mAppSecret='64e8358a59d434e5546720db97ab5996', mInappHost='umengacs.m.taobao.com', mChannelHost='umengjmacs.m.taobao.com', mStoreId='', mSecurity=2, mAuthCode='', mInappPubKey=-1, mChannelPubKey=-1, mKeepalive=true, mAutoUnit=true, mTag='default', mConfigEnv=0, mDisableChannel=false, mQuickReconnect=false, mAccsHeartbeatEnable=false, mPullUpEnable=true, mForePingEnable=false, mPingTimeout=0}
09-01 18:34:08.238 10047 10047 D NAccs.ACCSClient:  init config:AccsClientConfig{mAppKey='umeng:546d7dd7fd98c58fc800082c', mAppSecret='64e8358a59d434e5546720db97ab5996', mInappHost='umengacs.m.taobao.com', mChannelHost='umengjmacs.m.taobao.com', mStoreId='', mSecurity=2, mAuthCode='', mInappPubKey=11, mChannelPubKey=11, mKeepalive=true, mAutoUnit=false, mTag='default', mConfigEnv=0, mDisableChannel=false, mQuickReconnect=false, mAccsHeartbeatEnable=false, mPullUpEnable=false, mForePingEnable=false, mPingTimeout=0}
09-01 18:34:08.239 10047 10047 D UPush.Impl: appkey:546d7dd7fd98c58fc800082c secret:64e8358a59d434e5546720db97ab5996
09-01 18:34:08.243 10047 10177 I NAccs.TaobaoRegister:  register appKey:umeng:546d7dd7fd98c58fc800082c configTag:default
09-01 18:34:08.245 10047 10177 D NAccs.Config:  setAgooAppKey appkey:umeng:546d7dd7fd98c58fc800082c
09-01 18:34:08.247 10047 10177 D NAccs.Config:  setAgooMessageSecret secret:64e8358a59d434e5546720db97ab5996
09-01 18:34:08.252 10047 10177 D NAccs.ACCSManager:  getAccsInstance key:default|0
09-01 18:34:08.293 10047 10177 D NAccs.MsgRecv_default:  message file not exist
09-01 18:34:08.295 10047 10177 D NAccs.InAppConn_default:  new connection
09-01 18:34:08.309 10047 10177 I NAccs.Utils:  isMainProcess result:false
09-01 18:34:08.313 10047 10177 I NAccs.ACCSMgrImpl_default:  bindApp appKey:umeng:546d7dd7fd98c58fc800082c
09-01 18:34:08.313 10047 10047 D NetworkSecurityConfig: Using Network Security Config from resource g debugBuild: true
09-01 18:34:08.322 10047 10047 W .missevan:stat: Accessing hidden method Ldalvik/system/CloseGuard;->get()Ldalvik/system/CloseGuard; (light greylist, reflection)
09-01 18:34:08.322 10047 10047 W .missevan:stat: Accessing hidden method Ldalvik/system/CloseGuard;->open(Ljava/lang/String;)V (light greylist, reflection)
09-01 18:34:08.322 10047 10047 W .missevan:stat: Accessing hidden method Ldalvik/system/CloseGuard;->warnIfOpen()V (light greylist, reflection)
09-01 18:34:08.323 10047 10177 D NAccs.UtilityImpl:  enableService comptName:ComponentInfo{cn.missevan/com.taobao.accs.ChannelService}
09-01 18:34:08.324  1724  1781 W PackageManager: setEnabledSetting  packageName:cn.missevan className:com.taobao.accs.ChannelService newState:1 userId:0 callingPackage:null
09-01 18:34:08.326 10047 10178 D NAccs.FileCheckUtils:  st.getAvailableBlocks()=2672064,st.getAvailableBlocks() * blockSize=10944774144
09-01 18:34:08.340 10047 10177 W NAccs.ACCSMgrImpl_default:  bindApp only allow in main process
09-01 18:34:08.392 10047 10047 I MissEvanApplication: [main] current process: cn.missevan:stats
09-01 18:34:08.406 10047 10047 D BLOG-EVENT-Network: network changed: 3=>1
09-01 18:34:08.416 10047 10047 W LaserActionExecutor: [main] actionClass map is null
09-01 18:34:08.458 10047 10047 V HotfixPatchListener: [main] application maxMemory:256
09-01 18:34:08.493 10047 10047 W Tinker.Tinker: [main] tinker patch directory: /data/user/0/cn.missevan/tinker
09-01 18:34:08.497 10047 10047 I Tinker.Tinker: [main] try to install tinker, isEnable: true, version: 1.9.14.10.4
09-01 18:34:08.500 10047 10047 I Tinker.TinkerLoadResult: [main] parseTinkerResult loadCode:-2, process name:cn.missevan:stats, main process:false, systemOTA:false, fingerPrint:vivo/PD1728/PD1728:9/PKQ1.180819.001/compiler07281740:user/release-keys, oatDir:null, useInterpretMode:false
09-01 18:34:08.502 10047 10047 W Tinker.TinkerLoadResult: [main] can't find patch file, is ok, just return
09-01 18:34:08.503 10047 10047 I Tinker.DefaultLoadReporter: [main] patch loadReporter onLoadResult: patch load result, path:/data/user/0/cn.missevan/tinker, code: -2, cost: 5ms
09-01 18:34:08.505 10047 10047 W Tinker.Tinker: [main] tinker load fail!
09-01 18:34:08.539 10047 10047 D Tinker.TinkerLoader: [main] [PendingLog @ 2022-09-01 18:34:07.230] tryLoad test test
09-01 18:34:08.542 10047 10047 W Tinker.TinkerLoader: [main] [PendingLog @ 2022-09-01 18:34:07.234] tryLoadPatchFiles:patch dir not exist:/data/user/0/cn.missevan/tinker
09-01 18:34:08.544 10047 10047 D Tinker.DefaultAppLike: [main] [PendingLog @ 2022-09-01 18:34:07.292] onBaseContextAttached:
09-01 18:34:08.546 10047 10047 D Tinker.DefaultAppLike: [main] [PendingLog @ 2022-09-01 18:34:07.381] onCreate
09-01 18:34:08.578 10047 10183 I neuron.producer: [thread_report] Producer init with sn=15.
09-01 18:34:08.604 10047 10183 I neuron.statistics: [thread_report] Statistics init mobile stats ts=0, bytes=0.
09-01 18:34:08.608 10047 10183 I neuron.traffic: [thread_report] Traffic policy initial interval=3000, batchSize=120
09-01 18:34:08.663 10047 10183 W .missevan:stat: Accessing hidden field Ljava/nio/Buffer;->address:J (light greylist, reflection)
09-01 18:34:08.800  9689  9911 D NAccs.InAppConn_default:  startChannelService
09-01 18:34:08.802  9689  9911 D NAccs.Config:  getAgooAppKey appkey:umeng:546d7dd7fd98c58fc800082c
09-01 18:34:08.806  9689  9911 I NAccs.a :  dispatchIntent bind service start intent:Intent { act=com.taobao.accs.intent.action.START_SERVICE cmp=cn.missevan/com.taobao.accs.ChannelService (has extras) }
09-01 18:34:08.823  9689  9911 D NAccs.AdapterGlobalClientInfo:  getAgooCustomServiceName serviceName:com.umeng.message.component.UmengIntentService
09-01 18:34:08.823  9689  9911 I NAccs.a :  dispatchIntent bind service start intent:Intent { act=org.agoo.android.intent.action.REPORT pkg=cn.missevan cmp=cn.missevan/com.umeng.message.component.UmengIntentService }
09-01 18:34:08.825  9689  9689 D NAccs.a :  bindService connected componentName:ComponentInfo{cn.missevan/com.taobao.accs.ChannelService}
09-01 18:34:08.829 10025 10025 I NAccs.BaseService:  handleMessage on receive msg msg:{ id=33 when=-1ms what=0 target=com.taobao.accs.base.BaseService$1 }
09-01 18:34:08.830 10025 10025 I NAccs.BaseService:  handleMessage get intent success intent:Intent { act=com.taobao.accs.intent.action.START_SERVICE cmp=cn.missevan/com.taobao.accs.ChannelService (has extras) }
09-01 18:34:08.832 10025 10136 I NAccs.ElectionServiceImpl:  onStartCommand begin action:com.taobao.accs.intent.action.START_SERVICE
09-01 18:34:08.833 10025 10136 I NAccs.ElectionServiceImpl:  handleStartCommand configTag:default appkey:umeng:546d7dd7fd98c58fc800082c appSecret:64e8358a59d434e5546720db97ab5996 ttid:android@umeng pkg:cn.missevan
09-01 18:34:08.834 10025 10136 I NAccs.ElectionServiceImpl:  getConnection configTag:default start:false
09-01 18:34:08.834 10025 10136 I NAccs.ServiceImpl:  onHostStartCommand intent:Intent { act=com.taobao.accs.intent.action.START_SERVICE cmp=cn.missevan/com.taobao.accs.ChannelService (has extras) }
09-01 18:34:08.834 10025 10136 D NAccs.ServiceImpl:  onHostStartCommand key:appKey  value:umeng:546d7dd7fd98c58fc800082c
09-01 18:34:08.835 10025 10136 D NAccs.ServiceImpl:  onHostStartCommand key:configTag  value:default
09-01 18:34:08.835 10025 10136 D NAccs.ServiceImpl:  onHostStartCommand key:mode  value:0
09-01 18:34:08.835 10025 10136 D NAccs.ServiceImpl:  onHostStartCommand key:ttid  value:android@umeng
09-01 18:34:08.835 10025 10136 D NAccs.ServiceImpl:  onHostStartCommand key:packageName  value:cn.missevan
09-01 18:34:08.835 10025 10136 D NAccs.ServiceImpl:  onHostStartCommand key:app_sercet  value:64e8358a59d434e5546720db97ab5996
09-01 18:34:08.835 10025 10136 D NAccs.ServiceImpl:  onHostStartCommand key:agoo_app_key  value:umeng:546d7dd7fd98c58fc800082c
09-01 18:34:08.835 10025 10136 I NAccs.LoadSoFailUtil:  getSoFailTimes times:0
09-01 18:34:08.835 10025 10136 D NAccs.ServiceImpl:  handleAction action:com.taobao.accs.intent.action.START_SERVICE
09-01 18:34:08.835 10025 10136 I NAccs.ServiceImpl:  tryConnect appkey:umeng:546d7dd7fd98c58fc800082c configTag:default|0
09-01 18:34:08.835 10025 10136 D NAccs.SilenceConn_default:  start
09-01 18:34:08.836 10025 10136 D NAccs.SilenceConn_default:  try ping, force:false
09-01 18:34:08.837 10025 10136 D NAccs.SilenceConn_default:  sendMessage ready dataId:1662028448836.3 type:PING delay:0
09-01 18:34:08.838 10025 10136 D NAccs.SilenceConn_default:  clearRepeatControlCommand message:201/
09-01 18:34:08.844  9689  9689 D NAccs.a :  bindService connected componentName:ComponentInfo{cn.missevan/com.umeng.message.component.UmengIntentService}
09-01 18:34:08.849 10025 10025 I NAccs.BaseIntentService:  handleMessage on receive msg msg:{ id=34 when=-1ms what=0 target=org.android.agoo.control.g }
09-01 18:34:08.850 10025 10025 I NAccs.BaseIntentService:  handleMessage get intent success intent:Intent { act=org.agoo.android.intent.action.REPORT pkg=cn.missevan cmp=cn.missevan/com.umeng.message.component.UmengIntentService }
09-01 18:34:08.852 10025 10136 I NAccs.BaseIntentService:  onHandleIntent,action=org.agoo.android.intent.action.REPORT,agooCommand=cn.missevan.intent.action.COMMAND,mipushCommand=cn.missevan.intent.thirdPush.action.COMMAND
09-01 18:34:08.853 10025 10136 I NAccs.BaseIntentService:  is report cache msg,Config.isReportCacheMsg(mContext)=false
09-01 18:34:08.854 10025 10136 D NAccs.isClearTime:  now=1662028448853,now - lastTime=7582671,istrue=false
09-01 18:34:08.854 10025 10136 I NAccs.BaseIntentService:  is clear all msg=false
09-01 18:34:08.854 10025 10136 D NAccs.isClearTime:  now=1662028448853,now - lastTime=7582671,istrue=false
09-01 18:34:09.566  9717  9944 D NAccs.InAppConn_default:  startChannelService
09-01 18:34:09.568  9717  9944 D NAccs.Config:  getAgooAppKey appkey:umeng:546d7dd7fd98c58fc800082c
09-01 18:34:09.570  9717  9944 I NAccs.a :  dispatchIntent bind service start intent:Intent { act=com.taobao.accs.intent.action.START_SERVICE cmp=cn.missevan/com.taobao.accs.ChannelService (has extras) }
09-01 18:34:09.598  9717  9944 D NAccs.AdapterGlobalClientInfo:  getAgooCustomServiceName serviceName:com.umeng.message.component.UmengIntentService
09-01 18:34:09.598  9717  9944 I NAccs.a :  dispatchIntent bind service start intent:Intent { act=org.agoo.android.intent.action.REPORT pkg=cn.missevan cmp=cn.missevan/com.umeng.message.component.UmengIntentService }
09-01 18:34:09.599  9717  9717 D NAccs.a :  bindService connected componentName:ComponentInfo{cn.missevan/com.taobao.accs.ChannelService}
09-01 18:34:09.602 10025 10025 I NAccs.BaseService:  handleMessage on receive msg msg:{ id=35 when=-1ms what=0 target=com.taobao.accs.base.BaseService$1 }
09-01 18:34:09.603 10025 10025 I NAccs.BaseService:  handleMessage get intent success intent:Intent { act=com.taobao.accs.intent.action.START_SERVICE cmp=cn.missevan/com.taobao.accs.ChannelService (has extras) }
09-01 18:34:09.605 10025 10136 I NAccs.ElectionServiceImpl:  onStartCommand begin action:com.taobao.accs.intent.action.START_SERVICE
09-01 18:34:09.606 10025 10136 I NAccs.ElectionServiceImpl:  handleStartCommand configTag:default appkey:umeng:546d7dd7fd98c58fc800082c appSecret:64e8358a59d434e5546720db97ab5996 ttid:android@umeng pkg:cn.missevan
09-01 18:34:09.608 10025 10136 I NAccs.ElectionServiceImpl:  getConnection configTag:default start:false
09-01 18:34:09.609 10025 10136 I NAccs.ServiceImpl:  onHostStartCommand intent:Intent { act=com.taobao.accs.intent.action.START_SERVICE cmp=cn.missevan/com.taobao.accs.ChannelService (has extras) }
09-01 18:34:09.610 10025 10136 D NAccs.ServiceImpl:  onHostStartCommand key:appKey  value:umeng:546d7dd7fd98c58fc800082c
09-01 18:34:09.610 10025 10136 D NAccs.ServiceImpl:  onHostStartCommand key:configTag  value:default
09-01 18:34:09.610 10025 10136 D NAccs.ServiceImpl:  onHostStartCommand key:mode  value:0
09-01 18:34:09.610 10025 10136 D NAccs.ServiceImpl:  onHostStartCommand key:ttid  value:android@umeng
09-01 18:34:09.613 10025 10136 D NAccs.ServiceImpl:  onHostStartCommand key:packageName  value:cn.missevan
09-01 18:34:09.614 10025 10136 D NAccs.ServiceImpl:  onHostStartCommand key:app_sercet  value:64e8358a59d434e5546720db97ab5996
09-01 18:34:09.614 10025 10136 D NAccs.ServiceImpl:  onHostStartCommand key:agoo_app_key  value:umeng:546d7dd7fd98c58fc800082c
09-01 18:34:09.615 10025 10136 I NAccs.LoadSoFailUtil:  getSoFailTimes times:0
09-01 18:34:09.616 10025 10136 D NAccs.ServiceImpl:  handleAction action:com.taobao.accs.intent.action.START_SERVICE
09-01 18:34:09.616 10025 10136 I NAccs.ServiceImpl:  tryConnect appkey:umeng:546d7dd7fd98c58fc800082c configTag:default|0
09-01 18:34:09.616 10025 10136 D NAccs.SilenceConn_default:  start
09-01 18:34:09.616 10025 10136 D NAccs.SilenceConn_default:  try ping, force:false
09-01 18:34:09.620 10025 10136 D NAccs.SilenceConn_default:  sendMessage ready dataId:1662028449617.4 type:PING delay:0
09-01 18:34:09.624 10025 10136 D NAccs.SilenceConn_default:  clearRepeatControlCommand message:201/
09-01 18:34:09.653  9717  9717 D NAccs.a :  bindService connected componentName:ComponentInfo{cn.missevan/com.umeng.message.component.UmengIntentService}
09-01 18:34:09.656 10025 10025 I NAccs.BaseIntentService:  handleMessage on receive msg msg:{ id=36 when=-1ms what=0 target=org.android.agoo.control.g }
09-01 18:34:09.657 10025 10025 I NAccs.BaseIntentService:  handleMessage get intent success intent:Intent { act=org.agoo.android.intent.action.REPORT pkg=cn.missevan cmp=cn.missevan/com.umeng.message.component.UmengIntentService }
09-01 18:34:09.658 10025 10136 I NAccs.BaseIntentService:  onHandleIntent,action=org.agoo.android.intent.action.REPORT,agooCommand=cn.missevan.intent.action.COMMAND,mipushCommand=cn.missevan.intent.thirdPush.action.COMMAND
09-01 18:34:09.659 10025 10136 I NAccs.BaseIntentService:  is report cache msg,Config.isReportCacheMsg(mContext)=false
09-01 18:34:09.662 10025 10136 D NAccs.isClearTime:  now=1662028449660,now - lastTime=7583478,istrue=false
09-01 18:34:09.662 10025 10136 I NAccs.BaseIntentService:  is clear all msg=false
09-01 18:34:09.662 10025 10136 D NAccs.isClearTime:  now=1662028449660,now - lastTime=7583478,istrue=false
09-01 18:34:10.071 13770 14157 I SmartThreadExecutor: handleMessage: start check 0
09-01 18:34:10.071 13770 14157 I SmartThreadExecutor: handleMessage: check end 0 -128 false
09-01 18:34:10.584  2746 10083 D AIE-Bolts-Task: New thread: BoltsBgPool-thread-3568
09-01 18:34:10.599  2746 10083 D AIE-Bolts-Task: New thread: BoltsBgPool-thread-3569
09-01 18:34:10.608  2746 10083 D AIE-Bolts-Task: New thread: BoltsBgPool-thread-3570
09-01 18:34:10.614  2746 10083 D AIE-Bolts-Task: New thread: BoltsBgPool-thread-3571
09-01 18:34:10.617  2746 10083 D AIE-Bolts-Task: New thread: BoltsBgPool-thread-3572
09-01 18:34:10.621  2746 10083 D AIE-Bolts-Task: New thread: BoltsBgPool-thread-3573
09-01 18:34:11.184  1007  1109 E storaged: getDiskStats failed with result NOT_SUPPORTED and size 0
09-01 18:34:12.047 10047 10183 W .missevan:stat: Accessing hidden method Lcom/android/org/conscrypt/OpenSSLSocketImpl;->setAlpnProtocols([B)V (light greylist, reflection)
09-01 18:34:12.320 10047 10183 W .missevan:stat: Accessing hidden method Lcom/android/org/conscrypt/OpenSSLSocketImpl;->getAlpnSelectedProtocol()[B (light greylist, reflection)
09-01 18:34:12.579 10047 10183 W .missevan:stat: Accessing hidden field Lsun/misc/Unsafe;->theUnsafe:Lsun/misc/Unsafe; (light greylist, reflection)
09-01 18:34:12.590 10047 10183 D config.Worker: config,ver: null
09-01 18:34:12.605 10047 10183 D ab.Worker: ab,ver: null
09-01 18:34:12.606 10047 10183 I neuron.poster: [thread_report] Send package with events=1, bytes=409, statusCode=200, sn=[15]
09-01 18:34:12.883 10025 10162 I NAccs.SilenceConn_default:  getChannelHost host:umengjmacs.m.taobao.com
09-01 18:34:12.892 10025 10162 D getConnStrategyListByHost: |[seq:host] umengjmacs.m.taobao.com:result [{203.119.205.127 80 spdy_0rtt_acs}, {203.119.205.127 443 spdy_0rtt_acs}]
09-01 18:34:12.902 10025 10162 E NAccs.SilenceConn_default:  connect ip:203.119.205.127 port:80
09-01 18:34:12.903 10025 10162 E NAccs.SilenceConn_default:  connect ip:203.119.205.127 port:443
09-01 18:34:12.905 10025 10162 E NAccs.SilenceConn_default:  connect from amdc succ ip:203.119.205.127 port:80 originPos:0
09-01 18:34:12.905 10025 10162 E NAccs.SilenceConn_default:  connect URL:https://203.119.205.127:80/accs/
09-01 18:34:12.912 10025 10162 E NAccs.SilenceConn_default:  notifyStatus start status:CONNECTING
09-01 18:34:12.914 10025 10162 I NAccs.SilenceConn_default:  notifyStatus end status:CONNECTING
09-01 18:34:12.915 10025 10162 E NAccs.SilenceConn_default:  connect normal
09-01 18:34:12.916 10025 10162 I NAccs.SilenceConn_default:  getChannelHost host:umengjmacs.m.taobao.com
09-01 18:34:12.916 10025 10162 I NAccs.SilenceConn_default:  getPublicKeyType use custom pub key pubKey:11
09-01 18:34:12.938 10025 10162 I tnet-jni: 7800 -  create new session: 203.119.205.127:80
09-01 18:34:13.004 10025 10150 I tnet-jni: 7794 - [SpdySessionCallBack.getSSLMeta] - org.android.spdy.SpdySession@1cc4cd2
09-01 18:34:13.005 10025 10150 I tnet-jni: 7794 - [spdySessionConnectCB] -
09-01 18:34:13.005 10025 10150 I tnet-jni: 7794 - [SpdySessionCallBack.spdySessionConnectCB] - org.android.spdy.SpdySession@1cc4cd2
09-01 18:34:13.007 10025 10150 E NAccs.SilenceConn_default:  spdySessionConnectCB sessionConnectInterval:66 sslTime:4 reuse:0
09-01 18:34:13.022 10025 10150 E NAccs.SilenceConn_default:  auth url:https://203.119.205.127:80/accs/auth?1=YxBs9IHhiKQDAFfj0NajmZNB&2=91634d0be3df47b961868ce72b3925eac008e229e1fb4a3db2de092f457f32d3&3=umeng:546d7dd7fd98c58fc800082c&5=0&6=wifi&7=null&8=221&9=1662028453018&10=1&11=28&12=cn.missevan&13=5.7.3&14=android@umeng&15=vivo+X21A&16=vivo&17=221&19=0&20=
09-01 18:34:13.032 10025 10150 I NAccs.SilenceConn_default:  getChannelHost host:umengjmacs.m.taobao.com
09-01 18:34:13.034 10025 10150 I NAccs.SilenceConn_default:  getChannelHost host:umengjmacs.m.taobao.com
09-01 18:34:13.038 10025 10150 I tnet-jni: 7794 - index=1  starttime=1662028453038
09-01 18:34:13.040 10025 10150 I tnet-jni: 7794 - index=1   calltime=1662028453040
09-01 18:34:13.098 10025 10150 I tnet-jni: 7794 - [SpdySessionCallBack.putSSLMeta] - org.android.spdy.SpdySession@1cc4cd2
09-01 18:34:13.099 10025 10150 I tnet-jni: 7794 - [spdyStreamResponseRecv] -
09-01 18:34:13.100 10025 10150 I tnet-jni: 7794 - [SpdySessionCallBack.spdyOnStreamResponse] - org.android.spdy.SpdySession@1cc4cd2
09-01 18:34:13.106 10025 10150 D NAccs.SilenceConn_:  spdyOnStreamResponse header:{date=[Thu, 01 Sep 2022 10:34:14 GMT], content-length=[0], server=[Tengine/Aserver/3.2.50_20220720104953], :version=[HTTP/1.1], s-accs-retcode=[SUCCESS], :status=[200], x-workerid=[2089671326796166351], x-at=[YxBs9IHhiKQDAFfj0NajmZNBumeng:546d7dd7fd98c58fc800082c1662042854]}
09-01 18:34:13.108 10025 10150 E NAccs.SilenceConn_default:  spdyOnStreamResponse httpStatusCode:200
09-01 18:34:13.109 10025 10150 E NAccs.SilenceConn_default:  notifyStatus start status:CONNECTED
09-01 18:34:13.109 10025 10150 D NAccs.HeartbeatManager:  resetLevel
09-01 18:34:13.109 10025 10150 D NAccs.HeartbeatManager:  set 270
09-01 18:34:13.142 10025 10150 I NAccs.SilenceConn_default:  notifyStatus end status:CONNECTED
09-01 18:34:13.142 10025 10162 D NAccs.HeartbeatManager:  set 270
09-01 18:34:13.143 10025 10150 D NAccs.SilenceConn_default:  spdyOnStreamResponse
09-01 18:34:13.143 10025 10150 I tnet-jni: 7794 - [spdyStreamCloseCallback] -
09-01 18:34:13.144 10025 10150 I tnet-jni: 7794 - [SpdySessionCallBack.spdyStreamCloseCallback] - org.android.spdy.SpdySession@1cc4cd2
09-01 18:34:13.144 10025 10150 I tnet-jni: 7794 - index=1    endtime=1662028453144
09-01 18:34:13.144 10025 10150 D NAccs.SilenceConn_default:  spdyStreamCloseCallback
09-01 18:34:13.168 10025 10162 D NAccs.NetworkThread_default:  send succ, remove it
09-01 18:34:13.168 10025 10162 D NAccs.NetworkThread_default:  ready to get message
09-01 18:34:13.168 10025 10162 D NAccs.NetworkThread_default:  no message, wait
09-01 18:34:13.985  2404  2404 D KeyguardUpdateMonitor: received broadcast android.intent.action.BATTERY_CHANGED
09-01 18:34:13.986  2404  2404 D KeyguardUpdateMonitor: handleBatteryUpdate
09-01 18:34:13.987  2404  2404 D ViewRootImpl[StatusBar]: pokeDrawLockedIfNeeded displayState=4
09-01 18:34:13.988  1724  5409 D WindowManager: pokeDrawLock: suppressed draw lock request for invisible window owned by com.android.systemui
09-01 18:34:13.989  2831  2831 D QtiCarrierConfigHelper: WARNING, no carrier configs on phone Id: 0
09-01 18:34:13.990   692   692 V LocSvc_HIDL_IzatSubscription: [batteryLevelUpdate][777] [HS] <<<<= [HC]
09-01 18:34:13.993 23979 23979 D MainImeServiceDel: mHandler = 201
09-01 18:34:14.001 13770 13770 D TESDownloadManager: AppSystemReceiver onReceive
09-01 18:34:14.001 13770 13770 D TESDownloadManager: action:android.intent.action.BATTERY_CHANGED
09-01 18:34:14.022  2404  2404 D KeyguardUpdateMonitor: received broadcast android.intent.action.BATTERY_CHANGED
09-01 18:34:14.023  2404  2404 D KeyguardUpdateMonitor: handleBatteryUpdate
09-01 18:34:14.028  2831  2831 D QtiCarrierConfigHelper: WARNING, no carrier configs on phone Id: 0
09-01 18:34:14.029   692   692 V LocSvc_HIDL_IzatSubscription: [batteryLevelUpdate][777] [HS] <<<<= [HC]
09-01 18:34:14.031 23979 23979 D MainImeServiceDel: mHandler = 201
09-01 18:34:14.032 13770 13770 D TESDownloadManager: AppSystemReceiver onReceive
09-01 18:34:14.032 13770 13770 D TESDownloadManager: action:android.intent.action.BATTERY_CHANGED
09-01 18:34:14.756 13770 13810 I PERF_LOG: GC.happened gc!!!!!!!!!, 1031690 ms interval from last time
09-01 18:34:17.354 13770 13812 I ZPlanGuardManager: onBackgroundUnguardTimeTick, tick=86
09-01 18:34:17.456 13770 14366 I SDKReportManager2: >>mPostHandler handleMessage enter
09-01 18:34:17.456 13770 14366 I SDKReportManager2: >>mPostHandler msg = MSG_BATCH_REPORT
09-01 18:34:17.466 13770 14366 I SDKReportManager2: >>mPostHandler handleMessage exit
09-01 18:34:17.473 10025 10136 D NAccs.InAppConn_default:  startChannelService
09-01 18:34:17.476 10025 10136 D NAccs.Config:  getAgooAppKey appkey:umeng:546d7dd7fd98c58fc800082c
09-01 18:34:17.480 10025 10136 I NAccs.a :  dispatchIntent bind service start intent:Intent { act=com.taobao.accs.intent.action.START_SERVICE cmp=cn.missevan/com.taobao.accs.ChannelService (has extras) }
09-01 18:34:17.496 10025 10025 D NAccs.a :  bindService connected componentName:ComponentInfo{cn.missevan/com.taobao.accs.ChannelService}
09-01 18:34:17.496 10025 10136 D NAccs.AdapterGlobalClientInfo:  getAgooCustomServiceName serviceName:com.umeng.message.component.UmengIntentService
09-01 18:34:17.496 10025 10136 I NAccs.a :  dispatchIntent bind service start intent:Intent { act=org.agoo.android.intent.action.REPORT pkg=cn.missevan cmp=cn.missevan/com.umeng.message.component.UmengIntentService }
09-01 18:34:17.510 10025 10025 I NAccs.BaseService:  handleMessage on receive msg msg:{ id=40 when=-14ms what=0 target=com.taobao.accs.base.BaseService$1 }
09-01 18:34:17.512 10025 10025 I NAccs.BaseService:  handleMessage get intent success intent:Intent { act=com.taobao.accs.intent.action.START_SERVICE cmp=cn.missevan/com.taobao.accs.ChannelService (has extras) }
09-01 18:34:17.514 10025 10025 D NAccs.a :  bindService connected componentName:ComponentInfo{cn.missevan/com.umeng.message.component.UmengIntentService}
09-01 18:34:17.514 10025 10136 I NAccs.ElectionServiceImpl:  onStartCommand begin action:com.taobao.accs.intent.action.START_SERVICE
09-01 18:34:17.515 10025 10136 I NAccs.ElectionServiceImpl:  handleStartCommand configTag:default appkey:umeng:546d7dd7fd98c58fc800082c appSecret:64e8358a59d434e5546720db97ab5996 ttid:android@umeng pkg:cn.missevan
09-01 18:34:17.523 10025 10136 I NAccs.ElectionServiceImpl:  getConnection configTag:default start:false
09-01 18:34:17.524 10025 10136 I NAccs.ServiceImpl:  onHostStartCommand intent:Intent { act=com.taobao.accs.intent.action.START_SERVICE cmp=cn.missevan/com.taobao.accs.ChannelService (has extras) }
09-01 18:34:17.527 10025 10136 D NAccs.ServiceImpl:  onHostStartCommand key:appKey  value:umeng:546d7dd7fd98c58fc800082c
09-01 18:34:17.527 10025 10136 D NAccs.ServiceImpl:  onHostStartCommand key:configTag  value:default
09-01 18:34:17.527 10025 10136 D NAccs.ServiceImpl:  onHostStartCommand key:mode  value:0
09-01 18:34:17.528 10025 10136 D NAccs.ServiceImpl:  onHostStartCommand key:ttid  value:android@umeng
09-01 18:34:17.528 10025 10136 D NAccs.ServiceImpl:  onHostStartCommand key:packageName  value:cn.missevan
09-01 18:34:17.528 10025 10136 D NAccs.ServiceImpl:  onHostStartCommand key:app_sercet  value:64e8358a59d434e5546720db97ab5996
09-01 18:34:17.529 10025 10136 D NAccs.ServiceImpl:  onHostStartCommand key:agoo_app_key  value:umeng:546d7dd7fd98c58fc800082c
09-01 18:34:17.529 10025 10136 I NAccs.LoadSoFailUtil:  getSoFailTimes times:0
09-01 18:34:17.529 10025 10136 D NAccs.ServiceImpl:  handleAction action:com.taobao.accs.intent.action.START_SERVICE
09-01 18:34:17.530 10025 10136 I NAccs.ServiceImpl:  tryConnect appkey:umeng:546d7dd7fd98c58fc800082c configTag:default|0
09-01 18:34:17.530 10025 10136 D NAccs.SilenceConn_default:  start
09-01 18:34:17.531 10025 10136 D NAccs.SilenceConn_default:  try ping, force:false
09-01 18:34:17.535 10025 10025 I NAccs.BaseIntentService:  handleMessage on receive msg msg:{ id=42 when=-20ms what=0 target=org.android.agoo.control.g }
09-01 18:34:17.535 10025 10136 D NAccs.SilenceConn_default:  sendMessage ready dataId:1662028457532.5 type:PING delay:0
09-01 18:34:17.535 10025 10025 I NAccs.BaseIntentService:  handleMessage get intent success intent:Intent { act=org.agoo.android.intent.action.REPORT pkg=cn.missevan cmp=cn.missevan/com.umeng.message.component.UmengIntentService }
09-01 18:34:17.536 10025 10136 I NAccs.BaseIntentService:  onHandleIntent,action=org.agoo.android.intent.action.REPORT,agooCommand=cn.missevan.intent.action.COMMAND,mipushCommand=cn.missevan.intent.thirdPush.action.COMMAND
09-01 18:34:17.537 10025 10136 I NAccs.BaseIntentService:  is report cache msg,Config.isReportCacheMsg(mContext)=false
09-01 18:34:17.539 10025 10136 D NAccs.isClearTime:  now=1662028457538,now - lastTime=7591356,istrue=false
09-01 18:34:17.539 10025 10136 I NAccs.BaseIntentService:  is clear all msg=false
09-01 18:34:17.540 10025 10136 D NAccs.isClearTime:  now=1662028457538,now - lastTime=7591356,istrue=false
09-01 18:34:18.342 10047 10178 D NAccs.InAppConn_default:  startChannelService
09-01 18:34:18.347 10047 10178 D NAccs.Config:  getAgooAppKey appkey:umeng:546d7dd7fd98c58fc800082c
09-01 18:34:18.357 10047 10178 I NAccs.a :  dispatchIntent bind service start intent:Intent { act=com.taobao.accs.intent.action.START_SERVICE cmp=cn.missevan/com.taobao.accs.ChannelService (has extras) }
09-01 18:34:18.390 10047 10178 D NAccs.AdapterGlobalClientInfo:  getAgooCustomServiceName serviceName:com.umeng.message.component.UmengIntentService
09-01 18:34:18.390 10047 10178 I NAccs.a :  dispatchIntent bind service start intent:Intent { act=org.agoo.android.intent.action.REPORT pkg=cn.missevan cmp=cn.missevan/com.umeng.message.component.UmengIntentService }
09-01 18:34:18.391 10047 10047 D NAccs.a :  bindService connected componentName:ComponentInfo{cn.missevan/com.taobao.accs.ChannelService}
09-01 18:34:18.397 10025 10025 I NAccs.BaseService:  handleMessage on receive msg msg:{ id=43 when=0 what=0 target=com.taobao.accs.base.BaseService$1 }
09-01 18:34:18.398 10025 10025 I NAccs.BaseService:  handleMessage get intent success intent:Intent { act=com.taobao.accs.intent.action.START_SERVICE cmp=cn.missevan/com.taobao.accs.ChannelService (has extras) }
09-01 18:34:18.399 10025 10136 I NAccs.ElectionServiceImpl:  onStartCommand begin action:com.taobao.accs.intent.action.START_SERVICE
09-01 18:34:18.400 10025 10136 I NAccs.ElectionServiceImpl:  handleStartCommand configTag:default appkey:umeng:546d7dd7fd98c58fc800082c appSecret:64e8358a59d434e5546720db97ab5996 ttid:android@umeng pkg:cn.missevan
09-01 18:34:18.402 10025 10136 I NAccs.ElectionServiceImpl:  getConnection configTag:default start:false
09-01 18:34:18.403 10025 10136 I NAccs.ServiceImpl:  onHostStartCommand intent:Intent { act=com.taobao.accs.intent.action.START_SERVICE cmp=cn.missevan/com.taobao.accs.ChannelService (has extras) }
09-01 18:34:18.403 10025 10136 D NAccs.ServiceImpl:  onHostStartCommand key:appKey  value:umeng:546d7dd7fd98c58fc800082c
09-01 18:34:18.404 10025 10136 D NAccs.ServiceImpl:  onHostStartCommand key:configTag  value:default
09-01 18:34:18.404 10025 10136 D NAccs.ServiceImpl:  onHostStartCommand key:mode  value:0
09-01 18:34:18.404 10025 10136 D NAccs.ServiceImpl:  onHostStartCommand key:ttid  value:android@umeng
09-01 18:34:18.404 10025 10136 D NAccs.ServiceImpl:  onHostStartCommand key:packageName  value:cn.missevan
09-01 18:34:18.405 10025 10136 D NAccs.ServiceImpl:  onHostStartCommand key:app_sercet  value:64e8358a59d434e5546720db97ab5996
09-01 18:34:18.405 10025 10136 D NAccs.ServiceImpl:  onHostStartCommand key:agoo_app_key  value:umeng:546d7dd7fd98c58fc800082c
09-01 18:34:18.405 10025 10136 I NAccs.LoadSoFailUtil:  getSoFailTimes times:0
09-01 18:34:18.405 10025 10136 D NAccs.ServiceImpl:  handleAction action:com.taobao.accs.intent.action.START_SERVICE
09-01 18:34:18.406 10025 10136 I NAccs.ServiceImpl:  tryConnect appkey:umeng:546d7dd7fd98c58fc800082c configTag:default|0
09-01 18:34:18.406 10025 10136 D NAccs.SilenceConn_default:  start
09-01 18:34:18.406 10025 10136 D NAccs.SilenceConn_default:  try ping, force:false
09-01 18:34:18.409 10025 10136 D NAccs.SilenceConn_default:  sendMessage ready dataId:1662028458406.6 type:PING delay:0
09-01 18:34:18.410 10025 10136 D NAccs.SilenceConn_default:  clearRepeatControlCommand message:201/
09-01 18:34:18.417 10047 10047 D NAccs.a :  bindService connected componentName:ComponentInfo{cn.missevan/com.umeng.message.component.UmengIntentService}
09-01 18:34:18.420 10025 10025 I NAccs.BaseIntentService:  handleMessage on receive msg msg:{ id=44 when=-1ms what=0 target=org.android.agoo.control.g }
09-01 18:34:18.422 10025 10025 I NAccs.BaseIntentService:  handleMessage get intent success intent:Intent { act=org.agoo.android.intent.action.REPORT pkg=cn.missevan cmp=cn.missevan/com.umeng.message.component.UmengIntentService }
09-01 18:34:18.423 10025 10136 I NAccs.BaseIntentService:  onHandleIntent,action=org.agoo.android.intent.action.REPORT,agooCommand=cn.missevan.intent.action.COMMAND,mipushCommand=cn.missevan.intent.thirdPush.action.COMMAND
09-01 18:34:18.424 10025 10136 I NAccs.BaseIntentService:  is report cache msg,Config.isReportCacheMsg(mContext)=false
09-01 18:34:18.426 10025 10136 D NAccs.isClearTime:  now=1662028458425,now - lastTime=7592243,istrue=false
09-01 18:34:18.426 10025 10136 I NAccs.BaseIntentService:  is clear all msg=false
09-01 18:34:18.426 10025 10136 D NAccs.isClearTime:  now=1662028458425,now - lastTime=7592243,istrue=false
09-01 18:34:18.852 13770 16441 I QzoneConfig: key = qzonesetting secondaryKey= qzone_lastgetfeedtime value= null
09-01 18:34:19.873  4240  4431 V SingleDBHelper: onOpen
09-01 18:34:20.315 13770 16236 D Q.fts.BgCpu.Total: 2022-09-01 18:34:20 cpu:131 - wall:143  b transCount:0 transCost:0 transAvg:0.0 FTSTroopOperator transCount:0 transCost:0 transAvg:0.0
09-01 18:34:20.832  2404  2404 D KeyguardUpdateMonitor: received broadcast android.intent.action.BATTERY_CHANGED
09-01 18:34:20.833  2404  2404 D KeyguardUpdateMonitor: handleBatteryUpdate
09-01 18:34:20.836  2831  2831 D QtiCarrierConfigHelper: WARNING, no carrier configs on phone Id: 0
09-01 18:34:20.837   692   692 V LocSvc_HIDL_IzatSubscription: [batteryLevelUpdate][777] [HS] <<<<= [HC]
09-01 18:34:20.838 23979 23979 D MainImeServiceDel: mHandler = 201
09-01 18:34:20.839  1724  1781 W ActivityManager: Unable to start service Intent { act=android.security.IKeyChainService cmp=com.android.keychain/.KeyChainService } U=999: not found
09-01 18:34:20.842 13770 13770 D TESDownloadManager: AppSystemReceiver onReceive
09-01 18:34:20.842 13770 13770 D TESDownloadManager: action:android.intent.action.BATTERY_CHANGED
09-01 18:34:20.847  2404 10208 I SecurityController: java.lang.AssertionError: could not bind to KeyChainService
09-01 18:34:21.037   715   908 V APM_AudioPolicyManager: AudioPolicyManager:setRecordSilenced(uid:10017, silenced:1)
09-01 18:34:21.037   715   908 V AudioFlinger: AudioFlinger::setRecordSilenced(uid:10017, silenced:1)
09-01 18:34:21.249  3690  3711 I QcrilOemhookMsgTunnel: [0]processOemHookIndication length=151
09-01 18:34:21.250  3690  3711 D QcrilOemhookMsgTunnel: processOemHookIndication unsolId=1028
09-01 18:34:21.250  3690  3711 D QcrilOemhookMsgTunnel: Received RIL_UNSOL_OEM_HOOK_RAW messagelength=151 [4, 4, 0, 0, 81, 79, 69, 77, 72, 79, 79, 75, -44, 7, 8, 0, -125, 0, 0, 0, 11, 66, 83, 58, 52, 54, 48, 48, 49, 58, 1, 5, 4, 3, 127, 127, 127, 127, 1, 5, 4, 3, 127, 127, 127, 127, 1, 5, 4, 3, 127, 127, 127, 127, 1, 5, 4, 3, 127, 127, 127, 127, 1, 5, 4, 3, 127, 127, 127, 127, 1, 5, 4, 3, 127, 127, 127, 127, 1, 5, 4, 3, 127, 127, 127, 127, 1, 5, 4, 3, 127, 127, 127, 127, 1, 5, 4, 3, 127, 127, 127, 127, 1, 5, 4, 3, 127, 127, 127, 127, 1, 5, 4, 3, 127, 127, 127, 127, 1, 5, 4, 3, 127, 127, 127, 127, 1, 5, 4, 3, 127, 127, 127, 127, 1, 5, 4, 3, 127, 127, 127, 127, 1, 5, 4, 3, 127, 127, 127, 127, 1]
09-01 18:34:21.250  3690  3711 D QcrilOemhookMsgTunnel: Oem ID in RIL_UNSOL_OEM_HOOK_RAW is QOEMHOOK
09-01 18:34:21.250  3690  3711 D QcrilOemhookMsgTunnel: OEM ID check Passed
09-01 18:34:21.250  3690  3711 D QcrilOemhookMsgTunnel: Response ID in RIL_UNSOL_OEM_HOOK_RAW is 526292
09-01 18:34:21.250  3690  3711 D QcrilOemhookMsgTunnel: Response ID 526292 is not served in this process.
09-01 18:34:21.250  3690  3711 D QcrilOemhookMsgTunnel: To broadcast an Intent via the notifier to external apps
09-01 18:34:21.250  3690  3711 D QcrilOemhookMsgTunnel: processUnsol: response length=147
09-01 18:34:21.251  3690  3690 D QcrilMsgTunnelIfaceManager: handleMessage what = 0
09-01 18:34:21.260  1724  5409 I PackageManager: ### pkg:Package{830c0dd com.vivo.networkimprove}
09-01 18:34:21.263  1724  1852 D ActivityManager: StartMode packageName = com.vivo.networkimprove ,callingPid = -1 ,alwaysRestrict = true ,startMode = 2 ,UidRec:null
09-01 18:34:21.266  1724  1852 I chatty  : uid=1000(system) ActivityManager expire 1 line
09-01 18:34:21.332  1724  1855 I ActivityManager: Start proc 10209:com.vivo.networkimprove/u0a66 for broadcast com.vivo.networkimprove/.StartupReceiver
09-01 18:34:21.357 10209 10209 E .networkimprov: Not starting debugger since process cannot load the jdwp agent.
09-01 18:34:21.390  1724  1781 I chatty  : uid=1000(system) Binder:1724_1 expire 9 lines
09-01 18:34:21.435  1724  2054 D WindowManager: before sendMessage MSG_WAKEUP_BY_WHO_POWERKEY2ND ret:-1
09-01 18:34:21.435  1724  2047 D WindowManager: handleMessage MSG_WAKEUP_BY_WHO_POWERKEY2ND start
09-01 18:34:21.436  1724  2047 D FingerprintWakeHook: WakeUp, who: WakeKey, uid: 1000, ident: 4294967297724, eventTime: 209256224
09-01 18:34:21.436  1724  2047 D FingerprintWakeHook: fingerprint wakeup invalid.
09-01 18:34:21.436  1724  2047 I PowerManagerService: Waking up from sleep (uid=1000 reason=WakeKey)...
09-01 18:34:21.437  1724  2047 D FingerprintWakeHook: Screen ON
09-01 18:34:21.438   685   685 W qti_sensors_hal: batch handle 21 flags 0 period_ns 20000000 timeout 0
09-01 18:34:21.438   685   685 W qti_sensors_hal: batch:sensor(android.sensor.proximity) handle:21 flags:0x0 period_ns 20000000
09-01 18:34:21.439  1724  1724 W UsageStatsService: Event reported without a package name
09-01 18:34:21.439  1724  1724 W UsageStatsService: Event reported without a package name
09-01 18:34:21.439  1724  2047 D WindowManager: handleMessage MSG_WAKEUP_BY_WHO_POWERKEY2ND finished
09-01 18:34:21.439  1724  2054 D WindowManager: after MSG_WAKEUP_BY_WHO_POWERKEY2ND wait
09-01 18:34:21.440  1724  1880 I DisplayPowerController: Blocking screen on until initial contents have been drawn.
09-01 18:34:21.443  2682  3074 V ProcessController: clear cacheLimitMap 0
