09-01 18:34:00.642   673  9816 E libc    : Access denied finding property "persist.aicamera.needlut"
09-01 18:34:00.648  9689  9689 I httpdns.native: [main] Native httpdns enabled.
09-01 18:34:00.662   673  9773 E         : cpp_thread_handle_process_buf_event, stream_type = 1
09-01 18:34:00.662   673  9773 E libc    : Access denied finding property "disable.cpp.power.collapse"
09-01 18:34:00.663   673  9773 E libc    : Access denied finding property "camera.cpp.dumppreviewpayload"
09-01 18:34:00.663  9507  9711 D SentryLog: [SentryAsyncConnection-0] Envelope sent successfully.
09-01 18:34:00.664  9689  9689 I okhttp.cronet.httpdns: [main] OkHttp cronet native httpdns enabled.
09-01 18:34:00.666  9507  9711 D SentryLog: [SentryAsyncConnection-0] Discarding envelope from cache: /data/user/0/cn.missevan/cache/sentry/0bbbc879c090415ebc58b4a3629533f7.envelope
09-01 18:34:00.667   673  9801 E ta      : TAAEC<ERROR> 2520: aec_process_parse_input_info: AEC error: invalid param type: 21
09-01 18:34:00.667  9507  9711 D SentryLog: [SentryAsyncConnection-0] Envelope flushed
09-01 18:34:00.673  9689  9689 I httpdns.holder.native: [main] host rules *.maoercdn.com, *.bilivideo.com, *.missevan.com.
09-01 18:34:00.682   673  9816 E libc    : Access denied finding property "persist.aicamera.needlut"
09-01 18:34:00.683   673  9786 E libc    : Access denied finding property "persist.front.camera.qcom.awb"
09-01 18:34:00.685  9507  9507 I UGCRecommendPageFragment: [main] initView
09-01 18:34:00.702  9689  9689 I httpdns.holder.native: [main] Init native httpdns with provider ali.
09-01 18:34:00.702  9507  9554 D LeakCanary: Setting up flushing for Thread[SL-NetWorkSender,5,main]
09-01 18:34:00.702   673  9773 E         : cpp_thread_handle_process_buf_event, stream_type = 1
09-01 18:34:00.703   673  9773 E libc    : Access denied finding property "disable.cpp.power.collapse"
09-01 18:34:00.703   673  9773 E libc    : Access denied finding property "camera.cpp.dumppreviewpayload"
09-01 18:34:00.707   673  9801 E ta      : TAAEC<ERROR> 2520: aec_process_parse_input_info: AEC error: invalid param type: 21
09-01 18:34:00.709   673  9801 I ta      : TAAEC< INFO> 4280: aec_process_calc_roi_luma_ctrl: FACE_PROTECTION: AE FACE FEATURE DISABLED
09-01 18:34:00.709   673  9801 I ta      : TAAEC< INFO> 4324: aec_process_calc_roi_luma_ctrl: FACE_PROTECTION: Face Portection FALSE
09-01 18:34:00.717   673  9786 E libc    : Access denied finding property "persist.front.camera.qcom.awb"
09-01 18:34:00.722  9507  9632 I CronetEngine: [thread_background]
09-01 18:34:00.722  9507  9632 I CronetEngine: url: https://fm.uat.missevan.com/api/v2/meta/data
09-01 18:34:00.722  9507  9632 I CronetEngine:  ip: 10.21.250.10
09-01 18:34:00.722  9507  9632 I CronetEngine:  hostResolverProvider:
09-01 18:34:00.722  9507  9632 I CronetEngine:  hostResolveIps: []
09-01 18:34:00.722  9507  9632 I CronetEngine:
09-01 18:34:00.724   673  9816 E libc    : Access denied finding property "persist.aicamera.needlut"
09-01 18:34:00.741  9689  9689 I cr_BiliCrLibraryLoader: BiliCr version: 88.0.4324.188, arch: aarch64
09-01 18:34:00.742   673  9773 E         : cpp_thread_handle_process_buf_event, stream_type = 1
09-01 18:34:00.742  9689  9689 W chromium: [0901/183400.742108:WARNING:httpdns_adapter.cc(290)] HttpDns init
09-01 18:34:00.742   673  9773 E libc    : Access denied finding property "disable.cpp.power.collapse"
09-01 18:34:00.742   673  9773 E libc    : Access denied finding property "camera.cpp.dumppreviewpayload"
09-01 18:34:00.746   673  9801 E ta      : TAAEC<ERROR> 2520: aec_process_parse_input_info: AEC error: invalid param type: 21
09-01 18:34:00.749  9507  9724 I BLOG    : [RxCachedThreadScheduler-7] HTTP request: [2022-09-01T10:34:00.576Z] GET https://fm.uat.missevan.com/api/v2/meta/data 200 141ms 0
09-01 18:34:00.751  9507  9632 I CronetEngine: [thread_background]
09-01 18:34:00.751  9507  9632 I CronetEngine: url: https://fm.uat.missevan.com/api/v2/user/rank/top
09-01 18:34:00.751  9507  9632 I CronetEngine:  ip: 10.21.250.10
09-01 18:34:00.751  9507  9632 I CronetEngine:  hostResolverProvider:
09-01 18:34:00.751  9507  9632 I CronetEngine:  hostResolveIps: []
09-01 18:34:00.751  9507  9632 I CronetEngine:
09-01 18:34:00.756   673  9786 E libc    : Access denied finding property "persist.front.camera.qcom.awb"
09-01 18:34:00.759  9507  9623 I BLOG    : [RxCachedThreadScheduler-1] HTTP request: [2022-09-01T10:34:00.579Z] GET https://fm.uat.missevan.com/api/v2/user/rank/top 200 152ms 0
09-01 18:34:00.760   673  9816 E libc    : Access denied finding property "persist.aicamera.needlut"
09-01 18:34:00.774  9689  9689 I @@@BBPLOG: Info T933CA548 CPlayMain L243 The DataLog UserID: 0X0
09-01 18:34:00.775  9689  9689 I @@@BBPLOG: Info T933CA548 CPlayMain L250 The DataLog BUVID: XY277FF2DFB139F19721118D30677E832AAF4
09-01 18:34:00.775  9689  9689 I @@@BBPLOG: Info T933CA548 CPlayMain L264 The DataLog AppVer: 5.7.3
09-01 18:34:00.775  9689  9689 I @@@BBPLOG: Info T933CA548 CPlayMain L284 The DataLog app type:   6
09-01 18:34:00.775  9689  9689 I @@@BBPLOG: Info T933ca548 BBPFuncLog L123 ----CIPMng::Clear Value is 00000000 start.
09-01 18:34:00.775  9689  9689 I @@@BBPLOG: Info T933ca548 BBPFuncLog L142 ----CIPMng::Clear leave! no return. Ussed Time: 0
09-01 18:34:00.775  9689  9689 I @@@BBPLOG: Info T933CA548 CPlayMain L272 The DataLog net type: 3
09-01 18:34:00.775  9689  9689 I @@@BBPLOG: Info T933CA548 CPlayMain L312 Set cronet engine: 0x72018379c0
09-01 18:34:00.777  9689  9689 I AidlAlphaVideoPlayer: [main] init
09-01 18:34:00.779  9689  9689 I Player.Aidl: [main] updateConfig
09-01 18:34:00.780  1724  2656 D ConnectivityService: requestNetwork for uid/pid:10602/9689 NetworkRequest [ TRACK_DEFAULT id=1081, [ Capabilities: INTERNET&NOT_RESTRICTED&TRUSTED Unwanted:  Uid: 10602] ]
09-01 18:34:00.780  9689  9689 I Player.AlphaVideoPlayerCore: [main] updateConfig, user id: 0
09-01 18:34:00.781  9689  9689 I @@@BBPLOG: Info T933CA548 CPlayMain L243 The DataLog UserID: 0X0
09-01 18:34:00.781  9689  9689 I Player.AlphaVideoPlayerCore: [main] updateConfig, version name: 5.7.3
09-01 18:34:00.781  1724  2157 I chatty  : uid=1000(system) EthernetService expire 1 line
09-01 18:34:00.782  1724  2084 D ConnectivityService: isWifiPoorLink:false, nai.everValidated:true, networkType:1, networkDetailedState:CONNECTED, nai.isLingering():false, unneeded(nai, UnneededFor.TEARDOWN):false
09-01 18:34:00.782   673  9773 E         : cpp_thread_handle_process_buf_event, stream_type = 1
09-01 18:34:00.782  9689  9689 I @@@BBPLOG: Info T933CA548 CPlayMain L264 The DataLog AppVer: 5.7.3
09-01 18:34:00.782  2831  2831 D PhoneSwitcherNetworkRequstListener: got request NetworkRequest [ TRACK_DEFAULT id=1081, [ Capabilities: INTERNET&NOT_RESTRICTED&TRUSTED Unwanted:  Uid: 10602] ] with score 60
09-01 18:34:00.783  9689  9689 I Player.AlphaVideoPlayerCore: [main] updateConfig, buvid: XY277FF2DFB139F19721118D30677E832AAF4
09-01 18:34:00.783   673  9773 E libc    : Access denied finding property "disable.cpp.power.collapse"
09-01 18:34:00.783   673  9773 E libc    : Access denied finding property "camera.cpp.dumppreviewpayload"
09-01 18:34:00.783  9689  9689 I @@@BBPLOG: Info T933CA548 CPlayMain L250 The DataLog BUVID: XY277FF2DFB139F19721118D30677E832AAF4
09-01 18:34:00.784  9689  9689 I Player.Aidl.core0: [main] createNewCore
09-01 18:34:00.786   673  9801 E ta      : TAAEC<ERROR> 2520: aec_process_parse_input_info: AEC error: invalid param type: 21
09-01 18:34:00.787   673  9801 I ta      : TAAEC< INFO> 4280: aec_process_calc_roi_luma_ctrl: FACE_PROTECTION: AE FACE FEATURE DISABLED
09-01 18:34:00.787   673  9801 I ta      : TAAEC< INFO> 4324: aec_process_calc_roi_luma_ctrl: FACE_PROTECTION: Face Portection FALSE
09-01 18:34:00.790  9689  9689 I Player.BBPlayer.core0: [main] init
09-01 18:34:00.802  9689  9689 I @@@BBPLOG: Info T933CA548 CPlayMain L94 BPSDK 3.0.0.216, 12:43:35 Jul 18 2022. CPU: ARMV8. OS
09-01 18:34:00.803   673  9786 E libc    : Access denied finding property "persist.front.camera.qcom.awb"
09-01 18:34:00.806   673  9816 E libc    : Access denied finding property "persist.aicamera.needlut"
09-01 18:34:00.809  9689  9689 I @@@BBPLOG: Info T933CA548 CPlayMain L243 The DataLog UserID: 0X0
09-01 18:34:00.809  9689  9689 I @@@BBPLOG: Info T933CA548 CPlayMain L250 The DataLog BUVID: XY277FF2DFB139F19721118D30677E832AAF4
09-01 18:34:00.809  9689  9689 I @@@BBPLOG: Info T933CA548 CPlayMain L264 The DataLog AppVer: 5.7.3
09-01 18:34:00.809  9689  9689 I @@@BBPLOG: Info T933CA548 CPlayMain L284 The DataLog app type:   6
09-01 18:34:00.809  9689  9689 I @@@BBPLOG: Info T933ca548 BBPFuncLog L123 ----CIPMng::Clear Value is 00000000 start.
09-01 18:34:00.809  9689  9689 I @@@BBPLOG: Info T933ca548 BBPFuncLog L142 ----CIPMng::Clear leave! no return. Ussed Time: 0
09-01 18:34:00.809  9689  9689 I @@@BBPLOG: Info T933CA548 CPlayMain L272 The DataLog net type: 3
09-01 18:34:00.809  9689  9689 I @@@BBPLOG: Info T933CA548 CPlayMain L312 Set cronet engine: 0x72018379c0
09-01 18:34:00.823   673  9773 E         : cpp_thread_handle_process_buf_event, stream_type = 1
09-01 18:34:00.823   673  9773 E libc    : Access denied finding property "disable.cpp.power.collapse"
09-01 18:34:00.823   673  9773 E libc    : Access denied finding property "camera.cpp.dumppreviewpayload"
09-01 18:34:00.826   673  9801 E ta      : TAAEC<ERROR> 2520: aec_process_parse_input_info: AEC error: invalid param type: 21
09-01 18:34:00.827  9689  9689 I @@@BBPLOG: Info T933CA548 CPlayMain L257 The Session UUID: 7c546362-ce01-47db-9603-a17e10349a01
09-01 18:34:00.828  9689  9689 I Player.Aidl.core0: [main] initPlayerCoreEvent
09-01 18:34:00.838   673  9786 E libc    : Access denied finding property "persist.front.camera.qcom.awb"
09-01 18:34:00.838  9689  9689 D Player.AlphaVideoPlayerCore: [main] event(1342177297): msg_log_cb, arg1: 0, arg2: 0, any: Info T933CA548 CPlayMain L243 The DataLog UserID: 0X0
09-01 18:34:00.838  9689  9689 D Player.AlphaVideoPlayerCore:
09-01 18:34:00.840  9689  9689 I Player.AlphaVideoPlayerCore: [main] msg_log_cb, Info T933CA548 CPlayMain L243 The DataLog UserID: 0X0
09-01 18:34:00.840  9689  9689 I Player.AlphaVideoPlayerCore:
09-01 18:34:00.841  9689  9689 D Player.AlphaVideoPlayerCore: [main] event(1342177297): msg_log_cb, arg1: 0, arg2: 0, any: Info T933CA548 CPlayMain L264 The DataLog AppVer: 5.7.3
09-01 18:34:00.841  9689  9689 D Player.AlphaVideoPlayerCore:
09-01 18:34:00.842  9689  9689 I Player.AlphaVideoPlayerCore: [main] msg_log_cb, Info T933CA548 CPlayMain L264 The DataLog AppVer: 5.7.3
09-01 18:34:00.842  9689  9689 I Player.AlphaVideoPlayerCore:
09-01 18:34:00.844  9689  9689 D Player.AlphaVideoPlayerCore: [main] event(1342177297): msg_log_cb, arg1: 0, arg2: 0, any: Info T933CA548 CPlayMain L250 The DataLog BUVID: XY277FF2DFB139F19721118D30677E832AAF4
09-01 18:34:00.844  9689  9689 D Player.AlphaVideoPlayerCore:
09-01 18:34:00.845  9689  9689 I Player.AlphaVideoPlayerCore: [main] msg_log_cb, Info T933CA548 CPlayMain L250 The DataLog BUVID: XY277FF2DFB139F19721118D30677E832AAF4
09-01 18:34:00.845  9689  9689 I Player.AlphaVideoPlayerCore:
09-01 18:34:00.948   673   673 W CAM_MctBus_6: type=1400 audit(0.0:82578): avc: denied { read } for name="u:object_r:default_prop:s0" dev="tmpfs" ino=12412 scontext=u:r:hal_camera_default:s0 tcontext=u:object_r:default_prop:s0 tclass=file permissive=0
09-01 18:34:00.845   673  9816 E libc    : Access denied finding property "persist.aicamera.needlut"
09-01 18:34:00.846  9689  9689 D Player.BBPlayer.core0: [main] event(1342177297): msg_log_cb, arg1: 0, arg2: 0, any: Info T933CA548 CPlayMain L257 The Session UUID: 7c546362-ce01-47db-9603-a17e10349a01
09-01 18:34:00.846  9689  9689 D Player.BBPlayer.core0:
09-01 18:34:00.847  9689  9689 I Player.BBPlayer.core0: [main] msg_log_cb, Info T933CA548 CPlayMain L257 The Session UUID: 7c546362-ce01-47db-9603-a17e10349a01
09-01 18:34:00.847  9689  9689 I Player.BBPlayer.core0:
09-01 18:34:00.850  1724  2084 D ConnectivityService: isWifiPoorLink:false, nai.everValidated:true, networkType:1, networkDetailedState:CONNECTED, nai.isLingering():false, unneeded(nai, UnneededFor.TEARDOWN):false
09-01 18:34:00.862  9507  9507 W RecyclerView: No adapter attached; skipping layout
09-01 18:34:00.862   673  9773 E         : cpp_thread_handle_process_buf_event, stream_type = 1
09-01 18:34:00.862   673  9773 E libc    : Access denied finding property "disable.cpp.power.collapse"
09-01 18:34:00.862   673  9773 E libc    : Access denied finding property "camera.cpp.dumppreviewpayload"
09-01 18:34:00.867   673  9801 E ta      : TAAEC<ERROR> 2520: aec_process_parse_input_info: AEC error: invalid param type: 21
09-01 18:34:00.867   673  9801 I ta      : TAAEC< INFO> 4280: aec_process_calc_roi_luma_ctrl: FACE_PROTECTION: AE FACE FEATURE DISABLED
09-01 18:34:00.867   673  9801 I ta      : TAAEC< INFO> 4324: aec_process_calc_roi_luma_ctrl: FACE_PROTECTION: Face Portection FALSE
09-01 18:34:00.876  9689  9980 I chromium: [0901/183400.876341:INFO:httpdns.cc(234)] OnEffectiveConnectionTypeChanged called by httpdns context networks 5
09-01 18:34:00.877   673  9786 E libc    : Access denied finding property "persist.front.camera.qcom.awb"
09-01 18:34:00.881   673  9816 E libc    : Access denied finding property "persist.aicamera.needlut"
09-01 18:34:00.904   673  9773 E         : cpp_thread_handle_process_buf_event, stream_type = 1
09-01 18:34:00.905   673  9773 E libc    : Access denied finding property "disable.cpp.power.collapse"
09-01 18:34:00.905   673  9773 E libc    : Access denied finding property "camera.cpp.dumppreviewpayload"
09-01 18:34:00.907   673  9801 E ta      : TAAEC<ERROR> 2520: aec_process_parse_input_info: AEC error: invalid param type: 21
09-01 18:34:00.919   673  9786 E libc    : Access denied finding property "persist.front.camera.qcom.awb"
09-01 18:34:00.921  9507  9713 I OpenGLRenderer: Davey! duration=1432ms; Flags=1, IntendedVsync=209234277405906, Vsync=209235077405874, OldestInputEvent=9223372036854775807, NewestInputEvent=0, HandleInputStart=209235080584088, AnimationStart=209235080690443, PerformTraversalsStart=209235081439609, DrawStart=209235660747578, SyncQueued=209235686103671, SyncStart=209235686211796, IssueDrawCommandsStart=209235686516536, SwapBuffers=209235706683932, FrameCompleted=209235709962526, DequeueBufferDuration=318000, QueueBufferDuration=501000,
09-01 18:34:00.923  9507  9518 I cn.missevan: Background concurrent copying GC freed 145548(9MB) AllocSpace objects, 66(2MB) LOS objects, 50% free, 18MB/36MB, paused 952us total 116.722ms
09-01 18:34:00.934   673  9816 E libc    : Access denied finding property "persist.aicamera.needlut"
09-01 18:34:00.942   673  9773 E         : cpp_thread_handle_process_buf_event, stream_type = 1
09-01 18:34:00.942   673  9773 E libc    : Access denied finding property "disable.cpp.power.collapse"
09-01 18:34:00.942   673  9773 E libc    : Access denied finding property "camera.cpp.dumppreviewpayload"
09-01 18:34:00.946   673  9801 E ta      : TAAEC<ERROR> 2520: aec_process_parse_input_info: AEC error: invalid param type: 21
09-01 18:34:00.947   673  9801 I ta      : TAAEC< INFO> 4280: aec_process_calc_roi_luma_ctrl: FACE_PROTECTION: AE FACE FEATURE DISABLED
09-01 18:34:00.947   673  9801 I ta      : TAAEC< INFO> 4324: aec_process_calc_roi_luma_ctrl: FACE_PROTECTION: Face Portection FALSE
09-01 18:34:00.957   673  9786 E libc    : Access denied finding property "persist.front.camera.qcom.awb"
09-01 18:34:00.966   673  9816 E libc    : Access denied finding property "persist.aicamera.needlut"
09-01 18:34:00.982   673  9773 E         : cpp_thread_handle_process_buf_event, stream_type = 1
09-01 18:34:00.982   673  9773 E libc    : Access denied finding property "disable.cpp.power.collapse"
09-01 18:34:00.983   673  9773 E libc    : Access denied finding property "camera.cpp.dumppreviewpayload"
09-01 18:34:00.985  9507  9507 I Choreographer: Skipped 40 frames!  The application may be doing too much work on its main thread.
09-01 18:34:00.986   673  9801 E ta      : TAAEC<ERROR> 2520: aec_process_parse_input_info: AEC error: invalid param type: 21
09-01 18:34:00.993  9507  9681 D UPush.Net: req: https://msg.umengcloud.com/v3/alias/delete
09-01 18:34:00.993  9507  9681 D UPush.Net: {"header":{"appkey":"546d7dd7fd98c58fc800082c","channel":"missevan","umid":"aie23efbafd38e95fbe62c2198813cfa3f","din":"","device_id":"RyNUt34RQuqi7ohCa8YHKRusS9Ee9DfE6bI2BmKqewo=","idmd5":"BF6490B2F2E3CE1888812881A57A74D1","mc":"02:00:00:00:00:00","android_id":"776ba695d5c3ba5d","serial_number":"","push_switch":"true","sdk_type":"Android","sdk_version":"6.5.3","access":"Wi-Fi","access_subtype":"","carrier":"","device_model":"vivo X21A","os":"Android","os_version":"9","app_version":"5.7.3","version_code":"5070300","package_name":"cn.missevan","resolution":"1080*2075","cpu":"AArch64 Processor rev 2 (aarch64)","timezone":8,"country":"CN","language":"zh"},"utdid":"YxBs9IHhiKQDAFfj0NajmZNB","device_token":"AmeddEB57dF0tVJAKHAmMfO0VIDdBw5-ptXjao3DpbTH","alias":"dev","type":"user_id","ts":1662028435724}
09-01 18:34:00.993  9507  9681 D UPush.Net: resp:
09-01 18:34:00.993  9507  9681 D UPush.Net: {"success":"ok","interval":0}
09-01 18:34:00.993  9507  9681 D UPush.Net: consume:5269
09-01 18:34:00.998   673  9786 E libc    : Access denied finding property "persist.front.camera.qcom.awb"
09-01 18:34:01.001   673  9816 E libc    : Access denied finding property "persist.aicamera.needlut"
09-01 18:34:01.012  9507  9681 I Umeng   : [UPush-4] userId: alias:dev,type:user_id删除成功
09-01 18:34:01.015  9507  9681 I UPush.Prefs: type:uuid,alias:umeng:dev63106cf3-3e51-b064-cca6-37f4ca214808,exclusive:0
09-01 18:34:01.017  9507  9681 I UPush.Prefs: count:1
09-01 18:34:01.017  9507  9681 I UPush.Prefs: typeTmp:uuid,aliasTmp:umeng:dev63106cf3-3e51-b064-cca6-37f4ca214808,type:uuid,alias:umeng:dev63106cf3-3e51-b064-cca6-37f4ca214808
09-01 18:34:01.017  9507  9681 D UPush.Track: addAlias: <dev63106cf3-3e51-b064-cca6-37f4ca214808, uuid> has been synced to the server before. Ignore this request
09-01 18:34:01.022   673  9773 E         : cpp_thread_handle_process_buf_event, stream_type = 1
09-01 18:34:01.022   673  9773 E libc    : Access denied finding property "disable.cpp.power.collapse"
09-01 18:34:01.022   673  9773 E libc    : Access denied finding property "camera.cpp.dumppreviewpayload"
09-01 18:34:01.026   673  9801 E ta      : TAAEC<ERROR> 2520: aec_process_parse_input_info: AEC error: invalid param type: 21
09-01 18:34:01.027   673  9801 I ta      : TAAEC< INFO> 4280: aec_process_calc_roi_luma_ctrl: FACE_PROTECTION: AE FACE FEATURE DISABLED
09-01 18:34:01.027   673  9801 I ta      : TAAEC< INFO> 4324: aec_process_calc_roi_luma_ctrl: FACE_PROTECTION: Face Portection FALSE
09-01 18:34:01.034  9507  9681 I Umeng   : [UPush-4] equipId: alias:dev63106cf3-3e51-b064-cca6-37f4ca214808已经添加
09-01 18:34:01.036   673  9786 E libc    : Access denied finding property "persist.front.camera.qcom.awb"
09-01 18:34:01.041   673  9816 E libc    : Access denied finding property "persist.aicamera.needlut"
09-01 18:34:01.041  9507  9681 I UPush.Prefs: type:buvid,alias:umeng:devXY277FF2DFB139F19721118D30677E832AAF4,exclusive:0
09-01 18:34:01.043  9507  9681 I UPush.Prefs: count:1
09-01 18:34:01.043  9507  9681 I UPush.Prefs: typeTmp:buvid,aliasTmp:umeng:devXY277FF2DFB139F19721118D30677E832AAF4,type:buvid,alias:umeng:devXY277FF2DFB139F19721118D30677E832AAF4
09-01 18:34:01.043  9507  9681 D UPush.Track: addAlias: <devXY277FF2DFB139F19721118D30677E832AAF4, buvid> has been synced to the server before. Ignore this request
09-01 18:34:01.055  9507  9681 I Umeng   : [UPush-4] buvid: alias:devXY277FF2DFB139F19721118D30677E832AAF4已经添加
09-01 18:34:01.062   673  9773 E         : cpp_thread_handle_process_buf_event, stream_type = 1
09-01 18:34:01.062   673  9773 E libc    : Access denied finding property "disable.cpp.power.collapse"
09-01 18:34:01.062   673  9773 E libc    : Access denied finding property "camera.cpp.dumppreviewpayload"
09-01 18:34:01.067   673  9801 E ta      : TAAEC<ERROR> 2520: aec_process_parse_input_info: AEC error: invalid param type: 21
09-01 18:34:01.076   673  9786 E libc    : Access denied finding property "persist.front.camera.qcom.awb"
09-01 18:34:01.081   673  9816 E libc    : Access denied finding property "persist.aicamera.needlut"
09-01 18:34:01.102   673  9773 E         : cpp_thread_handle_process_buf_event, stream_type = 1
09-01 18:34:01.102   673  9773 E libc    : Access denied finding property "disable.cpp.power.collapse"
09-01 18:34:01.103   673  9773 E libc    : Access denied finding property "camera.cpp.dumppreviewpayload"
09-01 18:34:01.108   673  9801 E ta      : TAAEC<ERROR> 2520: aec_process_parse_input_info: AEC error: invalid param type: 21
09-01 18:34:01.109   673  9801 I ta      : TAAEC< INFO> 4280: aec_process_calc_roi_luma_ctrl: FACE_PROTECTION: AE FACE FEATURE DISABLED
09-01 18:34:01.109   673  9801 I ta      : TAAEC< INFO> 4324: aec_process_calc_roi_luma_ctrl: FACE_PROTECTION: Face Portection FALSE
09-01 18:34:01.117   673  9786 E libc    : Access denied finding property "persist.front.camera.qcom.awb"
09-01 18:34:01.121   673  9816 E libc    : Access denied finding property "persist.aicamera.needlut"
09-01 18:34:01.142   673  9773 E         : cpp_thread_handle_process_buf_event, stream_type = 1
09-01 18:34:01.143   673  9773 E libc    : Access denied finding property "disable.cpp.power.collapse"
09-01 18:34:01.143   673  9773 E libc    : Access denied finding property "camera.cpp.dumppreviewpayload"
09-01 18:34:01.144  9717  9717 I PlayerService: [main] PlayerService onGetRoot client package name = cn.missevan client uid = 10602, root hints = Bundle[{}]
09-01 18:34:01.147   673  9801 E ta      : TAAEC<ERROR> 2520: aec_process_parse_input_info: AEC error: invalid param type: 21
09-01 18:34:01.150  9507  9507 D LiveRecommendNavigatorAdapter: [main] size: 60
09-01 18:34:01.157   673  9786 E libc    : Access denied finding property "persist.front.camera.qcom.awb"
09-01 18:34:01.164   673  9816 E libc    : Access denied finding property "persist.aicamera.needlut"
09-01 18:34:01.182   673  9773 E         : cpp_thread_handle_process_buf_event, stream_type = 1
09-01 18:34:01.183   673  9773 E libc    : Access denied finding property "disable.cpp.power.collapse"
09-01 18:34:01.183   673  9773 E libc    : Access denied finding property "camera.cpp.dumppreviewpayload"
09-01 18:34:01.185  9507  9914 D skia    : --- Failed to create image decoder with message 'unimplemented'
09-01 18:34:01.187   673  9801 E ta      : TAAEC<ERROR> 2520: aec_process_parse_input_info: AEC error: invalid param type: 21
09-01 18:34:01.188   673  9801 I ta      : TAAEC< INFO> 4280: aec_process_calc_roi_luma_ctrl: FACE_PROTECTION: AE FACE FEATURE DISABLED
09-01 18:34:01.188   673  9801 I ta      : TAAEC< INFO> 4324: aec_process_calc_roi_luma_ctrl: FACE_PROTECTION: Face Portection FALSE
09-01 18:34:01.196   673  9786 E libc    : Access denied finding property "persist.front.camera.qcom.awb"
09-01 18:34:01.201   673  9816 E libc    : Access denied finding property "persist.aicamera.needlut"
09-01 18:34:01.202  9507  9914 D skia    : --- Failed to create image decoder with message 'unimplemented'
09-01 18:34:01.203  9507  9914 I chatty  : uid=10602(cn.missevan) glide-source-th identical 2 lines
09-01 18:34:00.958   673   673 W CAM_dataPoll: type=1400 audit(0.0:82579): avc: denied { read } for name="u:object_r:default_prop:s0" dev="tmpfs" ino=12412 scontext=u:r:hal_camera_default:s0 tcontext=u:object_r:default_prop:s0 tclass=file permissive=0
09-01 18:34:00.978   673   673 W CAM_cpp : type=1400 audit(0.0:82580): avc: denied { read } for name="u:object_r:default_prop:s0" dev="tmpfs" ino=12412 scontext=u:r:hal_camera_default:s0 tcontext=u:object_r:default_prop:s0 tclass=file permissive=0
09-01 18:34:00.978   673   673 W CAM_cpp : type=1400 audit(0.0:82581): avc: denied { read } for name="u:object_r:default_prop:s0" dev="tmpfs" ino=12412 scontext=u:r:hal_camera_default:s0 tcontext=u:object_r:default_prop:s0 tclass=file permissive=0
09-01 18:34:00.988   673   673 W CAM_MctBus_6: type=1400 audit(0.0:82582): avc: denied { read } for name="u:object_r:default_prop:s0" dev="tmpfs" ino=12412 scontext=u:r:hal_camera_default:s0 tcontext=u:object_r:default_prop:s0 tclass=file permissive=0
09-01 18:34:01.222   673  9773 E         : cpp_thread_handle_process_buf_event, stream_type = 1
09-01 18:34:01.222   673  9773 E libc    : Access denied finding property "disable.cpp.power.collapse"
09-01 18:34:01.223   673  9773 E libc    : Access denied finding property "camera.cpp.dumppreviewpayload"
09-01 18:34:01.227   673  9801 E ta      : TAAEC<ERROR> 2520: aec_process_parse_input_info: AEC error: invalid param type: 21
09-01 18:34:01.237   673  9786 E libc    : Access denied finding property "persist.front.camera.qcom.awb"
09-01 18:34:01.241   673  9816 E libc    : Access denied finding property "persist.aicamera.needlut"
09-01 18:34:01.253  9507  9993 I chatty  : uid=10602(cn.missevan) RxCachedThreadS expire 2 lines
09-01 18:34:01.265  9507  9995 I chatty  : uid=10602(cn.missevan) RxCachedThreadS expire 2 lines
09-01 18:34:01.266   673  9773 E         : cpp_thread_handle_process_buf_event, stream_type = 1
09-01 18:34:01.267   673  9773 E libc    : Access denied finding property "disable.cpp.power.collapse"
09-01 18:34:01.267   673  9773 E libc    : Access denied finding property "camera.cpp.dumppreviewpayload"
09-01 18:34:01.267   673  9801 E ta      : TAAEC<ERROR> 2520: aec_process_parse_input_info: AEC error: invalid param type: 21
09-01 18:34:01.268   673  9801 I ta      : TAAEC< INFO> 4280: aec_process_calc_roi_luma_ctrl: FACE_PROTECTION: AE FACE FEATURE DISABLED
09-01 18:34:01.268   673  9801 I ta      : TAAEC< INFO> 4324: aec_process_calc_roi_luma_ctrl: FACE_PROTECTION: Face Portection FALSE
09-01 18:34:01.277   673  9786 E libc    : Access denied finding property "persist.front.camera.qcom.awb"
09-01 18:34:01.289   673  9816 E libc    : Access denied finding property "persist.aicamera.needlut"
09-01 18:34:01.302   673  9773 E         : cpp_thread_handle_process_buf_event, stream_type = 1
09-01 18:34:01.303   673  9773 E libc    : Access denied finding property "disable.cpp.power.collapse"
09-01 18:34:01.303   673  9773 E libc    : Access denied finding property "camera.cpp.dumppreviewpayload"
09-01 18:34:01.306  9507  9724 I chatty  : uid=10602(cn.missevan) RxCachedThreadS expire 2 lines
09-01 18:34:01.308   673  9801 E ta      : TAAEC<ERROR> 2520: aec_process_parse_input_info: AEC error: invalid param type: 21
09-01 18:34:01.317   673  9786 E libc    : Access denied finding property "persist.front.camera.qcom.awb"
09-01 18:34:01.321   673  9816 E libc    : Access denied finding property "persist.aicamera.needlut"
09-01 18:34:01.343   673  9773 E         : cpp_thread_handle_process_buf_event, stream_type = 1
09-01 18:34:01.343   673  9773 E libc    : Access denied finding property "disable.cpp.power.collapse"
09-01 18:34:01.343   673  9773 E libc    : Access denied finding property "camera.cpp.dumppreviewpayload"
09-01 18:34:01.347   673  9801 E ta      : TAAEC<ERROR> 2520: aec_process_parse_input_info: AEC error: invalid param type: 21
09-01 18:34:01.348   673  9801 I ta      : TAAEC< INFO> 4280: aec_process_calc_roi_luma_ctrl: FACE_PROTECTION: AE FACE FEATURE DISABLED
09-01 18:34:01.348   673  9801 I ta      : TAAEC< INFO> 4324: aec_process_calc_roi_luma_ctrl: FACE_PROTECTION: Face Portection FALSE
09-01 18:34:01.353  9507  9997 I chatty  : uid=10602(cn.missevan) expire 2 lines
09-01 18:34:01.357   673  9786 E libc    : Access denied finding property "persist.front.camera.qcom.awb"
09-01 18:34:01.362   673  9816 E libc    : Access denied finding property "persist.aicamera.needlut"
09-01 18:34:01.382   673  9773 E         : cpp_thread_handle_process_buf_event, stream_type = 1
09-01 18:34:01.383   673  9773 E libc    : Access denied finding property "disable.cpp.power.collapse"
09-01 18:34:01.383   673  9773 E libc    : Access denied finding property "camera.cpp.dumppreviewpayload"
09-01 18:34:01.390   673  9801 E ta      : TAAEC<ERROR> 2520: aec_process_parse_input_info: AEC error: invalid param type: 21
09-01 18:34:01.398   673  9786 E libc    : Access denied finding property "persist.front.camera.qcom.awb"
09-01 18:34:01.403   673  9816 E libc    : Access denied finding property "persist.aicamera.needlut"
09-01 18:34:01.423   673  9773 E         : cpp_thread_handle_process_buf_event, stream_type = 1
09-01 18:34:01.423   673  9773 E libc    : Access denied finding property "disable.cpp.power.collapse"
09-01 18:34:01.423   673  9773 E libc    : Access denied finding property "camera.cpp.dumppreviewpayload"
09-01 18:34:01.428   673  9801 E ta      : TAAEC<ERROR> 2520: aec_process_parse_input_info: AEC error: invalid param type: 21
09-01 18:34:01.428   673  9801 I ta      : TAAEC< INFO> 4280: aec_process_calc_roi_luma_ctrl: FACE_PROTECTION: AE FACE FEATURE DISABLED
09-01 18:34:01.428   673  9801 I ta      : TAAEC< INFO> 4324: aec_process_calc_roi_luma_ctrl: FACE_PROTECTION: Face Portection FALSE
09-01 18:34:01.438   673  9786 E libc    : Access denied finding property "persist.front.camera.qcom.awb"
09-01 18:34:01.442   673  9816 E libc    : Access denied finding property "persist.aicamera.needlut"
09-01 18:34:01.460   715   913 V AudioFlinger: releaseWakeLock_l() AudioOut_D
09-01 18:34:01.460   715   913 V AudioFlinger: thread 0xed395880 type 0 TID 913 going to sleep
09-01 18:34:01.462   715   916 V AudioFlinger: releaseWakeLock_l() AudioOut_25
09-01 18:34:01.462   715   916 V AudioFlinger: thread 0xecd03080 type 0 TID 916 going to sleep
09-01 18:34:01.463   715   915 V AudioFlinger: releaseWakeLock_l() AudioOut_15
09-01 18:34:01.463   715   915 V AudioFlinger: thread 0xed003f40 type 0 TID 915 going to sleep
09-01 18:34:01.464   673  9773 E         : cpp_thread_handle_process_buf_event, stream_type = 1
09-01 18:34:01.465   673  9773 E libc    : Access denied finding property "disable.cpp.power.collapse"
09-01 18:34:01.465   673  9773 E libc    : Access denied finding property "camera.cpp.dumppreviewpayload"
09-01 18:34:01.467   673  9801 E ta      : TAAEC<ERROR> 2520: aec_process_parse_input_info: AEC error: invalid param type: 21
09-01 18:34:01.479   673  9786 E libc    : Access denied finding property "persist.front.camera.qcom.awb"
09-01 18:34:01.485   673  9816 E libc    : Access denied finding property "persist.aicamera.needlut"
09-01 18:34:01.503   673  9773 E         : cpp_thread_handle_process_buf_event, stream_type = 1
09-01 18:34:01.503   673  9773 E libc    : Access denied finding property "disable.cpp.power.collapse"
09-01 18:34:01.503   673  9773 E libc    : Access denied finding property "camera.cpp.dumppreviewpayload"
09-01 18:34:01.508   673  9801 E ta      : TAAEC<ERROR> 2520: aec_process_parse_input_info: AEC error: invalid param type: 21
09-01 18:34:01.508   673  9801 I ta      : TAAEC< INFO> 4280: aec_process_calc_roi_luma_ctrl: FACE_PROTECTION: AE FACE FEATURE DISABLED
09-01 18:34:01.509   673  9801 I ta      : TAAEC< INFO> 4324: aec_process_calc_roi_luma_ctrl: FACE_PROTECTION: Face Portection FALSE
09-01 18:34:01.517   673  9786 E libc    : Access denied finding property "persist.front.camera.qcom.awb"
09-01 18:34:01.522   673  9816 E libc    : Access denied finding property "persist.aicamera.needlut"
09-01 18:34:01.525  9507  9847 I chatty  : uid=10602(cn.missevan) expire 2 lines
09-01 18:34:01.543   673  9773 E         : cpp_thread_handle_process_buf_event, stream_type = 1
09-01 18:34:01.544   673  9773 E libc    : Access denied finding property "disable.cpp.power.collapse"
09-01 18:34:01.544   673  9773 E libc    : Access denied finding property "camera.cpp.dumppreviewpayload"
09-01 18:34:01.548   673  9801 E ta      : TAAEC<ERROR> 2520: aec_process_parse_input_info: AEC error: invalid param type: 21
09-01 18:34:01.558   673  9786 E libc    : Access denied finding property "persist.front.camera.qcom.awb"
09-01 18:34:01.564   673  9816 E libc    : Access denied finding property "persist.aicamera.needlut"
09-01 18:34:01.583   673  9773 E         : cpp_thread_handle_process_buf_event, stream_type = 1
09-01 18:34:01.583   673  9773 E libc    : Access denied finding property "disable.cpp.power.collapse"
09-01 18:34:01.583   673  9773 E libc    : Access denied finding property "camera.cpp.dumppreviewpayload"
09-01 18:34:01.588   673  9801 E ta      : TAAEC<ERROR> 2520: aec_process_parse_input_info: AEC error: invalid param type: 21
09-01 18:34:01.588   673  9801 I ta      : TAAEC< INFO> 4280: aec_process_calc_roi_luma_ctrl: FACE_PROTECTION: AE FACE FEATURE DISABLED
09-01 18:34:01.588   673  9801 I ta      : TAAEC< INFO> 4324: aec_process_calc_roi_luma_ctrl: FACE_PROTECTION: Face Portection FALSE
09-01 18:34:01.597   673  9786 E libc    : Access denied finding property "persist.front.camera.qcom.awb"
09-01 18:34:01.602   673  9816 E libc    : Access denied finding property "persist.aicamera.needlut"
09-01 18:34:01.623   673  9773 E         : cpp_thread_handle_process_buf_event, stream_type = 1
09-01 18:34:01.623   673  9773 E libc    : Access denied finding property "disable.cpp.power.collapse"
09-01 18:34:01.623   673  9773 E libc    : Access denied finding property "camera.cpp.dumppreviewpayload"
09-01 18:34:01.628   673  9801 E ta      : TAAEC<ERROR> 2520: aec_process_parse_input_info: AEC error: invalid param type: 21
09-01 18:34:01.637   673  9786 E libc    : Access denied finding property "persist.front.camera.qcom.awb"
09-01 18:34:01.642   673  9816 E libc    : Access denied finding property "persist.aicamera.needlut"
09-01 18:34:01.663   673  9773 E         : cpp_thread_handle_process_buf_event, stream_type = 1
09-01 18:34:01.663   673  9773 E libc    : Access denied finding property "disable.cpp.power.collapse"
09-01 18:34:01.664   673  9773 E libc    : Access denied finding property "camera.cpp.dumppreviewpayload"
09-01 18:34:01.668   673  9801 E ta      : TAAEC<ERROR> 2520: aec_process_parse_input_info: AEC error: invalid param type: 21
09-01 18:34:01.668   673  9801 I ta      : TAAEC< INFO> 4280: aec_process_calc_roi_luma_ctrl: FACE_PROTECTION: AE FACE FEATURE DISABLED
09-01 18:34:01.668   673  9801 I ta      : TAAEC< INFO> 4324: aec_process_calc_roi_luma_ctrl: FACE_PROTECTION: Face Portection FALSE
09-01 18:34:01.677   673  9786 E libc    : Access denied finding property "persist.front.camera.qcom.awb"
09-01 18:34:01.682   673  9816 E libc    : Access denied finding property "persist.aicamera.needlut"
09-01 18:34:01.703   673  9773 E         : cpp_thread_handle_process_buf_event, stream_type = 1
09-01 18:34:01.703   673  9773 E libc    : Access denied finding property "disable.cpp.power.collapse"
09-01 18:34:01.703   673  9773 E libc    : Access denied finding property "camera.cpp.dumppreviewpayload"
09-01 18:34:01.707   673  9801 E ta      : TAAEC<ERROR> 2520: aec_process_parse_input_info: AEC error: invalid param type: 21
09-01 18:34:01.718   673  9786 E libc    : Access denied finding property "persist.front.camera.qcom.awb"
09-01 18:34:01.722   673  9816 E libc    : Access denied finding property "persist.aicamera.needlut"
09-01 18:34:01.473  1724  2178 I chatty  : uid=1000(system) AutobacklightTh identical 3 lines
09-01 18:34:01.739  1724  2184 I DisplayPowerState: mBlockedByFingerprint = 0
09-01 18:34:01.741  1724  2184 E DisplayPowerState: run changed=true mNightPearlManager is null! or state != Display.STATE_OFF
09-01 18:34:01.741  1724  2184 D DisplayPowerState: run normal set state ON brightness:221
09-01 18:34:01.742  1724  2184 W LightsService: setBrightness:173
09-01 18:34:01.744   673  9773 E         : cpp_thread_handle_process_buf_event, stream_type = 1
09-01 18:34:01.745   673  9773 E libc    : Access denied finding property "disable.cpp.power.collapse"
09-01 18:34:01.745   673  9773 E libc    : Access denied finding property "camera.cpp.dumppreviewpayload"
09-01 18:34:01.746  1724  2184 D FingerprintWakeHook: Display state changed to ON
09-01 18:34:01.746  1724  2184 D DisplayPowerState: run normal set state end
09-01 18:34:01.749   673  9801 E ta      : TAAEC<ERROR> 2520: aec_process_parse_input_info: AEC error: invalid param type: 21
09-01 18:34:01.749  1724  2184 D DisplayPowerState: run state:ON on:true backlight:173
09-01 18:34:01.750   673  9801 I ta      : TAAEC< INFO> 4280: aec_process_calc_roi_luma_ctrl: FACE_PROTECTION: AE FACE FEATURE DISABLED
09-01 18:34:01.750   673  9801 I ta      : TAAEC< INFO> 4324: aec_process_calc_roi_luma_ctrl: FACE_PROTECTION: Face Portection FALSE
09-01 18:34:01.754  1724  2184 I DisplayPowerState: mBlockedByFingerprint = 0
09-01 18:34:01.755  1724  2184 E DisplayPowerState: run changed=true mNightPearlManager is null! or state != Display.STATE_OFF
09-01 18:34:01.755  1724  2184 D DisplayPowerState: run normal set state ON brightness:206
09-01 18:34:01.756  1724  2184 W LightsService: setBrightness:158
09-01 18:34:01.757  9507 10007 I chatty  : uid=10602(cn.missevan) expire 3 lines
09-01 18:34:01.757   673  9786 E libc    : Access denied finding property "persist.front.camera.qcom.awb"
09-01 18:34:01.763   673  9816 E libc    : Access denied finding property "persist.aicamera.needlut"
09-01 18:34:01.767  1724  2184 D FingerprintWakeHook: Display state changed to ON
09-01 18:34:01.767  1724  2184 D DisplayPowerState: run normal set state end
09-01 18:34:01.768  1724  2184 D DisplayPowerState: run state:ON on:true backlight:158
09-01 18:34:01.771  1724  2184 I DisplayPowerState: mBlockedByFingerprint = 0
09-01 18:34:01.774  1724  2184 E DisplayPowerState: run changed=true mNightPearlManager is null! or state != Display.STATE_OFF
09-01 18:34:01.774  1724  2184 D DisplayPowerState: run normal set state ON brightness:201
09-01 18:34:01.774  1724  2184 W LightsService: setBrightness:152
09-01 18:34:01.777  1724  2184 D FingerprintWakeHook: Display state changed to ON
09-01 18:34:01.777  1724  2184 D DisplayPowerState: run normal set state end
09-01 18:34:01.778  1724  2184 D DisplayPowerState: run state:ON on:true backlight:152
09-01 18:34:01.783   673  9773 E         : cpp_thread_handle_process_buf_event, stream_type = 1
09-01 18:34:01.784   673  9773 E libc    : Access denied finding property "disable.cpp.power.collapse"
09-01 18:34:01.784   673  9773 E libc    : Access denied finding property "camera.cpp.dumppreviewpayload"
09-01 18:34:01.788  1724  2184 I DisplayPowerState: mBlockedByFingerprint = 0
09-01 18:34:01.791  1724  2184 E DisplayPowerState: run changed=true mNightPearlManager is null! or state != Display.STATE_OFF
09-01 18:34:01.792  1724  2184 D DisplayPowerState: run normal set state ON brightness:196
09-01 18:34:01.792  1724  2184 W LightsService: setBrightness:146
09-01 18:34:01.793   673  9801 E ta      : TAAEC<ERROR> 2520: aec_process_parse_input_info: AEC error: invalid param type: 21
09-01 18:34:01.799   673  9786 E libc    : Access denied finding property "persist.front.camera.qcom.awb"
09-01 18:34:01.801  1724  2184 D FingerprintWakeHook: Display state changed to ON
09-01 18:34:01.802  1724  2184 D DisplayPowerState: run normal set state end
09-01 18:34:01.803   673  9816 E libc    : Access denied finding property "persist.aicamera.needlut"
09-01 18:34:01.805  1724  2184 D DisplayPowerState: run state:ON on:true backlight:146
09-01 18:34:01.805  1724  2184 I DisplayPowerState: mBlockedByFingerprint = 0
09-01 18:34:01.806  1724  2184 E DisplayPowerState: run changed=true mNightPearlManager is null! or state != Display.STATE_OFF
09-01 18:34:01.806  1724  2184 D DisplayPowerState: run normal set state ON brightness:191
09-01 18:34:01.806  1724  2184 W LightsService: setBrightness:141
09-01 18:34:01.809  1724  2184 D FingerprintWakeHook: Display state changed to ON
09-01 18:34:01.809  1724  2184 D DisplayPowerState: run normal set state end
09-01 18:34:01.811  1724  2184 D DisplayPowerState: run state:ON on:true backlight:141
09-01 18:34:01.821  1724  2184 I DisplayPowerState: mBlockedByFingerprint = 0
09-01 18:34:01.822  1724  2184 E DisplayPowerState: run changed=true mNightPearlManager is null! or state != Display.STATE_OFF
09-01 18:34:01.822  1724  2184 D DisplayPowerState: run normal set state ON brightness:186
09-01 18:34:01.822  1724  2184 D DisplayPowerState: run normal set state end
09-01 18:34:01.824   673  9773 E         : cpp_thread_handle_process_buf_event, stream_type = 1
09-01 18:34:01.824   673  9773 E libc    : Access denied finding property "disable.cpp.power.collapse"
09-01 18:34:01.825   673  9773 E libc    : Access denied finding property "camera.cpp.dumppreviewpayload"
09-01 18:34:01.825  1724  2184 D DisplayPowerState: run state:ON on:true backlight:141
09-01 18:34:01.828   673  9801 E ta      : TAAEC<ERROR> 2520: aec_process_parse_input_info: AEC error: invalid param type: 21
09-01 18:34:01.829   673  9801 I ta      : TAAEC< INFO> 4280: aec_process_calc_roi_luma_ctrl: FACE_PROTECTION: AE FACE FEATURE DISABLED
09-01 18:34:01.829   673  9801 I ta      : TAAEC< INFO> 4324: aec_process_calc_roi_luma_ctrl: FACE_PROTECTION: Face Portection FALSE
09-01 18:34:01.837   673  9786 E libc    : Access denied finding property "persist.front.camera.qcom.awb"
09-01 18:34:01.838  1724  2184 I DisplayPowerState: mBlockedByFingerprint = 0
09-01 18:34:01.840  1724  2184 E DisplayPowerState: run changed=true mNightPearlManager is null! or state != Display.STATE_OFF
09-01 18:34:01.840  1724  2184 D DisplayPowerState: run normal set state ON brightness:181
09-01 18:34:01.841  1724  2184 W LightsService: setBrightness:134
09-01 18:34:01.843   673  9816 E libc    : Access denied finding property "persist.aicamera.needlut"
09-01 18:34:01.851  1724  2184 D FingerprintWakeHook: Display state changed to ON
09-01 18:34:01.851  1724  2184 D DisplayPowerState: run normal set state end
09-01 18:34:01.852  1724  2184 D DisplayPowerState: run state:ON on:true backlight:134
09-01 18:34:01.856  1724  2184 I DisplayPowerState: mBlockedByFingerprint = 0
09-01 18:34:01.860  1724  2184 E DisplayPowerState: run changed=true mNightPearlManager is null! or state != Display.STATE_OFF
09-01 18:34:01.860  1724  2184 D DisplayPowerState: run normal set state ON brightness:176
09-01 18:34:01.860  1724  2184 D DisplayPowerState: run normal set state end
09-01 18:34:01.862  1724  2184 D DisplayPowerState: run state:ON on:true backlight:134
09-01 18:34:01.863   673  9773 E         : cpp_thread_handle_process_buf_event, stream_type = 1
09-01 18:34:01.863   673  9773 E libc    : Access denied finding property "disable.cpp.power.collapse"
09-01 18:34:01.864   673  9773 E libc    : Access denied finding property "camera.cpp.dumppreviewpayload"
09-01 18:34:01.868   673  9801 E ta      : TAAEC<ERROR> 2520: aec_process_parse_input_info: AEC error: invalid param type: 21
09-01 18:34:01.871  1724  2184 I DisplayPowerState: mBlockedByFingerprint = 0
09-01 18:34:01.872  1724  2184 E DisplayPowerState: run changed=true mNightPearlManager is null! or state != Display.STATE_OFF
09-01 18:34:01.873  1724  2184 D DisplayPowerState: run normal set state ON brightness:171
09-01 18:34:01.874  1724  2184 W LightsService: setBrightness:128
09-01 18:34:01.880   673  9786 E libc    : Access denied finding property "persist.front.camera.qcom.awb"
09-01 18:34:01.882   673  9816 E libc    : Access denied finding property "persist.aicamera.needlut"
09-01 18:34:01.884  1724  2184 D FingerprintWakeHook: Display state changed to ON
09-01 18:34:01.884  1724  2184 D DisplayPowerState: run normal set state end
09-01 18:34:01.886  1724  2184 D DisplayPowerState: run state:ON on:true backlight:128
09-01 18:34:01.888  1724  2184 I DisplayPowerState: mBlockedByFingerprint = 0
09-01 18:34:01.891  1724  2184 E DisplayPowerState: run changed=true mNightPearlManager is null! or state != Display.STATE_OFF
09-01 18:34:01.891  1724  2184 D DisplayPowerState: run normal set state ON brightness:166
09-01 18:34:01.891  1724  2184 W LightsService: setBrightness:122
09-01 18:34:01.893  1724  2184 D FingerprintWakeHook: Display state changed to ON
09-01 18:34:01.894  1724  2184 D DisplayPowerState: run normal set state end
09-01 18:34:01.895  1724  2184 D DisplayPowerState: run state:ON on:true backlight:122
09-01 18:34:01.903   673  9773 E         : cpp_thread_handle_process_buf_event, stream_type = 1
09-01 18:34:01.903   673  9773 E libc    : Access denied finding property "disable.cpp.power.collapse"
09-01 18:34:01.904   673  9773 E libc    : Access denied finding property "camera.cpp.dumppreviewpayload"
09-01 18:34:01.905  1724  2184 I DisplayPowerState: mBlockedByFingerprint = 0
09-01 18:34:01.906  1724  2184 E DisplayPowerState: run changed=true mNightPearlManager is null! or state != Display.STATE_OFF
09-01 18:34:01.906  1724  2184 D DisplayPowerState: run normal set state ON brightness:161
09-01 18:34:01.906  1724  2184 D DisplayPowerState: run normal set state end
09-01 18:34:01.908   673  9801 E ta      : TAAEC<ERROR> 2520: aec_process_parse_input_info: AEC error: invalid param type: 21
09-01 18:34:01.909  1724  2184 D DisplayPowerState: run state:ON on:true backlight:122
09-01 18:34:01.909   673  9801 I ta      : TAAEC< INFO> 4280: aec_process_calc_roi_luma_ctrl: FACE_PROTECTION: AE FACE FEATURE DISABLED
09-01 18:34:01.909   673  9801 I ta      : TAAEC< INFO> 4324: aec_process_calc_roi_luma_ctrl: FACE_PROTECTION: Face Portection FALSE
09-01 18:34:01.917   673  9786 E libc    : Access denied finding property "persist.front.camera.qcom.awb"
09-01 18:34:01.921  1724  2184 I DisplayPowerState: mBlockedByFingerprint = 0
09-01 18:34:01.922  1724  2184 E DisplayPowerState: run changed=true mNightPearlManager is null! or state != Display.STATE_OFF
09-01 18:34:01.922  1724  2184 D DisplayPowerState: run normal set state ON brightness:156
09-01 18:34:01.922  1724  2184 W LightsService: setBrightness:115
09-01 18:34:01.924   673  9816 E libc    : Access denied finding property "persist.aicamera.needlut"
09-01 18:34:01.926  1724  2184 D FingerprintWakeHook: Display state changed to ON
09-01 18:34:01.926  1724  2184 D DisplayPowerState: run normal set state end
09-01 18:34:01.927  1724  2184 D DisplayPowerState: run state:ON on:true backlight:115
09-01 18:34:01.939  1724  2184 I DisplayPowerState: mBlockedByFingerprint = 0
09-01 18:34:01.942  1724  2184 E DisplayPowerState: run changed=true mNightPearlManager is null! or state != Display.STATE_OFF
09-01 18:34:01.942  1724  2184 D DisplayPowerState: run normal set state ON brightness:151
09-01 18:34:01.942  1724  2184 D DisplayPowerState: run normal set state end
09-01 18:34:01.943   673  9773 E         : cpp_thread_handle_process_buf_event, stream_type = 1
09-01 18:34:01.944   673  9773 E libc    : Access denied finding property "disable.cpp.power.collapse"
09-01 18:34:01.944  1724  2184 D DisplayPowerState: run state:ON on:true backlight:115
09-01 18:34:01.944   673  9773 E libc    : Access denied finding property "camera.cpp.dumppreviewpayload"
09-01 18:34:01.948   673  9801 E ta      : TAAEC<ERROR> 2520: aec_process_parse_input_info: AEC error: invalid param type: 21
09-01 18:34:01.954  1724  2184 I DisplayPowerState: mBlockedByFingerprint = 0
09-01 18:34:01.958  1724  2184 E DisplayPowerState: run changed=true mNightPearlManager is null! or state != Display.STATE_OFF
09-01 18:34:01.958  1724  2184 D DisplayPowerState: run normal set state ON brightness:146
09-01 18:34:01.959  1724  2184 W LightsService: setBrightness:108
09-01 18:34:01.959   673  9786 E libc    : Access denied finding property "persist.front.camera.qcom.awb"
09-01 18:34:01.962   673  9816 E libc    : Access denied finding property "persist.aicamera.needlut"
09-01 18:34:01.958   673   673 W CAM_dataPoll: type=1400 audit(0.0:82679): avc: denied { read } for name="u:object_r:default_prop:s0" dev="tmpfs" ino=12412 scontext=u:r:hal_camera_default:s0 tcontext=u:object_r:default_prop:s0 tclass=file permissive=0
09-01 18:34:01.968  1724  2184 D FingerprintWakeHook: Display state changed to ON
09-01 18:34:01.968  1724  2184 D DisplayPowerState: run normal set state end
09-01 18:34:01.970  1724  2184 D DisplayPowerState: run state:ON on:true backlight:108
09-01 18:34:01.971  1724  2184 I DisplayPowerState: mBlockedByFingerprint = 0
09-01 18:34:01.974  1724  2184 E DisplayPowerState: run changed=true mNightPearlManager is null! or state != Display.STATE_OFF
09-01 18:34:01.974  1724  2184 D DisplayPowerState: run normal set state ON brightness:141
09-01 18:34:01.975  1724  2184 W LightsService: setBrightness:101
09-01 18:34:01.977  1724  2184 D FingerprintWakeHook: Display state changed to ON
09-01 18:34:01.977  1724  2184 D DisplayPowerState: run normal set state end
09-01 18:34:01.978  1724  2184 D DisplayPowerState: run state:ON on:true backlight:101
09-01 18:34:01.984   673  9773 E         : cpp_thread_handle_process_buf_event, stream_type = 1
09-01 18:34:01.978   673   673 W CAM_cpp : type=1400 audit(0.0:82680): avc: denied { read } for name="u:object_r:default_prop:s0" dev="tmpfs" ino=12412 scontext=u:r:hal_camera_default:s0 tcontext=u:object_r:default_prop:s0 tclass=file permissive=0
09-01 18:34:01.984   673  9773 E libc    : Access denied finding property "disable.cpp.power.collapse"
09-01 18:34:01.978   673   673 W CAM_cpp : type=1400 audit(0.0:82681): avc: denied { read } for name="u:object_r:default_prop:s0" dev="tmpfs" ino=12412 scontext=u:r:hal_camera_default:s0 tcontext=u:object_r:default_prop:s0 tclass=file permissive=0
09-01 18:34:01.984   673  9773 E libc    : Access denied finding property "camera.cpp.dumppreviewpayload"
09-01 18:34:01.988   673  9801 E ta      : TAAEC<ERROR> 2520: aec_process_parse_input_info: AEC error: invalid param type: 21
09-01 18:34:01.989  1724  2184 I DisplayPowerState: mBlockedByFingerprint = 0
