09-01 18:34:05.921  1724  2403 D PowerManagerService: mTmpPrimaryDisplayIsDoze PRIMARY to doze DRAW_WAKE_LOCK                 'VivoDisplayStateService-primary-display' ACQ=-318ms (uid=1000 (displayid =0 pid=1724)
09-01 18:34:05.921  1724  2403 D PowerManagerService: mTmpPrimaryDisplayIsDoze PRIMARY to doze DRAW_WAKE_LOCK                 'Window:AOD' ACQ=-45ms (uid=1000 (displayid =0 pid=1724 ws=WorkSource{1000 com.vivo.nightpearl})
09-01 18:34:05.933 10614 10614 D StandbyModeManager: onReceive action: android.intent.action.SCREEN_OFF
09-01 18:34:05.934 10614 10614 D StandbyModeManager: stop try start standby by mobileOff ON when screenoff
09-01 18:34:05.937  3045  3045 D ViewRootImpl[AOD]: pokeDrawLockedIfNeeded displayState=3
09-01 18:34:05.938 10614 10614 D MSF.C.LogManager: onReceive broadcastreceiver.action = android.intent.action.SCREEN_OFF
09-01 18:34:05.941  1724  4404 D WindowManager: pokeDrawLock: poking draw lock on behalf of visible window owned by com.vivo.nightpearl
09-01 18:34:05.941  1724  4404 D PowerManagerService: acquireWakeLockInternal: lock=82906725, flags=0x80, tag="Window:AOD", ws=WorkSource{1000 com.vivo.nightpearl}, uid=1000, pid=1724
09-01 18:34:05.941  1724  4404 D PowerManagerService: mTmpPrimaryDisplayIsDoze PRIMARY to doze DRAW_WAKE_LOCK                 'VivoDisplayStateService-primary-display' ACQ=-338ms (uid=1000 (displayid =0 pid=1724)
09-01 18:34:05.941  1724  4404 D PowerManagerService: mTmpPrimaryDisplayIsDoze PRIMARY to doze DRAW_WAKE_LOCK                 'Window:AOD' ACQ=-65ms (uid=1000 (displayid =0 pid=1724 ws=WorkSource{1000 com.vivo.nightpearl})
09-01 18:34:05.946  2404  2404 D ViewRootImpl[StatusBar]: pokeDrawLockedIfNeeded displayState=3
09-01 18:34:05.946  1724  4404 D WindowManager: pokeDrawLock: suppressed draw lock request for invisible window owned by com.android.systemui
09-01 18:34:05.968  3045  3045 D ViewRootImpl[AOD]: pokeDrawLockedIfNeeded displayState=3
09-01 18:34:05.968  1724  5409 D WindowManager: pokeDrawLock: poking draw lock on behalf of visible window owned by com.vivo.nightpearl
09-01 18:34:05.968  1724  5409 D PowerManagerService: acquireWakeLockInternal: lock=82906725, flags=0x80, tag="Window:AOD", ws=WorkSource{1000 com.vivo.nightpearl}, uid=1000, pid=1724
09-01 18:34:05.968  1724  5409 D PowerManagerService: mTmpPrimaryDisplayIsDoze PRIMARY to doze DRAW_WAKE_LOCK                 'VivoDisplayStateService-primary-display' ACQ=-365ms (uid=1000 (displayid =0 pid=1724)
09-01 18:34:05.968  1724  5409 D PowerManagerService: mTmpPrimaryDisplayIsDoze PRIMARY to doze DRAW_WAKE_LOCK                 'Window:AOD' ACQ=-92ms (uid=1000 (displayid =0 pid=1724 ws=WorkSource{1000 com.vivo.nightpearl})
09-01 18:34:05.984  2404  2404 D ViewRootImpl[StatusBar]: pokeDrawLockedIfNeeded displayState=3
09-01 18:34:05.984  1724  4404 D WindowManager: pokeDrawLock: suppressed draw lock request for invisible window owned by com.android.systemui
09-01 18:34:05.990 13770 13770 D TESDownloadManager: AppSystemReceiver onReceive
09-01 18:34:05.990 13770 13770 D TESDownloadManager: action:android.intent.action.SCREEN_OFF
09-01 18:34:06.002  3045  3045 D ViewRootImpl[AOD]: pokeDrawLockedIfNeeded displayState=3
09-01 18:34:06.003  1724  2656 D WindowManager: pokeDrawLock: poking draw lock on behalf of visible window owned by com.vivo.nightpearl
09-01 18:34:06.003  1724  2656 D PowerManagerService: acquireWakeLockInternal: lock=82906725, flags=0x80, tag="Window:AOD", ws=WorkSource{1000 com.vivo.nightpearl}, uid=1000, pid=1724
09-01 18:34:06.003  1724  2656 D PowerManagerService: mTmpPrimaryDisplayIsDoze PRIMARY to doze DRAW_WAKE_LOCK                 'VivoDisplayStateService-primary-display' ACQ=-400ms (uid=1000 (displayid =0 pid=1724)
09-01 18:34:06.003  1724  2656 D PowerManagerService: mTmpPrimaryDisplayIsDoze PRIMARY to doze DRAW_WAKE_LOCK                 'Window:AOD' ACQ=-127ms (uid=1000 (displayid =0 pid=1724 ws=WorkSource{1000 com.vivo.nightpearl})
09-01 18:34:06.017  2404  2404 D ViewRootImpl[StatusBar]: pokeDrawLockedIfNeeded displayState=3
09-01 18:34:06.017  1724  4404 D WindowManager: pokeDrawLock: suppressed draw lock request for invisible window owned by com.android.systemui
09-01 18:34:06.026  1724  5409 I chatty  : uid=1000(system) Binder:1724_16 expire 1 line
09-01 18:34:06.035  3045  3045 D ViewRootImpl[AOD]: pokeDrawLockedIfNeeded displayState=3
09-01 18:34:06.035  1724 16082 D WindowManager: pokeDrawLock: poking draw lock on behalf of visible window owned by com.vivo.nightpearl
09-01 18:34:06.036  1724 16082 D PowerManagerService: acquireWakeLockInternal: lock=82906725, flags=0x80, tag="Window:AOD", ws=WorkSource{1000 com.vivo.nightpearl}, uid=1000, pid=1724
09-01 18:34:06.036  1724 16082 D PowerManagerService: mTmpPrimaryDisplayIsDoze PRIMARY to doze DRAW_WAKE_LOCK                 'VivoDisplayStateService-primary-display' ACQ=-433ms (uid=1000 (displayid =0 pid=1724)
09-01 18:34:06.036  1724 16082 D PowerManagerService: mTmpPrimaryDisplayIsDoze PRIMARY to doze DRAW_WAKE_LOCK                 'Window:AOD' ACQ=-160ms (uid=1000 (displayid =0 pid=1724 ws=WorkSource{1000 com.vivo.nightpearl})
09-01 18:34:06.051  2404  2404 D ViewRootImpl[StatusBar]: pokeDrawLockedIfNeeded displayState=3
09-01 18:34:06.051  1724  2403 D WindowManager: pokeDrawLock: suppressed draw lock request for invisible window owned by com.android.systemui
09-01 18:34:06.068  3045  3045 D ViewRootImpl[AOD]: pokeDrawLockedIfNeeded displayState=3
09-01 18:34:06.069  1724  5409 D WindowManager: pokeDrawLock: poking draw lock on behalf of visible window owned by com.vivo.nightpearl
09-01 18:34:06.069  1724  5409 D PowerManagerService: acquireWakeLockInternal: lock=82906725, flags=0x80, tag="Window:AOD", ws=WorkSource{1000 com.vivo.nightpearl}, uid=1000, pid=1724
09-01 18:34:06.069  1724  5409 D PowerManagerService: mTmpPrimaryDisplayIsDoze PRIMARY to doze DRAW_WAKE_LOCK                 'VivoDisplayStateService-primary-display' ACQ=-466ms (uid=1000 (displayid =0 pid=1724)
09-01 18:34:06.069  1724  5409 D PowerManagerService: mTmpPrimaryDisplayIsDoze PRIMARY to doze DRAW_WAKE_LOCK                 'Window:AOD' ACQ=-193ms (uid=1000 (displayid =0 pid=1724 ws=WorkSource{1000 com.vivo.nightpearl})
09-01 18:34:06.080  9507  9632 I CronetEngine: [thread_background]
09-01 18:34:06.080  9507  9632 I CronetEngine: url: https://data.uat.missevan.com/statistics/collect-events
09-01 18:34:06.080  9507  9632 I CronetEngine:  ip: 10.21.250.10
09-01 18:34:06.080  9507  9632 I CronetEngine:  hostResolverProvider:
09-01 18:34:06.080  9507  9632 I CronetEngine:  hostResolveIps: []
09-01 18:34:06.080  9507  9632 I CronetEngine:
09-01 18:34:06.083  2404  2404 D ViewRootImpl[StatusBar]: pokeDrawLockedIfNeeded displayState=3
09-01 18:34:06.084  1724  5409 D WindowManager: pokeDrawLock: suppressed draw lock request for invisible window owned by com.android.systemui
09-01 18:34:06.104  3045  3045 D ViewRootImpl[AOD]: pokeDrawLockedIfNeeded displayState=3
09-01 18:34:06.105  1724  2656 D WindowManager: pokeDrawLock: poking draw lock on behalf of visible window owned by com.vivo.nightpearl
09-01 18:34:06.105  1724  2656 D PowerManagerService: acquireWakeLockInternal: lock=82906725, flags=0x80, tag="Window:AOD", ws=WorkSource{1000 com.vivo.nightpearl}, uid=1000, pid=1724
09-01 18:34:06.106  1724  2656 D PowerManagerService: mTmpPrimaryDisplayIsDoze PRIMARY to doze DRAW_WAKE_LOCK                 'VivoDisplayStateService-primary-display' ACQ=-502ms (uid=1000 (displayid =0 pid=1724)
09-01 18:34:06.106  1724  2656 D PowerManagerService: mTmpPrimaryDisplayIsDoze PRIMARY to doze DRAW_WAKE_LOCK                 'Window:AOD' ACQ=-229ms (uid=1000 (displayid =0 pid=1724 ws=WorkSource{1000 com.vivo.nightpearl})
09-01 18:34:06.117  2404  2404 D ViewRootImpl[StatusBar]: pokeDrawLockedIfNeeded displayState=3
09-01 18:34:06.118  1724 10303 D WindowManager: pokeDrawLock: suppressed draw lock request for invisible window owned by com.android.systemui
09-01 18:34:06.134  3045  3045 D ViewRootImpl[AOD]: pokeDrawLockedIfNeeded displayState=3
09-01 18:34:06.135  1724  4404 D WindowManager: pokeDrawLock: poking draw lock on behalf of visible window owned by com.vivo.nightpearl
09-01 18:34:06.135  1724  4404 D PowerManagerService: acquireWakeLockInternal: lock=82906725, flags=0x80, tag="Window:AOD", ws=WorkSource{1000 com.vivo.nightpearl}, uid=1000, pid=1724
09-01 18:34:06.135  1724  4404 D PowerManagerService: mTmpPrimaryDisplayIsDoze PRIMARY to doze DRAW_WAKE_LOCK                 'VivoDisplayStateService-primary-display' ACQ=-532ms (uid=1000 (displayid =0 pid=1724)
09-01 18:34:06.135  1724  4404 D PowerManagerService: mTmpPrimaryDisplayIsDoze PRIMARY to doze DRAW_WAKE_LOCK                 'Window:AOD' ACQ=-259ms (uid=1000 (displayid =0 pid=1724 ws=WorkSource{1000 com.vivo.nightpearl})
09-01 18:34:06.151  2404  2404 D ViewRootImpl[StatusBar]: pokeDrawLockedIfNeeded displayState=3
09-01 18:34:06.154  1724  6436 D WindowManager: pokeDrawLock: suppressed draw lock request for invisible window owned by com.android.systemui
09-01 18:34:06.157  1724  2403 I chatty  : uid=1000(system) Binder:1724_5 expire 6 lines
09-01 18:34:06.160  1724 10303 I chatty  : uid=1000(system) Binder:1724_1A expire 8 lines
09-01 18:34:06.168  1724  4404 I chatty  : uid=1000(system) Binder:1724_14 expire 18 lines
09-01 18:34:06.171 13770 14157 I SmartThreadExecutor: handleMessage: start check 1
09-01 18:34:06.171 13770 14157 I SmartThreadExecutor: handleMessage: check end 1 -74 false
09-01 18:34:06.171  3045  3045 D ViewRootImpl[AOD]: pokeDrawLockedIfNeeded displayState=3
09-01 18:34:06.172  1724  2403 D WindowManager: pokeDrawLock: poking draw lock on behalf of visible window owned by com.vivo.nightpearl
09-01 18:34:06.172  1724  2403 D PowerManagerService: acquireWakeLockInternal: lock=82906725, flags=0x80, tag="Window:AOD", ws=WorkSource{1000 com.vivo.nightpearl}, uid=1000, pid=1724
09-01 18:34:06.172  1724  2403 D PowerManagerService: mTmpPrimaryDisplayIsDoze PRIMARY to doze DRAW_WAKE_LOCK                 'VivoDisplayStateService-primary-display' ACQ=-569ms (uid=1000 (displayid =0 pid=1724)
09-01 18:34:06.172  1724  2403 D PowerManagerService: mTmpPrimaryDisplayIsDoze PRIMARY to doze DRAW_WAKE_LOCK                 'Window:AOD' ACQ=-296ms (uid=1000 (displayid =0 pid=1724 ws=WorkSource{1000 com.vivo.nightpearl})
09-01 18:34:06.184  2404  2404 D ViewRootImpl[StatusBar]: pokeDrawLockedIfNeeded displayState=3
09-01 18:34:06.184  1724  2403 D WindowManager: pokeDrawLock: suppressed draw lock request for invisible window owned by com.android.systemui
09-01 18:34:06.202  3045  3045 D ViewRootImpl[AOD]: pokeDrawLockedIfNeeded displayState=3
09-01 18:34:06.202  1724  2656 D WindowManager: pokeDrawLock: poking draw lock on behalf of visible window owned by com.vivo.nightpearl
09-01 18:34:06.203  1724  2656 D PowerManagerService: acquireWakeLockInternal: lock=82906725, flags=0x80, tag="Window:AOD", ws=WorkSource{1000 com.vivo.nightpearl}, uid=1000, pid=1724
09-01 18:34:06.203  1724  2656 D PowerManagerService: mTmpPrimaryDisplayIsDoze PRIMARY to doze DRAW_WAKE_LOCK                 'VivoDisplayStateService-primary-display' ACQ=-600ms (uid=1000 (displayid =0 pid=1724)
09-01 18:34:06.203  1724  2656 D PowerManagerService: mTmpPrimaryDisplayIsDoze PRIMARY to doze DRAW_WAKE_LOCK                 'Window:AOD' ACQ=-327ms (uid=1000 (displayid =0 pid=1724 ws=WorkSource{1000 com.vivo.nightpearl})
09-01 18:34:06.217  2404  2404 D ViewRootImpl[StatusBar]: pokeDrawLockedIfNeeded displayState=3
09-01 18:34:06.218  1724  2656 D WindowManager: pokeDrawLock: suppressed draw lock request for invisible window owned by com.android.systemui
09-01 18:34:06.235  3045  3045 D ViewRootImpl[AOD]: pokeDrawLockedIfNeeded displayState=3
09-01 18:34:06.236  1724  2403 D WindowManager: pokeDrawLock: poking draw lock on behalf of visible window owned by com.vivo.nightpearl
09-01 18:34:06.236  1724  2403 D PowerManagerService: acquireWakeLockInternal: lock=82906725, flags=0x80, tag="Window:AOD", ws=WorkSource{1000 com.vivo.nightpearl}, uid=1000, pid=1724
09-01 18:34:06.236  1724  2403 D PowerManagerService: mTmpPrimaryDisplayIsDoze PRIMARY to doze DRAW_WAKE_LOCK                 'VivoDisplayStateService-primary-display' ACQ=-633ms (uid=1000 (displayid =0 pid=1724)
09-01 18:34:06.236  1724  2403 D PowerManagerService: mTmpPrimaryDisplayIsDoze PRIMARY to doze DRAW_WAKE_LOCK                 'Window:AOD' ACQ=-360ms (uid=1000 (displayid =0 pid=1724 ws=WorkSource{1000 com.vivo.nightpearl})
09-01 18:34:06.244  2786  3415 I chatty  : uid=1000(system) pool-2-thread-1 expire 2 lines
09-01 18:34:06.251  2404  2404 D ViewRootImpl[StatusBar]: pokeDrawLockedIfNeeded displayState=3
09-01 18:34:06.251  1724 10303 D WindowManager: pokeDrawLock: suppressed draw lock request for invisible window owned by com.android.systemui
09-01 18:34:06.268  3045  3045 D ViewRootImpl[AOD]: pokeDrawLockedIfNeeded displayState=3
09-01 18:34:06.268  1724 10303 D WindowManager: pokeDrawLock: poking draw lock on behalf of visible window owned by com.vivo.nightpearl
09-01 18:34:06.268  1724 10303 D PowerManagerService: acquireWakeLockInternal: lock=82906725, flags=0x80, tag="Window:AOD", ws=WorkSource{1000 com.vivo.nightpearl}, uid=1000, pid=1724
09-01 18:34:06.269  1724 10303 D PowerManagerService: mTmpPrimaryDisplayIsDoze PRIMARY to doze DRAW_WAKE_LOCK                 'VivoDisplayStateService-primary-display' ACQ=-666ms (uid=1000 (displayid =0 pid=1724)
09-01 18:34:06.269  1724 10303 D PowerManagerService: mTmpPrimaryDisplayIsDoze PRIMARY to doze DRAW_WAKE_LOCK                 'Window:AOD' ACQ=-393ms (uid=1000 (displayid =0 pid=1724 ws=WorkSource{1000 com.vivo.nightpearl})
09-01 18:34:06.279  1724  1853 I chatty  : uid=1000(system) android.ui expire 6 lines
09-01 18:34:06.280  1724  2656 I chatty  : uid=1000(system) Binder:1724_8 expire 1 line
09-01 18:34:06.284  2404  2404 D ViewRootImpl[StatusBar]: pokeDrawLockedIfNeeded displayState=3
09-01 18:34:06.285  1724  4404 D WindowManager: pokeDrawLock: suppressed draw lock request for invisible window owned by com.android.systemui
09-01 18:34:06.285  1724  2403 I chatty  : uid=1000(system) Binder:1724_5 expire 1 line
09-01 18:34:06.286  1724  2101 I chatty  : uid=1000(system) Binder:1724_3 expire 1 line
09-01 18:34:06.287  1724  1781 I chatty  : uid=1000(system) Binder:1724_1 expire 1 line
09-01 18:34:06.287  1724  2879 I chatty  : uid=1000(system) Binder:1724_9 expire 1 line
09-01 18:34:06.288  1724  5409 I chatty  : uid=1000(system) Binder:1724_16 expire 3 lines
09-01 18:34:06.303  3045  3045 D ViewRootImpl[AOD]: pokeDrawLockedIfNeeded displayState=3
09-01 18:34:06.304  1724  6436 D WindowManager: pokeDrawLock: poking draw lock on behalf of visible window owned by com.vivo.nightpearl
09-01 18:34:06.304  1724  6436 D PowerManagerService: acquireWakeLockInternal: lock=82906725, flags=0x80, tag="Window:AOD", ws=WorkSource{1000 com.vivo.nightpearl}, uid=1000, pid=1724
09-01 18:34:06.304  1724  6436 D PowerManagerService: mTmpPrimaryDisplayIsDoze PRIMARY to doze DRAW_WAKE_LOCK                 'VivoDisplayStateService-primary-display' ACQ=-701ms (uid=1000 (displayid =0 pid=1724)
09-01 18:34:06.304  1724  6436 D PowerManagerService: mTmpPrimaryDisplayIsDoze PRIMARY to doze DRAW_WAKE_LOCK                 'Window:AOD' ACQ=-428ms (uid=1000 (displayid =0 pid=1724 ws=WorkSource{1000 com.vivo.nightpearl})
09-01 18:34:06.317  2404  2404 D ViewRootImpl[StatusBar]: pokeDrawLockedIfNeeded displayState=3
09-01 18:34:06.317  1724  4404 D WindowManager: pokeDrawLock: suppressed draw lock request for invisible window owned by com.android.systemui
09-01 18:34:06.334  3045  3045 D ViewRootImpl[AOD]: pokeDrawLockedIfNeeded displayState=3
09-01 18:34:06.335  1724  4404 D WindowManager: pokeDrawLock: poking draw lock on behalf of visible window owned by com.vivo.nightpearl
09-01 18:34:06.335  1724  5409 D PowerManagerService: mTmpPrimaryDisplayIsDoze PRIMARY to doze DRAW_WAKE_LOCK                 'VivoDisplayStateService-primary-display' ACQ=-732ms (uid=1000 (displayid =0 pid=1724)
09-01 18:34:06.335  1724  5409 D PowerManagerService: mTmpPrimaryDisplayIsDoze PRIMARY to doze DRAW_WAKE_LOCK                 'Window:AOD' ACQ=-459ms (uid=1000 (displayid =0 pid=1724 ws=WorkSource{1000 com.vivo.nightpearl})
09-01 18:34:06.336  1724  4404 D PowerManagerService: acquireWakeLockInternal: lock=82906725, flags=0x80, tag="Window:AOD", ws=WorkSource{1000 com.vivo.nightpearl}, uid=1000, pid=1724
09-01 18:34:06.336  1724  4404 D PowerManagerService: mTmpPrimaryDisplayIsDoze PRIMARY to doze DRAW_WAKE_LOCK                 'VivoDisplayStateService-primary-display' ACQ=-733ms (uid=1000 (displayid =0 pid=1724)
09-01 18:34:06.336  1724  4404 D PowerManagerService: mTmpPrimaryDisplayIsDoze PRIMARY to doze DRAW_WAKE_LOCK                 'Window:AOD' ACQ=-460ms (uid=1000 (displayid =0 pid=1724 ws=WorkSource{1000 com.vivo.nightpearl})
09-01 18:34:06.344  2404  2404 D ViewRootImpl[StatusBar]: pokeDrawLockedIfNeeded displayState=3
09-01 18:34:06.344  1724  4404 D WindowManager: pokeDrawLock: suppressed draw lock request for invisible window owned by com.android.systemui
09-01 18:34:06.361  9717  9717 I PlayerService: [main] received ACTION_SCREEN_OFF, isPlaying = false, mediaTitle = , mediaDuration = null, playbackPosition = 0, playlistSize = 0, playingIndex = 0
09-01 18:34:06.369  3045  3045 D ViewRootImpl[AOD]: pokeDrawLockedIfNeeded displayState=3
09-01 18:34:06.369  1724  5409 D WindowManager: pokeDrawLock: poking draw lock on behalf of visible window owned by com.vivo.nightpearl
09-01 18:34:06.369  1724  5409 D PowerManagerService: acquireWakeLockInternal: lock=82906725, flags=0x80, tag="Window:AOD", ws=WorkSource{1000 com.vivo.nightpearl}, uid=1000, pid=1724
09-01 18:34:06.369  1724  5409 D PowerManagerService: mTmpPrimaryDisplayIsDoze PRIMARY to doze DRAW_WAKE_LOCK                 'VivoDisplayStateService-primary-display' ACQ=-766ms (uid=1000 (displayid =0 pid=1724)
09-01 18:34:06.370  1724  5409 D PowerManagerService: mTmpPrimaryDisplayIsDoze PRIMARY to doze DRAW_WAKE_LOCK                 'Window:AOD' ACQ=-493ms (uid=1000 (displayid =0 pid=1724 ws=WorkSource{1000 com.vivo.nightpearl})
09-01 18:34:06.375   715   908 V AudioFlinger: setParameters(): io 0, keyvalue screen_state=off, calling pid 1724 calling uid 1000
09-01 18:34:06.375   715   908 V AudioFlinger: setParameters: filtered keyvalue screen_state=off
09-01 18:34:06.375   671  9240 D audio_hw_primary: adev_set_parameters: enter: screen_state=off
09-01 18:34:06.375   671  9240 V voice   : voice_set_parameters: enter: screen_state=off
09-01 18:34:06.375   671  9240 V compress_voip: voice_extn_compress_voip_set_parameters: enter: screen_state=off
09-01 18:34:06.375   671  9240 D audio_hw_extn: audio_extn_set_anc_parameters: anc_enabled:0
09-01 18:34:06.375   671  9240 D audio_hw_spkr_prot: audio_extn_fbsp_set_parameters: Speaker protection disabled
09-01 18:34:06.383  2404  2404 D ViewRootImpl[StatusBar]: pokeDrawLockedIfNeeded displayState=3
09-01 18:34:06.383  1724  5409 D WindowManager: pokeDrawLock: suppressed draw lock request for invisible window owned by com.android.systemui
09-01 18:34:06.401  1724  2076 I chatty  : uid=1000(system) WifiInjector expire 2 lines
09-01 18:34:06.401  1724  2070 I chatty  : uid=1000(system) WifiStateMachin expire 1 line
09-01 18:34:06.402  3045  3045 D ViewRootImpl[AOD]: pokeDrawLockedIfNeeded displayState=3
09-01 18:34:06.403  1724  5409 D WindowManager: pokeDrawLock: poking draw lock on behalf of visible window owned by com.vivo.nightpearl
09-01 18:34:06.403  1724  5409 D PowerManagerService: acquireWakeLockInternal: lock=82906725, flags=0x80, tag="Window:AOD", ws=WorkSource{1000 com.vivo.nightpearl}, uid=1000, pid=1724
09-01 18:34:06.403  1724  5409 D PowerManagerService: mTmpPrimaryDisplayIsDoze PRIMARY to doze DRAW_WAKE_LOCK                 'VivoDisplayStateService-primary-display' ACQ=-800ms (uid=1000 (displayid =0 pid=1724)
09-01 18:34:06.403  1724  5409 D PowerManagerService: mTmpPrimaryDisplayIsDoze PRIMARY to doze DRAW_WAKE_LOCK                 'Window:AOD' ACQ=-527ms (uid=1000 (displayid =0 pid=1724 ws=WorkSource{1000 com.vivo.nightpearl})
09-01 18:34:06.417  2404  2404 D ViewRootImpl[StatusBar]: pokeDrawLockedIfNeeded displayState=3
09-01 18:34:06.418  1724  5409 D WindowManager: pokeDrawLock: suppressed draw lock request for invisible window owned by com.android.systemui
09-01 18:34:06.435  3045  3045 D ViewRootImpl[AOD]: pokeDrawLockedIfNeeded displayState=3
09-01 18:34:06.436  1724  4404 D WindowManager: pokeDrawLock: poking draw lock on behalf of visible window owned by com.vivo.nightpearl
09-01 18:34:06.436  1724  4404 D PowerManagerService: acquireWakeLockInternal: lock=82906725, flags=0x80, tag="Window:AOD", ws=WorkSource{1000 com.vivo.nightpearl}, uid=1000, pid=1724
09-01 18:34:06.436  1724  4404 D PowerManagerService: mTmpPrimaryDisplayIsDoze PRIMARY to doze DRAW_WAKE_LOCK                 'VivoDisplayStateService-primary-display' ACQ=-833ms (uid=1000 (displayid =0 pid=1724)
09-01 18:34:06.436  1724  4404 D PowerManagerService: mTmpPrimaryDisplayIsDoze PRIMARY to doze DRAW_WAKE_LOCK                 'Window:AOD' ACQ=-560ms (uid=1000 (displayid =0 pid=1724 ws=WorkSource{1000 com.vivo.nightpearl})
09-01 18:34:06.441 10025 10025 I Perf    : Connecting to perf service.
09-01 18:34:06.450  2404  2404 D ViewRootImpl[StatusBar]: pokeDrawLockedIfNeeded displayState=3
09-01 18:34:06.450  1724  4404 D WindowManager: pokeDrawLock: suppressed draw lock request for invisible window owned by com.android.systemui
09-01 18:34:06.457 10025 10025 D Tinker.TinkerLoader: tryLoad test test
09-01 18:34:06.461 10025 10025 W Tinker.TinkerLoader: tryLoadPatchFiles:patch dir not exist:/data/user/0/cn.missevan/tinker
09-01 18:34:06.467  3045  3045 D ViewRootImpl[AOD]: pokeDrawLockedIfNeeded displayState=3
09-01 18:34:06.468  1724  5409 D WindowManager: pokeDrawLock: poking draw lock on behalf of visible window owned by com.vivo.nightpearl
09-01 18:34:06.468  1724  5409 D PowerManagerService: acquireWakeLockInternal: lock=82906725, flags=0x80, tag="Window:AOD", ws=WorkSource{1000 com.vivo.nightpearl}, uid=1000, pid=1724
09-01 18:34:06.468  1724  5409 D PowerManagerService: mTmpPrimaryDisplayIsDoze PRIMARY to doze DRAW_WAKE_LOCK                 'VivoDisplayStateService-primary-display' ACQ=-865ms (uid=1000 (displayid =0 pid=1724)
09-01 18:34:06.468  1724  5409 D PowerManagerService: mTmpPrimaryDisplayIsDoze PRIMARY to doze DRAW_WAKE_LOCK                 'Window:AOD' ACQ=-592ms (uid=1000 (displayid =0 pid=1724 ws=WorkSource{1000 com.vivo.nightpearl})
09-01 18:34:06.484  2404  2404 D ViewRootImpl[StatusBar]: pokeDrawLockedIfNeeded displayState=3
09-01 18:34:06.484  1724  5409 D WindowManager: pokeDrawLock: suppressed draw lock request for invisible window owned by com.android.systemui
09-01 18:34:06.501  3045  3045 D ViewRootImpl[AOD]: pokeDrawLockedIfNeeded displayState=3
09-01 18:34:06.502  1724  5409 D WindowManager: pokeDrawLock: poking draw lock on behalf of visible window owned by com.vivo.nightpearl
09-01 18:34:06.502  1724  5409 D PowerManagerService: acquireWakeLockInternal: lock=82906725, flags=0x80, tag="Window:AOD", ws=WorkSource{1000 com.vivo.nightpearl}, uid=1000, pid=1724
09-01 18:34:06.502  1724  5409 D PowerManagerService: mTmpPrimaryDisplayIsDoze PRIMARY to doze DRAW_WAKE_LOCK                 'VivoDisplayStateService-primary-display' ACQ=-899ms (uid=1000 (displayid =0 pid=1724)
09-01 18:34:06.502  1724  5409 D PowerManagerService: mTmpPrimaryDisplayIsDoze PRIMARY to doze DRAW_WAKE_LOCK                 'Window:AOD' ACQ=-626ms (uid=1000 (displayid =0 pid=1724 ws=WorkSource{1000 com.vivo.nightpearl})
09-01 18:34:06.517  2404  2404 D ViewRootImpl[StatusBar]: pokeDrawLockedIfNeeded displayState=3
09-01 18:34:06.518 10025 10025 D Tinker.DefaultAppLike: onBaseContextAttached:
09-01 18:34:06.518  1724  5409 D WindowManager: pokeDrawLock: suppressed draw lock request for invisible window owned by com.android.systemui
09-01 18:34:06.522 10025 10025 I MultiDex: VM with version 2.1.0 has multidex support
09-01 18:34:06.522 10025 10025 I MultiDex: Installing application
09-01 18:34:06.522 10025 10025 I MultiDex: VM has multidex support, MultiDex support library is disabled.
09-01 18:34:06.535  3045  3045 D ViewRootImpl[AOD]: pokeDrawLockedIfNeeded displayState=3
09-01 18:34:06.536  1724  5409 D WindowManager: pokeDrawLock: poking draw lock on behalf of visible window owned by com.vivo.nightpearl
09-01 18:34:06.536  1724  5409 D PowerManagerService: acquireWakeLockInternal: lock=82906725, flags=0x80, tag="Window:AOD", ws=WorkSource{1000 com.vivo.nightpearl}, uid=1000, pid=1724
09-01 18:34:06.536  1724  5409 D PowerManagerService: mTmpPrimaryDisplayIsDoze PRIMARY to doze DRAW_WAKE_LOCK                 'VivoDisplayStateService-primary-display' ACQ=-933ms (uid=1000 (displayid =0 pid=1724)
09-01 18:34:06.536  1724  5409 D PowerManagerService: mTmpPrimaryDisplayIsDoze PRIMARY to doze DRAW_WAKE_LOCK                 'Window:AOD' ACQ=-660ms (uid=1000 (displayid =0 pid=1724 ws=WorkSource{1000 com.vivo.nightpearl})
09-01 18:34:06.551  2404  2404 D ViewRootImpl[StatusBar]: pokeDrawLockedIfNeeded displayState=3
09-01 18:34:06.551  1724  5409 D WindowManager: pokeDrawLock: suppressed draw lock request for invisible window owned by com.android.systemui
09-01 18:34:06.571  1724  1885 D PowerManagerService: releaseWakeLockInternal: lock=123317536 [VivoDisplayStateService-primary-display], flags=0x0
09-01 18:34:06.572  1724  1885 D PowerManagerService: mTmpPrimaryDisplayIsDoze PRIMARY to doze DRAW_WAKE_LOCK                 'Window:AOD' ACQ=-696ms (uid=1000 (displayid =0 pid=1724 ws=WorkSource{1000 com.vivo.nightpearl})
09-01 18:34:06.583  2404  2404 D ViewRootImpl[StatusBar]: pokeDrawLockedIfNeeded displayState=3
09-01 18:34:06.583  1724  5409 D WindowManager: pokeDrawLock: suppressed draw lock request for invisible window owned by com.android.systemui
09-01 18:34:06.617  2404  2404 D ViewRootImpl[StatusBar]: pokeDrawLockedIfNeeded displayState=3
09-01 18:34:06.617  1724  4404 D WindowManager: pokeDrawLock: suppressed draw lock request for invisible window owned by com.android.systemui
09-01 18:34:06.618 10025 10025 D Tinker.DefaultAppLike: onCreate
09-01 18:34:06.651  2404  2404 D ViewRootImpl[StatusBar]: pokeDrawLockedIfNeeded displayState=3
09-01 18:34:06.651  1724  5409 D WindowManager: pokeDrawLock: suppressed draw lock request for invisible window owned by com.android.systemui
09-01 18:34:06.657  1724  1724 D PowerManagerService: releaseWakeLockInternal: lock=82906725 [Window:AOD], flags=0x10000
09-01 18:34:06.657  1724  1877 I DisplayManagerService: Display device changed state: "内置屏幕", DOZE_SUSPEND
09-01 18:34:06.658  1724  2162 I chatty  : uid=1000(system) VivoDisplayOver expire 1 line
09-01 18:34:06.659  2956  2956 D ViewRootImpl[DockedStackDivider]: onDisplayChange oldDisplayState=3 newDisplayState=4
09-01 18:34:06.661  4240  4240 D ViewRootImpl[Launcher]: onDisplayChange oldDisplayState=3 newDisplayState=4
09-01 18:34:06.661  2956  2956 D ViewRootImpl[PopMenuView]: onDisplayChange oldDisplayState=3 newDisplayState=4
09-01 18:34:06.661  3045  3045 D ViewRootImpl[AOD]: onDisplayChange oldDisplayState=3 newDisplayState=4
09-01 18:34:06.663  4221  4221 D ViewRootImpl[FloatingBallIdleView]: onDisplayChange oldDisplayState=3 newDisplayState=4
09-01 18:34:06.663  2786  2786 I chatty  : uid=1000(system) com.vivo.upslide expire 10 lines
09-01 18:34:06.663  4221  4221 D ViewRootImpl[FloatingBallContent]: onDisplayChange oldDisplayState=3 newDisplayState=4
09-01 18:34:06.664  4441  4441 D ViewRootImpl[HiBoard]: onDisplayChange oldDisplayState=3 newDisplayState=4
09-01 18:34:06.665  4221  4221 D ViewRootImpl[FloatingBallEdgeView]: onDisplayChange oldDisplayState=3 newDisplayState=4
09-01 18:34:06.665   680   825 I SDM     : DisplayBase::SetDisplayState: Set state = 3, display 0
09-01 18:34:06.665  4221  4221 D ViewRootImpl[FloatingBallExpandedView]: onDisplayChange oldDisplayState=3 newDisplayState=4
09-01 18:34:06.673  9507  9507 D ViewRootImpl[MainActivity]: onDisplayChange oldDisplayState=3 newDisplayState=4
09-01 18:34:06.678 13770 13770 D ViewRootImpl[SplashActivity]: onDisplayChange oldDisplayState=3 newDisplayState=4
09-01 18:34:06.678 12497 12497 D ViewRootImpl[GalleryTabActivity]: onDisplayChange oldDisplayState=3 newDisplayState=4
09-01 18:34:06.679 19231 19231 D ViewRootImpl[BrowserActivity]: onDisplayChange oldDisplayState=3 newDisplayState=4
09-01 18:34:06.679 11860 11860 D ViewRootImpl[SecureInputMethod]: onDisplayChange oldDisplayState=3 newDisplayState=4
09-01 18:34:06.679 12497 12497 D ViewRootImpl[NewPageActivity]: onDisplayChange oldDisplayState=3 newDisplayState=4
09-01 18:34:06.680 12497 12497 D ViewRootImpl[Gallery]: onDisplayChange oldDisplayState=3 newDisplayState=4
09-01 18:34:06.683 13152 13152 D ViewRootImpl[LocalCameraActivity]: onDisplayChange oldDisplayState=3 newDisplayState=4
09-01 18:34:06.683 26876 26876 D ViewRootImpl[Settings]: onDisplayChange oldDisplayState=3 newDisplayState=4
09-01 18:34:06.685 23979 23979 D ViewRootImpl[InputMethod]: onDisplayChange oldDisplayState=3 newDisplayState=4
09-01 18:34:06.688  1724  2054 I chatty  : uid=1000(system) InputReader expire 8 lines
09-01 18:34:06.692 19231 19231 D ViewRootImpl[BrowserActivity]: onDisplayChange oldDisplayState=3 newDisplayState=4
09-01 18:34:06.697  2404  2404 D ViewRootImpl[AssistPreviewPanel]: onDisplayChange oldDisplayState=3 newDisplayState=4
09-01 18:34:06.698  2404  2404 D ViewRootImpl[NavigationBar]: onDisplayChange oldDisplayState=3 newDisplayState=4
09-01 18:34:06.699  2404  2404 D ViewRootImpl[StatusBar]: onDisplayChange oldDisplayState=3 newDisplayState=4
09-01 18:34:06.700  2404  2404 D ViewRootImpl[StatusBar]: pokeDrawLockedIfNeeded displayState=4
09-01 18:34:06.701  1724  4404 D WindowManager: pokeDrawLock: suppressed draw lock request for invisible window owned by com.android.systemui
09-01 18:34:06.731  1724  1724 D FingerprintWakeHook: Display state changed to DOZE_SUSPEND
09-01 18:34:06.746  2404  2404 D ViewRootImpl[StatusBar]: pokeDrawLockedIfNeeded displayState=4
09-01 18:34:06.746  1724  2922 D WindowManager: pokeDrawLock: suppressed draw lock request for invisible window owned by com.android.systemui
09-01 18:34:06.767  2404  2404 D ViewRootImpl[StatusBar]: pokeDrawLockedIfNeeded displayState=4
09-01 18:34:06.797   672  6846 I vendor.qti.bluetooth@1.0-ibs_handler: DeviceSleep: TX Awake, Sending SLEEP_IND
09-01 18:34:06.798   672  6846 D vendor.qti.bluetooth@1.0-ibs_handler: SerialClockVote: vote for UART CLK OFF
09-01 18:34:06.799  2404  2404 D ViewRootImpl[StatusBar]: pokeDrawLockedIfNeeded displayState=4
09-01 18:34:06.832  2404  2404 D ViewRootImpl[StatusBar]: pokeDrawLockedIfNeeded displayState=4
09-01 18:34:06.843 10025 10025 W issevan:channe: Accessing hidden method Landroid/app/ActivityThread;->currentApplication()Landroid/app/Application; (light greylist, linking)
09-01 18:34:06.866  2404  2404 D ViewRootImpl[StatusBar]: pokeDrawLockedIfNeeded displayState=4
09-01 18:34:06.899  2404  2404 D ViewRootImpl[StatusBar]: pokeDrawLockedIfNeeded displayState=4
09-01 18:34:06.933  2404  2404 D ViewRootImpl[StatusBar]: pokeDrawLockedIfNeeded displayState=4
09-01 18:34:06.945  1724  4404 I chatty  : uid=1000(system) Binder:1724_14 expire 9 lines
09-01 18:34:06.948   672  6827 D vendor.qti.bluetooth@1.0-wake_lock: Release wakelock is released
09-01 18:34:06.963 10025 10112 D SentryLog: [pool-3-thread-1] SU isn't found on this Device.
09-01 18:34:06.968  2404  2404 D ViewRootImpl[StatusBar]: pokeDrawLockedIfNeeded displayState=4
09-01 18:34:06.900  1724  2922 I chatty  : uid=1000(system) Binder:1724_E identical 5 lines
09-01 18:34:06.934  1724  2922 D WindowManager: pokeDrawLock: suppressed draw lock request for invisible window owned by com.android.systemui
09-01 18:34:06.969  1724  4404 D WindowManager: pokeDrawLock: suppressed draw lock request for invisible window owned by com.android.systemui
09-01 18:34:06.988 10025 10025 W pool-3-thread-1: type=1400 audit(0.0:82968): avc: denied { read } for name="version" dev="proc" ino=4026532090 scontext=u:r:untrusted_app:s0:c90,c258,c512,c768 tcontext=u:object_r:proc_version:s0 tclass=file permissive=0
09-01 18:34:06.997 10025 10025 I SentryLog: [main] Initializing SDK with DSN: 'https://8e68e4623f6348b0b9984471d41e3e2d@sentry.missevan.com/2'
09-01 18:34:07.000  2404  2404 D ViewRootImpl[StatusBar]: pokeDrawLockedIfNeeded displayState=4
09-01 18:34:07.000  1724  4404 D WindowManager: pokeDrawLock: suppressed draw lock request for invisible window owned by com.android.systemui
09-01 18:34:07.002 10025 10025 I SentryLog: [main] GlobalHubMode: 'true'
09-01 18:34:07.029 10025 10025 D SentryLog: [main] UncaughtExceptionHandlerIntegration enabled: true
09-01 18:34:07.030 10025 10025 D SentryLog: [main] default UncaughtExceptionHandler class='xcrash.i'
09-01 18:34:07.031  2404  2404 D ViewRootImpl[StatusBar]: pokeDrawLockedIfNeeded displayState=4
09-01 18:34:07.032 10025 10025 D SentryLog: [main] UncaughtExceptionHandlerIntegration installed.
09-01 18:34:07.033 10025 10025 D SentryLog: [main] ShutdownHookIntegration installed.
09-01 18:34:07.036 10025 10025 D SentryLog: [main] SendCachedEventFireAndForgetIntegration installed.
09-01 18:34:07.038 10025 10119 D SentryLog: [pool-2-thread-1] Started processing cached files from /data/user/0/cn.missevan/cache/sentry
09-01 18:34:07.038 10025 10025 D SentryLog: [main] NdkIntegration enabled: true
09-01 18:34:07.040 10025 10025 I sentry-native: using database path "/data/data/cn.missevan/cache/sentry/.sentry-native"
09-01 18:34:07.041 10025 10025 D sentry-native: starting backend
09-01 18:34:07.043 10025 10025 D SentryLog: [main] NdkIntegration installed.
09-01 18:34:07.049 10025 10025 D SentryLog: [main] Registering EnvelopeFileObserverIntegration for path: /data/user/0/cn.missevan/cache/sentry/outbox
09-01 18:34:07.049 10025 10119 D SentryLog: [pool-2-thread-1] Processing dir. /data/user/0/cn.missevan/cache/sentry
09-01 18:34:07.053 10025 10025 D SentryLog: [main] EnvelopeFileObserverIntegration installed.
09-01 18:34:07.054  1724  2038 I chatty  : uid=1000(system) AlarmManager expire 7 lines
09-01 18:34:07.054 10025 10025 D SentryLog: [main] SendCachedEventFireAndForgetIntegration installed.
09-01 18:34:07.055 10025 10119 D SentryLog: [pool-2-thread-1] Processing 0 items from cache dir /data/user/0/cn.missevan/cache/sentry
09-01 18:34:07.056 10025 10025 D SentryLog: [main] AnrIntegration enabled: true
09-01 18:34:07.057 10025 10025 D SentryLog: [main] ANR timeout in milliseconds: 5000
09-01 18:34:07.059 10025 10119 D SentryLog: [pool-2-thread-1] File /data/user/0/cn.missevan/cache/sentry/outbox is not a File.
09-01 18:34:07.059 10025 10025 D SentryLog: [main] AnrIntegration installed.
09-01 18:34:07.061 10025 10025 D SentryLog: [main] enableSessionTracking enabled: true
09-01 18:34:07.062 10025 10119 D SentryLog: [pool-2-thread-1] Processing file: /data/user/0/cn.missevan/cache/sentry/session.json
09-01 18:34:07.062 10025 10025 D SentryLog: [main] enableAppLifecycleBreadcrumbs enabled: true
09-01 18:34:07.066 10025 10119 D SentryLog: [pool-2-thread-1] File '/data/user/0/cn.missevan/cache/sentry/session.json' doesn't match extension expected.
09-01 18:34:07.069  2404  2404 D ViewRootImpl[StatusBar]: pokeDrawLockedIfNeeded displayState=4
09-01 18:34:07.071 10025 10119 D SentryLog: [pool-2-thread-1] File /data/user/0/cn.missevan/cache/sentry/.sentry-native is not a File.
09-01 18:34:07.072 10025 10025 D SentryLog: [main] AppLifecycleIntegration installed.
09-01 18:34:07.073 10025 10025 D SentryLog: [main] ActivityLifecycleIntegration enabled: true
09-01 18:34:07.074 10025 10119 D SentryLog: [pool-2-thread-1] Finished processing cached files from /data/user/0/cn.missevan/cache/sentry
09-01 18:34:07.075 10025 10025 D SentryLog: [main] ActivityLifecycleIntegration installed.
09-01 18:34:07.076 10025 10119 D SentryLog: [pool-2-thread-1] Started processing cached files from /data/user/0/cn.missevan/cache/sentry/outbox
09-01 18:34:07.076 10025 10025 D SentryLog: [main] UserInteractionIntegration enabled: true
09-01 18:34:07.078 10025 10025 D SentryLog: [main] UserInteractionIntegration installed.
09-01 18:34:07.079 10025 10119 D SentryLog: [pool-2-thread-1] Processing dir. /data/user/0/cn.missevan/cache/sentry/outbox
09-01 18:34:07.080 10025 10025 D SentryLog: [main] AppComponentsBreadcrumbsIntegration enabled: true
09-01 18:34:07.081 10025 10025 D SentryLog: [main] AppComponentsBreadcrumbsIntegration installed.
09-01 18:34:07.083 10025 10119 D SentryLog: [pool-2-thread-1] Processing 0 items from cache dir /data/user/0/cn.missevan/cache/sentry/outbox
09-01 18:34:07.083 10025 10025 D SentryLog: [main] SystemEventsBreadcrumbsIntegration enabled: true
09-01 18:34:07.085 10025 10119 D SentryLog: [pool-2-thread-1] Finished processing cached files from /data/user/0/cn.missevan/cache/sentry/outbox
09-01 18:34:07.088 10025 10025 D SentryLog: [main] SystemEventsBreadcrumbsIntegration installed.
09-01 18:34:07.090 10025 10025 D SentryLog: [main] enableSystemEventsBreadcrumbs enabled: true
09-01 18:34:07.099 10025 10025 I SentryLog: [main] TYPE_AMBIENT_TEMPERATURE is not available.
09-01 18:34:07.099  2404  2404 D ViewRootImpl[StatusBar]: pokeDrawLockedIfNeeded displayState=4
09-01 18:34:07.101 10025 10025 D SentryLog: [main] enableSystemEventBreadcrumbs enabled: true
09-01 18:34:07.104 10025 10025 D SentryLog: [main] FragmentLifecycleIntegration installed.
09-01 18:34:07.131  2404  2404 D ViewRootImpl[StatusBar]: pokeDrawLockedIfNeeded displayState=4
09-01 18:34:07.164  2404  2404 D ViewRootImpl[StatusBar]: pokeDrawLockedIfNeeded displayState=4
09-01 18:34:07.197  2404  2404 D ViewRootImpl[StatusBar]: pokeDrawLockedIfNeeded displayState=4
09-01 18:34:07.211 10047 10047 I Perf    : Connecting to perf service.
09-01 18:34:07.230 10047 10047 D Tinker.TinkerLoader: tryLoad test test
09-01 18:34:07.234 10047 10047 W Tinker.TinkerLoader: tryLoadPatchFiles:patch dir not exist:/data/user/0/cn.missevan/tinker
09-01 18:34:07.235  2404  2404 D ViewRootImpl[StatusBar]: pokeDrawLockedIfNeeded displayState=4
09-01 18:34:07.266  2404  2404 D ViewRootImpl[StatusBar]: pokeDrawLockedIfNeeded displayState=4
09-01 18:34:07.293 10047 10047 D Tinker.DefaultAppLike: onBaseContextAttached:
09-01 18:34:07.297 10047 10047 I MultiDex: VM with version 2.1.0 has multidex support
09-01 18:34:07.297 10047 10047 I MultiDex: Installing application
09-01 18:34:07.297 10047 10047 I MultiDex: VM has multidex support, MultiDex support library is disabled.
09-01 18:34:07.302  2404  2404 D ViewRootImpl[StatusBar]: pokeDrawLockedIfNeeded displayState=4
09-01 18:34:07.331  2404  2404 D ViewRootImpl[StatusBar]: pokeDrawLockedIfNeeded displayState=4
09-01 18:34:07.360 10025 10025 D NAccs.AccsClientConfig:  build config:AccsClientConfig{mAppKey='umeng:546d7dd7fd98c58fc800082c', mAppSecret='64e8358a59d434e5546720db97ab5996', mInappHost='umengacs.m.taobao.com', mChannelHost='umengjmacs.m.taobao.com', mStoreId='', mSecurity=2, mAuthCode='', mInappPubKey=11, mChannelPubKey=11, mKeepalive=true, mAutoUnit=false, mTag='default', mConfigEnv=0, mDisableChannel=false, mQuickReconnect=false, mAccsHeartbeatEnable=false, mPullUpEnable=false, mForePingEnable=false, mPingTimeout=0}
09-01 18:34:07.360 10025 10025 W NAccs.AccsClientConfig:  build conver old config:AccsClientConfig{mAppKey='umeng:546d7dd7fd98c58fc800082c', mAppSecret='64e8358a59d434e5546720db97ab5996', mInappHost='umengacs.m.taobao.com', mChannelHost='umengjmacs.m.taobao.com', mStoreId='', mSecurity=2, mAuthCode='', mInappPubKey=-1, mChannelPubKey=-1, mKeepalive=true, mAutoUnit=true, mTag='default', mConfigEnv=0, mDisableChannel=false, mQuickReconnect=false, mAccsHeartbeatEnable=false, mPullUpEnable=true, mForePingEnable=false, mPingTimeout=0}
09-01 18:34:07.361 10025 10025 D NAccs.ACCSClient:  init config:AccsClientConfig{mAppKey='umeng:546d7dd7fd98c58fc800082c', mAppSecret='64e8358a59d434e5546720db97ab5996', mInappHost='umengacs.m.taobao.com', mChannelHost='umengjmacs.m.taobao.com', mStoreId='', mSecurity=2, mAuthCode='', mInappPubKey=11, mChannelPubKey=11, mKeepalive=true, mAutoUnit=false, mTag='default', mConfigEnv=0, mDisableChannel=false, mQuickReconnect=false, mAccsHeartbeatEnable=false, mPullUpEnable=false, mForePingEnable=false, mPingTimeout=0}
09-01 18:34:07.362 10025 10025 D UPush.Impl: appkey:546d7dd7fd98c58fc800082c secret:64e8358a59d434e5546720db97ab5996
09-01 18:34:07.366 10025 10135 I NAccs.TaobaoRegister:  register appKey:umeng:546d7dd7fd98c58fc800082c configTag:default
09-01 18:34:07.367  2404  2404 D ViewRootImpl[StatusBar]: pokeDrawLockedIfNeeded displayState=4
09-01 18:34:07.369 10025 10135 D NAccs.Config:  setAgooAppKey appkey:umeng:546d7dd7fd98c58fc800082c
09-01 18:34:07.370 10025 10135 D NAccs.Config:  setAgooMessageSecret secret:64e8358a59d434e5546720db97ab5996
09-01 18:34:07.372 10025 10135 D NAccs.ACCSManager:  getAccsInstance key:default|0
09-01 18:34:07.380  1724  2922 I chatty  : uid=1000(system) Binder:1724_E expire 1 line
09-01 18:34:07.381 10047 10047 D Tinker.DefaultAppLike: onCreate
09-01 18:34:07.332  1724  4404 I chatty  : uid=1000(system) Binder:1724_14 identical 10 lines
09-01 18:34:07.368  1724  4404 D WindowManager: pokeDrawLock: suppressed draw lock request for invisible window owned by com.android.systemui
09-01 18:34:07.394  1724  5458 I chatty  : uid=1000(system) IzatProvider expire 12 lines
09-01 18:34:07.395   692   692 V LocSvc_HIDL_IzatSubscription: [batteryLevelUpdate][777] [HS] <<<<= [HC]
09-01 18:34:07.395  2831  2831 D QtiCarrierConfigHelper: WARNING, no carrier configs on phone Id: 0
09-01 18:34:07.396  1724  1724 I chatty  : uid=1000 system_server expire 9 lines
09-01 18:34:07.398 13770 13770 D TESDownloadManager: AppSystemReceiver onReceive
09-01 18:34:07.398 13770 13770 D TESDownloadManager: action:android.intent.action.BATTERY_CHANGED
09-01 18:34:07.399 23979 23979 D MainImeServiceDel: mHandler = 201
09-01 18:34:07.403  2404  2404 D ViewRootImpl[StatusBar]: pokeDrawLockedIfNeeded displayState=4
09-01 18:34:07.403  1724  2922 D WindowManager: pokeDrawLock: suppressed draw lock request for invisible window owned by com.android.systemui
09-01 18:34:07.419 10025 10025 D NetworkSecurityConfig: Using Network Security Config from resource g debugBuild: true
09-01 18:34:07.421 10025 10135 D NAccs.MsgRecv_default:  message file not exist
09-01 18:34:07.423 10025 10135 D NAccs.InAppConn_default:  new connection
09-01 18:34:07.425 10025 10025 W issevan:channe: Accessing hidden method Ldalvik/system/CloseGuard;->get()Ldalvik/system/CloseGuard; (light greylist, reflection)
09-01 18:34:07.425 10025 10025 W issevan:channe: Accessing hidden method Ldalvik/system/CloseGuard;->open(Ljava/lang/String;)V (light greylist, reflection)
09-01 18:34:07.425 10025 10025 W issevan:channe: Accessing hidden method Ldalvik/system/CloseGuard;->warnIfOpen()V (light greylist, reflection)
09-01 18:34:07.433 10025 10135 I NAccs.Utils:  isMainProcess result:false
09-01 18:34:07.434  2404  2404 D KeyguardUpdateMonitor: received broadcast android.intent.action.BATTERY_CHANGED
09-01 18:34:07.435  2404  2404 D ViewRootImpl[StatusBar]: pokeDrawLockedIfNeeded displayState=4
09-01 18:34:07.438 10025 10135 I NAccs.ACCSMgrImpl_default:  bindApp appKey:umeng:546d7dd7fd98c58fc800082c
09-01 18:34:07.446 10025 10135 D NAccs.UtilityImpl:  enableService comptName:ComponentInfo{cn.missevan/com.taobao.accs.ChannelService}
09-01 18:34:07.435  1724  2922 D WindowManager: pokeDrawLock: suppressed draw lock request for invisible window owned by com.android.systemui
09-01 18:34:07.446  1724  2922 W PackageManager: setEnabledSetting  packageName:cn.missevan className:com.taobao.accs.ChannelService newState:1 userId:0 callingPackage:null
09-01 18:34:07.458 10025 10136 D NAccs.FileCheckUtils:  st.getAvailableBlocks()=2672065,st.getAvailableBlocks() * blockSize=10944778240
09-01 18:34:07.467  2404  2404 D KeyguardUpdateMonitor: handleBatteryUpdate
09-01 18:34:07.467 10025 10135 W NAccs.ACCSMgrImpl_default:  bindApp only allow in main process
09-01 18:34:07.505 10025 10025 I MissEvanApplication: [main] current process: cn.missevan:channel
09-01 18:34:07.515 10025 10025 D BLOG-EVENT-Network: network changed: 3=>1
09-01 18:34:07.523 10025 10025 W LaserActionExecutor: [main] actionClass map is null
09-01 18:34:07.540 10025 10025 V HotfixPatchListener: [main] application maxMemory:256
09-01 18:34:07.572 10025 10025 W Tinker.Tinker: [main] tinker patch directory: /data/user/0/cn.missevan/tinker
09-01 18:34:07.576 10025 10025 I Tinker.Tinker: [main] try to install tinker, isEnable: true, version: 1.9.14.10.4
09-01 18:34:07.580 10025 10025 I Tinker.TinkerLoadResult: [main] parseTinkerResult loadCode:-2, process name:cn.missevan:channel, main process:false, systemOTA:false, fingerPrint:vivo/PD1728/PD1728:9/PKQ1.180819.001/compiler07281740:user/release-keys, oatDir:null, useInterpretMode:false
09-01 18:34:07.582 10025 10025 W Tinker.TinkerLoadResult: [main] can't find patch file, is ok, just return
09-01 18:34:07.584 10025 10025 I Tinker.DefaultLoadReporter: [main] patch loadReporter onLoadResult: patch load result, path:/data/user/0/cn.missevan/tinker, code: -2, cost: 4ms
09-01 18:34:07.585 10025 10025 W Tinker.Tinker: [main] tinker load fail!
09-01 18:34:07.591 10025 10025 D NAccs.BaseService:  onBind intent:Intent { act=com.taobao.accs.intent.action.START_SERVICE cmp=cn.missevan/com.taobao.accs.ChannelService (has extras) }
09-01 18:34:07.591 10025 10025 I NAccs.BaseService:  onBind bind service
09-01 18:34:07.597  9507  9507 D NAccs.a :  bindService connected componentName:ComponentInfo{cn.missevan/com.taobao.accs.ChannelService}
09-01 18:34:07.597 10025 10136 I NAccs.ElectionServiceImpl:  onCreate, sdkVersion:221
09-01 18:34:07.597 10025 10136 D NAccs.ServiceImpl:  init start
09-01 18:34:07.601 10025 10136 I NAccs.ServiceImpl:  init sdkVersion:221 procStart:0
09-01 18:34:07.603 10025 10136 D NAccs.UtilityImpl:  getProxy:null:-1
09-01 18:34:07.608  1724  2922 I ActivityManager: Killing 27899:com.vivo.widget.calendar/u0a49 (adj 906): empty for 1800s
09-01 18:34:07.609  1724  1857 I chatty  : uid=1000(system) ActivityManager expire 8 lines
09-01 18:34:07.617  9507  9507 D NAccs.a :  bindService connected componentName:ComponentInfo{cn.missevan/com.umeng.message.component.UmengIntentService}
09-01 18:34:07.618 10025 10136 D NAccs.ServiceImpl:  getServiceAliveTime aliveTime:425566
09-01 18:34:07.620 10025 10136 D NAccs.UtilityImpl:  setServiceTime:1662028447620
09-01 18:34:07.650 10025 10025 D Tinker.TinkerLoader: [main] [PendingLog @ 2022-09-01 18:34:06.457] tryLoad test test
09-01 18:34:07.652 10025 10025 W Tinker.TinkerLoader: [main] [PendingLog @ 2022-09-01 18:34:06.461] tryLoadPatchFiles:patch dir not exist:/data/user/0/cn.missevan/tinker
09-01 18:34:07.654 10025 10025 D Tinker.DefaultAppLike: [main] [PendingLog @ 2022-09-01 18:34:06.517] onBaseContextAttached:
09-01 18:34:07.656 10025 10025 D Tinker.DefaultAppLike: [main] [PendingLog @ 2022-09-01 18:34:06.618] onCreate
09-01 18:34:07.658 10025 10025 D NAccs.BaseService:  onBind intent:Intent { cmp=cn.missevan/com.taobao.accs.ChannelService }
09-01 18:34:07.658  1724  1853 I chatty  : uid=1000(system) android.ui expire 2 lines
09-01 18:34:07.658  1724  2098 I chatty  : uid=1000(system) VivoLocationNot expire 3 lines
09-01 18:34:07.660  1724  5409 I chatty  : uid=1000(system) Binder:1724_16 expire 28 lines
09-01 18:34:07.660  1724  1781 I chatty  : uid=1000(system) Binder:1724_1 expire 13 lines
09-01 18:34:07.666 10047 10047 W .missevan:stat: Accessing hidden method Landroid/app/ActivityThread;->currentApplication()Landroid/app/Application; (light greylist, linking)
09-01 18:34:07.672   978   978 I Zygote  : Process 27899 exited due to signal (9)
09-01 18:34:07.675 10025 10025 I NAccs.BaseService:  handleMessage on receive msg msg:{ id=25 when=-74ms what=0 target=com.taobao.accs.base.BaseService$1 }
09-01 18:34:07.676 10025 10025 I NAccs.BaseService:  handleMessage get intent success intent:Intent { act=com.taobao.accs.intent.action.START_SERVICE cmp=cn.missevan/com.taobao.accs.ChannelService (has extras) }
09-01 18:34:07.684 10025 10136 I NAccs.ElectionServiceImpl:  onStartCommand begin action:com.taobao.accs.intent.action.START_SERVICE
09-01 18:34:07.685 10025 10136 I NAccs.ElectionServiceImpl:  handleStartCommand configTag:default appkey:umeng:546d7dd7fd98c58fc800082c appSecret:64e8358a59d434e5546720db97ab5996 ttid:android@umeng pkg:cn.missevan
09-01 18:34:07.686 10025 10136 I NAccs.ElectionServiceImpl:  getConnection configTag:default start:false
09-01 18:34:07.689 10025 10025 I NAccs.BaseIntentService:  handleMessage on receive msg msg:{ id=29 when=-66ms what=0 target=org.android.agoo.control.g }
09-01 18:34:07.694 10025 10136 D NAccs.MsgRecv_default:  message file not exist
09-01 18:34:07.694 10025 10136 D NAccs.SilenceConn_default:  new connection
09-01 18:34:07.695 10025 10025 I NAccs.BaseIntentService:  handleMessage get intent success intent:Intent { act=org.agoo.android.intent.action.REPORT pkg=cn.missevan cmp=cn.missevan/com.umeng.message.component.UmengIntentService }
09-01 18:34:07.695 10025 10136 I NAccs.SilenceConn_default:  getChannelHost host:umengjmacs.m.taobao.com
09-01 18:34:07.699 10025 10136 W StrategyCenter not initialized: |[seq:isInitialized] false
09-01 18:34:07.708 10025 10136 I NAccs.LoadSoFailUtil:  getSoFailTimes times:0
09-01 18:34:07.709 10025 10136 I NAccs.ServiceImpl:  onHostStartCommand intent:Intent { act=com.taobao.accs.intent.action.START_SERVICE cmp=cn.missevan/com.taobao.accs.ChannelService (has extras) }
09-01 18:34:07.709 10025 10136 D NAccs.ServiceImpl:  onHostStartCommand key:appKey  value:umeng:546d7dd7fd98c58fc800082c
09-01 18:34:07.710 10025 10136 D NAccs.ServiceImpl:  onHostStartCommand key:configTag  value:default
