09-01 18:34:04.191   673  9801 I ta      : TAAEC< INFO> 4324: aec_process_calc_roi_luma_ctrl: FACE_PROTECTION: Face Portection FALSE
09-01 18:34:04.201   673  9786 E libc    : Access denied finding property "persist.front.camera.qcom.awb"
09-01 18:34:04.212   673  9816 E libc    : Access denied finding property "persist.aicamera.needlut"
09-01 18:34:04.227   673  9773 E         : cpp_thread_handle_process_buf_event, stream_type = 1
09-01 18:34:04.227   673  9773 E libc    : Access denied finding property "disable.cpp.power.collapse"
09-01 18:34:04.227   673  9773 E libc    : Access denied finding property "camera.cpp.dumppreviewpayload"
09-01 18:34:04.232   673  9801 E ta      : TAAEC<ERROR> 2520: aec_process_parse_input_info: AEC error: invalid param type: 21
09-01 18:34:04.244   673  9786 E libc    : Access denied finding property "persist.front.camera.qcom.awb"
09-01 18:34:04.246   673  9816 E libc    : Access denied finding property "persist.aicamera.needlut"
09-01 18:34:04.252 13770 14382 E memtrack: Couldn't load memtrack module
09-01 18:34:04.252 13770 14382 W android.os.Debug: failed to get memory consumption info: -1
09-01 18:34:04.267   673  9773 E         : cpp_thread_handle_process_buf_event, stream_type = 1
09-01 18:34:04.267   673  9773 E libc    : Access denied finding property "disable.cpp.power.collapse"
09-01 18:34:04.268   673  9773 E libc    : Access denied finding property "camera.cpp.dumppreviewpayload"
09-01 18:34:04.271   673  9801 E ta      : TAAEC<ERROR> 2520: aec_process_parse_input_info: AEC error: invalid param type: 21
09-01 18:34:04.272   673  9801 I ta      : TAAEC< INFO> 4280: aec_process_calc_roi_luma_ctrl: FACE_PROTECTION: AE FACE FEATURE DISABLED
09-01 18:34:04.272   673  9801 I ta      : TAAEC< INFO> 4324: aec_process_calc_roi_luma_ctrl: FACE_PROTECTION: Face Portection FALSE
09-01 18:34:04.282   673  9786 E libc    : Access denied finding property "persist.front.camera.qcom.awb"
09-01 18:34:04.287   673  9816 E libc    : Access denied finding property "persist.aicamera.needlut"
09-01 18:34:04.297 10614 10746 D MSF.C.DeepSleepDetector: [run] count after++: 36
09-01 18:34:04.307   673  9773 E         : cpp_thread_handle_process_buf_event, stream_type = 1
09-01 18:34:04.307   673  9773 E libc    : Access denied finding property "disable.cpp.power.collapse"
09-01 18:34:04.307   673  9773 E libc    : Access denied finding property "camera.cpp.dumppreviewpayload"
09-01 18:34:04.312   673  9801 E ta      : TAAEC<ERROR> 2520: aec_process_parse_input_info: AEC error: invalid param type: 21
09-01 18:34:04.321   673  9786 E libc    : Access denied finding property "persist.front.camera.qcom.awb"
09-01 18:34:04.327   673  9816 E libc    : Access denied finding property "persist.aicamera.needlut"
09-01 18:34:04.347   673  9773 E         : cpp_thread_handle_process_buf_event, stream_type = 1
09-01 18:34:04.347   673  9773 E libc    : Access denied finding property "disable.cpp.power.collapse"
09-01 18:34:04.348   673  9773 E libc    : Access denied finding property "camera.cpp.dumppreviewpayload"
09-01 18:34:04.352   673  9801 E ta      : TAAEC<ERROR> 2520: aec_process_parse_input_info: AEC error: invalid param type: 21
09-01 18:34:04.353   673  9801 I ta      : TAAEC< INFO> 4280: aec_process_calc_roi_luma_ctrl: FACE_PROTECTION: AE FACE FEATURE DISABLED
09-01 18:34:04.353   673  9801 I ta      : TAAEC< INFO> 4324: aec_process_calc_roi_luma_ctrl: FACE_PROTECTION: Face Portection FALSE
09-01 18:34:04.358  9507  9632 I chatty  : uid=10602(cn.missevan) thread_backgrou expire 1 line
09-01 18:34:04.359  9507  9507 I chatty  : uid=10602(cn.missevan) expire 4 lines
09-01 18:34:04.362   673  9786 E libc    : Access denied finding property "persist.front.camera.qcom.awb"
09-01 18:34:04.367   673  9816 E libc    : Access denied finding property "persist.aicamera.needlut"
09-01 18:34:04.375  9507  9632 I chatty  : uid=10602(cn.missevan) thread_backgrou expire 2 lines
09-01 18:34:04.207  1724  2178 I chatty  : uid=1000(system) AutobacklightTh identical 3 lines
09-01 18:34:04.387   673  9773 E         : cpp_thread_handle_process_buf_event, stream_type = 1
09-01 18:34:04.388  9507  9507 I chatty  : uid=10602(cn.missevan) expire 6 lines
09-01 18:34:04.389  9507  9713 I chatty  : uid=10602(cn.missevan) RenderThread expire 1 line
09-01 18:34:04.391   673  9773 E libc    : Access denied finding property "disable.cpp.power.collapse"
09-01 18:34:04.392   673  9773 E libc    : Access denied finding property "camera.cpp.dumppreviewpayload"
09-01 18:34:04.395  9507  9507 I chatty  : uid=10602(cn.missevan) expire 5 lines
09-01 18:34:04.400   673  9801 E ta      : TAAEC<ERROR> 2520: aec_process_parse_input_info: AEC error: invalid param type: 21
09-01 18:34:04.402   673  9801 E libc    : Access denied finding property "persist.front.camera.qcom.awb"
09-01 18:34:04.411  9507  9632 I chatty  : uid=10602(cn.missevan) thread_backgrou expire 4 lines
09-01 18:34:04.411   673  9816 E libc    : Access denied finding property "persist.aicamera.needlut"
09-01 18:34:04.427   673  9773 E         : cpp_thread_handle_process_buf_event, stream_type = 1
09-01 18:34:04.428   673  9773 E libc    : Access denied finding property "disable.cpp.power.collapse"
09-01 18:34:04.428   673  9773 E libc    : Access denied finding property "camera.cpp.dumppreviewpayload"
09-01 18:34:04.433   673  9801 E ta      : TAAEC<ERROR> 2520: aec_process_parse_input_info: AEC error: invalid param type: 21
09-01 18:34:04.434   673  9801 I ta      : TAAEC< INFO> 4280: aec_process_calc_roi_luma_ctrl: FACE_PROTECTION: AE FACE FEATURE DISABLED
09-01 18:34:04.434   673  9801 I ta      : TAAEC< INFO> 4324: aec_process_calc_roi_luma_ctrl: FACE_PROTECTION: Face Portection FALSE
09-01 18:34:04.443   673  9786 E libc    : Access denied finding property "persist.front.camera.qcom.awb"
09-01 18:34:04.444  1724  1855 I ActivityManager: Start proc 10047:cn.missevan:stats/u0a602 for service cn.missevan/com.bilibili.lib.neuron.internal.NeuronRemoteService
09-01 18:34:04.448   673  9816 E libc    : Access denied finding property "persist.aicamera.needlut"
09-01 18:34:04.464 10047 10047 I chatty  : uid=10602 cn.missevan:stats expire 1 line
09-01 18:34:04.467   673  9773 E         : cpp_thread_handle_process_buf_event, stream_type = 1
09-01 18:34:04.468   673  9773 E libc    : Access denied finding property "disable.cpp.power.collapse"
09-01 18:34:04.468   673  9773 E libc    : Access denied finding property "camera.cpp.dumppreviewpayload"
09-01 18:34:04.472   673  9801 E ta      : TAAEC<ERROR> 2520: aec_process_parse_input_info: AEC error: invalid param type: 21
09-01 18:34:04.483   673  9786 E libc    : Access denied finding property "persist.front.camera.qcom.awb"
09-01 18:34:04.490   673  9816 E libc    : Access denied finding property "persist.aicamera.needlut"
09-01 18:34:04.508   673  9773 E         : cpp_thread_handle_process_buf_event, stream_type = 1
09-01 18:34:04.508   673  9773 E libc    : Access denied finding property "disable.cpp.power.collapse"
09-01 18:34:04.508   673  9773 E libc    : Access denied finding property "camera.cpp.dumppreviewpayload"
09-01 18:34:04.511  9507  9507 I chatty  : uid=10602(cn.missevan) expire 5 lines
09-01 18:34:04.513   673  9801 E ta      : TAAEC<ERROR> 2520: aec_process_parse_input_info: AEC error: invalid param type: 21
09-01 18:34:04.513   673  9801 I ta      : TAAEC< INFO> 4280: aec_process_calc_roi_luma_ctrl: FACE_PROTECTION: AE FACE FEATURE DISABLED
09-01 18:34:04.513   673  9801 I ta      : TAAEC< INFO> 4324: aec_process_calc_roi_luma_ctrl: FACE_PROTECTION: Face Portection FALSE
09-01 18:34:04.521   673  9786 E libc    : Access denied finding property "persist.front.camera.qcom.awb"
09-01 18:34:04.527   673  9816 E libc    : Access denied finding property "persist.aicamera.needlut"
09-01 18:34:04.544  9507  9608 I chatty  : uid=10602(cn.missevan) expire 7 lines
09-01 18:34:04.548   673  9773 E         : cpp_thread_handle_process_buf_event, stream_type = 1
09-01 18:34:04.548   673  9773 E libc    : Access denied finding property "disable.cpp.power.collapse"
09-01 18:34:04.549   673  9773 E libc    : Access denied finding property "camera.cpp.dumppreviewpayload"
09-01 18:34:04.552   673  9801 E ta      : TAAEC<ERROR> 2520: aec_process_parse_input_info: AEC error: invalid param type: 21
09-01 18:34:04.558  9507  9672 I chatty  : uid=10602(cn.missevan) expire 3 lines
09-01 18:34:04.559  9507  9608 I chatty  : uid=10602(cn.missevan) expire 1 line
09-01 18:34:04.560  9507  9672 I chatty  : uid=10602(cn.missevan) expire 18 lines
09-01 18:34:04.565   673  9786 E libc    : Access denied finding property "persist.front.camera.qcom.awb"
09-01 18:34:04.569   673  9816 E libc    : Access denied finding property "persist.aicamera.needlut"
09-01 18:34:04.589   673  9773 E         : cpp_thread_handle_process_buf_event, stream_type = 1
09-01 18:34:04.590   673  9773 E libc    : Access denied finding property "disable.cpp.power.collapse"
09-01 18:34:04.590   673  9773 E libc    : Access denied finding property "camera.cpp.dumppreviewpayload"
09-01 18:34:04.592   673  9801 E ta      : TAAEC<ERROR> 2520: aec_process_parse_input_info: AEC error: invalid param type: 21
09-01 18:34:04.592   673  9801 I ta      : TAAEC< INFO> 4280: aec_process_calc_roi_luma_ctrl: FACE_PROTECTION: AE FACE FEATURE DISABLED
09-01 18:34:04.592   673  9801 I ta      : TAAEC< INFO> 4324: aec_process_calc_roi_luma_ctrl: FACE_PROTECTION: Face Portection FALSE
09-01 18:34:04.601  9507  9615 I chatty  : uid=10602(cn.missevan) spdy-0 expire 3 lines
09-01 18:34:04.602  9507  9608 I chatty  : uid=10602(cn.missevan) expire 19 lines
09-01 18:34:04.604   673  9786 E libc    : Access denied finding property "persist.front.camera.qcom.awb"
09-01 18:34:04.609   673  9816 E libc    : Access denied finding property "persist.aicamera.needlut"
09-01 18:34:04.611  9507  9507 I chatty  : uid=10602(cn.missevan) expire 6 lines
09-01 18:34:04.621  9507  9608 I chatty  : uid=10602(cn.missevan) expire 2 lines
09-01 18:34:04.627   673  9773 E         : cpp_thread_handle_process_buf_event, stream_type = 1
09-01 18:34:04.627   673  9773 E libc    : Access denied finding property "disable.cpp.power.collapse"
09-01 18:34:04.628   673  9773 E libc    : Access denied finding property "camera.cpp.dumppreviewpayload"
09-01 18:34:04.632   673  9801 E ta      : TAAEC<ERROR> 2520: aec_process_parse_input_info: AEC error: invalid param type: 21
09-01 18:34:04.643   673  9786 E libc    : Access denied finding property "persist.front.camera.qcom.awb"
09-01 18:34:04.646   673  9816 E libc    : Access denied finding property "persist.aicamera.needlut"
09-01 18:34:04.659  9507  9518 I chatty  : uid=10602(cn.missevan) HeapTaskDaemon expire 1 line
09-01 18:34:04.667   673  9773 E         : cpp_thread_handle_process_buf_event, stream_type = 1
09-01 18:34:04.668   673  9773 E libc    : Access denied finding property "disable.cpp.power.collapse"
09-01 18:34:04.668   673  9773 E libc    : Access denied finding property "camera.cpp.dumppreviewpayload"
09-01 18:34:04.672   673  9801 E ta      : TAAEC<ERROR> 2520: aec_process_parse_input_info: AEC error: invalid param type: 21
09-01 18:34:04.673   673  9801 I ta      : TAAEC< INFO> 4280: aec_process_calc_roi_luma_ctrl: FACE_PROTECTION: AE FACE FEATURE DISABLED
09-01 18:34:04.673   673  9801 I ta      : TAAEC< INFO> 4324: aec_process_calc_roi_luma_ctrl: FACE_PROTECTION: Face Portection FALSE
09-01 18:34:04.683   673  9786 E libc    : Access denied finding property "persist.front.camera.qcom.awb"
09-01 18:34:04.687   673  9816 E libc    : Access denied finding property "persist.aicamera.needlut"
09-01 18:34:04.688 10047 10047 I .missevan:stat: The ClassLoaderContext is a special shared library.
09-01 18:34:04.707   673  9773 E         : cpp_thread_handle_process_buf_event, stream_type = 1
09-01 18:34:04.708   673  9773 E libc    : Access denied finding property "disable.cpp.power.collapse"
09-01 18:34:04.708   673  9773 E libc    : Access denied finding property "camera.cpp.dumppreviewpayload"
09-01 18:34:04.712   673  9801 E ta      : TAAEC<ERROR> 2520: aec_process_parse_input_info: AEC error: invalid param type: 21
09-01 18:34:04.723   673  9786 E libc    : Access denied finding property "persist.front.camera.qcom.awb"
09-01 18:34:04.726   673  9816 E libc    : Access denied finding property "persist.aicamera.needlut"
09-01 18:34:04.733  1724  1880 I PowerManagerService: Going to sleep due to screen timeout (uid 1000)...
09-01 18:34:04.733  1724  1880 D FingerprintWakeHook: Screen OFF
09-01 18:34:04.734  1724  1880 D PowerManagerService: handleSandman go to sleep
09-01 18:34:04.734  1724  1880 I PowerManagerService: Sleeping (uid 1000)...
09-01 18:34:04.735  1724  1880 I DisplayPowerController: Blocking screen off
09-01 18:34:04.735  1724  1880 I DisplayPowerController: Unblocked screen off after 0 ms
09-01 18:34:04.735  1724  2184 I DisplayPowerState: mBlockedByFingerprint = 0
09-01 18:34:04.736  1724  2182 I chatty  : uid=1000(system) AntiMisoperatio expire 1 line
09-01 18:34:04.737  2404  5499 D KeyguardViewMediator: onStartedGoingToSleep(3)
09-01 18:34:04.737  1724 13501 D FingerprintWakeHook: after PROP_FP_AOD set 0
09-01 18:34:04.738  1724  2184 E DisplayPowerState: run changed=true mNightPearlManager is null! or state != Display.STATE_OFF
09-01 18:34:04.738  1724  2184 D DisplayPowerState: run normal set state ON brightness:0
09-01 18:34:04.739  1724  2101 I chatty  : uid=1000(system) Binder:1724_3 expire 4 lines
09-01 18:34:04.739   685   685 W qti_sensors_hal: batch handle 99 flags 0 period_ns 66667000 timeout 0
09-01 18:34:04.740  1724  2184 W LightsService: setBrightness:0
09-01 18:34:04.740   685   685 W qti_sensors_hal: activate: handle is 93, en is 0
09-01 18:34:04.740   685   685 W qti_sensors_hal: enable: handle=93 en 0
09-01 18:34:04.744  1724  2184 D FingerprintWakeHook: Display state changed to ON
09-01 18:34:04.744  1724  2184 D DisplayPowerState: run normal set state end
09-01 18:34:04.745   685   884 W qti_sensors_hal: processResp: Received SNS_SAM_MAGLIB_SENSOR_COMMAND_RESP_V01 0 0 0 0 0 0
09-01 18:34:04.745   685   884 W qti_sensors_hal: processResp: Received SNS_SAM_MAGLIB_SENSOR_COMMAND_RESP_V01 1 0 0 0 0 0
09-01 18:34:04.748   673  9773 E         : cpp_thread_handle_process_buf_event, stream_type = 1
09-01 18:34:04.748   673  9773 E libc    : Access denied finding property "disable.cpp.power.collapse"
09-01 18:34:04.749   673  9773 E libc    : Access denied finding property "camera.cpp.dumppreviewpayload"
09-01 18:34:04.750  1724  2184 D DisplayPowerState: run state:ON on:true backlight:0
09-01 18:34:04.751   700   700 E touchscreen: Open /sys/touchscreen/gesture_sign_switch failed
09-01 18:34:04.752   673  9801 E ta      : TAAEC<ERROR> 2520: aec_process_parse_input_info: AEC error: invalid param type: 21
09-01 18:34:04.753 28518 28518 I SurfaceView: updateSystemUiVisibility, blackBackground = false, viewVisibility = 0, appBounds = Rect(0, 0 - 70, 70), mScreenRect = Rect(70, 0 - 140, 70), surface = android.view.SurfaceView{903398 V.E...... ........ 0,0-70,70}
09-01 18:34:04.753   673  9801 I ta      : TAAEC< INFO> 4280: aec_process_calc_roi_luma_ctrl: FACE_PROTECTION: AE FACE FEATURE DISABLED
09-01 18:34:04.753   673  9801 I ta      : TAAEC< INFO> 4324: aec_process_calc_roi_luma_ctrl: FACE_PROTECTION: Face Portection FALSE
09-01 18:34:04.756   673  9765 E         : mm_camera_module_send_cmd: rc = 0
09-01 18:34:04.759   673   783 I QTI PowerHAL: Got process_video_encode_hint
09-01 18:34:04.764   673  9786 E libc    : Access denied finding property "persist.front.camera.qcom.awb"
09-01 18:34:04.765  2404  5499 D KeyguardViewMediator: doKeyguard: showing the lock screen
09-01 18:34:04.765  2404  5499 D KeyguardViewMediator: showLocked
09-01 18:34:04.767  9507  9507 W StaticLayout: maxLineHeight should not be -1.  maxLines:1 lineCount:1
09-01 18:34:04.768  9507  9507 W StaticLayout: maxLineHeight should not be -1.  maxLines:1 lineCount:1
09-01 18:34:04.778   685   685 W qti_sensors_hal: batch handle 52 flags 0 period_ns 1000000 timeout 0
09-01 18:34:04.779   673  9765 E         : mm_camera_module_send_cmd: rc = 0
09-01 18:34:04.779  2765  6829 I chatty  : uid=1000(system) Binder:2765_A expire 1 line
09-01 18:34:04.779  2404  5499 D KeyguardViewMediator: notifyStartedGoingToSleep
09-01 18:34:04.779  2404  5499 D KeyguardViewMediator: onFinishedGoingToSleep(3)
09-01 18:34:04.779  2404  5499 D KeyguardViewMediator: notifyFinishedGoingToSleep
09-01 18:34:04.780  1724  1880 I chatty  : uid=1000(system) PowerManagerSer expire 1 line
09-01 18:34:04.780  1724  2127 I chatty  : uid=1000(system) TS_Service expire 1 line
09-01 18:34:04.782  1724 12856 I chatty  : uid=1000(system) RenderThread expire 7 lines
09-01 18:34:04.782  2404  2404 D KeyguardViewMediator: handleShow
09-01 18:34:04.782  2404  2404 D KeyguardViewMediator: setShowingLocked true false false falsefalse -1 -1
09-01 18:34:04.784   673  9785 E         : Jeff: 4890 downstream stream-off done.
09-01 18:34:04.784   673  9785 E libc    : Access denied finding property "cpp.set.clock"
09-01 18:34:04.786  1724  4404 D KeyguardServiceDelegate: onKeyguardShowing: true
09-01 18:34:04.791  2161  2228 W System.err: java.lang.ClassNotFoundException: com.vivo.services.cipher.utils.SecurityPhoneLockFieldUtil
09-01 18:34:04.792  2161  2228 W System.err: 	at java.lang.Class.classForName(Native Method)
09-01 18:34:04.792  2161  2228 W System.err: 	at java.lang.Class.forName(Class.java:453)
09-01 18:34:04.792  2161  2228 W System.err: 	at java.lang.Class.forName(Class.java:378)
09-01 18:34:04.792  2161  2228 W System.err: 	at com.vivo.fingerprintui.keyguard.n.C(SourceFile:2)
09-01 18:34:04.792  2161  2228 W System.err: 	at com.vivo.fingerprintui.keyguard.n.x(SourceFile:14)
09-01 18:34:04.792  2161  2228 W System.err: 	at com.vivo.fingerprintui.keyguard.n.j(SourceFile:3)
09-01 18:34:04.792  2161  2228 W System.err: 	at com.vivo.fingerprintui.keyguard.n.k(SourceFile:13)
09-01 18:34:04.792  2161  2228 W System.err: 	at com.vivo.fingerprintui.keyguard.n.p(SourceFile:9)
09-01 18:34:04.792  2161  2228 W System.err: 	at com.vivo.fingerprintui.keyguard.n.k(SourceFile:1)
09-01 18:34:04.792  2161  2228 W System.err: 	at com.vivo.fingerprintui.keyguard.n$b.handleMessage(SourceFile:26)
09-01 18:34:04.792  2161  2228 W System.err: 	at android.os.Handler.dispatchMessage(Handler.java:106)
09-01 18:34:04.792  2161  2228 W System.err: 	at android.os.Looper.loop(Looper.java:224)
09-01 18:34:04.792  2161  2228 W System.err: 	at android.os.HandlerThread.run(HandlerThread.java:65)
09-01 18:34:04.793  2161  2228 W System.err: Caused by: java.lang.ClassNotFoundException: Didn't find class "com.vivo.services.cipher.utils.SecurityPhoneLockFieldUtil" on path: DexPathList[[zip file "/system/app/FingerprintUI/FingerprintUI.apk"],nativeLibraryDirectories=[/system/app/FingerprintUI/lib/arm64, /system/app/FingerprintUI/FingerprintUI.apk!/lib/arm64-v8a, /system/lib64, /system/lib64]]
09-01 18:34:04.793  2161  2228 W System.err: 	at dalvik.system.BaseDexClassLoader.findClass(BaseDexClassLoader.java:134)
09-01 18:34:04.793  2161  2228 W System.err: 	at java.lang.ClassLoader.loadClass(ClassLoader.java:379)
09-01 18:34:04.793  2161  2228 W System.err: 	at java.lang.ClassLoader.loadClass(ClassLoader.java:312)
09-01 18:34:04.793  2161  2228 W System.err: 	... 13 more
09-01 18:34:04.804  2404  5499 D KeyguardViewMediator: notifyScreenTurnedOff
09-01 18:34:04.804   685   685 W qti_sensors_hal: batch handle 2 flags 0 period_ns 200000000 timeout 0
09-01 18:34:04.804   685   685 W qti_sensors_hal: batch:sensor(android.sensor.light) handle:2 flags:0x0 period_ns 200000000
09-01 18:34:04.804  1724  2184 I DisplayPowerState: mBlockedByFingerprint = 0
09-01 18:34:04.805  1724  2052 I chatty  : uid=1000(system) vivo_wmp_hook expire 1 line
09-01 18:34:04.807  1724  2184 D DisplayPowerState: run normal set state OFF brightness:0
09-01 18:34:04.808   680 25173 I SDM     : DisplayBase::SetDisplayState: Set state = 0, display 0
09-01 18:34:04.808  1724 10303 D FingerprintService: set homekey to HOMEKEY_FREE
09-01 18:34:04.809  1724  1877 I DisplayManagerService: Display device changed state: "内置屏幕", OFF
09-01 18:34:04.811  2956  2956 D ViewRootImpl[DockedStackDivider]: onDisplayChange oldDisplayState=2 newDisplayState=1
09-01 18:34:04.812  2956  2956 D ViewRootImpl[PopMenuView]: onDisplayChange oldDisplayState=2 newDisplayState=1
09-01 18:34:04.816  4221  4221 D ViewRootImpl[FloatingBallIdleView]: onDisplayChange oldDisplayState=2 newDisplayState=1
09-01 18:34:04.817   685   685 W qti_sensors_hal: batch handle 21 flags 0 period_ns 20000000 timeout 0
09-01 18:34:04.817   685   685 W qti_sensors_hal: batch:sensor(android.sensor.proximity) handle:21 flags:0x0 period_ns 20000000
09-01 18:34:04.818  4221  4221 D ViewRootImpl[FloatingBallContent]: onDisplayChange oldDisplayState=2 newDisplayState=1
09-01 18:34:04.818 13770 13770 D ViewRootImpl[SplashActivity]: onDisplayChange oldDisplayState=2 newDisplayState=1
09-01 18:34:04.821  2765  2765 I chatty  : uid=1000(system) com.vivo.daemonService expire 5 lines
09-01 18:34:04.821  4221  4221 D ViewRootImpl[FloatingBallEdgeView]: onDisplayChange oldDisplayState=2 newDisplayState=1
09-01 18:34:04.821  4240  4240 D ViewRootImpl[Launcher]: onDisplayChange oldDisplayState=2 newDisplayState=1
09-01 18:34:04.822 19231 19231 D ViewRootImpl[BrowserActivity]: onDisplayChange oldDisplayState=2 newDisplayState=1
09-01 18:34:04.823 12497 12497 D ViewRootImpl[GalleryTabActivity]: onDisplayChange oldDisplayState=2 newDisplayState=1
09-01 18:34:04.823 13152 13152 D ViewRootImpl[LocalCameraActivity]: onDisplayChange oldDisplayState=2 newDisplayState=1
09-01 18:34:04.823  4441  4441 D ViewRootImpl[HiBoard]: onDisplayChange oldDisplayState=2 newDisplayState=1
09-01 18:34:04.824  4221  4221 D ViewRootImpl[FloatingBallExpandedView]: onDisplayChange oldDisplayState=2 newDisplayState=1
09-01 18:34:04.827 12497 12497 D ViewRootImpl[NewPageActivity]: onDisplayChange oldDisplayState=2 newDisplayState=1
09-01 18:34:04.827 11860 11860 D ViewRootImpl[SecureInputMethod]: onDisplayChange oldDisplayState=2 newDisplayState=1
09-01 18:34:04.827  1724  1880 D PowerManagerService: reset mPrimaryDisplayIsDoze
09-01 18:34:04.827  2161  2228 W System.err: java.lang.ClassNotFoundException: com.vivo.services.cipher.utils.SecurityPhoneLockFieldUtil
09-01 18:34:04.828  2161  2228 W System.err: 	at java.lang.Class.classForName(Native Method)
09-01 18:34:04.828  2161  2228 W System.err: 	at java.lang.Class.forName(Class.java:453)
09-01 18:34:04.828  2161  2228 W System.err: 	at java.lang.Class.forName(Class.java:378)
09-01 18:34:04.828  2161  2228 W System.err: 	at com.vivo.fingerprintui.keyguard.n.C(SourceFile:2)
09-01 18:34:04.828  2161  2228 W System.err: 	at com.vivo.fingerprintui.keyguard.n.x(SourceFile:14)
09-01 18:34:04.828  2161  2228 W System.err: 	at com.vivo.fingerprintui.keyguard.n.j(SourceFile:3)
09-01 18:34:04.828  2161  2228 W System.err: 	at com.vivo.fingerprintui.keyguard.n.s(SourceFile:20)
09-01 18:34:04.828  2161  2228 W System.err: 	at com.vivo.fingerprintui.keyguard.n.j(SourceFile:1)
09-01 18:34:04.828  2161  2228 W System.err: 	at com.vivo.fingerprintui.keyguard.n$b.handleMessage(SourceFile:27)
09-01 18:34:04.828  2161  2228 W System.err: 	at android.os.Handler.dispatchMessage(Handler.java:106)
09-01 18:34:04.828  2161  2228 W System.err: 	at android.os.Looper.loop(Looper.java:224)
09-01 18:34:04.828  2161  2228 W System.err: 	at android.os.HandlerThread.run(HandlerThread.java:65)
09-01 18:34:04.828  2161  2228 W System.err: Caused by: java.lang.ClassNotFoundException: Didn't find class "com.vivo.services.cipher.utils.SecurityPhoneLockFieldUtil" on path: DexPathList[[zip file "/system/app/FingerprintUI/FingerprintUI.apk"],nativeLibraryDirectories=[/system/app/FingerprintUI/lib/arm64, /system/app/FingerprintUI/FingerprintUI.apk!/lib/arm64-v8a, /system/lib64, /system/lib64]]
09-01 18:34:04.828  2161  2228 W System.err: 	at dalvik.system.BaseDexClassLoader.findClass(BaseDexClassLoader.java:134)
09-01 18:34:04.828  2161  2228 W System.err: 	at java.lang.ClassLoader.loadClass(ClassLoader.java:379)
09-01 18:34:04.828  2161  2228 W System.err: 	at java.lang.ClassLoader.loadClass(ClassLoader.java:312)
09-01 18:34:04.828  2161  2228 W System.err: 	... 12 more
09-01 18:34:04.828 23979 23979 D ViewRootImpl[InputMethod]: onDisplayChange oldDisplayState=2 newDisplayState=1
09-01 18:34:04.829 12497 12497 D ViewRootImpl[Gallery]: onDisplayChange oldDisplayState=2 newDisplayState=1
09-01 18:34:04.829  1724  4404 I chatty  : uid=1000(system) Binder:1724_14 expire 13 lines
09-01 18:34:04.834 26876 26876 D ViewRootImpl[Settings]: onDisplayChange oldDisplayState=2 newDisplayState=1
09-01 18:34:04.835  2765  3264 I chatty  : uid=1000(system) NightPearlSubTh expire 2 lines
09-01 18:34:04.836   673  9765 E         : mm_camera_module_send_cmd: rc = 0
09-01 18:34:04.837  1724  2054 I chatty  : uid=1000(system) InputReader expire 1 line
09-01 18:34:04.837  2765  2765 I chatty  : uid=1000(system) com.vivo.daemonService expire 6 lines
09-01 18:34:04.845  9507  9507 W StaticLayout: maxLineHeight should not be -1.  maxLines:1 lineCount:1
09-01 18:34:04.845  9507  9507 W StaticLayout: maxLineHeight should not be -1.  maxLines:1 lineCount:1
09-01 18:34:04.847  1724  1853 I chatty  : uid=1000(system) android.ui expire 3 lines
09-01 18:34:04.848 19231 19231 D ViewRootImpl[BrowserActivity]: onDisplayChange oldDisplayState=2 newDisplayState=1
09-01 18:34:04.851  2404  2404 V KeyguardUpdateMonitor: *** register callback for com.android.keyguard.KeyguardHostView$1@c12f247
09-01 18:34:04.851  2404  2404 V KeyguardUpdateMonitor: *** unregister callback for null
09-01 18:34:04.851  1724  2879 D PowerManagerService: acquireWakeLockInternal: lock=90990981, flags=0x80, tag="NightPearlShowServicePrimaryDisplay", ws=null, uid=1000, pid=3045
09-01 18:34:04.851  1724  2879 D PowerManagerService: mTmpPrimaryDisplayIsDoze PRIMARY to doze DRAW_WAKE_LOCK                 'NightPearlShowServicePrimaryDisplay' (uid=1000 (displayid =0 pid=3045)
09-01 18:34:04.857  2765  3264 I chatty  : uid=1000(system) NightPearlSubTh expire 6 lines
09-01 18:34:04.862  2404  2404 V KeyguardSecurityContainer: showPrimarySecurityScreen(turningOff=false)
09-01 18:34:04.862  2404  2404 D KeyguardSecurityContainer: showSecurityScreen(PIN),Invalid
09-01 18:34:05.048  9434  9434 W Binder:9434_2: type=1400 audit(0.0:82961): avc: denied { read } for name="u:object_r:vendor_camera_prop:s0" dev="tmpfs" ino=12502 scontext=u:r:system_app:s0 tcontext=u:object_r:vendor_camera_prop:s0 tclass=file permissive=0
09-01 18:34:04.864  2404  2404 V KeyguardSecurityContainer: inflating id = 2131624398
09-01 18:34:04.876   673  9765 E         : mm_camera_module_send_cmd: rc = 0
09-01 18:34:04.878   673  9765 E         : mm_camera_module_send_cmd: rc = 0
09-01 18:34:04.880   673  9765 E         : mm_camera_module_send_cmd: rc = 0
09-01 18:34:04.883   673  9765 E         : mm_camera_module_send_cmd: rc = 0
09-01 18:34:04.884   673  9765 E         : mm_camera_module_send_cmd: rc = 0
09-01 18:34:04.885   673  9765 E         : mm_camera_module_send_cmd: rc = 0
09-01 18:34:04.885   982  1214 D CameraHardwareInterface: leetao camera_debug release memory fd=10,mem=0xe9206950,heap=0xead27608,strongcount=2
09-01 18:34:04.886   982  1214 D CameraHardwareInterface: camera_debug ~CameraHeapMemory
09-01 18:34:04.887   982  1214 D CameraHardwareInterface: leetao camera_debug release memory fd=11,mem=0xead10120,heap=0xe923bf80,strongcount=2
09-01 18:34:04.887   982  1214 D CameraHardwareInterface: camera_debug ~CameraHeapMemory
09-01 18:34:04.888   982  1214 D CameraHardwareInterface: leetao camera_debug release memory fd=12,mem=0xead100f0,heap=0xe923bdf8,strongcount=2
09-01 18:34:04.888   982  1214 D CameraHardwareInterface: camera_debug ~CameraHeapMemory
09-01 18:34:04.888   982  1214 D CameraHardwareInterface: leetao camera_debug release memory fd=15,mem=0xead100c0,heap=0xe923bd50,strongcount=2
09-01 18:34:04.889   982  1214 D CameraHardwareInterface: camera_debug ~CameraHeapMemory
09-01 18:34:04.889   982  1214 D CameraHardwareInterface: leetao camera_debug release memory fd=18,mem=0xe9206140,heap=0xe923bab0,strongcount=2
09-01 18:34:04.889   982  1214 D CameraHardwareInterface: camera_debug ~CameraHeapMemory
09-01 18:34:04.889   982  1214 D CameraHardwareInterface: leetao camera_debug release memory fd=21,mem=0xead10060,heap=0xead274f0,strongcount=2
09-01 18:34:04.889   982  1214 D CameraHardwareInterface: camera_debug ~CameraHeapMemory
09-01 18:34:04.890   982  1214 D CameraHardwareInterface: leetao camera_debug release memory fd=24,mem=0xead10150,heap=0xead27560,strongcount=2
09-01 18:34:04.890   982  1214 D CameraHardwareInterface: camera_debug ~CameraHeapMemory
09-01 18:34:04.890   982  1214 D CameraHardwareInterface: leetao camera_debug release memory fd=27,mem=0xead101e0,heap=0xead27678,strongcount=2
09-01 18:34:04.890   982  1214 D CameraHardwareInterface: camera_debug ~CameraHeapMemory
09-01 18:34:04.891   982  1214 D CameraHardwareInterface: leetao camera_debug release memory fd=30,mem=0xead10210,heap=0xead276b0,strongcount=2
09-01 18:34:04.891   982  1214 D CameraHardwareInterface: camera_debug ~CameraHeapMemory
09-01 18:34:04.892   673  9765 E         : mm_camera_module_send_cmd: rc = 0
09-01 18:34:04.894   673  9765 E         : mm_camera_module_send_cmd: rc = 0
09-01 18:34:04.898  2765  2765 I chatty  : uid=1000(system) com.vivo.daemonService expire 3 lines
09-01 18:34:04.902  9507  9507 I awcn.AppLifeCycle:  onTrimMemory level:20
09-01 18:34:04.903  9507  9507 I awcn.AppLifeCycle:  notifyListener foreground:false
09-01 18:34:04.903  9507  9616 I awcn.SessionCenter: |[seq:[default]] [background]
09-01 18:34:04.904  9507  9616 I awcn.StrategyCenter:  saveData
09-01 18:34:04.904  9507  9616 I anet.HorseRaceDetector:  background
09-01 18:34:04.904  9507  9616 I awcn.ThreadPoolExecutorFactory:  thread created! name:AWCN HR1
09-01 18:34:04.906  9507  9616 I awcn.SessionCenter: |[seq:umeng:546d7dd7fd98c58fc800082c] [background]
09-01 18:34:04.906  9507  9616 I awcn.StrategyCenter:  saveData
09-01 18:34:04.906 28518 28518 V Camera  : sendReleaseCameraBroadCast isNormalCamera = false
09-01 18:34:04.907  9507  9507 D Tinker.DefaultAppLike: [main] onTrimMemory level:20
09-01 18:34:04.907 28518 28518 W ContextImpl: Calling a method in the system process without a qualified user: android.app.ContextImpl.sendBroadcast:1024 android.content.ContextWrapper.sendBroadcast:444 android.hardware.Camera.sendReleaseCameraBroadCast:695 android.hardware.Camera.release:932 com.bbk.facewake.FaceWakeService.surfaceDestroyed:364
09-01 18:34:04.914   673   783 I CamDev@1.0-impl: Closing camera 1
09-01 18:34:04.917  2765  3264 I chatty  : uid=1000(system) NightPearlSubTh expire 3 lines
09-01 18:34:04.939   673  9766 D /vendor/bin/hw/android.hardware.camera.provider@2.4-service: vendor/qcom/proprietary/commonsys-intf/adsprpc/src/fastrpc_apps_user.c:1925: Error 4b: adsp current process handle failed. domain 3
09-01 18:34:04.940   673  9766 I chatty  : uid=1047(cameraserver) provider@2.4-se identical 2 lines
09-01 18:34:04.940   673  9766 D /vendor/bin/hw/android.hardware.camera.provider@2.4-service: vendor/qcom/proprietary/commonsys-intf/adsprpc/src/fastrpc_apps_user.c:1925: Error 4b: adsp current process handle failed. domain 3
09-01 18:34:04.941  2765  2765 I chatty  : uid=1000(system) com.vivo.daemonService expire 1 line
09-01 18:34:04.941  2765  3264 I chatty  : uid=1000(system) NightPearlSubTh expire 1 line
09-01 18:34:04.941  2765  3279 I chatty  : uid=1000(system) Thread-5 expire 1 line
09-01 18:34:04.941  9507 10065 E anet.HorseRaceDetector:  network detect thread start
09-01 18:34:04.943  1724  4404 D PowerManagerService: mTmpPrimaryDisplayIsDoze PRIMARY to doze DRAW_WAKE_LOCK                 'NightPearlShowServicePrimaryDisplay' ACQ=-91ms (uid=1000 (displayid =0 pid=3045)
09-01 18:34:04.946   673   783 E         : mm_camera_module_send_cmd: rc = 0
09-01 18:34:04.947   673   783 I chatty  : uid=1047(cameraserver) HwBinder:673_1 identical 1 line
09-01 18:34:04.947   673   783 E         : mm_camera_module_send_cmd: rc = 0
09-01 18:34:04.948   673   783 I fastcv_lib_log: QCVAQ6_deinit
09-01 18:34:04.951   673   783 D fastcv_lib_log: Enter dlclose_stub completed
09-01 18:34:04.955   673   783 V qomx_image_core: OMX_FreeHandle:338]
09-01 18:34:04.955   673   783 D qomx_image_core: get_idx_from_handle:297] comp_idx 2 inst_idx 0
09-01 18:34:04.956   673   783 V qomx_image_core: OMX_FreeHandle:373] Success
09-01 18:34:04.957   673   783 I qomx_image_core: OMX_Deinit:125] Complete
09-01 18:34:04.957   673   783 I Thermal-Lib: Thermal-Lib-Client: Unregisteration is successfull for handle:1
09-01 18:34:04.957   970  1098 I ThermalEngine: Thermal-Server: removing client on fd 64
09-01 18:34:04.958   673   783 I Thermal-Lib: Thermal-Lib-Client: Unregisteration is successfull for handle:2
09-01 18:34:04.984  1135  1135 V slim_daemon: [MAIN] run: Got IPC: 9902 from 0
09-01 18:34:04.984  1135  1135 D slim_daemon: [SLIM] No pending timeout events
09-01 18:34:04.985   673   783 E libc    : Access denied finding property "cameradaemon.SaveMemAtBoot"
09-01 18:34:05.008  9507  9507 D NAccs.AgooService:  into--[onCreate]
09-01 18:34:05.016  2404  2404 V KeyguardUpdateMonitor: *** register callback for com.android.keyguard.VivoBaseView$6@98c2490
09-01 18:34:05.016  2404  2404 V KeyguardUpdateMonitor: *** unregister callback for null
09-01 18:34:05.033  2404  2404 V KeyguardUpdateMonitor: *** register callback for com.android.keyguard.EmergencyButton$1@ca437a7
09-01 18:34:05.033  2404  2404 V KeyguardUpdateMonitor: *** unregister callback for null
09-01 18:34:05.035  2404  2404 I chatty  : uid=10018(com.android.systemui) identical 3 lines
09-01 18:34:05.037   680 17735 I SDM     : ResourceImpl::SetMaxBandwidthMode: new bandwidth mode=0
09-01 18:34:05.048 13152 13152 W Binder:13152_5: type=1400 audit(0.0:82963): avc: denied { read } for name="u:object_r:vendor_camera_prop:s0" dev="tmpfs" ino=12502 scontext=u:r:system_app:s0 tcontext=u:object_r:vendor_camera_prop:s0 tclass=file permissive=0
09-01 18:34:05.038   673   783 E QCamera2HWI: QCamera2HardwareInterface VivoPostProc will be released: 0xf1856400
09-01 18:34:05.038   673   783 E         : yyan mm_pp_close, session id = 2
09-01 18:34:05.038   673   783 E         : yyan vis_stop_session
09-01 18:34:05.038  1724  1724 D FingerprintWakeHook: Display state changed to OFF
09-01 18:34:05.108  1106  1106 W fingerprint@2.1: type=1400 audit(0.0:82964): avc: denied { read } for name="u:object_r:default_prop:s0" dev="tmpfs" ino=12412 scontext=u:r:hal_fingerprint_goodix:s0 tcontext=u:object_r:default_prop:s0 tclass=file permissive=0
09-01 18:34:05.039  1724  1724 W UsageStatsService: Event reported without a package name
09-01 18:34:05.128  1106  1106 W fingerprint@2.1: type=1400 audit(0.0:82965): avc: denied { read } for name="u:object_r:default_prop:s0" dev="tmpfs" ino=12412 scontext=u:r:hal_fingerprint_goodix:s0 tcontext=u:object_r:default_prop:s0 tclass=file permissive=0
09-01 18:34:05.039   684   684 E QTI PowerHAL: Failed to acquire lock.
09-01 18:34:05.039   684   684 I QTI PowerHAL: Got set_interactive hint
09-01 18:34:05.041  1724  2184 I chatty  : uid=1000(system) PhotonicModulat expire 3 lines
09-01 18:34:05.039  1724  1724 W UsageStatsService: Event reported without a package name
09-01 18:34:05.041  1724  2184 D DisplayPowerState: run normal set state end
09-01 18:34:05.041  1724  2184 E DisplayPowerState: run changed=false mNightPearlManager is null!   or state == Display.STATE_OFF
09-01 18:34:05.042  1724  1880 D PowerManagerService: mTmpPrimaryDisplayIsDoze PRIMARY to doze DRAW_WAKE_LOCK                 'NightPearlShowServicePrimaryDisplay' ACQ=-190ms (uid=1000 (displayid =0 pid=3045)
09-01 18:34:05.048   673 10074 D QCameraQuadraCfa: img_algo_shutdown:147 : E
09-01 18:34:05.048   673 10074 E quadracfa_dummy: inside dummy remosaic_deinit 1
09-01 18:34:05.048   673 10074 D QCameraQuadraCfa: img_algo_shutdown:152 : X
09-01 18:34:05.048   673   783 E         : yyan vis_stop_session -> vis_pp_module_deinit: done
09-01 18:34:05.048   673   783 E         : yyan vis_stop_session done
09-01 18:34:05.049   673   783 E         :  yyan  ppp_util_clsoe_vis_session, error = 1, session id = 2
09-01 18:34:05.050   673   783 I CCSG    : System free ram: 37182
09-01 18:34:05.050   673   783 I CCSG    : Process(673): VmSIZE 477220, VmRSS 82896
09-01 18:34:05.050   673   783 I CCSG    : System free ram: 37120
09-01 18:34:05.050   673   783 I CCSG    : Process(673): VmSIZE 477220, VmRSS 82896
09-01 18:34:05.056  2404  2404 D StatusBar: disable<e i a s b h r c s > disable2<q i n >
09-01 18:34:05.057  9434  9452 E libc    : Access denied finding property "vendor.camera.aux.packagelist"
09-01 18:34:05.057  2404  2404 D StatusBar: disable<e i a s b h r c s > disable2<q i n >
09-01 18:34:05.058 13152  9218 E libc    : Access denied finding property "vendor.camera.aux.packagelist"
09-01 18:34:05.061  2404  2404 D KeyguardViewBase: show()
09-01 18:34:05.062  2404  2404 V KeyguardSecurityContainer: showPrimarySecurityScreen(turningOff=false)
09-01 18:34:05.062  2404  2404 D KeyguardSecurityContainer: showSecurityScreen(PIN),PIN
09-01 18:34:05.062  1724  1782 I chatty  : uid=1000(system) Binder:1724_2 expire 2 lines
09-01 18:34:05.063  2404  2404 D KeyguardViewMediator: getBouncerPromptReason: true, false, false, 0
09-01 18:34:05.064   982 12112 I CameraService: disconnect: Disconnected client for camera 1 for PID 28518
09-01 18:34:05.064   685  2027 W qti_sensors_hal: batch handle 1 flags 0 period_ns 20000000 timeout 2147483647000
09-01 18:34:05.064   685  2027 W qti_sensors_hal: batch:sensor(android.sensor.accelerometer) handle:1 flags:0x0 period_ns 20000000
09-01 18:34:05.064   982 12112 V MediaPlayerNative: disconnect
09-01 18:34:05.065   990  5243 V MediaPlayerService: disconnect(176) from pid 982
09-01 18:34:05.065   990  5243 D NuPlayerDriver: reset(0xec246ee0) at state 4
09-01 18:34:05.065   990  5243 V NuPlayerDriver: updateMetrics(0xec246ee0) from reset at state 4
09-01 18:34:05.065   990  5243 V NuPlayerDriver: logMetrics(0xec246ee0) from reset at state 4
09-01 18:34:05.065   990  5243 V NuPlayerDriver: nothing to record (only 3 fields)
09-01 18:34:05.065   990  5243 D NuPlayerDriver: notifyListener_l(0xec246ee0), (8, 0, 0, -1), loop setting(0, 0)
09-01 18:34:05.065   990  9764 D NuPlayer: kWhatReset
09-01 18:34:05.065   990  9764 W AMessage: failed to post message as target looper for handler 0 is gone.
09-01 18:34:05.067   990  9764 D NuPlayerDriver: notifyResetComplete(0xec246ee0)
09-01 18:34:05.067   990  9764 D NuPlayer: --performReset
09-01 18:34:05.067   990  5243 V NuPlayerDriver: ~NuPlayerDriver(0xec246ee0)
09-01 18:34:05.067   990  5243 V NuPlayerDriver: updateMetrics(0xec246ee0) from destructor at state 0
09-01 18:34:05.067   990  5243 V NuPlayerDriver: logMetrics(0xec246ee0) from destructor at state 0
09-01 18:34:05.067   990  5243 V NuPlayerDriver: nothing to record (only 3 fields)
09-01 18:34:05.068   982 12112 V MediaPlayerNative: destructor
09-01 18:34:05.068   990   990 V MediaPlayerService: Client(176) destructor pid = 982
09-01 18:34:05.068   990   990 V AudioSink: close
09-01 18:34:05.068   990   990 V MediaPlayerService: disconnect(176) from pid 982
09-01 18:34:05.068   715   908 V AudioFlinger: releasing 6297 from 982 for -1
09-01 18:34:05.068   715   908 V AudioFlinger:  decremented refcount to 0
09-01 18:34:05.068   715   908 V AudioFlinger: purging stale effects
09-01 18:34:05.074  1724  1781 D PowerManagerService: mTmpPrimaryDisplayIsDoze PRIMARY to doze DRAW_WAKE_LOCK                 'NightPearlShowServicePrimaryDisplay' ACQ=-222ms (uid=1000 (displayid =0 pid=3045)
09-01 18:34:05.077   982 12112 V MediaPlayerNative: disconnect
09-01 18:34:05.077   982 12112 V MediaPlayerNative: disconnect
09-01 18:34:05.077   990   990 V MediaPlayerService: disconnect(177) from pid 982
09-01 18:34:05.077   990   990 D NuPlayerDriver: reset(0xec2472a0) at state 4
09-01 18:34:05.077   990   990 V NuPlayerDriver: updateMetrics(0xec2472a0) from reset at state 4
09-01 18:34:05.078   990   990 V NuPlayerDriver: logMetrics(0xec2472a0) from reset at state 4
09-01 18:34:05.078   990   990 V NuPlayerDriver: nothing to record (only 3 fields)
09-01 18:34:05.078   990   990 D NuPlayerDriver: notifyListener_l(0xec2472a0), (8, 0, 0, -1), loop setting(0, 0)
09-01 18:34:05.078   990  9780 D NuPlayer: kWhatReset
09-01 18:34:05.078   990  9780 W AMessage: failed to post message as target looper for handler 0 is gone.
09-01 18:34:05.078   990  9780 D NuPlayerDriver: notifyResetComplete(0xec2472a0)
09-01 18:34:05.078   990  9780 D NuPlayer: --performReset
09-01 18:34:05.078   990   990 V NuPlayerDriver: ~NuPlayerDriver(0xec2472a0)
09-01 18:34:05.079   990   990 V NuPlayerDriver: updateMetrics(0xec2472a0) from destructor at state 0
09-01 18:34:05.079   990   990 V NuPlayerDriver: logMetrics(0xec2472a0) from destructor at state 0
09-01 18:34:05.079   990   990 V NuPlayerDriver: nothing to record (only 3 fields)
09-01 18:34:05.079   982 12112 V MediaPlayerNative: disconnect
09-01 18:34:05.079   990  2442 V MediaPlayerService: disconnect(178) from pid 982
09-01 18:34:05.079   990  2442 D NuPlayerDriver: reset(0xec246440) at state 4
09-01 18:34:05.079   990  2442 V NuPlayerDriver: updateMetrics(0xec246440) from reset at state 4
09-01 18:34:05.079   990   990 V MediaPlayerService: Client(177) destructor pid = 982
09-01 18:34:05.079   990   990 V AudioSink: close
09-01 18:34:05.079   990   990 V MediaPlayerService: disconnect(177) from pid 982
09-01 18:34:05.079   990  2442 V NuPlayerDriver: logMetrics(0xec246440) from reset at state 4
09-01 18:34:05.079   990  2442 V NuPlayerDriver: nothing to record (only 3 fields)
09-01 18:34:05.079   990  2442 D NuPlayerDriver: notifyListener_l(0xec246440), (8, 0, 0, -1), loop setting(0, 0)
09-01 18:34:05.080   990  9783 D NuPlayer: kWhatReset
09-01 18:34:05.080   990  9783 W AMessage: failed to post message as target looper for handler 0 is gone.
09-01 18:34:05.080   990  9783 D NuPlayerDriver: notifyResetComplete(0xec246440)
09-01 18:34:05.080   990  9783 D NuPlayer: --performReset
09-01 18:34:05.080   990  2442 V NuPlayerDriver: ~NuPlayerDriver(0xec246440)
09-01 18:34:05.080   982 31775 V MediaPlayerNative: destructor
09-01 18:34:05.081   715   908 V AudioFlinger: releasing 6305 from 982 for -1
09-01 18:34:05.081   715   908 V AudioFlinger:  decremented refcount to 0
09-01 18:34:05.081   715   908 V AudioFlinger: purging stale effects
09-01 18:34:05.081   982 31775 V MediaPlayerNative: disconnect
09-01 18:34:05.081   990  2442 V NuPlayerDriver: updateMetrics(0xec246440) from destructor at state 0
09-01 18:34:05.081   990  2442 V NuPlayerDriver: logMetrics(0xec246440) from destructor at state 0
09-01 18:34:05.081   990  2442 V NuPlayerDriver: nothing to record (only 3 fields)
09-01 18:34:05.084   982 12112 V MediaPlayerNative: destructor
09-01 18:34:05.085   715   908 V AudioFlinger: releasing 6313 from 982 for -1
09-01 18:34:05.085   715   908 V AudioFlinger:  decremented refcount to 0
09-01 18:34:05.085   715   908 V AudioFlinger: purging stale effects
09-01 18:34:05.085   982 12112 V MediaPlayerNative: disconnect
09-01 18:34:05.087   990  2442 V MediaPlayerService: Client(178) destructor pid = 982
09-01 18:34:05.087   990  2442 V AudioSink: close
09-01 18:34:05.087   990  2442 V MediaPlayerService: disconnect(178) from pid 982
09-01 18:34:05.087  1724  1781 I chatty  : uid=1000(system) Binder:1724_1 expire 2 lines
09-01 18:34:05.090  3045 21868 I Adreno  : QUALCOMM build                   : 9128d71, Ib33d3e8e13
09-01 18:34:05.090  3045 21868 I Adreno  : Build Date                       : 11/02/18
09-01 18:34:05.090  3045 21868 I Adreno  : OpenGL ES Shader Compiler Version: EV031.25.03.01
09-01 18:34:05.090  3045 21868 I Adreno  : Local Branch                     :
09-01 18:34:05.090  3045 21868 I Adreno  : Remote Branch                    :
09-01 18:34:05.090  3045 21868 I Adreno  : Remote Branch                    :
09-01 18:34:05.090  3045 21868 I Adreno  : Reconstruct Branch               :
09-01 18:34:05.090  3045 21868 I Adreno  : Build Config                     : S L 6.0.7 AArch64
09-01 18:34:05.091  2404  2404 D KeyguardViewMediator: adjustStatusBarLocked: mShowing=true mOccluded=false, back= false isSecure=true force=false --> flags=0x1200000
09-01 18:34:05.096  3045 21868 I Adreno  : PFP: 0x005ff112, ME: 0x005ff066
09-01 18:34:05.097  1724  1781 D PowerManagerService: mTmpPrimaryDisplayIsDoze PRIMARY to doze DRAW_WAKE_LOCK                 'NightPearlShowServicePrimaryDisplay' ACQ=-245ms (uid=1000 (displayid =0 pid=3045)
09-01 18:34:05.097  3045 21868 I ConfigStore: android::hardware::configstore::V1_0::ISurfaceFlingerConfigs::hasWideColorDisplay retrieved: 0
09-01 18:34:05.098  3045 21868 I ConfigStore: android::hardware::configstore::V1_0::ISurfaceFlingerConfigs::hasHDRDisplay retrieved: 0
09-01 18:34:05.098  3045 21868 I OpenGLRenderer: Initialized EGL, version 1.4
09-01 18:34:05.098  3045 21868 D OpenGLRenderer: Swap behavior 2
09-01 18:34:05.099  2404  2404 V KeyguardDisplayManager: show
09-01 18:34:05.099  2404  2404 D SensorManager: framework alsps raw_data dataX=5.000305 dataY=201.0 dataZ=0.0
09-01 18:34:05.099  2404  2404 D SensorManager: framework alsps raw_data dataX=5.000305 dataY=201.0 dataZ=0.0
09-01 18:34:05.100  2404  2404 D KeyguardViewMediator: handleNotifyStartedGoingToSleep
09-01 18:34:05.101  2404  2404 D KeyguardViewMediator: handleNotifyFinishedGoingToSleep
09-01 18:34:05.107  1724  1724 W Looper  : Slow dispatch took 303ms main h=com.android.server.power.Notifier$NotifierHandler c=com.android.server.power.Notifier$1@83f87c4 m=0
09-01 18:34:05.107  1724  2879 I PackageManager: ### pkg:Package{c71181c com.vivo.shortcutcenter}
09-01 18:34:05.108  1724  1724 W Looper  : Slow delivery took 372ms main h=com.android.server.fingerprint.AnalysisService$1 c=null m=1
09-01 18:34:05.108  1724  1724 I FingerprintService: sendCommand CMD_SET_UNLOCK_AUTH:1
09-01 18:34:05.108  1106  1106 D [GF_HAL][gf_hal]: [gf_hal_send_command] enter, cmd=32531, extras=1
09-01 18:34:05.111  2786  3761 I chatty  : uid=1000(system) Binder:2786_6 expire 17 lines
09-01 18:34:05.115  2404  2404 D StatusBar: disable<e i a s b H!R!c s > disable2<q i n >
09-01 18:34:05.116  1724  1724 I FingerprintService: sendCommand CMD_SET_INTERACTIVE:0
09-01 18:34:05.116  1106  1106 D [GF_HAL][gf_hal]: [gf_hal_send_command] enter, cmd=32517, extras=0
09-01 18:34:05.116  1106  1106 E [gf_ca_entry] : [gx_ta_send_modified_cmd_req] begin, token = 324, cmd_id = 1036
09-01 18:34:05.117  1106  1106 E libc    : Access denied finding property "gf.debug.dump_qseelog_data"
09-01 18:34:05.117  2404  2404 D StatusBar: disable<e i a s b H R c s > disable2<q i n >
09-01 18:34:05.122   717   933 I chatty  : uid=1000(system) Binder:717_3 expire 1 line
09-01 18:34:05.125  2404  2404 D KeyguardViewMediator: handleNotifyScreenTurnedOff
09-01 18:34:05.126   717   804 I chatty  : uid=1000(system) Binder:717_1 expire 2 lines
09-01 18:34:05.132  1106  1106 E gf_ca_entry: Qsee log info, log length=2173, logbuf index=2173, log dump level=GF_LOG_DEBUG, g_logdump_level=3
09-01 18:34:05.132  1106  1106 I gf_ca_entry: talog: D [18:33:43.202 ] [app_main][tz_app_cmd_handler] exit token 323.
09-01 18:34:05.132  1106  1106 I gf_ca_entry: talog: D [18:34:05.123 ] [app_main][tz_app_cmd_handler] CmdToken_id 324: operation_id:3, cmd_id:1036
09-01 18:34:05.132  1106  1106 I gf_ca_entry: talog: D [18:34:05.123 ] [app_main]qsee_prepare_shared_buf_for_secure_read: 0xf6050000, 33024
09-01 18:34:05.132  1106  1106 I gf_ca_entry: talog: D [18:34:05.125 ] [gf_ta_test][gf_ta_invoke_test_cmd_entry_point] cmd_id=GF_CMD_TEST_PRE_SPI, cmd_id_code=1036
09-01 18:34:05.132  1106  1106 I gf_ca_entry: talog: D [18:34:05.126 ] [gf_state_common][gf_state_get_current_operation] g_current_operation=OPERATION_NONE
09-01 18:34:05.132  1106  1106 I gf_ca_entry: talog: I [18:34:05.126 ] [gf_milan_hv_series][gf_milan_hv_set_mode] current_mode=MODE_SLEEP, current_mode_code=2, cur_chip_state=0, new_mode=MODE_IDLE, new_mode_code=8
09-01 18:34:05.132  1106  1106 I gf_ca_entry: talog: D [18:34:05.126 ] [milan_bus] [gf_milan_secspi_write_cmd] cmd=0xC0
09-01 18:34:05.132  1106  1106 I gf_ca_entry: talog: D [18:34:05.127 ] [gf_milan_hv_series][milan_set_mode] disable hv
09-01 18:34:05.132  1106  1106 I gf_ca_entry: talog: I [18:34:05.127 ] [gf_milan_hv_series][gf_milan_hv_set_hv_status] no need to change hv status, g_hv_status=0
09-01 18:34:05.132  1106  1106 I gf_ca_entry: talog: D [18:34:05.128 ] [milan_bus] [gf_milan_reg_access] WRITE=0x0124(2 bytes), SUCCESS=0xFF 0xFF 0x00 0x00
09-01 18:34:05.132  1106  1106 I gf_ca_entry: talog: D [18:34:05.128 ] [milan_bus] [gf_milan_reg_access] WRITE=0x0234(2 bytes), SUCCESS=0x00 0x00 0x00 0x00
09-01 18:34:05.132  1106  1106 I gf_ca_entry: talog: D [18:34:05.128 ] [gf_state_common][state_set_mode] set mode success, mode=MODE_IDLE
09-01 18:34:05.132  1106  1106 I gf_ca_entry: talog: D [18:34:05.128 ] [gf_state_common][gf_state_get_current_operation] g_current_operation=OPERATION_TEST_PRE_SPI
09-01 18:34:05.132  1106  1106 I gf_ca_entry: talog: D [18:34:05.128 ] [gf_state_common][gf_state_execute_operation] g_current_operation=OPERATION_TEST_PRE_SPI
09-01 18:34:05.132  1106  1106 I gf_ca_entry: talog: D [18:34:05.128 ] [gf_state_common][gf_state_get_current_operation] g_current_operation=OPERATION_TEST_PRE_SPI
09-01 18:34:05.132  1106  1106 I gf_ca_entry: talog: D [18:34:05.129 ] [gf_state_common][gf_state_get_current_operation] g_current_operation=OPERATION_TEST_PRE_SPI
