08-30 11:30:34.700  3105  3137 W System.err: android.provider.Settings$SettingNotFoundException: isFindPhoneOpened
08-30 11:30:34.700  3105  3137 W System.err: 	at android.provider.Settings$System.getIntForUser(Settings.java:2541)
08-30 11:30:34.700  3105  3137 W System.err: 	at android.provider.Settings$System.getInt(Settings.java:2531)
08-30 11:30:34.700  3105  3137 W System.err: 	at com.vivo.findphone.utils.y.a(FbeUtil.java:2)
08-30 11:30:34.700  3105  3137 W System.err: 	at com.vivo.findphone.utils.x.h(FPSetting.java:1)
08-30 11:30:34.700  3105  3137 W System.err: 	at com.vivo.findphone.utils.d.l(AuthorizeHelper.java:1)
08-30 11:30:34.700  3105  3137 W System.err: 	at com.vivo.findphone.utils.r$b.isUserAllowAccessNet(CommonInitHelper.java:1)
08-30 11:30:34.700  3105  3137 W System.err: 	at com.vivo.ic.crashcollector.c.b.a(HttpRequest.java:124)
08-30 11:30:34.700  3105  3137 W System.err: 	at com.vivo.ic.crashcollector.c.b.a(HttpRequest.java:86)
08-30 11:30:34.700  3105  3137 W System.err: 	at com.vivo.ic.crashcollector.utils.t.c(SendHelper.java:18)
08-30 11:30:34.700  3105  3137 W System.err: 	at com.vivo.ic.crashcollector.utils.t.a(SendHelper.java:34)
08-30 11:30:34.700  3105  3137 W System.err: 	at com.vivo.ic.crashcollector.CrashCollector$a.handleMessage(CrashCollector.java:76)
08-30 11:30:34.700  3105  3137 W System.err: 	at android.os.Handler.dispatchMessage(Handler.java:106)
08-30 11:30:34.700  3105  3137 W System.err: 	at android.os.Looper.loop(Looper.java:224)
08-30 11:30:34.700  3105  3137 W System.err: 	at android.os.HandlerThread.run(HandlerThread.java:65)
08-30 11:30:34.701  3105  3137 W System.err: android.provider.Settings$SettingNotFoundException: isFindPhoneOpened
08-30 11:30:34.701  3105  3137 W System.err: 	at android.provider.Settings$System.getIntForUser(Settings.java:2541)
08-30 11:30:34.701  3105  3137 W System.err: 	at android.provider.Settings$System.getInt(Settings.java:2531)
08-30 11:30:34.701  3105  3137 W System.err: 	at com.vivo.findphone.utils.y.a(FbeUtil.java:2)
08-30 11:30:34.701  3105  3137 W System.err: 	at com.vivo.findphone.utils.x.h(FPSetting.java:1)
08-30 11:30:34.701  3105  3137 W System.err: 	at com.vivo.findphone.utils.d.l(AuthorizeHelper.java:1)
08-30 11:30:34.701  3105  3137 W System.err: 	at com.vivo.findphone.utils.h1.a(SystemIdUtils.java:4)
08-30 11:30:34.701  3105  3137 W System.err: 	at com.vivo.findphone.utils.r$a.getImei(CommonInitHelper.java:1)
08-30 11:30:34.701  3105  3137 W System.err: 	at com.vivo.ic.crashcollector.utils.d.a(CrashCollectorUtil.java:18)
08-30 11:30:34.701  3105  3137 W System.err: 	at com.vivo.ic.crashcollector.c.b.a(HttpRequest.java:110)
08-30 11:30:34.701  3105  3137 W System.err: 	at com.vivo.ic.crashcollector.c.b.a(HttpRequest.java:66)
08-30 11:30:34.701  3105  3137 W System.err: 	at com.vivo.ic.crashcollector.utils.t.c(SendHelper.java:18)
08-30 11:30:34.701  3105  3137 W System.err: 	at com.vivo.ic.crashcollector.utils.t.a(SendHelper.java:34)
08-30 11:30:34.701  3105  3137 W System.err: 	at com.vivo.ic.crashcollector.CrashCollector$a.handleMessage(CrashCollector.java:76)
08-30 11:30:34.701  3105  3137 W System.err: 	at android.os.Handler.dispatchMessage(Handler.java:106)
08-30 11:30:34.701  3105  3137 W System.err: 	at android.os.Looper.loop(Looper.java:224)
08-30 11:30:34.701  3105  3137 W System.err: 	at android.os.HandlerThread.run(HandlerThread.java:65)
08-30 11:30:34.702  3105  3137 W System.err: android.provider.Settings$SettingNotFoundException: isFindPhoneOpened
08-30 11:30:34.702  3105  3137 W System.err: 	at android.provider.Settings$System.getIntForUser(Settings.java:2541)
08-30 11:30:34.702  3105  3137 W System.err: 	at android.provider.Settings$System.getInt(Settings.java:2531)
08-30 11:30:34.702  3105  3137 W System.err: 	at com.vivo.findphone.utils.y.a(FbeUtil.java:2)
08-30 11:30:34.702  3105  3137 W System.err: 	at com.vivo.findphone.utils.x.h(FPSetting.java:1)
08-30 11:30:34.702  3105  3137 W System.err: 	at com.vivo.findphone.utils.d.l(AuthorizeHelper.java:1)
08-30 11:30:34.702  3105  3137 W System.err: 	at com.vivo.findphone.utils.h1.a(SystemIdUtils.java:6)
08-30 11:30:34.702  3105  3137 W System.err: 	at com.vivo.findphone.utils.r$a.getSn(CommonInitHelper.java:1)
08-30 11:30:34.702  3105  3137 W System.err: 	at com.vivo.ic.crashcollector.utils.d.a(CrashCollectorUtil.java:21)
08-30 11:30:34.702  3105  3137 W System.err: 	at com.vivo.ic.crashcollector.c.b.a(HttpRequest.java:110)
08-30 11:30:34.702  3105  3137 W System.err: 	at com.vivo.ic.crashcollector.c.b.a(HttpRequest.java:66)
08-30 11:30:34.702  3105  3137 W System.err: 	at com.vivo.ic.crashcollector.utils.t.c(SendHelper.java:18)
08-30 11:30:34.702  3105  3137 W System.err: 	at com.vivo.ic.crashcollector.utils.t.a(SendHelper.java:34)
08-30 11:30:34.702  3105  3137 W System.err: 	at com.vivo.ic.crashcollector.CrashCollector$a.handleMessage(CrashCollector.java:76)
08-30 11:30:34.702  3105  3137 W System.err: 	at android.os.Handler.dispatchMessage(Handler.java:106)
08-30 11:30:34.702  3105  3137 W System.err: 	at android.os.Looper.loop(Looper.java:224)
08-30 11:30:34.702  3105  3137 W System.err: 	at android.os.HandlerThread.run(HandlerThread.java:65)
08-30 11:30:34.704  3105  3137 W System.err: android.provider.Settings$SettingNotFoundException: isFindPhoneOpened
08-30 11:30:34.704  3105  3137 W System.err: 	at android.provider.Settings$System.getIntForUser(Settings.java:2541)
08-30 11:30:34.704  3105  3137 W System.err: 	at android.provider.Settings$System.getInt(Settings.java:2531)
08-30 11:30:34.704  3105  3137 W System.err: 	at com.vivo.findphone.utils.y.a(FbeUtil.java:2)
08-30 11:30:34.704  3105  3137 W System.err: 	at com.vivo.findphone.utils.x.h(FPSetting.java:1)
08-30 11:30:34.704  3105  3137 W System.err: 	at com.vivo.findphone.utils.d.l(AuthorizeHelper.java:1)
08-30 11:30:34.704  3105  3137 W System.err: 	at com.vivo.findphone.utils.r$b.isUserAllowAccessNet(CommonInitHelper.java:1)
08-30 11:30:34.704  3105  3137 W System.err: 	at com.vivo.ic.crashcollector.c.b.a(HttpRequest.java:124)
08-30 11:30:34.704  3105  3137 W System.err: 	at com.vivo.ic.crashcollector.c.b.a(HttpRequest.java:86)
08-30 11:30:34.704  3105  3137 W System.err: 	at com.vivo.ic.crashcollector.utils.t.c(SendHelper.java:18)
08-30 11:30:34.704  3105  3137 W System.err: 	at com.vivo.ic.crashcollector.utils.t.a(SendHelper.java:34)
08-30 11:30:34.704  3105  3137 W System.err: 	at com.vivo.ic.crashcollector.CrashCollector$a.handleMessage(CrashCollector.java:76)
08-30 11:30:34.704  3105  3137 W System.err: 	at android.os.Handler.dispatchMessage(Handler.java:106)
08-30 11:30:34.704  3105  3137 W System.err: 	at android.os.Looper.loop(Looper.java:224)
08-30 11:30:34.704  3105  3137 W System.err: 	at android.os.HandlerThread.run(HandlerThread.java:65)
08-30 11:30:34.705  3105  3137 W System.err: android.provider.Settings$SettingNotFoundException: isFindPhoneOpened
08-30 11:30:34.705  3105  3137 W System.err: 	at android.provider.Settings$System.getIntForUser(Settings.java:2541)
08-30 11:30:34.705  3105  3137 W System.err: 	at android.provider.Settings$System.getInt(Settings.java:2531)
08-30 11:30:34.705  3105  3137 W System.err: 	at com.vivo.findphone.utils.y.a(FbeUtil.java:2)
08-30 11:30:34.705  3105  3137 W System.err: 	at com.vivo.findphone.utils.x.h(FPSetting.java:1)
08-30 11:30:34.705  3105  3137 W System.err: 	at com.vivo.findphone.utils.d.l(AuthorizeHelper.java:1)
08-30 11:30:34.705  3105  3137 W System.err: 	at com.vivo.findphone.utils.h1.a(SystemIdUtils.java:4)
08-30 11:30:34.705  3105  3137 W System.err: 	at com.vivo.findphone.utils.r$a.getImei(CommonInitHelper.java:1)
08-30 11:30:34.705  3105  3137 W System.err: 	at com.vivo.ic.crashcollector.utils.d.a(CrashCollectorUtil.java:18)
08-30 11:30:34.705  3105  3137 W System.err: 	at com.vivo.ic.crashcollector.c.b.a(HttpRequest.java:110)
08-30 11:30:34.705  3105  3137 W System.err: 	at com.vivo.ic.crashcollector.c.b.a(HttpRequest.java:66)
08-30 11:30:34.705  3105  3137 W System.err: 	at com.vivo.ic.crashcollector.utils.t.c(SendHelper.java:18)
08-30 11:30:34.705  3105  3137 W System.err: 	at com.vivo.ic.crashcollector.utils.t.a(SendHelper.java:34)
08-30 11:30:34.705  3105  3137 W System.err: 	at com.vivo.ic.crashcollector.CrashCollector$a.handleMessage(CrashCollector.java:76)
08-30 11:30:34.705  3105  3137 W System.err: 	at android.os.Handler.dispatchMessage(Handler.java:106)
08-30 11:30:34.705  3105  3137 W System.err: 	at android.os.Looper.loop(Looper.java:224)
08-30 11:30:34.705  3105  3137 W System.err: 	at android.os.HandlerThread.run(HandlerThread.java:65)
08-30 11:30:34.706  3105  3137 W System.err: android.provider.Settings$SettingNotFoundException: isFindPhoneOpened
08-30 11:30:34.706  3105  3137 W System.err: 	at android.provider.Settings$System.getIntForUser(Settings.java:2541)
08-30 11:30:34.706  3105  3137 W System.err: 	at android.provider.Settings$System.getInt(Settings.java:2531)
08-30 11:30:34.706  3105  3137 W System.err: 	at com.vivo.findphone.utils.y.a(FbeUtil.java:2)
08-30 11:30:34.706  3105  3137 W System.err: 	at com.vivo.findphone.utils.x.h(FPSetting.java:1)
08-30 11:30:34.706  3105  3137 W System.err: 	at com.vivo.findphone.utils.d.l(AuthorizeHelper.java:1)
08-30 11:30:34.706  3105  3137 W System.err: 	at com.vivo.findphone.utils.h1.a(SystemIdUtils.java:6)
08-30 11:30:34.706  3105  3137 W System.err: 	at com.vivo.findphone.utils.r$a.getSn(CommonInitHelper.java:1)
08-30 11:30:34.706  3105  3137 W System.err: 	at com.vivo.ic.crashcollector.utils.d.a(CrashCollectorUtil.java:21)
08-30 11:30:34.706  3105  3137 W System.err: 	at com.vivo.ic.crashcollector.c.b.a(HttpRequest.java:110)
08-30 11:30:34.706  3105  3137 W System.err: 	at com.vivo.ic.crashcollector.c.b.a(HttpRequest.java:66)
08-30 11:30:34.706  3105  3137 W System.err: 	at com.vivo.ic.crashcollector.utils.t.c(SendHelper.java:18)
08-30 11:30:34.706  3105  3137 W System.err: 	at com.vivo.ic.crashcollector.utils.t.a(SendHelper.java:34)
08-30 11:30:34.706  3105  3137 W System.err: 	at com.vivo.ic.crashcollector.CrashCollector$a.handleMessage(CrashCollector.java:76)
08-30 11:30:34.706  3105  3137 W System.err: 	at android.os.Handler.dispatchMessage(Handler.java:106)
08-30 11:30:34.706  3105  3137 W System.err: 	at android.os.Looper.loop(Looper.java:224)
08-30 11:30:34.706  3105  3137 W System.err: 	at android.os.HandlerThread.run(HandlerThread.java:65)
08-30 11:30:34.708  3105  3137 W System.err: android.provider.Settings$SettingNotFoundException: isFindPhoneOpened
08-30 11:30:34.708  3105  3137 W System.err: 	at android.provider.Settings$System.getIntForUser(Settings.java:2541)
08-30 11:30:34.708  3105  3137 W System.err: 	at android.provider.Settings$System.getInt(Settings.java:2531)
08-30 11:30:34.708  3105  3137 W System.err: 	at com.vivo.findphone.utils.y.a(FbeUtil.java:2)
08-30 11:30:34.708  3105  3137 W System.err: 	at com.vivo.findphone.utils.x.h(FPSetting.java:1)
08-30 11:30:34.708  3105  3137 W System.err: 	at com.vivo.findphone.utils.d.l(AuthorizeHelper.java:1)
08-30 11:30:34.708  3105  3137 W System.err: 	at com.vivo.findphone.utils.r$b.isUserAllowAccessNet(CommonInitHelper.java:1)
08-30 11:30:34.708  3105  3137 W System.err: 	at com.vivo.ic.crashcollector.c.b.a(HttpRequest.java:124)
08-30 11:30:34.708  3105  3137 W System.err: 	at com.vivo.ic.crashcollector.c.b.a(HttpRequest.java:86)
08-30 11:30:34.708  3105  3137 W System.err: 	at com.vivo.ic.crashcollector.utils.t.c(SendHelper.java:18)
08-30 11:30:34.708  3105  3137 W System.err: 	at com.vivo.ic.crashcollector.utils.t.a(SendHelper.java:34)
08-30 11:30:34.708  3105  3137 W System.err: 	at com.vivo.ic.crashcollector.CrashCollector$a.handleMessage(CrashCollector.java:76)
08-30 11:30:34.708  3105  3137 W System.err: 	at android.os.Handler.dispatchMessage(Handler.java:106)
08-30 11:30:34.708  3105  3137 W System.err: 	at android.os.Looper.loop(Looper.java:224)
08-30 11:30:34.708  3105  3137 W System.err: 	at android.os.HandlerThread.run(HandlerThread.java:65)
08-30 11:30:34.709  3105  3137 W System.err: android.provider.Settings$SettingNotFoundException: isFindPhoneOpened
08-30 11:30:34.709  3105  3137 W System.err: 	at android.provider.Settings$System.getIntForUser(Settings.java:2541)
08-30 11:30:34.709  3105  3137 W System.err: 	at android.provider.Settings$System.getInt(Settings.java:2531)
08-30 11:30:34.709  3105  3137 W System.err: 	at com.vivo.findphone.utils.y.a(FbeUtil.java:2)
08-30 11:30:34.709  3105  3137 W System.err: 	at com.vivo.findphone.utils.x.h(FPSetting.java:1)
08-30 11:30:34.709  3105  3137 W System.err: 	at com.vivo.findphone.utils.d.l(AuthorizeHelper.java:1)
08-30 11:30:34.709  3105  3137 W System.err: 	at com.vivo.findphone.utils.h1.a(SystemIdUtils.java:4)
08-30 11:30:34.709  3105  3137 W System.err: 	at com.vivo.findphone.utils.r$a.getImei(CommonInitHelper.java:1)
08-30 11:30:34.709  3105  3137 W System.err: 	at com.vivo.ic.crashcollector.utils.d.a(CrashCollectorUtil.java:18)
08-30 11:30:34.709  3105  3137 W System.err: 	at com.vivo.ic.crashcollector.c.b.a(HttpRequest.java:110)
08-30 11:30:34.709  3105  3137 W System.err: 	at com.vivo.ic.crashcollector.c.b.a(HttpRequest.java:66)
08-30 11:30:34.709  3105  3137 W System.err: 	at com.vivo.ic.crashcollector.utils.t.c(SendHelper.java:18)
08-30 11:30:34.709  3105  3137 W System.err: 	at com.vivo.ic.crashcollector.utils.t.a(SendHelper.java:34)
08-30 11:30:34.709  3105  3137 W System.err: 	at com.vivo.ic.crashcollector.CrashCollector$a.handleMessage(CrashCollector.java:76)
08-30 11:30:34.709  3105  3137 W System.err: 	at android.os.Handler.dispatchMessage(Handler.java:106)
08-30 11:30:34.709  3105  3137 W System.err: 	at android.os.Looper.loop(Looper.java:224)
08-30 11:30:34.709  3105  3137 W System.err: 	at android.os.HandlerThread.run(HandlerThread.java:65)
08-30 11:30:34.709  3105  3137 W System.err: android.provider.Settings$SettingNotFoundException: isFindPhoneOpened
08-30 11:30:34.710  3105  3137 W System.err: 	at android.provider.Settings$System.getIntForUser(Settings.java:2541)
08-30 11:30:34.710  3105  3137 W System.err: 	at android.provider.Settings$System.getInt(Settings.java:2531)
08-30 11:30:34.710  3105  3137 W System.err: 	at com.vivo.findphone.utils.y.a(FbeUtil.java:2)
08-30 11:30:34.710  3105  3137 W System.err: 	at com.vivo.findphone.utils.x.h(FPSetting.java:1)
08-30 11:30:34.710  3105  3137 W System.err: 	at com.vivo.findphone.utils.d.l(AuthorizeHelper.java:1)
08-30 11:30:34.710  3105  3137 W System.err: 	at com.vivo.findphone.utils.h1.a(SystemIdUtils.java:6)
08-30 11:30:34.710  3105  3137 W System.err: 	at com.vivo.findphone.utils.r$a.getSn(CommonInitHelper.java:1)
08-30 11:30:34.710  3105  3137 W System.err: 	at com.vivo.ic.crashcollector.utils.d.a(CrashCollectorUtil.java:21)
08-30 11:30:34.710  3105  3137 W System.err: 	at com.vivo.ic.crashcollector.c.b.a(HttpRequest.java:110)
08-30 11:30:34.710  3105  3137 W System.err: 	at com.vivo.ic.crashcollector.c.b.a(HttpRequest.java:66)
08-30 11:30:34.710  3105  3137 W System.err: 	at com.vivo.ic.crashcollector.utils.t.c(SendHelper.java:18)
08-30 11:30:34.710  3105  3137 W System.err: 	at com.vivo.ic.crashcollector.utils.t.a(SendHelper.java:34)
08-30 11:30:34.710  3105  3137 W System.err: 	at com.vivo.ic.crashcollector.CrashCollector$a.handleMessage(CrashCollector.java:76)
08-30 11:30:34.710  3105  3137 W System.err: 	at android.os.Handler.dispatchMessage(Handler.java:106)
08-30 11:30:34.710  3105  3137 W System.err: 	at android.os.Looper.loop(Looper.java:224)
08-30 11:30:34.710  3105  3137 W System.err: 	at android.os.HandlerThread.run(HandlerThread.java:65)
08-30 11:30:34.713  3105  3137 W System.err: android.provider.Settings$SettingNotFoundException: isFindPhoneOpened
08-30 11:30:34.713  3105  3137 W System.err: 	at android.provider.Settings$System.getIntForUser(Settings.java:2541)
08-30 11:30:34.713  3105  3137 W System.err: 	at android.provider.Settings$System.getInt(Settings.java:2531)
08-30 11:30:34.713  3105  3137 W System.err: 	at com.vivo.findphone.utils.y.a(FbeUtil.java:2)
08-30 11:30:34.713  3105  3137 W System.err: 	at com.vivo.findphone.utils.x.h(FPSetting.java:1)
08-30 11:30:34.713  3105  3137 W System.err: 	at com.vivo.findphone.utils.d.l(AuthorizeHelper.java:1)
08-30 11:30:34.713  3105  3137 W System.err: 	at com.vivo.findphone.utils.r$b.isUserAllowAccessNet(CommonInitHelper.java:1)
08-30 11:30:34.713  3105  3137 W System.err: 	at com.vivo.ic.crashcollector.c.b.a(HttpRequest.java:124)
08-30 11:30:34.713  3105  3137 W System.err: 	at com.vivo.ic.crashcollector.c.b.a(HttpRequest.java:86)
08-30 11:30:34.713  3105  3137 W System.err: 	at com.vivo.ic.crashcollector.utils.t.c(SendHelper.java:18)
08-30 11:30:34.713  3105  3137 W System.err: 	at com.vivo.ic.crashcollector.utils.t.a(SendHelper.java:34)
08-30 11:30:34.713  3105  3137 W System.err: 	at com.vivo.ic.crashcollector.CrashCollector$a.handleMessage(CrashCollector.java:76)
08-30 11:30:34.713  3105  3137 W System.err: 	at android.os.Handler.dispatchMessage(Handler.java:106)
08-30 11:30:34.713  3105  3137 W System.err: 	at android.os.Looper.loop(Looper.java:224)
08-30 11:30:34.713  3105  3137 W System.err: 	at android.os.HandlerThread.run(HandlerThread.java:65)
08-30 11:30:34.714  3105  3137 W System.err: android.provider.Settings$SettingNotFoundException: isFindPhoneOpened
08-30 11:30:34.714  3105  3137 W System.err: 	at android.provider.Settings$System.getIntForUser(Settings.java:2541)
08-30 11:30:34.714  3105  3137 W System.err: 	at android.provider.Settings$System.getInt(Settings.java:2531)
08-30 11:30:34.714  3105  3137 W System.err: 	at com.vivo.findphone.utils.y.a(FbeUtil.java:2)
08-30 11:30:34.714  3105  3137 W System.err: 	at com.vivo.findphone.utils.x.h(FPSetting.java:1)
08-30 11:30:34.714  3105  3137 W System.err: 	at com.vivo.findphone.utils.d.l(AuthorizeHelper.java:1)
08-30 11:30:34.714  3105  3137 W System.err: 	at com.vivo.findphone.utils.h1.a(SystemIdUtils.java:4)
08-30 11:30:34.714  3105  3137 W System.err: 	at com.vivo.findphone.utils.r$a.getImei(CommonInitHelper.java:1)
08-30 11:30:34.714  3105  3137 W System.err: 	at com.vivo.ic.crashcollector.utils.d.a(CrashCollectorUtil.java:18)
08-30 11:30:34.714  3105  3137 W System.err: 	at com.vivo.ic.crashcollector.c.b.a(HttpRequest.java:110)
08-30 11:30:34.714  3105  3137 W System.err: 	at com.vivo.ic.crashcollector.c.b.a(HttpRequest.java:66)
08-30 11:30:34.714  3105  3137 W System.err: 	at com.vivo.ic.crashcollector.utils.t.c(SendHelper.java:18)
08-30 11:30:34.714  3105  3137 W System.err: 	at com.vivo.ic.crashcollector.utils.t.a(SendHelper.java:34)
08-30 11:30:34.714  3105  3137 W System.err: 	at com.vivo.ic.crashcollector.CrashCollector$a.handleMessage(CrashCollector.java:76)
08-30 11:30:34.714  3105  3137 W System.err: 	at android.os.Handler.dispatchMessage(Handler.java:106)
08-30 11:30:34.714  3105  3137 W System.err: 	at android.os.Looper.loop(Looper.java:224)
08-30 11:30:34.714  3105  3137 W System.err: 	at android.os.HandlerThread.run(HandlerThread.java:65)
08-30 11:30:34.715  3105  3137 W System.err: android.provider.Settings$SettingNotFoundException: isFindPhoneOpened
08-30 11:30:34.715  3105  3137 W System.err: 	at android.provider.Settings$System.getIntForUser(Settings.java:2541)
08-30 11:30:34.715  3105  3137 W System.err: 	at android.provider.Settings$System.getInt(Settings.java:2531)
08-30 11:30:34.715  3105  3137 W System.err: 	at com.vivo.findphone.utils.y.a(FbeUtil.java:2)
08-30 11:30:34.715  3105  3137 W System.err: 	at com.vivo.findphone.utils.x.h(FPSetting.java:1)
08-30 11:30:34.715  3105  3137 W System.err: 	at com.vivo.findphone.utils.d.l(AuthorizeHelper.java:1)
08-30 11:30:34.715  3105  3137 W System.err: 	at com.vivo.findphone.utils.h1.a(SystemIdUtils.java:6)
08-30 11:30:34.715  3105  3137 W System.err: 	at com.vivo.findphone.utils.r$a.getSn(CommonInitHelper.java:1)
08-30 11:30:34.715  3105  3137 W System.err: 	at com.vivo.ic.crashcollector.utils.d.a(CrashCollectorUtil.java:21)
08-30 11:30:34.715  3105  3137 W System.err: 	at com.vivo.ic.crashcollector.c.b.a(HttpRequest.java:110)
08-30 11:30:34.715  3105  3137 W System.err: 	at com.vivo.ic.crashcollector.c.b.a(HttpRequest.java:66)
08-30 11:30:34.715  3105  3137 W System.err: 	at com.vivo.ic.crashcollector.utils.t.c(SendHelper.java:18)
08-30 11:30:34.715  3105  3137 W System.err: 	at com.vivo.ic.crashcollector.utils.t.a(SendHelper.java:34)
08-30 11:30:34.715  3105  3137 W System.err: 	at com.vivo.ic.crashcollector.CrashCollector$a.handleMessage(CrashCollector.java:76)
08-30 11:30:34.715  3105  3137 W System.err: 	at android.os.Handler.dispatchMessage(Handler.java:106)
08-30 11:30:34.715  3105  3137 W System.err: 	at android.os.Looper.loop(Looper.java:224)
08-30 11:30:34.715  3105  3137 W System.err: 	at android.os.HandlerThread.run(HandlerThread.java:65)
08-30 11:30:34.718  3105  3137 W System.err: android.provider.Settings$SettingNotFoundException: isFindPhoneOpened
08-30 11:30:34.718  3105  3137 W System.err: 	at android.provider.Settings$System.getIntForUser(Settings.java:2541)
08-30 11:30:34.718  3105  3137 W System.err: 	at android.provider.Settings$System.getInt(Settings.java:2531)
08-30 11:30:34.718  3105  3137 W System.err: 	at com.vivo.findphone.utils.y.a(FbeUtil.java:2)
08-30 11:30:34.718  3105  3137 W System.err: 	at com.vivo.findphone.utils.x.h(FPSetting.java:1)
08-30 11:30:34.718  3105  3137 W System.err: 	at com.vivo.findphone.utils.d.l(AuthorizeHelper.java:1)
08-30 11:30:34.718  3105  3137 W System.err: 	at com.vivo.findphone.utils.r$b.isUserAllowAccessNet(CommonInitHelper.java:1)
08-30 11:30:34.718  3105  3137 W System.err: 	at com.vivo.ic.crashcollector.c.b.a(HttpRequest.java:124)
08-30 11:30:34.718  3105  3137 W System.err: 	at com.vivo.ic.crashcollector.c.b.a(HttpRequest.java:86)
08-30 11:30:34.719  3105  3137 W System.err: 	at com.vivo.ic.crashcollector.utils.t.c(SendHelper.java:18)
08-30 11:30:34.719  3105  3137 W System.err: 	at com.vivo.ic.crashcollector.utils.t.a(SendHelper.java:34)
08-30 11:30:34.719  3105  3137 W System.err: 	at com.vivo.ic.crashcollector.CrashCollector$a.handleMessage(CrashCollector.java:76)
08-30 11:30:34.719  3105  3137 W System.err: 	at android.os.Handler.dispatchMessage(Handler.java:106)
08-30 11:30:34.719  3105  3137 W System.err: 	at android.os.Looper.loop(Looper.java:224)
08-30 11:30:34.719  3105  3137 W System.err: 	at android.os.HandlerThread.run(HandlerThread.java:65)
08-30 11:30:35.573   717   717 I SurfaceFlinger: FPS: 37
08-30 11:30:36.589   717   717 I SurfaceFlinger: FPS: 32
08-30 11:30:37.235  4305 18072 I CastDatabase: Saving the database
08-30 11:30:37.256  4305 18072 I SQLiteCastStore: [CastNetworkInfo] saved: 0, skipped: 0, [CastDeviceInfo]: saved 0, skipped 0, Paired Guest Mode DeviceInfo] saved: 0, skipped: 0. [ProbedNetworks]: saved 0, skipped: 0, [ProbedSocketAddress]: saved 0, skipped: 0
08-30 11:30:37.605   717   717 I SurfaceFlinger: FPS: 34
08-30 11:30:38.639   717   717 I SurfaceFlinger: FPS: 41
08-30 11:30:39.671   717   717 I SurfaceFlinger: FPS: 33
08-30 11:30:40.443 29067 29200 D WorkerThreadMonitor: Kill MSF check result[ senderSize:0,sendInterval:4797462,receiveInterval=3896592,addCmdCount=9
08-30 11:30:40.722   717   717 I SurfaceFlinger: FPS: 32
08-30 11:30:41.570   694   756 E ANDR-PERF-MPCTL: Invalid profile no. 0, total profiles 0 only
08-30 11:30:41.375  1724  2178 I chatty  : uid=1000(system) AutobacklightTh identical 53 lines
08-30 11:30:41.605  1724  1853 V WindowOrientationListener: in onTouchEndLocked. proposedRotation=0, oldProposedRotation=0
08-30 11:30:41.616  3168  3168 E cn.missevan: No package ID ff found for ID 0xffffffff.
08-30 11:30:41.735   717   717 I SurfaceFlinger: FPS: 37
08-30 11:30:42.302   694   756 E ANDR-PERF-MPCTL: Invalid profile no. 0, total profiles 0 only
08-30 11:30:42.752   717   717 I SurfaceFlinger: FPS: 49
08-30 11:30:43.804   717   717 I SurfaceFlinger: FPS: 38
08-30 11:30:44.435   694   756 E ANDR-PERF-MPCTL: Invalid profile no. 0, total profiles 0 only
08-30 11:30:44.445  3168  3168 W Glide   : Load failed for null with size [0x0]
08-30 11:30:44.445  3168  3168 W Glide   : class com.bumptech.glide.load.a.q: Received null model
08-30 11:30:44.503 29067 29186 D MemoryCeilingMonitor: [handleMemoryCalculate]
08-30 11:30:44.503 29067 29186 D MemoryCeilingMonitor: [calculate] tot: 3192874, max: 268435456, free: 154650, heap: 3038224, per: 0.01131826639175415
08-30 11:30:44.820   717   717 I SurfaceFlinger: FPS: 41
08-30 11:30:44.755  1724  2178 I chatty  : uid=1000(system) AutobacklightTh identical 19 lines
08-30 11:30:45.063  1724  1853 V WindowOrientationListener: in onTouchEndLocked. proposedRotation=0, oldProposedRotation=0
08-30 11:30:45.064  3168  3168 E cn.missevan: No package ID ff found for ID 0xffffffff.
08-30 11:30:45.087  3168  3168 W Glide   : Load failed for null with size [0x0]
08-30 11:30:45.087  3168  3168 W Glide   : class com.bumptech.glide.load.a.q: Received null model
08-30 11:30:45.305   694   756 E ANDR-PERF-MPCTL: Invalid profile no. 0, total profiles 0 only
08-30 11:30:45.851   717   717 I SurfaceFlinger: FPS: 33
08-30 11:30:46.432 29067 29255 I SocketReaderNewtrue: SocketReader(4178) continue
08-30 11:30:46.432 29067 29255 D MSF.C.NetConnTag.true: MsfCoreSocketReaderNew closeConn socketEngineID: 0 socket hashcode: 0 for reason: readError
08-30 11:30:46.433 29067 29255 E MSF.C.NetConnTag.true: conn is already closed on readError closeConn socketEngineID: 0 socket hashcode: 0java.lang.Throwable
08-30 11:30:46.433 29067 29255 E MSF.C.NetConnTag.true: 	at com.tencent.mobileqq.msf.core.net.m.b(P:27)
08-30 11:30:46.433 29067 29255 E MSF.C.NetConnTag.true: 	at com.tencent.mobileqq.msf.core.net.m$b.run(P:24)
08-30 11:30:46.433 29067 29255 E SocketReaderNewtrue: socketEngine: 0socket hashCode: 0SocketReader(4178) errorjava.net.SocketException: Socket is closed
08-30 11:30:46.433 29067 29255 I SocketReaderNewtrue: SocketReader(4178) wait
08-30 11:30:46.837  1724  2070 I chatty  : uid=1000(system) WifiStateMachin expire 14 lines
08-30 11:30:46.853   717   717 I SurfaceFlinger: FPS: 30
08-30 11:30:47.868   717   717 I SurfaceFlinger: FPS: 40
08-30 11:30:48.307   694   756 E ANDR-PERF-MPCTL: Invalid profile no. 0, total profiles 0 only
08-30 11:30:48.918   717   717 I SurfaceFlinger: FPS: 36
08-30 11:30:49.937   717   717 I SurfaceFlinger: FPS: 31
08-30 11:30:50.742  4121  4121 D MainImeServiceDel: mHandler = 48
08-30 11:30:50.776  4121  4121 D MainImeServiceDel: mHandler = 173
08-30 11:30:50.781  4121  4121 D MainImeServiceDel: mHandler = 201
08-30 11:30:50.822  4451  4532 I appium  : channel read: DELETE /wd/hub/session/fb5651ef-65c8-4d5d-9f37-8c52d8f75db5
08-30 11:30:50.824  4451  4532 I appium  : DeleteSession command
08-30 11:30:50.549  1724  2178 I chatty  : uid=1000(system) AutobacklightTh identical 34 lines
08-30 11:30:50.826  1724  6436 D PowerManagerService: releaseWakeLockInternal: lock=28959674 [UiAutomator2:ScreenKeeper], flags=0x0
08-30 11:30:50.829  4451  4532 I appium  : Stopping uiautomator2 io.appium.uiautomator2.http io.appium.uiautomator2.server
08-30 11:30:50.835  4451  4532 I appium  : AppiumResponse: {"sessionId":"fb5651ef-65c8-4d5d-9f37-8c52d8f75db5","value":null}
08-30 11:30:50.927  4451  4505 I TestRunner: finished: startServer(io.appium.uiautomator2.server.test.AppiumUiAutomator2Server)
08-30 11:30:50.941  4451  4451 I MonitoringInstr: Activities that are still in CREATED to STOPPED: 0
08-30 11:30:50.944  4451  4505 I TestRunner: run finished: 1 tests, 0 failed, 0 ignored
08-30 11:30:50.953   717   717 I SurfaceFlinger: FPS: 38
08-30 11:30:50.983  4451  4505 D NetworkSecurityConfig: No Network Security Config specified, using platform default
08-30 11:30:50.988  4451  4505 I DpmTcmClient: RegisterTcmMonitor from: $Proxy0
08-30 11:30:51.069  1724  6436 D ActivityManager: AMS onShellCommand CallingPid=4651 ,callingUid=2000 ,PackageName=android.uid.shell:2000.Starting command :force-stop cn.missevan
08-30 11:30:51.071  1724  6436 I chatty  : uid=1000(system) Binder:1724_17 expire 3 lines
08-30 11:30:51.071  1724  6436 I ActivityManager: Force stopping cn.missevan appid=10597 user=0: stop by 4651
08-30 11:30:51.072  1724  6436 I ActivityManager: Killing 3509:cn.missevan:player/u0a597 (adj 100): stop by 4651
08-30 11:30:51.076  1724  6436 W ActivityManager: Scheduling restart of crashed service cn.missevan/.play.player.PlayerService in 1000ms
08-30 11:30:51.075  1724  1857 I chatty  : uid=1000(system) ActivityManager expire 18 lines
08-30 11:30:51.077  2765  4056 I chatty  : uid=1000(system) Binder:2765_8 expire 3 lines
08-30 11:30:51.078  1724  2098 I chatty  : uid=1000(system) VivoLocationNot expire 15 lines
08-30 11:30:51.081  2765  3836 I chatty  : uid=1000(system) update-pid expire 3 lines
08-30 11:30:51.090  1724  6436 I ActivityManager: Killing 4033:cn.missevan:channel/u0a597 (adj 900): stop by 4651
08-30 11:30:51.093  2765  8150 I chatty  : uid=1000(system) Binder:2765_B expire 5 lines
08-30 11:30:51.093  1724  1853 I chatty  : uid=1000(system) android.ui expire 11 lines
08-30 11:30:51.099  1724  6436 I ActivityManager: Killing 3848:cn.missevan:stats/u0a597 (adj 800): stop by 4651
08-30 11:30:51.102  1724  6436 W ActivityManager: Scheduling restart of crashed service cn.missevan/com.bilibili.lib.neuron.internal.NeuronRemoteService in 10974ms
08-30 11:30:51.110  1724  6436 I ActivityManager: Killing 3168:cn.missevan/u0a597 (adj 0): stop by 4651
08-30 11:30:51.120  1724  6436 W ActivityManager: Force removing ActivityRecord{2535f57 u0 cn.missevan/.activity.MainActivity t58}: app died, no saved state
08-30 11:30:51.124  3443  3443 I @@@BBPLOG: Info T933CA548 CPlayMain L104 Destroy playalpha video!
08-30 11:30:51.124  3443  3443 I @@@BBPLOG: Info T933CA548 CPlayMain L106 Destroy audio cut!
08-30 11:30:51.132  3443  3443 I @@@BBPLOG: Info T933CA548 CPlayMain L109 Destroy thread work!
08-30 11:30:51.132  3443  3443 I @@@BBPLOG: Info T933CA548 CPlayMain L111 Destroy player engine!
08-30 11:30:51.132  3443  3443 I @@@BBPLOG: Info T933CA548 CPlayMain L114 Destroy source engine!
08-30 11:30:51.132  3443  3443 I @@@BBPLOG: Info T933CA548 CPlayMain L120 Destroy data manager!
08-30 11:30:51.135   978   978 I Zygote  : Process 3848 exited due to signal (9)
08-30 11:30:51.138   717  2381 W SurfaceFlinger: Attempting to destroy on removed layer: AppWindowToken{276872d token=Token{8d64a44 ActivityRecord{2535f57 u0 cn.missevan/.activity.MainActivity t58}}}#0
08-30 11:30:51.146  1724  6436 W ActivityManager: vivo occlude resumeTop canOccclude = false next.occlude = false
08-30 11:30:51.147   694   756 E ANDR-PERF-MPCTL: Invalid profile no. 0, total profiles 0 only
08-30 11:30:51.151  3443  3443 I @@@BBPLOG: Info T933CA548 CPlayMain L123 Destroy stop message!
08-30 11:30:51.152  3443  3443 I @@@BBPLOG: Info T933ca548 BBPFuncLog L123 ----CIPMng::Release Value is 00000000 start.
08-30 11:30:51.152  3443  3443 I @@@BBPLOG: Info T933ca548 BBPFuncLog L142 ----CIPMng::Release leave! no return. Ussed Time: 0
08-30 11:30:51.152  3443  3443 I @@@BBPLOG: Info T933CA548 CPlayMain L137 Destroy player inst!
08-30 11:30:51.152  3443  3443 I @@@BBPLOG: Info T933ca548 bbPlayer L106 It was Safe to exit ndk player!
08-30 11:30:51.152  3443  3443 I @@@BBPLOG: Info T933CA548 CPlayMain L104 Destroy playalpha video!
08-30 11:30:51.152  3443  3443 I @@@BBPLOG: Info T933CA548 CPlayMain L106 Destroy audio cut!
08-30 11:30:51.153  1724  1782 D ConnectivityService: ConnectivityService NetworkRequestInfo binderDied(NetworkRequest [ TRACK_DEFAULT id=521, [ Capabilities: INTERNET&NOT_RESTRICTED&TRUSTED Unwanted:  Uid: 10597] ], android.os.BinderProxy@4c5827)
08-30 11:30:51.154  1724  2084 D ConnectivityService: releasing NetworkRequest [ TRACK_DEFAULT id=521, [ Capabilities: INTERNET&NOT_RESTRICTED&TRUSTED Unwanted:  Uid: 10597] ] (release request)
08-30 11:30:51.154   978   978 I Zygote  : Process 4033 exited due to signal (9)
08-30 11:30:51.159  3443  3443 I @@@BBPLOG: Info T933CA548 CPlayMain L109 Destroy thread work!
08-30 11:30:51.159  3443  3443 I @@@BBPLOG: Info T933CA548 CPlayMain L111 Destroy player engine!
08-30 11:30:51.159  3443  3443 I @@@BBPLOG: Info T933CA548 CPlayMain L114 Destroy source engine!
08-30 11:30:51.160  3443  3443 I @@@BBPLOG: Info T933CA548 CPlayMain L120 Destroy data manager!
08-30 11:30:51.162  6559  6559 V Avrcp_ext: Player 3 package: cn.missevan
08-30 11:30:51.162   715  3182 V AudioFlinger: 3509 died, releasing its sessions
08-30 11:30:51.163  6559  6891 W Avrcp_ext: ActiveSession: updated[]
08-30 11:30:51.163  6559  6891 W Avrcp_ext: ActiveSession: browseSelectedfalsemBrowsedPlayerExistfalse
08-30 11:30:51.163  6559  6891 W Avrcp_ext: Browse Player killed OR not launched yet !!!!
08-30 11:30:51.163  6559  6891 D PlaybackState: setState position:-1
08-30 11:30:51.163  2404  2432 D vol.MediaSessions: onActiveSessionsUpdatedH n=0
08-30 11:30:51.164   715  3182 V AudioFlinger:  pid 2404 @ 0
08-30 11:30:51.164   715  3182 V AudioFlinger:  pid 990 @ 1
08-30 11:30:51.164   715  3182 V AudioFlinger:  pid 2765 @ 2
08-30 11:30:51.164   715  3182 V AudioFlinger:  pid 2404 @ 3
08-30 11:30:51.166  6559  6891 V Avrcp_ext: updateCurrentMediaState: mMediaController: MediaController (cn.missevan@85dec60) null, null, null
08-30 11:30:51.166  2404  2432 D vol.MediaSessions: Removing FM sentRemote=false
08-30 11:30:51.166  2404  2432 D vol.MediaSessions: updateRemoteControllerH null
08-30 11:30:51.166  2404  2432 D vol.MediaSessions: updateRemoteControllerH null
08-30 11:30:51.166  2404  2432 D vol.MediaSessions: onActiveSessionsUpdatedH n=0
08-30 11:30:51.167  6559  6891 V Avrcp_ext: isMusicActive: false getBluetoothPlayState: 0
08-30 11:30:51.167  1724  6436 I ActivityManager: Killing 3443:cn.missevan:player.single/u0a597 (adj 0): stop by 4651
08-30 11:30:51.167  6559  6891 V Avrcp_ext: updateCurrentMediaState: get media attributes:
08-30 11:30:51.168   978   978 I Zygote  : Process 3509 exited due to signal (9)
08-30 11:30:51.168  2404  2432 D vol.MediaSessions: onActiveSessionsUpdatedH n=0
08-30 11:30:51.171  6559  6891 I Avrcp_ext: Skipping update due to invalid playback state
08-30 11:30:51.171  2404  2432 D vol.MediaSessions: onActiveSessionsUpdatedH n=0
08-30 11:30:51.173  6559  6891 V Avrcp_ext: updatePlaybackState, state: PlaybackState {state=0, position=0, buffered position=0, speed=0.0, updated=406279133, actions=2461191, custom actions=[], active item id=-1, error=null} device: null
08-30 11:30:51.174  6559  6891 V Avrcp_ext: Device: no name:
08-30 11:30:51.174  6559  6891 V Avrcp_ext: Device: no name:
08-30 11:30:51.174  6559  6891 V Avrcp_ext: updatePlayerStateAndPosition, old=PlaybackState {state=0, position=0, buffered position=0, speed=0.0, updated=406279133, actions=2461191, custom actions=[], active item id=-1, error=null}, state=PlaybackState {state=0, position=0, buffered position=0, speed=0.0, updated=406279133, actions=2461191, custom actions=[], active item id=-1, error=null}
08-30 11:30:51.174  6559  6891 V Avrcp_ext: old state = PlaybackState {state=0, position=0, buffered position=0, speed=0.0, updated=406279133, actions=2461191, custom actions=[], active item id=-1, error=null}, new state= PlaybackState {state=0, position=0, buffered position=0, speed=0.0, updated=406279133, actions=2461191, custom actions=[], active item id=-1, error=null}
08-30 11:30:51.175  6559  6891 D HeadsetService:  isAudioOn: The number of audio connected devices 0
08-30 11:30:51.175  6559  6891 D HeadsetService: isScoOrCallActive(): Call Active:falseCall is Ringing:falseSCO is Active:false
08-30 11:30:51.176  1724  6436 I ActivityManager: Force stopping cn.missevan appid=10597 user=999: stop by 4651
08-30 11:30:51.176  6559  6891 D HeadsetService:  isAudioOn: The number of audio connected devices 0
08-30 11:30:51.176  6559  6891 I Avrcp_ext: updatePlayStatusForDevice: device: null
08-30 11:30:51.176  6559  6891 V Avrcp_ext: updatePlaybackState (1): old=PlaybackState {state=0, position=0, buffered position=0, speed=0.0, updated=406279133, actions=2461191, custom actions=[], active item id=-1, error=null}(0), new=PlaybackState {state=0, position=0, buffered position=0, speed=0.0, updated=406279133, actions=2461191, custom actions=[], active item id=-1, error=null}(0)
08-30 11:30:51.176  6559  6891 I Avrcp_ext: Exit updatePlayStatusForDevice
08-30 11:30:51.177  6559  6891 D HeadsetService:  isAudioOn: The number of audio connected devices 0
08-30 11:30:51.177  6559  6891 D HeadsetService: isScoOrCallActive(): Call Active:falseCall is Ringing:falseSCO is Active:false
08-30 11:30:51.177  6559  6891 D HeadsetService:  isAudioOn: The number of audio connected devices 0
08-30 11:30:51.177  6559  6891 I Avrcp_ext: updatePlayStatusForDevice: device: null
08-30 11:30:51.177  6559  6891 V Avrcp_ext: updatePlaybackState (1): old=PlaybackState {state=0, position=0, buffered position=0, speed=0.0, updated=406279133, actions=2461191, custom actions=[], active item id=-1, error=null}(0), new=PlaybackState {state=0, position=0, buffered position=0, speed=0.0, updated=406279133, actions=2461191, custom actions=[], active item id=-1, error=null}(0)
08-30 11:30:51.177  6559  6891 I Avrcp_ext: Exit updatePlayStatusForDevice
08-30 11:30:51.177  6559  6891 D Avrcp_ext: sendPlayPosNotificationRsp: Not registered or requesting.
08-30 11:30:51.177  6559  6891 D Avrcp_ext: sendPlayPosNotificationRsp: Not registered or requesting.
08-30 11:30:51.177  6559  6891 V Avrcp_ext: Exit updatePlayerStateAndPosition
08-30 11:30:51.177  6559  6891 V Avrcp_ext: MediaController session destroyed
08-30 11:30:51.178  6559  6891 V Avrcp_ext: updateNewIds: Addressed:3 to 3, Browse:0 to 0
08-30 11:30:51.179  6559  6891 D Avrcp_ext: updateCurrentController: MediaController (cn.missevan@85dec60) null, null, null to null
08-30 11:30:51.179  6559  6891 V Avrcp_ext: updateNewIds: Addressed:3 to 3, Browse:0 to 0
08-30 11:30:51.179  6559  6891 D PlaybackState: setState position:-1
08-30 11:30:51.179  6559  6891 V Avrcp_ext: updateCurrentMediaState: mMediaController: null
08-30 11:30:51.179  6559  6891 V Avrcp_ext: isMusicActive: false getBluetoothPlayState: 0
08-30 11:30:51.179  6559  6891 V Avrcp_ext: updateCurrentMediaState: isPlaying = false, ck_play = 241
08-30 11:30:51.179  6559  6891 V Avrcp_ext: updateCurrentMediaState: mMediaController or getPlaybackState() null
08-30 11:30:51.179  6559  6891 D PlaybackState: setState position:-1
08-30 11:30:51.179  6559  6891 D PlaybackState: getActiveQueueItemId Id:-1
08-30 11:30:51.180  6559  6891 V Avrcp_ext: Media update: id 0-1? [MediaAttributes: none] : [MediaAttributes:  -  by Y (1326393 0/0) ]
08-30 11:30:51.180  6559  6891 V Avrcp_ext: Check if NowPlayingList is updated
08-30 11:30:51.180  6559  6891 V Avrcp_ext: newPlayStatus:2mReportedPlayStatus:-1
08-30 11:30:51.180  6559  6891 D Avrcp_ext: Exit onSessionDestroyed
08-30 11:30:51.180  6559  6891 W Avrcp_ext: ActiveSession: updated[]
08-30 11:30:51.180  6559  6891 W Avrcp_ext: ActiveSession: browseSelectedfalsemBrowsedPlayerExistfalse
08-30 11:30:51.180  6559  6891 W Avrcp_ext: Browse Player killed OR not launched yet !!!!
08-30 11:30:51.180  6559  6891 D PlaybackState: setState position:-1
08-30 11:30:51.180  6559  6891 V Avrcp_ext: updateCurrentMediaState: mMediaController: null
08-30 11:30:51.180  6559  6891 V Avrcp_ext: isMusicActive: false getBluetoothPlayState: 0
08-30 11:30:51.180  6559  6891 V Avrcp_ext: updateCurrentMediaState: isPlaying = false, ck_play = 241
08-30 11:30:51.180  6559  6891 V Avrcp_ext: updateCurrentMediaState: mMediaController or getPlaybackState() null
08-30 11:30:51.180  6559  6891 D PlaybackState: setState position:-1
08-30 11:30:51.180  6559  6891 D PlaybackState: getActiveQueueItemId Id:-1
08-30 11:30:51.180  6559  6891 V Avrcp_ext: Media update: id 0-1? [MediaAttributes: none] : [MediaAttributes:  -  by Y (1326393 0/0) ]
08-30 11:30:51.180  6559  6891 V Avrcp_ext: Check if NowPlayingList is updated
08-30 11:30:51.180  6559  6891 V Avrcp_ext: newPlayStatus:2mReportedPlayStatus:-1
08-30 11:30:51.186  2765 14957 I chatty  : uid=1000(system) Binder:2765_C expire 3 lines
08-30 11:30:51.187  2765  3773 I chatty  : uid=1000(system) MotorModeDaemon expire 1 line
08-30 11:30:51.189  2765  3873 I chatty  : uid=1000(system) Binder:2765_4 expire 1 line
08-30 11:30:51.191  2765  3772 I chatty  : uid=1000(system) GamepadService expire 1 line
08-30 11:30:51.193  1724  1724 I NotificationService: action=android.intent.action.PACKAGE_RESTARTED removing=false
08-30 11:30:51.194  2765  2765 I chatty  : uid=1000(system) com.vivo.daemonService expire 4 lines
08-30 11:30:51.194  1724  1852 D ActivityManager: StartMode packageName = com.tencent.android.qqdownloader ,callingPid = -1 ,alwaysRestrict = true ,startMode = 2 ,UidRec:null
08-30 11:30:51.194  1724  1852 W BroadcastQueue: Background execution not allowed: receiving Intent { act=android.intent.action.PACKAGE_RESTARTED dat=package:cn.missevan flg=0x10 (has extras) } to com.tencent.android.qqdownloader/com.tencent.assistant.localres.localapk.PackageChangedReceiver
08-30 11:30:51.194  2765  2765 W ContextImpl: Calling a method in the system process without a qualified user: android.app.ContextImpl.startService:1550 android.content.ContextWrapper.startService:664 com.vivo.daemonService.easyshare.ESAlarmReceiver.a:5 com.vivo.daemonService.easyshare.ESAlarmReceiver.onReceive:2 android.app.LoadedApk$ReceiverDispatcher$Args.lambda$getRunnable$0:1416
08-30 11:30:51.195  2765  3840 I chatty  : uid=1000(system) AsyncHandler expire 1 line
08-30 11:30:51.196  2831  2831 D CarrierSvcBindHelper: No carrier app for: 0
08-30 11:30:51.196  2831  2831 D CarrierSvcBindHelper: No carrier app for: 1
08-30 11:30:51.196  1724  1852 D ActivityManager: StartMode packageName = com.vivo.appfilter ,callingPid = -1 ,alwaysRestrict = true ,startMode = 2 ,UidRec:UidRecord{78ed8ef 1000 PER  procs:32 seq(0,0,0)}
08-30 11:30:51.196  1724  1852 W BroadcastQueue: Background execution not allowed: receiving Intent { act=android.intent.action.PACKAGE_RESTARTED dat=package:cn.missevan flg=0x10 (has extras) } to com.vivo.appfilter/.receiver.VivoBringupPkgReceiver
08-30 11:30:51.199  1724  1852 D ActivityManager: StartMode packageName = com.tencent.android.qqdownloader ,callingPid = -1 ,alwaysRestrict = true ,startMode = 2 ,UidRec:null
08-30 11:30:51.199  1724  1852 W BroadcastQueue: Background execution not allowed: receiving Intent { act=android.intent.action.PACKAGE_RESTARTED dat=package:cn.missevan flg=0x10 (has extras) } to com.tencent.android.qqdownloader/com.qq.AppService.APKReceiver
08-30 11:30:51.200  2831  2831 D CarrierSvcBindHelper: No carrier app for: 0
08-30 11:30:51.200  2831  2831 D CarrierSvcBindHelper: No carrier app for: 1
08-30 11:30:51.201  2765  3885 I chatty  : uid=1000(system) AlertService expire 3 lines
08-30 11:30:51.202  2765  4056 I chatty  : uid=1000(system) Binder:2765_8 expire 2 lines
08-30 11:30:51.202  2765  3873 I chatty  : uid=1000(system) Binder:2765_4 expire 1 line
08-30 11:30:51.202   715  3182 V APM_AudioPolicyManager: AudioPolicyManager:setRecordSilenced(uid:99002, silenced:0)
08-30 11:30:51.202   715  3182 V AudioFlinger: AudioFlinger::setRecordSilenced(uid:99002, silenced:0)
08-30 11:30:51.202   715  3182 V APM_AudioPolicyManager: AudioPolicyManager:setRecordSilenced(uid:10597, silenced:1)
08-30 11:30:51.202   715  3182 V AudioFlinger: AudioFlinger::setRecordSilenced(uid:10597, silenced:1)
08-30 11:30:51.203   715 26210 V APM_AudioPolicyManager: AudioPolicyManager:setRecordSilenced(uid:10123, silenced:0)
08-30 11:30:51.203   715 26210 V AudioFlinger: AudioFlinger::setRecordSilenced(uid:10123, silenced:0)
08-30 11:30:51.203   715 26210 V APM_AudioPolicyManager: AudioPolicyManager:setRecordSilenced(uid:10097, silenced:0)
08-30 11:30:51.203   715 26210 V AudioFlinger: AudioFlinger::setRecordSilenced(uid:10097, silenced:0)
08-30 11:30:51.203   715 26210 V APM_AudioPolicyManager: AudioPolicyManager:setRecordSilenced(uid:10096, silenced:0)
08-30 11:30:51.203   715 26210 V AudioFlinger: AudioFlinger::setRecordSilenced(uid:10096, silenced:0)
08-30 11:30:51.203   715 26210 V APM_AudioPolicyManager: AudioPolicyManager:setRecordSilenced(uid:10069, silenced:0)
08-30 11:30:51.203   715 26210 V AudioFlinger: AudioFlinger::setRecordSilenced(uid:10069, silenced:0)
08-30 11:30:51.203  2765  3836 I chatty  : uid=1000(system) update-pid expire 1 line
08-30 11:30:51.204  2765  8150 I chatty  : uid=1000(system) Binder:2765_B expire 1 line
08-30 11:30:51.205  2765 14957 I chatty  : uid=1000(system) Binder:2765_C expire 2 lines
08-30 11:30:51.205  2765  3873 I chatty  : uid=1000(system) Binder:2765_4 expire 2 lines
08-30 11:30:51.205  1724  1724 I chatty  : uid=1000 system_server expire 29 lines
08-30 11:30:51.210  1724  2403 D ConnectivityService: ConnectivityService NetworkRequestInfo binderDied(NetworkRequest [ TRACK_DEFAULT id=519, [ Capabilities: INTERNET&NOT_RESTRICTED&TRUSTED Unwanted:  Uid: 10597] ], android.os.BinderProxy@e1c4fc3)
08-30 11:30:51.210  1724  2931 D ConnectivityService: ConnectivityService NetworkRequestInfo binderDied(NetworkRequest [ LISTEN id=520, [ Capabilities: INTERNET&NOT_RESTRICTED&TRUSTED Unwanted:  Uid: 10597] ], android.os.BinderProxy@62d9040)
08-30 11:30:51.210  1724  2084 D ConnectivityService: releasing NetworkRequest [ TRACK_DEFAULT id=519, [ Capabilities: INTERNET&NOT_RESTRICTED&TRUSTED Unwanted:  Uid: 10597] ] (release request)
08-30 11:30:51.210   978   978 I Zygote  : Process 3443 exited due to signal (9)
08-30 11:30:51.211  2765 14957 I chatty  : uid=1000(system) Binder:2765_C expire 2 lines
08-30 11:30:51.214  2765  3836 I chatty  : uid=1000(system) update-pid expire 1 line
08-30 11:30:51.214  1724  1724 D NotificationService: handleSavePolicyFile
08-30 11:30:51.217  2765  2765 I chatty  : uid=1000(system) com.vivo.daemonService expire 2 lines
08-30 11:30:51.219  2765 14957 I chatty  : uid=1000(system) Binder:2765_C expire 1 line
08-30 11:30:51.246   717   804 E         : IProducerListener: malformed binder reply
08-30 11:30:52.114  4240  4357 E BitmapFactory: Unable to decode stream: java.io.FileNotFoundException: /oem/etc/theme/icons/dynamic_icon/com.vivo.weather/res/drawable-sw360dp-xxhdpi/dynamic_weather_overcast.png (No such file or directory)
08-30 11:30:52.118  4240  4357 E BitmapFactory: Unable to decode stream: java.io.FileNotFoundException: /oem/etc/theme/icons/dynamic_icon/com.vivo.weather/res/drawable-sw360dp-xxhdpi/dynamic_weather_degree.png (No such file or directory)
08-30 11:30:52.119  4240  4357 E BitmapFactory: Unable to decode stream: java.io.FileNotFoundException: /oem/etc/theme/icons/dynamic_icon/com.vivo.weather/res/drawable-sw360dp-xxhdpi/dynamic_weather_minus.png (No such file or directory)
08-30 11:30:52.601   694   756 E ANDR-PERF-MPCTL: Invalid profile no. 0, total profiles 0 only
08-30 11:30:52.660   694   756 E ANDR-PERF-MPCTL: Invalid profile no. 0, total profiles 0 only
08-30 11:30:52.670  1724 14407 I chatty  : uid=1000(system) Binder:1724_1C expire 20 lines
08-30 11:30:52.724   717   804 E         : IProducerListener: malformed binder reply
08-30 11:30:52.745  4732  4732 E cn.missevan: Not starting debugger since process cannot load the jdwp agent.
08-30 11:30:52.812  2765  8150 I chatty  : uid=1000(system) Binder:2765_B expire 1 line
08-30 11:30:52.871   685   883 I chatty  : uid=1000(system) sensors@1.0-ser expire 12 lines
08-30 11:30:53.424  4732  4732 E YZSDK   : ----->isDebug = false
08-30 11:30:53.450  4732  4795 E Storages: [DefaultDispatcher-worker-1] VideoCache is empty!
08-30 11:30:53.451  4732  4795 E Storages: [DefaultDispatcher-worker-1] AudioSingleCache is empty!
08-30 11:30:53.451  4732  4795 E Storages: [DefaultDispatcher-worker-1] BBPlayerCache is empty!
08-30 11:30:53.451  4732  4795 E Storages: [DefaultDispatcher-worker-1] BBPlayerAlphaVideo is empty!
08-30 11:30:53.478  4732  4732 E FileNotFoundException: [main] java.io.FileNotFoundException: /system/build.prop (Permission denied)
08-30 11:30:53.478  4732  4732 E FileNotFoundException: 	at java.io.FileInputStream.open0(Native Method)
08-30 11:30:53.478  4732  4732 E FileNotFoundException: 	at java.io.FileInputStream.open(FileInputStream.java:231)
08-30 11:30:53.478  4732  4732 E FileNotFoundException: 	at java.io.FileInputStream.<init>(FileInputStream.java:165)
08-30 11:30:53.478  4732  4732 E FileNotFoundException: 	at cn.missevan.library.util.DeviceHelper.<clinit>(SourceFile:46)
08-30 11:30:53.478  4732  4732 E FileNotFoundException: 	at cn.missevan.library.util.StatusBarUtils.setStatusBarLightMode(SourceFile:152)
08-30 11:30:53.478  4732  4732 E FileNotFoundException: 	at cn.missevan.library.util.StatusBarUtils.setStatusAndNavigationBarLightMode(SourceFile:138)
08-30 11:30:53.478  4732  4732 E FileNotFoundException: 	at cn.missevan.activity.SplashActivity.fa(SourceFile:93)
08-30 11:30:53.478  4732  4732 E FileNotFoundException: 	at cn.missevan.activity.SplashActivity.onCreate(SourceFile:36)
08-30 11:30:53.478  4732  4732 E FileNotFoundException: 	at android.app.Activity.performCreate(Activity.java:7248)
08-30 11:30:53.478  4732  4732 E FileNotFoundException: 	at android.app.Activity.performCreate(Activity.java:7239)
08-30 11:30:53.478  4732  4732 E FileNotFoundException: 	at android.app.Instrumentation.callActivityOnCreate(Instrumentation.java:1275)
08-30 11:30:53.478  4732  4732 E FileNotFoundException: 	at android.app.ActivityThread.performLaunchActivity(ActivityThread.java:3111)
08-30 11:30:53.478  4732  4732 E FileNotFoundException: 	at android.app.ActivityThread.handleLaunchActivity(ActivityThread.java:3266)
08-30 11:30:53.478  4732  4732 E FileNotFoundException: 	at android.app.servertransaction.LaunchActivityItem.execute(LaunchActivityItem.java:78)
08-30 11:30:53.478  4732  4732 E FileNotFoundException: 	at android.app.servertransaction.TransactionExecutor.executeCallbacks(TransactionExecutor.java:108)
