08-30 11:49:40.793  6114  6114 E cn.missevan: No package ID ff found for ID 0xffffffff.
08-30 11:49:40.844  6114  6114 I chatty  : uid=10597(cn.missevan) identical 12 lines
08-30 11:49:40.844  6114  6114 E cn.missevan: No package ID ff found for ID 0xffffffff.
08-30 11:49:40.900   694   756 E ANDR-PERF-MPCTL: Invalid profile no. 0, total profiles 0 only
08-30 11:49:40.921  6114  6114 E ThemeUtils: View class skin.support.widget.SkinCompatImageView is an AppCompat widget that can only be used with a Theme.AppCompat theme (or descendant).
08-30 11:49:40.923  6114  6114 E ThemeUtils: View class skin.support.widget.SkinCompatTextView is an AppCompat widget that can only be used with a Theme.AppCompat theme (or descendant).
08-30 11:49:43.353   694   756 E ANDR-PERF-MPCTL: Invalid profile no. 0, total profiles 0 only
08-30 11:49:44.205  6683  6683 E issevan:channe: Not starting debugger since process cannot load the jdwp agent.
08-30 11:49:44.573  6114  6114 E libc    : Access denied finding property "persist.vendor.radio.msim.stackid_0"
08-30 11:49:44.577  6114  6114 E SecurityException: [main] java.lang.SecurityException: getImeiForSlot
08-30 11:49:44.577  6114  6114 E SecurityException: 	at android.os.Parcel.createException(Parcel.java:1950)
08-30 11:49:44.577  6114  6114 E SecurityException: 	at android.os.Parcel.readException(Parcel.java:1918)
08-30 11:49:44.577  6114  6114 E SecurityException: 	at android.os.Parcel.readException(Parcel.java:1868)
08-30 11:49:44.577  6114  6114 E SecurityException: 	at com.android.internal.telephony.ITelephony$Stub$Proxy.getImeiForSlot(ITelephony.java:5514)
08-30 11:49:44.577  6114  6114 E SecurityException: 	at android.telephony.TelephonyManager.getImei(TelephonyManager.java:1331)
08-30 11:49:44.577  6114  6114 E SecurityException: 	at cn.missevan.lib.utils.t.i(SourceFile:294)
08-30 11:49:44.577  6114  6114 E SecurityException: 	at cn.missevan.lib.utils.s.getImei(SourceFile:102)
08-30 11:49:44.577  6114  6114 E SecurityException: 	at cn.missevan.library.baseapp.BaseApplication.getImei(SourceFile:725)
08-30 11:49:44.577  6114  6114 E SecurityException: 	at cn.missevan.library.statistics.StatisticsTable.getDeviceId(SourceFile:188)
08-30 11:49:44.577  6114  6114 E SecurityException: 	at java.lang.reflect.Method.invoke(Native Method)
08-30 11:49:44.577  6114  6114 E SecurityException: 	at com.alibaba.fastjson.util.FieldInfo.get(SourceFile:571)
08-30 11:49:44.577  6114  6114 E SecurityException: 	at com.alibaba.fastjson.serializer.FieldSerializer.getPropertyValueDirect(SourceFile:143)
08-30 11:49:44.577  6114  6114 E SecurityException: 	at com.alibaba.fastjson.serializer.JavaBeanSerializer.write(SourceFile:284)
08-30 11:49:44.577  6114  6114 E SecurityException: 	at com.alibaba.fastjson.serializer.JavaBeanSerializer.write(SourceFile:154)
08-30 11:49:44.577  6114  6114 E SecurityException: 	at com.alibaba.fastjson.serializer.ListSerializer.write(SourceFile:135)
08-30 11:49:44.577  6114  6114 E SecurityException: 	at com.alibaba.fastjson.serializer.JSONSerializer.write(SourceFile:312)
08-30 11:49:44.577  6114  6114 E SecurityException: 	at com.alibaba.fastjson.JSON.toJSONString(SourceFile:793)
08-30 11:49:44.577  6114  6114 E SecurityException: 	at com.alibaba.fastjson.JSON.toJSONString(SourceFile:731)
08-30 11:49:44.577  6114  6114 E SecurityException: 	at com.alibaba.fastjson.JSON.toJSONString(SourceFile:688)
08-30 11:49:44.577  6114  6114 E SecurityException: 	at cn.missevan.play.hook.StatisticsCommonImpl.buildBody(SourceFile:110)
08-30 11:49:44.577  6114  6114 E SecurityException: 	at cn.missevan.play.hook.StatisticsCommonImpl.sendLog(SourceFile:78)
08-30 11:49:44.577  6114  6114 E SecurityException: 	at cn.missevan.play.hook.AbsStatistics.sendRequestDatas(SourceFile:96)
08-30 11:49:44.577  6114  6114 E SecurityException: 	at cn.missevan.play.hook.StatisticsCommonImpl.lambda$reportData$1$StatisticsCommonImpl(SourceFile:69)
08-30 11:49:44.577  6114  6114 E SecurityException: 	at cn.missevan.play.hook.-$$Lambda$StatisticsCommonImpl$1ihaZTd5OL23Up_e7q_C9AiHJ0Q.accept(Unknown Source:4)
08-30 11:49:44.577  6114  6114 E SecurityException: 	at io.a.g.d.u.onNext(SourceFile:63)
08-30 11:49:44.577  6114  6114 E SecurityException: 	at io.a.g.e.e.cd$a.ccY(SourceFile:201)
08-30 11:49:44.577  6114  6114 E SecurityException: 	at io.a.g.e.e.cd$a.run(SourceFile:255)
08-30 11:49:44.577  6114  6114 E SecurityException: 	at io.a.a.b.b$b.run(SourceFile:124)
08-30 11:49:44.577  6114  6114 E SecurityException: 	at android.os.Handler.handleCallback(Handler.java:873)
08-30 11:49:44.577  6114  6114 E SecurityException: 	at android.os.Handler.dispatchMessage(Handler.java:99)
08-30 11:49:44.577  6114  6114 E SecurityException: 	at android.os.Looper.loop(Looper.java:224)
08-30 11:49:44.577  6114  6114 E SecurityException: 	at android.app.ActivityThread.main(ActivityThread.java:7042)
08-30 11:49:44.577  6114  6114 E SecurityException: 	at java.lang.reflect.Method.invoke(Native Method)
08-30 11:49:44.577  6114  6114 E SecurityException: 	at com.android.internal.os.RuntimeInit$MethodAndArgsCaller.run(RuntimeInit.java:536)
08-30 11:49:44.577  6114  6114 E SecurityException: 	at com.android.internal.os.ZygoteInit.main(ZygoteInit.java:868)
08-30 11:49:44.577  6114  6114 E SecurityException:
08-30 11:49:46.358   694   756 E ANDR-PERF-MPCTL: Invalid profile no. 0, total profiles 0 only
08-30 11:49:46.908 29067 29255 E MSF.C.NetConnTag.true: conn is already closed on readError closeConn socketEngineID: 0 socket hashcode: 0java.lang.Throwable
08-30 11:49:46.908 29067 29255 E MSF.C.NetConnTag.true: 	at com.tencent.mobileqq.msf.core.net.m.b(P:27)
08-30 11:49:46.908 29067 29255 E MSF.C.NetConnTag.true: 	at com.tencent.mobileqq.msf.core.net.m$b.run(P:24)
08-30 11:49:46.908 29067 29255 E SocketReaderNewtrue: socketEngine: 0socket hashCode: 0SocketReader(4178) errorjava.net.SocketException: Socket is closed
08-30 11:49:48.568   694   756 E ANDR-PERF-MPCTL: Invalid profile no. 0, total profiles 0 only
08-30 11:49:48.584  1724  2101 I chatty  : uid=1000(system) Binder:1724_3 expire 3 lines
08-30 11:49:48.588  1724  2023 I chatty  : uid=1000(system) android.anim expire 1 line
08-30 11:49:48.621   717   933 E         : IProducerListener: malformed binder reply
08-30 11:49:48.834  1724  2178 I chatty  : uid=1000(system) AutobacklightTh identical 70 lines
08-30 11:49:49.000  1724 16082 E WindowManager: App trying to use insecure INPUT_FEATURE_NO_INPUT_CHANNEL flag. Ignoring
08-30 11:49:49.032  1724  1852 E NotificationService: Suppressing notification from package by user request.
08-30 11:49:49.079   717  2381 E         : IProducerListener: malformed binder reply
08-30 11:49:49.099  4121  4121 D logVersionTime: 20201215
08-30 11:49:49.112  1724 12856 I chatty  : uid=1000(system) RenderThread expire 7 lines
08-30 11:49:49.127  4121  4121 D MainImeServiceDel: mHandler = 76
08-30 11:49:49.160  1724  1877 I chatty  : uid=1000(system) android.display expire 1 line
08-30 11:49:49.192  6799  6799 E LocationTracker: Appium Settings has no access to location permission
08-30 11:49:49.192  6799  6799 E LocationTracker: java.lang.SecurityException: Client must have ACCESS_COARSE_LOCATION or ACCESS_FINE_LOCATION permission to perform any location operations.
08-30 11:49:49.192  6799  6799 E LocationTracker: 	at android.os.Parcel.createException(Parcel.java:1950)
08-30 11:49:49.192  6799  6799 E LocationTracker: 	at android.os.Parcel.readException(Parcel.java:1918)
08-30 11:49:49.192  6799  6799 E LocationTracker: 	at android.os.Parcel.readException(Parcel.java:1868)
08-30 11:49:49.192  6799  6799 E LocationTracker: 	at com.google.android.gms.internal.location.zza.transactAndReadExceptionReturnVoid(Unknown Source:10)
08-30 11:49:49.192  6799  6799 E LocationTracker: 	at com.google.android.gms.internal.location.zzap.zza(Unknown Source:9)
08-30 11:49:49.192  6799  6799 E LocationTracker: 	at com.google.android.gms.internal.location.zzas.zza(Unknown Source:43)
08-30 11:49:49.192  6799  6799 E LocationTracker: 	at com.google.android.gms.internal.location.zzaz.zza(Unknown Source:5)
08-30 11:49:49.192  6799  6799 E LocationTracker: 	at com.google.android.gms.internal.location.zzr.doExecute(Unknown Source:25)
08-30 11:49:49.192  6799  6799 E LocationTracker: 	at com.google.android.gms.common.api.internal.BaseImplementation$ApiMethodImpl.run(Unknown Source:19)
08-30 11:49:49.192  6799  6799 E LocationTracker: 	at com.google.android.gms.common.api.internal.zaah.execute(Unknown Source:20)
08-30 11:49:49.192  6799  6799 E LocationTracker: 	at com.google.android.gms.common.api.internal.zabe.execute(Unknown Source:23)
08-30 11:49:49.192  6799  6799 E LocationTracker: 	at com.google.android.gms.common.api.internal.zaaw.execute(Unknown Source:74)
08-30 11:49:49.192  6799  6799 E LocationTracker: 	at com.google.android.gms.internal.location.zzq.requestLocationUpdates(Unknown Source:14)
08-30 11:49:49.192  6799  6799 E LocationTracker: 	at io.appium.settings.LocationTracker.onConnected(LocationTracker.java:101)
08-30 11:49:49.192  6799  6799 E LocationTracker: 	at com.google.android.gms.common.internal.GmsClientEventManager.onConnectionSuccess(Unknown Source:34)
08-30 11:49:49.192  6799  6799 E LocationTracker: 	at com.google.android.gms.common.api.internal.zaaw.zab(Unknown Source:292)
08-30 11:49:49.192  6799  6799 E LocationTracker: 	at com.google.android.gms.common.api.internal.zaak.zaaq(Unknown Source:125)
08-30 11:49:49.192  6799  6799 E LocationTracker: 	at com.google.android.gms.common.api.internal.zaak.onConnected(Unknown Source:105)
08-30 11:49:49.192  6799  6799 E LocationTracker: 	at com.google.android.gms.common.api.internal.zabe.onConnected(Unknown Source:101)
08-30 11:49:49.192  6799  6799 E LocationTracker: 	at com.google.android.gms.common.api.internal.zaq.onConnected(Unknown Source:6)
08-30 11:49:49.192  6799  6799 E LocationTracker: 	at com.google.android.gms.common.internal.zaf.onConnected(Unknown Source:2)
08-30 11:49:49.192  6799  6799 E LocationTracker: 	at com.google.android.gms.common.internal.BaseGmsClient$zzf.zzm(Unknown Source:24)
08-30 11:49:49.192  6799  6799 E LocationTracker: 	at com.google.android.gms.common.internal.BaseGmsClient$zza.zza(Unknown Source:12)
08-30 11:49:49.192  6799  6799 E LocationTracker: 	at com.google.android.gms.common.internal.BaseGmsClient$zzc.zzo(Unknown Source:11)
08-30 11:49:49.192  6799  6799 E LocationTracker: 	at com.google.android.gms.common.internal.BaseGmsClient$zzb.handleMessage(Unknown Source:48)
08-30 11:49:49.192  6799  6799 E LocationTracker: 	at android.os.Handler.dispatchMessage(Handler.java:106)
08-30 11:49:49.192  6799  6799 E LocationTracker: 	at android.os.Looper.loop(Looper.java:224)
08-30 11:49:49.192  6799  6799 E LocationTracker: 	at android.app.ActivityThread.main(ActivityThread.java:7042)
08-30 11:49:49.192  6799  6799 E LocationTracker: 	at java.lang.reflect.Method.invoke(Native Method)
08-30 11:49:49.192  6799  6799 E LocationTracker: 	at com.android.internal.os.RuntimeInit$MethodAndArgsCaller.run(RuntimeInit.java:536)
08-30 11:49:49.192  6799  6799 E LocationTracker: 	at com.android.internal.os.ZygoteInit.main(ZygoteInit.java:868)
08-30 11:49:49.192  6799  6799 D LocationTracker: Stopping Google Play Services location provider
08-30 11:49:49.218  1724  4868 I chatty  : uid=1000(system) Binder:1724_15 expire 2 lines
08-30 11:49:49.319  1724  1853 I chatty  : uid=1000(system) android.ui expire 2 lines
08-30 11:49:49.323  1724  4868 I chatty  : uid=1000(system) Binder:1724_15 expire 1 line
08-30 11:49:49.328   717   804 W SurfaceFlinger: Attempting to set client state on removed layer: Splash Screen io.appium.settings#0
08-30 11:49:49.328   717   804 W SurfaceFlinger: Attempting to destroy on removed layer: Splash Screen io.appium.settings#0
08-30 11:49:49.904  6683  6746 I tnet-jni: 4344 -  create new session: 203.119.128.4:80
08-30 11:49:49.960  6683  6740 I tnet-jni: 4338 - [SpdySessionCallBack.getSSLMeta] - org.android.spdy.SpdySession@c1d5246
08-30 11:49:49.960  6683  6740 I tnet-jni: 4338 - [spdySessionConnectCB] -
08-30 11:49:49.961  6683  6740 I tnet-jni: 4338 - [SpdySessionCallBack.spdySessionConnectCB] - org.android.spdy.SpdySession@c1d5246
08-30 11:49:49.963  6683  6740 I tnet-jni: 4338 - index=1  starttime=1661831389963
08-30 11:49:49.963  6683  6740 I tnet-jni: 4338 - index=1   calltime=1661831389963
08-30 11:49:49.800  1724  2178 I chatty  : uid=1000(system) AutobacklightTh identical 2 lines
08-30 11:49:49.973  1724  2403 I chatty  : uid=1000(system) Binder:1724_5 expire 11 lines
08-30 11:49:49.980  1724  2403 W ActivityManager: vivo occlude resumeTop canOccclude = false next.occlude = false
08-30 11:49:49.989   717   717 I SurfaceFlinger: FPS: 31
08-30 11:49:50.005  6683  6740 I tnet-jni: 4338 - [SpdySessionCallBack.putSSLMeta] - org.android.spdy.SpdySession@c1d5246
08-30 11:49:50.005  6683  6740 I tnet-jni: 4338 - [spdyStreamResponseRecv] -
08-30 11:49:50.005  6683  6740 I tnet-jni: 4338 - [SpdySessionCallBack.spdyOnStreamResponse] - org.android.spdy.SpdySession@c1d5246
08-30 11:49:50.007  1724  1853 I chatty  : uid=1000(system) android.ui expire 7 lines
08-30 11:49:50.008  1724  2101 I chatty  : uid=1000(system) Binder:1724_3 expire 1 line
08-30 11:49:50.009  1724 14873 I chatty  : uid=1000(system) Binder:1724_1D expire 10 lines
08-30 11:49:50.009  1724  2892 I chatty  : uid=1000(system) Binder:1724_B expire 2 lines
08-30 11:49:50.010  1724  4868 I chatty  : uid=1000(system) Binder:1724_15 expire 1 line
08-30 11:49:50.010  1724  3768 I chatty  : uid=1000(system) Binder:1724_12 expire 2 lines
08-30 11:49:50.012  1724  3767 I chatty  : uid=1000(system) Binder:1724_11 expire 1 line
08-30 11:49:50.013  1724 14407 I chatty  : uid=1000(system) Binder:1724_1C expire 10 lines
08-30 11:49:50.017  6683  6740 I tnet-jni: 4338 - [spdyStreamCloseCallback] -
08-30 11:49:50.017  6683  6740 I tnet-jni: 4338 - [SpdySessionCallBack.spdyStreamCloseCallback] - org.android.spdy.SpdySession@c1d5246
08-30 11:49:50.017  6683  6740 I tnet-jni: 4338 - index=1    endtime=1661831390017
08-30 11:49:50.022  6114  6114 W Glide   : Load failed for null with size [0x0]
08-30 11:49:50.022  6114  6114 W Glide   : class com.bumptech.glide.load.a.q: Received null model
08-30 11:49:50.023  6114  6114 I chatty  : uid=10597(cn.missevan) identical 4 lines
08-30 11:49:50.023  6114  6114 W Glide   : Load failed for null with size [0x0]
08-30 11:49:50.023  6114  6114 W Glide   : class com.bumptech.glide.load.a.q: Received null model
08-30 11:49:50.069   717  2381 E         : IProducerListener: malformed binder reply
08-30 11:49:50.086  4121  4121 D logVersionTime: 20201215
08-30 11:49:50.111  4121  4121 D MainImeServiceDel: mHandler = 76
08-30 11:49:50.131   717   717 I ConfigStore: android::hardware::configstore::V1_0::ISurfaceFlingerConfigs::hasHDRDisplay retrieved: 0
08-30 11:49:50.283  1724  2178 I chatty  : uid=1000(system) AutobacklightTh identical 1 line
08-30 11:49:50.479  1724  2614 I chatty  : uid=1000(system) VivoLocationThr expire 1 line
08-30 11:49:50.485  1724 12856 I chatty  : uid=1000(system) RenderThread expire 7 lines
08-30 11:49:50.474  1724  2023 I chatty  : uid=1000(system) android.anim identical 1 line
08-30 11:49:50.539   717  4080 W SurfaceFlinger: Attempting to destroy on removed layer: AppWindowToken{583f405 token=Token{824837c ActivityRecord{42e5a6f u0 io.appium.settings/.Settings t61}}}#0
08-30 11:49:50.731  1724  1746 I chatty  : uid=1000(system) HeapTaskDaemon expire 1 line
08-30 11:49:50.785  1724  1744 I chatty  : uid=1000(system) FinalizerDaemon expire 2 lines
08-30 11:49:51.007   717   717 I SurfaceFlinger: FPS: 43
08-30 11:49:51.310  1724  2070 I chatty  : uid=1000(system) WifiStateMachin expire 2 lines
08-30 11:49:51.397 31100 31100 E adbd    : failed to connect to socket 'tcp:6790': Connection refused
08-30 11:49:51.410  1724  2178 I chatty  : uid=1000(system) AutobacklightTh identical 4 lines
08-30 11:49:51.639  1724  2892 D ActivityManager: AMS onShellCommand CallingPid=6894 ,callingUid=2000 ,PackageName=android.uid.shell:2000.Starting command :force-stop io.appium.uiautomator2.server.test
08-30 11:49:51.640  1724  2892 I chatty  : uid=1000(system) Binder:1724_B expire 8 lines
08-30 11:49:51.641  1724  2892 I ActivityManager: Force stopping io.appium.uiautomator2.server.test appid=10145 user=0: stop by 6894
08-30 11:49:51.647  1724  2892 I ActivityManager: Force stopping io.appium.uiautomator2.server.test appid=10145 user=999: stop by 6894
08-30 11:49:51.663  1724  1724 I NotificationService: action=android.intent.action.PACKAGE_RESTARTED removing=false
08-30 11:49:51.663  1724  1724 D NotificationService: handleSavePolicyFile
08-30 11:49:51.669  2765  2765 W ContextImpl: Calling a method in the system process without a qualified user: android.app.ContextImpl.startService:1550 android.content.ContextWrapper.startService:664 com.vivo.daemonService.easyshare.ESAlarmReceiver.a:5 com.vivo.daemonService.easyshare.ESAlarmReceiver.onReceive:2 android.app.LoadedApk$ReceiverDispatcher$Args.lambda$getRunnable$0:1416
08-30 11:49:51.675  1724  1852 D ActivityManager: StartMode packageName = com.tencent.android.qqdownloader ,callingPid = -1 ,alwaysRestrict = true ,startMode = 2 ,UidRec:null
08-30 11:49:51.675  2831  2831 D CarrierSvcBindHelper: No carrier app for: 0
08-30 11:49:51.675  1724  1852 W BroadcastQueue: Background execution not allowed: receiving Intent { act=android.intent.action.PACKAGE_RESTARTED dat=package:io.appium.uiautomator2.server.test flg=0x10 (has extras) } to com.tencent.android.qqdownloader/com.tencent.assistant.localres.localapk.PackageChangedReceiver
08-30 11:49:51.675  2831  2831 D CarrierSvcBindHelper: No carrier app for: 1
08-30 11:49:51.676  2831  2831 D CarrierSvcBindHelper: No carrier app for: 0
08-30 11:49:51.677  2831  2831 D CarrierSvcBindHelper: No carrier app for: 1
08-30 11:49:51.682  1724  1852 D ActivityManager: StartMode packageName = com.vivo.appfilter ,callingPid = -1 ,alwaysRestrict = true ,startMode = 2 ,UidRec:UidRecord{78ed8ef 1000 PER  procs:31 seq(0,0,0)}
08-30 11:49:51.682  1724  1852 W BroadcastQueue: Background execution not allowed: receiving Intent { act=android.intent.action.PACKAGE_RESTARTED dat=package:io.appium.uiautomator2.server.test flg=0x10 (has extras) } to com.vivo.appfilter/.receiver.VivoBringupPkgReceiver
08-30 11:49:51.683  1724  1852 D ActivityManager: StartMode packageName = com.tencent.android.qqdownloader ,callingPid = -1 ,alwaysRestrict = true ,startMode = 2 ,UidRec:null
08-30 11:49:51.683  1724  1852 W BroadcastQueue: Background execution not allowed: receiving Intent { act=android.intent.action.PACKAGE_RESTARTED dat=package:io.appium.uiautomator2.server.test flg=0x10 (has extras) } to com.tencent.android.qqdownloader/com.qq.AppService.APKReceiver
08-30 11:49:51.684  1724  1724 I NotificationService: action=android.intent.action.PACKAGE_RESTARTED removing=false
08-30 11:49:51.685  1724  1724 D NotificationService: handleSavePolicyFile
08-30 11:49:52.025   717   717 I SurfaceFlinger: FPS: 33
08-30 11:49:52.179  6897  6897 D AndroidRuntime: >>>>>> START com.android.internal.os.RuntimeInit uid 2000 <<<<<<
08-30 11:49:52.260  6897  6897 I app_process: The ClassLoaderContext is a special shared library.
08-30 11:49:52.289  6897  6897 E libc    : Access denied finding property "ro.vendor.at_library"
08-30 11:49:52.278  6897  6897 W main    : type=1400 audit(0.0:34300): avc: denied { read } for name="u:object_r:vendor_mpctl_prop:s0" dev="tmpfs" ino=12522 scontext=u:r:shell:s0 tcontext=u:object_r:vendor_mpctl_prop:s0 tclass=file permissive=0
08-30 11:49:52.296  6897  6897 D AndroidRuntime: Calling main entry com.android.commands.am.Am
08-30 11:49:52.054  1724  2178 I chatty  : uid=1000(system) AutobacklightTh identical 2 lines
08-30 11:49:52.302  1724  2892 I ActivityManager: Force stopping io.appium.uiautomator2.server appid=10144 user=0: start instr
08-30 11:49:52.342  1724  1855 I ActivityManager: Start proc 6910:io.appium.uiautomator2.server/u0a144 for added application io.appium.uiautomator2.server
08-30 11:49:52.349  6910  6910 I tomator2.serve: Late-enabling -Xcheck:jni
08-30 11:49:52.447   715   907 V APM_AudioPolicyManager: AudioPolicyManager:setRecordSilenced(uid:10144, silenced:0)
08-30 11:49:52.448   715   907 V AudioFlinger: AudioFlinger::setRecordSilenced(uid:10144, silenced:0)
08-30 11:49:52.500  6910  6910 I tomator2.serve: The ClassLoaderContext is a special shared library.
08-30 11:49:52.502  6910  6910 I tomator2.serve: The ClassLoaderContext is a special shared library.
08-30 11:49:52.505  6910  6910 W tomator2.serve: ClassLoaderContext classpath element mismatch for position 0. expected=/system/framework/android.test.mock.jar, found=/system/framework/android.test.runner.jar (PCL[/system/framework/android.test.mock.jar*2077058553:/system/framework/android.test.runner.jar*3846605392] | PCL[/system/framework/android.test.runner.jar*3846605392:/system/framework/android.test.mock.jar*2077058553])
08-30 11:49:52.509  6910  6910 W tomator2.serve: ClassLoaderContext classpath size mismatch for position 0. expected=0, found=4 (PCL[] | PCL[/system/framework/android.test.runner.jar*3846605392:/system/framework/android.test.mock.jar*2077058553:/data/app/io.appium.uiautomator2.server.test-K07vq4ZhCm4h6eWbq7B8og==/base.apk*3464038622:/data/app/io.appium.uiautomator2.server.test-K07vq4ZhCm4h6eWbq7B8og==/base.apk!classes2.dex*2170559374])
08-30 11:49:52.511  6910  6910 W tomator2.serve: Found duplicate classes, falling back to extracting from APK : /data/app/io.appium.uiautomator2.server-hU_If1ssmYNlALRcrtEGLw==/base.apk
08-30 11:49:52.511  6910  6910 W tomator2.serve: NOTE: This wastes RAM and hurts startup performance.
08-30 11:49:52.511  6910  6910 W tomator2.serve: Found duplicated class when checking oat files: 'Ljunit/runner/BaseTestRunner;' in /data/app/io.appium.uiautomator2.server-hU_If1ssmYNlALRcrtEGLw==/base.apk and /system/framework/android.test.runner.jar
08-30 11:49:52.511  6910  6910 W tomator2.serve:
08-30 11:49:52.710 31100 31100 E adbd    : failed to connect to socket 'tcp:6790': Connection refused
08-30 11:49:52.776  6910  6910 I Perf    : Connecting to perf service.
08-30 11:49:52.800  6910  6910 I tomator2.serve: The ClassLoaderContext is a special shared library.
08-30 11:49:52.802  6910  6910 I tomator2.serve: The ClassLoaderContext is a special shared library.
08-30 11:49:52.805  6910  6910 W tomator2.serve: ClassLoaderContext size mismatch. expected=1, actual=2 (PCL[/system/framework/android.test.mock.jar*2077058553:/system/framework/android.test.runner.jar*3846605392] | PCL[/system/framework/android.test.runner.jar*3846605392:/system/framework/android.test.mock.jar*2077058553];PCL[/system/framework/android.test.runner.jar*3846605392:/system/framework/android.test.mock.jar*2077058553:/data/app/io.appium.uiautomator2.server.test-K07vq4ZhCm4h6eWbq7B8og==/base.apk*3464038622:/data/app/io.appium.uiautomator2.server.test-K07vq4ZhCm4h6eWbq7B8og==/base.apk!classes2.dex*2170559374:/data/app/io.appium.uiautomator2.server-hU_If1ssmYNlALRcrtEGLw==/base.apk*2259969859:/data/app/io.appium.uiautomator2.server-hU_If1ssmYNlALRcrtEGLw==/base.apk!classes2.dex*3854679608])
08-30 11:49:52.806  6910  6910 W tomator2.serve: Found duplicate classes, falling back to extracting from APK : /data/app/io.appium.uiautomator2.server.test-K07vq4ZhCm4h6eWbq7B8og==/base.apk
08-30 11:49:52.806  6910  6910 W tomator2.serve: NOTE: This wastes RAM and hurts startup performance.
08-30 11:49:52.806  6910  6910 W tomator2.serve: Found duplicated class when checking oat files: 'Landroidx/test/espresso/AmbiguousViewMatcherException$1;' in /data/app/io.appium.uiautomator2.server.test-K07vq4ZhCm4h6eWbq7B8og==/base.apk and /data/app/io.appium.uiautomator2.server.test-K07vq4ZhCm4h6eWbq7B8og==/base.apk
08-30 11:49:52.806  6910  6910 W tomator2.serve:
08-30 11:49:52.894  6910  6910 W tomator2.serve: ClassLoaderContext size mismatch. expected=1, actual=2 (PCL[] | PCL[/system/framework/android.test.runner.jar*3846605392:/system/framework/android.test.mock.jar*2077058553:/data/app/io.appium.uiautomator2.server.test-K07vq4ZhCm4h6eWbq7B8og==/base.apk*3464038622:/data/app/io.appium.uiautomator2.server.test-K07vq4ZhCm4h6eWbq7B8og==/base.apk!classes2.dex*2170559374];PCL[/system/framework/android.test.runner.jar*3846605392:/system/framework/android.test.mock.jar*2077058553:/data/app/io.appium.uiautomator2.server.test-K07vq4ZhCm4h6eWbq7B8og==/base.apk*3464038622:/data/app/io.appium.uiautomator2.server.test-K07vq4ZhCm4h6eWbq7B8og==/base.apk!classes2.dex*2170559374:/data/app/io.appium.uiautomator2.server-hU_If1ssmYNlALRcrtEGLw==/base.apk*2259969859:/data/app/io.appium.uiautomator2.server-hU_If1ssmYNlALRcrtEGLw==/base.apk!classes2.dex*3854679608])
08-30 11:49:52.895  6910  6910 W tomator2.serve: Found duplicate classes, falling back to extracting from APK : /data/app/io.appium.uiautomator2.server-hU_If1ssmYNlALRcrtEGLw==/base.apk
08-30 11:49:52.895  6910  6910 W tomator2.serve: NOTE: This wastes RAM and hurts startup performance.
08-30 11:49:52.895  6910  6910 W tomator2.serve: Found duplicated class when checking oat files: 'Landroid_libs/ub_uiautomator/R;' in /data/app/io.appium.uiautomator2.server-hU_If1ssmYNlALRcrtEGLw==/base.apk!classes2.dex and /data/app/io.appium.uiautomator2.server-hU_If1ssmYNlALRcrtEGLw==/base.apk!classes2.dex
08-30 11:49:52.895  6910  6910 W tomator2.serve:
08-30 11:49:52.698  1724  2178 I chatty  : uid=1000(system) AutobacklightTh identical 2 lines
08-30 11:49:53.014  1724  2233 E TaskPersister: File error accessing recents directory (directory doesn't exist?).
08-30 11:49:53.025   694   756 E ANDR-PERF-MPCTL: Invalid profile no. 0, total profiles 0 only
08-30 11:49:53.055   717   717 I SurfaceFlinger: FPS: 32
08-30 11:49:53.141  6910  6910 W tomator2.serve: Accessing hidden method Landroid/app/Instrumentation;->execStartActivity(Landroid/content/Context;Landroid/os/IBinder;Landroid/os/IBinder;Landroid/app/Activity;Landroid/content/Intent;ILandroid/os/Bundle;)Landroid/app/Instrumentation$ActivityResult; (light greylist, linking)
08-30 11:49:53.142  6910  6910 W tomator2.serve: Accessing hidden method Landroid/app/Instrumentation;->execStartActivity(Landroid/content/Context;Landroid/os/IBinder;Landroid/os/IBinder;Ljava/lang/String;Landroid/content/Intent;ILandroid/os/Bundle;)Landroid/app/Instrumentation$ActivityResult; (light greylist, linking)
08-30 11:49:53.180  6910  6910 I MonitoringInstr: Instrumentation started!
08-30 11:49:53.187  6910  6910 I MonitoringInstr: Setting context classloader to 'dalvik.system.PathClassLoader[DexPathList[[zip file "/system/framework/android.test.runner.jar", zip file "/system/framework/android.test.mock.jar", zip file "/data/app/io.appium.uiautomator2.server.test-K07vq4ZhCm4h6eWbq7B8og==/base.apk", zip file "/data/app/io.appium.uiautomator2.server-hU_If1ssmYNlALRcrtEGLw==/base.apk"],nativeLibraryDirectories=[/data/app/io.appium.uiautomator2.server.test-K07vq4ZhCm4h6eWbq7B8og==/lib/arm64, /data/app/io.appium.uiautomator2.server-hU_If1ssmYNlALRcrtEGLw==/lib/arm64, /system/lib64]]]', Original: 'dalvik.system.PathClassLoader[DexPathList[[zip file "/system/framework/android.test.runner.jar", zip file "/system/framework/android.test.mock.jar", zip file "/data/app/io.appium.uiautomator2.server.test-K07vq4ZhCm4h6eWbq7B8og==/base.apk", zip file "/data/app/io.appium.uiautomator2.server-hU_If1ssmYNlALRcrtEGLw==/base.apk"],nativeLibraryDirectories=[/data/app/io.appium.uiautomator2.server.test-K07vq4ZhCm4h6eWbq7B8og==/lib/arm64, /data/app/io.appium.uiautomator2.server-hU_If1ssmYNlALRcrtEGLw==/lib/arm64, /system/lib64]]]'
08-30 11:49:53.193  6910  6910 I MonitoringInstr: No JSBridge.
08-30 11:49:53.198  6910  6929 I MonitoringInstr: Setting context classloader to 'dalvik.system.PathClassLoader[DexPathList[[zip file "/system/framework/android.test.runner.jar", zip file "/system/framework/android.test.mock.jar", zip file "/data/app/io.appium.uiautomator2.server.test-K07vq4ZhCm4h6eWbq7B8og==/base.apk", zip file "/data/app/io.appium.uiautomator2.server-hU_If1ssmYNlALRcrtEGLw==/base.apk"],nativeLibraryDirectories=[/data/app/io.appium.uiautomator2.server.test-K07vq4ZhCm4h6eWbq7B8og==/lib/arm64, /data/app/io.appium.uiautomator2.server-hU_If1ssmYNlALRcrtEGLw==/lib/arm64, /system/lib64]]]', Original: 'dalvik.system.PathClassLoader[DexPathList[[zip file "/system/framework/android.test.runner.jar", zip file "/system/framework/android.test.mock.jar", zip file "/data/app/io.appium.uiautomator2.server.test-K07vq4ZhCm4h6eWbq7B8og==/base.apk", zip file "/data/app/io.appium.uiautomator2.server-hU_If1ssmYNlALRcrtEGLw==/base.apk"],nativeLibraryDirectories=[/data/app/io.appium.uiautomator2.server.test-K07vq4ZhCm4h6eWbq7B8og==/lib/arm64, /data/app/io.appium.uiautomator2.server-hU_If1ssmYNlALRcrtEGLw==/lib/arm64, /system/lib64]]]'
08-30 11:49:53.229  6910  6929 I UsageTrackerFacilitator: Usage tracking enabled
08-30 11:49:53.238  6910  6929 I TestRequestBuilder: Scanning classpath to find tests in paths [/data/app/io.appium.uiautomator2.server.test-K07vq4ZhCm4h6eWbq7B8og==/base.apk]
08-30 11:49:53.244  6910  6929 W tomator2.serve: Opening an oat file without a class loader. Are you using the deprecated DexFile APIs?
08-30 11:49:53.717 31100 31100 E adbd    : failed to connect to socket 'tcp:6790': Connection refused
08-30 11:49:54.056   717   717 I SurfaceFlinger: FPS: 55
08-30 11:49:54.178  6910  6929 D TestExecutor: Adding listener androidx.test.internal.runner.listener.LogRunListener
08-30 11:49:54.178  6910  6929 D TestExecutor: Adding listener androidx.test.internal.runner.listener.InstrumentationResultPrinter
08-30 11:49:54.178  6910  6929 D TestExecutor: Adding listener androidx.test.internal.runner.listener.ActivityFinisherRunListener
08-30 11:49:54.183  6910  6929 I TestRunner: run started: 1 tests
08-30 11:49:54.190  6910  6929 I TestRunner: started: startServer(io.appium.uiautomator2.server.test.AppiumUiAutomator2Server)
08-30 11:49:54.196  6910  6910 I MonitoringInstr: Activities that are still in CREATED to STOPPED: 0
08-30 11:49:54.200  6910  6929 I appium  : [AppiumUiAutomator2Server] Starting Server
08-30 11:49:54.233  6559  6811 D BtGatt.ScanManager: configureRegularScanParams - queue=3
08-30 11:49:54.233  6559  6811 D BtGatt.ScanManager: configureRegularScanParams - ScanSetting LE 1M Scan mode=0ScanSetting LE Coded Scan mode=0 mLastConfiguredScanSettingLE1M=1 mLastConfiguredScanSettingLECoded=1scanPhy=255
08-30 11:49:54.233  1724  2614 I chatty  : uid=1000(system) VivoLocationThr expire 1 line
08-30 11:49:54.234  6559  6811 D BtGatt.ScanManager: configureRegularScanParams - scanInterval LE 1M = 1100configureRegularScanParams - scanWindow LE 1M= 110configureRegularScanParams - scanInterval LE Coded= 1100configureRegularScanParams - scanWindow LE Coded= 110
08-30 11:49:54.235  6559  6738 D BtGatt.GattService: onScanParamSetupCompleted : 0
08-30 11:49:54.235   672   672 D vendor.qti.bluetooth@1.0-ibs_handler: SerialClockVote: vote for UART CLK ON
08-30 11:49:54.238   672   672 D vendor.qti.bluetooth@1.0-wake_lock: Acquire wakelock is acquired
08-30 11:49:54.238   672   672 I vendor.qti.bluetooth@1.0-ibs_handler: DeviceWakeUp: Writing IBS_WAKE_IND
08-30 11:49:54.242   672  6843 I vendor.qti.bluetooth@1.0-ibs_handler: ProcessIbsCmd: Received IBS_WAKE_ACK: 0xFC
08-30 11:49:54.243   672  6843 I vendor.qti.bluetooth@1.0-ibs_handler: ProcessIbsCmd: Received IBS_WAKE_IND: 0xFD
08-30 11:49:54.243   672  6843 I vendor.qti.bluetooth@1.0-ibs_handler: ProcessIbsCmd: Writing IBS_WAKE_ACK
08-30 11:49:54.287   672  6843 I vendor.qti.bluetooth@1.0-ibs_handler: ProcessIbsCmd: Received IBS_SLEEP_IND: 0xFE
08-30 11:49:54.339  1724  2070 I chatty  : uid=1000(system) WifiStateMachin expire 4 lines
08-30 11:49:54.737 31100 31100 E adbd    : failed to connect to socket 'tcp:6790': Connection refused
08-30 11:49:55.057   717   717 I SurfaceFlinger: FPS: 31
08-30 11:49:55.201  6910  6929 I appium  : Starting MJPEG Server
08-30 11:49:54.959  1724  2178 I chatty  : uid=1000(system) AutobacklightTh identical 12 lines
08-30 11:49:55.242  1724  1724 V SettingsProvider: Notifying for 0: content://settings/secure/accessibility_enabled
08-30 11:49:55.243  1724  1724 V SettingsProvider: Notifying for 999: content://settings/secure/accessibility_enabled
08-30 11:49:55.248   672  6846 I vendor.qti.bluetooth@1.0-ibs_handler: DeviceSleep: TX Awake, Sending SLEEP_IND
08-30 11:49:55.248   672  6846 D vendor.qti.bluetooth@1.0-ibs_handler: SerialClockVote: vote for UART CLK OFF
08-30 11:49:55.276  6910  6929 I appium  : MJPEG Server started
08-30 11:49:55.276  1724  1724 I chatty  : uid=1000 system_server expire 1 line
08-30 11:49:55.277  1724  3768 I chatty  : uid=1000(system) Binder:1724_12 expire 1 line
08-30 11:49:55.282  6910  6932 I appium  : ServerSocket created on port 7810
08-30 11:49:55.313  6910  6929 I appium  : AndroidServer created on port 6790
08-30 11:49:55.315  6910  6929 I appium  : io.appium.uiautomator2.server started:
08-30 11:49:55.319  1724  3768 D PowerManagerService: acquireWakeLockInternal: lock=149432347, flags=0x6, tag="UiAutomator2:ScreenKeeper", ws=null, uid=10144, pid=6910
08-30 11:49:55.329  6910  6934 I appium  : Started UiAutomator2 io.appium.uiautomator2.http io.appium.uiautomator2.server on port 6790
08-30 11:49:55.398   672  6827 D vendor.qti.bluetooth@1.0-wake_lock: Release wakelock is released
08-30 11:49:55.450  6910  6935 W tomator2.serve: Accessing hidden field Ljava/nio/Buffer;->address:J (light greylist, reflection)
08-30 11:49:55.451  6910  6935 W tomator2.serve: Accessing hidden field Lsun/misc/Unsafe;->theUnsafe:Lsun/misc/Unsafe; (light greylist, reflection)
08-30 11:49:55.724 29067 29186 D MemoryCeilingMonitor: [handleMemoryCalculate]
08-30 11:49:55.724 29067 29186 D MemoryCeilingMonitor: [calculate] tot: 3191552, max: 268435456, free: 385504, heap: 2806048, per: 0.010453343391418457
08-30 11:49:55.882  6910  6938 I appium  : channel read: GET /wd/hub/status
08-30 11:49:55.887  6910  6938 I appium  : Status command
08-30 11:49:55.938  6910  6938 I appium  : AppiumResponse: {"sessionId":"None","value":{"message":"UiAutomator2 Server is ready to accept commands","ready":true}}
08-30 11:49:55.960  6910  6938 I appium  : channel read: POST /wd/hub/session
08-30 11:49:55.963  6910  6938 I appium  : NewSession command
08-30 11:49:55.988  6910  6938 W tomator2.serve: Accessing hidden field Landroid/app/UiAutomation;->mOnAccessibilityEventListener:Landroid/app/UiAutomation$OnAccessibilityEventListener; (dark greylist, reflection)
08-30 11:49:55.990  6910  6938 I appium  : Created the new session with SessionID: ff9bd115-d71d-4f15-b976-a989c61aa262
08-30 11:49:56.014  6910  6938 I appium  : AppiumResponse: {"sessionId":"ff9bd115-d71d-4f15-b976-a989c61aa262","value":{"capabilities":{"firstMatch":[{"platform":"LINUX","webStorageEnabled":false,"takesScreenshot":true,"javascriptEnabled":true,"databaseEnabled":false,"networkConnectionEnabled":true,"locationContextEnabled":false,"warnings":{},"desired":{"pl
08-30 11:49:56.038  6910  6938 I appium  : channel read: GET /wd/hub/session/ff9bd115-d71d-4f15-b976-a989c61aa262/appium/device/info
08-30 11:49:56.041  6910  6938 I appium  : GetDeviceInfo command
08-30 11:49:56.044   694   756 E ANDR-PERF-MPCTL: Invalid profile no. 0, total profiles 0 only
08-30 11:49:56.065  6910  6938 W tomator2.serve: Accessing hidden field Landroid/net/NetworkCapabilities;->mSignalStrength:I (light greylist, reflection)
08-30 11:49:56.065  6910  6938 W tomator2.serve: Accessing hidden field Landroid/net/NetworkCapabilities;->mSSID:Ljava/lang/String; (dark greylist, reflection)
08-30 11:49:56.072   717   717 I SurfaceFlinger: FPS: 38
08-30 11:49:55.917  1724  2178 I chatty  : uid=1000(system) AutobacklightTh identical 3 lines
08-30 11:49:56.083  1724  1874 D BluetoothManagerService: MESSAGE_REGISTER_ADAPTER
08-30 11:49:56.108  6910  6938 I appium  : AppiumResponse: {"sessionId":"ff9bd115-d71d-4f15-b976-a989c61aa262","value":{"androidId":"924032d81ca599b5","apiVersion":"28","bluetooth":{"state":"ON"},"brand":"vivo","carrierName":"","displayDensity":480,"locale":"zh_CN","manufacturer":"vivo","model":"vivo X21A","networks":[{"capabilities":{"SSID":null,"linkDownB
08-30 11:49:56.359  6910  6938 I appium  : channel read: GET /wd/hub/session/ff9bd115-d71d-4f15-b976-a989c61aa262/appium/device/pixel_ratio
08-30 11:49:56.361  6910  6938 I appium  : GetDevicePixelRatio command
08-30 11:49:56.361  6910  6938 I appium  : Get device pixel ratio
08-30 11:49:56.369  6910  6938 I appium  : AppiumResponse: {"sessionId":"ff9bd115-d71d-4f15-b976-a989c61aa262","value":3.0}
08-30 11:49:56.384  6910  6938 I appium  : channel read: GET /wd/hub/session/ff9bd115-d71d-4f15-b976-a989c61aa262/appium/device/system_bars
08-30 11:49:56.387  6910  6938 I appium  : GetSystemBars command
08-30 11:49:56.387  6910  6938 I appium  : Get status bar height of the device
08-30 11:49:56.395  6910  6938 I appium  : AppiumResponse: {"sessionId":"ff9bd115-d71d-4f15-b976-a989c61aa262","value":{"statusBar":84}}
08-30 11:49:56.409  6910  6938 I appium  : channel read: GET /wd/hub/session/ff9bd115-d71d-4f15-b976-a989c61aa262/window/current/size
08-30 11:49:56.412  6910  6938 I appium  : GetDeviceSize command
08-30 11:49:56.412  6910  6938 I appium  : Get window size of the device
08-30 11:49:56.424  6910  6938 I appium  : AppiumResponse: {"sessionId":"ff9bd115-d71d-4f15-b976-a989c61aa262","value":{"height":2075,"width":1080}}
08-30 11:49:56.547  6910  6938 I appium  : channel read: GET /wd/hub/session/ff9bd115-d71d-4f15-b976-a989c61aa262/window/current/size
08-30 11:49:56.548  6910  6938 I appium  : GetDeviceSize command
08-30 11:49:56.549  6910  6938 I appium  : Get window size of the device
08-30 11:49:56.559  6910  6938 I appium  : AppiumResponse: {"sessionId":"ff9bd115-d71d-4f15-b976-a989c61aa262","value":{"height":2075,"width":1080}}
08-30 11:49:56.580  6910  6938 I appium  : channel read: GET /wd/hub/session/ff9bd115-d71d-4f15-b976-a989c61aa262/window/current/size
08-30 11:49:56.582  6910  6938 I appium  : GetDeviceSize command
08-30 11:49:56.582  6910  6938 I appium  : Get window size of the device
08-30 11:49:56.593  6910  6938 I appium  : AppiumResponse: {"sessionId":"ff9bd115-d71d-4f15-b976-a989c61aa262","value":{"height":2075,"width":1080}}
08-30 11:49:57.074   717   717 I SurfaceFlinger: FPS: 55
08-30 11:49:57.135  6910  6938 I appium  : channel read: POST /wd/hub/session/ff9bd115-d71d-4f15-b976-a989c61aa262/actions
08-30 11:49:57.139  6910  6938 I appium  : W3CActions command
08-30 11:49:57.458  6910  6938 I appium  : [85694004 (success)] Synthesized: MotionEvent { action=ACTION_DOWN, actionButton=0, id[0]=0, x[0]=972.0, y[0]=1037.0, toolType[0]=TOOL_TYPE_FINGER, buttonState=0, metaState=0, flags=0x0, edgeFlags=0x0, pointerCount=1, historySize=0, eventTime=85694004, downTime=85693997, deviceId=0, source=0x1002 }
08-30 11:49:57.459  6910  6938 I appium  : The event has been delayed for 22ms
08-30 11:49:57.660  1724  2403 I chatty  : uid=1000(system) Binder:1724_5 expire 3 lines
08-30 11:49:57.366  1724  2178 I chatty  : uid=1000(system) AutobacklightTh identical 7 lines
08-30 11:49:57.661  1724  2403 W ActivityManager: Unable to start service Intent { act=android.security.IKeyChainService cmp=com.android.keychain/.KeyChainService } U=999: not found
08-30 11:49:57.662  2404  6953 I SecurityController: java.lang.AssertionError: could not bind to KeyChainService
08-30 11:49:57.942  6910  6938 I appium  : [85694499 (success)] Synthesized: MotionEvent { action=ACTION_MOVE, actionButton=0, id[0]=0, x[0]=972.0, y[0]=1037.0, toolType[0]=TOOL_TYPE_FINGER, buttonState=0, metaState=0, flags=0x0, edgeFlags=0x0, pointerCount=1, historySize=0, eventTime=85694499, downTime=85693997, deviceId=0, source=0x1002 }
08-30 11:49:57.975  6910  6938 I appium  : [85694519 (success)] Synthesized: MotionEvent { action=ACTION_MOVE, actionButton=0, id[0]=0, x[0]=839.0769, y[0]=1037.0, toolType[0]=TOOL_TYPE_FINGER, buttonState=0, metaState=0, flags=0x0, edgeFlags=0x0, pointerCount=1, historySize=0, eventTime=85694519, downTime=85693997, deviceId=0, source=0x1002 }
08-30 11:49:57.976  6910  6938 I appium  : The event has been delayed for 24ms
08-30 11:49:57.991  6910  6938 I appium  : [85694545 (success)] Synthesized: MotionEvent { action=ACTION_MOVE, actionButton=0, id[0]=0, x[0]=772.61536, y[0]=1037.0, toolType[0]=TOOL_TYPE_FINGER, buttonState=0, metaState=0, flags=0x0, edgeFlags=0x0, pointerCount=1, historySize=0, eventTime=85694545, downTime=85693997, deviceId=0, source=0x1002 }
08-30 11:49:57.994   694   756 E ANDR-PERF-MPCTL: Invalid profile no. 0, total profiles 0 only
08-30 11:49:58.009  6910  6938 I appium  : [85694560 (success)] Synthesized: MotionEvent { action=ACTION_MOVE, actionButton=0, id[0]=0, x[0]=706.1538, y[0]=1037.0, toolType[0]=TOOL_TYPE_FINGER, buttonState=0, metaState=0, flags=0x0, edgeFlags=0x0, pointerCount=1, historySize=0, eventTime=85694560, downTime=85693997, deviceId=0, source=0x1002 }
08-30 11:49:58.022  6910  6938 I appium  : [85694578 (success)] Synthesized: MotionEvent { action=ACTION_MOVE, actionButton=0, id[0]=0, x[0]=639.69226, y[0]=1037.0, toolType[0]=TOOL_TYPE_FINGER, buttonState=0, metaState=0, flags=0x0, edgeFlags=0x0, pointerCount=1, historySize=0, eventTime=85694578, downTime=85693997, deviceId=0, source=0x1002 }
08-30 11:49:58.039  6910  6938 I appium  : [85694598 (success)] Synthesized: MotionEvent { action=ACTION_MOVE, actionButton=0, id[0]=0, x[0]=573.2308, y[0]=1037.0, toolType[0]=TOOL_TYPE_FINGER, buttonState=0, metaState=0, flags=0x0, edgeFlags=0x0, pointerCount=1, historySize=0, eventTime=85694598, downTime=85693997, deviceId=0, source=0x1002 }
08-30 11:49:58.072  6910  6938 I appium  : [85694618 (success)] Synthesized: MotionEvent { action=ACTION_MOVE, actionButton=0, id[0]=0, x[0]=506.76923, y[0]=1037.0, toolType[0]=TOOL_TYPE_FINGER, buttonState=0, metaState=0, flags=0x0, edgeFlags=0x0, pointerCount=1, historySize=0, eventTime=85694618, downTime=85693997, deviceId=0, source=0x1002 }
08-30 11:49:58.072  6910  6938 I appium  : The event has been delayed for 22ms
08-30 11:49:58.090   717   717 I SurfaceFlinger: FPS: 35
08-30 11:49:58.095  6910  6938 I appium  : [85694641 (success)] Synthesized: MotionEvent { action=ACTION_MOVE, actionButton=0, id[0]=0, x[0]=440.30768, y[0]=1037.0, toolType[0]=TOOL_TYPE_FINGER, buttonState=0, metaState=0, flags=0x0, edgeFlags=0x0, pointerCount=1, historySize=0, eventTime=85694641, downTime=85693997, deviceId=0, source=0x1002 }
08-30 11:49:58.096  6910  6938 I appium  : The event has been delayed for 22ms
08-30 11:49:58.125  6910  6938 I appium  : [85694665 (success)] Synthesized: MotionEvent { action=ACTION_MOVE, actionButton=0, id[0]=0, x[0]=373.84613, y[0]=1037.0, toolType[0]=TOOL_TYPE_FINGER, buttonState=0, metaState=0, flags=0x0, edgeFlags=0x0, pointerCount=1, historySize=0, eventTime=85694665, downTime=85693997, deviceId=0, source=0x1002 }
08-30 11:49:58.126  6910  6938 I appium  : The event has been delayed for 28ms
08-30 11:49:58.139  6910  6938 I appium  : [85694695 (success)] Synthesized: MotionEvent { action=ACTION_MOVE, actionButton=0, id[0]=0, x[0]=307.38458, y[0]=1037.0, toolType[0]=TOOL_TYPE_FINGER, buttonState=0, metaState=0, flags=0x0, edgeFlags=0x0, pointerCount=1, historySize=0, eventTime=85694695, downTime=85693997, deviceId=0, source=0x1002 }
08-30 11:49:58.156  6910  6938 I appium  : [85694709 (success)] Synthesized: MotionEvent { action=ACTION_MOVE, actionButton=0, id[0]=0, x[0]=240.92303, y[0]=1037.0, toolType[0]=TOOL_TYPE_FINGER, buttonState=0, metaState=0, flags=0x0, edgeFlags=0x0, pointerCount=1, historySize=0, eventTime=85694709, downTime=85693997, deviceId=0, source=0x1002 }
08-30 11:49:58.172  6910  6938 I appium  : [85694725 (success)] Synthesized: MotionEvent { action=ACTION_MOVE, actionButton=0, id[0]=0, x[0]=174.46155, y[0]=1037.0, toolType[0]=TOOL_TYPE_FINGER, buttonState=0, metaState=0, flags=0x0, edgeFlags=0x0, pointerCount=1, historySize=0, eventTime=85694725, downTime=85693997, deviceId=0, source=0x1002 }
08-30 11:49:58.189  6910  6938 I appium  : [85694741 (success)] Synthesized: MotionEvent { action=ACTION_MOVE, actionButton=0, id[0]=0, x[0]=108.0, y[0]=1037.0, toolType[0]=TOOL_TYPE_FINGER, buttonState=0, metaState=0, flags=0x0, edgeFlags=0x0, pointerCount=1, historySize=0, eventTime=85694741, downTime=85693997, deviceId=0, source=0x1002 }
08-30 11:49:58.013  1724  2178 I chatty  : uid=1000(system) AutobacklightTh identical 2 lines
08-30 11:49:58.194  1724  1853 V WindowOrientationListener: in onTouchEndLocked. proposedRotation=0, oldProposedRotation=0
08-30 11:49:58.198  6910  6938 I appium  : [85694758 (success)] Synthesized: MotionEvent { action=ACTION_UP, actionButton=0, id[0]=0, x[0]=108.0, y[0]=1037.0, toolType[0]=TOOL_TYPE_FINGER, buttonState=0, metaState=0, flags=0x0, edgeFlags=0x0, pointerCount=1, historySize=0, eventTime=85694758, downTime=85693997, deviceId=0, source=0x1002 }
08-30 11:49:58.204   694   756 E ANDR-PERF-MPCTL: Invalid profile no. 0, total profiles 0 only
08-30 11:49:58.214  6910  6938 I appium  : AppiumResponse: {"sessionId":"ff9bd115-d71d-4f15-b976-a989c61aa262","value":null}
08-30 11:49:58.235  6910  6938 I appium  : channel read: POST /wd/hub/session/ff9bd115-d71d-4f15-b976-a989c61aa262/element
08-30 11:49:58.241  6910  6938 I appium  : FindElement command
08-30 11:49:58.249  6910  6938 I appium  : method: 'id', selector: 'cn.missevan:id/live_cover', contextId: ''
08-30 11:49:58.261  6910  6938 I appium  : Waiting up to 10000ms for the device to idle
08-30 11:49:59.049   694   756 E ANDR-PERF-MPCTL: Invalid profile no. 0, total profiles 0 only
08-30 11:49:59.105   717   717 I SurfaceFlinger: FPS: 23
08-30 11:49:59.156  6910  6938 I appium  : AppiumResponse: {"sessionId":"ff9bd115-d71d-4f15-b976-a989c61aa262","value":{"error":"no such element","message":"An element could not be located on the page using the given search parameters","stacktrace":"io.appium.uiautomator2.common.exceptions.ElementNotFoundException: An element could not be located on the pag
08-30 11:49:59.679  6910  6938 I appium  : channel read: POST /wd/hub/session/ff9bd115-d71d-4f15-b976-a989c61aa262/element
08-30 11:49:59.681  6910  6938 I appium  : FindElement command
08-30 11:49:59.686  6910  6938 I appium  : method: 'id', selector: 'cn.missevan:id/live_cover', contextId: ''
08-30 11:49:59.687  6910  6938 I appium  : Waiting up to 10000ms for the device to idle
08-30 11:50:00.001  1724  2038 I chatty  : uid=1000(system) AlarmManager expire 2 lines
08-30 11:50:00.007  1724  1724 I chatty  : uid=1000 system_server expire 2 lines
08-30 11:50:00.011  2404  2404 D KeyguardUpdateMonitor: handleTimeUpdate
08-30 11:50:00.120   717   717 I SurfaceFlinger: FPS: 52
08-30 11:50:00.132  4240  4357 E BitmapFactory: Unable to decode stream: java.io.FileNotFoundException: /oem/etc/theme/icons/dynamic_icon/com.android.BBKClock/res/drawable-sw360dp-xxhdpi/clock_hour.png (No such file or directory)
08-30 11:50:00.133  4240  4357 E BitmapFactory: Unable to decode stream: java.io.FileNotFoundException: /oem/etc/theme/icons/dynamic_icon/com.android.BBKClock/res/drawable-sw360dp-xxhdpi/clock_minute.png (No such file or directory)
08-30 11:50:00.140  4240  4357 E BitmapFactory: Unable to decode stream: java.io.FileNotFoundException: /oem/etc/theme/icons/dynamic_icon/com.android.BBKClock/res/drawable-sw360dp-xxhdpi/clock_dial.png (No such file or directory)
08-30 11:50:00.143  4240  4357 E BitmapFactory: Unable to decode stream: java.io.FileNotFoundException: /oem/etc/theme/icons/dynamic_icon/com.android.BBKClock/res/drawable-sw360dp-xxhdpi/clock_dial_center.png (No such file or directory)
08-30 11:50:00.363  6114  6124 I cn.missevan: NativeAlloc concurrent copying GC freed 55031(3MB) AllocSpace objects, 21(1268KB) LOS objects, 49% free, 15MB/30MB, paused 179us total 200.095ms
08-30 11:50:00.386  1724  2070 I chatty  : uid=1000(system) WifiStateMachin expire 4 lines
08-30 11:50:01.155   717   717 I SurfaceFlinger: FPS: 21
08-30 11:50:01.526  6910  6938 I appium  : AppiumResponse: {"sessionId":"ff9bd115-d71d-4f15-b976-a989c61aa262","value":{"error":"no such element","message":"An element could not be located on the page using the given search parameters","stacktrace":"io.appium.uiautomator2.common.exceptions.ElementNotFoundException: An element could not be located on the pag
08-30 11:50:02.065   694   756 E ANDR-PERF-MPCTL: Invalid profile no. 0, total profiles 0 only
08-30 11:50:02.068  6910  6938 I appium  : channel read: POST /wd/hub/session/ff9bd115-d71d-4f15-b976-a989c61aa262/element
08-30 11:50:02.075  6910  6938 I appium  : FindElement command
08-30 11:50:02.080  6910  6938 I appium  : method: 'id', selector: 'cn.missevan:id/live_cover', contextId: ''
08-30 11:50:02.081  6910  6938 I appium  : Waiting up to 10000ms for the device to idle
08-30 11:50:02.170   717   717 I SurfaceFlinger: FPS: 16
08-30 11:50:03.187   717   717 I SurfaceFlinger: FPS: 48
08-30 11:50:03.541  4240  4431 V SingleDBHelper: onOpen
08-30 11:50:03.864  6910  6938 I appium  : AppiumResponse: {"sessionId":"ff9bd115-d71d-4f15-b976-a989c61aa262","value":{"error":"no such element","message":"An element could not be located on the page using the given search parameters","stacktrace":"io.appium.uiautomator2.common.exceptions.ElementNotFoundException: An element could not be located on the pag
08-30 11:50:04.193   717   717 I SurfaceFlinger: FPS: 10
08-30 11:50:04.408  6910  6938 I appium  : channel read: GET /wd/hub/session/ff9bd115-d71d-4f15-b976-a989c61aa262/screenshot
08-30 11:50:04.409  6910  6938 I appium  : CaptureScreenshot command
08-30 11:50:04.612   717   717 I ConfigStore: android::hardware::configstore::V1_0::ISurfaceFlingerConfigs::hasHDRDisplay retrieved: 0
08-30 11:50:04.614   717   717 I chatty  : uid=1000(system) /system/bin/surfaceflinger identical 4 lines
