08-30 11:30:53.478  4732  4732 E FileNotFoundException: 	at android.app.servertransaction.TransactionExecutor.execute(TransactionExecutor.java:68)
08-30 11:30:53.478  4732  4732 E FileNotFoundException: 	at android.app.ActivityThread$H.handleMessage(ActivityThread.java:2009)
08-30 11:30:53.478  4732  4732 E FileNotFoundException: 	at android.os.Handler.dispatchMessage(Handler.java:106)
08-30 11:30:53.478  4732  4732 E FileNotFoundException: 	at android.os.Looper.loop(Looper.java:224)
08-30 11:30:53.478  4732  4732 E FileNotFoundException: 	at android.app.ActivityThread.main(ActivityThread.java:7042)
08-30 11:30:53.478  4732  4732 E FileNotFoundException: 	at java.lang.reflect.Method.invoke(Native Method)
08-30 11:30:53.478  4732  4732 E FileNotFoundException: 	at com.android.internal.os.RuntimeInit$MethodAndArgsCaller.run(RuntimeInit.java:536)
08-30 11:30:53.478  4732  4732 E FileNotFoundException: 	at com.android.internal.os.ZygoteInit.main(ZygoteInit.java:868)
08-30 11:30:53.478  4732  4732 E FileNotFoundException:
08-30 11:30:53.604  4732  4732 E NowPlayingFragmentVM: [main] New NowPlayingViewModel instance
08-30 11:30:53.648   685   884 I chatty  : uid=1000(system) sensors@1.0-ser expire 11 lines
08-30 11:30:53.444  1724  2178 I chatty  : uid=1000(system) AutobacklightTh identical 13 lines
08-30 11:30:53.688  1724  1855 I ActivityManager: Start proc 4948:cn.missevan:player.single/u0a597 for service cn.missevan/.lib.common.player.service.aidl.AidlPlayerService
08-30 11:30:53.698  4948  4948 E n:player.singl: Not starting debugger since process cannot load the jdwp agent.
08-30 11:30:53.752  4948  4948 I n:player.singl: The ClassLoaderContext is a special shared library.
08-30 11:30:53.774  4732  4732 D OpenGLRenderer: Skia GL Pipeline
08-30 11:30:53.793  1724  2363 E WindowManager: App trying to use insecure INPUT_FEATURE_NO_INPUT_CHANNEL flag. Ignoring
08-30 11:30:53.812  4948  4948 I Perf    : Connecting to perf service.
08-30 11:30:53.820  4948  4948 D Tinker.TinkerLoader: tryLoad test test
08-30 11:30:53.827  4948  4948 W Tinker.TinkerLoader: tryLoadPatchFiles:patch dir not exist:/data/user/0/cn.missevan/tinker
08-30 11:30:53.837  4948  4948 D Tinker.DefaultAppLike: onBaseContextAttached:
08-30 11:30:53.839  4948  4948 I MultiDex: VM with version 2.1.0 has multidex support
08-30 11:30:53.839  4948  4948 I MultiDex: Installing application
08-30 11:30:53.839  4948  4948 I MultiDex: VM has multidex support, MultiDex support library is disabled.
08-30 11:30:53.845  1724  3997 D ConnectivityService: requestNetwork for uid/pid:10597/4732 NetworkRequest [ TRACK_DEFAULT id=523, [ Capabilities: INTERNET&NOT_RESTRICTED&TRUSTED Unwanted:  Uid: 10597] ]
08-30 11:30:53.846  1724  2157 I chatty  : uid=1000(system) EthernetService expire 3 lines
08-30 11:30:53.846  1724  2084 D ConnectivityService: isWifiPoorLink:false, nai.everValidated:true, networkType:1, networkDetailedState:CONNECTED, nai.isLingering():false, unneeded(nai, UnneededFor.TEARDOWN):false
08-30 11:30:53.846  2831  2831 D PhoneSwitcherNetworkRequstListener: got request NetworkRequest [ TRACK_DEFAULT id=523, [ Capabilities: INTERNET&NOT_RESTRICTED&TRUSTED Unwanted:  Uid: 10597] ] with score 60
08-30 11:30:53.848  1724  1855 I ActivityManager: Start proc 4981:cn.missevan:player/u0a597 for service cn.missevan/.play.player.PlayerService
08-30 11:30:53.852  4948  4948 D Tinker.DefaultAppLike: onCreate
08-30 11:30:53.855  1724  2084 D ConnectivityService: isWifiPoorLink:false, nai.everValidated:true, networkType:1, networkDetailedState:CONNECTED, nai.isLingering():false, unneeded(nai, UnneededFor.TEARDOWN):false
08-30 11:30:53.855  4732  4820 I cr_BiliCrLibraryLoader: BiliCr version: 88.0.4324.188, arch: aarch64
08-30 11:30:53.857  4732  4820 W chromium: [0830/113053.857516:WARNING:httpdns_adapter.cc(290)] HttpDns init
08-30 11:30:53.866  4981  4981 E missevan:playe: Not starting debugger since process cannot load the jdwp agent.
08-30 11:30:53.890  4732  4992 I chromium: [0830/113053.889971:INFO:httpdns.cc(234)] OnEffectiveConnectionTypeChanged called by httpdns context networks 5
08-30 11:30:53.902  4732  4975 I Adreno  : QUALCOMM build                   : 9128d71, Ib33d3e8e13
08-30 11:30:53.902  4732  4975 I Adreno  : Build Date                       : 11/02/18
08-30 11:30:53.902  4732  4975 I Adreno  : OpenGL ES Shader Compiler Version: EV031.25.03.01
08-30 11:30:53.902  4732  4975 I Adreno  : Local Branch                     :
08-30 11:30:53.902  4732  4975 I Adreno  : Remote Branch                    :
08-30 11:30:53.902  4732  4975 I Adreno  : Remote Branch                    :
08-30 11:30:53.902  4732  4975 I Adreno  : Reconstruct Branch               :
08-30 11:30:53.902  4732  4975 I Adreno  : Build Config                     : S L 6.0.7 AArch64
08-30 11:30:53.909  4732  4975 I Adreno  : PFP: 0x005ff112, ME: 0x005ff066
08-30 11:30:53.915  4732  4975 I ConfigStore: android::hardware::configstore::V1_0::ISurfaceFlingerConfigs::hasWideColorDisplay retrieved: 0
08-30 11:30:53.916  4732  4975 I ConfigStore: android::hardware::configstore::V1_0::ISurfaceFlingerConfigs::hasHDRDisplay retrieved: 0
08-30 11:30:53.916  4732  4975 I OpenGLRenderer: Initialized EGL, version 1.4
08-30 11:30:53.917  4732  4975 D OpenGLRenderer: Swap behavior 2
08-30 11:30:53.926   717   805 E         : IProducerListener: malformed binder reply
08-30 11:30:53.936  1724  9731 I PackageManager: ### pkg:Package{ea171a9 cn.missevan}
08-30 11:30:53.943  4732  4992 E chromium: [0830/113053.942346:ERROR:request.cc(346)] Error net::ERR_CONNECTION_RESET on chromium request: http://203.107.1.34/191607/resolve?host=data.missevan.com&query=4
08-30 11:30:53.944  4732  4988 E chromium: [0830/113053.944103:ERROR:response_handler.cc(47)] OnFailed net::ERR_CONNECTION_RESET
08-30 11:30:53.957  4981  4981 I missevan:playe: The ClassLoaderContext is a special shared library.
08-30 11:30:53.994  4732  4813 I MobclickAgent: module init:apszion
08-30 11:30:54.001  1724  1877 I chatty  : uid=1000(system) android.display expire 1 line
08-30 11:30:54.010  4981  4981 I Perf    : Connecting to perf service.
08-30 11:30:54.012  4732  4813 E cn.missevan: Invalid ID 0x00000000.
08-30 11:30:54.014  4121  4121 D logVersionTime: 20201215
08-30 11:30:54.017  4732  4798 E DownloadFileResolver: [DefaultDispatcher-worker-4] [-2016085846] 
08-30 11:30:54.017  4732  4798 E DownloadFileResolver: [DefaultDispatcher-worker-4] [-334029172] 
08-30 11:30:54.018  4732  4798 E FileNotFoundException: [DefaultDispatcher-worker-4] java.io.FileNotFoundException: /storage/emulated/0/Android/data/cn.missevan/files/Audio/SoundBlob/.temp: open failed: EISDIR (Is a directory)
08-30 11:30:54.018  4732  4798 E FileNotFoundException: 	at libcore.io.IoBridge.open(IoBridge.java:485)
08-30 11:30:54.018  4732  4798 E FileNotFoundException: 	at java.io.RandomAccessFile.<init>(RandomAccessFile.java:288)
08-30 11:30:54.018  4732  4798 E FileNotFoundException: 	at cn.missevan.transfer.download.meta.DownloadFileHeader.checkout(SourceFile:78)
08-30 11:30:54.018  4732  4798 E FileNotFoundException: 	at cn.missevan.a.b$d.invokeSuspend(SourceFile:43)
08-30 11:30:54.018  4732  4798 E FileNotFoundException: 	at kotlin.f.c.a.a.resumeWith(SourceFile:33)
08-30 11:30:54.018  4732  4798 E FileNotFoundException: 	at kotlinx.coroutines.DispatchedTask.run(SourceFile:106)
08-30 11:30:54.018  4732  4798 E FileNotFoundException: 	at kotlinx.coroutines.scheduling.CoroutineScheduler.runSafely(SourceFile:571)
08-30 11:30:54.018  4732  4798 E FileNotFoundException: 	at kotlinx.coroutines.scheduling.CoroutineScheduler$Worker.executeTask(SourceFile:750)
08-30 11:30:54.018  4732  4798 E FileNotFoundException: 	at kotlinx.coroutines.scheduling.CoroutineScheduler$Worker.runWorker(SourceFile:678)
08-30 11:30:54.018  4732  4798 E FileNotFoundException: 	at kotlinx.coroutines.scheduling.CoroutineScheduler$Worker.run(SourceFile:665)
08-30 11:30:54.018  4732  4798 E FileNotFoundException: Caused by: android.system.ErrnoException: open failed: EISDIR (Is a directory)
08-30 11:30:54.018  4732  4798 E FileNotFoundException: 	at libcore.io.IoBridge.open(IoBridge.java:475)
08-30 11:30:54.018  4732  4798 E FileNotFoundException: 	... 9 more
08-30 11:30:54.018  4732  4798 E FileNotFoundException:
08-30 11:30:54.018  4732  4798 E DownloadFileResolver: [DefaultDispatcher-worker-4] [.temp] 
08-30 11:30:54.019  4732  4798 E DownloadFileResolver: [DefaultDispatcher-worker-4] [-722015345] 
08-30 11:30:54.019  4732  4798 E DownloadFileResolver: [DefaultDispatcher-worker-4] [-1619050051] 
08-30 11:30:54.019  4732  4798 E DownloadFileResolver: [DefaultDispatcher-worker-4] [-645142321] 
08-30 11:30:54.020  4732  4798 E DownloadFileResolver: [DefaultDispatcher-worker-4] [-1051614782] 
08-30 11:30:54.020  4732  4798 E DownloadFileResolver: [DefaultDispatcher-worker-4] [-29255086] 
08-30 11:30:54.020  4732  4798 E DownloadFileResolver: [DefaultDispatcher-worker-4] [-1163670315] 
08-30 11:30:54.021  4732  4798 E DownloadFileResolver: [DefaultDispatcher-worker-4] [-1314070294] 
08-30 11:30:54.021  4732  4798 E DownloadFileResolver: [DefaultDispatcher-worker-4] [-378238326] 
08-30 11:30:54.021  4732  4798 E DownloadFileResolver: [DefaultDispatcher-worker-4] [-1710837259] 
08-30 11:30:54.022  4732  4798 E DownloadFileResolver: [DefaultDispatcher-worker-4] [-1104855738] 
08-30 11:30:54.023  4981  4981 D Tinker.TinkerLoader: tryLoad test test
08-30 11:30:54.027  4981  4981 W Tinker.TinkerLoader: tryLoadPatchFiles:patch dir not exist:/data/user/0/cn.missevan/tinker
08-30 11:30:54.036  4981  4981 D Tinker.DefaultAppLike: onBaseContextAttached:
08-30 11:30:54.038  4981  4981 I MultiDex: VM with version 2.1.0 has multidex support
08-30 11:30:54.038  4981  4981 I MultiDex: Installing application
08-30 11:30:54.038  4981  4981 I MultiDex: VM has multidex support, MultiDex support library is disabled.
08-30 11:30:54.039  4732  4798 E DownloadFileResolver: [DefaultDispatcher-worker-4] [-1991224889] 
08-30 11:30:54.039  4732  4798 E DownloadFileResolver: [DefaultDispatcher-worker-4] [-258302866] 
08-30 11:30:54.040  4732  4798 E DownloadFileResolver: [DefaultDispatcher-worker-4] [-120316969] 
08-30 11:30:54.040  4732  4798 E DownloadFileResolver: [DefaultDispatcher-worker-4] [-1848958127] 
08-30 11:30:54.045  4732  4732 E libc    : Access denied finding property "persist.vendor.radio.msim.stackid_0"
08-30 11:30:54.038  4732  4732 W cn.missevan: type=1400 audit(0.0:34140): avc: denied { read } for name="u:object_r:vendor_radio_prop:s0" dev="tmpfs" ino=12528 scontext=u:r:untrusted_app:s0:c85,c258,c512,c768 tcontext=u:object_r:vendor_radio_prop:s0 tclass=file permissive=0
08-30 11:30:54.048  1724 13522 I chatty  : uid=1000(system) Binder:1724_1B expire 9 lines
08-30 11:30:54.050  4981  4981 D Tinker.DefaultAppLike: onCreate
08-30 11:30:54.052  4121  4121 D MainImeServiceDel: mHandler = 76
08-30 11:30:54.052  4732  4732 E SecurityException: [main] java.lang.SecurityException: getImeiForSlot
08-30 11:30:54.052  4732  4732 E SecurityException: 	at android.os.Parcel.createException(Parcel.java:1950)
08-30 11:30:54.052  4732  4732 E SecurityException: 	at android.os.Parcel.readException(Parcel.java:1918)
08-30 11:30:54.052  4732  4732 E SecurityException: 	at android.os.Parcel.readException(Parcel.java:1868)
08-30 11:30:54.052  4732  4732 E SecurityException: 	at com.android.internal.telephony.ITelephony$Stub$Proxy.getImeiForSlot(ITelephony.java:5514)
08-30 11:30:54.052  4732  4732 E SecurityException: 	at android.telephony.TelephonyManager.getImei(TelephonyManager.java:1331)
08-30 11:30:54.052  4732  4732 E SecurityException: 	at cn.missevan.lib.utils.t.i(SourceFile:294)
08-30 11:30:54.052  4732  4732 E SecurityException: 	at cn.missevan.lib.utils.s.getImei(SourceFile:102)
08-30 11:30:54.052  4732  4732 E SecurityException: 	at cn.missevan.library.baseapp.BaseApplication.getImei(SourceFile:725)
08-30 11:30:54.052  4732  4732 E SecurityException: 	at cn.missevan.library.statistics.StatisticsTable.getDeviceId(SourceFile:188)
08-30 11:30:54.052  4732  4732 E SecurityException: 	at java.lang.reflect.Method.invoke(Native Method)
08-30 11:30:54.052  4732  4732 E SecurityException: 	at com.alibaba.fastjson.util.FieldInfo.get(SourceFile:571)
08-30 11:30:54.052  4732  4732 E SecurityException: 	at com.alibaba.fastjson.serializer.FieldSerializer.getPropertyValueDirect(SourceFile:143)
08-30 11:30:54.052  4732  4732 E SecurityException: 	at com.alibaba.fastjson.serializer.JavaBeanSerializer.write(SourceFile:284)
08-30 11:30:54.052  4732  4732 E SecurityException: 	at com.alibaba.fastjson.serializer.JavaBeanSerializer.write(SourceFile:154)
08-30 11:30:54.052  4732  4732 E SecurityException: 	at com.alibaba.fastjson.serializer.ListSerializer.write(SourceFile:135)
08-30 11:30:54.052  4732  4732 E SecurityException: 	at com.alibaba.fastjson.serializer.JSONSerializer.write(SourceFile:312)
08-30 11:30:54.052  4732  4732 E SecurityException: 	at com.alibaba.fastjson.JSON.toJSONString(SourceFile:793)
08-30 11:30:54.052  4732  4732 E SecurityException: 	at com.alibaba.fastjson.JSON.toJSONString(SourceFile:731)
08-30 11:30:54.052  4732  4732 E SecurityException: 	at com.alibaba.fastjson.JSON.toJSONString(SourceFile:688)
08-30 11:30:54.052  4732  4732 E SecurityException: 	at cn.missevan.play.hook.StatisticsCommonImpl.buildBody(SourceFile:110)
08-30 11:30:54.052  4732  4732 E SecurityException: 	at cn.missevan.play.hook.StatisticsCommonImpl.sendLog(SourceFile:78)
08-30 11:30:54.052  4732  4732 E SecurityException: 	at cn.missevan.play.hook.AbsStatistics.sendRequestDatas(SourceFile:96)
08-30 11:30:54.052  4732  4732 E SecurityException: 	at cn.missevan.play.hook.StatisticsCommonImpl.lambda$reportData$1$StatisticsCommonImpl(SourceFile:69)
08-30 11:30:54.052  4732  4732 E SecurityException: 	at cn.missevan.play.hook.-$$Lambda$StatisticsCommonImpl$1ihaZTd5OL23Up_e7q_C9AiHJ0Q.accept(Unknown Source:4)
08-30 11:30:54.052  4732  4732 E SecurityException: 	at io.a.g.d.u.onNext(SourceFile:63)
08-30 11:30:54.052  4732  4732 E SecurityException: 	at io.a.g.e.e.cd$a.ccY(SourceFile:201)
08-30 11:30:54.052  4732  4732 E SecurityException: 	at io.a.g.e.e.cd$a.run(SourceFile:255)
08-30 11:30:54.052  4732  4732 E SecurityException: 	at io.a.a.b.b$b.run(SourceFile:124)
08-30 11:30:54.052  4732  4732 E SecurityException: 	at android.os.Handler.handleCallback(Handler.java:873)
08-30 11:30:54.052  4732  4732 E SecurityException: 	at android.os.Handler.dispatchMessage(Handler.java:99)
08-30 11:30:54.052  4732  4732 E SecurityException: 	at android.os.Looper.loop(Looper.java:224)
08-30 11:30:54.052  4732  4732 E SecurityException: 	at android.app.ActivityThread.main(ActivityThread.java:7042)
08-30 11:30:54.052  4732  4732 E SecurityException: 	at java.lang.reflect.Method.invoke(Native Method)
08-30 11:30:54.052  4732  4732 E SecurityException: 	at com.android.internal.os.RuntimeInit$MethodAndArgsCaller.run(RuntimeInit.java:536)
08-30 11:30:54.052  4732  4732 E SecurityException: 	at com.android.internal.os.ZygoteInit.main(ZygoteInit.java:868)
08-30 11:30:54.052  4732  4732 E SecurityException:
08-30 11:30:54.066  1724  9731 I chatty  : uid=1000(system) Binder:1724_19 expire 7 lines
08-30 11:30:54.058  4948  4948 W pool-3-thread-1: type=1400 audit(0.0:34141): avc: denied { read } for name="version" dev="proc" ino=4026532090 scontext=u:r:untrusted_app:s0:c85,c258,c512,c768 tcontext=u:object_r:proc_version:s0 tclass=file permissive=0
08-30 11:30:54.114  4948  5055 D NetworkSecurityConfig: Using Network Security Config from resource d debugBuild: false
08-30 11:30:54.120  4948  5055 I DpmTcmClient: RegisterTcmMonitor from: $Proxy0
08-30 11:30:54.148  4732  4745 I cn.missevan: Background concurrent copying GC freed 217379(10MB) AllocSpace objects, 116(10MB) LOS objects, 50% free, 11MB/23MB, paused 265us total 154.374ms
08-30 11:30:54.166  1724  2023 I Letterbox: setColorInner, color = ffffffff, callers = com.android.server.wm.VivoBaseLetterbox$VivoBaseLetterboxSurface.setColor:66 com.android.server.wm.VivoBaseLetterbox.setColors:46 com.android.server.wm.VivoBaseAppWindowToken.updateLetterboxColor:323 com.android.server.wm.VivoBaseAppWindowToken.updateLetterboxSurface:82 com.android.server.wm.AppWindowToken.updateLetterboxSurface:1669
08-30 11:30:54.172   717  4080 W SurfaceFlinger: Attempting to set client state on removed layer: Splash Screen cn.missevan#0
08-30 11:30:54.172   717  4080 W SurfaceFlinger: Attempting to destroy on removed layer: Splash Screen cn.missevan#0
08-30 11:30:54.182   717   717 I SurfaceFlinger: FPS: 42
08-30 11:30:54.244  1724  2931 W PackageManager: setEnabledSetting  packageName:cn.missevan className:com.taobao.accs.ChannelService newState:1 userId:0 callingPackage:null
08-30 11:30:54.248  4981  4981 W pool-3-thread-1: type=1400 audit(0.0:34142): avc: denied { read } for name="version" dev="proc" ino=4026532090 scontext=u:r:untrusted_app:s0:c85,c258,c512,c768 tcontext=u:object_r:proc_version:s0 tclass=file permissive=0
08-30 11:30:54.275  4948  4963 I n:player.singl: Background concurrent copying GC freed 6173(1134KB) AllocSpace objects, 4(80KB) LOS objects, 49% free, 2MB/4MB, paused 401us total 121.921ms
08-30 11:30:54.300  4948  4948 D BLOG-EVENT-Network: network changed: 3=>1
08-30 11:30:54.317  4981  5111 D NetworkSecurityConfig: Using Network Security Config from resource d debugBuild: false
08-30 11:30:54.323  4981  5111 I DpmTcmClient: RegisterTcmMonitor from: $Proxy0
08-30 11:30:54.397  4948  4948 I @@@BBPLOG: Info T933CA548 CPlayMain L94 BPSDK 3.0.0.216, 12:43:35 Jul 18 2022. CPU: ARMV8. OS
08-30 11:30:54.399   715   715 V AudioPolicyService: registerClient() client 0xef19ce20, uid 10597
08-30 11:30:54.411  4732  4732 I ExoPlayerImpl: Init df3653e [ExoPlayerLib/2.17.1] [PD1728, vivo X21A, vivo, 28]
08-30 11:30:54.450   715   715 V AudioFlinger: registerClient() client 0xef1957a0, pid 4732
08-30 11:30:54.450   715   715 V AudioFlinger: sendConfigEvent_l() num events 1 event 0
08-30 11:30:54.450   715   715 V AudioFlinger: sendConfigEvent_l() num events 1 event 0
08-30 11:30:54.450   715   913 V AudioFlinger: thread 0xed395880 type 0 TID 913 waking up
08-30 11:30:54.450   715   715 V AudioFlinger: sendConfigEvent_l() num events 1 event 0
08-30 11:30:54.450   715   916 V AudioFlinger: thread 0xecd03080 type 0 TID 916 waking up
08-30 11:30:54.451   715   913 V AudioFlinger: acquireWakeLock_l() AudioOut_D status 0
08-30 11:30:54.451   715   913 D AudioFlinger: updateWakeLockUids_l AudioOut_D uids:
08-30 11:30:54.451   715   913 V AudioFlinger: updateWakeLockUids_l() AudioOut_D status 0
08-30 11:30:54.451   715   916 V AudioFlinger: acquireWakeLock_l() AudioOut_25 status 0
08-30 11:30:54.451   715   916 D AudioFlinger: updateWakeLockUids_l AudioOut_25 uids:
08-30 11:30:54.451   715   913 V AudioFlinger: processConfigEvents_l() remaining events 1
08-30 11:30:54.451   715   916 V AudioFlinger: updateWakeLockUids_l() AudioOut_25 status 0
08-30 11:30:54.451   715   913 V AudioFlinger: PlaybackThread::ioConfigChanged, thread 0xed395880, event 0
08-30 11:30:54.451   715   916 V AudioFlinger: processConfigEvents_l() remaining events 1
08-30 11:30:54.451   715   916 V AudioFlinger: PlaybackThread::ioConfigChanged, thread 0xecd03080, event 0
08-30 11:30:54.451   715   915 V AudioFlinger: thread 0xed003f40 type 0 TID 915 waking up
08-30 11:30:54.451   715   913 V AudioFlinger: processConfigEvents_l() DONE thread 0xed395880
08-30 11:30:54.452   715   915 V AudioFlinger: acquireWakeLock_l() AudioOut_15 status 0
08-30 11:30:54.452   715   915 D AudioFlinger: updateWakeLockUids_l AudioOut_15 uids:
08-30 11:30:54.452   715   915 V AudioFlinger: updateWakeLockUids_l() AudioOut_15 status 0
08-30 11:30:54.452   715   915 V AudioFlinger: processConfigEvents_l() remaining events 1
08-30 11:30:54.452   715   915 V AudioFlinger: PlaybackThread::ioConfigChanged, thread 0xed003f40, event 0
08-30 11:30:54.452   715   915 V AudioFlinger: processConfigEvents_l() DONE thread 0xed003f40
08-30 11:30:54.453   715   916 V AudioFlinger: processConfigEvents_l() DONE thread 0xecd03080
08-30 11:30:54.454   715   715 V APM::AudioPolicyEngine: getDeviceForStrategy() strategy 0, device 2
08-30 11:30:54.476  4732  4745 I cn.missevan: Background concurrent copying GC freed 143039(8MB) AllocSpace objects, 46(4MB) LOS objects, 50% free, 16MB/32MB, paused 907us total 246.872ms
08-30 11:30:54.488  1724  7979 W PackageManager: setEnabledSetting  packageName:cn.missevan className:com.taobao.accs.ChannelService newState:1 userId:0 callingPackage:null
08-30 11:30:54.490  4732  5139 D MetadataUtil: Skipped unknown metadata entry: desc
08-30 11:30:54.490  4948  4963 I n:player.singl: Background concurrent copying GC freed 38595(2MB) AllocSpace objects, 14(280KB) LOS objects, 50% free, 7MB/14MB, paused 94us total 129.435ms
08-30 11:30:54.510  4732  5131 W AudioCapabilities: Unsupported mime audio/adpcm
08-30 11:30:54.511  4732  5131 W AudioCapabilities: Unsupported mime audio/x-ms-adpcm
08-30 11:30:54.512  4732  5131 W AudioCapabilities: Unsupported mime audio/alac
08-30 11:30:54.512 29067 29186 D MemoryCeilingMonitor: [handleMemoryCalculate]
08-30 11:30:54.512 29067 29186 D MemoryCeilingMonitor: [calculate] tot: 3191936, max: 268435456, free: 732384, heap: 2459552, per: 0.009162545204162598
08-30 11:30:54.517  4732  5131 W AudioCapabilities: Unsupported mime audio/ape
08-30 11:30:54.518  4732  5131 W AudioCapabilities: Unsupported mime audio/dsd
08-30 11:30:54.524  4732  5131 W AudioCapabilities: Unsupported mime audio/mpeg-L1
08-30 11:30:54.525  4732  5131 W AudioCapabilities: Unsupported mime audio/mpeg-L2
08-30 11:30:54.527  4732  5131 W AudioCapabilities: Unsupported mime audio/pcm
08-30 11:30:54.528  4732  5131 W AudioCapabilities: Unsupported mime audio/ra
08-30 11:30:54.531  4732  5131 W AudioCapabilities: Unsupported mime audio/x-ms-wma
08-30 11:30:54.541  4948  4948 I cr_BiliCrLibraryLoader: BiliCr version: 88.0.4324.188, arch: aarch64
08-30 11:30:54.542  1724  9731 D ConnectivityService: requestNetwork for uid/pid:10597/4948 NetworkRequest [ TRACK_DEFAULT id=525, [ Capabilities: INTERNET&NOT_RESTRICTED&TRUSTED Unwanted:  Uid: 10597] ]
08-30 11:30:54.543  2831  2831 D PhoneSwitcherNetworkRequstListener: got request NetworkRequest [ TRACK_DEFAULT id=525, [ Capabilities: INTERNET&NOT_RESTRICTED&TRUSTED Unwanted:  Uid: 10597] ] with score 60
08-30 11:30:54.543  1724  2084 D ConnectivityService: isWifiPoorLink:false, nai.everValidated:true, networkType:1, networkDetailedState:CONNECTED, nai.isLingering():false, unneeded(nai, UnneededFor.TEARDOWN):false
08-30 11:30:54.543  4948  4948 W chromium: [0830/113054.541254:WARNING:httpdns_adapter.cc(290)] HttpDns init
08-30 11:30:54.544  4732  5131 W VideoCapabilities: Unsupported mime video/divx
08-30 11:30:54.545  4981  4981 D BLOG-EVENT-Network: network changed: 3=>1
08-30 11:30:54.545  4732  5131 W VideoCapabilities: Unsupported mime video/divx3
08-30 11:30:54.547  4732  5131 W VideoCapabilities: Unsupported mime video/divx311
08-30 11:30:54.549  4732  5131 W VideoCapabilities: Unsupported mime video/divx4
08-30 11:30:54.551  4732  5131 W VideoCapabilities: Unsupported mime video/flv1
08-30 11:30:54.551  4948  4948 I @@@BBPLOG: Info T933CA548 CPlayMain L243 The DataLog UserID: 0XDDA9F5
08-30 11:30:54.551  4948  4948 I @@@BBPLOG: Info T933CA548 CPlayMain L250 The DataLog BUVID: XY277FF2DFB139F19721118D30677E832AAF4
08-30 11:30:54.551  4948  4948 I @@@BBPLOG: Info T933CA548 CPlayMain L264 The DataLog AppVer: 5.7.2
08-30 11:30:54.551  4948  4948 I @@@BBPLOG: Info T933CA548 CPlayMain L284 The DataLog app type:   6
08-30 11:30:54.551  4948  4948 I @@@BBPLOG: Info T933ca548 BBPFuncLog L123 ----CIPMng::Clear Value is 00000000 start.
08-30 11:30:54.551  4948  4948 I @@@BBPLOG: Info T933ca548 BBPFuncLog L142 ----CIPMng::Clear leave! no return. Ussed Time: 0
08-30 11:30:54.551  4948  4948 I @@@BBPLOG: Info T933CA548 CPlayMain L272 The DataLog net type: 3
08-30 11:30:54.551  4948  4948 I @@@BBPLOG: Info T933CA548 CPlayMain L312 Set cronet engine: 0x720c7ef840
08-30 11:30:54.552  4948  4948 I @@@BBPLOG: Info T933CA548 CPlayMain L243 The DataLog UserID: 0XDDA9F5
08-30 11:30:54.552  4948  4948 I @@@BBPLOG: Info T933CA548 CPlayMain L264 The DataLog AppVer: 5.7.2
08-30 11:30:54.552  4732  5131 W VideoCapabilities: Unsupported mime video/x-flv
08-30 11:30:54.553  4948  4948 I @@@BBPLOG: Info T933CA548 CPlayMain L250 The DataLog BUVID: XY277FF2DFB139F19721118D30677E832AAF4
08-30 11:30:54.560  2765  3773 I chatty  : uid=1000(system) MotorModeDaemon expire 1 line
08-30 11:30:54.560  1724  7979 I chatty  : uid=1000(system) Binder:1724_18 expire 24 lines
08-30 11:30:54.560  1724  2084 D ConnectivityService: isWifiPoorLink:false, nai.everValidated:true, networkType:1, networkDetailedState:CONNECTED, nai.isLingering():false, unneeded(nai, UnneededFor.TEARDOWN):false
08-30 11:30:54.560  2765  3873 I chatty  : uid=1000(system) Binder:2765_4 expire 1 line
08-30 11:30:54.560  2765  3772 I chatty  : uid=1000(system) GamepadService expire 1 line
08-30 11:30:54.561  4732  5131 W VideoCapabilities: Unrecognized profile 4 for video/hevc
08-30 11:30:54.565  4732  5131 W VideoCapabilities: Unsupported mime video/mjpeg
08-30 11:30:54.566  2765 16737 I chatty  : uid=1000(system) Binder:2765_E expire 2 lines
08-30 11:30:54.566  4732  5131 W VideoCapabilities: Unsupported mime video/x-motion-jpeg
08-30 11:30:54.567  2765  3873 I chatty  : uid=1000(system) Binder:2765_4 expire 2 lines
08-30 11:30:54.568  4732  5131 W VideoCapabilities: Unrecognized profile/level 0/3 for video/mpeg2
08-30 11:30:54.569  2765 14957 I chatty  : uid=1000(system) Binder:2765_C expire 2 lines
08-30 11:30:54.570  2765 16737 I chatty  : uid=1000(system) Binder:2765_E expire 3 lines
08-30 11:30:54.570  2765 14957 I chatty  : uid=1000(system) Binder:2765_C expire 2 lines
08-30 11:30:54.570  4732  5131 W VideoCapabilities: Unrecognized profile/level 0/3 for video/mpeg2
08-30 11:30:54.571  2765  2765 I chatty  : uid=1000(system) com.vivo.daemonService expire 5 lines
08-30 11:30:54.577  4732  5131 W VideoCapabilities: Unsupported mime video/rv
08-30 11:30:54.579  4732  5131 W VideoCapabilities: Unsupported mime video/x-ms-wmv
08-30 11:30:54.581  4732  5131 I chatty  : uid=10597(cn.missevan) identical 1 line
08-30 11:30:54.583  4732  5131 W VideoCapabilities: Unsupported mime video/x-ms-wmv
08-30 11:30:54.584  4732  5131 W VideoCapabilities: Unsupported mime video/x-ms-wmv2
08-30 11:30:54.587  1724 13522 I PackageManager: ### pkg:Package{ea171a9 cn.missevan}
08-30 11:30:54.588  4948  5162 I chromium: [0830/113054.588599:INFO:httpdns.cc(234)] OnEffectiveConnectionTypeChanged called by httpdns context networks 5
08-30 11:30:54.592  1724  1724 V SettingsProvider: Notifying for 0: content://settings/secure/media_button_receiver
08-30 11:30:54.592  6559  6891 W Avrcp_ext: ActiveSession: updated[]
08-30 11:30:54.592  6559  6891 W Avrcp_ext: ActiveSession: browseSelectedfalsemBrowsedPlayerExistfalse
08-30 11:30:54.592  6559  6891 W Avrcp_ext: Browse Player killed OR not launched yet !!!!
08-30 11:30:54.592  6559  6891 D PlaybackState: setState position:-1
08-30 11:30:54.592  6559  6891 V Avrcp_ext: updateCurrentMediaState: mMediaController: null
08-30 11:30:54.592  2404  2432 D vol.MediaSessions: updateRemoteControllerH null
08-30 11:30:54.592  6559  6559 V Avrcp_ext: Set active media session cn.missevan
08-30 11:30:54.593  2404  2432 D vol.MediaSessions: onActiveSessionsUpdatedH n=0
08-30 11:30:54.593  6559  6891 V Avrcp_ext: isMusicActive: false getBluetoothPlayState: 0
08-30 11:30:54.593  6559  6891 V Avrcp_ext: updateCurrentMediaState: isPlaying = false, ck_play = 241
08-30 11:30:54.593  6559  6891 V Avrcp_ext: updateCurrentMediaState: mMediaController or getPlaybackState() null
08-30 11:30:54.593  6559  6891 D PlaybackState: setState position:-1
08-30 11:30:54.593  6559  6891 D PlaybackState: getActiveQueueItemId Id:-1
08-30 11:30:54.593  6559  6891 V Avrcp_ext: Media update: id 0-1? [MediaAttributes: none] : [MediaAttributes:  -  by Y (1326393 0/0) ]
08-30 11:30:54.593  6559  6559 D HeadsetService:  isAudioOn: The number of audio connected devices 0
08-30 11:30:54.593  6559  6891 V Avrcp_ext: Check if NowPlayingList is updated
08-30 11:30:54.593  6559  6559 D HeadsetService: isScoOrCallActive(): Call Active:falseCall is Ringing:falseSCO is Active:false
08-30 11:30:54.593  6559  6891 V Avrcp_ext: newPlayStatus:2mReportedPlayStatus:-1
08-30 11:30:54.593  2404  2432 D vol.MediaSessions: onActiveSessionsUpdatedH n=0
08-30 11:30:54.593  6559  6559 D HeadsetService:  isAudioOn: The number of audio connected devices 0
08-30 11:30:54.594  6559  6559 W Avrcp_ext: playState object null, sending STOPPED
08-30 11:30:54.594  6559  6559 V Avrcp_ext: isBrowseSupported for cn.missevan: true
08-30 11:30:54.594  6559  6559 D Avrcp_ext: update #3:MediaPlayerInfo cn.missevan (as 'FM') Type = 1, SubType = 0, Status = 0 Feature Bits [40 41 42 44 45 47 48 58 59 62 65 67] Controller: MediaController (cn.missevan@431519) null
08-30 11:30:54.594  6559  6559 V Avrcp_ext: updateNewIds: Addressed:3 to 3, Browse:0 to 0
08-30 11:30:54.595  6559  6559 D Avrcp_ext: updateCurrentController: null to MediaController (cn.missevan@431519) null
08-30 11:30:54.596  1724  3997 I chatty  : uid=1000(system) Binder:1724_13 expire 10 lines
08-30 11:30:54.596  6559  6559 D PlaybackState: setState position:-1
08-30 11:30:54.596  1724  1724 V SettingsProvider: Notifying for 0: content://settings/secure/media_button_receiver
08-30 11:30:54.597  6559  6891 D HeadsetService:  isAudioOn: The number of audio connected devices 0
08-30 11:30:54.597  6559  6891 D HeadsetService: isScoOrCallActive(): Call Active:falseCall is Ringing:falseSCO is Active:false
08-30 11:30:54.597  2404  2432 D vol.MediaSessions: updateRemoteControllerH null
08-30 11:30:54.597  6559  6559 V Avrcp_ext: updateCurrentMediaState: mMediaController: MediaController (cn.missevan@431519) null
08-30 11:30:54.598  2404  2432 D vol.MediaSessions: onActiveSessionsUpdatedH n=1
08-30 11:30:54.598  6559  6891 D HeadsetService:  isAudioOn: The number of audio connected devices 0
08-30 11:30:54.598  6559  6891 W Avrcp_ext: ActiveSession: updated[android.media.session.MediaController@753c9de]
08-30 11:30:54.599   715   715 V APM::AudioPolicyEngine: getDeviceForStrategy() strategy 0, device 2
08-30 11:30:54.599  6559  6559 V Avrcp_ext: isMusicActive: false getBluetoothPlayState: 0
08-30 11:30:54.601  6559  6559 D Avrcp_ext: updateCurrentMediaState: playState is null, mAudioManagerIsPlaying=false, isMusicActive=false
08-30 11:30:54.601  6559  6559 D PlaybackState: setState position:-1
08-30 11:30:54.602  6559  6559 V Avrcp_ext: updateCurrentMediaState: get media attributes:
08-30 11:30:54.602  6559  6559 D PlaybackState: getActiveQueueItemId Id:-1
08-30 11:30:54.602  6559  6559 V Avrcp_ext: Media update: id 0-1? [MediaAttributes: none] : [MediaAttributes:  -  by Y (1326393 0/0) ]
08-30 11:30:54.602  6559  6559 V Avrcp_ext: Check if NowPlayingList is updated
08-30 11:30:54.603  6559  6559 I AddressedMediaPlayer: null queue from cn.missevan, constructing single-item list
08-30 11:30:54.604  6559  6559 W AddressedMediaPlayer: Controller has no metadata!? Making an empty one
08-30 11:30:54.604  6559  6559 V Avrcp_ext: newPlayStatus:2mReportedPlayStatus:-1
08-30 11:30:54.605  6559  6559 V Avrcp_ext: Player 3 package: cn.missevan
08-30 11:30:54.605  2404  2432 D vol.MediaSessions: onActiveSessionsUpdatedH n=1
08-30 11:30:54.605   715   715 V APM::AudioPolicyEngine: getDeviceForStrategy() strategy 0, device 2
08-30 11:30:54.605  6559  6891 V Avrcp_ext: ActiveSession: MediaController (cn.missevan@753c9de) null
08-30 11:30:54.606  6559  6891 W Avrcp_ext: playState object null, sending STOPPED
08-30 11:30:54.606  6559  6891 V Avrcp_ext: isBrowseSupported for cn.missevan: true
08-30 11:30:54.606  6559  6891 D Avrcp_ext: update #3:MediaPlayerInfo cn.missevan (as 'FM') Type = 1, SubType = 0, Status = 0 Feature Bits [40 41 42 44 45 47 48 58 59 62 65 67] Controller: MediaController (cn.missevan@753c9de) null
08-30 11:30:54.606  4732  5131 I VideoCapabilities: Unsupported profile 4 for video/mp4v-es
08-30 11:30:54.606  6559  6891 V Avrcp_ext: updateNewIds: Addressed:3 to 3, Browse:0 to 0
08-30 11:30:54.607  6559  6891 D Avrcp_ext: updateCurrentController: MediaController (cn.missevan@431519) null to MediaController (cn.missevan@753c9de) null
08-30 11:30:54.607  1724  2931 I chatty  : uid=1000(system) Binder:1724_F expire 20 lines
08-30 11:30:54.608  6559  6891 D PlaybackState: setState position:-1
08-30 11:30:54.608  6559  6891 V Avrcp_ext: updateCurrentMediaState: mMediaController: MediaController (cn.missevan@753c9de) null
08-30 11:30:54.608  4732  5131 W Utils   : could not parse long range '175-174'
08-30 11:30:54.608  6559  6891 V Avrcp_ext: isMusicActive: false getBluetoothPlayState: 0
08-30 11:30:54.609  6559  6891 D Avrcp_ext: updateCurrentMediaState: playState is null, mAudioManagerIsPlaying=false, isMusicActive=false
08-30 11:30:54.610  6559  6891 D PlaybackState: setState position:-1
08-30 11:30:54.610  6559  6891 V Avrcp_ext: updateCurrentMediaState: get media attributes:
08-30 11:30:54.611  6559  6891 D PlaybackState: getActiveQueueItemId Id:-1
08-30 11:30:54.611  6559  6891 V Avrcp_ext: Media update: id 0-1? [MediaAttributes: none] : [MediaAttributes:  -  by Y (1326393 0/0) ]
08-30 11:30:54.611  6559  6891 V Avrcp_ext: Check if NowPlayingList is updated
08-30 11:30:54.612  6559  6891 I AddressedMediaPlayer: null queue from cn.missevan, constructing single-item list
08-30 11:30:54.613  6559  6891 W AddressedMediaPlayer: Controller has no metadata!? Making an empty one
08-30 11:30:54.613  6559  6891 V Avrcp_ext: newPlayStatus:2mReportedPlayStatus:-1
08-30 11:30:54.613  6559  6891 W Avrcp_ext: ActiveSession: browseSelectedfalsemBrowsedPlayerExistfalse
08-30 11:30:54.613  6559  6891 W Avrcp_ext: Browse Player killed OR not launched yet !!!!
08-30 11:30:54.613  6559  6891 D PlaybackState: setState position:-1
08-30 11:30:54.613  6559  6891 V Avrcp_ext: updateCurrentMediaState: mMediaController: MediaController (cn.missevan@753c9de) null
08-30 11:30:54.614  6559  6891 V Avrcp_ext: isMusicActive: false getBluetoothPlayState: 0
08-30 11:30:54.614  6559  6891 D Avrcp_ext: updateCurrentMediaState: playState is null, mAudioManagerIsPlaying=false, isMusicActive=false
08-30 11:30:54.614  6559  6891 D PlaybackState: setState position:-1
08-30 11:30:54.614  6559  6891 V Avrcp_ext: updateCurrentMediaState: get media attributes:
08-30 11:30:54.616  6559  6891 D PlaybackState: getActiveQueueItemId Id:-1
08-30 11:30:54.616  6559  6891 V Avrcp_ext: Media update: id 0-1? [MediaAttributes: none] : [MediaAttributes:  -  by Y (1326393 0/0) ]
08-30 11:30:54.616  6559  6891 V Avrcp_ext: Check if NowPlayingList is updated
08-30 11:30:54.616  6559  6891 I AddressedMediaPlayer: null queue from cn.missevan, constructing single-item list
08-30 11:30:54.616  6559  6891 W AddressedMediaPlayer: Controller has no metadata!? Making an empty one
08-30 11:30:54.616  6559  6891 V Avrcp_ext: newPlayStatus:2mReportedPlayStatus:-1
08-30 11:30:54.618  4732  5131 I MediaCodec: MediaCodec constructor
08-30 11:30:54.618  4732  5131 D MediaCodec: MediaCodec CreateByComponentName name:OMX.qcom.video.decoder.avc, pid:-1
08-30 11:30:54.618  4732  5131 I VideoBlackWhiteList: getVideoBWList from mediaserver
08-30 11:30:54.618   990 15472 I MediaPlayerService: MediaPlayerService::getVideoBWList
08-30 11:30:54.618   990 15472 I VideoBlackWhiteList: getLocalInstance
08-30 11:30:54.619  4732  5131 E VideoBlackWhiteList: getVideoBWList OK
08-30 11:30:54.619  4732  5131 I MediaCodec: Sucess get videobwlist
08-30 11:30:54.619  4732  5131 D MediaCodec: client name cn.missevan(4732)
08-30 11:30:54.619   990  1192 I VideoBlackWhiteList: GetSupportApp name is cn.missevan
08-30 11:30:54.619   990  1192 I VideoBlackWhiteList: IsSupportApp AppInfolist size is 1
08-30 11:30:54.619   990  1192 I VideoBlackWhiteList: this client is not in videobwlist
08-30 11:30:54.619  4732  5131 I MediaCodec:  App do not match videobwlist!
08-30 11:30:54.620  4732  5131 I ACodec  : mIsVivoLogEnable = 0
08-30 11:30:54.635  4732  5176 I OMXClient: IOmx service obtained
08-30 11:30:54.636  1011  2951 I OMXMaster: makeComponentInstance(OMX.qcom.video.decoder.avc) in omx@1.0-service process
08-30 11:30:54.639  1011  2951 E         : Service not available yet
08-30 11:30:54.645  4981  4981 I ExoPlayerImpl: Init 3952084 [ExoPlayerLib/2.17.1] [PD1728, vivo X21A, vivo, 28]
08-30 11:30:54.646  1011  2951 I OMX-VDEC-1080P: Video slvp perflock acquired
08-30 11:30:54.647  1011  2951 I OMX-VDEC-1080P: component_init: OMX.qcom.video.decoder.avc : fd=10
08-30 11:30:54.660  1011  2951 I OMX-VDEC-1080P: omx_vdec::component_init() success : fd=10
08-30 11:30:54.663  4732  5175 D SurfaceUtils: connecting to surface 0x71dbc2e010, reason connectToSurface
08-30 11:30:54.663  4732  5175 I MediaCodec: [OMX.qcom.video.decoder.avc] setting surface generation to 4845569
08-30 11:30:54.663  4732  5175 D SurfaceUtils: disconnecting from surface 0x71dbc2e010, reason connectToSurface(reconnect)
08-30 11:30:54.663  4981  5000 I missevan:playe: Background concurrent copying GC freed 13164(1269KB) AllocSpace objects, 12(240KB) LOS objects, 49% free, 8MB/16MB, paused 95us total 116.906ms
08-30 11:30:54.663  4732  5175 D SurfaceUtils: connecting to surface 0x71dbc2e010, reason connectToSurface(reconnect)
08-30 11:30:54.663  1011  2951 E OMX-VDEC-1080P: get_parameter: unknown param 7f000046
08-30 11:30:54.663  1011  2951 E OMXNodeInstance: getParameter(0xe3c88844:qcom.decoder.avc, ??(0x7f000046)) ERROR: UnsupportedIndex(0x8000101a)
08-30 11:30:54.664  4732  5176 I ACodec  : [OMX.qcom.video.decoder.avc]configureCodec AMessage(what = 'conf', target = 1) = {
08-30 11:30:54.664  4732  5176 I ACodec  :   Buffer csd-1 = {
08-30 11:30:54.664  4732  5176 I ACodec  :     00000000:  00 00 00 01 68 e8 43 9c  b2 2c                    ....h.C..,
08-30 11:30:54.664  4732  5176 I ACodec  :   }
08-30 11:30:54.664  4732  5176 I ACodec  :   int32_t max-height = 1920
08-30 11:30:54.664  4732  5176 I ACodec  :   int32_t max-width = 1080
08-30 11:30:54.664  4732  5176 I ACodec  :   string mime = "video/avc"
08-30 11:30:54.664  4732  5176 I ACodec  :   int32_t width = 1080
08-30 11:30:54.664  4732  5176 I ACodec  :   int32_t priority = 0
08-30 11:30:54.664  4732  5176 I ACodec  :   float frame-rate = 25.000000
08-30 11:30:54.664  4732  5176 I ACodec  :   int32_t rotation-degrees = 0
08-30 11:30:54.664  4732  5176 I ACodec  :   int32_t max-input-size = 55011
08-30 11:30:54.664  4732  5176 I ACodec  :   int32_t height = 1920
08-30 11:30:54.664  4732  5176 I ACodec  :   Buffer csd-0 = {
08-30 11:30:54.664  4732  5176 I ACodec  :     00000000:  00 00 00 01 67 64 00 33  ac 72 04 40 44 03 c7 97  ....gd.3.r.@D...
08-30 11:30:54.664  4732  5176 I ACodec  :     00000010:  c0 44 00 00 03 00 04 00  00 03 00 c8 3c 60 c6 11  .D..........<`..
08-30 11:30:54.664  4732  5176 I ACodec  :     00000020:  80                                                .
08-30 11:30:54.664  4732  5176 I ACodec  :   }
08-30 11:30:54.664  4732  5176 I ACodec  :   RefBase *native-window = 0x71dbc2e000
08-30 11:30:54.664  4732  5176 I ACodec  : }
08-30 11:30:54.664  1011 21078 E OMX-VDEC-1080P: Enable/Disable allocate-native-handle allowed only on input port!
08-30 11:30:54.664  1011 21078 E OMX-VDEC-1080P: set_parameter: Error: 0x80001019, setting param 0x7f00005d
08-30 11:30:54.664  1011 21078 E OMXNodeInstance: setParameter(0xe3c88844:qcom.decoder.avc, OMX.google.android.index.allocateNativeHandle(0x7f00005d): Output:1 en=0) ERROR: UnsupportedSetting(0x80001019)
08-30 11:30:54.664  4732  5176 I ExtendedACodec: setupVideoDecoder()
08-30 11:30:54.667  4981  4981 I DefaultRenderersFactory: Loaded FfmpegAudioRenderer.
08-30 11:30:54.672  4732  5176 I ExtendedACodec: Decoder will be in frame by frame mode
08-30 11:30:54.675   715   715 V AudioFlinger: registerClient() client 0xef195878, pid 4981
08-30 11:30:54.675   715   715 V AudioFlinger: sendConfigEvent_l() num events 1 event 0
08-30 11:30:54.675   715   913 V AudioFlinger: processConfigEvents_l() remaining events 1
08-30 11:30:54.675   715   913 V AudioFlinger: PlaybackThread::ioConfigChanged, thread 0xed395880, event 0
08-30 11:30:54.675   715   913 V AudioFlinger: processConfigEvents_l() DONE thread 0xed395880
08-30 11:30:54.675  1011 21078 E OMXNodeInstance: getConfig(0xe3c88844:qcom.decoder.avc, ??(0x7f000062)) ERROR: UnsupportedSetting(0x80001019)
08-30 11:30:54.675   715   715 V AudioFlinger: sendConfigEvent_l() num events 1 event 0
08-30 11:30:54.675   715   915 V AudioFlinger: processConfigEvents_l() remaining events 1
08-30 11:30:54.675   715   915 V AudioFlinger: PlaybackThread::ioConfigChanged, thread 0xed003f40, event 0
08-30 11:30:54.676   715   915 V AudioFlinger: processConfigEvents_l() DONE thread 0xed003f40
08-30 11:30:54.676   715   715 V AudioFlinger: sendConfigEvent_l() num events 1 event 0
08-30 11:30:54.676   715   916 V AudioFlinger: processConfigEvents_l() remaining events 1
08-30 11:30:54.676   715   916 V AudioFlinger: PlaybackThread::ioConfigChanged, thread 0xecd03080, event 0
08-30 11:30:54.676   715   916 V AudioFlinger: processConfigEvents_l() DONE thread 0xecd03080
08-30 11:30:54.677   715   715 V APM::AudioPolicyEngine: getDeviceForStrategy() strategy 0, device 2
08-30 11:30:54.682   669   669 W AshmemAllocator: ashmem_create_region(7077888) returning hidl_memory(0x716862c100, 7077888)
08-30 11:30:54.689   669   669 I chatty  : uid=1000(system) allocator@1.0-s identical 6 lines
08-30 11:30:54.691   669   669 W AshmemAllocator: ashmem_create_region(7077888) returning hidl_memory(0x716862c100, 7077888)
08-30 11:30:54.694  4981  4981 D PlaybackState: setState position:0
08-30 11:30:54.694  4981  4981 D PlaybackState: setActiveQueueItemId mActiveItemId:-1
08-30 11:30:54.694  4981  4981 D MediaSession: setPlaybackState start
08-30 11:30:54.694  4732  5176 D SurfaceUtils: set up nativeWindow 0x71dbc2e010 for 1080x1920, color 0x7fa30c06, rotation 0, usage 0x20002900
08-30 11:30:54.695  4981  4981 D PlaybackState: setState position:0
08-30 11:30:54.695  4981  4981 D PlaybackState: setActiveQueueItemId mActiveItemId:-1
08-30 11:30:54.695  4981  4981 D MediaSession: setPlaybackState start
08-30 11:30:54.695  2404  4217 D MediaController: onPlaybackStateChanged start####
08-30 11:30:54.695  6559 31227 D MediaController: onPlaybackStateChanged start####
08-30 11:30:54.695  6559  6891 V Avrcp_ext: onPlaybackStateChanged: state PlaybackState {state=0, position=0, buffered position=0, speed=0.0, updated=406369239, actions=101376, custom actions=[], active item id=-1, error=null}
08-30 11:30:54.695  2404  2432 D vol.MediaSessions: onPlaybackStateChanged cn.missevan STATE_NONE PlaybackState {state=0, position=0, buffered position=0, speed=0.0, updated=406369239, actions=101376, custom actions=[], active item id=-1, error=null}
08-30 11:30:54.695  6559  6891 D PlaybackState: setState position:-1
08-30 11:30:54.695  6559 31227 D MediaController: onPlaybackStateChanged start####
08-30 11:30:54.696  2404  4217 D MediaController: onPlaybackStateChanged start####
08-30 11:30:54.696  6559  6891 V Avrcp_ext: updateCurrentMediaState: mMediaController: MediaController (cn.missevan@753c9de) null
08-30 11:30:54.696  2404  2432 D vol.MediaSessions: onPlaybackStateChanged cn.missevan STATE_NONE PlaybackState {state=0, position=0, buffered position=0, speed=0.0, updated=406369240, actions=2461191, custom actions=[], active item id=-1, error=null}
08-30 11:30:54.696  6559  6891 V Avrcp_ext: isMusicActive: false getBluetoothPlayState: 0
08-30 11:30:54.696  2404  2432 D vol.MediaSessions: onMetadataChanged cn.missevan null, null, null
08-30 11:30:54.697  6559  6891 V Avrcp_ext: updateCurrentMediaState: get media attributes:
08-30 11:30:54.697  2404  2432 D vol.MediaSessions: onMetadataChanged cn.missevan null, null, null
08-30 11:30:54.698  6559  6891 I Avrcp_ext: Skipping update due to invalid playback state
08-30 11:30:54.698  6559  6891 V Avrcp_ext: updatePlaybackState, state: PlaybackState {state=0, position=0, buffered position=0, speed=0.0, updated=406369240, actions=2461191, custom actions=[], active item id=-1, error=null} device: null
08-30 11:30:54.698  6559  6891 V Avrcp_ext: Device: no name:
08-30 11:30:54.698  6559  6891 V Avrcp_ext: Device: no name:
08-30 11:30:54.698  6559  6891 V Avrcp_ext: updatePlayerStateAndPosition, old=PlaybackState {state=0, position=0, buffered position=0, speed=0.0, updated=406279133, actions=2461191, custom actions=[], active item id=-1, error=null}, state=PlaybackState {state=0, position=0, buffered position=0, speed=0.0, updated=406369240, actions=2461191, custom actions=[], active item id=-1, error=null}
08-30 11:30:54.698  6559  6891 V Avrcp_ext: old state = PlaybackState {state=0, position=0, buffered position=0, speed=0.0, updated=406279133, actions=2461191, custom actions=[], active item id=-1, error=null}, new state= PlaybackState {state=0, position=0, buffered position=0, speed=0.0, updated=406369240, actions=2461191, custom actions=[], active item id=-1, error=null}
08-30 11:30:54.699  1724  1724 D NotificationService: handleSavePolicyFile
08-30 11:30:54.700  6559  6891 D HeadsetService:  isAudioOn: The number of audio connected devices 0
08-30 11:30:54.700  6559  6891 D HeadsetService: isScoOrCallActive(): Call Active:falseCall is Ringing:falseSCO is Active:false
08-30 11:30:54.700  6559  6891 D HeadsetService:  isAudioOn: The number of audio connected devices 0
08-30 11:30:54.700  6559  6891 I Avrcp_ext: updatePlayStatusForDevice: device: null
08-30 11:30:54.700  6559  6891 V Avrcp_ext: updatePlaybackState (1): old=PlaybackState {state=0, position=0, buffered position=0, speed=0.0, updated=406279133, actions=2461191, custom actions=[], active item id=-1, error=null}(0), new=PlaybackState {state=0, position=0, buffered position=0, speed=0.0, updated=406369240, actions=2461191, custom actions=[], active item id=-1, error=null}(0)
08-30 11:30:54.700  6559  6891 I Avrcp_ext: Exit updatePlayStatusForDevice
08-30 11:30:54.700  6559  6891 D HeadsetService:  isAudioOn: The number of audio connected devices 0
08-30 11:30:54.700  6559  6891 D HeadsetService: isScoOrCallActive(): Call Active:falseCall is Ringing:falseSCO is Active:false
08-30 11:30:54.700  6559  6891 D HeadsetService:  isAudioOn: The number of audio connected devices 0
08-30 11:30:54.700  6559  6891 I Avrcp_ext: updatePlayStatusForDevice: device: null
08-30 11:30:54.701  6559  6891 V Avrcp_ext: updatePlaybackState (1): old=PlaybackState {state=0, position=0, buffered position=0, speed=0.0, updated=406279133, actions=2461191, custom actions=[], active item id=-1, error=null}(0), new=PlaybackState {state=0, position=0, buffered position=0, speed=0.0, updated=406369240, actions=2461191, custom actions=[], active item id=-1, error=null}(0)
08-30 11:30:54.701  6559  6891 I Avrcp_ext: Exit updatePlayStatusForDevice
08-30 11:30:54.701  6559  6891 D Avrcp_ext: sendPlayPosNotificationRsp: Not registered or requesting.
08-30 11:30:54.701  6559  6891 D Avrcp_ext: sendPlayPosNotificationRsp: Not registered or requesting.
08-30 11:30:54.701  6559  6891 V Avrcp_ext: Exit updatePlayerStateAndPosition
08-30 11:30:54.701  6559  6891 V Avrcp_ext:  Exit onPlaybackStateChanged
08-30 11:30:54.701  6559  6891 V Avrcp_ext: onPlaybackStateChanged: state PlaybackState {state=0, position=0, buffered position=0, speed=0.0, updated=406369240, actions=2461191, custom actions=[], active item id=-1, error=null}
08-30 11:30:54.701  6559  6891 D PlaybackState: setState position:-1
08-30 11:30:54.702  6559  6891 V Avrcp_ext: updateCurrentMediaState: mMediaController: MediaController (cn.missevan@753c9de) null, null, null
08-30 11:30:54.703  6559  6891 V Avrcp_ext: isMusicActive: false getBluetoothPlayState: 0
08-30 11:30:54.704  6559  6891 V Avrcp_ext: updateCurrentMediaState: get media attributes:
08-30 11:30:54.705  6559  6891 I Avrcp_ext: Skipping update due to invalid playback state
08-30 11:30:54.705  6559  6891 V Avrcp_ext: updatePlaybackState, state: PlaybackState {state=0, position=0, buffered position=0, speed=0.0, updated=406369240, actions=2461191, custom actions=[], active item id=-1, error=null} device: null
08-30 11:30:54.705  6559  6891 V Avrcp_ext: Device: no name:
08-30 11:30:54.705  6559  6891 V Avrcp_ext: Device: no name:
08-30 11:30:54.705  6559  6891 V Avrcp_ext: updatePlayerStateAndPosition, old=PlaybackState {state=0, position=0, buffered position=0, speed=0.0, updated=406369240, actions=2461191, custom actions=[], active item id=-1, error=null}, state=PlaybackState {state=0, position=0, buffered position=0, speed=0.0, updated=406369240, actions=2461191, custom actions=[], active item id=-1, error=null}
08-30 11:30:54.705  6559  6891 V Avrcp_ext: old state = PlaybackState {state=0, position=0, buffered position=0, speed=0.0, updated=406369240, actions=2461191, custom actions=[], active item id=-1, error=null}, new state= PlaybackState {state=0, position=0, buffered position=0, speed=0.0, updated=406369240, actions=2461191, custom actions=[], active item id=-1, error=null}
08-30 11:30:54.706  6559  6891 D HeadsetService:  isAudioOn: The number of audio connected devices 0
08-30 11:30:54.706  6559  6891 D HeadsetService: isScoOrCallActive(): Call Active:falseCall is Ringing:falseSCO is Active:false
08-30 11:30:54.706  6559  6891 D HeadsetService:  isAudioOn: The number of audio connected devices 0
08-30 11:30:54.706  6559  6891 I Avrcp_ext: updatePlayStatusForDevice: device: null
