08-30 11:40:58.301  1724  2184 E DisplayPowerState: run changed=true mNightPearlManager is null! or state != Display.STATE_OFF
08-30 11:40:58.318  1724  2184 E DisplayPowerState: run changed=true mNightPearlManager is null! or state != Display.STATE_OFF
08-30 11:40:58.335  1724  2184 E DisplayPowerState: run changed=true mNightPearlManager is null! or state != Display.STATE_OFF
08-30 11:40:58.352  1724  2184 E DisplayPowerState: run changed=true mNightPearlManager is null! or state != Display.STATE_OFF
08-30 11:40:58.370  1724  2184 E DisplayPowerState: run changed=true mNightPearlManager is null! or state != Display.STATE_OFF
08-30 11:40:58.383  1724  2184 E DisplayPowerState: run changed=true mNightPearlManager is null! or state != Display.STATE_OFF
08-30 11:40:58.404  1724  2184 E DisplayPowerState: run changed=true mNightPearlManager is null! or state != Display.STATE_OFF
08-30 11:40:58.419  1724  2184 E DisplayPowerState: run changed=true mNightPearlManager is null! or state != Display.STATE_OFF
08-30 11:40:58.435  1724  2184 E DisplayPowerState: run changed=true mNightPearlManager is null! or state != Display.STATE_OFF
08-30 11:40:58.451  1724  2184 E DisplayPowerState: run changed=true mNightPearlManager is null! or state != Display.STATE_OFF
08-30 11:40:58.467  1724  2184 E DisplayPowerState: run changed=true mNightPearlManager is null! or state != Display.STATE_OFF
08-30 11:40:58.484  1724  2184 E DisplayPowerState: run changed=true mNightPearlManager is null! or state != Display.STATE_OFF
08-30 11:40:58.506  1724  2184 E DisplayPowerState: run changed=true mNightPearlManager is null! or state != Display.STATE_OFF
08-30 11:41:00.099  4240  4357 E BitmapFactory: Unable to decode stream: java.io.FileNotFoundException: /oem/etc/theme/icons/dynamic_icon/com.android.BBKClock/res/drawable-sw360dp-xxhdpi/clock_hour.png (No such file or directory)
08-30 11:41:00.100  4240  4357 E BitmapFactory: Unable to decode stream: java.io.FileNotFoundException: /oem/etc/theme/icons/dynamic_icon/com.android.BBKClock/res/drawable-sw360dp-xxhdpi/clock_minute.png (No such file or directory)
08-30 11:41:00.101  4240  4357 E BitmapFactory: Unable to decode stream: java.io.FileNotFoundException: /oem/etc/theme/icons/dynamic_icon/com.android.BBKClock/res/drawable-sw360dp-xxhdpi/clock_dial.png (No such file or directory)
08-30 11:41:00.104  4240  4357 E BitmapFactory: Unable to decode stream: java.io.FileNotFoundException: /oem/etc/theme/icons/dynamic_icon/com.android.BBKClock/res/drawable-sw360dp-xxhdpi/clock_dial_center.png (No such file or directory)
08-30 11:41:04.969  1724  2178 I chatty  : uid=1000(system) AutobacklightTh identical 40 lines
08-30 11:41:05.164  1724  2184 E DisplayPowerState: run changed=true mNightPearlManager is null! or state != Display.STATE_OFF
08-30 11:41:05.212   700   700 E touchscreen: Open /sys/touchscreen/gesture_sign_switch failed
08-30 11:41:05.237  1724  3767 I chatty  : uid=1000(system) Binder:1724_11 expire 3 lines
08-30 11:41:05.240   684   684 E QTI PowerHAL: Failed to acquire lock.
08-30 11:41:05.241   694   756 E ANDR-PERF-MPCTL: Invalid profile no. 0, total profiles 0 only
08-30 11:41:05.242  1724  2184 E DisplayPowerState: run changed=false mNightPearlManager is null!   or state == Display.STATE_OFF
08-30 11:41:05.323  4152  4173 I chatty  : uid=10092(com.vivo.pushservice) Binder:4152_1 identical 39 lines
08-30 11:41:05.472  1724  4868 I chatty  : uid=1000(system) Binder:1724_15 expire 1 line
08-30 11:41:05.600  1106  1106 E [gf_ca_entry] : [gx_ta_send_modified_cmd_req] begin, token = 94, cmd_id = 1036
08-30 11:41:05.601  1106  1106 E libc    : Access denied finding property "gf.debug.dump_qseelog_data"
08-30 11:41:05.620  1106  1106 E gf_ca_entry: Qsee log info, log length=2173, logbuf index=2173, log dump level=GF_LOG_DEBUG, g_logdump_level=3
08-30 11:41:05.621  1106  1106 E [GF_HAL][gf_hal_device]: [gf_hal_wake_up] FF send is_need_wake_up = 0
08-30 11:41:05.621  1106  1106 E [gf_ca_entry] : [gx_ta_send_modified_cmd_req] begin, token = 95, cmd_id = 1037
08-30 11:41:05.621  1106  1106 E libc    : Access denied finding property "gf.debug.dump_qseelog_data"
08-30 11:41:05.637  1106  1106 E gf_ca_entry: Qsee log info, log length=2165, logbuf index=2165, log dump level=GF_LOG_DEBUG, g_logdump_level=3
08-30 11:41:05.637  1106  1106 E [GF_HAL][gf_hal_device]: [gf_hal_wake_up] FF send is_need_wake_up = 0
08-30 11:41:05.637  1106  1106 E [gf_ca_entry] : [gx_ta_send_modified_cmd_req] begin, token = 96, cmd_id = 1022
08-30 11:41:05.637  1106  1106 E libc    : Access denied finding property "gf.debug.dump_qseelog_data"
08-30 11:41:05.646  1106  1106 E gf_ca_entry: Qsee log info, log length=1445, logbuf index=1445, log dump level=GF_LOG_DEBUG, g_logdump_level=3
08-30 11:41:05.653   717   804 E         : IProducerListener: malformed binder reply
08-30 11:41:05.885  1724  2893 I chatty  : uid=1000(system) Binder:1724_C expire 1 line
08-30 11:41:05.930  1724 13522 I chatty  : uid=1000(system) Binder:1724_1B expire 1 line
08-30 11:41:06.007  2404  3326 E memtrack: Couldn't load memtrack module
08-30 11:41:16.705 29067 29255 E MSF.C.NetConnTag.true: conn is already closed on readError closeConn socketEngineID: 0 socket hashcode: 0java.lang.Throwable
08-30 11:41:16.705 29067 29255 E MSF.C.NetConnTag.true: 	at com.tencent.mobileqq.msf.core.net.m.b(P:27)
08-30 11:41:16.705 29067 29255 E MSF.C.NetConnTag.true: 	at com.tencent.mobileqq.msf.core.net.m$b.run(P:24)
08-30 11:41:16.705 29067 29255 E SocketReaderNewtrue: socketEngine: 0socket hashCode: 0SocketReader(4178) errorjava.net.SocketException: Socket is closed
08-30 11:41:32.856  1007  1109 E storaged: getDiskStats failed with result NOT_SUPPORTED and size 0
08-30 11:41:35.144  1724  2038 I chatty  : uid=1000(system) AlarmManager expire 1 line
08-30 11:41:35.146   992  1195 E Netd    : tether checkPermission, pid:1724 uid:1000
08-30 11:41:35.358   992  1195 E Netd    : tether checkPermission, pid:1724 uid:1000
08-30 11:41:35.371  1724  3767 I chatty  : uid=1000(system) Binder:1724_11 expire 1 line
08-30 11:41:35.416  2831  4238 I chatty  : uid=1001(radio) Binder:2831_8 identical 2 lines
08-30 11:41:46.718 29067 29255 E MSF.C.NetConnTag.true: conn is already closed on readError closeConn socketEngineID: 0 socket hashcode: 0java.lang.Throwable
08-30 11:41:46.718 29067 29255 E MSF.C.NetConnTag.true: 	at com.tencent.mobileqq.msf.core.net.m.b(P:27)
08-30 11:41:46.718 29067 29255 E MSF.C.NetConnTag.true: 	at com.tencent.mobileqq.msf.core.net.m$b.run(P:24)
08-30 11:41:46.719 29067 29255 E SocketReaderNewtrue: socketEngine: 0socket hashCode: 0SocketReader(4178) errorjava.net.SocketException: Socket is closed
08-30 11:41:58.457  2682  3066 E PowerMonitor: exception In sysProcTransDectect java.lang.NoSuchMethodException: vivoGetNetworkStatsUidDetailWithPackInfo [int]
08-30 11:41:58.470  1724  3997 I chatty  : uid=1000(system) Binder:1724_13 expire 2 lines
08-30 11:42:16.727 29067 29255 E MSF.C.NetConnTag.true: conn is already closed on readError closeConn socketEngineID: 0 socket hashcode: 0java.lang.Throwable
08-30 11:42:16.727 29067 29255 E MSF.C.NetConnTag.true: 	at com.tencent.mobileqq.msf.core.net.m.b(P:27)
08-30 11:42:16.727 29067 29255 E MSF.C.NetConnTag.true: 	at com.tencent.mobileqq.msf.core.net.m$b.run(P:24)
08-30 11:42:16.728 29067 29255 E SocketReaderNewtrue: socketEngine: 0socket hashCode: 0SocketReader(4178) errorjava.net.SocketException: Socket is closed
08-30 11:42:18.027 18939 19538 E memtrack: Couldn't load memtrack module
08-30 11:42:22.336 18581 18846 E memtrack: Couldn't load memtrack module
08-30 11:42:30.022  4240  4357 E BitmapFactory: Unable to decode stream: java.io.FileNotFoundException: /oem/etc/theme/icons/dynamic_icon/com.android.BBKClock/res/drawable-sw360dp-xxhdpi/clock_hour.png (No such file or directory)
08-30 11:42:30.025  4240  4357 E BitmapFactory: Unable to decode stream: java.io.FileNotFoundException: /oem/etc/theme/icons/dynamic_icon/com.android.BBKClock/res/drawable-sw360dp-xxhdpi/clock_minute.png (No such file or directory)
08-30 11:42:30.027  4240  4357 E BitmapFactory: Unable to decode stream: java.io.FileNotFoundException: /oem/etc/theme/icons/dynamic_icon/com.android.BBKClock/res/drawable-sw360dp-xxhdpi/clock_dial.png (No such file or directory)
08-30 11:42:30.035  4240  4357 E BitmapFactory: Unable to decode stream: java.io.FileNotFoundException: /oem/etc/theme/icons/dynamic_icon/com.android.BBKClock/res/drawable-sw360dp-xxhdpi/clock_dial_center.png (No such file or directory)
08-30 11:42:32.859  1007  1109 E storaged: getDiskStats failed with result NOT_SUPPORTED and size 0
08-30 11:42:46.743 29067 29255 E MSF.C.NetConnTag.true: conn is already closed on readError closeConn socketEngineID: 0 socket hashcode: 0java.lang.Throwable
08-30 11:42:46.743 29067 29255 E MSF.C.NetConnTag.true: 	at com.tencent.mobileqq.msf.core.net.m.b(P:27)
08-30 11:42:46.743 29067 29255 E MSF.C.NetConnTag.true: 	at com.tencent.mobileqq.msf.core.net.m$b.run(P:24)
08-30 11:42:46.744 29067 29255 E SocketReaderNewtrue: socketEngine: 0socket hashCode: 0SocketReader(4178) errorjava.net.SocketException: Socket is closed
08-30 11:42:52.317  4240  4357 E BitmapFactory: Unable to decode stream: java.io.FileNotFoundException: /oem/etc/theme/icons/dynamic_icon/com.android.BBKClock/res/drawable-sw360dp-xxhdpi/clock_hour.png (No such file or directory)
08-30 11:42:52.318  4240  4357 E BitmapFactory: Unable to decode stream: java.io.FileNotFoundException: /oem/etc/theme/icons/dynamic_icon/com.android.BBKClock/res/drawable-sw360dp-xxhdpi/clock_minute.png (No such file or directory)
08-30 11:42:52.319  4240  4357 E BitmapFactory: Unable to decode stream: java.io.FileNotFoundException: /oem/etc/theme/icons/dynamic_icon/com.android.BBKClock/res/drawable-sw360dp-xxhdpi/clock_dial.png (No such file or directory)
08-30 11:42:52.322  4240  4357 E BitmapFactory: Unable to decode stream: java.io.FileNotFoundException: /oem/etc/theme/icons/dynamic_icon/com.android.BBKClock/res/drawable-sw360dp-xxhdpi/clock_dial_center.png (No such file or directory)
08-30 11:42:58.555   685   817 I chatty  : uid=1000(system) sensors@1.0-ser expire 1 line
08-30 11:43:06.156  1724  7979 I chatty  : uid=1000(system) Binder:1724_18 expire 2 lines
08-30 11:43:16.753 29067 29255 E MSF.C.NetConnTag.true: conn is already closed on readError closeConn socketEngineID: 0 socket hashcode: 0java.lang.Throwable
08-30 11:43:16.753 29067 29255 E MSF.C.NetConnTag.true: 	at com.tencent.mobileqq.msf.core.net.m.b(P:27)
08-30 11:43:16.753 29067 29255 E MSF.C.NetConnTag.true: 	at com.tencent.mobileqq.msf.core.net.m$b.run(P:24)
08-30 11:43:16.753 29067 29255 E SocketReaderNewtrue: socketEngine: 0socket hashCode: 0SocketReader(4178) errorjava.net.SocketException: Socket is closed
08-30 11:43:32.863  1007  1109 E storaged: getDiskStats failed with result NOT_SUPPORTED and size 0
08-30 11:43:46.769 29067 29255 E MSF.C.NetConnTag.true: conn is already closed on readError closeConn socketEngineID: 0 socket hashcode: 0java.lang.Throwable
08-30 11:43:46.769 29067 29255 E MSF.C.NetConnTag.true: 	at com.tencent.mobileqq.msf.core.net.m.b(P:27)
08-30 11:43:46.769 29067 29255 E MSF.C.NetConnTag.true: 	at com.tencent.mobileqq.msf.core.net.m$b.run(P:24)
08-30 11:43:46.769 29067 29255 E SocketReaderNewtrue: socketEngine: 0socket hashCode: 0SocketReader(4178) errorjava.net.SocketException: Socket is closed
08-30 11:44:07.067  1724  2038 I chatty  : uid=1000(system) AlarmManager expire 2 lines
08-30 11:44:07.296  4240  4357 E BitmapFactory: Unable to decode stream: java.io.FileNotFoundException: /oem/etc/theme/icons/dynamic_icon/com.android.BBKClock/res/drawable-sw360dp-xxhdpi/clock_hour.png (No such file or directory)
08-30 11:44:07.299  4240  4357 E BitmapFactory: Unable to decode stream: java.io.FileNotFoundException: /oem/etc/theme/icons/dynamic_icon/com.android.BBKClock/res/drawable-sw360dp-xxhdpi/clock_minute.png (No such file or directory)
08-30 11:44:07.300  4240  4357 E BitmapFactory: Unable to decode stream: java.io.FileNotFoundException: /oem/etc/theme/icons/dynamic_icon/com.android.BBKClock/res/drawable-sw360dp-xxhdpi/clock_dial.png (No such file or directory)
08-30 11:44:07.307  4240  4357 E BitmapFactory: Unable to decode stream: java.io.FileNotFoundException: /oem/etc/theme/icons/dynamic_icon/com.android.BBKClock/res/drawable-sw360dp-xxhdpi/clock_dial_center.png (No such file or directory)
08-30 11:44:16.785 29067 29255 E MSF.C.NetConnTag.true: conn is already closed on readError closeConn socketEngineID: 0 socket hashcode: 0java.lang.Throwable
08-30 11:44:16.785 29067 29255 E MSF.C.NetConnTag.true: 	at com.tencent.mobileqq.msf.core.net.m.b(P:27)
08-30 11:44:16.785 29067 29255 E MSF.C.NetConnTag.true: 	at com.tencent.mobileqq.msf.core.net.m$b.run(P:24)
08-30 11:44:16.785 29067 29255 E SocketReaderNewtrue: socketEngine: 0socket hashCode: 0SocketReader(4178) errorjava.net.SocketException: Socket is closed
08-30 11:44:23.525  2682  3066 E PowerMonitor: exception In sysProcTransDectect java.lang.NoSuchMethodException: vivoGetNetworkStatsUidDetailWithPackInfo [int]
08-30 11:44:32.868  1007  1109 E storaged: getDiskStats failed with result NOT_SUPPORTED and size 0
08-30 11:44:46.800 29067 29255 E MSF.C.NetConnTag.true: conn is already closed on readError closeConn socketEngineID: 0 socket hashcode: 0java.lang.Throwable
08-30 11:44:46.800 29067 29255 E MSF.C.NetConnTag.true: 	at com.tencent.mobileqq.msf.core.net.m.b(P:27)
08-30 11:44:46.800 29067 29255 E MSF.C.NetConnTag.true: 	at com.tencent.mobileqq.msf.core.net.m$b.run(P:24)
08-30 11:44:46.800 29067 29255 E SocketReaderNewtrue: socketEngine: 0socket hashCode: 0SocketReader(4178) errorjava.net.SocketException: Socket is closed
08-30 11:45:16.803 29067 29255 E MSF.C.NetConnTag.true: conn is already closed on readError closeConn socketEngineID: 0 socket hashcode: 0java.lang.Throwable
08-30 11:45:16.803 29067 29255 E MSF.C.NetConnTag.true: 	at com.tencent.mobileqq.msf.core.net.m.b(P:27)
08-30 11:45:16.803 29067 29255 E MSF.C.NetConnTag.true: 	at com.tencent.mobileqq.msf.core.net.m$b.run(P:24)
08-30 11:45:16.803 29067 29255 E SocketReaderNewtrue: socketEngine: 0socket hashCode: 0SocketReader(4178) errorjava.net.SocketException: Socket is closed
08-30 11:45:27.601  1724 14873 I chatty  : uid=1000(system) Binder:1724_1D expire 1 line
08-30 11:45:32.870  1007  1109 E storaged: getDiskStats failed with result NOT_SUPPORTED and size 0
08-30 11:45:37.090  4240  4357 E BitmapFactory: Unable to decode stream: java.io.FileNotFoundException: /oem/etc/theme/icons/dynamic_icon/com.android.BBKClock/res/drawable-sw360dp-xxhdpi/clock_hour.png (No such file or directory)
08-30 11:45:37.093  4240  4357 E BitmapFactory: Unable to decode stream: java.io.FileNotFoundException: /oem/etc/theme/icons/dynamic_icon/com.android.BBKClock/res/drawable-sw360dp-xxhdpi/clock_minute.png (No such file or directory)
08-30 11:45:37.095  4240  4357 E BitmapFactory: Unable to decode stream: java.io.FileNotFoundException: /oem/etc/theme/icons/dynamic_icon/com.android.BBKClock/res/drawable-sw360dp-xxhdpi/clock_dial.png (No such file or directory)
08-30 11:45:37.103  4240  4357 E BitmapFactory: Unable to decode stream: java.io.FileNotFoundException: /oem/etc/theme/icons/dynamic_icon/com.android.BBKClock/res/drawable-sw360dp-xxhdpi/clock_dial_center.png (No such file or directory)
08-30 11:45:46.817 29067 29255 E MSF.C.NetConnTag.true: conn is already closed on readError closeConn socketEngineID: 0 socket hashcode: 0java.lang.Throwable
08-30 11:45:46.817 29067 29255 E MSF.C.NetConnTag.true: 	at com.tencent.mobileqq.msf.core.net.m.b(P:27)
08-30 11:45:46.817 29067 29255 E MSF.C.NetConnTag.true: 	at com.tencent.mobileqq.msf.core.net.m$b.run(P:24)
08-30 11:45:46.817 29067 29255 E SocketReaderNewtrue: socketEngine: 0socket hashCode: 0SocketReader(4178) errorjava.net.SocketException: Socket is closed
08-30 11:46:01.810  1724  3765 I chatty  : uid=1000(system) Binder:1724_10 expire 2 lines
08-30 11:46:16.829 29067 29255 E MSF.C.NetConnTag.true: conn is already closed on readError closeConn socketEngineID: 0 socket hashcode: 0java.lang.Throwable
08-30 11:46:16.829 29067 29255 E MSF.C.NetConnTag.true: 	at com.tencent.mobileqq.msf.core.net.m.b(P:27)
08-30 11:46:16.829 29067 29255 E MSF.C.NetConnTag.true: 	at com.tencent.mobileqq.msf.core.net.m$b.run(P:24)
08-30 11:46:16.829 29067 29255 E SocketReaderNewtrue: socketEngine: 0socket hashCode: 0SocketReader(4178) errorjava.net.SocketException: Socket is closed
08-30 11:46:28.134  4240  4357 E BitmapFactory: Unable to decode stream: java.io.FileNotFoundException: /oem/etc/theme/icons/dynamic_icon/com.android.BBKClock/res/drawable-sw360dp-xxhdpi/clock_hour.png (No such file or directory)
08-30 11:46:28.136  4240  4357 E BitmapFactory: Unable to decode stream: java.io.FileNotFoundException: /oem/etc/theme/icons/dynamic_icon/com.android.BBKClock/res/drawable-sw360dp-xxhdpi/clock_minute.png (No such file or directory)
08-30 11:46:28.137  4240  4357 E BitmapFactory: Unable to decode stream: java.io.FileNotFoundException: /oem/etc/theme/icons/dynamic_icon/com.android.BBKClock/res/drawable-sw360dp-xxhdpi/clock_dial.png (No such file or directory)
08-30 11:46:28.142  4240  4357 E BitmapFactory: Unable to decode stream: java.io.FileNotFoundException: /oem/etc/theme/icons/dynamic_icon/com.android.BBKClock/res/drawable-sw360dp-xxhdpi/clock_dial_center.png (No such file or directory)
08-30 11:46:28.301  4240  4357 E BitmapFactory: Unable to decode stream: java.io.FileNotFoundException: /oem/etc/theme/icons/dynamic_icon/com.android.BBKClock/res/drawable-sw360dp-xxhdpi/clock_hour.png (No such file or directory)
08-30 11:46:28.303  4240  4357 E BitmapFactory: Unable to decode stream: java.io.FileNotFoundException: /oem/etc/theme/icons/dynamic_icon/com.android.BBKClock/res/drawable-sw360dp-xxhdpi/clock_minute.png (No such file or directory)
08-30 11:46:28.304  4240  4357 E BitmapFactory: Unable to decode stream: java.io.FileNotFoundException: /oem/etc/theme/icons/dynamic_icon/com.android.BBKClock/res/drawable-sw360dp-xxhdpi/clock_dial.png (No such file or directory)
08-30 11:46:28.309  4240  4357 E BitmapFactory: Unable to decode stream: java.io.FileNotFoundException: /oem/etc/theme/icons/dynamic_icon/com.android.BBKClock/res/drawable-sw360dp-xxhdpi/clock_dial_center.png (No such file or directory)
08-30 11:46:30.144  4121  4121 E AutoUpgradeReceiver:  <<<<<<<<<<< receive the upgrade dict broadcast >>>>>>>>>>>>>
08-30 11:46:30.199   992  1195 E Netd    : tether checkPermission, pid:1724 uid:1000
08-30 11:46:30.303  2831  4238 I chatty  : uid=1001(radio) Binder:2831_8 identical 2 lines
08-30 11:46:32.873  1007  1109 E storaged: getDiskStats failed with result NOT_SUPPORTED and size 0
08-30 11:46:46.833 29067 29255 E MSF.C.NetConnTag.true: conn is already closed on readError closeConn socketEngineID: 0 socket hashcode: 0java.lang.Throwable
08-30 11:46:46.833 29067 29255 E MSF.C.NetConnTag.true: 	at com.tencent.mobileqq.msf.core.net.m.b(P:27)
08-30 11:46:46.833 29067 29255 E MSF.C.NetConnTag.true: 	at com.tencent.mobileqq.msf.core.net.m$b.run(P:24)
08-30 11:46:46.834 29067 29255 E SocketReaderNewtrue: socketEngine: 0socket hashCode: 0SocketReader(4178) errorjava.net.SocketException: Socket is closed
08-30 11:46:53.578  2682  3066 E PowerMonitor: exception In sysProcTransDectect java.lang.NoSuchMethodException: vivoGetNetworkStatsUidDetailWithPackInfo [int]
08-30 11:46:53.593  1724  2363 I chatty  : uid=1000(system) Binder:1724_4 expire 3 lines
08-30 11:47:16.843 29067 29255 E MSF.C.NetConnTag.true: conn is already closed on readError closeConn socketEngineID: 0 socket hashcode: 0java.lang.Throwable
08-30 11:47:16.843 29067 29255 E MSF.C.NetConnTag.true: 	at com.tencent.mobileqq.msf.core.net.m.b(P:27)
08-30 11:47:16.843 29067 29255 E MSF.C.NetConnTag.true: 	at com.tencent.mobileqq.msf.core.net.m$b.run(P:24)
08-30 11:47:16.844 29067 29255 E SocketReaderNewtrue: socketEngine: 0socket hashCode: 0SocketReader(4178) errorjava.net.SocketException: Socket is closed
08-30 11:47:18.527 18939 19108 E memtrack: Couldn't load memtrack module
08-30 11:47:23.021 18581 18843 E memtrack: Couldn't load memtrack module
08-30 11:47:32.877  1007  1109 E storaged: getDiskStats failed with result NOT_SUPPORTED and size 0
08-30 11:47:46.855 29067 29255 E MSF.C.NetConnTag.true: conn is already closed on readError closeConn socketEngineID: 0 socket hashcode: 0java.lang.Throwable
08-30 11:47:46.855 29067 29255 E MSF.C.NetConnTag.true: 	at com.tencent.mobileqq.msf.core.net.m.b(P:27)
08-30 11:47:46.855 29067 29255 E MSF.C.NetConnTag.true: 	at com.tencent.mobileqq.msf.core.net.m$b.run(P:24)
08-30 11:47:46.855 29067 29255 E SocketReaderNewtrue: socketEngine: 0socket hashCode: 0SocketReader(4178) errorjava.net.SocketException: Socket is closed
08-30 11:47:58.197  4240  4357 E BitmapFactory: Unable to decode stream: java.io.FileNotFoundException: /oem/etc/theme/icons/dynamic_icon/com.android.BBKClock/res/drawable-sw360dp-xxhdpi/clock_hour.png (No such file or directory)
08-30 11:47:58.199  4240  4357 E BitmapFactory: Unable to decode stream: java.io.FileNotFoundException: /oem/etc/theme/icons/dynamic_icon/com.android.BBKClock/res/drawable-sw360dp-xxhdpi/clock_minute.png (No such file or directory)
08-30 11:47:58.200  4240  4357 E BitmapFactory: Unable to decode stream: java.io.FileNotFoundException: /oem/etc/theme/icons/dynamic_icon/com.android.BBKClock/res/drawable-sw360dp-xxhdpi/clock_dial.png (No such file or directory)
08-30 11:47:58.207  4240  4357 E BitmapFactory: Unable to decode stream: java.io.FileNotFoundException: /oem/etc/theme/icons/dynamic_icon/com.android.BBKClock/res/drawable-sw360dp-xxhdpi/clock_dial_center.png (No such file or directory)
08-30 11:48:16.870 29067 29255 E MSF.C.NetConnTag.true: conn is already closed on readError closeConn socketEngineID: 0 socket hashcode: 0java.lang.Throwable
08-30 11:48:16.870 29067 29255 E MSF.C.NetConnTag.true: 	at com.tencent.mobileqq.msf.core.net.m.b(P:27)
08-30 11:48:16.870 29067 29255 E MSF.C.NetConnTag.true: 	at com.tencent.mobileqq.msf.core.net.m$b.run(P:24)
08-30 11:48:16.871 29067 29255 E SocketReaderNewtrue: socketEngine: 0socket hashCode: 0SocketReader(4178) errorjava.net.SocketException: Socket is closed
08-30 11:48:32.881  1007  1109 E storaged: getDiskStats failed with result NOT_SUPPORTED and size 0
08-30 11:48:46.884 29067 29255 E MSF.C.NetConnTag.true: conn is already closed on readError closeConn socketEngineID: 0 socket hashcode: 0java.lang.Throwable
08-30 11:48:46.884 29067 29255 E MSF.C.NetConnTag.true: 	at com.tencent.mobileqq.msf.core.net.m.b(P:27)
08-30 11:48:46.884 29067 29255 E MSF.C.NetConnTag.true: 	at com.tencent.mobileqq.msf.core.net.m$b.run(P:24)
08-30 11:48:46.884 29067 29255 E SocketReaderNewtrue: socketEngine: 0socket hashCode: 0SocketReader(4178) errorjava.net.SocketException: Socket is closed
08-30 11:48:58.208  4240  4357 E BitmapFactory: Unable to decode stream: java.io.FileNotFoundException: /oem/etc/theme/icons/dynamic_icon/com.android.BBKClock/res/drawable-sw360dp-xxhdpi/clock_hour.png (No such file or directory)
08-30 11:48:58.210  4240  4357 E BitmapFactory: Unable to decode stream: java.io.FileNotFoundException: /oem/etc/theme/icons/dynamic_icon/com.android.BBKClock/res/drawable-sw360dp-xxhdpi/clock_minute.png (No such file or directory)
08-30 11:48:58.213  4240  4357 E BitmapFactory: Unable to decode stream: java.io.FileNotFoundException: /oem/etc/theme/icons/dynamic_icon/com.android.BBKClock/res/drawable-sw360dp-xxhdpi/clock_dial.png (No such file or directory)
08-30 11:48:58.219  4240  4357 E BitmapFactory: Unable to decode stream: java.io.FileNotFoundException: /oem/etc/theme/icons/dynamic_icon/com.android.BBKClock/res/drawable-sw360dp-xxhdpi/clock_dial_center.png (No such file or directory)
08-30 11:49:06.704  1724  4868 I chatty  : uid=1000(system) Binder:1724_15 expire 1 line
08-30 11:49:07.091  1724  2038 I chatty  : uid=1000(system) AlarmManager expire 2 lines
08-30 11:49:07.268  4240  4357 E BitmapFactory: Unable to decode stream: java.io.FileNotFoundException: /oem/etc/theme/icons/dynamic_icon/com.android.BBKClock/res/drawable-sw360dp-xxhdpi/clock_hour.png (No such file or directory)
08-30 11:49:07.269  4240  4357 E BitmapFactory: Unable to decode stream: java.io.FileNotFoundException: /oem/etc/theme/icons/dynamic_icon/com.android.BBKClock/res/drawable-sw360dp-xxhdpi/clock_minute.png (No such file or directory)
08-30 11:49:07.270  4240  4357 E BitmapFactory: Unable to decode stream: java.io.FileNotFoundException: /oem/etc/theme/icons/dynamic_icon/com.android.BBKClock/res/drawable-sw360dp-xxhdpi/clock_dial.png (No such file or directory)
08-30 11:49:07.279  4240  4357 E BitmapFactory: Unable to decode stream: java.io.FileNotFoundException: /oem/etc/theme/icons/dynamic_icon/com.android.BBKClock/res/drawable-sw360dp-xxhdpi/clock_dial_center.png (No such file or directory)
08-30 11:49:07.327  1724  2364 E SyncManager: Bind attempt failed - target: ComponentInfo{com.tencent.android.qqdownloader/com.live.sync.YYBLiveSyncService}
08-30 11:49:07.444  4240  4357 E BitmapFactory: Unable to decode stream: java.io.FileNotFoundException: /oem/etc/theme/icons/dynamic_icon/com.android.BBKClock/res/drawable-sw360dp-xxhdpi/clock_hour.png (No such file or directory)
08-30 11:49:07.446  4240  4357 E BitmapFactory: Unable to decode stream: java.io.FileNotFoundException: /oem/etc/theme/icons/dynamic_icon/com.android.BBKClock/res/drawable-sw360dp-xxhdpi/clock_minute.png (No such file or directory)
08-30 11:49:07.447  4240  4357 E BitmapFactory: Unable to decode stream: java.io.FileNotFoundException: /oem/etc/theme/icons/dynamic_icon/com.android.BBKClock/res/drawable-sw360dp-xxhdpi/clock_dial.png (No such file or directory)
08-30 11:49:07.450  4240  4357 E BitmapFactory: Unable to decode stream: java.io.FileNotFoundException: /oem/etc/theme/icons/dynamic_icon/com.android.BBKClock/res/drawable-sw360dp-xxhdpi/clock_dial_center.png (No such file or directory)
08-30 11:49:07.584  4240  4357 E BitmapFactory: Unable to decode stream: java.io.FileNotFoundException: /oem/etc/theme/icons/dynamic_icon/com.android.BBKClock/res/drawable-sw360dp-xxhdpi/clock_hour.png (No such file or directory)
08-30 11:49:07.586  4240  4357 E BitmapFactory: Unable to decode stream: java.io.FileNotFoundException: /oem/etc/theme/icons/dynamic_icon/com.android.BBKClock/res/drawable-sw360dp-xxhdpi/clock_minute.png (No such file or directory)
08-30 11:49:07.587  4240  4357 E BitmapFactory: Unable to decode stream: java.io.FileNotFoundException: /oem/etc/theme/icons/dynamic_icon/com.android.BBKClock/res/drawable-sw360dp-xxhdpi/clock_dial.png (No such file or directory)
08-30 11:49:07.590  4240  4357 E BitmapFactory: Unable to decode stream: java.io.FileNotFoundException: /oem/etc/theme/icons/dynamic_icon/com.android.BBKClock/res/drawable-sw360dp-xxhdpi/clock_dial_center.png (No such file or directory)
08-30 11:49:16.899 29067 29255 E MSF.C.NetConnTag.true: conn is already closed on readError closeConn socketEngineID: 0 socket hashcode: 0java.lang.Throwable
08-30 11:49:16.899 29067 29255 E MSF.C.NetConnTag.true: 	at com.tencent.mobileqq.msf.core.net.m.b(P:27)
08-30 11:49:16.899 29067 29255 E MSF.C.NetConnTag.true: 	at com.tencent.mobileqq.msf.core.net.m$b.run(P:24)
08-30 11:49:16.900 29067 29255 E SocketReaderNewtrue: socketEngine: 0socket hashCode: 0SocketReader(4178) errorjava.net.SocketException: Socket is closed
08-30 11:49:23.644  2682  3066 E PowerMonitor: exception In sysProcTransDectect java.lang.NoSuchMethodException: vivoGetNetworkStatsUidDetailWithPackInfo [int]
08-30 11:49:27.728  1724 14873 I chatty  : uid=1000(system) Binder:1724_1D expire 1 line
08-30 11:49:29.991  1724  2054 I chatty  : uid=1000(system) InputReader expire 2 lines
08-30 11:49:30.050   685  2027 I chatty  : uid=1000(system) HwBinder:685_1 expire 1 line
08-30 11:49:30.057   685   891 I chatty  : uid=1000(system) sensors@1.0-ser expire 6 lines
08-30 11:49:30.065  1724  2184 E DisplayPowerState: run changed=false mNightPearlManager is null! or state != Display.STATE_OFF
08-30 11:49:30.068   684   684 E QTI PowerHAL: Failed to acquire lock.
08-30 11:49:30.075  1724  2179 I chatty  : uid=1000(system) AutobacklightCo expire 1 line
08-30 11:49:30.105  1724  1724 I chatty  : uid=1000 system_server expire 1 line
08-30 11:49:30.155   685   883 I chatty  : uid=1000(system) sensors@1.0-ser expire 4 lines
08-30 11:49:30.241   704   704 E libc    : Access denied finding property "ro.product.model.bbk"
08-30 11:49:30.279   685   685 I chatty  : uid=1000(system) sensors@1.0-ser expire 1 line
08-30 11:49:30.329  1724  2184 E DisplayPowerState: run changed=true mNightPearlManager is null! or state != Display.STATE_OFF
08-30 11:49:30.354  1106  1106 E [gf_ca_entry] : [gx_ta_send_modified_cmd_req] begin, token = 97, cmd_id = 1021
08-30 11:49:30.355  1106  1106 E libc    : Access denied finding property "gf.debug.dump_qseelog_data"
08-30 11:49:30.363  1106  1106 E gf_ca_entry: Qsee log info, log length=1661, logbuf index=1661, log dump level=GF_LOG_DEBUG, g_logdump_level=3
08-30 11:49:30.422   685   883 E qti_sensors_hal: w_orient output WORT -1 84 0
08-30 11:49:30.524   685   883 E qti_sensors_hal: w_orient output WORT -1 74 262
08-30 11:49:30.598   685   883 E qti_sensors_hal: w_orient output WORT -1 84 0
08-30 11:49:30.701   685   830 E qti_sensors_hal: saveParameters:maglib_fd open /persist/sensors/maglib_para error
08-30 11:49:30.701   685   830 E qti_sensors_hal: saveParameters:maglib_fd write file
08-30 11:49:31.121   685   883 E qti_sensors_hal: w_orient output WORT 0 60 1
08-30 11:49:31.167  1724 14407 I chatty  : uid=1000(system) Binder:1724_1C expire 1 line
08-30 11:49:31.181   685   883 E qti_sensors_hal: w_orient output WORT 0 56 359
08-30 11:49:31.257   685   883 E qti_sensors_hal: w_orient output WORT 0 53 359
08-30 11:49:31.315   685   883 E qti_sensors_hal: w_orient output WORT 0 51 358
08-30 11:49:31.393   685   883 E qti_sensors_hal: w_orient output WORT 0 52 359
08-30 11:49:32.419  1724  2178 I chatty  : uid=1000(system) AutobacklightTh identical 14 lines
08-30 11:49:32.482  1724  3767 I chatty  : uid=1000(system) Binder:1724_11 expire 2 lines
08-30 11:49:32.484   694   756 E ANDR-PERF-MPCTL: Invalid profile no. 0, total profiles 0 only
08-30 11:49:32.495  1724  2070 I chatty  : uid=1000(system) WifiStateMachin expire 1 line
08-30 11:49:32.539   717  2381 E         : IProducerListener: malformed binder reply
08-30 11:49:32.584  1724  2403 E LockSettingsService: Failed to decrypt child profile key
08-30 11:49:32.584  1724  2403 E LockSettingsService: java.security.InvalidKeyException: Only SecretKey is supported
08-30 11:49:32.584  1724  2403 E LockSettingsService: 	at com.android.org.conscrypt.OpenSSLCipher.checkAndSetEncodedKey(OpenSSLCipher.java:462)
08-30 11:49:32.584  1724  2403 E LockSettingsService: 	at com.android.org.conscrypt.OpenSSLCipher.engineInit(OpenSSLCipher.java:296)
08-30 11:49:32.584  1724  2403 E LockSettingsService: 	at javax.crypto.Cipher.tryTransformWithProvider(Cipher.java:2980)
08-30 11:49:32.584  1724  2403 E LockSettingsService: 	at javax.crypto.Cipher.tryCombinations(Cipher.java:2891)
08-30 11:49:32.584  1724  2403 E LockSettingsService: 	at javax.crypto.Cipher$SpiAndProviderUpdater.updateAndGetSpiAndProvider(Cipher.java:2796)
08-30 11:49:32.584  1724  2403 E LockSettingsService: 	at javax.crypto.Cipher.chooseProvider(Cipher.java:773)
08-30 11:49:32.584  1724  2403 E LockSettingsService: 	at javax.crypto.Cipher.init(Cipher.java:1288)
08-30 11:49:32.584  1724  2403 E LockSettingsService: 	at javax.crypto.Cipher.init(Cipher.java:1223)
08-30 11:49:32.584  1724  2403 E LockSettingsService: 	at com.android.server.locksettings.LockSettingsService.getDecryptedPasswordForTiedProfile(LockSettingsService.java:1442)
08-30 11:49:32.584  1724  2403 E LockSettingsService: 	at com.android.server.locksettings.LockSettingsService.unlockChildProfile(LockSettingsService.java:1450)
08-30 11:49:32.584  1724  2403 E LockSettingsService: 	at com.android.server.locksettings.LockSettingsService.unlockUser(LockSettingsService.java:1505)
08-30 11:49:32.584  1724  2403 E LockSettingsService: 	at com.android.server.locksettings.LockSettingsService.spBasedDoVerifyCredential(LockSettingsService.java:2806)
08-30 11:49:32.584  1724  2403 E LockSettingsService: 	at com.android.server.locksettings.LockSettingsService.doVerifyCredential(LockSettingsService.java:2002)
08-30 11:49:32.584  1724  2403 E LockSettingsService: 	at com.android.server.locksettings.LockSettingsService.checkCredential(LockSettingsService.java:1946)
08-30 11:49:32.584  1724  2403 E LockSettingsService: 	at com.android.internal.widget.ILockSettings$Stub.onTransact(ILockSettings.java:165)
08-30 11:49:32.584  1724  2403 E LockSettingsService: 	at android.os.Binder.execTransact(Binder.java:750)
08-30 11:49:32.597  1724  3768 I chatty  : uid=1000(system) Binder:1724_12 expire 2 lines
08-30 11:49:32.598  1724  2403 I chatty  : uid=1000(system) Binder:1724_5 expire 1 line
08-30 11:49:32.607   671  4200 E msm8916_platform: platform_set_codec_backend_cfg:becf: afe: Could not get ctl for mixer command - INT4_MI2S_RX Format
08-30 11:49:32.607   671  4200 E msm8916_platform: platform_check_backends_match: Invalid snd_device =
08-30 11:49:32.612   671  4200 E ACDB-LOADER: Error: ACDB_CMD_GET_AFE_COMMON_TABLE_SIZE Returned = -19
08-30 11:49:32.612   671  4200 E ACDB-LOADER: Error: ACDB AFE returned = -19
08-30 11:49:32.706   717  2381 E         : IProducerListener: malformed binder reply
08-30 11:49:32.722   717   804 E         : IProducerListener: malformed binder reply
08-30 11:49:32.734   717   804 I chatty  : uid=1000(system) Binder:717_1 identical 1 line
08-30 11:49:32.809   717   804 E         : IProducerListener: malformed binder reply
08-30 11:49:32.883  1007  1109 E storaged: getDiskStats failed with result NOT_SUPPORTED and size 0
08-30 11:49:33.404  4240  4357 E BitmapFactory: Unable to decode stream: java.io.FileNotFoundException: /oem/etc/theme/icons/dynamic_icon/com.vivo.weather/res/drawable-sw360dp-xxhdpi/dynamic_weather_overcast.png (No such file or directory)
08-30 11:49:33.409  4240  4357 E BitmapFactory: Unable to decode stream: java.io.FileNotFoundException: /oem/etc/theme/icons/dynamic_icon/com.vivo.weather/res/drawable-sw360dp-xxhdpi/dynamic_weather_degree.png (No such file or directory)
08-30 11:49:33.410  4240  4357 E BitmapFactory: Unable to decode stream: java.io.FileNotFoundException: /oem/etc/theme/icons/dynamic_icon/com.vivo.weather/res/drawable-sw360dp-xxhdpi/dynamic_weather_minus.png (No such file or directory)
08-30 11:49:33.413   694   756 E ANDR-PERF-MPCTL: Invalid profile no. 0, total profiles 0 only
08-30 11:49:33.474   694   756 E ANDR-PERF-MPCTL: Invalid profile no. 0, total profiles 0 only
08-30 11:49:33.483  1724 14873 I chatty  : uid=1000(system) Binder:1724_1D expire 4 lines
08-30 11:49:33.500  1724  2023 I chatty  : uid=1000(system) android.anim expire 1 line
08-30 11:49:33.526   717   805 E         : IProducerListener: malformed binder reply
08-30 11:49:33.555  6114  6114 E cn.missevan: Not starting debugger since process cannot load the jdwp agent.
08-30 11:49:34.116  6215  6215 E webview_servic: Not starting debugger since process cannot load the jdwp agent.
08-30 11:49:34.145  6114  6114 E YZSDK   : ----->isDebug = false
08-30 11:49:34.172  6114  6163 E Storages: [DefaultDispatcher-worker-3] VideoCache is empty!
08-30 11:49:34.173  6114  6163 E Storages: [DefaultDispatcher-worker-3] AudioSingleCache is empty!
08-30 11:49:34.173  6114  6163 E Storages: [DefaultDispatcher-worker-3] BBPlayerCache is empty!
08-30 11:49:34.173  6114  6163 E Storages: [DefaultDispatcher-worker-3] BBPlayerAlphaVideo is empty!
08-30 11:49:34.191  1724  2178 I chatty  : uid=1000(system) AutobacklightTh identical 8 lines
08-30 11:49:34.207  6114  6114 E FileNotFoundException: [main] java.io.FileNotFoundException: /system/build.prop (Permission denied)
08-30 11:49:34.207  6114  6114 E FileNotFoundException: 	at java.io.FileInputStream.open0(Native Method)
08-30 11:49:34.207  6114  6114 E FileNotFoundException: 	at java.io.FileInputStream.open(FileInputStream.java:231)
08-30 11:49:34.207  6114  6114 E FileNotFoundException: 	at java.io.FileInputStream.<init>(FileInputStream.java:165)
08-30 11:49:34.207  6114  6114 E FileNotFoundException: 	at cn.missevan.library.util.DeviceHelper.<clinit>(SourceFile:46)
08-30 11:49:34.207  6114  6114 E FileNotFoundException: 	at cn.missevan.library.util.StatusBarUtils.setStatusBarLightMode(SourceFile:152)
08-30 11:49:34.207  6114  6114 E FileNotFoundException: 	at cn.missevan.library.util.StatusBarUtils.setStatusAndNavigationBarLightMode(SourceFile:138)
08-30 11:49:34.207  6114  6114 E FileNotFoundException: 	at cn.missevan.activity.SplashActivity.fa(SourceFile:93)
08-30 11:49:34.207  6114  6114 E FileNotFoundException: 	at cn.missevan.activity.SplashActivity.onCreate(SourceFile:36)
08-30 11:49:34.207  6114  6114 E FileNotFoundException: 	at android.app.Activity.performCreate(Activity.java:7248)
08-30 11:49:34.207  6114  6114 E FileNotFoundException: 	at android.app.Activity.performCreate(Activity.java:7239)
08-30 11:49:34.207  6114  6114 E FileNotFoundException: 	at android.app.Instrumentation.callActivityOnCreate(Instrumentation.java:1275)
08-30 11:49:34.207  6114  6114 E FileNotFoundException: 	at android.app.ActivityThread.performLaunchActivity(ActivityThread.java:3111)
08-30 11:49:34.207  6114  6114 E FileNotFoundException: 	at android.app.ActivityThread.handleLaunchActivity(ActivityThread.java:3266)
08-30 11:49:34.207  6114  6114 E FileNotFoundException: 	at android.app.servertransaction.LaunchActivityItem.execute(LaunchActivityItem.java:78)
08-30 11:49:34.207  6114  6114 E FileNotFoundException: 	at android.app.servertransaction.TransactionExecutor.executeCallbacks(TransactionExecutor.java:108)
08-30 11:49:34.207  6114  6114 E FileNotFoundException: 	at android.app.servertransaction.TransactionExecutor.execute(TransactionExecutor.java:68)
08-30 11:49:34.207  6114  6114 E FileNotFoundException: 	at android.app.ActivityThread$H.handleMessage(ActivityThread.java:2009)
08-30 11:49:34.207  6114  6114 E FileNotFoundException: 	at android.os.Handler.dispatchMessage(Handler.java:106)
08-30 11:49:34.207  6114  6114 E FileNotFoundException: 	at android.os.Looper.loop(Looper.java:224)
08-30 11:49:34.207  6114  6114 E FileNotFoundException: 	at android.app.ActivityThread.main(ActivityThread.java:7042)
08-30 11:49:34.207  6114  6114 E FileNotFoundException: 	at java.lang.reflect.Method.invoke(Native Method)
08-30 11:49:34.207  6114  6114 E FileNotFoundException: 	at com.android.internal.os.RuntimeInit$MethodAndArgsCaller.run(RuntimeInit.java:536)
08-30 11:49:34.207  6114  6114 E FileNotFoundException: 	at com.android.internal.os.ZygoteInit.main(ZygoteInit.java:868)
08-30 11:49:34.207  6114  6114 E FileNotFoundException:
08-30 11:49:34.236  1724  2403 I chatty  : uid=1000(system) Binder:1724_5 expire 3 lines
08-30 11:49:34.342  6114  6114 E NowPlayingFragmentVM: [main] New NowPlayingViewModel instance
08-30 11:49:34.435  6278  6278 E n:player.singl: Not starting debugger since process cannot load the jdwp agent.
08-30 11:49:34.510  1724  2403 E WindowManager: App trying to use insecure INPUT_FEATURE_NO_INPUT_CHANNEL flag. Ignoring
08-30 11:49:34.516  6114  6181 E cn.missevan: Invalid ID 0x00000000.
08-30 11:49:34.577  6318  6318 E missevan:playe: Not starting debugger since process cannot load the jdwp agent.
08-30 11:49:34.628   717  2381 E         : IProducerListener: malformed binder reply
08-30 11:49:34.640  6114  6327 E DownloadFileResolver: [DefaultDispatcher-worker-4] [-2016085846] 
08-30 11:49:34.640  6114  6327 E DownloadFileResolver: [DefaultDispatcher-worker-4] [-334029172] 
08-30 11:49:34.641  6114  6327 E FileNotFoundException: [DefaultDispatcher-worker-4] java.io.FileNotFoundException: /storage/emulated/0/Android/data/cn.missevan/files/Audio/SoundBlob/.temp: open failed: EISDIR (Is a directory)
08-30 11:49:34.641  6114  6327 E FileNotFoundException: 	at libcore.io.IoBridge.open(IoBridge.java:485)
08-30 11:49:34.641  6114  6327 E FileNotFoundException: 	at java.io.RandomAccessFile.<init>(RandomAccessFile.java:288)
08-30 11:49:34.641  6114  6327 E FileNotFoundException: 	at cn.missevan.transfer.download.meta.DownloadFileHeader.checkout(SourceFile:78)
08-30 11:49:34.641  6114  6327 E FileNotFoundException: 	at cn.missevan.a.b$d.invokeSuspend(SourceFile:43)
08-30 11:49:34.641  6114  6327 E FileNotFoundException: 	at kotlin.f.c.a.a.resumeWith(SourceFile:33)
08-30 11:49:34.641  6114  6327 E FileNotFoundException: 	at kotlinx.coroutines.DispatchedTask.run(SourceFile:106)
08-30 11:49:34.641  6114  6327 E FileNotFoundException: 	at kotlinx.coroutines.scheduling.CoroutineScheduler.runSafely(SourceFile:571)
08-30 11:49:34.641  6114  6327 E FileNotFoundException: 	at kotlinx.coroutines.scheduling.CoroutineScheduler$Worker.executeTask(SourceFile:750)
08-30 11:49:34.641  6114  6327 E FileNotFoundException: 	at kotlinx.coroutines.scheduling.CoroutineScheduler$Worker.runWorker(SourceFile:678)
08-30 11:49:34.641  6114  6327 E FileNotFoundException: 	at kotlinx.coroutines.scheduling.CoroutineScheduler$Worker.run(SourceFile:665)
08-30 11:49:34.641  6114  6327 E FileNotFoundException: Caused by: android.system.ErrnoException: open failed: EISDIR (Is a directory)
08-30 11:49:34.641  6114  6327 E FileNotFoundException: 	at libcore.io.IoBridge.open(IoBridge.java:475)
08-30 11:49:34.641  6114  6327 E FileNotFoundException: 	... 9 more
08-30 11:49:34.641  6114  6327 E FileNotFoundException:
08-30 11:49:34.642  6114  6327 E DownloadFileResolver: [DefaultDispatcher-worker-4] [.temp] 
08-30 11:49:34.642  6114  6327 E DownloadFileResolver: [DefaultDispatcher-worker-4] [-722015345] 
08-30 11:49:34.642  6114  6327 E DownloadFileResolver: [DefaultDispatcher-worker-4] [-1619050051] 
08-30 11:49:34.643  6114  6327 E DownloadFileResolver: [DefaultDispatcher-worker-4] [-645142321] 
08-30 11:49:34.644  6114  6327 E DownloadFileResolver: [DefaultDispatcher-worker-4] [-1051614782] 
08-30 11:49:34.644  6114  6327 E DownloadFileResolver: [DefaultDispatcher-worker-4] [-29255086] 
08-30 11:49:34.644  6114  6327 E DownloadFileResolver: [DefaultDispatcher-worker-4] [-1163670315] 
08-30 11:49:34.645  6114  6327 E DownloadFileResolver: [DefaultDispatcher-worker-4] [-1314070294] 
08-30 11:49:34.645  6114  6327 E DownloadFileResolver: [DefaultDispatcher-worker-4] [-378238326] 
08-30 11:49:34.645  6114  6327 E DownloadFileResolver: [DefaultDispatcher-worker-4] [-1710837259] 
08-30 11:49:34.646  6114  6327 E DownloadFileResolver: [DefaultDispatcher-worker-4] [-1104855738] 
08-30 11:49:34.654  6114  6327 E DownloadFileResolver: [DefaultDispatcher-worker-4] [-1991224889] 
08-30 11:49:34.654  6114  6327 E DownloadFileResolver: [DefaultDispatcher-worker-4] [-258302866] 
08-30 11:49:34.654  6114  6327 E DownloadFileResolver: [DefaultDispatcher-worker-4] [-120316969] 
08-30 11:49:34.655  6114  6327 E DownloadFileResolver: [DefaultDispatcher-worker-4] [-1848958127] 
08-30 11:49:34.973  1724  2070 I chatty  : uid=1000(system) WifiStateMachin expire 1 line
08-30 11:49:35.182  6114  6451 E VideoBlackWhiteList: getVideoBWList OK
08-30 11:49:35.198  1011  2657 E         : Service not available yet
08-30 11:49:35.222  1011  2657 E OMX-VDEC-1080P: get_parameter: unknown param 7f000046
08-30 11:49:35.222  1011  2657 E OMXNodeInstance: getParameter(0xe144c3c4:qcom.decoder.avc, ??(0x7f000046)) ERROR: UnsupportedIndex(0x8000101a)
08-30 11:49:35.223  1011  1011 E OMX-VDEC-1080P: Enable/Disable allocate-native-handle allowed only on input port!
08-30 11:49:35.223  1011  1011 E OMX-VDEC-1080P: set_parameter: Error: 0x80001019, setting param 0x7f00005d
08-30 11:49:35.223  1011  1011 E OMXNodeInstance: setParameter(0xe144c3c4:qcom.decoder.avc, OMX.google.android.index.allocateNativeHandle(0x7f00005d): Output:1 en=0) ERROR: UnsupportedSetting(0x80001019)
08-30 11:49:35.232  1011 21078 E OMXNodeInstance: getConfig(0xe144c3c4:qcom.decoder.avc, ??(0x7f000062)) ERROR: UnsupportedSetting(0x80001019)
08-30 11:49:35.275  1011  1011 E OMXNodeInstance: getConfig(0xe144c3c4:qcom.decoder.avc, ??(0x7f000062)) ERROR: UnsupportedSetting(0x80001019)
08-30 11:49:35.325  1011  1011 E OMXNodeInstance: getConfig(0xe144c3c4:qcom.decoder.avc, ??(0x7f000062)) ERROR: UnsupportedSetting(0x80001019)
08-30 11:49:35.411  6114  6497 E VideoBlackWhiteList: getVideoBWList OK
08-30 11:49:35.416  1011  1011 E OMXNodeInstance: setConfig(0xe6311300:google.mp3.decoder, ConfigPriority(0x6f800002)) ERROR: Undefined(0x80001001)
08-30 11:49:35.417  1011  1011 E OMXNodeInstance: getConfig(0xe6311300:google.mp3.decoder, ConfigAndroidVendorExtension(0x6f100004)) ERROR: Undefined(0x80001001)
08-30 11:49:35.450  1724 10303 I chatty  : uid=1000(system) Binder:1724_1A expire 2 lines
08-30 11:49:35.459   671 11480 E msm8916_platform: platform_set_codec_backend_cfg:becf: afe: Could not get ctl for mixer command - INT4_MI2S_RX Format
08-30 11:49:35.459   671 11480 E msm8916_platform: platform_check_backends_match: Invalid snd_device =
08-30 11:49:35.462   671 11480 E ACDB-LOADER: Error: ACDB AudProc vol returned = -19
08-30 11:49:35.462   671 11480 E ACDB-LOADER: Error: ACDB_CMD_GET_AFE_COMMON_TABLE_SIZE Returned = -19
08-30 11:49:35.462   671 11480 E ACDB-LOADER: Error: ACDB AFE returned = -19
08-30 11:49:36.055  6114  6114 E MissEvanHotfixReporterImpl: [main] report: description: patch not need to update, internal_version: 5070260, result_code: 10108, patch_md5: none, process_name: cn.missevan, manufacturer: vivo, env: prod,
08-30 11:49:37.135  6546  6546 E .missevan:stat: Not starting debugger since process cannot load the jdwp agent.
08-30 11:49:37.245  1724  2178 I chatty  : uid=1000(system) AutobacklightTh identical 17 lines
08-30 11:49:37.544  1724  2233 E TaskPersister: File error accessing recents directory (directory doesn't exist?).
08-30 11:49:39.246   694   756 E ANDR-PERF-MPCTL: Invalid profile no. 0, total profiles 0 only
08-30 11:49:39.368   717   804 E         : IProducerListener: malformed binder reply
08-30 11:49:39.468  6114  6162 E DownloadFileResolver: [DefaultDispatcher-worker-2] [-2016085846] 
08-30 11:49:39.469  6114  6162 E DownloadFileResolver: [DefaultDispatcher-worker-2] [-334029172] 
08-30 11:49:39.469  6114  6162 E FileNotFoundException: [DefaultDispatcher-worker-2] java.io.FileNotFoundException: /storage/emulated/0/Android/data/cn.missevan/files/Audio/SoundBlob/.temp: open failed: EISDIR (Is a directory)
08-30 11:49:39.469  6114  6162 E FileNotFoundException: 	at libcore.io.IoBridge.open(IoBridge.java:485)
08-30 11:49:39.469  6114  6162 E FileNotFoundException: 	at java.io.RandomAccessFile.<init>(RandomAccessFile.java:288)
08-30 11:49:39.469  6114  6162 E FileNotFoundException: 	at cn.missevan.transfer.download.meta.DownloadFileHeader.checkout(SourceFile:78)
08-30 11:49:39.469  6114  6162 E FileNotFoundException: 	at cn.missevan.a.b$d.invokeSuspend(SourceFile:43)
08-30 11:49:39.469  6114  6162 E FileNotFoundException: 	at kotlin.f.c.a.a.resumeWith(SourceFile:33)
08-30 11:49:39.469  6114  6162 E FileNotFoundException: 	at kotlinx.coroutines.DispatchedTask.run(SourceFile:106)
08-30 11:49:39.469  6114  6162 E FileNotFoundException: 	at kotlinx.coroutines.scheduling.CoroutineScheduler.runSafely(SourceFile:571)
08-30 11:49:39.469  6114  6162 E FileNotFoundException: 	at kotlinx.coroutines.scheduling.CoroutineScheduler$Worker.executeTask(SourceFile:750)
08-30 11:49:39.469  6114  6162 E FileNotFoundException: 	at kotlinx.coroutines.scheduling.CoroutineScheduler$Worker.runWorker(SourceFile:678)
08-30 11:49:39.469  6114  6162 E FileNotFoundException: 	at kotlinx.coroutines.scheduling.CoroutineScheduler$Worker.run(SourceFile:665)
08-30 11:49:39.469  6114  6162 E FileNotFoundException: Caused by: android.system.ErrnoException: open failed: EISDIR (Is a directory)
08-30 11:49:39.469  6114  6162 E FileNotFoundException: 	at libcore.io.IoBridge.open(IoBridge.java:475)
08-30 11:49:39.469  6114  6162 E FileNotFoundException: 	... 9 more
08-30 11:49:39.469  6114  6162 E FileNotFoundException:
08-30 11:49:39.470  6114  6162 E DownloadFileResolver: [DefaultDispatcher-worker-2] [.temp] 
08-30 11:49:39.471  6114  6162 E DownloadFileResolver: [DefaultDispatcher-worker-2] [-722015345] 
08-30 11:49:39.476  6114  6162 E DownloadFileResolver: [DefaultDispatcher-worker-2] [-1619050051] 
08-30 11:49:39.477  6114  6162 E DownloadFileResolver: [DefaultDispatcher-worker-2] [-645142321] 
08-30 11:49:39.477  6114  6162 E DownloadFileResolver: [DefaultDispatcher-worker-2] [-1051614782] 
08-30 11:49:39.477  6114  6162 E DownloadFileResolver: [DefaultDispatcher-worker-2] [-29255086] 
08-30 11:49:39.477  6114  6162 E DownloadFileResolver: [DefaultDispatcher-worker-2] [-1163670315] 
08-30 11:49:39.478  6114  6162 E DownloadFileResolver: [DefaultDispatcher-worker-2] [-1314070294] 
08-30 11:49:39.478  6114  6162 E DownloadFileResolver: [DefaultDispatcher-worker-2] [-378238326] 
08-30 11:49:39.478  6114  6162 E DownloadFileResolver: [DefaultDispatcher-worker-2] [-1710837259] 
08-30 11:49:39.478  6114  6162 E DownloadFileResolver: [DefaultDispatcher-worker-2] [-1104855738] 
08-30 11:49:39.487  6114  6162 E DownloadFileResolver: [DefaultDispatcher-worker-2] [-1991224889] 
08-30 11:49:39.487  6114  6162 E DownloadFileResolver: [DefaultDispatcher-worker-2] [-258302866] 
08-30 11:49:39.488  6114  6162 E DownloadFileResolver: [DefaultDispatcher-worker-2] [-120316969] 
08-30 11:49:39.488  6114  6162 E DownloadFileResolver: [DefaultDispatcher-worker-2] [-1848958127] 
08-30 11:49:39.818   694   756 E ANDR-PERF-MPCTL: Invalid profile no. 0, total profiles 0 only
08-30 11:49:40.227   694   756 E ANDR-PERF-MPCTL: Invalid profile no. 0, total profiles 0 only
08-30 11:49:40.408  6114  6114 E BLOG    : [main] 
