09-07 17:42:29.111  1710  1710 V SettingsProvider: Notifying for 0: content://settings/system/com.vivo.pushservice.back_up
09-07 17:42:29.113  1710  5183 I PackageManager: ### pkg:Package{58ba190 com.vivo.gallery}
09-07 17:42:29.153  2389  2389 D KeyguardUpdateMonitor: received broadcast android.intent.action.BATTERY_CHANGED
09-07 17:42:29.153  1710  1710 I chatty  : uid=1000 system_server expire 18 lines
09-07 17:42:29.154  2389  2389 D KeyguardUpdateMonitor: handleBatteryUpdate
09-07 17:42:29.154  2762  2762 D QtiCarrierConfigHelper: WARNING, no carrier configs on phone Id: 0
09-07 17:42:29.156   693   693 V LocSvc_HIDL_IzatSubscription: [batteryLevelUpdate][777] [HS] <<<<= [HC]
09-07 17:42:29.196  1710  1839 D ActivityManager: StartMode packageName = com.google.android.gms ,callingPid = -1 ,alwaysRestrict = true ,startMode = 2 ,UidRec:UidRecord{cc73a4c u0a478 SVC  bg:+6m52s773ms idle change:idle procs:4 seq(0,0,0)}
09-07 17:42:29.196  1710  1839 W BroadcastQueue: Background execution not allowed: receiving Intent { act=android.intent.action.DROPBOX_ENTRY_ADDED flg=0x10 (has extras) } to com.google.android.gms/.stats.service.DropBoxEntryAddedReceiver
09-07 17:42:29.196  1710  1839 D ActivityManager: StartMode packageName = com.google.android.gms ,callingPid = -1 ,alwaysRestrict = true ,startMode = 2 ,UidRec:UidRecord{cc73a4c u0a478 SVC  bg:+6m52s773ms idle change:idle procs:4 seq(0,0,0)}
09-07 17:42:29.196  1710  1839 W BroadcastQueue: Background execution not allowed: receiving Intent { act=android.intent.action.DROPBOX_ENTRY_ADDED flg=0x10 (has extras) } to com.google.android.gms/.chimera.GmsIntentOperationService$PersistentTrustedReceiver
09-07 17:42:29.213  1710  5183 D ActivityManager: StartMode packageName = com.vivo.gallery ,callingPid = 4282 ,alwaysRestrict = false ,startMode = 2 ,UidRec:UidRecord{114ad6e u0a94 CEM  idle change:cached procs:1 seq(0,0,0)}
09-07 17:42:29.249  1710  1767 I PackageManager: ### pkg:Package{58ba190 com.vivo.gallery}
09-07 17:42:29.362   673   673 D vendor.qti.bluetooth@1.0-ibs_handler: SerialClockVote: vote for UART CLK ON
09-07 17:42:29.363   673   673 D vendor.qti.bluetooth@1.0-wake_lock: Acquire wakelock is acquired
09-07 17:42:29.363   673   673 I vendor.qti.bluetooth@1.0-ibs_handler: DeviceWakeUp: Writing IBS_WAKE_IND
09-07 17:42:29.368   673  5863 I vendor.qti.bluetooth@1.0-ibs_handler: ProcessIbsCmd: Received IBS_WAKE_ACK: 0xFC
09-07 17:42:29.370   673  5863 I vendor.qti.bluetooth@1.0-ibs_handler: ProcessIbsCmd: Received IBS_WAKE_IND: 0xFD
09-07 17:42:29.370   673  5863 I vendor.qti.bluetooth@1.0-ibs_handler: ProcessIbsCmd: Writing IBS_WAKE_ACK
09-07 17:42:29.374  1710  1860 I EntropyMixer: Writing entropy...
09-07 17:42:29.375   693   693 V LocSvc_HIDL_IzatSubscription: [powerConnectStatusUpdate][594] [HS] <<<<= [HC]
09-07 17:42:29.377  2713  2713 W ContextImpl: Calling a method in the system process without a qualified user: android.app.ContextImpl.sendBroadcast:1039 android.content.ContextWrapper.sendBroadcast:449 com.vivo.daemonService.bbkcloud.BBKCloudReceiver.a:3 com.vivo.daemonService.bbkcloud.BBKCloudReceiver.onReceive:13 android.app.LoadedApk$ReceiverDispatcher$Args.lambda$getRunnable$0:1416
09-07 17:42:29.381   701   701 D touchscreen: 16 bytes have been write to app name
09-07 17:42:29.384  2704  2704 D AIE-Bolts-Task: New thread: BoltsBgPool-thread-2987
09-07 17:42:29.398  2389  2389 D KeyguardUpdateMonitor: received broadcast android.intent.action.BATTERY_CHANGED
09-07 17:42:29.399  2762  2762 D QtiCarrierConfigHelper: WARNING, no carrier configs on phone Id: 0
09-07 17:42:29.401  2704 22291 D AIE-Bolts-Task: New thread: BoltsBgPool-thread-2988
09-07 17:42:29.402  2389  2389 D KeyguardUpdateMonitor: handleBatteryUpdate
09-07 17:42:29.404  1710  1839 D ActivityManager: StartMode packageName = com.tencent.android.qqdownloader ,callingPid = -1 ,alwaysRestrict = true ,startMode = 2 ,UidRec:null
09-07 17:42:29.404  1710  1839 W BroadcastQueue: Background execution not allowed: receiving Intent { act=android.intent.action.ACTION_POWER_CONNECTED flg=0x4000010 (has extras) } to com.tencent.android.qqdownloader/com.qq.AppService.MainReceiver
09-07 17:42:29.404  1710  1839 D ActivityManager: StartMode packageName = com.bbk.cloud ,callingPid = -1 ,alwaysRestrict = true ,startMode = 2 ,UidRec:null
09-07 17:42:29.404  1710  1839 W BroadcastQueue: Background execution not allowed: receiving Intent { act=android.intent.action.ACTION_POWER_CONNECTED flg=0x4000010 (has extras) } to com.bbk.cloud/.common.library.receiver.CommonBroadcastReceiver
09-07 17:42:29.405  1710  2029 I PackageManager: ### pkg:Package{f4f247a com.bbk.cloud}
09-07 17:42:29.405   693   693 V LocSvc_HIDL_IzatSubscription: [batteryLevelUpdate][777] [HS] <<<<= [HC]
09-07 17:42:29.406  2713  2713 W ContextImpl: Calling a method in the system process without a qualified user: android.app.ContextImpl.sendBroadcast:1039 android.content.ContextWrapper.sendBroadcast:449 com.vivo.daemonService.gallery.VivoGalleryReceiver.a:4 com.vivo.daemonService.gallery.VivoGalleryReceiver.onReceive:6 android.app.LoadedApk$ReceiverDispatcher$Args.lambda$getRunnable$0:1416
09-07 17:42:29.406  2258 22289 W ContextImpl: Calling a method in the system process without a qualified user: android.app.ContextImpl.sendBroadcast:1024 android.content.ContextWrapper.sendBroadcast:444 com.vivo.transmitbc.library.DynamicReceiver.sendBroadcast:70 com.vivo.transmitbc.library.DynamicReceiver.access$000:20 com.vivo.transmitbc.library.DynamicReceiver$1.run:54
09-07 17:42:29.408  2258 22290 W ContextImpl: Calling a method in the system process without a qualified user: android.app.ContextImpl.sendBroadcast:1024 android.content.ContextWrapper.sendBroadcast:444 com.vivo.transmitbc.library.DynamicReceiver.sendBroadcast:70 com.vivo.transmitbc.library.DynamicReceiver.access$000:20 com.vivo.transmitbc.library.DynamicReceiver$1.run:54
09-07 17:42:29.412  2635  2635 W oledstats_threa: type=1400 audit(0.0:63298): avc: denied { search } for name="graphics" dev="tmpfs" ino=19061 scontext=u:r:system_app:s0 tcontext=u:object_r:graphics_device:s0 tclass=dir permissive=0
09-07 17:42:29.412  2635  2635 W oledstats_threa: type=1400 audit(0.0:63299): avc: denied { search } for name="leds" dev="sysfs" ino=25893 scontext=u:r:system_app:s0 tcontext=u:object_r:sysfs_leds:s0 tclass=dir permissive=0
09-07 17:42:29.414   673  5863 I vendor.qti.bluetooth@1.0-ibs_handler: ProcessIbsCmd: Received IBS_SLEEP_IND: 0xFE
09-07 17:42:29.429  1710  5425 I chatty  : uid=1000(system) Binder:1710_18 expire 13 lines
09-07 17:42:29.430  1710  1839 D ActivityManager: StartMode packageName = com.bbk.appstore ,callingPid = -1 ,alwaysRestrict = true ,startMode = 2 ,UidRec:UidRecord{e88744d u0a98 SVC  bg:+9h52m12s300ms idle change:uncached procs:2 seq(0,0,0)}
09-07 17:42:29.430  1710  1839 W BroadcastQueue: Background execution not allowed: receiving Intent { act=android.intent.action.ACTION_POWER_CONNECTED flg=0x4000010 (has extras) } to com.bbk.appstore/com.vivo.push.sdk.PushServiceReceiver
09-07 17:42:29.432  1710  2256 I PackageManager: ### pkg:Package{297319a com.vivo.game}
09-07 17:42:29.434  1710  3752 I PackageManager: ### pkg:Package{3ab7c70 com.bbk.updater}
09-07 17:42:29.434  1710  5423 I PackageManager: ### pkg:Package{c7cee18 com.bbk.appstore}
09-07 17:42:29.437  1710  1839 D ActivityManager: StartMode packageName = com.vivo.gallery ,callingPid = -1 ,alwaysRestrict = true ,startMode = 2 ,UidRec:UidRecord{114ad6e u0a94 CEM  idle change:cached procs:1 seq(0,0,0)}
09-07 17:42:29.437  1710  1839 W BroadcastQueue: Background execution not allowed: receiving Intent { act=android.intent.action.ACTION_POWER_CONNECTED flg=0x4000010 (has extras) } to com.vivo.gallery/com.android.gallery3d.vivo.PowerEventBroadcastReceiver
09-07 17:42:29.437  1710  1839 D ActivityManager: StartMode packageName = com.vivo.hybrid ,callingPid = -1 ,alwaysRestrict = true ,startMode = 2 ,UidRec:UidRecord{f196a17 u0a74 SVC  idle procs:2 seq(0,0,0)}
09-07 17:42:29.437  1710  1839 W BroadcastQueue: Background execution not allowed: receiving Intent { act=android.intent.action.ACTION_POWER_CONNECTED flg=0x4000010 (has extras) } to com.vivo.hybrid/.main.apps.update.AppUpdateWakeUpReceiver
09-07 17:42:29.437  1710  1839 D ActivityManager: StartMode packageName = com.google.android.gms ,callingPid = -1 ,alwaysRestrict = true ,startMode = 2 ,UidRec:UidRecord{cc73a4c u0a478 SVC  bg:+6m53s14ms idle change:idle procs:4 seq(0,0,0)}
09-07 17:42:29.437  1710  1839 W BroadcastQueue: Background execution not allowed: receiving Intent { act=android.intent.action.ACTION_POWER_CONNECTED flg=0x4000010 (has extras) } to com.google.android.gms/.gcm.nts.SchedulerReceiver
09-07 17:42:29.439  1710  2976 I PackageManager: ### pkg:Package{58ba190 com.vivo.gallery}
09-07 17:42:29.440  1710  1839 D ActivityManager: StartMode packageName = com.google.android.gms ,callingPid = -1 ,alwaysRestrict = true ,startMode = 2 ,UidRec:UidRecord{cc73a4c u0a478 SVC  bg:+6m53s17ms idle change:idle procs:4 seq(0,0,0)}
09-07 17:42:29.441  1710  1839 W BroadcastQueue: Background execution not allowed: receiving Intent { act=android.intent.action.ACTION_POWER_CONNECTED flg=0x4000010 (has extras) } to com.google.android.gms/.chimera.GmsIntentOperationService$PersistentTrustedReceiver
09-07 17:42:29.441  1710  1839 D ActivityManager: StartMode packageName = com.bbk.appstore ,callingPid = -1 ,alwaysRestrict = true ,startMode = 2 ,UidRec:UidRecord{e88744d u0a98 SVC  bg:+9h52m12s310ms idle change:uncached procs:2 seq(0,0,0)}
09-07 17:42:29.441  1710  1839 W BroadcastQueue: Background execution not allowed: receiving Intent { act=android.intent.action.ACTION_POWER_CONNECTED flg=0x4000010 (has extras) } to com.bbk.appstore/.update.AutoUpdateReceiver
09-07 17:42:29.452   716   716 W Binder:716_6: type=1400 audit(0.0:63300): avc: denied { search } for name="bbkcore" dev="dm-1" ino=2359297 scontext=u:r:audioserver:s0 tcontext=u:object_r:vivo_data_file:s0 tclass=dir permissive=0
09-07 17:42:29.453  1710  1767 I chatty  : uid=1000(system) Binder:1710_1 expire 13 lines
09-07 17:42:29.455   716 23466 V APM::AudioPolicyEngine: getDeviceForStrategy() strategy 0, device 2
09-07 17:42:29.455   716 23466 V APM_AudioPolicyManager: selectOutput() commonFlags for output 13, 0000
09-07 17:42:29.455   716 23466 V APM_AudioPolicyManager: selectOutput() commonFlags for output 21, 0000
09-07 17:42:29.455   716 23466 V APM_AudioPolicyManager: getOutput() stream 5 selected device 00000002, output 13
09-07 17:42:29.464   716 23466 V APM::AudioPolicyEngine: getDeviceForStrategy() strategy 0, device 2
09-07 17:42:29.464   716 23466 V APM_AudioPolicyManager: selectOutput() commonFlags for output 13, 0000
09-07 17:42:29.464   716 23466 V APM_AudioPolicyManager: selectOutput() commonFlags for output 21, 0000
09-07 17:42:29.464   716 23466 V APM_AudioPolicyManager: getOutput() stream 5 selected device 00000002, output 13
09-07 17:42:29.466   716 23466 V AudioFlinger: start(1), calling pid 2713 session 105
09-07 17:42:29.466   716 23466 V AudioFlinger: ? => ACTIVE (1) on thread 0xe28ef800
09-07 17:42:29.466   716 23466 D AudioFlinger: startOutput_POM , POM_id:2713
09-07 17:42:29.466   716 23466 D AudioPolicyManagerCustom: startOutput_POM output:21, stream:5, session:105, pom_id:2713
09-07 17:42:29.466   716 23466 I APM::AudioPolicyEngine: ###### POM Stack0:  0 0 1
09-07 17:42:29.466   716 23466 I APM::AudioPolicyEngine: ###### POM Stack1:  2713 0 1
09-07 17:42:29.466   716 23466 V APM_AudioPolicyManager: startOutput() output 21, stream 5, session 105
09-07 17:42:29.466   716 23466 D AudioPolicyManagerCustom: startOutput isCallPOMStateChange :0, refCount:1
09-07 17:42:29.466   716 23466 V APM::AudioPolicyEngine: getDeviceForStrategy() strategy 0, device 2
09-07 17:42:29.466   716 23466 V APM_AudioPolicyManager: getNewOutputDevice() selected device 2
09-07 17:42:29.466   716 23466 V APM_AudioPolicyManager: setOutputDevice() device 0002 delayMs 0
09-07 17:42:29.466   716 23466 V APM_AudioPolicyManager: setOutputDevice() prevDevice 0x0002
09-07 17:42:29.466   716 23466 V APM::AudioPolicyEngine: getDeviceForStrategy() strategy 0, device 2
09-07 17:42:29.466   716 23466 V APM::AudioPolicyEngine: getDeviceForStrategy() strategy 1, device 1
09-07 17:42:29.466   716 23466 V APM::AudioPolicyEngine: getDeviceForStrategy() strategy 2, device 2
09-07 17:42:29.466   716 23466 V APM::AudioPolicyEngine: getDeviceForStrategy() strategy 0, device 2
09-07 17:42:29.466   716 23466 V APM::AudioPolicyEngine: getDeviceForStrategy() strategy 3, device 2
09-07 17:42:29.466   716 23466 V APM::AudioPolicyEngine: getDeviceForStrategy() strategy 0, device 2
09-07 17:42:29.466   716 23466 V APM::AudioPolicyEngine: getDeviceForStrategy() strategy 4, device 2
09-07 17:42:29.466   716 23466 V APM::AudioPolicyEngine: getDeviceForStrategy() strategy 5, device 2
09-07 17:42:29.466   716 23466 V APM::AudioPolicyEngine: getDeviceForStrategy() strategy 6, device 2
09-07 17:42:29.466   716 23466 V APM::AudioPolicyEngine: getDeviceForStrategy() strategy 7, device 2
09-07 17:42:29.466   716 23466 V APM::AudioPolicyEngine: getDeviceForStrategy() strategy 8, device 2
09-07 17:42:29.466   716 23466 V APM::AudioPolicyEngine: getDeviceForStrategy() strategy 9, device 2
09-07 17:42:29.466   716 23466 V APM_AudioPolicyManager: setOutputDevice() setting same device 0x0002 or null device
09-07 17:42:29.467   716 23466 D AudioPolicyIntefaceImpl: startOutput_POM oldPhoneState:0,currentPhoneState:0
09-07 17:42:29.471   716 23466 V AudioFlinger: signal playback thread
09-07 17:42:29.472   716   919 V AudioFlinger: thread 0xe2b839c0 type 0 TID 919 waking up
09-07 17:42:29.472   716   919 V AudioFlinger: acquireWakeLock_l() AudioOut_15 status 0
09-07 17:42:29.472   716   919 D AudioFlinger: updateWakeLockUids_l AudioOut_15 uids:1000
09-07 17:42:29.472   716   919 V AudioFlinger: updateWakeLockUids_l() AudioOut_15 status 0
09-07 17:42:29.473   716   919 D AudioFlinger: ####### XXF  RESAMPLE RESET #######
09-07 17:42:29.473   716   919 D BufferProvider: setBufferProvider(0xe28ef800): mTrackBufferProvider:0x0  mBuffer.frameCount:0
09-07 17:42:29.474   672 22374 D audio_hw_primary: start_output_stream: enter: stream(0xea068000)usecase(1: low-latency-playback) devices(0x2)
09-07 17:42:29.475   672 22374 D audio_hw_primary: select_devices for use case (low-latency-playback)
09-07 17:42:29.475   672 22374 D audio_hw_primary: select_devices, usecase_flag:0, out_snd_device:2
09-07 17:42:29.475   672 22374 D audio_hw_primary: select_devices: out_snd_device(2: speaker) in_snd_device(0: )
09-07 17:42:29.475   672 22374 I msm8916_platform: platform_check_and_set_codec_backend_cfg:becf: afe: bitwidth 32, samplerate 48000 channels 2, backend_idx 0 usecase = 1 device (speaker)
09-07 17:42:29.475   672 22374 D msm8916_platform: platform_split_snd_device: snd_device(2) num devices(1) new_snd_devices(0)
09-07 17:42:29.475   672 22374 I msm8916_platform: platform_check_and_set_codec_backend_cfg: becf: new_snd_devices[0] is speaker
09-07 17:42:29.475   672 22374 I msm8916_platform: platform_check_codec_backend_cfg:becf: afe: Codec selected backend: 0 current bit width: 32 sample rate: 48000 channels: 2 usecase 1 device (speaker)
09-07 17:42:29.475   672 22374 D msm8916_platform: platform_check_codec_backend_cfg:becf: afe: reset bitwidth to 24 (based on supported value for this platform)
09-07 17:42:29.475   672 22374 D msm8916_platform: platform_check_codec_backend_cfg:becf: afe: playback on codec device not supporting native playback set default Sample Rate(48k)
09-07 17:42:29.475   672 22374 I msm8916_platform: platform_check_codec_backend_cfg:becf: afe: Codec selected backend: 0 updated bit width: 24 sample rate: 48000 channels: 2
09-07 17:42:29.475   672 22374 I msm8916_platform: platform_check_codec_backend_cfg:becf: afe: Codec backend needs to be updated. new bit width: 24 new sample rate: 48000 new channels 2
09-07 17:42:29.475   672 22374 I msm8916_platform: platform_set_codec_backend_cfg:becf: afe: bitwidth 24, samplerate 48000 channels 2 format 3, backend_idx 0 device (speaker)
09-07 17:42:29.478   672 22374 E msm8916_platform: platform_set_codec_backend_cfg:becf: afe: Could not get ctl for mixer command - INT4_MI2S_RX Format
09-07 17:42:29.478   672 22374 D audio_hw_primary: check_usecases_codec_backend:becf: force routing 0
09-07 17:42:29.478   672 22374 E msm8916_platform: platform_check_backends_match: Invalid snd_device =
09-07 17:42:29.478   672 22374 D audio_hw_primary: check_usecases_codec_backend:becf: (63) check_usecases curr device: speaker, usecase device: backends match 0
09-07 17:42:29.478   672 22374 D audio_hw_primary: check_usecases_codec_backend:becf: check_usecases num.of Usecases to switch 0
09-07 17:42:29.478   672 22374 D hardware_info: hw_info_append_hw_type : device_name = speaker
09-07 17:42:29.478   672 22374 D audio_hw_primary: enable_snd_device: device 2:device_name:speaker:ref_cnt:1
09-07 17:42:29.478   672 22374 D msm8916_platform: platform_split_snd_device: snd_device(2) num devices(0) new_snd_devices(0)
09-07 17:42:29.478   672 22374 D audio_hw_primary: enable_snd_device: snd_device(2: speaker)
09-07 17:42:29.478   672 22374 I soundtrigger: audio_extn_sound_trigger_update_device_status: device 0x2 of type 0 for Event 1, with Raise=0
09-07 17:42:29.478   672 22374 D audio_route: Apply path: speaker
09-07 17:42:29.481   672 22374 I audio_hw_utils: audio_extn_utils_update_stream_output_app_type_cfg Allowing 24-bit playback on speaker ONLY at default sampling rate
09-07 17:42:29.481   672 22374 D audio_hw_primary: audio_is_true_native_stream_active:napb: (0) (low-latency-playback)id (1) sr 48000 bw (32) device speaker
09-07 17:42:29.481   672 22374 D soundtrigger: audio_extn_sound_trigger_update_stream_status: uc_info->id 1 of type 0 for Event 3, with Raise=0
09-07 17:42:29.481   672 22374 D audio_hw_utils: audio_extn_utils_send_app_type_cfg: usecase->out_snd_device speaker
09-07 17:42:29.481   672 22374 D msm8916_platform: platform_split_snd_device: snd_device(2) num devices(0) new_snd_devices(0)
09-07 17:42:29.482   672 22374 D audio_hw_utils: audio_extn_btsco_get_sample_rate:Not a BT SCO device, need not update sampling rate
09-07 17:42:29.482   672 22374 I audio_hw_utils: send_app_type_cfg_for_device PLAYBACK app_type 69937, acdb_dev_id 15, sample_rate 48000, snd_device_be_idx 41
09-07 17:42:29.483   672 22374 D msm8916_platform: platform_split_snd_device: snd_device(2) num devices(1) new_snd_devices(0)
09-07 17:42:29.483   672 22374 D ACDB-LOADER: ACDB -> send_audio_cal, acdb_id = 15, path = 0, app id = 0x11131, sample rate = 48000
09-07 17:42:29.483   672 22374 D ACDB-LOADER: ACDB -> send_asm_topology
09-07 17:42:29.483   672 22374 D ACDB-LOADER: ACDB -> ACDB_CMD_GET_AUDPROC_STREAM_TOPOLOGY_ID
09-07 17:42:29.484   672 22374 D ACDB-LOADER: ACDB -> send_adm_topology
09-07 17:42:29.484   672 22374 D ACDB-LOADER: ACDB -> ACDB_CMD_GET_AUDPROC_COMMON_TOPOLOGY_ID
09-07 17:42:29.484   672 22374 D ACDB-LOADER: ACDB -> send_audtable
09-07 17:42:29.484   672 22374 D ACDB-LOADER: ACDB -> ACDB_CMD_GET_AUDPROC_COMMON_TABLE_SIZE
09-07 17:42:29.484   672 22374 D ACDB-LOADER: ACDB -> ACDB_CMD_GET_AUDPROC_COMMON_TABLE
09-07 17:42:29.484   672 22374 D ACDB-LOADER: ACDB -> AUDIO_SET_AUDPROC_CAL
09-07 17:42:29.484   672 22374 D ACDB-LOADER: ACDB -> send_audvoltable
09-07 17:42:29.484   672 22374 D ACDB-LOADER: ACDB -> ACDB_CMD_GET_AUDPROC_VOL_STEP_TABLE_SIZE
09-07 17:42:29.484   672 22374 D ACDB-LOADER: ACDB -> ACDB_CMD_GET_AUDPROC_GAIN_DEP_STEP_TABLE, vol index 0
09-07 17:42:29.484   672 22374 D ACDB-LOADER: ACDB -> AUDIO_SET_VOL_CAL cal type = 12
09-07 17:42:29.484   672 22374 D ACDB-LOADER: ACDB -> ACDB_CMD_GET_AUDPROC_STREAM_TABLE_SIZE
09-07 17:42:29.484   672 22374 D ACDB-LOADER: ACDB -> send_audstrmtable
09-07 17:42:29.484   672 22374 D ACDB-LOADER: ACDB -> ACDB_CMD_GET_AUDPROC_STREAM_TABLE_V2
09-07 17:42:29.484   672 22374 D ACDB-LOADER: ACDB -> audstrm_cal->cal_type.cal_data.cal_size = 16
09-07 17:42:29.484   672 22374 D ACDB-LOADER: ACDB -> send_afe_topology
09-07 17:42:29.484   672 22374 D ACDB-LOADER: ACDB -> ACDB_CMD_GET_AFE_TOPOLOGY_ID
09-07 17:42:29.484   672 22374 D ACDB-LOADER: ACDB -> GET_AFE_TOPOLOGY_ID for adcd_id 15, Topology Id 112fc
09-07 17:42:29.484   672 22374 D ACDB-LOADER: ACDB -> send_afe_cal
09-07 17:42:29.484   672 22374 D ACDB-LOADER: ACDB -> ACDB_CMD_GET_AFE_COMMON_TABLE_SIZE
09-07 17:42:29.484   672 22374 D         : Failed to fetch the lookup information of the device 0000000F
09-07 17:42:29.484   672 22374 E ACDB-LOADER: Error: ACDB_CMD_GET_AFE_COMMON_TABLE_SIZE Returned = -19
09-07 17:42:29.484   672 22374 D ACDB-LOADER: ACDB -> ACDB_CMD_GET_AFE_COMMON_TABLE
09-07 17:42:29.484   672 22374 D         : Failed to fetch the lookup information of the device 0000000F
09-07 17:42:29.484   672 22374 E ACDB-LOADER: Error: ACDB AFE returned = -19
09-07 17:42:29.484   672 22374 D ACDB-LOADER: ACDB -> AUDIO_SET_AFE_CAL
09-07 17:42:29.484   672 22374 D ACDB-LOADER: ACDB -> send_hw_delay : acdb_id = 15 path = 0
09-07 17:42:29.484   672 22374 D ACDB-LOADER: ACDB -> ACDB_AVSYNC_INFO: ACDB_CMD_GET_DEVICE_PROPERTY
09-07 17:42:29.484   672 22374 D audio_route: Apply path: low-latency-playback speaker
09-07 17:42:29.485   672 22374 D audio_hw_primary: select_devices: done
09-07 17:42:29.485   672 22374 D audio_hw_primary: start_output_stream: Opening PCM device card_id(0) device_id(13) format(0x1),config.rate:48000,bit_width:32
09-07 17:42:29.495  1710  1839 D ActivityManager: StartMode packageName = com.bbk.cloud ,callingPid = -1 ,alwaysRestrict = true ,startMode = 2 ,UidRec:null
09-07 17:42:29.515   686   885 W qti_sensors_hal: processInd: angle direction: [0]: 3.000000 [1]: -20.615376 [2]: 40.507835 [3]: 0.000000 [4]: -0.000000 [5]: 0.000000 ts: 483431327894589
09-07 17:42:29.519  1710  2664 I chatty  : uid=1000(system) Binder:1710_8 expire 5 lines
09-07 17:42:29.533   686   885 W qti_sensors_hal: processInd: angle direction: [0]: 3.000000 [1]: -20.615376 [2]: 40.507835 [3]: 0.000000 [4]: -0.000000 [5]: 0.000000 ts: 483431347303769
09-07 17:42:29.540  1710  1862 D UsbDeviceManager: handleMessage MSG_UPDATE_STATE ,message.what=0
09-07 17:42:29.542  1710  1841 I ActivityManager: Start proc 22308:com.bbk.cloud/u0a100 for broadcast com.bbk.cloud/.common.library.receiver.LowRomVerForbidDaemonReceiver
09-07 17:42:29.553  1710  2968 I chatty  : uid=1000(system) Binder:1710_9 expire 26 lines
09-07 17:42:29.555   686   885 W qti_sensors_hal: processInd: angle direction: [0]: 3.000000 [1]: -20.615376 [2]: 40.507835 [3]: 0.000000 [4]: -0.000000 [5]: 0.000000 ts: 483431366560361
09-07 17:42:29.564   672 22374 D msm8916_platform: platform_set_channel_map mixer_ctl_name:Playback Channel Map13
09-07 17:42:29.565   672 22374 D msm8916_platform: platform_set_channel_map: set mapping(1 2 0 0 0 0 0 0) for channel:2
09-07 17:42:29.565   672 22374 D audio_hw_primary: start_output_stream: exit
09-07 17:42:29.572   686   885 W qti_sensors_hal: processInd: angle direction: [0]: 3.000000 [1]: -20.615376 [2]: 40.507835 [3]: 0.000000 [4]: -0.000000 [5]: 0.000000 ts: 483431386122128
09-07 17:42:29.576  1710  1862 D NotificationService: DEBUG_OVERRIDE_NOTIFY:enqueueNotificationWithTag pkg=android opPkg=androidtag=null notification=Notification(channel=USB pri=0 contentView=null vibrate=null sound=null tick defaults=0x0 flags=0x2 color=0x00000000 vis=PUBLIC internalType=0 internalPriority=0 internalGroupPriority=0 internalFlag=0) userId =-1
09-07 17:42:29.576  1710  1862 V NotificationService: enqueueNotificationInternal: pkg=android id=10011 notification=Notification(channel=USB pri=0 contentView=null vibrate=null sound=null tick defaults=0x0 flags=0x2 color=0x00000000 vis=PUBLIC internalType=0 internalPriority=0 internalGroupPriority=0 internalFlag=0)
09-07 17:42:29.579  1710  1862 D NotificationService: DEBUG_OVERRIDE_NOTIFY:enqueueNotificationWithTag pkg=android opPkg=androidtag=null notification=Notification(channel=DEVELOPER pri=0 contentView=null vibrate=null sound=null tick defaults=0x0 flags=0x2 color=0xff607d8b vis=PUBLIC internalType=0 internalPriority=0 internalGroupPriority=0 internalFlag=0) userId =-1
09-07 17:42:29.579  1710  1862 V NotificationService: enqueueNotificationInternal: pkg=android id=26 notification=Notification(channel=DEVELOPER pri=0 contentView=null vibrate=null sound=null tick defaults=0x0 flags=0x2 color=0xff607d8b vis=PUBLIC internalType=0 internalPriority=0 internalGroupPriority=0 internalFlag=0)
09-07 17:42:29.598   686   885 W qti_sensors_hal: processInd: angle direction: [0]: 3.000000 [1]: -20.615376 [2]: 40.507835 [3]: 0.000000 [4]: -0.000000 [5]: 0.000000 ts: 483431405531308
09-07 17:42:29.599  1710  1768 I chatty  : uid=1000(system) Binder:1710_2 expire 17 lines
09-07 17:42:29.609  1710  1710 D NotificationService: EnqueueNotificationRunnable.run for: -1|android|10011|null|1000
09-07 17:42:29.610  1710  1710 D NotificationService: EnqueueNotificationRunnable.run for: -1|android|26|null|1000
09-07 17:42:29.614   686   885 W qti_sensors_hal: processInd: angle direction: [0]: 3.000000 [1]: -20.615376 [2]: 40.507835 [3]: 0.000000 [4]: -0.000000 [5]: 0.000000 ts: 483431424940488
09-07 17:42:29.621  7352  7352 D BoundBrokerSvc: onBind: Intent { act=com.google.android.gms.common.BIND_SHARED_PREFS pkg=com.google.android.gms }
09-07 17:42:29.621  7352  7352 D BoundBrokerSvc: Loading bound service for intent: Intent { act=com.google.android.gms.common.BIND_SHARED_PREFS pkg=com.google.android.gms }
09-07 17:42:29.623  1710  1839 D ActivityManager: StartMode packageName = com.android.providers.media ,callingPid = -1 ,alwaysRestrict = true ,startMode = 2 ,UidRec:UidRecord{8b908d8 u0a21 SVC  bg:+19h42m19s875ms idle change:idle procs:1 seq(0,0,0)}
09-07 17:42:29.630   686   885 W qti_sensors_hal: processInd: angle direction: [0]: 3.000000 [1]: -20.615376 [2]: 40.507835 [3]: 0.000000 [4]: -0.000000 [5]: 0.000000 ts: 483431444349667
09-07 17:42:29.652  1710  1862 D UsbDeviceManager: handleMessage MSG_UPDATE_STATE ,message.what=0
09-07 17:42:29.653   686   885 W qti_sensors_hal: processInd: angle direction: [0]: 3.000000 [1]: -20.615376 [2]: 40.507835 [3]: 0.000000 [4]: -0.000000 [5]: 0.000000 ts: 483431463758847
09-07 17:42:29.673  2389  2389 D KeyguardUpdateMonitor: received broadcast android.intent.action.BATTERY_CHANGED
09-07 17:42:29.674  2389  2389 D KeyguardUpdateMonitor: handleBatteryUpdate
09-07 17:42:29.675  2762  2762 D QtiCarrierConfigHelper: WARNING, no carrier configs on phone Id: 0
09-07 17:42:29.676   693   693 V LocSvc_HIDL_IzatSubscription: [batteryLevelUpdate][777] [HS] <<<<= [HC]
09-07 17:42:29.695  1710  2986 D ActivityManager: StartMode packageName = com.android.providers.media ,callingPid = -1 ,alwaysRestrict = true ,startMode = 2 ,UidRec:UidRecord{8b908d8 u0a21 SVC  bg:+19h42m19s948ms idle change:idle procs:1 seq(0,0,0)}
09-07 17:42:29.713  7352  7352 D BoundBrokerSvc: onUnbind: Intent { act=com.google.android.gms.common.BIND_SHARED_PREFS pkg=com.google.android.gms }
09-07 17:42:29.713  1710  1710 D NotificationService: -1|android|10011|null|1000: updating permissions
09-07 17:42:29.715  1710  1710 D NotificationService: -1|android|10011|null|1000: updating permissions
09-07 17:42:29.717  1710  1710 I chatty  : uid=1000 system_server identical 7 lines
09-07 17:42:29.717  1710  1710 D NotificationService: -1|android|10011|null|1000: updating permissions
09-07 17:42:29.719  1710  1710 D NotificationService: -1|android|26|null|1000: updating permissions
09-07 17:42:29.723  1710  5474 I chatty  : uid=1000(system) Binder:1710_19 expire 15 lines
09-07 17:42:29.723  1710  1710 I chatty  : uid=1000 system_server identical 8 lines
09-07 17:42:29.725  1710  1710 D NotificationService: -1|android|26|null|1000: updating permissions
09-07 17:42:29.750  7352  7352 D BoundBrokerSvc: onBind: Intent { act=com.google.android.gms.common.BIND_SHARED_PREFS pkg=com.google.android.gms }
09-07 17:42:29.750  7352  7352 D BoundBrokerSvc: Loading bound service for intent: Intent { act=com.google.android.gms.common.BIND_SHARED_PREFS pkg=com.google.android.gms }
09-07 17:42:29.754  1710  2986 I chatty  : uid=1000(system) Binder:1710_D expire 4 lines
09-07 17:42:29.762  1710  1710 D GroupHelper: sbn = StatusBarNotification(pkg=android user=UserHandle{-1} id=10011 tag=null key=-1|android|10011|null|1000 modified=false: Notification(channel=USB pri=0 contentView=null vibrate=null sound=null tick defaults=0x0 flags=0x2 color=0x00000000 vis=PUBLIC internalType=0 internalPriority=0 internalGroupPriority=0 internalFlag=0))
09-07 17:42:29.762 22308 22308 I Perf    : Connecting to perf service.
09-07 17:42:29.770 31788 31788 D BoundBrokerSvc: onBind: Intent { act=com.google.android.gms.gmscompliance.service.START dat=chimera-action:com.google.android.gms.gmscompliance.service.START cmp=com.google.android.gms/.chimera.PersistentBoundBrokerService }
09-07 17:42:29.770 31788 31788 D BoundBrokerSvc: Loading bound service for intent: Intent { act=com.google.android.gms.gmscompliance.service.START dat=chimera-action:com.google.android.gms.gmscompliance.service.START cmp=com.google.android.gms/.chimera.PersistentBoundBrokerService }
09-07 17:42:29.773 22308 22308 I MultiDex: VM with version 2.1.0 has multidex support
09-07 17:42:29.773 22308 22308 I MultiDex: Installing application
09-07 17:42:29.773 22308 22308 I MultiDex: VM has multidex support, MultiDex support library is disabled.
09-07 17:42:29.775  1710  1710 D NotificationService: EnqueueNotificationRunnable.run for: -1|android|2147483647|ranker_group|1000|ranker_group
09-07 17:42:29.783 31788 17399 I NetworkScheduler.Stats: Task com.google.android.gms/com.google.android.gms.checkin.EventLogService started execution. cause:6 exec_start_elapsed_seconds: 483431 [CONTEXT service_id=218 ]
09-07 17:42:29.785   686   885 W qti_sensors_hal: processInd: angle direction: [0]: 5.000000 [1]: -49.397697 [2]: 18.011187 [3]: 0.000000 [4]: -0.000000 [5]: 0.000000 ts: 483431599653622
09-07 17:42:29.790  5867  5867 D MtpService: starting MTP server in MTP mode with storage /storage/emulated/0 unlocked as user 0
09-07 17:42:29.795  5867  5867 I MtpService: Couldn't get control FD!
09-07 17:42:29.804   686   885 W qti_sensors_hal: processInd: angle direction: [0]: 5.000000 [1]: -49.397697 [2]: 18.011187 [3]: 0.000000 [4]: -0.000000 [5]: 0.000000 ts: 483431619062802
09-07 17:42:29.817  7352  7352 D BoundBrokerSvc: onUnbind: Intent { act=com.google.android.gms.common.BIND_SHARED_PREFS pkg=com.google.android.gms }
09-07 17:42:29.824   686   885 W qti_sensors_hal: processInd: angle direction: [0]: 5.000000 [1]: -49.397697 [2]: 18.011187 [3]: 0.000000 [4]: -0.000000 [5]: 0.000000 ts: 483431638471982
09-07 17:42:29.824  1710  5423 I chatty  : uid=1000(system) Binder:1710_16 expire 6 lines
09-07 17:42:29.829  7352  7352 D BoundBrokerSvc: onBind: Intent { act=com.google.android.gms.common.BIND_SHARED_PREFS pkg=com.google.android.gms }
09-07 17:42:29.830  7352  7352 D BoundBrokerSvc: Loading bound service for intent: Intent { act=com.google.android.gms.common.BIND_SHARED_PREFS pkg=com.google.android.gms }
09-07 17:42:29.862   586   586 W logd.reader: type=1400 audit(0.0:63301): avc: denied { getattr } for scontext=u:r:logd:s0 tcontext=u:r:priv_app:s0:c512,c768 tclass=process permissive=0
09-07 17:42:29.844   686   885 W qti_sensors_hal: processInd: angle direction: [0]: 5.000000 [1]: -49.397697 [2]: 18.011187 [3]: 0.000000 [4]: -0.000000 [5]: 0.000000 ts: 483431657881161
09-07 17:42:29.852  1710  5423 I PackageManager: ### pkg:Package{cfc471b com.google.android.gms}
09-07 17:42:29.852  5867  5867 V MtpService: Adding MTP storage:/storage/emulated/0
09-07 17:42:29.853 22308 22308 I MMKV    : <native-bridge.cpp:103::JNI_OnLoad> current API level = 28
09-07 17:42:29.853 22308 22308 I MMKV    : <MMKV.cpp:156::initialize> version v1.2.7 page size:4096
09-07 17:42:29.853 22308 22308 I MMKV    : <MMKV.cpp:167::initialize> armv8 AES instructions is supported
09-07 17:42:29.853 22308 22308 I MMKV    : <MMKV.cpp:175::initialize> armv8 CRC32 instructions is supported
09-07 17:42:29.853 22308 22308 I MMKV    : <MMKV.cpp:198::initializeMMKV> root dir: /data/user/0/com.bbk.cloud/files/mmkv
09-07 17:42:29.853  1710  5425 I PackageManager: ### pkg:Package{cfc471b com.google.android.gms}
09-07 17:42:29.854 22308 22308 I MMKV    : <MMKV_IO.cpp:81::loadFromFile> loading [com.bbk.cloud.common.mmkv] with 1424 actual size, file size 4096, InterProcess 0, meta info version:3
09-07 17:42:29.854 22308 22308 I MMKV    : <MMKV_IO.cpp:86::loadFromFile> loading [com.bbk.cloud.common.mmkv] with crc 139350737 sequence 1 version 3
09-07 17:42:29.854 22308 22308 I MMKV    : <MMKV_IO.cpp:130::loadFromFile> loaded [com.bbk.cloud.common.mmkv] with 26 key-values
09-07 17:42:29.855 22308 22308 I MMKV    : <MMKV_IO.cpp:81::loadFromFile> loading [com.bbk.cloud_account_mmkv_1234567890] with 0 actual size, file size 4096, InterProcess 0, meta info version:1
09-07 17:42:29.855 22308 22308 I MMKV    : <MMKV_IO.cpp:130::loadFromFile> loaded [com.bbk.cloud_account_mmkv_1234567890] with 0 key-values
09-07 17:42:29.861  7352  7352 D BoundBrokerSvc: onUnbind: Intent { act=com.google.android.gms.common.BIND_SHARED_PREFS pkg=com.google.android.gms }
09-07 17:42:29.862   686   885 W qti_sensors_hal: processInd: angle direction: [0]: 5.000000 [1]: -49.397697 [2]: 18.011187 [3]: 0.000000 [4]: -0.000000 [5]: 0.000000 ts: 483431677290341
09-07 17:42:29.866   718   718 I SurfaceFlinger: FPS: 50
09-07 17:42:29.869  7352  7382 I Checkin : [EventLogChimeraService] Opted in for usage reporting: false
09-07 17:42:29.869  7352  7382 I Checkin : [EventLogChimeraService] Aggregate from 1662541370385 (log), 1662541370385 (data)
09-07 17:42:29.878  1710  1710 D NotificationService: -1|android|2147483647|ranker_group|1000|ranker_group: updating permissions
09-07 17:42:29.883   686   885 W qti_sensors_hal: processInd: angle direction: [0]: 5.000000 [1]: -49.397697 [2]: 18.011187 [3]: 0.000000 [4]: -0.000000 [5]: 0.000000 ts: 483431696730038
09-07 17:42:29.902   686   885 W qti_sensors_hal: processInd: angle direction: [0]: 5.000000 [1]: -49.397697 [2]: 18.011187 [3]: 0.000000 [4]: -0.000000 [5]: 0.000000 ts: 483431716139218
09-07 17:42:29.881  1710  1710 I chatty  : uid=1000 system_server identical 8 lines
09-07 17:42:29.881  1710  1710 D NotificationService: -1|android|2147483647|ranker_group|1000|ranker_group: updating permissions
09-07 17:42:29.908  1710  1710 D GroupHelper: sbn = StatusBarNotification(pkg=android user=UserHandle{-1} id=2147483647 tag=ranker_group key=-1|android|2147483647|ranker_group|1000|ranker_group modified=false: Notification(channel=USB pri=0 contentView=null vibrate=null sound=null defaults=0x0 flags=0x700 color=0x00000000 groupKey=ranker_group vis=PRIVATE internalType=0 internalPriority=0 internalGroupPriority=0 internalFlag=0))
09-07 17:42:29.922   686   885 W qti_sensors_hal: processInd: angle direction: [0]: 5.000000 [1]: -49.397697 [2]: 18.011187 [3]: 0.000000 [4]: -0.000000 [5]: 0.000000 ts: 483431735548398
09-07 17:42:30.003 22308 22308 I Transfer-FbeUtil: isFbeProj : false
09-07 17:42:30.112  1710  2968 D ActivityManager: StartMode packageName = com.bbk.updater ,callingPid = -1 ,alwaysRestrict = true ,startMode = 2 ,UidRec:UidRecord{d8378ab u0a78 SVC  bg:+2h2m18s120ms idle change:idle procs:1 seq(0,0,0)}
09-07 17:42:30.113  1710  2968 I BroadcastQueue: toBefiltered is false, app.uid equals r.callingUid is 10078
09-07 17:42:30.158  1710  1841 I ActivityManager: Start proc 22355:com.bbk.updater/u0a78 for broadcast com.bbk.updater/.receiver.AllReceivers
09-07 17:42:30.165 18564 18564 I adbd    : Calling send_auth_request...
09-07 17:42:30.234 18564 18564 I adbd    : Loading keys from /data/misc/adb/adb_keys
09-07 17:42:30.256 18564 18564 I adbd    : adb client authorized
09-07 17:42:30.269 22355 22355 I Perf    : Connecting to perf service.
09-07 17:42:30.327 22355 22355 I FtBuild : getRomVersion mRomVer=9.0
09-07 17:42:30.337  1710  1710 D NotificationService: handleSavePolicyFile
09-07 17:42:30.349  1710  1710 D NotificationService: handleSavePolicyFile
09-07 17:42:30.368   673  5866 I vendor.qti.bluetooth@1.0-ibs_handler: DeviceSleep: TX Awake, Sending SLEEP_IND
09-07 17:42:30.368   673  5866 D vendor.qti.bluetooth@1.0-ibs_handler: SerialClockVote: vote for UART CLK OFF
09-07 17:42:30.378  2258 20013 I chatty  : uid=1000(system) Binder:2258_10 identical 19 lines
09-07 17:42:30.390   716   919 V AudioFlinger: underrun,  framesReady(0) < framesDesired(867), state: 6
09-07 17:42:30.394 31788 21219 I NetworkScheduler.Stats: Task com.google.android.gms/com.google.android.gms.checkin.EventLogService finished executing. cause:6 result: 1 elapsed_millis: 764 uptime_millis: 765 exec_start_elapsed_seconds: 483431 [CONTEXT service_id=218 ]
09-07 17:42:30.398   716 23466 V AudioFlinger: stop(1), calling pid 2713
09-07 17:42:30.398   716 23466 V AudioFlinger: not stopping/stopped => stopping/stopped (1) on thread 0xe2b839c0
09-07 17:42:30.410   716   919 V AudioFlinger: presentationComplete() mPresentationCompleteFrames 0 framesWritten 40320
09-07 17:42:30.410   716   919 V AudioFlinger: presentationComplete() reset: mPresentationCompleteFrames 42624 audioHalFrames 2304
09-07 17:42:30.420   716   919 V AudioFlinger: presentationComplete() mPresentationCompleteFrames 42624 framesWritten 40320
09-07 17:42:30.430   716   919 V AudioFlinger: presentationComplete() mPresentationCompleteFrames 42624 framesWritten 41280
09-07 17:42:30.437  1710  2968 D ActivityManager: StartMode packageName = com.bbk.appstore ,callingPid = -1 ,alwaysRestrict = true ,startMode = 2 ,UidRec:UidRecord{e88744d u0a98 CEM  bg:+9h52m13s307ms idle change:cached procs:2 seq(0,0,0)}
09-07 17:42:30.441   716   919 V AudioFlinger: presentationComplete() mPresentationCompleteFrames 42624 framesWritten 41280
09-07 17:42:30.444  2258  5613 I chatty  : uid=1000(system) Binder:2258_7 expire 4 lines
09-07 17:42:30.450   716   919 V AudioFlinger: presentationComplete() mPresentationCompleteFrames 42624 framesWritten 42240
09-07 17:42:30.453  1710  2968 D ActivityManager: StartMode packageName = com.vivo.gallery ,callingPid = -1 ,alwaysRestrict = true ,startMode = 2 ,UidRec:UidRecord{114ad6e u0a94 CEM  idle change:cached procs:1 seq(0,0,0)}
09-07 17:42:30.459  1710  2968 D ActivityManager: StartMode packageName = com.android.providers.media ,callingPid = -1 ,alwaysRestrict = true ,startMode = 2 ,UidRec:UidRecord{8b908d8 u0a21 SVC  bg:+19h42m20s712ms idle change:idle procs:1 seq(0,0,0)}
09-07 17:42:30.459  1710  2968 W BroadcastQueue: Background execution not allowed: receiving Intent { act=vivo.intent.action.MEDIA_SCAN_WHITELIST flg=0x10 } to com.android.providers.media/.MediaScannerReceiver
09-07 17:42:30.460   716   919 V AudioFlinger: presentationComplete() mPresentationCompleteFrames 42624 framesWritten 42240
09-07 17:42:30.465  1710  1839 D ActivityManager: StartMode packageName = com.google.android.gms ,callingPid = -1 ,alwaysRestrict = true ,startMode = 2 ,UidRec:UidRecord{cc73a4c u0a478 SVC  bg:+6m54s41ms idle change:idle procs:4 seq(0,0,0)}
09-07 17:42:30.465  1710  1839 W BroadcastQueue: Background execution not allowed: receiving Intent { act=android.intent.action.DROPBOX_ENTRY_ADDED flg=0x10 (has extras) } to com.google.android.gms/.stats.service.DropBoxEntryAddedReceiver
09-07 17:42:30.465  1710  1839 D ActivityManager: StartMode packageName = com.google.android.gms ,callingPid = -1 ,alwaysRestrict = true ,startMode = 2 ,UidRec:UidRecord{cc73a4c u0a478 SVC  bg:+6m54s42ms idle change:idle procs:4 seq(0,0,0)}
09-07 17:42:30.465  1710  1839 W BroadcastQueue: Background execution not allowed: receiving Intent { act=android.intent.action.DROPBOX_ENTRY_ADDED flg=0x10 (has extras) } to com.google.android.gms/.chimera.GmsIntentOperationService$PersistentTrustedReceiver
09-07 17:42:30.470   716   919 V AudioFlinger: presentationComplete() mPresentationCompleteFrames 42624 framesWritten 43200
09-07 17:42:30.470   716   919 D AudioFlinger: Track reset ....
09-07 17:42:30.470   716   919 D BufferProvider: setBufferProvider(0x0): mTrackBufferProvider:0xe28ef800  mBuffer.frameCount:0
09-07 17:42:30.470   716   919 V AudioFlinger: removeTracks_l removing track on session 105
09-07 17:42:30.470   716   919 D AudioFlinger: updateWakeLockUids_l AudioOut_15 uids:
09-07 17:42:30.470   716   919 V AudioFlinger: updateWakeLockUids_l() AudioOut_15 status 0
09-07 17:42:30.472   716   716 W ApmOutput: type=1400 audit(0.0:63302): avc: denied { search } for name="bbkcore" dev="dm-1" ino=2359297 scontext=u:r:audioserver:s0 tcontext=u:object_r:vivo_data_file:s0 tclass=dir permissive=0
09-07 17:42:30.481   716   919 D AudioFlinger: stopOutput_POM , POM_id:2713
09-07 17:42:30.481   716   919 V AudioPolicyService: AudioCommandThread() adding stop output 21
09-07 17:42:30.481   716   919 V AudioPolicyService: inserting command: 6 at index 0, num commands 0
09-07 17:42:30.481   716   908 V AudioPolicyService: AudioCommandThread() processing stop output 21
09-07 17:42:30.481   716   908 D AudioPolicyManagerCustom: stopOutput_POM, output:21, stream:5, session:105, pom_id:2713
09-07 17:42:30.481   716   908 I APM::AudioPolicyEngine: remove pom records for 2713.
09-07 17:42:30.481   716   908 I APM::AudioPolicyEngine: ###### POM Stack0:  0 0 1
09-07 17:42:30.481   716   908 V APM_AudioPolicyManager: stopOutput() output 21, stream 5, session 105
09-07 17:42:30.481   716   908 D AudioPolicyManagerCustom: stopOutput isCallPOMStateChange :0, refCount:1
09-07 17:42:30.481   716   908 V APM_AudioPolicyManager: getNewOutputDevice() selected device 0
09-07 17:42:30.481   716   908 V APM_AudioPolicyManager: setOutputDevice() device 0000 delayMs 96
09-07 17:42:30.481   716   908 V APM_AudioPolicyManager: setOutputDevice() prevDevice 0x0002
09-07 17:42:30.481   716   908 V APM::AudioPolicyEngine: getDeviceForStrategy() strategy 0, device 2
09-07 17:42:30.481   716   908 V APM::AudioPolicyEngine: getDeviceForStrategy() strategy 1, device 1
09-07 17:42:30.481   716   908 V APM::AudioPolicyEngine: getDeviceForStrategy() strategy 2, device 2
09-07 17:42:30.481   716   908 V APM::AudioPolicyEngine: getDeviceForStrategy() strategy 0, device 2
09-07 17:42:30.481   716   908 V APM::AudioPolicyEngine: getDeviceForStrategy() strategy 3, device 2
09-07 17:42:30.481   716   908 V APM::AudioPolicyEngine: getDeviceForStrategy() strategy 0, device 2
09-07 17:42:30.481   716   908 V APM::AudioPolicyEngine: getDeviceForStrategy() strategy 4, device 2
09-07 17:42:30.481   716   908 V APM::AudioPolicyEngine: getDeviceForStrategy() strategy 5, device 2
09-07 17:42:30.481   716   908 V APM::AudioPolicyEngine: getDeviceForStrategy() strategy 6, device 2
09-07 17:42:30.481   716   908 V APM::AudioPolicyEngine: getDeviceForStrategy() strategy 7, device 2
09-07 17:42:30.481   716   908 V APM::AudioPolicyEngine: getDeviceForStrategy() strategy 8, device 2
09-07 17:42:30.481   716   908 V APM::AudioPolicyEngine: getDeviceForStrategy() strategy 9, device 2
09-07 17:42:30.481   716   908 V APM_AudioPolicyManager: setOutputDevice() setting same device 0x0000 or null device
09-07 17:42:30.481   716   908 D AudioPolicyIntefaceImpl: doStopOutput_POM oldPhoneState:0,currentPhoneState:0
09-07 17:42:30.481   716   908 V AudioPolicyService: AudioCommandThread() going to sleep
09-07 17:42:30.504  1710  5744 W ActivityManager: Permission Denial: Accessing service ComponentInfo{com.vivo.pushservice/com.vivo.push.sdk.service.UpstageService} from pid=22355, uid=10078 requires com.push.permission.UPSTAGESERVICE
09-07 17:42:30.506  1710  5744 I PackageManager: ### pkg:Package{3ab7c70 com.bbk.updater}
09-07 17:42:30.519   673  5827 D vendor.qti.bluetooth@1.0-wake_lock: Release wakelock is released
09-07 17:42:30.661 22232 22270 I chatty  : uid=10094(com.vivo.collage) GalleryService- identical 1 line
09-07 17:42:30.710  2389  2389 D KeyguardUpdateMonitor: received broadcast android.intent.action.BATTERY_CHANGED
09-07 17:42:30.710  2762  2762 D QtiCarrierConfigHelper: WARNING, no carrier configs on phone Id: 0
09-07 17:42:30.711  2389  2389 D KeyguardUpdateMonitor: handleBatteryUpdate
09-07 17:42:30.712   693   693 V LocSvc_HIDL_IzatSubscription: [batteryLevelUpdate][777] [HS] <<<<= [HC]
09-07 17:42:30.883   718   718 I SurfaceFlinger: FPS: 58
09-07 17:42:30.911   686   885 W qti_sensors_hal: processInd: angle direction: [0]: 1.000000 [1]: -28.162903 [2]: -7.330400 [3]: 0.000000 [4]: -0.000000 [5]: 0.000000 ts: 483432725630185
09-07 17:42:30.931   686   885 W qti_sensors_hal: processInd: angle direction: [0]: 1.000000 [1]: -28.162903 [2]: -7.330400 [3]: 0.000000 [4]: -0.000000 [5]: 0.000000 ts: 483432745039364
09-07 17:42:30.950   686   885 W qti_sensors_hal: processInd: angle direction: [0]: 1.000000 [1]: -28.162903 [2]: -7.330400 [3]: 0.000000 [4]: -0.000000 [5]: 0.000000 ts: 483432764448544
09-07 17:42:30.959 22308 22308 I Transfer-Dm-DownloadReceiver: onReceive action: android.net.conn.CONNECTIVITY_CHANGE
09-07 17:42:30.969   686   885 W qti_sensors_hal: processInd: angle direction: [0]: 1.000000 [1]: -28.162903 [2]: -7.330400 [3]: 0.000000 [4]: -0.000000 [5]: 0.000000 ts: 483432783857724
09-07 17:42:30.989   686   885 W qti_sensors_hal: processInd: angle direction: [0]: 1.000000 [1]: -28.162903 [2]: -7.330400 [3]: 0.000000 [4]: -0.000000 [5]: 0.000000 ts: 483432803297421
09-07 17:42:31.009   686   885 W qti_sensors_hal: processInd: angle direction: [0]: 1.000000 [1]: -28.162903 [2]: -7.330400 [3]: 0.000000 [4]: -0.000000 [5]: 0.000000 ts: 483432822706601
09-07 17:42:31.028   686   885 W qti_sensors_hal: processInd: angle direction: [0]: 1.000000 [1]: -28.162903 [2]: -7.330400 [3]: 0.000000 [4]: -0.000000 [5]: 0.000000 ts: 483432842115780
09-07 17:42:31.047   686   885 W qti_sensors_hal: processInd: angle direction: [0]: 1.000000 [1]: -28.162903 [2]: -7.330400 [3]: 0.000000 [4]: -0.000000 [5]: 0.000000 ts: 483432861524960
09-07 17:42:31.180  2389  2389 D KeyguardUpdateMonitor: received broadcast android.intent.action.BATTERY_CHANGED
09-07 17:42:31.180  2389  2389 D KeyguardUpdateMonitor: handleBatteryUpdate
09-07 17:42:31.184  2762  2762 D QtiCarrierConfigHelper: WARNING, no carrier configs on phone Id: 0
09-07 17:42:31.185   693   693 V LocSvc_HIDL_IzatSubscription: [batteryLevelUpdate][777] [HS] <<<<= [HC]
09-07 17:42:31.383  1710  2976 I PackageManager: ### pkg:Package{4e360ba com.vivo.pushservice}
09-07 17:42:31.384  1710  2976 I chatty  : uid=1000(system) Binder:1710_B identical 1 line
09-07 17:42:31.385  1710  2976 I PackageManager: ### pkg:Package{4e360ba com.vivo.pushservice}
09-07 17:42:31.387  4282  5377 W System.err: com.vivo.push.util.VivoPushException: permission : com.bbk.account.permission.READ_ACCOUNTINFO  check fail : [android.permission.RECEIVE_BOOT_COMPLETED, android.permission.INTERNET, android.permission.ACCESS_NETWORK_STATE, android.permission.ACCESS_WIFI_STATE, android.permission.READ_PHONE_STATE, android.permission.READ_EXTERNAL_STORAGE, android.permission.WRITE_EXTERNAL_STORAGE, android.permission.GET_TASKS, android.permission.WAKE_LOCK, android.permission.WRITE_SETTINGS, android.permission.GET_ACCOUNTS, android.permission.VIBRATE, android.permission.MOUNT_UNMOUNT_FILESYSTEMS, android.permission.UPDATE_APP_OPS_STATS, android.permission.READ_PRIVILEGED_PHONE_STATE, android.permission.SET_ACTIVITY_WATCHER, android.permission.REAL_GET_TASKS, com.bbk.iqoo.logsystem.permission.SIGN_OR_SYSTEM, com.bbk.iqoo.logsystem.permission.WRITE_DATA, com.bbk.iqoo.logsystem.permission.READ_DATA, com.vivo.abe.permission.configlist_provider, android.permission.READ_NETWORK_USAGE_HISTORY, android.permission.GET_INTENT_SENDER_INTENT, android.permission.BLUETOOTH, android.permission.BLUETOOTH_ADMIN, com.vivo.abe.permission.launcher.notification.num, com.vivo.abe.permission.unifiedconfig.provider, com.vivo.abe.permission.exidentifier.provider, android.permission.INTERACT_ACROSS_USERS, android.permission.INTERACT_ACROSS_USERS_FULL, android.permission.MANAGE_USERS, android.permission.QUERY_ALL_PACKAGES, com.push.permission.UPSTAGESERVICE, android.permission.STATUS_BAR_SERVICE, android.permission.SCHEDULE_EXACT_ALARM]
09-07 17:42:31.387  4282  5377 W System.err: 	at com.vivo.push.util.ad.c(Utility.java:1463)
09-07 17:42:31.387  4282  5377 W System.err: 	at com.vivo.push.o.b(PushClientManager.java:147)
09-07 17:42:31.387  4282  5377 W System.err: 	at com.vivo.push.PushClient.checkManifest(PushClient.java:43)
09-07 17:42:31.387  4282  5377 W System.err: 	at com.vivo.push.PushClient.initialize(PushClient.java:37)
09-07 17:42:31.387  4282  5377 W System.err: 	at com.vivo.push.sdk.PushServiceReceiver$a.run(PushServiceReceiver.java:70)
09-07 17:42:31.387  4282  5377 W System.err: 	at android.os.Handler.handleCallback(Handler.java:873)
09-07 17:42:31.387  4282  5377 W System.err: 	at android.os.Handler.dispatchMessage(Handler.java:99)
09-07 17:42:31.387  4282  5377 W System.err: 	at android.os.Looper.loop(Looper.java:224)
09-07 17:42:31.387  4282  5377 W System.err: 	at android.os.HandlerThread.run(HandlerThread.java:65)
09-07 17:42:31.405   716   919 V AudioFlinger: Audio hardware entering standby, mixer 0xe2b839c0, suspend count 0
09-07 17:42:31.406   672  4127 D audio_hw_primary: out_standby: enter: stream (0xea068000) usecase(1: low-latency-playback)
09-07 17:42:31.505   672  4127 D soundtrigger: audio_extn_sound_trigger_update_stream_status: uc_info->id 1 of type 0 for Event 2, with Raise=0
09-07 17:42:31.505   672  4127 D hardware_info: hw_info_append_hw_type : device_name = speaker
09-07 17:42:31.505   672  4127 D audio_hw_primary: disable_snd_device: device 2:device_name:speaker:ref_cnt:0
09-07 17:42:31.505   672  4127 D audio_hw_primary: disable_snd_device: snd_device(2: speaker)
09-07 17:42:31.505   672  4127 D msm8916_platform: platform_split_snd_device: snd_device(2) num devices(0) new_snd_devices(0)
