09-07 17:35:39.149 21554 21554 I chatty  : uid=10612 cn.missevan:player.main expire 153 lines
09-07 17:35:39.152  1000  5206 I MediaPlayerService: MediaPlayerService::getVideoBWList
09-07 17:35:39.152  1000  5206 I VideoBlackWhiteList: getLocalInstance
09-07 17:35:39.154  1000  5206 I VideoBlackWhiteList: GetSupportApp name is cn.missevan
09-07 17:35:39.154  1000  5206 I VideoBlackWhiteList: IsSupportApp AppInfolist size is 1
09-07 17:35:39.154  1000  5206 I VideoBlackWhiteList: this client is not in videobwlist
09-07 17:35:39.157 21364 21699 I chatty  : uid=10612(cn.missevan) expire 6 lines
09-07 17:35:39.158  1011 31441 I OMXMaster: makeComponentInstance(OMX.google.mp3.decoder) in omx@1.0-service process
09-07 17:35:39.162  1011 31441 E OMXNodeInstance: setConfig(0xeeda8080:google.mp3.decoder, ConfigPriority(0x6f800002)) ERROR: Undefined(0x80001001)
09-07 17:35:39.162  1011 31441 E OMXNodeInstance: getConfig(0xeeda8080:google.mp3.decoder, ConfigAndroidVendorExtension(0x6f100004)) ERROR: Undefined(0x80001001)
09-07 17:35:39.166   670   670 W AshmemAllocator: ashmem_create_region(8192) returning hidl_memory(0x7d7482c100, 8192)
09-07 17:35:39.172   670   670 W AshmemAllocator: ashmem_create_region(8192) returning hidl_memory(0x7d7482c100, 8192)
09-07 17:35:39.174   670   670 W AshmemAllocator: ashmem_create_region(9216) returning hidl_memory(0x7d7482c100, 9216)
09-07 17:35:39.176   670   670 W AshmemAllocator: ashmem_create_region(9216) returning hidl_memory(0x7d7482c100, 9216)
09-07 17:35:39.188   716 23466 V AudioPolicyService: registerClient() client 0xe4d1c4a0, uid 10612
09-07 17:35:39.188   716 23466 V APM::AudioPolicyEngine: getDeviceForStrategy() strategy 0, device 2
09-07 17:35:39.188   716 23466 V APM_AudioPolicyManager: selectOutput() commonFlags for output 13, 0000
09-07 17:35:39.188   716 23466 V APM_AudioPolicyManager: selectOutput() commonFlags for output 21, 0000
09-07 17:35:39.188   716 23466 V APM_AudioPolicyManager: getOutput() stream 3 selected device 00000002, output 13
09-07 17:35:39.188   716 23466 V APM::AudioPolicyEngine: getDeviceForStrategy() strategy 0, device 2
09-07 17:35:39.188   716 23466 V APM_AudioPolicyManager: selectOutput() commonFlags for output 13, 0000
09-07 17:35:39.188   716 23466 V APM_AudioPolicyManager: selectOutput() commonFlags for output 21, 0000
09-07 17:35:39.188   716 23466 V APM_AudioPolicyManager: getOutput() stream 3 selected device 00000002, output 13
09-07 17:35:39.188   716 23466 V APM::AudioPolicyEngine: getDeviceForStrategy() strategy 0, device 2
09-07 17:35:39.188   716 23466 V APM_AudioPolicyManager: selectOutput() commonFlags for output 13, 0000
09-07 17:35:39.188   716 23466 V APM_AudioPolicyManager: selectOutput() commonFlags for output 21, 0000
09-07 17:35:39.188   716 23466 V APM_AudioPolicyManager: getOutput() stream 3 selected device 00000002, output 13
09-07 17:35:39.191   716 23466 V APM_AudioPolicyManager: getOutputForAttr() usage=1, content=2, tag= flags=00000200 session 2753 selectedDeviceId 0
09-07 17:35:39.191   716 23466 V APM::AudioPolicyEngine: getDeviceForStrategy() strategy 0, device 2
09-07 17:35:39.191   716 23466 V APM_AudioPolicyManager: getOutputForAttr() device 0x2, sampling rate 44100, format 0x1, channel mask 0x3, flags 0x8
09-07 17:35:39.191   716 23466 V APM_AudioPolicyManager: selectOutput() commonFlags for output 13, 0000
09-07 17:35:39.191   716 23466 V APM_AudioPolicyManager: selectOutput() commonFlags for output 21, 0000
09-07 17:35:39.191   716 23466 V AudioPolicyManagerCustom: getOutputForDevice() returns output 13
09-07 17:35:39.191   716 23466 V APM_AudioPolicyManager:   getOutputForAttr() returns output 13 selectedDeviceId 3
09-07 17:35:39.191   716 23466 V AudioFlinger: createTrack() sessionId: 2753
09-07 17:35:39.193   716 23466 W AudioFlinger: createTrack_l(): mismatch between requested flags (00000008) and output flags (00000002)
09-07 17:35:39.194   716 23466 D AudioFlinger: Client defaulted notificationFrames to 4725 for frameCount 14176
09-07 17:35:39.194   716 23466 D AudioFlinger: createTrack_l, pid:21364, sessionId:2753
09-07 17:35:39.194   716 23466 V FeatureService_Native: player pkg name:cn.missevan(21364)
09-07 17:35:39.194   716 23466 I ParamService: read_nvsize 1229343048
09-07 17:35:39.195   716 23466 D ParamService: read_nvdata 1229343048 | 0xe28f0000 | 4096
09-07 17:35:39.195   716 23466 D FeatureService_Native: Player(21364,10612,2753) isHifiSupport:0
09-07 17:35:39.195   716 23466 D AudioFlinger: isHifiSupport, reply ret:4, value:0
09-07 17:35:39.196   672  4127 D compress_voip: voice_extn_compress_voip_out_get_parameters: enter
09-07 17:35:39.198   716 23466 V AudioFlinger: acquiring 2753 from 21364, for 21364
09-07 17:35:39.198   716 23466 V AudioFlinger:  added new entry for 2753
09-07 17:35:39.202   716   716 W Binder:716_6: type=1400 audit(0.0:63202): avc: denied { search } for name="bbkcore" dev="dm-1" ino=2359297 scontext=u:r:audioserver:s0 tcontext=u:object_r:vivo_data_file:s0 tclass=dir permissive=0
09-07 17:35:39.216   716 23466 V AudioFlinger: start(1), calling pid 21364 session 2753
09-07 17:35:39.216   716 23466 D AudioFlinger: startOutput_POM , POM_id:21364
09-07 17:35:39.216   716 23466 D AudioPolicyManagerCustom: startOutput_POM output:13, stream:3, session:2753, pom_id:21364
09-07 17:35:39.216   716 23466 I APM::AudioPolicyEngine: ###### POM Stack0:  0 0 1
09-07 17:35:39.216   716 23466 I APM::AudioPolicyEngine: ###### POM Stack1:  21364 0 1
09-07 17:35:39.216   716 23466 V APM_AudioPolicyManager: startOutput() output 13, stream 3, session 2753
09-07 17:35:39.216   716 23466 V APM::AudioPolicyEngine: getDeviceForStrategy() strategy 0, device 2
09-07 17:35:39.216   716 23466 V APM_AudioPolicyManager: selectOutputForMusicEffects activeOnly 1 output 13 flags 0x00000002
09-07 17:35:39.216   716 23466 V APM_AudioPolicyManager: selectOutputForMusicEffects selected output 13
09-07 17:35:39.216   716 23466 D AudioPolicyManagerCustom: startOutput isCallPOMStateChange :0, refCount:1
09-07 17:35:39.216   716 23466 V APM::AudioPolicyEngine: getDeviceForStrategy() strategy 0, device 2
09-07 17:35:39.216   716 23466 V APM_AudioPolicyManager: getNewOutputDevice() selected device 2
09-07 17:35:39.216   716 23466 V APM_AudioPolicyManager: setOutputDevice() device 0002 delayMs 0
09-07 17:35:39.216   716 23466 V APM_AudioPolicyManager: setOutputDevice() prevDevice 0x0002
09-07 17:35:39.216   716 23466 V APM::AudioPolicyEngine: getDeviceForStrategy() strategy 0, device 2
09-07 17:35:39.216   716 23466 V APM::AudioPolicyEngine: getDeviceForStrategy() strategy 1, device 1
09-07 17:35:39.216   716 23466 V APM::AudioPolicyEngine: getDeviceForStrategy() strategy 2, device 2
09-07 17:35:39.216   716 23466 V APM::AudioPolicyEngine: getDeviceForStrategy() strategy 0, device 2
09-07 17:35:39.216  1710  2664 I chatty  : uid=1000(system) Binder:1710_8 expire 37 lines
09-07 17:35:39.216   716 23466 V APM::AudioPolicyEngine: getDeviceForStrategy() strategy 3, device 2
09-07 17:35:39.216   716 23466 V APM::AudioPolicyEngine: getDeviceForStrategy() strategy 0, device 2
09-07 17:35:39.216   716 23466 V APM::AudioPolicyEngine: getDeviceForStrategy() strategy 4, device 2
09-07 17:35:39.216   716 23466 V APM::AudioPolicyEngine: getDeviceForStrategy() strategy 5, device 2
09-07 17:35:39.216   716 23466 V APM::AudioPolicyEngine: getDeviceForStrategy() strategy 6, device 2
09-07 17:35:39.216   716 23466 V APM::AudioPolicyEngine: getDeviceForStrategy() strategy 7, device 2
09-07 17:35:39.216   716 23466 V APM::AudioPolicyEngine: getDeviceForStrategy() strategy 8, device 2
09-07 17:35:39.216   716 23466 V APM::AudioPolicyEngine: getDeviceForStrategy() strategy 9, device 2
09-07 17:35:39.216   716 23466 V APM_AudioPolicyManager: setOutputDevice() setting same device 0x0002 or null device
09-07 17:35:39.216   716 23466 D APM::VolumeCurve: VOLUME mDeviceCategory 1, mStreamType 3 vol index=[20 30 30], dB=[-53.0 -48.5 -48.5]
09-07 17:35:39.216   716 23466 V APM::AudioPolicyEngine: getDeviceForStrategy() strategy 0, device 2
09-07 17:35:39.216   716 23466 V APM::AudioPolicyEngine: getDeviceForStrategy() strategy 3, device 2
09-07 17:35:39.216   716 23466 V AudioPolicyManagerCustom: checkOutputForStrategy(): policy related outputs
09-07 17:35:39.216   716 23466 V APM::AudioPolicyEngine: getDeviceForStrategy() strategy 0, device 2
09-07 17:35:39.216   716 23466 V APM::AudioPolicyEngine: getDeviceForStrategy() strategy 1, device 1
09-07 17:35:39.216   716 23466 V APM::AudioPolicyEngine: getDeviceForStrategy() strategy 2, device 2
09-07 17:35:39.216   716 23466 V APM::AudioPolicyEngine: getDeviceForStrategy() strategy 0, device 2
09-07 17:35:39.216   716 23466 V APM::AudioPolicyEngine: getDeviceForStrategy() strategy 3, device 2
09-07 17:35:39.216   716 23466 V APM::AudioPolicyEngine: getDeviceForStrategy() strategy 0, device 2
09-07 17:35:39.216   716 23466 V APM::AudioPolicyEngine: getDeviceForStrategy() strategy 4, device 2
09-07 17:35:39.216   716 23466 V APM::AudioPolicyEngine: getDeviceForStrategy() strategy 5, device 2
09-07 17:35:39.216   716 23466 V APM::AudioPolicyEngine: getDeviceForStrategy() strategy 6, device 2
09-07 17:35:39.216   716 23466 V APM::AudioPolicyEngine: getDeviceForStrategy() strategy 7, device 2
09-07 17:35:39.216   716 23466 V APM::AudioPolicyEngine: getDeviceForStrategy() strategy 8, device 2
09-07 17:35:39.216   716 23466 V APM::AudioPolicyEngine: getDeviceForStrategy() strategy 9, device 2
09-07 17:35:39.217   716 23466 D AudioPolicyIntefaceImpl: startOutput_POM oldPhoneState:0,currentPhoneState:0
09-07 17:35:39.217  1710  1710 I chatty  : uid=1000 system_server expire 15 lines
09-07 17:35:39.217  1710  1710 D MediaRouterService: onAudioPlayerActiveStateChanged: uid=10612, active=true, restoreUid=10612
09-07 17:35:39.218  2704  2704 D AudioManager: dispatching onPlaybackConfigChanged()
09-07 17:35:39.218  5354  5957 D AudioManager: dispatching onPlaybackConfigChanged()
09-07 17:35:39.218  2704  3011 D AudioManager: dispatching onPlaybackConfigChanged()
09-07 17:35:39.218  5354  5957 D Avrcp_ext: AudioManager Player: ID:23 -- type:android.media.SoundPool -- u/pid:10018/2389 -- state:idle -- attr:AudioAttributes: usage=USAGE_ASSISTANCE_SONIFICATION content=CONTENT_TYPE_SONIFICATION flags=0x0 tags= bundle=null
09-07 17:35:39.218  5354  5957 D Avrcp_ext: AudioManager Player: ID:967 -- type:android.media.MediaPlayer -- u/pid:10079/26688 -- state:idle -- attr:AudioAttributes: usage=USAGE_UNKNOWN content=CONTENT_TYPE_UNKNOWN flags=0x0 tags= bundle=null
09-07 17:35:39.218  5354  5957 D Avrcp_ext: AudioManager Player: ID:1399 -- type:android.media.AudioTrack -- u/pid:10612/21364 -- state:started -- attr:AudioAttributes: usage=USAGE_MEDIA content=CONTENT_TYPE_MUSIC flags=0x200 tags= bundle=null
09-07 17:35:39.218  5354  5957 D Avrcp_ext: AudioManager isPlaying: true
09-07 17:35:39.218  5354  5957 D PlaybackState: setState position:-1
09-07 17:35:39.218  5354  5957 V Avrcp_ext: updateCurrentMediaState: mMediaController: null
09-07 17:35:39.219  5354  5957 V Avrcp_ext: isMusicActive: true getBluetoothPlayState: 0
09-07 17:35:39.219  5354  5957 V Avrcp_ext: updateCurrentMediaState: isPlaying = false, ck_play = 241
09-07 17:35:39.219  5354  5957 V Avrcp_ext: updateCurrentMediaState: mMediaController or getPlaybackState() null
09-07 17:35:39.219  5354  5957 D PlaybackState: setState position:-1
09-07 17:35:39.219  5354  5957 D PlaybackState: getActiveQueueItemId Id:-1
09-07 17:35:39.219  5354  5957 V Avrcp_ext: Media update: id 0➡-1? [MediaAttributes: none] : [MediaAttributes: 【⋯样 -  by 犬⋯包 (7000 0/0) ]
09-07 17:35:39.219  5354  5957 V Avrcp_ext: Check if NowPlayingList is updated
09-07 17:35:39.219  5354  5957 V Avrcp_ext: newPlayStatus:2mReportedPlayStatus:-1
09-07 17:35:39.222   716 23466 D AudioFlinger: addtrack_l, mSampleRate:48000, mReqSampleRate:44100
09-07 17:35:39.222   716 23466 V AudioFlinger: signal playback thread
09-07 17:35:39.225   716   917 V BufferProvider: CopyBufferProvider(0xe4d1a410)(4, 8, 256)
09-07 17:35:39.225   716   917 V BufferProvider: ReformatBufferProvider(0xe4d1a410)(2, 0x1, 0x5)
09-07 17:35:39.225   716   917 D BufferProvider: setBufferProvider(0x0): mTrackBufferProvider:0x0  mBuffer.frameCount:0
09-07 17:35:39.225   716   917 D AudioFlinger: updateWakeLockUids_l AudioOut_D uids:10612
09-07 17:35:39.225   716   917 V AudioFlinger: updateWakeLockUids_l() AudioOut_D status 0
09-07 17:35:39.225   716   917 V AudioFlinger: anticipated start
09-07 17:35:39.226   672 23118 D audio_hw_primary: start_output_stream: enter: stream(0xe8541000)usecase(0: deep-buffer-playback) devices(0x2)
09-07 17:35:39.226   672 23118 D audio_hw_primary: select_devices for use case (deep-buffer-playback)
09-07 17:35:39.226   672 23118 D audio_hw_primary: select_devices, usecase_flag:0, out_snd_device:2
09-07 17:35:39.226   672 23118 D audio_hw_primary: select_devices: out_snd_device(2: speaker) in_snd_device(0: )
09-07 17:35:39.226   672 23118 I msm8916_platform: platform_check_and_set_codec_backend_cfg:becf: afe: bitwidth 32, samplerate 48000 channels 2, backend_idx 0 usecase = 0 device (speaker)
09-07 17:35:39.226   672 23118 D msm8916_platform: platform_split_snd_device: snd_device(2) num devices(1) new_snd_devices(0)
09-07 17:35:39.226   672 23118 I msm8916_platform: platform_check_and_set_codec_backend_cfg: becf: new_snd_devices[0] is speaker
09-07 17:35:39.226   672 23118 I msm8916_platform: platform_check_codec_backend_cfg:becf: afe: Codec selected backend: 0 current bit width: 32 sample rate: 48000 channels: 2 usecase 0 device (speaker)
09-07 17:35:39.226   672 23118 D msm8916_platform: platform_check_codec_backend_cfg:becf: afe: reset bitwidth to 24 (based on supported value for this platform)
09-07 17:35:39.226   672 23118 D msm8916_platform: platform_check_codec_backend_cfg:becf: afe: playback on codec device not supporting native playback set default Sample Rate(48k)
09-07 17:35:39.226   672 23118 I msm8916_platform: platform_check_codec_backend_cfg:becf: afe: Codec selected backend: 0 updated bit width: 24 sample rate: 48000 channels: 2
09-07 17:35:39.226   672 23118 I msm8916_platform: platform_check_codec_backend_cfg:becf: afe: Codec backend needs to be updated. new bit width: 24 new sample rate: 48000 new channels 2
09-07 17:35:39.226   672 23118 I msm8916_platform: platform_set_codec_backend_cfg:becf: afe: bitwidth 24, samplerate 48000 channels 2 format 3, backend_idx 0 device (speaker)
09-07 17:35:39.227   672 23118 E msm8916_platform: platform_set_codec_backend_cfg:becf: afe: Could not get ctl for mixer command - INT4_MI2S_RX Format
09-07 17:35:39.227   672 23118 D audio_hw_primary: check_usecases_codec_backend:becf: force routing 0
09-07 17:35:39.227   672 23118 E msm8916_platform: platform_check_backends_match: Invalid snd_device =
09-07 17:35:39.227   672 23118 D audio_hw_primary: check_usecases_codec_backend:becf: (63) check_usecases curr device: speaker, usecase device: backends match 0
09-07 17:35:39.227   672 23118 D audio_hw_primary: check_usecases_codec_backend:becf: check_usecases num.of Usecases to switch 0
09-07 17:35:39.227   672 23118 D hardware_info: hw_info_append_hw_type : device_name = speaker
09-07 17:35:39.227   672 23118 D audio_hw_primary: enable_snd_device: device 2:device_name:speaker:ref_cnt:1
09-07 17:35:39.227   672 23118 D msm8916_platform: platform_split_snd_device: snd_device(2) num devices(0) new_snd_devices(0)
09-07 17:35:39.227   672 23118 D audio_hw_primary: enable_snd_device: snd_device(2: speaker)
09-07 17:35:39.227   672 23118 I soundtrigger: audio_extn_sound_trigger_update_device_status: device 0x2 of type 0 for Event 1, with Raise=0
09-07 17:35:39.227   672 23118 D audio_route: Apply path: speaker
09-07 17:35:39.229   672 23118 I audio_hw_utils: audio_extn_utils_update_stream_output_app_type_cfg Allowing 24-bit playback on speaker ONLY at default sampling rate
09-07 17:35:39.229   672 23118 D audio_hw_primary: audio_is_true_native_stream_active:napb: (0) (deep-buffer-playback)id (0) sr 48000 bw (32) device speaker
09-07 17:35:39.229   672 23118 D soundtrigger: audio_extn_sound_trigger_update_stream_status: uc_info->id 0 of type 0 for Event 3, with Raise=1
09-07 17:35:39.229   672 23118 I sound_trigger_platform: platform_stdev_check_and_update_concurrency: Received STREAM event, event type 3, usecase type -412101904
09-07 17:35:39.229   672 23118 D sound_trigger_platform: platform_stdev_check_and_update_concurrency: dedicated path 0, reset backend 1, tx 0, rx 1,concurrency session not allowed
09-07 17:35:39.229   672 23118 D audio_hw_utils: audio_extn_utils_send_app_type_cfg: usecase->out_snd_device speaker
09-07 17:35:39.229   672 23118 D msm8916_platform: platform_split_snd_device: snd_device(2) num devices(0) new_snd_devices(0)
09-07 17:35:39.230   672 23118 D audio_hw_utils: audio_extn_btsco_get_sample_rate:Not a BT SCO device, need not update sampling rate
09-07 17:35:39.230   672 23118 I audio_hw_utils: send_app_type_cfg_for_device PLAYBACK app_type 69936, acdb_dev_id 15, sample_rate 48000, snd_device_be_idx 41
09-07 17:35:39.230   672 23118 D msm8916_platform: platform_split_snd_device: snd_device(2) num devices(1) new_snd_devices(0)
09-07 17:35:39.230   672 23118 D ACDB-LOADER: ACDB -> send_audio_cal, acdb_id = 15, path = 0, app id = 0x11130, sample rate = 48000
09-07 17:35:39.230   672 23118 D ACDB-LOADER: ACDB -> send_asm_topology
09-07 17:35:39.230   672 23118 D ACDB-LOADER: ACDB -> ACDB_CMD_GET_AUDPROC_STREAM_TOPOLOGY_ID
09-07 17:35:39.230   672 23118 D ACDB-LOADER: ACDB -> send_adm_topology
09-07 17:35:39.230   672 23118 D ACDB-LOADER: ACDB -> ACDB_CMD_GET_AUDPROC_COMMON_TOPOLOGY_ID
09-07 17:35:39.230   672 23118 D ACDB-LOADER: ACDB -> send_audtable
09-07 17:35:39.230   672 23118 D ACDB-LOADER: ACDB -> ACDB_CMD_GET_AUDPROC_COMMON_TABLE_SIZE
09-07 17:35:39.230   672 23118 D ACDB-LOADER: ACDB -> ACDB_CMD_GET_AUDPROC_COMMON_TABLE
09-07 17:35:39.230   672 23118 D ACDB-LOADER: ACDB -> AUDIO_SET_AUDPROC_CAL
09-07 17:35:39.230   672 23118 D ACDB-LOADER: ACDB -> send_audvoltable
09-07 17:35:39.230   672 23118 D ACDB-LOADER: ACDB -> ACDB_CMD_GET_AUDPROC_VOL_STEP_TABLE_SIZE
09-07 17:35:39.230   672 23118 D ACDB-LOADER: ACDB -> ACDB_CMD_GET_AUDPROC_GAIN_DEP_STEP_TABLE, vol index 0
09-07 17:35:39.230   672 23118 D         : Failed to fetch the lookup information of the device 0000000F
09-07 17:35:39.230   672 23118 E ACDB-LOADER: Error: ACDB AudProc vol returned = -19
09-07 17:35:39.230   672 23118 D ACDB-LOADER: ACDB -> AUDIO_SET_VOL_CAL cal type = 12
09-07 17:35:39.230   672 23118 D ACDB-LOADER: ACDB -> ACDB_CMD_GET_AUDPROC_STREAM_TABLE_SIZE
09-07 17:35:39.230   672 23118 D ACDB-LOADER: ACDB -> send_audstrmtable
09-07 17:35:39.230   672 23118 D ACDB-LOADER: ACDB -> ACDB_CMD_GET_AUDPROC_STREAM_TABLE_V2
09-07 17:35:39.230   672 23118 D ACDB-LOADER: ACDB -> audstrm_cal->cal_type.cal_data.cal_size = 456
09-07 17:35:39.230   672 23118 D ACDB-LOADER: ACDB -> send_afe_topology
09-07 17:35:39.230   672 23118 D ACDB-LOADER: ACDB -> ACDB_CMD_GET_AFE_TOPOLOGY_ID
09-07 17:35:39.230   672 23118 D ACDB-LOADER: ACDB -> GET_AFE_TOPOLOGY_ID for adcd_id 15, Topology Id 112fc
09-07 17:35:39.230   672 23118 D ACDB-LOADER: ACDB -> send_afe_cal
09-07 17:35:39.230   672 23118 D ACDB-LOADER: ACDB -> ACDB_CMD_GET_AFE_COMMON_TABLE_SIZE
09-07 17:35:39.231   672 23118 D         : Failed to fetch the lookup information of the device 0000000F
09-07 17:35:39.231   672 23118 E ACDB-LOADER: Error: ACDB_CMD_GET_AFE_COMMON_TABLE_SIZE Returned = -19
09-07 17:35:39.231   672 23118 D ACDB-LOADER: ACDB -> ACDB_CMD_GET_AFE_COMMON_TABLE
09-07 17:35:39.231   672 23118 D         : Failed to fetch the lookup information of the device 0000000F
09-07 17:35:39.231   672 23118 E ACDB-LOADER: Error: ACDB AFE returned = -19
09-07 17:35:39.231   672 23118 D ACDB-LOADER: ACDB -> AUDIO_SET_AFE_CAL
09-07 17:35:39.231   672 23118 D ACDB-LOADER: ACDB -> send_hw_delay : acdb_id = 15 path = 0
09-07 17:35:39.231   672 23118 D ACDB-LOADER: ACDB -> ACDB_AVSYNC_INFO: ACDB_CMD_GET_DEVICE_PROPERTY
09-07 17:35:39.231   672 23118 D audio_route: Apply path: deep-buffer-playback speaker
09-07 17:35:39.234   672 23118 D audio_hw_primary: select_devices: done
09-07 17:35:39.235   672 23118 D audio_hw_primary: start_output_stream: Opening PCM device card_id(0) device_id(0) format(0x1),config.rate:48000,bit_width:32
09-07 17:35:39.290 21364 21693 I chatty  : uid=10612(cn.missevan) expire 3 lines
09-07 17:35:39.316   672 23118 D msm8916_platform: platform_set_channel_map mixer_ctl_name:Playback Channel Map0
09-07 17:35:39.316   672 23118 D msm8916_platform: platform_set_channel_map: set mapping(1 2 0 0 0 0 0 0) for channel:2
09-07 17:35:39.317   672 23118 D audio_hw_primary: start_output_stream: exit
09-07 17:35:39.318   716   917 D AudioFlinger: ####### XXF  RESAMPLE RESET #######
09-07 17:35:39.318   716   917 D BufferProvider: setBufferProvider(0xe2fac000): mTrackBufferProvider:0x0  mBuffer.frameCount:0
09-07 17:35:39.318   716   917 D AudioMixer: setResampler  DYN_HIGH_QUALITY FLAG:0
09-07 17:35:39.328   716   917 V AudioFlinger: mixer(0xe2f15e00) throttle begin: ret(7680) deltaMs(1) requires sleep 9 ms
09-07 17:35:39.364 21364 21400 I chatty  : uid=10612(cn.missevan) expire 8 lines
09-07 17:35:39.428   716   917 D AudioFlinger: mixer(0xe2f15e00) throttle end: throttle time(81)
09-07 17:35:39.478 21554 21714 I chatty  : uid=10612 cn.missevan:player.main expire 1 line
09-07 17:35:39.495  1710  2083 D ConnectivityService: releasing NetworkRequest [ TRACK_DEFAULT id=3235, [ Capabilities: INTERNET&NOT_RESTRICTED&TRUSTED Unwanted:  Uid: 10612] ] (release request)
09-07 17:35:39.552 21554 21718 I chatty  : uid=10612 cn.missevan:player.main expire 12 lines
09-07 17:35:39.653   716   920 V AudioFlinger: releaseWakeLock_l() AudioOut_25
09-07 17:35:39.653   716   920 V AudioFlinger: thread 0xe2883d00 type 0 TID 920 going to sleep
09-07 17:35:39.656   716   919 V AudioFlinger: releaseWakeLock_l() AudioOut_15
09-07 17:35:39.656   716   919 V AudioFlinger: thread 0xe2b839c0 type 0 TID 919 going to sleep
09-07 17:35:39.694  1710  2176 I chatty  : uid=1000(system) AutobacklightTh identical 1 line
09-07 17:35:39.737   718   718 I SurfaceFlinger: FPS: 10
09-07 17:35:39.851 21554 21731 I chatty  : uid=10612 cn.missevan:player.main expire 9 lines
09-07 17:35:39.882  1710  2215 E TaskPersister: File error accessing recents directory (directory doesn't exist?).
09-07 17:35:39.928 21554 21732 I chatty  : uid=10612 cn.missevan:player.main expire 12 lines
09-07 17:35:39.930  1710  2986 W PackageManager: setEnabledSetting  packageName:cn.missevan className:com.taobao.accs.ChannelService newState:1 userId:0 callingPackage:null
09-07 17:35:40.065 21364 21433 I chatty  : uid=10612(cn.missevan) expire 6 lines
09-07 17:35:40.130   716 23466 V AudioFlinger: stop(1), calling pid 21364
09-07 17:35:40.130   716 23466 V AudioFlinger: not stopping/stopped => stopping/stopped (1) on thread 0xe2f15e00
09-07 17:35:40.132  1710  1710 D MediaRouterService: onAudioPlayerActiveStateChanged: uid=10612, active=false, delaying
09-07 17:35:40.132  2704  2704 D AudioManager: dispatching onPlaybackConfigChanged()
09-07 17:35:40.134  5354  5957 D AudioManager: dispatching onPlaybackConfigChanged()
09-07 17:35:40.134  2704  3011 D AudioManager: dispatching onPlaybackConfigChanged()
09-07 17:35:40.135  5354  5957 D Avrcp_ext: AudioManager Player: ID:23 -- type:android.media.SoundPool -- u/pid:10018/2389 -- state:idle -- attr:AudioAttributes: usage=USAGE_ASSISTANCE_SONIFICATION content=CONTENT_TYPE_SONIFICATION flags=0x0 tags= bundle=null
09-07 17:35:40.135  5354  5957 D Avrcp_ext: AudioManager Player: ID:967 -- type:android.media.MediaPlayer -- u/pid:10079/26688 -- state:idle -- attr:AudioAttributes: usage=USAGE_UNKNOWN content=CONTENT_TYPE_UNKNOWN flags=0x0 tags= bundle=null
09-07 17:35:40.135  5354  5957 D Avrcp_ext: AudioManager Player: ID:1399 -- type:android.media.AudioTrack -- u/pid:10612/21364 -- state:stopped -- attr:AudioAttributes: usage=USAGE_MEDIA content=CONTENT_TYPE_MUSIC flags=0x200 tags= bundle=null
09-07 17:35:40.135  5354  5957 D Avrcp_ext: AudioManager Player: ID:15 -- type:android.media.SoundPool -- u/pid:1000/1710 -- state:idle -- attr:AudioAttributes: usage=USAGE_ASSISTANCE_SONIFICATION content=CONTENT_TYPE_SONIFICATION flags=0x0 tags= bundle=null
09-07 17:35:40.135  5354  5957 D Avrcp_ext: AudioManager Player: ID:31 -- type:android.media.SoundPool -- u/pid:1000/2713 -- state:idle -- attr:AudioAttributes: usage=USAGE_NOTIFICATION content=CONTENT_TYPE_SONIFICATION flags=0x0 tags= bundle=null
09-07 17:35:40.135  5354  5957 D Avrcp_ext: AudioManager Player: ID:1071 -- type:android.media.MediaPlayer -- u/pid:10018/2389 -- state:stopped -- attr:AudioAttributes: usage=USAGE_NOTIFICATION content=CONTENT_TYPE_SONIFICATION flags=0x0 tags= bundle=null
09-07 17:35:40.135  5354  5957 D Avrcp_ext: AudioManager isPlaying: false
09-07 17:35:40.135  5354  5957 D PlaybackState: setState position:-1
09-07 17:35:40.135  5354  5957 V Avrcp_ext: updateCurrentMediaState: mMediaController: null
09-07 17:35:40.135  5354  5957 V Avrcp_ext: isMusicActive: true getBluetoothPlayState: 0
09-07 17:35:40.135  5354  5957 V Avrcp_ext: updateCurrentMediaState: isPlaying = false, ck_play = 241
09-07 17:35:40.136  5354  5957 V Avrcp_ext: updateCurrentMediaState: mMediaController or getPlaybackState() null
09-07 17:35:40.136  5354  5957 D PlaybackState: setState position:-1
09-07 17:35:40.136  5354  5957 D PlaybackState: getActiveQueueItemId Id:-1
09-07 17:35:40.136  5354  5957 V Avrcp_ext: Media update: id 0➡-1? [MediaAttributes: none] : [MediaAttributes: 【⋯样 -  by 犬⋯包 (7000 0/0) ]
09-07 17:35:40.136  5354  5957 V Avrcp_ext: Check if NowPlayingList is updated
09-07 17:35:40.136  5354  5957 V Avrcp_ext: newPlayStatus:2mReportedPlayStatus:-1
09-07 17:35:40.164  1710  1841 I ActivityManager: Start proc 21740:cn.missevan:stats/u0a612 for service cn.missevan/com.bilibili.lib.neuron.internal.NeuronRemoteService
09-07 17:35:40.169 21740 21740 I chatty  : uid=10612 cn.missevan:stats expire 69 lines
09-07 17:35:40.269 21554 21716 I chatty  : uid=10612 cn.missevan:player.main expire 3 lines
09-07 17:35:40.278  1710  2986 I PackageManager: ### pkg:Package{387a64 cn.missevan}
09-07 17:35:40.284  5354  5354 V Avrcp_ext: Set active media session cn.missevan
09-07 17:35:40.285  5354  5354 D HeadsetService:  isAudioOn: The number of audio connected devices 0
09-07 17:35:40.285  5354  5354 D HeadsetService: isScoOrCallActive(): Call Active:falseCall is Ringing:falseSCO is Active:false
09-07 17:35:40.285  2389  2506 D vol.MediaSessions: onActiveSessionsUpdatedH n=1
09-07 17:35:40.286   716 23466 V APM::AudioPolicyEngine: getDeviceForStrategy() strategy 0, device 2
09-07 17:35:40.286  2389  2506 D vol.MediaSessions: updateRemoteControllerH null
09-07 17:35:40.287  5354  5354 D HeadsetService:  isAudioOn: The number of audio connected devices 0
09-07 17:35:40.287  2389  2506 D vol.MediaSessions: onActiveSessionsUpdatedH n=1
09-07 17:35:40.287  5354  5354 W Avrcp_ext: playState object null, sending STOPPED
09-07 17:35:40.287  5354  5354 V Avrcp_ext: isBrowseSupported for cn.missevan: true
09-07 17:35:40.287  5354  5957 D HeadsetService:  isAudioOn: The number of audio connected devices 0
09-07 17:35:40.287  5354  5957 D HeadsetService: isScoOrCallActive(): Call Active:falseCall is Ringing:falseSCO is Active:false
09-07 17:35:40.288   716 23466 V APM::AudioPolicyEngine: getDeviceForStrategy() strategy 0, device 2
09-07 17:35:40.288  5354  5957 D HeadsetService:  isAudioOn: The number of audio connected devices 0
09-07 17:35:40.288  5354  5957 W Avrcp_ext: ActiveSession: updated[android.media.session.MediaController@5196075]
09-07 17:35:40.289  5354  5354 D Avrcp_ext: update #13:MediaPlayerInfo cn.missevan (as '猫耳FM') Type = 1, SubType = 0, Status = 0 Feature Bits [40 41 42 44 45 47 48 58 59 62 65 67] Controller: MediaController (cn.missevan@6afe80a) null
09-07 17:35:40.289  5354  5354 V Avrcp_ext: updateNewIds: Addressed:13 to 13, Browse:0 to 0
09-07 17:35:40.289  5354  5354 D Avrcp_ext: updateCurrentController: null to MediaController (cn.missevan@6afe80a) null
09-07 17:35:40.290  5354  5354 D PlaybackState: setState position:-1
09-07 17:35:40.290  5354  5354 V Avrcp_ext: updateCurrentMediaState: mMediaController: MediaController (cn.missevan@6afe80a) null
09-07 17:35:40.291  5354  5354 V Avrcp_ext: isMusicActive: true getBluetoothPlayState: 0
09-07 17:35:40.291  5354  5354 D Avrcp_ext: updateCurrentMediaState: playState is null, mAudioManagerIsPlaying=false, isMusicActive=true
09-07 17:35:40.291  5354  5354 V Avrcp_ext: updateCurrentMediaState: get media attributes:
09-07 17:35:40.292  5354  5354 W Avrcp_ext: playState object null, sending STOPPED
09-07 17:35:40.292  5354  5354 I Avrcp_ext: Skipping update due to invalid playback state
09-07 17:35:40.292  5354  5354 V Avrcp_ext: updatePlaybackState, state: null device: null
09-07 17:35:40.292  5354  5354 V Avrcp_ext: Device: no name:
09-07 17:35:40.292  5354  5354 V Avrcp_ext: Device: no name:
09-07 17:35:40.292  5354  5354 V Avrcp_ext: updatePlayerStateAndPosition, old=PlaybackState {state=0, position=0, buffered position=0, speed=0.0, updated=0, actions=2363190, custom actions=[], active item id=-1, error=null}, state=null
09-07 17:35:40.292  5354  5354 I Avrcp_ext: updatePlayerStateAndPosition: device: state = null
09-07 17:35:40.292  5354  5354 V Avrcp_ext: Player 13 package: cn.missevan
09-07 17:35:40.292  5354  5957 V Avrcp_ext: ActiveSession: MediaController (com.android.bbkmusic@5196075) null
09-07 17:35:40.293  5354  5957 W Avrcp_ext: playState object null, sending STOPPED
09-07 17:35:40.293  5354  5957 V Avrcp_ext: isBrowseSupported for com.android.bbkmusic: true
09-07 17:35:40.293  5354  5957 D Avrcp_ext: update #1:MediaPlayerInfo com.android.bbkmusic (as 'i 音乐') Type = 1, SubType = 0, Status = 0 Feature Bits [40 41 42 44 45 47 48 58 59 62 65 67] Controller: MediaController (com.android.bbkmusic@5196075) null
09-07 17:35:40.293  5354  5957 W Avrcp_ext: ActiveSession: browseSelectedfalsemBrowsedPlayerExistfalse
09-07 17:35:40.293  5354  5957 W Avrcp_ext: Browse Player killed OR not launched yet !!!!
09-07 17:35:40.293  5354  5957 D PlaybackState: setState position:-1
09-07 17:35:40.293  5354  5957 V Avrcp_ext: updateCurrentMediaState: mMediaController: MediaController (cn.missevan@6afe80a) null
09-07 17:35:40.294  5354  5957 V Avrcp_ext: isMusicActive: true getBluetoothPlayState: 0
09-07 17:35:40.294  5354  5957 D Avrcp_ext: updateCurrentMediaState: playState is null, mAudioManagerIsPlaying=false, isMusicActive=true
09-07 17:35:40.294  5354  5957 V Avrcp_ext: updateCurrentMediaState: get media attributes:
09-07 17:35:40.295  5354  5957 W Avrcp_ext: playState object null, sending STOPPED
09-07 17:35:40.295  5354  5957 I Avrcp_ext: Skipping update due to invalid playback state
09-07 17:35:40.295  5354  5957 V Avrcp_ext: updatePlaybackState, state: null device: null
09-07 17:35:40.295  5354  5957 V Avrcp_ext: Device: no name:
09-07 17:35:40.295  5354  5957 V Avrcp_ext: Device: no name:
09-07 17:35:40.295  5354  5957 V Avrcp_ext: updatePlayerStateAndPosition, old=PlaybackState {state=0, position=0, buffered position=0, speed=0.0, updated=0, actions=2363190, custom actions=[], active item id=-1, error=null}, state=null
09-07 17:35:40.295  5354  5957 I Avrcp_ext: updatePlayerStateAndPosition: device: state = null
09-07 17:35:40.321 21629 21629 I chatty  : uid=10612 cn.missevan:player expire 85 lines
09-07 17:35:40.404 21554 21738 I chatty  : uid=10612 cn.missevan:player.main expire 1 line
09-07 17:35:40.469   716   917 V AudioFlinger: presentationComplete() mPresentationCompleteFrames 0 framesWritten 60480
09-07 17:35:40.469   716   917 V AudioFlinger: presentationComplete() reset: mPresentationCompleteFrames 64320 audioHalFrames 3840
09-07 17:35:40.479   716   917 V AudioFlinger: presentationComplete() mPresentationCompleteFrames 64320 framesWritten 60480
09-07 17:35:40.488   716   917 V AudioFlinger: presentationComplete() mPresentationCompleteFrames 64320 framesWritten 61440
09-07 17:35:40.497  1710  2176 I chatty  : uid=1000(system) AutobacklightTh identical 1 line
09-07 17:35:40.499   716   917 V AudioFlinger: presentationComplete() mPresentationCompleteFrames 64320 framesWritten 61440
09-07 17:35:40.508   716   917 V AudioFlinger: presentationComplete() mPresentationCompleteFrames 64320 framesWritten 62400
09-07 17:35:40.519   716   917 V AudioFlinger: presentationComplete() mPresentationCompleteFrames 64320 framesWritten 62400
09-07 17:35:40.528   716   917 V AudioFlinger: presentationComplete() mPresentationCompleteFrames 64320 framesWritten 63360
09-07 17:35:40.539   716   917 V AudioFlinger: presentationComplete() mPresentationCompleteFrames 64320 framesWritten 63360
09-07 17:35:40.549   716   917 V AudioFlinger: presentationComplete() mPresentationCompleteFrames 64320 framesWritten 64320
09-07 17:35:40.560   716   917 V AudioFlinger: presentationComplete() mPresentationCompleteFrames 64320 framesWritten 64320
09-07 17:35:40.568   716   917 V AudioFlinger: presentationComplete() mPresentationCompleteFrames 64320 framesWritten 65280
09-07 17:35:40.579   716   917 V AudioFlinger: presentationComplete() mPresentationCompleteFrames 64320 framesWritten 65280
09-07 17:35:40.584   716 23466 V AudioFlinger: flush(1)
09-07 17:35:40.584   716 23466 V AudioFlinger: -FlushShareBuffer 1
09-07 17:35:40.584 21364 21761 I chatty  : uid=10612(cn.missevan) expire 5 lines
09-07 17:35:40.586   716 10237 V AudioFlinger: releasing 2753 from 21364 for 21364
09-07 17:35:40.586   716 10237 V AudioFlinger:  decremented refcount to 0
09-07 17:35:40.586   716 10237 V AudioFlinger: purging stale effects
09-07 17:35:40.587  2704  3011 D AudioManager: dispatching onPlaybackConfigChanged()
09-07 17:35:40.587  2704  2704 D AudioManager: dispatching onPlaybackConfigChanged()
09-07 17:35:40.587  5354  5957 D AudioManager: dispatching onPlaybackConfigChanged()
09-07 17:35:40.587  5354  5957 D Avrcp_ext: AudioManager Player: ID:23 -- type:android.media.SoundPool -- u/pid:10018/2389 -- state:idle -- attr:AudioAttributes: usage=USAGE_ASSISTANCE_SONIFICATION content=CONTENT_TYPE_SONIFICATION flags=0x0 tags= bundle=null
09-07 17:35:40.587  5354  5957 D Avrcp_ext: AudioManager Player: ID:967 -- type:android.media.MediaPlayer -- u/pid:10079/26688 -- state:idle -- attr:AudioAttributes: usage=USAGE_UNKNOWN content=CONTENT_TYPE_UNKNOWN flags=0x0 tags= bundle=null
09-07 17:35:40.587  5354  5957 D Avrcp_ext: AudioManager Player: ID:15 -- type:android.media.SoundPool -- u/pid:1000/1710 -- state:idle -- attr:AudioAttributes: usage=USAGE_ASSISTANCE_SONIFICATION content=CONTENT_TYPE_SONIFICATION flags=0x0 tags= bundle=null
09-07 17:35:40.587  5354  5957 D Avrcp_ext: AudioManager Player: ID:31 -- type:android.media.SoundPool -- u/pid:1000/2713 -- state:idle -- attr:AudioAttributes: usage=USAGE_NOTIFICATION content=CONTENT_TYPE_SONIFICATION flags=0x0 tags= bundle=null
09-07 17:35:40.587  5354  5957 D Avrcp_ext: AudioManager Player: ID:1071 -- type:android.media.MediaPlayer -- u/pid:10018/2389 -- state:stopped -- attr:AudioAttributes: usage=USAGE_NOTIFICATION content=CONTENT_TYPE_SONIFICATION flags=0x0 tags= bundle=null
09-07 17:35:40.587  5354  5957 D Avrcp_ext: AudioManager isPlaying: false
09-07 17:35:40.588   716   917 D AudioFlinger: enforc flush
09-07 17:35:40.588   716   917 V AudioFlinger: presentationComplete() mPresentationCompleteFrames 64320 framesWritten 66240
09-07 17:35:40.588   716   917 D AudioFlinger: Track reset ....
09-07 17:35:40.588   716   917 D BufferProvider: setBufferProvider(0x0): mTrackBufferProvider:0xe2fac000  mBuffer.frameCount:0
09-07 17:35:40.588   716   917 V AudioFlinger: removeTracks_l removing track on session 2753
09-07 17:35:40.589   716   917 D AudioFlinger: updateWakeLockUids_l AudioOut_D uids:
09-07 17:35:40.589   716   917 V AudioFlinger: updateWakeLockUids_l() AudioOut_D status 0
09-07 17:35:40.592   716   716 W ApmOutput: type=1400 audit(0.0:63204): avc: denied { search } for name="bbkcore" dev="dm-1" ino=2359297 scontext=u:r:audioserver:s0 tcontext=u:object_r:vivo_data_file:s0 tclass=dir permissive=0
09-07 17:35:40.601   716   917 D AudioFlinger: stopOutput_POM , POM_id:21364
09-07 17:35:40.601   716   917 V AudioPolicyService: AudioCommandThread() adding stop output 13
09-07 17:35:40.601   716   917 V AudioPolicyService: inserting command: 6 at index 0, num commands 0
09-07 17:35:40.601   716   917 V AudioPolicyService: AudioCommandThread() adding release output 13
09-07 17:35:40.601   716   917 V AudioPolicyService: inserting command: 7 at index 1, num commands 1
09-07 17:35:40.601   716   917 V AudioFlinger: PlaybackThread::Track destructor
09-07 17:35:40.601   716   917 V AudioFlinger: removeClient_l() pid 21364, calling pid 716
09-07 17:35:40.601   716   908 V AudioPolicyService: AudioCommandThread() processing stop output 13
09-07 17:35:40.601   716   908 D AudioPolicyManagerCustom: stopOutput_POM, output:13, stream:3, session:2753, pom_id:21364
09-07 17:35:40.601   716   908 I APM::AudioPolicyEngine: remove pom records for 21364.
09-07 17:35:40.602   716   908 I APM::AudioPolicyEngine: ###### POM Stack0:  0 0 1
09-07 17:35:40.602   716   908 V APM_AudioPolicyManager: stopOutput() output 13, stream 3, session 2753
09-07 17:35:40.602   716   908 D AudioPolicyManagerCustom: stopOutput isCallPOMStateChange :0, refCount:1
09-07 17:35:40.602   716   908 V APM_AudioPolicyManager: getNewOutputDevice() selected device 0
09-07 17:35:40.602   716   908 V APM_AudioPolicyManager: setOutputDevice() device 0000 delayMs 160
09-07 17:35:40.602   716   908 V APM_AudioPolicyManager: setOutputDevice() prevDevice 0x0002
09-07 17:35:40.602   716   908 V APM::AudioPolicyEngine: getDeviceForStrategy() strategy 0, device 2
09-07 17:35:40.602   716   908 V APM::AudioPolicyEngine: getDeviceForStrategy() strategy 1, device 1
09-07 17:35:40.602   716   908 V APM::AudioPolicyEngine: getDeviceForStrategy() strategy 2, device 2
09-07 17:35:40.602   716   908 V APM::AudioPolicyEngine: getDeviceForStrategy() strategy 0, device 2
09-07 17:35:40.602   716   908 V APM::AudioPolicyEngine: getDeviceForStrategy() strategy 3, device 2
09-07 17:35:40.602   716   908 V APM::AudioPolicyEngine: getDeviceForStrategy() strategy 0, device 2
09-07 17:35:40.602   716   908 V APM::AudioPolicyEngine: getDeviceForStrategy() strategy 4, device 2
09-07 17:35:40.602   716   908 V APM::AudioPolicyEngine: getDeviceForStrategy() strategy 5, device 2
09-07 17:35:40.602   716   908 V APM::AudioPolicyEngine: getDeviceForStrategy() strategy 6, device 2
09-07 17:35:40.602   716   908 V APM::AudioPolicyEngine: getDeviceForStrategy() strategy 7, device 2
09-07 17:35:40.602   716   908 V APM::AudioPolicyEngine: getDeviceForStrategy() strategy 8, device 2
09-07 17:35:40.602   716   908 V APM::AudioPolicyEngine: getDeviceForStrategy() strategy 9, device 2
09-07 17:35:40.602   716   908 V APM_AudioPolicyManager: setOutputDevice() setting same device 0x0000 or null device
09-07 17:35:40.602   716   908 V APM::AudioPolicyEngine: getDeviceForStrategy() strategy 0, device 2
09-07 17:35:40.602   716   908 V APM::AudioPolicyEngine: getDeviceForStrategy() strategy 3, device 2
09-07 17:35:40.602   716   908 V AudioPolicyManagerCustom: checkOutputForStrategy(): policy related outputs
09-07 17:35:40.602   716   908 V APM::AudioPolicyEngine: getDeviceForStrategy() strategy 0, device 2
09-07 17:35:40.602   716   908 V APM::AudioPolicyEngine: getDeviceForStrategy() strategy 1, device 1
09-07 17:35:40.602   716   908 V APM::AudioPolicyEngine: getDeviceForStrategy() strategy 2, device 2
09-07 17:35:40.602   716   908 V APM::AudioPolicyEngine: getDeviceForStrategy() strategy 0, device 2
09-07 17:35:40.602   716   908 V APM::AudioPolicyEngine: getDeviceForStrategy() strategy 3, device 2
09-07 17:35:40.602   716   908 V APM::AudioPolicyEngine: getDeviceForStrategy() strategy 0, device 2
09-07 17:35:40.602   716   908 V APM::AudioPolicyEngine: getDeviceForStrategy() strategy 4, device 2
09-07 17:35:40.602   716   908 V APM::AudioPolicyEngine: getDeviceForStrategy() strategy 5, device 2
09-07 17:35:40.602   716   908 V APM::AudioPolicyEngine: getDeviceForStrategy() strategy 6, device 2
09-07 17:35:40.602   716   908 V APM::AudioPolicyEngine: getDeviceForStrategy() strategy 7, device 2
09-07 17:35:40.602   716   908 V APM::AudioPolicyEngine: getDeviceForStrategy() strategy 8, device 2
09-07 17:35:40.602   716   908 V APM::AudioPolicyEngine: getDeviceForStrategy() strategy 9, device 2
09-07 17:35:40.602   716   908 V APM::AudioPolicyEngine: getDeviceForStrategy() strategy 0, device 2
09-07 17:35:40.602   716   908 V APM_AudioPolicyManager: selectOutputForMusicEffects selected output 13
09-07 17:35:40.602   716   908 D AudioPolicyIntefaceImpl: doStopOutput_POM oldPhoneState:0,currentPhoneState:0
09-07 17:35:40.602   716   908 V AudioPolicyService: AudioCommandThread() processing release output 13
09-07 17:35:40.602   716   908 V APM_AudioPolicyManager: releaseOutput() 13
09-07 17:35:40.602   716   908 V AudioPolicyService: AudioCommandThread() going to sleep
09-07 17:35:40.603   716   917 D BufferProvider: ~CopyBufferProvider(0xe4d1a410) 0 0x0 0xe28ec800
09-07 17:35:40.732  1710  5423 D ConnectivityService: requestNetwork for uid/pid:10612/21554 NetworkRequest [ TRACK_DEFAULT id=3239, [ Capabilities: INTERNET&NOT_RESTRICTED&TRUSTED Unwanted:  Uid: 10612] ]
09-07 17:35:40.734  2762  2762 D PhoneSwitcherNetworkRequstListener: got request NetworkRequest [ TRACK_DEFAULT id=3239, [ Capabilities: INTERNET&NOT_RESTRICTED&TRUSTED Unwanted:  Uid: 10612] ] with score 60
09-07 17:35:40.735  1710  2083 D ConnectivityService: isWifiPoorLink:false, nai.everValidated:true, networkType:1, networkDetailedState:CONNECTED, nai.isLingering():false, unneeded(nai, UnneededFor.TEARDOWN):false
09-07 17:35:40.742  1710  2083 D ConnectivityService: isWifiPoorLink:false, nai.everValidated:true, networkType:1, networkDetailedState:CONNECTED, nai.isLingering():false, unneeded(nai, UnneededFor.TEARDOWN):false
09-07 17:35:40.747  5354 26699 D MediaController: onPlaybackStateChanged start####
09-07 17:35:40.747  5354  5957 V Avrcp_ext: onPlaybackStateChanged: state PlaybackState {state=0, position=0, buffered position=0, speed=0.0, updated=0, actions=2363190, custom actions=[], active item id=-1, error=null}
09-07 17:35:40.747  5354  5957 D PlaybackState: setState position:-1
09-07 17:35:40.748  5354  5957 V Avrcp_ext: updateCurrentMediaState: mMediaController: MediaController (cn.missevan@6afe80a) null
09-07 17:35:40.749  5354  5957 V Avrcp_ext: isMusicActive: false getBluetoothPlayState: 0
09-07 17:35:40.751   718   718 I SurfaceFlinger: FPS: 10
09-07 17:35:40.751  2389  2506 D vol.MediaSessions: updateRemoteControllerH null
09-07 17:35:40.752  2389  2506 D vol.MediaSessions: onActiveSessionsUpdatedH n=2
09-07 17:35:40.752  5354  5957 V Avrcp_ext: updateCurrentMediaState: get media attributes:
09-07 17:35:40.753   716 10237 V APM::AudioPolicyEngine: getDeviceForStrategy() strategy 0, device 2
09-07 17:35:40.753  5354  5957 I Avrcp_ext: Skipping update due to invalid playback state
09-07 17:35:40.754  5354  5957 V Avrcp_ext: updatePlaybackState, state: PlaybackState {state=0, position=0, buffered position=0, speed=0.0, updated=0, actions=2363190, custom actions=[], active item id=-1, error=null} device: null
09-07 17:35:40.754  5354  5957 V Avrcp_ext: Device: no name:
09-07 17:35:40.754  5354  5957 V Avrcp_ext: Device: no name:
09-07 17:35:40.754  5354  5957 V Avrcp_ext: updatePlayerStateAndPosition, old=PlaybackState {state=0, position=0, buffered position=0, speed=0.0, updated=0, actions=2363190, custom actions=[], active item id=-1, error=null}, state=PlaybackState {state=0, position=0, buffered position=0, speed=0.0, updated=0, actions=2363190, custom actions=[], active item id=-1, error=null}
09-07 17:35:40.754  5354  5957 V Avrcp_ext: old state = PlaybackState {state=0, position=0, buffered position=0, speed=0.0, updated=0, actions=2363190, custom actions=[], active item id=-1, error=null}, new state= PlaybackState {state=0, position=0, buffered position=0, speed=0.0, updated=0, actions=2363190, custom actions=[], active item id=-1, error=null}
09-07 17:35:40.756   716 10237 V APM::AudioPolicyEngine: getDeviceForStrategy() strategy 0, device 2
09-07 17:35:40.758  2389  2506 D vol.MediaSessions: onActiveSessionsUpdatedH n=2
09-07 17:35:40.758   716 10237 V APM::AudioPolicyEngine: getDeviceForStrategy() strategy 0, device 2
09-07 17:35:40.759   716 10237 V APM::AudioPolicyEngine: getDeviceForStrategy() strategy 0, device 2
09-07 17:35:40.761  5354  5957 D HeadsetService:  isAudioOn: The number of audio connected devices 0
09-07 17:35:40.761  5354  5957 D HeadsetService: isScoOrCallActive(): Call Active:falseCall is Ringing:falseSCO is Active:false
09-07 17:35:40.761  5354  5957 D HeadsetService:  isAudioOn: The number of audio connected devices 0
09-07 17:35:40.761  5354  5957 I Avrcp_ext: updatePlayStatusForDevice: device: null
09-07 17:35:40.761  5354  5957 V Avrcp_ext: updatePlaybackState (1): old=PlaybackState {state=0, position=0, buffered position=0, speed=0.0, updated=0, actions=2363190, custom actions=[], active item id=-1, error=null}(0), new=PlaybackState {state=0, position=0, buffered position=0, speed=0.0, updated=0, actions=2363190, custom actions=[], active item id=-1, error=null}(0)
09-07 17:35:40.761  5354  5957 I Avrcp_ext: Exit updatePlayStatusForDevice
09-07 17:35:40.762  5354  5957 D HeadsetService:  isAudioOn: The number of audio connected devices 0
09-07 17:35:40.762  5354  5957 D HeadsetService: isScoOrCallActive(): Call Active:falseCall is Ringing:falseSCO is Active:false
09-07 17:35:40.762  5354  5957 D HeadsetService:  isAudioOn: The number of audio connected devices 0
09-07 17:35:40.762  5354  5957 I Avrcp_ext: updatePlayStatusForDevice: device: null
09-07 17:35:40.762  5354  5957 V Avrcp_ext: updatePlaybackState (1): old=PlaybackState {state=0, position=0, buffered position=0, speed=0.0, updated=0, actions=2363190, custom actions=[], active item id=-1, error=null}(0), new=PlaybackState {state=0, position=0, buffered position=0, speed=0.0, updated=0, actions=2363190, custom actions=[], active item id=-1, error=null}(0)
09-07 17:35:40.762  5354  5957 I Avrcp_ext: Exit updatePlayStatusForDevice
09-07 17:35:40.762  5354  5957 D Avrcp_ext: sendPlayPosNotificationRsp: Not registered or requesting.
09-07 17:35:40.762  5354  5957 D Avrcp_ext: sendPlayPosNotificationRsp: Not registered or requesting.
09-07 17:35:40.762  5354  5957 V Avrcp_ext: Exit updatePlayerStateAndPosition
09-07 17:35:40.762  5354  5957 V Avrcp_ext:  Exit onPlaybackStateChanged
09-07 17:35:40.762  5354  5957 D HeadsetService:  isAudioOn: The number of audio connected devices 0
09-07 17:35:40.763  5354  5957 D HeadsetService: isScoOrCallActive(): Call Active:falseCall is Ringing:falseSCO is Active:false
09-07 17:35:40.763  5354  5957 D HeadsetService:  isAudioOn: The number of audio connected devices 0
09-07 17:35:40.763  5354  5957 W Avrcp_ext: ActiveSession: updated[android.media.session.MediaController@355087b, android.media.session.MediaController@dec4698]
09-07 17:35:40.763  5354  5957 V Avrcp_ext: ActiveSession: MediaController (com.android.bbkmusic@355087b) null
09-07 17:35:40.763  5354  5957 W Avrcp_ext: playState object null, sending STOPPED
09-07 17:35:40.763  5354  5957 V Avrcp_ext: isBrowseSupported for com.android.bbkmusic: true
09-07 17:35:40.766  5354  5957 D Avrcp_ext: update #1:MediaPlayerInfo com.android.bbkmusic (as 'i 音乐') Type = 1, SubType = 0, Status = 0 Feature Bits [40 41 42 44 45 47 48 58 59 62 65 67] Controller: MediaController (com.android.bbkmusic@355087b) null
09-07 17:35:40.768  5354  5957 V Avrcp_ext: ActiveSession: MediaController (cn.missevan@dec4698) null
09-07 17:35:40.769  5354  5957 V Avrcp_ext: isBrowseSupported for cn.missevan: true
09-07 17:35:40.769  5354  5957 D Avrcp_ext: update #13:MediaPlayerInfo cn.missevan (as '猫耳FM') Type = 1, SubType = 0, Status = 0 Feature Bits [40 41 42 44 45 47 48 58 59 62 65 67] Controller: MediaController (cn.missevan@dec4698) null
09-07 17:35:40.769  5354  5957 V Avrcp_ext: updateNewIds: Addressed:13 to 13, Browse:0 to 0
09-07 17:35:40.770  5354  5957 D Avrcp_ext: updateCurrentController: MediaController (cn.missevan@6afe80a) null to MediaController (cn.missevan@dec4698) null
09-07 17:35:40.773  5354  5957 D PlaybackState: setState position:-1
09-07 17:35:40.773  5354  5957 V Avrcp_ext: updateCurrentMediaState: mMediaController: MediaController (cn.missevan@dec4698) null
09-07 17:35:40.774  5354  5957 V Avrcp_ext: isMusicActive: false getBluetoothPlayState: 0
09-07 17:35:40.774  5354  5957 V Avrcp_ext: updateCurrentMediaState: get media attributes:
09-07 17:35:40.774  5354  5957 I Avrcp_ext: Skipping update due to invalid playback state
09-07 17:35:40.774  5354  5957 V Avrcp_ext: updatePlaybackState, state: PlaybackState {state=0, position=0, buffered position=0, speed=0.0, updated=0, actions=2363190, custom actions=[], active item id=-1, error=null} device: null
09-07 17:35:40.774  5354  5957 V Avrcp_ext: Device: no name:
09-07 17:35:40.775  5354  5957 V Avrcp_ext: Device: no name:
09-07 17:35:40.775  5354  5957 V Avrcp_ext: updatePlayerStateAndPosition, old=PlaybackState {state=0, position=0, buffered position=0, speed=0.0, updated=0, actions=2363190, custom actions=[], active item id=-1, error=null}, state=PlaybackState {state=0, position=0, buffered position=0, speed=0.0, updated=0, actions=2363190, custom actions=[], active item id=-1, error=null}
