09-07 17:43:53.840  1710  4818 I PackageManager: ### pkg:Package{9807acd com.bbk.iqoo.logsystem}
09-07 17:43:53.841  1710  1839 D ActivityManager: StartMode packageName = com.bbk.iqoo.logsystem ,callingPid = -1 ,alwaysRestrict = true ,startMode = 2 ,UidRec:UidRecord{d68bd24 u0a82 PER  change:active|uncached procs:1 seq(0,0,0)}
09-07 17:43:54.016  2287  2325 I chatty  : uid=10082(com.bbk.iqoo.logsystem) g identical 4 lines
09-07 17:43:54.210 21364 21674 D FreeFlowUtils: [glide-disk-cache-thread-0] Origin url: http://static-test.maoercdn.com/app/homepage/banners/202108/04/a71605e39db1cc8db702bbf4282803ec183441.jpeg?x-oss-process=image/resize,w_996/format,webp, free flow url: http://static-test.maoercdn.com/app/homepage/banners/202108/04/a71605e39db1cc8db702bbf4282803ec183441.jpeg?x-oss-process=image/resize,w_996/format,webp
09-07 17:43:55.331 31788 22650 E memtrack: Couldn't load memtrack module
09-07 17:43:55.331 31788 22650 W android.os.Debug: failed to get memory consumption info: -1
09-07 17:43:56.234 32400 32547 D MemoryCeilingMonitor: [handleMemoryCalculate]
09-07 17:43:56.235 32400 32547 D MemoryCeilingMonitor: [calculate] tot: 3185173, max: 268435456, free: 615541, heap: 2569632, per: 0.009572625160217285
09-07 17:43:56.468  1710  2176 I chatty  : uid=1000(system) AutobacklightTh identical 16 lines
09-07 17:43:56.710  2389  2389 D KeyguardUpdateMonitor: received broadcast android.intent.action.BATTERY_CHANGED
09-07 17:43:56.711  2389  2389 D KeyguardUpdateMonitor: handleBatteryUpdate
09-07 17:43:56.720  2762  2762 D QtiCarrierConfigHelper: WARNING, no carrier configs on phone Id: 0
09-07 17:43:56.721  1710  5524 I chatty  : uid=1000(system) IzatProvider expire 16 lines
09-07 17:43:56.721   693   693 V LocSvc_HIDL_IzatSubscription: [batteryLevelUpdate][777] [HS] <<<<= [HC]
09-07 17:43:56.737  8163 11080 I ThreadPool.Execute: [:11080, ]:<<< com.tencent.matrix.c.c$3$$ExternalSyntheticLambda3@21785344 state=COMPLETE cost=12ms/3ms HotPool start@=1662543836723ms delay=0ms run@=1662543836724
09-07 17:43:57.121 21364 21674 D FreeFlowUtils: [glide-disk-cache-thread-0] Origin url: http://static-test.maoercdn.com/app/homepage/banners/202203/01/07292733b5815954793da5d8060d03e3190400.png?x-oss-process=image/resize,w_996/format,webp, free flow url: http://static-test.maoercdn.com/app/homepage/banners/202203/01/07292733b5815954793da5d8060d03e3190400.png?x-oss-process=image/resize,w_996/format,webp
09-07 17:43:57.172 21364 21674 D FreeFlowUtils: [glide-disk-cache-thread-0] Origin url: http://static-test.maoercdn.com/app/homepage/banners/202203/14/f0c40ac8016cd11478fb4e0497024cdf155709.jpeg?x-oss-process=image/resize,w_996/format,webp, free flow url: http://static-test.maoercdn.com/app/homepage/banners/202203/14/f0c40ac8016cd11478fb4e0497024cdf155709.jpeg?x-oss-process=image/resize,w_996/format,webp
09-07 17:43:58.018 21364 21524 I CronetEngine: [thread_background]
09-07 17:43:58.018 21364 21524 I CronetEngine: url: https://data.uat.missevan.com/statistics/collect-events
09-07 17:43:58.018 21364 21524 I CronetEngine:  ip: 10.21.250.10
09-07 17:43:58.018 21364 21524 I CronetEngine:  hostResolverProvider:
09-07 17:43:58.018 21364 21524 I CronetEngine:  hostResolveIps: []
09-07 17:43:58.018 21364 21524 I CronetEngine:
09-07 17:43:59.386   718   718 I chatty  : uid=1000(system) /system/bin/surfaceflinger expire 11 lines
09-07 17:44:00.010  2389  2389 D KeyguardUpdateMonitor: handleTimeUpdate
09-07 17:44:00.091  4383  4437 E BitmapFactory: Unable to decode stream: java.io.FileNotFoundException: /oem/etc/theme/icons/dynamic_icon/com.android.BBKClock/res/drawable-sw360dp-xxhdpi/clock_hour.png (No such file or directory)
09-07 17:44:00.092  4383  4437 E BitmapFactory: Unable to decode stream: java.io.FileNotFoundException: /oem/etc/theme/icons/dynamic_icon/com.android.BBKClock/res/drawable-sw360dp-xxhdpi/clock_minute.png (No such file or directory)
09-07 17:44:00.095  4383  4437 E BitmapFactory: Unable to decode stream: java.io.FileNotFoundException: /oem/etc/theme/icons/dynamic_icon/com.android.BBKClock/res/drawable-sw360dp-xxhdpi/clock_dial.png (No such file or directory)
09-07 17:44:00.099  4383  4437 E BitmapFactory: Unable to decode stream: java.io.FileNotFoundException: /oem/etc/theme/icons/dynamic_icon/com.android.BBKClock/res/drawable-sw360dp-xxhdpi/clock_dial_center.png (No such file or directory)
09-07 17:44:01.456  1710  2176 I chatty  : uid=1000(system) AutobacklightTh identical 29 lines
09-07 17:44:01.694  1007  1186 E storaged: getDiskStats failed with result NOT_SUPPORTED and size 0
09-07 17:44:02.021  1710  2069 I chatty  : uid=1000(system) WifiStateMachin expire 12 lines
09-07 17:44:02.173 21364 21674 D FreeFlowUtils: [glide-disk-cache-thread-0] Origin url: http://static-test.maoercdn.com/app/homepage/banners/202203/22/6b81e3429cd0d68c6ebb6da5fc1196f2201446.png?x-oss-process=image/resize,w_996/format,webp, free flow url: http://static-test.maoercdn.com/app/homepage/banners/202203/22/6b81e3429cd0d68c6ebb6da5fc1196f2201446.png?x-oss-process=image/resize,w_996/format,webp
09-07 17:44:02.216  7352 22653 E memtrack: Couldn't load memtrack module
09-07 17:44:02.216  7352 22653 W android.os.Debug: failed to get memory consumption info: -1
09-07 17:44:02.354 21364 21375 I cn.missevan: NativeAlloc concurrent copying GC freed 179338(8MB) AllocSpace objects, 23(1532KB) LOS objects, 50% free, 23MB/46MB, paused 1.014ms total 156.958ms
09-07 17:44:04.518  1710  2176 I chatty  : uid=1000(system) AutobacklightTh identical 17 lines
09-07 17:44:04.779  1710  2968 W ActivityManager: Unable to start service Intent { act=android.security.IKeyChainService cmp=com.android.keychain/.KeyChainService } U=999: not found
09-07 17:44:04.780  2389 22656 I SecurityController: java.lang.AssertionError: could not bind to KeyChainService
09-07 17:44:06.245 32400 32547 D MemoryCeilingMonitor: [handleMemoryCalculate]
09-07 17:44:06.245 32400 32547 D MemoryCeilingMonitor: [calculate] tot: 3185173, max: 268435456, free: 582629, heap: 2602544, per: 0.009695231914520264
09-07 17:44:06.768  1710  2176 I chatty  : uid=1000(system) AutobacklightTh identical 12 lines
09-07 17:44:07.031  2713  2713 I chatty  : uid=1000(system) com.vivo.daemonService expire 36 lines
09-07 17:44:07.032  2713  3240 I chatty  : uid=1000(system) NightPearlSubTh expire 25 lines
09-07 17:44:07.032  2762  2762 D QtiCarrierConfigHelper: WARNING, no carrier configs on phone Id: 0
09-07 17:44:07.035   693   693 V LocSvc_HIDL_IzatSubscription: [batteryLevelUpdate][777] [HS] <<<<= [HC]
09-07 17:44:07.037  2389  2389 D KeyguardUpdateMonitor: received broadcast android.intent.action.BATTERY_CHANGED
09-07 17:44:07.038  2389  2389 D KeyguardUpdateMonitor: handleBatteryUpdate
09-07 17:44:07.045  8163 11239 I ThreadPool.Execute: [:11239, ]:<<< com.tencent.matrix.c.c$3$$ExternalSyntheticLambda3@126695212 state=COMPLETE cost=9ms/3ms HotPool start@=1662543847035ms delay=0ms run@=1662543847035
09-07 17:44:08.061 21364 21524 I CronetEngine: [thread_background]
09-07 17:44:08.061 21364 21524 I CronetEngine: url: https://data.uat.missevan.com/statistics/collect-events
09-07 17:44:08.061 21364 21524 I CronetEngine:  ip: 10.21.250.10
09-07 17:44:08.061 21364 21524 I CronetEngine:  hostResolverProvider:
09-07 17:44:08.061 21364 21524 I CronetEngine:  hostResolveIps: []
09-07 17:44:08.061 21364 21524 I CronetEngine:
09-07 17:44:09.042  2704  2704 W PulseThread: type=1400 audit(0.0:63307): avc: denied { getattr } for path="/proc/22202/stat" dev="proc" ino=6395523 scontext=u:r:system_app:s0 tcontext=u:r:kernel:s0 tclass=file permissive=0
09-07 17:44:09.042  2704  2704 W PulseThread: type=1400 audit(0.0:63308): avc: denied { read } for name="stat" dev="proc" ino=6395523 scontext=u:r:system_app:s0 tcontext=u:r:kernel:s0 tclass=file permissive=0
09-07 17:44:09.042  2704  2704 W PulseThread: type=1400 audit(0.0:63309): avc: denied { read } for name="cmdline" dev="proc" ino=6395524 scontext=u:r:system_app:s0 tcontext=u:r:kernel:s0 tclass=file permissive=0
09-07 17:44:09.042  2704  2704 W PulseThread: type=1400 audit(0.0:63310): avc: denied { read } for name="task" dev="proc" ino=6404335 scontext=u:r:system_app:s0 tcontext=u:r:kernel:s0 tclass=dir permissive=0
09-07 17:44:09.042  2704  2704 W PulseThread: type=1400 audit(0.0:63311): avc: denied { getattr } for path="/proc/22203/stat" dev="proc" ino=6395525 scontext=u:r:system_app:s0 tcontext=u:r:kernel:s0 tclass=file permissive=0
09-07 17:44:09.042  2704  2704 W PulseThread: type=1400 audit(0.0:63312): avc: denied { read } for name="stat" dev="proc" ino=6395525 scontext=u:r:system_app:s0 tcontext=u:r:kernel:s0 tclass=file permissive=0
09-07 17:44:08.862  1710  2176 I chatty  : uid=1000(system) AutobacklightTh identical 11 lines
09-07 17:44:09.052  2704  3147 W ProcessCpuTracker: Skipping unknown process pid 22202
09-07 17:44:09.042  2704  2704 W PulseThread: type=1400 audit(0.0:63313): avc: denied { read } for name="cmdline" dev="proc" ino=6395526 scontext=u:r:system_app:s0 tcontext=u:r:kernel:s0 tclass=file permissive=0
09-07 17:44:09.053  2704  3147 W ProcessCpuTracker: Skipping unknown process pid 22203
09-07 17:44:09.053  2704  3147 W ProcessCpuTracker: Skipping unknown process pid 22204
09-07 17:44:09.053  2704  3147 W ProcessCpuTracker: Skipping unknown process pid 22222
09-07 17:44:09.054  2704  3147 W ProcessCpuTracker: Skipping unknown process pid 22229
09-07 17:44:09.054  2704  3147 W ProcessCpuTracker: Skipping unknown process pid 22232
09-07 17:44:09.055  2704  3147 W ProcessCpuTracker: Skipping unknown process pid 22273
09-07 17:44:09.055  2704  3147 W ProcessCpuTracker: Skipping unknown process pid 22308
09-07 17:44:09.056  2704  3147 W ProcessCpuTracker: Skipping unknown process pid 22355
09-07 17:44:09.056  2704  3147 W ProcessCpuTracker: Skipping unknown process pid 22428
09-07 17:44:09.056  2704  3147 W ProcessCpuTracker: Skipping unknown process pid 22443
09-07 17:44:09.057  2704  3147 W ProcessCpuTracker: Skipping unknown process pid 22524
09-07 17:44:09.057  2704  3147 W ProcessCpuTracker: Skipping unknown process pid 22546
09-07 17:44:09.058  2704  3147 W ProcessCpuTracker: Skipping unknown process pid 22557
09-07 17:44:09.058  2704  3147 W ProcessCpuTracker: Skipping unknown process pid 22622
09-07 17:44:09.727   710   710 I vendor.rmt_storage: rmt_storage_connect_cb: clnt_h=0x14 conn_h=0x700dc2c020
09-07 17:44:09.727   710   710 I vendor.rmt_storage: rmt_storage_rw_iovec_cb: /boot/modem_fs1: req_h=0x14 msg_id=3: R/W request received
09-07 17:44:09.727   710   710 I vendor.rmt_storage: wakelock acquired: 1, error no: 42
09-07 17:44:09.727   710   931 I vendor.rmt_storage: rmt_storage_client_thread: /boot/modem_fs1: Unblock worker thread (th_id: 481264678128)
09-07 17:44:09.784   710   931 I vendor.rmt_storage: rmt_storage_client_thread: /boot/modem_fs1: req_h=0x14 msg_id=3: Bytes written = 2097152
09-07 17:44:09.784   710   931 I vendor.rmt_storage: rmt_storage_client_thread: /boot/modem_fs1: req_h=0x14 msg_id=3: Send response: res=0 err=0
09-07 17:44:09.785   710   931 I vendor.rmt_storage: rmt_storage_client_thread: /boot/modem_fs1: About to block rmt_storage client thread (th_id: 481264678128) wakelock released: 1, error no: 0
09-07 17:44:09.785   710   931 I vendor.rmt_storage:
09-07 17:44:09.785   710   710 I vendor.rmt_storage: rmt_storage_disconnect_cb: clnt_h=0x14 conn_h=0x700dc2c020
09-07 17:44:09.786  1119  1119 V slim_daemon: [MAIN] run: Got IPC: 9902 from 0
09-07 17:44:09.787  1119  1119 D slim_daemon: [SLIM] No pending timeout events
09-07 17:44:10.181 21364 21674 D FreeFlowUtils: [glide-disk-cache-thread-0] Origin url: http://static-test.maoercdn.com/app/homepage/banners/202111/12/1b0d843b9a821c23c9f306d8f84330dd173426.jpg?x-oss-process=image/resize,w_996/format,webp, free flow url: http://static-test.maoercdn.com/app/homepage/banners/202111/12/1b0d843b9a821c23c9f306d8f84330dd173426.jpg?x-oss-process=image/resize,w_996/format,webp
09-07 17:44:10.564   718   718 I chatty  : uid=1000(system) /system/bin/surfaceflinger expire 12 lines
09-07 17:44:11.136  2713  3513 I chatty  : uid=1000(system) Timer-0 expire 10 lines
09-07 17:44:12.131 21364 21674 D FreeFlowUtils: [glide-disk-cache-thread-0] Origin url: http://static-test.maoercdn.com/app/homepage/banners/202107/30/10af30afaa780b5e1b00a94a907a7344185724.jpg?x-oss-process=image/resize,w_996/format,webp, free flow url: http://static-test.maoercdn.com/app/homepage/banners/202107/30/10af30afaa780b5e1b00a94a907a7344185724.jpg?x-oss-process=image/resize,w_996/format,webp
09-07 17:44:16.250 32400 32547 D MemoryCeilingMonitor: [handleMemoryCalculate]
09-07 17:44:16.250 32400 32547 D MemoryCeilingMonitor: [calculate] tot: 3185173, max: 268435456, free: 566101, heap: 2619072, per: 0.009756803512573242
09-07 17:44:17.131 21364 21674 D FreeFlowUtils: [glide-disk-cache-thread-0] Origin url: http://static-test.maoercdn.com/app/homepage/banners/202202/07/58d57ea686d685c0a4bc33559db77de8164943.png?x-oss-process=image/resize,w_996/format,webp, free flow url: http://static-test.maoercdn.com/app/homepage/banners/202202/07/58d57ea686d685c0a4bc33559db77de8164943.png?x-oss-process=image/resize,w_996/format,webp
09-07 17:44:17.254 22557 22584 I appium  : READER_IDLE: closing the channel
09-07 17:44:17.070  1710  2176 I chatty  : uid=1000(system) AutobacklightTh identical 49 lines
09-07 17:44:17.315  1710  1710 I chatty  : uid=1000 system_server expire 68 lines
09-07 17:44:17.315  2389  2389 D KeyguardUpdateMonitor: received broadcast android.intent.action.BATTERY_CHANGED
09-07 17:44:17.316  2389  2389 D KeyguardUpdateMonitor: handleBatteryUpdate
09-07 17:44:17.317  2762  2762 D QtiCarrierConfigHelper: WARNING, no carrier configs on phone Id: 0
09-07 17:44:17.319   693   693 V LocSvc_HIDL_IzatSubscription: [batteryLevelUpdate][777] [HS] <<<<= [HC]
09-07 17:44:17.338  8163 11765 I ThreadPool.Execute: [:11765, ]:<<< com.tencent.matrix.c.c$3$$ExternalSyntheticLambda3@137140760 state=COMPLETE cost=17ms/3ms HotPool start@=1662543857320ms delay=0ms run@=1662543857320
09-07 17:44:18.074 21364 21524 I CronetEngine: [thread_background]
09-07 17:44:18.074 21364 21524 I CronetEngine: url: https://data.uat.missevan.com/statistics/collect-events
09-07 17:44:18.074 21364 21524 I CronetEngine:  ip: 10.21.250.10
09-07 17:44:18.074 21364 21524 I CronetEngine:  hostResolverProvider:
09-07 17:44:18.074 21364 21524 I CronetEngine:  hostResolveIps: []
09-07 17:44:18.074 21364 21524 I CronetEngine:
09-07 17:44:18.038  1710  2176 I chatty  : uid=1000(system) AutobacklightTh identical 4 lines
09-07 17:44:18.239  2389  2389 D KeyguardUpdateMonitor: received broadcast android.intent.action.BATTERY_CHANGED
09-07 17:44:18.240  2389  2389 D KeyguardUpdateMonitor: handleBatteryUpdate
09-07 17:44:18.241  2762  2762 D QtiCarrierConfigHelper: WARNING, no carrier configs on phone Id: 0
09-07 17:44:18.244   693   693 V LocSvc_HIDL_IzatSubscription: [batteryLevelUpdate][777] [HS] <<<<= [HC]
09-07 17:44:18.249  8163 11346 I ThreadPool.Execute: [:11346, ]:<<< com.tencent.matrix.c.c$3$$ExternalSyntheticLambda3@240992196 state=COMPLETE cost=1ms/1ms HotPool start@=1662543858247ms delay=0ms run@=1662543858247
09-07 17:44:18.259  2389  2389 D KeyguardUpdateMonitor: received broadcast android.intent.action.BATTERY_CHANGED
09-07 17:44:18.260  2389  2389 D KeyguardUpdateMonitor: handleBatteryUpdate
09-07 17:44:18.270  2762  2762 D QtiCarrierConfigHelper: WARNING, no carrier configs on phone Id: 0
09-07 17:44:18.273   693   693 V LocSvc_HIDL_IzatSubscription: [batteryLevelUpdate][777] [HS] <<<<= [HC]
09-07 17:44:18.284  8163 11455 I ThreadPool.Execute: [:11455, ]:<<< com.tencent.matrix.c.c$3$$ExternalSyntheticLambda3@64001072 state=COMPLETE cost=1ms/1ms HotPool start@=1662543858282ms delay=0ms run@=1662543858283
09-07 17:44:18.286 21364 21674 D FreeFlowUtils: [glide-disk-cache-thread-0] Origin url: http://static-test.maoercdn.com/app/homepage/banners/202203/01/07292733b5815954793da5d8060d03e3190400.png?x-oss-process=image/resize,w_996/format,webp, free flow url: http://static-test.maoercdn.com/app/homepage/banners/202203/01/07292733b5815954793da5d8060d03e3190400.png?x-oss-process=image/resize,w_996/format,webp
09-07 17:44:18.290  2389  2389 D KeyguardUpdateMonitor: received broadcast android.intent.action.BATTERY_CHANGED
09-07 17:44:18.290  2389  2389 D KeyguardUpdateMonitor: handleBatteryUpdate
09-07 17:44:18.295  2762  2762 D QtiCarrierConfigHelper: WARNING, no carrier configs on phone Id: 0
09-07 17:44:18.296  1710  5524 I chatty  : uid=1000(system) IzatProvider expire 95 lines
09-07 17:44:18.296   693   693 V LocSvc_HIDL_IzatSubscription: [batteryLevelUpdate][777] [HS] <<<<= [HC]
09-07 17:44:18.303  2389  2389 D KeyguardUpdateMonitor: received broadcast android.intent.action.BATTERY_CHANGED
09-07 17:44:18.304  2389  2389 D KeyguardUpdateMonitor: handleBatteryUpdate
09-07 17:44:18.304   693   693 V LocSvc_HIDL_IzatSubscription: [batteryLevelUpdate][777] [HS] <<<<= [HC]
09-07 17:44:18.305  8163 11834 I ThreadPool.Execute: [:11834, ]:<<< com.tencent.matrix.c.c$3$$ExternalSyntheticLambda3@165856092 state=COMPLETE cost=1ms/1ms HotPool start@=1662543858301ms delay=0ms run@=1662543858303
09-07 17:44:18.306  2762  2762 D QtiCarrierConfigHelper: WARNING, no carrier configs on phone Id: 0
09-07 17:44:18.306  2713  3240 I chatty  : uid=1000(system) NightPearlSubTh expire 159 lines
09-07 17:44:18.311  8163 11673 I ThreadPool.Execute: [:11673, ]:<<< com.tencent.matrix.c.c$3$$ExternalSyntheticLambda3@159824200 state=COMPLETE cost=1ms/0ms HotPool start@=1662543858309ms delay=0ms run@=1662543858309
09-07 17:44:18.313  2713  2713 I chatty  : uid=1000(system) com.vivo.daemonService expire 180 lines
09-07 17:44:18.313  2389  2389 D KeyguardUpdateMonitor: received broadcast android.intent.action.BATTERY_CHANGED
09-07 17:44:18.313  2389  2389 D KeyguardUpdateMonitor: handleBatteryUpdate
09-07 17:44:18.315  2762  2762 D QtiCarrierConfigHelper: WARNING, no carrier configs on phone Id: 0
09-07 17:44:18.316   693   693 V LocSvc_HIDL_IzatSubscription: [batteryLevelUpdate][777] [HS] <<<<= [HC]
09-07 17:44:18.318  2762  2762 D QtiCarrierConfigHelper: WARNING, no carrier configs on phone Id: 0
09-07 17:44:18.320   693   693 V LocSvc_HIDL_IzatSubscription: [batteryLevelUpdate][777] [HS] <<<<= [HC]
09-07 17:44:18.320  8163 11909 I ThreadPool.Execute: [:11909, ]:<<< com.tencent.matrix.c.c$3$$ExternalSyntheticLambda3@99754484 state=COMPLETE cost=1ms/1ms HotPool start@=1662543858318ms delay=0ms run@=1662543858319
09-07 17:44:18.324  2762  2762 D QtiCarrierConfigHelper: WARNING, no carrier configs on phone Id: 0
09-07 17:44:18.325   693   693 V LocSvc_HIDL_IzatSubscription: [batteryLevelUpdate][777] [HS] <<<<= [HC]
09-07 17:44:18.327  2762  2762 D QtiCarrierConfigHelper: WARNING, no carrier configs on phone Id: 0
09-07 17:44:18.327  8163 11080 I ThreadPool.Execute: [:11080, ]:<<< com.tencent.matrix.c.c$3$$ExternalSyntheticLambda3@235497824 state=COMPLETE cost=1ms/1ms HotPool start@=1662543858321ms delay=0ms run@=1662543858321
09-07 17:44:18.328   693   693 V LocSvc_HIDL_IzatSubscription: [batteryLevelUpdate][777] [HS] <<<<= [HC]
09-07 17:44:18.333  8163 11239 I ThreadPool.Execute: [:11239, ]:<<< com.tencent.matrix.c.c$3$$ExternalSyntheticLambda3@15446741 state=COMPLETE cost=1ms/1ms HotPool start@=1662543858332ms delay=0ms run@=1662543858332
09-07 17:44:18.333  8163 11765 I ThreadPool.Execute: [:11765, ]:<<< com.tencent.matrix.c.c$3$$ExternalSyntheticLambda3@117376120 state=COMPLETE cost=1ms/0ms HotPool start@=1662543858332ms delay=0ms run@=1662543858332
09-07 17:44:18.336  2389  2389 D KeyguardUpdateMonitor: received broadcast android.intent.action.BATTERY_CHANGED
09-07 17:44:18.337  2389  2389 D KeyguardUpdateMonitor: received broadcast android.intent.action.BATTERY_CHANGED
09-07 17:44:18.339  2762  2762 D QtiCarrierConfigHelper: WARNING, no carrier configs on phone Id: 0
09-07 17:44:18.344   693   693 V LocSvc_HIDL_IzatSubscription: [batteryLevelUpdate][777] [HS] <<<<= [HC]
09-07 17:44:18.344  8163 11346 I ThreadPool.Execute: [:11346, ]:<<< com.tencent.matrix.c.c$3$$ExternalSyntheticLambda3@190574628 state=COMPLETE cost=1ms/0ms HotPool start@=1662543858341ms delay=0ms run@=1662543858342
09-07 17:44:18.345  2389  2389 D KeyguardUpdateMonitor: received broadcast android.intent.action.BATTERY_CHANGED
09-07 17:44:18.349  2762  2762 D QtiCarrierConfigHelper: WARNING, no carrier configs on phone Id: 0
09-07 17:44:18.351   693   693 V LocSvc_HIDL_IzatSubscription: [batteryLevelUpdate][777] [HS] <<<<= [HC]
09-07 17:44:18.353  8163 11455 I ThreadPool.Execute: [:11455, ]:<<< com.tencent.matrix.c.c$3$$ExternalSyntheticLambda3@209316496 state=COMPLETE cost=1ms/1ms HotPool start@=1662543858351ms delay=0ms run@=1662543858351
09-07 17:44:18.354  2389  2389 D KeyguardUpdateMonitor: handleBatteryUpdate
09-07 17:44:18.355  2389  2389 D KeyguardUpdateMonitor: handleBatteryUpdate
09-07 17:44:18.355  2389  2389 D KeyguardUpdateMonitor: received broadcast android.intent.action.BATTERY_CHANGED
09-07 17:44:18.356  2389  2389 D KeyguardUpdateMonitor: handleBatteryUpdate
09-07 17:44:18.357  2389  2389 D KeyguardUpdateMonitor: received broadcast android.intent.action.BATTERY_CHANGED
09-07 17:44:18.360   693   693 V LocSvc_HIDL_IzatSubscription: [batteryLevelUpdate][777] [HS] <<<<= [HC]
09-07 17:44:18.360  2762  2762 D QtiCarrierConfigHelper: WARNING, no carrier configs on phone Id: 0
09-07 17:44:18.362  2389  2389 D KeyguardUpdateMonitor: handleBatteryUpdate
09-07 17:44:18.363  2389  2389 D KeyguardUpdateMonitor: handleBatteryUpdate
09-07 17:44:18.363  2389  2389 D KeyguardUpdateMonitor: received broadcast android.intent.action.BATTERY_CHANGED
09-07 17:44:18.364  2389  2389 D KeyguardUpdateMonitor: handleBatteryUpdate
09-07 17:44:18.365  8163 11834 I ThreadPool.Execute: [:11834, ]:<<< com.tencent.matrix.c.c$3$$ExternalSyntheticLambda3@87760828 state=COMPLETE cost=1ms/1ms HotPool start@=1662543858363ms delay=0ms run@=1662543858363
09-07 17:44:18.371  2389  2389 D KeyguardUpdateMonitor: received broadcast android.intent.action.BATTERY_CHANGED
09-07 17:44:18.371  2389  2389 D KeyguardUpdateMonitor: handleBatteryUpdate
09-07 17:44:18.372  2762  2762 D QtiCarrierConfigHelper: WARNING, no carrier configs on phone Id: 0
09-07 17:44:18.372   693   693 V LocSvc_HIDL_IzatSubscription: [batteryLevelUpdate][777] [HS] <<<<= [HC]
09-07 17:44:18.378  8163 11673 I ThreadPool.Execute: [:11673, ]:<<< com.tencent.matrix.c.c$3$$ExternalSyntheticLambda3@175668136 state=COMPLETE cost=1ms/1ms HotPool start@=1662543858376ms delay=0ms run@=1662543858377
09-07 17:44:18.381  2389  2389 D KeyguardUpdateMonitor: received broadcast android.intent.action.BATTERY_CHANGED
09-07 17:44:18.382  2389  2389 D KeyguardUpdateMonitor: handleBatteryUpdate
09-07 17:44:18.383  2762  2762 D QtiCarrierConfigHelper: WARNING, no carrier configs on phone Id: 0
09-07 17:44:18.383   693   693 V LocSvc_HIDL_IzatSubscription: [batteryLevelUpdate][777] [HS] <<<<= [HC]
09-07 17:44:18.390  8163 11909 I ThreadPool.Execute: [:11909, ]:<<< com.tencent.matrix.c.c$3$$ExternalSyntheticLambda3@61712980 state=COMPLETE cost=1ms/1ms HotPool start@=1662543858386ms delay=0ms run@=1662543858388
09-07 17:44:18.393   693   693 V LocSvc_HIDL_IzatSubscription: [batteryLevelUpdate][777] [HS] <<<<= [HC]
09-07 17:44:18.394  2389  2389 D KeyguardUpdateMonitor: received broadcast android.intent.action.BATTERY_CHANGED
09-07 17:44:18.395  2389  2389 D KeyguardUpdateMonitor: handleBatteryUpdate
09-07 17:44:18.396  2762  2762 D QtiCarrierConfigHelper: WARNING, no carrier configs on phone Id: 0
09-07 17:44:18.398  8163 11080 I ThreadPool.Execute: [:11080, ]:<<< com.tencent.matrix.c.c$3$$ExternalSyntheticLambda3@40179648 state=COMPLETE cost=2ms/1ms HotPool start@=1662543858395ms delay=0ms run@=1662543858395
09-07 17:44:18.407  2389  2389 D KeyguardUpdateMonitor: received broadcast android.intent.action.BATTERY_CHANGED
09-07 17:44:18.409  2389  2389 D KeyguardUpdateMonitor: handleBatteryUpdate
09-07 17:44:18.411  2762  2762 D QtiCarrierConfigHelper: WARNING, no carrier configs on phone Id: 0
09-07 17:44:18.413   693   693 V LocSvc_HIDL_IzatSubscription: [batteryLevelUpdate][777] [HS] <<<<= [HC]
09-07 17:44:18.419  8163 11239 I ThreadPool.Execute: [:11239, ]:<<< com.tencent.matrix.c.c$3$$ExternalSyntheticLambda3@73658348 state=COMPLETE cost=1ms/1ms HotPool start@=1662543858417ms delay=0ms run@=1662543858417
09-07 17:44:18.420  2389  2389 D KeyguardUpdateMonitor: received broadcast android.intent.action.BATTERY_CHANGED
09-07 17:44:18.420  2389  2389 D KeyguardUpdateMonitor: handleBatteryUpdate
09-07 17:44:18.422   693   693 V LocSvc_HIDL_IzatSubscription: [batteryLevelUpdate][777] [HS] <<<<= [HC]
09-07 17:44:18.427  2762  2762 D QtiCarrierConfigHelper: WARNING, no carrier configs on phone Id: 0
09-07 17:44:18.434   693   693 V LocSvc_HIDL_IzatSubscription: [batteryLevelUpdate][777] [HS] <<<<= [HC]
09-07 17:44:18.434  2389  2389 D KeyguardUpdateMonitor: received broadcast android.intent.action.BATTERY_CHANGED
09-07 17:44:18.435  2389  2389 D KeyguardUpdateMonitor: handleBatteryUpdate
09-07 17:44:18.435  2762  2762 D QtiCarrierConfigHelper: WARNING, no carrier configs on phone Id: 0
09-07 17:44:18.437  8163 11765 I ThreadPool.Execute: [:11765, ]:<<< com.tencent.matrix.c.c$3$$ExternalSyntheticLambda3@211164888 state=COMPLETE cost=1ms/1ms HotPool start@=1662543858435ms delay=0ms run@=1662543858435
09-07 17:44:18.441  2389  2389 D KeyguardUpdateMonitor: received broadcast android.intent.action.BATTERY_CHANGED
09-07 17:44:18.441  8163 11346 I ThreadPool.Execute: [:11346, ]:<<< com.tencent.matrix.c.c$3$$ExternalSyntheticLambda3@247091332 state=COMPLETE cost=1ms/1ms HotPool start@=1662543858438ms delay=0ms run@=1662543858438
09-07 17:44:18.442  2389  2389 D KeyguardUpdateMonitor: handleBatteryUpdate
09-07 17:44:18.447  2762  2762 D QtiCarrierConfigHelper: WARNING, no carrier configs on phone Id: 0
09-07 17:44:18.448   693   693 V LocSvc_HIDL_IzatSubscription: [batteryLevelUpdate][777] [HS] <<<<= [HC]
09-07 17:44:18.454  8163 11455 I ThreadPool.Execute: [:11455, ]:<<< com.tencent.matrix.c.c$3$$ExternalSyntheticLambda3@164491504 state=COMPLETE cost=1ms/1ms HotPool start@=1662543858451ms delay=0ms run@=1662543858452
09-07 17:44:18.459  2389  2389 D KeyguardUpdateMonitor: received broadcast android.intent.action.BATTERY_CHANGED
09-07 17:44:18.460  2389  2389 D KeyguardUpdateMonitor: handleBatteryUpdate
09-07 17:44:18.465  2762  2762 D QtiCarrierConfigHelper: WARNING, no carrier configs on phone Id: 0
09-07 17:44:18.465   693   693 V LocSvc_HIDL_IzatSubscription: [batteryLevelUpdate][777] [HS] <<<<= [HC]
09-07 17:44:18.471  8163 11834 I ThreadPool.Execute: [:11834, ]:<<< com.tencent.matrix.c.c$3$$ExternalSyntheticLambda3@221850652 state=COMPLETE cost=2ms/2ms HotPool start@=1662543858467ms delay=0ms run@=1662543858468
09-07 17:44:18.475  2389  2389 D KeyguardUpdateMonitor: received broadcast android.intent.action.BATTERY_CHANGED
09-07 17:44:18.477  2762  2762 D QtiCarrierConfigHelper: WARNING, no carrier configs on phone Id: 0
09-07 17:44:18.479  2389  2389 D KeyguardUpdateMonitor: handleBatteryUpdate
09-07 17:44:18.479   693   693 V LocSvc_HIDL_IzatSubscription: [batteryLevelUpdate][777] [HS] <<<<= [HC]
09-07 17:44:18.483  2389  2389 D KeyguardUpdateMonitor: received broadcast android.intent.action.BATTERY_CHANGED
09-07 17:44:18.484  2389  2389 D KeyguardUpdateMonitor: handleBatteryUpdate
09-07 17:44:18.486  2762  2762 D QtiCarrierConfigHelper: WARNING, no carrier configs on phone Id: 0
09-07 17:44:18.489   693   693 V LocSvc_HIDL_IzatSubscription: [batteryLevelUpdate][777] [HS] <<<<= [HC]
09-07 17:44:18.491  2762  2762 D QtiCarrierConfigHelper: WARNING, no carrier configs on phone Id: 0
09-07 17:44:18.491  2389  2389 D KeyguardUpdateMonitor: received broadcast android.intent.action.BATTERY_CHANGED
09-07 17:44:18.492  2389  2389 D KeyguardUpdateMonitor: handleBatteryUpdate
09-07 17:44:18.499   693   693 V LocSvc_HIDL_IzatSubscription: [batteryLevelUpdate][777] [HS] <<<<= [HC]
09-07 17:44:18.504  2389  2389 D KeyguardUpdateMonitor: received broadcast android.intent.action.BATTERY_CHANGED
09-07 17:44:18.504  8163 11909 I ThreadPool.Execute: [:11909, ]:<<< com.tencent.matrix.c.c$3$$ExternalSyntheticLambda3@204443357 state=COMPLETE cost=1ms/1ms HotPool start@=1662543858502ms delay=0ms run@=1662543858502
09-07 17:44:18.505  2762  2762 D QtiCarrierConfigHelper: WARNING, no carrier configs on phone Id: 0
09-07 17:44:18.507  8163 11080 I ThreadPool.Execute: [:11080, ]:<<< com.tencent.matrix.c.c$3$$ExternalSyntheticLambda3@58160672 state=COMPLETE cost=3ms/0ms HotPool start@=1662543858503ms delay=0ms run@=1662543858503
09-07 17:44:18.507   693   693 V LocSvc_HIDL_IzatSubscription: [batteryLevelUpdate][777] [HS] <<<<= [HC]
09-07 17:44:18.508  2389  2389 D KeyguardUpdateMonitor: handleBatteryUpdate
09-07 17:44:18.518  2389  2389 D KeyguardUpdateMonitor: received broadcast android.intent.action.BATTERY_CHANGED
09-07 17:44:18.519  2389  2389 D KeyguardUpdateMonitor: handleBatteryUpdate
09-07 17:44:18.519   693   693 V LocSvc_HIDL_IzatSubscription: [batteryLevelUpdate][777] [HS] <<<<= [HC]
09-07 17:44:18.519  2762  2762 D QtiCarrierConfigHelper: WARNING, no carrier configs on phone Id: 0
09-07 17:44:18.522  8163 11239 I ThreadPool.Execute: [:11239, ]:<<< com.tencent.matrix.c.c$3$$ExternalSyntheticLambda3@162387020 state=COMPLETE cost=1ms/0ms HotPool start@=1662543858520ms delay=0ms run@=1662543858521
09-07 17:44:18.532  2762  2762 D QtiCarrierConfigHelper: WARNING, no carrier configs on phone Id: 0
09-07 17:44:18.532  2389  2389 D KeyguardUpdateMonitor: received broadcast android.intent.action.BATTERY_CHANGED
09-07 17:44:18.533  2389  2389 D KeyguardUpdateMonitor: handleBatteryUpdate
09-07 17:44:18.534   693   693 V LocSvc_HIDL_IzatSubscription: [batteryLevelUpdate][777] [HS] <<<<= [HC]
09-07 17:44:18.540  2389  2389 D KeyguardUpdateMonitor: received broadcast android.intent.action.BATTERY_CHANGED
09-07 17:44:18.540  2389  2389 D KeyguardUpdateMonitor: handleBatteryUpdate
09-07 17:44:18.542  2762  2762 D QtiCarrierConfigHelper: WARNING, no carrier configs on phone Id: 0
09-07 17:44:18.542   693   693 V LocSvc_HIDL_IzatSubscription: [batteryLevelUpdate][777] [HS] <<<<= [HC]
09-07 17:44:18.547  2389  2389 D KeyguardUpdateMonitor: received broadcast android.intent.action.BATTERY_CHANGED
09-07 17:44:18.548  2389  2389 D KeyguardUpdateMonitor: handleBatteryUpdate
09-07 17:44:18.549  2762  2762 D QtiCarrierConfigHelper: WARNING, no carrier configs on phone Id: 0
09-07 17:44:18.555  2389  2389 D KeyguardUpdateMonitor: received broadcast android.intent.action.BATTERY_CHANGED
09-07 17:44:18.556  2389  2389 D KeyguardUpdateMonitor: handleBatteryUpdate
09-07 17:44:18.556  2762  2762 D QtiCarrierConfigHelper: WARNING, no carrier configs on phone Id: 0
09-07 17:44:18.558   693   693 V LocSvc_HIDL_IzatSubscription: [batteryLevelUpdate][777] [HS] <<<<= [HC]
09-07 17:44:18.559   693   693 V LocSvc_HIDL_IzatSubscription: [batteryLevelUpdate][777] [HS] <<<<= [HC]
09-07 17:44:18.564  2389  2389 D KeyguardUpdateMonitor: received broadcast android.intent.action.BATTERY_CHANGED
09-07 17:44:18.565  2389  2389 D KeyguardUpdateMonitor: handleBatteryUpdate
09-07 17:44:18.565  2762  2762 D QtiCarrierConfigHelper: WARNING, no carrier configs on phone Id: 0
09-07 17:44:18.566   693   693 V LocSvc_HIDL_IzatSubscription: [batteryLevelUpdate][777] [HS] <<<<= [HC]
09-07 17:44:18.576  2389  2389 D KeyguardUpdateMonitor: received broadcast android.intent.action.BATTERY_CHANGED
09-07 17:44:18.577  2389  2389 D KeyguardUpdateMonitor: handleBatteryUpdate
09-07 17:44:18.577  2762  2762 D QtiCarrierConfigHelper: WARNING, no carrier configs on phone Id: 0
09-07 17:44:18.578   693   693 V LocSvc_HIDL_IzatSubscription: [batteryLevelUpdate][777] [HS] <<<<= [HC]
09-07 17:44:18.589  2389  2389 D KeyguardUpdateMonitor: received broadcast android.intent.action.BATTERY_CHANGED
09-07 17:44:18.589  2389  2389 D KeyguardUpdateMonitor: handleBatteryUpdate
09-07 17:44:18.590  2762  2762 D QtiCarrierConfigHelper: WARNING, no carrier configs on phone Id: 0
09-07 17:44:18.590   693   693 V LocSvc_HIDL_IzatSubscription: [batteryLevelUpdate][777] [HS] <<<<= [HC]
09-07 17:44:18.598  2389  2389 D KeyguardUpdateMonitor: received broadcast android.intent.action.BATTERY_CHANGED
09-07 17:44:18.599  2389  2389 D KeyguardUpdateMonitor: handleBatteryUpdate
09-07 17:44:18.599  2762  2762 D QtiCarrierConfigHelper: WARNING, no carrier configs on phone Id: 0
09-07 17:44:18.599   693   693 V LocSvc_HIDL_IzatSubscription: [batteryLevelUpdate][777] [HS] <<<<= [HC]
09-07 17:44:18.841  1710  2176 I chatty  : uid=1000(system) AutobacklightTh identical 1 line
09-07 17:44:19.027  2389  2389 D KeyguardUpdateMonitor: received broadcast android.intent.action.BATTERY_CHANGED
09-07 17:44:19.027  2389  2389 D KeyguardUpdateMonitor: handleBatteryUpdate
09-07 17:44:19.029  2762  2762 D QtiCarrierConfigHelper: WARNING, no carrier configs on phone Id: 0
09-07 17:44:19.031   693   693 V LocSvc_HIDL_IzatSubscription: [batteryLevelUpdate][777] [HS] <<<<= [HC]
09-07 17:44:20.134  1710  2069 I chatty  : uid=1000(system) WifiStateMachin expire 10 lines
09-07 17:44:22.201 21364 21674 D FreeFlowUtils: [glide-disk-cache-thread-0] Origin url: http://static-test.maoercdn.com/app/homepage/banners/202202/08/6f7d5ac41d35390f1123ba53fdb3e168184307.png?x-oss-process=image/resize,w_996/format,webp, free flow url: http://static-test.maoercdn.com/app/homepage/banners/202202/08/6f7d5ac41d35390f1123ba53fdb3e168184307.png?x-oss-process=image/resize,w_996/format,webp
09-07 17:44:22.726   718   718 I chatty  : uid=1000(system) /system/bin/surfaceflinger expire 11 lines
09-07 17:44:26.261 32400 32547 D MemoryCeilingMonitor: [handleMemoryCalculate]
09-07 17:44:26.261 32400 32547 D MemoryCeilingMonitor: [calculate] tot: 3185173, max: 268435456, free: 533189, heap: 2651984, per: 0.00987941026687622
09-07 17:44:27.372  1710  2176 I chatty  : uid=1000(system) AutobacklightTh identical 51 lines
09-07 17:44:27.639  2389  2389 D KeyguardUpdateMonitor: received broadcast android.intent.action.BATTERY_CHANGED
09-07 17:44:27.640  2389  2389 D KeyguardUpdateMonitor: handleBatteryUpdate
09-07 17:44:27.641  2762  2762 D QtiCarrierConfigHelper: WARNING, no carrier configs on phone Id: 0
09-07 17:44:27.641  1710  1710 I chatty  : uid=1000 system_server expire 10 lines
09-07 17:44:27.642   693   693 V LocSvc_HIDL_IzatSubscription: [batteryLevelUpdate][777] [HS] <<<<= [HC]
09-07 17:44:27.651 27410 15996 I ThreadPool.Execute: [:15996, ]:<<< com.tencent.matrix.c.c$3$$ExternalSyntheticLambda3@232955942 state=COMPLETE cost=5ms/3ms HotPool start@=1662543867644ms delay=0ms run@=1662543867645
09-07 17:44:28.071 21364 21524 I CronetEngine: [thread_background]
09-07 17:44:28.071 21364 21524 I CronetEngine: url: https://data.uat.missevan.com/statistics/collect-events
09-07 17:44:28.071 21364 21524 I CronetEngine:  ip: 10.21.250.10
09-07 17:44:28.071 21364 21524 I CronetEngine:  hostResolverProvider:
09-07 17:44:28.071 21364 21524 I CronetEngine:  hostResolveIps: []
09-07 17:44:28.071 21364 21524 I CronetEngine:
09-07 17:44:29.142  1710  2176 I chatty  : uid=1000(system) AutobacklightTh identical 9 lines
09-07 17:44:29.363  2389  2389 D KeyguardUpdateMonitor: received broadcast android.intent.action.BATTERY_CHANGED
09-07 17:44:29.364  2713  2713 I chatty  : uid=1000(system) com.vivo.daemonService expire 13 lines
09-07 17:44:29.365  2389  2389 D KeyguardUpdateMonitor: handleBatteryUpdate
09-07 17:44:29.366  2713  3240 I chatty  : uid=1000(system) NightPearlSubTh expire 11 lines
09-07 17:44:29.368  2762  2762 D QtiCarrierConfigHelper: WARNING, no carrier configs on phone Id: 0
09-07 17:44:29.369  1710  5524 I chatty  : uid=1000(system) IzatProvider expire 12 lines
09-07 17:44:29.372   693   693 V LocSvc_HIDL_IzatSubscription: [batteryLevelUpdate][777] [HS] <<<<= [HC]
09-07 17:44:29.381 27410 25258 I ThreadPool.Execute: [:25258, ]:<<< com.tencent.matrix.c.c$3$$ExternalSyntheticLambda3@80255154 state=COMPLETE cost=1ms/1ms HotPool start@=1662543869378ms delay=0ms run@=1662543869379
09-07 17:44:32.144 21364 21674 D FreeFlowUtils: [glide-disk-cache-thread-0] Origin url: http://static-test.maoercdn.com/homepage/banners/202203/01/6c839b80b16c14739ce57b70d4fd1724182822.png?x-oss-process=image/resize,w_996/format,webp, free flow url: http://static-test.maoercdn.com/homepage/banners/202203/01/6c839b80b16c14739ce57b70d4fd1724182822.png?x-oss-process=image/resize,w_996/format,webp
09-07 17:44:33.938   718   718 I chatty  : uid=1000(system) /system/bin/surfaceflinger expire 12 lines
09-07 17:44:34.616  1710  2176 I chatty  : uid=1000(system) AutobacklightTh identical 32 lines
09-07 17:44:34.800  1710  2968 W ActivityManager: Unable to start service Intent { act=android.security.IKeyChainService cmp=com.android.keychain/.KeyChainService } U=999: not found
09-07 17:44:34.801  2389 22680 I SecurityController: java.lang.AssertionError: could not bind to KeyChainService
09-07 17:44:35.217  1710  2069 I chatty  : uid=1000(system) WifiStateMachin expire 10 lines
09-07 17:44:35.443 21364 21459 D awcn.TnetSpdySession: |[seq:umeng:546d7dd7fd98c58fc800082c.AWCN1_1] ping host:https://umengacs.m.taobao.com thread:AWCN Scheduler1
09-07 17:44:35.444 21364 21459 D awcn.TnetSpdySession: |[seq:umeng:546d7dd7fd98c58fc800082c.AWCN1_1] https://umengacs.m.taobao.com submit ping ms:45001 force:true
09-07 17:44:35.498 21364 21458 I awcn.TnetSpdySession: |[seq:umeng:546d7dd7fd98c58fc800082c.AWCN1_1] ping receive Host:https://umengacs.m.taobao.com id:25
09-07 17:44:36.269 32400 32547 D MemoryCeilingMonitor: [handleMemoryCalculate]
09-07 17:44:36.270 32400 32547 D MemoryCeilingMonitor: [calculate] tot: 3185173, max: 268435456, free: 516661, heap: 2668512, per: 0.0099409818649292
09-07 17:44:37.154 21364 21674 D FreeFlowUtils: [glide-disk-cache-thread-0] Origin url: http://static-test.maoercdn.com/app/homepage/banners/202203/01/d4053c504c21bdfe4fae4c3f7e2626f0190400.png?x-oss-process=image/resize,w_996/format,webp, free flow url: http://static-test.maoercdn.com/app/homepage/banners/202203/01/d4053c504c21bdfe4fae4c3f7e2626f0190400.png?x-oss-process=image/resize,w_996/format,webp
09-07 17:44:37.674  1710  2176 I chatty  : uid=1000(system) AutobacklightTh identical 17 lines
09-07 17:44:37.952  2389  2389 D KeyguardUpdateMonitor: received broadcast android.intent.action.BATTERY_CHANGED
09-07 17:44:37.953  2389  2389 D KeyguardUpdateMonitor: handleBatteryUpdate
09-07 17:44:37.955  2762  2762 D QtiCarrierConfigHelper: WARNING, no carrier configs on phone Id: 0
09-07 17:44:37.956   693   693 V LocSvc_HIDL_IzatSubscription: [batteryLevelUpdate][777] [HS] <<<<= [HC]
09-07 17:44:37.961  1710  3752 I chatty  : uid=1000(system) Binder:1710_E expire 13 lines
09-07 17:44:37.965  1710  2968 I chatty  : uid=1000(system) Binder:1710_9 expire 12 lines
09-07 17:44:37.989 27410 30956 I ThreadPool.Execute: [:30956, ]:<<< com.tencent.matrix.c.c$3$$ExternalSyntheticLambda3@195268094 state=COMPLETE cost=24ms/3ms HotPool start@=1662543877964ms delay=0ms run@=1662543877964
09-07 17:44:38.100 21364 21524 I CronetEngine: [thread_background]
09-07 17:44:38.100 21364 21524 I CronetEngine: url: https://data.uat.missevan.com/statistics/collect-events
09-07 17:44:38.100 21364 21524 I CronetEngine:  ip: 10.21.250.10
09-07 17:44:38.100 21364 21524 I CronetEngine:  hostResolverProvider:
09-07 17:44:38.100 21364 21524 I CronetEngine:  hostResolveIps: []
09-07 17:44:38.100 21364 21524 I CronetEngine:
09-07 17:44:42.161 21364 21674 D FreeFlowUtils: [glide-disk-cache-thread-0] Origin url: http://static-test.maoercdn.com/app/homepage/banners/202203/14/f0c40ac8016cd11478fb4e0497024cdf155709.jpeg?x-oss-process=image/resize,w_996/format,webp, free flow url: http://static-test.maoercdn.com/app/homepage/banners/202203/14/f0c40ac8016cd11478fb4e0497024cdf155709.jpeg?x-oss-process=image/resize,w_996/format,webp
09-07 17:44:45.762 32400 32562 D WorkerThreadMonitor: Kill MSF check result[ senderSize:0,sendInterval:110629,receiveInterval=20478,addCmdCount=176
09-07 17:44:46.098   718   718 I chatty  : uid=1000(system) /system/bin/surfaceflinger expire 11 lines
09-07 17:44:46.278 32400 32547 D MemoryCeilingMonitor: [handleMemoryCalculate]
09-07 17:44:46.279 32400 32547 D MemoryCeilingMonitor: [calculate] tot: 3185173, max: 268435456, free: 500053, heap: 2685120, per: 0.010002851486206055
09-07 17:44:48.112 21364 21524 I CronetEngine: [thread_background]
09-07 17:44:48.112 21364 21524 I CronetEngine: url: https://data.uat.missevan.com/statistics/collect-events
09-07 17:44:48.112 21364 21524 I CronetEngine:  ip: 10.21.250.10
09-07 17:44:48.112 21364 21524 I CronetEngine:  hostResolverProvider:
09-07 17:44:48.112 21364 21524 I CronetEngine:  hostResolveIps: []
09-07 17:44:48.112 21364 21524 I CronetEngine:
09-07 17:44:47.976  1710  2176 I chatty  : uid=1000(system) AutobacklightTh identical 62 lines
09-07 17:44:48.276  2389  2389 D KeyguardUpdateMonitor: received broadcast android.intent.action.BATTERY_CHANGED
09-07 17:44:48.277  2389  2389 D KeyguardUpdateMonitor: handleBatteryUpdate
09-07 17:44:48.282  2713  2713 I chatty  : uid=1000(system) com.vivo.daemonService expire 11 lines
09-07 17:44:48.282  2762  2762 D QtiCarrierConfigHelper: WARNING, no carrier configs on phone Id: 0
09-07 17:44:48.286   693   693 V LocSvc_HIDL_IzatSubscription: [batteryLevelUpdate][777] [HS] <<<<= [HC]
09-07 17:44:48.301 27410 20530 I ThreadPool.Execute: [:20530, ]:<<< com.tencent.matrix.c.c$3$$ExternalSyntheticLambda3@128355338 state=COMPLETE cost=13ms/3ms HotPool start@=1662543888286ms delay=0ms run@=1662543888287
09-07 17:44:50.237 21364 21674 D FreeFlowUtils: [glide-disk-cache-thread-0] Origin url: http://static-test.maoercdn.com/app/homepage/banners/202108/04/d298ca9dab102f4d29ac53790a630b23174515.jpg?x-oss-process=image/resize,w_996/format,webp, free flow url: http://static-test.maoercdn.com/app/homepage/banners/202108/04/d298ca9dab102f4d29ac53790a630b23174515.jpg?x-oss-process=image/resize,w_996/format,webp
09-07 17:44:50.311  1710  2069 I chatty  : uid=1000(system) WifiStateMachin expire 18 lines
09-07 17:44:50.411 21364 21524 I CronetEngine: [thread_background]
09-07 17:44:50.411 21364 21524 I CronetEngine: url: https://app.uat.missevan.com/message/unread-notice
09-07 17:44:50.411 21364 21524 I CronetEngine:  ip: 10.21.250.10
09-07 17:44:50.411 21364 21524 I CronetEngine:  hostResolverProvider:
09-07 17:44:50.411 21364 21524 I CronetEngine:  hostResolveIps: []
09-07 17:44:50.411 21364 21524 I CronetEngine:
09-07 17:44:50.416 21364 21637 I BLOG    : [RxCachedThreadScheduler-7] HTTP request: [2022-09-07T09:44:50.296Z] GET https://app.uat.missevan.com/message/unread-notice 200 107ms 0
09-07 17:44:51.139  2713  3513 I chatty  : uid=1000(system) Timer-0 expire 10 lines
09-07 17:44:52.181 21364 21674 D FreeFlowUtils: [glide-disk-cache-thread-0] Origin url: http://static-test.maoercdn.com/app/homepage/banners/202203/22/6b81e3429cd0d68c6ebb6da5fc1196f2201446.png?x-oss-process=image/resize,w_996/format,webp, free flow url: http://static-test.maoercdn.com/app/homepage/banners/202203/22/6b81e3429cd0d68c6ebb6da5fc1196f2201446.png?x-oss-process=image/resize,w_996/format,webp
09-07 17:44:52.210 21364 21674 D FreeFlowUtils: [glide-disk-cache-thread-0] Origin url: http://static-test.maoercdn.com/app/homepage/banners/202107/30/10af30afaa780b5e1b00a94a907a7344185724.jpg?x-oss-process=image/resize,w_996/format,webp, free flow url: http://static-test.maoercdn.com/app/homepage/banners/202107/30/10af30afaa780b5e1b00a94a907a7344185724.jpg?x-oss-process=image/resize,w_996/format,webp
09-07 17:44:56.281 32400 32547 D MemoryCeilingMonitor: [handleMemoryCalculate]
09-07 17:44:56.281 32400 32547 D MemoryCeilingMonitor: [calculate] tot: 3185173, max: 268435456, free: 467141, heap: 2718032, per: 0.010125458240509033
09-07 17:44:57.243   718   718 I chatty  : uid=1000(system) /system/bin/surfaceflinger expire 11 lines
09-07 17:44:57.246 21364 21674 D FreeFlowUtils: [glide-disk-cache-thread-0] Origin url: http://static-test.maoercdn.com/app/homepage/banners/202202/07/58d57ea686d685c0a4bc33559db77de8164943.png?x-oss-process=image/resize,w_996/format,webp, free flow url: http://static-test.maoercdn.com/app/homepage/banners/202202/07/58d57ea686d685c0a4bc33559db77de8164943.png?x-oss-process=image/resize,w_996/format,webp
09-07 17:44:58.110 21364 21524 I CronetEngine: [thread_background]
09-07 17:44:58.110 21364 21524 I CronetEngine: url: https://data.uat.missevan.com/statistics/collect-events
09-07 17:44:58.110 21364 21524 I CronetEngine:  ip: 10.21.250.10
09-07 17:44:58.110 21364 21524 I CronetEngine:  hostResolverProvider:
09-07 17:44:58.110 21364 21524 I CronetEngine:  hostResolveIps: []
09-07 17:44:58.110 21364 21524 I CronetEngine:
09-07 17:44:58.313 21364 21674 D FreeFlowUtils: [glide-disk-cache-thread-0] Origin url: http://static-test.maoercdn.com/app/homepage/banners/202111/12/1b0d843b9a821c23c9f306d8f84330dd173426.jpg?x-oss-process=image/resize,w_996/format,webp, free flow url: http://static-test.maoercdn.com/app/homepage/banners/202111/12/1b0d843b9a821c23c9f306d8f84330dd173426.jpg?x-oss-process=image/resize,w_996/format,webp
09-07 17:44:58.277  1710  2176 I chatty  : uid=1000(system) AutobacklightTh identical 62 lines
09-07 17:44:58.593  2389  2389 D KeyguardUpdateMonitor: received broadcast android.intent.action.BATTERY_CHANGED
09-07 17:44:58.593  2389  2389 D KeyguardUpdateMonitor: handleBatteryUpdate
09-07 17:44:58.591  2713  3240 I chatty  : uid=1000(system) NightPearlSubTh expire 22 lines
09-07 17:44:58.596  2762  2762 D QtiCarrierConfigHelper: WARNING, no carrier configs on phone Id: 0
09-07 17:44:58.598   693   693 V LocSvc_HIDL_IzatSubscription: [batteryLevelUpdate][777] [HS] <<<<= [HC]
09-07 17:44:58.621 27410 32024 I ThreadPool.Execute: [:32024, ]:<<< com.tencent.matrix.c.c$3$$ExternalSyntheticLambda3@204037846 state=COMPLETE cost=6ms/3ms HotPool start@=1662543898612ms delay=0ms run@=1662543898614
09-07 17:45:00.008  1710  1710 I chatty  : uid=1000 system_server expire 10 lines
09-07 17:45:00.010  2389  2389 D KeyguardUpdateMonitor: handleTimeUpdate
09-07 17:45:00.089  4383  4437 E BitmapFactory: Unable to decode stream: java.io.FileNotFoundException: /oem/etc/theme/icons/dynamic_icon/com.android.BBKClock/res/drawable-sw360dp-xxhdpi/clock_hour.png (No such file or directory)
09-07 17:45:00.093  4383  4437 E BitmapFactory: Unable to decode stream: java.io.FileNotFoundException: /oem/etc/theme/icons/dynamic_icon/com.android.BBKClock/res/drawable-sw360dp-xxhdpi/clock_minute.png (No such file or directory)
09-07 17:45:00.101  4383  4437 E BitmapFactory: Unable to decode stream: java.io.FileNotFoundException: /oem/etc/theme/icons/dynamic_icon/com.android.BBKClock/res/drawable-sw360dp-xxhdpi/clock_dial.png (No such file or directory)
09-07 17:45:00.105  4383  4437 E BitmapFactory: Unable to decode stream: java.io.FileNotFoundException: /oem/etc/theme/icons/dynamic_icon/com.android.BBKClock/res/drawable-sw360dp-xxhdpi/clock_dial_center.png (No such file or directory)
09-07 17:45:01.497  1710  2176 I chatty  : uid=1000(system) AutobacklightTh identical 18 lines
09-07 17:45:01.695  1007  1186 E storaged: getDiskStats failed with result NOT_SUPPORTED and size 0
09-07 17:45:04.559  1710  2176 I chatty  : uid=1000(system) AutobacklightTh identical 17 lines
09-07 17:45:04.807  1710  3752 W ActivityManager: Unable to start service Intent { act=android.security.IKeyChainService cmp=com.android.keychain/.KeyChainService } U=999: not found
09-07 17:45:04.809  2389 22695 I SecurityController: java.lang.AssertionError: could not bind to KeyChainService
09-07 17:45:06.291 32400 32547 D MemoryCeilingMonitor: [handleMemoryCalculate]
09-07 17:45:06.292 32400 32547 D MemoryCeilingMonitor: [calculate] tot: 3185173, max: 268435456, free: 434229, heap: 2750944, per: 0.010248064994812012
09-07 17:45:07.223 21364 21674 D FreeFlowUtils: [glide-disk-cache-thread-0] Origin url: http://static-test.maoercdn.com/catalog/banners/202202/07/0a991023416aea52a438eb6113710d82165637.png?x-oss-process=image/resize,w_996/format,webp, free flow url: http://static-test.maoercdn.com/catalog/banners/202202/07/0a991023416aea52a438eb6113710d82165637.png?x-oss-process=image/resize,w_996/format,webp
09-07 17:45:08.145 21364 21524 I CronetEngine: [thread_background]
09-07 17:45:08.145 21364 21524 I CronetEngine: url: https://data.uat.missevan.com/statistics/collect-events
09-07 17:45:08.145 21364 21524 I CronetEngine:  ip: 10.21.250.10
09-07 17:45:08.145 21364 21524 I CronetEngine:  hostResolverProvider:
09-07 17:45:08.145 21364 21524 I CronetEngine:  hostResolveIps: []
09-07 17:45:08.145 21364 21524 I CronetEngine:
09-07 17:45:08.438   718   718 I chatty  : uid=1000(system) /system/bin/surfaceflinger expire 11 lines
09-07 17:45:08.742  1710  2176 I chatty  : uid=1000(system) AutobacklightTh identical 24 lines
09-07 17:45:08.925  2389  2389 D KeyguardUpdateMonitor: received broadcast android.intent.action.BATTERY_CHANGED
09-07 17:45:08.927  2389  2389 D KeyguardUpdateMonitor: handleBatteryUpdate
09-07 17:45:08.927  2762  2762 D QtiCarrierConfigHelper: WARNING, no carrier configs on phone Id: 0
09-07 17:45:08.927  1710  5524 I chatty  : uid=1000(system) IzatProvider expire 60 lines
09-07 17:45:08.928   693   693 V LocSvc_HIDL_IzatSubscription: [batteryLevelUpdate][777] [HS] <<<<= [HC]
09-07 17:45:08.932  2713  2713 I chatty  : uid=1000(system) com.vivo.daemonService expire 120 lines
09-07 17:45:08.943 27410 30528 I ThreadPool.Execute: [:30528, ]:<<< com.tencent.matrix.c.c$3$$ExternalSyntheticLambda3@137663074 state=COMPLETE cost=8ms/3ms HotPool start@=1662543908934ms delay=0ms run@=1662543908935
