09-07 17:37:15.915 32400 32562 I wlogin_sdk[P:12]: GetUserSigInfoTicket type:0x20 sig:64 key:0 create time:1662533874 expire time:1662541074
09-07 17:37:15.915 32400 32562 I wlogin_sdk[P:13]:
09-07 17:37:15.915 32400 32562 I wlogin_sdk[P:1]: GetLocalTicket appid 16 type 0x100000
09-07 17:37:15.915 32400 32562 I wlogin_sdk[P:151]: get_all_siginfo in mem
09-07 17:37:15.916 32400 32562 I wlogin_sdk[P:2]: WUserSigInfo::get_clone 1662533869
09-07 17:37:15.916 32400 32562 I wlogin_sdk[P:9]: skey in sigInfo My***NM
09-07 17:37:15.916 32400 32562 I wlogin_sdk[P:12]: GetUserSigInfoTicket type:0x100000 sig:44 key:0 create time:1662533874 expire time:1662620274
09-07 17:37:15.916 32400 32562 I wlogin_sdk[P:13]:
09-07 17:37:15.916 32400 32562 I wlogin_sdk[P:1]: GetLocalTicket appid 16 type 0x100000
09-07 17:37:15.917 32400 32562 I wlogin_sdk[P:151]: get_all_siginfo in mem
09-07 17:37:15.917 32400 32562 I wlogin_sdk[P:2]: WUserSigInfo::get_clone 1662533869
09-07 17:37:15.917 32400 32562 I wlogin_sdk[P:9]: skey in sigInfo My***NM
09-07 17:37:15.917 32400 32562 I wlogin_sdk[P:12]: GetUserSigInfoTicket type:0x100000 sig:44 key:0 create time:1662533874 expire time:1662620274
09-07 17:37:15.917 32400 32562 I wlogin_sdk[P:13]:
09-07 17:37:15.918 32400 32562 D MSF.C.TokenChecker: checkToken for *6826 now: 1662543435888 lastCheckWebviewKeyTime: 1662533874000 needChangeToken: false isInstant:true
09-07 17:37:15.918 32400 32562 I wlogin_sdk[P:1]: GetLocalTicket appid 16 type 0x40
09-07 17:37:15.919 32400 32562 I wlogin_sdk[P:151]: get_all_siginfo in mem
09-07 17:37:15.919 32400 32562 I wlogin_sdk[P:2]: WUserSigInfo::get_clone 1662534137
09-07 17:37:15.919 32400 32562 I wlogin_sdk[P:9]: skey in sigInfo MI***HH
09-07 17:37:15.919 32400 32562 I wlogin_sdk[P:12]: GetUserSigInfoTicket type:0x40 sig:72 key:16 create time:1662533736 expire time:1664952936
09-07 17:37:15.919 32400 32562 I wlogin_sdk[P:13]:
09-07 17:37:15.920 32400 32562 I wlogin_sdk[P:1]: GetLocalTicket appid 16 type 0x40000
09-07 17:37:15.920 32400 32562 I wlogin_sdk[P:151]: get_all_siginfo in mem
09-07 17:37:15.920 32400 32562 I wlogin_sdk[P:2]: WUserSigInfo::get_clone 1662534137
09-07 17:37:15.920 32400 32562 I wlogin_sdk[P:9]: skey in sigInfo MI***HH
09-07 17:37:15.920 32400 32562 I wlogin_sdk[P:12]: GetUserSigInfoTicket type:0x40000 sig:64 key:16 create time:1662500464 expire time:1664228464
09-07 17:37:15.921 32400 32562 I wlogin_sdk[P:13]:
09-07 17:37:15.922 32400 32562 I wlogin_sdk[P:1]: GetLocalTicket appid 16 type 0x1000
09-07 17:37:15.922 32400 32562 I wlogin_sdk[P:151]: get_all_siginfo in mem
09-07 17:37:15.922 32400 32562 I wlogin_sdk[P:2]: WUserSigInfo::get_clone 1662534137
09-07 17:37:15.922 32400 32562 I wlogin_sdk[P:9]: skey in sigInfo MI***HH
09-07 17:37:15.922 32400 32562 I wlogin_sdk[P:12]: GetUserSigInfoTicket type:0x1000 sig:10 key:0 create time:1662533736 expire time:1662620136
09-07 17:37:15.923 32400 32562 I wlogin_sdk[P:13]: skey:MI***HH
09-07 17:37:15.923 32400 32562 I wlogin_sdk[P:1]: GetLocalTicket appid 16 type 0x20
09-07 17:37:15.923 32400 32562 I wlogin_sdk[P:151]: get_all_siginfo in mem
09-07 17:37:15.923 32400 32562 I wlogin_sdk[P:2]: WUserSigInfo::get_clone 1662534137
09-07 17:37:15.923 32400 32562 I wlogin_sdk[P:9]: skey in sigInfo MI***HH
09-07 17:37:15.924 32400 32562 I wlogin_sdk[P:12]: GetUserSigInfoTicket type:0x20 sig:64 key:0 create time:1662533736 expire time:1662540936
09-07 17:37:15.924 32400 32562 I wlogin_sdk[P:13]:
09-07 17:37:15.924 32400 32562 I wlogin_sdk[P:1]: GetLocalTicket appid 16 type 0x100000
09-07 17:37:15.924 32400 32562 I wlogin_sdk[P:151]: get_all_siginfo in mem
09-07 17:37:15.924 32400 32562 I wlogin_sdk[P:2]: WUserSigInfo::get_clone 1662534137
09-07 17:37:15.924 32400 32562 I wlogin_sdk[P:9]: skey in sigInfo MI***HH
09-07 17:37:15.925 32400 32562 I wlogin_sdk[P:12]: GetUserSigInfoTicket type:0x100000 sig:44 key:0 create time:1662533736 expire time:1662620136
09-07 17:37:15.925 32400 32562 I wlogin_sdk[P:13]:
09-07 17:37:15.925 32400 32562 I wlogin_sdk[P:1]: GetLocalTicket appid 16 type 0x1000
09-07 17:37:15.925 32400 32562 I wlogin_sdk[P:151]: get_all_siginfo in mem
09-07 17:37:15.925 32400 32562 I wlogin_sdk[P:2]: WUserSigInfo::get_clone 1662534137
09-07 17:37:15.926 32400 32562 I wlogin_sdk[P:9]: skey in sigInfo MI***HH
09-07 17:37:15.926 32400 32562 I wlogin_sdk[P:12]: GetUserSigInfoTicket type:0x1000 sig:10 key:0 create time:1662533736 expire time:1662620136
09-07 17:37:15.926 32400 32562 I wlogin_sdk[P:13]: skey:MI***HH
09-07 17:37:15.926 32400 32562 I wlogin_sdk[P:1]: GetLocalTicket appid 16 type 0x20
09-07 17:37:15.926 32400 32562 I wlogin_sdk[P:151]: get_all_siginfo in mem
09-07 17:37:15.926 32400 32562 I wlogin_sdk[P:2]: WUserSigInfo::get_clone 1662534137
09-07 17:37:15.927 32400 32562 I wlogin_sdk[P:9]: skey in sigInfo MI***HH
09-07 17:37:15.927 32400 32562 I wlogin_sdk[P:12]: GetUserSigInfoTicket type:0x20 sig:64 key:0 create time:1662533736 expire time:1662540936
09-07 17:37:15.927 32400 32562 I wlogin_sdk[P:13]:
09-07 17:37:15.927 32400 32562 I wlogin_sdk[P:1]: GetLocalTicket appid 16 type 0x100000
09-07 17:37:15.927 32400 32562 I wlogin_sdk[P:151]: get_all_siginfo in mem
09-07 17:37:15.928 32400 32562 I wlogin_sdk[P:2]: WUserSigInfo::get_clone 1662534137
09-07 17:37:15.928 32400 32562 I wlogin_sdk[P:9]: skey in sigInfo MI***HH
09-07 17:37:15.928 32400 32562 I wlogin_sdk[P:12]: GetUserSigInfoTicket type:0x100000 sig:44 key:0 create time:1662533736 expire time:1662620136
09-07 17:37:15.928 32400 32562 I wlogin_sdk[P:13]:
09-07 17:37:15.928 32400 32562 I wlogin_sdk[P:1]: GetLocalTicket appid 16 type 0x100000
09-07 17:37:15.929 32400 32562 I wlogin_sdk[P:151]: get_all_siginfo in mem
09-07 17:37:15.929 32400 32562 I wlogin_sdk[P:2]: WUserSigInfo::get_clone 1662534137
09-07 17:37:15.929 32400 32562 I wlogin_sdk[P:9]: skey in sigInfo MI***HH
09-07 17:37:15.929 32400 32562 I wlogin_sdk[P:12]: GetUserSigInfoTicket type:0x100000 sig:44 key:0 create time:1662533736 expire time:1662620136
09-07 17:37:15.929 32400 32562 I wlogin_sdk[P:13]:
09-07 17:37:15.930 32400 32562 D MSF.C.TokenChecker: checkToken for *6236 now: 1662543435888 lastCheckWebviewKeyTime: 1662533736000 needChangeToken: false isInstant:true
09-07 17:37:15.940 32400 32547 D MemoryCeilingMonitor: [handleMemoryCalculate]
09-07 17:37:15.941 32400 32547 D MemoryCeilingMonitor: [calculate] tot: 3623928, max: 268435456, free: 0, heap: 3623928, per: 0.013500183820724487
09-07 17:37:15.953   718   718 I SurfaceFlinger: FPS: 12
09-07 17:37:15.996  8163  8410 I ThreadPool.Execute: [:8410, ]:<<< com.tencent.mm.booter.TrafficStatsReceiver$1@20494487 state=COMPLETE cost=140ms/3ms ColdPool start@=1662543435854ms delay=0ms run@=1662543435854
09-07 17:37:16.088 32400 32524 I PERF_LOG: GC.happened gc!!!!!!!!!, 149855 ms interval from last time
09-07 17:37:16.972   718   718 I SurfaceFlinger: FPS: 11
09-07 17:37:17.208  1710  2069 I chatty  : uid=1000(system) WifiStateMachin expire 11 lines
09-07 17:37:18.067   718   718 I SurfaceFlinger: FPS: 12
09-07 17:37:18.188  1710  1710 I chatty  : uid=1000 system_server expire 13 lines
09-07 17:37:19.086   718   718 I SurfaceFlinger: FPS: 11
09-07 17:37:20.091   718   718 I SurfaceFlinger: FPS: 10
09-07 17:37:21.099   718   718 I SurfaceFlinger: FPS: 10
09-07 17:37:22.071  1710  2176 I chatty  : uid=1000(system) AutobacklightTh identical 39 lines
09-07 17:37:22.102   718   718 I SurfaceFlinger: FPS: 11
09-07 17:37:22.290  2713  3240 I chatty  : uid=1000(system) NightPearlSubTh expire 38 lines
09-07 17:37:22.291  2389  2389 D KeyguardUpdateMonitor: received broadcast android.intent.action.BATTERY_CHANGED
09-07 17:37:22.293  2389  2389 D KeyguardUpdateMonitor: handleBatteryUpdate
09-07 17:37:22.303  2762  2762 D QtiCarrierConfigHelper: WARNING, no carrier configs on phone Id: 0
09-07 17:37:22.304   693   693 V LocSvc_HIDL_IzatSubscription: [batteryLevelUpdate][777] [HS] <<<<= [HC]
09-07 17:37:22.314  1710  2986 I chatty  : uid=1000(system) Binder:1710_D expire 11 lines
09-07 17:37:22.322  8163 11455 I ThreadPool.Execute: [:11455, ]:<<< com.tencent.matrix.c.c$3$$ExternalSyntheticLambda3@71714611 state=COMPLETE cost=15ms/3ms HotPool start@=1662543442306ms delay=0ms run@=1662543442306
09-07 17:37:22.322 27410 30956 I ThreadPool.Execute: [:30956, ]:<<< com.tencent.matrix.c.c$3$$ExternalSyntheticLambda3@152660647 state=COMPLETE cost=9ms/4ms HotPool start@=1662543442313ms delay=0ms run@=1662543442313
09-07 17:37:23.201   718   718 I SurfaceFlinger: FPS: 11
09-07 17:37:24.217   718   718 I SurfaceFlinger: FPS: 10
09-07 17:37:25.220   718   718 I SurfaceFlinger: FPS: 12
09-07 17:37:25.944 32400 32547 D MemoryCeilingMonitor: [handleMemoryCalculate]
09-07 17:37:25.945 32400 32547 D MemoryCeilingMonitor: [calculate] tot: 3260458, max: 268435456, free: 699034, heap: 2561424, per: 0.00954204797744751
09-07 17:37:26.233   718   718 I SurfaceFlinger: FPS: 11
09-07 17:37:27.265   718   718 I SurfaceFlinger: FPS: 10
09-07 17:37:28.352   718   718 I SurfaceFlinger: FPS: 11
09-07 17:37:29.365   718   718 I SurfaceFlinger: FPS: 10
09-07 17:37:30.463   718   718 I SurfaceFlinger: FPS: 12
09-07 17:37:31.480   718   718 I SurfaceFlinger: FPS: 10
09-07 17:37:32.308  1710  2069 I chatty  : uid=1000(system) WifiStateMachin expire 10 lines
09-07 17:37:32.375  1710  2176 I chatty  : uid=1000(system) AutobacklightTh identical 62 lines
09-07 17:37:32.571  2762  2762 D QtiCarrierConfigHelper: WARNING, no carrier configs on phone Id: 0
09-07 17:37:32.571  1710  5524 I chatty  : uid=1000(system) IzatProvider expire 54 lines
09-07 17:37:32.572   693   693 V LocSvc_HIDL_IzatSubscription: [batteryLevelUpdate][777] [HS] <<<<= [HC]
09-07 17:37:32.573  2389  2389 D KeyguardUpdateMonitor: received broadcast android.intent.action.BATTERY_CHANGED
09-07 17:37:32.574  2389  2389 D KeyguardUpdateMonitor: handleBatteryUpdate
09-07 17:37:32.576   718   718 I SurfaceFlinger: FPS: 11
09-07 17:37:32.582  8163 11673 I ThreadPool.Execute: [:11673, ]:<<< com.tencent.matrix.c.c$3$$ExternalSyntheticLambda3@254757793 state=COMPLETE cost=7ms/3ms HotPool start@=1662543452574ms delay=0ms run@=1662543452574
09-07 17:37:33.595   718   718 I SurfaceFlinger: FPS: 11
09-07 17:37:34.143  1710  2176 I chatty  : uid=1000(system) AutobacklightTh identical 9 lines
09-07 17:37:34.345  1710  2664 I chatty  : uid=1000(system) Binder:1710_8 expire 12 lines
09-07 17:37:34.346  1710  2664 W ActivityManager: Unable to start service Intent { act=android.security.IKeyChainService cmp=com.android.keychain/.KeyChainService } U=999: not found
09-07 17:37:34.346  2389 22039 I SecurityController: java.lang.AssertionError: could not bind to KeyChainService
09-07 17:37:34.598   718   718 I SurfaceFlinger: FPS: 10
09-07 17:37:34.707  1710  1839 D ActivityManager: StartMode packageName = com.tencent.mm ,callingPid = -1 ,alwaysRestrict = true ,startMode = 2 ,UidRec:UidRecord{bb14d78 u0a569 SVC  bg:+5d1h18m2s81ms idle change:idle procs:2 seq(0,0,0)}
09-07 17:37:35.111 21364 21449 I chatty  : uid=10612(cn.missevan) expire 6 lines
09-07 17:37:35.608   718   718 I SurfaceFlinger: FPS: 10
09-07 17:37:35.953 32400 32547 D MemoryCeilingMonitor: [handleMemoryCalculate]
09-07 17:37:35.953 32400 32547 D MemoryCeilingMonitor: [calculate] tot: 3260458, max: 268435456, free: 682506, heap: 2577952, per: 0.009603619575500488
09-07 17:37:36.614   718   718 I SurfaceFlinger: FPS: 11
09-07 17:37:37.626   718   718 I SurfaceFlinger: FPS: 10
09-07 17:37:38.723   718   718 I SurfaceFlinger: FPS: 11
09-07 17:37:38.972  1710  2176 I chatty  : uid=1000(system) AutobacklightTh identical 26 lines
09-07 17:37:39.260  2389  2389 D KeyguardUpdateMonitor: received broadcast android.intent.action.BATTERY_CHANGED
09-07 17:37:39.262  2762  2762 D QtiCarrierConfigHelper: WARNING, no carrier configs on phone Id: 0
09-07 17:37:39.262  2389  2389 D KeyguardUpdateMonitor: handleBatteryUpdate
09-07 17:37:39.265   693   693 V LocSvc_HIDL_IzatSubscription: [batteryLevelUpdate][777] [HS] <<<<= [HC]
09-07 17:37:39.286  2389  2389 D KeyguardUpdateMonitor: received broadcast android.intent.action.BATTERY_CHANGED
09-07 17:37:39.286  2389  2389 D KeyguardUpdateMonitor: handleBatteryUpdate
09-07 17:37:39.291  2762  2762 D QtiCarrierConfigHelper: WARNING, no carrier configs on phone Id: 0
09-07 17:37:39.292   693   693 V LocSvc_HIDL_IzatSubscription: [batteryLevelUpdate][777] [HS] <<<<= [HC]
09-07 17:37:39.306  2389  2389 D KeyguardUpdateMonitor: received broadcast android.intent.action.BATTERY_CHANGED
09-07 17:37:39.307  2389  2389 D KeyguardUpdateMonitor: handleBatteryUpdate
09-07 17:37:39.308  2762  2762 D QtiCarrierConfigHelper: WARNING, no carrier configs on phone Id: 0
09-07 17:37:39.310   693   693 V LocSvc_HIDL_IzatSubscription: [batteryLevelUpdate][777] [HS] <<<<= [HC]
09-07 17:37:39.317  8163 11909 I ThreadPool.Execute: [:11909, ]:<<< com.tencent.matrix.c.c$3$$ExternalSyntheticLambda3@47448285 state=COMPLETE cost=43ms/3ms HotPool start@=1662543459272ms delay=0ms run@=1662543459273
09-07 17:37:39.319  8163 11080 I ThreadPool.Execute: [:11080, ]:<<< com.tencent.matrix.c.c$3$$ExternalSyntheticLambda3@236244441 state=COMPLETE cost=18ms/1ms HotPool start@=1662543459299ms delay=0ms run@=1662543459299
09-07 17:37:39.319  8163 11239 I ThreadPool.Execute: [:11239, ]:<<< com.tencent.matrix.c.c$3$$ExternalSyntheticLambda3@150695573 state=COMPLETE cost=5ms/1ms HotPool start@=1662543459313ms delay=0ms run@=1662543459313
09-07 17:37:39.327  2762  2762 D QtiCarrierConfigHelper: WARNING, no carrier configs on phone Id: 0
09-07 17:37:39.329   693   693 V LocSvc_HIDL_IzatSubscription: [batteryLevelUpdate][777] [HS] <<<<= [HC]
09-07 17:37:39.334  8163 11765 I ThreadPool.Execute: [:11765, ]:<<< com.tencent.matrix.c.c$3$$ExternalSyntheticLambda3@141647633 state=COMPLETE cost=1ms/1ms HotPool start@=1662543459332ms delay=0ms run@=1662543459332
09-07 17:37:39.341  2389  2389 D KeyguardUpdateMonitor: received broadcast android.intent.action.BATTERY_CHANGED
09-07 17:37:39.342  2762  2762 D QtiCarrierConfigHelper: WARNING, no carrier configs on phone Id: 0
09-07 17:37:39.342  2389  2389 D KeyguardUpdateMonitor: received broadcast android.intent.action.BATTERY_CHANGED
09-07 17:37:39.342  2389  2389 D KeyguardUpdateMonitor: handleBatteryUpdate
09-07 17:37:39.343  2389  2389 D KeyguardUpdateMonitor: handleBatteryUpdate
09-07 17:37:39.345   693   693 V LocSvc_HIDL_IzatSubscription: [batteryLevelUpdate][777] [HS] <<<<= [HC]
09-07 17:37:39.347  8163 11346 I ThreadPool.Execute: [:11346, ]:<<< com.tencent.matrix.c.c$3$$ExternalSyntheticLambda3@209443661 state=COMPLETE cost=1ms/1ms HotPool start@=1662543459345ms delay=0ms run@=1662543459345
09-07 17:37:39.349  1710  1710 I chatty  : uid=1000 system_server expire 27 lines
09-07 17:37:39.350  2713  3240 I chatty  : uid=1000(system) NightPearlSubTh expire 57 lines
09-07 17:37:39.351  2389  2389 D KeyguardUpdateMonitor: received broadcast android.intent.action.BATTERY_CHANGED
09-07 17:37:39.351  2713  2713 I chatty  : uid=1000(system) com.vivo.daemonService expire 72 lines
09-07 17:37:39.351  2389  2389 D KeyguardUpdateMonitor: handleBatteryUpdate
09-07 17:37:39.353  2762  2762 D QtiCarrierConfigHelper: WARNING, no carrier configs on phone Id: 0
09-07 17:37:39.355  2389  2389 D KeyguardUpdateMonitor: received broadcast android.intent.action.BATTERY_CHANGED
09-07 17:37:39.355   693   693 V LocSvc_HIDL_IzatSubscription: [batteryLevelUpdate][777] [HS] <<<<= [HC]
09-07 17:37:39.355  2389  2389 D KeyguardUpdateMonitor: handleBatteryUpdate
09-07 17:37:39.356  2762  2762 D QtiCarrierConfigHelper: WARNING, no carrier configs on phone Id: 0
09-07 17:37:39.359   693   693 V LocSvc_HIDL_IzatSubscription: [batteryLevelUpdate][777] [HS] <<<<= [HC]
09-07 17:37:39.361  8163 11455 I ThreadPool.Execute: [:11455, ]:<<< com.tencent.matrix.c.c$3$$ExternalSyntheticLambda3@26617605 state=COMPLETE cost=0ms/1ms HotPool start@=1662543459360ms delay=0ms run@=1662543459360
09-07 17:37:39.361  8163 11834 I ThreadPool.Execute: [:11834, ]:<<< com.tencent.matrix.c.c$3$$ExternalSyntheticLambda3@122191950 state=COMPLETE cost=0ms/1ms HotPool start@=1662543459359ms delay=0ms run@=1662543459359
09-07 17:37:39.363  2389  2389 D KeyguardUpdateMonitor: received broadcast android.intent.action.BATTERY_CHANGED
09-07 17:37:39.364  2389  2389 D KeyguardUpdateMonitor: handleBatteryUpdate
09-07 17:37:39.365  2762  2762 D QtiCarrierConfigHelper: WARNING, no carrier configs on phone Id: 0
09-07 17:37:39.368  2389  2389 D KeyguardUpdateMonitor: received broadcast android.intent.action.BATTERY_CHANGED
09-07 17:37:39.369  2389  2389 D KeyguardUpdateMonitor: handleBatteryUpdate
09-07 17:37:39.369  8163 11673 I ThreadPool.Execute: [:11673, ]:<<< com.tencent.matrix.c.c$3$$ExternalSyntheticLambda3@248983169 state=COMPLETE cost=1ms/1ms HotPool start@=1662543459367ms delay=0ms run@=1662543459367
09-07 17:37:39.371  2762  2762 D QtiCarrierConfigHelper: WARNING, no carrier configs on phone Id: 0
09-07 17:37:39.374   693   693 V LocSvc_HIDL_IzatSubscription: [batteryLevelUpdate][777] [HS] <<<<= [HC]
09-07 17:37:39.375   693   693 V LocSvc_HIDL_IzatSubscription: [batteryLevelUpdate][777] [HS] <<<<= [HC]
09-07 17:37:39.378  8163 11909 I ThreadPool.Execute: [:11909, ]:<<< com.tencent.matrix.c.c$3$$ExternalSyntheticLambda3@130494909 state=COMPLETE cost=1ms/1ms HotPool start@=1662543459376ms delay=0ms run@=1662543459376
09-07 17:37:39.384  2762  2762 D QtiCarrierConfigHelper: WARNING, no carrier configs on phone Id: 0
09-07 17:37:39.384   693   693 V LocSvc_HIDL_IzatSubscription: [batteryLevelUpdate][777] [HS] <<<<= [HC]
09-07 17:37:39.388  2389  2389 D KeyguardUpdateMonitor: received broadcast android.intent.action.BATTERY_CHANGED
09-07 17:37:39.389  2389  2389 D KeyguardUpdateMonitor: handleBatteryUpdate
09-07 17:37:39.390  8163 11080 I ThreadPool.Execute: [:11080, ]:<<< com.tencent.matrix.c.c$3$$ExternalSyntheticLambda3@213527737 state=COMPLETE cost=1ms/1ms HotPool start@=1662543459388ms delay=0ms run@=1662543459388
09-07 17:37:39.396  2389  2389 D KeyguardUpdateMonitor: received broadcast android.intent.action.BATTERY_CHANGED
09-07 17:37:39.396  2389  2389 D KeyguardUpdateMonitor: handleBatteryUpdate
09-07 17:37:39.396  2762  2762 D QtiCarrierConfigHelper: WARNING, no carrier configs on phone Id: 0
09-07 17:37:39.397   693   693 V LocSvc_HIDL_IzatSubscription: [batteryLevelUpdate][777] [HS] <<<<= [HC]
09-07 17:37:39.401  8163 11239 I ThreadPool.Execute: [:11239, ]:<<< com.tencent.matrix.c.c$3$$ExternalSyntheticLambda3@88595317 state=COMPLETE cost=1ms/1ms HotPool start@=1662543459399ms delay=0ms run@=1662543459399
09-07 17:37:39.408  2389  2389 D KeyguardUpdateMonitor: received broadcast android.intent.action.BATTERY_CHANGED
09-07 17:37:39.409  2389  2389 D KeyguardUpdateMonitor: handleBatteryUpdate
09-07 17:37:39.412  2762  2762 D QtiCarrierConfigHelper: WARNING, no carrier configs on phone Id: 0
09-07 17:37:39.416   693   693 V LocSvc_HIDL_IzatSubscription: [batteryLevelUpdate][777] [HS] <<<<= [HC]
09-07 17:37:39.418  8163 11765 I ThreadPool.Execute: [:11765, ]:<<< com.tencent.matrix.c.c$3$$ExternalSyntheticLambda3@13089265 state=COMPLETE cost=1ms/0ms HotPool start@=1662543459417ms delay=0ms run@=1662543459417
09-07 17:37:39.421  2389  2389 D KeyguardUpdateMonitor: received broadcast android.intent.action.BATTERY_CHANGED
09-07 17:37:39.422  2389  2389 D KeyguardUpdateMonitor: handleBatteryUpdate
09-07 17:37:39.428  2762  2762 D QtiCarrierConfigHelper: WARNING, no carrier configs on phone Id: 0
09-07 17:37:39.429   693   693 V LocSvc_HIDL_IzatSubscription: [batteryLevelUpdate][777] [HS] <<<<= [HC]
09-07 17:37:39.432  8163 11346 I ThreadPool.Execute: [:11346, ]:<<< com.tencent.matrix.c.c$3$$ExternalSyntheticLambda3@42796077 state=COMPLETE cost=1ms/1ms HotPool start@=1662543459430ms delay=0ms run@=1662543459430
09-07 17:37:39.439  2389  2389 D KeyguardUpdateMonitor: received broadcast android.intent.action.BATTERY_CHANGED
09-07 17:37:39.439  2389  2389 D KeyguardUpdateMonitor: handleBatteryUpdate
09-07 17:37:39.443  2762  2762 D QtiCarrierConfigHelper: WARNING, no carrier configs on phone Id: 0
09-07 17:37:39.444   693   693 V LocSvc_HIDL_IzatSubscription: [batteryLevelUpdate][777] [HS] <<<<= [HC]
09-07 17:37:39.447  8163 11455 I ThreadPool.Execute: [:11455, ]:<<< com.tencent.matrix.c.c$3$$ExternalSyntheticLambda3@98743849 state=COMPLETE cost=1ms/1ms HotPool start@=1662543459445ms delay=0ms run@=1662543459445
09-07 17:37:39.653  2389  2389 D KeyguardUpdateMonitor: received broadcast android.intent.action.BATTERY_CHANGED
09-07 17:37:39.656  2762  2762 D QtiCarrierConfigHelper: WARNING, no carrier configs on phone Id: 0
09-07 17:37:39.656  2389  2389 D KeyguardUpdateMonitor: handleBatteryUpdate
09-07 17:37:39.657   693   693 V LocSvc_HIDL_IzatSubscription: [batteryLevelUpdate][777] [HS] <<<<= [HC]
09-07 17:37:39.662  8163 11834 I ThreadPool.Execute: [:11834, ]:<<< com.tencent.matrix.c.c$3$$ExternalSyntheticLambda3@96963557 state=COMPLETE cost=2ms/2ms HotPool start@=1662543459658ms delay=0ms run@=1662543459659
09-07 17:37:39.747   718   718 I SurfaceFlinger: FPS: 11
09-07 17:37:40.841   718   718 I SurfaceFlinger: FPS: 11
09-07 17:37:41.412   700   700 W atcmd@1.0-servi: type=1400 audit(0.0:63281): avc: denied { write } for name="property_service" dev="tmpfs" ino=5911 scontext=u:r:hal_atcmd_default:s0 tcontext=u:object_r:property_socket:s0 tclass=sock_file permissive=0
09-07 17:37:41.427   700 28321 D EM_LOG_AtcmdFramework: 614:dpdt_indication_cb(): msg_id = 68, ind_buf_len = 10
09-07 17:37:41.427   700 28321 D EM_LOG_AtcmdFramework: 642:dpdt_indication_cb(): tx_antenna_state_len: 2
09-07 17:37:41.427   700 28321 D EM_LOG_AtcmdFramework: 652:dpdt_indication_cb(): antenna_id_change up up up  old_time: 1662543461
09-07 17:37:41.428   700 28321 W libc    : Unable to set property "sys.dpdt.antenna_id" to "0": connection failed; errno=13 (Permission denied)
09-07 17:37:41.428   700 28321 D EM_LOG_AtcmdFramework: 670:dpdt_indication_cb(): antenna_id[0]: 0 ,,, new_state[0]: 1 ,,, old_state[0]: 0
09-07 17:37:41.428   700 28321 D EM_LOG_AtcmdFramework: 670:dpdt_indication_cb(): antenna_id[1]: 1 ,,, new_state[1]: 0 ,,, old_state[1]: 1
09-07 17:37:41.548  1710  2176 I chatty  : uid=1000(system) AutobacklightTh identical 11 lines
09-07 17:37:41.762  2389  2389 D KeyguardUpdateMonitor: received broadcast android.intent.action.BATTERY_CHANGED
09-07 17:37:41.762  2389  2389 D KeyguardUpdateMonitor: handleBatteryUpdate
09-07 17:37:41.763  2762  2762 D QtiCarrierConfigHelper: WARNING, no carrier configs on phone Id: 0
09-07 17:37:41.766   693   693 V LocSvc_HIDL_IzatSubscription: [batteryLevelUpdate][777] [HS] <<<<= [HC]
09-07 17:37:41.769  8163 11673 I ThreadPool.Execute: [:11673, ]:<<< com.tencent.matrix.c.c$3$$ExternalSyntheticLambda3@74056033 state=COMPLETE cost=1ms/1ms HotPool start@=1662543461766ms delay=0ms run@=1662543461767
09-07 17:37:41.854   718   718 I SurfaceFlinger: FPS: 10
09-07 17:37:42.517  1710  2176 I chatty  : uid=1000(system) AutobacklightTh identical 4 lines
09-07 17:37:42.834  2389  2389 D KeyguardUpdateMonitor: received broadcast android.intent.action.BATTERY_CHANGED
09-07 17:37:42.836  2389  2389 D KeyguardUpdateMonitor: handleBatteryUpdate
09-07 17:37:42.839  2762  2762 D QtiCarrierConfigHelper: WARNING, no carrier configs on phone Id: 0
09-07 17:37:42.844   693   693 V LocSvc_HIDL_IzatSubscription: [batteryLevelUpdate][777] [HS] <<<<= [HC]
09-07 17:37:42.849  8163 11909 I ThreadPool.Execute: [:11909, ]:<<< com.tencent.matrix.c.c$3$$ExternalSyntheticLambda3@241455773 state=COMPLETE cost=1ms/1ms HotPool start@=1662543462846ms delay=0ms run@=1662543462847
09-07 17:37:42.861   718   718 I SurfaceFlinger: FPS: 10
09-07 17:37:43.940   718   718 I SurfaceFlinger: FPS: 11
09-07 17:37:44.953   718   718 I SurfaceFlinger: FPS: 11
09-07 17:37:45.103 27410 27577 E memtrack: Couldn't load memtrack module
09-07 17:37:45.103 27410 27577 W android.os.Debug: failed to get memory consumption info: -1
09-07 17:37:45.135 21364 21364 I chatty  : uid=10612(cn.missevan) expire 21 lines
09-07 17:37:45.136 21892 21961 I chatty  : uid=10612 cn.missevan:channel expire 121 lines
09-07 17:37:45.713 32400 32562 D WorkerThreadMonitor: Kill MSF check result[ senderSize:0,sendInterval:29917,receiveInterval=29824,addCmdCount=174
09-07 17:37:45.959   718   718 I SurfaceFlinger: FPS: 10
09-07 17:37:45.961 32400 32547 D MemoryCeilingMonitor: [handleMemoryCalculate]
09-07 17:37:45.962 32400 32547 D MemoryCeilingMonitor: [calculate] tot: 3260458, max: 268435456, free: 616826, heap: 2643632, per: 0.009848296642303467
09-07 17:37:47.055   718   718 I SurfaceFlinger: FPS: 12
09-07 17:37:47.412  1710  2069 I chatty  : uid=1000(system) WifiStateMachin expire 11 lines
09-07 17:37:48.068   718   718 I SurfaceFlinger: FPS: 11
09-07 17:37:49.075   718   718 I SurfaceFlinger: FPS: 11
09-07 17:37:50.091   718   718 I SurfaceFlinger: FPS: 10
09-07 17:37:51.099   718   718 I SurfaceFlinger: FPS: 11
09-07 17:37:51.444 21629 21629 I chatty  : uid=10612 cn.missevan:player expire 2 lines
09-07 17:37:52.102   718   718 I SurfaceFlinger: FPS: 12
09-07 17:37:52.979  1710  2176 I chatty  : uid=1000(system) AutobacklightTh identical 62 lines
09-07 17:37:53.175  2389  2389 D KeyguardUpdateMonitor: received broadcast android.intent.action.BATTERY_CHANGED
09-07 17:37:53.176  2389  2389 D KeyguardUpdateMonitor: handleBatteryUpdate
09-07 17:37:53.179  2713  3240 I chatty  : uid=1000(system) NightPearlSubTh expire 10 lines
09-07 17:37:53.179  2713  2713 I chatty  : uid=1000(system) com.vivo.daemonService expire 12 lines
09-07 17:37:53.182  1710  1710 I chatty  : uid=1000 system_server expire 18 lines
09-07 17:37:53.184  1710  5524 I chatty  : uid=1000(system) IzatProvider expire 12 lines
09-07 17:37:53.187  2762  2762 D QtiCarrierConfigHelper: WARNING, no carrier configs on phone Id: 0
09-07 17:37:53.187   693   693 V LocSvc_HIDL_IzatSubscription: [batteryLevelUpdate][777] [HS] <<<<= [HC]
09-07 17:37:53.192  1710  5742 I chatty  : uid=1000(system) Binder:1710_1B expire 10 lines
09-07 17:37:53.198   718   718 I SurfaceFlinger: FPS: 11
09-07 17:37:53.208  8163 11080 I ThreadPool.Execute: [:11080, ]:<<< com.tencent.matrix.c.c$3$$ExternalSyntheticLambda3@95976345 state=COMPLETE cost=16ms/4ms HotPool start@=1662543473190ms delay=0ms run@=1662543473191
09-07 17:37:53.926 21740 21740 I chatty  : uid=10612 cn.missevan:stats expire 2 lines
09-07 17:37:54.214   718   718 I SurfaceFlinger: FPS: 10
09-07 17:37:55.220   718   718 I SurfaceFlinger: FPS: 11
09-07 17:37:55.582  2935  2935 W rms_memory_cana: type=1400 audit(0.0:63282): avc: denied { read } for name="proc" dev="debugfs" ino=12599 scontext=u:r:system_app:s0 tcontext=u:object_r:kgsl_debugfs:s0 tclass=dir permissive=0
09-07 17:37:55.972 32400 32547 D MemoryCeilingMonitor: [handleMemoryCalculate]
09-07 17:37:55.972 32400 32547 D MemoryCeilingMonitor: [calculate] tot: 3260458, max: 268435456, free: 583834, heap: 2676624, per: 0.009971201419830322
09-07 17:37:56.316   718   718 I SurfaceFlinger: FPS: 11
09-07 17:37:57.335   718   718 I SurfaceFlinger: FPS: 10
09-07 17:37:58.434   718   718 I SurfaceFlinger: FPS: 12
09-07 17:37:59.446   718   718 I SurfaceFlinger: FPS: 10
09-07 17:38:00.001  1710  2037 I chatty  : uid=1000(system) AlarmManager expire 11 lines
09-07 17:38:00.005  2389  2389 D KeyguardUpdateMonitor: handleTimeUpdate
09-07 17:38:00.043  4383  4437 E BitmapFactory: Unable to decode stream: java.io.FileNotFoundException: /oem/etc/theme/icons/dynamic_icon/com.android.BBKClock/res/drawable-sw360dp-xxhdpi/clock_hour.png (No such file or directory)
09-07 17:38:00.045  4383  4437 E BitmapFactory: Unable to decode stream: java.io.FileNotFoundException: /oem/etc/theme/icons/dynamic_icon/com.android.BBKClock/res/drawable-sw360dp-xxhdpi/clock_minute.png (No such file or directory)
09-07 17:38:00.046  4383  4437 E BitmapFactory: Unable to decode stream: java.io.FileNotFoundException: /oem/etc/theme/icons/dynamic_icon/com.android.BBKClock/res/drawable-sw360dp-xxhdpi/clock_dial.png (No such file or directory)
09-07 17:38:00.050  4383  4437 E BitmapFactory: Unable to decode stream: java.io.FileNotFoundException: /oem/etc/theme/icons/dynamic_icon/com.android.BBKClock/res/drawable-sw360dp-xxhdpi/clock_dial_center.png (No such file or directory)
09-07 17:38:00.449   718   718 I SurfaceFlinger: FPS: 11
09-07 17:38:01.355  1710  2176 I chatty  : uid=1000(system) AutobacklightTh identical 50 lines
09-07 17:38:01.545   718   718 I SurfaceFlinger: FPS: 11
09-07 17:38:01.577  1710  2342 E SyncManager: Bind attempt failed - target: ComponentInfo{com.tencent.android.qqdownloader/com.live.sync.YYBLiveSyncService}
09-07 17:38:01.685  1007  1186 E storaged: getDiskStats failed with result NOT_SUPPORTED and size 0
09-07 17:38:02.560   718   718 I SurfaceFlinger: FPS: 10
09-07 17:38:03.124  1710  2176 I chatty  : uid=1000(system) AutobacklightTh identical 8 lines
09-07 17:38:03.435  2389  2389 D KeyguardUpdateMonitor: received broadcast android.intent.action.BATTERY_CHANGED
09-07 17:38:03.437  2389  2389 D KeyguardUpdateMonitor: handleBatteryUpdate
09-07 17:38:03.438  2762  2762 D QtiCarrierConfigHelper: WARNING, no carrier configs on phone Id: 0
09-07 17:38:03.441   693   693 V LocSvc_HIDL_IzatSubscription: [batteryLevelUpdate][777] [HS] <<<<= [HC]
09-07 17:38:03.459  1710  1710 I chatty  : uid=1000 system_server expire 10 lines
09-07 17:38:03.470  8163 11239 I ThreadPool.Execute: [:11239, ]:<<< com.tencent.matrix.c.c$3$$ExternalSyntheticLambda3@9189461 state=COMPLETE cost=23ms/3ms HotPool start@=1662543483445ms delay=0ms run@=1662543483446
09-07 17:38:03.583   718   718 I SurfaceFlinger: FPS: 11
09-07 17:38:04.090  1710  2176 I chatty  : uid=1000(system) AutobacklightTh identical 4 lines
09-07 17:38:04.392  1710  2976 W ActivityManager: Unable to start service Intent { act=android.security.IKeyChainService cmp=com.android.keychain/.KeyChainService } U=999: not found
09-07 17:38:04.393  2389 22058 I SecurityController: java.lang.AssertionError: could not bind to KeyChainService
09-07 17:38:04.678   718   718 I SurfaceFlinger: FPS: 11
09-07 17:38:05.521  1710  2069 I chatty  : uid=1000(system) WifiStateMachin expire 14 lines
09-07 17:38:05.692   718   718 I SurfaceFlinger: FPS: 10
09-07 17:38:05.982 32400 32547 D MemoryCeilingMonitor: [handleMemoryCalculate]
09-07 17:38:05.983 32400 32547 D MemoryCeilingMonitor: [calculate] tot: 3260458, max: 268435456, free: 567306, heap: 2693152, per: 0.0100327730178833
09-07 17:38:06.693   718   718 I SurfaceFlinger: FPS: 12
09-07 17:38:07.714   718   718 I SurfaceFlinger: FPS: 10
09-07 17:38:08.806   718   718 I SurfaceFlinger: FPS: 11
09-07 17:38:10.927   718   718 I SurfaceFlinger: FPS: 11
09-07 17:38:11.937   718   718 I SurfaceFlinger: FPS: 10
09-07 17:38:12.941   718   718 I SurfaceFlinger: FPS: 11
09-07 17:38:13.590  1710  2176 I chatty  : uid=1000(system) AutobacklightTh identical 57 lines
09-07 17:38:13.772  2713  3240 I chatty  : uid=1000(system) NightPearlSubTh expire 10 lines
09-07 17:38:13.776  2389  2389 D KeyguardUpdateMonitor: received broadcast android.intent.action.BATTERY_CHANGED
09-07 17:38:13.777  2389  2389 D KeyguardUpdateMonitor: handleBatteryUpdate
09-07 17:38:13.778  2713  2713 I chatty  : uid=1000(system) com.vivo.daemonService expire 10 lines
09-07 17:38:13.783  2762  2762 D QtiCarrierConfigHelper: WARNING, no carrier configs on phone Id: 0
09-07 17:38:13.785   693   693 V LocSvc_HIDL_IzatSubscription: [batteryLevelUpdate][777] [HS] <<<<= [HC]
09-07 17:38:13.793  1710  1767 I chatty  : uid=1000(system) Binder:1710_1 expire 10 lines
09-07 17:38:13.803  8163 11765 I ThreadPool.Execute: [:11765, ]:<<< com.tencent.matrix.c.c$3$$ExternalSyntheticLambda3@128255185 state=COMPLETE cost=13ms/4ms HotPool start@=1662543493789ms delay=0ms run@=1662543493789
09-07 17:38:13.944   718   718 I SurfaceFlinger: FPS: 10
09-07 17:38:14.953   718   718 I SurfaceFlinger: FPS: 10
09-07 17:38:15.992 32400 32547 D MemoryCeilingMonitor: [handleMemoryCalculate]
09-07 17:38:15.993 32400 32547 D MemoryCeilingMonitor: [calculate] tot: 3260458, max: 268435456, free: 534394, heap: 2726064, per: 0.01015537977218628
09-07 17:38:16.060   718   718 I SurfaceFlinger: FPS: 11
09-07 17:38:17.075   718   718 I SurfaceFlinger: FPS: 10
09-07 17:38:18.167   718   718 I SurfaceFlinger: FPS: 11
09-07 17:38:19.122  2713  3513 I chatty  : uid=1000(system) Timer-0 expire 10 lines
09-07 17:38:19.170   718   718 I SurfaceFlinger: FPS: 12
09-07 17:38:20.272   718   718 I SurfaceFlinger: FPS: 12
09-07 17:38:21.283   718   718 I SurfaceFlinger: FPS: 10
09-07 17:38:21.978 32400 32524 I PERF_LOG: GC.happened gc!!!!!!!!!, 65890 ms interval from last time
09-07 17:38:22.286   718   718 I SurfaceFlinger: FPS: 11
09-07 17:38:23.300   718   718 I SurfaceFlinger: FPS: 10
09-07 17:38:23.731  1710  2176 I chatty  : uid=1000(system) AutobacklightTh identical 61 lines
09-07 17:38:24.029  2389  2389 D KeyguardUpdateMonitor: received broadcast android.intent.action.BATTERY_CHANGED
09-07 17:38:24.029  2389  2389 D KeyguardUpdateMonitor: handleBatteryUpdate
09-07 17:38:24.030  2762  2762 D QtiCarrierConfigHelper: WARNING, no carrier configs on phone Id: 0
09-07 17:38:24.032  2713  2713 I chatty  : uid=1000(system) com.vivo.daemonService expire 122 lines
09-07 17:38:24.032   693   693 V LocSvc_HIDL_IzatSubscription: [batteryLevelUpdate][777] [HS] <<<<= [HC]
09-07 17:38:24.039  8163 11346 I ThreadPool.Execute: [:11346, ]:<<< com.tencent.matrix.c.c$3$$ExternalSyntheticLambda3@10755341 state=COMPLETE cost=5ms/3ms HotPool start@=1662543504032ms delay=0ms run@=1662543504033
09-07 17:38:24.351   718   718 I SurfaceFlinger: FPS: 11
09-07 17:38:25.417   718   718 I SurfaceFlinger: FPS: 11
09-07 17:38:25.994 32400 32547 D MemoryCeilingMonitor: [handleMemoryCalculate]
09-07 17:38:25.995 32400 32547 D MemoryCeilingMonitor: [calculate] tot: 3166080, max: 268435456, free: 725920, heap: 2440160, per: 0.009090304374694824
09-07 17:38:26.523   718   718 I SurfaceFlinger: FPS: 11
09-07 17:38:26.672  1710  2069 I chatty  : uid=1000(system) WifiStateMachin expire 12 lines
09-07 17:38:27.532   718   718 I SurfaceFlinger: FPS: 11
09-07 17:38:28.631   718   718 I SurfaceFlinger: FPS: 11
09-07 17:38:29.645   718   718 I SurfaceFlinger: FPS: 10
09-07 17:38:30.647   718   718 I SurfaceFlinger: FPS: 11
09-07 17:38:31.460  1710  2176 I chatty  : uid=1000(system) AutobacklightTh identical 46 lines
09-07 17:38:31.664   718   718 I SurfaceFlinger: FPS: 11
09-07 17:38:31.722  2713  3240 I chatty  : uid=1000(system) NightPearlSubTh expire 100 lines
09-07 17:38:31.724  2389  2389 D KeyguardUpdateMonitor: received broadcast android.intent.action.BATTERY_CHANGED
09-07 17:38:31.726  2389  2389 D KeyguardUpdateMonitor: handleBatteryUpdate
09-07 17:38:31.732  2935  2935 W rms_memory_cana: type=1400 audit(0.0:63283): avc: denied { read } for name="mem_quick" dev="debugfs" ino=6375272 scontext=u:r:system_app:s0 tcontext=u:object_r:kgsl_debugfs:s0 tclass=file permissive=0
09-07 17:38:31.732  2762  2762 D QtiCarrierConfigHelper: WARNING, no carrier configs on phone Id: 0
09-07 17:38:31.732  1710  5524 I chatty  : uid=1000(system) IzatProvider expire 60 lines
09-07 17:38:31.736   693   693 V LocSvc_HIDL_IzatSubscription: [batteryLevelUpdate][777] [HS] <<<<= [HC]
09-07 17:38:31.740  1710  2976 I chatty  : uid=1000(system) Binder:1710_B expire 10 lines
09-07 17:38:31.741  1710  5183 I chatty  : uid=1000(system) Binder:1710_12 expire 10 lines
09-07 17:38:31.751  8163 11455 I ThreadPool.Execute: [:11455, ]:<<< com.tencent.matrix.c.c$3$$ExternalSyntheticLambda3@163081 state=COMPLETE cost=11ms/3ms HotPool start@=1662543511738ms delay=0ms run@=1662543511739
09-07 17:38:31.756  2389  2389 D KeyguardUpdateMonitor: received broadcast android.intent.action.BATTERY_CHANGED
09-07 17:38:31.756  2389  2389 D KeyguardUpdateMonitor: handleBatteryUpdate
09-07 17:38:31.766  2762  2762 D QtiCarrierConfigHelper: WARNING, no carrier configs on phone Id: 0
09-07 17:38:31.768   693   693 V LocSvc_HIDL_IzatSubscription: [batteryLevelUpdate][777] [HS] <<<<= [HC]
09-07 17:38:31.769  1710  2248 I chatty  : uid=1000(system) HwBinder:1710_5 identical 1 line
09-07 17:38:31.772  8163 11834 I ThreadPool.Execute: [:11834, ]:<<< com.tencent.matrix.c.c$3$$ExternalSyntheticLambda3@248307909 state=COMPLETE cost=1ms/2ms HotPool start@=1662543511769ms delay=0ms run@=1662543511770
09-07 17:38:31.781  2389  2389 D KeyguardUpdateMonitor: received broadcast android.intent.action.BATTERY_CHANGED
09-07 17:38:31.781  2389  2389 D KeyguardUpdateMonitor: handleBatteryUpdate
09-07 17:38:31.785  2762  2762 D QtiCarrierConfigHelper: WARNING, no carrier configs on phone Id: 0
09-07 17:38:31.788   693   693 V LocSvc_HIDL_IzatSubscription: [batteryLevelUpdate][777] [HS] <<<<= [HC]
09-07 17:38:31.790  1710  1710 I chatty  : uid=1000 system_server expire 35 lines
09-07 17:38:31.792  8163 11673 I ThreadPool.Execute: [:11673, ]:<<< com.tencent.matrix.c.c$3$$ExternalSyntheticLambda3@2081857 state=COMPLETE cost=1ms/1ms HotPool start@=1662543511788ms delay=0ms run@=1662543511788
09-07 17:38:31.794  2389  2389 D KeyguardUpdateMonitor: received broadcast android.intent.action.BATTERY_CHANGED
09-07 17:38:31.794  2389  2389 D KeyguardUpdateMonitor: handleBatteryUpdate
09-07 17:38:31.797  2762  2762 D QtiCarrierConfigHelper: WARNING, no carrier configs on phone Id: 0
09-07 17:38:31.800   693   693 V LocSvc_HIDL_IzatSubscription: [batteryLevelUpdate][777] [HS] <<<<= [HC]
09-07 17:38:31.803  8163 11909 I ThreadPool.Execute: [:11909, ]:<<< com.tencent.matrix.c.c$3$$ExternalSyntheticLambda3@40067965 state=COMPLETE cost=1ms/1ms HotPool start@=1662543511801ms delay=0ms run@=1662543511801
09-07 17:38:31.805  2389  2389 D KeyguardUpdateMonitor: received broadcast android.intent.action.BATTERY_CHANGED
09-07 17:38:31.806  2389  2389 D KeyguardUpdateMonitor: handleBatteryUpdate
09-07 17:38:31.809  2762  2762 D QtiCarrierConfigHelper: WARNING, no carrier configs on phone Id: 0
09-07 17:38:31.811   693   693 V LocSvc_HIDL_IzatSubscription: [batteryLevelUpdate][777] [HS] <<<<= [HC]
09-07 17:38:31.815  8163 11080 I ThreadPool.Execute: [:11080, ]:<<< com.tencent.matrix.c.c$3$$ExternalSyntheticLambda3@138918521 state=COMPLETE cost=0ms/1ms HotPool start@=1662543511813ms delay=0ms run@=1662543511813
09-07 17:38:31.819  2389  2389 D KeyguardUpdateMonitor: received broadcast android.intent.action.BATTERY_CHANGED
09-07 17:38:31.820  2389  2389 D KeyguardUpdateMonitor: handleBatteryUpdate
09-07 17:38:31.825  2762  2762 D QtiCarrierConfigHelper: WARNING, no carrier configs on phone Id: 0
09-07 17:38:31.827   693   693 V LocSvc_HIDL_IzatSubscription: [batteryLevelUpdate][777] [HS] <<<<= [HC]
09-07 17:38:31.832  2389  2389 D KeyguardUpdateMonitor: received broadcast android.intent.action.BATTERY_CHANGED
09-07 17:38:31.833  2389  2389 D KeyguardUpdateMonitor: handleBatteryUpdate
09-07 17:38:31.833  8163 11239 I ThreadPool.Execute: [:11239, ]:<<< com.tencent.matrix.c.c$3$$ExternalSyntheticLambda3@92308789 state=COMPLETE cost=3ms/1ms HotPool start@=1662543511828ms delay=0ms run@=1662543511829
09-07 17:38:31.834  2762  2762 D QtiCarrierConfigHelper: WARNING, no carrier configs on phone Id: 0
09-07 17:38:31.835   693   693 V LocSvc_HIDL_IzatSubscription: [batteryLevelUpdate][777] [HS] <<<<= [HC]
09-07 17:38:31.839  8163 11765 I ThreadPool.Execute: [:11765, ]:<<< com.tencent.matrix.c.c$3$$ExternalSyntheticLambda3@188825521 state=COMPLETE cost=1ms/1ms HotPool start@=1662543511837ms delay=0ms run@=1662543511837
09-07 17:38:31.841  2389  2389 D KeyguardUpdateMonitor: received broadcast android.intent.action.BATTERY_CHANGED
09-07 17:38:31.842  2389  2389 D KeyguardUpdateMonitor: handleBatteryUpdate
09-07 17:38:31.846  2762  2762 D QtiCarrierConfigHelper: WARNING, no carrier configs on phone Id: 0
09-07 17:38:31.847   693   693 V LocSvc_HIDL_IzatSubscription: [batteryLevelUpdate][777] [HS] <<<<= [HC]
09-07 17:38:31.853  8163 11346 I ThreadPool.Execute: [:11346, ]:<<< com.tencent.matrix.c.c$3$$ExternalSyntheticLambda3@7939565 state=COMPLETE cost=1ms/1ms HotPool start@=1662543511849ms delay=0ms run@=1662543511849
09-07 17:38:31.854  2389  2389 D KeyguardUpdateMonitor: received broadcast android.intent.action.BATTERY_CHANGED
09-07 17:38:31.855  2389  2389 D KeyguardUpdateMonitor: handleBatteryUpdate
09-07 17:38:31.855  2762  2762 D QtiCarrierConfigHelper: WARNING, no carrier configs on phone Id: 0
09-07 17:38:31.857   693   693 V LocSvc_HIDL_IzatSubscription: [batteryLevelUpdate][777] [HS] <<<<= [HC]
09-07 17:38:31.858  2389  2389 D KeyguardUpdateMonitor: received broadcast android.intent.action.BATTERY_CHANGED
09-07 17:38:31.858  2389  2389 D KeyguardUpdateMonitor: handleBatteryUpdate
09-07 17:38:31.860   693   693 V LocSvc_HIDL_IzatSubscription: [batteryLevelUpdate][777] [HS] <<<<= [HC]
09-07 17:38:31.862  2762  2762 D QtiCarrierConfigHelper: WARNING, no carrier configs on phone Id: 0
09-07 17:38:31.865  8163 11455 I ThreadPool.Execute: [:11455, ]:<<< com.tencent.matrix.c.c$3$$ExternalSyntheticLambda3@30356457 state=COMPLETE cost=1ms/1ms HotPool start@=1662543511863ms delay=0ms run@=1662543511863
09-07 17:38:31.865  8163 11834 I ThreadPool.Execute: [:11834, ]:<<< com.tencent.matrix.c.c$3$$ExternalSyntheticLambda3@90056101 state=COMPLETE cost=1ms/1ms HotPool start@=1662543511864ms delay=0ms run@=1662543511864
09-07 17:38:31.870  2389  2389 D KeyguardUpdateMonitor: received broadcast android.intent.action.BATTERY_CHANGED
09-07 17:38:31.871  2389  2389 D KeyguardUpdateMonitor: handleBatteryUpdate
09-07 17:38:31.872  2762  2762 D QtiCarrierConfigHelper: WARNING, no carrier configs on phone Id: 0
09-07 17:38:31.876   693   693 V LocSvc_HIDL_IzatSubscription: [batteryLevelUpdate][777] [HS] <<<<= [HC]
09-07 17:38:31.881  2389  2389 D KeyguardUpdateMonitor: received broadcast android.intent.action.BATTERY_CHANGED
09-07 17:38:31.882  2762  2762 D QtiCarrierConfigHelper: WARNING, no carrier configs on phone Id: 0
09-07 17:38:31.883  2389  2389 D KeyguardUpdateMonitor: handleBatteryUpdate
09-07 17:38:31.884   693   693 V LocSvc_HIDL_IzatSubscription: [batteryLevelUpdate][777] [HS] <<<<= [HC]
09-07 17:38:31.887  8163 11909 I ThreadPool.Execute: [:11909, ]:<<< com.tencent.matrix.c.c$3$$ExternalSyntheticLambda3@192701533 state=COMPLETE cost=1ms/1ms HotPool start@=1662543511885ms delay=0ms run@=1662543511885
09-07 17:38:31.891  2389  2389 D KeyguardUpdateMonitor: received broadcast android.intent.action.BATTERY_CHANGED
09-07 17:38:31.892  2389  2389 D KeyguardUpdateMonitor: handleBatteryUpdate
09-07 17:38:31.893  2762  2762 D QtiCarrierConfigHelper: WARNING, no carrier configs on phone Id: 0
09-07 17:38:31.894   693   693 V LocSvc_HIDL_IzatSubscription: [batteryLevelUpdate][777] [HS] <<<<= [HC]
09-07 17:38:31.900  8163 11080 I ThreadPool.Execute: [:11080, ]:<<< com.tencent.matrix.c.c$3$$ExternalSyntheticLambda3@262138201 state=COMPLETE cost=1ms/1ms HotPool start@=1662543511898ms delay=0ms run@=1662543511898
09-07 17:38:31.902  2389  2389 D KeyguardUpdateMonitor: received broadcast android.intent.action.BATTERY_CHANGED
09-07 17:38:31.904  2389  2389 D KeyguardUpdateMonitor: handleBatteryUpdate
09-07 17:38:31.909  2762  2762 D QtiCarrierConfigHelper: WARNING, no carrier configs on phone Id: 0
09-07 17:38:31.910   693   693 V LocSvc_HIDL_IzatSubscription: [batteryLevelUpdate][777] [HS] <<<<= [HC]
09-07 17:38:31.915  8163 11239 I ThreadPool.Execute: [:11239, ]:<<< com.tencent.matrix.c.c$3$$ExternalSyntheticLambda3@182239765 state=COMPLETE cost=1ms/1ms HotPool start@=1662543511912ms delay=0ms run@=1662543511913
09-07 17:38:31.920  2389  2389 D KeyguardUpdateMonitor: received broadcast android.intent.action.BATTERY_CHANGED
09-07 17:38:31.921  2389  2389 D KeyguardUpdateMonitor: handleBatteryUpdate
09-07 17:38:31.922  2762  2762 D QtiCarrierConfigHelper: WARNING, no carrier configs on phone Id: 0
09-07 17:38:31.924   693   693 V LocSvc_HIDL_IzatSubscription: [batteryLevelUpdate][777] [HS] <<<<= [HC]
09-07 17:38:31.931  8163 11765 I ThreadPool.Execute: [:11765, ]:<<< com.tencent.matrix.c.c$3$$ExternalSyntheticLambda3@97806993 state=COMPLETE cost=1ms/1ms HotPool start@=1662543511925ms delay=0ms run@=1662543511929
09-07 17:38:31.932  2389  2389 D KeyguardUpdateMonitor: received broadcast android.intent.action.BATTERY_CHANGED
09-07 17:38:31.933  2389  2389 D KeyguardUpdateMonitor: handleBatteryUpdate
09-07 17:38:31.935  2762  2762 D QtiCarrierConfigHelper: WARNING, no carrier configs on phone Id: 0
09-07 17:38:31.935   693   693 V LocSvc_HIDL_IzatSubscription: [batteryLevelUpdate][777] [HS] <<<<= [HC]
09-07 17:38:31.943  8163 11346 I ThreadPool.Execute: [:11346, ]:<<< com.tencent.matrix.c.c$3$$ExternalSyntheticLambda3@130293453 state=COMPLETE cost=1ms/1ms HotPool start@=1662543511940ms delay=0ms run@=1662543511941
09-07 17:38:31.951  2389  2389 D KeyguardUpdateMonitor: received broadcast android.intent.action.BATTERY_CHANGED
09-07 17:38:31.952  2389  2389 D KeyguardUpdateMonitor: handleBatteryUpdate
09-07 17:38:31.955  2762  2762 D QtiCarrierConfigHelper: WARNING, no carrier configs on phone Id: 0
09-07 17:38:31.957   693   693 V LocSvc_HIDL_IzatSubscription: [batteryLevelUpdate][777] [HS] <<<<= [HC]
09-07 17:38:31.961   693   693 V LocSvc_HIDL_IzatSubscription: [batteryLevelUpdate][777] [HS] <<<<= [HC]
09-07 17:38:31.962  2762  2762 D QtiCarrierConfigHelper: WARNING, no carrier configs on phone Id: 0
09-07 17:38:31.964  2389  2389 D KeyguardUpdateMonitor: received broadcast android.intent.action.BATTERY_CHANGED
09-07 17:38:31.965  2389  2389 D KeyguardUpdateMonitor: handleBatteryUpdate
09-07 17:38:31.967  8163 11455 I ThreadPool.Execute: [:11455, ]:<<< com.tencent.matrix.c.c$3$$ExternalSyntheticLambda3@75553481 state=COMPLETE cost=1ms/1ms HotPool start@=1662543511965ms delay=0ms run@=1662543511965
09-07 17:38:32.181  2389  2389 D KeyguardUpdateMonitor: received broadcast android.intent.action.BATTERY_CHANGED
09-07 17:38:32.182  2389  2389 D KeyguardUpdateMonitor: handleBatteryUpdate
09-07 17:38:32.187  2762  2762 D QtiCarrierConfigHelper: WARNING, no carrier configs on phone Id: 0
09-07 17:38:32.191   693   693 V LocSvc_HIDL_IzatSubscription: [batteryLevelUpdate][777] [HS] <<<<= [HC]
09-07 17:38:32.199  8163 11673 I ThreadPool.Execute: [:11673, ]:<<< com.tencent.matrix.c.c$3$$ExternalSyntheticLambda3@114563585 state=COMPLETE cost=1ms/1ms HotPool start@=1662543512195ms delay=0ms run@=1662543512196
09-07 17:38:32.760   718   718 I SurfaceFlinger: FPS: 11
09-07 17:38:33.784   718   718 I SurfaceFlinger: FPS: 11
09-07 17:38:34.034  1710  2176 I chatty  : uid=1000(system) AutobacklightTh identical 11 lines
09-07 17:38:34.307  2389  2389 D KeyguardUpdateMonitor: received broadcast android.intent.action.BATTERY_CHANGED
09-07 17:38:34.311  2762  2762 D QtiCarrierConfigHelper: WARNING, no carrier configs on phone Id: 0
09-07 17:38:34.314   693   693 V LocSvc_HIDL_IzatSubscription: [batteryLevelUpdate][777] [HS] <<<<= [HC]
09-07 17:38:34.314  2389  2389 D KeyguardUpdateMonitor: handleBatteryUpdate
09-07 17:38:34.325  8163 11909 I ThreadPool.Execute: [:11909, ]:<<< com.tencent.matrix.c.c$3$$ExternalSyntheticLambda3@224875837 state=COMPLETE cost=2ms/1ms HotPool start@=1662543514322ms delay=0ms run@=1662543514322
09-07 17:38:34.418  1710  5183 W ActivityManager: Unable to start service Intent { act=android.security.IKeyChainService cmp=com.android.keychain/.KeyChainService } U=999: not found
09-07 17:38:34.419  2389 22078 I SecurityController: java.lang.AssertionError: could not bind to KeyChainService
09-07 17:38:34.878   718   718 I SurfaceFlinger: FPS: 11
09-07 17:38:35.891   718   718 I SurfaceFlinger: FPS: 10
09-07 17:38:36.001 32400 32547 D MemoryCeilingMonitor: [handleMemoryCalculate]
09-07 17:38:36.001 32400 32547 D MemoryCeilingMonitor: [calculate] tot: 3166080, max: 268435456, free: 709408, heap: 2456672, per: 0.009151816368103027
09-07 17:38:36.910   718   718 I SurfaceFlinger: FPS: 12
09-07 17:38:38.009   718   718 I SurfaceFlinger: FPS: 12
09-07 17:38:39.023   718   718 I SurfaceFlinger: FPS: 10
09-07 17:38:40.026   718   718 I SurfaceFlinger: FPS: 12
09-07 17:38:41.125   718   718 I SurfaceFlinger: FPS: 12
09-07 17:38:42.137   718   718 I SurfaceFlinger: FPS: 10
09-07 17:38:43.141   718   718 I SurfaceFlinger: FPS: 10
09-07 17:38:44.144   718   718 I SurfaceFlinger: FPS: 11
09-07 17:38:44.343  1710  2176 I chatty  : uid=1000(system) AutobacklightTh identical 61 lines
09-07 17:38:44.627  2713  3240 I chatty  : uid=1000(system) NightPearlSubTh expire 44 lines
09-07 17:38:44.628  2713  2713 I chatty  : uid=1000(system) com.vivo.daemonService expire 48 lines
09-07 17:38:44.629  2762  2762 D QtiCarrierConfigHelper: WARNING, no carrier configs on phone Id: 0
09-07 17:38:44.631  1710  5524 I chatty  : uid=1000(system) IzatProvider expire 24 lines
09-07 17:38:44.631  2389  2389 D KeyguardUpdateMonitor: received broadcast android.intent.action.BATTERY_CHANGED
09-07 17:38:44.632  2389  2389 D KeyguardUpdateMonitor: handleBatteryUpdate
09-07 17:38:44.632  1710  1710 I chatty  : uid=1000 system_server expire 16 lines
09-07 17:38:44.635   693   693 V LocSvc_HIDL_IzatSubscription: [batteryLevelUpdate][777] [HS] <<<<= [HC]
09-07 17:38:44.639  2389  2389 D KeyguardUpdateMonitor: received broadcast android.intent.action.BATTERY_CHANGED
09-07 17:38:44.640 27410   995 I ThreadPool.Execute: [:995, ]:<<< com.tencent.matrix.c.c$3$$ExternalSyntheticLambda3@179209605 state=COMPLETE cost=7ms/3ms HotPool start@=1662543524632ms delay=0ms run@=1662543524632
09-07 17:38:44.640  2389  2389 D KeyguardUpdateMonitor: handleBatteryUpdate
09-07 17:38:44.641   693   693 V LocSvc_HIDL_IzatSubscription: [batteryLevelUpdate][777] [HS] <<<<= [HC]
09-07 17:38:44.642  2762  2762 D QtiCarrierConfigHelper: WARNING, no carrier configs on phone Id: 0
09-07 17:38:44.644  8163 11080 I ThreadPool.Execute: [:11080, ]:<<< com.tencent.matrix.c.c$3$$ExternalSyntheticLambda3@49875001 state=COMPLETE cost=12ms/3ms HotPool start@=1662543524631ms delay=0ms run@=1662543524632
