09-07 14:29:00.693   674  7790 I ta      : TAAEC< INFO> 4280: aec_process_calc_roi_luma_ctrl: FACE_PROTECTION: AE FACE FEATURE DISABLED
09-07 14:29:00.693   674  7790 I ta      : TAAEC< INFO> 4324: aec_process_calc_roi_luma_ctrl: FACE_PROTECTION: Face Portection FALSE
09-07 14:29:00.697   674  7767 E libc    : Access denied finding property "persist.front.camera.qcom.awb"
09-07 14:29:00.707   674  7812 E libc    : Access denied finding property "persist.aicamera.needlut"
09-07 14:29:00.721   674  7756 E         : cpp_thread_handle_process_buf_event, stream_type = 1
09-07 14:29:00.721   674  7756 E libc    : Access denied finding property "disable.cpp.power.collapse"
09-07 14:29:00.721   674  7756 E libc    : Access denied finding property "camera.cpp.dumppreviewpayload"
09-07 14:29:00.725   674  7790 E ta      : TAAEC<ERROR> 2520: aec_process_parse_input_info: AEC error: invalid param type: 21
09-07 14:29:00.731   674  7767 E libc    : Access denied finding property "persist.front.camera.qcom.awb"
09-07 14:29:00.740   674  7812 E libc    : Access denied finding property "persist.aicamera.needlut"
09-07 14:29:00.754   674  7756 E         : cpp_thread_handle_process_buf_event, stream_type = 1
09-07 14:29:00.754   674  7756 E libc    : Access denied finding property "disable.cpp.power.collapse"
09-07 14:29:00.755   674  7756 E libc    : Access denied finding property "camera.cpp.dumppreviewpayload"
09-07 14:29:00.759   674  7790 E ta      : TAAEC<ERROR> 2520: aec_process_parse_input_info: AEC error: invalid param type: 21
09-07 14:29:00.759   674  7790 I ta      : TAAEC< INFO> 4280: aec_process_calc_roi_luma_ctrl: FACE_PROTECTION: AE FACE FEATURE DISABLED
09-07 14:29:00.759   674  7790 I ta      : TAAEC< INFO> 4324: aec_process_calc_roi_luma_ctrl: FACE_PROTECTION: Face Portection FALSE
09-07 14:29:00.764   674  7767 E libc    : Access denied finding property "persist.front.camera.qcom.awb"
09-07 14:29:00.773   674  7812 E libc    : Access denied finding property "persist.aicamera.needlut"
09-07 14:29:00.787   674  7756 E         : cpp_thread_handle_process_buf_event, stream_type = 1
09-07 14:29:00.788   674  7756 E libc    : Access denied finding property "disable.cpp.power.collapse"
09-07 14:29:00.788   674  7756 E libc    : Access denied finding property "camera.cpp.dumppreviewpayload"
09-07 14:29:00.792   674  7790 E ta      : TAAEC<ERROR> 2520: aec_process_parse_input_info: AEC error: invalid param type: 21
09-07 14:29:00.795   674  7767 E libc    : Access denied finding property "persist.front.camera.qcom.awb"
09-07 14:29:00.806   674  7812 E libc    : Access denied finding property "persist.aicamera.needlut"
09-07 14:29:00.821   674  7756 E         : cpp_thread_handle_process_buf_event, stream_type = 1
09-07 14:29:00.821   674  7756 E libc    : Access denied finding property "disable.cpp.power.collapse"
09-07 14:29:00.821   674  7756 E libc    : Access denied finding property "camera.cpp.dumppreviewpayload"
09-07 14:29:00.829   674  7790 E ta      : TAAEC<ERROR> 2520: aec_process_parse_input_info: AEC error: invalid param type: 21
09-07 14:29:00.830   674  7790 I ta      : TAAEC< INFO> 4280: aec_process_calc_roi_luma_ctrl: FACE_PROTECTION: AE FACE FEATURE DISABLED
09-07 14:29:00.830   674  7790 I ta      : TAAEC< INFO> 4324: aec_process_calc_roi_luma_ctrl: FACE_PROTECTION: Face Portection FALSE
09-07 14:29:00.832   674  7790 E libc    : Access denied finding property "persist.front.camera.qcom.awb"
09-07 14:29:00.840   674  7812 E libc    : Access denied finding property "persist.aicamera.needlut"
09-07 14:29:00.854   674  7756 E         : cpp_thread_handle_process_buf_event, stream_type = 1
09-07 14:29:00.854   674  7756 E libc    : Access denied finding property "disable.cpp.power.collapse"
09-07 14:29:00.854   674  7756 E libc    : Access denied finding property "camera.cpp.dumppreviewpayload"
09-07 14:29:00.859   674  7790 E ta      : TAAEC<ERROR> 2520: aec_process_parse_input_info: AEC error: invalid param type: 21
09-07 14:29:00.862   674  7767 E libc    : Access denied finding property "persist.front.camera.qcom.awb"
09-07 14:29:00.873   674  7812 E libc    : Access denied finding property "persist.aicamera.needlut"
09-07 14:29:00.887   674  7756 E         : cpp_thread_handle_process_buf_event, stream_type = 1
09-07 14:29:00.888   674  7756 E libc    : Access denied finding property "disable.cpp.power.collapse"
09-07 14:29:00.888   674  7756 E libc    : Access denied finding property "camera.cpp.dumppreviewpayload"
09-07 14:29:00.892   674  7790 E ta      : TAAEC<ERROR> 2520: aec_process_parse_input_info: AEC error: invalid param type: 21
09-07 14:29:00.893   674  7790 I ta      : TAAEC< INFO> 4280: aec_process_calc_roi_luma_ctrl: FACE_PROTECTION: AE FACE FEATURE DISABLED
09-07 14:29:00.893   674  7790 I ta      : TAAEC< INFO> 4324: aec_process_calc_roi_luma_ctrl: FACE_PROTECTION: Face Portection FALSE
09-07 14:29:00.896   674  7767 E libc    : Access denied finding property "persist.front.camera.qcom.awb"
09-07 14:29:00.906   674  7812 E libc    : Access denied finding property "persist.aicamera.needlut"
09-07 14:29:00.921   674  7756 E         : cpp_thread_handle_process_buf_event, stream_type = 1
09-07 14:29:00.921   674  7756 E libc    : Access denied finding property "disable.cpp.power.collapse"
09-07 14:29:00.921   674  7756 E libc    : Access denied finding property "camera.cpp.dumppreviewpayload"
09-07 14:29:00.925   674  7790 E ta      : TAAEC<ERROR> 2520: aec_process_parse_input_info: AEC error: invalid param type: 21
09-07 14:29:00.928   674  7767 E libc    : Access denied finding property "persist.front.camera.qcom.awb"
09-07 14:29:00.940   674  7812 E libc    : Access denied finding property "persist.aicamera.needlut"
09-07 14:29:00.954   674  7756 E         : cpp_thread_handle_process_buf_event, stream_type = 1
09-07 14:29:00.954   674  7756 E libc    : Access denied finding property "disable.cpp.power.collapse"
09-07 14:29:00.954   674  7756 E libc    : Access denied finding property "camera.cpp.dumppreviewpayload"
09-07 14:29:00.959   674  7790 E ta      : TAAEC<ERROR> 2520: aec_process_parse_input_info: AEC error: invalid param type: 21
09-07 14:29:00.961   674  7790 I ta      : TAAEC< INFO> 4280: aec_process_calc_roi_luma_ctrl: FACE_PROTECTION: AE FACE FEATURE DISABLED
09-07 14:29:00.961   674  7790 I ta      : TAAEC< INFO> 4324: aec_process_calc_roi_luma_ctrl: FACE_PROTECTION: Face Portection FALSE
09-07 14:29:00.963   674  7790 E libc    : Access denied finding property "persist.front.camera.qcom.awb"
09-07 14:29:00.973   674  7812 E libc    : Access denied finding property "persist.aicamera.needlut"
09-07 14:29:00.987   674  7756 E         : cpp_thread_handle_process_buf_event, stream_type = 1
09-07 14:29:00.988   674  7756 E libc    : Access denied finding property "disable.cpp.power.collapse"
09-07 14:29:00.988   674  7756 E libc    : Access denied finding property "camera.cpp.dumppreviewpayload"
09-07 14:29:00.992   674  7790 E ta      : TAAEC<ERROR> 2520: aec_process_parse_input_info: AEC error: invalid param type: 21
09-07 14:29:00.995   674  7767 E libc    : Access denied finding property "persist.front.camera.qcom.awb"
09-07 14:29:01.006   674  7812 E libc    : Access denied finding property "persist.aicamera.needlut"
09-07 14:29:01.021   674  7756 E         : cpp_thread_handle_process_buf_event, stream_type = 1
09-07 14:29:01.021   674  7756 E libc    : Access denied finding property "disable.cpp.power.collapse"
09-07 14:29:01.021   674  7756 E libc    : Access denied finding property "camera.cpp.dumppreviewpayload"
09-07 14:29:01.025   674  7790 E ta      : TAAEC<ERROR> 2520: aec_process_parse_input_info: AEC error: invalid param type: 21
09-07 14:29:01.026   674  7790 I ta      : TAAEC< INFO> 4280: aec_process_calc_roi_luma_ctrl: FACE_PROTECTION: AE FACE FEATURE DISABLED
09-07 14:29:01.026   674  7790 I ta      : TAAEC< INFO> 4324: aec_process_calc_roi_luma_ctrl: FACE_PROTECTION: Face Portection FALSE
09-07 14:29:01.031   674  7767 E libc    : Access denied finding property "persist.front.camera.qcom.awb"
09-07 14:29:01.040   674  7812 E libc    : Access denied finding property "persist.aicamera.needlut"
09-07 14:29:01.054   674  7756 E         : cpp_thread_handle_process_buf_event, stream_type = 1
09-07 14:29:01.054   674  7756 E libc    : Access denied finding property "disable.cpp.power.collapse"
09-07 14:29:01.054   674  7756 E libc    : Access denied finding property "camera.cpp.dumppreviewpayload"
09-07 14:29:01.059   674  7790 E ta      : TAAEC<ERROR> 2520: aec_process_parse_input_info: AEC error: invalid param type: 21
09-07 14:29:01.061   674  7767 E libc    : Access denied finding property "persist.front.camera.qcom.awb"
09-07 14:29:01.062   674   674 W CAM_dataPoll: type=1400 audit(0.0:58132): avc: denied { read } for name="u:object_r:default_prop:s0" dev="tmpfs" ino=5760 scontext=u:r:hal_camera_default:s0 tcontext=u:object_r:default_prop:s0 tclass=file permissive=0
09-07 14:29:01.072   674   674 W CAM_cpp : type=1400 audit(0.0:58133): avc: denied { read } for name="u:object_r:default_prop:s0" dev="tmpfs" ino=5760 scontext=u:r:hal_camera_default:s0 tcontext=u:object_r:default_prop:s0 tclass=file permissive=0
09-07 14:29:01.072   674   674 W CAM_cpp : type=1400 audit(0.0:58134): avc: denied { read } for name="u:object_r:default_prop:s0" dev="tmpfs" ino=5760 scontext=u:r:hal_camera_default:s0 tcontext=u:object_r:default_prop:s0 tclass=file permissive=0
09-07 14:29:01.073   674  7812 E libc    : Access denied finding property "persist.aicamera.needlut"
09-07 14:29:01.082   674   674 W CAM_MctBus_6: type=1400 audit(0.0:58135): avc: denied { read } for name="u:object_r:default_prop:s0" dev="tmpfs" ino=5760 scontext=u:r:hal_camera_default:s0 tcontext=u:object_r:default_prop:s0 tclass=file permissive=0
09-07 14:29:01.087   674  7756 E         : cpp_thread_handle_process_buf_event, stream_type = 1
09-07 14:29:01.088   674  7756 E libc    : Access denied finding property "disable.cpp.power.collapse"
09-07 14:29:01.088   674  7756 E libc    : Access denied finding property "camera.cpp.dumppreviewpayload"
09-07 14:29:01.092   674   674 W CAM_dataPoll: type=1400 audit(0.0:58136): avc: denied { read } for name="u:object_r:default_prop:s0" dev="tmpfs" ino=5760 scontext=u:r:hal_camera_default:s0 tcontext=u:object_r:default_prop:s0 tclass=file permissive=0
09-07 14:29:01.092   674  7790 E ta      : TAAEC<ERROR> 2520: aec_process_parse_input_info: AEC error: invalid param type: 21
09-07 14:29:01.093   674  7790 I ta      : TAAEC< INFO> 4280: aec_process_calc_roi_luma_ctrl: FACE_PROTECTION: AE FACE FEATURE DISABLED
09-07 14:29:01.093   674  7790 I ta      : TAAEC< INFO> 4324: aec_process_calc_roi_luma_ctrl: FACE_PROTECTION: Face Portection FALSE
09-07 14:29:01.096   674  7767 E libc    : Access denied finding property "persist.front.camera.qcom.awb"
09-07 14:29:01.106   674  7812 E libc    : Access denied finding property "persist.aicamera.needlut"
09-07 14:29:01.121   674  7756 E         : cpp_thread_handle_process_buf_event, stream_type = 1
09-07 14:29:01.121   674  7756 E libc    : Access denied finding property "disable.cpp.power.collapse"
09-07 14:29:01.121   674  7756 E libc    : Access denied finding property "camera.cpp.dumppreviewpayload"
09-07 14:29:01.125   674  7790 E ta      : TAAEC<ERROR> 2520: aec_process_parse_input_info: AEC error: invalid param type: 21
09-07 14:29:01.132   674  7767 E libc    : Access denied finding property "persist.front.camera.qcom.awb"
09-07 14:29:01.140   674  7812 E libc    : Access denied finding property "persist.aicamera.needlut"
09-07 14:29:01.154   674  7756 E         : cpp_thread_handle_process_buf_event, stream_type = 1
09-07 14:29:01.154   674  7756 E libc    : Access denied finding property "disable.cpp.power.collapse"
09-07 14:29:01.154   674  7756 E libc    : Access denied finding property "camera.cpp.dumppreviewpayload"
09-07 14:29:01.159   674  7790 E ta      : TAAEC<ERROR> 2520: aec_process_parse_input_info: AEC error: invalid param type: 21
09-07 14:29:01.160   674  7790 I ta      : TAAEC< INFO> 4280: aec_process_calc_roi_luma_ctrl: FACE_PROTECTION: AE FACE FEATURE DISABLED
09-07 14:29:01.160   674  7790 I ta      : TAAEC< INFO> 4324: aec_process_calc_roi_luma_ctrl: FACE_PROTECTION: Face Portection FALSE
09-07 14:29:01.163   674  7767 E libc    : Access denied finding property "persist.front.camera.qcom.awb"
09-07 14:29:01.173   674  7812 E libc    : Access denied finding property "persist.aicamera.needlut"
09-07 14:29:01.187   674  7756 E         : cpp_thread_handle_process_buf_event, stream_type = 1
09-07 14:29:01.188   674  7756 E libc    : Access denied finding property "disable.cpp.power.collapse"
09-07 14:29:01.188   674  7756 E libc    : Access denied finding property "camera.cpp.dumppreviewpayload"
09-07 14:29:01.192   674  7790 E ta      : TAAEC<ERROR> 2520: aec_process_parse_input_info: AEC error: invalid param type: 21
09-07 14:29:01.195   674  7767 E libc    : Access denied finding property "persist.front.camera.qcom.awb"
09-07 14:29:01.206   674  7812 E libc    : Access denied finding property "persist.aicamera.needlut"
09-07 14:29:01.221   674  7756 E         : cpp_thread_handle_process_buf_event, stream_type = 1
09-07 14:29:01.221   674  7756 E libc    : Access denied finding property "disable.cpp.power.collapse"
09-07 14:29:01.221   674  7756 E libc    : Access denied finding property "camera.cpp.dumppreviewpayload"
09-07 14:29:01.226   674  7790 E ta      : TAAEC<ERROR> 2520: aec_process_parse_input_info: AEC error: invalid param type: 21
09-07 14:29:01.226   674  7790 I ta      : TAAEC< INFO> 4280: aec_process_calc_roi_luma_ctrl: FACE_PROTECTION: AE FACE FEATURE DISABLED
09-07 14:29:01.226   674  7790 I ta      : TAAEC< INFO> 4324: aec_process_calc_roi_luma_ctrl: FACE_PROTECTION: Face Portection FALSE
09-07 14:29:01.232   674  7767 E libc    : Access denied finding property "persist.front.camera.qcom.awb"
09-07 14:29:01.240   674  7812 E libc    : Access denied finding property "persist.aicamera.needlut"
09-07 14:29:01.254   674  7756 E         : cpp_thread_handle_process_buf_event, stream_type = 1
09-07 14:29:01.254   674  7756 E libc    : Access denied finding property "disable.cpp.power.collapse"
09-07 14:29:01.254   674  7756 E libc    : Access denied finding property "camera.cpp.dumppreviewpayload"
09-07 14:29:01.259   674  7790 E ta      : TAAEC<ERROR> 2520: aec_process_parse_input_info: AEC error: invalid param type: 21
09-07 14:29:01.261   674  7767 E libc    : Access denied finding property "persist.front.camera.qcom.awb"
09-07 14:29:01.273   674  7812 E libc    : Access denied finding property "persist.aicamera.needlut"
09-07 14:29:01.287   674  7756 E         : cpp_thread_handle_process_buf_event, stream_type = 1
09-07 14:29:01.288   674  7756 E libc    : Access denied finding property "disable.cpp.power.collapse"
09-07 14:29:01.288   674  7756 E libc    : Access denied finding property "camera.cpp.dumppreviewpayload"
09-07 14:29:01.292   674  7790 E ta      : TAAEC<ERROR> 2520: aec_process_parse_input_info: AEC error: invalid param type: 21
09-07 14:29:01.293   674  7790 I ta      : TAAEC< INFO> 4280: aec_process_calc_roi_luma_ctrl: FACE_PROTECTION: AE FACE FEATURE DISABLED
09-07 14:29:01.293   674  7790 I ta      : TAAEC< INFO> 4324: aec_process_calc_roi_luma_ctrl: FACE_PROTECTION: Face Portection FALSE
09-07 14:29:01.297   674  7767 E libc    : Access denied finding property "persist.front.camera.qcom.awb"
09-07 14:29:01.306   674  7812 E libc    : Access denied finding property "persist.aicamera.needlut"
09-07 14:29:01.321   674  7756 E         : cpp_thread_handle_process_buf_event, stream_type = 1
09-07 14:29:01.321   674  7756 E libc    : Access denied finding property "disable.cpp.power.collapse"
09-07 14:29:01.321   674  7756 E libc    : Access denied finding property "camera.cpp.dumppreviewpayload"
09-07 14:29:01.331   674  7790 E ta      : TAAEC<ERROR> 2520: aec_process_parse_input_info: AEC error: invalid param type: 21
09-07 14:29:01.333   674  7790 E libc    : Access denied finding property "persist.front.camera.qcom.awb"
09-07 14:29:01.340   674  7812 E libc    : Access denied finding property "persist.aicamera.needlut"
09-07 14:29:01.355   674  7756 E         : cpp_thread_handle_process_buf_event, stream_type = 1
09-07 14:29:01.355   674  7756 E libc    : Access denied finding property "disable.cpp.power.collapse"
09-07 14:29:01.355   674  7756 E libc    : Access denied finding property "camera.cpp.dumppreviewpayload"
09-07 14:29:01.359   674  7790 I ta      : TAAEC< INFO> 4280: aec_process_calc_roi_luma_ctrl: FACE_PROTECTION: AE FACE FEATURE DISABLED
09-07 14:29:01.359   674  7790 I ta      : TAAEC< INFO> 4324: aec_process_calc_roi_luma_ctrl: FACE_PROTECTION: Face Portection FALSE
09-07 14:29:01.363   674  7790 E libc    : Access denied finding property "persist.front.camera.qcom.awb"
09-07 14:29:01.374   674  7812 E libc    : Access denied finding property "persist.aicamera.needlut"
09-07 14:29:01.387   674  7756 E         : cpp_thread_handle_process_buf_event, stream_type = 1
09-07 14:29:01.388   674  7756 E libc    : Access denied finding property "disable.cpp.power.collapse"
09-07 14:29:01.388   674  7756 E libc    : Access denied finding property "camera.cpp.dumppreviewpayload"
09-07 14:29:01.392   674  7790 E ta      : TAAEC<ERROR> 2520: aec_process_parse_input_info: AEC error: invalid param type: 21
09-07 14:29:01.395   674  7767 E libc    : Access denied finding property "persist.front.camera.qcom.awb"
09-07 14:29:01.407   674  7812 E libc    : Access denied finding property "persist.aicamera.needlut"
09-07 14:29:01.421   674  7756 E         : cpp_thread_handle_process_buf_event, stream_type = 1
09-07 14:29:01.421   674  7756 E libc    : Access denied finding property "disable.cpp.power.collapse"
09-07 14:29:01.421   674  7756 E libc    : Access denied finding property "camera.cpp.dumppreviewpayload"
09-07 14:29:01.427   674  7790 E ta      : TAAEC<ERROR> 2520: aec_process_parse_input_info: AEC error: invalid param type: 21
09-07 14:29:01.429   674  7790 I ta      : TAAEC< INFO> 4280: aec_process_calc_roi_luma_ctrl: FACE_PROTECTION: AE FACE FEATURE DISABLED
09-07 14:29:01.429   674  7790 I ta      : TAAEC< INFO> 4324: aec_process_calc_roi_luma_ctrl: FACE_PROTECTION: Face Portection FALSE
09-07 14:29:01.431   674  7790 E libc    : Access denied finding property "persist.front.camera.qcom.awb"
09-07 14:29:01.440   674  7812 E libc    : Access denied finding property "persist.aicamera.needlut"
09-07 14:29:01.454   674  7756 E         : cpp_thread_handle_process_buf_event, stream_type = 1
09-07 14:29:01.455   674  7756 E libc    : Access denied finding property "disable.cpp.power.collapse"
09-07 14:29:01.455   674  7756 E libc    : Access denied finding property "camera.cpp.dumppreviewpayload"
09-07 14:29:01.459   674  7790 E ta      : TAAEC<ERROR> 2520: aec_process_parse_input_info: AEC error: invalid param type: 21
09-07 14:29:01.461   674  7767 E libc    : Access denied finding property "persist.front.camera.qcom.awb"
09-07 14:29:01.475   674  7812 E libc    : Access denied finding property "persist.aicamera.needlut"
09-07 14:29:01.488   674  7756 E         : cpp_thread_handle_process_buf_event, stream_type = 1
09-07 14:29:01.488   674  7756 E libc    : Access denied finding property "disable.cpp.power.collapse"
09-07 14:29:01.488   674  7756 E libc    : Access denied finding property "camera.cpp.dumppreviewpayload"
09-07 14:29:01.492   674  7790 E ta      : TAAEC<ERROR> 2520: aec_process_parse_input_info: AEC error: invalid param type: 21
09-07 14:29:01.495   674  7790 I ta      : TAAEC< INFO> 4280: aec_process_calc_roi_luma_ctrl: FACE_PROTECTION: AE FACE FEATURE DISABLED
09-07 14:29:01.495   674  7790 I ta      : TAAEC< INFO> 4324: aec_process_calc_roi_luma_ctrl: FACE_PROTECTION: Face Portection FALSE
09-07 14:29:01.497   674  7790 E libc    : Access denied finding property "persist.front.camera.qcom.awb"
09-07 14:29:01.506   674  7812 E libc    : Access denied finding property "persist.aicamera.needlut"
09-07 14:29:01.521   674  7756 E         : cpp_thread_handle_process_buf_event, stream_type = 1
09-07 14:29:01.521   674  7756 E libc    : Access denied finding property "disable.cpp.power.collapse"
09-07 14:29:01.521   674  7756 E libc    : Access denied finding property "camera.cpp.dumppreviewpayload"
09-07 14:29:01.525   674  7790 E ta      : TAAEC<ERROR> 2520: aec_process_parse_input_info: AEC error: invalid param type: 21
09-07 14:29:01.529   674  7767 E libc    : Access denied finding property "persist.front.camera.qcom.awb"
09-07 14:29:01.540   674  7812 E libc    : Access denied finding property "persist.aicamera.needlut"
09-07 14:29:01.554   674  7756 E         : cpp_thread_handle_process_buf_event, stream_type = 1
09-07 14:29:01.554   674  7756 E libc    : Access denied finding property "disable.cpp.power.collapse"
09-07 14:29:01.555   674  7756 E libc    : Access denied finding property "camera.cpp.dumppreviewpayload"
09-07 14:29:01.559   674  7790 E ta      : TAAEC<ERROR> 2520: aec_process_parse_input_info: AEC error: invalid param type: 21
09-07 14:29:01.560   674  7790 I ta      : TAAEC< INFO> 4280: aec_process_calc_roi_luma_ctrl: FACE_PROTECTION: AE FACE FEATURE DISABLED
09-07 14:29:01.560   674  7790 I ta      : TAAEC< INFO> 4324: aec_process_calc_roi_luma_ctrl: FACE_PROTECTION: Face Portection FALSE
09-07 14:29:01.564   674  7767 E libc    : Access denied finding property "persist.front.camera.qcom.awb"
09-07 14:29:01.574   674  7812 E libc    : Access denied finding property "persist.aicamera.needlut"
09-07 14:29:01.587   674  7756 E         : cpp_thread_handle_process_buf_event, stream_type = 1
09-07 14:29:01.588   674  7756 E libc    : Access denied finding property "disable.cpp.power.collapse"
09-07 14:29:01.588   674  7756 E libc    : Access denied finding property "camera.cpp.dumppreviewpayload"
09-07 14:29:01.592   674  7790 E ta      : TAAEC<ERROR> 2520: aec_process_parse_input_info: AEC error: invalid param type: 21
09-07 14:29:01.595   674  7767 E libc    : Access denied finding property "persist.front.camera.qcom.awb"
09-07 14:29:01.607   674  7812 E libc    : Access denied finding property "persist.aicamera.needlut"
09-07 14:29:01.621   674  7756 E         : cpp_thread_handle_process_buf_event, stream_type = 1
09-07 14:29:01.621   674  7756 E libc    : Access denied finding property "disable.cpp.power.collapse"
09-07 14:29:01.621   674  7756 E libc    : Access denied finding property "camera.cpp.dumppreviewpayload"
09-07 14:29:01.625   674  7790 E ta      : TAAEC<ERROR> 2520: aec_process_parse_input_info: AEC error: invalid param type: 21
09-07 14:29:01.626   674  7790 I ta      : TAAEC< INFO> 4280: aec_process_calc_roi_luma_ctrl: FACE_PROTECTION: AE FACE FEATURE DISABLED
09-07 14:29:01.626   674  7790 I ta      : TAAEC< INFO> 4324: aec_process_calc_roi_luma_ctrl: FACE_PROTECTION: Face Portection FALSE
09-07 14:29:01.631   674  7767 E libc    : Access denied finding property "persist.front.camera.qcom.awb"
09-07 14:29:01.640   674  7812 E libc    : Access denied finding property "persist.aicamera.needlut"
09-07 14:29:01.651   718   718 I SurfaceFlinger: FPS: 31
09-07 14:29:01.654   674  7756 E         : cpp_thread_handle_process_buf_event, stream_type = 1
09-07 14:29:01.654   674  7756 E libc    : Access denied finding property "disable.cpp.power.collapse"
09-07 14:29:01.655   674  7756 E libc    : Access denied finding property "camera.cpp.dumppreviewpayload"
09-07 14:29:01.660   674  7790 E ta      : TAAEC<ERROR> 2520: aec_process_parse_input_info: AEC error: invalid param type: 21
09-07 14:29:01.664   674  7767 E libc    : Access denied finding property "persist.front.camera.qcom.awb"
09-07 14:29:01.673   674  7812 E libc    : Access denied finding property "persist.aicamera.needlut"
09-07 14:29:01.687   674  7756 E         : cpp_thread_handle_process_buf_event, stream_type = 1
09-07 14:29:01.688   674  7756 E libc    : Access denied finding property "disable.cpp.power.collapse"
09-07 14:29:01.688   674  7756 E libc    : Access denied finding property "camera.cpp.dumppreviewpayload"
09-07 14:29:01.692   674  7790 E ta      : TAAEC<ERROR> 2520: aec_process_parse_input_info: AEC error: invalid param type: 21
09-07 14:29:01.695   674  7790 I ta      : TAAEC< INFO> 4280: aec_process_calc_roi_luma_ctrl: FACE_PROTECTION: AE FACE FEATURE DISABLED
09-07 14:29:01.695   674  7790 I ta      : TAAEC< INFO> 4324: aec_process_calc_roi_luma_ctrl: FACE_PROTECTION: Face Portection FALSE
09-07 14:29:01.697   674  7790 E libc    : Access denied finding property "persist.front.camera.qcom.awb"
09-07 14:29:01.706   674  7812 E libc    : Access denied finding property "persist.aicamera.needlut"
09-07 14:29:01.721   674  7756 E         : cpp_thread_handle_process_buf_event, stream_type = 1
09-07 14:29:01.721   674  7756 E libc    : Access denied finding property "disable.cpp.power.collapse"
09-07 14:29:01.721   674  7756 E libc    : Access denied finding property "camera.cpp.dumppreviewpayload"
09-07 14:29:01.725   674  7790 E ta      : TAAEC<ERROR> 2520: aec_process_parse_input_info: AEC error: invalid param type: 21
09-07 14:29:01.728   674  7767 E libc    : Access denied finding property "persist.front.camera.qcom.awb"
09-07 14:29:01.740   674  7812 E libc    : Access denied finding property "persist.aicamera.needlut"
09-07 14:29:01.754   674  7756 E         : cpp_thread_handle_process_buf_event, stream_type = 1
09-07 14:29:01.754   674  7756 E libc    : Access denied finding property "disable.cpp.power.collapse"
09-07 14:29:01.755   674  7756 E libc    : Access denied finding property "camera.cpp.dumppreviewpayload"
09-07 14:29:01.759   674  7790 E ta      : TAAEC<ERROR> 2520: aec_process_parse_input_info: AEC error: invalid param type: 21
09-07 14:29:01.760   674  7790 I ta      : TAAEC< INFO> 4280: aec_process_calc_roi_luma_ctrl: FACE_PROTECTION: AE FACE FEATURE DISABLED
09-07 14:29:01.760   674  7790 I ta      : TAAEC< INFO> 4324: aec_process_calc_roi_luma_ctrl: FACE_PROTECTION: Face Portection FALSE
09-07 14:29:01.762   674  7790 E libc    : Access denied finding property "persist.front.camera.qcom.awb"
09-07 14:29:01.773   674  7812 E libc    : Access denied finding property "persist.aicamera.needlut"
09-07 14:29:01.787   674  7756 E         : cpp_thread_handle_process_buf_event, stream_type = 1
09-07 14:29:01.788   674  7756 E libc    : Access denied finding property "disable.cpp.power.collapse"
09-07 14:29:01.788   674  7756 E libc    : Access denied finding property "camera.cpp.dumppreviewpayload"
09-07 14:29:01.792   674  7790 E ta      : TAAEC<ERROR> 2520: aec_process_parse_input_info: AEC error: invalid param type: 21
09-07 14:29:01.795   674  7767 E libc    : Access denied finding property "persist.front.camera.qcom.awb"
09-07 14:29:01.806   674  7812 E libc    : Access denied finding property "persist.aicamera.needlut"
09-07 14:29:01.821   674  7756 E         : cpp_thread_handle_process_buf_event, stream_type = 1
09-07 14:29:01.821   674  7756 E libc    : Access denied finding property "disable.cpp.power.collapse"
09-07 14:29:01.821   674  7756 E libc    : Access denied finding property "camera.cpp.dumppreviewpayload"
09-07 14:29:01.829   674  7790 E ta      : TAAEC<ERROR> 2520: aec_process_parse_input_info: AEC error: invalid param type: 21
09-07 14:29:01.831   674  7790 I ta      : TAAEC< INFO> 4280: aec_process_calc_roi_luma_ctrl: FACE_PROTECTION: AE FACE FEATURE DISABLED
09-07 14:29:01.831   674  7790 I ta      : TAAEC< INFO> 4324: aec_process_calc_roi_luma_ctrl: FACE_PROTECTION: Face Portection FALSE
09-07 14:29:01.833   674  7790 E libc    : Access denied finding property "persist.front.camera.qcom.awb"
09-07 14:29:01.840   674  7812 E libc    : Access denied finding property "persist.aicamera.needlut"
09-07 14:29:01.854   674  7756 E         : cpp_thread_handle_process_buf_event, stream_type = 1
09-07 14:29:01.854   674  7756 E libc    : Access denied finding property "disable.cpp.power.collapse"
09-07 14:29:01.854   674  7756 E libc    : Access denied finding property "camera.cpp.dumppreviewpayload"
09-07 14:29:01.859   674  7790 E ta      : TAAEC<ERROR> 2520: aec_process_parse_input_info: AEC error: invalid param type: 21
09-07 14:29:01.863   674  7767 E libc    : Access denied finding property "persist.front.camera.qcom.awb"
09-07 14:29:01.873   674  7812 E libc    : Access denied finding property "persist.aicamera.needlut"
09-07 14:29:01.887   674  7756 E         : cpp_thread_handle_process_buf_event, stream_type = 1
09-07 14:29:01.888   674  7756 E libc    : Access denied finding property "disable.cpp.power.collapse"
09-07 14:29:01.888   674  7756 E libc    : Access denied finding property "camera.cpp.dumppreviewpayload"
09-07 14:29:01.892   674  7790 E ta      : TAAEC<ERROR> 2520: aec_process_parse_input_info: AEC error: invalid param type: 21
09-07 14:29:01.893   674  7790 I ta      : TAAEC< INFO> 4280: aec_process_calc_roi_luma_ctrl: FACE_PROTECTION: AE FACE FEATURE DISABLED
09-07 14:29:01.893   674  7790 I ta      : TAAEC< INFO> 4324: aec_process_calc_roi_luma_ctrl: FACE_PROTECTION: Face Portection FALSE
09-07 14:29:01.896   674  7767 E libc    : Access denied finding property "persist.front.camera.qcom.awb"
09-07 14:29:01.906   674  7812 E libc    : Access denied finding property "persist.aicamera.needlut"
09-07 14:29:01.921   674  7756 E         : cpp_thread_handle_process_buf_event, stream_type = 1
09-07 14:29:01.921   674  7756 E libc    : Access denied finding property "disable.cpp.power.collapse"
09-07 14:29:01.921   674  7756 E libc    : Access denied finding property "camera.cpp.dumppreviewpayload"
09-07 14:29:01.925   674  7790 E ta      : TAAEC<ERROR> 2520: aec_process_parse_input_info: AEC error: invalid param type: 21
09-07 14:29:01.929   674  7767 E libc    : Access denied finding property "persist.front.camera.qcom.awb"
09-07 14:29:01.940   674  7812 E libc    : Access denied finding property "persist.aicamera.needlut"
09-07 14:29:01.954   674  7756 E         : cpp_thread_handle_process_buf_event, stream_type = 1
09-07 14:29:01.955   674  7756 E libc    : Access denied finding property "disable.cpp.power.collapse"
09-07 14:29:01.955   674  7756 E libc    : Access denied finding property "camera.cpp.dumppreviewpayload"
09-07 14:29:01.959   674  7790 E ta      : TAAEC<ERROR> 2520: aec_process_parse_input_info: AEC error: invalid param type: 21
09-07 14:29:01.960   674  7790 I ta      : TAAEC< INFO> 4280: aec_process_calc_roi_luma_ctrl: FACE_PROTECTION: AE FACE FEATURE DISABLED
09-07 14:29:01.960   674  7790 I ta      : TAAEC< INFO> 4324: aec_process_calc_roi_luma_ctrl: FACE_PROTECTION: Face Portection FALSE
09-07 14:29:01.962   674  7767 E libc    : Access denied finding property "persist.front.camera.qcom.awb"
09-07 14:29:01.973   674  7812 E libc    : Access denied finding property "persist.aicamera.needlut"
09-07 14:29:01.976  1710  2176 I chatty  : uid=1000(system) AutobacklightTh identical 14 lines
09-07 14:29:01.987   674  7756 E         : cpp_thread_handle_process_buf_event, stream_type = 1
09-07 14:29:01.988   674  7756 E libc    : Access denied finding property "disable.cpp.power.collapse"
09-07 14:29:01.988   674  7756 E libc    : Access denied finding property "camera.cpp.dumppreviewpayload"
09-07 14:29:01.992   674  7790 E ta      : TAAEC<ERROR> 2520: aec_process_parse_input_info: AEC error: invalid param type: 21
09-07 14:29:01.995   674  7767 E libc    : Access denied finding property "persist.front.camera.qcom.awb"
09-07 14:29:02.006   674  7812 E libc    : Access denied finding property "persist.aicamera.needlut"
09-07 14:29:02.021   674  7756 E         : cpp_thread_handle_process_buf_event, stream_type = 1
09-07 14:29:02.021   674  7756 E libc    : Access denied finding property "disable.cpp.power.collapse"
09-07 14:29:02.021   674  7756 E libc    : Access denied finding property "camera.cpp.dumppreviewpayload"
09-07 14:29:02.026   674  7790 E ta      : TAAEC<ERROR> 2520: aec_process_parse_input_info: AEC error: invalid param type: 21
09-07 14:29:02.028   674  7790 I ta      : TAAEC< INFO> 4280: aec_process_calc_roi_luma_ctrl: FACE_PROTECTION: AE FACE FEATURE DISABLED
09-07 14:29:02.028   674  7790 I ta      : TAAEC< INFO> 4324: aec_process_calc_roi_luma_ctrl: FACE_PROTECTION: Face Portection FALSE
09-07 14:29:02.033   674  7767 E libc    : Access denied finding property "persist.front.camera.qcom.awb"
09-07 14:29:02.040   674  7812 E libc    : Access denied finding property "persist.aicamera.needlut"
09-07 14:29:02.054   674  7756 E         : cpp_thread_handle_process_buf_event, stream_type = 1
09-07 14:29:02.054   674  7756 E libc    : Access denied finding property "disable.cpp.power.collapse"
09-07 14:29:02.054   674  7756 E libc    : Access denied finding property "camera.cpp.dumppreviewpayload"
09-07 14:29:02.059   674  7790 E ta      : TAAEC<ERROR> 2520: aec_process_parse_input_info: AEC error: invalid param type: 21
09-07 14:29:02.062   674  7767 E libc    : Access denied finding property "persist.front.camera.qcom.awb"
09-07 14:29:02.072   674   674 W CAM_cpp : type=1400 audit(0.0:58253): avc: denied { read } for name="u:object_r:default_prop:s0" dev="tmpfs" ino=5760 scontext=u:r:hal_camera_default:s0 tcontext=u:object_r:default_prop:s0 tclass=file permissive=0
09-07 14:29:02.072   674   674 W CAM_cpp : type=1400 audit(0.0:58254): avc: denied { read } for name="u:object_r:default_prop:s0" dev="tmpfs" ino=5760 scontext=u:r:hal_camera_default:s0 tcontext=u:object_r:default_prop:s0 tclass=file permissive=0
09-07 14:29:02.073   674  7812 E libc    : Access denied finding property "persist.aicamera.needlut"
09-07 14:29:02.082   674   674 W CAM_MctBus_6: type=1400 audit(0.0:58255): avc: denied { read } for name="u:object_r:default_prop:s0" dev="tmpfs" ino=5760 scontext=u:r:hal_camera_default:s0 tcontext=u:object_r:default_prop:s0 tclass=file permissive=0
09-07 14:29:02.087   674  7756 E         : cpp_thread_handle_process_buf_event, stream_type = 1
09-07 14:29:02.088   674  7756 E libc    : Access denied finding property "disable.cpp.power.collapse"
09-07 14:29:02.088   674  7756 E libc    : Access denied finding property "camera.cpp.dumppreviewpayload"
09-07 14:29:02.092   674   674 W CAM_dataPoll: type=1400 audit(0.0:58256): avc: denied { read } for name="u:object_r:default_prop:s0" dev="tmpfs" ino=5760 scontext=u:r:hal_camera_default:s0 tcontext=u:object_r:default_prop:s0 tclass=file permissive=0
09-07 14:29:02.092   674  7790 E ta      : TAAEC<ERROR> 2520: aec_process_parse_input_info: AEC error: invalid param type: 21
09-07 14:29:02.093   674  7790 I ta      : TAAEC< INFO> 4280: aec_process_calc_roi_luma_ctrl: FACE_PROTECTION: AE FACE FEATURE DISABLED
09-07 14:29:02.093   674  7790 I ta      : TAAEC< INFO> 4324: aec_process_calc_roi_luma_ctrl: FACE_PROTECTION: Face Portection FALSE
09-07 14:29:02.096   674  7767 E libc    : Access denied finding property "persist.front.camera.qcom.awb"
09-07 14:29:02.106   674  7812 E libc    : Access denied finding property "persist.aicamera.needlut"
09-07 14:29:02.112   674   674 W CAM_cpp : type=1400 audit(0.0:58257): avc: denied { read } for name="u:object_r:default_prop:s0" dev="tmpfs" ino=5760 scontext=u:r:hal_camera_default:s0 tcontext=u:object_r:default_prop:s0 tclass=file permissive=0
09-07 14:29:02.121   674  7756 E         : cpp_thread_handle_process_buf_event, stream_type = 1
09-07 14:29:02.121   674  7756 E libc    : Access denied finding property "disable.cpp.power.collapse"
09-07 14:29:02.121   674  7756 E libc    : Access denied finding property "camera.cpp.dumppreviewpayload"
09-07 14:29:02.126   674  7790 E ta      : TAAEC<ERROR> 2520: aec_process_parse_input_info: AEC error: invalid param type: 21
09-07 14:29:02.128   674  7767 E libc    : Access denied finding property "persist.front.camera.qcom.awb"
09-07 14:29:02.140   674  7812 E libc    : Access denied finding property "persist.aicamera.needlut"
09-07 14:29:02.154   674  7756 E         : cpp_thread_handle_process_buf_event, stream_type = 1
09-07 14:29:02.154   674  7756 E libc    : Access denied finding property "disable.cpp.power.collapse"
09-07 14:29:02.155   674  7756 E libc    : Access denied finding property "camera.cpp.dumppreviewpayload"
09-07 14:29:02.161   674  7790 E ta      : TAAEC<ERROR> 2520: aec_process_parse_input_info: AEC error: invalid param type: 21
09-07 14:29:02.162   674  7790 I ta      : TAAEC< INFO> 4280: aec_process_calc_roi_luma_ctrl: FACE_PROTECTION: AE FACE FEATURE DISABLED
09-07 14:29:02.162   674  7790 I ta      : TAAEC< INFO> 4324: aec_process_calc_roi_luma_ctrl: FACE_PROTECTION: Face Portection FALSE
09-07 14:29:02.164   674  7790 E libc    : Access denied finding property "persist.front.camera.qcom.awb"
09-07 14:29:02.173   674  7812 E libc    : Access denied finding property "persist.aicamera.needlut"
09-07 14:29:02.187   674  7756 E         : cpp_thread_handle_process_buf_event, stream_type = 1
09-07 14:29:02.188   674  7756 E libc    : Access denied finding property "disable.cpp.power.collapse"
09-07 14:29:02.188   674  7756 E libc    : Access denied finding property "camera.cpp.dumppreviewpayload"
09-07 14:29:02.192   674  7790 E ta      : TAAEC<ERROR> 2520: aec_process_parse_input_info: AEC error: invalid param type: 21
09-07 14:29:02.195   674  7767 E libc    : Access denied finding property "persist.front.camera.qcom.awb"
09-07 14:29:02.206   674  7812 E libc    : Access denied finding property "persist.aicamera.needlut"
09-07 14:29:02.221   674  7756 E         : cpp_thread_handle_process_buf_event, stream_type = 1
09-07 14:29:02.221   674  7756 E libc    : Access denied finding property "disable.cpp.power.collapse"
09-07 14:29:02.221   674  7756 E libc    : Access denied finding property "camera.cpp.dumppreviewpayload"
09-07 14:29:02.226   674  7790 E ta      : TAAEC<ERROR> 2520: aec_process_parse_input_info: AEC error: invalid param type: 21
09-07 14:29:02.226   674  7790 I ta      : TAAEC< INFO> 4280: aec_process_calc_roi_luma_ctrl: FACE_PROTECTION: AE FACE FEATURE DISABLED
09-07 14:29:02.226   674  7790 I ta      : TAAEC< INFO> 4324: aec_process_calc_roi_luma_ctrl: FACE_PROTECTION: Face Portection FALSE
09-07 14:29:02.230   674  7767 E libc    : Access denied finding property "persist.front.camera.qcom.awb"
09-07 14:29:02.240   674  7812 E libc    : Access denied finding property "persist.aicamera.needlut"
09-07 14:29:02.254   674  7756 E         : cpp_thread_handle_process_buf_event, stream_type = 1
09-07 14:29:03.082   674   674 W CAM_MctBus_6: type=1400 audit(0.0:58375): avc: denied { read } for name="u:object_r:default_prop:s0" dev="tmpfs" ino=5760 scontext=u:r:hal_camera_default:s0 tcontext=u:object_r:default_prop:s0 tclass=file permissive=0
09-07 14:29:03.092   674   674 W CAM_dataPoll: type=1400 audit(0.0:58376): avc: denied { read } for name="u:object_r:default_prop:s0" dev="tmpfs" ino=5760 scontext=u:r:hal_camera_default:s0 tcontext=u:object_r:default_prop:s0 tclass=file permissive=0
09-07 14:29:03.112   674   674 W CAM_cpp : type=1400 audit(0.0:58377): avc: denied { read } for name="u:object_r:default_prop:s0" dev="tmpfs" ino=5760 scontext=u:r:hal_camera_default:s0 tcontext=u:object_r:default_prop:s0 tclass=file permissive=0
09-07 14:29:03.112   674   674 W CAM_cpp : type=1400 audit(0.0:58378): avc: denied { read } for name="u:object_r:default_prop:s0" dev="tmpfs" ino=5760 scontext=u:r:hal_camera_default:s0 tcontext=u:object_r:default_prop:s0 tclass=file permissive=0
09-07 14:29:03.122   674   674 W CAM_MctBus_6: type=1400 audit(0.0:58379): avc: denied { read } for name="u:object_r:default_prop:s0" dev="tmpfs" ino=5760 scontext=u:r:hal_camera_default:s0 tcontext=u:object_r:default_prop:s0 tclass=file permissive=0
09-07 14:29:04.122  1132  1132 W fingerprint@2.1: type=1400 audit(0.0:58482): avc: denied { read } for name="u:object_r:default_prop:s0" dev="tmpfs" ino=5760 scontext=u:r:hal_fingerprint_goodix:s0 tcontext=u:object_r:default_prop:s0 tclass=file permissive=0
09-07 14:29:04.132  1132  1132 W fingerprint@2.1: type=1400 audit(0.0:58483): avc: denied { read } for name="u:object_r:default_prop:s0" dev="tmpfs" ino=5760 scontext=u:r:hal_fingerprint_goodix:s0 tcontext=u:object_r:default_prop:s0 tclass=file permissive=0
09-07 14:29:04.152  1132  1132 W fingerprint@2.1: type=1400 audit(0.0:58484): avc: denied { read } for name="u:object_r:default_prop:s0" dev="tmpfs" ino=5760 scontext=u:r:hal_fingerprint_goodix:s0 tcontext=u:object_r:default_prop:s0 tclass=file permissive=0
09-07 14:29:04.182   674   674 W HwBinder:674_2: type=1400 audit(0.0:58485): avc: denied { read } for name="u:object_r:default_prop:s0" dev="tmpfs" ino=5760 scontext=u:r:hal_camera_default:s0 tcontext=u:object_r:default_prop:s0 tclass=file permissive=0
09-07 14:29:04.182   674   791 V qomx_image_core: OMX_FreeHandle:338]
09-07 14:29:04.182   674   791 D qomx_image_core: get_idx_from_handle:297] comp_idx 2 inst_idx 0
09-07 14:29:04.182  1710  5424 I PackageManager: ### pkg:Package{3ab7c70 com.bbk.updater}
09-07 14:29:04.187   674   791 V qomx_image_core: OMX_FreeHandle:373] Success
09-07 14:29:04.187   674   791 I qomx_image_core: OMX_Deinit:125] Complete
09-07 14:29:04.188   674   791 I Thermal-Lib: Thermal-Lib-Client: Unregisteration is successfull for handle:1
09-07 14:29:04.188   674   791 I Thermal-Lib: Thermal-Lib-Client: Unregisteration is successfull for handle:2
09-07 14:29:04.188   969  1086 I ThermalEngine: Thermal-Server: removing client on fd 64
09-07 14:29:04.189  1710  5741 W UsageStatsService: Event reported without a package name
09-07 14:29:04.189  1710  5741 W UsageStatsService: Event reported without a package name
09-07 14:29:04.199   674   791 E libc    : Access denied finding property "cameradaemon.SaveMemAtBoot"
09-07 14:29:04.199  1119  1119 V slim_daemon: [MAIN] run: Got IPC: 9902 from 0
09-07 14:29:04.199  1119  1119 D slim_daemon: [SLIM] No pending timeout events
09-07 14:29:04.202  4603  4603 W Binder:4603_4: type=1400 audit(0.0:58487): avc: denied { read } for name="u:object_r:vendor_camera_prop:s0" dev="tmpfs" ino=5850 scontext=u:r:system_app:s0 tcontext=u:object_r:vendor_camera_prop:s0 tclass=file permissive=0
09-07 14:29:04.202   681   758 I SDM     : ResourceImpl::SetMaxBandwidthMode: new bandwidth mode=0
09-07 14:29:04.203   674   791 E QCamera2HWI: QCamera2HardwareInterface VivoPostProc will be released: 0xd5af4f00
09-07 14:29:04.203   674   791 E         : yyan mm_pp_close, session id = 2
09-07 14:29:04.203   674   791 E         : yyan vis_stop_session
09-07 14:29:04.205   674  7855 D QCameraQuadraCfa: img_algo_shutdown:147 : E
09-07 14:29:04.205   674  7855 E quadracfa_dummy: inside dummy remosaic_deinit 1
09-07 14:29:04.205   674  7855 D QCameraQuadraCfa: img_algo_shutdown:152 : X
09-07 14:29:04.205   674   791 E         : yyan vis_stop_session -> vis_pp_module_deinit: done
09-07 14:29:04.205   674   791 E         : yyan vis_stop_session done
09-07 14:29:04.205   674   791 E         :  yyan  ppp_util_clsoe_vis_session, error = 1, session id = 2
09-07 14:29:04.206   674   791 I CCSG    : System free ram: 138890
09-07 14:29:04.206   674   791 I CCSG    : Process(674): VmSIZE 470564, VmRSS 174132
09-07 14:29:04.206   674   791 I CCSG    : System free ram: 138890
09-07 14:29:04.206   674   791 I CCSG    : Process(674): VmSIZE 470564, VmRSS 174132
09-07 14:29:04.210  2730  3867 E libc    : Access denied finding property "vendor.camera.aux.packagelist"
09-07 14:29:04.210  4603  4952 E libc    : Access denied finding property "vendor.camera.aux.packagelist"
09-07 14:29:04.210  8263  8399 E libc    : Access denied finding property "vendor.camera.aux.packagelist"
09-07 14:29:04.212   981 23465 I CameraService: disconnect: Disconnected client for camera 1 for PID 21997
09-07 14:29:04.213   686  2027 W qti_sensors_hal: activate: handle is 1, en is 0
09-07 14:29:04.213 15057 15069 D FaceDetectInScreenDoze: onFaceUnlockIconStatus status = 4
09-07 14:29:04.213  1710  1862 D UsbDeviceManager: handleMessage MSG_UPDATE_SCREEN_LOCK ,message.what=13
09-07 14:29:04.213  1710  1862 D UsbDeviceManager: functions=charging,adb ,mCurrentFunctionsStr=mtp,adb ,mCurrentFunctionsApplied=true
09-07 14:29:04.213  1710  1862 I UsbDeviceManager: Setting USB config to charging,adb
09-07 14:29:04.214   981 23465 V MediaPlayerNative: disconnect
09-07 14:29:04.214  1000 32358 V MediaPlayerService: disconnect(84) from pid 981
09-07 14:29:04.214  1000 32358 D NuPlayerDriver: reset(0xf1f640e0) at state 4
09-07 14:29:04.214  1000 32358 V NuPlayerDriver: updateMetrics(0xf1f640e0) from reset at state 4
09-07 14:29:04.214  1000 32358 V NuPlayerDriver: logMetrics(0xf1f640e0) from reset at state 4
09-07 14:29:04.215  1000 32358 V NuPlayerDriver: nothing to record (only 3 fields)
09-07 14:29:04.215  1000 32358 D NuPlayerDriver: notifyListener_l(0xf1f640e0), (8, 0, 0, -1), loop setting(0, 0)
09-07 14:29:04.215  1000  7745 D NuPlayer: kWhatReset
09-07 14:29:04.215  1000  7745 W AMessage: failed to post message as target looper for handler 0 is gone.
09-07 14:29:04.215  1000  7745 D NuPlayerDriver: notifyResetComplete(0xf1f640e0)
09-07 14:29:04.215  1000  7745 D NuPlayer: --performReset
09-07 14:29:04.216  1000 32358 V NuPlayerDriver: ~NuPlayerDriver(0xf1f640e0)
09-07 14:29:04.216  1000 32358 V NuPlayerDriver: updateMetrics(0xf1f640e0) from destructor at state 0
09-07 14:29:04.216  1000 32358 V NuPlayerDriver: logMetrics(0xf1f640e0) from destructor at state 0
09-07 14:29:04.216  1000 32358 V NuPlayerDriver: nothing to record (only 3 fields)
09-07 14:29:04.217   981 23465 V MediaPlayerNative: destructor
09-07 14:29:04.217   716 19128 V AudioFlinger: releasing 2545 from 981 for -1
09-07 14:29:04.217   716 19128 V AudioFlinger:  decremented refcount to 0
09-07 14:29:04.217   716 19128 V AudioFlinger: purging stale effects
09-07 14:29:04.218  1710  3752 D PowerManagerService: mTmpPrimaryDisplayIsDoze PRIMARY to doze DRAW_WAKE_LOCK                 'NightPearlShowServicePrimaryDisplay' ACQ=-268ms (uid=1000 (displayid =0 pid=3478)
09-07 14:29:04.218  1000 32358 V MediaPlayerService: Client(84) destructor pid = 981
09-07 14:29:04.218  1000 32358 V AudioSink: close
09-07 14:29:04.218  1000 32358 V MediaPlayerService: disconnect(84) from pid 981
09-07 14:29:04.218   981 23465 V MediaPlayerNative: disconnect
09-07 14:29:04.218   981 23465 V MediaPlayerNative: disconnect
09-07 14:29:04.219  1000 32358 V MediaPlayerService: disconnect(85) from pid 981
09-07 14:29:04.219  1000 32358 D NuPlayerDriver: reset(0xf04c61c0) at state 4
09-07 14:29:04.219  1000 32358 V NuPlayerDriver: updateMetrics(0xf04c61c0) from reset at state 4
09-07 14:29:04.219  1000 32358 V NuPlayerDriver: logMetrics(0xf04c61c0) from reset at state 4
09-07 14:29:04.219  1000 32358 V NuPlayerDriver: nothing to record (only 3 fields)
09-07 14:29:04.219  1000 32358 D NuPlayerDriver: notifyListener_l(0xf04c61c0), (8, 0, 0, -1), loop setting(0, 0)
09-07 14:29:04.219  1000  7761 D NuPlayer: kWhatReset
09-07 14:29:04.219  1000  7761 W AMessage: failed to post message as target looper for handler 0 is gone.
09-07 14:29:04.219  1000  7761 D NuPlayerDriver: notifyResetComplete(0xf04c61c0)
09-07 14:29:04.219  1000  7761 D NuPlayer: --performReset
09-07 14:29:04.219  1000 32358 V NuPlayerDriver: ~NuPlayerDriver(0xf04c61c0)
09-07 14:29:04.220  1000 32358 V NuPlayerDriver: updateMetrics(0xf04c61c0) from destructor at state 0
09-07 14:29:04.220  1000 32358 V NuPlayerDriver: logMetrics(0xf04c61c0) from destructor at state 0
09-07 14:29:04.220  1000 32358 V NuPlayerDriver: nothing to record (only 3 fields)
09-07 14:29:04.220  1710  5422 D PowerManagerService: mTmpPrimaryDisplayIsDoze PRIMARY to doze DRAW_WAKE_LOCK                 'NightPearlShowServicePrimaryDisplay' ACQ=-270ms (uid=1000 (displayid =0 pid=3478)
09-07 14:29:04.220   981 23465 V MediaPlayerNative: destructor
09-07 14:29:04.220   716 19128 V AudioFlinger: releasing 2553 from 981 for -1
09-07 14:29:04.220   716 19128 V AudioFlinger:  decremented refcount to 0
09-07 14:29:04.220   716 19128 V AudioFlinger: purging stale effects
09-07 14:29:04.220   981 23465 V MediaPlayerNative: disconnect
09-07 14:29:04.220   981 23465 V MediaPlayerNative: disconnect
09-07 14:29:04.221  1000 32358 V MediaPlayerService: Client(85) destructor pid = 981
09-07 14:29:04.221  1000 32358 V AudioSink: close
09-07 14:29:04.221  1000 32358 V MediaPlayerService: disconnect(85) from pid 981
09-07 14:29:04.221  1000 22781 V MediaPlayerService: disconnect(86) from pid 981
09-07 14:29:04.221  1000 22781 D NuPlayerDriver: reset(0xf04c6120) at state 4
09-07 14:29:04.221  1000 22781 V NuPlayerDriver: updateMetrics(0xf04c6120) from reset at state 4
09-07 14:29:04.221  1000 22781 V NuPlayerDriver: logMetrics(0xf04c6120) from reset at state 4
09-07 14:29:04.221  1000 22781 V NuPlayerDriver: nothing to record (only 3 fields)
09-07 14:29:04.221  1000 22781 D NuPlayerDriver: notifyListener_l(0xf04c6120), (8, 0, 0, -1), loop setting(0, 0)
09-07 14:29:04.221  1000  7782 D NuPlayer: kWhatReset
09-07 14:29:04.221  1000  7782 W AMessage: failed to post message as target looper for handler 0 is gone.
09-07 14:29:04.222  1000  7782 D NuPlayerDriver: notifyResetComplete(0xf04c6120)
09-07 14:29:04.222  1000  7782 D NuPlayer: --performReset
09-07 14:29:04.222  1000 22781 V NuPlayerDriver: ~NuPlayerDriver(0xf04c6120)
09-07 14:29:04.222  1000 22781 V NuPlayerDriver: updateMetrics(0xf04c6120) from destructor at state 0
09-07 14:29:04.222  1000 22781 V NuPlayerDriver: logMetrics(0xf04c6120) from destructor at state 0
09-07 14:29:04.222  1000 22781 V NuPlayerDriver: nothing to record (only 3 fields)
09-07 14:29:04.223   981 23465 V MediaPlayerNative: destructor
09-07 14:29:04.224   716 19128 V AudioFlinger: releasing 2561 from 981 for -1
09-07 14:29:04.224   716 19128 V AudioFlinger:  decremented refcount to 0
