09-07 14:30:15.260  2793  2793 D ViewRootImpl[DockedStackDivider]: onDisplayChange oldDisplayState=4 newDisplayState=3
09-07 14:30:15.261   718   718 D SurfaceFlinger: Finished set power mode=1, type=0
09-07 14:30:15.262  1710  3776 D FingerprintWakeHook: Display state changed to DOZE
09-07 14:30:15.263  2389  2389 D ViewRootImpl[NavigationBar]: onDisplayChange oldDisplayState=4 newDisplayState=3
09-07 14:30:15.263  2730  2730 D ViewRootImpl[UpSlideTransparentView]: onDisplayChange oldDisplayState=4 newDisplayState=3
09-07 14:30:15.264  4383  4383 D ViewRootImpl[Launcher]: onDisplayChange oldDisplayState=4 newDisplayState=3
09-07 14:30:15.264  2730  2730 D ViewRootImpl[SideSlideDisplayPanel]: onDisplayChange oldDisplayState=4 newDisplayState=3
09-07 14:30:15.265  2793  2793 D ViewRootImpl[PopMenuView]: onDisplayChange oldDisplayState=4 newDisplayState=3
09-07 14:30:15.266  2730  2730 D ViewRootImpl[SideSlideGestureBar-Left]: onDisplayChange oldDisplayState=4 newDisplayState=3
09-07 14:30:15.267  4340  4340 D ViewRootImpl[FloatingBallIdleView]: onDisplayChange oldDisplayState=4 newDisplayState=3
09-07 14:30:15.267  2389  2389 D ViewRootImpl[StatusBar]: onDisplayChange oldDisplayState=4 newDisplayState=3
09-07 14:30:15.268  4340  4340 D ViewRootImpl[FloatingBallExpandedView]: onDisplayChange oldDisplayState=4 newDisplayState=3
09-07 14:30:15.268  3478  3478 D ViewRootImpl[AOD]: pokeDrawLockedIfNeeded displayState=4
09-07 14:30:15.269  2730  2730 D ViewRootImpl[SideSlideGestureBar-Right]: onDisplayChange oldDisplayState=4 newDisplayState=3
09-07 14:30:15.269  1710  5421 D PowerManagerService: mTmpPrimaryDisplayIsDoze PRIMARY to doze DRAW_WAKE_LOCK                 'NightPearlShowServicePrimaryDisplay' ACQ=-6ms (uid=1000 (displayid =0 pid=3478)
09-07 14:30:15.269  4340  4340 D ViewRootImpl[FloatingBallContent]: onDisplayChange oldDisplayState=4 newDisplayState=3
09-07 14:30:15.269  1710  5742 D WindowManager: pokeDrawLock: poking draw lock on behalf of visible window owned by com.vivo.nightpearl
09-07 14:30:15.270  1710  5742 D PowerManagerService: acquireWakeLockInternal: lock=115851332, flags=0x80, tag="Window:AOD", ws=WorkSource{1000 com.vivo.nightpearl}, uid=1000, pid=1710
09-07 14:30:15.270  1710  5742 D PowerManagerService: mTmpPrimaryDisplayIsDoze PRIMARY to doze DRAW_WAKE_LOCK                 'NightPearlShowServicePrimaryDisplay' ACQ=-7ms (uid=1000 (displayid =0 pid=3478)
09-07 14:30:15.270  1710  5742 D PowerManagerService: mTmpPrimaryDisplayIsDoze PRIMARY to doze DRAW_WAKE_LOCK                 'Window:AOD' (uid=1000 (displayid =0 pid=1710 ws=WorkSource{1000 com.vivo.nightpearl})
09-07 14:30:15.270  2730  2730 D ViewRootImpl[SideSlideGestureBar-Bottom]: onDisplayChange oldDisplayState=4 newDisplayState=3
09-07 14:30:15.271  4514  4514 D ViewRootImpl[HiBoard]: onDisplayChange oldDisplayState=4 newDisplayState=3
09-07 14:30:15.272  1710  5425 D PowerManagerService: mTmpPrimaryDisplayIsDoze PRIMARY to doze DRAW_WAKE_LOCK                 'NightPearlShowServicePrimaryDisplay' ACQ=-9ms (uid=1000 (displayid =0 pid=3478)
09-07 14:30:15.272  4340  4340 D ViewRootImpl[FloatingBallEdgeView]: onDisplayChange oldDisplayState=4 newDisplayState=3
09-07 14:30:15.272  1710  5425 D PowerManagerService: mTmpPrimaryDisplayIsDoze PRIMARY to doze DRAW_WAKE_LOCK                 'Window:AOD' ACQ=-1ms (uid=1000 (displayid =0 pid=1710 ws=WorkSource{1000 com.vivo.nightpearl})
09-07 14:30:15.273  3478  3478 D ViewRootImpl[AOD]: onDisplayChange oldDisplayState=4 newDisplayState=3
09-07 14:30:15.273  3478  3478 D ViewRootImpl[AOD]: pokeDrawLockedIfNeeded displayState=3
09-07 14:30:15.273  2730  2730 D ViewRootImpl[RecentsActivity]: onDisplayChange oldDisplayState=4 newDisplayState=3
09-07 14:30:15.277  4603  4603 D ViewRootImpl[LocalCameraActivity]: onDisplayChange oldDisplayState=4 newDisplayState=3
09-07 14:30:15.277  1710  5424 D WindowManager: pokeDrawLock: poking draw lock on behalf of visible window owned by com.vivo.nightpearl
09-07 14:30:15.277  1710  5424 D PowerManagerService: acquireWakeLockInternal: lock=115851332, flags=0x80, tag="Window:AOD", ws=WorkSource{1000 com.vivo.nightpearl}, uid=1000, pid=1710
09-07 14:30:15.278  1710  5424 D PowerManagerService: mTmpPrimaryDisplayIsDoze PRIMARY to doze DRAW_WAKE_LOCK                 'NightPearlShowServicePrimaryDisplay' ACQ=-15ms (uid=1000 (displayid =0 pid=3478)
09-07 14:30:15.278  1710  5424 D PowerManagerService: mTmpPrimaryDisplayIsDoze PRIMARY to doze DRAW_WAKE_LOCK                 'Window:AOD' ACQ=-7ms (uid=1000 (displayid =0 pid=1710 ws=WorkSource{1000 com.vivo.nightpearl})
09-07 14:30:15.279  4737  4737 D ViewRootImpl[InputMethod]: onDisplayChange oldDisplayState=4 newDisplayState=3
09-07 14:30:15.280  2762  2762 I NetLowlatency: is automode : true
09-07 14:30:15.280  2762  2762 I NetLowlatency: get the current uplink latency level is 1
09-07 14:30:15.282  2389  2389 D ViewRootImpl[AssistPreviewPanel]: onDisplayChange oldDisplayState=4 newDisplayState=3
09-07 14:30:15.284  1710  5742 D PowerManagerService: mTmpPrimaryDisplayIsDoze PRIMARY to doze DRAW_WAKE_LOCK                 'NightPearlShowServicePrimaryDisplay' ACQ=-21ms (uid=1000 (displayid =0 pid=3478)
09-07 14:30:15.284  1710  5742 D PowerManagerService: mTmpPrimaryDisplayIsDoze PRIMARY to doze DRAW_WAKE_LOCK                 'Window:AOD' ACQ=-13ms (uid=1000 (displayid =0 pid=1710 ws=WorkSource{1000 com.vivo.nightpearl})
09-07 14:30:15.292  4836  4836 D ViewRootImpl[SecureInputMethod]: onDisplayChange oldDisplayState=4 newDisplayState=3
09-07 14:30:15.294  1710  5742 D PowerManagerService: mTmpPrimaryDisplayIsDoze PRIMARY to doze DRAW_WAKE_LOCK                 'NightPearlShowServicePrimaryDisplay' ACQ=-31ms (uid=1000 (displayid =0 pid=3478)
09-07 14:30:15.294  1710  5742 D PowerManagerService: mTmpPrimaryDisplayIsDoze PRIMARY to doze DRAW_WAKE_LOCK                 'Window:AOD' ACQ=-23ms (uid=1000 (displayid =0 pid=1710 ws=WorkSource{1000 com.vivo.nightpearl})
09-07 14:30:15.296 27792 27792 D ViewRootImpl[BrowserActivity]: onDisplayChange oldDisplayState=4 newDisplayState=3
09-07 14:30:15.299  1710  5424 D PowerManagerService: mTmpPrimaryDisplayIsDoze PRIMARY to doze DRAW_WAKE_LOCK                 'NightPearlShowServicePrimaryDisplay' ACQ=-36ms (uid=1000 (displayid =0 pid=3478)
09-07 14:30:15.299  1710  5424 D PowerManagerService: mTmpPrimaryDisplayIsDoze PRIMARY to doze DRAW_WAKE_LOCK                 'Window:AOD' ACQ=-28ms (uid=1000 (displayid =0 pid=1710 ws=WorkSource{1000 com.vivo.nightpearl})
09-07 14:30:15.302  1710  2052 I InputReader: Reconfiguring input devices.  changes=0x00000004
09-07 14:30:15.307   718   718 I ConfigStore: android::hardware::configstore::V1_0::ISurfaceFlingerConfigs::hasHDRDisplay retrieved: 0
09-07 14:30:15.312 27792 27792 D ViewRootImpl[BrowserActivity]: onDisplayChange oldDisplayState=4 newDisplayState=3
09-07 14:30:15.326  1710  5424 D PowerManagerService: mTmpPrimaryDisplayIsDoze PRIMARY to doze DRAW_WAKE_LOCK                 'NightPearlShowServicePrimaryDisplay' ACQ=-63ms (uid=1000 (displayid =0 pid=3478)
09-07 14:30:15.326  1710  5424 D PowerManagerService: mTmpPrimaryDisplayIsDoze PRIMARY to doze DRAW_WAKE_LOCK                 'Window:AOD' ACQ=-56ms (uid=1000 (displayid =0 pid=1710 ws=WorkSource{1000 com.vivo.nightpearl})
09-07 14:30:15.329  1710  5424 D PowerManagerService: mTmpPrimaryDisplayIsDoze PRIMARY to doze DRAW_WAKE_LOCK                 'NightPearlShowServicePrimaryDisplay' ACQ=-66ms (uid=1000 (displayid =0 pid=3478)
09-07 14:30:15.329  1710  5424 D PowerManagerService: mTmpPrimaryDisplayIsDoze PRIMARY to doze DRAW_WAKE_LOCK                 'Window:AOD' ACQ=-58ms (uid=1000 (displayid =0 pid=1710 ws=WorkSource{1000 com.vivo.nightpearl})
09-07 14:30:15.330  1710  5421 D PowerManagerService: mTmpPrimaryDisplayIsDoze PRIMARY to doze DRAW_WAKE_LOCK                 'NightPearlShowServicePrimaryDisplay' ACQ=-67ms (uid=1000 (displayid =0 pid=3478)
09-07 14:30:15.330  1710  5421 D PowerManagerService: mTmpPrimaryDisplayIsDoze PRIMARY to doze DRAW_WAKE_LOCK                 'Window:AOD' ACQ=-59ms (uid=1000 (displayid =0 pid=1710 ws=WorkSource{1000 com.vivo.nightpearl})
09-07 14:30:15.331  1710  5742 D PowerManagerService: mTmpPrimaryDisplayIsDoze PRIMARY to doze DRAW_WAKE_LOCK                 'NightPearlShowServicePrimaryDisplay' ACQ=-68ms (uid=1000 (displayid =0 pid=3478)
09-07 14:30:15.331  1710  5742 D PowerManagerService: mTmpPrimaryDisplayIsDoze PRIMARY to doze DRAW_WAKE_LOCK                 'Window:AOD' ACQ=-60ms (uid=1000 (displayid =0 pid=1710 ws=WorkSource{1000 com.vivo.nightpearl})
09-07 14:30:15.333  1710  5742 D PowerManagerService: mTmpPrimaryDisplayIsDoze PRIMARY to doze DRAW_WAKE_LOCK                 'NightPearlShowServicePrimaryDisplay' ACQ=-70ms (uid=1000 (displayid =0 pid=3478)
09-07 14:30:15.333  1710  5742 D PowerManagerService: mTmpPrimaryDisplayIsDoze PRIMARY to doze DRAW_WAKE_LOCK                 'Window:AOD' ACQ=-62ms (uid=1000 (displayid =0 pid=1710 ws=WorkSource{1000 com.vivo.nightpearl})
09-07 14:30:15.336  1710  5742 D PowerManagerService: mTmpPrimaryDisplayIsDoze PRIMARY to doze DRAW_WAKE_LOCK                 'NightPearlShowServicePrimaryDisplay' ACQ=-73ms (uid=1000 (displayid =0 pid=3478)
09-07 14:30:15.336  1710  5742 D PowerManagerService: mTmpPrimaryDisplayIsDoze PRIMARY to doze DRAW_WAKE_LOCK                 'Window:AOD' ACQ=-65ms (uid=1000 (displayid =0 pid=1710 ws=WorkSource{1000 com.vivo.nightpearl})
09-07 14:30:15.338  1710  5742 D PowerManagerService: mTmpPrimaryDisplayIsDoze PRIMARY to doze DRAW_WAKE_LOCK                 'NightPearlShowServicePrimaryDisplay' ACQ=-75ms (uid=1000 (displayid =0 pid=3478)
09-07 14:30:15.338  1710  5742 D PowerManagerService: mTmpPrimaryDisplayIsDoze PRIMARY to doze DRAW_WAKE_LOCK                 'Window:AOD' ACQ=-68ms (uid=1000 (displayid =0 pid=1710 ws=WorkSource{1000 com.vivo.nightpearl})
09-07 14:30:15.344  1710  5742 D PowerManagerService: mTmpPrimaryDisplayIsDoze PRIMARY to doze DRAW_WAKE_LOCK                 'NightPearlShowServicePrimaryDisplay' ACQ=-81ms (uid=1000 (displayid =0 pid=3478)
09-07 14:30:15.344  1710  5742 D PowerManagerService: mTmpPrimaryDisplayIsDoze PRIMARY to doze DRAW_WAKE_LOCK                 'Window:AOD' ACQ=-73ms (uid=1000 (displayid =0 pid=1710 ws=WorkSource{1000 com.vivo.nightpearl})
09-07 14:30:15.351  1710  5742 D PowerManagerService: mTmpPrimaryDisplayIsDoze PRIMARY to doze DRAW_WAKE_LOCK                 'NightPearlShowServicePrimaryDisplay' ACQ=-88ms (uid=1000 (displayid =0 pid=3478)
09-07 14:30:15.351  1710  5742 D PowerManagerService: mTmpPrimaryDisplayIsDoze PRIMARY to doze DRAW_WAKE_LOCK                 'Window:AOD' ACQ=-80ms (uid=1000 (displayid =0 pid=1710 ws=WorkSource{1000 com.vivo.nightpearl})
09-07 14:30:15.367  1710  5742 D PowerManagerService: mTmpPrimaryDisplayIsDoze PRIMARY to doze DRAW_WAKE_LOCK                 'NightPearlShowServicePrimaryDisplay' ACQ=-105ms (uid=1000 (displayid =0 pid=3478)
09-07 14:30:15.368  1710  5742 D PowerManagerService: mTmpPrimaryDisplayIsDoze PRIMARY to doze DRAW_WAKE_LOCK                 'Window:AOD' ACQ=-97ms (uid=1000 (displayid =0 pid=1710 ws=WorkSource{1000 com.vivo.nightpearl})
09-07 14:30:15.374  1710  5421 D PowerManagerService: mTmpPrimaryDisplayIsDoze PRIMARY to doze DRAW_WAKE_LOCK                 'NightPearlShowServicePrimaryDisplay' ACQ=-111ms (uid=1000 (displayid =0 pid=3478)
09-07 14:30:15.374  1710  5421 D PowerManagerService: mTmpPrimaryDisplayIsDoze PRIMARY to doze DRAW_WAKE_LOCK                 'Window:AOD' ACQ=-103ms (uid=1000 (displayid =0 pid=1710 ws=WorkSource{1000 com.vivo.nightpearl})
09-07 14:30:15.399  1710  1710 D PowerManagerService: releaseWakeLockInternal: lock=115851332 [Window:AOD], flags=0x10000
09-07 14:30:15.399  1710  1710 D PowerManagerService: mTmpPrimaryDisplayIsDoze PRIMARY to doze DRAW_WAKE_LOCK                 'NightPearlShowServicePrimaryDisplay' ACQ=-136ms (uid=1000 (displayid =0 pid=3478)
09-07 14:30:15.530  1710  5424 D PowerManagerService: mTmpPrimaryDisplayIsDoze PRIMARY to doze DRAW_WAKE_LOCK                 'NightPearlShowServicePrimaryDisplay' ACQ=-267ms (uid=1000 (displayid =0 pid=3478)
09-07 14:30:15.536  1710  5424 D PowerManagerService: mTmpPrimaryDisplayIsDoze PRIMARY to doze DRAW_WAKE_LOCK                 'NightPearlShowServicePrimaryDisplay' ACQ=-273ms (uid=1000 (displayid =0 pid=3478)
09-07 14:30:15.568  1710  5424 D PowerManagerService: releaseWakeLockInternal: lock=189073395 [NightPearlShowServicePrimaryDisplay], flags=0x10000
09-07 14:30:15.572  1710  1863 I DisplayManagerService: Display device changed state: "", DOZE_SUSPEND
09-07 14:30:15.572   718   718 D SurfaceFlinger: Set power mode=3, type=0 flinger=0x775f255000
09-07 14:30:15.574   681   824 I SDM     : DisplayBase::SetDisplayState: Set state = 3, display 0
09-07 14:30:15.574  1710  1840 D ViewRootImpl[RatioSwitchButtonView]: onDisplayChange oldDisplayState=3 newDisplayState=4
09-07 14:30:15.579   718   718 D SurfaceFlinger: Finished set power mode=3, type=0
09-07 14:30:15.581  2793  2793 D ViewRootImpl[DockedStackDivider]: onDisplayChange oldDisplayState=3 newDisplayState=4
09-07 14:30:15.583  2730  2730 D ViewRootImpl[UpSlideTransparentView]: onDisplayChange oldDisplayState=3 newDisplayState=4
09-07 14:30:15.583  4383  4383 D ViewRootImpl[Launcher]: onDisplayChange oldDisplayState=3 newDisplayState=4
09-07 14:30:15.584  1710  5424 D FingerprintWakeHook: Display state changed to DOZE_SUSPEND
09-07 14:30:15.584  2793  2793 D ViewRootImpl[PopMenuView]: onDisplayChange oldDisplayState=3 newDisplayState=4
09-07 14:30:15.585  4340  4340 D ViewRootImpl[FloatingBallIdleView]: onDisplayChange oldDisplayState=3 newDisplayState=4
09-07 14:30:15.587  4514  4514 D ViewRootImpl[HiBoard]: onDisplayChange oldDisplayState=3 newDisplayState=4
09-07 14:30:15.587  4340  4340 D ViewRootImpl[FloatingBallExpandedView]: onDisplayChange oldDisplayState=3 newDisplayState=4
09-07 14:30:15.588  2730  2730 D ViewRootImpl[SideSlideDisplayPanel]: onDisplayChange oldDisplayState=3 newDisplayState=4
09-07 14:30:15.590  2389  2389 D ViewRootImpl[NavigationBar]: onDisplayChange oldDisplayState=3 newDisplayState=4
09-07 14:30:15.591  3478  3478 D ViewRootImpl[AOD]: onDisplayChange oldDisplayState=3 newDisplayState=4
09-07 14:30:15.592  2730  2730 D ViewRootImpl[SideSlideGestureBar-Left]: onDisplayChange oldDisplayState=3 newDisplayState=4
09-07 14:30:15.592  4603  4603 D ViewRootImpl[LocalCameraActivity]: onDisplayChange oldDisplayState=3 newDisplayState=4
09-07 14:30:15.593  4737  4737 D ViewRootImpl[InputMethod]: onDisplayChange oldDisplayState=3 newDisplayState=4
09-07 14:30:15.594  4836  4836 D ViewRootImpl[SecureInputMethod]: onDisplayChange oldDisplayState=3 newDisplayState=4
09-07 14:30:15.596  4340  4340 D ViewRootImpl[FloatingBallContent]: onDisplayChange oldDisplayState=3 newDisplayState=4
09-07 14:30:15.598  2730  2730 D ViewRootImpl[SideSlideGestureBar-Right]: onDisplayChange oldDisplayState=3 newDisplayState=4
09-07 14:30:15.599  2730  2730 D ViewRootImpl[SideSlideGestureBar-Bottom]: onDisplayChange oldDisplayState=3 newDisplayState=4
09-07 14:30:15.601  2730  2730 D ViewRootImpl[RecentsActivity]: onDisplayChange oldDisplayState=3 newDisplayState=4
09-07 14:30:15.601  2389  2389 D ViewRootImpl[StatusBar]: onDisplayChange oldDisplayState=3 newDisplayState=4
09-07 14:30:15.604  4340  4340 D ViewRootImpl[FloatingBallEdgeView]: onDisplayChange oldDisplayState=3 newDisplayState=4
09-07 14:30:15.606 27792 27792 D ViewRootImpl[BrowserActivity]: onDisplayChange oldDisplayState=3 newDisplayState=4
09-07 14:30:15.608  1710  2052 I InputReader: Reconfiguring input devices.  changes=0x00000004
09-07 14:30:15.609  2389  2389 D ViewRootImpl[AssistPreviewPanel]: onDisplayChange oldDisplayState=3 newDisplayState=4
09-07 14:30:15.616 27792 27792 D ViewRootImpl[BrowserActivity]: onDisplayChange oldDisplayState=3 newDisplayState=4
09-07 14:30:18.185  1710  2037 V AlarmAlign: mAlarmBatches = 69, triggerList = 1
09-07 14:30:18.185  1710  2037 V AlarmAlign: setLocked to kernel, type = 2, when = 471941816, curTime = 471900000
09-07 14:30:18.185  1710  2037 V AlarmAlign: setLocked to kernel, type = 3, when = 472061818, curTime = 471900001
09-07 14:30:18.256  1710  1767 D PackageManager: package:10018 check permission,PERMISSION_GRANTED
09-07 14:30:18.258  1710  1767 D PackageManager: package:10018 check permission,PERMISSION_GRANTED
09-07 14:30:18.260  1710  5742 D PackageManager: package:10018 check permission,PERMISSION_GRANTED
09-07 14:30:18.261  1710  5742 D PackageManager: package:10018 check permission,PERMISSION_GRANTED
09-07 14:30:18.264  1710  1767 D PackageManager: package:10018 check permission,PERMISSION_GRANTED
09-07 14:30:18.271  1710  1767 D PackageManager: package:10018 check permission,PERMISSION_GRANTED
09-07 14:30:18.272  1710  5742 D PackageManager: package:10018 check permission,PERMISSION_GRANTED
09-07 14:30:21.824 32420  1714 E memtrack: Couldn't load memtrack module
09-07 14:30:21.825 32420  1714 W android.os.Debug: failed to get memory consumption info: -1
09-07 14:30:22.685 32420   954 I SmartThreadExecutor: handleMessage: start check 0
09-07 14:30:22.686 32420   954 I SmartThreadExecutor: handleMessage: check end 0 -48 false
09-07 14:30:25.122   700   700 W atcmd@1.0-servi: type=1400 audit(0.0:58505): avc: denied { write } for name="property_service" dev="tmpfs" ino=5911 scontext=u:r:hal_atcmd_default:s0 tcontext=u:object_r:property_socket:s0 tclass=sock_file permissive=0
09-07 14:30:25.133   700 28321 D EM_LOG_AtcmdFramework: 614:dpdt_indication_cb(): msg_id = 68, ind_buf_len = 10
09-07 14:30:25.133   700 28321 D EM_LOG_AtcmdFramework: 642:dpdt_indication_cb(): tx_antenna_state_len: 2
09-07 14:30:25.133   700 28321 D EM_LOG_AtcmdFramework: 670:dpdt_indication_cb(): antenna_id[0]: 0 ,,, new_state[0]: 0 ,,, old_state[0]: 1
09-07 14:30:25.133   700 28321 D EM_LOG_AtcmdFramework: 660:dpdt_indication_cb(): antenna_id_change down down down  old_time: 1662532173  dpdt_up_time:429420  time_now:1662532225
09-07 14:30:25.134   700 28321 W libc    : Unable to set property "sys.dpdt.antenna_id" to "1": connection failed; errno=13 (Permission denied)
09-07 14:30:25.134   700 28321 D EM_LOG_AtcmdFramework: 670:dpdt_indication_cb(): antenna_id[1]: 1 ,,, new_state[1]: 1 ,,, old_state[1]: 0
09-07 14:30:25.168 32400 32547 D MemoryCeilingMonitor: [handleMemoryCalculate]
09-07 14:30:25.169 32400 32547 D MemoryCeilingMonitor: [calculate] tot: 2924746, max: 268435456, free: 368530, heap: 2556216, per: 0.00952264666557312
09-07 14:30:30.015  1710  1710 V AlarmAlign: setLocked to kernel, type = 2, when = 471941816, curTime = 471911831
09-07 14:30:30.015  1710  1710 V AlarmAlign: setLocked to kernel, type = 3, when = 471941816, curTime = 471911831
09-07 14:30:30.021  4383  4437 E BitmapFactory: Unable to decode stream: java.io.FileNotFoundException: /oem/etc/theme/icons/dynamic_icon/com.android.BBKClock/res/drawable-sw360dp-xxhdpi/clock_hour.png (No such file or directory)
09-07 14:30:30.024  4383  4437 E BitmapFactory: Unable to decode stream: java.io.FileNotFoundException: /oem/etc/theme/icons/dynamic_icon/com.android.BBKClock/res/drawable-sw360dp-xxhdpi/clock_minute.png (No such file or directory)
09-07 14:30:30.026  4383  4437 E BitmapFactory: Unable to decode stream: java.io.FileNotFoundException: /oem/etc/theme/icons/dynamic_icon/com.android.BBKClock/res/drawable-sw360dp-xxhdpi/clock_dial.png (No such file or directory)
09-07 14:30:30.033  4383  4437 E BitmapFactory: Unable to decode stream: java.io.FileNotFoundException: /oem/etc/theme/icons/dynamic_icon/com.android.BBKClock/res/drawable-sw360dp-xxhdpi/clock_dial_center.png (No such file or directory)
09-07 14:30:30.051  4383  4383 D ViewRootImpl[Launcher]: pokeDrawLockedIfNeeded displayState=4
09-07 14:30:30.051  1710  5742 D WindowManager: pokeDrawLock: suppressed draw lock request for invisible window owned by com.bbk.launcher2
09-07 14:30:31.273  1710  5742 D PackageManager: package:10569 check permission,PERMISSION_GRANTED
09-07 14:30:31.486  8163 11455 E memtrack: Couldn't load memtrack module
09-07 14:30:31.487  8163 11455 W android.os.Debug: failed to get memory consumption info: -1
09-07 14:30:31.629  1710  5742 D PackageManager: package:10569 check permission,PERMISSION_GRANTED
09-07 14:30:31.994 32420  1714 E memtrack: Couldn't load memtrack module
09-07 14:30:31.994 32420  1714 W android.os.Debug: failed to get memory consumption info: -1
09-07 14:30:35.171 32400 32547 D MemoryCeilingMonitor: [handleMemoryCalculate]
09-07 14:30:35.171 32400 32547 D MemoryCeilingMonitor: [calculate] tot: 2924746, max: 268435456, free: 335618, heap: 2589128, per: 0.009645253419876099
09-07 14:30:37.029  2762  3803 D QtiRilInterface: instance = com.qualcomm.qti.internal.telephony.QtiRilInterface@8b9485f
09-07 14:30:37.031  3397  3409 D QcrilMsgTunnelIfaceManager: needAddWaitTime return false byte = -7
09-07 14:30:37.031  3397  3397 D QcrilMsgTunnelIfaceManager: handleMessage what = 1
09-07 14:30:37.037  3397  3397 I QcrilOemhookMsgTunnel: [0]invokeOemRilRequestRaw: serial=2767 length=26
09-07 14:30:37.037  3397  3397 D QcrilOemhookMsgTunnel: 2767 > OEM_HOOK_RAW[514f454d484f4f4bf90108000a00000002656d70747900000000]
09-07 14:30:37.037  3397  3397 D QcrilOemhookMsgTunnel: Calling HIDL oemHookRawRequest
09-07 14:30:37.044  3397  3418 I QcrilOemhookMsgTunnel: [0]processOemHookResponse serial no: 2767 error: 0length=267
09-07 14:30:37.044  3397  3418 D QcrilOemhookMsgTunnel: [2767] < OEM_HOOK_RAW [[B@e36a1d0]
09-07 14:30:37.044  3397  3418 D QcrilOemhookMsgTunnel: { id=6672 when=-1d12h34m38s843ms what=2 obj=com.qualcomm.qcrilmsgtunnel.QcrilMsgTunnelIfaceManager$MessageRequest@97075c9 target=com.qualcomm.qcrilmsgtunnel.QcrilMsgTunnelIfaceManager$1 }
09-07 14:30:37.046  3397  3397 D QcrilMsgTunnelIfaceManager: handleMessage what = 2
09-07 14:30:37.068  2762  2762 D CallNotifier: [CFIDebug] STATE_OUT_OF_SERVICE arg1: 0 ,for phone0
09-07 14:30:37.077  1710  5742 D PackageManager: package:1001 check permission,PERMISSION_GRANTED
09-07 14:30:37.083  1710  1839 D ActivityManager: StartMode packageName = com.vivo.daemonService ,callingPid = -1 ,alwaysRestrict = true ,startMode = 2 ,UidRec:UidRecord{d0d1b3f 1000 PER  procs:33 seq(0,0,0)}
09-07 14:30:37.083  2389  2389 D KeyguardUpdateMonitor: received broadcast android.intent.action.SERVICE_STATE
09-07 14:30:37.084  2389  2389 V KeyguardUpdateMonitor: action android.intent.action.SERVICE_STATE serviceState={mVoiceRegState=1(OUT_OF_SERVICE), mDataRegState=1(OUT_OF_SERVICE), mChannelNumber=618, duplexMode()=0, mCellBandwidths=[], mVoiceRoamingType=home, mDataRoamingType=home, mVoiceOperatorAlphaLong=, mVoiceOperatorAlphaShort=, mDataOperatorAlphaLong=, mDataOperatorAlphaShort=, isManualNetworkSelection=false(automatic), mRilVoiceRadioTechnology=0(Unknown), mRilDataRadioTechnology=0(Unknown), mCssIndicator=unsupported, mNetworkId=-1, mSystemId=-1, mCdmaRoamingIndicator=-1, mCdmaDefaultRoamingIndicator=-1, mIsEmergencyOnly=true, mIsDataRoamingFromRegistration=false, mIsUsingCarrierAggregation=false, mLteEarfcnRsrpBoost=0, mNetworkRegistrationStates=[]} subId=2147483643
09-07 14:30:37.084  2389  2389 D KeyguardUpdateMonitor: handleServiceStateChange(subId=2147483643,phoneId=0, serviceState={mVoiceRegState=1(OUT_OF_SERVICE), mDataRegState=1(OUT_OF_SERVICE), mChannelNumber=618, duplexMode()=0, mCellBandwidths=[], mVoiceRoamingType=home, mDataRoamingType=home, mVoiceOperatorAlphaLong=, mVoiceOperatorAlphaShort=, mDataOperatorAlphaLong=, mDataOperatorAlphaShort=, isManualNetworkSelection=false(automatic), mRilVoiceRadioTechnology=0(Unknown), mRilDataRadioTechnology=0(Unknown), mCssIndicator=unsupported, mNetworkId=-1, mSystemId=-1, mCdmaRoamingIndicator=-1, mCdmaDefaultRoamingIndicator=-1, mIsEmergencyOnly=true, mIsDataRoamingFromRegistration=false, mIsUsingCarrierAggregation=false, mLteEarfcnRsrpBoost=0, mNetworkRegistrationStates=[]}
09-07 14:30:37.084  2389  2389 E KeyguardUpdateMonitor: serviceState is null in handleServiceStateChange()
09-07 14:30:37.085  2389  2389 D CarrierText: updateCarrierText(): 0
09-07 14:30:37.095  2762  2762 D NotificationMgr: start updateNetworkSelection...
09-07 14:30:37.100  1710  1839 D CompatibilityInfo: mCompatibilityFlags - 0
09-07 14:30:37.100  1710  1839 D CompatibilityInfo: applicationDensity - 480
09-07 14:30:37.100  1710  1839 D CompatibilityInfo: applicationScale - 1.0
09-07 14:30:37.103  2389  2389 D CarrierText: Getting plmn/spn sticky brdcst /
09-07 14:30:37.103  2713  2713 W ContextImpl: Calling a method in the system process without a qualified user: android.app.ContextImpl.startService:1550 android.content.ContextWrapper.startService:664 android.content.ContextWrapper.startService:664 com.vivo.daemonService.netStateStat.NetStateStatReceiver.onReceive:5 android.app.ActivityThread.handleReceiver:3613
09-07 14:30:37.108  1710  1710 V SettingsProvider: Notifying for 0: content://settings/system/ms
09-07 14:30:37.124  1710  1710 V SettingsProvider: Notifying for 0: content://settings/system/ms
09-07 14:30:37.370  2762  2762 D NotificationMgr: updateCfi(): false phoneId = 0
09-07 14:30:37.371  1710  1767 D PackageManager: package:1001 check permission,PERMISSION_GRANTED
09-07 14:30:38.767  2389  2389 D KeyguardUpdateMonitor: received broadcast android.intent.action.BATTERY_CHANGED
09-07 14:30:38.768  2389  2389 D KeyguardUpdateMonitor: handleBatteryUpdate
09-07 14:30:38.769  2762  2762 D QtiCarrierConfigHelper: WARNING, no carrier configs on phone Id: 0
09-07 14:30:38.770  1710  5524 V LocSvc_HIDL_Subscription_jni: battery_level_update
09-07 14:30:38.770  1710  5524 V LocSvc_HIDL_Subscription_jni: [battery_level_update][931] [HC] =>> [HS]
09-07 14:30:38.771   693   693 V LocSvc_HIDL_IzatSubscription: [batteryLevelUpdate][777] [HS] <<<<= [HC]
09-07 14:30:38.771  1710  5524 V LocSvc_HIDL_Subscription_jni: Exit Result 0
09-07 14:30:38.772  1710  1710 D FeatureService: onReceive action android.intent.action.BATTERY_CHANGED
09-07 14:30:38.777  4737  4737 D MainImeServiceDel: mHandler = 201
09-07 14:30:38.782  1710  1710 D FeatureService: onReceive action android.intent.action.BATTERY_CHANGED
09-07 14:30:38.791  1710  1710 D FeatureService: onReceive action android.intent.action.BATTERY_CHANGED
09-07 14:30:38.792  2389  2389 D KeyguardUpdateMonitor: received broadcast android.intent.action.BATTERY_CHANGED
09-07 14:30:38.792  2389  2389 D KeyguardUpdateMonitor: handleBatteryUpdate
09-07 14:30:38.802  1710  5524 V LocSvc_HIDL_Subscription_jni: battery_level_update
09-07 14:30:38.803  2762  2762 D QtiCarrierConfigHelper: WARNING, no carrier configs on phone Id: 0
09-07 14:30:38.804  1710  5524 V LocSvc_HIDL_Subscription_jni: [battery_level_update][931] [HC] =>> [HS]
09-07 14:30:38.805   693   693 V LocSvc_HIDL_IzatSubscription: [batteryLevelUpdate][777] [HS] <<<<= [HC]
09-07 14:30:38.806  1710  5524 V LocSvc_HIDL_Subscription_jni: Exit Result 0
09-07 14:30:38.808  1710  1710 D FeatureService: onReceive action android.intent.action.BATTERY_CHANGED
09-07 14:30:38.809  4737  4737 D MainImeServiceDel: mHandler = 201
09-07 14:30:38.815  2389  2389 D KeyguardUpdateMonitor: received broadcast android.intent.action.BATTERY_CHANGED
09-07 14:30:38.815  2389  2389 D KeyguardUpdateMonitor: handleBatteryUpdate
09-07 14:30:38.821  2762  2762 D QtiCarrierConfigHelper: WARNING, no carrier configs on phone Id: 0
09-07 14:30:38.822  1710  5524 V LocSvc_HIDL_Subscription_jni: battery_level_update
09-07 14:30:38.826  1710  2248 I chatty  : uid=1000(system) HwBinder:1710_5 identical 3 lines
09-07 14:30:38.827  1710  5524 V LocSvc_HIDL_Subscription_jni: [battery_level_update][931] [HC] =>> [HS]
09-07 14:30:38.827  4737  4737 D MainImeServiceDel: mHandler = 201
09-07 14:30:38.829   693   693 V LocSvc_HIDL_IzatSubscription: [batteryLevelUpdate][777] [HS] <<<<= [HC]
09-07 14:30:38.830  1710  5524 V LocSvc_HIDL_Subscription_jni: Exit Result 0
09-07 14:30:38.832  2389  2389 D KeyguardUpdateMonitor: received broadcast android.intent.action.BATTERY_CHANGED
09-07 14:30:38.833  2389  2389 D KeyguardUpdateMonitor: handleBatteryUpdate
09-07 14:30:38.838  1710  5524 V LocSvc_HIDL_Subscription_jni: battery_level_update
09-07 14:30:38.839  2762  2762 D QtiCarrierConfigHelper: WARNING, no carrier configs on phone Id: 0
09-07 14:30:38.840  1710  5524 V LocSvc_HIDL_Subscription_jni: [battery_level_update][931] [HC] =>> [HS]
09-07 14:30:38.840   693   693 V LocSvc_HIDL_IzatSubscription: [batteryLevelUpdate][777] [HS] <<<<= [HC]
09-07 14:30:38.840  1710  5524 V LocSvc_HIDL_Subscription_jni: Exit Result 0
09-07 14:30:38.842  4737  4737 D MainImeServiceDel: mHandler = 201
09-07 14:30:38.844  1710  1710 D FeatureService: onReceive action android.intent.action.BATTERY_CHANGED
09-07 14:30:38.847  2389  2389 D KeyguardUpdateMonitor: received broadcast android.intent.action.BATTERY_CHANGED
09-07 14:30:38.848  2389  2389 D KeyguardUpdateMonitor: handleBatteryUpdate
09-07 14:30:38.851  2762  2762 D QtiCarrierConfigHelper: WARNING, no carrier configs on phone Id: 0
09-07 14:30:38.852  1710  5524 V LocSvc_HIDL_Subscription_jni: battery_level_update
09-07 14:30:38.852  1710  5524 V LocSvc_HIDL_Subscription_jni: [battery_level_update][931] [HC] =>> [HS]
09-07 14:30:38.853   693   693 V LocSvc_HIDL_IzatSubscription: [batteryLevelUpdate][777] [HS] <<<<= [HC]
09-07 14:30:38.854  1710  5524 V LocSvc_HIDL_Subscription_jni: Exit Result 0
09-07 14:30:38.855  4737  4737 D MainImeServiceDel: mHandler = 201
09-07 14:30:38.857  1710  1710 D FeatureService: onReceive action android.intent.action.BATTERY_CHANGED
09-07 14:30:38.857  1710  1710 D FeatureService: onReceive action android.intent.action.BATTERY_CHANGED
09-07 14:30:38.861  2389  2389 D KeyguardUpdateMonitor: received broadcast android.intent.action.BATTERY_CHANGED
09-07 14:30:38.861  2389  2389 D KeyguardUpdateMonitor: handleBatteryUpdate
09-07 14:30:38.867  1710  5524 V LocSvc_HIDL_Subscription_jni: battery_level_update
09-07 14:30:38.867  2762  2762 D QtiCarrierConfigHelper: WARNING, no carrier configs on phone Id: 0
09-07 14:30:38.867  1710  5524 V LocSvc_HIDL_Subscription_jni: [battery_level_update][931] [HC] =>> [HS]
09-07 14:30:38.867   693   693 V LocSvc_HIDL_IzatSubscription: [batteryLevelUpdate][777] [HS] <<<<= [HC]
09-07 14:30:38.868  1710  5524 V LocSvc_HIDL_Subscription_jni: Exit Result 0
09-07 14:30:38.873  4737  4737 D MainImeServiceDel: mHandler = 201
09-07 14:30:38.873  1710  1710 D FeatureService: onReceive action android.intent.action.BATTERY_CHANGED
09-07 14:30:38.875  1710  1710 I chatty  : uid=1000 system_server identical 3 lines
09-07 14:30:38.876  1710  1710 D FeatureService: onReceive action android.intent.action.BATTERY_CHANGED
09-07 14:30:38.879  1710  1710 D FeatureService: onReceive action android.intent.action.BATTERY_CHANGED
09-07 14:30:38.879  2389  2389 D KeyguardUpdateMonitor: received broadcast android.intent.action.BATTERY_CHANGED
09-07 14:30:38.881  2762  2762 D QtiCarrierConfigHelper: WARNING, no carrier configs on phone Id: 0
09-07 14:30:38.881  2389  2389 D KeyguardUpdateMonitor: handleBatteryUpdate
09-07 14:30:38.882  1710  5524 V LocSvc_HIDL_Subscription_jni: battery_level_update
09-07 14:30:38.883  1710  5524 V LocSvc_HIDL_Subscription_jni: [battery_level_update][931] [HC] =>> [HS]
09-07 14:30:38.883   693   693 V LocSvc_HIDL_IzatSubscription: [batteryLevelUpdate][777] [HS] <<<<= [HC]
09-07 14:30:38.885  4737  4737 D MainImeServiceDel: mHandler = 201
09-07 14:30:38.885  1710  1710 D FeatureService: onReceive action android.intent.action.BATTERY_CHANGED
09-07 14:30:38.885  1710  1710 D FeatureService: onReceive action android.intent.action.BATTERY_CHANGED
09-07 14:30:38.888  2389  2389 D KeyguardUpdateMonitor: received broadcast android.intent.action.BATTERY_CHANGED
09-07 14:30:38.889  2762  2762 D QtiCarrierConfigHelper: WARNING, no carrier configs on phone Id: 0
09-07 14:30:38.889  1710  5524 V LocSvc_HIDL_Subscription_jni: Exit Result 0
09-07 14:30:38.889  1710  5524 V LocSvc_HIDL_Subscription_jni: battery_level_update
09-07 14:30:38.891  4737  4737 D MainImeServiceDel: mHandler = 201
09-07 14:30:38.891  1710  1710 D FeatureService: onReceive action android.intent.action.BATTERY_CHANGED
09-07 14:30:38.891  1710  5524 V LocSvc_HIDL_Subscription_jni: [battery_level_update][931] [HC] =>> [HS]
09-07 14:30:38.891   693   693 V LocSvc_HIDL_IzatSubscription: [batteryLevelUpdate][777] [HS] <<<<= [HC]
09-07 14:30:38.892  2389  2389 D KeyguardUpdateMonitor: handleBatteryUpdate
09-07 14:30:38.893  1710  5524 V LocSvc_HIDL_Subscription_jni: Exit Result 0
09-07 14:30:41.483  1710  1767 D PackageManager: package:10018 check permission,PERMISSION_GRANTED
09-07 14:30:41.484  1710  1767 I chatty  : uid=1000(system) Binder:1710_1 identical 1 line
09-07 14:30:41.484  1710  1767 D PackageManager: package:10018 check permission,PERMISSION_GRANTED
09-07 14:30:41.484  1710  1767 W ActivityManager: Unable to start service Intent { act=android.security.IKeyChainService cmp=com.android.keychain/.KeyChainService } U=999: not found
09-07 14:30:41.485  2389  8146 I SecurityController: java.lang.AssertionError: could not bind to KeyChainService
09-07 14:30:41.683  1710  1767 D PackageManager: package:10569 check permission,PERMISSION_GRANTED
09-07 14:30:41.690  1710  1839 D ActivityManager: StartMode packageName = com.tencent.mm ,callingPid = -1 ,alwaysRestrict = true ,startMode = 2 ,UidRec:UidRecord{bb14d78 u0a569 SVC  bg:+4d22h11m9s63ms idle change:idle procs:2 seq(0,0,0)}
09-07 14:30:41.707  1710  1839 D CompatibilityInfo: mCompatibilityFlags - 0
09-07 14:30:41.707  1710  1839 D CompatibilityInfo: applicationDensity - 480
09-07 14:30:41.708  1710  1839 D CompatibilityInfo: applicationScale - 1.0
09-07 14:30:42.167 32420  1714 E memtrack: Couldn't load memtrack module
09-07 14:30:42.168 32420  1714 W android.os.Debug: failed to get memory consumption info: -1
09-07 14:30:43.121 32420 32494 D TAB.TabMonitorGroup: monitorGroup is null or content is empty!
09-07 14:30:43.122 32420 32494 D TAB.TabReportImpl: reportWithEventCode -> monitorDataMap is empty and ignore this monitor report!
09-07 14:30:43.964 32400 32562 D WorkerThreadMonitor: Kill MSF check result[ senderSize:0,sendInterval:56279,receiveInterval=26202,addCmdCount=112
09-07 14:30:44.353 32420 32494 D TAB.TabMonitorGroup: monitorGroup is null or content is empty!
09-07 14:30:44.353 32420 32494 D TAB.TabReportImpl: reportWithEventCode -> monitorDataMap is empty and ignore this monitor report!
09-07 14:30:44.400 32420 32494 D TAB.TabMonitorGroup: monitorGroup is null or content is empty!
09-07 14:30:44.400 32420 32494 D TAB.TabReportImpl: reportWithEventCode -> monitorDataMap is empty and ignore this monitor report!
09-07 14:30:44.445  1710  1710 D FeatureService: onReceive action android.intent.action.BATTERY_CHANGED
09-07 14:30:44.446  2389  2389 D KeyguardUpdateMonitor: received broadcast android.intent.action.BATTERY_CHANGED
09-07 14:30:44.447  2389  2389 D KeyguardUpdateMonitor: handleBatteryUpdate
09-07 14:30:44.451  2762  2762 D QtiCarrierConfigHelper: WARNING, no carrier configs on phone Id: 0
09-07 14:30:44.451  1710  5524 V LocSvc_HIDL_Subscription_jni: battery_level_update
09-07 14:30:44.452  1710  5524 V LocSvc_HIDL_Subscription_jni: [battery_level_update][931] [HC] =>> [HS]
09-07 14:30:44.452   693   693 V LocSvc_HIDL_IzatSubscription: [batteryLevelUpdate][777] [HS] <<<<= [HC]
09-07 14:30:44.453  1710  5524 V LocSvc_HIDL_Subscription_jni: Exit Result 0
09-07 14:30:44.458  4737  4737 D MainImeServiceDel: mHandler = 201
09-07 14:30:44.460  1710  1710 D FeatureService: onReceive action android.intent.action.BATTERY_CHANGED
09-07 14:30:45.182 32400 32547 D MemoryCeilingMonitor: [handleMemoryCalculate]
09-07 14:30:45.183 32400 32547 D MemoryCeilingMonitor: [calculate] tot: 2924746, max: 268435456, free: 319010, heap: 2605736, per: 0.009707123041152954
09-07 14:30:46.259  1710  1767 I LocationManagerService: request 82cd3dc network Request[POWER_LOW network requested=0 fastest=0 lowPowerMode=false] from com.vivo.daemonService(1000)
09-07 14:30:46.260  1710  1767 D LocationManagerService: request 82cd3dc network Request[POWER_LOW network requested=0 fastest=0 lowPowerMode=false] from com.vivo.daemonService(1000 foreground [whitelisted])
09-07 14:30:46.260  1710  1767 I LocationManagerService: shouldRequest for network  ? true
09-07 14:30:46.262  1710  5524 D LocSvc_HIDL_IzatProvider_jni: Provider Type: 2; Num Updates : 2147483647; Interval : 0Displacement : 20.000000; Accuracy : 1
09-07 14:30:46.262  1710  5524 V LocSvc_HIDL_IzatProvider_jni: [onAddRequest][365] [HC] =>> [HS]
09-07 14:30:46.263   693   693 V LocSvc_HIDL_IzatProvider: [onAddRequest][201] [HS] <<<<= [HC]
09-07 14:30:46.265  1710  2248 V LocSvc_HIDL_OsNpGlue_jni: [onSetRequest][61] [HC] <<= [HS]
09-07 14:30:46.266  1710  5524 I NpProxy : handleMessage what - 3
09-07 14:30:46.277  4352  4352 I NLP     : SDK0
09-07 14:30:46.283  1710  1767 I WifiService: startScan uid=10024
09-07 14:30:46.283  1710  1767 D WifiPermissionsUtil: com.baidu.map.location getScanResults, ignore the location switch restrictions
09-07 14:30:46.285  1710  2077 D WifiScanRequestProxy: timestamps now 471928100 lastScanTime 468166617 scanInterval 60 (now - lastScanTime) 3761483
09-07 14:30:46.285  1710  2077 D WifiScanRequestProxy: isRequestFromBackground allow bgscan
09-07 14:30:46.286  4352  5795 I baidu_location_service: wifi start scan
09-07 14:30:46.298  1710  2081 D WifiScanningService: startSingleScan
09-07 14:30:46.305  1710  2081 V AlarmAlign: setLocked to kernel, type = 2, when = 471941816, curTime = 471928120
09-07 14:30:46.305  1710  2081 V AlarmAlign: setLocked to kernel, type = 3, when = 471941816, curTime = 471928121
09-07 14:30:48.024  1710  1767 D WificondControl: Scan result ready event
09-07 14:30:48.027  1710  2081 V AlarmAlign: setLocked to kernel, type = 2, when = 471941816, curTime = 471929843
09-07 14:30:48.027  1710  2081 V AlarmAlign: setLocked to kernel, type = 3, when = 472061818, curTime = 471929843
09-07 14:30:48.034  1116  2381 I LOWI-8.6.0.32: [LOWI-Scan] lowi_close_record:Scan done in 471909389ms, 37 APs in scan results
09-07 14:30:48.070  1710  5742 D WifiPermissionsUtil: com.baidu.map.location getScanResults, ignore the location switch restrictions
09-07 14:30:48.089  2762  4261 D LocationAccessPolicy: isWhiteList: com.baidu.map.location
09-07 14:30:48.091  2762  4261 E LocationAccessPolicy: canAccessCellLocation in whitList. uid = 10024, pkgName = com.baidu.map.location
09-07 14:30:48.102  1710  1767 D WifiScanRequestProxy: getScanResultsCache 37
09-07 14:30:48.108  1710  2069 D WifiConfigManager: donot support framework roaming skip attemptNetworkLinking!
09-07 14:30:48.112  1710  2069 I chatty  : uid=1000(system) WifiStateMachin identical 9 lines
09-07 14:30:48.113  1710  2069 D WifiConfigManager: donot support framework roaming skip attemptNetworkLinking!
09-07 14:30:48.113  1710  1710 D FeatureService: onReceive action android.intent.action.BATTERY_CHANGED
09-07 14:30:48.114  2389  2389 D KeyguardUpdateMonitor: received broadcast android.intent.action.BATTERY_CHANGED
09-07 14:30:48.114  2389  2389 D KeyguardUpdateMonitor: handleBatteryUpdate
09-07 14:30:48.116  1710  5524 V LocSvc_HIDL_Subscription_jni: battery_level_update
09-07 14:30:48.117  1710  5524 V LocSvc_HIDL_Subscription_jni: [battery_level_update][931] [HC] =>> [HS]
09-07 14:30:48.117   693   693 V LocSvc_HIDL_IzatSubscription: [batteryLevelUpdate][777] [HS] <<<<= [HC]
09-07 14:30:48.117  2762  2762 D QtiCarrierConfigHelper: WARNING, no carrier configs on phone Id: 0
09-07 14:30:48.118  1710  1710 D FeatureService: onReceive action android.intent.action.BATTERY_CHANGED
09-07 14:30:48.119  1710  5524 V LocSvc_HIDL_Subscription_jni: Exit Result 0
09-07 14:30:48.119  4737  4737 D MainImeServiceDel: mHandler = 201
09-07 14:30:48.120  1710  2069 D WifiConfigManager: donot support framework roaming skip attemptNetworkLinking!
09-07 14:30:48.124  2762  4261 D LocationAccessPolicy: isWhiteList: com.baidu.map.location
09-07 14:30:48.125  2762  4261 E LocationAccessPolicy: canAccessCellLocation in whitList. uid = 10024, pkgName = com.baidu.map.location
09-07 14:30:48.125  1710  2069 D WifiConfigManager: donot support framework roaming skip attemptNetworkLinking!
09-07 14:30:48.130  1710  2069 I chatty  : uid=1000(system) WifiStateMachin identical 13 lines
09-07 14:30:48.131  1710  2069 D WifiConfigManager: donot support framework roaming skip attemptNetworkLinking!
09-07 14:30:48.133  4352  4352 D baidu_location_service: start network locating ...false  true
09-07 14:30:48.134  4352  4352 D NLP_STA : network locating ...false  true
09-07 14:30:48.137  1710  5742 D WifiPermissionsUtil: com.baidu.map.location getScanResults, ignore the location switch restrictions
09-07 14:30:48.145  2762  4261 D LocationAccessPolicy: isWhiteList: com.baidu.map.location
09-07 14:30:48.147  2762  4261 E LocationAccessPolicy: canAccessCellLocation in whitList. uid = 10024, pkgName = com.baidu.map.location
09-07 14:30:48.156  4352  4352 D baidu_location_service: WifiScan finished, in callback.
09-07 14:30:48.160  4352  8150 D baidu_location_service: upDataStr = :null
09-07 14:30:48.203  1710  5742 D WifiScanRequestProxy: getScanResultsCache 37
09-07 14:30:48.212  1710  1767 D PackageManager: package:1001 check permission,PERMISSION_GRANTED
09-07 14:30:48.218  1710  1767 D WifiScanRequestProxy: getScanResultsCache 37
09-07 14:30:48.318  4352  8150 D baidu_location_service: :{"content":{"bldg":"","clf":"121.504756|31.307820|211.000000","floor":"","indoor":"1","loctp":"wf","navi":",,,","net_loc_save":1,"point":{"x":"121.500824","y":"31.310591"},"radius":"40.000000","ssid":"2048"},"result":{"error":"161","time":"2022-09-07 14:30:43"}}
09-07 14:30:48.331  4352  4352 W NLP     : NetworkLocation on location callback quickLoc = false
09-07 14:30:48.332  4352  4352 I NLP     : Location result:[location successful by Baidu], reason:[network location] locType=161, NetworkLocationType = wf
09-07 14:30:48.333  4352  4352 I NLP     : ---------------()1662532248333
09-07 14:30:48.340  1710  5524 I NpProxy : handleMessage what - 4
09-07 14:30:48.341  1710  5524 V LocSvc_HIDL_OsNpGlue_jni: [onJavaLocationChanged][194] [HC] =>> [HS]
09-07 14:30:48.341   693   693 V LocSvc_HIDL_IzatOsNpGlue: [locationChanged][95] [HS] <<<<= [HC]
09-07 14:30:48.342   693  5592 E LocSvc_libulp: ulp_brain_transition_all_providers, no QUIPC/GNSS transition logic run due to both engines are OFF
09-07 14:30:48.346   693  2607 V LocSvc_HIDL_IzatProvider: [onLocationChanged][72] [HS] =>>>> [HC]
09-07 14:30:48.347  1079  1107 V QCALOG  : [MessageQ] wait result 1
09-07 14:30:48.348  1079  1107 V QCALOG  : [MessageQueueClientInfo] IPCMessagingProxy-693: read
09-07 14:30:48.348  1079  1107 V QCALOG  : [MessageQueueClientInfo] just read 4 bytes
09-07 14:30:48.348  1079  1107 V QCALOG  : [MessageQ] wait result 1
09-07 14:30:48.348  1079  1107 V QCALOG  : [MessageQueueClientInfo] IPCMessagingProxy-693: read
09-07 14:30:48.349  1710  2248 V LocSvc_HIDL_IzatProvider_jni: [onLocationChanged][208] [HC] <<= [HS]
09-07 14:30:48.349  1079  1107 V QCALOG  : [MessageQueueClientInfo] just read 848 bytes
09-07 14:30:48.350  1079  1107 V QCALOG  : [MessageQueueClientInfo] card length 848 + 4 bytes, current size 852 bytes
09-07 14:30:48.350  1079  1107 V QCALOG  : [MessageQ] lookupAndDeliver delivering message to client GTP-FDAL
09-07 14:30:48.350  1079  1107 V QCALOG  : [MessageQ] wait result 1
09-07 14:30:48.350  1079  1107 V QCALOG  : [MessageQueueClientInfo] GTP-FDAL: write
09-07 14:30:48.352  1079  1107 D QCALOG  : [MessageQueueClientInfo] write to [GTP-FDAL], 852 bytes finished, 0 bytes left
09-07 14:30:48.353  1710  2573 I LocationManagerService: Report location recordSize:1
09-07 14:30:48.357  1710  1767 D LocationManagerService: removeUpdates  packageName com.vivo.daemonService pid:2713 uid:1000
09-07 14:30:48.361  1710  1767 I LocationManagerService: shouldRequest for network  ? false
09-07 14:30:48.361  1710  5524 D LocSvc_HIDL_IzatProvider_jni: Provider Type: 2; Num Updates : 2147483647; Interval : 0Displacement : 20.000000; Accuracy : 1
09-07 14:30:48.361  1710  2573 I LocationManagerService: Report location recordSize:10
09-07 14:30:48.362  1710  5524 V LocSvc_HIDL_IzatProvider_jni: [onRemoveRequest][385] [HC] =>> [HS]
09-07 14:30:48.362   693   693 V LocSvc_HIDL_IzatProvider: [onRemoveRequest][216] [HS] <<<<= [HC]
09-07 14:30:48.363  1710  2248 V LocSvc_HIDL_OsNpGlue_jni: [onStopRequest][68] [HC] <<= [HS]
09-07 14:30:48.363  1710  5524 I NpProxy : handleMessage what - 3
09-07 14:30:48.364  1710  5742 I LocationManagerService: getFromLocation latitude:31.310591 uid:1000 pid:2713
09-07 14:30:48.365  4352 14319 I NLP     :  RGC onGetFromLocation:com.vivo.daemonService
09-07 14:30:48.365  4352 14319 I NLP     : use rgeo cache
09-07 14:30:48.397  2713  3194 W ContextImpl: Calling a method in the system process without a qualified user: android.app.ContextImpl.sendBroadcast:1024 android.content.ContextWrapper.sendBroadcast:444 com.vivo.daemonService.netStateStat.e.onLocationChanged:43 android.location.LocationManager$ListenerTransport._handleMessage:371 android.location.LocationManager$ListenerTransport.access$000:300
09-07 14:30:48.398  1710  3776 I PackageManager: ### pkg:Package{1de3198 com.vivo.networkimprove}
09-07 14:30:48.398  1710  3776 E ActivityManager: Sending non-protected broadcast vivo.intent.action.neighborcellinfo from system 2713:com.vivo.daemonService/1000 pkg com.vivo.daemonService
09-07 14:30:48.400  1710  1839 D ActivityManager: StartMode packageName = com.vivo.networkimprove ,callingPid = -1 ,alwaysRestrict = true ,startMode = 2 ,UidRec:UidRecord{861b255 u0a66 CEM  idle change:cached procs:1 seq(0,0,0)}
09-07 14:30:48.411  1710  1839 D CompatibilityInfo: mCompatibilityFlags - 0
09-07 14:30:48.411  1710  1839 D CompatibilityInfo: applicationDensity - 480
09-07 14:30:48.411  1710  1839 D CompatibilityInfo: applicationScale - 1.0
09-07 14:30:48.450  2784  2784 D NetworkImprove: neighborcellinfo broadcast got!
09-07 14:30:48.456  1710  5741 D PackageManager: package:1001 check permission,PERMISSION_GRANTED
09-07 14:30:48.570  1710  5741 D WifiScanRequestProxy: getScanResultsCache 37
09-07 14:30:49.332 32420  1418 I QzoneConfig: key = qzonesetting secondaryKey= qzone_lastgetfeedtime value= null
09-07 14:30:50.492   700   700 W atcmd@1.0-servi: type=1400 audit(0.0:58506): avc: denied { write } for name="property_service" dev="tmpfs" ino=5911 scontext=u:r:hal_atcmd_default:s0 tcontext=u:object_r:property_socket:s0 tclass=sock_file permissive=0
09-07 14:30:50.499   700 28321 D EM_LOG_AtcmdFramework: 614:dpdt_indication_cb(): msg_id = 68, ind_buf_len = 10
09-07 14:30:50.499   700 28321 D EM_LOG_AtcmdFramework: 642:dpdt_indication_cb(): tx_antenna_state_len: 2
09-07 14:30:50.499   700 28321 D EM_LOG_AtcmdFramework: 652:dpdt_indication_cb(): antenna_id_change up up up  old_time: 1662532250
09-07 14:30:50.500   700 28321 W libc    : Unable to set property "sys.dpdt.antenna_id" to "0": connection failed; errno=13 (Permission denied)
09-07 14:30:50.500   700 28321 D EM_LOG_AtcmdFramework: 670:dpdt_indication_cb(): antenna_id[0]: 0 ,,, new_state[0]: 1 ,,, old_state[0]: 0
09-07 14:30:50.500   700 28321 D EM_LOG_AtcmdFramework: 670:dpdt_indication_cb(): antenna_id[1]: 1 ,,, new_state[1]: 0 ,,, old_state[1]: 1
09-07 14:30:51.880  2762  3803 D QtiRilInterface: instance = com.qualcomm.qti.internal.telephony.QtiRilInterface@8b9485f
09-07 14:30:51.881  3397  3409 D QcrilMsgTunnelIfaceManager: needAddWaitTime return false byte = -7
09-07 14:30:51.881  3397  3397 D QcrilMsgTunnelIfaceManager: handleMessage what = 1
09-07 14:30:51.884  3397  3397 I QcrilOemhookMsgTunnel: [0]invokeOemRilRequestRaw: serial=2768 length=26
09-07 14:30:51.884  3397  3397 D QcrilOemhookMsgTunnel: 2768 > OEM_HOOK_RAW[514f454d484f4f4bf90108000a00000002656d70747900000000]
09-07 14:30:51.884  3397  3397 D QcrilOemhookMsgTunnel: Calling HIDL oemHookRawRequest
09-07 14:30:51.889  3397  3418 I QcrilOemhookMsgTunnel: [0]processOemHookResponse serial no: 2768 error: 0length=266
09-07 14:30:51.889  3397  3418 D QcrilOemhookMsgTunnel: [2768] < OEM_HOOK_RAW [[B@b3b94ce]
09-07 14:30:51.889  3397  3418 D QcrilOemhookMsgTunnel: { id=6675 when=-1d12h34m53s689ms what=2 obj=com.qualcomm.qcrilmsgtunnel.QcrilMsgTunnelIfaceManager$MessageRequest@5094fef target=com.qualcomm.qcrilmsgtunnel.QcrilMsgTunnelIfaceManager$1 }
09-07 14:30:51.890  2762  2762 D CallNotifier: [CFIDebug] STATE_OUT_OF_SERVICE arg1: 0 ,for phone0
09-07 14:30:51.890  3397  3397 D QcrilMsgTunnelIfaceManager: handleMessage what = 2
09-07 14:30:51.897  1710  3776 D PackageManager: package:1001 check permission,PERMISSION_GRANTED
09-07 14:30:51.900  1710  1839 D ActivityManager: StartMode packageName = com.vivo.daemonService ,callingPid = -1 ,alwaysRestrict = true ,startMode = 2 ,UidRec:UidRecord{d0d1b3f 1000 PER  procs:33 seq(0,0,0)}
09-07 14:30:51.907  2762  2762 D NotificationMgr: start updateNetworkSelection...
09-07 14:30:51.907  1710  1839 D CompatibilityInfo: mCompatibilityFlags - 0
09-07 14:30:51.907  1710  1839 D CompatibilityInfo: applicationDensity - 480
09-07 14:30:51.907  1710  1839 D CompatibilityInfo: applicationScale - 1.0
09-07 14:30:51.908  2389  2389 D KeyguardUpdateMonitor: received broadcast android.intent.action.SERVICE_STATE
