09-07 14:28:58.058   674  7790 E ta      : TAAEC<ERROR> 2520: aec_process_parse_input_info: AEC error: invalid param type: 21
09-07 14:28:58.061   674  7767 E libc    : Access denied finding property "persist.front.camera.qcom.awb"
09-07 14:28:58.062   674   674 W CAM_dataPoll: type=1400 audit(0.0:57772): avc: denied { read } for name="u:object_r:default_prop:s0" dev="tmpfs" ino=5760 scontext=u:r:hal_camera_default:s0 tcontext=u:object_r:default_prop:s0 tclass=file permissive=0
09-07 14:28:58.073   674  7812 E libc    : Access denied finding property "persist.aicamera.needlut"
09-07 14:28:58.088   674  7756 E         : cpp_thread_handle_process_buf_event, stream_type = 1
09-07 14:28:58.088   674  7756 E libc    : Access denied finding property "disable.cpp.power.collapse"
09-07 14:28:58.088   674  7756 E libc    : Access denied finding property "camera.cpp.dumppreviewpayload"
09-07 14:28:58.091   674  7790 E ta      : TAAEC<ERROR> 2520: aec_process_parse_input_info: AEC error: invalid param type: 21
09-07 14:28:58.092   674  7790 I ta      : TAAEC< INFO> 4280: aec_process_calc_roi_luma_ctrl: FACE_PROTECTION: AE FACE FEATURE DISABLED
09-07 14:28:58.092   674  7790 I ta      : TAAEC< INFO> 4324: aec_process_calc_roi_luma_ctrl: FACE_PROTECTION: Face Portection FALSE
09-07 14:28:58.103   674  7767 E libc    : Access denied finding property "persist.front.camera.qcom.awb"
09-07 14:28:58.107   674  7812 E libc    : Access denied finding property "persist.aicamera.needlut"
09-07 14:28:58.120   674  7756 E         : cpp_thread_handle_process_buf_event, stream_type = 1
09-07 14:28:58.121   674  7756 E libc    : Access denied finding property "disable.cpp.power.collapse"
09-07 14:28:58.121   674  7756 E libc    : Access denied finding property "camera.cpp.dumppreviewpayload"
09-07 14:28:58.125   674  7790 E ta      : TAAEC<ERROR> 2520: aec_process_parse_input_info: AEC error: invalid param type: 21
09-07 14:28:58.128   674  7767 E libc    : Access denied finding property "persist.front.camera.qcom.awb"
09-07 14:28:58.139   674  7812 E libc    : Access denied finding property "persist.aicamera.needlut"
09-07 14:28:58.154   674  7756 E         : cpp_thread_handle_process_buf_event, stream_type = 1
09-07 14:28:58.154   674  7756 E libc    : Access denied finding property "disable.cpp.power.collapse"
09-07 14:28:58.154   674  7756 E libc    : Access denied finding property "camera.cpp.dumppreviewpayload"
09-07 14:28:58.158   674  7790 E ta      : TAAEC<ERROR> 2520: aec_process_parse_input_info: AEC error: invalid param type: 21
09-07 14:28:58.159   674  7790 I ta      : TAAEC< INFO> 4280: aec_process_calc_roi_luma_ctrl: FACE_PROTECTION: AE FACE FEATURE DISABLED
09-07 14:28:58.159   674  7790 I ta      : TAAEC< INFO> 4324: aec_process_calc_roi_luma_ctrl: FACE_PROTECTION: Face Portection FALSE
09-07 14:28:58.162   674  7767 E libc    : Access denied finding property "persist.front.camera.qcom.awb"
09-07 14:28:58.173   674  7812 E libc    : Access denied finding property "persist.aicamera.needlut"
09-07 14:28:58.188   674  7756 E         : cpp_thread_handle_process_buf_event, stream_type = 1
09-07 14:28:58.188   674  7756 E libc    : Access denied finding property "disable.cpp.power.collapse"
09-07 14:28:58.188   674  7756 E libc    : Access denied finding property "camera.cpp.dumppreviewpayload"
09-07 14:28:58.193   674  7790 E ta      : TAAEC<ERROR> 2520: aec_process_parse_input_info: AEC error: invalid param type: 21
09-07 14:28:58.195   674  7790 E libc    : Access denied finding property "persist.front.camera.qcom.awb"
09-07 14:28:58.207   674  7812 E libc    : Access denied finding property "persist.aicamera.needlut"
09-07 14:28:58.221   674  7756 E         : cpp_thread_handle_process_buf_event, stream_type = 1
09-07 14:28:58.222   674  7756 E libc    : Access denied finding property "disable.cpp.power.collapse"
09-07 14:28:58.222   674  7756 E libc    : Access denied finding property "camera.cpp.dumppreviewpayload"
09-07 14:28:58.229   674  7790 E ta      : TAAEC<ERROR> 2520: aec_process_parse_input_info: AEC error: invalid param type: 21
09-07 14:28:58.229   674  7790 I ta      : TAAEC< INFO> 4280: aec_process_calc_roi_luma_ctrl: FACE_PROTECTION: AE FACE FEATURE DISABLED
09-07 14:28:58.229   674  7790 I ta      : TAAEC< INFO> 4324: aec_process_calc_roi_luma_ctrl: FACE_PROTECTION: Face Portection FALSE
09-07 14:28:58.231   674  7790 E libc    : Access denied finding property "persist.front.camera.qcom.awb"
09-07 14:28:58.241   674  7812 E libc    : Access denied finding property "persist.aicamera.needlut"
09-07 14:28:58.254   674  7756 E         : cpp_thread_handle_process_buf_event, stream_type = 1
09-07 14:28:58.254   674  7756 E libc    : Access denied finding property "disable.cpp.power.collapse"
09-07 14:28:58.254   674  7756 E libc    : Access denied finding property "camera.cpp.dumppreviewpayload"
09-07 14:28:58.259   674  7790 E ta      : TAAEC<ERROR> 2520: aec_process_parse_input_info: AEC error: invalid param type: 21
09-07 14:28:58.261   674  7767 E libc    : Access denied finding property "persist.front.camera.qcom.awb"
09-07 14:28:58.273   674  7812 E libc    : Access denied finding property "persist.aicamera.needlut"
09-07 14:28:58.287   674  7756 E         : cpp_thread_handle_process_buf_event, stream_type = 1
09-07 14:28:58.287   674  7756 E libc    : Access denied finding property "disable.cpp.power.collapse"
09-07 14:28:58.288   674  7756 E libc    : Access denied finding property "camera.cpp.dumppreviewpayload"
09-07 14:28:58.292   674  7790 E ta      : TAAEC<ERROR> 2520: aec_process_parse_input_info: AEC error: invalid param type: 21
09-07 14:28:58.292   674  7790 I ta      : TAAEC< INFO> 4280: aec_process_calc_roi_luma_ctrl: FACE_PROTECTION: AE FACE FEATURE DISABLED
09-07 14:28:58.293   674  7790 I ta      : TAAEC< INFO> 4324: aec_process_calc_roi_luma_ctrl: FACE_PROTECTION: Face Portection FALSE
09-07 14:28:58.295   674  7767 E libc    : Access denied finding property "persist.front.camera.qcom.awb"
09-07 14:28:58.306   674  7812 E libc    : Access denied finding property "persist.aicamera.needlut"
09-07 14:28:58.321   674  7756 E         : cpp_thread_handle_process_buf_event, stream_type = 1
09-07 14:28:58.321   674  7756 E libc    : Access denied finding property "disable.cpp.power.collapse"
09-07 14:28:58.321   674  7756 E libc    : Access denied finding property "camera.cpp.dumppreviewpayload"
09-07 14:28:58.325   674  7790 E ta      : TAAEC<ERROR> 2520: aec_process_parse_input_info: AEC error: invalid param type: 21
09-07 14:28:58.328   674  7767 E libc    : Access denied finding property "persist.front.camera.qcom.awb"
09-07 14:28:58.340   674  7812 E libc    : Access denied finding property "persist.aicamera.needlut"
09-07 14:28:58.354   674  7756 E         : cpp_thread_handle_process_buf_event, stream_type = 1
09-07 14:28:58.354   674  7756 E libc    : Access denied finding property "disable.cpp.power.collapse"
09-07 14:28:58.354   674  7756 E libc    : Access denied finding property "camera.cpp.dumppreviewpayload"
09-07 14:28:58.358   674  7790 E ta      : TAAEC<ERROR> 2520: aec_process_parse_input_info: AEC error: invalid param type: 21
09-07 14:28:58.359   674  7790 I ta      : TAAEC< INFO> 4280: aec_process_calc_roi_luma_ctrl: FACE_PROTECTION: AE FACE FEATURE DISABLED
09-07 14:28:58.359   674  7790 I ta      : TAAEC< INFO> 4324: aec_process_calc_roi_luma_ctrl: FACE_PROTECTION: Face Portection FALSE
09-07 14:28:58.364   674  7767 E libc    : Access denied finding property "persist.front.camera.qcom.awb"
09-07 14:28:58.373   674  7812 E libc    : Access denied finding property "persist.aicamera.needlut"
09-07 14:28:58.387   674  7756 E         : cpp_thread_handle_process_buf_event, stream_type = 1
09-07 14:28:58.388   674  7756 E libc    : Access denied finding property "disable.cpp.power.collapse"
09-07 14:28:58.388   674  7756 E libc    : Access denied finding property "camera.cpp.dumppreviewpayload"
09-07 14:28:58.392   674  7790 E ta      : TAAEC<ERROR> 2520: aec_process_parse_input_info: AEC error: invalid param type: 21
09-07 14:28:58.396   674  7767 E libc    : Access denied finding property "persist.front.camera.qcom.awb"
09-07 14:28:58.406   674  7812 E libc    : Access denied finding property "persist.aicamera.needlut"
09-07 14:28:58.421   674  7756 E         : cpp_thread_handle_process_buf_event, stream_type = 1
09-07 14:28:58.421   674  7756 E libc    : Access denied finding property "disable.cpp.power.collapse"
09-07 14:28:58.421   674  7756 E libc    : Access denied finding property "camera.cpp.dumppreviewpayload"
09-07 14:28:58.425   674  7790 E ta      : TAAEC<ERROR> 2520: aec_process_parse_input_info: AEC error: invalid param type: 21
09-07 14:28:58.426   674  7790 I ta      : TAAEC< INFO> 4280: aec_process_calc_roi_luma_ctrl: FACE_PROTECTION: AE FACE FEATURE DISABLED
09-07 14:28:58.426   674  7790 I ta      : TAAEC< INFO> 4324: aec_process_calc_roi_luma_ctrl: FACE_PROTECTION: Face Portection FALSE
09-07 14:28:58.433   674  7767 E libc    : Access denied finding property "persist.front.camera.qcom.awb"
09-07 14:28:58.440   674  7812 E libc    : Access denied finding property "persist.aicamera.needlut"
09-07 14:28:58.454   674  7756 E         : cpp_thread_handle_process_buf_event, stream_type = 1
09-07 14:28:58.454   674  7756 E libc    : Access denied finding property "disable.cpp.power.collapse"
09-07 14:28:58.454   674  7756 E libc    : Access denied finding property "camera.cpp.dumppreviewpayload"
09-07 14:28:58.461   674  7790 E ta      : TAAEC<ERROR> 2520: aec_process_parse_input_info: AEC error: invalid param type: 21
09-07 14:28:58.463   674  7790 E libc    : Access denied finding property "persist.front.camera.qcom.awb"
09-07 14:28:58.473   674  7812 E libc    : Access denied finding property "persist.aicamera.needlut"
09-07 14:28:58.487   674  7756 E         : cpp_thread_handle_process_buf_event, stream_type = 1
09-07 14:28:58.488   674  7756 E libc    : Access denied finding property "disable.cpp.power.collapse"
09-07 14:28:58.488   674  7756 E libc    : Access denied finding property "camera.cpp.dumppreviewpayload"
09-07 14:28:58.492   674  7790 E ta      : TAAEC<ERROR> 2520: aec_process_parse_input_info: AEC error: invalid param type: 21
09-07 14:28:58.492   674  7790 I ta      : TAAEC< INFO> 4280: aec_process_calc_roi_luma_ctrl: FACE_PROTECTION: AE FACE FEATURE DISABLED
09-07 14:28:58.492   674  7790 I ta      : TAAEC< INFO> 4324: aec_process_calc_roi_luma_ctrl: FACE_PROTECTION: Face Portection FALSE
09-07 14:28:58.495   674  7767 E libc    : Access denied finding property "persist.front.camera.qcom.awb"
09-07 14:28:58.506   674  7812 E libc    : Access denied finding property "persist.aicamera.needlut"
09-07 14:28:58.520   674  7756 E         : cpp_thread_handle_process_buf_event, stream_type = 1
09-07 14:28:58.521   674  7756 E libc    : Access denied finding property "disable.cpp.power.collapse"
09-07 14:28:58.521   674  7756 E libc    : Access denied finding property "camera.cpp.dumppreviewpayload"
09-07 14:28:58.526   674  7790 E ta      : TAAEC<ERROR> 2520: aec_process_parse_input_info: AEC error: invalid param type: 21
09-07 14:28:58.529   674  7767 E libc    : Access denied finding property "persist.front.camera.qcom.awb"
09-07 14:28:58.539   674  7812 E libc    : Access denied finding property "persist.aicamera.needlut"
09-07 14:28:58.553   718   718 I SurfaceFlinger: FPS: 31
09-07 14:28:58.554   674  7756 E         : cpp_thread_handle_process_buf_event, stream_type = 1
09-07 14:28:58.554   674  7756 E libc    : Access denied finding property "disable.cpp.power.collapse"
09-07 14:28:58.554   674  7756 E libc    : Access denied finding property "camera.cpp.dumppreviewpayload"
09-07 14:28:58.558   674  7790 E ta      : TAAEC<ERROR> 2520: aec_process_parse_input_info: AEC error: invalid param type: 21
09-07 14:28:58.560   674  7790 I ta      : TAAEC< INFO> 4280: aec_process_calc_roi_luma_ctrl: FACE_PROTECTION: AE FACE FEATURE DISABLED
09-07 14:28:58.560   674  7790 I ta      : TAAEC< INFO> 4324: aec_process_calc_roi_luma_ctrl: FACE_PROTECTION: Face Portection FALSE
09-07 14:28:58.562   674  7767 E libc    : Access denied finding property "persist.front.camera.qcom.awb"
09-07 14:28:58.573   674  7812 E libc    : Access denied finding property "persist.aicamera.needlut"
09-07 14:28:58.587   674  7756 E         : cpp_thread_handle_process_buf_event, stream_type = 1
09-07 14:28:58.588   674  7756 E libc    : Access denied finding property "disable.cpp.power.collapse"
09-07 14:28:58.588   674  7756 E libc    : Access denied finding property "camera.cpp.dumppreviewpayload"
09-07 14:28:58.592   674  7790 E ta      : TAAEC<ERROR> 2520: aec_process_parse_input_info: AEC error: invalid param type: 21
09-07 14:28:58.595   674  7767 E libc    : Access denied finding property "persist.front.camera.qcom.awb"
09-07 14:28:58.606   674  7812 E libc    : Access denied finding property "persist.aicamera.needlut"
09-07 14:28:58.621   674  7756 E         : cpp_thread_handle_process_buf_event, stream_type = 1
09-07 14:28:58.621   674  7756 E libc    : Access denied finding property "disable.cpp.power.collapse"
09-07 14:28:58.621   674  7756 E libc    : Access denied finding property "camera.cpp.dumppreviewpayload"
09-07 14:28:58.625   674  7790 E ta      : TAAEC<ERROR> 2520: aec_process_parse_input_info: AEC error: invalid param type: 21
09-07 14:28:58.627   674  7790 I ta      : TAAEC< INFO> 4280: aec_process_calc_roi_luma_ctrl: FACE_PROTECTION: AE FACE FEATURE DISABLED
09-07 14:28:58.627   674  7790 I ta      : TAAEC< INFO> 4324: aec_process_calc_roi_luma_ctrl: FACE_PROTECTION: Face Portection FALSE
09-07 14:28:58.630   674  7790 E libc    : Access denied finding property "persist.front.camera.qcom.awb"
09-07 14:28:58.639   674  7812 E libc    : Access denied finding property "persist.aicamera.needlut"
09-07 14:28:58.654   674  7756 E         : cpp_thread_handle_process_buf_event, stream_type = 1
09-07 14:28:58.654   674  7756 E libc    : Access denied finding property "disable.cpp.power.collapse"
09-07 14:28:58.654   674  7756 E libc    : Access denied finding property "camera.cpp.dumppreviewpayload"
09-07 14:28:58.658   674  7790 E ta      : TAAEC<ERROR> 2520: aec_process_parse_input_info: AEC error: invalid param type: 21
09-07 14:28:58.661   674  7767 E libc    : Access denied finding property "persist.front.camera.qcom.awb"
09-07 14:28:58.673   674  7812 E libc    : Access denied finding property "persist.aicamera.needlut"
09-07 14:28:58.687   674  7756 E         : cpp_thread_handle_process_buf_event, stream_type = 1
09-07 14:28:58.687   674  7756 E libc    : Access denied finding property "disable.cpp.power.collapse"
09-07 14:28:58.688   674  7756 E libc    : Access denied finding property "camera.cpp.dumppreviewpayload"
09-07 14:28:58.692   674  7790 E ta      : TAAEC<ERROR> 2520: aec_process_parse_input_info: AEC error: invalid param type: 21
09-07 14:28:58.694   674  7790 I ta      : TAAEC< INFO> 4280: aec_process_calc_roi_luma_ctrl: FACE_PROTECTION: AE FACE FEATURE DISABLED
09-07 14:28:58.694   674  7790 I ta      : TAAEC< INFO> 4324: aec_process_calc_roi_luma_ctrl: FACE_PROTECTION: Face Portection FALSE
09-07 14:28:58.697   674  7790 E libc    : Access denied finding property "persist.front.camera.qcom.awb"
09-07 14:28:58.706   674  7812 E libc    : Access denied finding property "persist.aicamera.needlut"
09-07 14:28:58.720   674  7756 E         : cpp_thread_handle_process_buf_event, stream_type = 1
09-07 14:28:58.721   674  7756 E libc    : Access denied finding property "disable.cpp.power.collapse"
09-07 14:28:58.721   674  7756 E libc    : Access denied finding property "camera.cpp.dumppreviewpayload"
09-07 14:28:58.728   674  7790 E ta      : TAAEC<ERROR> 2520: aec_process_parse_input_info: AEC error: invalid param type: 21
09-07 14:28:58.729   674  7790 E libc    : Access denied finding property "persist.front.camera.qcom.awb"
09-07 14:28:58.739   674  7812 E libc    : Access denied finding property "persist.aicamera.needlut"
09-07 14:28:58.754   674  7756 E         : cpp_thread_handle_process_buf_event, stream_type = 1
09-07 14:28:58.754   674  7756 E libc    : Access denied finding property "disable.cpp.power.collapse"
09-07 14:28:58.754   674  7756 E libc    : Access denied finding property "camera.cpp.dumppreviewpayload"
09-07 14:28:58.757  1710  2176 I chatty  : uid=1000(system) AutobacklightTh identical 8 lines
09-07 14:28:58.758   674  7790 E ta      : TAAEC<ERROR> 2520: aec_process_parse_input_info: AEC error: invalid param type: 21
09-07 14:28:58.759   674  7790 I ta      : TAAEC< INFO> 4280: aec_process_calc_roi_luma_ctrl: FACE_PROTECTION: AE FACE FEATURE DISABLED
09-07 14:28:58.759   674  7790 I ta      : TAAEC< INFO> 4324: aec_process_calc_roi_luma_ctrl: FACE_PROTECTION: Face Portection FALSE
09-07 14:28:58.761   674  7767 E libc    : Access denied finding property "persist.front.camera.qcom.awb"
09-07 14:28:58.773   674  7812 E libc    : Access denied finding property "persist.aicamera.needlut"
09-07 14:28:58.787   674  7756 E         : cpp_thread_handle_process_buf_event, stream_type = 1
09-07 14:28:58.788   674  7756 E libc    : Access denied finding property "disable.cpp.power.collapse"
09-07 14:28:58.788   674  7756 E libc    : Access denied finding property "camera.cpp.dumppreviewpayload"
09-07 14:28:58.792   674  7790 E ta      : TAAEC<ERROR> 2520: aec_process_parse_input_info: AEC error: invalid param type: 21
09-07 14:28:58.795   674  7767 E libc    : Access denied finding property "persist.front.camera.qcom.awb"
09-07 14:28:58.806   674  7812 E libc    : Access denied finding property "persist.aicamera.needlut"
09-07 14:28:58.821   674  7756 E         : cpp_thread_handle_process_buf_event, stream_type = 1
09-07 14:28:58.821   674  7756 E libc    : Access denied finding property "disable.cpp.power.collapse"
09-07 14:28:58.821   674  7756 E libc    : Access denied finding property "camera.cpp.dumppreviewpayload"
09-07 14:28:58.825   674  7790 E ta      : TAAEC<ERROR> 2520: aec_process_parse_input_info: AEC error: invalid param type: 21
09-07 14:28:58.826   674  7790 I ta      : TAAEC< INFO> 4280: aec_process_calc_roi_luma_ctrl: FACE_PROTECTION: AE FACE FEATURE DISABLED
09-07 14:28:58.826   674  7790 I ta      : TAAEC< INFO> 4324: aec_process_calc_roi_luma_ctrl: FACE_PROTECTION: Face Portection FALSE
09-07 14:28:58.833   674  7767 E libc    : Access denied finding property "persist.front.camera.qcom.awb"
09-07 14:28:58.840   674  7812 E libc    : Access denied finding property "persist.aicamera.needlut"
09-07 14:28:58.854   674  7756 E         : cpp_thread_handle_process_buf_event, stream_type = 1
09-07 14:28:58.854   674  7756 E libc    : Access denied finding property "disable.cpp.power.collapse"
09-07 14:28:58.854   674  7756 E libc    : Access denied finding property "camera.cpp.dumppreviewpayload"
09-07 14:28:58.858   674  7790 E ta      : TAAEC<ERROR> 2520: aec_process_parse_input_info: AEC error: invalid param type: 21
09-07 14:28:58.861   674  7767 E libc    : Access denied finding property "persist.front.camera.qcom.awb"
09-07 14:28:58.873   674  7812 E libc    : Access denied finding property "persist.aicamera.needlut"
09-07 14:28:58.887   674  7756 E         : cpp_thread_handle_process_buf_event, stream_type = 1
09-07 14:28:58.887   674  7756 E libc    : Access denied finding property "disable.cpp.power.collapse"
09-07 14:28:58.888   674  7756 E libc    : Access denied finding property "camera.cpp.dumppreviewpayload"
09-07 14:28:58.892   674  7790 E ta      : TAAEC<ERROR> 2520: aec_process_parse_input_info: AEC error: invalid param type: 21
09-07 14:28:58.893   674  7790 I ta      : TAAEC< INFO> 4280: aec_process_calc_roi_luma_ctrl: FACE_PROTECTION: AE FACE FEATURE DISABLED
09-07 14:28:58.893   674  7790 I ta      : TAAEC< INFO> 4324: aec_process_calc_roi_luma_ctrl: FACE_PROTECTION: Face Portection FALSE
09-07 14:28:58.896   674  7767 E libc    : Access denied finding property "persist.front.camera.qcom.awb"
09-07 14:28:58.906   674  7812 E libc    : Access denied finding property "persist.aicamera.needlut"
09-07 14:28:58.921   674  7756 E         : cpp_thread_handle_process_buf_event, stream_type = 1
09-07 14:28:58.921   674  7756 E libc    : Access denied finding property "disable.cpp.power.collapse"
09-07 14:28:58.921   674  7756 E libc    : Access denied finding property "camera.cpp.dumppreviewpayload"
09-07 14:28:58.925   674  7790 E ta      : TAAEC<ERROR> 2520: aec_process_parse_input_info: AEC error: invalid param type: 21
09-07 14:28:58.928   674  7767 E libc    : Access denied finding property "persist.front.camera.qcom.awb"
09-07 14:28:58.939   674  7812 E libc    : Access denied finding property "persist.aicamera.needlut"
09-07 14:28:58.954   674  7756 E         : cpp_thread_handle_process_buf_event, stream_type = 1
09-07 14:28:58.954   674  7756 E libc    : Access denied finding property "disable.cpp.power.collapse"
09-07 14:28:58.954   674  7756 E libc    : Access denied finding property "camera.cpp.dumppreviewpayload"
09-07 14:28:58.960   674  7790 E ta      : TAAEC<ERROR> 2520: aec_process_parse_input_info: AEC error: invalid param type: 21
09-07 14:28:58.961   674  7790 I ta      : TAAEC< INFO> 4280: aec_process_calc_roi_luma_ctrl: FACE_PROTECTION: AE FACE FEATURE DISABLED
09-07 14:28:58.961   674  7790 I ta      : TAAEC< INFO> 4324: aec_process_calc_roi_luma_ctrl: FACE_PROTECTION: Face Portection FALSE
09-07 14:28:58.964   674  7790 E libc    : Access denied finding property "persist.front.camera.qcom.awb"
09-07 14:28:58.973   674  7812 E libc    : Access denied finding property "persist.aicamera.needlut"
09-07 14:28:58.987   674  7756 E         : cpp_thread_handle_process_buf_event, stream_type = 1
09-07 14:28:58.987   674  7756 E libc    : Access denied finding property "disable.cpp.power.collapse"
09-07 14:28:58.987   674  7756 E libc    : Access denied finding property "camera.cpp.dumppreviewpayload"
09-07 14:28:58.991  1007  1186 E storaged: getDiskStats failed with result NOT_SUPPORTED and size 0
09-07 14:28:58.992   674  7790 E ta      : TAAEC<ERROR> 2520: aec_process_parse_input_info: AEC error: invalid param type: 21
09-07 14:28:58.995   674  7767 E libc    : Access denied finding property "persist.front.camera.qcom.awb"
09-07 14:28:59.006   674  7812 E libc    : Access denied finding property "persist.aicamera.needlut"
09-07 14:28:59.021   674  7756 E         : cpp_thread_handle_process_buf_event, stream_type = 1
09-07 14:28:59.021   674  7756 E libc    : Access denied finding property "disable.cpp.power.collapse"
09-07 14:28:59.021   674  7756 E libc    : Access denied finding property "camera.cpp.dumppreviewpayload"
09-07 14:28:59.027   674  7790 E ta      : TAAEC<ERROR> 2520: aec_process_parse_input_info: AEC error: invalid param type: 21
09-07 14:28:59.027   674  7790 I ta      : TAAEC< INFO> 4280: aec_process_calc_roi_luma_ctrl: FACE_PROTECTION: AE FACE FEATURE DISABLED
09-07 14:28:59.027   674  7790 I ta      : TAAEC< INFO> 4324: aec_process_calc_roi_luma_ctrl: FACE_PROTECTION: Face Portection FALSE
09-07 14:28:59.033   674  7767 E libc    : Access denied finding property "persist.front.camera.qcom.awb"
09-07 14:28:59.039   674  7812 E libc    : Access denied finding property "persist.aicamera.needlut"
09-07 14:28:59.042   674   674 W CAM_cpp : type=1400 audit(0.0:57889): avc: denied { read } for name="u:object_r:default_prop:s0" dev="tmpfs" ino=5760 scontext=u:r:hal_camera_default:s0 tcontext=u:object_r:default_prop:s0 tclass=file permissive=0
09-07 14:28:59.042   674   674 W CAM_cpp : type=1400 audit(0.0:57890): avc: denied { read } for name="u:object_r:default_prop:s0" dev="tmpfs" ino=5760 scontext=u:r:hal_camera_default:s0 tcontext=u:object_r:default_prop:s0 tclass=file permissive=0
09-07 14:28:59.052   674   674 W CAM_MctBus_6: type=1400 audit(0.0:57891): avc: denied { read } for name="u:object_r:default_prop:s0" dev="tmpfs" ino=5760 scontext=u:r:hal_camera_default:s0 tcontext=u:object_r:default_prop:s0 tclass=file permissive=0
09-07 14:28:59.054   674  7756 E         : cpp_thread_handle_process_buf_event, stream_type = 1
09-07 14:28:59.054   674  7756 E libc    : Access denied finding property "disable.cpp.power.collapse"
09-07 14:28:59.054   674  7756 E libc    : Access denied finding property "camera.cpp.dumppreviewpayload"
09-07 14:28:59.058   674  7790 E ta      : TAAEC<ERROR> 2520: aec_process_parse_input_info: AEC error: invalid param type: 21
09-07 14:28:59.061   674  7767 E libc    : Access denied finding property "persist.front.camera.qcom.awb"
09-07 14:28:59.062   674   674 W CAM_dataPoll: type=1400 audit(0.0:57892): avc: denied { read } for name="u:object_r:default_prop:s0" dev="tmpfs" ino=5760 scontext=u:r:hal_camera_default:s0 tcontext=u:object_r:default_prop:s0 tclass=file permissive=0
09-07 14:28:59.072   674   674 W CAM_cpp : type=1400 audit(0.0:57893): avc: denied { read } for name="u:object_r:default_prop:s0" dev="tmpfs" ino=5760 scontext=u:r:hal_camera_default:s0 tcontext=u:object_r:default_prop:s0 tclass=file permissive=0
09-07 14:28:59.073   674  7812 E libc    : Access denied finding property "persist.aicamera.needlut"
09-07 14:28:59.087   674  7756 E         : cpp_thread_handle_process_buf_event, stream_type = 1
09-07 14:28:59.087   674  7756 E libc    : Access denied finding property "disable.cpp.power.collapse"
09-07 14:28:59.088   674  7756 E libc    : Access denied finding property "camera.cpp.dumppreviewpayload"
09-07 14:28:59.092   674  7790 E ta      : TAAEC<ERROR> 2520: aec_process_parse_input_info: AEC error: invalid param type: 21
09-07 14:28:59.093   674  7790 I ta      : TAAEC< INFO> 4280: aec_process_calc_roi_luma_ctrl: FACE_PROTECTION: AE FACE FEATURE DISABLED
09-07 14:28:59.093   674  7790 I ta      : TAAEC< INFO> 4324: aec_process_calc_roi_luma_ctrl: FACE_PROTECTION: Face Portection FALSE
09-07 14:28:59.096   674  7767 E libc    : Access denied finding property "persist.front.camera.qcom.awb"
09-07 14:28:59.106   674  7812 E libc    : Access denied finding property "persist.aicamera.needlut"
09-07 14:28:59.120   674  7756 E         : cpp_thread_handle_process_buf_event, stream_type = 1
09-07 14:28:59.121   674  7756 E libc    : Access denied finding property "disable.cpp.power.collapse"
09-07 14:28:59.121   674  7756 E libc    : Access denied finding property "camera.cpp.dumppreviewpayload"
09-07 14:28:59.125   674  7790 E ta      : TAAEC<ERROR> 2520: aec_process_parse_input_info: AEC error: invalid param type: 21
09-07 14:28:59.129   674  7767 E libc    : Access denied finding property "persist.front.camera.qcom.awb"
09-07 14:28:59.139   674  7812 E libc    : Access denied finding property "persist.aicamera.needlut"
09-07 14:28:59.154   674  7756 E         : cpp_thread_handle_process_buf_event, stream_type = 1
09-07 14:28:59.154   674  7756 E libc    : Access denied finding property "disable.cpp.power.collapse"
09-07 14:28:59.154   674  7756 E libc    : Access denied finding property "camera.cpp.dumppreviewpayload"
09-07 14:28:59.158   674  7790 E ta      : TAAEC<ERROR> 2520: aec_process_parse_input_info: AEC error: invalid param type: 21
09-07 14:28:59.161   674  7790 I ta      : TAAEC< INFO> 4280: aec_process_calc_roi_luma_ctrl: FACE_PROTECTION: AE FACE FEATURE DISABLED
09-07 14:28:59.161   674  7790 I ta      : TAAEC< INFO> 4324: aec_process_calc_roi_luma_ctrl: FACE_PROTECTION: Face Portection FALSE
09-07 14:28:59.163   674  7790 E libc    : Access denied finding property "persist.front.camera.qcom.awb"
09-07 14:28:59.173   674  7812 E libc    : Access denied finding property "persist.aicamera.needlut"
09-07 14:28:59.187   674  7756 E         : cpp_thread_handle_process_buf_event, stream_type = 1
09-07 14:28:59.187   674  7756 E libc    : Access denied finding property "disable.cpp.power.collapse"
09-07 14:28:59.188   674  7756 E libc    : Access denied finding property "camera.cpp.dumppreviewpayload"
09-07 14:28:59.192   674  7790 E ta      : TAAEC<ERROR> 2520: aec_process_parse_input_info: AEC error: invalid param type: 21
09-07 14:28:59.196   674  7767 E libc    : Access denied finding property "persist.front.camera.qcom.awb"
09-07 14:28:59.206   674  7812 E libc    : Access denied finding property "persist.aicamera.needlut"
09-07 14:28:59.221   674  7756 E         : cpp_thread_handle_process_buf_event, stream_type = 1
09-07 14:28:59.221   674  7756 E libc    : Access denied finding property "disable.cpp.power.collapse"
09-07 14:28:59.221   674  7756 E libc    : Access denied finding property "camera.cpp.dumppreviewpayload"
09-07 14:28:59.225   674  7790 E ta      : TAAEC<ERROR> 2520: aec_process_parse_input_info: AEC error: invalid param type: 21
09-07 14:28:59.226   674  7790 I ta      : TAAEC< INFO> 4280: aec_process_calc_roi_luma_ctrl: FACE_PROTECTION: AE FACE FEATURE DISABLED
09-07 14:28:59.226   674  7790 I ta      : TAAEC< INFO> 4324: aec_process_calc_roi_luma_ctrl: FACE_PROTECTION: Face Portection FALSE
09-07 14:28:59.229   674  7767 E libc    : Access denied finding property "persist.front.camera.qcom.awb"
09-07 14:28:59.240   674  7812 E libc    : Access denied finding property "persist.aicamera.needlut"
09-07 14:28:59.254   674  7756 E         : cpp_thread_handle_process_buf_event, stream_type = 1
09-07 14:28:59.254   674  7756 E libc    : Access denied finding property "disable.cpp.power.collapse"
09-07 14:28:59.254   674  7756 E libc    : Access denied finding property "camera.cpp.dumppreviewpayload"
09-07 14:28:59.259   674  7790 E ta      : TAAEC<ERROR> 2520: aec_process_parse_input_info: AEC error: invalid param type: 21
09-07 14:28:59.262   674  7767 E libc    : Access denied finding property "persist.front.camera.qcom.awb"
09-07 14:28:59.274   674  7812 E libc    : Access denied finding property "persist.aicamera.needlut"
09-07 14:28:59.287   674  7756 E         : cpp_thread_handle_process_buf_event, stream_type = 1
09-07 14:28:59.288   674  7756 E libc    : Access denied finding property "disable.cpp.power.collapse"
09-07 14:28:59.288   674  7756 E libc    : Access denied finding property "camera.cpp.dumppreviewpayload"
09-07 14:28:59.292   674  7790 E ta      : TAAEC<ERROR> 2520: aec_process_parse_input_info: AEC error: invalid param type: 21
09-07 14:28:59.293   674  7790 I ta      : TAAEC< INFO> 4280: aec_process_calc_roi_luma_ctrl: FACE_PROTECTION: AE FACE FEATURE DISABLED
09-07 14:28:59.293   674  7790 I ta      : TAAEC< INFO> 4324: aec_process_calc_roi_luma_ctrl: FACE_PROTECTION: Face Portection FALSE
09-07 14:28:59.297   674  7767 E libc    : Access denied finding property "persist.front.camera.qcom.awb"
09-07 14:28:59.308   674  7812 E libc    : Access denied finding property "persist.aicamera.needlut"
09-07 14:28:59.321   674  7756 E         : cpp_thread_handle_process_buf_event, stream_type = 1
09-07 14:28:59.321   674  7756 E libc    : Access denied finding property "disable.cpp.power.collapse"
09-07 14:28:59.321   674  7756 E libc    : Access denied finding property "camera.cpp.dumppreviewpayload"
09-07 14:28:59.325   674  7790 E ta      : TAAEC<ERROR> 2520: aec_process_parse_input_info: AEC error: invalid param type: 21
09-07 14:28:59.332   674  7767 E libc    : Access denied finding property "persist.front.camera.qcom.awb"
09-07 14:28:59.340   674  7812 E libc    : Access denied finding property "persist.aicamera.needlut"
09-07 14:28:59.354   674  7756 E         : cpp_thread_handle_process_buf_event, stream_type = 1
09-07 14:28:59.354   674  7756 E libc    : Access denied finding property "disable.cpp.power.collapse"
09-07 14:28:59.354   674  7756 E libc    : Access denied finding property "camera.cpp.dumppreviewpayload"
09-07 14:28:59.359   674  7790 E ta      : TAAEC<ERROR> 2520: aec_process_parse_input_info: AEC error: invalid param type: 21
09-07 14:28:59.364   674  7790 I ta      : TAAEC< INFO> 4280: aec_process_calc_roi_luma_ctrl: FACE_PROTECTION: AE FACE FEATURE DISABLED
09-07 14:28:59.364   674  7790 I ta      : TAAEC< INFO> 4324: aec_process_calc_roi_luma_ctrl: FACE_PROTECTION: Face Portection FALSE
09-07 14:28:59.367   674  7790 E libc    : Access denied finding property "persist.front.camera.qcom.awb"
09-07 14:28:59.373   674  7812 E libc    : Access denied finding property "persist.aicamera.needlut"
09-07 14:28:59.377  7352  7835 E memtrack: Couldn't load memtrack module
09-07 14:28:59.377  7352  7835 W android.os.Debug: failed to get memory consumption info: -1
09-07 14:28:59.387   674  7756 E         : cpp_thread_handle_process_buf_event, stream_type = 1
09-07 14:28:59.387   674  7756 E libc    : Access denied finding property "disable.cpp.power.collapse"
09-07 14:28:59.388   674  7756 E libc    : Access denied finding property "camera.cpp.dumppreviewpayload"
09-07 14:28:59.392   674  7790 E ta      : TAAEC<ERROR> 2520: aec_process_parse_input_info: AEC error: invalid param type: 21
09-07 14:28:59.395   674  7767 E libc    : Access denied finding property "persist.front.camera.qcom.awb"
09-07 14:28:59.406   674  7812 E libc    : Access denied finding property "persist.aicamera.needlut"
09-07 14:28:59.421   674  7756 E         : cpp_thread_handle_process_buf_event, stream_type = 1
09-07 14:28:59.421   674  7756 E libc    : Access denied finding property "disable.cpp.power.collapse"
09-07 14:28:59.421   674  7756 E libc    : Access denied finding property "camera.cpp.dumppreviewpayload"
09-07 14:28:59.427   674  7790 E ta      : TAAEC<ERROR> 2520: aec_process_parse_input_info: AEC error: invalid param type: 21
09-07 14:28:59.428   674  7790 I ta      : TAAEC< INFO> 4280: aec_process_calc_roi_luma_ctrl: FACE_PROTECTION: AE FACE FEATURE DISABLED
09-07 14:28:59.428   674  7790 I ta      : TAAEC< INFO> 4324: aec_process_calc_roi_luma_ctrl: FACE_PROTECTION: Face Portection FALSE
09-07 14:28:59.430   674  7790 E libc    : Access denied finding property "persist.front.camera.qcom.awb"
09-07 14:28:59.440   674  7812 E libc    : Access denied finding property "persist.aicamera.needlut"
09-07 14:28:59.454   674  7756 E         : cpp_thread_handle_process_buf_event, stream_type = 1
09-07 14:28:59.454   674  7756 E libc    : Access denied finding property "disable.cpp.power.collapse"
09-07 14:28:59.454   674  7756 E libc    : Access denied finding property "camera.cpp.dumppreviewpayload"
09-07 14:28:59.458   674  7790 E ta      : TAAEC<ERROR> 2520: aec_process_parse_input_info: AEC error: invalid param type: 21
09-07 14:28:59.461   674  7767 E libc    : Access denied finding property "persist.front.camera.qcom.awb"
09-07 14:28:59.473   674  7812 E libc    : Access denied finding property "persist.aicamera.needlut"
09-07 14:28:59.487   674  7756 E         : cpp_thread_handle_process_buf_event, stream_type = 1
09-07 14:28:59.488   674  7756 E libc    : Access denied finding property "disable.cpp.power.collapse"
09-07 14:28:59.488   674  7756 E libc    : Access denied finding property "camera.cpp.dumppreviewpayload"
09-07 14:28:59.492   674  7790 E ta      : TAAEC<ERROR> 2520: aec_process_parse_input_info: AEC error: invalid param type: 21
09-07 14:28:59.493   674  7790 I ta      : TAAEC< INFO> 4280: aec_process_calc_roi_luma_ctrl: FACE_PROTECTION: AE FACE FEATURE DISABLED
09-07 14:28:59.493   674  7790 I ta      : TAAEC< INFO> 4324: aec_process_calc_roi_luma_ctrl: FACE_PROTECTION: Face Portection FALSE
09-07 14:28:59.496   674  7767 E libc    : Access denied finding property "persist.front.camera.qcom.awb"
09-07 14:28:59.506   674  7812 E libc    : Access denied finding property "persist.aicamera.needlut"
09-07 14:28:59.521   674  7756 E         : cpp_thread_handle_process_buf_event, stream_type = 1
09-07 14:28:59.521   674  7756 E libc    : Access denied finding property "disable.cpp.power.collapse"
09-07 14:28:59.521   674  7756 E libc    : Access denied finding property "camera.cpp.dumppreviewpayload"
09-07 14:28:59.525   674  7790 E ta      : TAAEC<ERROR> 2520: aec_process_parse_input_info: AEC error: invalid param type: 21
09-07 14:28:59.533   674  7767 E libc    : Access denied finding property "persist.front.camera.qcom.awb"
09-07 14:28:59.540   674  7812 E libc    : Access denied finding property "persist.aicamera.needlut"
09-07 14:28:59.554   674  7756 E         : cpp_thread_handle_process_buf_event, stream_type = 1
09-07 14:28:59.554   674  7756 E libc    : Access denied finding property "disable.cpp.power.collapse"
09-07 14:28:59.554   674  7756 E libc    : Access denied finding property "camera.cpp.dumppreviewpayload"
09-07 14:28:59.558   674  7790 E ta      : TAAEC<ERROR> 2520: aec_process_parse_input_info: AEC error: invalid param type: 21
09-07 14:28:59.561   674  7790 I ta      : TAAEC< INFO> 4280: aec_process_calc_roi_luma_ctrl: FACE_PROTECTION: AE FACE FEATURE DISABLED
09-07 14:28:59.561   674  7790 I ta      : TAAEC< INFO> 4324: aec_process_calc_roi_luma_ctrl: FACE_PROTECTION: Face Portection FALSE
09-07 14:28:59.563   674  7790 E libc    : Access denied finding property "persist.front.camera.qcom.awb"
09-07 14:28:59.573   674  7812 E libc    : Access denied finding property "persist.aicamera.needlut"
09-07 14:28:59.585   718   718 I SurfaceFlinger: FPS: 31
09-07 14:28:59.587   674  7756 E         : cpp_thread_handle_process_buf_event, stream_type = 1
09-07 14:28:59.587   674  7756 E libc    : Access denied finding property "disable.cpp.power.collapse"
09-07 14:28:59.588   674  7756 E libc    : Access denied finding property "camera.cpp.dumppreviewpayload"
09-07 14:28:59.592   674  7790 E ta      : TAAEC<ERROR> 2520: aec_process_parse_input_info: AEC error: invalid param type: 21
09-07 14:28:59.595   674  7767 E libc    : Access denied finding property "persist.front.camera.qcom.awb"
09-07 14:28:59.606   674  7812 E libc    : Access denied finding property "persist.aicamera.needlut"
09-07 14:28:59.621   674  7756 E         : cpp_thread_handle_process_buf_event, stream_type = 1
09-07 14:28:59.621   674  7756 E libc    : Access denied finding property "disable.cpp.power.collapse"
09-07 14:28:59.621   674  7756 E libc    : Access denied finding property "camera.cpp.dumppreviewpayload"
09-07 14:28:59.625   674  7790 E ta      : TAAEC<ERROR> 2520: aec_process_parse_input_info: AEC error: invalid param type: 21
09-07 14:28:59.626   674  7790 I ta      : TAAEC< INFO> 4280: aec_process_calc_roi_luma_ctrl: FACE_PROTECTION: AE FACE FEATURE DISABLED
09-07 14:28:59.626   674  7790 I ta      : TAAEC< INFO> 4324: aec_process_calc_roi_luma_ctrl: FACE_PROTECTION: Face Portection FALSE
09-07 14:28:59.630   674  7790 E libc    : Access denied finding property "persist.front.camera.qcom.awb"
09-07 14:28:59.640   674  7812 E libc    : Access denied finding property "persist.aicamera.needlut"
09-07 14:28:59.654   674  7756 E         : cpp_thread_handle_process_buf_event, stream_type = 1
09-07 14:28:59.654   674  7756 E libc    : Access denied finding property "disable.cpp.power.collapse"
09-07 14:28:59.654   674  7756 E libc    : Access denied finding property "camera.cpp.dumppreviewpayload"
09-07 14:28:59.658   674  7790 E ta      : TAAEC<ERROR> 2520: aec_process_parse_input_info: AEC error: invalid param type: 21
09-07 14:28:59.661   674  7767 E libc    : Access denied finding property "persist.front.camera.qcom.awb"
09-07 14:28:59.673   674  7812 E libc    : Access denied finding property "persist.aicamera.needlut"
09-07 14:28:59.687   674  7756 E         : cpp_thread_handle_process_buf_event, stream_type = 1
09-07 14:28:59.688   674  7756 E libc    : Access denied finding property "disable.cpp.power.collapse"
09-07 14:28:59.688   674  7756 E libc    : Access denied finding property "camera.cpp.dumppreviewpayload"
09-07 14:28:59.692   674  7790 E ta      : TAAEC<ERROR> 2520: aec_process_parse_input_info: AEC error: invalid param type: 21
09-07 14:28:59.693   674  7790 I ta      : TAAEC< INFO> 4280: aec_process_calc_roi_luma_ctrl: FACE_PROTECTION: AE FACE FEATURE DISABLED
09-07 14:28:59.693   674  7790 I ta      : TAAEC< INFO> 4324: aec_process_calc_roi_luma_ctrl: FACE_PROTECTION: Face Portection FALSE
09-07 14:28:59.696   674  7767 E libc    : Access denied finding property "persist.front.camera.qcom.awb"
09-07 14:28:59.706   674  7812 E libc    : Access denied finding property "persist.aicamera.needlut"
09-07 14:28:59.721   674  7756 E         : cpp_thread_handle_process_buf_event, stream_type = 1
09-07 14:28:59.721   674  7756 E libc    : Access denied finding property "disable.cpp.power.collapse"
09-07 14:28:59.721   674  7756 E libc    : Access denied finding property "camera.cpp.dumppreviewpayload"
09-07 14:28:59.725   674  7790 E ta      : TAAEC<ERROR> 2520: aec_process_parse_input_info: AEC error: invalid param type: 21
09-07 14:28:59.731   674  7767 E libc    : Access denied finding property "persist.front.camera.qcom.awb"
09-07 14:28:59.740   674  7812 E libc    : Access denied finding property "persist.aicamera.needlut"
09-07 14:28:59.754   674  7756 E         : cpp_thread_handle_process_buf_event, stream_type = 1
09-07 14:28:59.754   674  7756 E libc    : Access denied finding property "disable.cpp.power.collapse"
09-07 14:28:59.754   674  7756 E libc    : Access denied finding property "camera.cpp.dumppreviewpayload"
09-07 14:28:59.758   674  7790 E ta      : TAAEC<ERROR> 2520: aec_process_parse_input_info: AEC error: invalid param type: 21
09-07 14:28:59.760   674  7790 I ta      : TAAEC< INFO> 4280: aec_process_calc_roi_luma_ctrl: FACE_PROTECTION: AE FACE FEATURE DISABLED
09-07 14:28:59.760   674  7790 I ta      : TAAEC< INFO> 4324: aec_process_calc_roi_luma_ctrl: FACE_PROTECTION: Face Portection FALSE
09-07 14:28:59.762   674  7767 E libc    : Access denied finding property "persist.front.camera.qcom.awb"
09-07 14:28:59.773   674  7812 E libc    : Access denied finding property "persist.aicamera.needlut"
09-07 14:28:59.787   674  7756 E         : cpp_thread_handle_process_buf_event, stream_type = 1
09-07 14:28:59.787   674  7756 E libc    : Access denied finding property "disable.cpp.power.collapse"
09-07 14:28:59.788   674  7756 E libc    : Access denied finding property "camera.cpp.dumppreviewpayload"
09-07 14:28:59.792   674  7790 E ta      : TAAEC<ERROR> 2520: aec_process_parse_input_info: AEC error: invalid param type: 21
09-07 14:28:59.795   674  7767 E libc    : Access denied finding property "persist.front.camera.qcom.awb"
09-07 14:28:59.806   674  7812 E libc    : Access denied finding property "persist.aicamera.needlut"
09-07 14:28:59.821   674  7756 E         : cpp_thread_handle_process_buf_event, stream_type = 1
09-07 14:28:59.821   674  7756 E libc    : Access denied finding property "disable.cpp.power.collapse"
09-07 14:28:59.821   674  7756 E libc    : Access denied finding property "camera.cpp.dumppreviewpayload"
09-07 14:28:59.825   674  7790 E ta      : TAAEC<ERROR> 2520: aec_process_parse_input_info: AEC error: invalid param type: 21
09-07 14:28:59.829   674  7790 I ta      : TAAEC< INFO> 4280: aec_process_calc_roi_luma_ctrl: FACE_PROTECTION: AE FACE FEATURE DISABLED
09-07 14:28:59.830   674  7790 I ta      : TAAEC< INFO> 4324: aec_process_calc_roi_luma_ctrl: FACE_PROTECTION: Face Portection FALSE
09-07 14:28:59.832   674  7790 E libc    : Access denied finding property "persist.front.camera.qcom.awb"
09-07 14:28:59.840   674  7812 E libc    : Access denied finding property "persist.aicamera.needlut"
09-07 14:28:59.854   674  7756 E         : cpp_thread_handle_process_buf_event, stream_type = 1
09-07 14:28:59.854   674  7756 E libc    : Access denied finding property "disable.cpp.power.collapse"
09-07 14:28:59.854   674  7756 E libc    : Access denied finding property "camera.cpp.dumppreviewpayload"
09-07 14:28:59.858   674  7790 E ta      : TAAEC<ERROR> 2520: aec_process_parse_input_info: AEC error: invalid param type: 21
09-07 14:28:59.861   674  7767 E libc    : Access denied finding property "persist.front.camera.qcom.awb"
09-07 14:28:59.873   674  7812 E libc    : Access denied finding property "persist.aicamera.needlut"
09-07 14:28:59.887   674  7756 E         : cpp_thread_handle_process_buf_event, stream_type = 1
09-07 14:28:59.888   674  7756 E libc    : Access denied finding property "disable.cpp.power.collapse"
09-07 14:28:59.888   674  7756 E libc    : Access denied finding property "camera.cpp.dumppreviewpayload"
09-07 14:28:59.892   674  7790 E ta      : TAAEC<ERROR> 2520: aec_process_parse_input_info: AEC error: invalid param type: 21
09-07 14:28:59.893   674  7790 I ta      : TAAEC< INFO> 4280: aec_process_calc_roi_luma_ctrl: FACE_PROTECTION: AE FACE FEATURE DISABLED
09-07 14:28:59.893   674  7790 I ta      : TAAEC< INFO> 4324: aec_process_calc_roi_luma_ctrl: FACE_PROTECTION: Face Portection FALSE
09-07 14:28:59.895   674  7767 E libc    : Access denied finding property "persist.front.camera.qcom.awb"
09-07 14:28:59.906   674  7812 E libc    : Access denied finding property "persist.aicamera.needlut"
09-07 14:28:59.921   674  7756 E         : cpp_thread_handle_process_buf_event, stream_type = 1
09-07 14:28:59.921   674  7756 E libc    : Access denied finding property "disable.cpp.power.collapse"
09-07 14:28:59.921   674  7756 E libc    : Access denied finding property "camera.cpp.dumppreviewpayload"
09-07 14:28:59.926   674  7790 E ta      : TAAEC<ERROR> 2520: aec_process_parse_input_info: AEC error: invalid param type: 21
09-07 14:28:59.928   674  7767 E libc    : Access denied finding property "persist.front.camera.qcom.awb"
09-07 14:28:59.940   674  7812 E libc    : Access denied finding property "persist.aicamera.needlut"
09-07 14:28:59.954   674  7756 E         : cpp_thread_handle_process_buf_event, stream_type = 1
09-07 14:28:59.954   674  7756 E libc    : Access denied finding property "disable.cpp.power.collapse"
09-07 14:28:59.954   674  7756 E libc    : Access denied finding property "camera.cpp.dumppreviewpayload"
09-07 14:28:59.958   674  7790 E ta      : TAAEC<ERROR> 2520: aec_process_parse_input_info: AEC error: invalid param type: 21
09-07 14:28:59.961   674  7790 I ta      : TAAEC< INFO> 4280: aec_process_calc_roi_luma_ctrl: FACE_PROTECTION: AE FACE FEATURE DISABLED
09-07 14:28:59.961   674  7790 I ta      : TAAEC< INFO> 4324: aec_process_calc_roi_luma_ctrl: FACE_PROTECTION: Face Portection FALSE
09-07 14:28:59.964   674  7790 E libc    : Access denied finding property "persist.front.camera.qcom.awb"
09-07 14:28:59.973   674  7812 E libc    : Access denied finding property "persist.aicamera.needlut"
09-07 14:28:59.987   674  7756 E         : cpp_thread_handle_process_buf_event, stream_type = 1
09-07 14:28:59.987   674  7756 E libc    : Access denied finding property "disable.cpp.power.collapse"
09-07 14:28:59.988   674  7756 E libc    : Access denied finding property "camera.cpp.dumppreviewpayload"
09-07 14:28:59.992   674  7790 E ta      : TAAEC<ERROR> 2520: aec_process_parse_input_info: AEC error: invalid param type: 21
09-07 14:28:59.995   674  7767 E libc    : Access denied finding property "persist.front.camera.qcom.awb"
09-07 14:29:00.000  1710  2037 V AlarmAlign: mAlarmBatches = 65, triggerList = 1
09-07 14:29:00.002  1710  2037 V AlarmAlign: setLocked to kernel, type = 2, when = 471824693, curTime = 471821818
09-07 14:29:00.003  1710  1710 V AlarmAlign: setLocked to kernel, type = 2, when = 471824693, curTime = 471821819
09-07 14:29:00.006   674  7812 E libc    : Access denied finding property "persist.aicamera.needlut"
09-07 14:29:00.052   674   674 W CAM_MctBus_6: type=1400 audit(0.0:58011): avc: denied { read } for name="u:object_r:default_prop:s0" dev="tmpfs" ino=5760 scontext=u:r:hal_camera_default:s0 tcontext=u:object_r:default_prop:s0 tclass=file permissive=0
09-07 14:29:00.062   674   674 W CAM_dataPoll: type=1400 audit(0.0:58012): avc: denied { read } for name="u:object_r:default_prop:s0" dev="tmpfs" ino=5760 scontext=u:r:hal_camera_default:s0 tcontext=u:object_r:default_prop:s0 tclass=file permissive=0
09-07 14:29:00.072   674   674 W CAM_cpp : type=1400 audit(0.0:58013): avc: denied { read } for name="u:object_r:default_prop:s0" dev="tmpfs" ino=5760 scontext=u:r:hal_camera_default:s0 tcontext=u:object_r:default_prop:s0 tclass=file permissive=0
09-07 14:29:00.072   674   674 W CAM_cpp : type=1400 audit(0.0:58014): avc: denied { read } for name="u:object_r:default_prop:s0" dev="tmpfs" ino=5760 scontext=u:r:hal_camera_default:s0 tcontext=u:object_r:default_prop:s0 tclass=file permissive=0
09-07 14:29:00.082   674   674 W CAM_MctBus_6: type=1400 audit(0.0:58015): avc: denied { read } for name="u:object_r:default_prop:s0" dev="tmpfs" ino=5760 scontext=u:r:hal_camera_default:s0 tcontext=u:object_r:default_prop:s0 tclass=file permissive=0
09-07 14:29:00.654   674  7756 E         : cpp_thread_handle_process_buf_event, stream_type = 1
09-07 14:29:00.654   674  7756 E libc    : Access denied finding property "disable.cpp.power.collapse"
09-07 14:29:00.654   674  7756 E libc    : Access denied finding property "camera.cpp.dumppreviewpayload"
09-07 14:29:00.659   674  7790 E ta      : TAAEC<ERROR> 2520: aec_process_parse_input_info: AEC error: invalid param type: 21
09-07 14:29:00.660 32420  1714 E memtrack: Couldn't load memtrack module
09-07 14:29:00.661 32420  1714 W android.os.Debug: failed to get memory consumption info: -1
09-07 14:29:00.661   674  7767 E libc    : Access denied finding property "persist.front.camera.qcom.awb"
09-07 14:29:00.673   674  7812 E libc    : Access denied finding property "persist.aicamera.needlut"
09-07 14:29:00.687   674  7756 E         : cpp_thread_handle_process_buf_event, stream_type = 1
09-07 14:29:00.688   674  7756 E libc    : Access denied finding property "disable.cpp.power.collapse"
09-07 14:29:00.688   674  7756 E libc    : Access denied finding property "camera.cpp.dumppreviewpayload"
09-07 14:29:00.692   674  7790 E ta      : TAAEC<ERROR> 2520: aec_process_parse_input_info: AEC error: invalid param type: 21
