09-07 14:28:56.566   674  7790 E libc    : Access denied finding property "persist.front.camera.qcom.awb"
09-07 14:28:56.567   674  7756 E libc    : Access denied finding property "disable.cpp.power.collapse"
09-07 14:28:56.567   674  7756 E libc    : Access denied finding property "camera.cpp.dumppreviewpayload"
09-07 14:28:56.568  2762  2762 D QtiCarrierConfigHelper: WARNING, no carrier configs on phone Id: 0
09-07 14:28:56.569  1710  5524 V LocSvc_HIDL_Subscription_jni: battery_level_update
09-07 14:28:56.570  1710  5524 V LocSvc_HIDL_Subscription_jni: [battery_level_update][931] [HC] =>> [HS]
09-07 14:28:56.570   693   693 V LocSvc_HIDL_IzatSubscription: [batteryLevelUpdate][777] [HS] <<<<= [HC]
09-07 14:28:56.570  1710  5524 V LocSvc_HIDL_Subscription_jni: Exit Result 0
09-07 14:28:56.581  1710  1710 D FeatureService: onReceive action android.intent.action.BATTERY_CHANGED
09-07 14:28:56.586   674  7812 E libc    : Access denied finding property "persist.aicamera.needlut"
09-07 14:28:56.587   674  7756 E         : cpp_thread_handle_process_buf_event, stream_type = 1
09-07 14:28:56.587   674  7756 E libc    : Access denied finding property "disable.cpp.power.collapse"
09-07 14:28:56.587   674  7756 E libc    : Access denied finding property "camera.cpp.dumppreviewpayload"
09-07 14:28:56.592   674  7790 E ta      : TAAEC<ERROR> 2520: aec_process_parse_input_info: AEC error: invalid param type: 21
09-07 14:28:56.594   674  7767 E libc    : Access denied finding property "persist.front.camera.qcom.awb"
09-07 14:28:56.606   674  7812 E libc    : Access denied finding property "persist.aicamera.needlut"
09-07 14:28:56.621   674  7756 E         : cpp_thread_handle_process_buf_event, stream_type = 1
09-07 14:28:56.621   674  7756 E libc    : Access denied finding property "disable.cpp.power.collapse"
09-07 14:28:56.621   674  7756 E libc    : Access denied finding property "camera.cpp.dumppreviewpayload"
09-07 14:28:56.625   674  7790 E ta      : TAAEC<ERROR> 2520: aec_process_parse_input_info: AEC error: invalid param type: 21
09-07 14:28:56.627   674  7790 I ta      : TAAEC< INFO> 4280: aec_process_calc_roi_luma_ctrl: FACE_PROTECTION: AE FACE FEATURE DISABLED
09-07 14:28:56.627   674  7790 I ta      : TAAEC< INFO> 4324: aec_process_calc_roi_luma_ctrl: FACE_PROTECTION: Face Portection FALSE
09-07 14:28:56.630   674  7790 E libc    : Access denied finding property "persist.front.camera.qcom.awb"
09-07 14:28:56.640   674  7812 E libc    : Access denied finding property "persist.aicamera.needlut"
09-07 14:28:56.654   674  7756 E         : cpp_thread_handle_process_buf_event, stream_type = 1
09-07 14:28:56.654   674  7756 E libc    : Access denied finding property "disable.cpp.power.collapse"
09-07 14:28:56.655   674  7756 E libc    : Access denied finding property "camera.cpp.dumppreviewpayload"
09-07 14:28:56.658   674  7790 E ta      : TAAEC<ERROR> 2520: aec_process_parse_input_info: AEC error: invalid param type: 21
09-07 14:28:56.661   674  7767 E libc    : Access denied finding property "persist.front.camera.qcom.awb"
09-07 14:28:56.674   674  7812 E libc    : Access denied finding property "persist.aicamera.needlut"
09-07 14:28:56.688   674  7756 E         : cpp_thread_handle_process_buf_event, stream_type = 1
09-07 14:28:56.688   674  7756 E libc    : Access denied finding property "disable.cpp.power.collapse"
09-07 14:28:56.690   674  7756 E libc    : Access denied finding property "camera.cpp.dumppreviewpayload"
09-07 14:28:56.693   674  7790 E ta      : TAAEC<ERROR> 2520: aec_process_parse_input_info: AEC error: invalid param type: 21
09-07 14:28:56.698   674  7790 I ta      : TAAEC< INFO> 4280: aec_process_calc_roi_luma_ctrl: FACE_PROTECTION: AE FACE FEATURE DISABLED
09-07 14:28:56.698   674  7790 I ta      : TAAEC< INFO> 4324: aec_process_calc_roi_luma_ctrl: FACE_PROTECTION: Face Portection FALSE
09-07 14:28:56.701   674  7790 E libc    : Access denied finding property "persist.front.camera.qcom.awb"
09-07 14:28:56.709   674  7812 E libc    : Access denied finding property "persist.aicamera.needlut"
09-07 14:28:56.721   674  7756 E         : cpp_thread_handle_process_buf_event, stream_type = 1
09-07 14:28:56.721   674  7756 E libc    : Access denied finding property "disable.cpp.power.collapse"
09-07 14:28:56.721   674  7756 E libc    : Access denied finding property "camera.cpp.dumppreviewpayload"
09-07 14:28:56.726   674  7790 E ta      : TAAEC<ERROR> 2520: aec_process_parse_input_info: AEC error: invalid param type: 21
09-07 14:28:56.729   674  7767 E libc    : Access denied finding property "persist.front.camera.qcom.awb"
09-07 14:28:56.741   674  7812 E libc    : Access denied finding property "persist.aicamera.needlut"
09-07 14:28:56.754   674  7756 E         : cpp_thread_handle_process_buf_event, stream_type = 1
09-07 14:28:56.754   674  7756 E libc    : Access denied finding property "disable.cpp.power.collapse"
09-07 14:28:56.754   674  7756 E libc    : Access denied finding property "camera.cpp.dumppreviewpayload"
09-07 14:28:56.758   674  7790 E ta      : TAAEC<ERROR> 2520: aec_process_parse_input_info: AEC error: invalid param type: 21
09-07 14:28:56.760   674  7790 I ta      : TAAEC< INFO> 4280: aec_process_calc_roi_luma_ctrl: FACE_PROTECTION: AE FACE FEATURE DISABLED
09-07 14:28:56.760   674  7790 I ta      : TAAEC< INFO> 4324: aec_process_calc_roi_luma_ctrl: FACE_PROTECTION: Face Portection FALSE
09-07 14:28:56.763   674  7767 E libc    : Access denied finding property "persist.front.camera.qcom.awb"
09-07 14:28:56.774   674  7812 E libc    : Access denied finding property "persist.aicamera.needlut"
09-07 14:28:56.786  1710  2183 I DisplayPowerState: mBlockedByFingerprint = 0
09-07 14:28:56.787  1710  2183 E DisplayPowerState: run changed=true mNightPearlManager is null! or state != Display.STATE_OFF
09-07 14:28:56.787  1710  2183 D DisplayPowerState: run normal set state ON brightness:235
09-07 14:28:56.788  1710  2183 W LightsService: setBrightness:235
09-07 14:28:56.789   674  7756 E         : cpp_thread_handle_process_buf_event, stream_type = 1
09-07 14:28:56.789   674  7756 E libc    : Access denied finding property "disable.cpp.power.collapse"
09-07 14:28:56.789   674  7756 E libc    : Access denied finding property "camera.cpp.dumppreviewpayload"
09-07 14:28:56.792   674  7790 E ta      : TAAEC<ERROR> 2520: aec_process_parse_input_info: AEC error: invalid param type: 21
09-07 14:28:56.796  1710  2183 D FingerprintWakeHook: Display state changed to ON
09-07 14:28:56.796   674  7767 E libc    : Access denied finding property "persist.front.camera.qcom.awb"
09-07 14:28:56.796  1710  2183 D DisplayPowerState: run normal set state end
09-07 14:28:56.798  1710  2183 D DisplayPowerState: run state:ON on:true backlight:235
09-07 14:28:56.802  1710  2183 I DisplayPowerState: mBlockedByFingerprint = 0
09-07 14:28:56.804  1710  2183 E DisplayPowerState: run changed=true mNightPearlManager is null! or state != Display.STATE_OFF
09-07 14:28:56.804  1710  2183 D DisplayPowerState: run normal set state ON brightness:220
09-07 14:28:56.804  1710  2183 W LightsService: setBrightness:220
09-07 14:28:56.808   674  7812 E libc    : Access denied finding property "persist.aicamera.needlut"
09-07 14:28:56.815  1710  2183 D FingerprintWakeHook: Display state changed to ON
09-07 14:28:56.815  1710  2183 D DisplayPowerState: run normal set state end
09-07 14:28:56.816  1710  2183 D DisplayPowerState: run state:ON on:true backlight:220
09-07 14:28:56.820  1710  2183 I DisplayPowerState: mBlockedByFingerprint = 0
09-07 14:28:56.822  1710  2183 E DisplayPowerState: run changed=true mNightPearlManager is null! or state != Display.STATE_OFF
09-07 14:28:56.822  1710  2183 D DisplayPowerState: run normal set state ON brightness:205
09-07 14:28:56.823   674  7756 E         : cpp_thread_handle_process_buf_event, stream_type = 1
09-07 14:28:56.823  1710  2183 W LightsService: setBrightness:205
09-07 14:28:56.823   674  7756 E libc    : Access denied finding property "disable.cpp.power.collapse"
09-07 14:28:56.823   674  7756 E libc    : Access denied finding property "camera.cpp.dumppreviewpayload"
09-07 14:28:56.825   674  7790 E ta      : TAAEC<ERROR> 2520: aec_process_parse_input_info: AEC error: invalid param type: 21
09-07 14:28:56.826   674  7790 I ta      : TAAEC< INFO> 4280: aec_process_calc_roi_luma_ctrl: FACE_PROTECTION: AE FACE FEATURE DISABLED
09-07 14:28:56.826   674  7790 I ta      : TAAEC< INFO> 4324: aec_process_calc_roi_luma_ctrl: FACE_PROTECTION: Face Portection FALSE
09-07 14:28:56.831   674  7790 E libc    : Access denied finding property "persist.front.camera.qcom.awb"
09-07 14:28:56.835  1710  2183 D FingerprintWakeHook: Display state changed to ON
09-07 14:28:56.835  1710  2183 D DisplayPowerState: run normal set state end
09-07 14:28:56.837  1710  2183 D DisplayPowerState: run state:ON on:true backlight:205
09-07 14:28:56.837  1710  2183 I DisplayPowerState: mBlockedByFingerprint = 0
09-07 14:28:56.837  1710  2183 E DisplayPowerState: run changed=true mNightPearlManager is null! or state != Display.STATE_OFF
09-07 14:28:56.838  1710  2183 D DisplayPowerState: run normal set state ON brightness:200
09-07 14:28:56.838  1710  2183 W LightsService: setBrightness:200
09-07 14:28:56.842   674  7812 E libc    : Access denied finding property "persist.aicamera.needlut"
09-07 14:28:56.848  1710  2183 D FingerprintWakeHook: Display state changed to ON
09-07 14:28:56.848  1710  2183 D DisplayPowerState: run normal set state end
09-07 14:28:56.849  1710  2183 D DisplayPowerState: run state:ON on:true backlight:200
09-07 14:28:56.853  1710  2183 I DisplayPowerState: mBlockedByFingerprint = 0
09-07 14:28:56.854   674  7756 E         : cpp_thread_handle_process_buf_event, stream_type = 1
09-07 14:28:56.854   674  7756 E libc    : Access denied finding property "disable.cpp.power.collapse"
09-07 14:28:56.854   674  7756 E libc    : Access denied finding property "camera.cpp.dumppreviewpayload"
09-07 14:28:56.856  1710  2183 E DisplayPowerState: run changed=true mNightPearlManager is null! or state != Display.STATE_OFF
09-07 14:28:56.856  1710  2183 D DisplayPowerState: run normal set state ON brightness:195
09-07 14:28:56.856  1710  2183 W LightsService: setBrightness:195
09-07 14:28:56.858   674  7790 E ta      : TAAEC<ERROR> 2520: aec_process_parse_input_info: AEC error: invalid param type: 21
09-07 14:28:56.859  1710  2183 D FingerprintWakeHook: Display state changed to ON
09-07 14:28:56.860  1710  2183 D DisplayPowerState: run normal set state end
09-07 14:28:56.861  1710  2183 D DisplayPowerState: run state:ON on:true backlight:195
09-07 14:28:56.863   674  7767 E libc    : Access denied finding property "persist.front.camera.qcom.awb"
09-07 14:28:56.869  1710  2183 I DisplayPowerState: mBlockedByFingerprint = 0
09-07 14:28:56.870  1710  2183 E DisplayPowerState: run changed=true mNightPearlManager is null! or state != Display.STATE_OFF
09-07 14:28:56.870  1710  2183 D DisplayPowerState: run normal set state ON brightness:190
09-07 14:28:56.871  1710  2183 W LightsService: setBrightness:190
09-07 14:28:56.873   674  7812 E libc    : Access denied finding property "persist.aicamera.needlut"
09-07 14:28:56.881  1710  2183 D FingerprintWakeHook: Display state changed to ON
09-07 14:28:56.881  1710  2183 D DisplayPowerState: run normal set state end
09-07 14:28:56.883  1710  2183 D DisplayPowerState: run state:ON on:true backlight:190
09-07 14:28:56.886  1710  2183 I DisplayPowerState: mBlockedByFingerprint = 0
09-07 14:28:56.887  1710  2183 E DisplayPowerState: run changed=true mNightPearlManager is null! or state != Display.STATE_OFF
09-07 14:28:56.887   674  7756 E         : cpp_thread_handle_process_buf_event, stream_type = 1
09-07 14:28:56.887  1710  2183 D DisplayPowerState: run normal set state ON brightness:185
09-07 14:28:56.888  1710  2183 W LightsService: setBrightness:185
09-07 14:28:56.888   674  7756 E libc    : Access denied finding property "disable.cpp.power.collapse"
09-07 14:28:56.889   674  7756 E libc    : Access denied finding property "camera.cpp.dumppreviewpayload"
09-07 14:28:56.891  1710  2183 D FingerprintWakeHook: Display state changed to ON
09-07 14:28:56.892   674  7790 E ta      : TAAEC<ERROR> 2520: aec_process_parse_input_info: AEC error: invalid param type: 21
09-07 14:28:56.892  1710  2183 D DisplayPowerState: run normal set state end
09-07 14:28:56.893   674  7790 I ta      : TAAEC< INFO> 4280: aec_process_calc_roi_luma_ctrl: FACE_PROTECTION: AE FACE FEATURE DISABLED
09-07 14:28:56.893   674  7790 I ta      : TAAEC< INFO> 4324: aec_process_calc_roi_luma_ctrl: FACE_PROTECTION: Face Portection FALSE
09-07 14:28:56.894  1710  2183 D DisplayPowerState: run state:ON on:true backlight:185
09-07 14:28:56.896   674  7767 E libc    : Access denied finding property "persist.front.camera.qcom.awb"
09-07 14:28:56.902  1710  2183 I DisplayPowerState: mBlockedByFingerprint = 0
09-07 14:28:56.903  1710  2183 E DisplayPowerState: run changed=true mNightPearlManager is null! or state != Display.STATE_OFF
09-07 14:28:56.903  1710  2183 D DisplayPowerState: run normal set state ON brightness:180
09-07 14:28:56.904  1710  2183 W LightsService: setBrightness:180
09-07 14:28:56.907   674  7812 E libc    : Access denied finding property "persist.aicamera.needlut"
09-07 14:28:56.914  1710  2183 D FingerprintWakeHook: Display state changed to ON
09-07 14:28:56.915  1710  2183 D DisplayPowerState: run normal set state end
09-07 14:28:56.916  1710  2183 D DisplayPowerState: run state:ON on:true backlight:180
09-07 14:28:56.919  1710  2183 I DisplayPowerState: mBlockedByFingerprint = 0
09-07 14:28:56.921   674  7756 E         : cpp_thread_handle_process_buf_event, stream_type = 1
09-07 14:28:56.921  1710  2183 E DisplayPowerState: run changed=true mNightPearlManager is null! or state != Display.STATE_OFF
09-07 14:28:56.921  1710  2183 D DisplayPowerState: run normal set state ON brightness:175
09-07 14:28:56.922   674  7756 E libc    : Access denied finding property "disable.cpp.power.collapse"
09-07 14:28:56.922   674  7756 E libc    : Access denied finding property "camera.cpp.dumppreviewpayload"
09-07 14:28:56.922  1710  2183 W LightsService: setBrightness:175
09-07 14:28:56.926   674  7790 E ta      : TAAEC<ERROR> 2520: aec_process_parse_input_info: AEC error: invalid param type: 21
09-07 14:28:56.926  1710  2183 D FingerprintWakeHook: Display state changed to ON
09-07 14:28:56.926  1710  2183 D DisplayPowerState: run normal set state end
09-07 14:28:56.928  1710  2183 D DisplayPowerState: run state:ON on:true backlight:175
09-07 14:28:56.930   674  7790 E libc    : Access denied finding property "persist.front.camera.qcom.awb"
09-07 14:28:56.935  1710  2183 I DisplayPowerState: mBlockedByFingerprint = 0
09-07 14:28:56.937  1710  2183 E DisplayPowerState: run changed=true mNightPearlManager is null! or state != Display.STATE_OFF
09-07 14:28:56.937  1710  2183 D DisplayPowerState: run normal set state ON brightness:170
09-07 14:28:56.937  1710  2183 W LightsService: setBrightness:170
09-07 14:28:56.941   674  7812 E libc    : Access denied finding property "persist.aicamera.needlut"
09-07 14:28:56.948  1710  2183 D FingerprintWakeHook: Display state changed to ON
09-07 14:28:56.948  1710  2183 D DisplayPowerState: run normal set state end
09-07 14:28:56.950  1710  2183 D DisplayPowerState: run state:ON on:true backlight:170
09-07 14:28:56.953  1710  2183 I DisplayPowerState: mBlockedByFingerprint = 0
09-07 14:28:56.954  1710  2183 E DisplayPowerState: run changed=true mNightPearlManager is null! or state != Display.STATE_OFF
09-07 14:28:56.954  1710  2183 D DisplayPowerState: run normal set state ON brightness:165
09-07 14:28:56.954   674  7756 E         : cpp_thread_handle_process_buf_event, stream_type = 1
09-07 14:28:56.955  1710  2183 W LightsService: setBrightness:165
09-07 14:28:56.955   674  7756 E libc    : Access denied finding property "disable.cpp.power.collapse"
09-07 14:28:56.956   674  7756 E libc    : Access denied finding property "camera.cpp.dumppreviewpayload"
09-07 14:28:56.959   674  7790 E ta      : TAAEC<ERROR> 2520: aec_process_parse_input_info: AEC error: invalid param type: 21
09-07 14:28:56.959  1710  2183 D FingerprintWakeHook: Display state changed to ON
09-07 14:28:56.962   674  7790 I ta      : TAAEC< INFO> 4280: aec_process_calc_roi_luma_ctrl: FACE_PROTECTION: AE FACE FEATURE DISABLED
09-07 14:28:56.962   674  7790 I ta      : TAAEC< INFO> 4324: aec_process_calc_roi_luma_ctrl: FACE_PROTECTION: Face Portection FALSE
09-07 14:28:56.963  1710  2183 D DisplayPowerState: run normal set state end
09-07 14:28:56.964  1710  2183 D DisplayPowerState: run state:ON on:true backlight:165
09-07 14:28:56.965   674  7790 E libc    : Access denied finding property "persist.front.camera.qcom.awb"
09-07 14:28:56.969  1710  2183 I DisplayPowerState: mBlockedByFingerprint = 0
09-07 14:28:56.970  1710  2183 E DisplayPowerState: run changed=true mNightPearlManager is null! or state != Display.STATE_OFF
09-07 14:28:56.970  1710  2183 D DisplayPowerState: run normal set state ON brightness:160
09-07 14:28:56.970  1710  2183 W LightsService: setBrightness:160
09-07 14:28:56.974   674  7812 E libc    : Access denied finding property "persist.aicamera.needlut"
09-07 14:28:56.981  1710  2183 D FingerprintWakeHook: Display state changed to ON
09-07 14:28:56.982  1710  2183 D DisplayPowerState: run normal set state end
09-07 14:28:56.983  1710  2183 D DisplayPowerState: run state:ON on:true backlight:160
09-07 14:28:56.985  1710  2183 I DisplayPowerState: mBlockedByFingerprint = 0
09-07 14:28:56.986  1710  2183 E DisplayPowerState: run changed=true mNightPearlManager is null! or state != Display.STATE_OFF
09-07 14:28:56.986  1710  2183 D DisplayPowerState: run normal set state ON brightness:155
09-07 14:28:56.987  1710  2183 W LightsService: setBrightness:155
09-07 14:28:56.988   674  7756 E         : cpp_thread_handle_process_buf_event, stream_type = 1
09-07 14:28:56.988   674  7756 E libc    : Access denied finding property "disable.cpp.power.collapse"
09-07 14:28:56.989   674  7756 E libc    : Access denied finding property "camera.cpp.dumppreviewpayload"
09-07 14:28:56.990  1710  2183 D FingerprintWakeHook: Display state changed to ON
09-07 14:28:56.992   674  7790 E ta      : TAAEC<ERROR> 2520: aec_process_parse_input_info: AEC error: invalid param type: 21
09-07 14:28:56.993  1710  2183 D DisplayPowerState: run normal set state end
09-07 14:28:56.995   674  7767 E libc    : Access denied finding property "persist.front.camera.qcom.awb"
09-07 14:28:56.997  1710  2183 D DisplayPowerState: run state:ON on:true backlight:155
09-07 14:28:57.002  1710  2183 I DisplayPowerState: mBlockedByFingerprint = 0
09-07 14:28:57.003  1710  2183 E DisplayPowerState: run changed=true mNightPearlManager is null! or state != Display.STATE_OFF
09-07 14:28:57.003  1710  2183 D DisplayPowerState: run normal set state ON brightness:150
09-07 14:28:57.004  1710  2183 W LightsService: setBrightness:150
09-07 14:28:57.008   674  7812 E libc    : Access denied finding property "persist.aicamera.needlut"
09-07 14:28:57.012   674   674 W CAM_cpp : type=1400 audit(0.0:57629): avc: denied { read } for name="u:object_r:default_prop:s0" dev="tmpfs" ino=5760 scontext=u:r:hal_camera_default:s0 tcontext=u:object_r:default_prop:s0 tclass=file permissive=0
09-07 14:28:57.012   674   674 W CAM_cpp : type=1400 audit(0.0:57630): avc: denied { read } for name="u:object_r:default_prop:s0" dev="tmpfs" ino=5760 scontext=u:r:hal_camera_default:s0 tcontext=u:object_r:default_prop:s0 tclass=file permissive=0
09-07 14:28:57.012   674   674 W CAM_AECAWB: type=1400 audit(0.0:57631): avc: denied { read } for name="u:object_r:default_prop:s0" dev="tmpfs" ino=5760 scontext=u:r:hal_camera_default:s0 tcontext=u:object_r:default_prop:s0 tclass=file permissive=0
09-07 14:28:57.014  1710  2183 D FingerprintWakeHook: Display state changed to ON
09-07 14:28:57.015  1710  2183 D DisplayPowerState: run normal set state end
09-07 14:28:57.016  1710  2183 D DisplayPowerState: run state:ON on:true backlight:150
09-07 14:28:57.021   674  7756 E         : cpp_thread_handle_process_buf_event, stream_type = 1
09-07 14:28:57.022   674  7756 E libc    : Access denied finding property "disable.cpp.power.collapse"
09-07 14:28:57.022   674  7756 E libc    : Access denied finding property "camera.cpp.dumppreviewpayload"
09-07 14:28:57.023  1710  2183 I DisplayPowerState: mBlockedByFingerprint = 0
09-07 14:28:57.024  1710  2183 E DisplayPowerState: run changed=true mNightPearlManager is null! or state != Display.STATE_OFF
09-07 14:28:57.024  1710  2183 D DisplayPowerState: run normal set state ON brightness:145
09-07 14:28:57.024  1710  2183 W LightsService: setBrightness:145
09-07 14:28:57.025   674  7790 E ta      : TAAEC<ERROR> 2520: aec_process_parse_input_info: AEC error: invalid param type: 21
09-07 14:28:57.027   674  7790 I ta      : TAAEC< INFO> 4280: aec_process_calc_roi_luma_ctrl: FACE_PROTECTION: AE FACE FEATURE DISABLED
09-07 14:28:57.027   674  7790 I ta      : TAAEC< INFO> 4324: aec_process_calc_roi_luma_ctrl: FACE_PROTECTION: Face Portection FALSE
09-07 14:28:57.029   674  7790 E libc    : Access denied finding property "persist.front.camera.qcom.awb"
09-07 14:28:57.029  1710  2183 D FingerprintWakeHook: Display state changed to ON
09-07 14:28:57.030  1710  2183 D DisplayPowerState: run normal set state end
09-07 14:28:57.031  1710  2183 D DisplayPowerState: run state:ON on:true backlight:145
09-07 14:28:57.032   674   674 W CAM_dataPoll: type=1400 audit(0.0:57632): avc: denied { read } for name="u:object_r:default_prop:s0" dev="tmpfs" ino=5760 scontext=u:r:hal_camera_default:s0 tcontext=u:object_r:default_prop:s0 tclass=file permissive=0
09-07 14:28:57.036  1710  2183 I DisplayPowerState: mBlockedByFingerprint = 0
09-07 14:28:57.037  1710  2183 E DisplayPowerState: run changed=true mNightPearlManager is null! or state != Display.STATE_OFF
09-07 14:28:57.037  1710  2183 D DisplayPowerState: run normal set state ON brightness:140
09-07 14:28:57.037  1710  2183 W LightsService: setBrightness:140
09-07 14:28:57.041   674  7812 E libc    : Access denied finding property "persist.aicamera.needlut"
09-07 14:28:57.042   674   674 W CAM_cpp : type=1400 audit(0.0:57633): avc: denied { read } for name="u:object_r:default_prop:s0" dev="tmpfs" ino=5760 scontext=u:r:hal_camera_default:s0 tcontext=u:object_r:default_prop:s0 tclass=file permissive=0
09-07 14:28:57.048  1710  2183 D FingerprintWakeHook: Display state changed to ON
09-07 14:28:57.048  1710  2183 D DisplayPowerState: run normal set state end
09-07 14:28:57.049  1710  2183 D DisplayPowerState: run state:ON on:true backlight:140
09-07 14:28:57.054   674  7756 E         : cpp_thread_handle_process_buf_event, stream_type = 1
09-07 14:28:57.055  1710  2183 I DisplayPowerState: mBlockedByFingerprint = 0
09-07 14:28:57.055   674  7756 E libc    : Access denied finding property "disable.cpp.power.collapse"
09-07 14:28:57.055   674  7756 E libc    : Access denied finding property "camera.cpp.dumppreviewpayload"
09-07 14:28:57.056  1710  2183 E DisplayPowerState: run changed=true mNightPearlManager is null! or state != Display.STATE_OFF
09-07 14:28:57.056  1710  2183 D DisplayPowerState: run normal set state ON brightness:135
09-07 14:28:57.056  1710  2183 W LightsService: setBrightness:135
09-07 14:28:57.059  1710  2183 D FingerprintWakeHook: Display state changed to ON
09-07 14:28:57.059   674  7790 E ta      : TAAEC<ERROR> 2520: aec_process_parse_input_info: AEC error: invalid param type: 21
09-07 14:28:57.059  1710  2183 D DisplayPowerState: run normal set state end
09-07 14:28:57.061  1710  2183 D DisplayPowerState: run state:ON on:true backlight:135
09-07 14:28:57.063   674  7767 E libc    : Access denied finding property "persist.front.camera.qcom.awb"
09-07 14:28:57.068  1710  2183 I DisplayPowerState: mBlockedByFingerprint = 0
09-07 14:28:57.069  1710  2183 E DisplayPowerState: run changed=true mNightPearlManager is null! or state != Display.STATE_OFF
09-07 14:28:57.069  1710  2183 D DisplayPowerState: run normal set state ON brightness:130
09-07 14:28:57.070  1710  2183 W LightsService: setBrightness:130
09-07 14:28:57.074   674  7812 E libc    : Access denied finding property "persist.aicamera.needlut"
09-07 14:28:57.081  1710  2183 D FingerprintWakeHook: Display state changed to ON
09-07 14:28:57.081  1710  2183 D DisplayPowerState: run normal set state end
09-07 14:28:57.083  1710  2183 D DisplayPowerState: run state:ON on:true backlight:130
09-07 14:28:57.085  1710  2183 I DisplayPowerState: mBlockedByFingerprint = 0
09-07 14:28:57.086  1710  2183 E DisplayPowerState: run changed=true mNightPearlManager is null! or state != Display.STATE_OFF
09-07 14:28:57.086  1710  2183 D DisplayPowerState: run normal set state ON brightness:125
09-07 14:28:57.086  1710  2183 W LightsService: setBrightness:125
09-07 14:28:57.087   674  7756 E         : cpp_thread_handle_process_buf_event, stream_type = 1
09-07 14:28:57.088   674  7756 E libc    : Access denied finding property "disable.cpp.power.collapse"
09-07 14:28:57.088   674  7756 E libc    : Access denied finding property "camera.cpp.dumppreviewpayload"
09-07 14:28:57.090  1710  2183 D FingerprintWakeHook: Display state changed to ON
09-07 14:28:57.090  1710  2183 D DisplayPowerState: run normal set state end
09-07 14:28:57.091  1710  2183 D DisplayPowerState: run state:ON on:true backlight:125
09-07 14:28:57.094   674  7790 E ta      : TAAEC<ERROR> 2520: aec_process_parse_input_info: AEC error: invalid param type: 21
09-07 14:28:57.095   674  7790 I ta      : TAAEC< INFO> 4280: aec_process_calc_roi_luma_ctrl: FACE_PROTECTION: AE FACE FEATURE DISABLED
09-07 14:28:57.095   674  7790 I ta      : TAAEC< INFO> 4324: aec_process_calc_roi_luma_ctrl: FACE_PROTECTION: Face Portection FALSE
09-07 14:28:57.097   674  7790 E libc    : Access denied finding property "persist.front.camera.qcom.awb"
09-07 14:28:57.102  1710  2183 I DisplayPowerState: mBlockedByFingerprint = 0
09-07 14:28:57.103  1710  2183 E DisplayPowerState: run changed=true mNightPearlManager is null! or state != Display.STATE_OFF
09-07 14:28:57.103  1710  2183 D DisplayPowerState: run normal set state ON brightness:122
09-07 14:28:57.103  1710  2183 W LightsService: setBrightness:122
09-07 14:28:57.107   674  7812 E libc    : Access denied finding property "persist.aicamera.needlut"
09-07 14:28:57.114  1710  2183 D FingerprintWakeHook: Display state changed to ON
09-07 14:28:57.115  1710  2183 D DisplayPowerState: run normal set state end
09-07 14:28:57.116  1710  2183 D DisplayPowerState: run state:ON on:true backlight:122
09-07 14:28:57.120   674  7756 E         : cpp_thread_handle_process_buf_event, stream_type = 1
09-07 14:28:57.121   674  7756 E libc    : Access denied finding property "disable.cpp.power.collapse"
09-07 14:28:57.122   674  7756 E libc    : Access denied finding property "camera.cpp.dumppreviewpayload"
09-07 14:28:57.125   674  7790 E ta      : TAAEC<ERROR> 2520: aec_process_parse_input_info: AEC error: invalid param type: 21
09-07 14:28:57.128   674  7767 E libc    : Access denied finding property "persist.front.camera.qcom.awb"
09-07 14:28:57.140   674  7812 E libc    : Access denied finding property "persist.aicamera.needlut"
09-07 14:28:57.154   674  7756 E         : cpp_thread_handle_process_buf_event, stream_type = 1
09-07 14:28:57.156   674  7756 E libc    : Access denied finding property "disable.cpp.power.collapse"
09-07 14:28:57.157   674  7756 E libc    : Access denied finding property "camera.cpp.dumppreviewpayload"
09-07 14:28:57.158   674  7790 E ta      : TAAEC<ERROR> 2520: aec_process_parse_input_info: AEC error: invalid param type: 21
09-07 14:28:57.161   674  7790 I ta      : TAAEC< INFO> 4280: aec_process_calc_roi_luma_ctrl: FACE_PROTECTION: AE FACE FEATURE DISABLED
09-07 14:28:57.161   674  7790 I ta      : TAAEC< INFO> 4324: aec_process_calc_roi_luma_ctrl: FACE_PROTECTION: Face Portection FALSE
09-07 14:28:57.164   674  7790 E libc    : Access denied finding property "persist.front.camera.qcom.awb"
09-07 14:28:57.175   674  7812 E libc    : Access denied finding property "persist.aicamera.needlut"
09-07 14:28:57.187   674  7756 E         : cpp_thread_handle_process_buf_event, stream_type = 1
09-07 14:28:57.187   674  7756 E libc    : Access denied finding property "disable.cpp.power.collapse"
09-07 14:28:57.188   674  7756 E libc    : Access denied finding property "camera.cpp.dumppreviewpayload"
09-07 14:28:57.192   674  7790 E ta      : TAAEC<ERROR> 2520: aec_process_parse_input_info: AEC error: invalid param type: 21
09-07 14:28:57.195   674  7767 E libc    : Access denied finding property "persist.front.camera.qcom.awb"
09-07 14:28:57.209   674  7812 E libc    : Access denied finding property "persist.aicamera.needlut"
09-07 14:28:57.222   674  7756 E         : cpp_thread_handle_process_buf_event, stream_type = 1
09-07 14:28:57.222   674  7756 E libc    : Access denied finding property "disable.cpp.power.collapse"
09-07 14:28:57.222   674  7756 E libc    : Access denied finding property "camera.cpp.dumppreviewpayload"
09-07 14:28:57.225   674  7790 E ta      : TAAEC<ERROR> 2520: aec_process_parse_input_info: AEC error: invalid param type: 21
09-07 14:28:57.226   674  7790 I ta      : TAAEC< INFO> 4280: aec_process_calc_roi_luma_ctrl: FACE_PROTECTION: AE FACE FEATURE DISABLED
09-07 14:28:57.226   674  7790 I ta      : TAAEC< INFO> 4324: aec_process_calc_roi_luma_ctrl: FACE_PROTECTION: Face Portection FALSE
09-07 14:28:57.228   674  7790 E libc    : Access denied finding property "persist.front.camera.qcom.awb"
09-07 14:28:57.241   674  7812 E libc    : Access denied finding property "persist.aicamera.needlut"
09-07 14:28:57.254   674  7756 E         : cpp_thread_handle_process_buf_event, stream_type = 1
09-07 14:28:57.254   674  7756 E libc    : Access denied finding property "disable.cpp.power.collapse"
09-07 14:28:57.255   674  7756 E libc    : Access denied finding property "camera.cpp.dumppreviewpayload"
09-07 14:28:57.262   674  7790 E ta      : TAAEC<ERROR> 2520: aec_process_parse_input_info: AEC error: invalid param type: 21
09-07 14:28:57.264   674  7790 E libc    : Access denied finding property "persist.front.camera.qcom.awb"
09-07 14:28:57.276   674  7812 E libc    : Access denied finding property "persist.aicamera.needlut"
09-07 14:28:57.287   674  7756 E         : cpp_thread_handle_process_buf_event, stream_type = 1
09-07 14:28:57.288   674  7756 E libc    : Access denied finding property "disable.cpp.power.collapse"
09-07 14:28:57.289   674  7756 E libc    : Access denied finding property "camera.cpp.dumppreviewpayload"
09-07 14:28:57.293   674  7790 I ta      : TAAEC< INFO> 4280: aec_process_calc_roi_luma_ctrl: FACE_PROTECTION: AE FACE FEATURE DISABLED
09-07 14:28:57.293   674  7790 I ta      : TAAEC< INFO> 4324: aec_process_calc_roi_luma_ctrl: FACE_PROTECTION: Face Portection FALSE
09-07 14:28:57.295   674  7790 E libc    : Access denied finding property "persist.front.camera.qcom.awb"
09-07 14:28:57.307   674  7812 E libc    : Access denied finding property "persist.aicamera.needlut"
09-07 14:28:57.322   674  7756 E         : cpp_thread_handle_process_buf_event, stream_type = 1
09-07 14:28:57.322   674  7756 E libc    : Access denied finding property "disable.cpp.power.collapse"
09-07 14:28:57.322   674  7756 E libc    : Access denied finding property "camera.cpp.dumppreviewpayload"
09-07 14:28:57.325   674  7790 E ta      : TAAEC<ERROR> 2520: aec_process_parse_input_info: AEC error: invalid param type: 21
09-07 14:28:57.326  2704  3147 W ProcessCpuTracker: Skipping unknown process pid 7673
09-07 14:28:57.326  2704  3147 W ProcessCpuTracker: Skipping unknown process pid 7820
09-07 14:28:57.327  2704  3147 W ProcessCpuTracker: Skipping unknown process pid 7824
09-07 14:28:57.328  2704  3147 W ProcessCpuTracker: Skipping unknown process pid 7834
09-07 14:28:57.332   674  7767 E libc    : Access denied finding property "persist.front.camera.qcom.awb"
09-07 14:28:57.342   674  7812 E libc    : Access denied finding property "persist.aicamera.needlut"
09-07 14:28:57.355   674  7756 E         : cpp_thread_handle_process_buf_event, stream_type = 1
09-07 14:28:57.355   674  7756 E libc    : Access denied finding property "disable.cpp.power.collapse"
09-07 14:28:57.355   674  7756 E libc    : Access denied finding property "camera.cpp.dumppreviewpayload"
09-07 14:28:57.361   674  7790 E ta      : TAAEC<ERROR> 2520: aec_process_parse_input_info: AEC error: invalid param type: 21
09-07 14:28:57.362   674  7790 I ta      : TAAEC< INFO> 4280: aec_process_calc_roi_luma_ctrl: FACE_PROTECTION: AE FACE FEATURE DISABLED
09-07 14:28:57.362   674  7790 I ta      : TAAEC< INFO> 4324: aec_process_calc_roi_luma_ctrl: FACE_PROTECTION: Face Portection FALSE
09-07 14:28:57.365   674  7790 E libc    : Access denied finding property "persist.front.camera.qcom.awb"
09-07 14:28:57.374   674  7812 E libc    : Access denied finding property "persist.aicamera.needlut"
09-07 14:28:57.388   674  7756 E         : cpp_thread_handle_process_buf_event, stream_type = 1
09-07 14:28:57.388   674  7756 E libc    : Access denied finding property "disable.cpp.power.collapse"
09-07 14:28:57.389   674  7756 E libc    : Access denied finding property "camera.cpp.dumppreviewpayload"
09-07 14:28:57.392   674  7790 E ta      : TAAEC<ERROR> 2520: aec_process_parse_input_info: AEC error: invalid param type: 21
09-07 14:28:57.395   674  7767 E libc    : Access denied finding property "persist.front.camera.qcom.awb"
09-07 14:28:57.407   674  7812 E libc    : Access denied finding property "persist.aicamera.needlut"
09-07 14:28:57.421   674  7756 E         : cpp_thread_handle_process_buf_event, stream_type = 1
09-07 14:28:57.421   674  7756 E libc    : Access denied finding property "disable.cpp.power.collapse"
09-07 14:28:57.422   674  7756 E libc    : Access denied finding property "camera.cpp.dumppreviewpayload"
09-07 14:28:57.425   674  7790 E ta      : TAAEC<ERROR> 2520: aec_process_parse_input_info: AEC error: invalid param type: 21
09-07 14:28:57.426   674  7790 I ta      : TAAEC< INFO> 4280: aec_process_calc_roi_luma_ctrl: FACE_PROTECTION: AE FACE FEATURE DISABLED
09-07 14:28:57.426   674  7790 I ta      : TAAEC< INFO> 4324: aec_process_calc_roi_luma_ctrl: FACE_PROTECTION: Face Portection FALSE
09-07 14:28:57.429   674  7767 E libc    : Access denied finding property "persist.front.camera.qcom.awb"
09-07 14:28:57.440   674  7812 E libc    : Access denied finding property "persist.aicamera.needlut"
09-07 14:28:57.454   674  7756 E         : cpp_thread_handle_process_buf_event, stream_type = 1
09-07 14:28:57.454   674  7756 E libc    : Access denied finding property "disable.cpp.power.collapse"
09-07 14:28:57.454   674  7756 E libc    : Access denied finding property "camera.cpp.dumppreviewpayload"
09-07 14:28:57.458   674  7790 E ta      : TAAEC<ERROR> 2520: aec_process_parse_input_info: AEC error: invalid param type: 21
09-07 14:28:57.463   674  7767 E libc    : Access denied finding property "persist.front.camera.qcom.awb"
09-07 14:28:57.473   674  7812 E libc    : Access denied finding property "persist.aicamera.needlut"
09-07 14:28:57.488   674  7756 E         : cpp_thread_handle_process_buf_event, stream_type = 1
09-07 14:28:57.488   674  7756 E libc    : Access denied finding property "disable.cpp.power.collapse"
09-07 14:28:57.488   674  7756 E libc    : Access denied finding property "camera.cpp.dumppreviewpayload"
09-07 14:28:57.492   674  7790 E ta      : TAAEC<ERROR> 2520: aec_process_parse_input_info: AEC error: invalid param type: 21
09-07 14:28:57.494   674  7790 I ta      : TAAEC< INFO> 4280: aec_process_calc_roi_luma_ctrl: FACE_PROTECTION: AE FACE FEATURE DISABLED
09-07 14:28:57.494   674  7790 I ta      : TAAEC< INFO> 4324: aec_process_calc_roi_luma_ctrl: FACE_PROTECTION: Face Portection FALSE
09-07 14:28:57.496   674  7790 E libc    : Access denied finding property "persist.front.camera.qcom.awb"
09-07 14:28:57.507   674  7812 E libc    : Access denied finding property "persist.aicamera.needlut"
09-07 14:28:57.520   718   718 I SurfaceFlinger: FPS: 31
09-07 14:28:57.521   674  7756 E         : cpp_thread_handle_process_buf_event, stream_type = 1
09-07 14:28:57.521   674  7756 E libc    : Access denied finding property "disable.cpp.power.collapse"
09-07 14:28:57.521   674  7756 E libc    : Access denied finding property "camera.cpp.dumppreviewpayload"
09-07 14:28:57.525   674  7790 E ta      : TAAEC<ERROR> 2520: aec_process_parse_input_info: AEC error: invalid param type: 21
09-07 14:28:57.533   674  7767 E libc    : Access denied finding property "persist.front.camera.qcom.awb"
09-07 14:28:57.539   674  7812 E libc    : Access denied finding property "persist.aicamera.needlut"
09-07 14:28:57.554   674  7756 E         : cpp_thread_handle_process_buf_event, stream_type = 1
09-07 14:28:57.554   674  7756 E libc    : Access denied finding property "disable.cpp.power.collapse"
09-07 14:28:57.555   674  7756 E libc    : Access denied finding property "camera.cpp.dumppreviewpayload"
09-07 14:28:57.558   674  7790 E ta      : TAAEC<ERROR> 2520: aec_process_parse_input_info: AEC error: invalid param type: 21
09-07 14:28:57.559   674  7790 I ta      : TAAEC< INFO> 4280: aec_process_calc_roi_luma_ctrl: FACE_PROTECTION: AE FACE FEATURE DISABLED
09-07 14:28:57.559   674  7790 I ta      : TAAEC< INFO> 4324: aec_process_calc_roi_luma_ctrl: FACE_PROTECTION: Face Portection FALSE
09-07 14:28:57.562   674  7767 E libc    : Access denied finding property "persist.front.camera.qcom.awb"
09-07 14:28:57.573   674  7812 E libc    : Access denied finding property "persist.aicamera.needlut"
09-07 14:28:57.588   674  7756 E         : cpp_thread_handle_process_buf_event, stream_type = 1
09-07 14:28:57.588   674  7756 E libc    : Access denied finding property "disable.cpp.power.collapse"
09-07 14:28:57.588   674  7756 E libc    : Access denied finding property "camera.cpp.dumppreviewpayload"
09-07 14:28:57.592   674  7790 E ta      : TAAEC<ERROR> 2520: aec_process_parse_input_info: AEC error: invalid param type: 21
09-07 14:28:57.594   674  7767 E libc    : Access denied finding property "persist.front.camera.qcom.awb"
09-07 14:28:57.607   674  7812 E libc    : Access denied finding property "persist.aicamera.needlut"
09-07 14:28:57.621   674  7756 E         : cpp_thread_handle_process_buf_event, stream_type = 1
09-07 14:28:57.621   674  7756 E libc    : Access denied finding property "disable.cpp.power.collapse"
09-07 14:28:57.622   674  7756 E libc    : Access denied finding property "camera.cpp.dumppreviewpayload"
09-07 14:28:57.625   674  7790 E ta      : TAAEC<ERROR> 2520: aec_process_parse_input_info: AEC error: invalid param type: 21
09-07 14:28:57.629   674  7790 I ta      : TAAEC< INFO> 4280: aec_process_calc_roi_luma_ctrl: FACE_PROTECTION: AE FACE FEATURE DISABLED
09-07 14:28:57.629   674  7790 I ta      : TAAEC< INFO> 4324: aec_process_calc_roi_luma_ctrl: FACE_PROTECTION: Face Portection FALSE
09-07 14:28:57.632   674  7790 E libc    : Access denied finding property "persist.front.camera.qcom.awb"
09-07 14:28:57.640   674  7812 E libc    : Access denied finding property "persist.aicamera.needlut"
09-07 14:28:57.654   674  7756 E         : cpp_thread_handle_process_buf_event, stream_type = 1
09-07 14:28:57.654   674  7756 E libc    : Access denied finding property "disable.cpp.power.collapse"
09-07 14:28:57.654   674  7756 E libc    : Access denied finding property "camera.cpp.dumppreviewpayload"
09-07 14:28:57.658   674  7790 E ta      : TAAEC<ERROR> 2520: aec_process_parse_input_info: AEC error: invalid param type: 21
09-07 14:28:57.662   674  7767 E libc    : Access denied finding property "persist.front.camera.qcom.awb"
09-07 14:28:57.673   674  7812 E libc    : Access denied finding property "persist.aicamera.needlut"
09-07 14:28:57.688   674  7756 E         : cpp_thread_handle_process_buf_event, stream_type = 1
09-07 14:28:57.688   674  7756 E libc    : Access denied finding property "disable.cpp.power.collapse"
09-07 14:28:57.688   674  7756 E libc    : Access denied finding property "camera.cpp.dumppreviewpayload"
09-07 14:28:57.692   674  7790 E ta      : TAAEC<ERROR> 2520: aec_process_parse_input_info: AEC error: invalid param type: 21
09-07 14:28:57.692   674  7790 I ta      : TAAEC< INFO> 4280: aec_process_calc_roi_luma_ctrl: FACE_PROTECTION: AE FACE FEATURE DISABLED
09-07 14:28:57.692   674  7790 I ta      : TAAEC< INFO> 4324: aec_process_calc_roi_luma_ctrl: FACE_PROTECTION: Face Portection FALSE
09-07 14:28:57.696   674  7767 E libc    : Access denied finding property "persist.front.camera.qcom.awb"
09-07 14:28:57.707   674  7812 E libc    : Access denied finding property "persist.aicamera.needlut"
09-07 14:28:57.721   674  7756 E         : cpp_thread_handle_process_buf_event, stream_type = 1
09-07 14:28:57.721   674  7756 E libc    : Access denied finding property "disable.cpp.power.collapse"
09-07 14:28:57.721   674  7756 E libc    : Access denied finding property "camera.cpp.dumppreviewpayload"
09-07 14:28:57.725   674  7790 E ta      : TAAEC<ERROR> 2520: aec_process_parse_input_info: AEC error: invalid param type: 21
09-07 14:28:57.734   674  7767 E libc    : Access denied finding property "persist.front.camera.qcom.awb"
09-07 14:28:57.740   674  7812 E libc    : Access denied finding property "persist.aicamera.needlut"
09-07 14:28:57.755   674  7756 E         : cpp_thread_handle_process_buf_event, stream_type = 1
09-07 14:28:57.755   674  7756 E libc    : Access denied finding property "disable.cpp.power.collapse"
09-07 14:28:57.755   674  7756 E libc    : Access denied finding property "camera.cpp.dumppreviewpayload"
09-07 14:28:57.758   674  7790 E ta      : TAAEC<ERROR> 2520: aec_process_parse_input_info: AEC error: invalid param type: 21
09-07 14:28:57.759   674  7790 I ta      : TAAEC< INFO> 4280: aec_process_calc_roi_luma_ctrl: FACE_PROTECTION: AE FACE FEATURE DISABLED
09-07 14:28:57.759   674  7790 I ta      : TAAEC< INFO> 4324: aec_process_calc_roi_luma_ctrl: FACE_PROTECTION: Face Portection FALSE
09-07 14:28:57.762   674  7767 E libc    : Access denied finding property "persist.front.camera.qcom.awb"
09-07 14:28:57.774   674  7812 E libc    : Access denied finding property "persist.aicamera.needlut"
09-07 14:28:57.788   674  7756 E         : cpp_thread_handle_process_buf_event, stream_type = 1
09-07 14:28:57.788   674  7756 E libc    : Access denied finding property "disable.cpp.power.collapse"
09-07 14:28:57.789   674  7756 E libc    : Access denied finding property "camera.cpp.dumppreviewpayload"
09-07 14:28:57.792   674  7790 E ta      : TAAEC<ERROR> 2520: aec_process_parse_input_info: AEC error: invalid param type: 21
09-07 14:28:57.796   674  7767 E libc    : Access denied finding property "persist.front.camera.qcom.awb"
09-07 14:28:57.807   674  7812 E libc    : Access denied finding property "persist.aicamera.needlut"
09-07 14:28:57.821   674  7756 E         : cpp_thread_handle_process_buf_event, stream_type = 1
09-07 14:28:57.821   674  7756 E libc    : Access denied finding property "disable.cpp.power.collapse"
09-07 14:28:57.821   674  7756 E libc    : Access denied finding property "camera.cpp.dumppreviewpayload"
09-07 14:28:57.825   674  7790 E ta      : TAAEC<ERROR> 2520: aec_process_parse_input_info: AEC error: invalid param type: 21
09-07 14:28:57.827   674  7790 I ta      : TAAEC< INFO> 4280: aec_process_calc_roi_luma_ctrl: FACE_PROTECTION: AE FACE FEATURE DISABLED
09-07 14:28:57.827   674  7790 I ta      : TAAEC< INFO> 4324: aec_process_calc_roi_luma_ctrl: FACE_PROTECTION: Face Portection FALSE
09-07 14:28:57.829   674  7790 E libc    : Access denied finding property "persist.front.camera.qcom.awb"
09-07 14:28:57.840   674  7812 E libc    : Access denied finding property "persist.aicamera.needlut"
09-07 14:28:57.854   674  7756 E         : cpp_thread_handle_process_buf_event, stream_type = 1
09-07 14:28:57.855   674  7756 E libc    : Access denied finding property "disable.cpp.power.collapse"
09-07 14:28:57.855   674  7756 E libc    : Access denied finding property "camera.cpp.dumppreviewpayload"
09-07 14:28:57.859   674  7790 E ta      : TAAEC<ERROR> 2520: aec_process_parse_input_info: AEC error: invalid param type: 21
09-07 14:28:57.861   674  7767 E libc    : Access denied finding property "persist.front.camera.qcom.awb"
09-07 14:28:57.873   674  7812 E libc    : Access denied finding property "persist.aicamera.needlut"
09-07 14:28:57.887   674  7756 E         : cpp_thread_handle_process_buf_event, stream_type = 1
09-07 14:28:57.887   674  7756 E libc    : Access denied finding property "disable.cpp.power.collapse"
09-07 14:28:57.887   674  7756 E libc    : Access denied finding property "camera.cpp.dumppreviewpayload"
09-07 14:28:57.892   674  7790 E ta      : TAAEC<ERROR> 2520: aec_process_parse_input_info: AEC error: invalid param type: 21
09-07 14:28:57.893   674  7790 I ta      : TAAEC< INFO> 4280: aec_process_calc_roi_luma_ctrl: FACE_PROTECTION: AE FACE FEATURE DISABLED
09-07 14:28:57.893   674  7790 I ta      : TAAEC< INFO> 4324: aec_process_calc_roi_luma_ctrl: FACE_PROTECTION: Face Portection FALSE
09-07 14:28:57.897   674  7767 E libc    : Access denied finding property "persist.front.camera.qcom.awb"
09-07 14:28:57.906   674  7812 E libc    : Access denied finding property "persist.aicamera.needlut"
09-07 14:28:57.920   674  7756 E         : cpp_thread_handle_process_buf_event, stream_type = 1
09-07 14:28:57.921   674  7756 E libc    : Access denied finding property "disable.cpp.power.collapse"
09-07 14:28:57.921   674  7756 E libc    : Access denied finding property "camera.cpp.dumppreviewpayload"
09-07 14:28:57.925   674  7790 E ta      : TAAEC<ERROR> 2520: aec_process_parse_input_info: AEC error: invalid param type: 21
09-07 14:28:57.929   674  7767 E libc    : Access denied finding property "persist.front.camera.qcom.awb"
09-07 14:28:57.939   674  7812 E libc    : Access denied finding property "persist.aicamera.needlut"
09-07 14:28:57.954   674  7756 E         : cpp_thread_handle_process_buf_event, stream_type = 1
09-07 14:28:57.954   674  7756 E libc    : Access denied finding property "disable.cpp.power.collapse"
09-07 14:28:57.954   674  7756 E libc    : Access denied finding property "camera.cpp.dumppreviewpayload"
09-07 14:28:57.959   674  7790 E ta      : TAAEC<ERROR> 2520: aec_process_parse_input_info: AEC error: invalid param type: 21
09-07 14:28:57.959   674  7790 I ta      : TAAEC< INFO> 4280: aec_process_calc_roi_luma_ctrl: FACE_PROTECTION: AE FACE FEATURE DISABLED
09-07 14:28:57.959   674  7790 I ta      : TAAEC< INFO> 4324: aec_process_calc_roi_luma_ctrl: FACE_PROTECTION: Face Portection FALSE
09-07 14:28:57.963   674  7767 E libc    : Access denied finding property "persist.front.camera.qcom.awb"
09-07 14:28:57.973   674  7812 E libc    : Access denied finding property "persist.aicamera.needlut"
09-07 14:28:57.987   674  7756 E         : cpp_thread_handle_process_buf_event, stream_type = 1
09-07 14:28:57.987   674  7756 E libc    : Access denied finding property "disable.cpp.power.collapse"
09-07 14:28:57.987   674  7756 E libc    : Access denied finding property "camera.cpp.dumppreviewpayload"
09-07 14:28:57.992   674  7790 E ta      : TAAEC<ERROR> 2520: aec_process_parse_input_info: AEC error: invalid param type: 21
09-07 14:28:57.996   674  7767 E libc    : Access denied finding property "persist.front.camera.qcom.awb"
09-07 14:28:58.006   674  7812 E libc    : Access denied finding property "persist.aicamera.needlut"
09-07 14:28:58.021   674  7756 E         : cpp_thread_handle_process_buf_event, stream_type = 1
09-07 14:28:58.021   674  7756 E libc    : Access denied finding property "disable.cpp.power.collapse"
09-07 14:28:58.021   674  7756 E libc    : Access denied finding property "camera.cpp.dumppreviewpayload"
09-07 14:28:58.022   674   674 W CAM_dataPoll: type=1400 audit(0.0:57768): avc: denied { read } for name="u:object_r:default_prop:s0" dev="tmpfs" ino=5760 scontext=u:r:hal_camera_default:s0 tcontext=u:object_r:default_prop:s0 tclass=file permissive=0
09-07 14:28:58.025   674  7790 E ta      : TAAEC<ERROR> 2520: aec_process_parse_input_info: AEC error: invalid param type: 21
09-07 14:28:58.028   674  7790 I ta      : TAAEC< INFO> 4280: aec_process_calc_roi_luma_ctrl: FACE_PROTECTION: AE FACE FEATURE DISABLED
09-07 14:28:58.028   674  7790 I ta      : TAAEC< INFO> 4324: aec_process_calc_roi_luma_ctrl: FACE_PROTECTION: Face Portection FALSE
09-07 14:28:58.030   674  7790 E libc    : Access denied finding property "persist.front.camera.qcom.awb"
09-07 14:28:58.040   674  7812 E libc    : Access denied finding property "persist.aicamera.needlut"
09-07 14:28:58.042   674   674 W CAM_cpp : type=1400 audit(0.0:57769): avc: denied { read } for name="u:object_r:default_prop:s0" dev="tmpfs" ino=5760 scontext=u:r:hal_camera_default:s0 tcontext=u:object_r:default_prop:s0 tclass=file permissive=0
09-07 14:28:58.042   674   674 W CAM_cpp : type=1400 audit(0.0:57770): avc: denied { read } for name="u:object_r:default_prop:s0" dev="tmpfs" ino=5760 scontext=u:r:hal_camera_default:s0 tcontext=u:object_r:default_prop:s0 tclass=file permissive=0
09-07 14:28:58.052   674   674 W CAM_MctBus_6: type=1400 audit(0.0:57771): avc: denied { read } for name="u:object_r:default_prop:s0" dev="tmpfs" ino=5760 scontext=u:r:hal_camera_default:s0 tcontext=u:object_r:default_prop:s0 tclass=file permissive=0
09-07 14:28:58.054   674  7756 E         : cpp_thread_handle_process_buf_event, stream_type = 1
09-07 14:28:58.054   674  7756 E libc    : Access denied finding property "disable.cpp.power.collapse"
09-07 14:28:58.054   674  7756 E libc    : Access denied finding property "camera.cpp.dumppreviewpayload"
