09-02 09:28:19.921  3590 19508 E WorkSourceUtil: Could not find package: com.google.android.gms.westworld
09-02 09:28:19.957  4383  4437 E BitmapFactory: Unable to decode stream: java.io.FileNotFoundException: /oem/etc/theme/icons/dynamic_icon/com.android.BBKClock/res/drawable-sw360dp-xxhdpi/clock_hour.png (No such file or directory)
09-02 09:28:19.960  4383  4437 E BitmapFactory: Unable to decode stream: java.io.FileNotFoundException: /oem/etc/theme/icons/dynamic_icon/com.android.BBKClock/res/drawable-sw360dp-xxhdpi/clock_minute.png (No such file or directory)
09-02 09:28:19.962  4383  4437 E BitmapFactory: Unable to decode stream: java.io.FileNotFoundException: /oem/etc/theme/icons/dynamic_icon/com.android.BBKClock/res/drawable-sw360dp-xxhdpi/clock_dial.png (No such file or directory)
09-02 09:28:19.968  4383  4437 E BitmapFactory: Unable to decode stream: java.io.FileNotFoundException: /oem/etc/theme/icons/dynamic_icon/com.android.BBKClock/res/drawable-sw360dp-xxhdpi/clock_dial_center.png (No such file or directory)
09-02 09:28:19.987  2713  3579 I chatty  : uid=1000(system) Binder:2713_5 expire 1 line
09-02 09:28:20.029  1004  3051 E Netd    : tether checkPermission, pid:1710 uid:1000
09-02 09:28:20.073 19515 19515 E widget.calenda: Not starting debugger since process cannot load the jdwp agent.
09-02 09:28:20.202 19515 19529 E CalendarWidget-CalendarAppWidgetService: tempTime: Asia/Shanghai,1662082100000:2022-9-2
09-02 09:28:20.202 19515 19529 E CalendarWidget-CalendarAppWidgetService: isRange: true
09-02 09:28:24.813  1710  2664 I chatty  : uid=1000(system) Binder:1710_8 expire 1 line
09-02 09:28:37.068  1007  1186 E storaged: getDiskStats failed with result NOT_SUPPORTED and size 0
09-02 09:28:54.071  2635  3033 E PowerMonitor: exception In sysProcTransDectect java.lang.NoSuchMethodException: vivoGetNetworkStatsUidDetailWithPackInfo [int]
09-02 09:28:54.081  1710  2521 I chatty  : uid=1000(system) Binder:1710_5 expire 2 lines
09-02 09:29:37.072  1007  1186 E storaged: getDiskStats failed with result NOT_SUPPORTED and size 0
09-02 09:29:49.803  4383  4437 E BitmapFactory: Unable to decode stream: java.io.FileNotFoundException: /oem/etc/theme/icons/dynamic_icon/com.android.BBKClock/res/drawable-sw360dp-xxhdpi/clock_hour.png (No such file or directory)
09-02 09:29:49.807  4383  4437 E BitmapFactory: Unable to decode stream: java.io.FileNotFoundException: /oem/etc/theme/icons/dynamic_icon/com.android.BBKClock/res/drawable-sw360dp-xxhdpi/clock_minute.png (No such file or directory)
09-02 09:29:49.810  4383  4437 E BitmapFactory: Unable to decode stream: java.io.FileNotFoundException: /oem/etc/theme/icons/dynamic_icon/com.android.BBKClock/res/drawable-sw360dp-xxhdpi/clock_dial.png (No such file or directory)
09-02 09:29:49.821  4383  4437 E BitmapFactory: Unable to decode stream: java.io.FileNotFoundException: /oem/etc/theme/icons/dynamic_icon/com.android.BBKClock/res/drawable-sw360dp-xxhdpi/clock_dial_center.png (No such file or directory)
09-02 09:30:37.077  1007  1186 E storaged: getDiskStats failed with result NOT_SUPPORTED and size 0
09-02 09:30:49.813  4383  4437 E BitmapFactory: Unable to decode stream: java.io.FileNotFoundException: /oem/etc/theme/icons/dynamic_icon/com.android.BBKClock/res/drawable-sw360dp-xxhdpi/clock_hour.png (No such file or directory)
09-02 09:30:49.816  4383  4437 E BitmapFactory: Unable to decode stream: java.io.FileNotFoundException: /oem/etc/theme/icons/dynamic_icon/com.android.BBKClock/res/drawable-sw360dp-xxhdpi/clock_minute.png (No such file or directory)
09-02 09:30:49.819  4383  4437 E BitmapFactory: Unable to decode stream: java.io.FileNotFoundException: /oem/etc/theme/icons/dynamic_icon/com.android.BBKClock/res/drawable-sw360dp-xxhdpi/clock_dial.png (No such file or directory)
09-02 09:30:49.826  4383  4437 E BitmapFactory: Unable to decode stream: java.io.FileNotFoundException: /oem/etc/theme/icons/dynamic_icon/com.android.BBKClock/res/drawable-sw360dp-xxhdpi/clock_dial_center.png (No such file or directory)
09-02 09:31:24.218  2635  3033 E PowerMonitor: exception In sysProcTransDectect java.lang.NoSuchMethodException: vivoGetNetworkStatsUidDetailWithPackInfo [int]
09-02 09:31:25.112  1710  1767 I chatty  : uid=1000(system) Binder:1710_1 expire 1 line
09-02 09:31:37.081  1007  1186 E storaged: getDiskStats failed with result NOT_SUPPORTED and size 0
09-02 09:31:49.606  4383  4437 E BitmapFactory: Unable to decode stream: java.io.FileNotFoundException: /oem/etc/theme/icons/dynamic_icon/com.android.BBKClock/res/drawable-sw360dp-xxhdpi/clock_hour.png (No such file or directory)
09-02 09:31:49.607  4383  4437 E BitmapFactory: Unable to decode stream: java.io.FileNotFoundException: /oem/etc/theme/icons/dynamic_icon/com.android.BBKClock/res/drawable-sw360dp-xxhdpi/clock_minute.png (No such file or directory)
09-02 09:31:49.608  4383  4437 E BitmapFactory: Unable to decode stream: java.io.FileNotFoundException: /oem/etc/theme/icons/dynamic_icon/com.android.BBKClock/res/drawable-sw360dp-xxhdpi/clock_dial.png (No such file or directory)
09-02 09:31:49.611  4383  4437 E BitmapFactory: Unable to decode stream: java.io.FileNotFoundException: /oem/etc/theme/icons/dynamic_icon/com.android.BBKClock/res/drawable-sw360dp-xxhdpi/clock_dial_center.png (No such file or directory)
09-02 09:31:49.650  2713  9944 I chatty  : uid=1000(system) Binder:2713_A expire 1 line
09-02 09:31:49.697  2713  2740 I chatty  : uid=1000(system) Binder:2713_2 expire 3 lines
09-02 09:31:49.711  4383  4437 E BitmapFactory: Unable to decode stream: java.io.FileNotFoundException: /oem/etc/theme/icons/dynamic_icon/com.android.BBKClock/res/drawable-sw360dp-xxhdpi/clock_hour.png (No such file or directory)
09-02 09:31:49.712  4383  4437 E BitmapFactory: Unable to decode stream: java.io.FileNotFoundException: /oem/etc/theme/icons/dynamic_icon/com.android.BBKClock/res/drawable-sw360dp-xxhdpi/clock_minute.png (No such file or directory)
09-02 09:31:49.713  4383  4437 E BitmapFactory: Unable to decode stream: java.io.FileNotFoundException: /oem/etc/theme/icons/dynamic_icon/com.android.BBKClock/res/drawable-sw360dp-xxhdpi/clock_dial.png (No such file or directory)
09-02 09:31:49.717  4383  4437 E BitmapFactory: Unable to decode stream: java.io.FileNotFoundException: /oem/etc/theme/icons/dynamic_icon/com.android.BBKClock/res/drawable-sw360dp-xxhdpi/clock_dial_center.png (No such file or directory)
09-02 09:31:49.810  2713  3579 I chatty  : uid=1000(system) Binder:2713_5 expire 2 lines
09-02 09:31:49.825  4383  4437 E BitmapFactory: Unable to decode stream: java.io.FileNotFoundException: /oem/etc/theme/icons/dynamic_icon/com.android.BBKClock/res/drawable-sw360dp-xxhdpi/clock_hour.png (No such file or directory)
09-02 09:31:49.827  4383  4437 E BitmapFactory: Unable to decode stream: java.io.FileNotFoundException: /oem/etc/theme/icons/dynamic_icon/com.android.BBKClock/res/drawable-sw360dp-xxhdpi/clock_minute.png (No such file or directory)
09-02 09:31:49.828  4383  4437 E BitmapFactory: Unable to decode stream: java.io.FileNotFoundException: /oem/etc/theme/icons/dynamic_icon/com.android.BBKClock/res/drawable-sw360dp-xxhdpi/clock_dial.png (No such file or directory)
09-02 09:31:49.832  4383  4437 E BitmapFactory: Unable to decode stream: java.io.FileNotFoundException: /oem/etc/theme/icons/dynamic_icon/com.android.BBKClock/res/drawable-sw360dp-xxhdpi/clock_dial_center.png (No such file or directory)
09-02 09:32:10.792  6441  6607 E memtrack: Couldn't load memtrack module
09-02 09:32:14.555  8163 11080 E memtrack: Couldn't load memtrack module
09-02 09:32:37.086  1007  1186 E storaged: getDiskStats failed with result NOT_SUPPORTED and size 0
09-02 09:32:50.011  1004  3051 E Netd    : tether checkPermission, pid:1710 uid:1000
09-02 09:32:50.090  4383  4437 E BitmapFactory: Unable to decode stream: java.io.FileNotFoundException: /oem/etc/theme/icons/dynamic_icon/com.android.BBKClock/res/drawable-sw360dp-xxhdpi/clock_hour.png (No such file or directory)
09-02 09:32:50.092  4383  4437 E BitmapFactory: Unable to decode stream: java.io.FileNotFoundException: /oem/etc/theme/icons/dynamic_icon/com.android.BBKClock/res/drawable-sw360dp-xxhdpi/clock_minute.png (No such file or directory)
09-02 09:32:50.093  4383  4437 E BitmapFactory: Unable to decode stream: java.io.FileNotFoundException: /oem/etc/theme/icons/dynamic_icon/com.android.BBKClock/res/drawable-sw360dp-xxhdpi/clock_dial.png (No such file or directory)
09-02 09:32:50.098  4383  4437 E BitmapFactory: Unable to decode stream: java.io.FileNotFoundException: /oem/etc/theme/icons/dynamic_icon/com.android.BBKClock/res/drawable-sw360dp-xxhdpi/clock_dial_center.png (No such file or directory)
09-02 09:32:50.144  2713  2736 I chatty  : uid=1000(system) Binder:2713_1 expire 3 lines
09-02 09:33:37.091  1007  1186 E storaged: getDiskStats failed with result NOT_SUPPORTED and size 0
09-02 09:33:54.362  2635  3033 E PowerMonitor: exception In sysProcTransDectect java.lang.NoSuchMethodException: vivoGetNetworkStatsUidDetailWithPackInfo [int]
09-02 09:34:19.931  4383  4437 E BitmapFactory: Unable to decode stream: java.io.FileNotFoundException: /oem/etc/theme/icons/dynamic_icon/com.android.BBKClock/res/drawable-sw360dp-xxhdpi/clock_hour.png (No such file or directory)
09-02 09:34:19.933  4383  4437 E BitmapFactory: Unable to decode stream: java.io.FileNotFoundException: /oem/etc/theme/icons/dynamic_icon/com.android.BBKClock/res/drawable-sw360dp-xxhdpi/clock_minute.png (No such file or directory)
09-02 09:34:19.936  4383  4437 E BitmapFactory: Unable to decode stream: java.io.FileNotFoundException: /oem/etc/theme/icons/dynamic_icon/com.android.BBKClock/res/drawable-sw360dp-xxhdpi/clock_dial.png (No such file or directory)
09-02 09:34:19.944  4383  4437 E BitmapFactory: Unable to decode stream: java.io.FileNotFoundException: /oem/etc/theme/icons/dynamic_icon/com.android.BBKClock/res/drawable-sw360dp-xxhdpi/clock_dial_center.png (No such file or directory)
09-02 09:34:25.333  1710  2985 I chatty  : uid=1000(system) Binder:1710_C expire 1 line
09-02 09:34:37.093  1007  1186 E storaged: getDiskStats failed with result NOT_SUPPORTED and size 0
09-02 09:34:37.497  1710  1767 I chatty  : uid=1000(system) Binder:1710_1 expire 1 line
09-02 09:35:05.398  1710  2037 I chatty  : uid=1000(system) AlarmManager expire 3 lines
09-02 09:35:05.491  4383  4437 E BitmapFactory: Unable to decode stream: java.io.FileNotFoundException: /oem/etc/theme/icons/dynamic_icon/com.android.BBKClock/res/drawable-sw360dp-xxhdpi/clock_hour.png (No such file or directory)
09-02 09:35:05.492  4383  4437 E BitmapFactory: Unable to decode stream: java.io.FileNotFoundException: /oem/etc/theme/icons/dynamic_icon/com.android.BBKClock/res/drawable-sw360dp-xxhdpi/clock_minute.png (No such file or directory)
09-02 09:35:05.493  4383  4437 E BitmapFactory: Unable to decode stream: java.io.FileNotFoundException: /oem/etc/theme/icons/dynamic_icon/com.android.BBKClock/res/drawable-sw360dp-xxhdpi/clock_dial.png (No such file or directory)
09-02 09:35:05.497  4383  4437 E BitmapFactory: Unable to decode stream: java.io.FileNotFoundException: /oem/etc/theme/icons/dynamic_icon/com.android.BBKClock/res/drawable-sw360dp-xxhdpi/clock_dial_center.png (No such file or directory)
09-02 09:35:05.596  2713  3579 I chatty  : uid=1000(system) Binder:2713_5 expire 3 lines
09-02 09:35:05.605  4383  4437 E BitmapFactory: Unable to decode stream: java.io.FileNotFoundException: /oem/etc/theme/icons/dynamic_icon/com.android.BBKClock/res/drawable-sw360dp-xxhdpi/clock_hour.png (No such file or directory)
09-02 09:35:05.606  4383  4437 E BitmapFactory: Unable to decode stream: java.io.FileNotFoundException: /oem/etc/theme/icons/dynamic_icon/com.android.BBKClock/res/drawable-sw360dp-xxhdpi/clock_minute.png (No such file or directory)
09-02 09:35:05.606  4383  4437 E BitmapFactory: Unable to decode stream: java.io.FileNotFoundException: /oem/etc/theme/icons/dynamic_icon/com.android.BBKClock/res/drawable-sw360dp-xxhdpi/clock_dial.png (No such file or directory)
09-02 09:35:05.608  4383  4437 E BitmapFactory: Unable to decode stream: java.io.FileNotFoundException: /oem/etc/theme/icons/dynamic_icon/com.android.BBKClock/res/drawable-sw360dp-xxhdpi/clock_dial_center.png (No such file or directory)
09-02 09:35:37.098  1007  1186 E storaged: getDiskStats failed with result NOT_SUPPORTED and size 0
09-02 09:36:04.465  2713  9944 I chatty  : uid=1000(system) Binder:2713_A expire 3 lines
09-02 09:36:04.527  4383  4437 E BitmapFactory: Unable to decode stream: java.io.FileNotFoundException: /oem/etc/theme/icons/dynamic_icon/com.android.BBKClock/res/drawable-sw360dp-xxhdpi/clock_hour.png (No such file or directory)
09-02 09:36:04.528  4383  4437 E BitmapFactory: Unable to decode stream: java.io.FileNotFoundException: /oem/etc/theme/icons/dynamic_icon/com.android.BBKClock/res/drawable-sw360dp-xxhdpi/clock_minute.png (No such file or directory)
09-02 09:36:04.528  4383  4437 E BitmapFactory: Unable to decode stream: java.io.FileNotFoundException: /oem/etc/theme/icons/dynamic_icon/com.android.BBKClock/res/drawable-sw360dp-xxhdpi/clock_dial.png (No such file or directory)
09-02 09:36:04.531  4383  4437 E BitmapFactory: Unable to decode stream: java.io.FileNotFoundException: /oem/etc/theme/icons/dynamic_icon/com.android.BBKClock/res/drawable-sw360dp-xxhdpi/clock_dial_center.png (No such file or directory)
09-02 09:36:24.470  2635  3033 E PowerMonitor: exception In sysProcTransDectect java.lang.NoSuchMethodException: vivoGetNetworkStatsUidDetailWithPackInfo [int]
09-02 09:36:37.103  1007  1186 E storaged: getDiskStats failed with result NOT_SUPPORTED and size 0
09-02 09:37:11.373  6441  6667 E memtrack: Couldn't load memtrack module
09-02 09:37:14.945  8163 11239 E memtrack: Couldn't load memtrack module
09-02 09:37:25.572  1710  5423 I chatty  : uid=1000(system) Binder:1710_16 expire 1 line
09-02 09:37:34.378  4383  4437 E BitmapFactory: Unable to decode stream: java.io.FileNotFoundException: /oem/etc/theme/icons/dynamic_icon/com.android.BBKClock/res/drawable-sw360dp-xxhdpi/clock_hour.png (No such file or directory)
09-02 09:37:34.380  4383  4437 E BitmapFactory: Unable to decode stream: java.io.FileNotFoundException: /oem/etc/theme/icons/dynamic_icon/com.android.BBKClock/res/drawable-sw360dp-xxhdpi/clock_minute.png (No such file or directory)
09-02 09:37:34.382  4383  4437 E BitmapFactory: Unable to decode stream: java.io.FileNotFoundException: /oem/etc/theme/icons/dynamic_icon/com.android.BBKClock/res/drawable-sw360dp-xxhdpi/clock_dial.png (No such file or directory)
09-02 09:37:34.390  4383  4437 E BitmapFactory: Unable to decode stream: java.io.FileNotFoundException: /oem/etc/theme/icons/dynamic_icon/com.android.BBKClock/res/drawable-sw360dp-xxhdpi/clock_dial_center.png (No such file or directory)
09-02 09:37:37.107  1007  1186 E storaged: getDiskStats failed with result NOT_SUPPORTED and size 0
09-02 09:38:22.103  1004  3051 E Netd    : tether checkPermission, pid:1710 uid:1000
09-02 09:38:22.166  1710  2342 E SyncManager: Bind attempt failed - target: ComponentInfo{com.tencent.android.qqdownloader/com.live.sync.YYBLiveSyncService}
09-02 09:38:22.191  4383  4437 E BitmapFactory: Unable to decode stream: java.io.FileNotFoundException: /oem/etc/theme/icons/dynamic_icon/com.android.BBKClock/res/drawable-sw360dp-xxhdpi/clock_hour.png (No such file or directory)
09-02 09:38:22.192  4383  4437 E BitmapFactory: Unable to decode stream: java.io.FileNotFoundException: /oem/etc/theme/icons/dynamic_icon/com.android.BBKClock/res/drawable-sw360dp-xxhdpi/clock_minute.png (No such file or directory)
09-02 09:38:22.192  4383  4437 E BitmapFactory: Unable to decode stream: java.io.FileNotFoundException: /oem/etc/theme/icons/dynamic_icon/com.android.BBKClock/res/drawable-sw360dp-xxhdpi/clock_dial.png (No such file or directory)
09-02 09:38:22.196  4383  4437 E BitmapFactory: Unable to decode stream: java.io.FileNotFoundException: /oem/etc/theme/icons/dynamic_icon/com.android.BBKClock/res/drawable-sw360dp-xxhdpi/clock_dial_center.png (No such file or directory)
09-02 09:38:22.231  2713  3203 I chatty  : uid=1000(system) Binder:2713_4 expire 2 lines
09-02 09:38:22.299  3590 12052 E SharedPreferences: Bind to SharedPreferencesService interrupted
09-02 09:38:22.406  4383  4437 E BitmapFactory: Unable to decode stream: java.io.FileNotFoundException: /oem/etc/theme/icons/dynamic_icon/com.android.BBKClock/res/drawable-sw360dp-xxhdpi/clock_hour.png (No such file or directory)
09-02 09:38:22.407  4383  4437 E BitmapFactory: Unable to decode stream: java.io.FileNotFoundException: /oem/etc/theme/icons/dynamic_icon/com.android.BBKClock/res/drawable-sw360dp-xxhdpi/clock_minute.png (No such file or directory)
09-02 09:38:22.408  4383  4437 E BitmapFactory: Unable to decode stream: java.io.FileNotFoundException: /oem/etc/theme/icons/dynamic_icon/com.android.BBKClock/res/drawable-sw360dp-xxhdpi/clock_dial.png (No such file or directory)
09-02 09:38:22.416  4383  4437 E BitmapFactory: Unable to decode stream: java.io.FileNotFoundException: /oem/etc/theme/icons/dynamic_icon/com.android.BBKClock/res/drawable-sw360dp-xxhdpi/clock_dial_center.png (No such file or directory)
09-02 09:38:22.440  2713  9944 I chatty  : uid=1000(system) Binder:2713_A expire 4 lines
09-02 09:38:37.110  1007  1186 E storaged: getDiskStats failed with result NOT_SUPPORTED and size 0
09-02 09:38:54.567  2635  3033 E PowerMonitor: exception In sysProcTransDectect java.lang.NoSuchMethodException: vivoGetNetworkStatsUidDetailWithPackInfo [int]
09-02 09:39:16.009  1710  2037 I chatty  : uid=1000(system) AlarmManager expire 2 lines
09-02 09:39:16.232  4383  4437 E BitmapFactory: Unable to decode stream: java.io.FileNotFoundException: /oem/etc/theme/icons/dynamic_icon/com.android.BBKClock/res/drawable-sw360dp-xxhdpi/clock_hour.png (No such file or directory)
09-02 09:39:16.233  4383  4437 E BitmapFactory: Unable to decode stream: java.io.FileNotFoundException: /oem/etc/theme/icons/dynamic_icon/com.android.BBKClock/res/drawable-sw360dp-xxhdpi/clock_minute.png (No such file or directory)
09-02 09:39:16.234  4383  4437 E BitmapFactory: Unable to decode stream: java.io.FileNotFoundException: /oem/etc/theme/icons/dynamic_icon/com.android.BBKClock/res/drawable-sw360dp-xxhdpi/clock_dial.png (No such file or directory)
09-02 09:39:16.237  4383  4437 E BitmapFactory: Unable to decode stream: java.io.FileNotFoundException: /oem/etc/theme/icons/dynamic_icon/com.android.BBKClock/res/drawable-sw360dp-xxhdpi/clock_dial_center.png (No such file or directory)
09-02 09:39:37.115  1007  1186 E storaged: getDiskStats failed with result NOT_SUPPORTED and size 0
09-02 09:39:59.940  1710  4818 I chatty  : uid=1000(system) Binder:1710_11 expire 1 line
09-02 09:40:00.029 19709 19709 E .networkimprov: Not starting debugger since process cannot load the jdwp agent.
09-02 09:40:25.837  1710  1767 I chatty  : uid=1000(system) Binder:1710_1 expire 1 line
09-02 09:40:37.119  1007  1186 E storaged: getDiskStats failed with result NOT_SUPPORTED and size 0
09-02 09:40:37.661  1710  5423 I chatty  : uid=1000(system) Binder:1710_16 expire 1 line
09-02 09:40:46.046  4383  4437 E BitmapFactory: Unable to decode stream: java.io.FileNotFoundException: /oem/etc/theme/icons/dynamic_icon/com.android.BBKClock/res/drawable-sw360dp-xxhdpi/clock_hour.png (No such file or directory)
09-02 09:40:46.049  4383  4437 E BitmapFactory: Unable to decode stream: java.io.FileNotFoundException: /oem/etc/theme/icons/dynamic_icon/com.android.BBKClock/res/drawable-sw360dp-xxhdpi/clock_minute.png (No such file or directory)
09-02 09:40:46.052  4383  4437 E BitmapFactory: Unable to decode stream: java.io.FileNotFoundException: /oem/etc/theme/icons/dynamic_icon/com.android.BBKClock/res/drawable-sw360dp-xxhdpi/clock_dial.png (No such file or directory)
09-02 09:40:46.060  4383  4437 E BitmapFactory: Unable to decode stream: java.io.FileNotFoundException: /oem/etc/theme/icons/dynamic_icon/com.android.BBKClock/res/drawable-sw360dp-xxhdpi/clock_dial_center.png (No such file or directory)
09-02 09:41:24.699  2635  3033 E PowerMonitor: exception In sysProcTransDectect java.lang.NoSuchMethodException: vivoGetNetworkStatsUidDetailWithPackInfo [int]
09-02 09:41:24.722  1710  5748 I chatty  : uid=1000(system) Binder:1710_1F expire 2 lines
09-02 09:41:37.126  1007  1186 E storaged: getDiskStats failed with result NOT_SUPPORTED and size 0
09-02 09:41:41.667  4383  4437 E BitmapFactory: Unable to decode stream: java.io.FileNotFoundException: /oem/etc/theme/icons/dynamic_icon/com.android.BBKClock/res/drawable-sw360dp-xxhdpi/clock_hour.png (No such file or directory)
09-02 09:41:41.675  4383  4437 E BitmapFactory: Unable to decode stream: java.io.FileNotFoundException: /oem/etc/theme/icons/dynamic_icon/com.android.BBKClock/res/drawable-sw360dp-xxhdpi/clock_minute.png (No such file or directory)
09-02 09:41:41.676  4383  4437 E BitmapFactory: Unable to decode stream: java.io.FileNotFoundException: /oem/etc/theme/icons/dynamic_icon/com.android.BBKClock/res/drawable-sw360dp-xxhdpi/clock_dial.png (No such file or directory)
09-02 09:41:41.681  4383  4437 E BitmapFactory: Unable to decode stream: java.io.FileNotFoundException: /oem/etc/theme/icons/dynamic_icon/com.android.BBKClock/res/drawable-sw360dp-xxhdpi/clock_dial_center.png (No such file or directory)
09-02 09:41:41.696  2713  3203 I chatty  : uid=1000(system) Binder:2713_4 expire 2 lines
09-02 09:41:41.764  2713  9944 I chatty  : uid=1000(system) Binder:2713_A expire 4 lines
09-02 09:41:41.778  4383  4437 E BitmapFactory: Unable to decode stream: java.io.FileNotFoundException: /oem/etc/theme/icons/dynamic_icon/com.android.BBKClock/res/drawable-sw360dp-xxhdpi/clock_hour.png (No such file or directory)
09-02 09:41:41.779  4383  4437 E BitmapFactory: Unable to decode stream: java.io.FileNotFoundException: /oem/etc/theme/icons/dynamic_icon/com.android.BBKClock/res/drawable-sw360dp-xxhdpi/clock_minute.png (No such file or directory)
09-02 09:41:41.779  4383  4437 E BitmapFactory: Unable to decode stream: java.io.FileNotFoundException: /oem/etc/theme/icons/dynamic_icon/com.android.BBKClock/res/drawable-sw360dp-xxhdpi/clock_dial.png (No such file or directory)
09-02 09:41:41.782  4383  4437 E BitmapFactory: Unable to decode stream: java.io.FileNotFoundException: /oem/etc/theme/icons/dynamic_icon/com.android.BBKClock/res/drawable-sw360dp-xxhdpi/clock_dial_center.png (No such file or directory)
09-02 09:42:12.007  6441  6636 E memtrack: Couldn't load memtrack module
09-02 09:42:15.288  8163 11346 E memtrack: Couldn't load memtrack module
09-02 09:42:37.129  1007  1186 E storaged: getDiskStats failed with result NOT_SUPPORTED and size 0
09-02 09:43:11.713  4383  4437 E BitmapFactory: Unable to decode stream: java.io.FileNotFoundException: /oem/etc/theme/icons/dynamic_icon/com.android.BBKClock/res/drawable-sw360dp-xxhdpi/clock_hour.png (No such file or directory)
09-02 09:43:11.716  4383  4437 E BitmapFactory: Unable to decode stream: java.io.FileNotFoundException: /oem/etc/theme/icons/dynamic_icon/com.android.BBKClock/res/drawable-sw360dp-xxhdpi/clock_minute.png (No such file or directory)
09-02 09:43:11.718  4383  4437 E BitmapFactory: Unable to decode stream: java.io.FileNotFoundException: /oem/etc/theme/icons/dynamic_icon/com.android.BBKClock/res/drawable-sw360dp-xxhdpi/clock_dial.png (No such file or directory)
09-02 09:43:11.727  4383  4437 E BitmapFactory: Unable to decode stream: java.io.FileNotFoundException: /oem/etc/theme/icons/dynamic_icon/com.android.BBKClock/res/drawable-sw360dp-xxhdpi/clock_dial_center.png (No such file or directory)
09-02 09:43:26.132  1710  5741 I chatty  : uid=1000(system) Binder:1710_1A expire 1 line
09-02 09:43:27.128  1710  2037 I chatty  : uid=1000(system) AlarmManager expire 3 lines
09-02 09:43:27.252   693   693 E LocSvc_HIDL_DebugReportService: Invalid count: 0
09-02 09:43:27.297  3451  6184 E NetworkScheduler.ATC: Called cancelTask for already completed task com.google.android.gms/.chimera.container.ConfigService{u=0 tag="ChimeraConfigService_OneOffRetry" trigger=window{start=-301s,end=299s,earliest=-1182s,latest=-582s} requirements=[NET_CONNECTED] attributes=[PERSISTED] scheduled=-881s last_run=-305s jid=N/A status=ACTIVE retries=5 client_lib=MANCHEGO_GCM-14574000} :TIMED_OUT
09-02 09:43:27.299  1004  3051 E Netd    : tether checkPermission, pid:1710 uid:1000
09-02 09:43:27.311  4383  4437 E BitmapFactory: Unable to decode stream: java.io.FileNotFoundException: /oem/etc/theme/icons/dynamic_icon/com.android.BBKClock/res/drawable-sw360dp-xxhdpi/clock_hour.png (No such file or directory)
09-02 09:43:27.312  4383  4437 E BitmapFactory: Unable to decode stream: java.io.FileNotFoundException: /oem/etc/theme/icons/dynamic_icon/com.android.BBKClock/res/drawable-sw360dp-xxhdpi/clock_minute.png (No such file or directory)
09-02 09:43:27.313  4383  4437 E BitmapFactory: Unable to decode stream: java.io.FileNotFoundException: /oem/etc/theme/icons/dynamic_icon/com.android.BBKClock/res/drawable-sw360dp-xxhdpi/clock_dial.png (No such file or directory)
09-02 09:43:27.316  4383  4437 E BitmapFactory: Unable to decode stream: java.io.FileNotFoundException: /oem/etc/theme/icons/dynamic_icon/com.android.BBKClock/res/drawable-sw360dp-xxhdpi/clock_dial_center.png (No such file or directory)
09-02 09:43:27.631   693  2607 E IzatSvc_PassiveLocListener: Exiting with error onLocationChanged line 154 "1"
09-02 09:43:28.251   693   693 E LocSvc_HIDL_DebugReportService: Invalid count: 0
09-02 09:43:28.646   693  2607 E IzatSvc_PassiveLocListener: Exiting with error onLocationChanged line 154 "1"
09-02 09:43:29.175  2762  4048 E LocationAccessPolicy: canAccessCellLocation in whitList. uid = 10024, pkgName = com.baidu.map.location
09-02 09:43:29.197  2762  4048 E LocationAccessPolicy: canAccessCellLocation in whitList. uid = 10024, pkgName = com.baidu.map.location
09-02 09:43:29.200  1710  2069 I chatty  : uid=1000(system) WifiStateMachin expire 1 line
09-02 09:43:29.251   693   693 E LocSvc_HIDL_DebugReportService: Invalid count: 0
09-02 09:43:29.643   693  2607 E IzatSvc_PassiveLocListener: Exiting with error onLocationChanged line 154 "1"
09-02 09:43:30.253   693   693 E LocSvc_HIDL_DebugReportService: Invalid count: 0
09-02 09:43:30.645   693  2607 E IzatSvc_PassiveLocListener: Exiting with error onLocationChanged line 154 "1"
09-02 09:43:31.252   693   693 E LocSvc_HIDL_DebugReportService: Invalid count: 0
09-02 09:43:31.639   693  2607 E IzatSvc_PassiveLocListener: Exiting with error onLocationChanged line 154 "1"
09-02 09:43:32.255   693   693 E LocSvc_HIDL_DebugReportService: Invalid count: 0
09-02 09:43:32.644   693  2607 E IzatSvc_PassiveLocListener: Exiting with error onLocationChanged line 154 "1"
09-02 09:43:33.251   693   693 E LocSvc_HIDL_DebugReportService: Invalid count: 0
09-02 09:43:33.644   693  2607 E IzatSvc_PassiveLocListener: Exiting with error onLocationChanged line 154 "1"
09-02 09:43:34.253   693   693 E LocSvc_HIDL_DebugReportService: Invalid count: 0
09-02 09:43:34.643   693  2607 E IzatSvc_PassiveLocListener: Exiting with error onLocationChanged line 154 "1"
09-02 09:43:35.251   693   693 E LocSvc_HIDL_DebugReportService: Invalid count: 0
09-02 09:43:35.637   693  2607 E IzatSvc_PassiveLocListener: Exiting with error onLocationChanged line 154 "1"
09-02 09:43:36.253   693   693 E LocSvc_HIDL_DebugReportService: Invalid count: 0
09-02 09:43:36.639   693  2607 E IzatSvc_PassiveLocListener: Exiting with error onLocationChanged line 154 "1"
09-02 09:43:37.131  1007  1186 E storaged: getDiskStats failed with result NOT_SUPPORTED and size 0
09-02 09:43:54.806  2635  3033 E PowerMonitor: exception In sysProcTransDectect java.lang.NoSuchMethodException: vivoGetNetworkStatsUidDetailWithPackInfo [int]
09-02 09:44:37.135  1007  1186 E storaged: getDiskStats failed with result NOT_SUPPORTED and size 0
09-02 09:44:37.767  1710  2968 I chatty  : uid=1000(system) Binder:1710_9 expire 1 line
09-02 09:44:45.796  2713  2736 I chatty  : uid=1000(system) Binder:2713_1 expire 2 lines
09-02 09:44:45.811  4383  4437 E BitmapFactory: Unable to decode stream: java.io.FileNotFoundException: /oem/etc/theme/icons/dynamic_icon/com.android.BBKClock/res/drawable-sw360dp-xxhdpi/clock_hour.png (No such file or directory)
09-02 09:44:45.812  4383  4437 E BitmapFactory: Unable to decode stream: java.io.FileNotFoundException: /oem/etc/theme/icons/dynamic_icon/com.android.BBKClock/res/drawable-sw360dp-xxhdpi/clock_minute.png (No such file or directory)
09-02 09:44:45.814  4383  4437 E BitmapFactory: Unable to decode stream: java.io.FileNotFoundException: /oem/etc/theme/icons/dynamic_icon/com.android.BBKClock/res/drawable-sw360dp-xxhdpi/clock_dial.png (No such file or directory)
09-02 09:44:45.819  4383  4437 E BitmapFactory: Unable to decode stream: java.io.FileNotFoundException: /oem/etc/theme/icons/dynamic_icon/com.android.BBKClock/res/drawable-sw360dp-xxhdpi/clock_dial_center.png (No such file or directory)
09-02 09:45:37.137  1007  1186 E storaged: getDiskStats failed with result NOT_SUPPORTED and size 0
09-02 09:46:15.681  4383  4437 E BitmapFactory: Unable to decode stream: java.io.FileNotFoundException: /oem/etc/theme/icons/dynamic_icon/com.android.BBKClock/res/drawable-sw360dp-xxhdpi/clock_hour.png (No such file or directory)
09-02 09:46:15.685  4383  4437 E BitmapFactory: Unable to decode stream: java.io.FileNotFoundException: /oem/etc/theme/icons/dynamic_icon/com.android.BBKClock/res/drawable-sw360dp-xxhdpi/clock_minute.png (No such file or directory)
09-02 09:46:15.687  4383  4437 E BitmapFactory: Unable to decode stream: java.io.FileNotFoundException: /oem/etc/theme/icons/dynamic_icon/com.android.BBKClock/res/drawable-sw360dp-xxhdpi/clock_dial.png (No such file or directory)
09-02 09:46:15.695  4383  4437 E BitmapFactory: Unable to decode stream: java.io.FileNotFoundException: /oem/etc/theme/icons/dynamic_icon/com.android.BBKClock/res/drawable-sw360dp-xxhdpi/clock_dial_center.png (No such file or directory)
09-02 09:46:24.933  2635  3033 E PowerMonitor: exception In sysProcTransDectect java.lang.NoSuchMethodException: vivoGetNetworkStatsUidDetailWithPackInfo [int]
09-02 09:46:26.410  1710  2664 I chatty  : uid=1000(system) Binder:1710_8 expire 2 lines
09-02 09:46:37.141  1007  1186 E storaged: getDiskStats failed with result NOT_SUPPORTED and size 0
09-02 09:46:37.699  2713  3579 I chatty  : uid=1000(system) Binder:2713_5 expire 2 lines
09-02 09:46:37.711  4383  4437 E BitmapFactory: Unable to decode stream: java.io.FileNotFoundException: /oem/etc/theme/icons/dynamic_icon/com.android.BBKClock/res/drawable-sw360dp-xxhdpi/clock_hour.png (No such file or directory)
09-02 09:46:37.712  4383  4437 E BitmapFactory: Unable to decode stream: java.io.FileNotFoundException: /oem/etc/theme/icons/dynamic_icon/com.android.BBKClock/res/drawable-sw360dp-xxhdpi/clock_minute.png (No such file or directory)
09-02 09:46:37.713  4383  4437 E BitmapFactory: Unable to decode stream: java.io.FileNotFoundException: /oem/etc/theme/icons/dynamic_icon/com.android.BBKClock/res/drawable-sw360dp-xxhdpi/clock_dial.png (No such file or directory)
09-02 09:46:37.721  4383  4437 E BitmapFactory: Unable to decode stream: java.io.FileNotFoundException: /oem/etc/theme/icons/dynamic_icon/com.android.BBKClock/res/drawable-sw360dp-xxhdpi/clock_dial_center.png (No such file or directory)
09-02 09:47:12.675  6441  6610 E memtrack: Couldn't load memtrack module
09-02 09:47:15.671  8163 11455 E memtrack: Couldn't load memtrack module
09-02 09:47:37.154  1007  1186 E storaged: getDiskStats failed with result NOT_SUPPORTED and size 0
09-02 09:48:07.614  4383  4437 E BitmapFactory: Unable to decode stream: java.io.FileNotFoundException: /oem/etc/theme/icons/dynamic_icon/com.android.BBKClock/res/drawable-sw360dp-xxhdpi/clock_hour.png (No such file or directory)
09-02 09:48:07.619  4383  4437 E BitmapFactory: Unable to decode stream: java.io.FileNotFoundException: /oem/etc/theme/icons/dynamic_icon/com.android.BBKClock/res/drawable-sw360dp-xxhdpi/clock_minute.png (No such file or directory)
09-02 09:48:07.622  4383  4437 E BitmapFactory: Unable to decode stream: java.io.FileNotFoundException: /oem/etc/theme/icons/dynamic_icon/com.android.BBKClock/res/drawable-sw360dp-xxhdpi/clock_dial.png (No such file or directory)
09-02 09:48:07.629  4383  4437 E BitmapFactory: Unable to decode stream: java.io.FileNotFoundException: /oem/etc/theme/icons/dynamic_icon/com.android.BBKClock/res/drawable-sw360dp-xxhdpi/clock_dial_center.png (No such file or directory)
09-02 09:48:32.342  1710  2037 I chatty  : uid=1000(system) AlarmManager expire 1 line
09-02 09:48:32.437  1004  3051 E Netd    : tether checkPermission, pid:1710 uid:1000
09-02 09:48:32.503  4383  4437 E BitmapFactory: Unable to decode stream: java.io.FileNotFoundException: /oem/etc/theme/icons/dynamic_icon/com.android.BBKClock/res/drawable-sw360dp-xxhdpi/clock_hour.png (No such file or directory)
09-02 09:48:32.505  4383  4437 E BitmapFactory: Unable to decode stream: java.io.FileNotFoundException: /oem/etc/theme/icons/dynamic_icon/com.android.BBKClock/res/drawable-sw360dp-xxhdpi/clock_minute.png (No such file or directory)
09-02 09:48:32.505  4383  4437 E BitmapFactory: Unable to decode stream: java.io.FileNotFoundException: /oem/etc/theme/icons/dynamic_icon/com.android.BBKClock/res/drawable-sw360dp-xxhdpi/clock_dial.png (No such file or directory)
09-02 09:48:32.508  4383  4437 E BitmapFactory: Unable to decode stream: java.io.FileNotFoundException: /oem/etc/theme/icons/dynamic_icon/com.android.BBKClock/res/drawable-sw360dp-xxhdpi/clock_dial_center.png (No such file or directory)
09-02 09:48:32.514  2713  2760 I chatty  : uid=1000(system) Binder:2713_3 expire 2 lines
09-02 09:48:37.157  1007  1186 E storaged: getDiskStats failed with result NOT_SUPPORTED and size 0
09-02 09:48:37.886  1710  2664 I chatty  : uid=1000(system) Binder:1710_8 expire 2 lines
09-02 09:48:54.997  2635  3033 E PowerMonitor: exception In sysProcTransDectect java.lang.NoSuchMethodException: vivoGetNetworkStatsUidDetailWithPackInfo [int]
09-02 09:49:37.159  1007  1186 E storaged: getDiskStats failed with result NOT_SUPPORTED and size 0
09-02 09:50:02.389  4383  4437 E BitmapFactory: Unable to decode stream: java.io.FileNotFoundException: /oem/etc/theme/icons/dynamic_icon/com.android.BBKClock/res/drawable-sw360dp-xxhdpi/clock_hour.png (No such file or directory)
09-02 09:50:02.392  4383  4437 E BitmapFactory: Unable to decode stream: java.io.FileNotFoundException: /oem/etc/theme/icons/dynamic_icon/com.android.BBKClock/res/drawable-sw360dp-xxhdpi/clock_minute.png (No such file or directory)
09-02 09:50:02.395  4383  4437 E BitmapFactory: Unable to decode stream: java.io.FileNotFoundException: /oem/etc/theme/icons/dynamic_icon/com.android.BBKClock/res/drawable-sw360dp-xxhdpi/clock_dial.png (No such file or directory)
09-02 09:50:02.403  4383  4437 E BitmapFactory: Unable to decode stream: java.io.FileNotFoundException: /oem/etc/theme/icons/dynamic_icon/com.android.BBKClock/res/drawable-sw360dp-xxhdpi/clock_dial_center.png (No such file or directory)
09-02 09:50:37.161  1007  1186 E storaged: getDiskStats failed with result NOT_SUPPORTED and size 0
09-02 09:50:37.926  1710  2985 I chatty  : uid=1000(system) Binder:1710_C expire 1 line
09-02 09:51:02.402  4383  4437 E BitmapFactory: Unable to decode stream: java.io.FileNotFoundException: /oem/etc/theme/icons/dynamic_icon/com.android.BBKClock/res/drawable-sw360dp-xxhdpi/clock_hour.png (No such file or directory)
09-02 09:51:02.406  4383  4437 E BitmapFactory: Unable to decode stream: java.io.FileNotFoundException: /oem/etc/theme/icons/dynamic_icon/com.android.BBKClock/res/drawable-sw360dp-xxhdpi/clock_minute.png (No such file or directory)
09-02 09:51:02.408  4383  4437 E BitmapFactory: Unable to decode stream: java.io.FileNotFoundException: /oem/etc/theme/icons/dynamic_icon/com.android.BBKClock/res/drawable-sw360dp-xxhdpi/clock_dial.png (No such file or directory)
09-02 09:51:02.417  4383  4437 E BitmapFactory: Unable to decode stream: java.io.FileNotFoundException: /oem/etc/theme/icons/dynamic_icon/com.android.BBKClock/res/drawable-sw360dp-xxhdpi/clock_dial_center.png (No such file or directory)
09-02 09:51:25.094  2635  3033 E PowerMonitor: exception In sysProcTransDectect java.lang.NoSuchMethodException: vivoGetNetworkStatsUidDetailWithPackInfo [int]
09-02 09:51:33.577  1710  2037 I chatty  : uid=1000(system) AlarmManager expire 3 lines
09-02 09:51:33.747  2713  2736 I chatty  : uid=1000(system) Binder:2713_1 expire 2 lines
09-02 09:51:33.767  4383  4437 E BitmapFactory: Unable to decode stream: java.io.FileNotFoundException: /oem/etc/theme/icons/dynamic_icon/com.android.BBKClock/res/drawable-sw360dp-xxhdpi/clock_hour.png (No such file or directory)
09-02 09:51:33.768  4383  4437 E BitmapFactory: Unable to decode stream: java.io.FileNotFoundException: /oem/etc/theme/icons/dynamic_icon/com.android.BBKClock/res/drawable-sw360dp-xxhdpi/clock_minute.png (No such file or directory)
09-02 09:51:33.769  4383  4437 E BitmapFactory: Unable to decode stream: java.io.FileNotFoundException: /oem/etc/theme/icons/dynamic_icon/com.android.BBKClock/res/drawable-sw360dp-xxhdpi/clock_dial.png (No such file or directory)
09-02 09:51:33.772  4383  4437 E BitmapFactory: Unable to decode stream: java.io.FileNotFoundException: /oem/etc/theme/icons/dynamic_icon/com.android.BBKClock/res/drawable-sw360dp-xxhdpi/clock_dial_center.png (No such file or directory)
09-02 09:51:33.860  2713  4414 I chatty  : uid=1000(system) Binder:2713_9 expire 2 lines
09-02 09:51:33.868  4383  4437 E BitmapFactory: Unable to decode stream: java.io.FileNotFoundException: /oem/etc/theme/icons/dynamic_icon/com.android.BBKClock/res/drawable-sw360dp-xxhdpi/clock_hour.png (No such file or directory)
09-02 09:51:33.869  4383  4437 E BitmapFactory: Unable to decode stream: java.io.FileNotFoundException: /oem/etc/theme/icons/dynamic_icon/com.android.BBKClock/res/drawable-sw360dp-xxhdpi/clock_minute.png (No such file or directory)
09-02 09:51:33.870  4383  4437 E BitmapFactory: Unable to decode stream: java.io.FileNotFoundException: /oem/etc/theme/icons/dynamic_icon/com.android.BBKClock/res/drawable-sw360dp-xxhdpi/clock_dial.png (No such file or directory)
09-02 09:51:33.872  4383  4437 E BitmapFactory: Unable to decode stream: java.io.FileNotFoundException: /oem/etc/theme/icons/dynamic_icon/com.android.BBKClock/res/drawable-sw360dp-xxhdpi/clock_dial_center.png (No such file or directory)
09-02 09:51:37.164  1007  1186 E storaged: getDiskStats failed with result NOT_SUPPORTED and size 0
09-02 09:52:13.331  6441  6644 E memtrack: Couldn't load memtrack module
09-02 09:52:16.139  8163 11673 E memtrack: Couldn't load memtrack module
09-02 09:52:26.940  1710  2968 I chatty  : uid=1000(system) Binder:1710_9 expire 1 line
09-02 09:52:37.166  1007  1186 E storaged: getDiskStats failed with result NOT_SUPPORTED and size 0
09-02 09:53:03.811  4383  4437 E BitmapFactory: Unable to decode stream: java.io.FileNotFoundException: /oem/etc/theme/icons/dynamic_icon/com.android.BBKClock/res/drawable-sw360dp-xxhdpi/clock_hour.png (No such file or directory)
09-02 09:53:03.814  4383  4437 E BitmapFactory: Unable to decode stream: java.io.FileNotFoundException: /oem/etc/theme/icons/dynamic_icon/com.android.BBKClock/res/drawable-sw360dp-xxhdpi/clock_minute.png (No such file or directory)
09-02 09:53:03.818  4383  4437 E BitmapFactory: Unable to decode stream: java.io.FileNotFoundException: /oem/etc/theme/icons/dynamic_icon/com.android.BBKClock/res/drawable-sw360dp-xxhdpi/clock_dial.png (No such file or directory)
09-02 09:53:03.827  4383  4437 E BitmapFactory: Unable to decode stream: java.io.FileNotFoundException: /oem/etc/theme/icons/dynamic_icon/com.android.BBKClock/res/drawable-sw360dp-xxhdpi/clock_dial_center.png (No such file or directory)
09-02 09:53:37.169  1007  1186 E storaged: getDiskStats failed with result NOT_SUPPORTED and size 0
09-02 09:53:55.212  2635  3033 E PowerMonitor: exception In sysProcTransDectect java.lang.NoSuchMethodException: vivoGetNetworkStatsUidDetailWithPackInfo [int]
09-02 09:54:03.829  4383  4437 E BitmapFactory: Unable to decode stream: java.io.FileNotFoundException: /oem/etc/theme/icons/dynamic_icon/com.android.BBKClock/res/drawable-sw360dp-xxhdpi/clock_hour.png (No such file or directory)
09-02 09:54:03.832  4383  4437 E BitmapFactory: Unable to decode stream: java.io.FileNotFoundException: /oem/etc/theme/icons/dynamic_icon/com.android.BBKClock/res/drawable-sw360dp-xxhdpi/clock_minute.png (No such file or directory)
09-02 09:54:03.835  4383  4437 E BitmapFactory: Unable to decode stream: java.io.FileNotFoundException: /oem/etc/theme/icons/dynamic_icon/com.android.BBKClock/res/drawable-sw360dp-xxhdpi/clock_dial.png (No such file or directory)
09-02 09:54:03.842  4383  4437 E BitmapFactory: Unable to decode stream: java.io.FileNotFoundException: /oem/etc/theme/icons/dynamic_icon/com.android.BBKClock/res/drawable-sw360dp-xxhdpi/clock_dial_center.png (No such file or directory)
09-02 09:54:25.979  2713  3727 I chatty  : uid=1000(system) Binder:2713_6 expire 2 lines
09-02 09:54:25.992  4383  4437 E BitmapFactory: Unable to decode stream: java.io.FileNotFoundException: /oem/etc/theme/icons/dynamic_icon/com.android.BBKClock/res/drawable-sw360dp-xxhdpi/clock_hour.png (No such file or directory)
09-02 09:54:25.993  4383  4437 E BitmapFactory: Unable to decode stream: java.io.FileNotFoundException: /oem/etc/theme/icons/dynamic_icon/com.android.BBKClock/res/drawable-sw360dp-xxhdpi/clock_minute.png (No such file or directory)
09-02 09:54:25.998  4383  4437 E BitmapFactory: Unable to decode stream: java.io.FileNotFoundException: /oem/etc/theme/icons/dynamic_icon/com.android.BBKClock/res/drawable-sw360dp-xxhdpi/clock_dial.png (No such file or directory)
09-02 09:54:26.003  4383  4437 E BitmapFactory: Unable to decode stream: java.io.FileNotFoundException: /oem/etc/theme/icons/dynamic_icon/com.android.BBKClock/res/drawable-sw360dp-xxhdpi/clock_dial_center.png (No such file or directory)
09-02 09:54:26.117  2713  4414 I chatty  : uid=1000(system) Binder:2713_9 expire 3 lines
09-02 09:54:26.125  4383  4437 E BitmapFactory: Unable to decode stream: java.io.FileNotFoundException: /oem/etc/theme/icons/dynamic_icon/com.android.BBKClock/res/drawable-sw360dp-xxhdpi/clock_hour.png (No such file or directory)
09-02 09:54:26.127  4383  4437 E BitmapFactory: Unable to decode stream: java.io.FileNotFoundException: /oem/etc/theme/icons/dynamic_icon/com.android.BBKClock/res/drawable-sw360dp-xxhdpi/clock_minute.png (No such file or directory)
09-02 09:54:26.128  4383  4437 E BitmapFactory: Unable to decode stream: java.io.FileNotFoundException: /oem/etc/theme/icons/dynamic_icon/com.android.BBKClock/res/drawable-sw360dp-xxhdpi/clock_dial.png (No such file or directory)
09-02 09:54:26.131  4383  4437 E BitmapFactory: Unable to decode stream: java.io.FileNotFoundException: /oem/etc/theme/icons/dynamic_icon/com.android.BBKClock/res/drawable-sw360dp-xxhdpi/clock_dial_center.png (No such file or directory)
09-02 09:54:37.171  1007  1186 E storaged: getDiskStats failed with result NOT_SUPPORTED and size 0
09-02 09:54:52.829  1710  2037 I chatty  : uid=1000(system) AlarmManager expire 5 lines
09-02 09:54:52.969  1710  2342 E SyncManager: Bind attempt failed - target: ComponentInfo{com.tencent.android.qqdownloader/com.live.sync.YYBLiveSyncService}
09-02 09:54:52.976  1004  3051 E Netd    : tether checkPermission, pid:1710 uid:1000
09-02 09:55:27.237  1710  3776 I chatty  : uid=1000(system) Binder:1710_F expire 5 lines
09-02 09:55:37.176  1007  1186 E storaged: getDiskStats failed with result NOT_SUPPORTED and size 0
09-02 09:55:56.059  4383  4437 E BitmapFactory: Unable to decode stream: java.io.FileNotFoundException: /oem/etc/theme/icons/dynamic_icon/com.android.BBKClock/res/drawable-sw360dp-xxhdpi/clock_hour.png (No such file or directory)
09-02 09:55:56.063  4383  4437 E BitmapFactory: Unable to decode stream: java.io.FileNotFoundException: /oem/etc/theme/icons/dynamic_icon/com.android.BBKClock/res/drawable-sw360dp-xxhdpi/clock_minute.png (No such file or directory)
09-02 09:55:56.066  4383  4437 E BitmapFactory: Unable to decode stream: java.io.FileNotFoundException: /oem/etc/theme/icons/dynamic_icon/com.android.BBKClock/res/drawable-sw360dp-xxhdpi/clock_dial.png (No such file or directory)
09-02 09:55:56.073  4383  4437 E BitmapFactory: Unable to decode stream: java.io.FileNotFoundException: /oem/etc/theme/icons/dynamic_icon/com.android.BBKClock/res/drawable-sw360dp-xxhdpi/clock_dial_center.png (No such file or directory)
09-02 09:56:24.361  8163 19958 E libc    : Access denied finding property "net.dns1"
09-02 09:56:24.361  8163 19958 E libc    : Access denied finding property "net.dns2"
09-02 09:56:25.312  2635  3033 E PowerMonitor: exception In sysProcTransDectect java.lang.NoSuchMethodException: vivoGetNetworkStatsUidDetailWithPackInfo [int]
09-02 09:56:29.730  4383  4437 E BitmapFactory: Unable to decode stream: java.io.FileNotFoundException: /oem/etc/theme/icons/dynamic_icon/com.android.BBKClock/res/drawable-sw360dp-xxhdpi/clock_hour.png (No such file or directory)
09-02 09:56:29.731  4383  4437 E BitmapFactory: Unable to decode stream: java.io.FileNotFoundException: /oem/etc/theme/icons/dynamic_icon/com.android.BBKClock/res/drawable-sw360dp-xxhdpi/clock_minute.png (No such file or directory)
09-02 09:56:29.732  4383  4437 E BitmapFactory: Unable to decode stream: java.io.FileNotFoundException: /oem/etc/theme/icons/dynamic_icon/com.android.BBKClock/res/drawable-sw360dp-xxhdpi/clock_dial.png (No such file or directory)
09-02 09:56:29.737  4383  4437 E BitmapFactory: Unable to decode stream: java.io.FileNotFoundException: /oem/etc/theme/icons/dynamic_icon/com.android.BBKClock/res/drawable-sw360dp-xxhdpi/clock_dial_center.png (No such file or directory)
09-02 09:56:29.793  2713  3727 I chatty  : uid=1000(system) Binder:2713_6 expire 1 line
09-02 09:56:29.853  2713 19846 I chatty  : uid=1000(system) Binder:2713_C expire 2 lines
09-02 09:56:29.871  4383  4437 E BitmapFactory: Unable to decode stream: java.io.FileNotFoundException: /oem/etc/theme/icons/dynamic_icon/com.android.BBKClock/res/drawable-sw360dp-xxhdpi/clock_hour.png (No such file or directory)
09-02 09:56:29.872  4383  4437 E BitmapFactory: Unable to decode stream: java.io.FileNotFoundException: /oem/etc/theme/icons/dynamic_icon/com.android.BBKClock/res/drawable-sw360dp-xxhdpi/clock_minute.png (No such file or directory)
09-02 09:56:29.873  4383  4437 E BitmapFactory: Unable to decode stream: java.io.FileNotFoundException: /oem/etc/theme/icons/dynamic_icon/com.android.BBKClock/res/drawable-sw360dp-xxhdpi/clock_dial.png (No such file or directory)
09-02 09:56:29.877  4383  4437 E BitmapFactory: Unable to decode stream: java.io.FileNotFoundException: /oem/etc/theme/icons/dynamic_icon/com.android.BBKClock/res/drawable-sw360dp-xxhdpi/clock_dial_center.png (No such file or directory)
09-02 09:56:37.181  1007  1186 E storaged: getDiskStats failed with result NOT_SUPPORTED and size 0
09-02 09:56:46.713  1004  3051 E Netd    : tether checkPermission, pid:1710 uid:1000
09-02 09:56:46.867  1004  3051 E Netd    : tether checkPermission, pid:1710 uid:1000
09-02 09:56:51.730 19978 19978 E .networkimprov: Not starting debugger since process cannot load the jdwp agent.
09-02 09:57:13.975  6441  6634 E memtrack: Couldn't load memtrack module
09-02 09:57:16.508  8163 11834 E memtrack: Couldn't load memtrack module
09-02 09:57:37.187  1007  1186 E storaged: getDiskStats failed with result NOT_SUPPORTED and size 0
09-02 09:57:59.806  4383  4437 E BitmapFactory: Unable to decode stream: java.io.FileNotFoundException: /oem/etc/theme/icons/dynamic_icon/com.android.BBKClock/res/drawable-sw360dp-xxhdpi/clock_hour.png (No such file or directory)
09-02 09:57:59.809  4383  4437 E BitmapFactory: Unable to decode stream: java.io.FileNotFoundException: /oem/etc/theme/icons/dynamic_icon/com.android.BBKClock/res/drawable-sw360dp-xxhdpi/clock_minute.png (No such file or directory)
09-02 09:57:59.811  4383  4437 E BitmapFactory: Unable to decode stream: java.io.FileNotFoundException: /oem/etc/theme/icons/dynamic_icon/com.android.BBKClock/res/drawable-sw360dp-xxhdpi/clock_dial.png (No such file or directory)
09-02 09:57:59.819  4383  4437 E BitmapFactory: Unable to decode stream: java.io.FileNotFoundException: /oem/etc/theme/icons/dynamic_icon/com.android.BBKClock/res/drawable-sw360dp-xxhdpi/clock_dial_center.png (No such file or directory)
09-02 09:58:37.190  1007  1186 E storaged: getDiskStats failed with result NOT_SUPPORTED and size 0
09-02 09:58:55.463  2635  3033 E PowerMonitor: exception In sysProcTransDectect java.lang.NoSuchMethodException: vivoGetNetworkStatsUidDetailWithPackInfo [int]
09-02 09:58:59.820  4383  4437 E BitmapFactory: Unable to decode stream: java.io.FileNotFoundException: /oem/etc/theme/icons/dynamic_icon/com.android.BBKClock/res/drawable-sw360dp-xxhdpi/clock_hour.png (No such file or directory)
09-02 09:58:59.823  4383  4437 E BitmapFactory: Unable to decode stream: java.io.FileNotFoundException: /oem/etc/theme/icons/dynamic_icon/com.android.BBKClock/res/drawable-sw360dp-xxhdpi/clock_minute.png (No such file or directory)
09-02 09:58:59.827  4383  4437 E BitmapFactory: Unable to decode stream: java.io.FileNotFoundException: /oem/etc/theme/icons/dynamic_icon/com.android.BBKClock/res/drawable-sw360dp-xxhdpi/clock_dial.png (No such file or directory)
09-02 09:58:59.832  4383  4437 E BitmapFactory: Unable to decode stream: java.io.FileNotFoundException: /oem/etc/theme/icons/dynamic_icon/com.android.BBKClock/res/drawable-sw360dp-xxhdpi/clock_dial_center.png (No such file or directory)
