09-02 09:59:23.115  4383  4437 E BitmapFactory: Unable to decode stream: java.io.FileNotFoundException: /oem/etc/theme/icons/dynamic_icon/com.android.BBKClock/res/drawable-sw360dp-xxhdpi/clock_hour.png (No such file or directory)
09-02 09:59:23.117  4383  4437 E BitmapFactory: Unable to decode stream: java.io.FileNotFoundException: /oem/etc/theme/icons/dynamic_icon/com.android.BBKClock/res/drawable-sw360dp-xxhdpi/clock_minute.png (No such file or directory)
09-02 09:59:23.119  4383  4437 E BitmapFactory: Unable to decode stream: java.io.FileNotFoundException: /oem/etc/theme/icons/dynamic_icon/com.android.BBKClock/res/drawable-sw360dp-xxhdpi/clock_dial.png (No such file or directory)
09-02 09:59:23.123  4383  4437 E BitmapFactory: Unable to decode stream: java.io.FileNotFoundException: /oem/etc/theme/icons/dynamic_icon/com.android.BBKClock/res/drawable-sw360dp-xxhdpi/clock_dial_center.png (No such file or directory)
09-02 09:59:23.182  2713  3203 I chatty  : uid=1000(system) Binder:2713_4 expire 2 lines
09-02 09:59:23.245  2713 19846 I chatty  : uid=1000(system) Binder:2713_C expire 4 lines
09-02 09:59:23.254  4383  4437 E BitmapFactory: Unable to decode stream: java.io.FileNotFoundException: /oem/etc/theme/icons/dynamic_icon/com.android.BBKClock/res/drawable-sw360dp-xxhdpi/clock_hour.png (No such file or directory)
09-02 09:59:23.255  4383  4437 E BitmapFactory: Unable to decode stream: java.io.FileNotFoundException: /oem/etc/theme/icons/dynamic_icon/com.android.BBKClock/res/drawable-sw360dp-xxhdpi/clock_minute.png (No such file or directory)
09-02 09:59:23.256  4383  4437 E BitmapFactory: Unable to decode stream: java.io.FileNotFoundException: /oem/etc/theme/icons/dynamic_icon/com.android.BBKClock/res/drawable-sw360dp-xxhdpi/clock_dial.png (No such file or directory)
09-02 09:59:23.258  4383  4437 E BitmapFactory: Unable to decode stream: java.io.FileNotFoundException: /oem/etc/theme/icons/dynamic_icon/com.android.BBKClock/res/drawable-sw360dp-xxhdpi/clock_dial_center.png (No such file or directory)
09-02 09:59:23.358  4383  4437 E BitmapFactory: Unable to decode stream: java.io.FileNotFoundException: /oem/etc/theme/icons/dynamic_icon/com.android.BBKClock/res/drawable-sw360dp-xxhdpi/clock_hour.png (No such file or directory)
09-02 09:59:23.359  4383  4437 E BitmapFactory: Unable to decode stream: java.io.FileNotFoundException: /oem/etc/theme/icons/dynamic_icon/com.android.BBKClock/res/drawable-sw360dp-xxhdpi/clock_minute.png (No such file or directory)
09-02 09:59:23.360  4383  4437 E BitmapFactory: Unable to decode stream: java.io.FileNotFoundException: /oem/etc/theme/icons/dynamic_icon/com.android.BBKClock/res/drawable-sw360dp-xxhdpi/clock_dial.png (No such file or directory)
09-02 09:59:23.363  4383  4437 E BitmapFactory: Unable to decode stream: java.io.FileNotFoundException: /oem/etc/theme/icons/dynamic_icon/com.android.BBKClock/res/drawable-sw360dp-xxhdpi/clock_dial_center.png (No such file or directory)
09-02 09:59:37.196  1007  1186 E storaged: getDiskStats failed with result NOT_SUPPORTED and size 0
09-02 10:00:37.201  1007  1186 E storaged: getDiskStats failed with result NOT_SUPPORTED and size 0
09-02 10:00:51.608  2713  2736 I chatty  : uid=1000(system) Binder:2713_1 expire 4 lines
09-02 10:00:51.628  4383  4437 E BitmapFactory: Unable to decode stream: java.io.FileNotFoundException: /oem/etc/theme/icons/dynamic_icon/com.android.BBKClock/res/drawable-sw360dp-xxhdpi/clock_hour.png (No such file or directory)
09-02 10:00:51.630  4383  4437 E BitmapFactory: Unable to decode stream: java.io.FileNotFoundException: /oem/etc/theme/icons/dynamic_icon/com.android.BBKClock/res/drawable-sw360dp-xxhdpi/clock_minute.png (No such file or directory)
09-02 10:00:51.630  4383  4437 E BitmapFactory: Unable to decode stream: java.io.FileNotFoundException: /oem/etc/theme/icons/dynamic_icon/com.android.BBKClock/res/drawable-sw360dp-xxhdpi/clock_dial.png (No such file or directory)
09-02 10:00:51.634  4383  4437 E BitmapFactory: Unable to decode stream: java.io.FileNotFoundException: /oem/etc/theme/icons/dynamic_icon/com.android.BBKClock/res/drawable-sw360dp-xxhdpi/clock_dial_center.png (No such file or directory)
09-02 10:00:51.738  2258  7597 I chatty  : uid=1000(system) Binder:2258_A identical 8 lines
09-02 10:00:51.777  2258  2270 I chatty  : uid=1000(system) Binder:2258_2 identical 8 lines
09-02 10:00:51.781 20061 20104 I chatty  : uid=10078(com.bbk.updater) identical 2 lines
09-02 10:00:51.949 20061 20109 I chatty  : uid=10078(com.bbk.updater) identical 2 lines
09-02 10:01:25.550  2635  3033 E PowerMonitor: exception In sysProcTransDectect java.lang.NoSuchMethodException: vivoGetNetworkStatsUidDetailWithPackInfo [int]
09-02 10:01:25.626  1710  2037 I chatty  : uid=1000(system) AlarmManager expire 1 line
09-02 10:01:25.733  2713  2740 I chatty  : uid=1000(system) Binder:2713_2 expire 3 lines
09-02 10:01:25.746  4383  4437 E BitmapFactory: Unable to decode stream: java.io.FileNotFoundException: /oem/etc/theme/icons/dynamic_icon/com.android.BBKClock/res/drawable-sw360dp-xxhdpi/clock_hour.png (No such file or directory)
09-02 10:01:25.748  4383  4437 E BitmapFactory: Unable to decode stream: java.io.FileNotFoundException: /oem/etc/theme/icons/dynamic_icon/com.android.BBKClock/res/drawable-sw360dp-xxhdpi/clock_minute.png (No such file or directory)
09-02 10:01:25.749  4383  4437 E BitmapFactory: Unable to decode stream: java.io.FileNotFoundException: /oem/etc/theme/icons/dynamic_icon/com.android.BBKClock/res/drawable-sw360dp-xxhdpi/clock_dial.png (No such file or directory)
09-02 10:01:25.753  4383  4437 E BitmapFactory: Unable to decode stream: java.io.FileNotFoundException: /oem/etc/theme/icons/dynamic_icon/com.android.BBKClock/res/drawable-sw360dp-xxhdpi/clock_dial_center.png (No such file or directory)
09-02 10:01:27.757  1710  5749 I chatty  : uid=1000(system) Binder:1710_20 expire 1 line
09-02 10:01:37.209  1007  1186 E storaged: getDiskStats failed with result NOT_SUPPORTED and size 0
09-02 10:02:14.628  6441  6669 E memtrack: Couldn't load memtrack module
09-02 10:02:16.927  8163 11909 E memtrack: Couldn't load memtrack module
09-02 10:02:37.213  1007  1186 E storaged: getDiskStats failed with result NOT_SUPPORTED and size 0
09-02 10:02:55.658  4383  4437 E BitmapFactory: Unable to decode stream: java.io.FileNotFoundException: /oem/etc/theme/icons/dynamic_icon/com.android.BBKClock/res/drawable-sw360dp-xxhdpi/clock_hour.png (No such file or directory)
09-02 10:02:55.661  4383  4437 E BitmapFactory: Unable to decode stream: java.io.FileNotFoundException: /oem/etc/theme/icons/dynamic_icon/com.android.BBKClock/res/drawable-sw360dp-xxhdpi/clock_minute.png (No such file or directory)
09-02 10:02:55.663  4383  4437 E BitmapFactory: Unable to decode stream: java.io.FileNotFoundException: /oem/etc/theme/icons/dynamic_icon/com.android.BBKClock/res/drawable-sw360dp-xxhdpi/clock_dial.png (No such file or directory)
09-02 10:02:55.672  4383  4437 E BitmapFactory: Unable to decode stream: java.io.FileNotFoundException: /oem/etc/theme/icons/dynamic_icon/com.android.BBKClock/res/drawable-sw360dp-xxhdpi/clock_dial_center.png (No such file or directory)
09-02 10:03:37.216  1007  1186 E storaged: getDiskStats failed with result NOT_SUPPORTED and size 0
09-02 10:03:55.668  4383  4437 E BitmapFactory: Unable to decode stream: java.io.FileNotFoundException: /oem/etc/theme/icons/dynamic_icon/com.android.BBKClock/res/drawable-sw360dp-xxhdpi/clock_hour.png (No such file or directory)
09-02 10:03:55.670  4383  4437 E BitmapFactory: Unable to decode stream: java.io.FileNotFoundException: /oem/etc/theme/icons/dynamic_icon/com.android.BBKClock/res/drawable-sw360dp-xxhdpi/clock_minute.png (No such file or directory)
09-02 10:03:55.672  4383  4437 E BitmapFactory: Unable to decode stream: java.io.FileNotFoundException: /oem/etc/theme/icons/dynamic_icon/com.android.BBKClock/res/drawable-sw360dp-xxhdpi/clock_dial.png (No such file or directory)
09-02 10:03:55.680  4383  4437 E BitmapFactory: Unable to decode stream: java.io.FileNotFoundException: /oem/etc/theme/icons/dynamic_icon/com.android.BBKClock/res/drawable-sw360dp-xxhdpi/clock_dial_center.png (No such file or directory)
09-02 10:03:55.684  2635  3033 E PowerMonitor: exception In sysProcTransDectect java.lang.NoSuchMethodException: vivoGetNetworkStatsUidDetailWithPackInfo [int]
09-02 10:04:06.018  1710  2037 I chatty  : uid=1000(system) AlarmManager expire 3 lines
09-02 10:04:06.040  1004  3051 E Netd    : tether checkPermission, pid:1710 uid:1000
09-02 10:04:06.147  4383  4437 E BitmapFactory: Unable to decode stream: java.io.FileNotFoundException: /oem/etc/theme/icons/dynamic_icon/com.android.BBKClock/res/drawable-sw360dp-xxhdpi/clock_hour.png (No such file or directory)
09-02 10:04:06.148  4383  4437 E BitmapFactory: Unable to decode stream: java.io.FileNotFoundException: /oem/etc/theme/icons/dynamic_icon/com.android.BBKClock/res/drawable-sw360dp-xxhdpi/clock_minute.png (No such file or directory)
09-02 10:04:06.149  4383  4437 E BitmapFactory: Unable to decode stream: java.io.FileNotFoundException: /oem/etc/theme/icons/dynamic_icon/com.android.BBKClock/res/drawable-sw360dp-xxhdpi/clock_dial.png (No such file or directory)
09-02 10:04:06.164  4383  4437 E BitmapFactory: Unable to decode stream: java.io.FileNotFoundException: /oem/etc/theme/icons/dynamic_icon/com.android.BBKClock/res/drawable-sw360dp-xxhdpi/clock_dial_center.png (No such file or directory)
09-02 10:04:06.173  2713  4414 I chatty  : uid=1000(system) Binder:2713_9 expire 1 line
09-02 10:04:06.252  2713  2736 I chatty  : uid=1000(system) Binder:2713_1 expire 9 lines
09-02 10:04:06.260  4383  4437 E BitmapFactory: Unable to decode stream: java.io.FileNotFoundException: /oem/etc/theme/icons/dynamic_icon/com.android.BBKClock/res/drawable-sw360dp-xxhdpi/clock_hour.png (No such file or directory)
09-02 10:04:06.261  4383  4437 E BitmapFactory: Unable to decode stream: java.io.FileNotFoundException: /oem/etc/theme/icons/dynamic_icon/com.android.BBKClock/res/drawable-sw360dp-xxhdpi/clock_minute.png (No such file or directory)
09-02 10:04:06.261  4383  4437 E BitmapFactory: Unable to decode stream: java.io.FileNotFoundException: /oem/etc/theme/icons/dynamic_icon/com.android.BBKClock/res/drawable-sw360dp-xxhdpi/clock_dial.png (No such file or directory)
09-02 10:04:06.263  4383  4437 E BitmapFactory: Unable to decode stream: java.io.FileNotFoundException: /oem/etc/theme/icons/dynamic_icon/com.android.BBKClock/res/drawable-sw360dp-xxhdpi/clock_dial_center.png (No such file or directory)
09-02 10:04:06.340  4383  4437 E BitmapFactory: Unable to decode stream: java.io.FileNotFoundException: /oem/etc/theme/icons/dynamic_icon/com.android.BBKClock/res/drawable-sw360dp-xxhdpi/clock_hour.png (No such file or directory)
09-02 10:04:06.340  4383  4437 E BitmapFactory: Unable to decode stream: java.io.FileNotFoundException: /oem/etc/theme/icons/dynamic_icon/com.android.BBKClock/res/drawable-sw360dp-xxhdpi/clock_minute.png (No such file or directory)
09-02 10:04:06.341  4383  4437 E BitmapFactory: Unable to decode stream: java.io.FileNotFoundException: /oem/etc/theme/icons/dynamic_icon/com.android.BBKClock/res/drawable-sw360dp-xxhdpi/clock_dial.png (No such file or directory)
09-02 10:04:06.343  4383  4437 E BitmapFactory: Unable to decode stream: java.io.FileNotFoundException: /oem/etc/theme/icons/dynamic_icon/com.android.BBKClock/res/drawable-sw360dp-xxhdpi/clock_dial_center.png (No such file or directory)
09-02 10:04:28.035  1710  5423 I chatty  : uid=1000(system) Binder:1710_16 expire 1 line
09-02 10:04:37.218  1007  1186 E storaged: getDiskStats failed with result NOT_SUPPORTED and size 0
09-02 10:05:36.312  4383  4437 E BitmapFactory: Unable to decode stream: java.io.FileNotFoundException: /oem/etc/theme/icons/dynamic_icon/com.android.BBKClock/res/drawable-sw360dp-xxhdpi/clock_hour.png (No such file or directory)
09-02 10:05:36.316  4383  4437 E BitmapFactory: Unable to decode stream: java.io.FileNotFoundException: /oem/etc/theme/icons/dynamic_icon/com.android.BBKClock/res/drawable-sw360dp-xxhdpi/clock_minute.png (No such file or directory)
09-02 10:05:36.318  4383  4437 E BitmapFactory: Unable to decode stream: java.io.FileNotFoundException: /oem/etc/theme/icons/dynamic_icon/com.android.BBKClock/res/drawable-sw360dp-xxhdpi/clock_dial.png (No such file or directory)
09-02 10:05:36.323  4383  4437 E BitmapFactory: Unable to decode stream: java.io.FileNotFoundException: /oem/etc/theme/icons/dynamic_icon/com.android.BBKClock/res/drawable-sw360dp-xxhdpi/clock_dial_center.png (No such file or directory)
09-02 10:05:37.227  1007  1186 E storaged: getDiskStats failed with result NOT_SUPPORTED and size 0
09-02 10:06:21.705  2635  3033 E PowerMonitor: exception In sysProcTransDectect java.lang.NoSuchMethodException: vivoGetNetworkStatsUidDetailWithPackInfo [int]
09-02 10:06:21.840  4383  4437 E BitmapFactory: Unable to decode stream: java.io.FileNotFoundException: /oem/etc/theme/icons/dynamic_icon/com.android.BBKClock/res/drawable-sw360dp-xxhdpi/clock_hour.png (No such file or directory)
09-02 10:06:21.841  4383  4437 E BitmapFactory: Unable to decode stream: java.io.FileNotFoundException: /oem/etc/theme/icons/dynamic_icon/com.android.BBKClock/res/drawable-sw360dp-xxhdpi/clock_minute.png (No such file or directory)
09-02 10:06:21.842  4383  4437 E BitmapFactory: Unable to decode stream: java.io.FileNotFoundException: /oem/etc/theme/icons/dynamic_icon/com.android.BBKClock/res/drawable-sw360dp-xxhdpi/clock_dial.png (No such file or directory)
09-02 10:06:21.847  4383  4437 E BitmapFactory: Unable to decode stream: java.io.FileNotFoundException: /oem/etc/theme/icons/dynamic_icon/com.android.BBKClock/res/drawable-sw360dp-xxhdpi/clock_dial_center.png (No such file or directory)
09-02 10:06:21.937  4383  4437 E BitmapFactory: Unable to decode stream: java.io.FileNotFoundException: /oem/etc/theme/icons/dynamic_icon/com.android.BBKClock/res/drawable-sw360dp-xxhdpi/clock_hour.png (No such file or directory)
09-02 10:06:21.938  4383  4437 E BitmapFactory: Unable to decode stream: java.io.FileNotFoundException: /oem/etc/theme/icons/dynamic_icon/com.android.BBKClock/res/drawable-sw360dp-xxhdpi/clock_minute.png (No such file or directory)
09-02 10:06:21.939  4383  4437 E BitmapFactory: Unable to decode stream: java.io.FileNotFoundException: /oem/etc/theme/icons/dynamic_icon/com.android.BBKClock/res/drawable-sw360dp-xxhdpi/clock_dial.png (No such file or directory)
09-02 10:06:21.941  4383  4437 E BitmapFactory: Unable to decode stream: java.io.FileNotFoundException: /oem/etc/theme/icons/dynamic_icon/com.android.BBKClock/res/drawable-sw360dp-xxhdpi/clock_dial_center.png (No such file or directory)
09-02 10:06:37.231  1007  1186 E storaged: getDiskStats failed with result NOT_SUPPORTED and size 0
09-02 10:06:46.702  1710  2037 I chatty  : uid=1000(system) AlarmManager expire 4 lines
09-02 10:06:46.792  1004  3051 E Netd    : tether checkPermission, pid:1710 uid:1000
09-02 10:07:15.291  6441  6636 E memtrack: Couldn't load memtrack module
09-02 10:07:16.859  2713  9944 I chatty  : uid=1000(system) Binder:2713_A expire 2 lines
09-02 10:07:16.871  4383  4437 E BitmapFactory: Unable to decode stream: java.io.FileNotFoundException: /oem/etc/theme/icons/dynamic_icon/com.android.BBKClock/res/drawable-sw360dp-xxhdpi/clock_hour.png (No such file or directory)
09-02 10:07:16.873  4383  4437 E BitmapFactory: Unable to decode stream: java.io.FileNotFoundException: /oem/etc/theme/icons/dynamic_icon/com.android.BBKClock/res/drawable-sw360dp-xxhdpi/clock_minute.png (No such file or directory)
09-02 10:07:16.874  4383  4437 E BitmapFactory: Unable to decode stream: java.io.FileNotFoundException: /oem/etc/theme/icons/dynamic_icon/com.android.BBKClock/res/drawable-sw360dp-xxhdpi/clock_dial.png (No such file or directory)
09-02 10:07:16.879  4383  4437 E BitmapFactory: Unable to decode stream: java.io.FileNotFoundException: /oem/etc/theme/icons/dynamic_icon/com.android.BBKClock/res/drawable-sw360dp-xxhdpi/clock_dial_center.png (No such file or directory)
09-02 10:07:17.359  8163 11080 E memtrack: Couldn't load memtrack module
09-02 10:07:28.314  1710  5741 I chatty  : uid=1000(system) Binder:1710_1A expire 2 lines
09-02 10:07:37.236  1007  1186 E storaged: getDiskStats failed with result NOT_SUPPORTED and size 0
09-02 10:08:37.238  1007  1186 E storaged: getDiskStats failed with result NOT_SUPPORTED and size 0
09-02 10:08:46.749  4383  4437 E BitmapFactory: Unable to decode stream: java.io.FileNotFoundException: /oem/etc/theme/icons/dynamic_icon/com.android.BBKClock/res/drawable-sw360dp-xxhdpi/clock_hour.png (No such file or directory)
09-02 10:08:46.752  4383  4437 E BitmapFactory: Unable to decode stream: java.io.FileNotFoundException: /oem/etc/theme/icons/dynamic_icon/com.android.BBKClock/res/drawable-sw360dp-xxhdpi/clock_minute.png (No such file or directory)
09-02 10:08:46.754  4383  4437 E BitmapFactory: Unable to decode stream: java.io.FileNotFoundException: /oem/etc/theme/icons/dynamic_icon/com.android.BBKClock/res/drawable-sw360dp-xxhdpi/clock_dial.png (No such file or directory)
09-02 10:08:46.762  4383  4437 E BitmapFactory: Unable to decode stream: java.io.FileNotFoundException: /oem/etc/theme/icons/dynamic_icon/com.android.BBKClock/res/drawable-sw360dp-xxhdpi/clock_dial_center.png (No such file or directory)
09-02 10:08:51.847  2635  3033 E PowerMonitor: exception In sysProcTransDectect java.lang.NoSuchMethodException: vivoGetNetworkStatsUidDetailWithPackInfo [int]
09-02 10:09:37.242  1007  1186 E storaged: getDiskStats failed with result NOT_SUPPORTED and size 0
09-02 10:09:46.760  4383  4437 E BitmapFactory: Unable to decode stream: java.io.FileNotFoundException: /oem/etc/theme/icons/dynamic_icon/com.android.BBKClock/res/drawable-sw360dp-xxhdpi/clock_hour.png (No such file or directory)
09-02 10:09:46.763  4383  4437 E BitmapFactory: Unable to decode stream: java.io.FileNotFoundException: /oem/etc/theme/icons/dynamic_icon/com.android.BBKClock/res/drawable-sw360dp-xxhdpi/clock_minute.png (No such file or directory)
09-02 10:09:46.766  4383  4437 E BitmapFactory: Unable to decode stream: java.io.FileNotFoundException: /oem/etc/theme/icons/dynamic_icon/com.android.BBKClock/res/drawable-sw360dp-xxhdpi/clock_dial.png (No such file or directory)
09-02 10:09:46.773  4383  4437 E BitmapFactory: Unable to decode stream: java.io.FileNotFoundException: /oem/etc/theme/icons/dynamic_icon/com.android.BBKClock/res/drawable-sw360dp-xxhdpi/clock_dial_center.png (No such file or directory)
09-02 10:10:37.246  1007  1186 E storaged: getDiskStats failed with result NOT_SUPPORTED and size 0
09-02 10:10:46.777  4383  4437 E BitmapFactory: Unable to decode stream: java.io.FileNotFoundException: /oem/etc/theme/icons/dynamic_icon/com.android.BBKClock/res/drawable-sw360dp-xxhdpi/clock_hour.png (No such file or directory)
09-02 10:10:46.779  4383  4437 E BitmapFactory: Unable to decode stream: java.io.FileNotFoundException: /oem/etc/theme/icons/dynamic_icon/com.android.BBKClock/res/drawable-sw360dp-xxhdpi/clock_minute.png (No such file or directory)
09-02 10:10:46.781  4383  4437 E BitmapFactory: Unable to decode stream: java.io.FileNotFoundException: /oem/etc/theme/icons/dynamic_icon/com.android.BBKClock/res/drawable-sw360dp-xxhdpi/clock_dial.png (No such file or directory)
09-02 10:10:46.788  4383  4437 E BitmapFactory: Unable to decode stream: java.io.FileNotFoundException: /oem/etc/theme/icons/dynamic_icon/com.android.BBKClock/res/drawable-sw360dp-xxhdpi/clock_dial_center.png (No such file or directory)
09-02 10:11:17.750  2635  3033 E PowerMonitor: exception In sysProcTransDectect java.lang.NoSuchMethodException: vivoGetNetworkStatsUidDetailWithPackInfo [int]
09-02 10:11:17.866  4383  4437 E BitmapFactory: Unable to decode stream: java.io.FileNotFoundException: /oem/etc/theme/icons/dynamic_icon/com.android.BBKClock/res/drawable-sw360dp-xxhdpi/clock_hour.png (No such file or directory)
09-02 10:11:17.867  4383  4437 E BitmapFactory: Unable to decode stream: java.io.FileNotFoundException: /oem/etc/theme/icons/dynamic_icon/com.android.BBKClock/res/drawable-sw360dp-xxhdpi/clock_minute.png (No such file or directory)
09-02 10:11:17.868  4383  4437 E BitmapFactory: Unable to decode stream: java.io.FileNotFoundException: /oem/etc/theme/icons/dynamic_icon/com.android.BBKClock/res/drawable-sw360dp-xxhdpi/clock_dial.png (No such file or directory)
09-02 10:11:17.870  4383  4437 E BitmapFactory: Unable to decode stream: java.io.FileNotFoundException: /oem/etc/theme/icons/dynamic_icon/com.android.BBKClock/res/drawable-sw360dp-xxhdpi/clock_dial_center.png (No such file or directory)
09-02 10:11:17.890  2713  2736 I chatty  : uid=1000(system) Binder:2713_1 expire 1 line
09-02 10:11:17.949  2713  2760 I chatty  : uid=1000(system) Binder:2713_3 expire 6 lines
09-02 10:11:17.962  4383  4437 E BitmapFactory: Unable to decode stream: java.io.FileNotFoundException: /oem/etc/theme/icons/dynamic_icon/com.android.BBKClock/res/drawable-sw360dp-xxhdpi/clock_hour.png (No such file or directory)
09-02 10:11:17.963  4383  4437 E BitmapFactory: Unable to decode stream: java.io.FileNotFoundException: /oem/etc/theme/icons/dynamic_icon/com.android.BBKClock/res/drawable-sw360dp-xxhdpi/clock_minute.png (No such file or directory)
09-02 10:11:17.963  4383  4437 E BitmapFactory: Unable to decode stream: java.io.FileNotFoundException: /oem/etc/theme/icons/dynamic_icon/com.android.BBKClock/res/drawable-sw360dp-xxhdpi/clock_dial.png (No such file or directory)
09-02 10:11:17.966  4383  4437 E BitmapFactory: Unable to decode stream: java.io.FileNotFoundException: /oem/etc/theme/icons/dynamic_icon/com.android.BBKClock/res/drawable-sw360dp-xxhdpi/clock_dial_center.png (No such file or directory)
09-02 10:11:18.054  4383  4437 E BitmapFactory: Unable to decode stream: java.io.FileNotFoundException: /oem/etc/theme/icons/dynamic_icon/com.android.BBKClock/res/drawable-sw360dp-xxhdpi/clock_hour.png (No such file or directory)
09-02 10:11:18.055  4383  4437 E BitmapFactory: Unable to decode stream: java.io.FileNotFoundException: /oem/etc/theme/icons/dynamic_icon/com.android.BBKClock/res/drawable-sw360dp-xxhdpi/clock_minute.png (No such file or directory)
09-02 10:11:18.056  4383  4437 E BitmapFactory: Unable to decode stream: java.io.FileNotFoundException: /oem/etc/theme/icons/dynamic_icon/com.android.BBKClock/res/drawable-sw360dp-xxhdpi/clock_dial.png (No such file or directory)
09-02 10:11:18.058  4383  4437 E BitmapFactory: Unable to decode stream: java.io.FileNotFoundException: /oem/etc/theme/icons/dynamic_icon/com.android.BBKClock/res/drawable-sw360dp-xxhdpi/clock_dial_center.png (No such file or directory)
09-02 10:11:18.141  4383  4437 E BitmapFactory: Unable to decode stream: java.io.FileNotFoundException: /oem/etc/theme/icons/dynamic_icon/com.android.BBKClock/res/drawable-sw360dp-xxhdpi/clock_hour.png (No such file or directory)
09-02 10:11:18.142  4383  4437 E BitmapFactory: Unable to decode stream: java.io.FileNotFoundException: /oem/etc/theme/icons/dynamic_icon/com.android.BBKClock/res/drawable-sw360dp-xxhdpi/clock_minute.png (No such file or directory)
09-02 10:11:18.142  4383  4437 E BitmapFactory: Unable to decode stream: java.io.FileNotFoundException: /oem/etc/theme/icons/dynamic_icon/com.android.BBKClock/res/drawable-sw360dp-xxhdpi/clock_dial.png (No such file or directory)
09-02 10:11:18.145  4383  4437 E BitmapFactory: Unable to decode stream: java.io.FileNotFoundException: /oem/etc/theme/icons/dynamic_icon/com.android.BBKClock/res/drawable-sw360dp-xxhdpi/clock_dial_center.png (No such file or directory)
09-02 10:11:37.249  1007  1186 E storaged: getDiskStats failed with result NOT_SUPPORTED and size 0
09-02 10:11:46.932  1004  3051 E Netd    : tether checkPermission, pid:1710 uid:1000
09-02 10:11:47.025  1710  2342 E SyncManager: Bind attempt failed - target: ComponentInfo{com.tencent.android.qqdownloader/com.live.sync.YYBLiveSyncService}
09-02 10:11:47.091  2762  4048 I chatty  : uid=1001(radio) Binder:2762_6 identical 2 lines
09-02 10:11:47.137  3590 12052 E SharedPreferences: Bind to SharedPreferencesService interrupted
09-02 10:12:15.917  6441  6668 E memtrack: Couldn't load memtrack module
09-02 10:12:17.840  8163 11239 E memtrack: Couldn't load memtrack module
09-02 10:12:37.251  1007  1186 E storaged: getDiskStats failed with result NOT_SUPPORTED and size 0
09-02 10:12:43.862  2713  2740 I chatty  : uid=1000(system) Binder:2713_2 expire 2 lines
09-02 10:12:43.877  4383  4437 E BitmapFactory: Unable to decode stream: java.io.FileNotFoundException: /oem/etc/theme/icons/dynamic_icon/com.android.BBKClock/res/drawable-sw360dp-xxhdpi/clock_hour.png (No such file or directory)
09-02 10:12:43.879  4383  4437 E BitmapFactory: Unable to decode stream: java.io.FileNotFoundException: /oem/etc/theme/icons/dynamic_icon/com.android.BBKClock/res/drawable-sw360dp-xxhdpi/clock_minute.png (No such file or directory)
09-02 10:12:43.881  4383  4437 E BitmapFactory: Unable to decode stream: java.io.FileNotFoundException: /oem/etc/theme/icons/dynamic_icon/com.android.BBKClock/res/drawable-sw360dp-xxhdpi/clock_dial.png (No such file or directory)
09-02 10:12:43.887  4383  4437 E BitmapFactory: Unable to decode stream: java.io.FileNotFoundException: /oem/etc/theme/icons/dynamic_icon/com.android.BBKClock/res/drawable-sw360dp-xxhdpi/clock_dial_center.png (No such file or directory)
09-02 10:13:10.522  1710  2968 I chatty  : uid=1000(system) Binder:1710_9 expire 1 line
09-02 10:13:10.625 20332 20332 E .networkimprov: Not starting debugger since process cannot load the jdwp agent.
09-02 10:13:28.916  1710  3776 I chatty  : uid=1000(system) Binder:1710_F expire 1 line
09-02 10:13:37.257  1007  1186 E storaged: getDiskStats failed with result NOT_SUPPORTED and size 0
09-02 10:13:46.151  1710  2037 I chatty  : uid=1000(system) AlarmManager expire 1 line
09-02 10:13:46.290  2635  3033 E PowerMonitor: exception In sysProcTransDectect java.lang.NoSuchMethodException: vivoGetNetworkStatsUidDetailWithPackInfo [int]
09-02 10:13:46.299  1710  1767 I chatty  : uid=1000(system) Binder:1710_1 expire 2 lines
09-02 10:13:46.340  2713  2760 I chatty  : uid=1000(system) Binder:2713_3 expire 1 line
09-02 10:13:46.360  4383  4437 E BitmapFactory: Unable to decode stream: java.io.FileNotFoundException: /oem/etc/theme/icons/dynamic_icon/com.android.BBKClock/res/drawable-sw360dp-xxhdpi/clock_hour.png (No such file or directory)
09-02 10:13:46.361  4383  4437 E BitmapFactory: Unable to decode stream: java.io.FileNotFoundException: /oem/etc/theme/icons/dynamic_icon/com.android.BBKClock/res/drawable-sw360dp-xxhdpi/clock_minute.png (No such file or directory)
09-02 10:13:46.362  4383  4437 E BitmapFactory: Unable to decode stream: java.io.FileNotFoundException: /oem/etc/theme/icons/dynamic_icon/com.android.BBKClock/res/drawable-sw360dp-xxhdpi/clock_dial.png (No such file or directory)
09-02 10:13:46.367  4383  4437 E BitmapFactory: Unable to decode stream: java.io.FileNotFoundException: /oem/etc/theme/icons/dynamic_icon/com.android.BBKClock/res/drawable-sw360dp-xxhdpi/clock_dial_center.png (No such file or directory)
09-02 10:13:46.405  2713  3203 I chatty  : uid=1000(system) Binder:2713_4 expire 3 lines
09-02 10:14:37.259  1007  1186 E storaged: getDiskStats failed with result NOT_SUPPORTED and size 0
09-02 10:15:16.184  4383  4437 E BitmapFactory: Unable to decode stream: java.io.FileNotFoundException: /oem/etc/theme/icons/dynamic_icon/com.android.BBKClock/res/drawable-sw360dp-xxhdpi/clock_hour.png (No such file or directory)
09-02 10:15:16.190  4383  4437 E BitmapFactory: Unable to decode stream: java.io.FileNotFoundException: /oem/etc/theme/icons/dynamic_icon/com.android.BBKClock/res/drawable-sw360dp-xxhdpi/clock_minute.png (No such file or directory)
09-02 10:15:16.192  4383  4437 E BitmapFactory: Unable to decode stream: java.io.FileNotFoundException: /oem/etc/theme/icons/dynamic_icon/com.android.BBKClock/res/drawable-sw360dp-xxhdpi/clock_dial.png (No such file or directory)
09-02 10:15:16.200  4383  4437 E BitmapFactory: Unable to decode stream: java.io.FileNotFoundException: /oem/etc/theme/icons/dynamic_icon/com.android.BBKClock/res/drawable-sw360dp-xxhdpi/clock_dial_center.png (No such file or directory)
09-02 10:15:23.972  3977  4121 E adbd    : aio: got error event on read total bufs 1: Cannot send after transport endpoint shutdown
09-02 10:15:23.973  3977  4121 E adbd    : remote usb: read terminated (message): Cannot send after transport endpoint shutdown
09-02 10:15:28.966   686  2027 E qti_sensors_hal: AmbientLightScene notify_suspend_valid 1
09-02 10:15:28.974  1710  2183 E DisplayPowerState: run changed=false mNightPearlManager is null! or state != Display.STATE_OFF
09-02 10:15:28.976   685   685 E QTI PowerHAL: Failed to acquire lock.
09-02 10:15:28.979   686   892 E qti_sensors_hal: AmbientLightScene processResp: Received SNS_SAM_AMBIENT_LIGHT_SCENE_ENABLE_RESP_V01
09-02 10:15:28.979   686   892 E qti_sensors_hal: AmbientLightScene Got ENABLE response, instance id = 161
09-02 10:15:29.005  1710  2177 I chatty  : uid=1000(system) AutobacklightCo expire 1 line
09-02 10:15:29.029   686   892 E qti_sensors_hal: AmbientLightScene 20 814 0
09-02 10:15:29.146  2762  2762 I chatty  : uid=1001(radio) com.android.phone identical 2 lines
09-02 10:15:29.260   705   705 E libc    : Access denied finding property "ro.product.model.bbk"
09-02 10:15:29.314   686   884 E qti_sensors_hal: processResp: w_orient Received SNS_SAM_W_ORIENTATION_ENABLE_RESP_V01
09-02 10:15:29.314   686   884 E qti_sensors_hal: Got ENABLE response, instance id = 167,
09-02 10:15:29.318  1710  2183 E DisplayPowerState: run changed=true mNightPearlManager is null! or state != Display.STATE_OFF
09-02 10:15:29.318   686  2027 E qti_sensors_hal: AmbientLightScene notify_suspend_valid 1
09-02 10:15:29.328   686   892 E qti_sensors_hal: AmbientLightScene processResp: Received SNS_SAM_AMBIENT_LIGHT_SCENE_ENABLE_RESP_V01
09-02 10:15:29.328   686   892 E qti_sensors_hal: AmbientLightScene Got ENABLE response, instance id = 169
09-02 10:15:29.347  1132  1132 E [gf_ca_entry] : [gx_ta_send_modified_cmd_req] begin, token = 25, cmd_id = 1021
09-02 10:15:29.348  1132  1132 E libc    : Access denied finding property "gf.debug.dump_qseelog_data"
09-02 10:15:29.348   686   892 E qti_sensors_hal: AmbientLightScene 20 812 0
09-02 10:15:29.360  1132  1132 E gf_ca_entry: Qsee log info, log length=1661, logbuf index=1661, log dump level=GF_LOG_DEBUG, g_logdump_level=3
09-02 10:15:29.408  2713  2713 I chatty  : uid=1000(system) com.vivo.daemonService expire 3 lines
09-02 10:15:29.421   686   884 E qti_sensors_hal: w_orient output WORT -1 0 0
09-02 10:15:29.479   686   884 E qti_sensors_hal: w_orient output WORT -1 89 0
09-02 10:15:29.536   686   884 E qti_sensors_hal: w_orient output WORT -1 89 0
09-02 10:15:29.595   686   884 I chatty  : uid=1000(system) sensors@1.0-ser identical 1 line
09-02 10:15:29.654   686   884 E qti_sensors_hal: w_orient output WORT -1 89 0
09-02 10:15:29.891  4383  4437 E BitmapFactory: Unable to decode stream: java.io.FileNotFoundException: /oem/etc/theme/icons/dynamic_icon/com.android.BBKClock/res/drawable-sw360dp-xxhdpi/clock_hour.png (No such file or directory)
09-02 10:15:29.900  4383  4437 E BitmapFactory: Unable to decode stream: java.io.FileNotFoundException: /oem/etc/theme/icons/dynamic_icon/com.android.BBKClock/res/drawable-sw360dp-xxhdpi/clock_minute.png (No such file or directory)
09-02 10:15:29.901  4383  4437 E BitmapFactory: Unable to decode stream: java.io.FileNotFoundException: /oem/etc/theme/icons/dynamic_icon/com.android.BBKClock/res/drawable-sw360dp-xxhdpi/clock_dial.png (No such file or directory)
09-02 10:15:29.903  4383  4437 E BitmapFactory: Unable to decode stream: java.io.FileNotFoundException: /oem/etc/theme/icons/dynamic_icon/com.android.BBKClock/res/drawable-sw360dp-xxhdpi/clock_dial_center.png (No such file or directory)
09-02 10:15:31.261  1710  2069 I chatty  : uid=1000(system) WifiStateMachin expire 1 line
09-02 10:15:35.679  1710  2176 I chatty  : uid=1000(system) AutobacklightTh identical 41 lines
09-02 10:15:35.991  1710  2183 E DisplayPowerState: run changed=true mNightPearlManager is null! or state != Display.STATE_OFF
09-02 10:15:36.003   701   701 E touchscreen: Open /sys/touchscreen/gesture_sign_switch failed
09-02 10:15:36.072  2389  2632 E KeyguardViewMediator: resetStateLocked
09-02 10:15:36.131  2730  3656 I chatty  : uid=1000(system) pool-1-thread-1 expire 3 lines
09-02 10:15:36.161  2730  2730 I chatty  : uid=1000(system) com.vivo.upslide expire 3 lines
09-02 10:15:36.195  2389  3535 E memtrack: Couldn't load memtrack module
09-02 10:15:36.269   685   685 E QTI PowerHAL: Failed to acquire lock.
09-02 10:15:36.270   695   754 E ANDR-PERF-MPCTL: Invalid profile no. 0, total profiles 0 only
09-02 10:15:36.271  1710  2183 E DisplayPowerState: run changed=false mNightPearlManager is null!   or state == Display.STATE_OFF
09-02 10:15:36.291  1132  1132 E [gf_ca_entry] : [gx_ta_send_modified_cmd_req] begin, token = 26, cmd_id = 1036
09-02 10:15:36.291  1132  1132 E libc    : Access denied finding property "gf.debug.dump_qseelog_data"
09-02 10:15:36.307  1132  1132 E gf_ca_entry: Qsee log info, log length=2173, logbuf index=2173, log dump level=GF_LOG_DEBUG, g_logdump_level=3
09-02 10:15:36.307  1132  1132 E [GF_HAL][gf_hal_device]: [gf_hal_wake_up] FF send is_need_wake_up = 0
09-02 10:15:36.308  1132  1132 E [gf_ca_entry] : [gx_ta_send_modified_cmd_req] begin, token = 27, cmd_id = 1037
09-02 10:15:36.308  1132  1132 E libc    : Access denied finding property "gf.debug.dump_qseelog_data"
09-02 10:15:36.319  1132  1132 E gf_ca_entry: Qsee log info, log length=2165, logbuf index=2165, log dump level=GF_LOG_DEBUG, g_logdump_level=3
09-02 10:15:36.320  1132  1132 E [GF_HAL][gf_hal_device]: [gf_hal_wake_up] FF send is_need_wake_up = 0
09-02 10:15:36.320  1132  1132 E [gf_ca_entry] : [gx_ta_send_modified_cmd_req] begin, token = 28, cmd_id = 1022
09-02 10:15:36.320  1132  1132 E libc    : Access denied finding property "gf.debug.dump_qseelog_data"
09-02 10:15:36.328  1132  1132 E gf_ca_entry: Qsee log info, log length=1445, logbuf index=1445, log dump level=GF_LOG_DEBUG, g_logdump_level=3
09-02 10:15:36.618  2713  3579 I chatty  : uid=1000(system) Binder:2713_5 expire 1 line
09-02 10:15:37.099  4592 20452 I chatty  : uid=10098(com.bbk.appstore) identical 2 lines
09-02 10:15:37.261  1007  1186 E storaged: getDiskStats failed with result NOT_SUPPORTED and size 0
09-02 10:16:16.338  2635  3033 E PowerMonitor: exception In sysProcTransDectect java.lang.NoSuchMethodException: vivoGetNetworkStatsUidDetailWithPackInfo [int]
09-02 10:16:37.263  1007  1186 E storaged: getDiskStats failed with result NOT_SUPPORTED and size 0
09-02 10:16:37.651  4592 20513 E libc    : Access denied finding property "ro.vendor.vivo.serialno"
09-02 10:16:38.418  1710  2521 I chatty  : uid=1000(system) Binder:1710_5 expire 2 lines
09-02 10:16:59.846  4383  4437 E BitmapFactory: Unable to decode stream: java.io.FileNotFoundException: /oem/etc/theme/icons/dynamic_icon/com.android.BBKClock/res/drawable-sw360dp-xxhdpi/clock_hour.png (No such file or directory)
09-02 10:16:59.850  4383  4437 E BitmapFactory: Unable to decode stream: java.io.FileNotFoundException: /oem/etc/theme/icons/dynamic_icon/com.android.BBKClock/res/drawable-sw360dp-xxhdpi/clock_minute.png (No such file or directory)
09-02 10:16:59.852  4383  4437 E BitmapFactory: Unable to decode stream: java.io.FileNotFoundException: /oem/etc/theme/icons/dynamic_icon/com.android.BBKClock/res/drawable-sw360dp-xxhdpi/clock_dial.png (No such file or directory)
09-02 10:16:59.860  4383  4437 E BitmapFactory: Unable to decode stream: java.io.FileNotFoundException: /oem/etc/theme/icons/dynamic_icon/com.android.BBKClock/res/drawable-sw360dp-xxhdpi/clock_dial_center.png (No such file or directory)
09-02 10:17:01.713   686   813 E qti_sensors_hal: acquire proximity wakelock
09-02 10:17:03.715   686   833 E qti_sensors_hal: relase proximity wakelock
09-02 10:17:16.551  6441  6668 E memtrack: Couldn't load memtrack module
09-02 10:17:18.244  8163 11346 E memtrack: Couldn't load memtrack module
09-02 10:17:37.266  1007  1186 E storaged: getDiskStats failed with result NOT_SUPPORTED and size 0
09-02 10:17:55.294  2713  4414 I chatty  : uid=1000(system) Binder:2713_9 expire 2 lines
09-02 10:17:55.311  4383  4437 E BitmapFactory: Unable to decode stream: java.io.FileNotFoundException: /oem/etc/theme/icons/dynamic_icon/com.android.BBKClock/res/drawable-sw360dp-xxhdpi/clock_hour.png (No such file or directory)
09-02 10:17:55.312  4383  4437 E BitmapFactory: Unable to decode stream: java.io.FileNotFoundException: /oem/etc/theme/icons/dynamic_icon/com.android.BBKClock/res/drawable-sw360dp-xxhdpi/clock_minute.png (No such file or directory)
09-02 10:17:55.313  4383  4437 E BitmapFactory: Unable to decode stream: java.io.FileNotFoundException: /oem/etc/theme/icons/dynamic_icon/com.android.BBKClock/res/drawable-sw360dp-xxhdpi/clock_dial.png (No such file or directory)
09-02 10:17:55.319  4383  4437 E BitmapFactory: Unable to decode stream: java.io.FileNotFoundException: /oem/etc/theme/icons/dynamic_icon/com.android.BBKClock/res/drawable-sw360dp-xxhdpi/clock_dial_center.png (No such file or directory)
09-02 10:17:55.434  2713  3727 I chatty  : uid=1000(system) Binder:2713_6 expire 2 lines
09-02 10:17:55.446  4383  4437 E BitmapFactory: Unable to decode stream: java.io.FileNotFoundException: /oem/etc/theme/icons/dynamic_icon/com.android.BBKClock/res/drawable-sw360dp-xxhdpi/clock_hour.png (No such file or directory)
09-02 10:17:55.447  4383  4437 E BitmapFactory: Unable to decode stream: java.io.FileNotFoundException: /oem/etc/theme/icons/dynamic_icon/com.android.BBKClock/res/drawable-sw360dp-xxhdpi/clock_minute.png (No such file or directory)
09-02 10:17:55.448  4383  4437 E BitmapFactory: Unable to decode stream: java.io.FileNotFoundException: /oem/etc/theme/icons/dynamic_icon/com.android.BBKClock/res/drawable-sw360dp-xxhdpi/clock_dial.png (No such file or directory)
09-02 10:17:55.451  4383  4437 E BitmapFactory: Unable to decode stream: java.io.FileNotFoundException: /oem/etc/theme/icons/dynamic_icon/com.android.BBKClock/res/drawable-sw360dp-xxhdpi/clock_dial_center.png (No such file or directory)
09-02 10:18:37.272  1007  1186 E storaged: getDiskStats failed with result NOT_SUPPORTED and size 0
09-02 10:18:38.497  1710  1768 I chatty  : uid=1000(system) Binder:1710_2 expire 1 line
09-02 10:18:41.363  1710  2037 I chatty  : uid=1000(system) AlarmManager expire 3 lines
09-02 10:18:41.409  2635  3033 E PowerMonitor: exception In sysProcTransDectect java.lang.NoSuchMethodException: vivoGetNetworkStatsUidDetailWithPackInfo [int]
09-02 10:18:41.521  2713 19846 I chatty  : uid=1000(system) Binder:2713_C expire 4 lines
09-02 10:18:41.528  4383  4437 E BitmapFactory: Unable to decode stream: java.io.FileNotFoundException: /oem/etc/theme/icons/dynamic_icon/com.android.BBKClock/res/drawable-sw360dp-xxhdpi/clock_hour.png (No such file or directory)
09-02 10:18:41.530  4383  4437 E BitmapFactory: Unable to decode stream: java.io.FileNotFoundException: /oem/etc/theme/icons/dynamic_icon/com.android.BBKClock/res/drawable-sw360dp-xxhdpi/clock_minute.png (No such file or directory)
09-02 10:18:41.532  4383  4437 E BitmapFactory: Unable to decode stream: java.io.FileNotFoundException: /oem/etc/theme/icons/dynamic_icon/com.android.BBKClock/res/drawable-sw360dp-xxhdpi/clock_dial.png (No such file or directory)
09-02 10:18:41.536  4383  4437 E BitmapFactory: Unable to decode stream: java.io.FileNotFoundException: /oem/etc/theme/icons/dynamic_icon/com.android.BBKClock/res/drawable-sw360dp-xxhdpi/clock_dial_center.png (No such file or directory)
09-02 10:19:16.121  1004  3051 E Netd    : tether checkPermission, pid:1710 uid:1000
09-02 10:19:16.231  4383  4437 E BitmapFactory: Unable to decode stream: java.io.FileNotFoundException: /oem/etc/theme/icons/dynamic_icon/com.android.BBKClock/res/drawable-sw360dp-xxhdpi/clock_hour.png (No such file or directory)
09-02 10:19:16.232  4383  4437 E BitmapFactory: Unable to decode stream: java.io.FileNotFoundException: /oem/etc/theme/icons/dynamic_icon/com.android.BBKClock/res/drawable-sw360dp-xxhdpi/clock_minute.png (No such file or directory)
09-02 10:19:16.233  4383  4437 E BitmapFactory: Unable to decode stream: java.io.FileNotFoundException: /oem/etc/theme/icons/dynamic_icon/com.android.BBKClock/res/drawable-sw360dp-xxhdpi/clock_dial.png (No such file or directory)
09-02 10:19:16.236  4383  4437 E BitmapFactory: Unable to decode stream: java.io.FileNotFoundException: /oem/etc/theme/icons/dynamic_icon/com.android.BBKClock/res/drawable-sw360dp-xxhdpi/clock_dial_center.png (No such file or directory)
09-02 10:19:37.276  1007  1186 E storaged: getDiskStats failed with result NOT_SUPPORTED and size 0
09-02 10:20:25.791  4383  4437 E BitmapFactory: Unable to decode stream: java.io.FileNotFoundException: /oem/etc/theme/icons/dynamic_icon/com.android.BBKClock/res/drawable-sw360dp-xxhdpi/clock_hour.png (No such file or directory)
09-02 10:20:25.792  4383  4437 E BitmapFactory: Unable to decode stream: java.io.FileNotFoundException: /oem/etc/theme/icons/dynamic_icon/com.android.BBKClock/res/drawable-sw360dp-xxhdpi/clock_minute.png (No such file or directory)
09-02 10:20:25.793  4383  4437 E BitmapFactory: Unable to decode stream: java.io.FileNotFoundException: /oem/etc/theme/icons/dynamic_icon/com.android.BBKClock/res/drawable-sw360dp-xxhdpi/clock_dial.png (No such file or directory)
09-02 10:20:25.798  4383  4437 E BitmapFactory: Unable to decode stream: java.io.FileNotFoundException: /oem/etc/theme/icons/dynamic_icon/com.android.BBKClock/res/drawable-sw360dp-xxhdpi/clock_dial_center.png (No such file or directory)
09-02 10:20:25.845  2713  2760 I chatty  : uid=1000(system) Binder:2713_3 expire 3 lines
09-02 10:20:29.818 20601 20620 E ProviderManager: provider is null: providerName=permission_check
09-02 10:20:29.818 20601 20620 E ProviderManager: java.lang.Exception: provider is null: providerName=permission_check
09-02 10:20:29.818 20601 20620 E ProviderManager: 	at org.hapjs.runtime.ProviderManager.getProvider(SourceFile:32)
09-02 10:20:29.818 20601 20620 E ProviderManager: 	at org.hapjs.runtime.Runtime.a(SourceFile:202)
09-02 10:20:29.818 20601 20620 E ProviderManager: 	at com.vivo.hybrid.main.application.AppRuntime.a(SourceFile:443)
09-02 10:20:29.818 20601 20620 E ProviderManager: 	at org.hapjs.runtime.t.a(SourceFile:35)
09-02 10:20:29.818 20601 20620 E ProviderManager: 	at com.vivo.hybrid.datashare.DataShareProvider.query(SourceFile:65)
09-02 10:20:29.818 20601 20620 E ProviderManager: 	at android.content.ContentProvider.query(ContentProvider.java:1236)
09-02 10:20:29.818 20601 20620 E ProviderManager: 	at android.content.ContentProvider.query(ContentProvider.java:1328)
09-02 10:20:29.818 20601 20620 E ProviderManager: 	at android.content.ContentProvider$Transport.query(ContentProvider.java:290)
09-02 10:20:29.818 20601 20620 E ProviderManager: 	at android.content.ContentResolver.query(ContentResolver.java:941)
09-02 10:20:29.818 20601 20620 E ProviderManager: 	at android.content.ContentResolver.query(ContentResolver.java:867)
09-02 10:20:29.818 20601 20620 E ProviderManager: 	at android.content.ContentResolver.query(ContentResolver.java:825)
09-02 10:20:29.818 20601 20620 E ProviderManager: 	at com.vivo.hybrid.common.g.a(SourceFile:35)
09-02 10:20:29.818 20601 20620 E ProviderManager: 	at com.vivo.hybrid.common.a$a.a(SourceFile:1667)
09-02 10:20:29.818 20601 20620 E ProviderManager: 	at com.vivo.hybrid.common.a$a.doInBackground(SourceFile:1654)
09-02 10:20:29.818 20601 20620 E ProviderManager: 	at android.os.AsyncTask$2.call(AsyncTask.java:333)
09-02 10:20:29.818 20601 20620 E ProviderManager: 	at java.util.concurrent.FutureTask.run(FutureTask.java:266)
09-02 10:20:29.818 20601 20620 E ProviderManager: 	at android.os.AsyncTask$SerialExecutor$1.run(AsyncTask.java:245)
09-02 10:20:29.818 20601 20620 E ProviderManager: 	at java.util.concurrent.ThreadPoolExecutor.runWorker(ThreadPoolExecutor.java:1167)
09-02 10:20:29.818 20601 20620 E ProviderManager: 	at java.util.concurrent.ThreadPoolExecutor$Worker.run(ThreadPoolExecutor.java:641)
09-02 10:20:29.818 20601 20620 E ProviderManager: 	at java.lang.Thread.run(Thread.java:764)
09-02 10:20:30.067 20601 20649 E ActivityThread: Failed to find provider info for content://com.vivo.abe.unifiedconfig.provider/standard_config
09-02 10:20:30.403 20601 20621 E libc    : Access denied finding property "ro.vendor.vivo.serialno"
09-02 10:20:31.304 20718 20718 E ybrid:Launcher: Not starting debugger since process cannot load the jdwp agent.
09-02 10:20:37.279  1007  1186 E storaged: getDiskStats failed with result NOT_SUPPORTED and size 0
09-02 10:20:37.384  1710  3752 I chatty  : uid=1000(system) Binder:1710_E expire 1 line
09-02 10:20:38.561  1710  5748 I chatty  : uid=1000(system) Binder:1710_1F expire 1 line
09-02 10:21:11.500  2635  3033 E PowerMonitor: exception In sysProcTransDectect java.lang.NoSuchMethodException: vivoGetNetworkStatsUidDetailWithPackInfo [int]
09-02 10:21:30.307 20601 20785 E libc    : Access denied finding property "ro.vendor.vivo.serialno"
09-02 10:21:37.285  1007  1186 E storaged: getDiskStats failed with result NOT_SUPPORTED and size 0
09-02 10:21:46.743  1710  2037 I chatty  : uid=1000(system) AlarmManager expire 2 lines
09-02 10:21:46.864  1004  3051 E Netd    : tether checkPermission, pid:1710 uid:1000
09-02 10:21:46.922  4383  4437 E BitmapFactory: Unable to decode stream: java.io.FileNotFoundException: /oem/etc/theme/icons/dynamic_icon/com.android.BBKClock/res/drawable-sw360dp-xxhdpi/clock_hour.png (No such file or directory)
09-02 10:21:46.924  4383  4437 E BitmapFactory: Unable to decode stream: java.io.FileNotFoundException: /oem/etc/theme/icons/dynamic_icon/com.android.BBKClock/res/drawable-sw360dp-xxhdpi/clock_minute.png (No such file or directory)
09-02 10:21:46.926  4383  4437 E BitmapFactory: Unable to decode stream: java.io.FileNotFoundException: /oem/etc/theme/icons/dynamic_icon/com.android.BBKClock/res/drawable-sw360dp-xxhdpi/clock_dial.png (No such file or directory)
09-02 10:21:46.928  2713  3203 I chatty  : uid=1000(system) Binder:2713_4 expire 1 line
09-02 10:21:46.934  4383  4437 E BitmapFactory: Unable to decode stream: java.io.FileNotFoundException: /oem/etc/theme/icons/dynamic_icon/com.android.BBKClock/res/drawable-sw360dp-xxhdpi/clock_dial_center.png (No such file or directory)
09-02 10:22:17.206  6441  6644 E memtrack: Couldn't load memtrack module
09-02 10:22:18.715  8163 11455 E memtrack: Couldn't load memtrack module
09-02 10:22:37.290  1007  1186 E storaged: getDiskStats failed with result NOT_SUPPORTED and size 0
09-02 10:22:39.016 20718 20742 E ActivityThread: Failed to find provider info for com.vivo.abe.exidentifier
09-02 10:22:39.016 20718 20742 E VMS_SDK_Client: get guid failed
09-02 10:23:16.767  4383  4437 E BitmapFactory: Unable to decode stream: java.io.FileNotFoundException: /oem/etc/theme/icons/dynamic_icon/com.android.BBKClock/res/drawable-sw360dp-xxhdpi/clock_hour.png (No such file or directory)
09-02 10:23:16.769  4383  4437 E BitmapFactory: Unable to decode stream: java.io.FileNotFoundException: /oem/etc/theme/icons/dynamic_icon/com.android.BBKClock/res/drawable-sw360dp-xxhdpi/clock_minute.png (No such file or directory)
09-02 10:23:16.770  4383  4437 E BitmapFactory: Unable to decode stream: java.io.FileNotFoundException: /oem/etc/theme/icons/dynamic_icon/com.android.BBKClock/res/drawable-sw360dp-xxhdpi/clock_dial.png (No such file or directory)
09-02 10:23:16.780  4383  4437 E BitmapFactory: Unable to decode stream: java.io.FileNotFoundException: /oem/etc/theme/icons/dynamic_icon/com.android.BBKClock/res/drawable-sw360dp-xxhdpi/clock_dial_center.png (No such file or directory)
09-02 10:23:26.433  2713  3579 I chatty  : uid=1000(system) Binder:2713_5 expire 2 lines
09-02 10:23:26.448  4383  4437 E BitmapFactory: Unable to decode stream: java.io.FileNotFoundException: /oem/etc/theme/icons/dynamic_icon/com.android.BBKClock/res/drawable-sw360dp-xxhdpi/clock_hour.png (No such file or directory)
09-02 10:23:26.449  4383  4437 E BitmapFactory: Unable to decode stream: java.io.FileNotFoundException: /oem/etc/theme/icons/dynamic_icon/com.android.BBKClock/res/drawable-sw360dp-xxhdpi/clock_minute.png (No such file or directory)
09-02 10:23:26.450  4383  4437 E BitmapFactory: Unable to decode stream: java.io.FileNotFoundException: /oem/etc/theme/icons/dynamic_icon/com.android.BBKClock/res/drawable-sw360dp-xxhdpi/clock_dial.png (No such file or directory)
09-02 10:23:26.456  4383  4437 E BitmapFactory: Unable to decode stream: java.io.FileNotFoundException: /oem/etc/theme/icons/dynamic_icon/com.android.BBKClock/res/drawable-sw360dp-xxhdpi/clock_dial_center.png (No such file or directory)
09-02 10:23:37.292  1007  1186 E storaged: getDiskStats failed with result NOT_SUPPORTED and size 0
09-02 10:23:37.636  1710  2521 I chatty  : uid=1000(system) Binder:1710_5 expire 1 line
09-02 10:23:41.633  2635  3033 E PowerMonitor: exception In sysProcTransDectect java.lang.NoSuchMethodException: vivoGetNetworkStatsUidDetailWithPackInfo [int]
09-02 10:24:21.289  1710  2342 E SyncManager: Bind attempt failed - target: ComponentInfo{com.tencent.android.qqdownloader/com.live.sync.YYBLiveSyncService}
09-02 10:24:21.357  4383  4437 E BitmapFactory: Unable to decode stream: java.io.FileNotFoundException: /oem/etc/theme/icons/dynamic_icon/com.android.BBKClock/res/drawable-sw360dp-xxhdpi/clock_hour.png (No such file or directory)
09-02 10:24:21.358  4383  4437 E BitmapFactory: Unable to decode stream: java.io.FileNotFoundException: /oem/etc/theme/icons/dynamic_icon/com.android.BBKClock/res/drawable-sw360dp-xxhdpi/clock_minute.png (No such file or directory)
