09-02 08:03:00.965  4383  4437 E BitmapFactory: Unable to decode stream: java.io.FileNotFoundException: /oem/etc/theme/icons/dynamic_icon/com.android.BBKClock/res/drawable-sw360dp-xxhdpi/clock_dial_center.png (No such file or directory)
09-02 08:03:36.490  1007  1186 E storaged: getDiskStats failed with result NOT_SUPPORTED and size 0
09-02 08:03:55.186  2635  3033 E PowerMonitor: exception In sysProcTransDectect java.lang.NoSuchMethodException: vivoGetNetworkStatsUidDetailWithPackInfo [int]
09-02 08:03:55.277   693   693 E LocSvc_HIDL_DebugReportService: Invalid count: 0
09-02 08:03:55.630   693  2607 E IzatSvc_PassiveLocListener: Exiting with error onLocationChanged line 154 "1"
09-02 08:03:56.276   693   693 E LocSvc_HIDL_DebugReportService: Invalid count: 0
09-02 08:03:56.634   693  2607 E IzatSvc_PassiveLocListener: Exiting with error onLocationChanged line 154 "1"
09-02 08:03:57.276   693   693 E LocSvc_HIDL_DebugReportService: Invalid count: 0
09-02 08:03:57.639   693  2607 E IzatSvc_PassiveLocListener: Exiting with error onLocationChanged line 154 "1"
09-02 08:03:58.276   693   693 E LocSvc_HIDL_DebugReportService: Invalid count: 0
09-02 08:03:58.637   693  2607 E IzatSvc_PassiveLocListener: Exiting with error onLocationChanged line 154 "1"
09-02 08:03:59.276   693   693 E LocSvc_HIDL_DebugReportService: Invalid count: 0
09-02 08:03:59.637   693  2607 E IzatSvc_PassiveLocListener: Exiting with error onLocationChanged line 154 "1"
09-02 08:04:00.277   693   693 E LocSvc_HIDL_DebugReportService: Invalid count: 0
09-02 08:04:00.644   693  2607 E IzatSvc_PassiveLocListener: Exiting with error onLocationChanged line 154 "1"
09-02 08:04:01.277   693   693 E LocSvc_HIDL_DebugReportService: Invalid count: 0
09-02 08:04:01.642   693  2607 E IzatSvc_PassiveLocListener: Exiting with error onLocationChanged line 154 "1"
09-02 08:04:02.277   693   693 E LocSvc_HIDL_DebugReportService: Invalid count: 0
09-02 08:04:02.640   693  2607 E IzatSvc_PassiveLocListener: Exiting with error onLocationChanged line 154 "1"
09-02 08:04:03.276   693   693 E LocSvc_HIDL_DebugReportService: Invalid count: 0
09-02 08:04:03.640   693  2607 E IzatSvc_PassiveLocListener: Exiting with error onLocationChanged line 154 "1"
09-02 08:04:04.278   693   693 E LocSvc_HIDL_DebugReportService: Invalid count: 0
09-02 08:04:04.642   693  2607 E IzatSvc_PassiveLocListener: Exiting with error onLocationChanged line 154 "1"
09-02 08:04:05.276   693   693 E LocSvc_HIDL_DebugReportService: Invalid count: 0
09-02 08:04:17.018  1710  2985 I chatty  : uid=1000(system) Binder:1710_C expire 1 line
09-02 08:04:30.876  4383  4437 E BitmapFactory: Unable to decode stream: java.io.FileNotFoundException: /oem/etc/theme/icons/dynamic_icon/com.android.BBKClock/res/drawable-sw360dp-xxhdpi/clock_hour.png (No such file or directory)
09-02 08:04:30.880  4383  4437 E BitmapFactory: Unable to decode stream: java.io.FileNotFoundException: /oem/etc/theme/icons/dynamic_icon/com.android.BBKClock/res/drawable-sw360dp-xxhdpi/clock_minute.png (No such file or directory)
09-02 08:04:30.882  4383  4437 E BitmapFactory: Unable to decode stream: java.io.FileNotFoundException: /oem/etc/theme/icons/dynamic_icon/com.android.BBKClock/res/drawable-sw360dp-xxhdpi/clock_dial.png (No such file or directory)
09-02 08:04:30.888  4383  4437 E BitmapFactory: Unable to decode stream: java.io.FileNotFoundException: /oem/etc/theme/icons/dynamic_icon/com.android.BBKClock/res/drawable-sw360dp-xxhdpi/clock_dial_center.png (No such file or directory)
09-02 08:04:36.498  1007  1186 E storaged: getDiskStats failed with result NOT_SUPPORTED and size 0
09-02 08:05:30.870  4383  4437 E BitmapFactory: Unable to decode stream: java.io.FileNotFoundException: /oem/etc/theme/icons/dynamic_icon/com.android.BBKClock/res/drawable-sw360dp-xxhdpi/clock_hour.png (No such file or directory)
09-02 08:05:30.873  4383  4437 E BitmapFactory: Unable to decode stream: java.io.FileNotFoundException: /oem/etc/theme/icons/dynamic_icon/com.android.BBKClock/res/drawable-sw360dp-xxhdpi/clock_minute.png (No such file or directory)
09-02 08:05:30.876  4383  4437 E BitmapFactory: Unable to decode stream: java.io.FileNotFoundException: /oem/etc/theme/icons/dynamic_icon/com.android.BBKClock/res/drawable-sw360dp-xxhdpi/clock_dial.png (No such file or directory)
09-02 08:05:30.885  4383  4437 E BitmapFactory: Unable to decode stream: java.io.FileNotFoundException: /oem/etc/theme/icons/dynamic_icon/com.android.BBKClock/res/drawable-sw360dp-xxhdpi/clock_dial_center.png (No such file or directory)
09-02 08:05:36.501  1007  1186 E storaged: getDiskStats failed with result NOT_SUPPORTED and size 0
09-02 08:06:25.253  2635  3033 E PowerMonitor: exception In sysProcTransDectect java.lang.NoSuchMethodException: vivoGetNetworkStatsUidDetailWithPackInfo [int]
09-02 08:06:30.885  4383  4437 E BitmapFactory: Unable to decode stream: java.io.FileNotFoundException: /oem/etc/theme/icons/dynamic_icon/com.android.BBKClock/res/drawable-sw360dp-xxhdpi/clock_hour.png (No such file or directory)
09-02 08:06:30.888  4383  4437 E BitmapFactory: Unable to decode stream: java.io.FileNotFoundException: /oem/etc/theme/icons/dynamic_icon/com.android.BBKClock/res/drawable-sw360dp-xxhdpi/clock_minute.png (No such file or directory)
09-02 08:06:30.891  4383  4437 E BitmapFactory: Unable to decode stream: java.io.FileNotFoundException: /oem/etc/theme/icons/dynamic_icon/com.android.BBKClock/res/drawable-sw360dp-xxhdpi/clock_dial.png (No such file or directory)
09-02 08:06:30.906  4383  4437 E BitmapFactory: Unable to decode stream: java.io.FileNotFoundException: /oem/etc/theme/icons/dynamic_icon/com.android.BBKClock/res/drawable-sw360dp-xxhdpi/clock_dial_center.png (No such file or directory)
09-02 08:06:36.506  1007  1186 E storaged: getDiskStats failed with result NOT_SUPPORTED and size 0
09-02 08:07:00.032  6441  6644 E memtrack: Couldn't load memtrack module
09-02 08:07:07.680  8163 11673 E memtrack: Couldn't load memtrack module
09-02 08:07:17.277  1710  5423 I chatty  : uid=1000(system) Binder:1710_16 expire 1 line
09-02 08:07:30.897  4383  4437 E BitmapFactory: Unable to decode stream: java.io.FileNotFoundException: /oem/etc/theme/icons/dynamic_icon/com.android.BBKClock/res/drawable-sw360dp-xxhdpi/clock_hour.png (No such file or directory)
09-02 08:07:30.900  4383  4437 E BitmapFactory: Unable to decode stream: java.io.FileNotFoundException: /oem/etc/theme/icons/dynamic_icon/com.android.BBKClock/res/drawable-sw360dp-xxhdpi/clock_minute.png (No such file or directory)
09-02 08:07:30.902  4383  4437 E BitmapFactory: Unable to decode stream: java.io.FileNotFoundException: /oem/etc/theme/icons/dynamic_icon/com.android.BBKClock/res/drawable-sw360dp-xxhdpi/clock_dial.png (No such file or directory)
09-02 08:07:30.909  4383  4437 E BitmapFactory: Unable to decode stream: java.io.FileNotFoundException: /oem/etc/theme/icons/dynamic_icon/com.android.BBKClock/res/drawable-sw360dp-xxhdpi/clock_dial_center.png (No such file or directory)
09-02 08:07:36.510  1007  1186 E storaged: getDiskStats failed with result NOT_SUPPORTED and size 0
09-02 08:07:56.850  1710  2037 I chatty  : uid=1000(system) AlarmManager expire 2 lines
09-02 08:07:57.008  4383  4437 E BitmapFactory: Unable to decode stream: java.io.FileNotFoundException: /oem/etc/theme/icons/dynamic_icon/com.android.BBKClock/res/drawable-sw360dp-xxhdpi/clock_hour.png (No such file or directory)
09-02 08:07:57.010  2713  9944 I chatty  : uid=1000(system) Binder:2713_A expire 3 lines
09-02 08:07:57.010  4383  4437 E BitmapFactory: Unable to decode stream: java.io.FileNotFoundException: /oem/etc/theme/icons/dynamic_icon/com.android.BBKClock/res/drawable-sw360dp-xxhdpi/clock_minute.png (No such file or directory)
09-02 08:07:57.011  4383  4437 E BitmapFactory: Unable to decode stream: java.io.FileNotFoundException: /oem/etc/theme/icons/dynamic_icon/com.android.BBKClock/res/drawable-sw360dp-xxhdpi/clock_dial.png (No such file or directory)
09-02 08:07:57.015  4383  4437 E BitmapFactory: Unable to decode stream: java.io.FileNotFoundException: /oem/etc/theme/icons/dynamic_icon/com.android.BBKClock/res/drawable-sw360dp-xxhdpi/clock_dial_center.png (No such file or directory)
09-02 08:07:57.119  4383  4437 E BitmapFactory: Unable to decode stream: java.io.FileNotFoundException: /oem/etc/theme/icons/dynamic_icon/com.android.BBKClock/res/drawable-sw360dp-xxhdpi/clock_hour.png (No such file or directory)
09-02 08:07:57.121  4383  4437 E BitmapFactory: Unable to decode stream: java.io.FileNotFoundException: /oem/etc/theme/icons/dynamic_icon/com.android.BBKClock/res/drawable-sw360dp-xxhdpi/clock_minute.png (No such file or directory)
09-02 08:07:57.123  4383  4437 E BitmapFactory: Unable to decode stream: java.io.FileNotFoundException: /oem/etc/theme/icons/dynamic_icon/com.android.BBKClock/res/drawable-sw360dp-xxhdpi/clock_dial.png (No such file or directory)
09-02 08:07:57.126  4383  4437 E BitmapFactory: Unable to decode stream: java.io.FileNotFoundException: /oem/etc/theme/icons/dynamic_icon/com.android.BBKClock/res/drawable-sw360dp-xxhdpi/clock_dial_center.png (No such file or directory)
09-02 08:07:57.150  2713  4248 I chatty  : uid=1000(system) Binder:2713_8 expire 7 lines
09-02 08:07:57.220  4383  4437 E BitmapFactory: Unable to decode stream: java.io.FileNotFoundException: /oem/etc/theme/icons/dynamic_icon/com.android.BBKClock/res/drawable-sw360dp-xxhdpi/clock_hour.png (No such file or directory)
09-02 08:07:57.221  4383  4437 E BitmapFactory: Unable to decode stream: java.io.FileNotFoundException: /oem/etc/theme/icons/dynamic_icon/com.android.BBKClock/res/drawable-sw360dp-xxhdpi/clock_minute.png (No such file or directory)
09-02 08:07:57.221  4383  4437 E BitmapFactory: Unable to decode stream: java.io.FileNotFoundException: /oem/etc/theme/icons/dynamic_icon/com.android.BBKClock/res/drawable-sw360dp-xxhdpi/clock_dial.png (No such file or directory)
09-02 08:07:57.224  4383  4437 E BitmapFactory: Unable to decode stream: java.io.FileNotFoundException: /oem/etc/theme/icons/dynamic_icon/com.android.BBKClock/res/drawable-sw360dp-xxhdpi/clock_dial_center.png (No such file or directory)
09-02 08:07:57.323  4383  4437 E BitmapFactory: Unable to decode stream: java.io.FileNotFoundException: /oem/etc/theme/icons/dynamic_icon/com.android.BBKClock/res/drawable-sw360dp-xxhdpi/clock_hour.png (No such file or directory)
09-02 08:07:57.325  4383  4437 E BitmapFactory: Unable to decode stream: java.io.FileNotFoundException: /oem/etc/theme/icons/dynamic_icon/com.android.BBKClock/res/drawable-sw360dp-xxhdpi/clock_minute.png (No such file or directory)
09-02 08:07:57.326  4383  4437 E BitmapFactory: Unable to decode stream: java.io.FileNotFoundException: /oem/etc/theme/icons/dynamic_icon/com.android.BBKClock/res/drawable-sw360dp-xxhdpi/clock_dial.png (No such file or directory)
09-02 08:07:57.329  4383  4437 E BitmapFactory: Unable to decode stream: java.io.FileNotFoundException: /oem/etc/theme/icons/dynamic_icon/com.android.BBKClock/res/drawable-sw360dp-xxhdpi/clock_dial_center.png (No such file or directory)
09-02 08:08:03.994  4383  4437 E BitmapFactory: Unable to decode stream: java.io.FileNotFoundException: /oem/etc/theme/icons/dynamic_icon/com.android.BBKClock/res/drawable-sw360dp-xxhdpi/clock_hour.png (No such file or directory)
09-02 08:08:03.996  4383  4437 E BitmapFactory: Unable to decode stream: java.io.FileNotFoundException: /oem/etc/theme/icons/dynamic_icon/com.android.BBKClock/res/drawable-sw360dp-xxhdpi/clock_minute.png (No such file or directory)
09-02 08:08:03.997  4383  4437 E BitmapFactory: Unable to decode stream: java.io.FileNotFoundException: /oem/etc/theme/icons/dynamic_icon/com.android.BBKClock/res/drawable-sw360dp-xxhdpi/clock_dial.png (No such file or directory)
09-02 08:08:04.002  4383  4437 E BitmapFactory: Unable to decode stream: java.io.FileNotFoundException: /oem/etc/theme/icons/dynamic_icon/com.android.BBKClock/res/drawable-sw360dp-xxhdpi/clock_dial_center.png (No such file or directory)
09-02 08:08:15.991  1004  3051 E Netd    : tether checkPermission, pid:1710 uid:1000
09-02 08:08:22.007  1710  2342 E SyncManager: Bind attempt failed - target: ComponentInfo{com.tencent.android.qqdownloader/com.live.sync.YYBLiveSyncService}
09-02 08:08:36.515  1007  1186 E storaged: getDiskStats failed with result NOT_SUPPORTED and size 0
09-02 08:08:16.202  2762  4261 I chatty  : uid=1001(radio) Binder:2762_9 identical 6 lines
09-02 08:08:55.352  2635  3033 E PowerMonitor: exception In sysProcTransDectect java.lang.NoSuchMethodException: vivoGetNetworkStatsUidDetailWithPackInfo [int]
09-02 08:09:33.868  4383  4437 E BitmapFactory: Unable to decode stream: java.io.FileNotFoundException: /oem/etc/theme/icons/dynamic_icon/com.android.BBKClock/res/drawable-sw360dp-xxhdpi/clock_hour.png (No such file or directory)
09-02 08:09:33.871  4383  4437 E BitmapFactory: Unable to decode stream: java.io.FileNotFoundException: /oem/etc/theme/icons/dynamic_icon/com.android.BBKClock/res/drawable-sw360dp-xxhdpi/clock_minute.png (No such file or directory)
09-02 08:09:33.873  4383  4437 E BitmapFactory: Unable to decode stream: java.io.FileNotFoundException: /oem/etc/theme/icons/dynamic_icon/com.android.BBKClock/res/drawable-sw360dp-xxhdpi/clock_dial.png (No such file or directory)
09-02 08:09:33.882  4383  4437 E BitmapFactory: Unable to decode stream: java.io.FileNotFoundException: /oem/etc/theme/icons/dynamic_icon/com.android.BBKClock/res/drawable-sw360dp-xxhdpi/clock_dial_center.png (No such file or directory)
09-02 08:09:36.519  1007  1186 E storaged: getDiskStats failed with result NOT_SUPPORTED and size 0
09-02 08:10:17.559  1710  1768 I chatty  : uid=1000(system) Binder:1710_2 expire 1 line
09-02 08:10:33.898  4383  4437 E BitmapFactory: Unable to decode stream: java.io.FileNotFoundException: /oem/etc/theme/icons/dynamic_icon/com.android.BBKClock/res/drawable-sw360dp-xxhdpi/clock_hour.png (No such file or directory)
09-02 08:10:33.901  4383  4437 E BitmapFactory: Unable to decode stream: java.io.FileNotFoundException: /oem/etc/theme/icons/dynamic_icon/com.android.BBKClock/res/drawable-sw360dp-xxhdpi/clock_minute.png (No such file or directory)
09-02 08:10:33.903  4383  4437 E BitmapFactory: Unable to decode stream: java.io.FileNotFoundException: /oem/etc/theme/icons/dynamic_icon/com.android.BBKClock/res/drawable-sw360dp-xxhdpi/clock_dial.png (No such file or directory)
09-02 08:10:33.910  4383  4437 E BitmapFactory: Unable to decode stream: java.io.FileNotFoundException: /oem/etc/theme/icons/dynamic_icon/com.android.BBKClock/res/drawable-sw360dp-xxhdpi/clock_dial_center.png (No such file or directory)
09-02 08:10:36.524  1007  1186 E storaged: getDiskStats failed with result NOT_SUPPORTED and size 0
09-02 08:11:25.416  2635  3033 E PowerMonitor: exception In sysProcTransDectect java.lang.NoSuchMethodException: vivoGetNetworkStatsUidDetailWithPackInfo [int]
09-02 08:11:33.899  4383  4437 E BitmapFactory: Unable to decode stream: java.io.FileNotFoundException: /oem/etc/theme/icons/dynamic_icon/com.android.BBKClock/res/drawable-sw360dp-xxhdpi/clock_hour.png (No such file or directory)
09-02 08:11:33.902  4383  4437 E BitmapFactory: Unable to decode stream: java.io.FileNotFoundException: /oem/etc/theme/icons/dynamic_icon/com.android.BBKClock/res/drawable-sw360dp-xxhdpi/clock_minute.png (No such file or directory)
09-02 08:11:33.905  4383  4437 E BitmapFactory: Unable to decode stream: java.io.FileNotFoundException: /oem/etc/theme/icons/dynamic_icon/com.android.BBKClock/res/drawable-sw360dp-xxhdpi/clock_dial.png (No such file or directory)
09-02 08:11:33.913  4383  4437 E BitmapFactory: Unable to decode stream: java.io.FileNotFoundException: /oem/etc/theme/icons/dynamic_icon/com.android.BBKClock/res/drawable-sw360dp-xxhdpi/clock_dial_center.png (No such file or directory)
09-02 08:11:36.527  1007  1186 E storaged: getDiskStats failed with result NOT_SUPPORTED and size 0
09-02 08:12:00.686  6441  6580 E memtrack: Couldn't load memtrack module
09-02 08:12:08.061  8163 11765 E memtrack: Couldn't load memtrack module
09-02 08:12:33.911  4383  4437 E BitmapFactory: Unable to decode stream: java.io.FileNotFoundException: /oem/etc/theme/icons/dynamic_icon/com.android.BBKClock/res/drawable-sw360dp-xxhdpi/clock_hour.png (No such file or directory)
09-02 08:12:33.913  4383  4437 E BitmapFactory: Unable to decode stream: java.io.FileNotFoundException: /oem/etc/theme/icons/dynamic_icon/com.android.BBKClock/res/drawable-sw360dp-xxhdpi/clock_minute.png (No such file or directory)
09-02 08:12:33.915  4383  4437 E BitmapFactory: Unable to decode stream: java.io.FileNotFoundException: /oem/etc/theme/icons/dynamic_icon/com.android.BBKClock/res/drawable-sw360dp-xxhdpi/clock_dial.png (No such file or directory)
09-02 08:12:33.923  4383  4437 E BitmapFactory: Unable to decode stream: java.io.FileNotFoundException: /oem/etc/theme/icons/dynamic_icon/com.android.BBKClock/res/drawable-sw360dp-xxhdpi/clock_dial_center.png (No such file or directory)
09-02 08:12:36.529  1007  1186 E storaged: getDiskStats failed with result NOT_SUPPORTED and size 0
09-02 08:12:52.890  1710  2037 I chatty  : uid=1000(system) AlarmManager expire 2 lines
09-02 08:12:53.077  4383  4437 E BitmapFactory: Unable to decode stream: java.io.FileNotFoundException: /oem/etc/theme/icons/dynamic_icon/com.android.BBKClock/res/drawable-sw360dp-xxhdpi/clock_hour.png (No such file or directory)
09-02 08:12:53.079  4383  4437 E BitmapFactory: Unable to decode stream: java.io.FileNotFoundException: /oem/etc/theme/icons/dynamic_icon/com.android.BBKClock/res/drawable-sw360dp-xxhdpi/clock_minute.png (No such file or directory)
09-02 08:12:53.080  4383  4437 E BitmapFactory: Unable to decode stream: java.io.FileNotFoundException: /oem/etc/theme/icons/dynamic_icon/com.android.BBKClock/res/drawable-sw360dp-xxhdpi/clock_dial.png (No such file or directory)
09-02 08:12:53.090  4383  4437 E BitmapFactory: Unable to decode stream: java.io.FileNotFoundException: /oem/etc/theme/icons/dynamic_icon/com.android.BBKClock/res/drawable-sw360dp-xxhdpi/clock_dial_center.png (No such file or directory)
09-02 08:12:53.119  2713  3579 I chatty  : uid=1000(system) Binder:2713_5 expire 4 lines
09-02 08:12:53.225  4383  4437 E BitmapFactory: Unable to decode stream: java.io.FileNotFoundException: /oem/etc/theme/icons/dynamic_icon/com.android.BBKClock/res/drawable-sw360dp-xxhdpi/clock_hour.png (No such file or directory)
09-02 08:12:53.226  4383  4437 E BitmapFactory: Unable to decode stream: java.io.FileNotFoundException: /oem/etc/theme/icons/dynamic_icon/com.android.BBKClock/res/drawable-sw360dp-xxhdpi/clock_minute.png (No such file or directory)
09-02 08:12:53.227  4383  4437 E BitmapFactory: Unable to decode stream: java.io.FileNotFoundException: /oem/etc/theme/icons/dynamic_icon/com.android.BBKClock/res/drawable-sw360dp-xxhdpi/clock_dial.png (No such file or directory)
09-02 08:12:53.229  4383  4437 E BitmapFactory: Unable to decode stream: java.io.FileNotFoundException: /oem/etc/theme/icons/dynamic_icon/com.android.BBKClock/res/drawable-sw360dp-xxhdpi/clock_dial_center.png (No such file or directory)
09-02 08:12:53.309  2713  4248 I chatty  : uid=1000(system) Binder:2713_8 expire 6 lines
09-02 08:12:53.320  4383  4437 E BitmapFactory: Unable to decode stream: java.io.FileNotFoundException: /oem/etc/theme/icons/dynamic_icon/com.android.BBKClock/res/drawable-sw360dp-xxhdpi/clock_hour.png (No such file or directory)
09-02 08:12:53.321  4383  4437 E BitmapFactory: Unable to decode stream: java.io.FileNotFoundException: /oem/etc/theme/icons/dynamic_icon/com.android.BBKClock/res/drawable-sw360dp-xxhdpi/clock_minute.png (No such file or directory)
09-02 08:12:53.322  4383  4437 E BitmapFactory: Unable to decode stream: java.io.FileNotFoundException: /oem/etc/theme/icons/dynamic_icon/com.android.BBKClock/res/drawable-sw360dp-xxhdpi/clock_dial.png (No such file or directory)
09-02 08:12:53.325  4383  4437 E BitmapFactory: Unable to decode stream: java.io.FileNotFoundException: /oem/etc/theme/icons/dynamic_icon/com.android.BBKClock/res/drawable-sw360dp-xxhdpi/clock_dial_center.png (No such file or directory)
09-02 08:12:53.434  4383  4437 E BitmapFactory: Unable to decode stream: java.io.FileNotFoundException: /oem/etc/theme/icons/dynamic_icon/com.android.BBKClock/res/drawable-sw360dp-xxhdpi/clock_hour.png (No such file or directory)
09-02 08:12:53.435  4383  4437 E BitmapFactory: Unable to decode stream: java.io.FileNotFoundException: /oem/etc/theme/icons/dynamic_icon/com.android.BBKClock/res/drawable-sw360dp-xxhdpi/clock_minute.png (No such file or directory)
09-02 08:12:53.436  4383  4437 E BitmapFactory: Unable to decode stream: java.io.FileNotFoundException: /oem/etc/theme/icons/dynamic_icon/com.android.BBKClock/res/drawable-sw360dp-xxhdpi/clock_dial.png (No such file or directory)
09-02 08:12:53.438  4383  4437 E BitmapFactory: Unable to decode stream: java.io.FileNotFoundException: /oem/etc/theme/icons/dynamic_icon/com.android.BBKClock/res/drawable-sw360dp-xxhdpi/clock_dial_center.png (No such file or directory)
09-02 08:13:17.855  1710  5742 I chatty  : uid=1000(system) Binder:1710_1B expire 1 line
09-02 08:13:21.054  1710  2037 I chatty  : uid=1000(system) AlarmManager expire 4 lines
09-02 08:13:21.131  1004  3051 E Netd    : tether checkPermission, pid:1710 uid:1000
09-02 08:13:21.251  4383  4437 E BitmapFactory: Unable to decode stream: java.io.FileNotFoundException: /oem/etc/theme/icons/dynamic_icon/com.android.BBKClock/res/drawable-sw360dp-xxhdpi/clock_hour.png (No such file or directory)
09-02 08:13:21.252  4383  4437 E BitmapFactory: Unable to decode stream: java.io.FileNotFoundException: /oem/etc/theme/icons/dynamic_icon/com.android.BBKClock/res/drawable-sw360dp-xxhdpi/clock_minute.png (No such file or directory)
09-02 08:13:21.254  4383  4437 E BitmapFactory: Unable to decode stream: java.io.FileNotFoundException: /oem/etc/theme/icons/dynamic_icon/com.android.BBKClock/res/drawable-sw360dp-xxhdpi/clock_dial.png (No such file or directory)
09-02 08:13:21.257  4383  4437 E BitmapFactory: Unable to decode stream: java.io.FileNotFoundException: /oem/etc/theme/icons/dynamic_icon/com.android.BBKClock/res/drawable-sw360dp-xxhdpi/clock_dial_center.png (No such file or directory)
09-02 08:13:36.535  1007  1186 E storaged: getDiskStats failed with result NOT_SUPPORTED and size 0
09-02 08:13:55.523  2635  3033 E PowerMonitor: exception In sysProcTransDectect java.lang.NoSuchMethodException: vivoGetNetworkStatsUidDetailWithPackInfo [int]
09-02 08:14:36.539  1007  1186 E storaged: getDiskStats failed with result NOT_SUPPORTED and size 0
09-02 08:14:51.108  4383  4437 E BitmapFactory: Unable to decode stream: java.io.FileNotFoundException: /oem/etc/theme/icons/dynamic_icon/com.android.BBKClock/res/drawable-sw360dp-xxhdpi/clock_hour.png (No such file or directory)
09-02 08:14:51.111  4383  4437 E BitmapFactory: Unable to decode stream: java.io.FileNotFoundException: /oem/etc/theme/icons/dynamic_icon/com.android.BBKClock/res/drawable-sw360dp-xxhdpi/clock_minute.png (No such file or directory)
09-02 08:14:51.113  4383  4437 E BitmapFactory: Unable to decode stream: java.io.FileNotFoundException: /oem/etc/theme/icons/dynamic_icon/com.android.BBKClock/res/drawable-sw360dp-xxhdpi/clock_dial.png (No such file or directory)
09-02 08:14:51.123  4383  4437 E BitmapFactory: Unable to decode stream: java.io.FileNotFoundException: /oem/etc/theme/icons/dynamic_icon/com.android.BBKClock/res/drawable-sw360dp-xxhdpi/clock_dial_center.png (No such file or directory)
09-02 08:15:17.597  1710  2985 I chatty  : uid=1000(system) Binder:1710_C expire 1 line
09-02 08:15:17.689 18226 18226 E .networkimprov: Not starting debugger since process cannot load the jdwp agent.
09-02 08:15:36.544  1007  1186 E storaged: getDiskStats failed with result NOT_SUPPORTED and size 0
09-02 08:15:51.127  4383  4437 E BitmapFactory: Unable to decode stream: java.io.FileNotFoundException: /oem/etc/theme/icons/dynamic_icon/com.android.BBKClock/res/drawable-sw360dp-xxhdpi/clock_hour.png (No such file or directory)
09-02 08:15:51.130  4383  4437 E BitmapFactory: Unable to decode stream: java.io.FileNotFoundException: /oem/etc/theme/icons/dynamic_icon/com.android.BBKClock/res/drawable-sw360dp-xxhdpi/clock_minute.png (No such file or directory)
09-02 08:15:51.132  4383  4437 E BitmapFactory: Unable to decode stream: java.io.FileNotFoundException: /oem/etc/theme/icons/dynamic_icon/com.android.BBKClock/res/drawable-sw360dp-xxhdpi/clock_dial.png (No such file or directory)
09-02 08:15:51.140  4383  4437 E BitmapFactory: Unable to decode stream: java.io.FileNotFoundException: /oem/etc/theme/icons/dynamic_icon/com.android.BBKClock/res/drawable-sw360dp-xxhdpi/clock_dial_center.png (No such file or directory)
09-02 08:16:18.132  1710  5746 I chatty  : uid=1000(system) Binder:1710_1D expire 3 lines
09-02 08:16:25.557  2635  3033 E PowerMonitor: exception In sysProcTransDectect java.lang.NoSuchMethodException: vivoGetNetworkStatsUidDetailWithPackInfo [int]
09-02 08:16:36.548  1007  1186 E storaged: getDiskStats failed with result NOT_SUPPORTED and size 0
09-02 08:16:51.143  4383  4437 E BitmapFactory: Unable to decode stream: java.io.FileNotFoundException: /oem/etc/theme/icons/dynamic_icon/com.android.BBKClock/res/drawable-sw360dp-xxhdpi/clock_hour.png (No such file or directory)
09-02 08:16:51.147  4383  4437 E BitmapFactory: Unable to decode stream: java.io.FileNotFoundException: /oem/etc/theme/icons/dynamic_icon/com.android.BBKClock/res/drawable-sw360dp-xxhdpi/clock_minute.png (No such file or directory)
09-02 08:16:51.149  4383  4437 E BitmapFactory: Unable to decode stream: java.io.FileNotFoundException: /oem/etc/theme/icons/dynamic_icon/com.android.BBKClock/res/drawable-sw360dp-xxhdpi/clock_dial.png (No such file or directory)
09-02 08:16:51.166  4383  4437 E BitmapFactory: Unable to decode stream: java.io.FileNotFoundException: /oem/etc/theme/icons/dynamic_icon/com.android.BBKClock/res/drawable-sw360dp-xxhdpi/clock_dial_center.png (No such file or directory)
09-02 08:17:01.362  6441  6662 E memtrack: Couldn't load memtrack module
09-02 08:17:08.441  8163 11834 E memtrack: Couldn't load memtrack module
09-02 08:17:36.552  1007  1186 E storaged: getDiskStats failed with result NOT_SUPPORTED and size 0
09-02 08:17:44.179  2713  3579 I chatty  : uid=1000(system) Binder:2713_5 expire 2 lines
09-02 08:17:44.192  4383  4437 E BitmapFactory: Unable to decode stream: java.io.FileNotFoundException: /oem/etc/theme/icons/dynamic_icon/com.android.BBKClock/res/drawable-sw360dp-xxhdpi/clock_hour.png (No such file or directory)
09-02 08:17:44.194  4383  4437 E BitmapFactory: Unable to decode stream: java.io.FileNotFoundException: /oem/etc/theme/icons/dynamic_icon/com.android.BBKClock/res/drawable-sw360dp-xxhdpi/clock_minute.png (No such file or directory)
09-02 08:17:44.195  4383  4437 E BitmapFactory: Unable to decode stream: java.io.FileNotFoundException: /oem/etc/theme/icons/dynamic_icon/com.android.BBKClock/res/drawable-sw360dp-xxhdpi/clock_dial.png (No such file or directory)
09-02 08:17:44.199  4383  4437 E BitmapFactory: Unable to decode stream: java.io.FileNotFoundException: /oem/etc/theme/icons/dynamic_icon/com.android.BBKClock/res/drawable-sw360dp-xxhdpi/clock_dial_center.png (No such file or directory)
09-02 08:17:44.326  2713  4248 I chatty  : uid=1000(system) Binder:2713_8 expire 8 lines
09-02 08:17:44.336  4383  4437 E BitmapFactory: Unable to decode stream: java.io.FileNotFoundException: /oem/etc/theme/icons/dynamic_icon/com.android.BBKClock/res/drawable-sw360dp-xxhdpi/clock_hour.png (No such file or directory)
09-02 08:17:44.338  4383  4437 E BitmapFactory: Unable to decode stream: java.io.FileNotFoundException: /oem/etc/theme/icons/dynamic_icon/com.android.BBKClock/res/drawable-sw360dp-xxhdpi/clock_minute.png (No such file or directory)
09-02 08:17:44.338  4383  4437 E BitmapFactory: Unable to decode stream: java.io.FileNotFoundException: /oem/etc/theme/icons/dynamic_icon/com.android.BBKClock/res/drawable-sw360dp-xxhdpi/clock_dial.png (No such file or directory)
09-02 08:17:44.341  4383  4437 E BitmapFactory: Unable to decode stream: java.io.FileNotFoundException: /oem/etc/theme/icons/dynamic_icon/com.android.BBKClock/res/drawable-sw360dp-xxhdpi/clock_dial_center.png (No such file or directory)
09-02 08:17:44.429  4383  4437 E BitmapFactory: Unable to decode stream: java.io.FileNotFoundException: /oem/etc/theme/icons/dynamic_icon/com.android.BBKClock/res/drawable-sw360dp-xxhdpi/clock_hour.png (No such file or directory)
09-02 08:17:44.430  4383  4437 E BitmapFactory: Unable to decode stream: java.io.FileNotFoundException: /oem/etc/theme/icons/dynamic_icon/com.android.BBKClock/res/drawable-sw360dp-xxhdpi/clock_minute.png (No such file or directory)
09-02 08:17:44.430  4383  4437 E BitmapFactory: Unable to decode stream: java.io.FileNotFoundException: /oem/etc/theme/icons/dynamic_icon/com.android.BBKClock/res/drawable-sw360dp-xxhdpi/clock_dial.png (No such file or directory)
09-02 08:17:44.433  4383  4437 E BitmapFactory: Unable to decode stream: java.io.FileNotFoundException: /oem/etc/theme/icons/dynamic_icon/com.android.BBKClock/res/drawable-sw360dp-xxhdpi/clock_dial_center.png (No such file or directory)
09-02 08:17:44.519  4383  4437 E BitmapFactory: Unable to decode stream: java.io.FileNotFoundException: /oem/etc/theme/icons/dynamic_icon/com.android.BBKClock/res/drawable-sw360dp-xxhdpi/clock_hour.png (No such file or directory)
09-02 08:17:44.521  4383  4437 E BitmapFactory: Unable to decode stream: java.io.FileNotFoundException: /oem/etc/theme/icons/dynamic_icon/com.android.BBKClock/res/drawable-sw360dp-xxhdpi/clock_minute.png (No such file or directory)
09-02 08:17:44.521  4383  4437 E BitmapFactory: Unable to decode stream: java.io.FileNotFoundException: /oem/etc/theme/icons/dynamic_icon/com.android.BBKClock/res/drawable-sw360dp-xxhdpi/clock_dial.png (No such file or directory)
09-02 08:17:44.526  4383  4437 E BitmapFactory: Unable to decode stream: java.io.FileNotFoundException: /oem/etc/theme/icons/dynamic_icon/com.android.BBKClock/res/drawable-sw360dp-xxhdpi/clock_dial_center.png (No such file or directory)
09-02 08:18:26.258  1004  3051 E Netd    : tether checkPermission, pid:1710 uid:1000
09-02 08:18:26.333  4383  4437 E BitmapFactory: Unable to decode stream: java.io.FileNotFoundException: /oem/etc/theme/icons/dynamic_icon/com.android.BBKClock/res/drawable-sw360dp-xxhdpi/clock_hour.png (No such file or directory)
09-02 08:18:26.334  4383  4437 E BitmapFactory: Unable to decode stream: java.io.FileNotFoundException: /oem/etc/theme/icons/dynamic_icon/com.android.BBKClock/res/drawable-sw360dp-xxhdpi/clock_minute.png (No such file or directory)
09-02 08:18:26.335  4383  4437 E BitmapFactory: Unable to decode stream: java.io.FileNotFoundException: /oem/etc/theme/icons/dynamic_icon/com.android.BBKClock/res/drawable-sw360dp-xxhdpi/clock_dial.png (No such file or directory)
09-02 08:18:26.338  4383  4437 E BitmapFactory: Unable to decode stream: java.io.FileNotFoundException: /oem/etc/theme/icons/dynamic_icon/com.android.BBKClock/res/drawable-sw360dp-xxhdpi/clock_dial_center.png (No such file or directory)
09-02 08:18:36.555  1007  1186 E storaged: getDiskStats failed with result NOT_SUPPORTED and size 0
09-02 08:18:55.623  2635  3033 E PowerMonitor: exception In sysProcTransDectect java.lang.NoSuchMethodException: vivoGetNetworkStatsUidDetailWithPackInfo [int]
09-02 08:19:18.412  1710  5748 I chatty  : uid=1000(system) Binder:1710_1F expire 1 line
09-02 08:19:36.557  1007  1186 E storaged: getDiskStats failed with result NOT_SUPPORTED and size 0
09-02 08:19:56.202  4383  4437 E BitmapFactory: Unable to decode stream: java.io.FileNotFoundException: /oem/etc/theme/icons/dynamic_icon/com.android.BBKClock/res/drawable-sw360dp-xxhdpi/clock_hour.png (No such file or directory)
09-02 08:19:56.206  4383  4437 E BitmapFactory: Unable to decode stream: java.io.FileNotFoundException: /oem/etc/theme/icons/dynamic_icon/com.android.BBKClock/res/drawable-sw360dp-xxhdpi/clock_minute.png (No such file or directory)
09-02 08:19:56.208  4383  4437 E BitmapFactory: Unable to decode stream: java.io.FileNotFoundException: /oem/etc/theme/icons/dynamic_icon/com.android.BBKClock/res/drawable-sw360dp-xxhdpi/clock_dial.png (No such file or directory)
09-02 08:19:56.216  4383  4437 E BitmapFactory: Unable to decode stream: java.io.FileNotFoundException: /oem/etc/theme/icons/dynamic_icon/com.android.BBKClock/res/drawable-sw360dp-xxhdpi/clock_dial_center.png (No such file or directory)
09-02 08:20:36.562  1007  1186 E storaged: getDiskStats failed with result NOT_SUPPORTED and size 0
09-02 08:20:56.218  4383  4437 E BitmapFactory: Unable to decode stream: java.io.FileNotFoundException: /oem/etc/theme/icons/dynamic_icon/com.android.BBKClock/res/drawable-sw360dp-xxhdpi/clock_hour.png (No such file or directory)
09-02 08:20:56.221  4383  4437 E BitmapFactory: Unable to decode stream: java.io.FileNotFoundException: /oem/etc/theme/icons/dynamic_icon/com.android.BBKClock/res/drawable-sw360dp-xxhdpi/clock_minute.png (No such file or directory)
09-02 08:20:56.223  4383  4437 E BitmapFactory: Unable to decode stream: java.io.FileNotFoundException: /oem/etc/theme/icons/dynamic_icon/com.android.BBKClock/res/drawable-sw360dp-xxhdpi/clock_dial.png (No such file or directory)
09-02 08:20:56.230  4383  4437 E BitmapFactory: Unable to decode stream: java.io.FileNotFoundException: /oem/etc/theme/icons/dynamic_icon/com.android.BBKClock/res/drawable-sw360dp-xxhdpi/clock_dial_center.png (No such file or directory)
09-02 08:21:25.767  2635  3033 E PowerMonitor: exception In sysProcTransDectect java.lang.NoSuchMethodException: vivoGetNetworkStatsUidDetailWithPackInfo [int]
09-02 08:21:36.566  1007  1186 E storaged: getDiskStats failed with result NOT_SUPPORTED and size 0
09-02 08:21:56.231  4383  4437 E BitmapFactory: Unable to decode stream: java.io.FileNotFoundException: /oem/etc/theme/icons/dynamic_icon/com.android.BBKClock/res/drawable-sw360dp-xxhdpi/clock_hour.png (No such file or directory)
09-02 08:21:56.233  4383  4437 E BitmapFactory: Unable to decode stream: java.io.FileNotFoundException: /oem/etc/theme/icons/dynamic_icon/com.android.BBKClock/res/drawable-sw360dp-xxhdpi/clock_minute.png (No such file or directory)
09-02 08:21:56.237  4383  4437 E BitmapFactory: Unable to decode stream: java.io.FileNotFoundException: /oem/etc/theme/icons/dynamic_icon/com.android.BBKClock/res/drawable-sw360dp-xxhdpi/clock_dial.png (No such file or directory)
09-02 08:21:56.245  4383  4437 E BitmapFactory: Unable to decode stream: java.io.FileNotFoundException: /oem/etc/theme/icons/dynamic_icon/com.android.BBKClock/res/drawable-sw360dp-xxhdpi/clock_dial_center.png (No such file or directory)
09-02 08:22:01.988  6441  6634 E memtrack: Couldn't load memtrack module
09-02 08:22:08.841  8163 11909 E memtrack: Couldn't load memtrack module
09-02 08:22:18.701  1710  1768 I chatty  : uid=1000(system) Binder:1710_2 expire 1 line
09-02 08:22:36.568  1007  1186 E storaged: getDiskStats failed with result NOT_SUPPORTED and size 0
09-02 08:22:44.960  1710  2037 I chatty  : uid=1000(system) AlarmManager expire 4 lines
09-02 08:22:45.112  2713  3203 I chatty  : uid=1000(system) Binder:2713_4 expire 4 lines
09-02 08:22:45.128  4383  4437 E BitmapFactory: Unable to decode stream: java.io.FileNotFoundException: /oem/etc/theme/icons/dynamic_icon/com.android.BBKClock/res/drawable-sw360dp-xxhdpi/clock_hour.png (No such file or directory)
09-02 08:22:45.130  4383  4437 E BitmapFactory: Unable to decode stream: java.io.FileNotFoundException: /oem/etc/theme/icons/dynamic_icon/com.android.BBKClock/res/drawable-sw360dp-xxhdpi/clock_minute.png (No such file or directory)
09-02 08:22:45.131  4383  4437 E BitmapFactory: Unable to decode stream: java.io.FileNotFoundException: /oem/etc/theme/icons/dynamic_icon/com.android.BBKClock/res/drawable-sw360dp-xxhdpi/clock_dial.png (No such file or directory)
09-02 08:22:45.135  4383  4437 E BitmapFactory: Unable to decode stream: java.io.FileNotFoundException: /oem/etc/theme/icons/dynamic_icon/com.android.BBKClock/res/drawable-sw360dp-xxhdpi/clock_dial_center.png (No such file or directory)
09-02 08:22:45.253  4383  4437 E BitmapFactory: Unable to decode stream: java.io.FileNotFoundException: /oem/etc/theme/icons/dynamic_icon/com.android.BBKClock/res/drawable-sw360dp-xxhdpi/clock_hour.png (No such file or directory)
09-02 08:22:45.255  4383  4437 E BitmapFactory: Unable to decode stream: java.io.FileNotFoundException: /oem/etc/theme/icons/dynamic_icon/com.android.BBKClock/res/drawable-sw360dp-xxhdpi/clock_minute.png (No such file or directory)
09-02 08:22:45.256  4383  4437 E BitmapFactory: Unable to decode stream: java.io.FileNotFoundException: /oem/etc/theme/icons/dynamic_icon/com.android.BBKClock/res/drawable-sw360dp-xxhdpi/clock_dial.png (No such file or directory)
09-02 08:22:45.258  4383  4437 E BitmapFactory: Unable to decode stream: java.io.FileNotFoundException: /oem/etc/theme/icons/dynamic_icon/com.android.BBKClock/res/drawable-sw360dp-xxhdpi/clock_dial_center.png (No such file or directory)
09-02 08:22:45.352  2713 16771 I chatty  : uid=1000(system) Binder:2713_B expire 10 lines
09-02 08:22:45.368  4383  4437 E BitmapFactory: Unable to decode stream: java.io.FileNotFoundException: /oem/etc/theme/icons/dynamic_icon/com.android.BBKClock/res/drawable-sw360dp-xxhdpi/clock_hour.png (No such file or directory)
09-02 08:22:45.370  4383  4437 E BitmapFactory: Unable to decode stream: java.io.FileNotFoundException: /oem/etc/theme/icons/dynamic_icon/com.android.BBKClock/res/drawable-sw360dp-xxhdpi/clock_minute.png (No such file or directory)
09-02 08:22:45.371  4383  4437 E BitmapFactory: Unable to decode stream: java.io.FileNotFoundException: /oem/etc/theme/icons/dynamic_icon/com.android.BBKClock/res/drawable-sw360dp-xxhdpi/clock_dial.png (No such file or directory)
09-02 08:22:45.375  4383  4437 E BitmapFactory: Unable to decode stream: java.io.FileNotFoundException: /oem/etc/theme/icons/dynamic_icon/com.android.BBKClock/res/drawable-sw360dp-xxhdpi/clock_dial_center.png (No such file or directory)
09-02 08:22:45.464  4383  4437 E BitmapFactory: Unable to decode stream: java.io.FileNotFoundException: /oem/etc/theme/icons/dynamic_icon/com.android.BBKClock/res/drawable-sw360dp-xxhdpi/clock_hour.png (No such file or directory)
09-02 08:22:45.465  4383  4437 E BitmapFactory: Unable to decode stream: java.io.FileNotFoundException: /oem/etc/theme/icons/dynamic_icon/com.android.BBKClock/res/drawable-sw360dp-xxhdpi/clock_minute.png (No such file or directory)
09-02 08:22:45.466  4383  4437 E BitmapFactory: Unable to decode stream: java.io.FileNotFoundException: /oem/etc/theme/icons/dynamic_icon/com.android.BBKClock/res/drawable-sw360dp-xxhdpi/clock_dial.png (No such file or directory)
09-02 08:22:45.468  4383  4437 E BitmapFactory: Unable to decode stream: java.io.FileNotFoundException: /oem/etc/theme/icons/dynamic_icon/com.android.BBKClock/res/drawable-sw360dp-xxhdpi/clock_dial_center.png (No such file or directory)
09-02 08:23:31.414  1004  3051 E Netd    : tether checkPermission, pid:1710 uid:1000
09-02 08:23:31.474  1710  2342 E SyncManager: Bind attempt failed - target: ComponentInfo{com.tencent.android.qqdownloader/com.live.sync.YYBLiveSyncService}
09-02 08:23:31.512  4383  4437 E BitmapFactory: Unable to decode stream: java.io.FileNotFoundException: /oem/etc/theme/icons/dynamic_icon/com.android.BBKClock/res/drawable-sw360dp-xxhdpi/clock_hour.png (No such file or directory)
09-02 08:23:31.514  4383  4437 E BitmapFactory: Unable to decode stream: java.io.FileNotFoundException: /oem/etc/theme/icons/dynamic_icon/com.android.BBKClock/res/drawable-sw360dp-xxhdpi/clock_minute.png (No such file or directory)
09-02 08:23:31.515  4383  4437 E BitmapFactory: Unable to decode stream: java.io.FileNotFoundException: /oem/etc/theme/icons/dynamic_icon/com.android.BBKClock/res/drawable-sw360dp-xxhdpi/clock_dial.png (No such file or directory)
09-02 08:23:31.521  4383  4437 E BitmapFactory: Unable to decode stream: java.io.FileNotFoundException: /oem/etc/theme/icons/dynamic_icon/com.android.BBKClock/res/drawable-sw360dp-xxhdpi/clock_dial_center.png (No such file or directory)
09-02 08:23:36.573  1007  1186 E storaged: getDiskStats failed with result NOT_SUPPORTED and size 0
09-02 08:23:55.891  2635  3033 E PowerMonitor: exception In sysProcTransDectect java.lang.NoSuchMethodException: vivoGetNetworkStatsUidDetailWithPackInfo [int]
09-02 08:24:36.577  1007  1186 E storaged: getDiskStats failed with result NOT_SUPPORTED and size 0
09-02 08:25:01.368  4383  4437 E BitmapFactory: Unable to decode stream: java.io.FileNotFoundException: /oem/etc/theme/icons/dynamic_icon/com.android.BBKClock/res/drawable-sw360dp-xxhdpi/clock_hour.png (No such file or directory)
09-02 08:25:01.371  4383  4437 E BitmapFactory: Unable to decode stream: java.io.FileNotFoundException: /oem/etc/theme/icons/dynamic_icon/com.android.BBKClock/res/drawable-sw360dp-xxhdpi/clock_minute.png (No such file or directory)
09-02 08:25:01.373  4383  4437 E BitmapFactory: Unable to decode stream: java.io.FileNotFoundException: /oem/etc/theme/icons/dynamic_icon/com.android.BBKClock/res/drawable-sw360dp-xxhdpi/clock_dial.png (No such file or directory)
09-02 08:25:01.391  4383  4437 E BitmapFactory: Unable to decode stream: java.io.FileNotFoundException: /oem/etc/theme/icons/dynamic_icon/com.android.BBKClock/res/drawable-sw360dp-xxhdpi/clock_dial_center.png (No such file or directory)
09-02 08:25:18.965  1710  5747 I chatty  : uid=1000(system) Binder:1710_1E expire 2 lines
09-02 08:25:36.580  1007  1186 E storaged: getDiskStats failed with result NOT_SUPPORTED and size 0
09-02 08:26:01.382  4383  4437 E BitmapFactory: Unable to decode stream: java.io.FileNotFoundException: /oem/etc/theme/icons/dynamic_icon/com.android.BBKClock/res/drawable-sw360dp-xxhdpi/clock_hour.png (No such file or directory)
09-02 08:26:01.387  4383  4437 E BitmapFactory: Unable to decode stream: java.io.FileNotFoundException: /oem/etc/theme/icons/dynamic_icon/com.android.BBKClock/res/drawable-sw360dp-xxhdpi/clock_minute.png (No such file or directory)
09-02 08:26:01.388  4383  4437 E BitmapFactory: Unable to decode stream: java.io.FileNotFoundException: /oem/etc/theme/icons/dynamic_icon/com.android.BBKClock/res/drawable-sw360dp-xxhdpi/clock_dial.png (No such file or directory)
09-02 08:26:01.396  4383  4437 E BitmapFactory: Unable to decode stream: java.io.FileNotFoundException: /oem/etc/theme/icons/dynamic_icon/com.android.BBKClock/res/drawable-sw360dp-xxhdpi/clock_dial_center.png (No such file or directory)
09-02 08:26:26.019  2635  3033 E PowerMonitor: exception In sysProcTransDectect java.lang.NoSuchMethodException: vivoGetNetworkStatsUidDetailWithPackInfo [int]
09-02 08:26:36.702  1007  1186 E storaged: getDiskStats failed with result NOT_SUPPORTED and size 0
09-02 08:27:01.423  4383  4437 E BitmapFactory: Unable to decode stream: java.io.FileNotFoundException: /oem/etc/theme/icons/dynamic_icon/com.android.BBKClock/res/drawable-sw360dp-xxhdpi/clock_hour.png (No such file or directory)
09-02 08:27:01.425  4383  4437 E BitmapFactory: Unable to decode stream: java.io.FileNotFoundException: /oem/etc/theme/icons/dynamic_icon/com.android.BBKClock/res/drawable-sw360dp-xxhdpi/clock_minute.png (No such file or directory)
09-02 08:27:01.427  4383  4437 E BitmapFactory: Unable to decode stream: java.io.FileNotFoundException: /oem/etc/theme/icons/dynamic_icon/com.android.BBKClock/res/drawable-sw360dp-xxhdpi/clock_dial.png (No such file or directory)
09-02 08:27:01.432  4383  4437 E BitmapFactory: Unable to decode stream: java.io.FileNotFoundException: /oem/etc/theme/icons/dynamic_icon/com.android.BBKClock/res/drawable-sw360dp-xxhdpi/clock_dial_center.png (No such file or directory)
09-02 08:27:02.592  6441  6669 E memtrack: Couldn't load memtrack module
09-02 08:27:09.240  8163 11239 E memtrack: Couldn't load memtrack module
09-02 08:27:24.246  1710  2037 I chatty  : uid=1000(system) AlarmManager expire 19 lines
09-02 08:27:24.396  4383  4437 E BitmapFactory: Unable to decode stream: java.io.FileNotFoundException: /oem/etc/theme/icons/dynamic_icon/com.android.BBKClock/res/drawable-sw360dp-xxhdpi/clock_hour.png (No such file or directory)
09-02 08:27:24.397  4383  4437 E BitmapFactory: Unable to decode stream: java.io.FileNotFoundException: /oem/etc/theme/icons/dynamic_icon/com.android.BBKClock/res/drawable-sw360dp-xxhdpi/clock_minute.png (No such file or directory)
09-02 08:27:24.398  4383  4437 E BitmapFactory: Unable to decode stream: java.io.FileNotFoundException: /oem/etc/theme/icons/dynamic_icon/com.android.BBKClock/res/drawable-sw360dp-xxhdpi/clock_dial.png (No such file or directory)
09-02 08:27:24.408  4383  4437 E BitmapFactory: Unable to decode stream: java.io.FileNotFoundException: /oem/etc/theme/icons/dynamic_icon/com.android.BBKClock/res/drawable-sw360dp-xxhdpi/clock_dial_center.png (No such file or directory)
09-02 08:27:24.430  2713  2736 I chatty  : uid=1000(system) Binder:2713_1 expire 9 lines
09-02 08:27:24.515  4383  4437 E BitmapFactory: Unable to decode stream: java.io.FileNotFoundException: /oem/etc/theme/icons/dynamic_icon/com.android.BBKClock/res/drawable-sw360dp-xxhdpi/clock_hour.png (No such file or directory)
09-02 08:27:24.516  4383  4437 E BitmapFactory: Unable to decode stream: java.io.FileNotFoundException: /oem/etc/theme/icons/dynamic_icon/com.android.BBKClock/res/drawable-sw360dp-xxhdpi/clock_minute.png (No such file or directory)
09-02 08:27:24.517  4383  4437 E BitmapFactory: Unable to decode stream: java.io.FileNotFoundException: /oem/etc/theme/icons/dynamic_icon/com.android.BBKClock/res/drawable-sw360dp-xxhdpi/clock_dial.png (No such file or directory)
09-02 08:27:24.519  4383  4437 E BitmapFactory: Unable to decode stream: java.io.FileNotFoundException: /oem/etc/theme/icons/dynamic_icon/com.android.BBKClock/res/drawable-sw360dp-xxhdpi/clock_dial_center.png (No such file or directory)
09-02 08:27:24.646  4383  4437 E BitmapFactory: Unable to decode stream: java.io.FileNotFoundException: /oem/etc/theme/icons/dynamic_icon/com.android.BBKClock/res/drawable-sw360dp-xxhdpi/clock_hour.png (No such file or directory)
09-02 08:27:24.648  4383  4437 E BitmapFactory: Unable to decode stream: java.io.FileNotFoundException: /oem/etc/theme/icons/dynamic_icon/com.android.BBKClock/res/drawable-sw360dp-xxhdpi/clock_minute.png (No such file or directory)
09-02 08:27:24.648  4383  4437 E BitmapFactory: Unable to decode stream: java.io.FileNotFoundException: /oem/etc/theme/icons/dynamic_icon/com.android.BBKClock/res/drawable-sw360dp-xxhdpi/clock_dial.png (No such file or directory)
09-02 08:27:24.651  4383  4437 E BitmapFactory: Unable to decode stream: java.io.FileNotFoundException: /oem/etc/theme/icons/dynamic_icon/com.android.BBKClock/res/drawable-sw360dp-xxhdpi/clock_dial_center.png (No such file or directory)
09-02 08:27:36.707  1007  1186 E storaged: getDiskStats failed with result NOT_SUPPORTED and size 0
09-02 08:28:19.213  1710  1768 I chatty  : uid=1000(system) Binder:1710_2 expire 3 lines
09-02 08:28:36.462  1004  3051 E Netd    : tether checkPermission, pid:1710 uid:1000
09-02 08:28:36.610  2713  3203 I chatty  : uid=1000(system) Binder:2713_4 expire 2 lines
09-02 08:28:36.629  4383  4437 E BitmapFactory: Unable to decode stream: java.io.FileNotFoundException: /oem/etc/theme/icons/dynamic_icon/com.android.BBKClock/res/drawable-sw360dp-xxhdpi/clock_hour.png (No such file or directory)
09-02 08:28:36.631  4383  4437 E BitmapFactory: Unable to decode stream: java.io.FileNotFoundException: /oem/etc/theme/icons/dynamic_icon/com.android.BBKClock/res/drawable-sw360dp-xxhdpi/clock_minute.png (No such file or directory)
09-02 08:28:36.632  4383  4437 E BitmapFactory: Unable to decode stream: java.io.FileNotFoundException: /oem/etc/theme/icons/dynamic_icon/com.android.BBKClock/res/drawable-sw360dp-xxhdpi/clock_dial.png (No such file or directory)
09-02 08:28:36.635  4383  4437 E BitmapFactory: Unable to decode stream: java.io.FileNotFoundException: /oem/etc/theme/icons/dynamic_icon/com.android.BBKClock/res/drawable-sw360dp-xxhdpi/clock_dial_center.png (No such file or directory)
09-02 08:28:36.697  1004  3051 E Netd    : tether checkPermission, pid:1710 uid:1000
09-02 08:28:36.709  1007  1186 E storaged: getDiskStats failed with result NOT_SUPPORTED and size 0
09-02 08:28:56.148  2635  3033 E PowerMonitor: exception In sysProcTransDectect java.lang.NoSuchMethodException: vivoGetNetworkStatsUidDetailWithPackInfo [int]
09-02 08:29:36.710  1007  1186 E storaged: getDiskStats failed with result NOT_SUPPORTED and size 0
09-02 08:30:06.490  4383  4437 E BitmapFactory: Unable to decode stream: java.io.FileNotFoundException: /oem/etc/theme/icons/dynamic_icon/com.android.BBKClock/res/drawable-sw360dp-xxhdpi/clock_hour.png (No such file or directory)
09-02 08:30:06.492  4383  4437 E BitmapFactory: Unable to decode stream: java.io.FileNotFoundException: /oem/etc/theme/icons/dynamic_icon/com.android.BBKClock/res/drawable-sw360dp-xxhdpi/clock_minute.png (No such file or directory)
09-02 08:30:06.496  4383  4437 E BitmapFactory: Unable to decode stream: java.io.FileNotFoundException: /oem/etc/theme/icons/dynamic_icon/com.android.BBKClock/res/drawable-sw360dp-xxhdpi/clock_dial.png (No such file or directory)
09-02 08:30:06.503  4383  4437 E BitmapFactory: Unable to decode stream: java.io.FileNotFoundException: /oem/etc/theme/icons/dynamic_icon/com.android.BBKClock/res/drawable-sw360dp-xxhdpi/clock_dial_center.png (No such file or directory)
09-02 08:30:36.352  1710  3752 I chatty  : uid=1000(system) Binder:1710_E expire 5 lines
09-02 08:30:36.713  1007  1186 E storaged: getDiskStats failed with result NOT_SUPPORTED and size 0
