08-31 17:46:35.976 12826 12971 D NAccs.ACCSManager:  getAccsInstance key:default|0
08-31 17:46:35.979 12826 12971 I NAccs.SwitchDO:  buildData data:{"cmd":"enablePush","appKey":"umeng:546d7dd7fd98c58fc800082c","deviceId":"AqD3mdygvHO90xje6zP5PURWoq3XmkaeoK7L_3UvPpWn"}
08-31 17:46:35.979 12826 12971 D NAccs.InAppConn_default:  start
08-31 17:46:35.985 12826 12971 D NAccs.InAppConn_default:  sendMessage ready dataId:1661939195979.3 type:DATA delay:0
08-31 17:46:35.993 12826 12971 E NAccs.HuaWeiRegister:  register checkDevice false
08-31 17:46:35.996 12826 12973 E NAccs.InAppConn_default:  sendMessage start dataId:1661939195979.3 type:DATA
08-31 17:46:35.997 12826 12973 D NAccs.OrangeAdapter:  getConnectTimeout result:10000
08-31 17:46:35.997 12826 12973 D awcn.SessionCenter: |[seq:umeng:546d7dd7fd98c58fc800082c] getInternal u:https://umengacs.m.taobao.com sessionType:LongLink timeout:10000
08-31 17:46:35.997 12826 12973 D awcn.StrategyCenter:  getSchemeByHost host:umengacs.m.taobao.com scheme:https
08-31 17:46:35.998 12826 12973 D awcn.SessionCenter: |[seq:umeng:546d7dd7fd98c58fc800082c] get internal hit cache session session:Session@[umeng:546d7dd7fd98c58fc800082c.AWCN1_1|http2_0rtt_acs]
08-31 17:46:35.999 12826 12971 I NAccs.MeizuPush:  not meizu return
08-31 17:46:36.000 12826 12973 D NAccs.Msg_default:  Build Message dataId:1661939195979.3
08-31 17:46:36.001 12826 12973 D NAccs.Msg_default:  	version:2 compress:0
08-31 17:46:36.001 12826 12973 D NAccs.Msg_default:  	flag: 0x40
08-31 17:46:36.001 12826 12973 D NAccs.Msg_default:  	totalLength:211
08-31 17:46:36.001 12826 12973 D NAccs.Msg_default:  	dataLength:209
08-31 17:46:36.001 12826 12973 D NAccs.Msg_default:  	flags:ffffc800
08-31 17:46:36.001 12826 12973 D NAccs.Msg_default:  	targetLength:16
08-31 17:46:36.001 12826 12973 D NAccs.Msg_default:  	target:2|AgooDeviceCmd|
08-31 17:46:36.001 12826 12973 D NAccs.Msg_default:  	sourceLength:51
08-31 17:46:36.001 12826 12973 D NAccs.Msg_default:  	source:Yw2XOaoLvJsDAIIIET1UzMcv|cn.missevan|AgooDeviceCmd|
08-31 17:46:36.001 12826 12973 D NAccs.Msg_default:  	dataIdLength:15
08-31 17:46:36.001 12826 12973 D NAccs.Msg_default:  	dataId:1661939195979.3
08-31 17:46:36.001 12826 12973 D NAccs.Msg_default:  	extHeader len:0
08-31 17:46:36.002 12826 12973 D NAccs.Msg_default:  	oriData:{"cmd":"enablePush","appKey":"umeng:546d7dd7fd98c58fc800082c","deviceId":"AqD3mdygvHO90xje6zP5PURWoq3XmkaeoK7L_3UvPpWn"}
08-31 17:46:36.002 12826 12973 D NAccs.InAppConn_default:  sendMessage dataId:1661939195979.3 command:100 host:https://umengacs.m.taobao.com len:215 utdid:Yw2XOaoLvJsDAIIIET1UzMcv
08-31 17:46:36.002 12826 12973 E awcn.TnetSpdySession: |[seq:umeng:546d7dd7fd98c58fc800082c.AWCN1_1] sendCustomFrame dataId:3 type:200
08-31 17:46:36.004 12826 12973 E NAccs.InAppConn_default:  sendMessage end dataId:1661939195979.3 status:true
08-31 17:46:36.017 12826 12971 E mcssdk---: MCS-->isExistPackage NameNotFoundException:com.coloros.mcs
08-31 17:46:36.017 12826 12971 I NAccs.OppoPush:  not support oppo push
08-31 17:46:36.024 12826 12974 D mcssdk---: MCS-->fbeVersion is false
08-31 17:46:36.032 12826 12826 D SentryLog: [main] Transaction 'MainActivity' won't be bound to the Scope since there's one already in there.
08-31 17:46:36.034  1724 13522 I PackageManager: ### pkg:Package{29d4131 cn.missevan}
08-31 17:46:36.064 12826 12915 E awcn.TnetSpdySession: |[seq:umeng:546d7dd7fd98c58fc800082c.AWCN1_1] [spdyCustomControlFrameRecvCallback] len:138 frameCb:com.taobao.accs.net.k@4571287
08-31 17:46:36.066 12826 12915 E awcn.TnetSpdySession: |[seq:umeng:546d7dd7fd98c58fc800082c.AWCN1_1] str:20 40 0 86 0 84 e0 0 33 59 77 32 58 4f 61 6f 4c 76 4a 73 44 41 49 49 49 45 54 31 55 7a 4d 63 76 7c 63 6e 2e 6d 69 73 73 65 76 61 6e 7c 41 67 6f 6f 44 65 76 69 63 65 43 6d 64 7c 10 32 7c 41 67 6f 6f 44 65 76 69 63 65 43 6d 64 7c f 31 36 36 31 39 33 39 31 39 35 39 37 39 2e 33 0 0 7b 22 72 65 73 75 6c 74 43 6f 64 65 22 3a 22 73 75 63 63 65 73 73 22 2c 22 63 6d 64 22 3a 22 65 6e 61 62 6c 65 50 75 73 68 22 7d
08-31 17:46:36.066 12826 12915 E NAccs.InAppConn_default:  onDataReceive type:200 dataid:-1
08-31 17:46:36.067 12826 12910 I NAccs.MsgRecv_default:  onMessage host:https://umengacs.m.taobao.com
08-31 17:46:36.067 12826 12910 D NAccs.MsgRecv_default:  version:2
08-31 17:46:36.067 12826 12910 D NAccs.MsgRecv_default:  compress:0
08-31 17:46:36.067 12826 12910 D NAccs.MsgRecv_default:  totalLen:134
08-31 17:46:36.068 12826 12910 D NAccs.MsgRecv_default:  buf len:132
08-31 17:46:36.068 12826 12910 D NAccs.MsgRecv_default:  flag:e000
08-31 17:46:36.068 12826 12910 D NAccs.MsgRecv_default:  target:Yw2XOaoLvJsDAIIIET1UzMcv|cn.missevan|AgooDeviceCmd|
08-31 17:46:36.068 12826 12910 D NAccs.MsgRecv_default:  source:2|AgooDeviceCmd|
08-31 17:46:36.068 12826 12910 D NAccs.MsgRecv_default:  dataId:1661939195979.3
08-31 17:46:36.068 12826 12910 D NAccs.MsgRecv_default:  extHeaderLen:0
08-31 17:46:36.068 12826 12910 D NAccs.MsgRecv_default:  oriData:[B@c2235b4
08-31 17:46:36.070 12826 12910 E NAccs.MsgRecv_default:  handleMessage dataId:1661939195979.3 type:DATA reqType:RES resType:NO_ACK target:Yw2XOaoLvJsDAIIIET1UzMcv|cn.missevan|AgooDeviceCmd|
08-31 17:46:36.070 12826 12910 D NAccs.MsgRecv_default:  handleMessage reqMessage not null
08-31 17:46:36.071 12826 12910 D NAccs.MsgRecv_default:  onResult command:100 erorcode:200
08-31 17:46:36.075 12826 12910 E NAccs.MsgDistribute:  distribute ready action:com.taobao.accs.intent.action.RECEIVE dataId:1661939195979.3 serviceId:AgooDeviceCmd
08-31 17:46:36.075 12826 12910 D NAccs.MsgDistribute:  distribute start appkey:umeng:546d7dd7fd98c58fc800082c config:default
08-31 17:46:36.075 12826 12910 D NAccs.MsgDistribute:  handleControlMsg configTag:default dataId:1661939195979.3 serviceId:AgooDeviceCmd command:100 errorCode:200 appReceiver:
08-31 17:46:36.081  1724 13522 I PackageManager: ### pkg:Package{29d4131 cn.missevan}
08-31 17:46:36.085 12826 12910 E NAccs.MsgDistribute:  handleBusinessMsg start dataId:1661939195979.3 serviceId:AgooDeviceCmd command:100 t1:0 t2:0 t3:0 t4:0 t5:0 t6:0
08-31 17:46:36.085 12826 12910 E NAccs.MsgDistribute:  handleBusinessMsg start dataId:1661939195979.3 serviceId:AgooDeviceCmd command:100
08-31 17:46:36.085 12826 12910 E NAccs.MsgDistribute:  handleBusinessMsg getListener not null
08-31 17:46:36.086 12826 12910 E NAccs.a :  onReceiveData dataId:1661939195979.3 serviceId:AgooDeviceCmd command:100 className:com.taobao.agoo.a.b
08-31 17:46:36.120 12826 12826 I Injector: [main] provide play service connection
08-31 17:46:36.129 12826 12826 I PlayerServiceConnection: [main] New PlayerServiceConnection instance
08-31 17:46:36.138 12826 12927 I okhttp.cronet.httpdns: [RxCachedThreadScheduler-1] OkHttp cronet native httpdns enabled.
08-31 17:46:36.143 12826 12860 D LeakCanary: Setting up flushing for Thread[LeakCanary-Heap-Dump,5,main]
08-31 17:46:36.145 12826 12826 I PlayerServiceConnection: [main] MediaBrowser start first connect.
08-31 17:46:36.145 12826 12860 D LeakCanary: Setting up flushing for Thread[ConnectivityThread,5,main]
08-31 17:46:36.146 12826 12826 D MediaBrowserCompat: Connecting to a MediaBrowserService.
08-31 17:46:36.146 12826 12860 D LeakCanary: Setting up flushing for Thread[mod_resource_work_thread,5,main]
08-31 17:46:36.146 12826 12860 D LeakCanary: Setting up flushing for Thread[queued-work-looper,5,main]
08-31 17:46:36.146 12826 12860 D LeakCanary: Setting up flushing for Thread[work_thread,5,main]
08-31 17:46:36.146 12826 12860 D LeakCanary: Setting up flushing for Thread[NetWorkSender,5,main]
08-31 17:46:36.147 12826 12860 D LeakCanary: Setting up flushing for Thread[SqlWorkThread,5,main]
08-31 17:46:36.147 12826 12860 D LeakCanary: Setting up flushing for Thread[GlobalHandlerThread,5,main]
08-31 17:46:36.147 12826 12860 D LeakCanary: Setting up flushing for Thread[LaserReport,5,main]
08-31 17:46:36.147 12826 12860 D LeakCanary: Setting up flushing for Thread[thread_back_io,5,main]
08-31 17:46:36.148 12826 12860 D LeakCanary: Setting up flushing for Thread[thread_background,5,main]
08-31 17:46:36.148 12826 12860 D LeakCanary: Setting up flushing for Thread[push_client_thread,5,main]
08-31 17:46:36.150 12826 12927 D CronetEngine: [RxCachedThreadScheduler-1] cronet httpdns open!
08-31 17:46:36.150 12826 12927 D CronetEngine:  configure dns ips: [203.107.1.65, 203.107.1.34, 203.107.1.66, 203.107.1.33]
08-31 17:46:36.160  1724 13522 D CompatibilityInfo: mCompatibilityFlags - 0
08-31 17:46:36.160  1724 13522 D CompatibilityInfo: applicationDensity - 480
08-31 17:46:36.160  1724 13522 D CompatibilityInfo: applicationScale - 1.0
08-31 17:46:36.164 12826 12927 I httpdns.native: [RxCachedThreadScheduler-1] Native httpdns enabled.
08-31 17:46:36.082  1724 13522 I chatty  : uid=1000(system) Binder:1724_1B identical 1 line
08-31 17:46:36.082  1724 13522 I PackageManager: ### pkg:Package{29d4131 cn.missevan}
08-31 17:46:36.170 12826 12835 W System  : A resource failed to call close.
08-31 17:46:36.172 12826 12927 I okhttp.cronet.httpdns: [RxCachedThreadScheduler-1] OkHttp cronet native httpdns enabled.
08-31 17:46:36.181 12826 12826 I Injector: [main] provide NowPlayingFragmentViewModel
08-31 17:46:36.183 12826 12826 E NowPlayingFragmentVM: [main] New NowPlayingViewModel instance
08-31 17:46:36.208 12826 12826 I Injector: [main] provide play service connection
08-31 17:46:36.209 12826 12826 I PlayerServiceConnection: [main] connection: subscribe to parent with id: /
08-31 17:46:36.232 12826 12826 I Injector: [main] provide MainActivityViewModel
08-31 17:46:36.233 12826 12826 I Injector: [main] provide play service connection
08-31 17:46:36.249  1724  1724 D NotificationService: handleSavePolicyFile
08-31 17:46:36.446 12826 12826 I BLOG    : [main] checkIMConnected partnerid=14241060
08-31 17:46:36.450  1724 13522 D CompatibilityInfo: mCompatibilityFlags - 0
08-31 17:46:36.450  1724 13522 D CompatibilityInfo: applicationDensity - 480
08-31 17:46:36.450  1724 13522 D CompatibilityInfo: applicationScale - 1.0
08-31 17:46:36.525 12826 12894 D UMLog   : : 90 https://developer.umeng.com/docs/66632/detail/66976?um_channel=sdk
08-31 17:46:36.537 12826 12826 I BLOG    : [main] onActivityStared: cn.missevan.activity.MainActivity@8a6b3f0
08-31 17:46:36.538 12826 12826 I Player.SinglePlayerConnection: [main] updateAllConfig
08-31 17:46:36.539 12826 12826 W Player.SinglePlayerConnection: [main] mService is null, bindService
08-31 17:46:36.539 12826 12826 I Player.SinglePlayerConnection: [main] bindService, service is connecting: false
08-31 17:46:36.542  1724 13522 D PackageManager: package:1000 check permission,PERMISSION_GRANTED
08-31 17:46:36.590  1724  1855 I ActivityManager: Start proc 12988:cn.missevan:player.single/u0a598 for service cn.missevan/.lib.common.player.service.aidl.AidlPlayerService
08-31 17:46:36.543  1724 13522 D PackageManager: package:1000 check permission,PERMISSION_GRANTED
08-31 17:46:36.590 12988 12988 I n:player.singl: Late-enabling -Xcheck:jni
08-31 17:46:36.660  1724 13522 D CompatibilityInfo: mCompatibilityFlags - 0
08-31 17:46:36.660  1724 13522 D CompatibilityInfo: applicationDensity - 480
08-31 17:46:36.660  1724 13522 D CompatibilityInfo: applicationScale - 1.0
08-31 17:46:36.662  1724 13522 D CompatibilityInfo: mCompatibilityFlags - 0
08-31 17:46:36.662  1724 13522 D CompatibilityInfo: applicationDensity - 480
08-31 17:46:36.662  1724 13522 D CompatibilityInfo: applicationScale - 1.0
08-31 17:46:36.670  1724 13522 D CompatibilityInfo: mCompatibilityFlags - 0
08-31 17:46:36.670  1724 13522 D CompatibilityInfo: applicationDensity - 480
08-31 17:46:36.670  1724 13522 D CompatibilityInfo: applicationScale - 1.0
08-31 17:46:36.711 12988 12988 I n:player.singl: The ClassLoaderContext is a special shared library.
08-31 17:46:36.744 12826 12826 I SplashFragment: [main] doAfterVerifyPermission
08-31 17:46:36.754 12826 12881 D BLOG    : [DefaultDispatcher-worker-1] MissEvanFileMigrateHelper move4Q /storage/emulated/0/Download/MaoerFM/sound_blob to /storage/emulated/0/Android/data/cn.missevan/files/Audio/SoundBlob start
08-31 17:46:36.756 12826 12881 D BLOG    : [DefaultDispatcher-worker-1] MissEvanFileMigrateHelper start move /storage/emulated/0/Download/MaoerFM/sound_blob to /storage/emulated/0/Android/data/cn.missevan/files/Audio/SoundBlob
08-31 17:46:36.757 12826 12881 D MissEvanFileMigrateHelper: [DefaultDispatcher-worker-1] /storage/emulated/0/Download/MaoerFM/sound_blob dir is empty
08-31 17:46:36.758 12826 12881 D BLOG    : [DefaultDispatcher-worker-1] MissEvanFileMigrateHelper move /storage/emulated/0/Download/MaoerFM/sound_blob to /storage/emulated/0/Android/data/cn.missevan/files/Audio/SoundBlob done. cost 1 ms
08-31 17:46:36.759 12826 12881 D BLOG    : [DefaultDispatcher-worker-1] MissEvanFileMigrateHelper move4Q /storage/emulated/0/Download/MaoerFM/sound_blob to /storage/emulated/0/Android/data/cn.missevan/files/Audio/SoundBlob success
08-31 17:46:36.772 12826 12881 D BLOG    : [DefaultDispatcher-worker-1] MissEvanFileMigrateHelper move4Q /storage/emulated/0/Download/MaoerFM/Alarm to /storage/emulated/0/Android/data/cn.missevan/files/Audio/Alarm start
08-31 17:46:36.784 12826 12826 I RuntimeAbi: [main] arm64-v8a
08-31 17:46:36.786 12826 12826 I SplashFragment: [main]  ABIarm64-v8a,armeabi-v7a,armeabi ABIarm64-v8acommit f1c5ee8-64-debug5070300
08-31 17:46:36.786 12826 12826 I SplashFragment: [main] use CRONET
08-31 17:46:36.811 12826 13005 W SentryLog: [SentryAsyncConnection-0] Current session is not ended, we'd need to end it.
08-31 17:46:36.819 12826 12826 D SentryLog: [main] Capturing transaction: 313fd509397d4e88af7aa2ee2ef4fc95
08-31 17:46:36.821 12826 13005 D SentryLog: [SentryAsyncConnection-0] Serializing object: {"sid":"632109a1-ed6c-4b0b-a0aa-1eec18954558","did":"05b9bfa2-7716-46f2-a2b3-b6c35103f2e0","started":"2022-08-31T09:44:58.093Z","status":"exited","seq":1661939196817,"duration":98.724,"timestamp":"2022-08-31T09:46:36.817Z","attrs":{"release":"cn.missevan@5.7.3+5070300","environment":"staging"}}
08-31 17:46:36.826 12826 13005 D SentryLog: [SentryAsyncConnection-0] Serializing object: {"sid":"b89dd01b-50a0-4b60-96ef-ed52753f8c37","did":"05b9bfa2-7716-46f2-a2b3-b6c35103f2e0","init":true,"started":"2022-08-31T09:46:36.805Z","status":"ok","timestamp":"2022-08-31T09:46:36.805Z","attrs":{"release":"cn.missevan@5.7.3+5070300","environment":"staging"}}
08-31 17:46:36.828 12826 12826 I awcn.AppLifeCycle:  notifyListener foreground:true
08-31 17:46:36.832 12826 13005 D SentryLog: [SentryAsyncConnection-0] Serializing object: {"sid":"b89dd01b-50a0-4b60-96ef-ed52753f8c37","did":"05b9bfa2-7716-46f2-a2b3-b6c35103f2e0","init":true,"started":"2022-08-31T09:46:36.805Z","status":"ok","timestamp":"2022-08-31T09:46:36.805Z","attrs":{"release":"cn.missevan@5.7.3+5070300","environment":"staging"}}
08-31 17:46:36.832 12826 12916 I awcn.SessionCenter: |[seq:[default]] [forground]
08-31 17:46:36.833 12826 12916 I awcn.SessionCenter: |[seq:umeng:546d7dd7fd98c58fc800082c] [forground]
08-31 17:46:36.833 12826 12916 D awcn.StrategyCenter:  getSchemeByHost host:umengacs.m.taobao.com scheme:https
08-31 17:46:36.833 12826 12916 D awcn.SessionCenter: |[seq:umeng:546d7dd7fd98c58fc800082c] getInternal u:https://umengacs.m.taobao.com sessionType:LongLink timeout:0
08-31 17:46:36.834 12826 12916 D awcn.StrategyCenter:  getSchemeByHost host:umengacs.m.taobao.com scheme:https
08-31 17:46:36.834 12826 12916 D awcn.SessionCenter: |[seq:umeng:546d7dd7fd98c58fc800082c] get internal hit cache session session:Session@[umeng:546d7dd7fd98c58fc800082c.AWCN1_1|http2_0rtt_acs]
08-31 17:46:36.836 12826 13005 D SentryLog: [SentryAsyncConnection-0] Adding Envelope to offline storage: /data/user/0/cn.missevan/cache/sentry/ff472a61-594b-48d4-924d-d7d02bc0a7e0.envelope
08-31 17:46:36.851 12826 12894 D MobclickAgent: : E20A66B5154FCC55F0C5B39530151A91
08-31 17:46:36.857 12826 12894 D UMLog   : : 90 https://developer.umeng.com/docs/66632/detail/66976?um_channel=sdk
08-31 17:46:36.865 12826 12826 I BLOG    : [main] onActivityResumed: cn.missevan.activity.MainActivity@8a6b3f0
08-31 17:46:36.870 12826 12826 D OpenGLRenderer: Skia GL Pipeline
08-31 17:46:36.887  1724  3997 E WindowManager: App trying to use insecure INPUT_FEATURE_NO_INPUT_CHANNEL flag. Ignoring
08-31 17:46:36.902 12826 12826 I NAccs.MsgDistributeService:  handleMessage on receive msg msg:{ id=39 when=-947ms what=0 target=com.taobao.accs.data.j }
08-31 17:46:36.903 12826 12826 I NAccs.MsgDistributeService:  handleMessage get intent success intent:Intent { act=com.taobao.accs.intent.action.RECEIVE pkg=cn.missevan cmp=cn.missevan/com.taobao.accs.data.MsgDistributeService (has extras) }
08-31 17:46:36.903 12826 12826 I NAccs.MsgDistributeService:  onStartCommand action:com.taobao.accs.intent.action.RECEIVE
08-31 17:46:36.903 12826 12826 I NAccs.MsgDistributeService:  onStartCommand distribute message
08-31 17:46:36.903 12826 12826 E NAccs.MsgDistribute:  distribMessage dataId:
08-31 17:46:36.904 12826 12910 E NAccs.MsgDistribute:  distribute ready action:com.taobao.accs.intent.action.RECEIVE dataId: serviceId:
08-31 17:46:36.904 12826 12910 D NAccs.MsgDistribute:  distribute start appkey: config:
08-31 17:46:36.904 12826 12910 D NAccs.MsgDistribute:  handleControlMsg configTag: dataId: serviceId: command:103 errorCode:0 appReceiver:
08-31 17:46:36.904 12826 12910 E NAccs.MsgDistribute:  handBroadCastMsg command:103
08-31 17:46:36.905 12826 12910 D NAccs.MsgDistribute:  handBroadCastMsg ACTION_CONNECT_INFO ConnectInfo{host='https://umengacs.m.taobao.com', isInapp=true, isCenterHost=true, connected=true, errorCode=0, errorDetail='null'}
08-31 17:46:36.906 12826 12826 D LeakCanary: Watching instance of com.umeng.message.component.UmengMessageHandlerService (com.umeng.message.component.UmengMessageHandlerService received Service#onDestroy() callback) with key 5b1c371e-a58f-4ee8-990c-e1fb83fc15c3
08-31 17:46:36.906 12826 12826 E NAccs.a :  onResponse start dataId:1661939195979.3 serviceId:AgooDeviceCmd
08-31 17:46:36.907 12826 12826 I NAccs.RequestListener:  RequestListener onResponse dataId:1661939195979.3 listener:com.umeng.message.proguard.t$4@8a2f3f5 json:{"resultCode":"success","cmd":"enablePush"}
08-31 17:46:36.907 12826 12826 D UPush.Impl: push enable success.
08-31 17:46:36.907 12826 12826 I UPush.BaseService: enqueue cls:UmengMessageHandlerService
08-31 17:46:36.907 12826 12826 I UPush.BaseService: jobId:21000
08-31 17:46:36.911  1724  3997 D CompatibilityInfo: mCompatibilityFlags - 0
08-31 17:46:36.911  1724  3997 D CompatibilityInfo: applicationDensity - 480
08-31 17:46:36.911  1724  3997 D CompatibilityInfo: applicationScale - 1.0
08-31 17:46:36.912  1724 13522 I PackageManager: ### pkg:Package{29d4131 cn.missevan}
08-31 17:46:36.912 12826 12826 E NAccs.a :  onResponse end dataId:1661939195979.3
08-31 17:46:36.916 12826 12826 W PlayUtils: [main] MediaBrowser disconnected. checkPosition = true
08-31 17:46:36.917 12826 12826 I NowPlayingFragmentVM: [main] MediaBrowser disconnected.
08-31 17:46:36.918  1724  3997 D PackageManager: package:10092 check permission,PERMISSION_GRANTED
08-31 17:46:36.918 12826 12826 D PlayUtils: [main] reset playback position.
08-31 17:46:36.920 12826 12826 I NowPlayingFragmentVM: [main] PlayingViewModel playbackState onChanged  STATE_NONE, playbackSpeed = 1.0
08-31 17:46:36.923  1724  3997 D PackageManager: package:1000 check permission,PERMISSION_GRANTED
08-31 17:46:36.923  1724  3997 D PackageManager: package:1000 check permission,PERMISSION_GRANTED
08-31 17:46:36.932 12826 12927 I httpdns.holder.native: [RxCachedThreadScheduler-1] host rules *.maoercdn.com, *.bilivideo.com, *.missevan.com.
08-31 17:46:36.932 12826 12826 I BLOG    : [main] SobotSessionServer  ---> onCreate
08-31 17:46:36.933 12826 12927 I httpdns.holder.native: [RxCachedThreadScheduler-1] Init native httpdns with provider ali.
08-31 17:46:36.954  1724  1855 I ActivityManager: Start proc 13012:cn.missevan:player/u0a598 for service cn.missevan/.play.player.PlayerService
08-31 17:46:36.959 13012 13012 I missevan:playe: Late-enabling -Xcheck:jni
08-31 17:46:36.962 12826 12927 I cr_BiliCrLibraryLoader: BiliCr version: 88.0.4324.188, arch: aarch64
08-31 17:46:36.963 12826 12927 W chromium: [0831/174636.963091:WARNING:httpdns_adapter.cc(290)] HttpDns init
08-31 17:46:36.974  1724  2893 D ConnectivityService: requestNetwork for uid/pid:10598/12826 NetworkRequest [ TRACK_DEFAULT id=734, [ Capabilities: INTERNET&NOT_RESTRICTED&TRUSTED Unwanted:  Uid: 10598] ]
08-31 17:46:36.975  1724  2157 D Ethernet: got request NetworkRequest [ TRACK_DEFAULT id=734, [ Capabilities: INTERNET&NOT_RESTRICTED&TRUSTED Unwanted:  Uid: 10598] ] with score 60
08-31 17:46:36.975  1724  2084 D ConnectivityService: isWifiPoorLink:false, nai.everValidated:true, networkType:1, networkDetailedState:CONNECTED, nai.isLingering():false, unneeded(nai, UnneededFor.TEARDOWN):false
08-31 17:46:36.975  1724  2070 D WIFI    : got request NetworkRequest [ TRACK_DEFAULT id=734, [ Capabilities: INTERNET&NOT_RESTRICTED&TRUSTED Unwanted:  Uid: 10598] ] with score 60
08-31 17:46:36.975  1724  2070 D WIFI_UT : got request NetworkRequest [ TRACK_DEFAULT id=734, [ Capabilities: INTERNET&NOT_RESTRICTED&TRUSTED Unwanted:  Uid: 10598] ] with score 60
08-31 17:46:36.976  2831  2831 D PhoneSwitcherNetworkRequstListener: got request NetworkRequest [ TRACK_DEFAULT id=734, [ Capabilities: INTERNET&NOT_RESTRICTED&TRUSTED Unwanted:  Uid: 10598] ] with score 60
08-31 17:46:36.977 12826 12826 W MainActivityViewModel: [main] DownloadFileResolver, Start process local downloaded files!!!
08-31 17:46:36.993 12826 12881 I DownloadFileResolver: [DefaultDispatcher-worker-1] Found downloaded files: 0
08-31 17:46:36.979  1724  2084 D ConnectivityService: isWifiPoorLink:false, nai.everValidated:true, networkType:1, networkDetailedState:CONNECTED, nai.isLingering():false, unneeded(nai, UnneededFor.TEARDOWN):false
08-31 17:46:37.000 12826 13019 I chromium: [0831/174637.000741:INFO:httpdns.cc(234)] OnEffectiveConnectionTypeChanged called by httpdns context networks 5
08-31 17:46:37.008 12826 13005 D SentryLog: [SentryAsyncConnection-0] Envelope sent successfully.
08-31 17:46:37.010 12826 13005 D SentryLog: [SentryAsyncConnection-0] Discarding envelope from cache: /data/user/0/cn.missevan/cache/sentry/ff472a61-594b-48d4-924d-d7d02bc0a7e0.envelope
08-31 17:46:37.013 12826 13005 D SentryLog: [SentryAsyncConnection-0] Envelope flushed
08-31 17:46:37.016 12826 13005 D SentryLog: [SentryAsyncConnection-0] Adding Envelope to offline storage: /data/user/0/cn.missevan/cache/sentry/313fd509397d4e88af7aa2ee2ef4fc95.envelope
08-31 17:46:37.036  1724 16084 D CompatibilityInfo: mCompatibilityFlags - 0
08-31 17:46:37.036  1724 16084 D CompatibilityInfo: applicationDensity - 480
08-31 17:46:37.036  1724 16084 D CompatibilityInfo: applicationScale - 1.0
08-31 17:46:37.038  1724 16084 D CompatibilityInfo: mCompatibilityFlags - 0
08-31 17:46:37.038  1724 16084 D CompatibilityInfo: applicationDensity - 480
08-31 17:46:37.038  1724 16084 D CompatibilityInfo: applicationScale - 1.0
08-31 17:46:37.041  1724 16084 D CompatibilityInfo: mCompatibilityFlags - 0
08-31 17:46:37.041  1724 16084 D CompatibilityInfo: applicationDensity - 480
08-31 17:46:37.041  1724 16084 D CompatibilityInfo: applicationScale - 1.0
08-31 17:46:37.068 17295 18614 I SocketReaderNewtrue: SocketReader(5003) continue
08-31 17:46:37.068 17295 18614 D MSF.C.NetConnTag.true: MsfCoreSocketReaderNew closeConn socketEngineID: 0 socket hashcode: 0 for reason: readError
08-31 17:46:37.069 17295 18614 E MSF.C.NetConnTag.true: conn is already closed on readError closeConn socketEngineID: 0 socket hashcode: 0java.lang.Throwable
08-31 17:46:37.069 17295 18614 E MSF.C.NetConnTag.true: 	at com.tencent.mobileqq.msf.core.net.m.b(P:27)
08-31 17:46:37.069 17295 18614 E MSF.C.NetConnTag.true: 	at com.tencent.mobileqq.msf.core.net.m$b.run(P:24)
08-31 17:46:37.069 17295 18614 E SocketReaderNewtrue: socketEngine: 0socket hashCode: 0SocketReader(5003) errorjava.net.SocketException: Socket is closed
08-31 17:46:37.069 17295 18614 I SocketReaderNewtrue: SocketReader(5003) wait
08-31 17:46:37.082 12826 13005 D SentryLog: [SentryAsyncConnection-0] Serializing object: {"start_timestamp":"2022-08-31T09:46:36.031Z","timestamp":"2022-08-31T09:46:36.817Z","transaction":"MainActivity","type":"transaction","breadcrumbs":[{"category":"ui.lifecycle","data":{"screen":"SplashActivity","state":"created"},"level":"info","timestamp":"2022-08-31T09:46:35.730Z","type":"navigation"},{"category":"ui.lifecycle","data":{"screen":"MainActivity","state":"created"},"level":"info","timestamp":"2022-08-31T09:46:36.028Z","type":"navigation"},{"category":"ui.lifecycle","data":{"screen":"MainActivity","state":"started"},"level":"info","timestamp":"2022-08-31T09:46:36.529Z","type":"navigation"},{"category":"app.lifecycle","data":{"state":"start"},"level":"info","timestamp":"2022-08-31T09:46:36.804Z","type":"session"},{"category":"app.lifecycle","data":{"state":"foreground"},"level":"info","timestamp":"2022-08-31T09:46:36.809Z","type":"navigation"},{"category":"ui.lifecycle","data":{"screen":"MainActivity","state":"resumed"},"level":"info","timestamp":"2022-08-31T09:46:36.816Z","type":"navigation"}],"contexts":{"app":{"app_build":"5070300","app_identifier":"cn.missevan","app_name":"FM","app_start_time":"2022-08-31T09:46:33.974Z","app_version":"5.7.3"},"trace":{"op":"ui.load","span_id":"d87fa75b7c994d8f","status":"ok","trace_id":"c3302cd9792f49a2b1e3d22bfdca0881"},"os":{"build":"PKQ1.180819.001 release-keys","kernel_version":"4.4.153-perf+","name":"Android","rooted":false,"version":"9"},"device":{"archs":["arm64-v8a","armeabi-v7a","armeabi"],"boot_time":"2022-08-25T10:38:05.455Z","brand":"vivo","family":"vivo","id":"05b9bfa2-7716-46f2-a2b3-b6c35103f2e0","language":"zh","locale":"zh_CN","manufacturer":"vivo","model":"vivo X21A","model_id":"PKQ1.180819.001","name":"vivo X21A","orientation":"portrait","screen_density":3.0,"screen_dpi":480,"screen_height_pixels":2075,"screen_width_pixels":1080,"simulator":false,"timezone":"Asia/Shanghai"}},"dist":"5070300","environment":"staging","event_id":"313fd509397d4e88af7aa2ee2ef4fc95","platform":"java","release":"cn.missevan@5.7.3+5070300","sdk":{"name":"sentry.java.android","packages":[{"name":"maven:io.sentry:sentry","version":"5.6.3"},{"name":"maven:io.sentry:sentry-android-core","version":"5.6.3"},{"name":"maven:io.sentry:sentry-android-ndk","version":"5.6.3"}],"version":"5.6.3"},"tags":{"equip_id":"630d9738-875a-168e-f0af-16c345660c09","installerStore":"com.android.packageinstaller","buvid":"XY277FF2DFB139F19721118D30677E832AAF4","channel":"missevan","version_code":"5070300","isSideLoaded":"false","commitId":"f1c5ee8-64-debug","version":"5.7.3"},"user":{"id":"14241060","other":{"equip_id":"630d9738-875a-168e-f0af-16c345660c09","buvid":"XY277FF2DFB139F19721118D30677E832AAF4"},"username":""}}
08-31 17:46:37.092 13012 13012 I missevan:playe: The ClassLoaderContext is a special shared library.
08-31 17:46:37.104 12826 13008 I Adreno  : QUALCOMM build                   : 9128d71, Ib33d3e8e13
08-31 17:46:37.104 12826 13008 I Adreno  : Build Date                       : 11/02/18
08-31 17:46:37.104 12826 13008 I Adreno  : OpenGL ES Shader Compiler Version: EV031.25.03.01
08-31 17:46:37.104 12826 13008 I Adreno  : Local Branch                     :
08-31 17:46:37.104 12826 13008 I Adreno  : Remote Branch                    :
08-31 17:46:37.104 12826 13008 I Adreno  : Remote Branch                    :
08-31 17:46:37.104 12826 13008 I Adreno  : Reconstruct Branch               :
08-31 17:46:37.104 12826 13008 I Adreno  : Build Config                     : S L 6.0.7 AArch64
08-31 17:46:37.111 12826 13008 I Adreno  : PFP: 0x005ff112, ME: 0x005ff066
08-31 17:46:37.117 12826 13008 I ConfigStore: android::hardware::configstore::V1_0::ISurfaceFlingerConfigs::hasWideColorDisplay retrieved: 0
08-31 17:46:37.117 12826 13008 I ConfigStore: android::hardware::configstore::V1_0::ISurfaceFlingerConfigs::hasHDRDisplay retrieved: 0
08-31 17:46:37.117 12826 13008 I OpenGLRenderer: Initialized EGL, version 1.4
08-31 17:46:37.117 12826 13008 D OpenGLRenderer: Swap behavior 2
08-31 17:46:37.147 12826 12826 I BLOG    : [main] MyNetWorkChangeReceiver action=android.net.conn.CONNECTIVITY_CHANGE
08-31 17:46:37.198 12826 13005 D SentryLog: [SentryAsyncConnection-0] Envelope sent successfully.
08-31 17:46:37.201 12826 13005 D SentryLog: [SentryAsyncConnection-0] Discarding envelope from cache: /data/user/0/cn.missevan/cache/sentry/313fd509397d4e88af7aa2ee2ef4fc95.envelope
08-31 17:46:37.203 12826 13005 D SentryLog: [SentryAsyncConnection-0] Envelope flushed
08-31 17:46:37.212  1724  1877 I ActivityManager: Displayed cn.missevan/.activity.MainActivity: +1s274ms (total +5s870ms)
08-31 17:46:37.252 12826 12971 I UPush.BaseService: onHandleWork
08-31 17:46:37.253 12590 12590 I UnicodeIME: onFinishInput:
08-31 17:46:37.252 12826 12971 I UPush.MessageHandlerService: action: com.umeng.message.action command:enable
08-31 17:46:37.253 12826 12971 I UPush.MessageHandlerService: push open status:true
08-31 17:46:37.253 12590 12590 I UnicodeIME: onStartInput
08-31 17:46:37.273 12738 12805 I appium  : channel read: GET /wd/hub/session/d963ad08-b6c1-4277-bc84-c0c20b577fab/appium/device/pixel_ratio
08-31 17:46:37.273 12826 12933 I BLOG    : [RxCachedThreadScheduler-2] HTTP request: [2022-08-31T09:46:36.554Z] GET https://data.uat.missevan.com/v2/site/notifications?active=1 200 666ms 0
08-31 17:46:37.275 12738 12805 I appium  : GetDevicePixelRatio command
08-31 17:46:37.275 12738 12805 I appium  : Get device pixel ratio
08-31 17:46:37.281 12738 12805 I appium  : AppiumResponse: {"sessionId":"d963ad08-b6c1-4277-bc84-c0c20b577fab","value":3.0}
08-31 17:46:37.283 12826 12979 I UPush.Prefs: type:user_id,alias:umeng:dev14241060,exclusive:0
08-31 17:46:37.292 12826 12934 I CronetEngine: [thread_background]
08-31 17:46:37.292 12826 12934 I CronetEngine: url: https://data.uat.missevan.com/v2/site/notifications?active=1
08-31 17:46:37.292 12826 12934 I CronetEngine:  ip: 10.21.250.10
08-31 17:46:37.292 12826 12934 I CronetEngine:  hostResolverProvider: system
08-31 17:46:37.292 12826 12934 I CronetEngine:  hostResolveIps: ["10.21.250.10"]
08-31 17:46:37.292 12826 12934 I CronetEngine:
08-31 17:46:37.297 12826 12935 I BLOG    : [RxCachedThreadScheduler-3] HTTP request: [2022-08-31T09:46:36.069Z] GET https://fm.uat.missevan.com/api/user/info 200 1189ms 0
08-31 17:46:37.298 12826 12979 I UPush.Prefs: count:1
08-31 17:46:37.298 12826 12979 I UPush.Prefs: typeTmp:user_id,aliasTmp:umeng:dev14241060,type:user_id,alias:umeng:dev14241060
08-31 17:46:37.299 12826 12979 D UPush.Track: addAlias: <dev14241060, user_id> has been synced to the server before. Ignore this request
08-31 17:46:37.305 12826 12934 I CronetEngine: [thread_background]
08-31 17:46:37.305 12826 12934 I CronetEngine: url: https://fm.uat.missevan.com/api/user/info
08-31 17:46:37.305 12826 12934 I CronetEngine:  ip: 10.21.250.10
08-31 17:46:37.305 12826 12934 I CronetEngine:  hostResolverProvider: system
08-31 17:46:37.305 12826 12934 I CronetEngine:  hostResolveIps: ["10.21.250.10"]
08-31 17:46:37.305 12826 12934 I CronetEngine:
08-31 17:46:37.314 12738 12805 I appium  : channel read: GET /wd/hub/session/d963ad08-b6c1-4277-bc84-c0c20b577fab/appium/device/system_bars
08-31 17:46:37.315 12826 12934 I CronetEngine: [thread_background]
08-31 17:46:37.315 12826 12934 I CronetEngine: url: https://app.uat.missevan.com/site/tabs
08-31 17:46:37.315 12826 12934 I CronetEngine:  ip: 10.21.250.10
08-31 17:46:37.315 12826 12934 I CronetEngine:  hostResolverProvider:
08-31 17:46:37.315 12826 12934 I CronetEngine:  hostResolveIps: []
08-31 17:46:37.315 12826 12934 I CronetEngine:
08-31 17:46:37.316 12738 12805 I appium  : GetSystemBars command
08-31 17:46:37.317 12738 12805 I appium  : Get status bar height of the device
08-31 17:46:37.320 12826 12944 I BLOG    : [RxCachedThreadScheduler-5] HTTP request: [2022-08-31T09:46:36.785Z] GET https://app.uat.missevan.com/site/tabs 200 523ms 0
08-31 17:46:37.322 12826 12826 E libc    : Access denied finding property "persist.vendor.radio.msim.stackid_0"
08-31 17:46:37.326 12738 12805 I appium  : AppiumResponse: {"sessionId":"d963ad08-b6c1-4277-bc84-c0c20b577fab","value":{"statusBar":84}}
08-31 17:46:37.329 12826 12826 E SecurityException: [main] java.lang.SecurityException: getImeiForSlot
08-31 17:46:37.329 12826 12826 E SecurityException: 	at android.os.Parcel.createException(Parcel.java:1950)
08-31 17:46:37.329 12826 12826 E SecurityException: 	at android.os.Parcel.readException(Parcel.java:1918)
08-31 17:46:37.329 12826 12826 E SecurityException: 	at android.os.Parcel.readException(Parcel.java:1868)
08-31 17:46:37.329 12826 12826 E SecurityException: 	at com.android.internal.telephony.ITelephony$Stub$Proxy.getImeiForSlot(ITelephony.java:5514)
08-31 17:46:37.329 12826 12826 E SecurityException: 	at android.telephony.TelephonyManager.getImei(TelephonyManager.java:1331)
08-31 17:46:37.329 12826 12826 E SecurityException: 	at cn.missevan.lib.utils.t.i(SourceFile:294)
08-31 17:46:37.329 12826 12826 E SecurityException: 	at cn.missevan.lib.utils.s.getImei(SourceFile:102)
08-31 17:46:37.329 12826 12826 E SecurityException: 	at cn.missevan.library.baseapp.BaseApplication.getImei(SourceFile:725)
08-31 17:46:37.329 12826 12826 E SecurityException: 	at cn.missevan.library.statistics.StatisticsTable.getDeviceId(SourceFile:186)
08-31 17:46:37.329 12826 12826 E SecurityException: 	at java.lang.reflect.Method.invoke(Native Method)
08-31 17:46:37.329 12826 12826 E SecurityException: 	at com.alibaba.fastjson.util.FieldInfo.get(SourceFile:571)
08-31 17:46:37.329 12826 12826 E SecurityException: 	at com.alibaba.fastjson.serializer.FieldSerializer.getPropertyValueDirect(SourceFile:143)
08-31 17:46:37.329 12826 12826 E SecurityException: 	at com.alibaba.fastjson.serializer.JavaBeanSerializer.write(SourceFile:284)
08-31 17:46:37.329 12826 12826 E SecurityException: 	at com.alibaba.fastjson.serializer.JavaBeanSerializer.write(SourceFile:154)
08-31 17:46:37.329 12826 12826 E SecurityException: 	at com.alibaba.fastjson.serializer.ListSerializer.write(SourceFile:135)
08-31 17:46:37.329 12826 12826 E SecurityException: 	at com.alibaba.fastjson.serializer.JSONSerializer.write(SourceFile:312)
08-31 17:46:37.329 12826 12826 E SecurityException: 	at com.alibaba.fastjson.JSON.toJSONString(SourceFile:793)
08-31 17:46:37.329 12826 12826 E SecurityException: 	at com.alibaba.fastjson.JSON.toJSONString(SourceFile:731)
08-31 17:46:37.329 12826 12826 E SecurityException: 	at com.alibaba.fastjson.JSON.toJSONString(SourceFile:688)
08-31 17:46:37.329 12826 12826 E SecurityException: 	at cn.missevan.play.hook.StatisticsCommonImpl.buildBody(SourceFile:110)
08-31 17:46:37.329 12826 12826 E SecurityException: 	at cn.missevan.play.hook.StatisticsCommonImpl.sendLog(SourceFile:78)
08-31 17:46:37.329 12826 12826 E SecurityException: 	at cn.missevan.play.hook.AbsStatistics.sendRequestDatas(SourceFile:96)
08-31 17:46:37.329 12826 12826 E SecurityException: 	at cn.missevan.play.hook.StatisticsCommonImpl.lambda$reportData$1$StatisticsCommonImpl(SourceFile:69)
08-31 17:46:37.329 12826 12826 E SecurityException: 	at cn.missevan.play.hook.-$$Lambda$StatisticsCommonImpl$1ihaZTd5OL23Up_e7q_C9AiHJ0Q.accept(Unknown Source:4)
08-31 17:46:37.329 12826 12826 E SecurityException: 	at io.a.g.d.u.onNext(SourceFile:63)
08-31 17:46:37.329 12826 12826 E SecurityException: 	at io.a.g.e.e.cd$a.ccg(SourceFile:201)
08-31 17:46:37.329 12826 12826 E SecurityException: 	at io.a.g.e.e.cd$a.run(SourceFile:255)
08-31 17:46:37.329 12826 12826 E SecurityException: 	at io.a.a.b.b$b.run(SourceFile:124)
08-31 17:46:37.329 12826 12826 E SecurityException: 	at android.os.Handler.handleCallback(Handler.java:873)
08-31 17:46:37.329 12826 12826 E SecurityException: 	at android.os.Handler.dispatchMessage(Handler.java:99)
08-31 17:46:37.329 12826 12826 E SecurityException: 	at android.os.Looper.loop(Looper.java:224)
08-31 17:46:37.329 12826 12826 E SecurityException: 	at android.app.ActivityThread.main(ActivityThread.java:7042)
08-31 17:46:37.329 12826 12826 E SecurityException: 	at java.lang.reflect.Method.invoke(Native Method)
08-31 17:46:37.329 12826 12826 E SecurityException: 	at com.android.internal.os.RuntimeInit$MethodAndArgsCaller.run(RuntimeInit.java:536)
08-31 17:46:37.329 12826 12826 E SecurityException: 	at com.android.internal.os.ZygoteInit.main(ZygoteInit.java:868)
08-31 17:46:37.329 12826 12826 E SecurityException:
08-31 17:46:37.329 12826 12979 I Umeng   : [UPush-4] userId: alias:dev14241060
08-31 17:46:37.330 12826 12934 I CronetEngine: [thread_background]
08-31 17:46:37.330 12826 12934 I CronetEngine: url: https://app.uat.missevan.com/site/config
08-31 17:46:37.330 12826 12934 I CronetEngine:  ip: 10.21.250.10
08-31 17:46:37.330 12826 12934 I CronetEngine:  hostResolverProvider:
08-31 17:46:37.330 12826 12934 I CronetEngine:  hostResolveIps: []
08-31 17:46:37.330 12826 12934 I CronetEngine:
08-31 17:46:37.315 12826 12826 W cn.missevan: type=1400 audit(0.0:49965): avc: denied { read } for name="u:object_r:vendor_radio_prop:s0" dev="tmpfs" ino=12528 scontext=u:r:untrusted_app:s0:c86,c258,c512,c768 tcontext=u:object_r:vendor_radio_prop:s0 tclass=file permissive=0
08-31 17:46:37.339 12826 12934 I CronetEngine: [thread_background]
08-31 17:46:37.339 12826 12934 I CronetEngine: url: https://app.uat.missevan.com/site/get-emote
08-31 17:46:37.339 12826 12934 I CronetEngine:  ip: 10.21.250.10
08-31 17:46:37.339 12826 12934 I CronetEngine:  hostResolverProvider:
08-31 17:46:37.339 12826 12934 I CronetEngine:  hostResolveIps: []
08-31 17:46:37.339 12826 12934 I CronetEngine:
08-31 17:46:37.343 12826 12979 I UPush.Prefs: type:uuid,alias:umeng:dev630d9738-875a-168e-f0af-16c345660c09,exclusive:0
08-31 17:46:37.344 12738 12805 I appium  : channel read: GET /wd/hub/session/d963ad08-b6c1-4277-bc84-c0c20b577fab/window/current/size
08-31 17:46:37.344 12826 12979 I UPush.Prefs: count:1
08-31 17:46:37.345 12826 12979 I UPush.Prefs: typeTmp:uuid,aliasTmp:umeng:dev630d9738-875a-168e-f0af-16c345660c09,type:uuid,alias:umeng:dev630d9738-875a-168e-f0af-16c345660c09
08-31 17:46:37.345 12826 12979 D UPush.Track: addAlias: <dev630d9738-875a-168e-f0af-16c345660c09, uuid> has been synced to the server before. Ignore this request
08-31 17:46:37.346 12738 12805 I appium  : GetDeviceSize command
08-31 17:46:37.346 12738 12805 I appium  : Get window size of the device
08-31 17:46:37.347 12826 12943 I BLOG    : [RxCachedThreadScheduler-4] HTTP request: [2022-08-31T09:46:36.752Z] GET https://app.uat.missevan.com/site/get-emote 200 562ms 0
08-31 17:46:37.356 12738 12805 I appium  : AppiumResponse: {"sessionId":"d963ad08-b6c1-4277-bc84-c0c20b577fab","value":{"height":2075,"width":1080}}
08-31 17:46:37.370 12826 12979 I Umeng   : [UPush-4] equipId: alias:dev630d9738-875a-168e-f0af-16c345660c09
08-31 17:46:37.376 12826 12979 I UPush.Prefs: type:buvid,alias:umeng:devXY277FF2DFB139F19721118D30677E832AAF4,exclusive:0
08-31 17:46:37.378 12826 12979 I UPush.Prefs: count:1
08-31 17:46:37.378 12826 12979 I UPush.Prefs: typeTmp:buvid,aliasTmp:umeng:devXY277FF2DFB139F19721118D30677E832AAF4,type:buvid,alias:umeng:devXY277FF2DFB139F19721118D30677E832AAF4
08-31 17:46:37.379 12826 12979 D UPush.Track: addAlias: <devXY277FF2DFB139F19721118D30677E832AAF4, buvid> has been synced to the server before. Ignore this request
08-31 17:46:37.381  1724  2023 I Letterbox: setColorInner, color = ffffffff, callers = com.android.server.wm.VivoBaseLetterbox$VivoBaseLetterboxSurface.setColor:66 com.android.server.wm.VivoBaseLetterbox.setColors:46 com.android.server.wm.VivoBaseAppWindowToken.updateLetterboxColor:323 com.android.server.wm.VivoBaseAppWindowToken.updateLetterboxSurface:82 com.android.server.wm.AppWindowToken.updateLetterboxSurface:1669
08-31 17:46:37.389   717  2381 I chatty  : uid=1000(system) Binder:717_4 expire 3 lines
08-31 17:46:37.394 12826 13003 D SentryLog: [RxCachedThreadScheduler-6] Capturing transaction: 4fe23aaa1ed941deb3f8e4068734ddaa
08-31 17:46:37.394 12826 12979 I Umeng   : [UPush-4] buvid: alias:devXY277FF2DFB139F19721118D30677E832AAF4
08-31 17:46:37.397 12826 12934 I CronetEngine: [thread_background]
08-31 17:46:37.397 12826 12934 I CronetEngine: url: https://app.uat.missevan.com/site/launch?app_sign=926d1dd5ca9cbb9704250acdd3c95abb&supported_abis=arm64-v8a%2Carmeabi-v7a%2Carmeabi&runtime_abi=arm64-v8a&version_code=5070300
08-31 17:46:37.397 12826 12934 I CronetEngine:  ip: 10.21.250.10
08-31 17:46:37.397 12826 12934 I CronetEngine:  hostResolverProvider: system
08-31 17:46:37.397 12826 12934 I CronetEngine:  hostResolveIps: ["10.21.250.10"]
08-31 17:46:37.397 12826 12934 I CronetEngine:
08-31 17:46:37.404 12826 13005 D SentryLog: [SentryAsyncConnection-0] Adding Envelope to offline storage: /data/user/0/cn.missevan/cache/sentry/4fe23aaa1ed941deb3f8e4068734ddaa.envelope
08-31 17:46:37.408 12826 13003 I BLOG    : [RxCachedThreadScheduler-6] HTTP request: [2022-08-31T09:46:36.796Z] GET https://app.uat.missevan.com/site/launch?app_sign=926d1dd5ca9cbb9704250acdd3c95abb&supported_abis=arm64-v8a%2Carmeabi-v7a%2Carmeabi&runtime_abi=arm64-v8a&version_code=5070300 200 592ms 0
08-31 17:46:37.436 12826 13005 D SentryLog: [SentryAsyncConnection-0] Serializing object: {"measurements":{"app_start_cold":{"value":2841.0}},"spans":[{"description":"Cold Start","op":"app.start.cold","parent_span_id":"69f2ac3725034300","span_id":"07e439c5bc6047ff","start_timestamp":"2022-08-31T09:46:33.974Z","timestamp":"2022-08-31T09:46:36.815Z","trace_id":"e2fcd887287b42619e2fa80df00192d8"},{"description":"GET https://data.uat.missevan.com/v2/site/notifications?active=1","op":"http.client","parent_span_id":"07e439c5bc6047ff","span_id":"1b9a40bd98d4443c","start_timestamp":"2022-08-31T09:46:36.552Z","status":"ok","timestamp":"2022-08-31T09:46:37.268Z","trace_id":"e2fcd887287b42619e2fa80df00192d8"},{"description":"GET https://app.uat.missevan.com/site/tabs","op":"http.client","parent_span_id":"1b9a40bd98d4443c","span_id":"329108170d554ca1","start_timestamp":"2022-08-31T09:46:36.784Z","status":"ok","timestamp":"2022-08-31T09:46:37.315Z","trace_id":"e2fcd887287b42619e2fa80df00192d8"},{"description":"GET https://app.uat.missevan.com/site/launch?app_sign=926d1dd5ca9cbb9704250acdd3c95abb&supported_abis=arm64-v8a%2Carmeabi-v7a%2Carmeabi&runtime_abi=arm64-v8a&version_code=5070300","op":"http.client","parent_span_id":"329108170d554ca1","span_id":"ced560881fb84ceb","start_timestamp":"2022-08-31T09:46:36.795Z","status":"ok","timestamp":"2022-08-31T09:46:37.392Z","trace_id":"e2fcd887287b42619e2fa80df00192d8"}],"start_timestamp":"2022-08-31T09:46:33.974Z","timestamp":"2022-08-31T09:46:37.392Z","transaction":"SplashActivity","type":"transaction","breadcrumbs":[{"category":"ui.lifecycle","data":{"screen":"SplashActivity","state":"created"},"level":"info","timestamp":"2022-08-31T09:46:35.730Z","type":"navigation"},{"category":"ui.lifecycle","data":{"screen":"MainActivity","state":"created"},"level":"info","timestamp":"2022-08-31T09:46:36.028Z","type":"navigation"},{"category":"ui.lifecycle","data":{"screen":"MainActivity","state":"started"},"level":"info","timestamp":"2022-08-31T09:46:36.529Z","type":"navigation"},{"category":"app.lifecycle","data":{"state":"start"},"level":"info","timestamp":"2022-08-31T09:46:36.804Z","type":"session"},{"category":"app.lifecycle","data":{"state":"foreground"},"level":"info","timestamp":"2022-08-31T09:46:36.809Z","type":"navigation"},{"category":"ui.lifecycle","data":{"screen":"MainActivity","state":"resumed"},"level":"info","timestamp":"2022-08-31T09:46:36.816Z","type":"navigation"},{"category":"http","data":{"status_code":200,"method":"GET","url":"https://data.uat.missevan.com/v2/site/notifications?active=1","response_body_size":36},"timestamp":"2022-08-31T09:46:37.268Z","type":"http"},{"category":"http","data":{"status_code":200,"method":"GET","url":"https://fm.uat.missevan.com/api/user/info","response_body_size":2629},"timestamp":"2022-08-31T09:46:37.272Z","type":"http"},{"category":"http","data":{"status_code":200,"method":"GET","url":"https://app.uat.missevan.com/site/tabs","response_body_size":410},"timestamp":"2022-08-31T09:46:37.315Z","type":"http"},{"category":"http","data":{"status_code":200,"method":"GET","url":"https://app.uat.missevan.com/site/config","response_body_size":8732},"timestamp":"2022-08-31T09:46:37.330Z","type":"http"}],"contexts":{"app":{"app_build":"5070300","app_identifier":"cn.missevan","app_name":"FM","app_start_time":"2022-08-31T09:46:33.974Z","app_version":"5.7.3"},"trace":{"op":"ui.load","span_id":"69f2ac3725034300","status":"ok","trace_id":"e2fcd887287b42619e2fa80df00192d8"},"os":{"build":"PKQ1.180819.001 release-keys","kernel_version":"4.4.153-perf+","name":"Android","rooted":false,"version":"9"},"device":{"archs":["arm64-v8a","armeabi-v7a","armeabi"],"boot_time":"2022-08-25T10:38:05.455Z","brand":"vivo","family":"vivo","id":"05b9bfa2-7716-46f2-a2b3-b6c35103f2e0","language":"zh","locale":"zh_CN","manufacturer":"vivo","model":"vivo X21A","model_id":"PKQ1.180819.001","name":"vivo X21A","orientation":"portrait","screen_density":3.0,"screen_dpi":480,"screen_height_pixels":2075,"screen_width_pixels":1080,"simulator":false,"timezone":"Asia/Shan
08-31 17:46:37.436 12826 13005 D SentryLog: ghai"}},"dist":"5070300","environment":"staging","event_id":"4fe23aaa1ed941deb3f8e4068734ddaa","platform":"java","release":"cn.missevan@5.7.3+5070300","sdk":{"name":"sentry.java.android","packages":[{"name":"maven:io.sentry:sentry","version":"5.6.3"},{"name":"maven:io.sentry:sentry-android-core","version":"5.6.3"},{"name":"maven:io.sentry:sentry-android-ndk","version":"5.6.3"}],"version":"5.6.3"},"tags":{"equip_id":"630d9738-875a-168e-f0af-16c345660c09","installerStore":"com.android.packageinstaller","buvid":"XY277FF2DFB139F19721118D30677E832AAF4","channel":"missevan","version_code":"5070300","isSideLoaded":"false","commitId":"f1c5ee8-64-debug","version":"5.7.3"},"user":{"id":"14241060","other":{"equip_id":"630d9738-875a-168e-f0af-16c345660c09","buvid":"XY277FF2DFB139F19721118D30677E832AAF4"},"username":""}}
08-31 17:46:37.555 12826 13005 D SentryLog: [SentryAsyncConnection-0] Envelope sent successfully.
08-31 17:46:37.558 12826 13005 D SentryLog: [SentryAsyncConnection-0] Discarding envelope from cache: /data/user/0/cn.missevan/cache/sentry/4fe23aaa1ed941deb3f8e4068734ddaa.envelope
08-31 17:46:37.562 12826 13005 D SentryLog: [SentryAsyncConnection-0] Envelope flushed
08-31 17:46:37.658 12826 12826 D LeakCanary: Watching instance of com.umeng.message.component.UmengMessageHandlerService (com.umeng.message.component.UmengMessageHandlerService received Service#onDestroy() callback) with key f5870a5b-4aa5-4e21-a315-fca846cae4c3
08-31 17:46:37.660 12826 12826 I BLOG    : [main] launch api success
08-31 17:46:37.672 12826 12826 I SplashFragment: [main] waitContinue action executing, launch api is success
08-31 17:46:37.673 12826 12826 I SplashFragment: [main] initCustomStartSound
08-31 17:46:37.772 12826 12934 I CronetEngine: [thread_background]
08-31 17:46:37.772 12826 12934 I CronetEngine: url: https://data.uat.missevan.com/statistics/collect-events
08-31 17:46:37.772 12826 12934 I CronetEngine:  ip: 10.21.250.10
08-31 17:46:37.772 12826 12934 I CronetEngine:  hostResolverProvider:
08-31 17:46:37.772 12826 12934 I CronetEngine:  hostResolveIps: []
08-31 17:46:37.772 12826 12934 I CronetEngine:
08-31 17:46:37.778 12826 12881 I EmoteUtil: [DefaultDispatcher-worker-1] Same emoticon package. load emotes from local..
08-31 17:46:37.812 12826 12882 I EmoteUtil: [DefaultDispatcher-worker-2] Add 80 emotes
08-31 17:46:37.815 12826 12882 I EmoteUtil: [DefaultDispatcher-worker-2] Add 50 emotes
08-31 17:46:37.816 12826 12882 I EmoteUtil: [DefaultDispatcher-worker-2] Add 18 emotes
08-31 17:46:37.831 12826 12826 I PlayApplication: [main] getConfig, vivoChannelUseX5: 0, otherChannelUseX5: 2
08-31 17:46:37.845 12826 12826 I PlayApplication: [main] localPlayerType: 1, serverPlayerType: 1
08-31 17:46:37.885 12826 12826 I httpdns.okhttp.wrapper: [main] OkHttp httpdns enabled.
08-31 17:46:37.909 12826 12826 I MainActivity: [main] webview config, isVivo: true, mUseX5WebCore: false, vivoUseX5: false, otherUseX5: true
08-31 17:46:37.915 12826 13052 I cn.missevan: Thread[42,tid=13052,Native,Thread*=0x72019d6400,peer=0x153edd48,"glide-source-thread-0"] recursive attempt to load library "/data/app/cn.missevan-nJnhWeEAbxfcEc6K9Q_Vaw==/lib/arm64/libglide-webp.so"
08-31 17:46:37.916 12826 12837 I cn.missevan: Background concurrent copying GC freed 166055(10MB) AllocSpace objects, 49(5MB) LOS objects, 49% free, 19MB/38MB, paused 377us total 117.372ms
08-31 17:46:37.918  1724  2655 D ActivityTrigger: ActivityTrigger activityStopTrigger
08-31 17:46:37.920 12826 12826 D LeakCanary: Watching instance of androidx.fragment.app.FragmentManagerViewModel (androidx.fragment.app.FragmentManagerViewModel received ViewModel#onCleared() callback) with key a8e9dff5-da3f-46a4-847c-ef957f582593
08-31 17:46:37.920 12826 12826 D LeakCanary: Watching instance of leakcanary.internal.ViewModelClearedWatcher (leakcanary.internal.ViewModelClearedWatcher received ViewModel#onCleared() callback) with key 4fd8ac16-ca09-409b-9815-7cfe0d4e6ad9
08-31 17:46:37.921 12826 12826 D LeakCanary: Watching instance of androidx.lifecycle.ReportFragment (androidx.lifecycle.ReportFragment received Fragment#onDestroy() callback) with key b2ce6bfd-57a5-4431-a841-9586deaf0cc2
08-31 17:46:37.922 12826 12826 D LeakCanary: Watching instance of cn.missevan.activity.SplashActivity (cn.missevan.activity.SplashActivity received Activity#onDestroy() callback) with key 8b1882b2-bdc1-459b-9dbe-9bd1eb3f439b
08-31 17:46:37.614  1724  2178 I chatty  : uid=1000(system) AutobacklightTh identical 1 line
