08-31 17:46:24.186 11891 12028 I CronetEngine:  hostResolveIps: ["182.40.18.117","58.216.14.238","182.40.18.115","58.216.14.240","122.225.214.240","58.216.14.241","58.216.14.239","58.216.14.244","182.40.18.113","218.91.182.227","182.40.18.112","58.216.14.248","182.40.18.114","117.27.226.220","122.225.214.241","117.27.226.218"]
08-31 17:46:24.186 11891 12028 I CronetEngine:
08-31 17:46:24.187 11891 11891 W Glide   : Load failed for http://static-test.maoercdn.com/coversmini/201612/09/e7c844dda7014cdcbfd69fdade5d0e05185820.jpg with size [274x275]
08-31 17:46:24.187 11891 11891 W Glide   : class com.bumptech.glide.load.a.q: Failed to load resource
08-31 17:46:24.187 11891 11891 W Glide   : There was 1 root cause:
08-31 17:46:24.187 11891 11891 W Glide   : com.bumptech.glide.load.e(Not Found, status code: 404)
08-31 17:46:24.187 11891 11891 W Glide   :  call GlideException#logRootCauses(String) for more detail
08-31 17:46:24.187 11891 11891 W Glide   :   Cause (1 of 1): class com.bumptech.glide.load.a.q: Fetching data failed, class java.io.InputStream, REMOTE
08-31 17:46:24.187 11891 11891 W Glide   : There was 1 root cause:
08-31 17:46:24.187 11891 11891 W Glide   : com.bumptech.glide.load.e(Not Found, status code: 404)
08-31 17:46:24.187 11891 11891 W Glide   :  call GlideException#logRootCauses(String) for more detail
08-31 17:46:24.187 11891 11891 W Glide   :     Cause (1 of 1): class com.bumptech.glide.load.e: Not Found, status code: 404
08-31 17:46:24.188 11891 11891 I Glide   : Root cause (1 of 1)
08-31 17:46:24.188 11891 11891 I Glide   : com.bumptech.glide.load.e: Not Found, status code: 404
08-31 17:46:24.188 11891 11891 I Glide   : 	at com.bumptech.glide.integration.okhttp3.b.onResponse(SourceFile:71)
08-31 17:46:24.188 11891 11891 I Glide   : 	at okhttp3.ac$a.execute(SourceFile:221)
08-31 17:46:24.188 11891 11891 I Glide   : 	at okhttp3.internal.b.run(SourceFile:32)
08-31 17:46:24.188 11891 11891 I Glide   : 	at java.util.concurrent.ThreadPoolExecutor.runWorker(ThreadPoolExecutor.java:1167)
08-31 17:46:24.188 11891 11891 I Glide   : 	at java.util.concurrent.ThreadPoolExecutor$Worker.run(ThreadPoolExecutor.java:641)
08-31 17:46:24.188 11891 11891 I Glide   : 	at java.lang.Thread.run(Thread.java:764)
08-31 17:46:24.243  2404  2415 I ndroid.systemu: NativeAlloc concurrent copying GC freed 5973(408KB) AllocSpace objects, 0(0B) LOS objects, 50% free, 13MB/26MB, paused 130us total 121.876ms
08-31 17:46:24.407   717  4080 W SurfaceFlinger: Attempting to set client state on removed layer: Surface(name=AppWindowToken{91e2251 token=Token{9648b78 ActivityRecord{6e1d4db u0 cn.missevan/.activity.MainActivity t92}}})/@0xaee0ba1 - animation-leash#0
08-31 17:46:24.407   717  4080 W SurfaceFlinger: Attempting to destroy on removed layer: Surface(name=AppWindowToken{91e2251 token=Token{9648b78 ActivityRecord{6e1d4db u0 cn.missevan/.activity.MainActivity t92}}})/@0xaee0ba1 - animation-leash#0
08-31 17:46:24.415  1724  6436 D PackageManager: package:1000 check permission,PERMISSION_GRANTED
08-31 17:46:24.420  2765  5102 I chatty  : uid=1000(system) Binder:2765_F expire 22 lines
08-31 17:46:24.421  1724  1853 D UiModeManager: onForegroundActivitiesChanged: pid=12590, uid=10580, foregroundActivities=false
08-31 17:46:24.423  1724  2655 D PackageManager: package:1000 check permission,PERMISSION_GRANTED
08-31 17:46:24.447  1724  2614 I LocationManagerService: shouldRequest for passive  ? true
08-31 17:46:24.479   717  4080 W SurfaceFlinger: Attempting to destroy on removed layer: AppWindowToken{3fb949f token=Token{90e3e3e ActivityRecord{1071ef9 u0 io.appium.settings/.Settings t94}}}#0
08-31 17:46:25.034   717   717 I SurfaceFlinger: FPS: 54
08-31 17:46:24.903  1724  2178 I chatty  : uid=1000(system) AutobacklightTh identical 2 lines
08-31 17:46:25.094  1007  1109 E storaged: getDiskStats failed with result NOT_SUPPORTED and size 0
08-31 17:46:25.386  1724  2178 I chatty  : uid=1000(system) AutobacklightTh identical 1 line
08-31 17:46:25.562  1724  2233 E TaskPersister: File error accessing recents directory (directory doesn't exist?).
08-31 17:46:25.911 28096 28096 E adbd    : failed to connect to socket 'tcp:6790': Connection refused
08-31 17:46:26.050   717   717 I SurfaceFlinger: FPS: 53
08-31 17:46:25.869  1724  2178 I chatty  : uid=1000(system) AutobacklightTh identical 1 line
08-31 17:46:26.085  1724  2655 D ActivityManager: AMS onShellCommand CallingPid=12723 ,callingUid=2000 ,PackageName=android.uid.shell:2000.Starting command :force-stop io.appium.uiautomator2.server.test
08-31 17:46:26.087  1724  2655 D PackageManager: package:2000 check permission,PERMISSION_GRANTED
08-31 17:46:26.087  1724  2655 I ActivityManager: Force stopping io.appium.uiautomator2.server.test appid=10145 user=0: stop by 12723
08-31 17:46:26.094  1724  2655 I ActivityManager: Force stopping io.appium.uiautomator2.server.test appid=10145 user=999: stop by 12723
08-31 17:46:26.107  1724  1724 I NotificationService: action=android.intent.action.PACKAGE_RESTARTED removing=false
08-31 17:46:26.108  1724  1724 D NotificationService: handleSavePolicyFile
08-31 17:46:26.111  1724  1852 D ActivityManager: StartMode packageName = com.tencent.android.qqdownloader ,callingPid = -1 ,alwaysRestrict = true ,startMode = 2 ,UidRec:null
08-31 17:46:26.111  1724  1852 W BroadcastQueue: Background execution not allowed: receiving Intent { act=android.intent.action.PACKAGE_RESTARTED dat=package:io.appium.uiautomator2.server.test flg=0x10 (has extras) } to com.tencent.android.qqdownloader/com.tencent.assistant.localres.localapk.PackageChangedReceiver
08-31 17:46:26.111  2831  2831 D CarrierSvcBindHelper: No carrier app for: 0
08-31 17:46:26.112  2831  2831 D CarrierSvcBindHelper: No carrier app for: 1
08-31 17:46:26.113  2765  2765 I chatty  : uid=1000(system) com.vivo.daemonService expire 31 lines
08-31 17:46:26.113  2765  2765 W ContextImpl: Calling a method in the system process without a qualified user: android.app.ContextImpl.startService:1550 android.content.ContextWrapper.startService:664 com.vivo.daemonService.easyshare.ESAlarmReceiver.a:5 com.vivo.daemonService.easyshare.ESAlarmReceiver.onReceive:2 android.app.LoadedApk$ReceiverDispatcher$Args.lambda$getRunnable$0:1416
08-31 17:46:26.115  2831  2831 D CarrierSvcBindHelper: No carrier app for: 0
08-31 17:46:26.117  1724  1852 D ActivityManager: StartMode packageName = com.vivo.appfilter ,callingPid = -1 ,alwaysRestrict = true ,startMode = 2 ,UidRec:UidRecord{78ed8ef 1000 PER  procs:34 seq(0,0,0)}
08-31 17:46:26.117  1724  1852 W BroadcastQueue: Background execution not allowed: receiving Intent { act=android.intent.action.PACKAGE_RESTARTED dat=package:io.appium.uiautomator2.server.test flg=0x10 (has extras) } to com.vivo.appfilter/.receiver.VivoBringupPkgReceiver
08-31 17:46:26.117  2831  2831 D CarrierSvcBindHelper: No carrier app for: 1
08-31 17:46:26.118  1724  1852 D ActivityManager: StartMode packageName = com.tencent.android.qqdownloader ,callingPid = -1 ,alwaysRestrict = true ,startMode = 2 ,UidRec:null
08-31 17:46:26.118  1724  1852 W BroadcastQueue: Background execution not allowed: receiving Intent { act=android.intent.action.PACKAGE_RESTARTED dat=package:io.appium.uiautomator2.server.test flg=0x10 (has extras) } to com.tencent.android.qqdownloader/com.qq.AppService.APKReceiver
08-31 17:46:26.124  1724  1724 I NotificationService: action=android.intent.action.PACKAGE_RESTARTED removing=false
08-31 17:46:26.125  1724  1724 D NotificationService: handleSavePolicyFile
08-31 17:46:26.529 12726 12726 D AndroidRuntime: >>>>>> START com.android.internal.os.RuntimeInit uid 2000 <<<<<<
08-31 17:46:26.614 12726 12726 I app_process: The ClassLoaderContext is a special shared library.
08-31 17:46:26.635 12726 12726 W main    : type=1400 audit(0.0:49962): avc: denied { read } for name="u:object_r:vendor_mpctl_prop:s0" dev="tmpfs" ino=12522 scontext=u:r:shell:s0 tcontext=u:object_r:vendor_mpctl_prop:s0 tclass=file permissive=0
08-31 17:46:26.642 12726 12726 E libc    : Access denied finding property "ro.vendor.at_library"
08-31 17:46:26.648 12726 12726 D AndroidRuntime: Calling main entry com.android.commands.am.Am
08-31 17:46:26.654  1724  2655 D PackageManager: package:2000 check permission,PERMISSION_GRANTED
08-31 17:46:26.352  1724  2178 I chatty  : uid=1000(system) AutobacklightTh identical 1 line
08-31 17:46:26.654  1724  2655 I ActivityManager: Force stopping io.appium.uiautomator2.server appid=10144 user=0: start instr
08-31 17:46:26.695  1724  1855 I ActivityManager: Start proc 12738:io.appium.uiautomator2.server/u0a144 for added application io.appium.uiautomator2.server
08-31 17:46:26.703 12738 12738 I tomator2.serve: Late-enabling -Xcheck:jni
08-31 17:46:26.735 11891 12000 D awcn.TnetSpdySession: |[seq:umeng:546d7dd7fd98c58fc800082c.AWCN1_1] ping host:https://umengacs.m.taobao.com thread:AWCN Scheduler1
08-31 17:46:26.736 11891 12000 D awcn.TnetSpdySession: |[seq:umeng:546d7dd7fd98c58fc800082c.AWCN1_1] https://umengacs.m.taobao.com submit ping ms:45002 force:true
08-31 17:46:26.790  1724  2655 D CompatibilityInfo: mCompatibilityFlags - 0
08-31 17:46:26.790  1724  2655 D CompatibilityInfo: applicationDensity - 480
08-31 17:46:26.790  1724  2655 D CompatibilityInfo: applicationScale - 1.0
08-31 17:46:26.791 11891 11997 I awcn.TnetSpdySession: |[seq:umeng:546d7dd7fd98c58fc800082c.AWCN1_1] ping receive Host:https://umengacs.m.taobao.com id:5
08-31 17:46:26.793  1724  2655 D CompatibilityInfo: mCompatibilityFlags - 0
08-31 17:46:26.793  1724  2655 D CompatibilityInfo: applicationDensity - 480
08-31 17:46:26.793  1724  2655 D CompatibilityInfo: applicationScale - 1.0
08-31 17:46:26.803   715 12715 V APM_AudioPolicyManager: AudioPolicyManager:setRecordSilenced(uid:10144, silenced:0)
08-31 17:46:26.803   715 12715 V AudioFlinger: AudioFlinger::setRecordSilenced(uid:10144, silenced:0)
08-31 17:46:26.857 12738 12738 I tomator2.serve: The ClassLoaderContext is a special shared library.
08-31 17:46:26.860 12738 12738 I tomator2.serve: The ClassLoaderContext is a special shared library.
08-31 17:46:26.863 12738 12738 W tomator2.serve: ClassLoaderContext classpath element mismatch for position 0. expected=/system/framework/android.test.mock.jar, found=/system/framework/android.test.runner.jar (PCL[/system/framework/android.test.mock.jar*2077058553:/system/framework/android.test.runner.jar*3846605392] | PCL[/system/framework/android.test.runner.jar*3846605392:/system/framework/android.test.mock.jar*2077058553])
08-31 17:46:26.867 12738 12738 W tomator2.serve: ClassLoaderContext classpath size mismatch for position 0. expected=0, found=4 (PCL[] | PCL[/system/framework/android.test.runner.jar*3846605392:/system/framework/android.test.mock.jar*2077058553:/data/app/io.appium.uiautomator2.server.test-K07vq4ZhCm4h6eWbq7B8og==/base.apk*3464038622:/data/app/io.appium.uiautomator2.server.test-K07vq4ZhCm4h6eWbq7B8og==/base.apk!classes2.dex*2170559374])
08-31 17:46:26.869 12738 12738 W tomator2.serve: Found duplicate classes, falling back to extracting from APK : /data/app/io.appium.uiautomator2.server-hU_If1ssmYNlALRcrtEGLw==/base.apk
08-31 17:46:26.869 12738 12738 W tomator2.serve: NOTE: This wastes RAM and hurts startup performance.
08-31 17:46:26.869 12738 12738 W tomator2.serve: Found duplicated class when checking oat files: 'Ljunit/runner/BaseTestRunner;' in /data/app/io.appium.uiautomator2.server-hU_If1ssmYNlALRcrtEGLw==/base.apk and /system/framework/android.test.runner.jar
08-31 17:46:26.869 12738 12738 W tomator2.serve:
08-31 17:46:26.906   694   756 E ANDR-PERF-MPCTL: Invalid profile no. 0, total profiles 0 only
08-31 17:46:27.066   717   717 I SurfaceFlinger: FPS: 50
08-31 17:46:27.121 12738 12738 I Perf    : Connecting to perf service.
08-31 17:46:27.139 28096 28096 E adbd    : failed to connect to socket 'tcp:6790': Connection refused
08-31 17:46:27.146 12738 12738 I tomator2.serve: The ClassLoaderContext is a special shared library.
08-31 17:46:27.148 12738 12738 I tomator2.serve: The ClassLoaderContext is a special shared library.
08-31 17:46:27.151 12738 12738 W tomator2.serve: ClassLoaderContext size mismatch. expected=1, actual=2 (PCL[/system/framework/android.test.mock.jar*2077058553:/system/framework/android.test.runner.jar*3846605392] | PCL[/system/framework/android.test.runner.jar*3846605392:/system/framework/android.test.mock.jar*2077058553];PCL[/system/framework/android.test.runner.jar*3846605392:/system/framework/android.test.mock.jar*2077058553:/data/app/io.appium.uiautomator2.server.test-K07vq4ZhCm4h6eWbq7B8og==/base.apk*3464038622:/data/app/io.appium.uiautomator2.server.test-K07vq4ZhCm4h6eWbq7B8og==/base.apk!classes2.dex*2170559374:/data/app/io.appium.uiautomator2.server-hU_If1ssmYNlALRcrtEGLw==/base.apk*2259969859:/data/app/io.appium.uiautomator2.server-hU_If1ssmYNlALRcrtEGLw==/base.apk!classes2.dex*3854679608])
08-31 17:46:27.151 12738 12738 W tomator2.serve: Found duplicate classes, falling back to extracting from APK : /data/app/io.appium.uiautomator2.server.test-K07vq4ZhCm4h6eWbq7B8og==/base.apk
08-31 17:46:27.151 12738 12738 W tomator2.serve: NOTE: This wastes RAM and hurts startup performance.
08-31 17:46:27.151 12738 12738 W tomator2.serve: Found duplicated class when checking oat files: 'Landroidx/test/espresso/AmbiguousViewMatcherException$1;' in /data/app/io.appium.uiautomator2.server.test-K07vq4ZhCm4h6eWbq7B8og==/base.apk and /data/app/io.appium.uiautomator2.server.test-K07vq4ZhCm4h6eWbq7B8og==/base.apk
08-31 17:46:27.151 12738 12738 W tomator2.serve:
08-31 17:46:27.232 12738 12738 W tomator2.serve: ClassLoaderContext size mismatch. expected=1, actual=2 (PCL[] | PCL[/system/framework/android.test.runner.jar*3846605392:/system/framework/android.test.mock.jar*2077058553:/data/app/io.appium.uiautomator2.server.test-K07vq4ZhCm4h6eWbq7B8og==/base.apk*3464038622:/data/app/io.appium.uiautomator2.server.test-K07vq4ZhCm4h6eWbq7B8og==/base.apk!classes2.dex*2170559374];PCL[/system/framework/android.test.runner.jar*3846605392:/system/framework/android.test.mock.jar*2077058553:/data/app/io.appium.uiautomator2.server.test-K07vq4ZhCm4h6eWbq7B8og==/base.apk*3464038622:/data/app/io.appium.uiautomator2.server.test-K07vq4ZhCm4h6eWbq7B8og==/base.apk!classes2.dex*2170559374:/data/app/io.appium.uiautomator2.server-hU_If1ssmYNlALRcrtEGLw==/base.apk*2259969859:/data/app/io.appium.uiautomator2.server-hU_If1ssmYNlALRcrtEGLw==/base.apk!classes2.dex*3854679608])
08-31 17:46:27.233 12738 12738 W tomator2.serve: Found duplicate classes, falling back to extracting from APK : /data/app/io.appium.uiautomator2.server-hU_If1ssmYNlALRcrtEGLw==/base.apk
08-31 17:46:27.233 12738 12738 W tomator2.serve: NOTE: This wastes RAM and hurts startup performance.
08-31 17:46:27.233 12738 12738 W tomator2.serve: Found duplicated class when checking oat files: 'Landroid_libs/ub_uiautomator/R;' in /data/app/io.appium.uiautomator2.server-hU_If1ssmYNlALRcrtEGLw==/base.apk!classes2.dex and /data/app/io.appium.uiautomator2.server-hU_If1ssmYNlALRcrtEGLw==/base.apk!classes2.dex
08-31 17:46:27.233 12738 12738 W tomator2.serve:
08-31 17:46:27.473 12738 12738 W tomator2.serve: Accessing hidden method Landroid/app/Instrumentation;->execStartActivity(Landroid/content/Context;Landroid/os/IBinder;Landroid/os/IBinder;Landroid/app/Activity;Landroid/content/Intent;ILandroid/os/Bundle;)Landroid/app/Instrumentation$ActivityResult; (light greylist, linking)
08-31 17:46:27.473 12738 12738 W tomator2.serve: Accessing hidden method Landroid/app/Instrumentation;->execStartActivity(Landroid/content/Context;Landroid/os/IBinder;Landroid/os/IBinder;Ljava/lang/String;Landroid/content/Intent;ILandroid/os/Bundle;)Landroid/app/Instrumentation$ActivityResult; (light greylist, linking)
08-31 17:46:27.513 12738 12738 I MonitoringInstr: Instrumentation started!
08-31 17:46:27.520 12738 12738 I MonitoringInstr: Setting context classloader to 'dalvik.system.PathClassLoader[DexPathList[[zip file "/system/framework/android.test.runner.jar", zip file "/system/framework/android.test.mock.jar", zip file "/data/app/io.appium.uiautomator2.server.test-K07vq4ZhCm4h6eWbq7B8og==/base.apk", zip file "/data/app/io.appium.uiautomator2.server-hU_If1ssmYNlALRcrtEGLw==/base.apk"],nativeLibraryDirectories=[/data/app/io.appium.uiautomator2.server.test-K07vq4ZhCm4h6eWbq7B8og==/lib/arm64, /data/app/io.appium.uiautomator2.server-hU_If1ssmYNlALRcrtEGLw==/lib/arm64, /system/lib64]]]', Original: 'dalvik.system.PathClassLoader[DexPathList[[zip file "/system/framework/android.test.runner.jar", zip file "/system/framework/android.test.mock.jar", zip file "/data/app/io.appium.uiautomator2.server.test-K07vq4ZhCm4h6eWbq7B8og==/base.apk", zip file "/data/app/io.appium.uiautomator2.server-hU_If1ssmYNlALRcrtEGLw==/base.apk"],nativeLibraryDirectories=[/data/app/io.appium.uiautomator2.server.test-K07vq4ZhCm4h6eWbq7B8og==/lib/arm64, /data/app/io.appium.uiautomator2.server-hU_If1ssmYNlALRcrtEGLw==/lib/arm64, /system/lib64]]]'
08-31 17:46:27.526 12738 12738 I MonitoringInstr: No JSBridge.
08-31 17:46:27.529 12738 12755 I MonitoringInstr: Setting context classloader to 'dalvik.system.PathClassLoader[DexPathList[[zip file "/system/framework/android.test.runner.jar", zip file "/system/framework/android.test.mock.jar", zip file "/data/app/io.appium.uiautomator2.server.test-K07vq4ZhCm4h6eWbq7B8og==/base.apk", zip file "/data/app/io.appium.uiautomator2.server-hU_If1ssmYNlALRcrtEGLw==/base.apk"],nativeLibraryDirectories=[/data/app/io.appium.uiautomator2.server.test-K07vq4ZhCm4h6eWbq7B8og==/lib/arm64, /data/app/io.appium.uiautomator2.server-hU_If1ssmYNlALRcrtEGLw==/lib/arm64, /system/lib64]]]', Original: 'dalvik.system.PathClassLoader[DexPathList[[zip file "/system/framework/android.test.runner.jar", zip file "/system/framework/android.test.mock.jar", zip file "/data/app/io.appium.uiautomator2.server.test-K07vq4ZhCm4h6eWbq7B8og==/base.apk", zip file "/data/app/io.appium.uiautomator2.server-hU_If1ssmYNlALRcrtEGLw==/base.apk"],nativeLibraryDirectories=[/data/app/io.appium.uiautomator2.server.test-K07vq4ZhCm4h6eWbq7B8og==/lib/arm64, /data/app/io.appium.uiautomator2.server-hU_If1ssmYNlALRcrtEGLw==/lib/arm64, /system/lib64]]]'
08-31 17:46:27.556 12738 12755 I UsageTrackerFacilitator: Usage tracking enabled
08-31 17:46:27.563 12738 12755 I TestRequestBuilder: Scanning classpath to find tests in paths [/data/app/io.appium.uiautomator2.server.test-K07vq4ZhCm4h6eWbq7B8og==/base.apk]
08-31 17:46:27.568 12738 12755 W tomator2.serve: Opening an oat file without a class loader. Are you using the deprecated DexFile APIs?
08-31 17:46:27.977  1724  2614 I LocationManagerService: shouldRequest for passive  ? true
08-31 17:46:27.979  6559  6811 D BtGatt.ScanManager: configureRegularScanParams - queue=3
08-31 17:46:27.979  6559  6811 D BtGatt.ScanManager: configureRegularScanParams - ScanSetting LE 1M Scan mode=0ScanSetting LE Coded Scan mode=0 mLastConfiguredScanSettingLE1M=1 mLastConfiguredScanSettingLECoded=1scanPhy=255
08-31 17:46:27.981  6559  6811 D BtGatt.ScanManager: configureRegularScanParams - scanInterval LE 1M = 1100configureRegularScanParams - scanWindow LE 1M= 110configureRegularScanParams - scanInterval LE Coded= 1100configureRegularScanParams - scanWindow LE Coded= 110
08-31 17:46:27.983  6559  6738 D BtGatt.GattService: onScanParamSetupCompleted : 0
08-31 17:46:27.984   672   672 D vendor.qti.bluetooth@1.0-ibs_handler: SerialClockVote: vote for UART CLK ON
08-31 17:46:27.987   672   672 D vendor.qti.bluetooth@1.0-wake_lock: Acquire wakelock is acquired
08-31 17:46:27.987   672   672 I vendor.qti.bluetooth@1.0-ibs_handler: DeviceWakeUp: Writing IBS_WAKE_IND
08-31 17:46:27.990   672  6843 I vendor.qti.bluetooth@1.0-ibs_handler: ProcessIbsCmd: Received IBS_WAKE_ACK: 0xFC
08-31 17:46:27.993   672  6843 I vendor.qti.bluetooth@1.0-ibs_handler: ProcessIbsCmd: Received IBS_WAKE_IND: 0xFD
08-31 17:46:27.993   672  6843 I vendor.qti.bluetooth@1.0-ibs_handler: ProcessIbsCmd: Writing IBS_WAKE_ACK
08-31 17:46:28.041   672  6843 I vendor.qti.bluetooth@1.0-ibs_handler: ProcessIbsCmd: Received IBS_SLEEP_IND: 0xFE
08-31 17:46:28.067   717   717 I SurfaceFlinger: FPS: 56
08-31 17:46:28.151 28096 28096 E adbd    : failed to connect to socket 'tcp:6790': Connection refused
08-31 17:46:28.473 11891 12028 I CronetEngine: [thread_background]
08-31 17:46:28.473 11891 12028 I CronetEngine: url: https://data.uat.missevan.com/statistics/collect-events
08-31 17:46:28.473 11891 12028 I CronetEngine:  ip: 10.21.250.10
08-31 17:46:28.473 11891 12028 I CronetEngine:  hostResolverProvider:
08-31 17:46:28.473 11891 12028 I CronetEngine:  hostResolveIps: []
08-31 17:46:28.473 11891 12028 I CronetEngine:
08-31 17:46:28.570 12738 12755 D TestExecutor: Adding listener androidx.test.internal.runner.listener.LogRunListener
08-31 17:46:28.571 12738 12755 D TestExecutor: Adding listener androidx.test.internal.runner.listener.InstrumentationResultPrinter
08-31 17:46:28.571 12738 12755 D TestExecutor: Adding listener androidx.test.internal.runner.listener.ActivityFinisherRunListener
08-31 17:46:28.575 12738 12755 I TestRunner: run started: 1 tests
08-31 17:46:28.581 12738 12755 I TestRunner: started: startServer(io.appium.uiautomator2.server.test.AppiumUiAutomator2Server)
08-31 17:46:28.587 12738 12738 I MonitoringInstr: Activities that are still in CREATED to STOPPED: 0
08-31 17:46:28.591 12738 12755 I appium  : [AppiumUiAutomator2Server] Starting Server
08-31 17:46:28.709 12640 12674 I utmethod.statu: Waiting for a blocking GC ProfileSaver
08-31 17:46:28.728 12640 12674 I utmethod.statu: WaitForGcToComplete blocked ProfileSaver on AddRemoveAppImageSpace for 19.712ms
08-31 17:46:28.909  1724  2655 D PackageManager: package:1000 check permission,PERMISSION_GRANTED
08-31 17:46:28.765  1724  2178 I chatty  : uid=1000(system) AutobacklightTh identical 12 lines
08-31 17:46:28.942  1724  1855 I ActivityManager: Start proc 12761:com.sohu.inputmethod.sogou.vivo/u0a41 for content provider com.sohu.inputmethod.sogou.vivo/com.sogou.datashare.MultiProcessContentProvider
08-31 17:46:28.953 12761 12761 E thod.sogou.viv: Not starting debugger since process cannot load the jdwp agent.
08-31 17:46:28.974  1724  4868 D CompatibilityInfo: mCompatibilityFlags - 0
08-31 17:46:28.974  1724  4868 D CompatibilityInfo: applicationDensity - 480
08-31 17:46:28.974  1724  4868 D CompatibilityInfo: applicationScale - 1.0
08-31 17:46:28.978  1724  4868 D CompatibilityInfo: mCompatibilityFlags - 0
08-31 17:46:28.978  1724  4868 D CompatibilityInfo: applicationDensity - 480
08-31 17:46:28.978  1724  4868 D CompatibilityInfo: applicationScale - 1.0
08-31 17:46:29.001   672  6846 I vendor.qti.bluetooth@1.0-ibs_handler: DeviceSleep: TX Awake, Sending SLEEP_IND
08-31 17:46:29.001   672  6846 D vendor.qti.bluetooth@1.0-ibs_handler: SerialClockVote: vote for UART CLK OFF
08-31 17:46:29.016 12761 12761 I thod.sogou.viv: The ClassLoaderContext is a special shared library.
08-31 17:46:29.045 12761 12761 W thod.sogou.viv: resources.arsc in APK '/data/app/com.sohu.inputmethod.sogou.vivo-yMVtgCaRNquGk3avhhMc6w==/base.apk' is compressed.
08-31 17:46:29.077 12761 12761 I Perf    : Connecting to perf service.
08-31 17:46:29.083   717   717 I SurfaceFlinger: FPS: 49
08-31 17:46:29.100 12761 12761 D RePlugin.ws001: plugin process checker: default, index=0
08-31 17:46:29.103 12761 12761 D RePlugin.ws001: PACM: restore table: size=0
08-31 17:46:29.103 12761 12761 D RePlugin.ws001: search plugins from file system
08-31 17:46:29.104 12761 12761 E RePlugin.ws001: plugins-builtin.json not found
08-31 17:46:29.104 12761 12761 D RePlugin.ws001: search v5 files: dir=/data/user/0/com.sohu.inputmethod.sogou.vivo/files
08-31 17:46:29.107 12761 12761 D RePlugin.ws001: search plugins: dir=/data/user/0/com.sohu.inputmethod.sogou.vivo/app_plugins_v3
08-31 17:46:29.108 12761 12761 D RePlugin.ws001: to delete dex dir:/data/user/0/com.sohu.inputmethod.sogou.vivo/app_plugins_v3/oat/arm
08-31 17:46:29.109 12761 12761 E RePlugin.PluginInfoList: load: Read Json error!
08-31 17:46:29.111 12761 12761 D adu     : adu.a(SogouSource:588)(1ms@Thread[main,5,main]) WRITING
08-31 17:46:29.111 12761 12761 D adu     : adu.a(SogouSource:588)(2ms@Thread[main,5,main]) WRITING DONE
08-31 17:46:29.112 12761 12761 D PatchClassLoaderUtils: patch: mBase cl=class android.app.ContextImpl; mPackageInfo cl=class android.app.LoadedApk
08-31 17:46:29.112 12761 12761 W System  : ClassLoader referenced unknown path:
08-31 17:46:29.113 12761 12761 D RePlugin.RePluginClassLoader: copyFromOriginal: Fields=[private final dalvik.system.DexPathList dalvik.system.BaseDexClassLoader.pathList,
08-31 17:46:29.113 12761 12761 D RePlugin.RePluginClassLoader: private static volatile dalvik.system.BaseDexClassLoader$Reporter dalvik.system.BaseDexClassLoader.reporter,
08-31 17:46:29.113 12761 12761 D RePlugin.RePluginClassLoader: private transient long java.lang.ClassLoader.allocator,
08-31 17:46:29.113 12761 12761 D RePlugin.RePluginClassLoader: private transient long java.lang.ClassLoader.classTable,
08-31 17:46:29.113 12761 12761 D RePlugin.RePluginClassLoader: private final java.util.HashMap java.lang.ClassLoader.packages,
08-31 17:46:29.113 12761 12761 D RePlugin.RePluginClassLoader: private final java.lang.ClassLoader java.lang.ClassLoader.parent,
08-31 17:46:29.113 12761 12761 D RePlugin.RePluginClassLoader: public final java.util.Map java.lang.ClassLoader.proxyCache,
08-31 17:46:29.113 12761 12761 D RePlugin.RePluginClassLoader: private transient java.lang.Class java.lang.Object.shadow$_klass_,
08-31 17:46:29.113 12761 12761 D RePlugin.RePluginClassLoader: private transient int java.lang.Object.shadow$_monitor_]
08-31 17:46:29.114 12761 12761 D RePlugin.RePluginClassLoader: copyFieldValue: Copied. f=pathList; actually=DexPathList[[zip file "/system/framework/org.apache.http.legacy.boot.jar", zip file "/data/app/com.sohu.inputmethod.sogou.vivo-yMVtgCaRNquGk3avhhMc6w==/base.apk"],nativeLibraryDirectories=[/data/app/com.sohu.inputmethod.sogou.vivo-yMVtgCaRNquGk3avhhMc6w==/lib/arm, /data/app/com.sohu.inputmethod.sogou.vivo-yMVtgCaRNquGk3avhhMc6w==/base.apk!/lib/armeabi, /system/lib]]; orig=DexPathList[[zip file "/system/framework/org.apache.http.legacy.boot.jar", zip file "/data/app/com.sohu.inputmethod.sogou.vivo-yMVtgCaRNquGk3avhhMc6w==/base.apk"],nativeLibraryDirectories=[/data/app/com.sohu.inputmethod.sogou.vivo-yMVtgCaRNquGk3avhhMc6w==/lib/arm, /data/app/com.sohu.inputmethod.sogou.vivo-yMVtgCaRNquGk3avhhMc6w==/base.apk!/lib/armeabi, /system/lib]]
08-31 17:46:29.115 12761 12761 D PatchClassLoaderUtils: patch: patch mClassLoader ok
08-31 17:46:29.141 12761 12761 D ServerProvider: [onCreate] App = com.sohu.inputmethod.sogou.SogouAppApplication@80da595
08-31 17:46:29.151   672  6827 D vendor.qti.bluetooth@1.0-wake_lock: Release wakelock is released
08-31 17:46:29.152  1724  4868 D PackageManager: package:10041 check permission,PERMISSION_GRANTED
08-31 17:46:29.160 28096 28096 E adbd    : failed to connect to socket 'tcp:6790': Connection refused
08-31 17:46:29.181 12640 12781 D NetworkSecurityConfig: No Network Security Config specified, using platform default
08-31 17:46:29.192  1724  4868 V AlarmAlign: setLocked to kernel, type = 2, when = 515366626, curTime = 515303738
08-31 17:46:29.193  1724  4868 V AlarmAlign: setLocked to kernel, type = 3, when = 515304611, curTime = 515303738
08-31 17:46:29.185 12761 12761 W Thread-3: type=1400 audit(0.0:49963): avc: denied { read } for name="anr" dev="dm-1" ino=1048578 scontext=u:r:priv_app:s0:c512,c768 tcontext=u:object_r:anr_data_file:s0 tclass=dir permissive=0
08-31 17:46:29.197  1724  4868 V AlarmAlign: setLocked to kernel, type = 2, when = 515366626, curTime = 515303742
08-31 17:46:29.197  1724  4868 V AlarmAlign: setLocked to kernel, type = 3, when = 515304611, curTime = 515303742
08-31 17:46:29.208 12761 12761 E test-bugly: bugly is closed!
08-31 17:46:29.263 12761 12784 I MMKV    : page size:4096
08-31 17:46:29.263 12761 12784 I MMKV    : root dir: /data/user/0/com.sohu.inputmethod.sogou.vivo/files/mmkv
08-31 17:46:29.264 12761 12784 I MMKV    : loading [settings_mmkv] with 18995 size in total, file size is 32768
08-31 17:46:29.264 12761 12784 I MMKV    : loading [settings_mmkv] with crc 1923634751 sequence 45
08-31 17:46:29.264 12761 12784 I MMKV    : loaded [settings_mmkv] with 3 values
08-31 17:46:29.273  1724  2655 D PackageManager: package:1001 check permission,PERMISSION_GRANTED
08-31 17:46:29.592 12738 12755 I appium  : Starting MJPEG Server
08-31 17:46:29.409  1724  2178 I chatty  : uid=1000(system) AutobacklightTh identical 2 lines
08-31 17:46:29.633  1724  1724 V SettingsProvider: Notifying for 0: content://settings/secure/accessibility_enabled
08-31 17:46:29.634  1724  1724 V SettingsProvider: Notifying for 999: content://settings/secure/accessibility_enabled
08-31 17:46:29.665  1724  6436 D PackageManager: package:10018 check permission,PERMISSION_GRANTED
08-31 17:46:29.666 12738 12755 I appium  : MJPEG Server started
08-31 17:46:29.669  1724  1724 D AudioService: Accessibility volume enabled = false
08-31 17:46:29.675 12738 12798 I appium  : ServerSocket created on port 7810
08-31 17:46:29.699 12738 12755 I appium  : AndroidServer created on port 6790
08-31 17:46:29.700 12738 12755 I appium  : io.appium.uiautomator2.server started:
08-31 17:46:29.703  1724  6436 D PowerManagerService: acquireWakeLockInternal: lock=150040359, flags=0x6, tag="UiAutomator2:ScreenKeeper", ws=null, uid=10144, pid=12738
08-31 17:46:29.713 12738 12800 I appium  : Started UiAutomator2 io.appium.uiautomator2.http io.appium.uiautomator2.server on port 6790
08-31 17:46:29.839 12738 12801 W tomator2.serve: Accessing hidden field Ljava/nio/Buffer;->address:J (light greylist, reflection)
08-31 17:46:29.839 12738 12801 W tomator2.serve: Accessing hidden field Lsun/misc/Unsafe;->theUnsafe:Lsun/misc/Unsafe; (light greylist, reflection)
08-31 17:46:29.912   694   756 E ANDR-PERF-MPCTL: Invalid profile no. 0, total profiles 0 only
08-31 17:46:30.066  1724  2038 V AlarmAlign: setLocked to kernel, type = 2, when = 515366626, curTime = 515304611
08-31 17:46:30.066  1724  2038 V AlarmAlign: setLocked to kernel, type = 3, when = 515334546, curTime = 515304611
08-31 17:46:30.067  1724  2038 V AlarmAlign: setLocked to kernel, type = 2, when = 515366626, curTime = 515304612
08-31 17:46:30.067  1724  2038 V AlarmAlign: setLocked to kernel, type = 3, when = 515334546, curTime = 515304612
08-31 17:46:30.067  1724  2038 V AlarmAlign: mAlarmBatches = 70, triggerList = 3
08-31 17:46:29.891  1724  2178 I chatty  : uid=1000(system) AutobacklightTh identical 1 line
08-31 17:46:30.067  1724  2038 I PackageManager: ### pkg:Package{263c2cc com.vivo.aiengine}
08-31 17:46:30.067  1724  2038 E ActivityManager: Sending non-protected broadcast com.vivo.aiengine.intent.action.SMART_SCHEDULER from system uid 1000 pkg com.vivo.aiengine
08-31 17:46:30.071  1724  2038 V AlarmAlign: setLocked to kernel, type = 2, when = 515366626, curTime = 515304616
08-31 17:46:30.071  1724  2038 V AlarmAlign: setLocked to kernel, type = 3, when = 515334546, curTime = 515304616
08-31 17:46:30.077  2746  2746 D AIE-Bolts-Task: New thread: BoltsBgPool-thread-2636
08-31 17:46:30.086  1724  2655 D WifiScanRequestProxy: getScanResultsCache 46
08-31 17:46:30.093  1724  4868 D PackageManager: package:10569 check permission,PERMISSION_GRANTED
08-31 17:46:30.100   717   717 I SurfaceFlinger: FPS: 55
08-31 17:46:30.108  1724  4868 D PackageManager: package:1001 check permission,PERMISSION_GRANTED
08-31 17:46:30.109  1724  2655 D NtpTrustedTime: currentTimeMillis() cache hit
08-31 17:46:30.112   992  1195 E Netd    : tether checkPermission, pid:1724 uid:1000
08-31 17:46:30.153  1724  2655 D NtpTrustedTime: currentTimeMillis() cache hit
08-31 17:46:30.154  1724  2655 D NtpTrustedTime: currentTimeMillis() cache hit
08-31 17:46:30.070  1724  2038 I PackageManager: ### pkg:Package{263c2cc com.vivo.aiengine}
08-31 17:46:30.260 12738 12805 I appium  : channel read: GET /wd/hub/status
08-31 17:46:30.265 12738 12805 I appium  : Status command
08-31 17:46:30.312 12738 12805 I appium  : AppiumResponse: {"sessionId":"None","value":{"message":"UiAutomator2 Server is ready to accept commands","ready":true}}
08-31 17:46:30.335 12738 12805 I appium  : channel read: POST /wd/hub/session
08-31 17:46:30.337 12738 12805 I appium  : NewSession command
08-31 17:46:30.361 12738 12805 W tomator2.serve: Accessing hidden field Landroid/app/UiAutomation;->mOnAccessibilityEventListener:Landroid/app/UiAutomation$OnAccessibilityEventListener; (dark greylist, reflection)
08-31 17:46:30.362 12738 12805 I appium  : Created the new session with SessionID: d963ad08-b6c1-4277-bc84-c0c20b577fab
08-31 17:46:30.390 12738 12805 I appium  : AppiumResponse: {"sessionId":"d963ad08-b6c1-4277-bc84-c0c20b577fab","value":{"capabilities":{"firstMatch":[{"platform":"LINUX","webStorageEnabled":false,"takesScreenshot":true,"javascriptEnabled":true,"databaseEnabled":false,"networkConnectionEnabled":true,"locationContextEnabled":false,"warnings":{},"desired":{"ap
08-31 17:46:30.418 12738 12805 I appium  : channel read: GET /wd/hub/session/d963ad08-b6c1-4277-bc84-c0c20b577fab/appium/device/info
08-31 17:46:30.420 12738 12805 I appium  : GetDeviceInfo command
08-31 17:46:30.441 12738 12805 W tomator2.serve: Accessing hidden field Landroid/net/NetworkCapabilities;->mSignalStrength:I (light greylist, reflection)
08-31 17:46:30.441 12738 12805 W tomator2.serve: Accessing hidden field Landroid/net/NetworkCapabilities;->mSSID:Ljava/lang/String; (dark greylist, reflection)
08-31 17:46:30.459  1724  1874 D BluetoothManagerService: MESSAGE_REGISTER_ADAPTER
08-31 17:46:30.486 12738 12805 I appium  : AppiumResponse: {"sessionId":"d963ad08-b6c1-4277-bc84-c0c20b577fab","value":{"androidId":"924032d81ca599b5","apiVersion":"28","bluetooth":{"state":"ON"},"brand":"vivo","carrierName":"","displayDensity":480,"locale":"zh_CN","manufacturer":"vivo","model":"vivo X21A","networks":[{"capabilities":{"SSID":null,"linkDownB
08-31 17:46:30.695  1724  2178 I chatty  : uid=1000(system) AutobacklightTh identical 1 line
08-31 17:46:30.922  1724  2655 D ActivityManager: AMS onShellCommand CallingPid=12812 ,callingUid=2000 ,PackageName=android.uid.shell:2000.Starting command :start -W -n cn.missevan/.activity.SplashActivity -S
08-31 17:46:30.924  1724  2655 D PackageManager: package:2000 check permission,PERMISSION_GRANTED
08-31 17:46:30.924  1724  2655 I ActivityManager: Force stopping cn.missevan appid=10598 user=0: stop by 12812
08-31 17:46:30.925  1724  2655 I ActivityManager: Killing 12124:cn.missevan:player/u0a598 (adj 100): stop by 12812
08-31 17:46:30.927  1724  1857 W libprocessgroup: kill(-12124, 9) failed: No such process
08-31 17:46:30.929  1724  2655 W ActivityManager: Scheduling restart of crashed service cn.missevan/.play.player.PlayerService in 1000ms
08-31 17:46:30.929  2765  8150 I chatty  : uid=1000(system) Binder:2765_B expire 25 lines
08-31 17:46:30.934  1724  2881 D PackageManager: package:1000 check permission,PERMISSION_GRANTED
08-31 17:46:30.934  1724  4868 D PackageManager: package:1000 check permission,PERMISSION_GRANTED
08-31 17:46:30.936  1724  1857 W libprocessgroup: kill(-12124, 9) failed: No such process
08-31 17:46:30.938  1724  2655 I ActivityManager: Killing 12404:cn.missevan:channel/u0a598 (adj 900): stop by 12812
08-31 17:46:30.946  1724  1857 W libprocessgroup: kill(-12124, 9) failed: No such process
08-31 17:46:30.948  1724  2655 I ActivityManager: Killing 12199:cn.missevan:stats/u0a598 (adj 800): stop by 12812
08-31 17:46:30.950  1724  2655 W ActivityManager: Scheduling restart of crashed service cn.missevan/com.bilibili.lib.neuron.internal.NeuronRemoteService in 10978ms
08-31 17:46:30.956  1724  2655 I ActivityManager: Killing 11891:cn.missevan/u0a598 (adj 0): stop by 12812
08-31 17:46:30.959  1724  1857 W libprocessgroup: kill(-12124, 9) failed: No such process
08-31 17:46:30.963  1724  2655 W ActivityManager: Scheduling restart of crashed service cn.missevan/com.sobot.chat.server.SobotSessionServer in 1000ms
08-31 17:46:30.964  1724  2655 W ActivityManager: Force removing ActivityRecord{6e1d4db u0 cn.missevan/.activity.MainActivity t92}: app died, no saved state
08-31 17:46:30.965  1724  1857 W libprocessgroup: kill(-12124, 9) failed: No such process
08-31 17:46:30.965 12099 12099 I Player.BaseAidlPlayerService: [main] onUnbind
08-31 17:46:30.967 12099 12099 I Player.BaseAidlPlayerService: [main] onDestroy
08-31 17:46:30.975 12099 12099 I Player.Aidl: [main] releaseAll
08-31 17:46:30.976 12099 12099 I Player.BBPlayer.core0: [main] release
08-31 17:46:30.978 12099 12099 I Player.BBPlayer.core0: [main] setPlayWhenReady, playWhenReady: false
08-31 17:46:30.979  1724  1857 W libprocessgroup: kill(-12124, 9) failed: No such process
08-31 17:46:30.983   717  4080 W SurfaceFlinger: Attempting to destroy on removed layer: AppWindowToken{91e2251 token=Token{9648b78 ActivityRecord{6e1d4db u0 cn.missevan/.activity.MainActivity t92}}}#0
08-31 17:46:30.985 12099 12099 I @@@BBPLOG: Info T933CA548 CPlayMain L104 Destroy playalpha video!
08-31 17:46:30.985 12099 12099 I @@@BBPLOG: Info T933CA548 CPlayMain L106 Destroy audio cut!
08-31 17:46:30.987  1724  1781 D ConnectivityService: ConnectivityService NetworkRequestInfo binderDied(NetworkRequest [ TRACK_DEFAULT id=732, [ Capabilities: INTERNET&NOT_RESTRICTED&TRUSTED Unwanted:  Uid: 10598] ], android.os.BinderProxy@2234535)
08-31 17:46:30.987  1724  2084 D ConnectivityService: releasing NetworkRequest [ TRACK_DEFAULT id=732, [ Capabilities: INTERNET&NOT_RESTRICTED&TRUSTED Unwanted:  Uid: 10598] ] (release request)
08-31 17:46:30.988  1724  1857 W libprocessgroup: kill(-12124, 9) failed: No such process
08-31 17:46:30.988   978   978 I Zygote  : Process 12404 exited due to signal (9)
08-31 17:46:30.991 12099 12099 I @@@BBPLOG: Info T933CA548 CPlayMain L109 Destroy thread work!
08-31 17:46:30.991 12099 12099 I @@@BBPLOG: Info T933CA548 CPlayMain L111 Destroy player engine!
08-31 17:46:30.991 12099 12099 I @@@BBPLOG: Info T933CA548 CPlayMain L114 Destroy source engine!
08-31 17:46:30.991 12099 12099 I @@@BBPLOG: Info T933CA548 CPlayMain L120 Destroy data manager!
08-31 17:46:30.998  1724  1857 W libprocessgroup: kill(-12124, 9) failed: No such process
08-31 17:46:31.000  1724  2655 W ActivityManager: vivo occlude resumeTop canOccclude = false next.occlude = false
08-31 17:46:31.001  1724  2655 D ActivityTrigger: activityResumeTrigger: The activity in ApplicationInfo{5470aa3 com.bbk.launcher2} is now in focus and seems to be in full-screen mode
08-31 17:46:31.001  1724  2655 E ActivityTrigger: activityResumeTrigger: not whiteListedcom.bbk.launcher2/com.bbk.launcher2.Launcher/90003028
08-31 17:46:31.002   694   756 E ANDR-PERF-MPCTL: Invalid profile no. 0, total profiles 0 only
08-31 17:46:31.012  1724  1857 W libprocessgroup: kill(-12124, 9) failed: No such process
08-31 17:46:31.015 12099 12099 I @@@BBPLOG: Info T933CA548 CPlayMain L123 Destroy stop message!
08-31 17:46:31.015 12099 12099 I @@@BBPLOG: Info T933ca548 BBPFuncLog L123 ----CIPMng::Release Value is 00000000 start.
08-31 17:46:31.015 12099 12099 I @@@BBPLOG: Info T933ca548 BBPFuncLog L142 ----CIPMng::Release leave! no return. Ussed Time: 0
08-31 17:46:31.015 12099 12099 I @@@BBPLOG: Info T933CA548 CPlayMain L137 Destroy player inst!
08-31 17:46:31.015 12099 12099 I @@@BBPLOG: Info T933ca548 bbPlayer L106 It was Safe to exit ndk player!
08-31 17:46:31.016 12099 12099 I Player.AlphaVideoPlayerCore: [main] release
08-31 17:46:31.017 12099 12099 I @@@BBPLOG: Info T933CA548 CPlayMain L104 Destroy playalpha video!
08-31 17:46:31.017 12099 12099 I @@@BBPLOG: Info T933CA548 CPlayMain L106 Destroy audio cut!
08-31 17:46:31.019  1724  1857 W libprocessgroup: kill(-12124, 9) failed: No such process
08-31 17:46:31.022  1724  2655 I ActivityManager: Killing 12099:cn.missevan:player.single/u0a598 (adj 0): stop by 12812
08-31 17:46:31.022 12099 12099 I @@@BBPLOG: Info T933CA548 CPlayMain L109 Destroy thread work!
08-31 17:46:31.022 12099 12099 I @@@BBPLOG: Info T933CA548 CPlayMain L111 Destroy player engine!
08-31 17:46:31.022 12099 12099 I @@@BBPLOG: Info T933CA548 CPlayMain L114 Destroy source engine!
08-31 17:46:31.022 12099 12099 I @@@BBPLOG: Info T933CA548 CPlayMain L120 Destroy data manager!
08-31 17:46:31.028  1724  1857 W libprocessgroup: kill(-12124, 9) failed: No such process
08-31 17:46:31.030  1724  3997 D MediaSessionService: destroySessionLockedOnSessionDied cn.missevan/PlayerService (userId=0)
08-31 17:46:31.030  1724  3997 D MediaSessionService: Media button session is changed to null
08-31 17:46:31.030   715 12715 V AudioFlinger: 12124 died, releasing its sessions
08-31 17:46:31.030   715 12715 V AudioFlinger:  pid 2404 @ 0
08-31 17:46:31.030   715 12715 V AudioFlinger:  pid 990 @ 1
08-31 17:46:31.030   715 12715 V AudioFlinger:  pid 2765 @ 2
08-31 17:46:31.030   715 12715 V AudioFlinger:  pid 715 @ 3
08-31 17:46:31.030   715 12715 V AudioFlinger:  pid 715 @ 4
08-31 17:46:31.030   715 12715 V AudioFlinger:  pid 715 @ 5
08-31 17:46:31.030   715 12715 V AudioFlinger:  pid 715 @ 6
08-31 17:46:31.030   715 12715 V AudioFlinger:  pid 715 @ 7
08-31 17:46:31.030   715 12715 V AudioFlinger:  pid 715 @ 8
08-31 17:46:31.030   715 12715 V AudioFlinger:  pid 715 @ 9
08-31 17:46:31.030   715 12715 V AudioFlinger:  pid 715 @ 10
08-31 17:46:31.030   715 12715 V AudioFlinger:  pid 715 @ 11
08-31 17:46:31.030   715 12715 V AudioFlinger:  pid 715 @ 12
08-31 17:46:31.030   715 12715 V AudioFlinger:  pid 715 @ 13
08-31 17:46:31.030   715 12715 V AudioFlinger:  pid 715 @ 14
08-31 17:46:31.030   715 12715 V AudioFlinger:  pid 715 @ 15
08-31 17:46:31.030   715 12715 V AudioFlinger:  pid 715 @ 16
08-31 17:46:31.030   715 12715 V AudioFlinger:  pid 715 @ 17
08-31 17:46:31.030   715 12715 V AudioFlinger:  pid 715 @ 18
08-31 17:46:31.030  1724  3997 D MediaSessionStack: removeSession record:cn.missevan/PlayerService (userId=0)
08-31 17:46:31.030   715 12715 V AudioFlinger:  pid 715 @ 19
08-31 17:46:31.030   715 12715 V AudioFlinger:  pid 715 @ 20
08-31 17:46:31.030   715 12715 V AudioFlinger:  pid 715 @ 21
08-31 17:46:31.030   715 12715 V AudioFlinger:  pid 715 @ 22
08-31 17:46:31.030   715 12715 V AudioFlinger:  pid 715 @ 23
08-31 17:46:31.030   715 12715 V AudioFlinger:  pid 715 @ 24
08-31 17:46:31.030   715 12715 V AudioFlinger:  pid 715 @ 25
08-31 17:46:31.030   715 12715 V AudioFlinger:  pid 715 @ 26
08-31 17:46:31.030   715 12715 V AudioFlinger:  pid 715 @ 27
08-31 17:46:31.030   715 12715 V AudioFlinger:  pid 715 @ 28
08-31 17:46:31.030   715 12715 V AudioFlinger:  pid 715 @ 29
08-31 17:46:31.030   715 12715 V AudioFlinger:  pid 715 @ 30
08-31 17:46:31.030   715 12715 V AudioFlinger:  pid 715 @ 31
08-31 17:46:31.030   715 12715 V AudioFlinger:  pid 715 @ 32
08-31 17:46:31.030   715 12715 V AudioFlinger:  pid 715 @ 33
08-31 17:46:31.030   715 12715 V AudioFlinger:  pid 715 @ 34
08-31 17:46:31.030   715 12715 V AudioFlinger:  pid 715 @ 35
08-31 17:46:31.030   715 12715 V AudioFlinger:  pid 715 @ 36
08-31 17:46:31.030   715 12715 V AudioFlinger:  pid 715 @ 37
08-31 17:46:31.030   715 12715 V AudioFlinger:  pid 715 @ 38
08-31 17:46:31.030   715 12715 V AudioFlinger:  pid 715 @ 39
08-31 17:46:31.030   715 12715 V AudioFlinger:  pid 715 @ 40
08-31 17:46:31.030   715 12715 V AudioFlinger:  pid 715 @ 41
08-31 17:46:31.030   715 12715 V AudioFlinger:  pid 715 @ 42
08-31 17:46:31.030   715 12715 V AudioFlinger:  pid 715 @ 43
08-31 17:46:31.030   715 12715 V AudioFlinger:  pid 715 @ 44
08-31 17:46:31.030   715 12715 V AudioFlinger:  pid 715 @ 45
08-31 17:46:31.030   715 12715 V AudioFlinger:  pid 715 @ 46
08-31 17:46:31.030   715 12715 V AudioFlinger:  pid 715 @ 47
08-31 17:46:31.030   715 12715 V AudioFlinger:  pid 715 @ 48
08-31 17:46:31.030   715 12715 V AudioFlinger:  pid 715 @ 49
08-31 17:46:31.030   715 12715 V AudioFlinger:  pid 715 @ 50
08-31 17:46:31.030   715 12715 V AudioFlinger:  pid 715 @ 51
08-31 17:46:31.030   715 12715 V AudioFlinger:  pid 715 @ 52
08-31 17:46:31.030   715 12715 V AudioFlinger:  pid 715 @ 53
08-31 17:46:31.030   715 12715 V AudioFlinger:  pid 715 @ 54
08-31 17:46:31.030   715 12715 V AudioFlinger:  pid 715 @ 55
08-31 17:46:31.030   715 12715 V AudioFlinger:  pid 715 @ 56
08-31 17:46:31.030  1724  1724 D MediaSessionRecord: pushSessionDestroyed start
08-31 17:46:31.030   715 12715 V AudioFlinger:  pid 715 @ 57
08-31 17:46:31.030   715 12715 V AudioFlinger:  pid 715 @ 58
08-31 17:46:31.030   715 12715 V AudioFlinger:  pid 715 @ 59
08-31 17:46:31.030   715 12715 V AudioFlinger:  pid 715 @ 60
08-31 17:46:31.030   715 12715 V AudioFlinger:  pid 715 @ 61
08-31 17:46:31.030   715 12715 V AudioFlinger:  pid 715 @ 62
08-31 17:46:31.030   715 12715 V AudioFlinger:  pid 715 @ 63
08-31 17:46:31.030   715 12715 V AudioFlinger:  pid 715 @ 64
08-31 17:46:31.030   715 12715 V AudioFlinger:  pid 715 @ 65
08-31 17:46:31.030   715 12715 V AudioFlinger:  pid 715 @ 66
08-31 17:46:31.030   715 12715 V AudioFlinger:  pid 715 @ 67
08-31 17:46:31.030   715 12715 V AudioFlinger:  pid 715 @ 68
08-31 17:46:31.030   715 12715 V AudioFlinger:  pid 715 @ 69
08-31 17:46:31.030   715 12715 V AudioFlinger:  pid 715 @ 70
08-31 17:46:31.030  1724  1724 D MediaSessionRecord: pushSessionDestroyed start
08-31 17:46:31.030   715 12715 V AudioFlinger:  pid 715 @ 71
08-31 17:46:31.030   715 12715 V AudioFlinger:  pid 715 @ 72
08-31 17:46:31.030   715 12715 V AudioFlinger:  pid 715 @ 73
08-31 17:46:31.030   715 12715 V AudioFlinger:  pid 715 @ 74
08-31 17:46:31.030   715 12715 V AudioFlinger:  pid 715 @ 75
08-31 17:46:31.030   715 12715 V AudioFlinger:  pid 715 @ 76
08-31 17:46:31.030   715 12715 V AudioFlinger:  pid 715 @ 77
08-31 17:46:31.030   715 12715 V AudioFlinger:  pid 715 @ 78
08-31 17:46:31.030   715 12715 V AudioFlinger:  pid 715 @ 79
08-31 17:46:31.030  1724  1724 D MediaSessionRecord: pushSessionDestroyed start
08-31 17:46:31.030   715 12715 V AudioFlinger:  pid 715 @ 80
08-31 17:46:31.030   715 12715 V AudioFlinger:  pid 715 @ 81
08-31 17:46:31.030   715 12715 V AudioFlinger:  pid 715 @ 82
08-31 17:46:31.030   715 12715 V AudioFlinger:  pid 715 @ 83
08-31 17:46:31.030   715 12715 V AudioFlinger:  pid 715 @ 84
08-31 17:46:31.030   715 12715 V AudioFlinger:  pid 715 @ 85
08-31 17:46:31.030   715 12715 V AudioFlinger:  pid 715 @ 86
08-31 17:46:31.030   715 12715 V AudioFlinger:  pid 715 @ 87
08-31 17:46:31.030   715 12715 V AudioFlinger:  pid 715 @ 88
08-31 17:46:31.030   715 12715 V AudioFlinger:  pid 715 @ 89
08-31 17:46:31.030   715 12715 V AudioFlinger:  pid 715 @ 90
08-31 17:46:31.030   715 12715 V AudioFlinger:  pid 715 @ 91
08-31 17:46:31.030   715 12715 V AudioFlinger:  pid 715 @ 92
08-31 17:46:31.030   715 12715 V AudioFlinger:  pid 715 @ 93
08-31 17:46:31.030   715 12715 V AudioFlinger:  pid 715 @ 94
08-31 17:46:31.030   715 12715 V AudioFlinger:  pid 715 @ 95
08-31 17:46:31.030   715 12715 V AudioFlinger:  pid 715 @ 96
08-31 17:46:31.030   715 12715 V AudioFlinger:  pid 715 @ 97
08-31 17:46:31.030   715 12715 V AudioFlinger:  pid 715 @ 98
08-31 17:46:31.030   715 12715 V AudioFlinger:  pid 715 @ 99
08-31 17:46:31.030   715 12715 V AudioFlinger:  pid 2404 @ 100
08-31 17:46:31.031  6559  6559 V Avrcp_ext: Player 7 package: cn.missevan
08-31 17:46:31.031  6559  6891 V Avrcp_ext: MediaController session destroyed
08-31 17:46:31.031  6559  6891 V Avrcp_ext: updateNewIds: Addressed:7 to 7, Browse:0 to 0
08-31 17:46:31.031  1724 16084 D MediaSessionRecord: getMetadata :null, null, null
08-31 17:46:31.032  6559  6891 D Avrcp_ext: updateCurrentController: MediaController (cn.missevan@fc6d333) null, null, null to null
08-31 17:46:31.032  2404  2432 D vol.MediaSessions: updateRemoteControllerH null
08-31 17:46:31.032  2404  2432 D vol.MediaSessions: onActiveSessionsUpdatedH n=0
08-31 17:46:31.032  1724 16084 D MediaSessionRecord: unregistering callback android.os.BinderProxy@418cdca
08-31 17:46:31.032  6559  6891 V Avrcp_ext: updateNewIds: Addressed:7 to 7, Browse:0 to 0
08-31 17:46:31.032  6559  6891 D PlaybackState: setState position:-1
08-31 17:46:31.032  6559  6891 V Avrcp_ext: updateCurrentMediaState: mMediaController: null
08-31 17:46:31.032  1724 16084 D MediaSessionRecord: unregistering callback android.os.BinderProxy@17f5b3b
08-31 17:46:31.032  2404  2432 D vol.MediaSessions: Removing FM sentRemote=false
08-31 17:46:31.033   978   978 I Zygote  : Process 12124 exited due to signal (9)
08-31 17:46:31.033  2404  2432 D vol.MediaSessions: onActiveSessionsUpdatedH n=0
08-31 17:46:31.033  6559  6891 V Avrcp_ext: isMusicActive: false getBluetoothPlayState: 0
08-31 17:46:31.033  6559  6891 V Avrcp_ext: updateCurrentMediaState: isPlaying = false, ck_play = 241
08-31 17:46:31.033  6559  6891 V Avrcp_ext: updateCurrentMediaState: mMediaController or getPlaybackState() null
08-31 17:46:31.033  6559  6891 D PlaybackState: setState position:-1
08-31 17:46:31.033  6559  6891 D PlaybackState: getActiveQueueItemId Id:-1
08-31 17:46:31.033  6559  6891 V Avrcp_ext: Media update: id 0-1? [MediaAttributes: none] : [MediaAttributes:  -  by Y (1326393 0/0) ]
08-31 17:46:31.033  6559  6891 V Avrcp_ext: Check if NowPlayingList is updated
08-31 17:46:31.033  6559  6891 V Avrcp_ext: newPlayStatus:2mReportedPlayStatus:-1
08-31 17:46:31.033  6559  6891 D Avrcp_ext: Exit onSessionDestroyed
08-31 17:46:31.033  6559  6891 W Avrcp_ext: ActiveSession: updated[]
08-31 17:46:31.033  6559  6891 W Avrcp_ext: ActiveSession: browseSelectedfalsemBrowsedPlayerExistfalse
08-31 17:46:31.034  6559  6891 W Avrcp_ext: Browse Player killed OR not launched yet !!!!
08-31 17:46:31.034  6559  6891 D PlaybackState: setState position:-1
08-31 17:46:31.034  6559  6891 V Avrcp_ext: updateCurrentMediaState: mMediaController: null
08-31 17:46:31.034  6559  6891 V Avrcp_ext: isMusicActive: false getBluetoothPlayState: 0
08-31 17:46:31.034  6559  6891 V Avrcp_ext: updateCurrentMediaState: isPlaying = false, ck_play = 241
