08-31 17:46:35.123 12826 12915 D awcn.TnetSpdySession: |[seq:umeng:546d7dd7fd98c58fc800082c.AWCN1_1] spdyOnStreamResponse authTime:0
08-31 17:46:35.123 12826 12915 D NAccs.InAppConn_default:  auth header:{date=Wed, 31 Aug 2022 09:46:36 GMT, content-length=0, server=Tengine/Aserver/3.2.48_20220621115549, s-accs-retcode=SUCCESS, :status=200, x-workerid=576462951511946637, x-at=Yw2XOaoLvJsDAIIIET1UzMcvumeng:546d7dd7fd98c58fc800082c1661953596}
08-31 17:46:35.124 12826 12826 W Tinker.Tinker: [main] tinker patch directory: /data/user/0/cn.missevan/tinker
08-31 17:46:35.124 12826 12915 D awcn.TnetSpdySession:  spdyStreamCloseCallback streamId:1 errorCode:0
08-31 17:46:35.127 12826 12826 I Tinker.Tinker: [main] try to install tinker, isEnable: true, version: 1.9.14.10.4
08-31 17:46:35.130 12826 12826 I Tinker.TinkerLoadResult: [main] parseTinkerResult loadCode:-2, process name:cn.missevan, main process:true, systemOTA:false, fingerPrint:vivo/PD1728/PD1728:9/PKQ1.180819.001/compiler07281740:user/release-keys, oatDir:null, useInterpretMode:false
08-31 17:46:35.132 12826 12826 W Tinker.TinkerLoadResult: [main] can't find patch file, is ok, just return
08-31 17:46:35.132  1724  3997 D CompatibilityInfo: mCompatibilityFlags - 0
08-31 17:46:35.132  1724  3997 D CompatibilityInfo: applicationDensity - 480
08-31 17:46:35.132  1724  3997 D CompatibilityInfo: applicationScale - 1.0
08-31 17:46:35.133 12826 12826 I Tinker.DefaultLoadReporter: [main] patch loadReporter onLoadResult: patch load result, path:/data/user/0/cn.missevan/tinker, code: -2, cost: 4ms
08-31 17:46:35.133 12826 12929 E awcn.SessionRequest:  sendConnectInfoToAccsByCallBack
08-31 17:46:35.134 12826 12929 D awcn.SessionRequest: |[seq:umeng:546d7dd7fd98c58fc800082c.AWCN1_1] Connect Success session:Session@[umeng:546d7dd7fd98c58fc800082c.AWCN1_1|http2_0rtt_acs] host:https://umengacs.m.taobao.com
08-31 17:46:35.134 12826 12916 E NAccs.InAppConn_default:  onConnectionChanged currentHost:https://umengacs.m.taobao.com changeHost:https://umengacs.m.taobao.com state:true
08-31 17:46:35.134 12826 12826 W Tinker.Tinker: [main] tinker load fail!
08-31 17:46:35.134 12826 12929 D awcn.SessionRequest:  Receive session event eventType:512
08-31 17:46:35.134 12826 12929 D awcn.StrategyTable:  [notifyConnEvent] Host:umengacs.m.taobao.com IConnStrategy:{203.119.128.124 443 http2_0rtt_acs} ConnEvent:ConnEvent#Success
08-31 17:46:35.137 12826 12916 I NAccs.HeartbeatManager:  hb use job
08-31 17:46:35.137 12826 12916 D NAccs.HeartbeatManager:  set 270
08-31 17:46:35.141  1724  3997 V AlarmAlign: setLocked to kernel, type = 2, when = 515366626, curTime = 515309687
08-31 17:46:35.142  1724  3997 V AlarmAlign: setLocked to kernel, type = 3, when = 515334546, curTime = 515309687
08-31 17:46:35.142  1724  3997 V AlarmAlign: setLocked to kernel, type = 2, when = 515366626, curTime = 515309687
08-31 17:46:35.142  1724  3997 V AlarmAlign: setLocked to kernel, type = 3, when = 515334546, curTime = 515309687
08-31 17:46:35.164 12826 12915 I awcn.TnetSpdySession: |[seq:umeng:546d7dd7fd98c58fc800082c.AWCN1_1] ping receive Host:https://umengacs.m.taobao.com id:1
08-31 17:46:35.221 12826 12826 D WebViewCookieHelper: [main] ssoToken: 630f1cc726bbd46131e90e47|4de45ad002eeec93b1dc28849451b654|1661934791|1d87c1790f5c25fb
08-31 17:46:35.240 12826 12826 I WebViewFactory: Loading com.google.android.webview version 104.0.5112.97 (code 511209703)
08-31 17:46:35.284 12826 12826 I cn.missevan: Rejecting re-init on previously-failed class java.lang.Class<Wb0>: java.lang.NoClassDefFoundError: Failed resolution of: Landroid/webkit/PacProcessor;
08-31 17:46:35.284 12826 12826 I cn.missevan:   at java.lang.Class java.lang.Class.classForName(java.lang.String, boolean, java.lang.ClassLoader) (Class.java:-2)
08-31 17:46:35.284 12826 12826 I cn.missevan:   at java.lang.Class java.lang.Class.forName(java.lang.String, boolean, java.lang.ClassLoader) (Class.java:453)
08-31 17:46:35.284 12826 12826 I cn.missevan:   at java.lang.Class android.webkit.WebViewFactory.getWebViewProviderClass(java.lang.ClassLoader) (WebViewFactory.java:176)
08-31 17:46:35.284 12826 12826 I cn.missevan:   at java.lang.Class android.webkit.WebViewFactory.getProviderClass() (WebViewFactory.java:459)
08-31 17:46:35.284 12826 12826 I cn.missevan:   at android.webkit.WebViewFactoryProvider android.webkit.WebViewFactory.getProvider() (WebViewFactory.java:251)
08-31 17:46:35.284 12826 12826 I cn.missevan:   at android.webkit.CookieManager android.webkit.CookieManager.getInstance() (CookieManager.java:40)
08-31 17:46:35.284 12826 12826 I cn.missevan:   at void cn.missevan.web.d.b.ew(java.lang.String) (SourceFile:83)
08-31 17:46:35.284 12826 12826 I cn.missevan:   at void cn.missevan.web.d.b.syncCookie() (SourceFile:52)
08-31 17:46:35.284 12826 12826 I cn.missevan:   at void cn.missevan.MissEvanApplication.syncCookie() (SourceFile:656)
08-31 17:46:35.284 12826 12826 I cn.missevan:   at void cn.missevan.MissEvanApplication.onCreate() (SourceFile:364)
08-31 17:46:35.284 12826 12826 I cn.missevan:   at void cn.missevan.hotfix.MissevanApplicationLike.onCreate() (SourceFile:88)
08-31 17:46:35.284 12826 12826 I cn.missevan:   at void com.tencent.tinker.entry.TinkerApplicationInlineFence.handleMessageImpl(android.os.Message) (SourceFile:71)
08-31 17:46:35.284 12826 12826 I cn.missevan:   at void com.tencent.tinker.entry.TinkerApplicationInlineFence.handleMessage_$noinline$(android.os.Message) (SourceFile:60)
08-31 17:46:35.284 12826 12826 I cn.missevan:   at void com.tencent.tinker.entry.TinkerApplicationInlineFence.handleMessage(android.os.Message) (SourceFile:53)
08-31 17:46:35.284 12826 12826 I cn.missevan:   at void com.tencent.tinker.loader.app.TinkerInlineFenceAction.callOnCreate(android.os.Handler) (SourceFile:50)
08-31 17:46:35.284 12826 12826 I cn.missevan:   at void com.tencent.tinker.loader.app.TinkerApplication.onCreate() (SourceFile:184)
08-31 17:46:35.284 12826 12826 I cn.missevan:   at void android.app.Instrumentation.callApplicationOnCreate(android.app.Application) (Instrumentation.java:1158)
08-31 17:46:35.284 12826 12826 I cn.missevan:   at void android.app.ActivityThread.handleBindApplication(android.app.ActivityThread$AppBindData) (ActivityThread.java:6200)
08-31 17:46:35.284 12826 12826 I cn.missevan:   at void android.app.ActivityThread.access$1200(android.app.ActivityThread, android.app.ActivityThread$AppBindData) (ActivityThread.java:236)
08-31 17:46:35.284 12826 12826 I cn.missevan:   at void android.app.ActivityThread$H.handleMessage(android.os.Message) (ActivityThread.java:1851)
08-31 17:46:35.284 12826 12826 I cn.missevan:   at void android.os.Handler.dispatchMessage(android.os.Message) (Handler.java:106)
08-31 17:46:35.284 12826 12826 I cn.missevan:   at void android.os.Looper.loop() (Looper.java:224)
08-31 17:46:35.284 12826 12826 I cn.missevan:   at void android.app.ActivityThread.main(java.lang.String[]) (ActivityThread.java:7042)
08-31 17:46:35.284 12826 12826 I cn.missevan:   at java.lang.Object java.lang.reflect.Method.invoke(java.lang.Object, java.lang.Object[]) (Method.java:-2)
08-31 17:46:35.284 12826 12826 I cn.missevan:   at void com.android.internal.os.RuntimeInit$MethodAndArgsCaller.run() (RuntimeInit.java:536)
08-31 17:46:35.284 12826 12826 I cn.missevan:   at void com.android.internal.os.ZygoteInit.main(java.lang.String[]) (ZygoteInit.java:868)
08-31 17:46:35.284 12826 12826 I cn.missevan: Caused by: java.lang.ClassNotFoundException: Didn't find class "android.webkit.PacProcessor" on path: DexPathList[[zip file "/data/app/com.google.android.webview-a_HHZDdUsph3mFOhOiXgBQ==/base.apk"],nativeLibraryDirectories=[/data/app/com.google.android.webview-a_HHZDdUsph3mFOhOiXgBQ==/lib/arm64, /data/app/com.google.android.webview-a_HHZDdUsph3mFOhOiXgBQ==/base.apk!/lib/arm64-v8a, /system/lib64]]
08-31 17:46:35.284 12826 12826 I cn.missevan:   at java.lang.Class dalvik.system.BaseDexClassLoader.findClass(java.lang.String) (BaseDexClassLoader.java:134)
08-31 17:46:35.284 12826 12826 I cn.missevan:   at java.lang.Class java.lang.ClassLoader.loadClass(java.lang.String, boolean) (ClassLoader.java:379)
08-31 17:46:35.284 12826 12826 I cn.missevan:   at java.lang.Class java.lang.ClassLoader.loadClass(java.lang.String) (ClassLoader.java:312)
08-31 17:46:35.284 12826 12826 I cn.missevan:   at java.lang.Class java.lang.Class.classForName(java.lang.String, boolean, java.lang.ClassLoader) (Class.java:-2)
08-31 17:46:35.284 12826 12826 I cn.missevan:   at java.lang.Class java.lang.Class.forName(java.lang.String, boolean, java.lang.ClassLoader) (Class.java:453)
08-31 17:46:35.284 12826 12826 I cn.missevan:   at java.lang.Class android.webkit.WebViewFactory.getWebViewProviderClass(java.lang.ClassLoader) (WebViewFactory.java:176)
08-31 17:46:35.284 12826 12826 I cn.missevan:   at java.lang.Class android.webkit.WebViewFactory.getProviderClass() (WebViewFactory.java:459)
08-31 17:46:35.284 12826 12826 I cn.missevan:   at android.webkit.WebViewFactoryProvider android.webkit.WebViewFactory.getProvider() (WebViewFactory.java:251)
08-31 17:46:35.284 12826 12826 I cn.missevan:   at android.webkit.CookieManager android.webkit.CookieManager.getInstance() (CookieManager.java:40)
08-31 17:46:35.284 12826 12826 I cn.missevan:   at void cn.missevan.web.d.b.ew(java.lang.String) (SourceFile:83)
08-31 17:46:35.284 12826 12826 I cn.missevan:   at void cn.missevan.web.d.b.syncCookie() (SourceFile:52)
08-31 17:46:35.284 12826 12826 I cn.missevan:   at void cn.missevan.MissEvanApplication.syncCookie() (SourceFile:656)
08-31 17:46:35.284 12826 12826 I cn.missevan:   at void cn.missevan.MissEvanApplication.onCreate() (SourceFile:364)
08-31 17:46:35.284 12826 12826 I cn.missevan:   at void cn.missevan.hotfix.MissevanApplicationLike.onCreate() (SourceFile:88)
08-31 17:46:35.284 12826 12826 I cn.missevan:   at void com.tencent.tinker.entry.TinkerApplicationInlineFence.handleMessageImpl(android.os.Message) (SourceFile:71)
08-31 17:46:35.284 12826 12826 I cn.missevan:   at void com.tencent.tinker.entry.TinkerApplicationInlineFence.handleMessage_$noinline$(android.os.Message) (SourceFile:60)
08-31 17:46:35.284 12826 12826 I cn.missevan:   at void com.tencent.tinker.entry.TinkerApplicationInlineFence.handleMessage(android.os.Message) (SourceFile:53)
08-31 17:46:35.284 12826 12826 I cn.missevan:   at void com.tencent.tinker.loader.app.TinkerInlineFenceAction.callOnCreate(android.os.Handler) (SourceFile:50)
08-31 17:46:35.284 12826 12826 I cn.missevan:   at void com.tencent.tinker.loader.app.TinkerApplication.onCreate() (SourceFile:184)
08-31 17:46:35.284 12826 12826 I cn.missevan:   at void android.app.Instrumentation.callApplicationOnCreate(android.app.Application) (Instrumentation.java:1158)
08-31 17:46:35.284 12826 12826 I cn.missevan:   at void android.app.ActivityThread.handleBindApplication(android.app.ActivityThread$AppBindData) (ActivityThread.java:6200)
08-31 17:46:35.284 12826 12826 I cn.missevan:   at void android.app.ActivityThread.access$1200(android.app.ActivityThread, android.app.ActivityThread$AppBindData) (ActivityThread.java:236)
08-31 17:46:35.284 12826 12826 I cn.missevan:   at void android.app.ActivityThread$H.handleMessage(android.os.Message) (ActivityThread.java:1851)
08-31 17:46:35.284 12826 12826 I cn.missevan:   at void android.os.Handler.dispatchMessage(android.os.Message) (Handler.java:106)
08-31 17:46:35.284 12826 12826 I cn.missevan:   at void android.os.Looper.loop() (Looper.java:224)
08-31 17:46:35.284 12826 12826 I cn.missevan:   at void android.app.ActivityThread.main(java.lang.String[]) (ActivityThread.java:7042)
08-31 17:46:35.284 12826 12826 I cn.missevan:   at java.lang.Object java.lang.reflect.Method.invoke(java.lang.Object, java.lang.Object[]) (Method.java:-2)
08-31 17:46:35.284 12826 12826 I cn.missevan:   at void com.android.internal.os.RuntimeInit$MethodAndArgsCaller.run() (RuntimeInit.java:536)
08-31 17:46:35.284 12826 12826 I cn.missevan:   at void com.android.internal.os.ZygoteInit.main(java.lang.String[]) (ZygoteInit.java:868)
08-31 17:46:35.284 12826 12826 I cn.missevan:
08-31 17:46:35.284 12826 12826 I cn.missevan: Rejecting re-init on previously-failed class java.lang.Class<Wb0>: java.lang.NoClassDefFoundError: Failed resolution of: Landroid/webkit/PacProcessor;
08-31 17:46:35.284 12826 12826 I cn.missevan:   at java.lang.Class java.lang.Class.classForName(java.lang.String, boolean, java.lang.ClassLoader) (Class.java:-2)
08-31 17:46:35.284 12826 12826 I cn.missevan:   at java.lang.Class java.lang.Class.forName(java.lang.String, boolean, java.lang.ClassLoader) (Class.java:453)
08-31 17:46:35.284 12826 12826 I cn.missevan:   at java.lang.Class android.webkit.WebViewFactory.getWebViewProviderClass(java.lang.ClassLoader) (WebViewFactory.java:176)
08-31 17:46:35.285 12826 12826 I cn.missevan:   at java.lang.Class android.webkit.WebViewFactory.getProviderClass() (WebViewFactory.java:459)
08-31 17:46:35.285 12826 12826 I cn.missevan:   at android.webkit.WebViewFactoryProvider android.webkit.WebViewFactory.getProvider() (WebViewFactory.java:251)
08-31 17:46:35.285 12826 12826 I cn.missevan:   at android.webkit.CookieManager android.webkit.CookieManager.getInstance() (CookieManager.java:40)
08-31 17:46:35.285 12826 12826 I cn.missevan:   at void cn.missevan.web.d.b.ew(java.lang.String) (SourceFile:83)
08-31 17:46:35.285 12826 12826 I cn.missevan:   at void cn.missevan.web.d.b.syncCookie() (SourceFile:52)
08-31 17:46:35.285 12826 12826 I cn.missevan:   at void cn.missevan.MissEvanApplication.syncCookie() (SourceFile:656)
08-31 17:46:35.285 12826 12826 I cn.missevan:   at void cn.missevan.MissEvanApplication.onCreate() (SourceFile:364)
08-31 17:46:35.285 12826 12826 I cn.missevan:   at void cn.missevan.hotfix.MissevanApplicationLike.onCreate() (SourceFile:88)
08-31 17:46:35.285 12826 12826 I cn.missevan:   at void com.tencent.tinker.entry.TinkerApplicationInlineFence.handleMessageImpl(android.os.Message) (SourceFile:71)
08-31 17:46:35.285 12826 12826 I cn.missevan:   at void com.tencent.tinker.entry.TinkerApplicationInlineFence.handleMessage_$noinline$(android.os.Message) (SourceFile:60)
08-31 17:46:35.285 12826 12826 I cn.missevan:   at void com.tencent.tinker.entry.TinkerApplicationInlineFence.handleMessage(android.os.Message) (SourceFile:53)
08-31 17:46:35.285 12826 12826 I cn.missevan:   at void com.tencent.tinker.loader.app.TinkerInlineFenceAction.callOnCreate(android.os.Handler) (SourceFile:50)
08-31 17:46:35.285 12826 12826 I cn.missevan:   at void com.tencent.tinker.loader.app.TinkerApplication.onCreate() (SourceFile:184)
08-31 17:46:35.285 12826 12826 I cn.missevan:   at void android.app.Instrumentation.callApplicationOnCreate(android.app.Application) (Instrumentation.java:1158)
08-31 17:46:35.285 12826 12826 I cn.missevan:   at void android.app.ActivityThread.handleBindApplication(android.app.ActivityThread$AppBindData) (ActivityThread.java:6200)
08-31 17:46:35.285 12826 12826 I cn.missevan:   at void android.app.ActivityThread.access$1200(android.app.ActivityThread, android.app.ActivityThread$AppBindData) (ActivityThread.java:236)
08-31 17:46:35.285 12826 12826 I cn.missevan:   at void android.app.ActivityThread$H.handleMessage(android.os.Message) (ActivityThread.java:1851)
08-31 17:46:35.285 12826 12826 I cn.missevan:   at void android.os.Handler.dispatchMessage(android.os.Message) (Handler.java:106)
08-31 17:46:35.285 12826 12826 I cn.missevan:   at void android.os.Looper.loop() (Looper.java:224)
08-31 17:46:35.285 12826 12826 I cn.missevan:   at void android.app.ActivityThread.main(java.lang.String[]) (ActivityThread.java:7042)
08-31 17:46:35.285 12826 12826 I cn.missevan:   at java.lang.Object java.lang.reflect.Method.invoke(java.lang.Object, java.lang.Object[]) (Method.java:-2)
08-31 17:46:35.285 12826 12826 I cn.missevan:   at void com.android.internal.os.RuntimeInit$MethodAndArgsCaller.run() (RuntimeInit.java:536)
08-31 17:46:35.285 12826 12826 I cn.missevan:   at void com.android.internal.os.ZygoteInit.main(java.lang.String[]) (ZygoteInit.java:868)
08-31 17:46:35.285 12826 12826 I cn.missevan: Caused by: java.lang.ClassNotFoundException: Didn't find class "android.webkit.PacProcessor" on path: DexPathList[[zip file "/data/app/com.google.android.webview-a_HHZDdUsph3mFOhOiXgBQ==/base.apk"],nativeLibraryDirectories=[/data/app/com.google.android.webview-a_HHZDdUsph3mFOhOiXgBQ==/lib/arm64, /data/app/com.google.android.webview-a_HHZDdUsph3mFOhOiXgBQ==/base.apk!/lib/arm64-v8a, /system/lib64]]
08-31 17:46:35.285 12826 12826 I cn.missevan:   at java.lang.Class dalvik.system.BaseDexClassLoader.findClass(java.lang.String) (BaseDexClassLoader.java:134)
08-31 17:46:35.285 12826 12826 I cn.missevan:   at java.lang.Class java.lang.ClassLoader.loadClass(java.lang.String, boolean) (ClassLoader.java:379)
08-31 17:46:35.285 12826 12826 I cn.missevan:   at java.lang.Class java.lang.ClassLoader.loadClass(java.lang.String) (ClassLoader.java:312)
08-31 17:46:35.285 12826 12826 I cn.missevan:   at java.lang.Class java.lang.Class.classForName(java.lang.String, boolean, java.lang.ClassLoader) (Class.java:-2)
08-31 17:46:35.285 12826 12826 I cn.missevan:   at java.lang.Class java.lang.Class.forName(java.lang.String, boolean, java.lang.ClassLoader) (Class.java:453)
08-31 17:46:35.285 12826 12826 I cn.missevan:   at java.lang.Class android.webkit.WebViewFactory.getWebViewProviderClass(java.lang.ClassLoader) (WebViewFactory.java:176)
08-31 17:46:35.285 12826 12826 I cn.missevan:   at java.lang.Class android.webkit.WebViewFactory.getProviderClass() (WebViewFactory.java:459)
08-31 17:46:35.285 12826 12826 I cn.missevan:   at android.webkit.WebViewFactoryProvider android.webkit.WebViewFactory.getProvider() (WebViewFactory.java:251)
08-31 17:46:35.285 12826 12826 I cn.missevan:   at android.webkit.CookieManager android.webkit.CookieManager.getInstance() (CookieManager.java:40)
08-31 17:46:35.285 12826 12826 I cn.missevan:   at void cn.missevan.web.d.b.ew(java.lang.String) (SourceFile:83)
08-31 17:46:35.285 12826 12826 I cn.missevan:   at void cn.missevan.web.d.b.syncCookie() (SourceFile:52)
08-31 17:46:35.285 12826 12826 I cn.missevan:   at void cn.missevan.MissEvanApplication.syncCookie() (SourceFile:656)
08-31 17:46:35.285 12826 12826 I cn.missevan:   at void cn.missevan.MissEvanApplication.onCreate() (SourceFile:364)
08-31 17:46:35.285 12826 12826 I cn.missevan:   at void cn.missevan.hotfix.MissevanApplicationLike.onCreate() (SourceFile:88)
08-31 17:46:35.285 12826 12826 I cn.missevan:   at void com.tencent.tinker.entry.TinkerApplicationInlineFence.handleMessageImpl(android.os.Message) (SourceFile:71)
08-31 17:46:35.285 12826 12826 I cn.missevan:   at void com.tencent.tinker.entry.TinkerApplicationInlineFence.handleMessage_$noinline$(android.os.Message) (SourceFile:60)
08-31 17:46:35.285 12826 12826 I cn.missevan:   at void com.tencent.tinker.entry.TinkerApplicationInlineFence.handleMessage(android.os.Message) (SourceFile:53)
08-31 17:46:35.285 12826 12826 I cn.missevan:   at void com.tencent.tinker.loader.app.TinkerInlineFenceAction.callOnCreate(android.os.Handler) (SourceFile:50)
08-31 17:46:35.285 12826 12826 I cn.missevan:   at void com.tencent.tinker.loader.app.TinkerApplication.onCreate() (SourceFile:184)
08-31 17:46:35.285 12826 12826 I cn.missevan:   at void android.app.Instrumentation.callApplicationOnCreate(android.app.Application) (Instrumentation.java:1158)
08-31 17:46:35.285 12826 12826 I cn.missevan:   at void android.app.ActivityThread.handleBindApplication(android.app.ActivityThread$AppBindData) (ActivityThread.java:6200)
08-31 17:46:35.285 12826 12826 I cn.missevan:   at void android.app.ActivityThread.access$1200(android.app.ActivityThread, android.app.ActivityThread$AppBindData) (ActivityThread.java:236)
08-31 17:46:35.285 12826 12826 I cn.missevan:   at void android.app.ActivityThread$H.handleMessage(android.os.Message) (ActivityThread.java:1851)
08-31 17:46:35.285 12826 12826 I cn.missevan:   at void android.os.Handler.dispatchMessage(android.os.Message) (Handler.java:106)
08-31 17:46:35.285 12826 12826 I cn.missevan:   at void android.os.Looper.loop() (Looper.java:224)
08-31 17:46:35.285 12826 12826 I cn.missevan:   at void android.app.ActivityThread.main(java.lang.String[]) (ActivityThread.java:7042)
08-31 17:46:35.285 12826 12826 I cn.missevan:   at java.lang.Object java.lang.reflect.Method.invoke(java.lang.Object, java.lang.Object[]) (Method.java:-2)
08-31 17:46:35.285 12826 12826 I cn.missevan:   at void com.android.internal.os.RuntimeInit$MethodAndArgsCaller.run() (RuntimeInit.java:536)
08-31 17:46:35.285 12826 12826 I cn.missevan:   at void com.android.internal.os.ZygoteInit.main(java.lang.String[]) (ZygoteInit.java:868)
08-31 17:46:35.285 12826 12826 I cn.missevan:
08-31 17:46:35.287 12826 12826 I cn.missevan: Rejecting re-init on previously-failed class java.lang.Class<Wb0>: java.lang.NoClassDefFoundError: Failed resolution of: Landroid/webkit/PacProcessor;
08-31 17:46:35.287 12826 12826 I cn.missevan:   at java.lang.Class java.lang.Class.classForName(java.lang.String, boolean, java.lang.ClassLoader) (Class.java:-2)
08-31 17:46:35.287 12826 12826 I cn.missevan:   at java.lang.Class java.lang.Class.forName(java.lang.String, boolean, java.lang.ClassLoader) (Class.java:453)
08-31 17:46:35.287 12826 12826 I cn.missevan:   at java.lang.Class android.webkit.WebViewFactory.getWebViewProviderClass(java.lang.ClassLoader) (WebViewFactory.java:176)
08-31 17:46:35.287 12826 12826 I cn.missevan:   at java.lang.Class android.webkit.WebViewFactory.getProviderClass() (WebViewFactory.java:459)
08-31 17:46:35.287 12826 12826 I cn.missevan:   at android.webkit.WebViewFactoryProvider android.webkit.WebViewFactory.getProvider() (WebViewFactory.java:251)
08-31 17:46:35.287 12826 12826 I cn.missevan:   at android.webkit.CookieManager android.webkit.CookieManager.getInstance() (CookieManager.java:40)
08-31 17:46:35.287 12826 12826 I cn.missevan:   at void cn.missevan.web.d.b.ew(java.lang.String) (SourceFile:83)
08-31 17:46:35.287 12826 12826 I cn.missevan:   at void cn.missevan.web.d.b.syncCookie() (SourceFile:52)
08-31 17:46:35.287 12826 12826 I cn.missevan:   at void cn.missevan.MissEvanApplication.syncCookie() (SourceFile:656)
08-31 17:46:35.287 12826 12826 I cn.missevan:   at void cn.missevan.MissEvanApplication.onCreate() (SourceFile:364)
08-31 17:46:35.287 12826 12826 I cn.missevan:   at void cn.missevan.hotfix.MissevanApplicationLike.onCreate() (SourceFile:88)
08-31 17:46:35.287 12826 12826 I cn.missevan:   at void com.tencent.tinker.entry.TinkerApplicationInlineFence.handleMessageImpl(android.os.Message) (SourceFile:71)
08-31 17:46:35.287 12826 12826 I cn.missevan:   at void com.tencent.tinker.entry.TinkerApplicationInlineFence.handleMessage_$noinline$(android.os.Message) (SourceFile:60)
08-31 17:46:35.287 12826 12826 I cn.missevan:   at void com.tencent.tinker.entry.TinkerApplicationInlineFence.handleMessage(android.os.Message) (SourceFile:53)
08-31 17:46:35.287 12826 12826 I cn.missevan:   at void com.tencent.tinker.loader.app.TinkerInlineFenceAction.callOnCreate(android.os.Handler) (SourceFile:50)
08-31 17:46:35.287 12826 12826 I cn.missevan:   at void com.tencent.tinker.loader.app.TinkerApplication.onCreate() (SourceFile:184)
08-31 17:46:35.287 12826 12826 I cn.missevan:   at void android.app.Instrumentation.callApplicationOnCreate(android.app.Application) (Instrumentation.java:1158)
08-31 17:46:35.287 12826 12826 I cn.missevan:   at void android.app.ActivityThread.handleBindApplication(android.app.ActivityThread$AppBindData) (ActivityThread.java:6200)
08-31 17:46:35.287 12826 12826 I cn.missevan:   at void android.app.ActivityThread.access$1200(android.app.ActivityThread, android.app.ActivityThread$AppBindData) (ActivityThread.java:236)
08-31 17:46:35.287 12826 12826 I cn.missevan:   at void android.app.ActivityThread$H.handleMessage(android.os.Message) (ActivityThread.java:1851)
08-31 17:46:35.287 12826 12826 I cn.missevan:   at void android.os.Handler.dispatchMessage(android.os.Message) (Handler.java:106)
08-31 17:46:35.287 12826 12826 I cn.missevan:   at void android.os.Looper.loop() (Looper.java:224)
08-31 17:46:35.287 12826 12826 I cn.missevan:   at void android.app.ActivityThread.main(java.lang.String[]) (ActivityThread.java:7042)
08-31 17:46:35.287 12826 12826 I cn.missevan:   at java.lang.Object java.lang.reflect.Method.invoke(java.lang.Object, java.lang.Object[]) (Method.java:-2)
08-31 17:46:35.287 12826 12826 I cn.missevan:   at void com.android.internal.os.RuntimeInit$MethodAndArgsCaller.run() (RuntimeInit.java:536)
08-31 17:46:35.287 12826 12826 I cn.missevan:   at void com.android.internal.os.ZygoteInit.main(java.lang.String[]) (ZygoteInit.java:868)
08-31 17:46:35.287 12826 12826 I cn.missevan: Caused by: java.lang.ClassNotFoundException: Didn't find class "android.webkit.PacProcessor" on path: DexPathList[[zip file "/data/app/com.google.android.webview-a_HHZDdUsph3mFOhOiXgBQ==/base.apk"],nativeLibraryDirectories=[/data/app/com.google.android.webview-a_HHZDdUsph3mFOhOiXgBQ==/lib/arm64, /data/app/com.google.android.webview-a_HHZDdUsph3mFOhOiXgBQ==/base.apk!/lib/arm64-v8a, /system/lib64]]
08-31 17:46:35.287 12826 12826 I cn.missevan:   at java.lang.Class dalvik.system.BaseDexClassLoader.findClass(java.lang.String) (BaseDexClassLoader.java:134)
08-31 17:46:35.287 12826 12826 I cn.missevan:   at java.lang.Class java.lang.ClassLoader.loadClass(java.lang.String, boolean) (ClassLoader.java:379)
08-31 17:46:35.287 12826 12826 I cn.missevan:   at java.lang.Class java.lang.ClassLoader.loadClass(java.lang.String) (ClassLoader.java:312)
08-31 17:46:35.287 12826 12826 I cn.missevan:   at java.lang.Class java.lang.Class.classForName(java.lang.String, boolean, java.lang.ClassLoader) (Class.java:-2)
08-31 17:46:35.287 12826 12826 I cn.missevan:   at java.lang.Class java.lang.Class.forName(java.lang.String, boolean, java.lang.ClassLoader) (Class.java:453)
08-31 17:46:35.287 12826 12826 I cn.missevan:   at java.lang.Class android.webkit.WebViewFactory.getWebViewProviderClass(java.lang.ClassLoader) (WebViewFactory.java:176)
08-31 17:46:35.287 12826 12826 I cn.missevan:   at java.lang.Class android.webkit.WebViewFactory.getProviderClass() (WebViewFactory.java:459)
08-31 17:46:35.287 12826 12826 I cn.missevan:   at android.webkit.WebViewFactoryProvider android.webkit.WebViewFactory.getProvider() (WebViewFactory.java:251)
08-31 17:46:35.287 12826 12826 I cn.missevan:   at android.webkit.CookieManager android.webkit.CookieManager.getInstance() (CookieManager.java:40)
08-31 17:46:35.287 12826 12826 I cn.missevan:   at void cn.missevan.web.d.b.ew(java.lang.String) (SourceFile:83)
08-31 17:46:35.287 12826 12826 I cn.missevan:   at void cn.missevan.web.d.b.syncCookie() (SourceFile:52)
08-31 17:46:35.287 12826 12826 I cn.missevan:   at void cn.missevan.MissEvanApplication.syncCookie() (SourceFile:656)
08-31 17:46:35.287 12826 12826 I cn.missevan:   at void cn.missevan.MissEvanApplication.onCreate() (SourceFile:364)
08-31 17:46:35.287 12826 12826 I cn.missevan:   at void cn.missevan.hotfix.MissevanApplicationLike.onCreate() (SourceFile:88)
08-31 17:46:35.287 12826 12826 I cn.missevan:   at void com.tencent.tinker.entry.TinkerApplicationInlineFence.handleMessageImpl(android.os.Message) (SourceFile:71)
08-31 17:46:35.287 12826 12826 I cn.missevan:   at void com.tencent.tinker.entry.TinkerApplicationInlineFence.handleMessage_$noinline$(android.os.Message) (SourceFile:60)
08-31 17:46:35.287 12826 12826 I cn.missevan:   at void com.tencent.tinker.entry.TinkerApplicationInlineFence.handleMessage(android.os.Message) (SourceFile:53)
08-31 17:46:35.287 12826 12826 I cn.missevan:   at void com.tencent.tinker.loader.app.TinkerInlineFenceAction.callOnCreate(android.os.Handler) (SourceFile:50)
08-31 17:46:35.287 12826 12826 I cn.missevan:   at void com.tencent.tinker.loader.app.TinkerApplication.onCreate() (SourceFile:184)
08-31 17:46:35.287 12826 12826 I cn.missevan:   at void android.app.Instrumentation.callApplicationOnCreate(android.app.Application) (Instrumentation.java:1158)
08-31 17:46:35.287 12826 12826 I cn.missevan:   at void android.app.ActivityThread.handleBindApplication(android.app.ActivityThread$AppBindData) (ActivityThread.java:6200)
08-31 17:46:35.287 12826 12826 I cn.missevan:   at void android.app.ActivityThread.access$1200(android.app.ActivityThread, android.app.ActivityThread$AppBindData) (ActivityThread.java:236)
08-31 17:46:35.287 12826 12826 I cn.missevan:   at void android.app.ActivityThread$H.handleMessage(android.os.Message) (ActivityThread.java:1851)
08-31 17:46:35.287 12826 12826 I cn.missevan:   at void android.os.Handler.dispatchMessage(android.os.Message) (Handler.java:106)
08-31 17:46:35.287 12826 12826 I cn.missevan:   at void android.os.Looper.loop() (Looper.java:224)
08-31 17:46:35.287 12826 12826 I cn.missevan:   at void android.app.ActivityThread.main(java.lang.String[]) (ActivityThread.java:7042)
08-31 17:46:35.287 12826 12826 I cn.missevan:   at java.lang.Object java.lang.reflect.Method.invoke(java.lang.Object, java.lang.Object[]) (Method.java:-2)
08-31 17:46:35.287 12826 12826 I cn.missevan:   at void com.android.internal.os.RuntimeInit$MethodAndArgsCaller.run() (RuntimeInit.java:536)
08-31 17:46:35.287 12826 12826 I cn.missevan:   at void com.android.internal.os.ZygoteInit.main(java.lang.String[]) (ZygoteInit.java:868)
08-31 17:46:35.287 12826 12826 I cn.missevan:
08-31 17:46:35.287 12826 12826 I cn.missevan: Rejecting re-init on previously-failed class java.lang.Class<Wb0>: java.lang.NoClassDefFoundError: Failed resolution of: Landroid/webkit/PacProcessor;
08-31 17:46:35.287 12826 12826 I cn.missevan:   at java.lang.Class java.lang.Class.classForName(java.lang.String, boolean, java.lang.ClassLoader) (Class.java:-2)
08-31 17:46:35.287 12826 12826 I cn.missevan:   at java.lang.Class java.lang.Class.forName(java.lang.String, boolean, java.lang.ClassLoader) (Class.java:453)
08-31 17:46:35.287 12826 12826 I cn.missevan:   at java.lang.Class android.webkit.WebViewFactory.getWebViewProviderClass(java.lang.ClassLoader) (WebViewFactory.java:176)
08-31 17:46:35.287 12826 12826 I cn.missevan:   at java.lang.Class android.webkit.WebViewFactory.getProviderClass() (WebViewFactory.java:459)
08-31 17:46:35.287 12826 12826 I cn.missevan:   at android.webkit.WebViewFactoryProvider android.webkit.WebViewFactory.getProvider() (WebViewFactory.java:251)
08-31 17:46:35.287 12826 12826 I cn.missevan:   at android.webkit.CookieManager android.webkit.CookieManager.getInstance() (CookieManager.java:40)
08-31 17:46:35.287 12826 12826 I cn.missevan:   at void cn.missevan.web.d.b.ew(java.lang.String) (SourceFile:83)
08-31 17:46:35.287 12826 12826 I cn.missevan:   at void cn.missevan.web.d.b.syncCookie() (SourceFile:52)
08-31 17:46:35.287 12826 12826 I cn.missevan:   at void cn.missevan.MissEvanApplication.syncCookie() (SourceFile:656)
08-31 17:46:35.287 12826 12826 I cn.missevan:   at void cn.missevan.MissEvanApplication.onCreate() (SourceFile:364)
08-31 17:46:35.287 12826 12826 I cn.missevan:   at void cn.missevan.hotfix.MissevanApplicationLike.onCreate() (SourceFile:88)
08-31 17:46:35.287 12826 12826 I cn.missevan:   at void com.tencent.tinker.entry.TinkerApplicationInlineFence.handleMessageImpl(android.os.Message) (SourceFile:71)
08-31 17:46:35.287 12826 12826 I cn.missevan:   at void com.tencent.tinker.entry.TinkerApplicationInlineFence.handleMessage_$noinline$(android.os.Message) (SourceFile:60)
08-31 17:46:35.287 12826 12826 I cn.missevan:   at void com.tencent.tinker.entry.TinkerApplicationInlineFence.handleMessage(android.os.Message) (SourceFile:53)
08-31 17:46:35.287 12826 12826 I cn.missevan:   at void com.tencent.tinker.loader.app.TinkerInlineFenceAction.callOnCreate(android.os.Handler) (SourceFile:50)
08-31 17:46:35.287 12826 12826 I cn.missevan:   at void com.tencent.tinker.loader.app.TinkerApplication.onCreate() (SourceFile:184)
08-31 17:46:35.287 12826 12826 I cn.missevan:   at void android.app.Instrumentation.callApplicationOnCreate(android.app.Application) (Instrumentation.java:1158)
08-31 17:46:35.287 12826 12826 I cn.missevan:   at void android.app.ActivityThread.handleBindApplication(android.app.ActivityThread$AppBindData) (ActivityThread.java:6200)
08-31 17:46:35.287 12826 12826 I cn.missevan:   at void android.app.ActivityThread.access$1200(android.app.ActivityThread, android.app.ActivityThread$AppBindData) (ActivityThread.java:236)
08-31 17:46:35.287 12826 12826 I cn.missevan:   at void android.app.ActivityThread$H.handleMessage(android.os.Message) (ActivityThread.java:1851)
08-31 17:46:35.287 12826 12826 I cn.missevan:   at void android.os.Handler.dispatchMessage(android.os.Message) (Handler.java:106)
08-31 17:46:35.287 12826 12826 I cn.missevan:   at void android.os.Looper.loop() (Looper.java:224)
08-31 17:46:35.287 12826 12826 I cn.missevan:   at void android.app.ActivityThread.main(java.lang.String[]) (ActivityThread.java:7042)
08-31 17:46:35.287 12826 12826 I cn.missevan:   at java.lang.Object java.lang.reflect.Method.invoke(java.lang.Object, java.lang.Object[]) (Method.java:-2)
08-31 17:46:35.287 12826 12826 I cn.missevan:   at void com.android.internal.os.RuntimeInit$MethodAndArgsCaller.run() (RuntimeInit.java:536)
08-31 17:46:35.287 12826 12826 I cn.missevan:   at void com.android.internal.os.ZygoteInit.main(java.lang.String[]) (ZygoteInit.java:868)
08-31 17:46:35.287 12826 12826 I cn.missevan: Caused by: java.lang.ClassNotFoundException: Didn't find class "android.webkit.PacProcessor" on path: DexPathList[[zip file "/data/app/com.google.android.webview-a_HHZDdUsph3mFOhOiXgBQ==/base.apk"],nativeLibraryDirectories=[/data/app/com.google.android.webview-a_HHZDdUsph3mFOhOiXgBQ==/lib/arm64, /data/app/com.google.android.webview-a_HHZDdUsph3mFOhOiXgBQ==/base.apk!/lib/arm64-v8a, /system/lib64]]
08-31 17:46:35.287 12826 12826 I cn.missevan:   at java.lang.Class dalvik.system.BaseDexClassLoader.findClass(java.lang.String) (BaseDexClassLoader.java:134)
08-31 17:46:35.287 12826 12826 I cn.missevan:   at java.lang.Class java.lang.ClassLoader.loadClass(java.lang.String, boolean) (ClassLoader.java:379)
08-31 17:46:35.287 12826 12826 I cn.missevan:   at java.lang.Class java.lang.ClassLoader.loadClass(java.lang.String) (ClassLoader.java:312)
08-31 17:46:35.287 12826 12826 I cn.missevan:   at java.lang.Class java.lang.Class.classForName(java.lang.String, boolean, java.lang.ClassLoader) (Class.java:-2)
08-31 17:46:35.287 12826 12826 I cn.missevan:   at java.lang.Class java.lang.Class.forName(java.lang.String, boolean, java.lang.ClassLoader) (Class.java:453)
08-31 17:46:35.287 12826 12826 I cn.missevan:   at java.lang.Class android.webkit.WebViewFactory.getWebViewProviderClass(java.lang.ClassLoader) (WebViewFactory.java:176)
08-31 17:46:35.287 12826 12826 I cn.missevan:   at java.lang.Class android.webkit.WebViewFactory.getProviderClass() (WebViewFactory.java:459)
08-31 17:46:35.287 12826 12826 I cn.missevan:   at android.webkit.WebViewFactoryProvider android.webkit.WebViewFactory.getProvider() (WebViewFactory.java:251)
08-31 17:46:35.287 12826 12826 I cn.missevan:   at android.webkit.CookieManager android.webkit.CookieManager.getInstance() (CookieManager.java:40)
08-31 17:46:35.287 12826 12826 I cn.missevan:   at void cn.missevan.web.d.b.ew(java.lang.String) (SourceFile:83)
08-31 17:46:35.287 12826 12826 I cn.missevan:   at void cn.missevan.web.d.b.syncCookie() (SourceFile:52)
08-31 17:46:35.287 12826 12826 I cn.missevan:   at void cn.missevan.MissEvanApplication.syncCookie() (SourceFile:656)
08-31 17:46:35.287 12826 12826 I cn.missevan:   at void cn.missevan.MissEvanApplication.onCreate() (SourceFile:364)
08-31 17:46:35.287 12826 12826 I cn.missevan:   at void cn.missevan.hotfix.MissevanApplicationLike.onCreate() (SourceFile:88)
08-31 17:46:35.287 12826 12826 I cn.missevan:   at void com.tencent.tinker.entry.TinkerApplicationInlineFence.handleMessageImpl(android.os.Message) (SourceFile:71)
08-31 17:46:35.287 12826 12826 I cn.missevan:   at void com.tencent.tinker.entry.TinkerApplicationInlineFence.handleMessage_$noinline$(android.os.Message) (SourceFile:60)
08-31 17:46:35.287 12826 12826 I cn.missevan:   at void com.tencent.tinker.entry.TinkerApplicationInlineFence.handleMessage(android.os.Message) (SourceFile:53)
08-31 17:46:35.287 12826 12826 I cn.missevan:   at void com.tencent.tinker.loader.app.TinkerInlineFenceAction.callOnCreate(android.os.Handler) (SourceFile:50)
08-31 17:46:35.287 12826 12826 I cn.missevan:   at void com.tencent.tinker.loader.app.TinkerApplication.onCreate() (SourceFile:184)
08-31 17:46:35.287 12826 12826 I cn.missevan:   at void android.app.Instrumentation.callApplicationOnCreate(android.app.Application) (Instrumentation.java:1158)
08-31 17:46:35.287 12826 12826 I cn.missevan:   at void android.app.ActivityThread.handleBindApplication(android.app.ActivityThread$AppBindData) (ActivityThread.java:6200)
08-31 17:46:35.287 12826 12826 I cn.missevan:   at void android.app.ActivityThread.access$1200(android.app.ActivityThread, android.app.ActivityThread$AppBindData) (ActivityThread.java:236)
08-31 17:46:35.287 12826 12826 I cn.missevan:   at void android.app.ActivityThread$H.handleMessage(android.os.Message) (ActivityThread.java:1851)
08-31 17:46:35.287 12826 12826 I cn.missevan:   at void android.os.Handler.dispatchMessage(android.os.Message) (Handler.java:106)
08-31 17:46:35.287 12826 12826 I cn.missevan:   at void android.os.Looper.loop() (Looper.java:224)
08-31 17:46:35.287 12826 12826 I cn.missevan:   at void android.app.ActivityThread.main(java.lang.String[]) (ActivityThread.java:7042)
08-31 17:46:35.287 12826 12826 I cn.missevan:   at java.lang.Object java.lang.reflect.Method.invoke(java.lang.Object, java.lang.Object[]) (Method.java:-2)
08-31 17:46:35.287 12826 12826 I cn.missevan:   at void com.android.internal.os.RuntimeInit$MethodAndArgsCaller.run() (RuntimeInit.java:536)
08-31 17:46:35.287 12826 12826 I cn.missevan:   at void com.android.internal.os.ZygoteInit.main(java.lang.String[]) (ZygoteInit.java:868)
08-31 17:46:35.287 12826 12826 I cn.missevan:
08-31 17:46:35.294 12826 12826 I cr_WVCFactoryProvider: Loaded version=104.0.5112.97 minSdkVersion=23 isBundle=true multiprocess=true packageId=2
08-31 17:46:35.320 12826 12826 I cr_LibraryLoader: Successfully loaded native library
08-31 17:46:35.322 12826 12826 I cr_CachingUmaRecorder: Flushed 8 samples from 8 histograms.
08-31 17:46:35.568 12826 12826 E YZSDK   : ----->isDebug = false
08-31 17:46:35.582 12826 12826 I MissEvanApplication: [main] init You Zan system webview
08-31 17:46:35.635 12826 12826 I MissEvanApplication: [main] initPlayer
08-31 17:46:35.637 12826 12826 I Players : [main] cleanPlayerCache
08-31 17:46:35.640 12826 12882 I Player.ExoCacheUtil: [DefaultDispatcher-worker-2] cleanAllCache
08-31 17:46:35.643 12826 12882 I Player.ExoCacheUtil: [DefaultDispatcher-worker-2] Clean cache: audio
08-31 17:46:35.646 12826 12882 I Storages: [DefaultDispatcher-worker-2] AudioCache not need to clean
08-31 17:46:35.646 12826 12882 I Player.ExoCacheUtil: [DefaultDispatcher-worker-2] Clean cache: video
08-31 17:46:35.649 12826 12826 I Player.SinglePlayerConnection: [main] init
08-31 17:46:35.654 12826 12882 E Storages: [DefaultDispatcher-worker-2] VideoCache is empty!
08-31 17:46:35.655 12826 12882 I Player.ExoCacheUtil: [DefaultDispatcher-worker-2] Clean cache: audio_single
08-31 17:46:35.656 12826 12882 E Storages: [DefaultDispatcher-worker-2] AudioSingleCache is empty!
08-31 17:46:35.659 12826 12882 I Player.BBPlayer: [DefaultDispatcher-worker-2] cleanBBPlayer
08-31 17:46:35.660 12826 12882 E Storages: [DefaultDispatcher-worker-2] BBPlayerCache is empty!
08-31 17:46:35.661 12826 12882 E Storages: [DefaultDispatcher-worker-2] BBPlayerAlphaVideo is empty!
08-31 17:46:35.525  1724  2178 I chatty  : uid=1000(system) AutobacklightTh identical 3 lines
08-31 17:46:35.704 12826 12826 I FtBuild : getRomVersion mRomVer=9.0
08-31 17:46:35.772 12826 12826 E FileNotFoundException: [main] java.io.FileNotFoundException: /system/build.prop (Permission denied)
08-31 17:46:35.772 12826 12826 E FileNotFoundException: 	at java.io.FileInputStream.open0(Native Method)
08-31 17:46:35.772 12826 12826 E FileNotFoundException: 	at java.io.FileInputStream.open(FileInputStream.java:231)
08-31 17:46:35.772 12826 12826 E FileNotFoundException: 	at java.io.FileInputStream.<init>(FileInputStream.java:165)
08-31 17:46:35.772 12826 12826 E FileNotFoundException: 	at cn.missevan.library.util.DeviceHelper.<clinit>(SourceFile:46)
08-31 17:46:35.772 12826 12826 E FileNotFoundException: 	at cn.missevan.library.util.DeviceHelper.isZTKC2016(SourceFile:182)
08-31 17:46:35.772 12826 12826 E FileNotFoundException: 	at cn.missevan.library.util.StatusBarUtils.setStatusBarLightMode(SourceFile:152)
08-31 17:46:35.772 12826 12826 E FileNotFoundException: 	at cn.missevan.library.util.StatusBarUtils.setStatusAndNavigationBarLightMode(SourceFile:138)
08-31 17:46:35.772 12826 12826 E FileNotFoundException: 	at cn.missevan.activity.SplashActivity.eX(SourceFile:93)
08-31 17:46:35.772 12826 12826 E FileNotFoundException: 	at cn.missevan.activity.SplashActivity.onCreate(SourceFile:36)
08-31 17:46:35.772 12826 12826 E FileNotFoundException: 	at android.app.Activity.performCreate(Activity.java:7248)
08-31 17:46:35.772 12826 12826 E FileNotFoundException: 	at android.app.Activity.performCreate(Activity.java:7239)
08-31 17:46:35.772 12826 12826 E FileNotFoundException: 	at android.app.Instrumentation.callActivityOnCreate(Instrumentation.java:1275)
08-31 17:46:35.772 12826 12826 E FileNotFoundException: 	at android.app.ActivityThread.performLaunchActivity(ActivityThread.java:3111)
08-31 17:46:35.772 12826 12826 E FileNotFoundException: 	at android.app.ActivityThread.handleLaunchActivity(ActivityThread.java:3266)
08-31 17:46:35.772 12826 12826 E FileNotFoundException: 	at android.app.servertransaction.LaunchActivityItem.execute(LaunchActivityItem.java:78)
08-31 17:46:35.772 12826 12826 E FileNotFoundException: 	at android.app.servertransaction.TransactionExecutor.executeCallbacks(TransactionExecutor.java:108)
08-31 17:46:35.772 12826 12826 E FileNotFoundException: 	at android.app.servertransaction.TransactionExecutor.execute(TransactionExecutor.java:68)
08-31 17:46:35.772 12826 12826 E FileNotFoundException: 	at android.app.ActivityThread$H.handleMessage(ActivityThread.java:2009)
08-31 17:46:35.772 12826 12826 E FileNotFoundException: 	at com.didichuxing.doraemonkit.kit.timecounter.instrumentation.ProxyHandlerCallback.handleMessage(SourceFile:44)
08-31 17:46:35.772 12826 12826 E FileNotFoundException: 	at android.os.Handler.dispatchMessage(Handler.java:102)
08-31 17:46:35.772 12826 12826 E FileNotFoundException: 	at android.os.Looper.loop(Looper.java:224)
08-31 17:46:35.772 12826 12826 E FileNotFoundException: 	at android.app.ActivityThread.main(ActivityThread.java:7042)
08-31 17:46:35.772 12826 12826 E FileNotFoundException: 	at java.lang.reflect.Method.invoke(Native Method)
08-31 17:46:35.772 12826 12826 E FileNotFoundException: 	at com.android.internal.os.RuntimeInit$MethodAndArgsCaller.run(RuntimeInit.java:536)
08-31 17:46:35.772 12826 12826 E FileNotFoundException: 	at com.android.internal.os.ZygoteInit.main(ZygoteInit.java:868)
08-31 17:46:35.772 12826 12826 E FileNotFoundException:
08-31 17:46:35.782  1724  3997 D PackageManager: package:10598 check permission,PERMISSION_GRANTED
08-31 17:46:35.813  1724  3997 D PackageManager: package:1000 check permission,PERMISSION_GRANTED
08-31 17:46:35.814  1724  3997 I ActivityManager: START u0 {cmp=cn.missevan/.activity.MainActivity} from uid 10598
08-31 17:46:35.814  1724  3997 I ActivityManager: send message.
08-31 17:46:35.814  1724  3997 D PackageManager: package:1000 check permission,PERMISSION_GRANTED
08-31 17:46:35.815  2765 17121 I chatty  : uid=1000(system) Binder:2765_D expire 9 lines
08-31 17:46:35.816  2765 17121 W ContextImpl: Calling a method in the system process without a qualified user: android.app.ContextImpl.bindService:1645 android.content.ContextWrapper.bindService:698 com.vivo.daemonService.i.c.a:9 com.vivo.daemonService.i.c.a:13 com.vivo.daemonService.IqooSecure.SoftwareLockService$a.activityStarting:5
08-31 17:46:35.817  1724  3997 W ActivityManager: Unable to start service Intent { act=com.vivo.thirdappbehavior.ThirdAppBehaviorService pkg=com.vivo.abe } U=0: not found
08-31 17:46:35.817  1724  3997 I ActivityManager: remove message.
08-31 17:46:35.817  1724  3997 I ActivityManager: send message.
08-31 17:46:35.818  2765  5102 I chatty  : uid=1000(system) Binder:2765_F expire 9 lines
08-31 17:46:35.818  1724  3997 I ActivityManager: remove message.
08-31 17:46:35.831  1724  3997 D ActivityTrigger: activityStartTrigger: Activity is Triggerred in full screen ApplicationInfo{5c0b178 cn.missevan}
08-31 17:46:35.831  1724  3997 E ActivityTrigger: activityStartTrigger: not whiteListedcn.missevan/cn.missevan.activity.MainActivity/5070300
08-31 17:46:35.831  1724  3997 D CompatibilityInfo: mCompatibilityFlags - 0
08-31 17:46:35.831  1724  3997 D CompatibilityInfo: applicationDensity - 480
08-31 17:46:35.831  1724  3997 D CompatibilityInfo: applicationScale - 1.0
08-31 17:46:35.834  1724  3997 W ActivityManager: vivo occlude resumeTop canOccclude = false next.occlude = false
08-31 17:46:35.835  1724  3997 D ActivityTrigger: activityResumeTrigger: The activity in ApplicationInfo{5c0b178 cn.missevan} is now in focus and seems to be in full-screen mode
08-31 17:46:35.835  1724  3997 E ActivityTrigger: activityResumeTrigger: not whiteListedcn.missevan/cn.missevan.activity.MainActivity/5070300
08-31 17:46:35.836  1724  3997 D ActivityTrigger: ActivityTrigger activityPauseTrigger
08-31 17:46:35.839  1724  3997 I Letterbox: null setColorInner, color = fff6f6f6, callers = com.android.server.wm.VivoBaseLetterbox$VivoBaseLetterboxSurface.setColor:66 com.android.server.wm.VivoBaseLetterbox.setColors:46 com.android.server.wm.VivoBaseAppWindowToken.updateLetterboxColor:323 com.android.server.wm.VivoBaseAppWindowToken.onLetterboxCreated:271 com.android.server.wm.VivoBaseAppWindowToken.layoutLetterbox:249
08-31 17:46:35.842  1724  3997 I Letterbox: setColorInner, color = ff000000, callers = com.android.server.wm.VivoBaseLetterbox$VivoBaseLetterboxSurface.setColor:66 com.android.server.wm.VivoBaseLetterbox.setColors:46 com.android.server.wm.VivoBaseAppWindowToken.updateLetterboxColor:323 com.android.server.wm.VivoBaseAppWindowToken.updateLetterboxSurface:82 com.android.server.wm.AppWindowToken.updateLetterboxSurface:1669
08-31 17:46:35.845  1724  3997 I Letterbox: setColorInner, color = ff000000, callers = com.android.server.wm.VivoBaseLetterbox$VivoBaseLetterboxSurface.onSurfaceCreated:71 com.android.server.wm.Letterbox$LetterboxSurface.createSurface:169 com.android.server.wm.Letterbox$LetterboxSurface.applySurfaceChanges:207 com.android.server.wm.VivoBaseLetterbox.applySurfaceChanges:35 com.android.server.wm.VivoBaseAppWindowToken.updateLetterboxSurface:83
08-31 17:46:35.849  1724  3997 I Letterbox: setColorInner, color = fff6f6f6, callers = com.android.server.wm.VivoBaseLetterbox$VivoBaseLetterboxSurface.onSurfaceCreated:71 com.android.server.wm.Letterbox$LetterboxSurface.createSurface:169 com.android.server.wm.Letterbox$LetterboxSurface.applySurfaceChanges:207 com.android.server.wm.VivoBaseLetterbox.applySurfaceChanges:37 com.android.server.wm.VivoBaseAppWindowToken.updateLetterboxSurface:83
08-31 17:46:35.892 12826 12855 D LeakCanary: LeakCanary is running and ready to detect memory leaks.
08-31 17:46:35.899 12826 12826 D awcn.NetworkStatusMonitor:  receiver:android.net.conn.CONNECTIVITY_CHANGE
08-31 17:46:35.900 12826 12916 D awcn.NetworkStatusMonitor:  [checkNetworkStatus]
08-31 17:46:35.901 12826 12916 I awcn.NetworkStatusMonitor:  checkNetworkStatus info.isConnected:true info.isAvailable:true info.getType:1
08-31 17:46:35.915 12826 12905 I DpmTcmClient: RegisterTcmMonitor from: $Proxy0
08-31 17:46:35.918 12826 12826 D Tinker.TinkerLoader: [main] [PendingLog @ 2022-08-31 17:46:33.796] tryLoad test test
08-31 17:46:35.919 12826 12826 W Tinker.TinkerLoader: [main] [PendingLog @ 2022-08-31 17:46:33.799] tryLoadPatchFiles:patch dir not exist:/data/user/0/cn.missevan/tinker
08-31 17:46:35.920 12826 12826 D Tinker.DefaultAppLike: [main] [PendingLog @ 2022-08-31 17:46:33.852] onBaseContextAttached:
08-31 17:46:35.921 12826 12826 D Tinker.DefaultAppLike: [main] [PendingLog @ 2022-08-31 17:46:34.163] onCreate
08-31 17:46:35.932  1724  3997 W ActivityManager: vivo occlude resumeTop canOccclude = false next.occlude = false
08-31 17:46:35.932  1724  3997 D ActivityTrigger: activityResumeTrigger: The activity in ApplicationInfo{5c0b178 cn.missevan} is now in focus and seems to be in full-screen mode
08-31 17:46:35.932  1724  3997 E ActivityTrigger: activityResumeTrigger: not whiteListedcn.missevan/cn.missevan.activity.MainActivity/5070300
08-31 17:46:35.939  1724  3997 D CompatibilityInfo: mCompatibilityFlags - 0
08-31 17:46:35.939  1724  3997 D CompatibilityInfo: applicationDensity - 480
08-31 17:46:35.939  1724  3997 D CompatibilityInfo: applicationScale - 1.0
08-31 17:46:35.955 12826 12909 I UPush.BaseService: onHandleWork
08-31 17:46:35.955 12826 12909 I UPush.MessageHandlerService: action: com.umeng.message.action command:register
08-31 17:46:35.955 12826 12909 I UPush.MessageHandlerService: deviceToken: AqD3mdygvHO90xje6zP5PURWoq3XmkaeoK7L_3UvPpWn statustrue
08-31 17:46:35.955 12826 12826 D awcn.SessionRequest:  onServiceConnected
08-31 17:46:35.960 12826 12826 W ActivityThread: handleWindowVisibility: no activity for token android.os.BinderProxy@dca0842
08-31 17:46:35.965 12826 12971 I Umeng   : [UPush-3] device token: AqD3mdygvHO90xje6zP5PURWoq3XmkaeoK7L_3UvPpWn
08-31 17:46:35.975 12826 12971 I NAccs.Config:  getDeviceToken token:AqD3mdygvHO90xje6zP5PURWoq3XmkaeoK7L_3UvPpWn
08-31 17:46:35.976 12826 12971 D NAccs.Config:  getAgooAppKey appkey:umeng:546d7dd7fd98c58fc800082c
