08-31 17:46:37.946  1724  2655 D PackageManager: package:1000 check permission,PERMISSION_GRANTED
08-31 17:46:37.947  1724  1853 D UiModeManager: onForegroundActivitiesChanged: pid=4240, uid=10096, foregroundActivities=false
08-31 17:46:37.947  1724 13522 D PackageManager: package:1000 check permission,PERMISSION_GRANTED
08-31 17:46:37.953  2765  2765 I chatty  : uid=1000(system) com.vivo.daemonService expire 52 lines
08-31 17:46:38.003 12826 12826 V HotfixManager: [main] try to start patch info update
08-31 17:46:38.257 12826 13058 D config.Worker: config,ver: null
08-31 17:46:38.257 12826 13058 D ab.Worker: ab,ver: null
08-31 17:46:38.263 12826 12826 E MissEvanHotfixReporterImpl: [main] report: description: patch not need to update, internal_version: 5070300, result_code: 10108, patch_md5: none, process_name: cn.missevan, manufacturer: vivo, env: prod,
08-31 17:46:38.266 12826 12826 I neuron.api: [main]
08-31 17:46:38.371 12738 12805 I appium  : channel read: GET /wd/hub/session/d963ad08-b6c1-4277-bc84-c0c20b577fab
08-31 17:46:38.375 12738 12805 I appium  : GetSessionDetails command
08-31 17:46:38.392 12738 12805 I appium  : AppiumResponse: {"sessionId":"d963ad08-b6c1-4277-bc84-c0c20b577fab","value":{"lastScrollData":null}}
08-31 17:46:38.397 12826 13066 D config.Worker: config,ver: null
08-31 17:46:38.398 12826 13066 D ab.Worker: ab,ver: null
08-31 17:46:38.399 12826 13066 W ConfigManager.DefaultFactory: Unexpected: Response{protocol=h2, code=404, message=, url=https://i0.hdslb.com/bfs/fawkes/config/prod/android_missevan.zip}
08-31 17:46:38.426 12738 12805 I appium  : channel read: GET /wd/hub/session/d963ad08-b6c1-4277-bc84-c0c20b577fab/window/current/size
08-31 17:46:38.429 12738 12805 I appium  : GetDeviceSize command
08-31 17:46:38.429 12738 12805 I appium  : Get window size of the device
08-31 17:46:38.445 12738 12805 I appium  : AppiumResponse: {"sessionId":"d963ad08-b6c1-4277-bc84-c0c20b577fab","value":{"height":2075,"width":1080}}
08-31 17:46:38.260  1724  2178 I chatty  : uid=1000(system) AutobacklightTh identical 1 line
08-31 17:46:38.552  1724  1852 I ActivityManager: Waited long enough for: ServiceRecord{84f312 u0 com.sohu.inputmethod.sogou.vivo/com.sohu.inputmethod.settings.status.SogouStatusService}
08-31 17:46:38.701 12738 12805 I appium  : channel read: GET /wd/hub/session/d963ad08-b6c1-4277-bc84-c0c20b577fab/source
08-31 17:46:38.707 12738 12805 I appium  : Source command
08-31 17:46:38.718 12738 12805 I appium  : Waiting up to 10000ms for the device to idle
08-31 17:46:38.778 12826 12850 I cn.missevan: Waiting for a blocking GC ProfileSaver
08-31 17:46:38.964 12738 12805 I appium  : AppiumResponse: {"sessionId":"d963ad08-b6c1-4277-bc84-c0c20b577fab","value":"<?xml version='1.0' encoding='UTF-8' standalone='yes' ?>\r\n<hierarchy index=\"0\" class=\"hierarchy\" rotation=\"0\" width=\"1080\" height=\"2075\">\r\n  <android.widget.FrameLayout index=\"0\" package=\"cn.missevan\" class=\"android.widg
08-31 17:46:38.992 12738 12805 I appium  : channel read: GET /wd/hub/session/d963ad08-b6c1-4277-bc84-c0c20b577fab/screenshot
08-31 17:46:38.994 12738 12805 I appium  : CaptureScreenshot command
08-31 17:46:39.159 12826 12860 D LeakCanary: Setting up flushing for Thread[CrashCaptureManager,5,main]
08-31 17:46:39.160 12826 12860 D LeakCanary: Setting up flushing for Thread[FrameMetricsAggregator,5,main]
08-31 17:46:39.161 12826 12860 D LeakCanary: Setting up flushing for Thread[BiliCrInit,5,main]
08-31 17:46:39.161 12826 12860 D LeakCanary: Setting up flushing for Thread[thread_report,5,main]
08-31 17:46:39.166 12988 12988 I Perf    : Connecting to perf service.
08-31 17:46:39.185 12988 12988 D Tinker.TinkerLoader: tryLoad test test
08-31 17:46:39.189  1724  3997 D PackageManager: package:10598 check permission,PERMISSION_GRANTED
08-31 17:46:39.190 12988 12988 W Tinker.TinkerLoader: tryLoadPatchFiles:patch dir not exist:/data/user/0/cn.missevan/tinker
08-31 17:46:39.257 12988 12988 D Tinker.DefaultAppLike: onBaseContextAttached:
08-31 17:46:39.262 12988 12988 I MultiDex: VM with version 2.1.0 has multidex support
08-31 17:46:39.262 12988 12988 I MultiDex: Installing application
08-31 17:46:39.262 12988 12988 I MultiDex: VM has multidex support, MultiDex support library is disabled.
08-31 17:46:39.062  1724  2178 I chatty  : uid=1000(system) AutobacklightTh identical 3 lines
08-31 17:46:39.305  1724  3997 D PackageManager: package:1000 check permission,PERMISSION_GRANTED
08-31 17:46:39.341  1724  1855 I ActivityManager: Start proc 13083:cn.missevan:stats/u0a598 for service cn.missevan/com.bilibili.lib.neuron.internal.NeuronRemoteService
08-31 17:46:39.305  1724  3997 D PackageManager: package:1000 check permission,PERMISSION_GRANTED
08-31 17:46:39.347 13083 13083 I .missevan:stat: Late-enabling -Xcheck:jni
08-31 17:46:39.353  1724  2233 E TaskPersister: File error accessing recents directory (directory doesn't exist?).
08-31 17:46:39.370  1724  3997 D PackageManager: package:10598 check permission,PERMISSION_GRANTED
08-31 17:46:39.371 12988 12988 D Tinker.DefaultAppLike: onCreate
08-31 17:46:39.423  1724  3997 D CompatibilityInfo: mCompatibilityFlags - 0
08-31 17:46:39.423  1724  3997 D CompatibilityInfo: applicationDensity - 480
08-31 17:46:39.423  1724  3997 D CompatibilityInfo: applicationScale - 1.0
08-31 17:46:39.425  1724  3997 D CompatibilityInfo: mCompatibilityFlags - 0
08-31 17:46:39.425  1724  3997 D CompatibilityInfo: applicationDensity - 480
08-31 17:46:39.425  1724  3997 D CompatibilityInfo: applicationScale - 1.0
08-31 17:46:39.432  1724  3997 D CompatibilityInfo: mCompatibilityFlags - 0
08-31 17:46:39.432  1724  3997 D CompatibilityInfo: applicationDensity - 480
08-31 17:46:39.432  1724  3997 D CompatibilityInfo: applicationScale - 1.0
08-31 17:46:39.474 13083 13083 I .missevan:stat: The ClassLoaderContext is a special shared library.
08-31 17:46:39.573 12988 12988 W n:player.singl: Accessing hidden method Landroid/app/ActivityThread;->currentApplication()Landroid/app/Application; (light greylist, linking)
08-31 17:46:39.600 13012 13012 I Perf    : Connecting to perf service.
08-31 17:46:39.622 13012 13012 D Tinker.TinkerLoader: tryLoad test test
08-31 17:46:39.625  1724  2922 D PackageManager: package:10598 check permission,PERMISSION_GRANTED
08-31 17:46:39.626 13012 13012 W Tinker.TinkerLoader: tryLoadPatchFiles:patch dir not exist:/data/user/0/cn.missevan/tinker
08-31 17:46:39.681  1724  2922 D PackageManager: package:10598 check permission,PERMISSION_GRANTED
08-31 17:46:39.683 12738 12805 I appium  : AppiumResponse: {"sessionId":"d963ad08-b6c1-4277-bc84-c0c20b577fab","value":"iVBORw0KGgoAAAANSUhEUgAABDgAAAjoCAYAAAA5jhrUAAAABHNCSVQICAgIfAhkiAAAIABJREFU\neJzs3XuYbGtdH/jfu1b13vtwDgcvINeDiIEgghgilyPxFoQouek8SibGiU/U8a4YcIy3BDESI0FN\nnCFR8yTKTLxEGXi8RI0SLw/jgIIxgEEC0SC3OUbi5XD22d1da73v/LFqVXWt6urufd9v9+fDU/Sp\ny1q1a
08-31 17:46:39.686 13012 13012 D Tinker.DefaultAppLike: onBaseContextAttached:
08-31 17:46:39.691 13012 13012 I MultiDex: VM with version 2.1.0 has multidex support
08-31 17:46:39.691 13012 13012 I MultiDex: Installing application
08-31 17:46:39.691 13012 13012 I MultiDex: VM has multidex support, MultiDex support library is disabled.
08-31 17:46:39.702 12988 13108 D SentryLog: [pool-3-thread-1] SU isn't found on this Device.
08-31 17:46:39.710  1724  2922 D PackageManager: package:10598 check permission,PERMISSION_GRANTED
08-31 17:46:39.715 12988 12988 W pool-3-thread-1: type=1400 audit(0.0:49966): avc: denied { read } for name="version" dev="proc" ino=4026532090 scontext=u:r:untrusted_app:s0:c86,c258,c512,c768 tcontext=u:object_r:proc_version:s0 tclass=file permissive=0
08-31 17:46:39.734 12988 12988 I SentryLog: [main] Initializing SDK with DSN: 'https://8e68e4623f6348b0b9984471d41e3e2d@sentry.missevan.com/2'
08-31 17:46:39.740 12988 12988 I SentryLog: [main] GlobalHubMode: 'true'
08-31 17:46:39.777 12988 12988 D SentryLog: [main] UncaughtExceptionHandlerIntegration enabled: true
08-31 17:46:39.779 12988 12988 D SentryLog: [main] default UncaughtExceptionHandler class='xcrash.i'
08-31 17:46:39.780 12988 12988 D SentryLog: [main] UncaughtExceptionHandlerIntegration installed.
08-31 17:46:39.782 12988 12988 D SentryLog: [main] ShutdownHookIntegration installed.
08-31 17:46:39.784  1724  3997 D PackageManager: package:10598 check permission,PERMISSION_GRANTED
08-31 17:46:39.785 13012 13012 D Tinker.DefaultAppLike: onCreate
08-31 17:46:39.786 12988 12988 D SentryLog: [main] SendCachedEventFireAndForgetIntegration installed.
08-31 17:46:39.787 12988 12988 D SentryLog: [main] NdkIntegration enabled: true
08-31 17:46:39.787 12826 12826 I SplashFragment: [main] Delay times up, mHasRunLaunchMain: true
08-31 17:46:39.787 12988 13112 D SentryLog: [pool-2-thread-1] Started processing cached files from /data/user/0/cn.missevan/cache/sentry
08-31 17:46:39.788 12988 12988 I sentry-native: using database path "/data/data/cn.missevan/cache/sentry/.sentry-native"
08-31 17:46:39.789 12988 12988 D sentry-native: starting backend
08-31 17:46:39.791 12988 12988 D SentryLog: [main] NdkIntegration installed.
08-31 17:46:39.792 12988 12988 D SentryLog: [main] Registering EnvelopeFileObserverIntegration for path: /data/user/0/cn.missevan/cache/sentry/outbox
08-31 17:46:39.792 12988 13112 D SentryLog: [pool-2-thread-1] Processing dir. /data/user/0/cn.missevan/cache/sentry
08-31 17:46:39.795 12988 12988 D SentryLog: [main] EnvelopeFileObserverIntegration installed.
08-31 17:46:39.796 12988 13112 D SentryLog: [pool-2-thread-1] Processing 1 items from cache dir /data/user/0/cn.missevan/cache/sentry
08-31 17:46:39.797 12988 12988 D SentryLog: [main] SendCachedEventFireAndForgetIntegration installed.
08-31 17:46:39.798 12988 12988 D SentryLog: [main] AnrIntegration enabled: true
08-31 17:46:39.798 12988 13112 D SentryLog: [pool-2-thread-1] File /data/user/0/cn.missevan/cache/sentry/outbox is not a File.
08-31 17:46:39.799 12988 12988 D SentryLog: [main] ANR timeout in milliseconds: 5000
08-31 17:46:39.801 12988 12988 D SentryLog: [main] AnrIntegration installed.
08-31 17:46:39.801 12988 13112 D SentryLog: [pool-2-thread-1] Processing file: /data/user/0/cn.missevan/cache/sentry/8b390f9a-1e60-47ae-97c9-70c7bb4d2265.envelope
08-31 17:46:39.803 12988 12988 D SentryLog: [main] enableSessionTracking enabled: true
08-31 17:46:39.804 12988 12988 D SentryLog: [main] enableAppLifecycleBreadcrumbs enabled: true
08-31 17:46:39.806 12826 12894 I UMLog   : SDK: 9.5.0
08-31 17:46:39.806 12826 12894 I UMLog   : ZID SDK: 1.6.3
08-31 17:46:39.807 12826 12894 I UMLog   : SDK: 6.5.3
08-31 17:46:39.807 12826 12894 I UMLog   : SDK: 1.0
08-31 17:46:39.814 12988 12988 D SentryLog: [main] AppLifecycleIntegration installed.
08-31 17:46:39.815 12826 12894 I MobclickAgent: module init:apszion
08-31 17:46:39.816 12988 12988 D SentryLog: [main] ActivityLifecycleIntegration enabled: true
08-31 17:46:39.817 12988 12988 D SentryLog: [main] ActivityLifecycleIntegration installed.
08-31 17:46:39.819 12988 12988 D SentryLog: [main] UserInteractionIntegration enabled: true
08-31 17:46:39.820 12988 13112 D SentryLog: [pool-2-thread-1] Captured Envelope is already cached
08-31 17:46:39.820 12988 12988 D SentryLog: [main] UserInteractionIntegration installed.
08-31 17:46:39.821 12988 12988 D SentryLog: [main] AppComponentsBreadcrumbsIntegration enabled: true
08-31 17:46:39.823 12988 12988 D SentryLog: [main] AppComponentsBreadcrumbsIntegration installed.
08-31 17:46:39.825 12988 12988 D SentryLog: [main] SystemEventsBreadcrumbsIntegration enabled: true
08-31 17:46:39.830 12988 12988 D SentryLog: [main] SystemEventsBreadcrumbsIntegration installed.
08-31 17:46:39.831 12988 12988 D SentryLog: [main] enableSystemEventsBreadcrumbs enabled: true
08-31 17:46:39.832 12988 13116 D NetworkSecurityConfig: Using Network Security Config from resource g debugBuild: true
08-31 17:46:39.834 12826 12894 E cn.missevan: Invalid ID 0x00000000.
08-31 17:46:39.836 12988 13116 I DpmTcmClient: RegisterTcmMonitor from: $Proxy0
08-31 17:46:39.844 12988 12988 I SentryLog: [main] TYPE_AMBIENT_TEMPERATURE is not available.
08-31 17:46:39.846 12988 12988 D SentryLog: [main] enableSystemEventBreadcrumbs enabled: true
08-31 17:46:39.848 12988 12988 D SentryLog: [main] FragmentLifecycleIntegration installed.
08-31 17:46:40.013 13012 13012 W missevan:playe: Accessing hidden method Landroid/app/ActivityThread;->currentApplication()Landroid/app/Application; (light greylist, linking)
08-31 17:46:40.091 12988 12988 D NAccs.AccsClientConfig:  build config:AccsClientConfig{mAppKey='umeng:546d7dd7fd98c58fc800082c', mAppSecret='64e8358a59d434e5546720db97ab5996', mInappHost='umengacs.m.taobao.com', mChannelHost='umengjmacs.m.taobao.com', mStoreId='', mSecurity=2, mAuthCode='', mInappPubKey=11, mChannelPubKey=11, mKeepalive=true, mAutoUnit=false, mTag='default', mConfigEnv=0, mDisableChannel=false, mQuickReconnect=false, mAccsHeartbeatEnable=false, mPullUpEnable=false, mForePingEnable=false, mPingTimeout=0}
08-31 17:46:40.091 12988 12988 W NAccs.AccsClientConfig:  build conver old config:AccsClientConfig{mAppKey='umeng:546d7dd7fd98c58fc800082c', mAppSecret='64e8358a59d434e5546720db97ab5996', mInappHost='umengacs.m.taobao.com', mChannelHost='umengjmacs.m.taobao.com', mStoreId='', mSecurity=2, mAuthCode='', mInappPubKey=-1, mChannelPubKey=-1, mKeepalive=true, mAutoUnit=true, mTag='default', mConfigEnv=0, mDisableChannel=false, mQuickReconnect=false, mAccsHeartbeatEnable=false, mPullUpEnable=true, mForePingEnable=false, mPingTimeout=0}
08-31 17:46:40.091 12988 12988 D NAccs.ACCSClient:  init config:AccsClientConfig{mAppKey='umeng:546d7dd7fd98c58fc800082c', mAppSecret='64e8358a59d434e5546720db97ab5996', mInappHost='umengacs.m.taobao.com', mChannelHost='umengjmacs.m.taobao.com', mStoreId='', mSecurity=2, mAuthCode='', mInappPubKey=11, mChannelPubKey=11, mKeepalive=true, mAutoUnit=false, mTag='default', mConfigEnv=0, mDisableChannel=false, mQuickReconnect=false, mAccsHeartbeatEnable=false, mPullUpEnable=false, mForePingEnable=false, mPingTimeout=0}
08-31 17:46:40.093 12988 12988 D UPush.Impl: appkey:546d7dd7fd98c58fc800082c secret:64e8358a59d434e5546720db97ab5996
08-31 17:46:40.096 12988 13143 I NAccs.TaobaoRegister:  register appKey:umeng:546d7dd7fd98c58fc800082c configTag:default
08-31 17:46:40.097 12988 13143 D NAccs.Config:  setAgooAppKey appkey:umeng:546d7dd7fd98c58fc800082c
08-31 17:46:40.097 12988 13143 D NAccs.Config:  setAgooMessageSecret secret:64e8358a59d434e5546720db97ab5996
08-31 17:46:40.100 12988 13143 D NAccs.ACCSManager:  getAccsInstance key:default|0
08-31 17:46:40.111  1724  3997 D PackageManager: package:10598 check permission,PERMISSION_GRANTED
08-31 17:46:40.127 13012 13144 D SentryLog: [pool-3-thread-1] SU isn't found on this Device.
08-31 17:46:40.135  1724 14873 D PackageManager: package:10598 check permission,PERMISSION_GRANTED
08-31 17:46:40.145 13012 13012 W pool-3-thread-1: type=1400 audit(0.0:49967): avc: denied { read } for name="version" dev="proc" ino=4026532090 scontext=u:r:untrusted_app:s0:c86,c258,c512,c768 tcontext=u:object_r:proc_version:s0 tclass=file permissive=0
08-31 17:46:40.148 12988 13143 D NAccs.InAppConn_default:  new connection
08-31 17:46:40.153  1724 14873 I chatty  : uid=1000(system) Binder:1724_1D identical 30 lines
08-31 17:46:40.159 13012 13012 I SentryLog: [main] Initializing SDK with DSN: 'https://8e68e4623f6348b0b9984471d41e3e2d@sentry.missevan.com/2'
08-31 17:46:40.161 12988 13143 I NAccs.Utils:  isMainProcess result:false
08-31 17:46:40.162 12988 13143 I NAccs.ACCSMgrImpl_default:  bindApp appKey:umeng:546d7dd7fd98c58fc800082c
08-31 17:46:40.165 13012 13012 I SentryLog: [main] GlobalHubMode: 'true'
08-31 17:46:40.166 12988 12988 W n:player.singl: Accessing hidden method Ldalvik/system/CloseGuard;->get()Ldalvik/system/CloseGuard; (light greylist, reflection)
08-31 17:46:40.166 12988 12988 W n:player.singl: Accessing hidden method Ldalvik/system/CloseGuard;->open(Ljava/lang/String;)V (light greylist, reflection)
08-31 17:46:40.166 12988 12988 W n:player.singl: Accessing hidden method Ldalvik/system/CloseGuard;->warnIfOpen()V (light greylist, reflection)
08-31 17:46:40.170 12988 13143 D NAccs.UtilityImpl:  enableService comptName:ComponentInfo{cn.missevan/com.taobao.accs.ChannelService}
08-31 17:46:39.868  1724  2178 I chatty  : uid=1000(system) AutobacklightTh identical 3 lines
08-31 17:46:40.171  1724 14873 W PackageManager: setEnabledSetting  packageName:cn.missevan className:com.taobao.accs.ChannelService newState:1 userId:0 callingPackage:null
08-31 17:46:40.173 12988 13147 D NAccs.FileCheckUtils:  st.getAvailableBlocks()=2688676,st.getAvailableBlocks() * blockSize=11012816896
08-31 17:46:40.184 12988 13143 W NAccs.ACCSMgrImpl_default:  bindApp only allow in main process
08-31 17:46:40.212 13012 13012 D SentryLog: [main] UncaughtExceptionHandlerIntegration enabled: true
08-31 17:46:40.214 13012 13012 D SentryLog: [main] default UncaughtExceptionHandler class='xcrash.i'
08-31 17:46:40.216 13012 13012 D SentryLog: [main] UncaughtExceptionHandlerIntegration installed.
08-31 17:46:40.218 13012 13012 D SentryLog: [main] ShutdownHookIntegration installed.
08-31 17:46:40.221 13012 13012 D SentryLog: [main] SendCachedEventFireAndForgetIntegration installed.
08-31 17:46:40.222 13012 13153 D SentryLog: [pool-2-thread-1] Started processing cached files from /data/user/0/cn.missevan/cache/sentry
08-31 17:46:40.222 13012 13012 D SentryLog: [main] NdkIntegration enabled: true
08-31 17:46:40.223 13012 13012 I sentry-native: using database path "/data/data/cn.missevan/cache/sentry/.sentry-native"
08-31 17:46:40.224 13012 13012 D sentry-native: starting backend
08-31 17:46:40.226 13012 13012 D SentryLog: [main] NdkIntegration installed.
08-31 17:46:40.226 13012 13153 D SentryLog: [pool-2-thread-1] Processing dir. /data/user/0/cn.missevan/cache/sentry
08-31 17:46:40.227 12988 13116 D SentryLog: [SentryAsyncConnection-0] Envelope sent successfully.
08-31 17:46:40.227 13012 13012 D SentryLog: [main] Registering EnvelopeFileObserverIntegration for path: /data/user/0/cn.missevan/cache/sentry/outbox
08-31 17:46:40.230 13012 13012 D SentryLog: [main] EnvelopeFileObserverIntegration installed.
08-31 17:46:40.231 13012 13153 D SentryLog: [pool-2-thread-1] Processing 1 items from cache dir /data/user/0/cn.missevan/cache/sentry
08-31 17:46:40.231 12988 13116 D SentryLog: [SentryAsyncConnection-0] Envelope flushed
08-31 17:46:40.232 13012 13012 D SentryLog: [main] SendCachedEventFireAndForgetIntegration installed.
08-31 17:46:40.232 12988 13116 D SentryLog: [SentryAsyncConnection-0] Marking envelope submission result: true
08-31 17:46:40.233 13012 13012 D SentryLog: [main] AnrIntegration enabled: true
08-31 17:46:40.233 13012 13153 D SentryLog: [pool-2-thread-1] File /data/user/0/cn.missevan/cache/sentry/outbox is not a File.
08-31 17:46:40.234 13012 13012 D SentryLog: [main] ANR timeout in milliseconds: 5000
08-31 17:46:40.235 12988 13112 D SentryLog: [pool-2-thread-1] Deleted file /data/user/0/cn.missevan/cache/sentry/8b390f9a-1e60-47ae-97c9-70c7bb4d2265.envelope.
08-31 17:46:40.236 13012 13153 D SentryLog: [pool-2-thread-1] File /data/user/0/cn.missevan/cache/sentry/8b390f9a-1e60-47ae-97c9-70c7bb4d2265.envelope is not a File.
08-31 17:46:40.237 13012 13012 D SentryLog: [main] AnrIntegration installed.
08-31 17:46:40.238 12988 13112 D SentryLog: [pool-2-thread-1] Processing file: /data/user/0/cn.missevan/cache/sentry/session.json
08-31 17:46:40.238 13012 13012 D SentryLog: [main] enableSessionTracking enabled: true
08-31 17:46:40.238 13012 13153 D SentryLog: [pool-2-thread-1] Processing file: /data/user/0/cn.missevan/cache/sentry/session.json
08-31 17:46:40.239 13012 13012 D SentryLog: [main] enableAppLifecycleBreadcrumbs enabled: true
08-31 17:46:40.240 12988 13112 D SentryLog: [pool-2-thread-1] File '/data/user/0/cn.missevan/cache/sentry/session.json' doesn't match extension expected.
08-31 17:46:40.240 12988 12988 D PlayApplication: [main] PlayApplication onCreate.
08-31 17:46:40.241 13012 13153 D SentryLog: [pool-2-thread-1] File '/data/user/0/cn.missevan/cache/sentry/session.json' doesn't match extension expected.
08-31 17:46:40.242 12988 13112 D SentryLog: [pool-2-thread-1] File /data/user/0/cn.missevan/cache/sentry/.sentry-native is not a File.
08-31 17:46:40.244 13012 13153 D SentryLog: [pool-2-thread-1] File /data/user/0/cn.missevan/cache/sentry/.sentry-native is not a File.
08-31 17:46:40.245 12988 13112 D SentryLog: [pool-2-thread-1] Finished processing cached files from /data/user/0/cn.missevan/cache/sentry
08-31 17:46:40.247 13012 13153 D SentryLog: [pool-2-thread-1] Finished processing cached files from /data/user/0/cn.missevan/cache/sentry
08-31 17:46:40.248 13012 13012 D SentryLog: [main] AppLifecycleIntegration installed.
08-31 17:46:40.249 12988 13112 D SentryLog: [pool-2-thread-1] Started processing cached files from /data/user/0/cn.missevan/cache/sentry/outbox
08-31 17:46:40.249 13012 13012 D SentryLog: [main] ActivityLifecycleIntegration enabled: true
08-31 17:46:40.250 13012 13153 D SentryLog: [pool-2-thread-1] Started processing cached files from /data/user/0/cn.missevan/cache/sentry/outbox
08-31 17:46:40.250 13012 13012 D SentryLog: [main] ActivityLifecycleIntegration installed.
08-31 17:46:40.252 13012 13012 D SentryLog: [main] UserInteractionIntegration enabled: true
08-31 17:46:40.252 12988 13112 D SentryLog: [pool-2-thread-1] Processing dir. /data/user/0/cn.missevan/cache/sentry/outbox
08-31 17:46:40.252 13012 13153 D SentryLog: [pool-2-thread-1] Processing dir. /data/user/0/cn.missevan/cache/sentry/outbox
08-31 17:46:40.253 13012 13012 D SentryLog: [main] UserInteractionIntegration installed.
08-31 17:46:40.255 13012 13012 D SentryLog: [main] AppComponentsBreadcrumbsIntegration enabled: true
08-31 17:46:40.255 13012 13153 D SentryLog: [pool-2-thread-1] Processing 0 items from cache dir /data/user/0/cn.missevan/cache/sentry/outbox
08-31 17:46:40.255 12988 13112 D SentryLog: [pool-2-thread-1] Processing 0 items from cache dir /data/user/0/cn.missevan/cache/sentry/outbox
08-31 17:46:40.256 13012 13012 D SentryLog: [main] AppComponentsBreadcrumbsIntegration installed.
08-31 17:46:40.257 13012 13012 D SentryLog: [main] SystemEventsBreadcrumbsIntegration enabled: true
08-31 17:46:40.257 13012 13153 D SentryLog: [pool-2-thread-1] Finished processing cached files from /data/user/0/cn.missevan/cache/sentry/outbox
08-31 17:46:40.257 12988 13112 D SentryLog: [pool-2-thread-1] Finished processing cached files from /data/user/0/cn.missevan/cache/sentry/outbox
08-31 17:46:40.261 13012 13012 D SentryLog: [main] SystemEventsBreadcrumbsIntegration installed.
08-31 17:46:40.263 13012 13012 D SentryLog: [main] enableSystemEventsBreadcrumbs enabled: true
08-31 17:46:40.271 12826 12826 I SplashFragment: [main] Start MainFragment
08-31 17:46:40.276 13012 13012 I SentryLog: [main] TYPE_AMBIENT_TEMPERATURE is not available.
08-31 17:46:40.279 13012 13012 D SentryLog: [main] enableSystemEventBreadcrumbs enabled: true
08-31 17:46:40.281 13012 13012 D SentryLog: [main] FragmentLifecycleIntegration installed.
08-31 17:46:40.335 12826 12826 D LeakCanary: Watching instance of skin.support.constraint.SkinCompatConstraintLayout (cn.missevan.view.fragment.SplashFragment received Fragment#onDestroyView() callback (references to its views should be cleared to prevent leaks)) with key 33a69287-d22e-405a-8e97-38cb03038392
08-31 17:46:40.337 12826 12826 D LeakCanary: Watching instance of androidx.loader.app.LoaderManagerImpl$LoaderViewModel (androidx.loader.app.LoaderManagerImpl$LoaderViewModel received ViewModel#onCleared() callback) with key 90bff5fa-4c03-442b-9ca2-6234db216bb8
08-31 17:46:40.337 12826 12826 D LeakCanary: Watching instance of leakcanary.internal.ViewModelClearedWatcher (leakcanary.internal.ViewModelClearedWatcher received ViewModel#onCleared() callback) with key a20b8aa1-4b59-4351-877c-10ea33740ded
08-31 17:46:40.338 12826 12826 D LeakCanary: Watching instance of androidx.loader.app.LoaderManagerImpl$LoaderViewModel (androidx.loader.app.LoaderManagerImpl$LoaderViewModel received ViewModel#onCleared() callback) with key cb9f14ba-be13-44ff-b659-4cbc20c28ba6
08-31 17:46:40.339 12826 12826 D LeakCanary: Watching instance of leakcanary.internal.ViewModelClearedWatcher (leakcanary.internal.ViewModelClearedWatcher received ViewModel#onCleared() callback) with key 2c29e9a8-9af2-4501-b556-682d9523212d
08-31 17:46:40.340 12826 12826 D LeakCanary: Watching instance of com.bumptech.glide.manager.SupportRequestManagerFragment (com.bumptech.glide.manager.SupportRequestManagerFragment received Fragment#onDestroy() callback) with key 4a8ac65b-024c-4a5f-8478-f55f4212027f
08-31 17:46:40.343 12826 12826 D LeakCanary: Watching instance of cn.missevan.view.fragment.SplashFragment (cn.missevan.view.fragment.SplashFragment received Fragment#onDestroy() callback) with key 774b4d82-2bbe-40c4-9bb0-c5cb7b13e147
08-31 17:46:40.361  1724  1724 V SettingsProvider: Notifying for 0: content://settings/system/vivo_fullscreen_flag
08-31 17:46:40.372 12988 12988 I MissEvanApplication: [main] current process: cn.missevan:player.single
08-31 17:46:40.388 12826 12826 I MainFragment: [main] onCreateView
08-31 17:46:40.389 12988 12988 D BLOG-EVENT-Network: network changed: 3=>1
08-31 17:46:40.397 12988 12988 W LaserActionExecutor: [main] actionClass map is null
08-31 17:46:40.416 12988 12988 V HotfixPatchListener: [main] application maxMemory:256
08-31 17:46:40.449 12988 12988 W Tinker.Tinker: [main] tinker patch directory: /data/user/0/cn.missevan/tinker
08-31 17:46:40.453 12988 12988 I Tinker.Tinker: [main] try to install tinker, isEnable: true, version: 1.9.14.10.4
08-31 17:46:40.456 12988 12988 I Tinker.TinkerLoadResult: [main] parseTinkerResult loadCode:-2, process name:cn.missevan:player.single, main process:false, systemOTA:false, fingerPrint:vivo/PD1728/PD1728:9/PKQ1.180819.001/compiler07281740:user/release-keys, oatDir:null, useInterpretMode:false
08-31 17:46:40.458 12988 12988 W Tinker.TinkerLoadResult: [main] can't find patch file, is ok, just return
08-31 17:46:40.461 12988 12988 I Tinker.DefaultLoadReporter: [main] patch loadReporter onLoadResult: patch load result, path:/data/user/0/cn.missevan/tinker, code: -2, cost: 6ms
08-31 17:46:40.462 12988 12988 W Tinker.Tinker: [main] tinker load fail!
08-31 17:46:40.509 12988 12988 I Player.BaseAidlPlayerService: [main] onCreate
08-31 17:46:40.511 12988 12988 I Player.BaseAidlPlayerService: [main] onBind
08-31 17:46:40.536 12988 12988 D Tinker.TinkerLoader: [main] [PendingLog @ 2022-08-31 17:46:39.185] tryLoad test test
08-31 17:46:40.538 12988 12988 W Tinker.TinkerLoader: [main] [PendingLog @ 2022-08-31 17:46:39.190] tryLoadPatchFiles:patch dir not exist:/data/user/0/cn.missevan/tinker
08-31 17:46:40.540 12988 12988 D Tinker.DefaultAppLike: [main] [PendingLog @ 2022-08-31 17:46:39.257] onBaseContextAttached:
08-31 17:46:40.542 12988 12988 D Tinker.DefaultAppLike: [main] [PendingLog @ 2022-08-31 17:46:39.371] onCreate
08-31 17:46:40.629 13012 13012 D NAccs.AccsClientConfig:  build config:AccsClientConfig{mAppKey='umeng:546d7dd7fd98c58fc800082c', mAppSecret='64e8358a59d434e5546720db97ab5996', mInappHost='umengacs.m.taobao.com', mChannelHost='umengjmacs.m.taobao.com', mStoreId='', mSecurity=2, mAuthCode='', mInappPubKey=11, mChannelPubKey=11, mKeepalive=true, mAutoUnit=false, mTag='default', mConfigEnv=0, mDisableChannel=false, mQuickReconnect=false, mAccsHeartbeatEnable=false, mPullUpEnable=false, mForePingEnable=false, mPingTimeout=0}
08-31 17:46:40.629 13012 13012 W NAccs.AccsClientConfig:  build conver old config:AccsClientConfig{mAppKey='umeng:546d7dd7fd98c58fc800082c', mAppSecret='64e8358a59d434e5546720db97ab5996', mInappHost='umengacs.m.taobao.com', mChannelHost='umengjmacs.m.taobao.com', mStoreId='', mSecurity=2, mAuthCode='', mInappPubKey=-1, mChannelPubKey=-1, mKeepalive=true, mAutoUnit=true, mTag='default', mConfigEnv=0, mDisableChannel=false, mQuickReconnect=false, mAccsHeartbeatEnable=false, mPullUpEnable=true, mForePingEnable=false, mPingTimeout=0}
08-31 17:46:40.630 13012 13012 D NAccs.ACCSClient:  init config:AccsClientConfig{mAppKey='umeng:546d7dd7fd98c58fc800082c', mAppSecret='64e8358a59d434e5546720db97ab5996', mInappHost='umengacs.m.taobao.com', mChannelHost='umengjmacs.m.taobao.com', mStoreId='', mSecurity=2, mAuthCode='', mInappPubKey=11, mChannelPubKey=11, mKeepalive=true, mAutoUnit=false, mTag='default', mConfigEnv=0, mDisableChannel=false, mQuickReconnect=false, mAccsHeartbeatEnable=false, mPullUpEnable=false, mForePingEnable=false, mPingTimeout=0}
08-31 17:46:40.631 13012 13012 D UPush.Impl: appkey:546d7dd7fd98c58fc800082c secret:64e8358a59d434e5546720db97ab5996
08-31 17:46:40.635 13012 13187 I NAccs.TaobaoRegister:  register appKey:umeng:546d7dd7fd98c58fc800082c configTag:default
08-31 17:46:40.636 13012 13187 D NAccs.Config:  setAgooAppKey appkey:umeng:546d7dd7fd98c58fc800082c
08-31 17:46:40.638 13012 13187 D NAccs.Config:  setAgooMessageSecret secret:64e8358a59d434e5546720db97ab5996
08-31 17:46:40.641 13012 13187 D NAccs.ACCSManager:  getAccsInstance key:default|0
08-31 17:46:40.666 12988 13170 W n:player.singl: Accessing hidden field Lsun/misc/Unsafe;->theUnsafe:Lsun/misc/Unsafe; (light greylist, reflection)
08-31 17:46:40.686 13012 13187 D NAccs.InAppConn_default:  new connection
08-31 17:46:40.692 13012 13012 D NetworkSecurityConfig: Using Network Security Config from resource g debugBuild: true
08-31 17:46:40.696 13012 13187 I NAccs.Utils:  isMainProcess result:false
08-31 17:46:40.701 13012 13187 I NAccs.ACCSMgrImpl_default:  bindApp appKey:umeng:546d7dd7fd98c58fc800082c
08-31 17:46:40.707 13012 13012 W missevan:playe: Accessing hidden method Ldalvik/system/CloseGuard;->get()Ldalvik/system/CloseGuard; (light greylist, reflection)
08-31 17:46:40.707 13012 13012 W missevan:playe: Accessing hidden method Ldalvik/system/CloseGuard;->open(Ljava/lang/String;)V (light greylist, reflection)
08-31 17:46:40.707 13012 13012 W missevan:playe: Accessing hidden method Ldalvik/system/CloseGuard;->warnIfOpen()V (light greylist, reflection)
08-31 17:46:40.712 13012 13187 D NAccs.UtilityImpl:  enableService comptName:ComponentInfo{cn.missevan/com.taobao.accs.ChannelService}
08-31 17:46:40.713 12826 12826 I Player.SinglePlayerConnection: [main] onServiceConnected, name: {cn.missevan/cn.missevan.lib.common.player.service.aidl.AidlPlayerService}
08-31 17:46:40.713  1724  3997 W PackageManager: setEnabledSetting  packageName:cn.missevan className:com.taobao.accs.ChannelService newState:1 userId:0 callingPackage:null
08-31 17:46:40.715 13012 13188 D NAccs.FileCheckUtils:  st.getAvailableBlocks()=2688676,st.getAvailableBlocks() * blockSize=11012816896
08-31 17:46:40.717 12988 13002 I Player.BaseAidlPlayerService: [Binder:12988_3] setMediaListener
08-31 17:46:40.723 12826 12826 I MissEvanApplication: [main] SinglePlayerConnection onConnected
08-31 17:46:40.724 12826 12826 I Player.SinglePlayerConnection: [main] updateAllConfig
08-31 17:46:40.728 12988 12988 I AidlPlayer: [main] init
08-31 17:46:40.733 12988 13002 I Player.BaseAidlPlayerService: [Binder:12988_3] updateConfig, configs: Bundle[mParcelledData.dataSize=188]
08-31 17:46:40.734 12988 12988 I Player.AlphaVideoPlayerCore: [main] init
08-31 17:46:40.751 13012 13187 W NAccs.ACCSMgrImpl_default:  bindApp only allow in main process
08-31 17:46:40.754 12988 12988 I @@@BBPLOG: Info T933CA548 CPlayMain L94 BPSDK 3.0.0.216, 12:43:35 Jul 18 2022. CPU: ARMV8. OS
08-31 17:46:40.757   715  8579 V AudioPolicyService: registerClient() client 0xe9c52100, uid 10598
08-31 17:46:40.815 13012 13012 D PlayApplication: [main] PlayApplication onCreate.
08-31 17:46:40.889  1724  1724 V SettingsProvider: Notifying for 0: content://settings/system/vivo_smartmulitwindow_is_allowed_split
08-31 17:46:40.889  2956  2956 W ContextImpl: Calling a method in the system process without a qualified user: android.app.ContextImpl.stopService:1562 android.content.ContextWrapper.stopService:674 com.vivo.smartmultiwindow.utils.h$1.handleMessage:178 android.os.Handler.dispatchMessage:106 android.os.Looper.loop:224
08-31 17:46:40.891  1724  3997 D NotificationListeners: Removing active service ComponentInfo{com.vivo.smartmultiwindow/com.vivo.smartmultiwindow.notification.view.b}
08-31 17:46:40.934 13012 13012 I MissEvanApplication: [main] current process: cn.missevan:player
08-31 17:46:40.947 13012 13012 D BLOG-EVENT-Network: network changed: 3=>1
08-31 17:46:40.955 13012 13012 W LaserActionExecutor: [main] actionClass map is null
08-31 17:46:40.974 13012 13012 V HotfixPatchListener: [main] application maxMemory:256
08-31 17:46:40.995 12988 12988 I okhttp.cronet.httpdns: [main] OkHttp cronet native httpdns enabled.
08-31 17:46:40.997 12988 12988 D CronetEngine: [main] cronet httpdns open!
08-31 17:46:40.997 12988 12988 D CronetEngine:  configure dns ips: [203.107.1.65, 203.107.1.34, 203.107.1.66, 203.107.1.33]
08-31 17:46:41.006 13012 13012 W Tinker.Tinker: [main] tinker patch directory: /data/user/0/cn.missevan/tinker
08-31 17:46:41.008 12826 12826 I Player.SinglePlayer: [main] init, from: UGCRecommendPageFragment
08-31 17:46:41.010 12826 12826 I Player.SinglePlayerConnection: [main] createPlayerIndex
08-31 17:46:41.010 13012 13012 I Tinker.Tinker: [main] try to install tinker, isEnable: true, version: 1.9.14.10.4
08-31 17:46:41.011 12826 12826 I Player.SinglePlayerConnection.core0: [main] createPlayerIndex, currentIndex: null, nextIndex: 0
08-31 17:46:41.012 12988 13002 I Player.BaseAidlPlayerService.core0: [Binder:12988_3] createPlayer
08-31 17:46:41.013 13012 13012 I Tinker.TinkerLoadResult: [main] parseTinkerResult loadCode:-2, process name:cn.missevan:player, main process:false, systemOTA:false, fingerPrint:vivo/PD1728/PD1728:9/PKQ1.180819.001/compiler07281740:user/release-keys, oatDir:null, useInterpretMode:false
08-31 17:46:41.014 12826 12826 I Player.SinglePlayer.core0: [main] initPlayer, from: UGCRecommendPageFragment
08-31 17:46:41.015 13012 13012 W Tinker.TinkerLoadResult: [main] can't find patch file, is ok, just return
08-31 17:46:41.015 12826 12826 I Player.SinglePlayerConnection.core0: [main] createPlayerStateEvent
08-31 17:46:41.016 13012 13012 I Tinker.DefaultLoadReporter: [main] patch loadReporter onLoadResult: patch load result, path:/data/user/0/cn.missevan/tinker, code: -2, cost: 5ms
08-31 17:46:41.018 13012 13012 W Tinker.Tinker: [main] tinker load fail!
08-31 17:46:41.023 12826 12826 I Player.SinglePlayerConnection.core0: [main] createPlayerEvent
08-31 17:46:41.086 13012 13012 I PlayerService: [main] PlayerService onCreate. versionName: 5.7.3-debug, versionCode:5070300, deviceSDK: 28
08-31 17:46:41.092  1724  3997 I PackageManager: ### pkg:Package{29d4131 cn.missevan}
08-31 17:46:41.098 12988 12988 I httpdns.native: [main] Native httpdns enabled.
08-31 17:46:41.098  1724  1724 V SettingsProvider: Notifying for 0: content://settings/secure/media_button_receiver
08-31 17:46:41.099  6559  6891 W Avrcp_ext: ActiveSession: updated[]
08-31 17:46:41.099  6559  6891 W Avrcp_ext: ActiveSession: browseSelectedfalsemBrowsedPlayerExistfalse
08-31 17:46:41.099  6559  6891 W Avrcp_ext: Browse Player killed OR not launched yet !!!!
08-31 17:46:41.099  2404  2432 D vol.MediaSessions: updateRemoteControllerH null
08-31 17:46:41.099  6559  6891 D PlaybackState: setState position:-1
08-31 17:46:41.099  6559  6891 V Avrcp_ext: updateCurrentMediaState: mMediaController: null
08-31 17:46:41.100  6559  6891 V Avrcp_ext: isMusicActive: false getBluetoothPlayState: 0
08-31 17:46:41.100  6559  6891 V Avrcp_ext: updateCurrentMediaState: isPlaying = false, ck_play = 241
08-31 17:46:41.100  6559  6891 V Avrcp_ext: updateCurrentMediaState: mMediaController or getPlaybackState() null
08-31 17:46:41.100  6559  6891 D PlaybackState: setState position:-1
08-31 17:46:41.100  6559  6891 D PlaybackState: getActiveQueueItemId Id:-1
08-31 17:46:41.100  6559  6891 V Avrcp_ext: Media update: id 0-1? [MediaAttributes: none] : [MediaAttributes:  -  by Y (1326393 0/0) ]
08-31 17:46:41.100  6559  6559 V Avrcp_ext: Set active media session cn.missevan
08-31 17:46:41.100  6559  6891 V Avrcp_ext: Check if NowPlayingList is updated
08-31 17:46:41.100  6559  6891 V Avrcp_ext: newPlayStatus:2mReportedPlayStatus:-1
08-31 17:46:41.101  2404  2432 D vol.MediaSessions: onActiveSessionsUpdatedH n=0
08-31 17:46:41.101  2404  2432 D vol.MediaSessions: onActiveSessionsUpdatedH n=0
08-31 17:46:41.102  6559  6559 D HeadsetService:  isAudioOn: The number of audio connected devices 0
08-31 17:46:41.102  6559  6559 D HeadsetService: isScoOrCallActive(): Call Active:falseCall is Ringing:falseSCO is Active:false
08-31 17:46:41.103  6559  6559 D HeadsetService:  isAudioOn: The number of audio connected devices 0
08-31 17:46:41.104  6559  6559 W Avrcp_ext: playState object null, sending STOPPED
08-31 17:46:41.104  6559  6559 V Avrcp_ext: isBrowseSupported for cn.missevan: true
08-31 17:46:41.109  6559  6559 D Avrcp_ext: update #7:MediaPlayerInfo cn.missevan (as 'FM') Type = 1, SubType = 0, Status = 0 Feature Bits [40 41 42 44 45 47 48 58 59 62 65 67] Controller: MediaController (cn.missevan@873a6f0) null
08-31 17:46:41.109  6559  6559 V Avrcp_ext: updateNewIds: Addressed:7 to 7, Browse:0 to 0
08-31 17:46:41.109  6559  6559 D Avrcp_ext: updateCurrentController: null to MediaController (cn.missevan@873a6f0) null
08-31 17:46:41.111  1724  1724 V SettingsProvider: Notifying for 0: content://settings/secure/media_button_receiver
08-31 17:46:41.111  6559  6559 D PlaybackState: setState position:-1
08-31 17:46:41.112  6559  6559 V Avrcp_ext: updateCurrentMediaState: mMediaController: MediaController (cn.missevan@873a6f0) null
08-31 17:46:41.112  6559  6559 V Avrcp_ext: isMusicActive: false getBluetoothPlayState: 0
08-31 17:46:41.113 12988 12988 I okhttp.cronet.httpdns: [main] OkHttp cronet native httpdns enabled.
08-31 17:46:41.114  6559  6559 D Avrcp_ext: updateCurrentMediaState: playState is null, mAudioManagerIsPlaying=false, isMusicActive=false
08-31 17:46:41.114  6559  6559 D PlaybackState: setState position:-1
08-31 17:46:41.115  6559  6559 V Avrcp_ext: updateCurrentMediaState: get media attributes:
08-31 17:46:41.115  6559  6559 D PlaybackState: getActiveQueueItemId Id:-1
08-31 17:46:41.115  6559  6559 V Avrcp_ext: Media update: id 0-1? [MediaAttributes: none] : [MediaAttributes:  -  by Y (1326393 0/0) ]
08-31 17:46:41.115  6559  6559 V Avrcp_ext: Check if NowPlayingList is updated
08-31 17:46:41.115  6559  6559 I AddressedMediaPlayer: null queue from cn.missevan, constructing single-item list
08-31 17:46:41.116  6559  6559 W AddressedMediaPlayer: Controller has no metadata!? Making an empty one
08-31 17:46:41.116  6559  6559 V Avrcp_ext: newPlayStatus:2mReportedPlayStatus:-1
08-31 17:46:41.116  6559  6559 V Avrcp_ext: Player 7 package: cn.missevan
08-31 17:46:41.116 12988 12988 I httpdns.holder.native: [main] host rules *.maoercdn.com, *.bilivideo.com, *.missevan.com.
08-31 17:46:41.118 12988 12988 I httpdns.holder.native: [main] Init native httpdns with provider ali.
08-31 17:46:41.118  2404  2432 D vol.MediaSessions: onActiveSessionsUpdatedH n=1
08-31 17:46:41.119  6559  6891 D HeadsetService:  isAudioOn: The number of audio connected devices 0
08-31 17:46:41.119  6559  6891 D HeadsetService: isScoOrCallActive(): Call Active:falseCall is Ringing:falseSCO is Active:false
08-31 17:46:41.120  6559  6891 D HeadsetService:  isAudioOn: The number of audio connected devices 0
08-31 17:46:41.120  6559  6891 W Avrcp_ext: ActiveSession: updated[android.media.session.MediaController@3bb6469]
08-31 17:46:41.120   715  8579 V APM::AudioPolicyEngine: getDeviceForStrategy() strategy 0, device 2
08-31 17:46:41.120  6559  6891 V Avrcp_ext: ActiveSession: MediaController (cn.missevan@3bb6469) null
08-31 17:46:41.121  6559  6891 W Avrcp_ext: playState object null, sending STOPPED
08-31 17:46:41.121  6559  6891 V Avrcp_ext: isBrowseSupported for cn.missevan: true
08-31 17:46:41.123  2404  2432 D vol.MediaSessions: updateRemoteControllerH null
08-31 17:46:41.123  6559  6891 D Avrcp_ext: update #7:MediaPlayerInfo cn.missevan (as 'FM') Type = 1, SubType = 0, Status = 0 Feature Bits [40 41 42 44 45 47 48 58 59 62 65 67] Controller: MediaController (cn.missevan@3bb6469) null
08-31 17:46:41.123  6559  6891 V Avrcp_ext: updateNewIds: Addressed:7 to 7, Browse:0 to 0
08-31 17:46:41.124  2404  2432 D vol.MediaSessions: onActiveSessionsUpdatedH n=1
08-31 17:46:41.124   715  8579 V APM::AudioPolicyEngine: getDeviceForStrategy() strategy 0, device 2
08-31 17:46:41.124  6559  6891 D Avrcp_ext: updateCurrentController: MediaController (cn.missevan@873a6f0) null to MediaController (cn.missevan@3bb6469) null
08-31 17:46:41.127  6559  6891 D PlaybackState: setState position:-1
08-31 17:46:41.127  6559  6891 V Avrcp_ext: updateCurrentMediaState: mMediaController: MediaController (cn.missevan@3bb6469) null
08-31 17:46:41.128  6559  6891 V Avrcp_ext: isMusicActive: false getBluetoothPlayState: 0
08-31 17:46:41.128  6559  6891 D Avrcp_ext: updateCurrentMediaState: playState is null, mAudioManagerIsPlaying=false, isMusicActive=false
08-31 17:46:41.129  6559  6891 D PlaybackState: setState position:-1
08-31 17:46:41.129  6559  6891 V Avrcp_ext: updateCurrentMediaState: get media attributes:
08-31 17:46:41.131  6559  6891 D PlaybackState: getActiveQueueItemId Id:-1
08-31 17:46:41.132  6559  6891 V Avrcp_ext: Media update: id 0-1? [MediaAttributes: none] : [MediaAttributes:  -  by Y (1326393 0/0) ]
08-31 17:46:41.132  6559  6891 V Avrcp_ext: Check if NowPlayingList is updated
08-31 17:46:41.133  1724  2922 I chatty  : uid=1000(system) Binder:1724_E expire 15 lines
08-31 17:46:41.133  6559  6891 I AddressedMediaPlayer: null queue from cn.missevan, constructing single-item list
08-31 17:46:41.133  6559  6891 W AddressedMediaPlayer: Controller has no metadata!? Making an empty one
08-31 17:46:41.133  6559  6891 V Avrcp_ext: newPlayStatus:2mReportedPlayStatus:-1
08-31 17:46:41.133  6559  6891 W Avrcp_ext: ActiveSession: browseSelectedfalsemBrowsedPlayerExistfalse
08-31 17:46:41.133  6559  6891 W Avrcp_ext: Browse Player killed OR not launched yet !!!!
08-31 17:46:41.133  6559  6891 D PlaybackState: setState position:-1
08-31 17:46:41.133  6559  6891 V Avrcp_ext: updateCurrentMediaState: mMediaController: MediaController (cn.missevan@3bb6469) null
08-31 17:46:41.134  6559  6891 V Avrcp_ext: isMusicActive: false getBluetoothPlayState: 0
08-31 17:46:41.135  6559  6891 D Avrcp_ext: updateCurrentMediaState: playState is null, mAudioManagerIsPlaying=false, isMusicActive=false
08-31 17:46:41.136  6559  6891 D PlaybackState: setState position:-1
08-31 17:46:41.136  6559  6891 V Avrcp_ext: updateCurrentMediaState: get media attributes:
08-31 17:46:41.137  6559  6891 D PlaybackState: getActiveQueueItemId Id:-1
08-31 17:46:41.137  6559  6891 V Avrcp_ext: Media update: id 0-1? [MediaAttributes: none] : [MediaAttributes:  -  by Y (1326393 0/0) ]
08-31 17:46:41.137  6559  6891 V Avrcp_ext: Check if NowPlayingList is updated
08-31 17:46:41.138  6559  6891 I AddressedMediaPlayer: null queue from cn.missevan, constructing single-item list
08-31 17:46:41.138  6559  6891 W AddressedMediaPlayer: Controller has no metadata!? Making an empty one
08-31 17:46:41.138  6559  6891 V Avrcp_ext: newPlayStatus:2mReportedPlayStatus:-1
08-31 17:46:41.139 12988 12988 I cr_BiliCrLibraryLoader: BiliCr version: 88.0.4324.188, arch: aarch64
08-31 17:46:41.140 12988 12988 W chromium: [0831/174641.140192:WARNING:httpdns_adapter.cc(290)] HttpDns init
08-31 17:46:41.160 12988 12988 I @@@BBPLOG: Info T933CA548 CPlayMain L243 The DataLog UserID: 0XD94D24
08-31 17:46:41.160 12988 12988 I @@@BBPLOG: Info T933CA548 CPlayMain L250 The DataLog BUVID: XY277FF2DFB139F19721118D30677E832AAF4
08-31 17:46:41.160 12988 12988 I @@@BBPLOG: Info T933CA548 CPlayMain L264 The DataLog AppVer: 5.7.3
08-31 17:46:41.160 12988 12988 I @@@BBPLOG: Info T933CA548 CPlayMain L284 The DataLog app type:   6
08-31 17:46:41.160 12988 12988 I @@@BBPLOG: Info T933ca548 BBPFuncLog L123 ----CIPMng::Clear Value is 00000000 start.
08-31 17:46:41.160 12988 12988 I @@@BBPLOG: Info T933ca548 BBPFuncLog L142 ----CIPMng::Clear leave! no return. Ussed Time: 0
08-31 17:46:41.160 12988 12988 I @@@BBPLOG: Info T933CA548 CPlayMain L272 The DataLog net type: 3
08-31 17:46:41.160 12988 12988 I @@@BBPLOG: Info T933CA548 CPlayMain L312 Set cronet engine: 0x720c739cc0
08-31 17:46:41.162 12988 12988 I AidlAlphaVideoPlayer: [main] init
08-31 17:46:41.164 12988 12988 I Player.Aidl: [main] updateConfig
08-31 17:46:41.165 12988 12988 I Player.AlphaVideoPlayerCore: [main] updateConfig, user id: 14241060
08-31 17:46:41.166 12988 12988 I @@@BBPLOG: Info T933CA548 CPlayMain L243 The DataLog UserID: 0XD94D24
08-31 17:46:41.168 12988 12988 I Player.AlphaVideoPlayerCore: [main] updateConfig, version name: 5.7.3
08-31 17:46:41.169 12988 12988 I @@@BBPLOG: Info T933CA548 CPlayMain L264 The DataLog AppVer: 5.7.3
08-31 17:46:41.169 12988 12988 I Player.AlphaVideoPlayerCore: [main] updateConfig, buvid: XY277FF2DFB139F19721118D30677E832AAF4
08-31 17:46:41.170 12988 12988 I @@@BBPLOG: Info T933CA548 CPlayMain L250 The DataLog BUVID: XY277FF2DFB139F19721118D30677E832AAF4
08-31 17:46:41.170 12988 12988 I Player.Aidl.core0: [main] createNewCore
08-31 17:46:41.175 12988 12988 I Player.BBPlayer.core0: [main] init
08-31 17:46:41.176 12988 12988 I @@@BBPLOG: Info T933CA548 CPlayMain L94 BPSDK 3.0.0.216, 12:43:35 Jul 18 2022. CPU: ARMV8. OS
08-31 17:46:41.177 12988 12988 I @@@BBPLOG: Info T933CA548 CPlayMain L243 The DataLog UserID: 0XD94D24
08-31 17:46:41.177 12988 12988 I @@@BBPLOG: Info T933CA548 CPlayMain L250 The DataLog BUVID: XY277FF2DFB139F19721118D30677E832AAF4
08-31 17:46:41.177 12988 12988 I @@@BBPLOG: Info T933CA548 CPlayMain L264 The DataLog AppVer: 5.7.3
08-31 17:46:41.177 12988 12988 I @@@BBPLOG: Info T933CA548 CPlayMain L284 The DataLog app type:   6
08-31 17:46:41.177 12988 12988 I @@@BBPLOG: Info T933ca548 BBPFuncLog L123 ----CIPMng::Clear Value is 00000000 start.
08-31 17:46:41.177 12988 12988 I @@@BBPLOG: Info T933ca548 BBPFuncLog L142 ----CIPMng::Clear leave! no return. Ussed Time: 0
08-31 17:46:41.177 12988 12988 I @@@BBPLOG: Info T933CA548 CPlayMain L272 The DataLog net type: 3
08-31 17:46:41.177 12988 12988 I @@@BBPLOG: Info T933CA548 CPlayMain L312 Set cronet engine: 0x720c739cc0
08-31 17:46:41.178 12988 12988 I @@@BBPLOG: Info T933CA548 CPlayMain L257 The Session UUID: fca183cc-ed05-4af6-940f-0be1bee1df8b
08-31 17:46:41.178 12988 12988 I Player.Aidl.core0: [main] initPlayerCoreEvent
08-31 17:46:41.180  1724  2922 D ConnectivityService: requestNetwork for uid/pid:10598/12988 NetworkRequest [ TRACK_DEFAULT id=736, [ Capabilities: INTERNET&NOT_RESTRICTED&TRUSTED Unwanted:  Uid: 10598] ]
08-31 17:46:41.181  1724  2157 I chatty  : uid=1000(system) EthernetService expire 2 lines
08-31 17:46:41.181  2831  2831 D PhoneSwitcherNetworkRequstListener: got request NetworkRequest [ TRACK_DEFAULT id=736, [ Capabilities: INTERNET&NOT_RESTRICTED&TRUSTED Unwanted:  Uid: 10598] ] with score 60
08-31 17:46:41.181  1724  2084 D ConnectivityService: isWifiPoorLink:false, nai.everValidated:true, networkType:1, networkDetailedState:CONNECTED, nai.isLingering():false, unneeded(nai, UnneededFor.TEARDOWN):false
08-31 17:46:41.183 12988 12988 D Player.AlphaVideoPlayerCore: [main] event(1342177297): msg_log_cb, arg1: 0, arg2: 0, any: Info T933CA548 CPlayMain L243 The DataLog UserID: 0XD94D24
08-31 17:46:41.183 12988 12988 D Player.AlphaVideoPlayerCore:
08-31 17:46:41.184 12988 12988 I Player.AlphaVideoPlayerCore: [main] msg_log_cb, Info T933CA548 CPlayMain L243 The DataLog UserID: 0XD94D24
08-31 17:46:41.184 12988 12988 I Player.AlphaVideoPlayerCore:
08-31 17:46:41.185 12826 12826 E IllegalStateException: [main] java.lang.IllegalStateException: FragmentManager is already executing transactions
08-31 17:46:41.185 12826 12826 E IllegalStateException: 	at androidx.fragment.app.FragmentManager.ensureExecReady(SourceFile:1586)
08-31 17:46:41.185 12826 12826 E IllegalStateException: 	at androidx.fragment.app.FragmentManager.execSingleAction(SourceFile:1616)
08-31 17:46:41.185 12826 12826 E IllegalStateException: 	at androidx.fragment.app.BackStackRecord.commitNow(SourceFile:317)
08-31 17:46:41.185 12826 12826 E IllegalStateException: 	at com.tbruyelle.rxpermissions2.c.e(SourceFile:77)
08-31 17:46:41.185 12826 12826 E IllegalStateException: 	at com.tbruyelle.rxpermissions2.c.a(SourceFile:36)
08-31 17:46:41.185 12826 12826 E IllegalStateException: 	at com.tbruyelle.rxpermissions2.c$1.bTZ(SourceFile:61)
08-31 17:46:41.185 12826 12826 E IllegalStateException: 	at com.tbruyelle.rxpermissions2.c$1.get(SourceFile:54)
08-31 17:46:41.185 12826 12826 E IllegalStateException: 	at com.tbruyelle.rxpermissions2.c.F(SourceFile:211)
08-31 17:46:41.185 12826 12826 E IllegalStateException: 	at com.tbruyelle.rxpermissions2.c.a(SourceFile:200)
08-31 17:46:41.185 12826 12826 E IllegalStateException: 	at com.tbruyelle.rxpermissions2.c.a(SourceFile:36)
08-31 17:46:41.185 12826 12826 E IllegalStateException: 	at com.tbruyelle.rxpermissions2.c$2.apply(SourceFile:102)
08-31 17:46:41.185 12826 12826 E IllegalStateException: 	at io.a.ab.compose(SourceFile:6418)
08-31 17:46:41.185 12826 12826 E IllegalStateException: 	at com.tbruyelle.rxpermissions2.c.C(SourceFile:176)
08-31 17:46:41.185 12826 12826 E IllegalStateException: 	at cn.missevan.utils.PermissionChecker.requestPermissionsInnerCall(SourceFile:558)
08-31 17:46:41.185 12826 12826 E IllegalStateException: 	at cn.missevan.utils.PermissionChecker.requestPermission(SourceFile:478)
08-31 17:46:41.185 12826 12826 E IllegalStateException: 	at cn.missevan.utils.PermissionChecker.requestExternalFilePermission(SourceFile:360)
08-31 17:46:41.185 12826 12826 E IllegalStateException: 	at cn.missevan.utils.PermissionChecker.requestExternalFilePermission(SourceFile:348)
