09-01 19:10:05.134   671 11480 D audio_hw_primary: select_devices: done
09-01 19:10:05.134   671 11480 D audio_hw_primary: start_output_stream: Opening PCM device card_id(0) device_id(0) format(0x1),config.rate:48000,bit_width:32
09-01 19:10:05.211   671 11480 D msm8916_platform: platform_set_channel_map mixer_ctl_name:Playback Channel Map0
09-01 19:10:05.212   671 11480 D msm8916_platform: platform_set_channel_map: set mapping(1 2 0 0 0 0 0 0) for channel:2
09-01 19:10:05.213   671 11480 D audio_hw_primary: start_output_stream: exit
09-01 19:10:05.213   715   913 D AudioFlinger: ####### XXF  RESAMPLE RESET #######
09-01 19:10:05.213   715   913 D BufferProvider: setBufferProvider(0xe9968400): mTrackBufferProvider:0x0  mBuffer.frameCount:0
09-01 19:10:05.213   715   913 D AudioMixer: setResampler  DYN_HIGH_QUALITY FLAG:0
09-01 19:10:05.216 22221 22498 V AudioTrack: frame adjustment:3528  timestamp:BOOTTIME offset 395379570767524
09-01 19:10:05.216 22221 22498 V AudioTrack: ExtendedTimestamp[0]  position: 0  time: -1
09-01 19:10:05.216 22221 22498 V AudioTrack: ExtendedTimestamp[1]  position: 0  time: 211340100190056
09-01 19:10:05.216 22221 22498 V AudioTrack: ExtendedTimestamp[2]  position: 0  time: -1
09-01 19:10:05.216 22221 22498 V AudioTrack: ExtendedTimestamp[3]  position: 0  time: 210525296416461
09-01 19:10:05.216 22221 22498 V AudioTrack: ExtendedTimestamp[4]  position: 0  time: 210525302650784
09-01 19:10:05.224   715   913 V AudioFlinger: mixer(0xed395880) throttle begin: ret(7680) deltaMs(2) requires sleep 8 ms
09-01 19:10:05.226 22221 22498 V AudioTrack: getTimestamp() location moved from server to kernel
09-01 19:10:05.324   715   913 D AudioFlinger: mixer(0xed395880) throttle end: throttle time(75)
09-01 19:10:05.566   715   915 V AudioFlinger: releaseWakeLock_l() AudioOut_15
09-01 19:10:05.566   715   915 V AudioFlinger: thread 0xed003f40 type 0 TID 915 going to sleep
09-01 19:10:05.569   715   916 V AudioFlinger: releaseWakeLock_l() AudioOut_25
09-01 19:10:05.569   715   916 V AudioFlinger: thread 0xecd03080 type 0 TID 916 going to sleep
09-01 19:10:05.714 22385 22385 I Perf    : Connecting to perf service.
09-01 19:10:05.736 22385 22385 D Tinker.TinkerLoader: tryLoad test test
09-01 19:10:05.739   717   717 I SurfaceFlinger: FPS: 10
09-01 19:10:05.740 22385 22385 W Tinker.TinkerLoader: tryLoadPatchFiles:patch dir not exist:/data/user/0/cn.missevan/tinker
09-01 19:10:05.799 22385 22385 D Tinker.DefaultAppLike: onBaseContextAttached:
09-01 19:10:05.804 22385 22385 I MultiDex: VM with version 2.1.0 has multidex support
09-01 19:10:05.804 22385 22385 I MultiDex: Installing application
09-01 19:10:05.804 22385 22385 I MultiDex: VM has multidex support, MultiDex support library is disabled.
09-01 19:10:05.898 22385 22385 D Tinker.DefaultAppLike: onCreate
09-01 19:10:05.737  1724  2178 I chatty  : uid=1000(system) AutobacklightTh identical 3 lines
09-01 19:10:05.966 22221 22259 D LeakCanary: Setting up flushing for Thread[FrameMetricsAggregator,5,main]
09-01 19:10:05.967 22221 22259 D LeakCanary: Setting up flushing for Thread[CrashCaptureManager,5,main]
09-01 19:10:05.967 22221 22259 D LeakCanary: Setting up flushing for Thread[BiliCrInit,5,main]
09-01 19:10:05.967 22221 22259 D LeakCanary: Setting up flushing for Thread[ExoPlayer:FrameReleaseChoreographer,5,main]
09-01 19:10:05.967 22221 22259 D LeakCanary: Setting up flushing for Thread[ExoPlayer:Playback,5,main]
09-01 19:10:05.967 22221 22259 D LeakCanary: Setting up flushing for Thread[thread_report,5,main]
09-01 19:10:05.970  1724  1855 I ActivityManager: Start proc 22529:cn.missevan:stats/u0a602 for service cn.missevan/com.bilibili.lib.neuron.internal.NeuronRemoteService
09-01 19:10:05.978 22529 22529 I .missevan:stat: Late-enabling -Xcheck:jni
09-01 19:10:06.025 22221 22498 D AudioTrack: stop() called with 54144 frames delivered
09-01 19:10:06.025   715 26210 V AudioFlinger: stop(1), calling pid 22221
09-01 19:10:06.025   715 26210 V AudioFlinger: not stopping/stopped => stopping/stopped (1) on thread 0xed395880
09-01 19:10:06.026 22221 22498 V PlayerBase: baseStop() piid=3183
09-01 19:10:06.026 22221 22498 W PlayerBase: baseStop state not match:4
09-01 19:10:06.027  1724  1724 D MediaRouterService: onAudioPlayerActiveStateChanged: uid=10602, active=false, delaying
09-01 19:10:06.027  2746  2746 D AudioManager: dispatching onPlaybackConfigChanged()
09-01 19:10:06.027  2746  2944 D AudioManager: dispatching onPlaybackConfigChanged()
09-01 19:10:06.027  6559  6891 D AudioManager: dispatching onPlaybackConfigChanged()
09-01 19:10:06.027  6559  6891 D Avrcp_ext: AudioManager Player: ID:23 -- type:android.media.SoundPool -- u/pid:10018/2404 -- state:idle -- attr:AudioAttributes: usage=USAGE_ASSISTANCE_SONIFICATION content=CONTENT_TYPE_SONIFICATION flags=0x0 tags= bundle=null
09-01 19:10:06.027  6559  6891 D Avrcp_ext: AudioManager Player: ID:15 -- type:android.media.SoundPool -- u/pid:1000/1724 -- state:idle -- attr:AudioAttributes: usage=USAGE_ASSISTANCE_SONIFICATION content=CONTENT_TYPE_SONIFICATION flags=0x0 tags= bundle=null
09-01 19:10:06.027  6559  6891 D Avrcp_ext: AudioManager Player: ID:31 -- type:android.media.SoundPool -- u/pid:1000/2765 -- state:idle -- attr:AudioAttributes: usage=USAGE_NOTIFICATION content=CONTENT_TYPE_SONIFICATION flags=0x0 tags= bundle=null
09-01 19:10:06.027  6559  6891 D Avrcp_ext: AudioManager Player: ID:3119 -- type:android.media.MediaPlayer -- u/pid:10018/2404 -- state:stopped -- attr:AudioAttributes: usage=USAGE_NOTIFICATION content=CONTENT_TYPE_SONIFICATION flags=0x0 tags= bundle=null
09-01 19:10:06.027  6559  6891 D Avrcp_ext: AudioManager Player: ID:3183 -- type:android.media.AudioTrack -- u/pid:10602/22221 -- state:stopped -- attr:AudioAttributes: usage=USAGE_MEDIA content=CONTENT_TYPE_MUSIC flags=0x200 tags= bundle=null
09-01 19:10:06.027  6559  6891 D Avrcp_ext: AudioManager isPlaying: false
09-01 19:10:06.028  6559  6891 D PlaybackState: setState position:-1
09-01 19:10:06.028  6559  6891 V Avrcp_ext: updateCurrentMediaState: mMediaController: null
09-01 19:10:06.028  6559  6891 V Avrcp_ext: isMusicActive: true getBluetoothPlayState: 0
09-01 19:10:06.028  6559  6891 V Avrcp_ext: updateCurrentMediaState: isPlaying = false, ck_play = 241
09-01 19:10:06.028  6559  6891 V Avrcp_ext: updateCurrentMediaState: mMediaController or getPlaybackState() null
09-01 19:10:06.028  6559  6891 D PlaybackState: setState position:-1
09-01 19:10:06.028  6559  6891 D PlaybackState: getActiveQueueItemId Id:-1
09-01 19:10:06.028  6559  6891 V Avrcp_ext: Media update: id 0➡-1? [MediaAttributes: none] : [MediaAttributes: 深⋯意 -  by Y⋯眠 (1326393 0/0) ]
09-01 19:10:06.028  6559  6891 V Avrcp_ext: Check if NowPlayingList is updated
09-01 19:10:06.028  6559  6891 V Avrcp_ext: newPlayStatus:2mReportedPlayStatus:-1
09-01 19:10:06.058  1724  2233 E TaskPersister: File error accessing recents directory (directory doesn't exist?).
09-01 19:10:06.097 22529 22529 I .missevan:stat: The ClassLoaderContext is a special shared library.
09-01 19:10:06.134 22415 22415 I Perf    : Connecting to perf service.
09-01 19:10:06.151 22415 22415 D Tinker.TinkerLoader: tryLoad test test
09-01 19:10:06.155 22415 22415 W Tinker.TinkerLoader: tryLoadPatchFiles:patch dir not exist:/data/user/0/cn.missevan/tinker
09-01 19:10:06.197 22385 22385 W n:player.singl: Accessing hidden method Landroid/app/ActivityThread;->currentApplication()Landroid/app/Application; (light greylist, linking)
09-01 19:10:06.215 22415 22415 D Tinker.DefaultAppLike: onBaseContextAttached:
09-01 19:10:06.221 22415 22415 I MultiDex: VM with version 2.1.0 has multidex support
09-01 19:10:06.221 22415 22415 I MultiDex: Installing application
09-01 19:10:06.221 22415 22415 I MultiDex: VM has multidex support, MultiDex support library is disabled.
09-01 19:10:06.300 22415 22415 D Tinker.DefaultAppLike: onCreate
09-01 19:10:06.348 22385 22554 D SentryLog: [pool-3-thread-1] SU isn't found on this Device.
09-01 19:10:06.357 22221 22221 I SplashFragment: [main] Delay times up, mHasRunLaunchMain: true
09-01 19:10:06.364   715   913 V AudioFlinger: presentationComplete() mPresentationCompleteFrames 0 framesWritten 60480
09-01 19:10:06.364   715   913 V AudioFlinger: presentationComplete() reset: mPresentationCompleteFrames 64320 audioHalFrames 3840
09-01 19:10:06.376   715   913 V AudioFlinger: presentationComplete() mPresentationCompleteFrames 64320 framesWritten 60480
09-01 19:10:06.373 22385 22385 W pool-3-thread-1: type=1400 audit(0.0:88421): avc: denied { read } for name="version" dev="proc" ino=4026532090 scontext=u:r:untrusted_app:s0:c90,c258,c512,c768 tcontext=u:object_r:proc_version:s0 tclass=file permissive=0
09-01 19:10:06.384   715   913 V AudioFlinger: presentationComplete() mPresentationCompleteFrames 64320 framesWritten 61440
09-01 19:10:06.395   715   913 V AudioFlinger: presentationComplete() mPresentationCompleteFrames 64320 framesWritten 61440
09-01 19:10:06.402 22385 22385 I SentryLog: [main] Initializing SDK with DSN: 'https://8e68e4623f6348b0b9984471d41e3e2d@sentry.missevan.com/2'
09-01 19:10:06.404   715   913 V AudioFlinger: presentationComplete() mPresentationCompleteFrames 64320 framesWritten 62400
09-01 19:10:06.409 22385 22385 I SentryLog: [main] GlobalHubMode: 'true'
09-01 19:10:06.415   715   913 V AudioFlinger: presentationComplete() mPresentationCompleteFrames 64320 framesWritten 62400
09-01 19:10:06.424   715   913 V AudioFlinger: presentationComplete() mPresentationCompleteFrames 64320 framesWritten 63360
09-01 19:10:06.437   715   913 V AudioFlinger: presentationComplete() mPresentationCompleteFrames 64320 framesWritten 63360
09-01 19:10:06.440 22385 22385 D SentryLog: [main] UncaughtExceptionHandlerIntegration enabled: true
09-01 19:10:06.442 22385 22385 D SentryLog: [main] default UncaughtExceptionHandler class='xcrash.i'
09-01 19:10:06.444 22385 22385 D SentryLog: [main] UncaughtExceptionHandlerIntegration installed.
09-01 19:10:06.444   715   913 V AudioFlinger: presentationComplete() mPresentationCompleteFrames 64320 framesWritten 64320
09-01 19:10:06.445 22385 22385 D SentryLog: [main] ShutdownHookIntegration installed.
09-01 19:10:06.448 22385 22385 D SentryLog: [main] SendCachedEventFireAndForgetIntegration installed.
09-01 19:10:06.449 22385 22560 D SentryLog: [pool-2-thread-1] Started processing cached files from /data/user/0/cn.missevan/cache/sentry
09-01 19:10:06.450 22385 22385 D SentryLog: [main] NdkIntegration enabled: true
09-01 19:10:06.451 22385 22385 I sentry-native: using database path "/data/data/cn.missevan/cache/sentry/.sentry-native"
09-01 19:10:06.452 22385 22385 D sentry-native: starting backend
09-01 19:10:06.453 22385 22385 D SentryLog: [main] NdkIntegration installed.
09-01 19:10:06.454 22385 22560 D SentryLog: [pool-2-thread-1] Processing dir. /data/user/0/cn.missevan/cache/sentry
09-01 19:10:06.455   715   913 V AudioFlinger: presentationComplete() mPresentationCompleteFrames 64320 framesWritten 64320
09-01 19:10:06.455 22385 22385 D SentryLog: [main] Registering EnvelopeFileObserverIntegration for path: /data/user/0/cn.missevan/cache/sentry/outbox
09-01 19:10:06.457 22385 22560 D SentryLog: [pool-2-thread-1] Processing 0 items from cache dir /data/user/0/cn.missevan/cache/sentry
09-01 19:10:06.458 22385 22385 D SentryLog: [main] EnvelopeFileObserverIntegration installed.
09-01 19:10:06.459 22385 22385 D SentryLog: [main] SendCachedEventFireAndForgetIntegration installed.
09-01 19:10:06.459 22385 22560 D SentryLog: [pool-2-thread-1] File /data/user/0/cn.missevan/cache/sentry/outbox is not a File.
09-01 19:10:06.460 22385 22385 D SentryLog: [main] AnrIntegration enabled: true
09-01 19:10:06.461 22385 22385 D SentryLog: [main] ANR timeout in milliseconds: 5000
09-01 19:10:06.463 22385 22385 D SentryLog: [main] AnrIntegration installed.
09-01 19:10:06.464 22385 22560 D SentryLog: [pool-2-thread-1] Processing file: /data/user/0/cn.missevan/cache/sentry/session.json
09-01 19:10:06.464   715   913 V AudioFlinger: presentationComplete() mPresentationCompleteFrames 64320 framesWritten 65280
09-01 19:10:06.464 22385 22385 D SentryLog: [main] enableSessionTracking enabled: true
09-01 19:10:06.466 22385 22385 D SentryLog: [main] enableAppLifecycleBreadcrumbs enabled: true
09-01 19:10:06.468 22385 22560 D SentryLog: [pool-2-thread-1] File '/data/user/0/cn.missevan/cache/sentry/session.json' doesn't match extension expected.
09-01 19:10:06.470 22221 22498 I MediaCodec: flush
09-01 19:10:06.471 22385 22560 D SentryLog: [pool-2-thread-1] File /data/user/0/cn.missevan/cache/sentry/.sentry-native is not a File.
09-01 19:10:06.472 22221 22498 I MediaCodec: release
09-01 19:10:06.473   715 26210 V AudioFlinger: flush(1)
09-01 19:10:06.473 22221 22522 I MediaCodec: kWhatStop or kWhatRelease
09-01 19:10:06.473 22221 22522 I ACodec  : initiateShutdown kWhatReleaseCodecInstance
09-01 19:10:06.474 22385 22560 D SentryLog: [pool-2-thread-1] Finished processing cached files from /data/user/0/cn.missevan/cache/sentry
09-01 19:10:06.474   715 26210 V AudioFlinger: -FlushShareBuffer 1
09-01 19:10:06.475 22385 22385 D SentryLog: [main] AppLifecycleIntegration installed.
09-01 19:10:06.476 22221 22221 I ExoPlayerImpl: Release 5809e9b [ExoPlayerLib/2.17.1] [PD1728, vivo X21A, vivo, 28] [goog.exo.core, goog.exo.exoplayer, goog.exo.decoder, goog.exo.datasource, goog.exo.extractor]
09-01 19:10:06.476 22221 22566 V PlayerBase: baseStop() piid=3183
09-01 19:10:06.476 22221 22566 W PlayerBase: baseStop state not match:4
09-01 19:10:06.477 22221 22498 I MediaCodec: ~MediaCodec
09-01 19:10:06.476 22221 22566 V PlayerBase: baseRelease() piid=3183 state=4
09-01 19:10:06.477 22221 22566 W PlayerBase: baseStop state not match:0
09-01 19:10:06.479  2746  2944 D AudioManager: dispatching onPlaybackConfigChanged()
09-01 19:10:06.479  2746  2746 D AudioManager: dispatching onPlaybackConfigChanged()
09-01 19:10:06.479  6559  6891 D AudioManager: dispatching onPlaybackConfigChanged()
09-01 19:10:06.479  6559  6891 D Avrcp_ext: AudioManager Player: ID:23 -- type:android.media.SoundPool -- u/pid:10018/2404 -- state:idle -- attr:AudioAttributes: usage=USAGE_ASSISTANCE_SONIFICATION content=CONTENT_TYPE_SONIFICATION flags=0x0 tags= bundle=null
09-01 19:10:06.479  6559  6891 D Avrcp_ext: AudioManager Player: ID:15 -- type:android.media.SoundPool -- u/pid:1000/1724 -- state:idle -- attr:AudioAttributes: usage=USAGE_ASSISTANCE_SONIFICATION content=CONTENT_TYPE_SONIFICATION flags=0x0 tags= bundle=null
09-01 19:10:06.479  6559  6891 D Avrcp_ext: AudioManager Player: ID:31 -- type:android.media.SoundPool -- u/pid:1000/2765 -- state:idle -- attr:AudioAttributes: usage=USAGE_NOTIFICATION content=CONTENT_TYPE_SONIFICATION flags=0x0 tags= bundle=null
09-01 19:10:06.479  6559  6891 D Avrcp_ext: AudioManager Player: ID:3119 -- type:android.media.MediaPlayer -- u/pid:10018/2404 -- state:stopped -- attr:AudioAttributes: usage=USAGE_NOTIFICATION content=CONTENT_TYPE_SONIFICATION flags=0x0 tags= bundle=null
09-01 19:10:06.479  6559  6891 D Avrcp_ext: AudioManager isPlaying: false
09-01 19:10:06.480 22221 22566 V AudioTrack: ~AudioTrack, releasing session id 7065 from 22221 on behalf of 22221
09-01 19:10:06.480   715 10762 V AudioFlinger: releasing 7065 from 22221 for 22221
09-01 19:10:06.480   715 10762 V AudioFlinger:  decremented refcount to 0
09-01 19:10:06.480   715 10762 V AudioFlinger: purging stale effects
09-01 19:10:06.482 22385 22385 D SentryLog: [main] ActivityLifecycleIntegration enabled: true
09-01 19:10:06.482 22385 22560 D SentryLog: [pool-2-thread-1] Started processing cached files from /data/user/0/cn.missevan/cache/sentry/outbox
09-01 19:10:06.483 22385 22385 D SentryLog: [main] ActivityLifecycleIntegration installed.
09-01 19:10:06.484   715   913 D AudioFlinger: enforc flush
09-01 19:10:06.484 22385 22385 D SentryLog: [main] UserInteractionIntegration enabled: true
09-01 19:10:06.484 22385 22560 D SentryLog: [pool-2-thread-1] Processing dir. /data/user/0/cn.missevan/cache/sentry/outbox
09-01 19:10:06.484   715   913 V AudioFlinger: presentationComplete() mPresentationCompleteFrames 64320 framesWritten 66240
09-01 19:10:06.484   715   913 D AudioFlinger: Track reset ....
09-01 19:10:06.484   715   913 D BufferProvider: setBufferProvider(0x0): mTrackBufferProvider:0xe9968400  mBuffer.frameCount:0
09-01 19:10:06.484   715   913 V AudioFlinger: removeTracks_l removing track on session 7065
09-01 19:10:06.484   715   913 D AudioFlinger: updateWakeLockUids_l AudioOut_D uids:
09-01 19:10:06.484   715   913 V AudioFlinger: updateWakeLockUids_l() AudioOut_D status 0
09-01 19:10:06.485 22385 22385 D SentryLog: [main] UserInteractionIntegration installed.
09-01 19:10:06.486 22385 22385 D SentryLog: [main] AppComponentsBreadcrumbsIntegration enabled: true
09-01 19:10:06.487 22385 22560 D SentryLog: [pool-2-thread-1] Processing 0 items from cache dir /data/user/0/cn.missevan/cache/sentry/outbox
09-01 19:10:06.488 22385 22385 D SentryLog: [main] AppComponentsBreadcrumbsIntegration installed.
09-01 19:10:06.489 22385 22385 D SentryLog: [main] SystemEventsBreadcrumbsIntegration enabled: true
09-01 19:10:06.489 22385 22560 D SentryLog: [pool-2-thread-1] Finished processing cached files from /data/user/0/cn.missevan/cache/sentry/outbox
09-01 19:10:06.493 22385 22385 D SentryLog: [main] SystemEventsBreadcrumbsIntegration installed.
09-01 19:10:06.494 22385 22385 D SentryLog: [main] enableSystemEventsBreadcrumbs enabled: true
09-01 19:10:06.495   715   913 D AudioFlinger: stopOutput_POM , POM_id:22221
09-01 19:10:06.495   715   913 V AudioPolicyService: AudioCommandThread() adding stop output 13
09-01 19:10:06.495   715   913 V AudioPolicyService: inserting command: 6 at index 0, num commands 0
09-01 19:10:06.495   715   913 V AudioPolicyService: AudioCommandThread() adding release output 13
09-01 19:10:06.495   715   906 V AudioPolicyService: AudioCommandThread() processing stop output 13
09-01 19:10:06.495   715   906 D AudioPolicyManagerCustom: stopOutput_POM, output:13, stream:3, session:7065, pom_id:22221
09-01 19:10:06.495   715   906 I APM::AudioPolicyEngine: remove pom records for 22221.
09-01 19:10:06.496   715   906 I APM::AudioPolicyEngine: ###### POM Stack0:  0 0 1
09-01 19:10:06.496   715   906 V APM_AudioPolicyManager: stopOutput() output 13, stream 3, session 7065
09-01 19:10:06.496   715   906 D AudioPolicyManagerCustom: stopOutput isCallPOMStateChange :0, refCount:1
09-01 19:10:06.496   715   906 V APM_AudioPolicyManager: getNewOutputDevice() selected device 0
09-01 19:10:06.496   715   906 V APM_AudioPolicyManager: setOutputDevice() device 0000 delayMs 160
09-01 19:10:06.496   715   906 V APM_AudioPolicyManager: setOutputDevice() prevDevice 0x0002
09-01 19:10:06.496   715   906 V APM::AudioPolicyEngine: getDeviceForStrategy() strategy 0, device 2
09-01 19:10:06.496   715   906 V APM::AudioPolicyEngine: getDeviceForStrategy() strategy 1, device 1
09-01 19:10:06.496   715   906 V APM::AudioPolicyEngine: getDeviceForStrategy() strategy 2, device 2
09-01 19:10:06.496   715   906 V APM::AudioPolicyEngine: getDeviceForStrategy() strategy 0, device 2
09-01 19:10:06.496   715   906 V APM::AudioPolicyEngine: getDeviceForStrategy() strategy 3, device 2
09-01 19:10:06.496   715   906 V APM::AudioPolicyEngine: getDeviceForStrategy() strategy 0, device 2
09-01 19:10:06.496   715   906 V APM::AudioPolicyEngine: getDeviceForStrategy() strategy 4, device 2
09-01 19:10:06.496   715   906 V APM::AudioPolicyEngine: getDeviceForStrategy() strategy 5, device 2
09-01 19:10:06.496   715   906 V APM::AudioPolicyEngine: getDeviceForStrategy() strategy 6, device 2
09-01 19:10:06.496   715   906 V APM::AudioPolicyEngine: getDeviceForStrategy() strategy 7, device 2
09-01 19:10:06.496   715   906 V APM::AudioPolicyEngine: getDeviceForStrategy() strategy 8, device 2
09-01 19:10:06.496   715   906 V APM::AudioPolicyEngine: getDeviceForStrategy() strategy 9, device 2
09-01 19:10:06.496   715   906 V APM_AudioPolicyManager: setOutputDevice() setting same device 0x0000 or null device
09-01 19:10:06.496   715   906 V APM::AudioPolicyEngine: getDeviceForStrategy() strategy 0, device 2
09-01 19:10:06.496   715   906 V APM::AudioPolicyEngine: getDeviceForStrategy() strategy 3, device 2
09-01 19:10:06.496   715   906 V AudioPolicyManagerCustom: checkOutputForStrategy(): policy related outputs
09-01 19:10:06.496   715   906 V APM::AudioPolicyEngine: getDeviceForStrategy() strategy 0, device 2
09-01 19:10:06.496   715   906 V APM::AudioPolicyEngine: getDeviceForStrategy() strategy 1, device 1
09-01 19:10:06.496   715   906 V APM::AudioPolicyEngine: getDeviceForStrategy() strategy 2, device 2
09-01 19:10:06.496   715   906 V APM::AudioPolicyEngine: getDeviceForStrategy() strategy 0, device 2
09-01 19:10:06.496   715   906 V APM::AudioPolicyEngine: getDeviceForStrategy() strategy 3, device 2
09-01 19:10:06.496   715   906 V APM::AudioPolicyEngine: getDeviceForStrategy() strategy 0, device 2
09-01 19:10:06.496   715   906 V APM::AudioPolicyEngine: getDeviceForStrategy() strategy 4, device 2
09-01 19:10:06.496   715   906 V APM::AudioPolicyEngine: getDeviceForStrategy() strategy 5, device 2
09-01 19:10:06.496   715   906 V APM::AudioPolicyEngine: getDeviceForStrategy() strategy 6, device 2
09-01 19:10:06.496   715   906 V APM::AudioPolicyEngine: getDeviceForStrategy() strategy 7, device 2
09-01 19:10:06.496   715   906 V APM::AudioPolicyEngine: getDeviceForStrategy() strategy 8, device 2
09-01 19:10:06.496   715   906 V APM::AudioPolicyEngine: getDeviceForStrategy() strategy 9, device 2
09-01 19:10:06.496   715   906 V APM::AudioPolicyEngine: getDeviceForStrategy() strategy 0, device 2
09-01 19:10:06.496   715   906 V APM_AudioPolicyManager: selectOutputForMusicEffects selected output 13
09-01 19:10:06.496   715   906 D AudioPolicyIntefaceImpl: doStopOutput_POM oldPhoneState:0,currentPhoneState:0
09-01 19:10:06.496   715   906 V AudioPolicyService: AudioCommandThread() going to sleep
09-01 19:10:06.496   715   913 V AudioPolicyService: inserting command: 7 at index 0, num commands 0
09-01 19:10:06.496   715   913 V AudioFlinger: PlaybackThread::Track destructor
09-01 19:10:06.496   715   913 V AudioFlinger: removeClient_l() pid 22221, calling pid 715
09-01 19:10:06.497   715   906 V AudioPolicyService: AudioCommandThread() processing release output 13
09-01 19:10:06.497   715   906 V APM_AudioPolicyManager: releaseOutput() 13
09-01 19:10:06.497   715   906 V AudioPolicyService: AudioCommandThread() going to sleep
09-01 19:10:06.497   715   913 D BufferProvider: ~CopyBufferProvider(0xef19ab00) 0 0x0 0xe9baa000
09-01 19:10:06.493   715   715 W ApmOutput: type=1400 audit(0.0:88422): avc: denied { search } for name="bbkcore" dev="dm-1" ino=2359297 scontext=u:r:audioserver:s0 tcontext=u:object_r:vivo_data_file:s0 tclass=dir permissive=0
09-01 19:10:06.502 22385 22385 I SentryLog: [main] TYPE_AMBIENT_TEMPERATURE is not available.
09-01 19:10:06.504 22385 22385 D SentryLog: [main] enableSystemEventBreadcrumbs enabled: true
09-01 19:10:06.506 22385 22385 D SentryLog: [main] FragmentLifecycleIntegration installed.
09-01 19:10:06.514 22415 22415 W missevan:playe: Accessing hidden method Landroid/app/ActivityThread;->currentApplication()Landroid/app/Application; (light greylist, linking)
09-01 19:10:06.657 22221 22294 W cn.missevan: resources.arsc in APK '/data/app/com.tencent.qqmusic-7yfU51SHyq1156g9ETanhw==/base.apk' is compressed.
09-01 19:10:06.662 22415 22579 D SentryLog: [pool-3-thread-1] SU isn't found on this Device.
09-01 19:10:06.683 22415 22415 W pool-3-thread-1: type=1400 audit(0.0:88423): avc: denied { read } for name="version" dev="proc" ino=4026532090 scontext=u:r:untrusted_app:s0:c90,c258,c512,c768 tcontext=u:object_r:proc_version:s0 tclass=file permissive=0
09-01 19:10:06.704 22221 22221 I SplashFragment: [main] Start MainFragment
09-01 19:10:06.704 22415 22415 I SentryLog: [main] Initializing SDK with DSN: 'https://8e68e4623f6348b0b9984471d41e3e2d@sentry.missevan.com/2'
09-01 19:10:06.713 22415 22415 I SentryLog: [main] GlobalHubMode: 'true'
09-01 19:10:06.721 22221 22294 W cn.missevan: resources.arsc in APK '/data/app/com.netease.cloudmusic-yTW54XD6sZDHzUdeEdncfA==/base.apk' is compressed.
09-01 19:10:06.730 22385 22385 D NAccs.AccsClientConfig:  build config:AccsClientConfig{mAppKey='umeng:546d7dd7fd98c58fc800082c', mAppSecret='64e8358a59d434e5546720db97ab5996', mInappHost='umengacs.m.taobao.com', mChannelHost='umengjmacs.m.taobao.com', mStoreId='', mSecurity=2, mAuthCode='', mInappPubKey=11, mChannelPubKey=11, mKeepalive=true, mAutoUnit=false, mTag='default', mConfigEnv=0, mDisableChannel=false, mQuickReconnect=false, mAccsHeartbeatEnable=false, mPullUpEnable=false, mForePingEnable=false, mPingTimeout=0}
09-01 19:10:06.730 22385 22385 W NAccs.AccsClientConfig:  build conver old config:AccsClientConfig{mAppKey='umeng:546d7dd7fd98c58fc800082c', mAppSecret='64e8358a59d434e5546720db97ab5996', mInappHost='umengacs.m.taobao.com', mChannelHost='umengjmacs.m.taobao.com', mStoreId='', mSecurity=2, mAuthCode='', mInappPubKey=-1, mChannelPubKey=-1, mKeepalive=true, mAutoUnit=true, mTag='default', mConfigEnv=0, mDisableChannel=false, mQuickReconnect=false, mAccsHeartbeatEnable=false, mPullUpEnable=true, mForePingEnable=false, mPingTimeout=0}
09-01 19:10:06.730 22385 22385 D NAccs.ACCSClient:  init config:AccsClientConfig{mAppKey='umeng:546d7dd7fd98c58fc800082c', mAppSecret='64e8358a59d434e5546720db97ab5996', mInappHost='umengacs.m.taobao.com', mChannelHost='umengjmacs.m.taobao.com', mStoreId='', mSecurity=2, mAuthCode='', mInappPubKey=11, mChannelPubKey=11, mKeepalive=true, mAutoUnit=false, mTag='default', mConfigEnv=0, mDisableChannel=false, mQuickReconnect=false, mAccsHeartbeatEnable=false, mPullUpEnable=false, mForePingEnable=false, mPingTimeout=0}
09-01 19:10:06.731 22385 22385 D UPush.Impl: appkey:546d7dd7fd98c58fc800082c secret:64e8358a59d434e5546720db97ab5996
09-01 19:10:06.735 22385 22588 I NAccs.TaobaoRegister:  register appKey:umeng:546d7dd7fd98c58fc800082c configTag:default
09-01 19:10:06.737 22385 22588 D NAccs.Config:  setAgooAppKey appkey:umeng:546d7dd7fd98c58fc800082c
09-01 19:10:06.738 22385 22588 D NAccs.Config:  setAgooMessageSecret secret:64e8358a59d434e5546720db97ab5996
09-01 19:10:06.740 22385 22588 D NAccs.ACCSManager:  getAccsInstance key:default|0
09-01 19:10:06.752 22415 22415 D SentryLog: [main] UncaughtExceptionHandlerIntegration enabled: true
09-01 19:10:06.753 22415 22415 D SentryLog: [main] default UncaughtExceptionHandler class='xcrash.i'
09-01 19:10:06.755 22415 22415 D SentryLog: [main] UncaughtExceptionHandlerIntegration installed.
09-01 19:10:06.757 22415 22415 D SentryLog: [main] ShutdownHookIntegration installed.
09-01 19:10:06.760 22415 22415 D SentryLog: [main] SendCachedEventFireAndForgetIntegration installed.
09-01 19:10:06.761 22415 22590 D SentryLog: [pool-2-thread-1] Started processing cached files from /data/user/0/cn.missevan/cache/sentry
09-01 19:10:06.762 22415 22415 D SentryLog: [main] NdkIntegration enabled: true
09-01 19:10:06.763 22415 22415 I sentry-native: using database path "/data/data/cn.missevan/cache/sentry/.sentry-native"
09-01 19:10:06.764 22415 22415 D sentry-native: starting backend
09-01 19:10:06.766 22415 22590 D SentryLog: [pool-2-thread-1] Processing dir. /data/user/0/cn.missevan/cache/sentry
09-01 19:10:06.770 22415 22415 D SentryLog: [main] NdkIntegration installed.
09-01 19:10:06.770   717   717 I SurfaceFlinger: FPS: 10
09-01 19:10:06.771 22415 22415 D SentryLog: [main] Registering EnvelopeFileObserverIntegration for path: /data/user/0/cn.missevan/cache/sentry/outbox
09-01 19:10:06.774 22415 22590 D SentryLog: [pool-2-thread-1] Processing 0 items from cache dir /data/user/0/cn.missevan/cache/sentry
09-01 19:10:06.774 22221 22221 D LeakCanary: Watching instance of skin.support.constraint.SkinCompatConstraintLayout (cn.missevan.view.fragment.SplashFragment received Fragment#onDestroyView() callback (references to its views should be cleared to prevent leaks)) with key 56f2e3ed-0b8e-4e1b-86e0-f5545873b62e
09-01 19:10:06.774 22415 22415 D SentryLog: [main] EnvelopeFileObserverIntegration installed.
09-01 19:10:06.776 22221 22221 D LeakCanary: Watching instance of androidx.loader.app.LoaderManagerImpl$LoaderViewModel (androidx.loader.app.LoaderManagerImpl$LoaderViewModel received ViewModel#onCleared() callback) with key 84808218-a333-49d9-a6ea-b859036047eb
09-01 19:10:06.776 22415 22415 D SentryLog: [main] SendCachedEventFireAndForgetIntegration installed.
09-01 19:10:06.777 22221 22221 D LeakCanary: Watching instance of leakcanary.internal.ViewModelClearedWatcher (leakcanary.internal.ViewModelClearedWatcher received ViewModel#onCleared() callback) with key 32246b7d-a65c-421a-821c-74f899e4e639
09-01 19:10:06.777 22221 22221 D LeakCanary: Watching instance of androidx.loader.app.LoaderManagerImpl$LoaderViewModel (androidx.loader.app.LoaderManagerImpl$LoaderViewModel received ViewModel#onCleared() callback) with key bd6af770-ad36-4c85-9225-6e3de14108fa
09-01 19:10:06.778 22221 22221 D LeakCanary: Watching instance of leakcanary.internal.ViewModelClearedWatcher (leakcanary.internal.ViewModelClearedWatcher received ViewModel#onCleared() callback) with key 7067344d-59d8-4c2c-aba3-d5bf80fae177
09-01 19:10:06.778 22415 22415 D SentryLog: [main] AnrIntegration enabled: true
09-01 19:10:06.780 22221 22221 D LeakCanary: Watching instance of com.bumptech.glide.manager.SupportRequestManagerFragment (com.bumptech.glide.manager.SupportRequestManagerFragment received Fragment#onDestroy() callback) with key 08c23474-c472-4758-8bf7-9831477710a6
09-01 19:10:06.780 22415 22415 D SentryLog: [main] ANR timeout in milliseconds: 5000
09-01 19:10:06.781 22385 22588 D NAccs.MsgRecv_default:  message file not exist
09-01 19:10:06.781 22415 22590 D SentryLog: [pool-2-thread-1] File /data/user/0/cn.missevan/cache/sentry/outbox is not a File.
09-01 19:10:06.783 22385 22588 D NAccs.InAppConn_default:  new connection
09-01 19:10:06.784 22415 22415 D SentryLog: [main] AnrIntegration installed.
09-01 19:10:06.785 22415 22590 D SentryLog: [pool-2-thread-1] Processing file: /data/user/0/cn.missevan/cache/sentry/session.json
09-01 19:10:06.786 22415 22415 D SentryLog: [main] enableSessionTracking enabled: true
09-01 19:10:06.787 22221 22221 D LeakCanary: Watching instance of cn.missevan.view.fragment.SplashFragment (cn.missevan.view.fragment.SplashFragment received Fragment#onDestroy() callback) with key 71c525fb-b4cf-4f01-b3e5-c6be105c1558
09-01 19:10:06.788 22415 22415 D SentryLog: [main] enableAppLifecycleBreadcrumbs enabled: true
09-01 19:10:06.790 22415 22590 D SentryLog: [pool-2-thread-1] File '/data/user/0/cn.missevan/cache/sentry/session.json' doesn't match extension expected.
09-01 19:10:06.793 22415 22590 D SentryLog: [pool-2-thread-1] File /data/user/0/cn.missevan/cache/sentry/.sentry-native is not a File.
09-01 19:10:06.795 22385 22588 I NAccs.Utils:  isMainProcess result:false
09-01 19:10:06.538  1724  2178 I chatty  : uid=1000(system) AutobacklightTh identical 2 lines
09-01 19:10:06.797 22385 22588 I NAccs.ACCSMgrImpl_default:  bindApp appKey:umeng:546d7dd7fd98c58fc800082c
09-01 19:10:06.798  1724  1724 V SettingsProvider: Notifying for 0: content://settings/system/vivo_fullscreen_flag
09-01 19:10:06.798  2404  2404 D KeyguardUpdateMonitor: handleTimeUpdate
09-01 19:10:06.801 22415 22590 D SentryLog: [pool-2-thread-1] Finished processing cached files from /data/user/0/cn.missevan/cache/sentry
09-01 19:10:06.804 22385 22588 D NAccs.UtilityImpl:  enableService comptName:ComponentInfo{cn.missevan/com.taobao.accs.ChannelService}
09-01 19:10:06.804 22415 22590 D SentryLog: [pool-2-thread-1] Started processing cached files from /data/user/0/cn.missevan/cache/sentry/outbox
09-01 19:10:06.804  1724 16082 W PackageManager: setEnabledSetting  packageName:cn.missevan className:com.taobao.accs.ChannelService newState:1 userId:0 callingPackage:null
09-01 19:10:06.806 22385 22593 D NAccs.FileCheckUtils:  st.getAvailableBlocks()=2670231,st.getAvailableBlocks() * blockSize=10937266176
09-01 19:10:06.807 22415 22590 D SentryLog: [pool-2-thread-1] Processing dir. /data/user/0/cn.missevan/cache/sentry/outbox
09-01 19:10:06.807 22415 22415 D SentryLog: [main] AppLifecycleIntegration installed.
09-01 19:10:06.808  4221 30738 I chatty  : uid=1000(system) Binder:4221_6 expire 2 lines
09-01 19:10:06.809 22415 22415 D SentryLog: [main] ActivityLifecycleIntegration enabled: true
09-01 19:10:06.810 22415 22590 D SentryLog: [pool-2-thread-1] Processing 0 items from cache dir /data/user/0/cn.missevan/cache/sentry/outbox
09-01 19:10:06.812 22415 22590 D SentryLog: [pool-2-thread-1] Finished processing cached files from /data/user/0/cn.missevan/cache/sentry/outbox
09-01 19:10:06.824 22221 22221 I MainFragment: [main] onCreateView
09-01 19:10:06.830 22415 22415 D SentryLog: [main] ActivityLifecycleIntegration installed.
09-01 19:10:06.832 22415 22415 D SentryLog: [main] UserInteractionIntegration enabled: true
09-01 19:10:06.836 22415 22415 D SentryLog: [main] UserInteractionIntegration installed.
09-01 19:10:06.836 22385 22588 W NAccs.ACCSMgrImpl_default:  bindApp only allow in main process
09-01 19:10:06.839 22415 22415 D SentryLog: [main] AppComponentsBreadcrumbsIntegration enabled: true
09-01 19:10:06.841 22415 22415 D SentryLog: [main] AppComponentsBreadcrumbsIntegration installed.
09-01 19:10:06.841 22385 22385 D NetworkSecurityConfig: Using Network Security Config from resource g debugBuild: true
09-01 19:10:06.843 22415 22415 D SentryLog: [main] SystemEventsBreadcrumbsIntegration enabled: true
09-01 19:10:06.849 22415 22415 D SentryLog: [main] SystemEventsBreadcrumbsIntegration installed.
09-01 19:10:06.851 22385 22385 W n:player.singl: Accessing hidden method Ldalvik/system/CloseGuard;->get()Ldalvik/system/CloseGuard; (light greylist, reflection)
09-01 19:10:06.851 22385 22385 W n:player.singl: Accessing hidden method Ldalvik/system/CloseGuard;->open(Ljava/lang/String;)V (light greylist, reflection)
09-01 19:10:06.851 22385 22385 W n:player.singl: Accessing hidden method Ldalvik/system/CloseGuard;->warnIfOpen()V (light greylist, reflection)
09-01 19:10:06.858 22415 22415 D SentryLog: [main] enableSystemEventsBreadcrumbs enabled: true
09-01 19:10:06.878 22415 22415 I SentryLog: [main] TYPE_AMBIENT_TEMPERATURE is not available.
09-01 19:10:06.880 22415 22415 D SentryLog: [main] enableSystemEventBreadcrumbs enabled: true
09-01 19:10:06.885 22415 22415 D SentryLog: [main] FragmentLifecycleIntegration installed.
09-01 19:10:06.931   717   804 E         : IProducerListener: malformed binder reply
09-01 19:10:06.970 22221 22294 W cn.missevan: resources.arsc in APK '/data/app/com.ss.android.ugc.aweme-H_q9rnj-DK8wWjDeyvpyKQ==/base.apk' is compressed.
09-01 19:10:06.982 22385 22385 D PlayApplication: [main] PlayApplication onCreate.
09-01 19:10:07.152 22385 22385 I MissEvanApplication: [main] current process: cn.missevan:player.single
09-01 19:10:07.181 22221 22294 W cn.missevan: resources.arsc in APK '/data/app/com.sohu.inputmethod.sogou.vivo-yMVtgCaRNquGk3avhhMc6w==/base.apk' is compressed.
09-01 19:10:07.184 22385 22385 D BLOG-EVENT-Network: network changed: 3=>1
09-01 19:10:07.191 22385 22385 W LaserActionExecutor: [main] actionClass map is null
09-01 19:10:07.195 22415 22415 D NAccs.AccsClientConfig:  build config:AccsClientConfig{mAppKey='umeng:546d7dd7fd98c58fc800082c', mAppSecret='64e8358a59d434e5546720db97ab5996', mInappHost='umengacs.m.taobao.com', mChannelHost='umengjmacs.m.taobao.com', mStoreId='', mSecurity=2, mAuthCode='', mInappPubKey=11, mChannelPubKey=11, mKeepalive=true, mAutoUnit=false, mTag='default', mConfigEnv=0, mDisableChannel=false, mQuickReconnect=false, mAccsHeartbeatEnable=false, mPullUpEnable=false, mForePingEnable=false, mPingTimeout=0}
09-01 19:10:07.195 22415 22415 W NAccs.AccsClientConfig:  build conver old config:AccsClientConfig{mAppKey='umeng:546d7dd7fd98c58fc800082c', mAppSecret='64e8358a59d434e5546720db97ab5996', mInappHost='umengacs.m.taobao.com', mChannelHost='umengjmacs.m.taobao.com', mStoreId='', mSecurity=2, mAuthCode='', mInappPubKey=-1, mChannelPubKey=-1, mKeepalive=true, mAutoUnit=true, mTag='default', mConfigEnv=0, mDisableChannel=false, mQuickReconnect=false, mAccsHeartbeatEnable=false, mPullUpEnable=true, mForePingEnable=false, mPingTimeout=0}
09-01 19:10:07.195 22415 22415 D NAccs.ACCSClient:  init config:AccsClientConfig{mAppKey='umeng:546d7dd7fd98c58fc800082c', mAppSecret='64e8358a59d434e5546720db97ab5996', mInappHost='umengacs.m.taobao.com', mChannelHost='umengjmacs.m.taobao.com', mStoreId='', mSecurity=2, mAuthCode='', mInappPubKey=11, mChannelPubKey=11, mKeepalive=true, mAutoUnit=false, mTag='default', mConfigEnv=0, mDisableChannel=false, mQuickReconnect=false, mAccsHeartbeatEnable=false, mPullUpEnable=false, mForePingEnable=false, mPingTimeout=0}
09-01 19:10:07.197 22415 22415 D UPush.Impl: appkey:546d7dd7fd98c58fc800082c secret:64e8358a59d434e5546720db97ab5996
09-01 19:10:07.202 22415 22616 I NAccs.TaobaoRegister:  register appKey:umeng:546d7dd7fd98c58fc800082c configTag:default
09-01 19:10:07.202 22415 22616 D NAccs.Config:  setAgooAppKey appkey:umeng:546d7dd7fd98c58fc800082c
09-01 19:10:07.203 22415 22616 D NAccs.Config:  setAgooMessageSecret secret:64e8358a59d434e5546720db97ab5996
09-01 19:10:07.206 22415 22616 D NAccs.ACCSManager:  getAccsInstance key:default|0
09-01 19:10:07.213 22385 22385 V HotfixPatchListener: [main] application maxMemory:256
09-01 19:10:07.250 22385 22611 W n:player.singl: Accessing hidden field Lsun/misc/Unsafe;->theUnsafe:Lsun/misc/Unsafe; (light greylist, reflection)
09-01 19:10:07.253 22385 22385 W Tinker.Tinker: [main] tinker patch directory: /data/user/0/cn.missevan/tinker
09-01 19:10:07.255 22415 22616 D NAccs.MsgRecv_default:  message file not exist
09-01 19:10:07.260 22415 22616 D NAccs.InAppConn_default:  new connection
09-01 19:10:07.260 22385 22385 I Tinker.Tinker: [main] try to install tinker, isEnable: true, version: 1.9.14.10.4
09-01 19:10:07.265 22385 22385 I Tinker.TinkerLoadResult: [main] parseTinkerResult loadCode:-2, process name:cn.missevan:player.single, main process:false, systemOTA:false, fingerPrint:vivo/PD1728/PD1728:9/PKQ1.180819.001/compiler07281740:user/release-keys, oatDir:null, useInterpretMode:false
09-01 19:10:07.266 22221 22294 W cn.missevan: resources.arsc in APK '/data/app/com.ss.android.ugc.aweme.lite-p95S6OhdXKBaCx69ro3IxA==/base.apk' is compressed.
09-01 19:10:07.268 22385 22385 W Tinker.TinkerLoadResult: [main] can't find patch file, is ok, just return
09-01 19:10:07.268 22415 22616 I NAccs.Utils:  isMainProcess result:false
09-01 19:10:07.269 22415 22616 I NAccs.ACCSMgrImpl_default:  bindApp appKey:umeng:546d7dd7fd98c58fc800082c
09-01 19:10:07.271 22385 22385 I Tinker.DefaultLoadReporter: [main] patch loadReporter onLoadResult: patch load result, path:/data/user/0/cn.missevan/tinker, code: -2, cost: 4ms
09-01 19:10:07.272 22415 22620 D NAccs.FileCheckUtils:  st.getAvailableBlocks()=2670231,st.getAvailableBlocks() * blockSize=10937266176
09-01 19:10:07.273 22385 22385 W Tinker.Tinker: [main] tinker load fail!
09-01 19:10:07.276 22415 22616 D NAccs.UtilityImpl:  enableService comptName:ComponentInfo{cn.missevan/com.taobao.accs.ChannelService}
09-01 19:10:07.276  1724  2922 W PackageManager: setEnabledSetting  packageName:cn.missevan className:com.taobao.accs.ChannelService newState:1 userId:0 callingPackage:null
09-01 19:10:07.303 22415 22616 W NAccs.ACCSMgrImpl_default:  bindApp only allow in main process
09-01 19:10:07.318 22415 22415 D NetworkSecurityConfig: Using Network Security Config from resource g debugBuild: true
09-01 19:10:07.320  2956 22596 I chatty  : uid=1000(system) com.vivo.smartmultiwindow expire 2 lines
09-01 19:10:07.325  2956  2956 W ContextImpl: Calling a method in the system process without a qualified user: android.app.ContextImpl.stopService:1562 android.content.ContextWrapper.stopService:674 com.vivo.smartmultiwindow.utils.h$1.handleMessage:178 android.os.Handler.dispatchMessage:106 android.os.Looper.loop:224
09-01 19:10:07.325  1724  1724 V SettingsProvider: Notifying for 0: content://settings/system/vivo_smartmulitwindow_is_allowed_split
09-01 19:10:07.330  1724 16082 D NotificationListeners: Removing active service ComponentInfo{com.vivo.smartmultiwindow/com.vivo.smartmultiwindow.notification.view.b}
09-01 19:10:07.330 22415 22415 W missevan:playe: Accessing hidden method Ldalvik/system/CloseGuard;->get()Ldalvik/system/CloseGuard; (light greylist, reflection)
09-01 19:10:07.331 22415 22415 W missevan:playe: Accessing hidden method Ldalvik/system/CloseGuard;->open(Ljava/lang/String;)V (light greylist, reflection)
09-01 19:10:07.331 22415 22415 W missevan:playe: Accessing hidden method Ldalvik/system/CloseGuard;->warnIfOpen()V (light greylist, reflection)
09-01 19:10:07.367 22385 22385 I Player.BaseAidlPlayerService: [main] onCreate
09-01 19:10:07.370 22385 22385 I Player.BaseAidlPlayerService: [main] onBind
09-01 19:10:07.405 22385 22385 D Tinker.TinkerLoader: [main] [PendingLog @ 2022-09-01 19:10:05.736] tryLoad test test
09-01 19:10:07.408 22385 22385 W Tinker.TinkerLoader: [main] [PendingLog @ 2022-09-01 19:10:05.740] tryLoadPatchFiles:patch dir not exist:/data/user/0/cn.missevan/tinker
09-01 19:10:07.410 22385 22385 D Tinker.DefaultAppLike: [main] [PendingLog @ 2022-09-01 19:10:05.799] onBaseContextAttached:
09-01 19:10:07.413 22385 22385 D Tinker.DefaultAppLike: [main] [PendingLog @ 2022-09-01 19:10:05.898] onCreate
09-01 19:10:07.422 22221 22221 I Player.SinglePlayer: [main] init, from: UGCRecommendPageFragment
09-01 19:10:07.424 22221 22221 I Player.SinglePlayerConnection: [main] initConnection
09-01 19:10:07.424 22221 22221 I Player.SinglePlayerConnection: [main] bindService, service is connecting: true
09-01 19:10:07.436 22415 22441 I missevan:playe: Background concurrent copying GC freed 6968(1286KB) AllocSpace objects, 10(200KB) LOS objects, 50% free, 2MB/4MB, paused 5.797ms total 58.640ms
09-01 19:10:07.464 22221 22294 W cn.missevan: resources.arsc in APK '/data/app/com.tencent.android.qqdownloader-tiA7pmtJ4sNmo61aHAjtvw==/base.apk' is compressed.
09-01 19:10:07.475   715   913 V AudioFlinger: Audio hardware entering standby, mixer 0xed395880, suspend count 0
09-01 19:10:07.475   671  9240 D audio_hw_primary: out_standby: enter: stream (0xebae8000) usecase(0: deep-buffer-playback)
09-01 19:10:07.490 22221 22221 W MainActivityViewModel: [main] DownloadFileResolver, Start process local downloaded files!!!
09-01 19:10:07.491 22415 22415 D PlayApplication: [main] PlayApplication onCreate.
09-01 19:10:07.501 22221 22284 I DownloadFileResolver: [DefaultDispatcher-worker-4] Found downloaded files: 0
09-01 19:10:07.583 22221 22343 I BLOG    : [RxCachedThreadScheduler-4] HTTP request: [2022-09-01T11:10:07.438Z] GET https://app.uat.missevan.com/message/unread-notice 200 122ms 0
09-01 19:10:07.586 22221 22334 I CronetEngine: [thread_background]
09-01 19:10:07.586 22221 22334 I CronetEngine: url: https://app.uat.missevan.com/message/unread-notice
09-01 19:10:07.586 22221 22334 I CronetEngine:  ip: 10.21.250.10
09-01 19:10:07.586 22221 22334 I CronetEngine:  hostResolverProvider:
09-01 19:10:07.586 22221 22334 I CronetEngine:  hostResolveIps: []
09-01 19:10:07.586 22221 22334 I CronetEngine:
09-01 19:10:07.609 22221 22334 I CronetEngine: [thread_background]
09-01 19:10:07.609 22221 22334 I CronetEngine: url: http://static-test.maoercdn.com/app/privacy.json
09-01 19:10:07.609 22221 22334 I CronetEngine:  ip: 115.236.155.239
09-01 19:10:07.609 22221 22334 I CronetEngine:  hostResolverProvider: system
09-01 19:10:07.609 22221 22334 I CronetEngine:  hostResolveIps: ["115.236.155.239","115.236.155.243","117.27.226.221","115.236.155.241","115.236.155.240","115.236.155.244","182.40.18.118","117.27.226.220","115.236.155.248","117.27.226.222","182.40.18.113","115.236.155.242","182.40.18.115","182.40.18.119","182.40.18.117","115.236.155.238"]
09-01 19:10:07.609 22221 22334 I CronetEngine:
09-01 19:10:07.612 22221 22327 I BLOG    : [RxCachedThreadScheduler-1] HTTP request: [2022-09-01T11:10:07.485Z] GET http://static-test.maoercdn.com/app/privacy.json 200 109ms 0
09-01 19:10:07.619   671  9240 D soundtrigger: audio_extn_sound_trigger_update_stream_status: uc_info->id 0 of type 0 for Event 2, with Raise=1
09-01 19:10:07.619   671  9240 I sound_trigger_platform: platform_stdev_check_and_update_concurrency: Received STREAM event, event type 2, usecase type 0
09-01 19:10:07.619   671  9240 D sound_trigger_platform: platform_stdev_check_and_update_concurrency: dedicated path 0, reset backend 1, tx 0, rx 0,concurrency session allowed
09-01 19:10:07.619   671  9240 D hardware_info: hw_info_append_hw_type : device_name = speaker
09-01 19:10:07.619   671  9240 D audio_hw_primary: disable_snd_device: device 2:device_name:speaker:ref_cnt:0
09-01 19:10:07.619   671  9240 D audio_hw_primary: disable_snd_device: snd_device(2: speaker)
09-01 19:10:07.619   671  9240 D msm8916_platform: platform_split_snd_device: snd_device(2) num devices(0) new_snd_devices(0)
09-01 19:10:07.623   671  9240 I soundtrigger: audio_extn_sound_trigger_update_device_status: device 0x2 of type 0 for Event 0, with Raise=0
09-01 19:10:07.623   671  9240 D audio_hw_primary: out_standby: exit
09-01 19:10:07.623   715   913 I AudioFlinger: mStandby setThreadSampleRate
09-01 19:10:07.623   715   913 V AudioFlinger: releaseWakeLock_l() AudioOut_D
09-01 19:10:07.623   715   913 V AudioFlinger: thread 0xed395880 type 0 TID 913 going to sleep
09-01 19:10:07.685 22415 22415 I MissEvanApplication: [main] current process: cn.missevan:player
09-01 19:10:07.699 22415 22415 D BLOG-EVENT-Network: network changed: 3=>1
09-01 19:10:07.706 22415 22415 W LaserActionExecutor: [main] actionClass map is null
09-01 19:10:07.726 22415 22415 V HotfixPatchListener: [main] application maxMemory:256
09-01 19:10:07.765 22415 22629 W missevan:playe: Accessing hidden field Lsun/misc/Unsafe;->theUnsafe:Lsun/misc/Unsafe; (light greylist, reflection)
09-01 19:10:07.767 22415 22415 W Tinker.Tinker: [main] tinker patch directory: /data/user/0/cn.missevan/tinker
09-01 19:10:07.771 22415 22415 I Tinker.Tinker: [main] try to install tinker, isEnable: true, version: 1.9.14.10.4
09-01 19:10:07.774 22415 22415 I Tinker.TinkerLoadResult: [main] parseTinkerResult loadCode:-2, process name:cn.missevan:player, main process:false, systemOTA:false, fingerPrint:vivo/PD1728/PD1728:9/PKQ1.180819.001/compiler07281740:user/release-keys, oatDir:null, useInterpretMode:false
09-01 19:10:07.776 22415 22415 W Tinker.TinkerLoadResult: [main] can't find patch file, is ok, just return
09-01 19:10:07.777 22415 22415 I Tinker.DefaultLoadReporter: [main] patch loadReporter onLoadResult: patch load result, path:/data/user/0/cn.missevan/tinker, code: -2, cost: 5ms
09-01 19:10:07.787 22415 22415 W Tinker.Tinker: [main] tinker load fail!
09-01 19:10:07.837 22415 22441 I missevan:playe: Background concurrent copying GC freed 3520(522KB) AllocSpace objects, 12(2MB) LOS objects, 50% free, 5MB/10MB, paused 6.830ms total 59.214ms
09-01 19:10:07.856 22415 22415 I PlayerService: [main] PlayerService onCreate. versionName: 5.7.3-debug, versionCode:5070300, deviceSDK: 28
09-01 19:10:07.662  1724  2178 I chatty  : uid=1000(system) AutobacklightTh identical 2 lines
09-01 19:10:07.862  1724 16082 I PackageManager: ### pkg:Package{61905f7 cn.missevan}
09-01 19:10:07.868  1724  1724 V SettingsProvider: Notifying for 0: content://settings/secure/media_button_receiver
09-01 19:10:07.869  2404  2432 D vol.MediaSessions: updateRemoteControllerH null
09-01 19:10:07.869  2404  2432 D vol.MediaSessions: onActiveSessionsUpdatedH n=0
09-01 19:10:07.870  6559  6891 W Avrcp_ext: ActiveSession: updated[]
09-01 19:10:07.870  6559  6891 W Avrcp_ext: ActiveSession: browseSelectedfalsemBrowsedPlayerExistfalse
09-01 19:10:07.870  6559  6891 W Avrcp_ext: Browse Player killed OR not launched yet !!!!
09-01 19:10:07.870  2404  2432 D vol.MediaSessions: onActiveSessionsUpdatedH n=0
09-01 19:10:07.870  6559  6891 D PlaybackState: setState position:-1
09-01 19:10:07.870  6559  6891 V Avrcp_ext: updateCurrentMediaState: mMediaController: null
09-01 19:10:07.870  6559  6559 V Avrcp_ext: Set active media session cn.missevan
09-01 19:10:07.870  6559  6891 V Avrcp_ext: isMusicActive: false getBluetoothPlayState: 0
09-01 19:10:07.870  6559  6891 V Avrcp_ext: updateCurrentMediaState: isPlaying = false, ck_play = 241
09-01 19:10:07.870  6559  6891 V Avrcp_ext: updateCurrentMediaState: mMediaController or getPlaybackState() null
09-01 19:10:07.870  6559  6891 D PlaybackState: setState position:-1
09-01 19:10:07.870  6559  6891 D PlaybackState: getActiveQueueItemId Id:-1
09-01 19:10:07.870  6559  6891 V Avrcp_ext: Media update: id 0➡-1? [MediaAttributes: none] : [MediaAttributes: 深⋯意 -  by Y⋯眠 (1326393 0/0) ]
09-01 19:10:07.870  6559  6891 V Avrcp_ext: Check if NowPlayingList is updated
09-01 19:10:07.870  6559  6891 V Avrcp_ext: newPlayStatus:2mReportedPlayStatus:-1
09-01 19:10:07.870  6559  6559 D HeadsetService:  isAudioOn: The number of audio connected devices 0
09-01 19:10:07.871  6559  6559 D HeadsetService: isScoOrCallActive(): Call Active:falseCall is Ringing:falseSCO is Active:false
09-01 19:10:07.871  6559  6559 D HeadsetService:  isAudioOn: The number of audio connected devices 0
09-01 19:10:07.871  6559  6559 W Avrcp_ext: playState object null, sending STOPPED
09-01 19:10:07.871  6559  6559 V Avrcp_ext: isBrowseSupported for cn.missevan: true
09-01 19:10:07.872  6559  6559 D Avrcp_ext: update #12:MediaPlayerInfo cn.missevan (as '猫耳FM') Type = 1, SubType = 0, Status = 0 Feature Bits [40 41 42 44 45 47 48 58 59 62 65 67] Controller: MediaController (cn.missevan@ca3090c) null
09-01 19:10:07.872  6559  6559 V Avrcp_ext: updateNewIds: Addressed:12 to 12, Browse:0 to 0
