09-01 19:09:15.189  2956  2956 D ViewRootImpl[DockedStackDivider]: onDisplayChange oldDisplayState=1 newDisplayState=3
09-01 19:09:15.189  2956  2956 D ViewRootImpl[DockedStackDivider]: pokeDrawLockedIfNeeded displayState=3
09-01 19:09:15.189  1724  1853 D WindowManager: pokeDrawLock: suppressed draw lock request for invisible window owned by android
09-01 19:09:15.189  1724  2162 D WindowManager: pokeDrawLock: poking draw lock on behalf of visible window owned by android
09-01 19:09:15.189  4441  4441 D ViewRootImpl[HiBoard]: onDisplayChange oldDisplayState=1 newDisplayState=3
09-01 19:09:15.189  1724  2162 D PowerManagerService: acquireWakeLockInternal: lock=227011504, flags=0x80, tag="Window:VivoDisplayOverlay", ws=WorkSource{1000 android}, uid=1000, pid=1724
09-01 19:09:15.190  4441  4441 D ViewRootImpl[HiBoard]: pokeDrawLockedIfNeeded displayState=3
09-01 19:09:15.190  1724  2162 D PowerManagerService: mTmpPrimaryDisplayIsDoze PRIMARY to doze DRAW_WAKE_LOCK                 'NightPearlShowServicePrimaryDisplay' ACQ=-129ms (uid=1000 (displayid =0 pid=3045)
09-01 19:09:15.190  1724  2162 D PowerManagerService: mTmpPrimaryDisplayIsDoze PRIMARY to doze DRAW_WAKE_LOCK                 'VivoDisplayStateService-primary-display' ACQ=-9ms (uid=1000 (displayid =0 pid=1724)
09-01 19:09:15.190  1724  2162 D PowerManagerService: mTmpPrimaryDisplayIsDoze PRIMARY to doze DRAW_WAKE_LOCK                 'Window:VivoDisplayOverlay' (uid=1000 (displayid =0 pid=1724 ws=WorkSource{1000 android})
09-01 19:09:15.190  1724  2478 D WindowManager: pokeDrawLock: suppressed draw lock request for invisible window owned by com.vivo.upslide
09-01 19:09:15.190  1724 16084 D WindowManager: pokeDrawLock: suppressed draw lock request for invisible window owned by com.vivo.floatingball
09-01 19:09:15.191  2404  2404 D ViewRootImpl[AssistPreviewPanel]: onDisplayChange oldDisplayState=1 newDisplayState=3
09-01 19:09:15.191  4240  4240 D ViewRootImpl[Launcher]: onDisplayChange oldDisplayState=1 newDisplayState=3
09-01 19:09:15.191  2404  2404 D ViewRootImpl[AssistPreviewPanel]: pokeDrawLockedIfNeeded displayState=3
09-01 19:09:15.191  2786  2786 D ViewRootImpl[SideSlideDisplayPanel]: onDisplayChange oldDisplayState=1 newDisplayState=3
09-01 19:09:15.191  2786  2786 D ViewRootImpl[SideSlideDisplayPanel]: pokeDrawLockedIfNeeded displayState=3
09-01 19:09:15.191  4240  4240 D ViewRootImpl[Launcher]: pokeDrawLockedIfNeeded displayState=3
09-01 19:09:15.192  1724  2892 D WindowManager: pokeDrawLock: suppressed draw lock request for invisible window owned by com.vivo.smartmultiwindow
09-01 19:09:15.193  1724 16084 D WindowManager: pokeDrawLock: suppressed draw lock request for invisible window owned by com.android.systemui
09-01 19:09:15.195  2404  2404 D ViewRootImpl[NavigationBar]: onDisplayChange oldDisplayState=1 newDisplayState=3
09-01 19:09:15.195  2404  2404 D ViewRootImpl[NavigationBar]: pokeDrawLockedIfNeeded displayState=3
09-01 19:09:15.196  1724  9731 D WindowManager: pokeDrawLock: suppressed draw lock request for invisible window owned by com.bbk.launcher2
09-01 19:09:15.196  1724  2478 D WindowManager: pokeDrawLock: suppressed draw lock request for invisible window owned by com.vivo.upslide
09-01 19:09:15.198  2956  2956 D ViewRootImpl[PopMenuView]: onDisplayChange oldDisplayState=1 newDisplayState=3
09-01 19:09:15.198  2956  2956 D ViewRootImpl[PopMenuView]: pokeDrawLockedIfNeeded displayState=3
09-01 19:09:15.198  1724  2478 D WindowManager: pokeDrawLock: suppressed draw lock request for invisible window owned by com.vivo.smartmultiwindow
09-01 19:09:15.199  1724  2931 D WindowManager: pokeDrawLock: suppressed draw lock request for invisible window owned by com.vivo.floatingball
09-01 19:09:15.199 12497 12497 D ViewRootImpl[GalleryTabActivity]: onDisplayChange oldDisplayState=1 newDisplayState=3
09-01 19:09:15.200  1724 16084 D WindowManager: pokeDrawLock: suppressed draw lock request for invisible window owned by com.android.systemui
09-01 19:09:15.200 12497 12497 D ViewRootImpl[GalleryTabActivity]: pokeDrawLockedIfNeeded displayState=3
09-01 19:09:15.200  1724 16084 D WindowManager: pokeDrawLock: suppressed draw lock request for invisible window owned by com.vivo.gallery
09-01 19:09:15.200 13152 13152 D ViewRootImpl[LocalCameraActivity]: onDisplayChange oldDisplayState=1 newDisplayState=3
09-01 19:09:15.200 13152 13152 D ViewRootImpl[LocalCameraActivity]: pokeDrawLockedIfNeeded displayState=3
09-01 19:09:15.201 11860 11860 D ViewRootImpl[SecureInputMethod]: onDisplayChange oldDisplayState=1 newDisplayState=3
09-01 19:09:15.201 11860 11860 D ViewRootImpl[SecureInputMethod]: pokeDrawLockedIfNeeded displayState=3
09-01 19:09:15.201  1724 16084 D WindowManager: pokeDrawLock: suppressed draw lock request for invisible window owned by com.vivo.vtouch
09-01 19:09:15.201  1724 16082 D WindowManager: pokeDrawLock: suppressed draw lock request for invisible window owned by com.vivo.secime.service
09-01 19:09:15.201  1724  9731 D WindowManager: pokeDrawLock: suppressed draw lock request for invisible window owned by com.vivo.floatingball
09-01 19:09:15.202  2404  2404 D ViewRootImpl[StatusBar]: onDisplayChange oldDisplayState=1 newDisplayState=3
09-01 19:09:15.202 12497 12497 D ViewRootImpl[NewPageActivity]: onDisplayChange oldDisplayState=1 newDisplayState=3
09-01 19:09:15.202 12497 12497 D ViewRootImpl[NewPageActivity]: pokeDrawLockedIfNeeded displayState=3
09-01 19:09:15.203  2404  2404 D ViewRootImpl[StatusBar]: pokeDrawLockedIfNeeded displayState=3
09-01 19:09:15.203  1724 16082 D WindowManager: pokeDrawLock: suppressed draw lock request for invisible window owned by com.vivo.floatingball
09-01 19:09:15.203  1724  9731 D WindowManager: pokeDrawLock: suppressed draw lock request for invisible window owned by com.vivo.gallery
09-01 19:09:15.203  1724  2931 D WindowManager: pokeDrawLock: suppressed draw lock request for invisible window owned by com.android.systemui
09-01 19:09:15.204 19231 19231 D ViewRootImpl[BrowserActivity]: onDisplayChange oldDisplayState=1 newDisplayState=3
09-01 19:09:15.205 19231 19231 D ViewRootImpl[BrowserActivity]: pokeDrawLockedIfNeeded displayState=3
09-01 19:09:15.206 12497 12497 D ViewRootImpl[Gallery]: onDisplayChange oldDisplayState=1 newDisplayState=3
09-01 19:09:15.206 12497 12497 D ViewRootImpl[Gallery]: pokeDrawLockedIfNeeded displayState=3
09-01 19:09:15.206 26876 26876 D ViewRootImpl[Settings]: onDisplayChange oldDisplayState=1 newDisplayState=3
09-01 19:09:15.207 26876 26876 D ViewRootImpl[Settings]: pokeDrawLockedIfNeeded displayState=3
09-01 19:09:15.207  2786  2786 D ViewRootImpl[SideSlideGestureBar-Left]: onDisplayChange oldDisplayState=1 newDisplayState=3
09-01 19:09:15.207  2786  2786 D ViewRootImpl[SideSlideGestureBar-Left]: pokeDrawLockedIfNeeded displayState=3
09-01 19:09:15.211  1724  9731 D WindowManager: pokeDrawLock: suppressed draw lock request for invisible window owned by com.vivo.browser
09-01 19:09:15.216  1724  2931 D WindowManager: pokeDrawLock: suppressed draw lock request for invisible window owned by com.android.settings
09-01 19:09:15.216  1724  2893 D WindowManager: pokeDrawLock: suppressed draw lock request for invisible window owned by com.vivo.hiboard
09-01 19:09:15.216  1724 16084 D WindowManager: pokeDrawLock: suppressed draw lock request for invisible window owned by com.vivo.upslide
09-01 19:09:15.217  2786  2786 D ViewRootImpl[SideSlideGestureBar-Right]: onDisplayChange oldDisplayState=1 newDisplayState=3
09-01 19:09:15.217  2786  2786 D ViewRootImpl[SideSlideGestureBar-Right]: pokeDrawLockedIfNeeded displayState=3
09-01 19:09:15.217  1724  5409 D WindowManager: pokeDrawLock: suppressed draw lock request for invisible window owned by com.vivo.gallery
09-01 19:09:15.218  1724 16084 D WindowManager: pokeDrawLock: suppressed draw lock request for invisible window owned by com.vivo.upslide
09-01 19:09:15.218  2786  2786 D ViewRootImpl[SideSlideGestureBar-Bottom]: onDisplayChange oldDisplayState=1 newDisplayState=3
09-01 19:09:15.218  2786  2786 D ViewRootImpl[SideSlideGestureBar-Bottom]: pokeDrawLockedIfNeeded displayState=3
09-01 19:09:15.218  1724  9731 D WindowManager: pokeDrawLock: suppressed draw lock request for invisible window owned by com.vivo.upslide
09-01 19:09:15.221  2786  2786 D ViewRootImpl[RecentsActivity]: onDisplayChange oldDisplayState=1 newDisplayState=3
09-01 19:09:15.221  2786  2786 D ViewRootImpl[RecentsActivity]: pokeDrawLockedIfNeeded displayState=3
09-01 19:09:15.222  1724  2893 D WindowManager: pokeDrawLock: suppressed draw lock request for invisible window owned by com.vivo.upslide
09-01 19:09:15.226  3045  3045 D ViewRootImpl[AOD]: onDisplayChange oldDisplayState=1 newDisplayState=3
09-01 19:09:15.226  3045  3045 D ViewRootImpl[AOD]: pokeDrawLockedIfNeeded displayState=3
09-01 19:09:15.230 19231 19231 D ViewRootImpl[BrowserActivity]: onDisplayChange oldDisplayState=1 newDisplayState=3
09-01 19:09:15.230 19231 19231 D ViewRootImpl[BrowserActivity]: pokeDrawLockedIfNeeded displayState=3
09-01 19:09:15.240  1724 16084 D WindowManager: pokeDrawLock: poking draw lock on behalf of visible window owned by com.vivo.nightpearl
09-01 19:09:15.240  1724 16084 D PowerManagerService: acquireWakeLockInternal: lock=219143243, flags=0x80, tag="Window:AOD", ws=WorkSource{1000 com.vivo.nightpearl}, uid=1000, pid=1724
09-01 19:09:15.240  1724 16084 D PowerManagerService: mTmpPrimaryDisplayIsDoze PRIMARY to doze DRAW_WAKE_LOCK                 'NightPearlShowServicePrimaryDisplay' ACQ=-179ms (uid=1000 (displayid =0 pid=3045)
09-01 19:09:15.240  1724 16084 D PowerManagerService: mTmpPrimaryDisplayIsDoze PRIMARY to doze DRAW_WAKE_LOCK                 'VivoDisplayStateService-primary-display' ACQ=-59ms (uid=1000 (displayid =0 pid=1724)
09-01 19:09:15.240  1724 16084 D PowerManagerService: mTmpPrimaryDisplayIsDoze PRIMARY to doze DRAW_WAKE_LOCK                 'Window:VivoDisplayOverlay' ACQ=-50ms (uid=1000 (displayid =0 pid=1724 ws=WorkSource{1000 android})
09-01 19:09:15.240  1724 16084 D PowerManagerService: mTmpPrimaryDisplayIsDoze PRIMARY to doze DRAW_WAKE_LOCK                 'Window:AOD' (uid=1000 (displayid =0 pid=1724 ws=WorkSource{1000 com.vivo.nightpearl})
09-01 19:09:15.241  1724  2893 D WindowManager: pokeDrawLock: suppressed draw lock request for invisible window owned by com.vivo.browser
09-01 19:09:15.311  1724  1724 D PowerManagerService: releaseWakeLockInternal: lock=227011504 [Window:VivoDisplayOverlay], flags=0x10000
09-01 19:09:15.311  1724  1724 D PowerManagerService: mTmpPrimaryDisplayIsDoze PRIMARY to doze DRAW_WAKE_LOCK                 'NightPearlShowServicePrimaryDisplay' ACQ=-251ms (uid=1000 (displayid =0 pid=3045)
09-01 19:09:15.311  1724  1724 D PowerManagerService: mTmpPrimaryDisplayIsDoze PRIMARY to doze DRAW_WAKE_LOCK                 'VivoDisplayStateService-primary-display' ACQ=-131ms (uid=1000 (displayid =0 pid=1724)
09-01 19:09:15.311  1724  1724 D PowerManagerService: mTmpPrimaryDisplayIsDoze PRIMARY to doze DRAW_WAKE_LOCK                 'Window:AOD' ACQ=-71ms (uid=1000 (displayid =0 pid=1724 ws=WorkSource{1000 com.vivo.nightpearl})
09-01 19:09:15.351   685  2027 W qti_sensors_hal: batch handle 1 flags 0 period_ns 20000000 timeout 200000000
09-01 19:09:15.351   685  2027 W qti_sensors_hal: batch:sensor(android.sensor.accelerometer) handle:1 flags:0x0 period_ns 20000000
09-01 19:09:15.360  1724  1724 D PowerManagerService: releaseWakeLockInternal: lock=219143243 [Window:AOD], flags=0x10000
09-01 19:09:15.361  1724  1724 D PowerManagerService: mTmpPrimaryDisplayIsDoze PRIMARY to doze DRAW_WAKE_LOCK                 'NightPearlShowServicePrimaryDisplay' ACQ=-300ms (uid=1000 (displayid =0 pid=3045)
09-01 19:09:15.361  1724  1724 D PowerManagerService: mTmpPrimaryDisplayIsDoze PRIMARY to doze DRAW_WAKE_LOCK                 'VivoDisplayStateService-primary-display' ACQ=-180ms (uid=1000 (displayid =0 pid=1724)
09-01 19:09:15.361  1724  2893 D PowerManagerService: releaseWakeLockInternal: lock=192496518 [NightPearlShowServicePrimaryDisplay], flags=0x10000
09-01 19:09:15.361  1724  2893 D PowerManagerService: mTmpPrimaryDisplayIsDoze PRIMARY to doze DRAW_WAKE_LOCK                 'VivoDisplayStateService-primary-display' ACQ=-181ms (uid=1000 (displayid =0 pid=1724)
09-01 19:09:15.427   717   717 D SurfaceFlinger: Finished set power mode=1, type=0
09-01 19:09:15.428  1724  1885 D FingerprintWakeHook: Display state changed to DOZE
09-01 19:09:15.434   717   717 I ConfigStore: android::hardware::configstore::V1_0::ISurfaceFlingerConfigs::hasHDRDisplay retrieved: 0
09-01 19:09:15.441   717   717 I ConfigStore: android::hardware::configstore::V1_0::ISurfaceFlingerConfigs::hasHDRDisplay retrieved: 0
09-01 19:09:15.452  3045  3045 D ViewRootImpl[AOD]: pokeDrawLockedIfNeeded displayState=3
09-01 19:09:15.452  1724  2893 D WindowManager: pokeDrawLock: poking draw lock on behalf of visible window owned by com.vivo.nightpearl
09-01 19:09:15.452  1724  2893 D PowerManagerService: acquireWakeLockInternal: lock=219143243, flags=0x80, tag="Window:AOD", ws=WorkSource{1000 com.vivo.nightpearl}, uid=1000, pid=1724
09-01 19:09:15.453  1724  2893 D PowerManagerService: mTmpPrimaryDisplayIsDoze PRIMARY to doze DRAW_WAKE_LOCK                 'VivoDisplayStateService-primary-display' ACQ=-272ms (uid=1000 (displayid =0 pid=1724)
09-01 19:09:15.453  1724  2893 D PowerManagerService: mTmpPrimaryDisplayIsDoze PRIMARY to doze DRAW_WAKE_LOCK                 'Window:AOD' (uid=1000 (displayid =0 pid=1724 ws=WorkSource{1000 com.vivo.nightpearl})
09-01 19:09:15.467  1724  2893 D WindowManager: pokeDrawLock: poking draw lock on behalf of visible window owned by com.vivo.nightpearl
09-01 19:09:15.467  1724  2893 D PowerManagerService: acquireWakeLockInternal: lock=219143243, flags=0x80, tag="Window:AOD", ws=WorkSource{1000 com.vivo.nightpearl}, uid=1000, pid=1724
09-01 19:09:15.467  1724  2893 D PowerManagerService: mTmpPrimaryDisplayIsDoze PRIMARY to doze DRAW_WAKE_LOCK                 'VivoDisplayStateService-primary-display' ACQ=-287ms (uid=1000 (displayid =0 pid=1724)
09-01 19:09:15.467  1724  2893 D PowerManagerService: mTmpPrimaryDisplayIsDoze PRIMARY to doze DRAW_WAKE_LOCK                 'Window:AOD' ACQ=-14ms (uid=1000 (displayid =0 pid=1724 ws=WorkSource{1000 com.vivo.nightpearl})
09-01 19:09:15.478  1724  2893 D WindowManager: pokeDrawLock: poking draw lock on behalf of visible window owned by com.vivo.nightpearl
09-01 19:09:15.478  1724  2893 D PowerManagerService: acquireWakeLockInternal: lock=219143243, flags=0x80, tag="Window:AOD", ws=WorkSource{1000 com.vivo.nightpearl}, uid=1000, pid=1724
09-01 19:09:15.479  1724  2893 D PowerManagerService: mTmpPrimaryDisplayIsDoze PRIMARY to doze DRAW_WAKE_LOCK                 'VivoDisplayStateService-primary-display' ACQ=-298ms (uid=1000 (displayid =0 pid=1724)
09-01 19:09:15.479  1724  2893 D PowerManagerService: mTmpPrimaryDisplayIsDoze PRIMARY to doze DRAW_WAKE_LOCK                 'Window:AOD' ACQ=-25ms (uid=1000 (displayid =0 pid=1724 ws=WorkSource{1000 com.vivo.nightpearl})
09-01 19:09:15.467  3045  3045 I chatty  : uid=1000(system) com.vivo.nightpearl identical 1 line
09-01 19:09:15.478  3045  3045 D ViewRootImpl[AOD]: pokeDrawLockedIfNeeded displayState=3
09-01 19:09:15.480   717   717 I ConfigStore: android::hardware::configstore::V1_0::ISurfaceFlingerConfigs::hasHDRDisplay retrieved: 0
09-01 19:09:15.495  3045  3045 D ViewRootImpl[AOD]: pokeDrawLockedIfNeeded displayState=3
09-01 19:09:15.495  1724  2893 D WindowManager: pokeDrawLock: poking draw lock on behalf of visible window owned by com.vivo.nightpearl
09-01 19:09:15.495  1724  2893 D PowerManagerService: acquireWakeLockInternal: lock=219143243, flags=0x80, tag="Window:AOD", ws=WorkSource{1000 com.vivo.nightpearl}, uid=1000, pid=1724
09-01 19:09:15.495  1724  2893 D PowerManagerService: mTmpPrimaryDisplayIsDoze PRIMARY to doze DRAW_WAKE_LOCK                 'VivoDisplayStateService-primary-display' ACQ=-315ms (uid=1000 (displayid =0 pid=1724)
09-01 19:09:15.495  1724  2893 D PowerManagerService: mTmpPrimaryDisplayIsDoze PRIMARY to doze DRAW_WAKE_LOCK                 'Window:AOD' ACQ=-42ms (uid=1000 (displayid =0 pid=1724 ws=WorkSource{1000 com.vivo.nightpearl})
09-01 19:09:15.508   717   717 I ConfigStore: android::hardware::configstore::V1_0::ISurfaceFlingerConfigs::hasHDRDisplay retrieved: 0
09-01 19:09:15.511  3045  3045 D ViewRootImpl[AOD]: pokeDrawLockedIfNeeded displayState=3
09-01 19:09:15.512  1724  2893 D WindowManager: pokeDrawLock: poking draw lock on behalf of visible window owned by com.vivo.nightpearl
09-01 19:09:15.512  1724  2893 D PowerManagerService: acquireWakeLockInternal: lock=219143243, flags=0x80, tag="Window:AOD", ws=WorkSource{1000 com.vivo.nightpearl}, uid=1000, pid=1724
09-01 19:09:15.513  1724  2893 D PowerManagerService: mTmpPrimaryDisplayIsDoze PRIMARY to doze DRAW_WAKE_LOCK                 'VivoDisplayStateService-primary-display' ACQ=-332ms (uid=1000 (displayid =0 pid=1724)
09-01 19:09:15.513  1724  2893 D PowerManagerService: mTmpPrimaryDisplayIsDoze PRIMARY to doze DRAW_WAKE_LOCK                 'Window:AOD' ACQ=-59ms (uid=1000 (displayid =0 pid=1724 ws=WorkSource{1000 com.vivo.nightpearl})
09-01 19:09:15.529  1724  2893 D WindowManager: pokeDrawLock: poking draw lock on behalf of visible window owned by com.vivo.nightpearl
09-01 19:09:15.529  1724  2893 D PowerManagerService: acquireWakeLockInternal: lock=219143243, flags=0x80, tag="Window:AOD", ws=WorkSource{1000 com.vivo.nightpearl}, uid=1000, pid=1724
09-01 19:09:15.529  1724  2893 D PowerManagerService: mTmpPrimaryDisplayIsDoze PRIMARY to doze DRAW_WAKE_LOCK                 'VivoDisplayStateService-primary-display' ACQ=-348ms (uid=1000 (displayid =0 pid=1724)
09-01 19:09:15.529  1724  2893 D PowerManagerService: mTmpPrimaryDisplayIsDoze PRIMARY to doze DRAW_WAKE_LOCK                 'Window:AOD' ACQ=-75ms (uid=1000 (displayid =0 pid=1724 ws=WorkSource{1000 com.vivo.nightpearl})
09-01 19:09:15.528  3045  3045 D ViewRootImpl[AOD]: pokeDrawLockedIfNeeded displayState=3
09-01 19:09:15.541   717   717 I ConfigStore: android::hardware::configstore::V1_0::ISurfaceFlingerConfigs::hasHDRDisplay retrieved: 0
09-01 19:09:15.547  3045  3045 D ViewRootImpl[AOD]: pokeDrawLockedIfNeeded displayState=3
09-01 19:09:15.548  1724  2893 D WindowManager: pokeDrawLock: poking draw lock on behalf of visible window owned by com.vivo.nightpearl
09-01 19:09:15.548  1724  2893 D PowerManagerService: acquireWakeLockInternal: lock=219143243, flags=0x80, tag="Window:AOD", ws=WorkSource{1000 com.vivo.nightpearl}, uid=1000, pid=1724
09-01 19:09:15.548  1724  2893 D PowerManagerService: mTmpPrimaryDisplayIsDoze PRIMARY to doze DRAW_WAKE_LOCK                 'VivoDisplayStateService-primary-display' ACQ=-367ms (uid=1000 (displayid =0 pid=1724)
09-01 19:09:15.548  1724  2893 D PowerManagerService: mTmpPrimaryDisplayIsDoze PRIMARY to doze DRAW_WAKE_LOCK                 'Window:AOD' ACQ=-94ms (uid=1000 (displayid =0 pid=1724 ws=WorkSource{1000 com.vivo.nightpearl})
09-01 19:09:15.574   717   717 I ConfigStore: android::hardware::configstore::V1_0::ISurfaceFlingerConfigs::hasHDRDisplay retrieved: 0
09-01 19:09:15.580  3045  3045 D ViewRootImpl[AOD]: pokeDrawLockedIfNeeded displayState=3
09-01 19:09:15.581  1724  2893 D WindowManager: pokeDrawLock: poking draw lock on behalf of visible window owned by com.vivo.nightpearl
09-01 19:09:15.581  1724  2893 D PowerManagerService: acquireWakeLockInternal: lock=219143243, flags=0x80, tag="Window:AOD", ws=WorkSource{1000 com.vivo.nightpearl}, uid=1000, pid=1724
09-01 19:09:15.581  1724  2893 D PowerManagerService: mTmpPrimaryDisplayIsDoze PRIMARY to doze DRAW_WAKE_LOCK                 'VivoDisplayStateService-primary-display' ACQ=-401ms (uid=1000 (displayid =0 pid=1724)
09-01 19:09:15.581  1724  2893 D PowerManagerService: mTmpPrimaryDisplayIsDoze PRIMARY to doze DRAW_WAKE_LOCK                 'Window:AOD' ACQ=-128ms (uid=1000 (displayid =0 pid=1724 ws=WorkSource{1000 com.vivo.nightpearl})
09-01 19:09:15.608   717   717 I ConfigStore: android::hardware::configstore::V1_0::ISurfaceFlingerConfigs::hasHDRDisplay retrieved: 0
09-01 19:09:15.616  3045  3045 D ViewRootImpl[AOD]: pokeDrawLockedIfNeeded displayState=3
09-01 19:09:15.617  1724  2893 D WindowManager: pokeDrawLock: poking draw lock on behalf of visible window owned by com.vivo.nightpearl
09-01 19:09:15.617  1724  2893 D PowerManagerService: acquireWakeLockInternal: lock=219143243, flags=0x80, tag="Window:AOD", ws=WorkSource{1000 com.vivo.nightpearl}, uid=1000, pid=1724
09-01 19:09:15.617  1724  2893 D PowerManagerService: mTmpPrimaryDisplayIsDoze PRIMARY to doze DRAW_WAKE_LOCK                 'VivoDisplayStateService-primary-display' ACQ=-436ms (uid=1000 (displayid =0 pid=1724)
09-01 19:09:15.617  1724  2893 D PowerManagerService: mTmpPrimaryDisplayIsDoze PRIMARY to doze DRAW_WAKE_LOCK                 'Window:AOD' ACQ=-163ms (uid=1000 (displayid =0 pid=1724 ws=WorkSource{1000 com.vivo.nightpearl})
09-01 19:09:15.641   717   717 I ConfigStore: android::hardware::configstore::V1_0::ISurfaceFlingerConfigs::hasHDRDisplay retrieved: 0
09-01 19:09:15.647  3045  3045 D ViewRootImpl[AOD]: pokeDrawLockedIfNeeded displayState=3
09-01 19:09:15.650  1724  2893 D WindowManager: pokeDrawLock: poking draw lock on behalf of visible window owned by com.vivo.nightpearl
09-01 19:09:15.651  1724  2893 D PowerManagerService: acquireWakeLockInternal: lock=219143243, flags=0x80, tag="Window:AOD", ws=WorkSource{1000 com.vivo.nightpearl}, uid=1000, pid=1724
09-01 19:09:15.651  1724  2893 D PowerManagerService: mTmpPrimaryDisplayIsDoze PRIMARY to doze DRAW_WAKE_LOCK                 'VivoDisplayStateService-primary-display' ACQ=-470ms (uid=1000 (displayid =0 pid=1724)
09-01 19:09:15.651  1724  2893 D PowerManagerService: mTmpPrimaryDisplayIsDoze PRIMARY to doze DRAW_WAKE_LOCK                 'Window:AOD' ACQ=-197ms (uid=1000 (displayid =0 pid=1724 ws=WorkSource{1000 com.vivo.nightpearl})
09-01 19:09:15.653  1724  2893 D PowerManagerService: mTmpPrimaryDisplayIsDoze PRIMARY to doze DRAW_WAKE_LOCK                 'VivoDisplayStateService-primary-display' ACQ=-473ms (uid=1000 (displayid =0 pid=1724)
09-01 19:09:15.654  1724  2893 D PowerManagerService: mTmpPrimaryDisplayIsDoze PRIMARY to doze DRAW_WAKE_LOCK                 'Window:AOD' ACQ=-200ms (uid=1000 (displayid =0 pid=1724 ws=WorkSource{1000 com.vivo.nightpearl})
09-01 19:09:15.674   717   717 I ConfigStore: android::hardware::configstore::V1_0::ISurfaceFlingerConfigs::hasHDRDisplay retrieved: 0
09-01 19:09:15.681  3045  3045 D ViewRootImpl[AOD]: pokeDrawLockedIfNeeded displayState=3
09-01 19:09:15.681  1724  2893 D WindowManager: pokeDrawLock: poking draw lock on behalf of visible window owned by com.vivo.nightpearl
09-01 19:09:15.681  1724  2893 D PowerManagerService: acquireWakeLockInternal: lock=219143243, flags=0x80, tag="Window:AOD", ws=WorkSource{1000 com.vivo.nightpearl}, uid=1000, pid=1724
09-01 19:09:15.682  1724  2893 D PowerManagerService: mTmpPrimaryDisplayIsDoze PRIMARY to doze DRAW_WAKE_LOCK                 'VivoDisplayStateService-primary-display' ACQ=-501ms (uid=1000 (displayid =0 pid=1724)
09-01 19:09:15.682  1724  2893 D PowerManagerService: mTmpPrimaryDisplayIsDoze PRIMARY to doze DRAW_WAKE_LOCK                 'Window:AOD' ACQ=-228ms (uid=1000 (displayid =0 pid=1724 ws=WorkSource{1000 com.vivo.nightpearl})
09-01 19:09:15.708   717   717 I ConfigStore: android::hardware::configstore::V1_0::ISurfaceFlingerConfigs::hasHDRDisplay retrieved: 0
09-01 19:09:15.715  3045  3045 D ViewRootImpl[AOD]: pokeDrawLockedIfNeeded displayState=3
09-01 19:09:15.716  1724  2893 D WindowManager: pokeDrawLock: poking draw lock on behalf of visible window owned by com.vivo.nightpearl
09-01 19:09:15.716  1724  2893 D PowerManagerService: acquireWakeLockInternal: lock=219143243, flags=0x80, tag="Window:AOD", ws=WorkSource{1000 com.vivo.nightpearl}, uid=1000, pid=1724
09-01 19:09:15.716  1724  2893 D PowerManagerService: mTmpPrimaryDisplayIsDoze PRIMARY to doze DRAW_WAKE_LOCK                 'VivoDisplayStateService-primary-display' ACQ=-536ms (uid=1000 (displayid =0 pid=1724)
09-01 19:09:15.716  1724  2893 D PowerManagerService: mTmpPrimaryDisplayIsDoze PRIMARY to doze DRAW_WAKE_LOCK                 'Window:AOD' ACQ=-263ms (uid=1000 (displayid =0 pid=1724 ws=WorkSource{1000 com.vivo.nightpearl})
09-01 19:09:15.741   717   717 I ConfigStore: android::hardware::configstore::V1_0::ISurfaceFlingerConfigs::hasHDRDisplay retrieved: 0
09-01 19:09:15.748  3045  3045 D ViewRootImpl[AOD]: pokeDrawLockedIfNeeded displayState=3
09-01 19:09:15.749  1724  2893 D WindowManager: pokeDrawLock: poking draw lock on behalf of visible window owned by com.vivo.nightpearl
09-01 19:09:15.749  1724  2893 D PowerManagerService: acquireWakeLockInternal: lock=219143243, flags=0x80, tag="Window:AOD", ws=WorkSource{1000 com.vivo.nightpearl}, uid=1000, pid=1724
09-01 19:09:15.749  1724  2893 D PowerManagerService: mTmpPrimaryDisplayIsDoze PRIMARY to doze DRAW_WAKE_LOCK                 'VivoDisplayStateService-primary-display' ACQ=-568ms (uid=1000 (displayid =0 pid=1724)
09-01 19:09:15.749  1724  2893 D PowerManagerService: mTmpPrimaryDisplayIsDoze PRIMARY to doze DRAW_WAKE_LOCK                 'Window:AOD' ACQ=-295ms (uid=1000 (displayid =0 pid=1724 ws=WorkSource{1000 com.vivo.nightpearl})
09-01 19:09:15.774   717   717 I ConfigStore: android::hardware::configstore::V1_0::ISurfaceFlingerConfigs::hasHDRDisplay retrieved: 0
09-01 19:09:15.782  3045  3045 D ViewRootImpl[AOD]: pokeDrawLockedIfNeeded displayState=3
09-01 19:09:15.782  1724  2893 D WindowManager: pokeDrawLock: poking draw lock on behalf of visible window owned by com.vivo.nightpearl
09-01 19:09:15.782  1724  2893 D PowerManagerService: acquireWakeLockInternal: lock=219143243, flags=0x80, tag="Window:AOD", ws=WorkSource{1000 com.vivo.nightpearl}, uid=1000, pid=1724
09-01 19:09:15.783  1724  2893 D PowerManagerService: mTmpPrimaryDisplayIsDoze PRIMARY to doze DRAW_WAKE_LOCK                 'VivoDisplayStateService-primary-display' ACQ=-602ms (uid=1000 (displayid =0 pid=1724)
09-01 19:09:15.783  1724  2893 D PowerManagerService: mTmpPrimaryDisplayIsDoze PRIMARY to doze DRAW_WAKE_LOCK                 'Window:AOD' ACQ=-329ms (uid=1000 (displayid =0 pid=1724 ws=WorkSource{1000 com.vivo.nightpearl})
09-01 19:09:15.808   717   717 I ConfigStore: android::hardware::configstore::V1_0::ISurfaceFlingerConfigs::hasHDRDisplay retrieved: 0
09-01 19:09:15.816  3045  3045 D ViewRootImpl[AOD]: pokeDrawLockedIfNeeded displayState=3
09-01 19:09:15.816  1724  2893 D WindowManager: pokeDrawLock: poking draw lock on behalf of visible window owned by com.vivo.nightpearl
09-01 19:09:15.816  1724  2893 D PowerManagerService: acquireWakeLockInternal: lock=219143243, flags=0x80, tag="Window:AOD", ws=WorkSource{1000 com.vivo.nightpearl}, uid=1000, pid=1724
09-01 19:09:15.817  1724  2893 D PowerManagerService: mTmpPrimaryDisplayIsDoze PRIMARY to doze DRAW_WAKE_LOCK                 'VivoDisplayStateService-primary-display' ACQ=-636ms (uid=1000 (displayid =0 pid=1724)
09-01 19:09:15.817  1724  2893 D PowerManagerService: mTmpPrimaryDisplayIsDoze PRIMARY to doze DRAW_WAKE_LOCK                 'Window:AOD' ACQ=-363ms (uid=1000 (displayid =0 pid=1724 ws=WorkSource{1000 com.vivo.nightpearl})
09-01 19:09:15.841   717   717 I ConfigStore: android::hardware::configstore::V1_0::ISurfaceFlingerConfigs::hasHDRDisplay retrieved: 0
09-01 19:09:15.847  3045  3045 D ViewRootImpl[AOD]: pokeDrawLockedIfNeeded displayState=3
09-01 19:09:15.848  1724  2893 D WindowManager: pokeDrawLock: poking draw lock on behalf of visible window owned by com.vivo.nightpearl
09-01 19:09:15.848  1724  2893 D PowerManagerService: acquireWakeLockInternal: lock=219143243, flags=0x80, tag="Window:AOD", ws=WorkSource{1000 com.vivo.nightpearl}, uid=1000, pid=1724
09-01 19:09:15.848  1724  2893 D PowerManagerService: mTmpPrimaryDisplayIsDoze PRIMARY to doze DRAW_WAKE_LOCK                 'VivoDisplayStateService-primary-display' ACQ=-668ms (uid=1000 (displayid =0 pid=1724)
09-01 19:09:15.848  1724  2893 D PowerManagerService: mTmpPrimaryDisplayIsDoze PRIMARY to doze DRAW_WAKE_LOCK                 'Window:AOD' ACQ=-395ms (uid=1000 (displayid =0 pid=1724 ws=WorkSource{1000 com.vivo.nightpearl})
09-01 19:09:15.874   717   717 I ConfigStore: android::hardware::configstore::V1_0::ISurfaceFlingerConfigs::hasHDRDisplay retrieved: 0
09-01 19:09:15.881  3045  3045 D ViewRootImpl[AOD]: pokeDrawLockedIfNeeded displayState=3
09-01 19:09:15.884  1724  2893 D WindowManager: pokeDrawLock: poking draw lock on behalf of visible window owned by com.vivo.nightpearl
09-01 19:09:15.884  1724  2893 D PowerManagerService: acquireWakeLockInternal: lock=219143243, flags=0x80, tag="Window:AOD", ws=WorkSource{1000 com.vivo.nightpearl}, uid=1000, pid=1724
09-01 19:09:15.886  1724  2893 D PowerManagerService: mTmpPrimaryDisplayIsDoze PRIMARY to doze DRAW_WAKE_LOCK                 'VivoDisplayStateService-primary-display' ACQ=-705ms (uid=1000 (displayid =0 pid=1724)
09-01 19:09:15.886  1724  2893 D PowerManagerService: mTmpPrimaryDisplayIsDoze PRIMARY to doze DRAW_WAKE_LOCK                 'Window:AOD' ACQ=-433ms (uid=1000 (displayid =0 pid=1724 ws=WorkSource{1000 com.vivo.nightpearl})
09-01 19:09:15.907   717   717 I ConfigStore: android::hardware::configstore::V1_0::ISurfaceFlingerConfigs::hasHDRDisplay retrieved: 0
09-01 19:09:15.912  3045  3045 D ViewRootImpl[AOD]: pokeDrawLockedIfNeeded displayState=3
09-01 19:09:15.914  1724  2893 D WindowManager: pokeDrawLock: poking draw lock on behalf of visible window owned by com.vivo.nightpearl
09-01 19:09:15.914  1724  2893 D PowerManagerService: acquireWakeLockInternal: lock=219143243, flags=0x80, tag="Window:AOD", ws=WorkSource{1000 com.vivo.nightpearl}, uid=1000, pid=1724
09-01 19:09:15.914  1724  2893 D PowerManagerService: mTmpPrimaryDisplayIsDoze PRIMARY to doze DRAW_WAKE_LOCK                 'VivoDisplayStateService-primary-display' ACQ=-734ms (uid=1000 (displayid =0 pid=1724)
09-01 19:09:15.914  1724  2893 D PowerManagerService: mTmpPrimaryDisplayIsDoze PRIMARY to doze DRAW_WAKE_LOCK                 'Window:AOD' ACQ=-461ms (uid=1000 (displayid =0 pid=1724 ws=WorkSource{1000 com.vivo.nightpearl})
09-01 19:09:15.941   717   717 I ConfigStore: android::hardware::configstore::V1_0::ISurfaceFlingerConfigs::hasHDRDisplay retrieved: 0
09-01 19:09:15.948  3045  3045 D ViewRootImpl[AOD]: pokeDrawLockedIfNeeded displayState=3
09-01 19:09:15.948  1724  2893 D WindowManager: pokeDrawLock: poking draw lock on behalf of visible window owned by com.vivo.nightpearl
09-01 19:09:15.948  1724  2893 D PowerManagerService: acquireWakeLockInternal: lock=219143243, flags=0x80, tag="Window:AOD", ws=WorkSource{1000 com.vivo.nightpearl}, uid=1000, pid=1724
09-01 19:09:15.949  1724  2893 D PowerManagerService: mTmpPrimaryDisplayIsDoze PRIMARY to doze DRAW_WAKE_LOCK                 'VivoDisplayStateService-primary-display' ACQ=-768ms (uid=1000 (displayid =0 pid=1724)
09-01 19:09:15.949  1724  2893 D PowerManagerService: mTmpPrimaryDisplayIsDoze PRIMARY to doze DRAW_WAKE_LOCK                 'Window:AOD' ACQ=-495ms (uid=1000 (displayid =0 pid=1724 ws=WorkSource{1000 com.vivo.nightpearl})
09-01 19:09:15.974   717   717 I ConfigStore: android::hardware::configstore::V1_0::ISurfaceFlingerConfigs::hasHDRDisplay retrieved: 0
09-01 19:09:15.981  3045  3045 D ViewRootImpl[AOD]: pokeDrawLockedIfNeeded displayState=3
09-01 19:09:15.982  1724  2893 D WindowManager: pokeDrawLock: poking draw lock on behalf of visible window owned by com.vivo.nightpearl
09-01 19:09:15.982  1724  2893 D PowerManagerService: acquireWakeLockInternal: lock=219143243, flags=0x80, tag="Window:AOD", ws=WorkSource{1000 com.vivo.nightpearl}, uid=1000, pid=1724
09-01 19:09:15.982  1724  2893 D PowerManagerService: mTmpPrimaryDisplayIsDoze PRIMARY to doze DRAW_WAKE_LOCK                 'VivoDisplayStateService-primary-display' ACQ=-801ms (uid=1000 (displayid =0 pid=1724)
09-01 19:09:15.982  1724  2893 D PowerManagerService: mTmpPrimaryDisplayIsDoze PRIMARY to doze DRAW_WAKE_LOCK                 'Window:AOD' ACQ=-529ms (uid=1000 (displayid =0 pid=1724 ws=WorkSource{1000 com.vivo.nightpearl})
09-01 19:09:16.008   717   717 I ConfigStore: android::hardware::configstore::V1_0::ISurfaceFlingerConfigs::hasHDRDisplay retrieved: 0
09-01 19:09:16.017  3045  3045 D ViewRootImpl[AOD]: pokeDrawLockedIfNeeded displayState=3
09-01 19:09:16.017  1724  2893 D WindowManager: pokeDrawLock: poking draw lock on behalf of visible window owned by com.vivo.nightpearl
09-01 19:09:16.018  1724  2893 D PowerManagerService: acquireWakeLockInternal: lock=219143243, flags=0x80, tag="Window:AOD", ws=WorkSource{1000 com.vivo.nightpearl}, uid=1000, pid=1724
09-01 19:09:16.018  1724  2893 D PowerManagerService: mTmpPrimaryDisplayIsDoze PRIMARY to doze DRAW_WAKE_LOCK                 'VivoDisplayStateService-primary-display' ACQ=-837ms (uid=1000 (displayid =0 pid=1724)
09-01 19:09:16.018  1724  2893 D PowerManagerService: mTmpPrimaryDisplayIsDoze PRIMARY to doze DRAW_WAKE_LOCK                 'Window:AOD' ACQ=-564ms (uid=1000 (displayid =0 pid=1724 ws=WorkSource{1000 com.vivo.nightpearl})
09-01 19:09:16.041   717   717 I ConfigStore: android::hardware::configstore::V1_0::ISurfaceFlingerConfigs::hasHDRDisplay retrieved: 0
09-01 19:09:16.050  3045  3045 D ViewRootImpl[AOD]: pokeDrawLockedIfNeeded displayState=3
09-01 19:09:16.050  1724  2893 D WindowManager: pokeDrawLock: poking draw lock on behalf of visible window owned by com.vivo.nightpearl
09-01 19:09:16.051  1724  2893 D PowerManagerService: acquireWakeLockInternal: lock=219143243, flags=0x80, tag="Window:AOD", ws=WorkSource{1000 com.vivo.nightpearl}, uid=1000, pid=1724
09-01 19:09:16.051  1724  2893 D PowerManagerService: mTmpPrimaryDisplayIsDoze PRIMARY to doze DRAW_WAKE_LOCK                 'VivoDisplayStateService-primary-display' ACQ=-870ms (uid=1000 (displayid =0 pid=1724)
09-01 19:09:16.051  1724  2893 D PowerManagerService: mTmpPrimaryDisplayIsDoze PRIMARY to doze DRAW_WAKE_LOCK                 'Window:AOD' ACQ=-597ms (uid=1000 (displayid =0 pid=1724 ws=WorkSource{1000 com.vivo.nightpearl})
09-01 19:09:16.074   717   717 I ConfigStore: android::hardware::configstore::V1_0::ISurfaceFlingerConfigs::hasHDRDisplay retrieved: 0
09-01 19:09:16.082  3045  3045 D ViewRootImpl[AOD]: pokeDrawLockedIfNeeded displayState=3
09-01 19:09:16.083  1724  2893 D WindowManager: pokeDrawLock: poking draw lock on behalf of visible window owned by com.vivo.nightpearl
09-01 19:09:16.083  1724  2893 D PowerManagerService: acquireWakeLockInternal: lock=219143243, flags=0x80, tag="Window:AOD", ws=WorkSource{1000 com.vivo.nightpearl}, uid=1000, pid=1724
09-01 19:09:16.083  1724  2893 D PowerManagerService: mTmpPrimaryDisplayIsDoze PRIMARY to doze DRAW_WAKE_LOCK                 'VivoDisplayStateService-primary-display' ACQ=-903ms (uid=1000 (displayid =0 pid=1724)
09-01 19:09:16.083  1724  2893 D PowerManagerService: mTmpPrimaryDisplayIsDoze PRIMARY to doze DRAW_WAKE_LOCK                 'Window:AOD' ACQ=-630ms (uid=1000 (displayid =0 pid=1724 ws=WorkSource{1000 com.vivo.nightpearl})
09-01 19:09:16.108   717   717 I ConfigStore: android::hardware::configstore::V1_0::ISurfaceFlingerConfigs::hasHDRDisplay retrieved: 0
09-01 19:09:16.112   717   717 I SurfaceFlinger: FPS: 24
09-01 19:09:16.116  3045  3045 D ViewRootImpl[AOD]: pokeDrawLockedIfNeeded displayState=3
09-01 19:09:16.116  1724  2893 D WindowManager: pokeDrawLock: poking draw lock on behalf of visible window owned by com.vivo.nightpearl
09-01 19:09:16.116  1724  2893 D PowerManagerService: acquireWakeLockInternal: lock=219143243, flags=0x80, tag="Window:AOD", ws=WorkSource{1000 com.vivo.nightpearl}, uid=1000, pid=1724
09-01 19:09:16.117  1724  2893 D PowerManagerService: mTmpPrimaryDisplayIsDoze PRIMARY to doze DRAW_WAKE_LOCK                 'VivoDisplayStateService-primary-display' ACQ=-936ms (uid=1000 (displayid =0 pid=1724)
09-01 19:09:16.117  1724  2893 D PowerManagerService: mTmpPrimaryDisplayIsDoze PRIMARY to doze DRAW_WAKE_LOCK                 'Window:AOD' ACQ=-663ms (uid=1000 (displayid =0 pid=1724 ws=WorkSource{1000 com.vivo.nightpearl})
09-01 19:09:16.141   717   717 I ConfigStore: android::hardware::configstore::V1_0::ISurfaceFlingerConfigs::hasHDRDisplay retrieved: 0
09-01 19:09:16.154  1724  1885 D PowerManagerService: releaseWakeLockInternal: lock=123317536 [VivoDisplayStateService-primary-display], flags=0x0
09-01 19:09:16.154  1724  1885 D PowerManagerService: mTmpPrimaryDisplayIsDoze PRIMARY to doze DRAW_WAKE_LOCK                 'Window:AOD' ACQ=-700ms (uid=1000 (displayid =0 pid=1724 ws=WorkSource{1000 com.vivo.nightpearl})
09-01 19:09:16.174   717   717 I ConfigStore: android::hardware::configstore::V1_0::ISurfaceFlingerConfigs::hasHDRDisplay retrieved: 0
09-01 19:09:16.238  1724  1724 D PowerManagerService: releaseWakeLockInternal: lock=219143243 [Window:AOD], flags=0x10000
09-01 19:09:16.240  1724  1877 I DisplayManagerService: Display device changed state: "内置屏幕", DOZE_SUSPEND
09-01 19:09:16.241   717   717 I ConfigStore: android::hardware::configstore::V1_0::ISurfaceFlingerConfigs::hasHDRDisplay retrieved: 0
09-01 19:09:16.246  2404  2404 D ViewRootImpl[AssistPreviewPanel]: onDisplayChange oldDisplayState=3 newDisplayState=4
09-01 19:09:16.246   717   717 D SurfaceFlinger: Set power mode=3, type=0 flinger=0x7820655000
09-01 19:09:16.246   680   825 I SDM     : DisplayBase::SetDisplayState: Set state = 3, display 0
09-01 19:09:16.247  2786  2786 D ViewRootImpl[UpSlideTransparentView]: onDisplayChange oldDisplayState=3 newDisplayState=4
09-01 19:09:16.248  2404  2404 D ViewRootImpl[NavigationBar]: onDisplayChange oldDisplayState=3 newDisplayState=4
09-01 19:09:16.249  2956  2956 D ViewRootImpl[DockedStackDivider]: onDisplayChange oldDisplayState=3 newDisplayState=4
09-01 19:09:16.249  3045  3045 D ViewRootImpl[AOD]: onDisplayChange oldDisplayState=3 newDisplayState=4
09-01 19:09:16.250  2786  2786 D ViewRootImpl[SideSlideDisplayPanel]: onDisplayChange oldDisplayState=3 newDisplayState=4
09-01 19:09:16.251  2956  2956 D ViewRootImpl[PopMenuView]: onDisplayChange oldDisplayState=3 newDisplayState=4
09-01 19:09:16.252  2404  2404 D ViewRootImpl[StatusBar]: onDisplayChange oldDisplayState=3 newDisplayState=4
09-01 19:09:16.254  2786  2786 D ViewRootImpl[SideSlideGestureBar-Left]: onDisplayChange oldDisplayState=3 newDisplayState=4
09-01 19:09:16.255  2786  2786 D ViewRootImpl[SideSlideGestureBar-Right]: onDisplayChange oldDisplayState=3 newDisplayState=4
09-01 19:09:16.256  4240  4240 D ViewRootImpl[Launcher]: onDisplayChange oldDisplayState=3 newDisplayState=4
09-01 19:09:16.260  4441  4441 D ViewRootImpl[HiBoard]: onDisplayChange oldDisplayState=3 newDisplayState=4
09-01 19:09:16.261  2786  2786 D ViewRootImpl[SideSlideGestureBar-Bottom]: onDisplayChange oldDisplayState=3 newDisplayState=4
09-01 19:09:16.262  2786  2786 D ViewRootImpl[RecentsActivity]: onDisplayChange oldDisplayState=3 newDisplayState=4
09-01 19:09:16.268 11860 11860 D ViewRootImpl[SecureInputMethod]: onDisplayChange oldDisplayState=3 newDisplayState=4
09-01 19:09:16.270 12497 12497 D ViewRootImpl[GalleryTabActivity]: onDisplayChange oldDisplayState=3 newDisplayState=4
09-01 19:09:16.270 13152 13152 D ViewRootImpl[LocalCameraActivity]: onDisplayChange oldDisplayState=3 newDisplayState=4
09-01 19:09:16.271 19231 19231 D ViewRootImpl[BrowserActivity]: onDisplayChange oldDisplayState=3 newDisplayState=4
09-01 19:09:16.271 12497 12497 D ViewRootImpl[NewPageActivity]: onDisplayChange oldDisplayState=3 newDisplayState=4
09-01 19:09:16.272 12497 12497 D ViewRootImpl[Gallery]: onDisplayChange oldDisplayState=3 newDisplayState=4
09-01 19:09:16.276 26876 26876 D ViewRootImpl[Settings]: onDisplayChange oldDisplayState=3 newDisplayState=4
09-01 19:09:16.280 19231 19231 D ViewRootImpl[BrowserActivity]: onDisplayChange oldDisplayState=3 newDisplayState=4
09-01 19:09:16.310   717   717 D SurfaceFlinger: Finished set power mode=3, type=0
09-01 19:09:16.311  1724  1724 D FingerprintWakeHook: Display state changed to DOZE_SUSPEND
09-01 19:09:16.934   685   833 E qti_sensors_hal: relase proximity wakelock
09-01 19:09:18.843  2746  2746 W PulseThread: type=1400 audit(0.0:88400): avc: denied { getattr } for path="/proc/21950/stat" dev="proc" ino=4445676 scontext=u:r:system_app:s0 tcontext=u:r:kernel:s0 tclass=file permissive=0
09-01 19:09:18.843  2746  2746 W PulseThread: type=1400 audit(0.0:88401): avc: denied { read } for name="stat" dev="proc" ino=4445676 scontext=u:r:system_app:s0 tcontext=u:r:kernel:s0 tclass=file permissive=0
09-01 19:09:18.852  2746  3159 W ProcessCpuTracker: Skipping unknown process pid 21950
09-01 19:09:18.843  2746  2746 W PulseThread: type=1400 audit(0.0:88402): avc: denied { read } for name="cmdline" dev="proc" ino=4445677 scontext=u:r:system_app:s0 tcontext=u:r:kernel:s0 tclass=file permissive=0
09-01 19:09:18.853  2746  3159 W ProcessCpuTracker: Skipping unknown process pid 21981
09-01 19:09:18.853  2746  3159 W ProcessCpuTracker: Skipping unknown process pid 22129
09-01 19:09:18.843  2746  2746 W PulseThread: type=1400 audit(0.0:88403): avc: denied { read } for name="task" dev="proc" ino=4442868 scontext=u:r:system_app:s0 tcontext=u:r:kernel:s0 tclass=dir permissive=0
09-01 19:09:18.843  2746  2746 W PulseThread: type=1400 audit(0.0:88404): avc: denied { search } for name="21981" dev="proc" ino=4445689 scontext=u:r:system_app:s0 tcontext=u:r:untrusted_app:s0:c116,c256,c512,c768 tclass=dir permissive=0
09-01 19:09:24.544  1724 16084 W ActivityManager: Unable to start service Intent { act=android.security.IKeyChainService cmp=com.android.keychain/.KeyChainService } U=999: not found
09-01 19:09:24.546  2404 22131 I SecurityController: java.lang.AssertionError: could not bind to KeyChainService
09-01 19:09:27.671  1724  2038 I chatty  : uid=1000(system) AlarmManager expire 11 lines
09-01 19:09:29.323  3023  3023 W rms_memory_cana: type=1400 audit(0.0:88412): avc: denied { read } for name="proc" dev="debugfs" ino=4984 scontext=u:r:system_app:s0 tcontext=u:object_r:kgsl_debugfs:s0 tclass=dir permissive=0
09-01 19:09:31.212  2765  3264 I chatty  : uid=1000(system) NightPearlSubTh expire 14 lines
09-01 19:09:31.213  2404  2404 D KeyguardUpdateMonitor: received broadcast android.intent.action.BATTERY_CHANGED
09-01 19:09:31.214  2404  2404 D KeyguardUpdateMonitor: handleBatteryUpdate
09-01 19:09:31.216  2765  2765 I chatty  : uid=1000(system) com.vivo.daemonService expire 11 lines
09-01 19:09:31.215  2404  2404 D ViewRootImpl[StatusBar]: pokeDrawLockedIfNeeded displayState=4
09-01 19:09:31.218  4221  4221 I chatty  : uid=1000(system) com.vivo.floatingball:floating expire 15 lines
09-01 19:09:31.218  1724  5409 D WindowManager: pokeDrawLock: suppressed draw lock request for invisible window owned by com.android.systemui
09-01 19:09:31.218  2831  2831 D QtiCarrierConfigHelper: WARNING, no carrier configs on phone Id: 0
09-01 19:09:31.220  1724  5458 I chatty  : uid=1000(system) IzatProvider expire 66 lines
09-01 19:09:31.226   692   692 V LocSvc_HIDL_IzatSubscription: [batteryLevelUpdate][777] [HS] <<<<= [HC]
09-01 19:09:31.289   717   717 E HWComposer: prepare: validate failed for display 0: BadDisplay (2)
09-01 19:09:31.289   717   717 E SurfaceFlinger: prepareFrame for display 0 failed: -75 (Value too large for defined data type)
09-01 19:09:31.290   717   717 I ConfigStore: android::hardware::configstore::V1_0::ISurfaceFlingerConfigs::hasHDRDisplay retrieved: 0
09-01 19:09:31.294   717   717 E HWComposer: presentAndGetReleaseFences: present failed for display 0: NotValidated (7)
09-01 19:09:31.294   717   717 I SurfaceFlinger: FPS: 5
09-01 19:09:35.694  2765  3774 I chatty  : uid=1000(system) Timer-0 expire 18 lines
09-01 19:09:39.018 10614 10746 D MemoryCeilingMonitor: [handleMemoryCalculate]
09-01 19:09:39.020 10614 10746 D MemoryCeilingMonitor: [calculate] tot: 3375221, max: 268435456, free: 564829, heap: 2810392, per: 0.010469526052474976
09-01 19:09:43.403  2682  3066 E PowerMonitor: exception In sysProcTransDectect java.lang.NoSuchMethodException: vivoGetNetworkStatsUidDetailWithPackInfo [int]
09-01 19:09:43.420  2682  3066 V BigDataLog: noteWriteData which = 5
09-01 19:09:43.421  1724  5409 I chatty  : uid=1000(system) Binder:1724_16 expire 11 lines
09-01 19:09:50.248   685   817 E qti_sensors_hal: acquire proximity wakelock
09-01 19:09:50.252  2765  3878 I chatty  : uid=1000(system) initial expire 47 lines
09-01 19:09:50.256  2404  2404 D SensorManager: framework alsps raw_data dataX=0.0 dataY=2047.0 dataZ=0.0
09-01 19:09:50.258  3690  3702 D QcrilMsgTunnelIfaceManager: needAddWaitTime return false byte = -55
09-01 19:09:50.258  3690  3690 D QcrilMsgTunnelIfaceManager: handleMessage what = 1
09-01 19:09:50.263  3690  3690 I QcrilOemhookMsgTunnel: [0]invokeOemRilRequestRaw: serial=1574 length=24
09-01 19:09:50.263  3690  3690 D QcrilOemhookMsgTunnel: 1574 > OEM_HOOK_RAW[514f454d484f4f4bc9000800080000000100000000000000]
09-01 19:09:50.263  3690  3690 D QcrilOemhookMsgTunnel: Calling HIDL oemHookRawRequest
09-01 19:09:50.269  3690  3711 I QcrilOemhookMsgTunnel: [0]processOemHookResponse serial no: 1574 error: 0length=0
09-01 19:09:50.269  3690  3711 D QcrilOemhookMsgTunnel: [1574] < OEM_HOOK_RAW [[B@c2a947a]
09-01 19:09:50.269  3690  3711 D QcrilOemhookMsgTunnel: { id=3491 when=-2d10h42m5s243ms what=2 obj=com.qualcomm.qcrilmsgtunnel.QcrilMsgTunnelIfaceManager$MessageRequest@7ba942b target=com.qualcomm.qcrilmsgtunnel.QcrilMsgTunnelIfaceManager$1 }
09-01 19:09:50.272  3690  3690 D QcrilMsgTunnelIfaceManager: handleMessage what = 2
09-01 19:09:50.284  1724  1724 V SettingsProvider: Notifying for 0: content://settings/system/next_alarm_formatted
09-01 19:09:52.251   685   833 E qti_sensors_hal: relase proximity wakelock
09-01 19:09:53.825   685   891 E qti_sensors_hal: AmbientLightScene 2 16 0
09-01 19:09:53.836  2404  2404 D KeyguardUpdateMonitor: received broadcast android.intent.action.BATTERY_CHANGED
09-01 19:09:53.837  2404  2404 D KeyguardUpdateMonitor: handleBatteryUpdate
09-01 19:09:53.838  2765  2765 I chatty  : uid=1000(system) com.vivo.daemonService expire 34 lines
09-01 19:09:53.843  2831  2831 D QtiCarrierConfigHelper: WARNING, no carrier configs on phone Id: 0
09-01 19:09:53.847   692   692 V LocSvc_HIDL_IzatSubscription: [batteryLevelUpdate][777] [HS] <<<<= [HC]
09-01 19:09:53.850  1724  1724 I chatty  : uid=1000 system_server expire 16 lines
09-01 19:09:54.143  1724  2054 D WindowManager: before sendMessage MSG_WAKEUP_BY_WHO_POWERKEY2ND ret:-1
09-01 19:09:54.143  1724  2047 D WindowManager: handleMessage MSG_WAKEUP_BY_WHO_POWERKEY2ND start
09-01 19:09:54.144  1724  2047 D FingerprintWakeHook: WakeUp, who: WakeKey, uid: 1000, ident: 4294967297724, eventTime: 211329118
09-01 19:09:54.144  1724  2047 D FingerprintWakeHook: fingerprint wakeup invalid.
09-01 19:09:54.144  1724  2047 I PowerManagerService: Waking up from sleep (uid=1000 reason=WakeKey)...
09-01 19:09:54.145  1724  2047 D FingerprintWakeHook: Screen ON
09-01 19:09:54.145  1724  1724 W UsageStatsService: Event reported without a package name
09-01 19:09:54.146   685  2027 W qti_sensors_hal: batch handle 21 flags 0 period_ns 20000000 timeout 0
09-01 19:09:54.146   685  2027 W qti_sensors_hal: batch:sensor(android.sensor.proximity) handle:21 flags:0x0 period_ns 20000000
09-01 19:09:54.146  1724  1724 W UsageStatsService: Event reported without a package name
09-01 19:09:54.148  1724  1844 I UsageStatsService: User[0] Rolling over usage stats
09-01 19:09:54.148  1724  1844 I UsageStatsService: User[0] Flushing usage stats to disk
09-01 19:09:54.148  1724  2047 D WindowManager: handleMessage MSG_WAKEUP_BY_WHO_POWERKEY2ND finished
09-01 19:09:54.149  1724  2054 D WindowManager: after MSG_WAKEUP_BY_WHO_POWERKEY2ND wait
09-01 19:09:54.149  1724  2054 I chatty  : uid=1000(system) InputReader expire 12 lines
09-01 19:09:54.151  2682  3074 V ProcessController: clear cacheLimitMap 0
09-01 19:09:54.152  1724  1880 I DisplayPowerController: Blocking screen on until initial contents have been drawn.
09-01 19:09:54.159  1724  2478 I chatty  : uid=1000(system) Binder:1724_6 expire 52 lines
09-01 19:09:54.204  1724  2184 I DisplayPowerState: mBlockedByFingerprint = 0
09-01 19:09:54.204  2404  2418 D KeyguardViewMediator: notifyScreenOn
09-01 19:09:54.204  2404  2404 D KeyguardViewMediator: handleNotifyScreenTurningOn
09-01 19:09:54.207   685  2027 W qti_sensors_hal: batch handle 2 flags 0 period_ns 66667000 timeout 0
09-01 19:09:54.207   685  2027 W qti_sensors_hal: batch:sensor(android.sensor.light) handle:2 flags:0x0 period_ns 66667000
09-01 19:09:54.208   685  2027 W qti_sensors_hal: activate: handle is 2, en is 1
09-01 19:09:54.209  2404  2404 D ViewRootImpl[StatusBar]: pokeDrawLockedIfNeeded displayState=4
09-01 19:09:54.209  1724  2478 D WindowManager: pokeDrawLock: suppressed draw lock request for invisible window owned by com.android.systemui
09-01 19:09:54.211  1724  2184 E DisplayPowerState: run changed=false mNightPearlManager is null! or state != Display.STATE_OFF
09-01 19:09:54.211  1724  2184 D DisplayPowerState: run normal set state ON brightness:0
09-01 19:09:54.212  1724  2184 I chatty  : uid=1000(system) PhotonicModulat expire 3 lines
09-01 19:09:54.213   684   684 E QTI PowerHAL: Failed to acquire lock.
09-01 19:09:54.213   684   684 I QTI PowerHAL: Got set_interactive hint
09-01 19:09:54.218   717   717 D SurfaceFlinger: Set power mode=2, type=0 flinger=0x7820655000
09-01 19:09:54.218  1724  2179 I chatty  : uid=1000(system) AutobacklightCo expire 5 lines
09-01 19:09:54.218  1724  1877 I DisplayManagerService: Display device changed state: "内置屏幕", ON
09-01 19:09:54.219   680   825 I SDM     : DisplayBase::SetDisplayState: Set state = 1, display 0
09-01 19:09:54.221  1724  1880 D PowerManagerService: reset mPrimaryDisplayIsDoze
