09-01 19:08:31.694  1724  2656 D PowerManagerService: mTmpPrimaryDisplayIsDoze PRIMARY to doze DRAW_WAKE_LOCK                 'VivoDisplayStateService-primary-display' ACQ=-334ms (uid=1000 (displayid =0 pid=1724)
09-01 19:08:31.694  1724  2656 D PowerManagerService: mTmpPrimaryDisplayIsDoze PRIMARY to doze DRAW_WAKE_LOCK                 'Window:AOD' ACQ=-15ms (uid=1000 (displayid =0 pid=1724 ws=WorkSource{1000 com.vivo.nightpearl})
09-01 19:08:31.719  1724  2656 D PowerManagerService: mTmpPrimaryDisplayIsDoze PRIMARY to doze DRAW_WAKE_LOCK                 'VivoDisplayStateService-primary-display' ACQ=-359ms (uid=1000 (displayid =0 pid=1724)
09-01 19:08:31.719  1724  9731 D WindowManager: pokeDrawLock: poking draw lock on behalf of visible window owned by com.vivo.nightpearl
09-01 19:08:31.719  1724  2656 D PowerManagerService: mTmpPrimaryDisplayIsDoze PRIMARY to doze DRAW_WAKE_LOCK                 'Window:AOD' ACQ=-40ms (uid=1000 (displayid =0 pid=1724 ws=WorkSource{1000 com.vivo.nightpearl})
09-01 19:08:31.721  1724  9731 D PowerManagerService: acquireWakeLockInternal: lock=231955939, flags=0x80, tag="Window:AOD", ws=WorkSource{1000 com.vivo.nightpearl}, uid=1000, pid=1724
09-01 19:08:31.721  1724  9731 D PowerManagerService: mTmpPrimaryDisplayIsDoze PRIMARY to doze DRAW_WAKE_LOCK                 'VivoDisplayStateService-primary-display' ACQ=-362ms (uid=1000 (displayid =0 pid=1724)
09-01 19:08:31.722  1724  9731 D PowerManagerService: mTmpPrimaryDisplayIsDoze PRIMARY to doze DRAW_WAKE_LOCK                 'Window:AOD' ACQ=-43ms (uid=1000 (displayid =0 pid=1724 ws=WorkSource{1000 com.vivo.nightpearl})
09-01 19:08:31.726  1724  9731 D WindowManager: pokeDrawLock: poking draw lock on behalf of visible window owned by com.vivo.nightpearl
09-01 19:08:31.727  1724  9731 D PowerManagerService: acquireWakeLockInternal: lock=231955939, flags=0x80, tag="Window:AOD", ws=WorkSource{1000 com.vivo.nightpearl}, uid=1000, pid=1724
09-01 19:08:31.727  1724  9731 D PowerManagerService: mTmpPrimaryDisplayIsDoze PRIMARY to doze DRAW_WAKE_LOCK                 'VivoDisplayStateService-primary-display' ACQ=-367ms (uid=1000 (displayid =0 pid=1724)
09-01 19:08:31.727  1724  9731 D PowerManagerService: mTmpPrimaryDisplayIsDoze PRIMARY to doze DRAW_WAKE_LOCK                 'Window:AOD' ACQ=-48ms (uid=1000 (displayid =0 pid=1724 ws=WorkSource{1000 com.vivo.nightpearl})
09-01 19:08:31.728   717   717 I ConfigStore: android::hardware::configstore::V1_0::ISurfaceFlingerConfigs::hasHDRDisplay retrieved: 0
09-01 19:08:31.742  1724  9731 D WindowManager: pokeDrawLock: poking draw lock on behalf of visible window owned by com.vivo.nightpearl
09-01 19:08:31.743  1724  9731 D PowerManagerService: acquireWakeLockInternal: lock=231955939, flags=0x80, tag="Window:AOD", ws=WorkSource{1000 com.vivo.nightpearl}, uid=1000, pid=1724
09-01 19:08:31.743  1724  9731 D PowerManagerService: mTmpPrimaryDisplayIsDoze PRIMARY to doze DRAW_WAKE_LOCK                 'VivoDisplayStateService-primary-display' ACQ=-383ms (uid=1000 (displayid =0 pid=1724)
09-01 19:08:31.743  1724  9731 D PowerManagerService: mTmpPrimaryDisplayIsDoze PRIMARY to doze DRAW_WAKE_LOCK                 'Window:AOD' ACQ=-64ms (uid=1000 (displayid =0 pid=1724 ws=WorkSource{1000 com.vivo.nightpearl})
09-01 19:08:31.745   717   717 I ConfigStore: android::hardware::configstore::V1_0::ISurfaceFlingerConfigs::hasHDRDisplay retrieved: 0
09-01 19:08:31.760  1724  9731 D WindowManager: pokeDrawLock: poking draw lock on behalf of visible window owned by com.vivo.nightpearl
09-01 19:08:31.760  1724  9731 D PowerManagerService: acquireWakeLockInternal: lock=231955939, flags=0x80, tag="Window:AOD", ws=WorkSource{1000 com.vivo.nightpearl}, uid=1000, pid=1724
09-01 19:08:31.760  1724  9731 D PowerManagerService: mTmpPrimaryDisplayIsDoze PRIMARY to doze DRAW_WAKE_LOCK                 'VivoDisplayStateService-primary-display' ACQ=-401ms (uid=1000 (displayid =0 pid=1724)
09-01 19:08:31.760  1724  9731 D PowerManagerService: mTmpPrimaryDisplayIsDoze PRIMARY to doze DRAW_WAKE_LOCK                 'Window:AOD' ACQ=-82ms (uid=1000 (displayid =0 pid=1724 ws=WorkSource{1000 com.vivo.nightpearl})
09-01 19:08:31.762   717   717 I ConfigStore: android::hardware::configstore::V1_0::ISurfaceFlingerConfigs::hasHDRDisplay retrieved: 0
09-01 19:08:31.776  1724  9731 D WindowManager: pokeDrawLock: poking draw lock on behalf of visible window owned by com.vivo.nightpearl
09-01 19:08:31.777  1724  9731 D PowerManagerService: acquireWakeLockInternal: lock=231955939, flags=0x80, tag="Window:AOD", ws=WorkSource{1000 com.vivo.nightpearl}, uid=1000, pid=1724
09-01 19:08:31.777  1724  9731 D PowerManagerService: mTmpPrimaryDisplayIsDoze PRIMARY to doze DRAW_WAKE_LOCK                 'VivoDisplayStateService-primary-display' ACQ=-417ms (uid=1000 (displayid =0 pid=1724)
09-01 19:08:31.777  1724  9731 D PowerManagerService: mTmpPrimaryDisplayIsDoze PRIMARY to doze DRAW_WAKE_LOCK                 'Window:AOD' ACQ=-99ms (uid=1000 (displayid =0 pid=1724 ws=WorkSource{1000 com.vivo.nightpearl})
09-01 19:08:31.789   717   717 I ConfigStore: android::hardware::configstore::V1_0::ISurfaceFlingerConfigs::hasHDRDisplay retrieved: 0
09-01 19:08:31.800  1724  9731 D WindowManager: pokeDrawLock: poking draw lock on behalf of visible window owned by com.vivo.nightpearl
09-01 19:08:31.800  1724  9731 D PowerManagerService: acquireWakeLockInternal: lock=231955939, flags=0x80, tag="Window:AOD", ws=WorkSource{1000 com.vivo.nightpearl}, uid=1000, pid=1724
09-01 19:08:31.801  1724  9731 D PowerManagerService: mTmpPrimaryDisplayIsDoze PRIMARY to doze DRAW_WAKE_LOCK                 'VivoDisplayStateService-primary-display' ACQ=-441ms (uid=1000 (displayid =0 pid=1724)
09-01 19:08:31.801  1724  9731 D PowerManagerService: mTmpPrimaryDisplayIsDoze PRIMARY to doze DRAW_WAKE_LOCK                 'Window:AOD' ACQ=-122ms (uid=1000 (displayid =0 pid=1724 ws=WorkSource{1000 com.vivo.nightpearl})
09-01 19:08:31.822   717   717 I ConfigStore: android::hardware::configstore::V1_0::ISurfaceFlingerConfigs::hasHDRDisplay retrieved: 0
09-01 19:08:31.840  1724  9731 D PowerManagerService: mTmpPrimaryDisplayIsDoze PRIMARY to doze DRAW_WAKE_LOCK                 'VivoDisplayStateService-primary-display' ACQ=-480ms (uid=1000 (displayid =0 pid=1724)
09-01 19:08:31.840  1724  9731 D PowerManagerService: mTmpPrimaryDisplayIsDoze PRIMARY to doze DRAW_WAKE_LOCK                 'Window:AOD' ACQ=-161ms (uid=1000 (displayid =0 pid=1724 ws=WorkSource{1000 com.vivo.nightpearl})
09-01 19:08:31.844  1724  9731 D WindowManager: pokeDrawLock: poking draw lock on behalf of visible window owned by com.vivo.nightpearl
09-01 19:08:31.844  1724  9731 D PowerManagerService: acquireWakeLockInternal: lock=231955939, flags=0x80, tag="Window:AOD", ws=WorkSource{1000 com.vivo.nightpearl}, uid=1000, pid=1724
09-01 19:08:31.844  1724  9731 D PowerManagerService: mTmpPrimaryDisplayIsDoze PRIMARY to doze DRAW_WAKE_LOCK                 'VivoDisplayStateService-primary-display' ACQ=-485ms (uid=1000 (displayid =0 pid=1724)
09-01 19:08:31.844  1724  9731 D PowerManagerService: mTmpPrimaryDisplayIsDoze PRIMARY to doze DRAW_WAKE_LOCK                 'Window:AOD' ACQ=-166ms (uid=1000 (displayid =0 pid=1724 ws=WorkSource{1000 com.vivo.nightpearl})
09-01 19:08:31.855   717   717 I ConfigStore: android::hardware::configstore::V1_0::ISurfaceFlingerConfigs::hasHDRDisplay retrieved: 0
09-01 19:08:31.877  1724  9731 D WindowManager: pokeDrawLock: poking draw lock on behalf of visible window owned by com.vivo.nightpearl
09-01 19:08:31.877  1724  9731 D PowerManagerService: acquireWakeLockInternal: lock=231955939, flags=0x80, tag="Window:AOD", ws=WorkSource{1000 com.vivo.nightpearl}, uid=1000, pid=1724
09-01 19:08:31.877  1724  9731 D PowerManagerService: mTmpPrimaryDisplayIsDoze PRIMARY to doze DRAW_WAKE_LOCK                 'VivoDisplayStateService-primary-display' ACQ=-518ms (uid=1000 (displayid =0 pid=1724)
09-01 19:08:31.878  1724  9731 D PowerManagerService: mTmpPrimaryDisplayIsDoze PRIMARY to doze DRAW_WAKE_LOCK                 'Window:AOD' ACQ=-199ms (uid=1000 (displayid =0 pid=1724 ws=WorkSource{1000 com.vivo.nightpearl})
09-01 19:08:31.889   717   717 I ConfigStore: android::hardware::configstore::V1_0::ISurfaceFlingerConfigs::hasHDRDisplay retrieved: 0
09-01 19:08:31.910  1724  9731 D WindowManager: pokeDrawLock: poking draw lock on behalf of visible window owned by com.vivo.nightpearl
09-01 19:08:31.910  1724  9731 D PowerManagerService: acquireWakeLockInternal: lock=231955939, flags=0x80, tag="Window:AOD", ws=WorkSource{1000 com.vivo.nightpearl}, uid=1000, pid=1724
09-01 19:08:31.911  1724  9731 D PowerManagerService: mTmpPrimaryDisplayIsDoze PRIMARY to doze DRAW_WAKE_LOCK                 'VivoDisplayStateService-primary-display' ACQ=-551ms (uid=1000 (displayid =0 pid=1724)
09-01 19:08:31.911  1724  9731 D PowerManagerService: mTmpPrimaryDisplayIsDoze PRIMARY to doze DRAW_WAKE_LOCK                 'Window:AOD' ACQ=-232ms (uid=1000 (displayid =0 pid=1724 ws=WorkSource{1000 com.vivo.nightpearl})
09-01 19:08:31.922   717   717 I ConfigStore: android::hardware::configstore::V1_0::ISurfaceFlingerConfigs::hasHDRDisplay retrieved: 0
09-01 19:08:31.924  1724  9731 D PowerManagerService: mTmpPrimaryDisplayIsDoze PRIMARY to doze DRAW_WAKE_LOCK                 'VivoDisplayStateService-primary-display' ACQ=-562ms (uid=1000 (displayid =0 pid=1724)
09-01 19:08:31.924  1724  9731 D PowerManagerService: mTmpPrimaryDisplayIsDoze PRIMARY to doze DRAW_WAKE_LOCK                 'Window:AOD' ACQ=-245ms (uid=1000 (displayid =0 pid=1724 ws=WorkSource{1000 com.vivo.nightpearl})
09-01 19:08:31.942  3045  3045 D ViewRootImpl[AOD]: pokeDrawLockedIfNeeded displayState=3
09-01 19:08:31.943  1724  9731 D WindowManager: pokeDrawLock: poking draw lock on behalf of visible window owned by com.vivo.nightpearl
09-01 19:08:31.943  1724  9731 D PowerManagerService: acquireWakeLockInternal: lock=231955939, flags=0x80, tag="Window:AOD", ws=WorkSource{1000 com.vivo.nightpearl}, uid=1000, pid=1724
09-01 19:08:31.943  1724  9731 D PowerManagerService: mTmpPrimaryDisplayIsDoze PRIMARY to doze DRAW_WAKE_LOCK                 'VivoDisplayStateService-primary-display' ACQ=-583ms (uid=1000 (displayid =0 pid=1724)
09-01 19:08:31.943  1724  9731 D PowerManagerService: mTmpPrimaryDisplayIsDoze PRIMARY to doze DRAW_WAKE_LOCK                 'Window:AOD' ACQ=-265ms (uid=1000 (displayid =0 pid=1724 ws=WorkSource{1000 com.vivo.nightpearl})
09-01 19:08:31.955   717   717 I ConfigStore: android::hardware::configstore::V1_0::ISurfaceFlingerConfigs::hasHDRDisplay retrieved: 0
09-01 19:08:31.976  3045  3045 D ViewRootImpl[AOD]: pokeDrawLockedIfNeeded displayState=3
09-01 19:08:31.976  1724  9731 D WindowManager: pokeDrawLock: poking draw lock on behalf of visible window owned by com.vivo.nightpearl
09-01 19:08:31.977  1724  9731 D PowerManagerService: acquireWakeLockInternal: lock=231955939, flags=0x80, tag="Window:AOD", ws=WorkSource{1000 com.vivo.nightpearl}, uid=1000, pid=1724
09-01 19:08:31.977  1724  9731 D PowerManagerService: mTmpPrimaryDisplayIsDoze PRIMARY to doze DRAW_WAKE_LOCK                 'VivoDisplayStateService-primary-display' ACQ=-617ms (uid=1000 (displayid =0 pid=1724)
09-01 19:08:31.977  1724  9731 D PowerManagerService: mTmpPrimaryDisplayIsDoze PRIMARY to doze DRAW_WAKE_LOCK                 'Window:AOD' ACQ=-299ms (uid=1000 (displayid =0 pid=1724 ws=WorkSource{1000 com.vivo.nightpearl})
09-01 19:08:31.989   717   717 I ConfigStore: android::hardware::configstore::V1_0::ISurfaceFlingerConfigs::hasHDRDisplay retrieved: 0
09-01 19:08:32.009  3045  3045 D ViewRootImpl[AOD]: pokeDrawLockedIfNeeded displayState=3
09-01 19:08:32.010  1724  9731 D WindowManager: pokeDrawLock: poking draw lock on behalf of visible window owned by com.vivo.nightpearl
09-01 19:08:32.010  1724  9731 D PowerManagerService: acquireWakeLockInternal: lock=231955939, flags=0x80, tag="Window:AOD", ws=WorkSource{1000 com.vivo.nightpearl}, uid=1000, pid=1724
09-01 19:08:32.011  1724  9731 D PowerManagerService: mTmpPrimaryDisplayIsDoze PRIMARY to doze DRAW_WAKE_LOCK                 'VivoDisplayStateService-primary-display' ACQ=-651ms (uid=1000 (displayid =0 pid=1724)
09-01 19:08:32.011  1724  9731 D PowerManagerService: mTmpPrimaryDisplayIsDoze PRIMARY to doze DRAW_WAKE_LOCK                 'Window:AOD' ACQ=-332ms (uid=1000 (displayid =0 pid=1724 ws=WorkSource{1000 com.vivo.nightpearl})
09-01 19:08:32.022   717   717 I ConfigStore: android::hardware::configstore::V1_0::ISurfaceFlingerConfigs::hasHDRDisplay retrieved: 0
09-01 19:08:32.042  3045  3045 D ViewRootImpl[AOD]: pokeDrawLockedIfNeeded displayState=3
09-01 19:08:32.043  1724  9731 D WindowManager: pokeDrawLock: poking draw lock on behalf of visible window owned by com.vivo.nightpearl
09-01 19:08:32.043  1724  9731 D PowerManagerService: acquireWakeLockInternal: lock=231955939, flags=0x80, tag="Window:AOD", ws=WorkSource{1000 com.vivo.nightpearl}, uid=1000, pid=1724
09-01 19:08:32.044  1724  9731 D PowerManagerService: mTmpPrimaryDisplayIsDoze PRIMARY to doze DRAW_WAKE_LOCK                 'VivoDisplayStateService-primary-display' ACQ=-684ms (uid=1000 (displayid =0 pid=1724)
09-01 19:08:32.044  1724  9731 D PowerManagerService: mTmpPrimaryDisplayIsDoze PRIMARY to doze DRAW_WAKE_LOCK                 'Window:AOD' ACQ=-365ms (uid=1000 (displayid =0 pid=1724 ws=WorkSource{1000 com.vivo.nightpearl})
09-01 19:08:32.055   717   717 I ConfigStore: android::hardware::configstore::V1_0::ISurfaceFlingerConfigs::hasHDRDisplay retrieved: 0
09-01 19:08:32.076  3045  3045 D ViewRootImpl[AOD]: pokeDrawLockedIfNeeded displayState=3
09-01 19:08:32.077  1724  9731 D WindowManager: pokeDrawLock: poking draw lock on behalf of visible window owned by com.vivo.nightpearl
09-01 19:08:32.077  1724  9731 D PowerManagerService: acquireWakeLockInternal: lock=231955939, flags=0x80, tag="Window:AOD", ws=WorkSource{1000 com.vivo.nightpearl}, uid=1000, pid=1724
09-01 19:08:32.077  1724  9731 D PowerManagerService: mTmpPrimaryDisplayIsDoze PRIMARY to doze DRAW_WAKE_LOCK                 'VivoDisplayStateService-primary-display' ACQ=-718ms (uid=1000 (displayid =0 pid=1724)
09-01 19:08:32.078  1724  9731 D PowerManagerService: mTmpPrimaryDisplayIsDoze PRIMARY to doze DRAW_WAKE_LOCK                 'Window:AOD' ACQ=-399ms (uid=1000 (displayid =0 pid=1724 ws=WorkSource{1000 com.vivo.nightpearl})
09-01 19:08:32.089   717   717 I ConfigStore: android::hardware::configstore::V1_0::ISurfaceFlingerConfigs::hasHDRDisplay retrieved: 0
09-01 19:08:32.109  3045  3045 D ViewRootImpl[AOD]: pokeDrawLockedIfNeeded displayState=3
09-01 19:08:32.110  1724  9731 D WindowManager: pokeDrawLock: poking draw lock on behalf of visible window owned by com.vivo.nightpearl
09-01 19:08:32.110  1724  9731 D PowerManagerService: acquireWakeLockInternal: lock=231955939, flags=0x80, tag="Window:AOD", ws=WorkSource{1000 com.vivo.nightpearl}, uid=1000, pid=1724
09-01 19:08:32.111  1724  9731 D PowerManagerService: mTmpPrimaryDisplayIsDoze PRIMARY to doze DRAW_WAKE_LOCK                 'VivoDisplayStateService-primary-display' ACQ=-751ms (uid=1000 (displayid =0 pid=1724)
09-01 19:08:32.111  1724  9731 D PowerManagerService: mTmpPrimaryDisplayIsDoze PRIMARY to doze DRAW_WAKE_LOCK                 'Window:AOD' ACQ=-432ms (uid=1000 (displayid =0 pid=1724 ws=WorkSource{1000 com.vivo.nightpearl})
09-01 19:08:32.122   717   717 I ConfigStore: android::hardware::configstore::V1_0::ISurfaceFlingerConfigs::hasHDRDisplay retrieved: 0
09-01 19:08:32.142  3045  3045 D ViewRootImpl[AOD]: pokeDrawLockedIfNeeded displayState=3
09-01 19:08:32.143  1724  9731 D WindowManager: pokeDrawLock: poking draw lock on behalf of visible window owned by com.vivo.nightpearl
09-01 19:08:32.143  1724  9731 D PowerManagerService: acquireWakeLockInternal: lock=231955939, flags=0x80, tag="Window:AOD", ws=WorkSource{1000 com.vivo.nightpearl}, uid=1000, pid=1724
09-01 19:08:32.144  1724  9731 D PowerManagerService: mTmpPrimaryDisplayIsDoze PRIMARY to doze DRAW_WAKE_LOCK                 'VivoDisplayStateService-primary-display' ACQ=-784ms (uid=1000 (displayid =0 pid=1724)
09-01 19:08:32.144  1724  9731 D PowerManagerService: mTmpPrimaryDisplayIsDoze PRIMARY to doze DRAW_WAKE_LOCK                 'Window:AOD' ACQ=-465ms (uid=1000 (displayid =0 pid=1724 ws=WorkSource{1000 com.vivo.nightpearl})
09-01 19:08:32.155   717   717 I ConfigStore: android::hardware::configstore::V1_0::ISurfaceFlingerConfigs::hasHDRDisplay retrieved: 0
09-01 19:08:32.175  3045  3045 D ViewRootImpl[AOD]: pokeDrawLockedIfNeeded displayState=3
09-01 19:08:32.176  1724  9731 D WindowManager: pokeDrawLock: poking draw lock on behalf of visible window owned by com.vivo.nightpearl
09-01 19:08:32.176  1724  9731 D PowerManagerService: acquireWakeLockInternal: lock=231955939, flags=0x80, tag="Window:AOD", ws=WorkSource{1000 com.vivo.nightpearl}, uid=1000, pid=1724
09-01 19:08:32.177  1724  9731 D PowerManagerService: mTmpPrimaryDisplayIsDoze PRIMARY to doze DRAW_WAKE_LOCK                 'VivoDisplayStateService-primary-display' ACQ=-817ms (uid=1000 (displayid =0 pid=1724)
09-01 19:08:32.177  1724  9731 D PowerManagerService: mTmpPrimaryDisplayIsDoze PRIMARY to doze DRAW_WAKE_LOCK                 'Window:AOD' ACQ=-498ms (uid=1000 (displayid =0 pid=1724 ws=WorkSource{1000 com.vivo.nightpearl})
09-01 19:08:32.188   717   717 I ConfigStore: android::hardware::configstore::V1_0::ISurfaceFlingerConfigs::hasHDRDisplay retrieved: 0
09-01 19:08:32.209  3045  3045 D ViewRootImpl[AOD]: pokeDrawLockedIfNeeded displayState=3
09-01 19:08:32.209  1724  9731 D WindowManager: pokeDrawLock: poking draw lock on behalf of visible window owned by com.vivo.nightpearl
09-01 19:08:32.210  1724  9731 D PowerManagerService: acquireWakeLockInternal: lock=231955939, flags=0x80, tag="Window:AOD", ws=WorkSource{1000 com.vivo.nightpearl}, uid=1000, pid=1724
09-01 19:08:32.210  1724  9731 D PowerManagerService: mTmpPrimaryDisplayIsDoze PRIMARY to doze DRAW_WAKE_LOCK                 'VivoDisplayStateService-primary-display' ACQ=-851ms (uid=1000 (displayid =0 pid=1724)
09-01 19:08:32.210  1724  9731 D PowerManagerService: mTmpPrimaryDisplayIsDoze PRIMARY to doze DRAW_WAKE_LOCK                 'Window:AOD' ACQ=-532ms (uid=1000 (displayid =0 pid=1724 ws=WorkSource{1000 com.vivo.nightpearl})
09-01 19:08:32.222   717   717 I ConfigStore: android::hardware::configstore::V1_0::ISurfaceFlingerConfigs::hasHDRDisplay retrieved: 0
09-01 19:08:32.242  3045  3045 D ViewRootImpl[AOD]: pokeDrawLockedIfNeeded displayState=3
09-01 19:08:32.243  1724  2656 D WindowManager: pokeDrawLock: poking draw lock on behalf of visible window owned by com.vivo.nightpearl
09-01 19:08:32.243  1724  2656 D PowerManagerService: acquireWakeLockInternal: lock=231955939, flags=0x80, tag="Window:AOD", ws=WorkSource{1000 com.vivo.nightpearl}, uid=1000, pid=1724
09-01 19:08:32.243  1724  2656 D PowerManagerService: mTmpPrimaryDisplayIsDoze PRIMARY to doze DRAW_WAKE_LOCK                 'VivoDisplayStateService-primary-display' ACQ=-884ms (uid=1000 (displayid =0 pid=1724)
09-01 19:08:32.243  1724  2656 D PowerManagerService: mTmpPrimaryDisplayIsDoze PRIMARY to doze DRAW_WAKE_LOCK                 'Window:AOD' ACQ=-565ms (uid=1000 (displayid =0 pid=1724 ws=WorkSource{1000 com.vivo.nightpearl})
09-01 19:08:32.255   717   717 I ConfigStore: android::hardware::configstore::V1_0::ISurfaceFlingerConfigs::hasHDRDisplay retrieved: 0
09-01 19:08:32.275  3045  3045 D ViewRootImpl[AOD]: pokeDrawLockedIfNeeded displayState=3
09-01 19:08:32.276  1724  2656 D WindowManager: pokeDrawLock: poking draw lock on behalf of visible window owned by com.vivo.nightpearl
09-01 19:08:32.276  1724  2656 D PowerManagerService: acquireWakeLockInternal: lock=231955939, flags=0x80, tag="Window:AOD", ws=WorkSource{1000 com.vivo.nightpearl}, uid=1000, pid=1724
09-01 19:08:32.277  1724  2656 D PowerManagerService: mTmpPrimaryDisplayIsDoze PRIMARY to doze DRAW_WAKE_LOCK                 'VivoDisplayStateService-primary-display' ACQ=-917ms (uid=1000 (displayid =0 pid=1724)
09-01 19:08:32.277  1724  2656 D PowerManagerService: mTmpPrimaryDisplayIsDoze PRIMARY to doze DRAW_WAKE_LOCK                 'Window:AOD' ACQ=-598ms (uid=1000 (displayid =0 pid=1724 ws=WorkSource{1000 com.vivo.nightpearl})
09-01 19:08:32.288   717   717 I ConfigStore: android::hardware::configstore::V1_0::ISurfaceFlingerConfigs::hasHDRDisplay retrieved: 0
09-01 19:08:32.292   717   717 I SurfaceFlinger: FPS: 23
09-01 19:08:32.309  3045  3045 D ViewRootImpl[AOD]: pokeDrawLockedIfNeeded displayState=3
09-01 19:08:32.310  1724  2656 D WindowManager: pokeDrawLock: poking draw lock on behalf of visible window owned by com.vivo.nightpearl
09-01 19:08:32.310  1724  2656 D PowerManagerService: acquireWakeLockInternal: lock=231955939, flags=0x80, tag="Window:AOD", ws=WorkSource{1000 com.vivo.nightpearl}, uid=1000, pid=1724
09-01 19:08:32.310  1724  2656 D PowerManagerService: mTmpPrimaryDisplayIsDoze PRIMARY to doze DRAW_WAKE_LOCK                 'VivoDisplayStateService-primary-display' ACQ=-951ms (uid=1000 (displayid =0 pid=1724)
09-01 19:08:32.311  1724  2656 D PowerManagerService: mTmpPrimaryDisplayIsDoze PRIMARY to doze DRAW_WAKE_LOCK                 'Window:AOD' ACQ=-632ms (uid=1000 (displayid =0 pid=1724 ws=WorkSource{1000 com.vivo.nightpearl})
09-01 19:08:32.322   717   717 I ConfigStore: android::hardware::configstore::V1_0::ISurfaceFlingerConfigs::hasHDRDisplay retrieved: 0
09-01 19:08:32.352  1724  1885 D PowerManagerService: releaseWakeLockInternal: lock=123317536 [VivoDisplayStateService-primary-display], flags=0x0
09-01 19:08:32.352  1724  1885 D PowerManagerService: mTmpPrimaryDisplayIsDoze PRIMARY to doze DRAW_WAKE_LOCK                 'Window:AOD' ACQ=-673ms (uid=1000 (displayid =0 pid=1724 ws=WorkSource{1000 com.vivo.nightpearl})
09-01 19:08:32.355   717   717 I ConfigStore: android::hardware::configstore::V1_0::ISurfaceFlingerConfigs::hasHDRDisplay retrieved: 0
09-01 19:08:32.431  1724  1724 D PowerManagerService: releaseWakeLockInternal: lock=231955939 [Window:AOD], flags=0x10000
09-01 19:08:32.433  1724  1877 I DisplayManagerService: Display device changed state: "内置屏幕", DOZE_SUSPEND
09-01 19:08:32.388   717   717 I chatty  : uid=1000(system) /system/bin/surfaceflinger identical 60 lines
09-01 19:08:32.422   717   717 I ConfigStore: android::hardware::configstore::V1_0::ISurfaceFlingerConfigs::hasHDRDisplay retrieved: 0
09-01 19:08:32.433   717   717 D SurfaceFlinger: Set power mode=3, type=0 flinger=0x7820655000
09-01 19:08:32.434   680   825 I SDM     : DisplayBase::SetDisplayState: Set state = 3, display 0
09-01 19:08:32.437  2786  2786 D ViewRootImpl[UpSlideTransparentView]: onDisplayChange oldDisplayState=3 newDisplayState=4
09-01 19:08:32.440  2786  2786 D ViewRootImpl[SideSlideDisplayPanel]: onDisplayChange oldDisplayState=3 newDisplayState=4
09-01 19:08:32.440  4240  4240 D ViewRootImpl[Launcher]: onDisplayChange oldDisplayState=3 newDisplayState=4
09-01 19:08:32.440  2956  2956 D ViewRootImpl[DockedStackDivider]: onDisplayChange oldDisplayState=3 newDisplayState=4
09-01 19:08:32.441  2404  2404 D ViewRootImpl[AssistPreviewPanel]: onDisplayChange oldDisplayState=3 newDisplayState=4
09-01 19:08:32.441  4441  4441 D ViewRootImpl[HiBoard]: onDisplayChange oldDisplayState=3 newDisplayState=4
09-01 19:08:32.442  2956  2956 D ViewRootImpl[PopMenuView]: onDisplayChange oldDisplayState=3 newDisplayState=4
09-01 19:08:32.443  3045  3045 D ViewRootImpl[AOD]: onDisplayChange oldDisplayState=3 newDisplayState=4
09-01 19:08:32.446  2404  2404 D ViewRootImpl[NavigationBar]: onDisplayChange oldDisplayState=3 newDisplayState=4
09-01 19:08:32.447  2786  2786 D ViewRootImpl[SideSlideGestureBar-Left]: onDisplayChange oldDisplayState=3 newDisplayState=4
09-01 19:08:32.448 12497 12497 D ViewRootImpl[GalleryTabActivity]: onDisplayChange oldDisplayState=3 newDisplayState=4
09-01 19:08:32.448 13152 13152 I chatty  : uid=1000(system) com.vivo.vtouch expire 2 lines
09-01 19:08:32.449  2404  2404 D ViewRootImpl[StatusBar]: onDisplayChange oldDisplayState=3 newDisplayState=4
09-01 19:08:32.450  2786  2786 D ViewRootImpl[SideSlideGestureBar-Right]: onDisplayChange oldDisplayState=3 newDisplayState=4
09-01 19:08:32.450 12497 12497 D ViewRootImpl[NewPageActivity]: onDisplayChange oldDisplayState=3 newDisplayState=4
09-01 19:08:32.450 13152 13152 D ViewRootImpl[LocalCameraActivity]: onDisplayChange oldDisplayState=3 newDisplayState=4
09-01 19:08:32.451  2786  2786 D ViewRootImpl[SideSlideGestureBar-Bottom]: onDisplayChange oldDisplayState=3 newDisplayState=4
09-01 19:08:32.453 11860 11860 D ViewRootImpl[SecureInputMethod]: onDisplayChange oldDisplayState=3 newDisplayState=4
09-01 19:08:32.454 19231 19231 D ViewRootImpl[BrowserActivity]: onDisplayChange oldDisplayState=3 newDisplayState=4
09-01 19:08:32.455 12497 12497 D ViewRootImpl[Gallery]: onDisplayChange oldDisplayState=3 newDisplayState=4
09-01 19:08:32.455  2786  2786 D ViewRootImpl[RecentsActivity]: onDisplayChange oldDisplayState=3 newDisplayState=4
09-01 19:08:32.467 19231 19231 D ViewRootImpl[BrowserActivity]: onDisplayChange oldDisplayState=3 newDisplayState=4
09-01 19:08:32.468 26876 26876 D ViewRootImpl[Settings]: onDisplayChange oldDisplayState=3 newDisplayState=4
09-01 19:08:32.476   685   817 E qti_sensors_hal: acquire proximity wakelock
09-01 19:08:32.476  2404  2404 D SensorManager: framework alsps raw_data dataX=0.0 dataY=526.0 dataZ=0.0
09-01 19:08:32.478  2765  3878 I chatty  : uid=1000(system) initial expire 141 lines
09-01 19:08:32.490   717   717 D SurfaceFlinger: Finished set power mode=3, type=0
09-01 19:08:32.491  1724  1724 D FingerprintWakeHook: Display state changed to DOZE_SUSPEND
09-01 19:08:32.493  3690  3702 D QcrilMsgTunnelIfaceManager: needAddWaitTime return false byte = -55
09-01 19:08:32.500  1724  1724 V SettingsProvider: Notifying for 0: content://settings/system/next_alarm_formatted
09-01 19:08:32.501  3690  3690 D QcrilMsgTunnelIfaceManager: handleMessage what = 1
09-01 19:08:32.508  3690  3690 I QcrilOemhookMsgTunnel: [0]invokeOemRilRequestRaw: serial=1568 length=24
09-01 19:08:32.508  3690  3690 D QcrilOemhookMsgTunnel: 1568 > OEM_HOOK_RAW[514f454d484f4f4bc9000800080000000100000000000000]
09-01 19:08:32.508  3690  3690 D QcrilOemhookMsgTunnel: Calling HIDL oemHookRawRequest
09-01 19:08:32.512  3690  3711 I QcrilOemhookMsgTunnel: [0]processOemHookResponse serial no: 1568 error: 0length=0
09-01 19:08:32.512  3690  3711 D QcrilOemhookMsgTunnel: [1568] < OEM_HOOK_RAW [[B@51f0396]
09-01 19:08:32.512  3690  3711 D QcrilOemhookMsgTunnel: { id=3473 when=-2d10h40m47s487ms what=2 obj=com.qualcomm.qcrilmsgtunnel.QcrilMsgTunnelIfaceManager$MessageRequest@d506b17 target=com.qualcomm.qcrilmsgtunnel.QcrilMsgTunnelIfaceManager$1 }
09-01 19:08:32.513  3690  3690 D QcrilMsgTunnelIfaceManager: handleMessage what = 2
09-01 19:08:34.098   685   817 E qti_sensors_hal: acquire proximity wakelock
09-01 19:08:34.102  2404  2404 D SensorManager: framework alsps raw_data dataX=5.000305 dataY=548.0 dataZ=0.0
09-01 19:08:34.107  3690  3702 D QcrilMsgTunnelIfaceManager: needAddWaitTime return false byte = -55
09-01 19:08:34.107  3690  3690 D QcrilMsgTunnelIfaceManager: handleMessage what = 1
09-01 19:08:34.111  3690  3690 I QcrilOemhookMsgTunnel: [0]invokeOemRilRequestRaw: serial=1569 length=24
09-01 19:08:34.111  3690  3690 D QcrilOemhookMsgTunnel: 1569 > OEM_HOOK_RAW[514f454d484f4f4bc9000800080000000000000000000000]
09-01 19:08:34.111  3690  3690 D QcrilOemhookMsgTunnel: Calling HIDL oemHookRawRequest
09-01 19:08:34.118  3690  3711 I QcrilOemhookMsgTunnel: [0]processOemHookResponse serial no: 1569 error: 0length=0
09-01 19:08:34.118  3690  3711 D QcrilOemhookMsgTunnel: [1569] < OEM_HOOK_RAW [[B@6a8cb04]
09-01 19:08:34.118  3690  3711 D QcrilOemhookMsgTunnel: { id=3476 when=-2d10h40m49s92ms what=2 obj=com.qualcomm.qcrilmsgtunnel.QcrilMsgTunnelIfaceManager$MessageRequest@cd1d8ed target=com.qualcomm.qcrilmsgtunnel.QcrilMsgTunnelIfaceManager$1 }
09-01 19:08:34.119  3690  3690 D QcrilMsgTunnelIfaceManager: handleMessage what = 2
09-01 19:08:34.134   685   685 W qti_sensors_hal: batch handle 1 flags 0 period_ns 20000000 timeout 25000000
09-01 19:08:34.134   685   685 W qti_sensors_hal: batch:sensor(android.sensor.accelerometer) handle:1 flags:0x0 period_ns 20000000
09-01 19:08:34.134  1724  1724 V SettingsProvider: Notifying for 0: content://settings/system/next_alarm_formatted
09-01 19:08:34.929  2765  3279 I chatty  : uid=1000(system) Thread-5 expire 129 lines
09-01 19:08:36.017   685   817 E qti_sensors_hal: acquire proximity wakelock
09-01 19:08:36.019  2765  3264 I chatty  : uid=1000(system) NightPearlSubTh expire 37 lines
09-01 19:08:36.019  1724  2114 I chatty  : uid=1000(system) ProximityExcept expire 6 lines
09-01 19:08:36.020  2404  2404 D SensorManager: framework alsps raw_data dataX=0.0 dataY=1525.0 dataZ=0.0
09-01 19:08:36.026  3690  3702 D QcrilMsgTunnelIfaceManager: needAddWaitTime return false byte = -55
09-01 19:08:36.029  3690  3690 D QcrilMsgTunnelIfaceManager: handleMessage what = 1
09-01 19:08:36.047  3690  3690 I QcrilOemhookMsgTunnel: [0]invokeOemRilRequestRaw: serial=1570 length=24
09-01 19:08:36.047  3690  3690 D QcrilOemhookMsgTunnel: 1570 > OEM_HOOK_RAW[514f454d484f4f4bc9000800080000000100000000000000]
09-01 19:08:36.047  3690  3690 D QcrilOemhookMsgTunnel: Calling HIDL oemHookRawRequest
09-01 19:08:36.053  3690  3711 I QcrilOemhookMsgTunnel: [0]processOemHookResponse serial no: 1570 error: 0length=0
09-01 19:08:36.053  3690  3711 D QcrilOemhookMsgTunnel: [1570] < OEM_HOOK_RAW [[B@9bfc322]
09-01 19:08:36.053  3690  3711 D QcrilOemhookMsgTunnel: { id=3479 when=-2d10h40m51s27ms what=2 obj=com.qualcomm.qcrilmsgtunnel.QcrilMsgTunnelIfaceManager$MessageRequest@266a1b3 target=com.qualcomm.qcrilmsgtunnel.QcrilMsgTunnelIfaceManager$1 }
09-01 19:08:36.053  3690  3690 D QcrilMsgTunnelIfaceManager: handleMessage what = 2
09-01 19:08:36.065  1724  1724 V SettingsProvider: Notifying for 0: content://settings/system/next_alarm_formatted
09-01 19:08:36.158   685  2027 W qti_sensors_hal: batch handle 1 flags 0 period_ns 20000000 timeout 200000000
09-01 19:08:36.158   685  2027 W qti_sensors_hal: batch:sensor(android.sensor.accelerometer) handle:1 flags:0x0 period_ns 20000000
09-01 19:08:37.332   685   817 E qti_sensors_hal: acquire proximity wakelock
09-01 19:08:37.335  1724  2127 I chatty  : uid=1000(system) TS_Service expire 4 lines
09-01 19:08:37.336  2404  2404 D SensorManager: framework alsps raw_data dataX=5.000305 dataY=459.0 dataZ=0.0
09-01 19:08:37.340  3690  3702 D QcrilMsgTunnelIfaceManager: needAddWaitTime return false byte = -55
09-01 19:08:37.340  3690  3690 D QcrilMsgTunnelIfaceManager: handleMessage what = 1
09-01 19:08:37.348  1724  1724 V SettingsProvider: Notifying for 0: content://settings/system/next_alarm_formatted
09-01 19:08:37.350  3690  3690 I QcrilOemhookMsgTunnel: [0]invokeOemRilRequestRaw: serial=1571 length=24
09-01 19:08:37.350  3690  3690 D QcrilOemhookMsgTunnel: 1571 > OEM_HOOK_RAW[514f454d484f4f4bc9000800080000000000000000000000]
09-01 19:08:37.350  3690  3690 D QcrilOemhookMsgTunnel: Calling HIDL oemHookRawRequest
09-01 19:08:37.355  3690  3711 I QcrilOemhookMsgTunnel: [0]processOemHookResponse serial no: 1571 error: 0length=0
09-01 19:08:37.356  3690  3711 D QcrilOemhookMsgTunnel: [1571] < OEM_HOOK_RAW [[B@e699370]
09-01 19:08:37.356  3690  3711 D QcrilOemhookMsgTunnel: { id=3482 when=-2d10h40m52s330ms what=2 obj=com.qualcomm.qcrilmsgtunnel.QcrilMsgTunnelIfaceManager$MessageRequest@68016e9 target=com.qualcomm.qcrilmsgtunnel.QcrilMsgTunnelIfaceManager$1 }
09-01 19:08:37.356  3690  3690 D QcrilMsgTunnelIfaceManager: handleMessage what = 2
09-01 19:08:37.738   685   817 E qti_sensors_hal: acquire proximity wakelock
09-01 19:08:37.745  1724  2182 I chatty  : uid=1000(system) AntiMisoperatio expire 3 lines
09-01 19:08:37.746  2404  2404 D SensorManager: framework alsps raw_data dataX=0.0 dataY=717.0 dataZ=0.0
09-01 19:08:37.748  3690  3702 D QcrilMsgTunnelIfaceManager: needAddWaitTime return false byte = -55
09-01 19:08:37.748  3690  3690 D QcrilMsgTunnelIfaceManager: handleMessage what = 1
09-01 19:08:37.752  3690  3690 I QcrilOemhookMsgTunnel: [0]invokeOemRilRequestRaw: serial=1572 length=24
09-01 19:08:37.752  3690  3690 D QcrilOemhookMsgTunnel: 1572 > OEM_HOOK_RAW[514f454d484f4f4bc9000800080000000100000000000000]
09-01 19:08:37.752  3690  3690 D QcrilOemhookMsgTunnel: Calling HIDL oemHookRawRequest
09-01 19:08:37.761  3690  3711 I QcrilOemhookMsgTunnel: [0]processOemHookResponse serial no: 1572 error: 0length=0
09-01 19:08:37.761  3690  3711 D QcrilOemhookMsgTunnel: [1572] < OEM_HOOK_RAW [[B@cbaef6e]
09-01 19:08:37.761  3690  3711 D QcrilOemhookMsgTunnel: { id=3485 when=-2d10h40m52s735ms what=2 obj=com.qualcomm.qcrilmsgtunnel.QcrilMsgTunnelIfaceManager$MessageRequest@d9fa60f target=com.qualcomm.qcrilmsgtunnel.QcrilMsgTunnelIfaceManager$1 }
09-01 19:08:37.761  3690  3690 D QcrilMsgTunnelIfaceManager: handleMessage what = 2
09-01 19:08:37.774  1724  1724 V SettingsProvider: Notifying for 0: content://settings/system/next_alarm_formatted
09-01 19:08:38.974 10614 10746 D MemoryCeilingMonitor: [handleMemoryCalculate]
09-01 19:08:38.974 10614 10746 D MemoryCeilingMonitor: [calculate] tot: 3375221, max: 268435456, free: 729053, heap: 2646168, per: 0.009857743978500366
09-01 19:08:39.160   685   891 E qti_sensors_hal: AmbientLightScene 2 11 0
09-01 19:08:39.739   685   833 E qti_sensors_hal: relase proximity wakelock
09-01 19:08:43.151  2404  2404 D KeyguardUpdateMonitor: received broadcast android.intent.action.BATTERY_CHANGED
09-01 19:08:43.153  2404  2404 D KeyguardUpdateMonitor: handleBatteryUpdate
09-01 19:08:43.154  4221  4221 I chatty  : uid=1000(system) com.vivo.floatingball:floating expire 10 lines
09-01 19:08:43.155  2831  2831 D QtiCarrierConfigHelper: WARNING, no carrier configs on phone Id: 0
09-01 19:08:43.157  1724  1724 I chatty  : uid=1000 system_server expire 13 lines
09-01 19:08:43.162   692   692 V LocSvc_HIDL_IzatSubscription: [batteryLevelUpdate][777] [HS] <<<<= [HC]
09-01 19:08:43.167  2404  2404 D ViewRootImpl[StatusBar]: pokeDrawLockedIfNeeded displayState=4
09-01 19:08:43.167  1724  9731 D WindowManager: pokeDrawLock: suppressed draw lock request for invisible window owned by com.android.systemui
09-01 19:08:43.239   717   717 E HWComposer: prepare: validate failed for display 0: BadDisplay (2)
09-01 19:08:43.239   717   717 E SurfaceFlinger: prepareFrame for display 0 failed: -75 (Value too large for defined data type)
09-01 19:08:43.240   717   717 I ConfigStore: android::hardware::configstore::V1_0::ISurfaceFlingerConfigs::hasHDRDisplay retrieved: 0
09-01 19:08:43.244   717   717 E HWComposer: presentAndGetReleaseFences: present failed for display 0: NotValidated (7)
09-01 19:08:43.244   717   717 I SurfaceFlinger: FPS: 5
09-01 19:08:44.797  1724  1724 V SettingsProvider: Notifying for 0: content://settings/system/next_alarm_formatted
09-01 19:08:44.803   685   685 W qti_sensors_hal: activate: handle is 99, en is 0
09-01 19:08:44.807  1724  1877 I DisplayManagerService: Display device changed state: "内置屏幕", OFF
09-01 19:08:44.808  1724  1880 D PowerManagerService: reset mPrimaryDisplayIsDoze
09-01 19:08:44.808   717   717 D SurfaceFlinger: Set power mode=0, type=0 flinger=0x7820655000
09-01 19:08:44.809  1724  1853 I chatty  : uid=1000(system) android.ui expire 10 lines
09-01 19:08:44.811   680   825 I SDM     : DisplayBase::SetDisplayState: Set state = 0, display 0
09-01 19:08:44.812  2786  2786 D ViewRootImpl[UpSlideTransparentView]: onDisplayChange oldDisplayState=4 newDisplayState=1
09-01 19:08:44.813  2786  2786 D ViewRootImpl[SideSlideDisplayPanel]: onDisplayChange oldDisplayState=4 newDisplayState=1
09-01 19:08:44.813  4240  4240 D ViewRootImpl[Launcher]: onDisplayChange oldDisplayState=4 newDisplayState=1
09-01 19:08:44.814  3045  3045 D ViewRootImpl[AOD]: pokeDrawLockedIfNeeded displayState=4
09-01 19:08:44.815  1724  7979 D WindowManager: pokeDrawLock: poking draw lock on behalf of visible window owned by com.vivo.nightpearl
09-01 19:08:44.815  4441  4441 D ViewRootImpl[HiBoard]: onDisplayChange oldDisplayState=4 newDisplayState=1
09-01 19:08:44.815  1724  7979 D PowerManagerService: acquireWakeLockInternal: lock=231955939, flags=0x80, tag="Window:AOD", ws=WorkSource{1000 com.vivo.nightpearl}, uid=1000, pid=1724
09-01 19:08:44.815  1724  7979 D PowerManagerService: mTmpPrimaryDisplayIsDoze PRIMARY to doze DRAW_WAKE_LOCK                 'Window:AOD' (uid=1000 (displayid =0 pid=1724 ws=WorkSource{1000 com.vivo.nightpearl})
09-01 19:08:44.816  2956  2956 D ViewRootImpl[DockedStackDivider]: onDisplayChange oldDisplayState=4 newDisplayState=1
09-01 19:08:44.819  2956  2956 D ViewRootImpl[PopMenuView]: onDisplayChange oldDisplayState=4 newDisplayState=1
09-01 19:08:44.820  2786  2786 D ViewRootImpl[SideSlideGestureBar-Left]: onDisplayChange oldDisplayState=4 newDisplayState=1
09-01 19:08:44.823  2786  2786 D ViewRootImpl[SideSlideGestureBar-Right]: onDisplayChange oldDisplayState=4 newDisplayState=1
09-01 19:08:44.824  2786  2786 D ViewRootImpl[SideSlideGestureBar-Bottom]: onDisplayChange oldDisplayState=4 newDisplayState=1
09-01 19:08:44.825  2404  2404 D ViewRootImpl[AssistPreviewPanel]: onDisplayChange oldDisplayState=4 newDisplayState=1
09-01 19:08:44.829 12497 12497 D ViewRootImpl[GalleryTabActivity]: onDisplayChange oldDisplayState=4 newDisplayState=1
09-01 19:08:44.830 13152 13152 D ViewRootImpl[LocalCameraActivity]: onDisplayChange oldDisplayState=4 newDisplayState=1
09-01 19:08:44.831 12497 12497 D ViewRootImpl[NewPageActivity]: onDisplayChange oldDisplayState=4 newDisplayState=1
09-01 19:08:44.833 12497 12497 D ViewRootImpl[Gallery]: onDisplayChange oldDisplayState=4 newDisplayState=1
09-01 19:08:44.833   717   805 W SurfaceFlinger: Attempting to destroy on removed layer: 9c54d9d AOD#0
09-01 19:08:44.834 11860 11860 D ViewRootImpl[SecureInputMethod]: onDisplayChange oldDisplayState=4 newDisplayState=1
09-01 19:08:44.835  2404  2404 D ViewRootImpl[NavigationBar]: onDisplayChange oldDisplayState=4 newDisplayState=1
09-01 19:08:44.837 19231 19231 D ViewRootImpl[BrowserActivity]: onDisplayChange oldDisplayState=4 newDisplayState=1
09-01 19:08:44.840  2786  2786 D ViewRootImpl[RecentsActivity]: onDisplayChange oldDisplayState=4 newDisplayState=1
09-01 19:08:44.846 26876 26876 D ViewRootImpl[Settings]: onDisplayChange oldDisplayState=4 newDisplayState=1
09-01 19:08:44.849  2404  2404 D ViewRootImpl[StatusBar]: onDisplayChange oldDisplayState=4 newDisplayState=1
09-01 19:08:44.859  2765  2765 I chatty  : uid=1000(system) com.vivo.daemonService expire 14 lines
09-01 19:08:44.864 19231 19231 D ViewRootImpl[BrowserActivity]: onDisplayChange oldDisplayState=4 newDisplayState=1
09-01 19:08:44.872  1724  1724 V SettingsProvider: Notifying for 0: content://settings/system/next_alarm_formatted
09-01 19:08:44.937  1724  1724 D PowerManagerService: releaseWakeLockInternal: lock=231955939 [Window:AOD], flags=0x10000
09-01 19:08:45.039   717   717 D SurfaceFlinger: Finished set power mode=0, type=0
09-01 19:08:45.041  1724  1885 D FingerprintWakeHook: Display state changed to OFF
09-01 19:08:45.054   717   717 I SurfaceFlinger: FPS: 1
09-01 19:08:50.109  2404  2404 D KeyguardUpdateMonitor: received broadcast android.intent.action.BATTERY_CHANGED
09-01 19:08:50.110  2404  2404 D KeyguardUpdateMonitor: handleBatteryUpdate
09-01 19:08:50.132  2831  2831 D QtiCarrierConfigHelper: WARNING, no carrier configs on phone Id: 0
09-01 19:08:50.132   692   692 V LocSvc_HIDL_IzatSubscription: [batteryLevelUpdate][777] [HS] <<<<= [HC]
09-01 19:08:50.245  2404  2404 D KeyguardUpdateMonitor: handleTimeUpdate
09-01 19:08:50.258  2404  2404 W AlarmManager: Unrecognized alarm listener com.android.systemui.keyguard.KeyguardSliceProvider$$Lambda$0@7a632a1
09-01 19:08:53.835  2404  2404 D KeyguardUpdateMonitor: received broadcast android.intent.action.BATTERY_CHANGED
09-01 19:08:53.836  2404  2404 D KeyguardUpdateMonitor: handleBatteryUpdate
09-01 19:08:53.841  2831  2831 D QtiCarrierConfigHelper: WARNING, no carrier configs on phone Id: 0
09-01 19:08:53.844   692   692 V LocSvc_HIDL_IzatSubscription: [batteryLevelUpdate][777] [HS] <<<<= [HC]
09-01 19:08:54.461  1724  9731 I chatty  : uid=1000(system) Binder:1724_19 expire 11 lines
09-01 19:08:54.461  1724  9731 W ActivityManager: Unable to start service Intent { act=android.security.IKeyChainService cmp=com.android.keychain/.KeyChainService } U=999: not found
09-01 19:08:54.461  2404 22122 I SecurityController: java.lang.AssertionError: could not bind to KeyChainService
09-01 19:09:03.458 10614 10759 D WorkerThreadMonitor: Kill MSF check result[ senderSize:0,sendInterval:195741,receiveInterval=15401,addCmdCount=951
09-01 19:09:04.868 10614 10746 D MSF.C.DeepSleepDetector: [run] count after++: 70
09-01 19:09:07.055  1724  2038 I chatty  : uid=1000(system) AlarmManager expire 12 lines
09-01 19:09:07.079  1724  2064 I chatty  : uid=1000(system) NetworkStats expire 6 lines
09-01 19:09:07.081  1724  2038 I PackageManager: ### pkg:Package{263c2cc com.vivo.aiengine}
09-01 19:09:07.090   992   992 E Netd    : tether checkPermission, pid:1724 uid:1000
09-01 19:09:07.171  1724  2364 E SyncManager: Bind attempt failed - target: ComponentInfo{com.tencent.android.qqdownloader/com.live.sync.YYBLiveSyncService}
09-01 19:09:07.191  1724  2064 D NetdConnector: SND -> {1423 bandwidth setglobalalert 2097152}
09-01 19:09:07.196  1724  2062 D NetdConnector: RCV <- {200 1423 Bandwidth command succeeeded}
09-01 19:09:07.196  1724  2064 D NetdConnector: RMV <- {200 1423 Bandwidth command succeeeded}
09-01 19:09:07.198  1724  2064 D ActivityManager: StartMode packageName = com.vivo.doubletimezoneclock ,callingPid = -1 ,alwaysRestrict = true ,startMode = 2 ,UidRec:UidRecord{e940448 u0a123 RCVR bg:+12m40s529ms idle change:uncached procs:1 seq(0,0,0)}
09-01 19:09:07.250  2765  4056 I chatty  : uid=1000(system) Binder:2765_8 expire 16 lines
09-01 19:09:07.255  4240  4357 E BitmapFactory: Unable to decode stream: java.io.FileNotFoundException: /oem/etc/theme/icons/dynamic_icon/com.android.BBKClock/res/drawable-sw360dp-xxhdpi/clock_hour.png (No such file or directory)
09-01 19:09:07.256  4240  4357 E BitmapFactory: Unable to decode stream: java.io.FileNotFoundException: /oem/etc/theme/icons/dynamic_icon/com.android.BBKClock/res/drawable-sw360dp-xxhdpi/clock_minute.png (No such file or directory)
09-01 19:09:07.257  4240  4357 E BitmapFactory: Unable to decode stream: java.io.FileNotFoundException: /oem/etc/theme/icons/dynamic_icon/com.android.BBKClock/res/drawable-sw360dp-xxhdpi/clock_dial.png (No such file or directory)
09-01 19:09:07.260  4240  4357 E BitmapFactory: Unable to decode stream: java.io.FileNotFoundException: /oem/etc/theme/icons/dynamic_icon/com.android.BBKClock/res/drawable-sw360dp-xxhdpi/clock_dial_center.png (No such file or directory)
09-01 19:09:07.276  2765  3904 I chatty  : uid=1000(system) Binder:2765_5 expire 2 lines
09-01 19:09:07.278  2765  2765 I chatty  : uid=1000(system) com.vivo.daemonService expire 32 lines
09-01 19:09:07.284  2746  2746 D AIE-Bolts-Task: New thread: BoltsBgPool-thread-3751
09-01 19:09:07.293  1724  7979 I chatty  : uid=1000(system) Binder:1724_18 expire 5 lines
09-01 19:09:07.299  2765  3303 I chatty  : uid=1000(system) GameModeHandler expire 12 lines
09-01 19:09:07.299   992   992 E Netd    : tether checkPermission, pid:1724 uid:1000
09-01 19:09:07.307  2765  6829 I chatty  : uid=1000(system) Binder:2765_A expire 19 lines
09-01 19:09:07.362  2831  4354 I chatty  : uid=1001(radio) Binder:2831_A identical 2 lines
09-01 19:09:07.370 21075 21806 I ThreadPool.Execute: [:21806, ]:<<< com.tencent.mm.booter.TrafficStatsReceiver$1@87538241 state=COMPLETE cost=130ms/5ms ColdPool start@=1662030547239ms delay=0ms run@=1662030547239
09-01 19:09:08.985 10614 10746 D MemoryCeilingMonitor: [handleMemoryCalculate]
09-01 19:09:08.986 10614 10746 D MemoryCeilingMonitor: [calculate] tot: 3375221, max: 268435456, free: 614109, heap: 2761112, per: 0.010285943746566772
09-01 19:09:11.104  1007  1109 E storaged: getDiskStats failed with result NOT_SUPPORTED and size 0
09-01 19:09:14.933   685   817 E qti_sensors_hal: acquire proximity wakelock
09-01 19:09:14.935  2765  3264 I chatty  : uid=1000(system) NightPearlSubTh expire 11 lines
09-01 19:09:14.935  1724  1724 I chatty  : uid=1000 system_server expire 10 lines
09-01 19:09:14.936  2404  2404 D SensorManager: framework alsps raw_data dataX=5.000305 dataY=399.0 dataZ=0.0
09-01 19:09:14.937  3690  3702 D QcrilMsgTunnelIfaceManager: needAddWaitTime return false byte = -55
09-01 19:09:14.939  3690  3690 D QcrilMsgTunnelIfaceManager: handleMessage what = 1
09-01 19:09:14.944   685   685 W qti_sensors_hal: batch handle 1 flags 0 period_ns 20000000 timeout 25000000
09-01 19:09:14.944   685   685 W qti_sensors_hal: batch:sensor(android.sensor.accelerometer) handle:1 flags:0x0 period_ns 20000000
09-01 19:09:14.945  3690  3690 I QcrilOemhookMsgTunnel: [0]invokeOemRilRequestRaw: serial=1573 length=24
09-01 19:09:14.945  3690  3690 D QcrilOemhookMsgTunnel: 1573 > OEM_HOOK_RAW[514f454d484f4f4bc9000800080000000000000000000000]
09-01 19:09:14.945  3690  3690 D QcrilOemhookMsgTunnel: Calling HIDL oemHookRawRequest
09-01 19:09:14.951  3690  3711 I QcrilOemhookMsgTunnel: [0]processOemHookResponse serial no: 1573 error: 0length=0
09-01 19:09:14.951  3690  3711 D QcrilOemhookMsgTunnel: [1573] < OEM_HOOK_RAW [[B@2c769c]
09-01 19:09:14.951  3690  3711 D QcrilOemhookMsgTunnel: { id=3488 when=-2d10h41m29s926ms what=2 obj=com.qualcomm.qcrilmsgtunnel.QcrilMsgTunnelIfaceManager$MessageRequest@7ba38a5 target=com.qualcomm.qcrilmsgtunnel.QcrilMsgTunnelIfaceManager$1 }
09-01 19:09:14.952  3690  3690 D QcrilMsgTunnelIfaceManager: handleMessage what = 2
09-01 19:09:15.041  2765  3279 I chatty  : uid=1000(system) Thread-5 expire 42 lines
09-01 19:09:15.057  1724  2893 D PowerManagerService: acquireWakeLockInternal: lock=192496518, flags=0x80, tag="NightPearlShowServicePrimaryDisplay", ws=null, uid=1000, pid=3045
09-01 19:09:15.057  1724  2893 D PowerManagerService: mTmpPrimaryDisplayIsDoze PRIMARY to doze DRAW_WAKE_LOCK                 'NightPearlShowServicePrimaryDisplay' (uid=1000 (displayid =0 pid=3045)
09-01 19:09:15.058   685   685 W qti_sensors_hal: batch handle 99 flags 0 period_ns 200000000 timeout 0
09-01 19:09:15.059   685   685 W qti_sensors_hal: activate: handle is 99, en is 1
09-01 19:09:15.059   685   685 E qti_sensors_hal: AmbientLightScene notify_suspend_valid 1
09-01 19:09:15.061   685   891 E qti_sensors_hal: AmbientLightScene processResp: Received SNS_SAM_AMBIENT_LIGHT_SCENE_ENABLE_RESP_V01
09-01 19:09:15.061   685   891 E qti_sensors_hal: AmbientLightScene Got ENABLE response, instance id = 32
09-01 19:09:15.078  1724  1724 V SettingsProvider: Notifying for 0: content://settings/system/next_alarm_formatted
09-01 19:09:15.089   717   717 I SurfaceFlinger: FPS: 1
09-01 19:09:15.111  3045 21868 I Adreno  : QUALCOMM build                   : 9128d71, Ib33d3e8e13
09-01 19:09:15.111  3045 21868 I Adreno  : Build Date                       : 11/02/18
09-01 19:09:15.111  3045 21868 I Adreno  : OpenGL ES Shader Compiler Version: EV031.25.03.01
09-01 19:09:15.111  3045 21868 I Adreno  : Local Branch                     :
09-01 19:09:15.111  3045 21868 I Adreno  : Remote Branch                    :
09-01 19:09:15.111  3045 21868 I Adreno  : Remote Branch                    :
09-01 19:09:15.111  3045 21868 I Adreno  : Reconstruct Branch               :
09-01 19:09:15.111  3045 21868 I Adreno  : Build Config                     : S L 6.0.7 AArch64
09-01 19:09:15.119   685   891 E qti_sensors_hal: AmbientLightScene 20 138 0
09-01 19:09:15.131  3045 21868 I Adreno  : PFP: 0x005ff112, ME: 0x005ff066
09-01 19:09:15.135  3045 21868 I ConfigStore: android::hardware::configstore::V1_0::ISurfaceFlingerConfigs::hasWideColorDisplay retrieved: 0
09-01 19:09:15.135  3045 21868 I ConfigStore: android::hardware::configstore::V1_0::ISurfaceFlingerConfigs::hasHDRDisplay retrieved: 0
09-01 19:09:15.137  3045 21868 I OpenGLRenderer: Initialized EGL, version 1.4
09-01 19:09:15.138  3045 21868 D OpenGLRenderer: Swap behavior 2
09-01 19:09:15.144  1724  2893 D PowerManagerService: mTmpPrimaryDisplayIsDoze PRIMARY to doze DRAW_WAKE_LOCK                 'NightPearlShowServicePrimaryDisplay' ACQ=-83ms (uid=1000 (displayid =0 pid=3045)
09-01 19:09:15.154   717   933 E         : IProducerListener: malformed binder reply
09-01 19:09:15.180  1724  1885 D PowerManagerService: acquireWakeLockInternal: lock=123317536, flags=0x80, tag="VivoDisplayStateService-primary-display", ws=null, uid=1000, pid=1724
09-01 19:09:15.180  1724  1885 D PowerManagerService: mTmpPrimaryDisplayIsDoze PRIMARY to doze DRAW_WAKE_LOCK                 'NightPearlShowServicePrimaryDisplay' ACQ=-120ms (uid=1000 (displayid =0 pid=3045)
09-01 19:09:15.180  1724  1885 D PowerManagerService: mTmpPrimaryDisplayIsDoze PRIMARY to doze DRAW_WAKE_LOCK                 'VivoDisplayStateService-primary-display' (uid=1000 (displayid =0 pid=1724)
09-01 19:09:15.182  1724  1877 I DisplayManagerService: Display device changed state: "内置屏幕", DOZE
09-01 19:09:15.183  1724  1853 I chatty  : uid=1000(system) android.ui expire 10 lines
09-01 19:09:15.185   717   717 D SurfaceFlinger: Set power mode=1, type=0 flinger=0x7820655000
09-01 19:09:15.186  2786  2786 D ViewRootImpl[UpSlideTransparentView]: onDisplayChange oldDisplayState=1 newDisplayState=3
09-01 19:09:15.187  2786  2786 D ViewRootImpl[UpSlideTransparentView]: pokeDrawLockedIfNeeded displayState=3
09-01 19:09:15.188  4221  4221 I chatty  : uid=1000(system) com.vivo.floatingball:floating expire 15 lines
09-01 19:09:15.188   680   824 I SDM     : DisplayBase::SetDisplayState: Set state = 2, display 0
