09-01 19:10:07.872  6559  6559 D Avrcp_ext: updateCurrentController: null to MediaController (cn.missevan@ca3090c) null
09-01 19:10:07.873  6559  6559 D PlaybackState: setState position:-1
09-01 19:10:07.874  6559  6559 V Avrcp_ext: updateCurrentMediaState: mMediaController: MediaController (cn.missevan@ca3090c) null
09-01 19:10:07.875  1724  1724 V SettingsProvider: Notifying for 0: content://settings/secure/media_button_receiver
09-01 19:10:07.877  6559  6559 V Avrcp_ext: isMusicActive: false getBluetoothPlayState: 0
09-01 19:10:07.878  6559  6559 D Avrcp_ext: updateCurrentMediaState: playState is null, mAudioManagerIsPlaying=false, isMusicActive=false
09-01 19:10:07.879  6559  6559 D PlaybackState: setState position:-1
09-01 19:10:07.880  6559  6559 V Avrcp_ext: updateCurrentMediaState: get media attributes:
09-01 19:10:07.881  2404  2432 D vol.MediaSessions: updateRemoteControllerH null
09-01 19:10:07.881  2404  2432 D vol.MediaSessions: onActiveSessionsUpdatedH n=1
09-01 19:10:07.881  6559  6891 D HeadsetService:  isAudioOn: The number of audio connected devices 0
09-01 19:10:07.881  6559  6559 D PlaybackState: getActiveQueueItemId Id:-1
09-01 19:10:07.881  6559  6891 D HeadsetService: isScoOrCallActive(): Call Active:falseCall is Ringing:falseSCO is Active:false
09-01 19:10:07.881  6559  6559 V Avrcp_ext: Media update: id 0➡-1? [MediaAttributes: none] : [MediaAttributes: 深⋯意 -  by Y⋯眠 (1326393 0/0) ]
09-01 19:10:07.882  6559  6891 D HeadsetService:  isAudioOn: The number of audio connected devices 0
09-01 19:10:07.882   715 10762 V APM::AudioPolicyEngine: getDeviceForStrategy() strategy 0, device 2
09-01 19:10:07.883  6559  6891 W Avrcp_ext: ActiveSession: updated[android.media.session.MediaController@974b255]
09-01 19:10:07.883  6559  6559 V Avrcp_ext: Check if NowPlayingList is updated
09-01 19:10:07.884  6559  6559 I AddressedMediaPlayer: null queue from cn.missevan, constructing single-item list
09-01 19:10:07.884  6559  6559 W AddressedMediaPlayer: Controller has no metadata!? Making an empty one
09-01 19:10:07.884  6559  6559 V Avrcp_ext: newPlayStatus:2mReportedPlayStatus:-1
09-01 19:10:07.885  6559  6559 V Avrcp_ext: Player 12 package: cn.missevan
09-01 19:10:07.885  6559  6891 V Avrcp_ext: ActiveSession: MediaController (cn.missevan@974b255) null
09-01 19:10:07.886  6559  6891 W Avrcp_ext: playState object null, sending STOPPED
09-01 19:10:07.886  6559  6891 V Avrcp_ext: isBrowseSupported for cn.missevan: true
09-01 19:10:07.887  6559  6891 D Avrcp_ext: update #12:MediaPlayerInfo cn.missevan (as '猫耳FM') Type = 1, SubType = 0, Status = 0 Feature Bits [40 41 42 44 45 47 48 58 59 62 65 67] Controller: MediaController (cn.missevan@974b255) null
09-01 19:10:07.887  6559  6891 V Avrcp_ext: updateNewIds: Addressed:12 to 12, Browse:0 to 0
09-01 19:10:07.888  6559  6891 D Avrcp_ext: updateCurrentController: MediaController (cn.missevan@ca3090c) null to MediaController (cn.missevan@974b255) null
09-01 19:10:07.888  2404  2432 D vol.MediaSessions: onActiveSessionsUpdatedH n=1
09-01 19:10:07.889   715 10762 V APM::AudioPolicyEngine: getDeviceForStrategy() strategy 0, device 2
09-01 19:10:07.889  6559  6891 D PlaybackState: setState position:-1
09-01 19:10:07.891  6559  6891 V Avrcp_ext: updateCurrentMediaState: mMediaController: MediaController (cn.missevan@974b255) null
09-01 19:10:07.891  6559  6891 V Avrcp_ext: isMusicActive: false getBluetoothPlayState: 0
09-01 19:10:07.892  6559  6891 D Avrcp_ext: updateCurrentMediaState: playState is null, mAudioManagerIsPlaying=false, isMusicActive=false
09-01 19:10:07.892  6559  6891 D PlaybackState: setState position:-1
09-01 19:10:07.892  6559  6891 V Avrcp_ext: updateCurrentMediaState: get media attributes:
09-01 19:10:07.892  6559  6891 D PlaybackState: getActiveQueueItemId Id:-1
09-01 19:10:07.893  6559  6891 V Avrcp_ext: Media update: id 0➡-1? [MediaAttributes: none] : [MediaAttributes: 深⋯意 -  by Y⋯眠 (1326393 0/0) ]
09-01 19:10:07.893  6559  6891 V Avrcp_ext: Check if NowPlayingList is updated
09-01 19:10:07.893  6559  6891 I AddressedMediaPlayer: null queue from cn.missevan, constructing single-item list
09-01 19:10:07.893  6559  6891 W AddressedMediaPlayer: Controller has no metadata!? Making an empty one
09-01 19:10:07.893  6559  6891 V Avrcp_ext: newPlayStatus:2mReportedPlayStatus:-1
09-01 19:10:07.893  6559  6891 W Avrcp_ext: ActiveSession: browseSelectedfalsemBrowsedPlayerExistfalse
09-01 19:10:07.893  6559  6891 W Avrcp_ext: Browse Player killed OR not launched yet !!!!
09-01 19:10:07.893  6559  6891 D PlaybackState: setState position:-1
09-01 19:10:07.894  6559  6891 V Avrcp_ext: updateCurrentMediaState: mMediaController: MediaController (cn.missevan@974b255) null
09-01 19:10:07.894  6559  6891 V Avrcp_ext: isMusicActive: false getBluetoothPlayState: 0
09-01 19:10:07.896  6559  6891 D Avrcp_ext: updateCurrentMediaState: playState is null, mAudioManagerIsPlaying=false, isMusicActive=false
09-01 19:10:07.896  6559  6891 D PlaybackState: setState position:-1
09-01 19:10:07.896  6559  6891 V Avrcp_ext: updateCurrentMediaState: get media attributes:
09-01 19:10:07.896  6559  6891 D PlaybackState: getActiveQueueItemId Id:-1
09-01 19:10:07.896  6559  6891 V Avrcp_ext: Media update: id 0➡-1? [MediaAttributes: none] : [MediaAttributes: 深⋯意 -  by Y⋯眠 (1326393 0/0) ]
09-01 19:10:07.897  6559  6891 V Avrcp_ext: Check if NowPlayingList is updated
09-01 19:10:07.897  6559  6891 I AddressedMediaPlayer: null queue from cn.missevan, constructing single-item list
09-01 19:10:07.897  6559  6891 W AddressedMediaPlayer: Controller has no metadata!? Making an empty one
09-01 19:10:07.897  6559  6891 V Avrcp_ext: newPlayStatus:2mReportedPlayStatus:-1
09-01 19:10:07.961 22415 22415 I DataSourceFactory: [main] Init MissEvanDataSourceFactory
09-01 19:10:07.997 22415 22636 I SoundRepo: [DefaultDispatcher-worker-1] MediaSource prepare... playlist size: 0, queued size: 0
09-01 19:10:08.024 22415 22415 I Player.ExoCacheUtil: [main] Create cache: /storage/emulated/0/Android/data/cn.missevan/cache/AudioCache, used: 0.0 MB
09-01 19:10:08.040 22415 22415 I PlayerService: [main] ExtensionRendererMode: ON
09-01 19:10:08.097 22415 22415 I ExoPlayerImpl: Init 344df3a [ExoPlayerLib/2.17.1] [PD1728, vivo X21A, vivo, 28]
09-01 19:10:08.126 22221 22334 I CronetEngine: [thread_background]
09-01 19:10:08.126 22221 22334 I CronetEngine: url: https://app.uat.missevan.com/discovery/hot-search
09-01 19:10:08.126 22221 22334 I CronetEngine:  ip: 10.21.250.10
09-01 19:10:08.126 22221 22334 I CronetEngine:  hostResolverProvider:
09-01 19:10:08.126 22221 22334 I CronetEngine:  hostResolveIps: []
09-01 19:10:08.126 22221 22334 I CronetEngine:
09-01 19:10:08.130 22221 22335 I BLOG    : [RxCachedThreadScheduler-3] HTTP request: [2022-09-01T11:10:07.996Z] GET https://app.uat.missevan.com/discovery/hot-search 200 126ms 0
09-01 19:10:08.156 22415 22415 W missevan:playe: Accessing hidden method Landroid/media/AudioTrack;->getLatency()I (light greylist, reflection)
09-01 19:10:08.167 22415 22415 I DefaultRenderersFactory: Loaded FfmpegAudioRenderer.
09-01 19:10:08.188 22221 22221 I Player.SinglePlayerConnection: [main] onServiceConnected, name: {cn.missevan/cn.missevan.lib.common.player.service.aidl.AidlPlayerService}
09-01 19:10:08.193 22385 22406 I Player.BaseAidlPlayerService: [Binder:22385_3] setMediaListener
09-01 19:10:08.196 22221 22221 I MissEvanApplication: [main] SinglePlayerConnection onConnected
09-01 19:10:08.197 22221 22221 I Player.SinglePlayerConnection: [main] updateAllConfig
09-01 19:10:08.204 22385 22406 I Player.BaseAidlPlayerService: [Binder:22385_3] updateConfig, configs: Bundle[mParcelledData.dataSize=188]
09-01 19:10:08.206 22221 22221 I Player.SinglePlayer: [main] onServiceConnected
09-01 19:10:08.207 22221 22221 I Player.SinglePlayerConnection: [main] createPlayerIndex
09-01 19:10:08.208 22221 22221 I Player.SinglePlayerConnection.core0: [main] createPlayerIndex, currentIndex: null, nextIndex: 0
09-01 19:10:08.209 22385 22406 I Player.BaseAidlPlayerService.core0: [Binder:22385_3] createPlayer
09-01 19:10:08.210 22415 22415 D LoadControl: [main] getBackBufferDurationUs = 0
09-01 19:10:08.210 22221 22221 I Player.SinglePlayer.core0: [main] initPlayer, from: UGCRecommendPageFragment
09-01 19:10:08.210 22415 22415 D LoadControl: [main] retainBackBufferFromKeyframe = false
09-01 19:10:08.211 22385 22385 I AidlPlayer: [main] init
09-01 19:10:08.212 22221 22221 I Player.SinglePlayerConnection.core0: [main] createPlayerStateEvent
09-01 19:10:08.217 22221 22221 I Player.SinglePlayerConnection.core0: [main] createPlayerEvent
09-01 19:10:08.218 22385 22385 I Player.AlphaVideoPlayerCore: [main] init
09-01 19:10:08.219 22221 22221 I Choreographer: Skipped 42 frames!  The application may be doing too much work on its main thread.
09-01 19:10:08.229   715 10762 V AudioFlinger: registerClient() client 0xef1959c8, pid 22415
09-01 19:10:08.229   715 10762 V AudioFlinger: sendConfigEvent_l() num events 1 event 0
09-01 19:10:08.230   715   913 V AudioFlinger: thread 0xed395880 type 0 TID 913 waking up
09-01 19:10:08.230   715 10762 V AudioFlinger: sendConfigEvent_l() num events 1 event 0
09-01 19:10:08.230   715 10762 V AudioFlinger: sendConfigEvent_l() num events 1 event 0
09-01 19:10:08.230   715   915 V AudioFlinger: thread 0xed003f40 type 0 TID 915 waking up
09-01 19:10:08.230   715   916 V AudioFlinger: thread 0xecd03080 type 0 TID 916 waking up
09-01 19:10:08.230   715   913 V AudioFlinger: acquireWakeLock_l() AudioOut_D status 0
09-01 19:10:08.230   715   913 D AudioFlinger: updateWakeLockUids_l AudioOut_D uids:
09-01 19:10:08.231   715   915 V AudioFlinger: acquireWakeLock_l() AudioOut_15 status 0
09-01 19:10:08.231   715   915 D AudioFlinger: updateWakeLockUids_l AudioOut_15 uids:
09-01 19:10:08.231   715   913 V AudioFlinger: updateWakeLockUids_l() AudioOut_D status 0
09-01 19:10:08.231   715   916 V AudioFlinger: acquireWakeLock_l() AudioOut_25 status 0
09-01 19:10:08.231   715   915 V AudioFlinger: updateWakeLockUids_l() AudioOut_15 status 0
09-01 19:10:08.231   715   916 D AudioFlinger: updateWakeLockUids_l AudioOut_25 uids:
09-01 19:10:08.231   715   915 V AudioFlinger: processConfigEvents_l() remaining events 1
09-01 19:10:08.231   715   913 V AudioFlinger: processConfigEvents_l() remaining events 1
09-01 19:10:08.231   715   915 V AudioFlinger: PlaybackThread::ioConfigChanged, thread 0xed003f40, event 0
09-01 19:10:08.231   715   916 V AudioFlinger: updateWakeLockUids_l() AudioOut_25 status 0
09-01 19:10:08.231   715   913 V AudioFlinger: PlaybackThread::ioConfigChanged, thread 0xed395880, event 0
09-01 19:10:08.231   715   916 V AudioFlinger: processConfigEvents_l() remaining events 1
09-01 19:10:08.231   715   916 V AudioFlinger: PlaybackThread::ioConfigChanged, thread 0xecd03080, event 0
09-01 19:10:08.231   715   915 V AudioFlinger: processConfigEvents_l() DONE thread 0xed003f40
09-01 19:10:08.234   715   913 V AudioFlinger: processConfigEvents_l() DONE thread 0xed395880
09-01 19:10:08.234   715 10762 V APM::AudioPolicyEngine: getDeviceForStrategy() strategy 0, device 2
09-01 19:10:08.234   715   916 V AudioFlinger: processConfigEvents_l() DONE thread 0xecd03080
09-01 19:10:08.237 22385 22385 I @@@BBPLOG: Info T933CA548 CPlayMain L94 BPSDK 3.0.0.216, 12:43:35 Jul 18 2022. CPU: ARMV8. OS
09-01 19:10:08.250 22415 22415 I PlaybackPreparer: [main] onPlayback preparer prepare, playWhenReady: false
09-01 19:10:08.264 22415 22415 D PlaybackState: setState position:0
09-01 19:10:08.264 22415 22415 D PlaybackState: setActiveQueueItemId mActiveItemId:-1
09-01 19:10:08.264 22415 22415 D MediaSession: setPlaybackState start
09-01 19:10:08.265  6559 13007 D MediaController: onPlaybackStateChanged start####
09-01 19:10:08.265  6559  6891 V Avrcp_ext: onPlaybackStateChanged: state PlaybackState {state=0, position=0, buffered position=0, speed=0.0, updated=606722808, actions=101376, custom actions=[], active item id=-1, error=null}
09-01 19:10:08.265  6559  6891 D PlaybackState: setState position:-1
09-01 19:10:08.265 22415 22415 D PlaybackState: setState position:0
09-01 19:10:08.265 22415 22415 D PlaybackState: setActiveQueueItemId mActiveItemId:-1
09-01 19:10:08.265 22415 22415 D MediaSession: setPlaybackState start
09-01 19:10:08.266  2404  2416 D MediaController: onPlaybackStateChanged start####
09-01 19:10:08.266  2404  2432 D vol.MediaSessions: onPlaybackStateChanged cn.missevan STATE_NONE PlaybackState {state=0, position=0, buffered position=0, speed=0.0, updated=606722808, actions=101376, custom actions=[], active item id=-1, error=null}
09-01 19:10:08.266  6559  6891 V Avrcp_ext: updateCurrentMediaState: mMediaController: MediaController (cn.missevan@974b255) null
09-01 19:10:08.268  6559  6891 V Avrcp_ext: isMusicActive: false getBluetoothPlayState: 0
09-01 19:10:08.268  6559 13007 D MediaController: onPlaybackStateChanged start####
09-01 19:10:08.269  2404  2432 D vol.MediaSessions: onPlaybackStateChanged cn.missevan STATE_NONE PlaybackState {state=0, position=0, buffered position=0, speed=0.0, updated=606722810, actions=2461191, custom actions=[], active item id=-1, error=null}
09-01 19:10:08.269   717   717 I SurfaceFlinger: FPS: 21
09-01 19:10:08.269  2404  2416 D MediaController: onPlaybackStateChanged start####
09-01 19:10:08.270  2404  2432 D vol.MediaSessions: onMetadataChanged cn.missevan null, null, null
09-01 19:10:08.272  2404  2432 D vol.MediaSessions: onMetadataChanged cn.missevan null, null, null
09-01 19:10:08.272  6559  6891 V Avrcp_ext: updateCurrentMediaState: get media attributes:
09-01 19:10:08.273  6559  6891 I Avrcp_ext: Skipping update due to invalid playback state
09-01 19:10:08.273  6559  6891 V Avrcp_ext: updatePlaybackState, state: PlaybackState {state=0, position=0, buffered position=0, speed=0.0, updated=606722810, actions=2461191, custom actions=[], active item id=-1, error=null} device: null
09-01 19:10:08.273  6559  6891 V Avrcp_ext: Device: no name:
09-01 19:10:08.273  6559  6891 V Avrcp_ext: Device: no name:
09-01 19:10:08.273  6559  6891 V Avrcp_ext: updatePlayerStateAndPosition, old=PlaybackState {state=0, position=0, buffered position=0, speed=0.0, updated=605906283, actions=2461191, custom actions=[], active item id=-1, error=null}, state=PlaybackState {state=0, position=0, buffered position=0, speed=0.0, updated=606722810, actions=2461191, custom actions=[], active item id=-1, error=null}
09-01 19:10:08.273  6559  6891 V Avrcp_ext: old state = PlaybackState {state=0, position=0, buffered position=0, speed=0.0, updated=605906283, actions=2461191, custom actions=[], active item id=-1, error=null}, new state= PlaybackState {state=0, position=0, buffered position=0, speed=0.0, updated=606722810, actions=2461191, custom actions=[], active item id=-1, error=null}
09-01 19:10:08.274  6559  6891 D HeadsetService:  isAudioOn: The number of audio connected devices 0
09-01 19:10:08.274  6559  6891 D HeadsetService: isScoOrCallActive(): Call Active:falseCall is Ringing:falseSCO is Active:false
09-01 19:10:08.274  6559  6891 D HeadsetService:  isAudioOn: The number of audio connected devices 0
09-01 19:10:08.274  6559  6891 I Avrcp_ext: updatePlayStatusForDevice: device: null
09-01 19:10:08.274  6559  6891 V Avrcp_ext: updatePlaybackState (1): old=PlaybackState {state=0, position=0, buffered position=0, speed=0.0, updated=605906283, actions=2461191, custom actions=[], active item id=-1, error=null}(0), new=PlaybackState {state=0, position=0, buffered position=0, speed=0.0, updated=606722810, actions=2461191, custom actions=[], active item id=-1, error=null}(0)
09-01 19:10:08.274  6559  6891 I Avrcp_ext: Exit updatePlayStatusForDevice
09-01 19:10:08.275  6559  6891 D HeadsetService:  isAudioOn: The number of audio connected devices 0
09-01 19:10:08.275  6559  6891 D HeadsetService: isScoOrCallActive(): Call Active:falseCall is Ringing:falseSCO is Active:false
09-01 19:10:08.276  6559  6891 D HeadsetService:  isAudioOn: The number of audio connected devices 0
09-01 19:10:08.276  6559  6891 I Avrcp_ext: updatePlayStatusForDevice: device: null
09-01 19:10:08.276  6559  6891 V Avrcp_ext: updatePlaybackState (1): old=PlaybackState {state=0, position=0, buffered position=0, speed=0.0, updated=605906283, actions=2461191, custom actions=[], active item id=-1, error=null}(0), new=PlaybackState {state=0, position=0, buffered position=0, speed=0.0, updated=606722810, actions=2461191, custom actions=[], active item id=-1, error=null}(0)
09-01 19:10:08.276  6559  6891 I Avrcp_ext: Exit updatePlayStatusForDevice
09-01 19:10:08.276  6559  6891 D Avrcp_ext: sendPlayPosNotificationRsp: Not registered or requesting.
09-01 19:10:08.276  6559  6891 D Avrcp_ext: sendPlayPosNotificationRsp: Not registered or requesting.
09-01 19:10:08.276  6559  6891 V Avrcp_ext: Exit updatePlayerStateAndPosition
09-01 19:10:08.276  6559  6891 V Avrcp_ext:  Exit onPlaybackStateChanged
09-01 19:10:08.276  6559  6891 V Avrcp_ext: onPlaybackStateChanged: state PlaybackState {state=0, position=0, buffered position=0, speed=0.0, updated=606722810, actions=2461191, custom actions=[], active item id=-1, error=null}
09-01 19:10:08.276  6559  6891 D PlaybackState: setState position:-1
09-01 19:10:08.277  6559  6891 V Avrcp_ext: updateCurrentMediaState: mMediaController: MediaController (cn.missevan@974b255) null, null, null
09-01 19:10:08.277  6559  6891 V Avrcp_ext: isMusicActive: false getBluetoothPlayState: 0
09-01 19:10:08.278  6559  6891 V Avrcp_ext: updateCurrentMediaState: get media attributes:
09-01 19:10:08.279  6559  6891 I Avrcp_ext: Skipping update due to invalid playback state
09-01 19:10:08.279  1724  1724 D NotificationService: handleSavePolicyFile
09-01 19:10:08.280 22221 22334 I CronetEngine: [thread_background]
09-01 19:10:08.280 22221 22334 I CronetEngine: url: https://app.uat.missevan.com/person/homepage-icons
09-01 19:10:08.280 22221 22334 I CronetEngine:  ip: 10.21.250.10
09-01 19:10:08.280 22221 22334 I CronetEngine:  hostResolverProvider:
09-01 19:10:08.280 22221 22334 I CronetEngine:  hostResolveIps: []
09-01 19:10:08.280 22221 22334 I CronetEngine:
09-01 19:10:08.284  6559  6891 V Avrcp_ext: updatePlaybackState, state: PlaybackState {state=0, position=0, buffered position=0, speed=0.0, updated=606722810, actions=2461191, custom actions=[], active item id=-1, error=null} device: null
09-01 19:10:08.284  6559  6891 V Avrcp_ext: Device: no name:
09-01 19:10:08.284  6559  6891 V Avrcp_ext: Device: no name:
09-01 19:10:08.284  6559  6891 V Avrcp_ext: updatePlayerStateAndPosition, old=PlaybackState {state=0, position=0, buffered position=0, speed=0.0, updated=606722810, actions=2461191, custom actions=[], active item id=-1, error=null}, state=PlaybackState {state=0, position=0, buffered position=0, speed=0.0, updated=606722810, actions=2461191, custom actions=[], active item id=-1, error=null}
09-01 19:10:08.284  6559  6891 V Avrcp_ext: old state = PlaybackState {state=0, position=0, buffered position=0, speed=0.0, updated=606722810, actions=2461191, custom actions=[], active item id=-1, error=null}, new state= PlaybackState {state=0, position=0, buffered position=0, speed=0.0, updated=606722810, actions=2461191, custom actions=[], active item id=-1, error=null}
09-01 19:10:08.284  6559  6891 D HeadsetService:  isAudioOn: The number of audio connected devices 0
09-01 19:10:08.285  6559  6891 D HeadsetService: isScoOrCallActive(): Call Active:falseCall is Ringing:falseSCO is Active:false
09-01 19:10:08.286 22221 22410 I BLOG    : [RxCachedThreadScheduler-6] HTTP request: [2022-09-01T11:10:08.163Z] GET https://app.uat.missevan.com/person/homepage-icons 200 114ms 0
09-01 19:10:08.286  6559  6891 D HeadsetService:  isAudioOn: The number of audio connected devices 0
09-01 19:10:08.286  6559  6891 I Avrcp_ext: updatePlayStatusForDevice: device: null
09-01 19:10:08.286  6559  6891 V Avrcp_ext: updatePlaybackState (1): old=PlaybackState {state=0, position=0, buffered position=0, speed=0.0, updated=606722810, actions=2461191, custom actions=[], active item id=-1, error=null}(0), new=PlaybackState {state=0, position=0, buffered position=0, speed=0.0, updated=606722810, actions=2461191, custom actions=[], active item id=-1, error=null}(0)
09-01 19:10:08.286  6559  6891 I Avrcp_ext: Exit updatePlayStatusForDevice
09-01 19:10:08.286  6559  6891 D HeadsetService:  isAudioOn: The number of audio connected devices 0
09-01 19:10:08.286  6559  6891 D HeadsetService: isScoOrCallActive(): Call Active:falseCall is Ringing:falseSCO is Active:false
09-01 19:10:08.287  6559  6891 D HeadsetService:  isAudioOn: The number of audio connected devices 0
09-01 19:10:08.287  6559  6891 I Avrcp_ext: updatePlayStatusForDevice: device: null
09-01 19:10:08.287  6559  6891 V Avrcp_ext: updatePlaybackState (1): old=PlaybackState {state=0, position=0, buffered position=0, speed=0.0, updated=606722810, actions=2461191, custom actions=[], active item id=-1, error=null}(0), new=PlaybackState {state=0, position=0, buffered position=0, speed=0.0, updated=606722810, actions=2461191, custom actions=[], active item id=-1, error=null}(0)
09-01 19:10:08.287  6559  6891 I Avrcp_ext: Exit updatePlayStatusForDevice
09-01 19:10:08.287  6559  6891 D Avrcp_ext: sendPlayPosNotificationRsp: Not registered or requesting.
09-01 19:10:08.287  6559  6891 D Avrcp_ext: sendPlayPosNotificationRsp: Not registered or requesting.
09-01 19:10:08.287  6559  6891 V Avrcp_ext: Exit updatePlayerStateAndPosition
09-01 19:10:08.287  6559  6891 V Avrcp_ext:  Exit onPlaybackStateChanged
09-01 19:10:08.287  6559  6891 V Avrcp_ext: onMetadataChanged
09-01 19:10:08.287  6559  6891 D PlaybackState: setState position:-1
09-01 19:10:08.288  6559  6891 V Avrcp_ext: updateCurrentMediaState: mMediaController: MediaController (cn.missevan@974b255) null, null, null
09-01 19:10:08.288  6559  6891 V Avrcp_ext: isMusicActive: false getBluetoothPlayState: 0
09-01 19:10:08.289  6559  6891 V Avrcp_ext: updateCurrentMediaState: get media attributes:
09-01 19:10:08.290  6559  6891 I Avrcp_ext: Skipping update due to invalid playback state
09-01 19:10:08.291  6559  6891 V Avrcp_ext: updatePlaybackState, state: PlaybackState {state=0, position=0, buffered position=0, speed=0.0, updated=606722810, actions=2461191, custom actions=[], active item id=-1, error=null} device: null
09-01 19:10:08.291  6559  6891 V Avrcp_ext: Device: no name:
09-01 19:10:08.291  6559  6891 V Avrcp_ext: Device: no name:
09-01 19:10:08.291  6559  6891 V Avrcp_ext: updatePlayerStateAndPosition, old=PlaybackState {state=0, position=0, buffered position=0, speed=0.0, updated=606722810, actions=2461191, custom actions=[], active item id=-1, error=null}, state=PlaybackState {state=0, position=0, buffered position=0, speed=0.0, updated=606722810, actions=2461191, custom actions=[], active item id=-1, error=null}
09-01 19:10:08.291  6559  6891 V Avrcp_ext: old state = PlaybackState {state=0, position=0, buffered position=0, speed=0.0, updated=606722810, actions=2461191, custom actions=[], active item id=-1, error=null}, new state= PlaybackState {state=0, position=0, buffered position=0, speed=0.0, updated=606722810, actions=2461191, custom actions=[], active item id=-1, error=null}
09-01 19:10:08.292  6559  6891 D HeadsetService:  isAudioOn: The number of audio connected devices 0
09-01 19:10:08.292  6559  6891 D HeadsetService: isScoOrCallActive(): Call Active:falseCall is Ringing:falseSCO is Active:false
09-01 19:10:08.292  6559  6891 D HeadsetService:  isAudioOn: The number of audio connected devices 0
09-01 19:10:08.292  6559  6891 I Avrcp_ext: updatePlayStatusForDevice: device: null
09-01 19:10:08.293  6559  6891 V Avrcp_ext: updatePlaybackState (1): old=PlaybackState {state=0, position=0, buffered position=0, speed=0.0, updated=606722810, actions=2461191, custom actions=[], active item id=-1, error=null}(0), new=PlaybackState {state=0, position=0, buffered position=0, speed=0.0, updated=606722810, actions=2461191, custom actions=[], active item id=-1, error=null}(0)
09-01 19:10:08.293  6559  6891 I Avrcp_ext: Exit updatePlayStatusForDevice
09-01 19:10:08.293  6559  6891 D HeadsetService:  isAudioOn: The number of audio connected devices 0
09-01 19:10:08.293  6559  6891 D HeadsetService: isScoOrCallActive(): Call Active:falseCall is Ringing:falseSCO is Active:false
09-01 19:10:08.294  6559  6891 D HeadsetService:  isAudioOn: The number of audio connected devices 0
09-01 19:10:08.294  6559  6891 I Avrcp_ext: updatePlayStatusForDevice: device: null
09-01 19:10:08.294  6559  6891 V Avrcp_ext: updatePlaybackState (1): old=PlaybackState {state=0, position=0, buffered position=0, speed=0.0, updated=606722810, actions=2461191, custom actions=[], active item id=-1, error=null}(0), new=PlaybackState {state=0, position=0, buffered position=0, speed=0.0, updated=606722810, actions=2461191, custom actions=[], active item id=-1, error=null}(0)
09-01 19:10:08.294  6559  6891 I Avrcp_ext: Exit updatePlayStatusForDevice
09-01 19:10:08.294  6559  6891 D Avrcp_ext: sendPlayPosNotificationRsp: Not registered or requesting.
09-01 19:10:08.294  6559  6891 D Avrcp_ext: sendPlayPosNotificationRsp: Not registered or requesting.
09-01 19:10:08.294  6559  6891 V Avrcp_ext: Exit updatePlayerStateAndPosition
09-01 19:10:08.294  6559  6891 V Avrcp_ext: onMetadataChanged
09-01 19:10:08.294  6559  6891 D PlaybackState: setState position:-1
09-01 19:10:08.295  6559  6891 V Avrcp_ext: updateCurrentMediaState: mMediaController: MediaController (cn.missevan@974b255) null, null, null
09-01 19:10:08.296  6559  6891 V Avrcp_ext: isMusicActive: false getBluetoothPlayState: 0
09-01 19:10:08.298  6559  6891 V Avrcp_ext: updateCurrentMediaState: get media attributes:
09-01 19:10:08.299  6559  6891 I Avrcp_ext: Skipping update due to invalid playback state
09-01 19:10:08.300  6559  6891 V Avrcp_ext: updatePlaybackState, state: PlaybackState {state=0, position=0, buffered position=0, speed=0.0, updated=606722810, actions=2461191, custom actions=[], active item id=-1, error=null} device: null
09-01 19:10:08.300  6559  6891 V Avrcp_ext: Device: no name:
09-01 19:10:08.300  6559  6891 V Avrcp_ext: Device: no name:
09-01 19:10:08.300  6559  6891 V Avrcp_ext: updatePlayerStateAndPosition, old=PlaybackState {state=0, position=0, buffered position=0, speed=0.0, updated=606722810, actions=2461191, custom actions=[], active item id=-1, error=null}, state=PlaybackState {state=0, position=0, buffered position=0, speed=0.0, updated=606722810, actions=2461191, custom actions=[], active item id=-1, error=null}
09-01 19:10:08.300  6559  6891 V Avrcp_ext: old state = PlaybackState {state=0, position=0, buffered position=0, speed=0.0, updated=606722810, actions=2461191, custom actions=[], active item id=-1, error=null}, new state= PlaybackState {state=0, position=0, buffered position=0, speed=0.0, updated=606722810, actions=2461191, custom actions=[], active item id=-1, error=null}
09-01 19:10:08.300  6559  6891 D HeadsetService:  isAudioOn: The number of audio connected devices 0
09-01 19:10:08.300  6559  6891 D HeadsetService: isScoOrCallActive(): Call Active:falseCall is Ringing:falseSCO is Active:false
09-01 19:10:08.301  6559  6891 D HeadsetService:  isAudioOn: The number of audio connected devices 0
09-01 19:10:08.301  6559  6891 I Avrcp_ext: updatePlayStatusForDevice: device: null
09-01 19:10:08.301  6559  6891 V Avrcp_ext: updatePlaybackState (1): old=PlaybackState {state=0, position=0, buffered position=0, speed=0.0, updated=606722810, actions=2461191, custom actions=[], active item id=-1, error=null}(0), new=PlaybackState {state=0, position=0, buffered position=0, speed=0.0, updated=606722810, actions=2461191, custom actions=[], active item id=-1, error=null}(0)
09-01 19:10:08.301  6559  6891 I Avrcp_ext: Exit updatePlayStatusForDevice
09-01 19:10:08.301  6559  6891 D HeadsetService:  isAudioOn: The number of audio connected devices 0
09-01 19:10:08.301  6559  6891 D HeadsetService: isScoOrCallActive(): Call Active:falseCall is Ringing:falseSCO is Active:false
09-01 19:10:08.302  6559  6891 D HeadsetService:  isAudioOn: The number of audio connected devices 0
09-01 19:10:08.302  6559  6891 I Avrcp_ext: updatePlayStatusForDevice: device: null
09-01 19:10:08.302  6559  6891 V Avrcp_ext: updatePlaybackState (1): old=PlaybackState {state=0, position=0, buffered position=0, speed=0.0, updated=606722810, actions=2461191, custom actions=[], active item id=-1, error=null}(0), new=PlaybackState {state=0, position=0, buffered position=0, speed=0.0, updated=606722810, actions=2461191, custom actions=[], active item id=-1, error=null}(0)
09-01 19:10:08.302  6559  6891 I Avrcp_ext: Exit updatePlayStatusForDevice
09-01 19:10:08.302  6559  6891 D Avrcp_ext: sendPlayPosNotificationRsp: Not registered or requesting.
09-01 19:10:08.302  6559  6891 D Avrcp_ext: sendPlayPosNotificationRsp: Not registered or requesting.
09-01 19:10:08.302  6559  6891 V Avrcp_ext: Exit updatePlayerStateAndPosition
09-01 19:10:08.322 22415 22415 D Tinker.TinkerLoader: [main] [PendingLog @ 2022-09-01 19:10:06.151] tryLoad test test
09-01 19:10:08.323 22415 22415 W Tinker.TinkerLoader: [main] [PendingLog @ 2022-09-01 19:10:06.155] tryLoadPatchFiles:patch dir not exist:/data/user/0/cn.missevan/tinker
09-01 19:10:08.325 22415 22415 D Tinker.DefaultAppLike: [main] [PendingLog @ 2022-09-01 19:10:06.215] onBaseContextAttached:
09-01 19:10:08.327 22415 22415 D Tinker.DefaultAppLike: [main] [PendingLog @ 2022-09-01 19:10:06.300] onCreate
09-01 19:10:08.475 22385 22385 I okhttp.cronet.httpdns: [main] OkHttp cronet native httpdns enabled.
09-01 19:10:08.477 22385 22385 D CronetEngine: [main] cronet httpdns open!
09-01 19:10:08.477 22385 22385 D CronetEngine:  configure dns ips: [203.107.1.65, 203.107.1.34, 203.107.1.66, 203.107.1.33]
09-01 19:10:08.521 22221 22295 D MobclickAgent: 普通统计数据: 发送成功!
09-01 19:10:08.548 22221 22221 I UGCRecommendPageFragment: [main] initView
09-01 19:10:08.570 22385 22385 I httpdns.native: [main] Native httpdns enabled.
09-01 19:10:08.583 22221 22334 I CronetEngine: [thread_background]
09-01 19:10:08.583 22221 22334 I CronetEngine: url: https://fm.uat.missevan.com/api/v2/user/rank/top
09-01 19:10:08.583 22221 22334 I CronetEngine:  ip: 10.21.250.10
09-01 19:10:08.583 22221 22334 I CronetEngine:  hostResolverProvider:
09-01 19:10:08.583 22221 22334 I CronetEngine:  hostResolveIps: []
09-01 19:10:08.583 22221 22334 I CronetEngine:
09-01 19:10:08.587 22385 22385 I okhttp.cronet.httpdns: [main] OkHttp cronet native httpdns enabled.
09-01 19:10:08.588 22221 22344 I BLOG    : [RxCachedThreadScheduler-5] HTTP request: [2022-09-01T11:10:08.471Z] GET https://fm.uat.missevan.com/api/v2/user/rank/top 200 107ms 0
09-01 19:10:08.595 22385 22385 I httpdns.holder.native: [main] host rules *.maoercdn.com, *.bilivideo.com, *.missevan.com.
09-01 19:10:08.600 22221 22334 I CronetEngine: [thread_background]
09-01 19:10:08.600 22221 22334 I CronetEngine: url: https://fm.uat.missevan.com/api/v2/meta/banner
09-01 19:10:08.600 22221 22334 I CronetEngine:  ip: 10.21.250.10
09-01 19:10:08.600 22221 22334 I CronetEngine:  hostResolverProvider:
09-01 19:10:08.600 22221 22334 I CronetEngine:  hostResolveIps: []
09-01 19:10:08.600 22221 22334 I CronetEngine:
09-01 19:10:08.600 22385 22385 I httpdns.holder.native: [main] Init native httpdns with provider ali.
09-01 19:10:08.601 22221 22334 I CronetEngine: [thread_background]
09-01 19:10:08.601 22221 22334 I CronetEngine: url: https://fm.uat.missevan.com/api/v2/meta/data
09-01 19:10:08.601 22221 22334 I CronetEngine:  ip: 10.21.250.10
09-01 19:10:08.601 22221 22334 I CronetEngine:  hostResolverProvider:
09-01 19:10:08.601 22221 22334 I CronetEngine:  hostResolveIps: []
09-01 19:10:08.601 22221 22334 I CronetEngine:
09-01 19:10:08.604 22221 22333 I BLOG    : [RxCachedThreadScheduler-2] HTTP request: [2022-09-01T11:10:08.470Z] GET https://fm.uat.missevan.com/api/v2/meta/banner 200 126ms 0
09-01 19:10:08.605 22529 22529 I Perf    : Connecting to perf service.
09-01 19:10:08.621 22221 22425 I BLOG    : [RxCachedThreadScheduler-7] HTTP request: [2022-09-01T11:10:08.467Z] GET https://fm.uat.missevan.com/api/v2/meta/data 200 130ms 0
09-01 19:10:08.627 22529 22529 D Tinker.TinkerLoader: tryLoad test test
09-01 19:10:08.631 22529 22529 W Tinker.TinkerLoader: tryLoadPatchFiles:patch dir not exist:/data/user/0/cn.missevan/tinker
09-01 19:10:08.639 22385 22385 I cr_BiliCrLibraryLoader: BiliCr version: 88.0.4324.188, arch: aarch64
09-01 19:10:08.639 22385 22385 W chromium: [0901/191008.639765:WARNING:httpdns_adapter.cc(290)] HttpDns init
09-01 19:10:08.467  1724  2178 I chatty  : uid=1000(system) AutobacklightTh identical 1 line
09-01 19:10:08.648  1724  2922 D ConnectivityService: requestNetwork for uid/pid:10602/22385 NetworkRequest [ TRACK_DEFAULT id=1132, [ Capabilities: INTERNET&NOT_RESTRICTED&TRUSTED Unwanted:  Uid: 10602] ]
09-01 19:10:08.650  2831  2831 D PhoneSwitcherNetworkRequstListener: got request NetworkRequest [ TRACK_DEFAULT id=1132, [ Capabilities: INTERNET&NOT_RESTRICTED&TRUSTED Unwanted:  Uid: 10602] ] with score 60
09-01 19:10:08.653  1724  2084 D ConnectivityService: isWifiPoorLink:false, nai.everValidated:true, networkType:1, networkDetailedState:CONNECTED, nai.isLingering():false, unneeded(nai, UnneededFor.TEARDOWN):false
09-01 19:10:08.656 22221 22334 I CronetEngine: [thread_background]
09-01 19:10:08.656 22221 22334 I CronetEngine: url: https://fm.uat.missevan.com/api/v2/chatroom/open/list?p=1&type=0
09-01 19:10:08.656 22221 22334 I CronetEngine:  ip: 10.21.250.10
09-01 19:10:08.656 22221 22334 I CronetEngine:  hostResolverProvider:
09-01 19:10:08.656 22221 22334 I CronetEngine:  hostResolveIps: []
09-01 19:10:08.656 22221 22334 I CronetEngine:
09-01 19:10:08.664 22385 22385 I @@@BBPLOG: Info T933CA548 CPlayMain L243 The DataLog UserID: 0X0
09-01 19:10:08.664 22385 22385 I @@@BBPLOG: Info T933CA548 CPlayMain L250 The DataLog BUVID: XY277FF2DFB139F19721118D30677E832AAF4
09-01 19:10:08.664 22385 22385 I @@@BBPLOG: Info T933CA548 CPlayMain L264 The DataLog AppVer: 5.7.3
09-01 19:10:08.664 22385 22385 I @@@BBPLOG: Info T933CA548 CPlayMain L284 The DataLog app type:   6
09-01 19:10:08.664 22385 22385 I @@@BBPLOG: Info T933ca548 BBPFuncLog L123 ----CIPMng::Clear Value is 00000000 start.
09-01 19:10:08.664 22385 22385 I @@@BBPLOG: Info T933ca548 BBPFuncLog L142 ----CIPMng::Clear leave! no return. Ussed Time: 0
09-01 19:10:08.664 22385 22385 I @@@BBPLOG: Info T933CA548 CPlayMain L272 The DataLog net type: 3
09-01 19:10:08.664 22385 22385 I @@@BBPLOG: Info T933CA548 CPlayMain L312 Set cronet engine: 0x720181e9c0
09-01 19:10:08.668 22385 22385 I AidlAlphaVideoPlayer: [main] init
09-01 19:10:08.670 22221 22334 I CronetEngine: [thread_background]
09-01 19:10:08.670 22221 22334 I CronetEngine: url: https://app.uat.missevan.com/site/editor-choice
09-01 19:10:08.670 22221 22334 I CronetEngine:  ip: 115.236.155.239
09-01 19:10:08.670 22221 22334 I CronetEngine:  hostResolverProvider:
09-01 19:10:08.670 22221 22334 I CronetEngine:  hostResolveIps: []
09-01 19:10:08.670 22221 22334 I CronetEngine:
09-01 19:10:08.671 22385 22385 I Player.Aidl: [main] updateConfig
09-01 19:10:08.675 22221 22410 I BLOG    : [RxCachedThreadScheduler-6] HTTP request: [2022-09-01T11:10:08.516Z] GET https://app.uat.missevan.com/site/editor-choice 200 150ms 0
09-01 19:10:08.677 22221 22221 W RecyclerView: No adapter attached; skipping layout
09-01 19:10:08.681 22385 22385 I Player.AlphaVideoPlayerCore: [main] updateConfig, user id: 0
09-01 19:10:08.683 22385 22385 I @@@BBPLOG: Info T933CA548 CPlayMain L243 The DataLog UserID: 0X0
09-01 19:10:08.683 22385 22385 I Player.AlphaVideoPlayerCore: [main] updateConfig, version name: 5.7.3
09-01 19:10:08.685 22385 22385 I @@@BBPLOG: Info T933CA548 CPlayMain L264 The DataLog AppVer: 5.7.3
09-01 19:10:08.685 22385 22385 I Player.AlphaVideoPlayerCore: [main] updateConfig, buvid: XY277FF2DFB139F19721118D30677E832AAF4
09-01 19:10:08.687 22385 22385 I @@@BBPLOG: Info T933CA548 CPlayMain L250 The DataLog BUVID: XY277FF2DFB139F19721118D30677E832AAF4
09-01 19:10:08.687 22385 22385 I Player.Aidl.core0: [main] createNewCore
09-01 19:10:08.690 22385 22658 I chromium: [0901/191008.690299:INFO:httpdns.cc(234)] OnEffectiveConnectionTypeChanged called by httpdns context networks 5
09-01 19:10:08.696 22385 22385 I Player.BBPlayer.core0: [main] init
09-01 19:10:08.698 22385 22385 I @@@BBPLOG: Info T933CA548 CPlayMain L94 BPSDK 3.0.0.216, 12:43:35 Jul 18 2022. CPU: ARMV8. OS
09-01 19:10:08.699 22385 22385 I @@@BBPLOG: Info T933CA548 CPlayMain L243 The DataLog UserID: 0X0
09-01 19:10:08.699 22385 22385 I @@@BBPLOG: Info T933CA548 CPlayMain L250 The DataLog BUVID: XY277FF2DFB139F19721118D30677E832AAF4
09-01 19:10:08.699 22385 22385 I @@@BBPLOG: Info T933CA548 CPlayMain L264 The DataLog AppVer: 5.7.3
09-01 19:10:08.699 22385 22385 I @@@BBPLOG: Info T933CA548 CPlayMain L284 The DataLog app type:   6
09-01 19:10:08.699 22385 22385 I @@@BBPLOG: Info T933ca548 BBPFuncLog L123 ----CIPMng::Clear Value is 00000000 start.
09-01 19:10:08.699 22385 22385 I @@@BBPLOG: Info T933ca548 BBPFuncLog L142 ----CIPMng::Clear leave! no return. Ussed Time: 0
09-01 19:10:08.699 22385 22385 I @@@BBPLOG: Info T933CA548 CPlayMain L272 The DataLog net type: 3
09-01 19:10:08.699 22385 22385 I @@@BBPLOG: Info T933CA548 CPlayMain L312 Set cronet engine: 0x720181e9c0
09-01 19:10:08.699 22385 22385 I @@@BBPLOG: Info T933CA548 CPlayMain L257 The Session UUID: a83f2f8b-8666-4945-94bf-1dca19be101c
09-01 19:10:08.701 22385 22385 I Player.Aidl.core0: [main] initPlayerCoreEvent
09-01 19:10:08.706 22529 22529 D Tinker.DefaultAppLike: onBaseContextAttached:
09-01 19:10:08.710 22385 22385 D Player.AlphaVideoPlayerCore: [main] event(1342177297): msg_log_cb, arg1: 0, arg2: 0, any: Info T933CA548 CPlayMain L243 The DataLog UserID: 0X0
09-01 19:10:08.710 22385 22385 D Player.AlphaVideoPlayerCore:
09-01 19:10:08.711 22385 22385 I Player.AlphaVideoPlayerCore: [main] msg_log_cb, Info T933CA548 CPlayMain L243 The DataLog UserID: 0X0
09-01 19:10:08.711 22385 22385 I Player.AlphaVideoPlayerCore:
09-01 19:10:08.713 22385 22385 D Player.AlphaVideoPlayerCore: [main] event(1342177297): msg_log_cb, arg1: 0, arg2: 0, any: Info T933CA548 CPlayMain L264 The DataLog AppVer: 5.7.3
09-01 19:10:08.713 22385 22385 D Player.AlphaVideoPlayerCore:
09-01 19:10:08.714 22385 22385 I Player.AlphaVideoPlayerCore: [main] msg_log_cb, Info T933CA548 CPlayMain L264 The DataLog AppVer: 5.7.3
09-01 19:10:08.714 22385 22385 I Player.AlphaVideoPlayerCore:
09-01 19:10:08.715 22529 22529 I MultiDex: VM with version 2.1.0 has multidex support
09-01 19:10:08.715 22529 22529 I MultiDex: Installing application
09-01 19:10:08.715 22529 22529 I MultiDex: VM has multidex support, MultiDex support library is disabled.
09-01 19:10:08.716 22385 22385 D Player.AlphaVideoPlayerCore: [main] event(1342177297): msg_log_cb, arg1: 0, arg2: 0, any: Info T933CA548 CPlayMain L250 The DataLog BUVID: XY277FF2DFB139F19721118D30677E832AAF4
09-01 19:10:08.716 22385 22385 D Player.AlphaVideoPlayerCore:
09-01 19:10:08.717 22385 22385 I Player.AlphaVideoPlayerCore: [main] msg_log_cb, Info T933CA548 CPlayMain L250 The DataLog BUVID: XY277FF2DFB139F19721118D30677E832AAF4
09-01 19:10:08.717 22385 22385 I Player.AlphaVideoPlayerCore:
09-01 19:10:08.720 22221 22327 I BLOG    : [RxCachedThreadScheduler-1] HTTP request: [2022-09-01T11:10:08.477Z] GET https://fm.uat.missevan.com/api/v2/chatroom/open/list?p=1&type=0 200 172ms 0
09-01 19:10:08.725 22385 22385 D Player.BBPlayer.core0: [main] event(1342177297): msg_log_cb, arg1: 0, arg2: 0, any: Info T933CA548 CPlayMain L257 The Session UUID: a83f2f8b-8666-4945-94bf-1dca19be101c
09-01 19:10:08.725 22385 22385 D Player.BBPlayer.core0:
09-01 19:10:08.726 22221 22414 I OpenGLRenderer: Davey! duration=1208ms; Flags=1, IntendedVsync=211342491739578, Vsync=211343191739550, OldestInputEvent=9223372036854775807, NewestInputEvent=0, HandleInputStart=211343193820159, AnimationStart=211343193909222, PerformTraversalsStart=211343194640680, DrawStart=211343660725472, SyncQueued=211343682571201, SyncStart=211343682664117, IssueDrawCommandsStart=211343682983857, SwapBuffers=211343694306149, FrameCompleted=211343700574013, DequeueBufferDuration=632000, QueueBufferDuration=5422000,
09-01 19:10:08.728 22385 22385 I Player.BBPlayer.core0: [main] msg_log_cb, Info T933CA548 CPlayMain L257 The Session UUID: a83f2f8b-8666-4945-94bf-1dca19be101c
09-01 19:10:08.728 22385 22385 I Player.BBPlayer.core0:
09-01 19:10:08.733 22221 22295 D MobclickAgent: 本次启动数据: 发送成功!
09-01 19:10:08.777 22221 22221 I Choreographer: Skipped 32 frames!  The application may be doing too much work on its main thread.
09-01 19:10:08.663  1724  2084 D ConnectivityService: isWifiPoorLink:false, nai.everValidated:true, networkType:1, networkDetailedState:CONNECTED, nai.isLingering():false, unneeded(nai, UnneededFor.TEARDOWN):false
09-01 19:10:08.862 22529 22529 D Tinker.DefaultAppLike: onCreate
09-01 19:10:08.938 22221 22232 I cn.missevan: Background concurrent copying GC freed 157422(10MB) AllocSpace objects, 74(2MB) LOS objects, 50% free, 21MB/42MB, paused 349us total 128.764ms
09-01 19:10:08.977 22221 22259 D LeakCanary: Setting up flushing for Thread[SL-NetWorkSender,5,main]
09-01 19:10:08.978 22221 22230 W System  : A resource failed to call close.
09-01 19:10:08.987 22221 22230 W System  : A resource failed to call close.
09-01 19:10:08.997 22221 22230 V PlayerBase: baseRelease() piid=3183 state=0
09-01 19:10:09.030 10614 10746 D MemoryCeilingMonitor: [handleMemoryCalculate]
09-01 19:10:09.031 10614 10746 D MemoryCeilingMonitor: [calculate] tot: 3375221, max: 268435456, free: 416157, heap: 2959064, per: 0.011023372411727905
09-01 19:10:09.045 22415 22415 I PlayerService: [main] PlayerService onGetRoot client package name = cn.missevan client uid = 10602, root hints = Bundle[{}]
09-01 19:10:09.052 22221 22221 D LiveRecommendNavigatorAdapter: [main] size: 60
09-01 19:10:09.102 22221 22601 D skia    : --- Failed to create image decoder with message 'unimplemented'
09-01 19:10:09.119 22221 22601 I chatty  : uid=10602(cn.missevan) identical 2 lines
09-01 19:10:09.120 22221 22601 D skia    : --- Failed to create image decoder with message 'unimplemented'
09-01 19:10:09.125 22529 22529 W .missevan:stat: Accessing hidden method Landroid/app/ActivityThread;->currentApplication()Landroid/app/Application; (light greylist, linking)
09-01 19:10:09.134 22221 22377 D UPush.Net: req: https://msg.umengcloud.com/v3/alias/delete
09-01 19:10:09.134 22221 22377 D UPush.Net: {"header":{"appkey":"546d7dd7fd98c58fc800082c","channel":"missevan","umid":"aie23efbafd38e95fbe62c2198813cfa3f","din":"","device_id":"RyNUt34RQuqi7ohCa8YHKRusS9Ee9DfE6bI2BmKqewo=","idmd5":"BF6490B2F2E3CE1888812881A57A74D1","mc":"02:00:00:00:00:00","android_id":"776ba695d5c3ba5d","serial_number":"","push_switch":"true","sdk_type":"Android","sdk_version":"6.5.3","access":"Wi-Fi","access_subtype":"","carrier":"","device_model":"vivo X21A","os":"Android","os_version":"9","app_version":"5.7.3","version_code":"5070300","package_name":"cn.missevan","resolution":"1080*2075","cpu":"AArch64 Processor rev 2 (aarch64)","timezone":8,"country":"CN","language":"zh"},"utdid":"YxBs9IHhiKQDAFfj0NajmZNB","device_token":"AmeddEB57dF0tVJAKHAmMfO0VIDdBw5-ptXjao3DpbTH","alias":"dev","type":"user_id","ts":1662030603898}
09-01 19:10:09.134 22221 22377 D UPush.Net: resp:
09-01 19:10:09.134 22221 22377 D UPush.Net: {"success":"ok","interval":0}
09-01 19:10:09.134 22221 22377 D UPush.Net: consume:5235
09-01 19:10:09.142 22221 22377 I Umeng   : [UPush-4] userId: alias:dev,type:user_id删除成功
09-01 19:10:09.144 22221 22377 I UPush.Prefs: type:uuid,alias:umeng:dev63106cf3-3e51-b064-cca6-37f4ca214808,exclusive:0
09-01 19:10:09.146 22221 22377 I UPush.Prefs: count:1
09-01 19:10:09.146 22221 22377 I UPush.Prefs: typeTmp:uuid,aliasTmp:umeng:dev63106cf3-3e51-b064-cca6-37f4ca214808,type:uuid,alias:umeng:dev63106cf3-3e51-b064-cca6-37f4ca214808
09-01 19:10:09.146 22221 22377 D UPush.Track: addAlias: <dev63106cf3-3e51-b064-cca6-37f4ca214808, uuid> has been synced to the server before. Ignore this request
09-01 19:10:09.159 22221 22226 I cn.missevan: Compiler allocated 4MB to compile void android.widget.TextView.<init>(android.content.Context, android.util.AttributeSet, int, int)
09-01 19:10:09.164 22221 22334 I CronetEngine: [thread_background]
09-01 19:10:09.164 22221 22334 I CronetEngine: url: https://fm.uat.missevan.com/api/v2/user/rank/top
09-01 19:10:09.164 22221 22334 I CronetEngine:  ip: 10.21.250.10
09-01 19:10:09.164 22221 22334 I CronetEngine:  hostResolverProvider:
09-01 19:10:09.164 22221 22334 I CronetEngine:  hostResolveIps: []
09-01 19:10:09.164 22221 22334 I CronetEngine:
09-01 19:10:09.167 22221 22377 I Umeng   : [UPush-4] equipId: alias:dev63106cf3-3e51-b064-cca6-37f4ca214808已经添加
09-01 19:10:09.168 22221 22333 I BLOG    : [RxCachedThreadScheduler-2] HTTP request: [2022-09-01T11:10:09.049Z] GET https://fm.uat.missevan.com/api/v2/user/rank/top 200 107ms 0
09-01 19:10:09.176 22221 22334 I CronetEngine: [thread_background]
09-01 19:10:09.176 22221 22334 I CronetEngine: url: https://app.uat.missevan.com/you-might-like/my-favors?persona_id=3
09-01 19:10:09.176 22221 22334 I CronetEngine:  ip: 10.21.250.10
09-01 19:10:09.176 22221 22334 I CronetEngine:  hostResolverProvider:
09-01 19:10:09.176 22221 22334 I CronetEngine:  hostResolveIps: []
09-01 19:10:09.176 22221 22334 I CronetEngine:
09-01 19:10:09.183 22221 22377 I UPush.Prefs: type:buvid,alias:umeng:devXY277FF2DFB139F19721118D30677E832AAF4,exclusive:0
09-01 19:10:09.184 22221 22377 I UPush.Prefs: count:1
09-01 19:10:09.184 22221 22675 I BLOG    : [RxCachedThreadScheduler-9] HTTP request: [2022-09-01T11:10:09.049Z] GET https://app.uat.missevan.com/you-might-like/my-favors?persona_id=3 200 124ms 0
09-01 19:10:09.184 22221 22377 I UPush.Prefs: typeTmp:buvid,aliasTmp:umeng:devXY277FF2DFB139F19721118D30677E832AAF4,type:buvid,alias:umeng:devXY277FF2DFB139F19721118D30677E832AAF4
09-01 19:10:09.185 22221 22377 D UPush.Track: addAlias: <devXY277FF2DFB139F19721118D30677E832AAF4, buvid> has been synced to the server before. Ignore this request
09-01 19:10:09.186 22221 22334 I CronetEngine: [thread_background]
09-01 19:10:09.186 22221 22334 I CronetEngine: url: https://fm.uat.missevan.com/api/v2/recommended/homepage?persona_id=3
09-01 19:10:09.186 22221 22334 I CronetEngine:  ip: 10.21.250.10
09-01 19:10:09.186 22221 22334 I CronetEngine:  hostResolverProvider:
09-01 19:10:09.186 22221 22334 I CronetEngine:  hostResolveIps: []
09-01 19:10:09.186 22221 22334 I CronetEngine:
09-01 19:10:09.187 22221 22344 I BLOG    : [RxCachedThreadScheduler-5] HTTP request: [2022-09-01T11:10:09.044Z] GET https://fm.uat.missevan.com/api/v2/recommended/homepage?persona_id=3 200 138ms 0
09-01 19:10:09.201 22221 22377 I Umeng   : [UPush-4] buvid: alias:devXY277FF2DFB139F19721118D30677E832AAF4已经添加
09-01 19:10:09.233   715   915 V AudioFlinger: releaseWakeLock_l() AudioOut_15
09-01 19:10:09.233   715   915 V AudioFlinger: thread 0xed003f40 type 0 TID 915 going to sleep
09-01 19:10:09.239   715   916 V AudioFlinger: releaseWakeLock_l() AudioOut_25
09-01 19:10:09.239   715   916 V AudioFlinger: thread 0xecd03080 type 0 TID 916 going to sleep
09-01 19:10:09.241   715   913 V AudioFlinger: releaseWakeLock_l() AudioOut_D
09-01 19:10:09.241   715   913 V AudioFlinger: thread 0xed395880 type 0 TID 913 going to sleep
09-01 19:10:09.277 22529 22684 D SentryLog: [pool-3-thread-1] SU isn't found on this Device.
09-01 19:10:09.313 22529 22529 W pool-3-thread-1: type=1400 audit(0.0:88424): avc: denied { read } for name="version" dev="proc" ino=4026532090 scontext=u:r:untrusted_app:s0:c90,c258,c512,c768 tcontext=u:object_r:proc_version:s0 tclass=file permissive=0
09-01 19:10:09.321 22529 22529 I SentryLog: [main] Initializing SDK with DSN: 'https://8e68e4623f6348b0b9984471d41e3e2d@sentry.missevan.com/2'
09-01 19:10:09.327 22529 22529 I SentryLog: [main] GlobalHubMode: 'true'
09-01 19:10:09.354 22529 22529 D SentryLog: [main] UncaughtExceptionHandlerIntegration enabled: true
09-01 19:10:09.356 22529 22529 D SentryLog: [main] default UncaughtExceptionHandler class='xcrash.i'
09-01 19:10:09.357 22529 22529 D SentryLog: [main] UncaughtExceptionHandlerIntegration installed.
09-01 19:10:09.358 22529 22529 D SentryLog: [main] ShutdownHookIntegration installed.
09-01 19:10:09.362 22529 22529 D SentryLog: [main] SendCachedEventFireAndForgetIntegration installed.
09-01 19:10:09.363 22529 22529 D SentryLog: [main] NdkIntegration enabled: true
09-01 19:10:09.363 22529 22688 D SentryLog: [pool-2-thread-1] Started processing cached files from /data/user/0/cn.missevan/cache/sentry
09-01 19:10:09.364 22529 22529 I sentry-native: using database path "/data/data/cn.missevan/cache/sentry/.sentry-native"
09-01 19:10:09.365 22529 22529 D sentry-native: starting backend
09-01 19:10:09.366 22529 22529 D SentryLog: [main] NdkIntegration installed.
09-01 19:10:09.368 22529 22529 D SentryLog: [main] Registering EnvelopeFileObserverIntegration for path: /data/user/0/cn.missevan/cache/sentry/outbox
09-01 19:10:09.369 22529 22688 D SentryLog: [pool-2-thread-1] Processing dir. /data/user/0/cn.missevan/cache/sentry
09-01 19:10:09.372 22529 22688 D SentryLog: [pool-2-thread-1] Processing 0 items from cache dir /data/user/0/cn.missevan/cache/sentry
09-01 19:10:09.374 22529 22529 D SentryLog: [main] EnvelopeFileObserverIntegration installed.
09-01 19:10:09.374 22529 22688 D SentryLog: [pool-2-thread-1] File /data/user/0/cn.missevan/cache/sentry/outbox is not a File.
09-01 19:10:09.376 22529 22529 D SentryLog: [main] SendCachedEventFireAndForgetIntegration installed.
09-01 19:10:09.377 22529 22688 D SentryLog: [pool-2-thread-1] Processing file: /data/user/0/cn.missevan/cache/sentry/session.json
09-01 19:10:09.378 22529 22529 D SentryLog: [main] AnrIntegration enabled: true
