09-07 13:51:53.846 30665 30863 E QQInitHandler.QQManagerFactory: Not Found Manager, name=141
09-07 13:51:53.846 30665 30863 E QQInitHandler.QQManagerFactory: Not Found Manager, name=142
09-07 13:51:53.846 30665 30863 E QQInitHandler.QQManagerFactory: Not Found Manager, name=146
09-07 13:51:55.160 30665 30863 E QQInitHandler.QQManagerFactory: Not Found Manager, name=154
09-07 13:51:55.195 30665 30688 E TrafficMonitorLibrary: HookSocket_Before_P start
09-07 13:51:55.205 30665 30688 E TrafficMonitorLibrary: HookSocket_Before_P succeed
09-07 13:51:55.255 30665 30863 E QQInitHandler.QQManagerFactory: Not Found Manager, name=168
09-07 13:51:55.262 30665 30863 E QQInitHandler.QQManagerFactory: Not Found Manager, name=171
09-07 13:51:55.262 30665 30863 E QQInitHandler.QQManagerFactory: Not Found Manager, name=172
09-07 13:51:55.262 30665 30863 E QQInitHandler.QQManagerFactory: Not Found Manager, name=173
09-07 13:51:55.263 30665 30863 E QQInitHandler.QQManagerFactory: Not Found Manager, name=174
09-07 13:51:55.272 30665 30863 E QQInitHandler.QQManagerFactory: Not Found Manager, name=185
09-07 13:51:55.296 30665 30863 E QQInitHandler.QQManagerFactory: Not Found Manager, name=206
09-07 13:51:55.296 30665 30863 E QQInitHandler.QQManagerFactory: Not Found Manager, name=207
09-07 13:51:55.351 30665 30665 E com.tencent.component.network.module.common.NetworkState: NetworkStateReceiver ====== android.net.conn.CONNECTIVITY_CHANGE
09-07 13:51:55.365 30665 30863 E QQInitHandler.QQManagerFactory: Not Found Manager, name=223
09-07 13:51:55.383 30665 30863 E QQInitHandler.QQManagerFactory: Not Found Manager, name=248
09-07 13:51:55.383 30665 30863 E QQInitHandler.QQManagerFactory: Not Found Manager, name=249
09-07 13:51:55.385 30665 30863 E QQInitHandler.QQManagerFactory: Not Found Manager, name=253
09-07 13:51:55.385 30665 30863 E QQInitHandler.QQManagerFactory: Not Found Manager, name=254
09-07 13:51:55.385 30665 30863 E QQInitHandler.QQManagerFactory: Not Found Manager, name=257
09-07 13:51:55.412 30665 30863 E QQInitHandler.QQManagerFactory: Not Found Manager, name=266
09-07 13:51:55.414 30665 30863 E QQInitHandler.QQManagerFactory: Not Found Manager, name=275
09-07 13:51:55.416 30665 30863 E QQInitHandler.QQManagerFactory: Not Found Manager, name=277
09-07 13:51:55.416 30665 30863 E QQInitHandler.QQManagerFactory: Not Found Manager, name=278
09-07 13:53:01.429 30665 30863 E QQInitHandler.QQManagerFactory: Not Found Manager, name=286
09-07 13:53:01.450  1007  1186 E storaged: getDiskStats failed with result NOT_SUPPORTED and size 0
09-07 13:53:01.553 30665 31027 E QCircleRedPointManager: isQQCircleCurrentUseEeveeRedPoint: true, ( isEeveeSysTemPolling: true, isQQCircleUseEeveeRedPoint: true )
09-07 13:53:01.569 30665 30863 E QQInitHandler.QQManagerFactory: Not Found Manager, name=253
09-07 13:53:01.581 30665 31073 E HbSkinRepository: updateSkinData: result FREQUENCY_LIMIT
09-07 13:53:01.671 30665 31048 E ArkApp.ArkAppConfigMgr: ArkSafe.initConfig, appname:com.tencent.gamecenter.newyear.sgame,config:{"ver":40,"name":"王者荣耀春节活动","icon":"","entry":0,"flag":0,"type":0,"urlWhitelist":{"res":["*.gamecenter.qq.com","*.qlogo.cn","imgcache.qq.com","*.gamecenter.qq.com\/*","*.gtimg.cn","*.gtimg.cn\/*","*ptlogin2.qq.com","*htdata.qq.com","*htdata2.qq.com","*pub.idqqimg.com\/qqmobile\/client\/ios\/webview*"],"nav":["*.gamecenter.qq.com","*.qlogo.cn","imgcache.qq.com","*.gamecenter.qq.com\/*","*.gtimg.cn","*.gtimg.cn\/*","*ptlogin2.qq.com","*htdata.qq.com","*htdata2.qq.com","*pub.idqqimg.com\/qqmobile\/client\/ios\/webview*"]},"fwdViews":["*"]} QueueKey:null
09-07 13:53:01.671 30665 31048 E ArkApp.ArkAppConfigMgr: ArkSafe.initConfig, appname:com.tencent.map,config:{"ver":115,"name":"腾讯地图","icon":"https:\/\/map.qq.com\/mobile\/images\/helplogo.png","entry":0,"flag":0,"type":0,"urlWhitelist":{"res":["*.map.gtimg.com","3gimg.qq.com","apis.map.qq.com","clientccos.map.qq.com","confinfo.map.qq.com","liteapp.map.qq.com","micro.map.qq.com","mwg.map.qq.com","rttsub.map.qq.com","shp.qpic.cn","softroute.map.qq.com","syn0.map.qq.com","multimedia.map.qq.com","mapdownload.sparta.html5.qq.com","apis-tj.map.qq.com","h5.map.qq.com","*.sparta.html5.qq.com","*ptlogin2.qq.com","*htdata.qq.com","*htdata2.qq.com","*pub.idqqimg.com\/qqmobile\/client\/ios\/webview*"],"nav":["apis.map.qq.com","map.wap.qq.com","mapdownload.map.qq.com","softroute.map.qq.com","syn0.map.qq.com","3gimg.qq.com","mapdownload.sparta.html5.qq.com","*.map.qq.com","map.qq.com","m.q.qq.com","test.map.qq.com","apis-tj.map.qq.com","map\/*","*ptlogin2.qq.com","*htdata.qq.com","*htdata2.qq.com","*pub.idqqimg.com\/qqmobile\/client\/ios\/webview*"]},"fwdViews":["*"]} QueueKey:null
09-07 13:53:01.672 30665 31048 E ArkApp.ArkAppConfigMgr: ArkSafe.initConfig, appname:com.tencent.structmsg,config:{"ver":76,"name":"结构化消息","icon":"","entry":0,"flag":8,"type":0,"urlWhitelist":{"res":[],"nav":[]},"fwdViews":["*"]} QueueKey:null
09-07 13:53:01.672 30665 31048 E ArkApp.ArkAppConfigMgr: ArkSafe.initConfig, appname:com.tencent.mannounce,config:{"ver":90,"name":"群公告","icon":"","entry":0,"flag":0,"type":0,"urlWhitelist":{"res":["qun.qq.com","gdynamic.qpic.cn","*ptlogin2.qq.com","*htdata.qq.com","*htdata2.qq.com","*pub.idqqimg.com\/qqmobile\/client\/ios\/webview*"],"nav":["web.qun.qq.com","qun\/OpenNounce","*ptlogin2.qq.com","*htdata.qq.com","*htdata2.qq.com","*pub.idqqimg.com\/qqmobile\/client\/ios\/webview*"]},"fwdViews":["*"]} QueueKey:null
09-07 13:53:01.672 30665 31048 E ArkApp.ArkAppConfigMgr: ArkSafe.initConfig, appname:com.tencent.miniapp,config:{"ver":196,"name":"小程序","icon":"","entry":0,"flag":0,"type":0,"urlWhitelist":{"res":["*.picsz.qpic.cn","*.file.myqcloud.com\/*","*.q.qq.com\/*","*.qzone.qq.com\/*","*.core.chinacloudapi.cn\/*","*.qpic.cn","minigame.gtimg.cn","*ptlogin2.qq.com","*htdata.qq.com","*htdata2.qq.com","*pub.idqqimg.com\/qqmobile\/client\/ios\/webview*"],"nav":["open","*.q.qq.com","microapp","miniapp","docs.qq.com","*.qzone.qq.com","mqq.tenpay.com","qpay.qq.com","h5.qianbao.qq.com","i.qianbao.qq.com","myun.tenpay.com","*ptlogin2.qq.com","*htdata.qq.com","*htdata2.qq.com","*pub.idqqimg.com\/qqmobile\/client\/ios\/webview*"]},"fwdViews":["*"]} QueueKey:null
09-07 13:53:01.672 30665 31048 E ArkApp.ArkAppConfigMgr: ArkSafe.initConfig, appname:com.tencent.gamecenter.hebao,config:{"ver":16,"name":"鼓力全开活动","icon":"","entry":0,"flag":0,"type":0,"urlWhitelist":{"res":["i.gtimg.cn","imgcache.gtimg.cn","imgcache.qq.com","vac.gtimg.cn","report.gamecenter.qq.com","hbproxy.qianbao.qq.com","*ptlogin2.qq.com","*htdata.qq.com","*htdata2.qq.com","*pub.idqqimg.com\/qqmobile\/client\/ios\/webview*"],"nav":["i.qianbao.qq.com","*ptlogin2.qq.com","*htdata.qq.com","*htdata2.qq.com","*pub.idqqimg.com\/qqmobile\/client\/ios\/webview*"]},"fwdViews":["*"]} QueueKey:null
09-07 13:53:01.674 30665 31048 E ArkApp.ArkAppConfigMgr: ArkSafe.initConfig, appname:com.tencent.gamecenter.newyear.gp,config:{"ver":32,"name":"和平精英春节活动","icon":"","entry":0,"flag":0,"type":0,"urlWhitelist":{"res":["*.gamecenter.qq.com","*.qlogo.cn","imgcache.qq.com","*.gamecenter.qq.com\/*","*ptlogin2.qq.com","*htdata.qq.com","*htdata2.qq.com","*pub.idqqimg.com\/qqmobile\/client\/ios\/webview*"],"nav":["*.gamecenter.qq.com","*.qlogo.cn","imgcache.qq.com","*.gamecenter.qq.com\/*","*ptlogin2.qq.com","*htdata.qq.com","*htdata2.qq.com","*pub.idqqimg.com\/qqmobile\/client\/ios\/webview*"]},"fwdViews":["*"]} QueueKey:null
09-07 13:53:01.689 30665 30863 E QQPermission.QQPermissionFactory: getQQPermission: activity or fragment is null
09-07 13:53:01.690 30665 30943 E QQPermission.QQPermissionFactory: getQQPermission: activity or fragment is null
09-07 13:53:01.691 30665 31131 E ArkApp.Engine: ApplicationInstance::Destroy, application=0x7e0f07f400, filesystem=0x7e0e9bc960 QueueKey: com.tencent.mannounce TheadID: 31131
09-07 13:53:01.694 30665 31133 E ArkApp.Engine: ApplicationInstance::Destroy, application=0x7e0bc18700, filesystem=0x7e12277a40 QueueKey: com.tencent.map TheadID: 31133
09-07 13:53:01.735 30665 31135 E ArkApp.Engine: ApplicationInstance::Destroy, application=0x7e09023f00, filesystem=0x7e123ff300 QueueKey: com.tencent.miniapp TheadID: 31135
09-07 13:53:01.745 30665 31138 E ArkApp.Engine: ApplicationInstance::Destroy, application=0x7e0ea51300, filesystem=0x7e0d82c5a0 QueueKey: com.tencent.structmsg TheadID: 31138
09-07 13:53:01.746 30665 30840 E weishi  : session key:MbyQaCkb7w
09-07 13:53:01.748 30665 31135 E ArkApp.Engine: ApplicationInstance::Destroy, application=0x7e09023f00, filesystem=0x7e0d82c240 QueueKey: com.tencent.miniapp TheadID: 31135
09-07 13:53:01.759 30665 30840 E weishi-Servlet: onSend occur exception.Exception detail=java.lang.NullPointerException: Attempt to invoke virtual method 'java.lang.String android.net.wifi.WifiInfo.getSSID()' on a null object reference
09-07 13:53:01.759 30665 30840 E weishi-Servlet: 	at com.tencent.qmethod.pandoraex.monitor.NetworkMonitor.getSSID(P:9)
09-07 13:53:01.759 30665 30840 E weishi-Servlet: 	at com.tencent.biz.pubaccount.weishi.report.a.j(P:4)
09-07 13:53:01.759 30665 30840 E weishi-Servlet: 	at com.tencent.biz.pubaccount.weishi.net.k.k(P:34)
09-07 13:53:01.759 30665 30840 E weishi-Servlet: 	at com.tencent.biz.pubaccount.weishi.net.k.getEncodedUniParameter(P:1)
09-07 13:53:01.759 30665 30840 E weishi-Servlet: 	at com.tencent.biz.pubaccount.weishi.net.k.encode(P:4)
09-07 13:53:01.759 30665 30840 E weishi-Servlet: 	at com.tencent.biz.pubaccount.weishi.net.m.onSend(P:6)
09-07 13:53:01.759 30665 30840 E weishi-Servlet: 	at mqq.app.MSFServlet.service(P:2)
09-07 13:53:01.759 30665 30840 E weishi-Servlet: 	at mqq.app.ServletContainer$2.run(P:4)
09-07 13:53:01.759 30665 30840 E weishi-Servlet: 	at java.util.concurrent.ThreadPoolExecutor.runWorker(ThreadPoolExecutor.java:1167)
09-07 13:53:01.759 30665 30840 E weishi-Servlet: 	at java.util.concurrent.ThreadPoolExecutor$Worker.run(ThreadPoolExecutor.java:641)
09-07 13:53:01.759 30665 30840 E weishi-Servlet: 	at java.lang.Thread.run(Thread.java:764)
09-07 13:53:01.775 30665 30863 E e       : getSystemProperty getprop return fail
09-07 13:53:01.776 30665 30863 I chatty  : uid=10315(com.tencent.mobileqq) identical 4 lines
09-07 13:53:01.776 30665 30863 E e       : getSystemProperty getprop return fail
09-07 13:53:01.801 30665 30863 E YesApiImpl: doWhenQQLogin START - true
09-07 13:53:01.850 30665 30863 E Leba.CommPluginHandler: getAnotherStyleAllPluginList not enable
09-07 13:53:02.442 30665 30688 E QQPermission.QQPermissionFactory: getQQPermission: activity or fragment is null
09-07 13:53:02.476 30647 31175 E RMonitor_manager_PluginMng: can not find plugin {name: device, id: 131, mode: 0, entrance: com.tencent.rmonitor.device.DeviceInfoMonitor}java.lang.ClassNotFoundException: com.tencent.rmonitor.device.DeviceInfoMonitor
09-07 13:53:02.476 30647 31175 E RMonitor_manager_PluginMng: 	at java.lang.Class.classForName(Native Method)
09-07 13:53:02.476 30647 31175 E RMonitor_manager_PluginMng: 	at java.lang.Class.forName(Class.java:453)
09-07 13:53:02.476 30647 31175 E RMonitor_manager_PluginMng: 	at java.lang.Class.forName(Class.java:378)
09-07 13:53:02.476 30647 31175 E RMonitor_manager_PluginMng: 	at com.tencent.rmonitor.c.d.g(P:2)
09-07 13:53:02.476 30647 31175 E RMonitor_manager_PluginMng: 	at com.tencent.rmonitor.c.d.h(P:2)
09-07 13:53:02.476 30647 31175 E RMonitor_manager_PluginMng: 	at com.tencent.rmonitor.c.d.c(P:5)
09-07 13:53:02.476 30647 31175 E RMonitor_manager_PluginMng: 	at com.tencent.rmonitor.c.c.f(P:9)
09-07 13:53:02.476 30647 31175 E RMonitor_manager_PluginMng: 	at com.tencent.rmonitor.Magnifier$1.run(P:3)
09-07 13:53:02.476 30647 31175 E RMonitor_manager_PluginMng: 	at android.os.Handler.handleCallback(Handler.java:873)
09-07 13:53:02.476 30647 31175 E RMonitor_manager_PluginMng: 	at android.os.Handler.dispatchMessage(Handler.java:99)
09-07 13:53:02.476 30647 31175 E RMonitor_manager_PluginMng: 	at android.os.Looper.loop(Looper.java:224)
09-07 13:53:02.476 30647 31175 E RMonitor_manager_PluginMng: 	at android.os.HandlerThread.run(HandlerThread.java:65)
09-07 13:53:02.476 30647 31175 E RMonitor_manager_PluginMng: Caused by: java.lang.ClassNotFoundException: Didn't find class "com.tencent.rmonitor.device.DeviceInfoMonitor" on path: DexPathList[[zip file "/system/framework/org.apache.http.legacy.boot.jar", zip file "/data/app/com.tencent.mobileqq-9NPNTOx62ULAduw2aTKEhw==/base.apk"],nativeLibraryDirectories=[/data/app/com.tencent.mobileqq-9NPNTOx62ULAduw2aTKEhw==/lib/arm64, /data/app/com.tencent.mobileqq-9NPNTOx62ULAduw2aTKEhw==/base.apk!/lib/arm64-v8a, /system/lib64]]
09-07 13:53:02.476 30647 31175 E RMonitor_manager_PluginMng: 	at dalvik.system.BaseDexClassLoader.findClass(BaseDexClassLoader.java:134)
09-07 13:53:02.476 30647 31175 E RMonitor_manager_PluginMng: 	at java.lang.ClassLoader.loadClass(ClassLoader.java:379)
09-07 13:53:02.476 30647 31175 E RMonitor_manager_PluginMng: 	at java.lang.ClassLoader.loadClass(ClassLoader.java:312)
09-07 13:53:02.476 30647 31175 E RMonitor_manager_PluginMng: 	... 12 more
09-07 13:53:14.982 30665 30873 E [cmshow]ApolloManager: [onCreate] init success!
09-07 13:53:15.007 30665 31028 E [zplan][TraceReport]: init error, outside not init config
09-07 13:53:15.008 30665 30688 E [cmshow]ApolloConfigUtils: parseUrlConfig array is null
09-07 13:53:15.116 30665 30873 E Leba.Helper: onGetPluginConfig saveDb end. saveDbSuc=true, isAddNew=false, isChange= false
09-07 13:53:15.144 30665 30863 E QVipConfigProcessor: com.tencent.mobileqq.vas.config.business.qvip.QVipSDKProcessor.parsed content count=1
09-07 13:53:15.178 30665 30935 E SQLiteLog: (1) no such table: mr_friend_17DA67F9FF9BA19F3618F8BC1809F54D_New
09-07 13:53:15.179 30665 30935 E SQLiteLog: (1) no such table: mr_friend_17DA67F9FF9BA19F3618F8BC1809F54D_New
09-07 13:53:15.268 30665 31028 E [cmshow]ApolloSoLoader: [loadAllSo], Notify ark jsc has loaded.
09-07 13:53:15.705 30665 31199 E VasIPCModule: onCall missing action = com.tencent.mobileqq.vip.o$getPrivilegeFlags
09-07 13:53:15.714 30665 31199 E IndividuationUrlHelper: parseJson, startIndex < endIndex, element={"platformId":"0","minVersion":"7.9.7","maxVersion":"99.99.99","startIndex":0,"endIndex":9,"min":0,"max":9,"url":"https:\/\/zb.vip.qq.com\/v2\/pages\/widgetMall?_wv=5123&client=[client]&version=[version]&platformId=[platformId]&device=[device]&system=[system]&uin=[uin]&adtag=[adtag]","whiteUser":"","isDefault":1,"business":"FriendToDIYPendant","userType":7}
09-07 13:53:15.714 30665 31199 E IndividuationUrlHelper: parseJson, startIndex < endIndex, element={"platformId":"0","minVersion":"7.9.7","maxVersion":"99.99.99","startIndex":0,"endIndex":9,"min":0,"max":9,"url":"https:\/\/zb.vip.qq.com\/sonic\/widget\/home?uin=[uin]&client=[client]&version=[version]&=[platformId]&device=[device]&system=[system]&adtag=index.h5&_wv=16778243&sharefri=[sharefri]","whiteUser":"","isDefault":1,"business":"FriendToPendant","userType":7}
09-07 13:53:15.715 30665 31199 E VasIPCModule: onCall missing action = com.tencent.mobileqq.vip.o$getPrivilegeFlags
09-07 13:53:15.806 30665 31215 E VasIPCModule: onCall missing action = com.tencent.mobileqq.vip.o$getPrivilegeFlags
09-07 13:53:15.975 30665 31198 E [QcirclePublish]QCirclePreLoadManager: getInstance
09-07 13:53:15.982 30665 31187 E SwiftWebViewUtils: Config is not valid: {"platformId":"0","minVersion":"7.2.5.000","maxVersion":"9.9.9.9999","startIndex":1,"endIndex":1,"min":0,"max":9,"business":"sonicWhiteList","businessId":"1","configs":{"qun.qq.com":["\/qqweb\/m\/qunopen\/appstore\/index.html"],"buluo.qq.com":["\/mobile\/buluoindex.html","\/mobile\/v2\/buluoindex.html"],"now.qq.com":["*"],"ti.qq.com":["*"],"mma.qq.com":["*"],"qim.qq.com":["*"],"qvq.qq.com":["*"],"im.qq.com":["*"],"mmatest.qq.com":["*"],"m.egame.qq.com":["*"],"cdn.egame.qq.com":["*"],"yundong.qq.com":["\/sonic\/*"],"nearby.qq.com":["*"],"lgame.qq.com":["*"],"umall.vip.qq.com":["*"],"h5.cmshow.qq.com":["*"]}}
09-07 13:53:15.983 30665 31187 E SwiftWebViewUtils: Config is not valid: {"platformId":"0","minVersion":"7.2.5.000","maxVersion":"9.9.9.9999","startIndex":1,"endIndex":1,"min":0,"max":9,"business":"sonicWhiteList","businessId":"1","configs":{"qun.qq.com":["\/qqweb\/m\/qunopen\/appstore\/index.html"],"buluo.qq.com":["\/mobile\/buluoindex.html","\/mobile\/v2\/buluoindex.html"],"now.qq.com":["*"],"ti.qq.com":["*"],"mma.qq.com":["*"],"qim.qq.com":["*"],"qvq.qq.com":["*"],"im.qq.com":["*"],"mmatest.qq.com":["*"],"m.egame.qq.com":["*"],"cdn.egame.qq.com":["*"],"yundong.qq.com":["\/sonic\/*"],"nearby.qq.com":["*"],"lgame.qq.com":["*"],"umall.vip.qq.com":["*"],"h5.cmshow.qq.com":["*"]}}
09-07 13:53:15.983 30665 31187 E SwiftWebViewUtils: Config is not valid: {"platformId":"2","minVersion":"7.5.5.000","maxVersion":"9.9.9.9999","startIndex":0,"endIndex":1,"min":0,"max":9,"business":"X5Config","businessId":"2","mainThreadControl":0,"enableQuic":1}
09-07 13:53:15.983 30665 31187 E SwiftWebViewUtils: Config is not valid: {"platformId":"2","minVersion":"7.5.5.000","maxVersion":"9.9.9.9999","startIndex":0,"endIndex":1,"min":0,"max":9,"business":"X5Config","businessId":"2","mainThreadControl":0,"enableQuic":1}
09-07 13:53:15.988 30665 30873 E SQLiteLog: (1) table ZPlanUserInfo has no column named gender
09-07 13:53:15.989 30665 30873 E SQLiteDatabase: Error inserting uin=
09-07 13:53:15.989 30665 30873 E SQLiteDatabase: ���� gender=0 appearanceKey= appearanceTimeStamp=0
09-07 13:53:15.989 30665 30873 E SQLiteDatabase: android.database.sqlite.SQLiteException: table ZPlanUserInfo has no column named gender (code 1 SQLITE_ERROR): , while compiling: INSERT OR REPLACE  INTO ZPlanUserInfo(uin,gender,appearanceKey,appearanceTimeStamp) VALUES (?,?,?,?)
09-07 13:53:15.989 30665 30873 E SQLiteDatabase: 	at android.database.sqlite.SQLiteConnection.nativePrepareStatement(Native Method)
09-07 13:53:15.989 30665 30873 E SQLiteDatabase: 	at android.database.sqlite.SQLiteConnection.acquirePreparedStatement(SQLiteConnection.java:946)
09-07 13:53:15.989 30665 30873 E SQLiteDatabase: 	at android.database.sqlite.SQLiteConnection.prepare(SQLiteConnection.java:527)
09-07 13:53:15.989 30665 30873 E SQLiteDatabase: 	at android.database.sqlite.SQLiteSession.prepare(SQLiteSession.java:588)
09-07 13:53:15.989 30665 30873 E SQLiteDatabase: 	at android.database.sqlite.SQLiteProgram.<init>(SQLiteProgram.java:58)
09-07 13:53:15.989 30665 30873 E SQLiteDatabase: 	at android.database.sqlite.SQLiteStatement.<init>(SQLiteStatement.java:31)
09-07 13:53:15.989 30665 30873 E SQLiteDatabase: 	at android.database.sqlite.SQLiteDatabase.insertWithOnConflict(SQLiteDatabase.java:1562)
09-07 13:53:15.989 30665 30873 E SQLiteDatabase: 	at android.database.sqlite.SQLiteDatabase.replace(SQLiteDatabase.java:1480)
09-07 13:53:15.989 30665 30873 E SQLiteDatabase: 	at com.tencent.mobileqq.app.SQLiteDatabase.replace(P:4)
09-07 13:53:15.989 30665 30873 E SQLiteDatabase: 	at com.tencent.mobileqq.persistence.EntityManager.insertOrReplace(P:8)
09-07 13:53:15.989 30665 30873 E SQLiteDatabase: 	at com.tencent.mobileqq.persistence.OGEntityManager.insertOrReplace(P:1)
09-07 13:53:15.989 30665 30873 E SQLiteDatabase: 	at com.tencent.mobileqq.persistence.EntityManager.persistOrReplace(P:2)
09-07 13:53:15.989 30665 30873 E SQLiteDatabase: 	at com.tencent.mobileqq.zplan.s.a.c(P:3)
09-07 13:53:15.989 30665 30873 E SQLiteDatabase: 	at com.tencent.mobileqq.zplan.s.a.e(P:2)
09-07 13:53:15.989 30665 30873 E SQLiteDatabase: 	at com.tencent.mobileqq.zplan.s.c.h(P:3)
09-07 13:53:15.989 30665 30873 E SQLiteDatabase: 	at com.tencent.mobileqq.zplan.push.ZPlanProfileProcessor.onGetProfileDetailResponse(P:20)
09-07 13:53:15.989 30665 30873 E SQLiteDatabase: 	at com.tencent.mobileqq.profilecommon.api.impl.ProfileCommonServiceImpl.responseGetProfileDetail(P:8)
09-07 13:53:15.989 30665 30873 E SQLiteDatabase: 	at com.tencent.mobileqq.d2.a.a.U4(P:17)
09-07 13:53:15.989 30665 30873 E SQLiteDatabase: 	at com.tencent.mobileqq.d2.a.a.onReceive(P:4)
09-07 13:53:15.989 30665 30873 E SQLiteDatabase: 	at com.tencent.mobileqq.service.MobileQQServiceBase.dispatchToHandler(P:6)
09-07 13:53:15.989 30665 30873 E SQLiteDatabase: 	at com.tencent.mobileqq.service.MobileQQServiceBase.handleResponse(P:16)
09-07 13:53:15.989 30665 30873 E SQLiteDatabase: 	at com.tencent.mobileqq.service.b.handleResponse(P:2)
09-07 13:53:15.989 30665 30873 E SQLiteDatabase: 	at com.tencent.common.app.AppInterface.receiveToService(P:2)
09-07 13:53:15.989 30665 30873 E SQLiteDatabase: 	at com.tencent.mobileqq.app.QQAppInterface.receiveToService(P:1)
09-07 13:53:15.989 30665 30873 E SQLiteDatabase: 	at com.tencent.mobileqq.x.a.onReceive(P:5)
09-07 13:53:15.989 30665 30873 E SQLiteDatabase: 	at mqq.app.MSFServlet.onReceive(P:2)
09-07 13:53:15.989 30665 30873 E SQLiteDatabase: 	at mqq.app.ServletContainer.notifyMSFServlet(P:2)
09-07 13:53:15.989 30665 30873 E SQLiteDatabase: 	at mqq.app.MainService.receiveMessageFromMSF(P:33)
09-07 13:53:15.989 30665 30873 E SQLiteDatabase: 	at mqq.app.MainService.access$500(P:1)
09-07 13:53:15.989 30665 30873 E SQLiteDatabase: 	at mqq.app.MainService$2.onRecvResp(P:1)
09-07 13:53:15.989 30665 30873 E SQLiteDatabase: 	at com.tencent.mobileqq.msf.sdk.MsfRespHandleUtil.handleRespMsg(P:139)
09-07 13:53:15.989 30665 30873 E SQLiteDatabase: 	at mqq.app.msghandle.MSFRespHandleTask.doHandleResp(P:2)
09-07 13:53:15.989 30665 30873 E SQLiteDatabase: 	at mqq.app.msghandle.MSFRespHandleTask.handleCommonMsg(P:1)
09-07 13:53:15.989 30665 30873 E SQLiteDatabase: 	at mqq.app.msghandle.MSFRespHandleTask.run(P:5)
09-07 13:53:15.989 30665 30873 E SQLiteDatabase: 	at android.os.Handler.handleCallback(Handler.java:873)
09-07 13:53:15.989 30665 30873 E SQLiteDatabase: 	at android.os.Handler.dispatchMessage(Handler.java:99)
09-07 13:53:15.989 30665 30873 E SQLiteDatabase: 	at android.os.Looper.loop(Looper.java:224)
09-07 13:53:15.989 30665 30873 E SQLiteDatabase: 	at android.os.HandlerThread.run(HandlerThread.java:65)
09-07 13:53:15.990 30665 30873 E SQLiteLog: (1) table ZPlanUserInfo has no column named gender
09-07 13:53:15.991 30665 30873 E SQLiteDatabase: Error inserting uin=
09-07 13:53:15.991 30665 30873 E SQLiteDatabase: ���� gender=0 appearanceKey= appearanceTimeStamp=0
09-07 13:53:15.991 30665 30873 E SQLiteDatabase: android.database.sqlite.SQLiteException: table ZPlanUserInfo has no column named gender (code 1 SQLITE_ERROR): , while compiling: INSERT OR REPLACE  INTO ZPlanUserInfo(uin,gender,appearanceKey,appearanceTimeStamp) VALUES (?,?,?,?)
09-07 13:53:15.991 30665 30873 E SQLiteDatabase: 	at android.database.sqlite.SQLiteConnection.nativePrepareStatement(Native Method)
09-07 13:53:15.991 30665 30873 E SQLiteDatabase: 	at android.database.sqlite.SQLiteConnection.acquirePreparedStatement(SQLiteConnection.java:946)
09-07 13:53:15.991 30665 30873 E SQLiteDatabase: 	at android.database.sqlite.SQLiteConnection.prepare(SQLiteConnection.java:527)
09-07 13:53:15.991 30665 30873 E SQLiteDatabase: 	at android.database.sqlite.SQLiteSession.prepare(SQLiteSession.java:588)
09-07 13:53:15.991 30665 30873 E SQLiteDatabase: 	at android.database.sqlite.SQLiteProgram.<init>(SQLiteProgram.java:58)
09-07 13:53:15.991 30665 30873 E SQLiteDatabase: 	at android.database.sqlite.SQLiteStatement.<init>(SQLiteStatement.java:31)
09-07 13:53:15.991 30665 30873 E SQLiteDatabase: 	at android.database.sqlite.SQLiteDatabase.insertWithOnConflict(SQLiteDatabase.java:1562)
09-07 13:53:15.991 30665 30873 E SQLiteDatabase: 	at android.database.sqlite.SQLiteDatabase.replace(SQLiteDatabase.java:1480)
09-07 13:53:15.991 30665 30873 E SQLiteDatabase: 	at com.tencent.mobileqq.app.SQLiteDatabase.replace(P:4)
09-07 13:53:15.991 30665 30873 E SQLiteDatabase: 	at com.tencent.mobileqq.persistence.EntityManager.insertOrReplace(P:11)
09-07 13:53:15.991 30665 30873 E SQLiteDatabase: 	at com.tencent.mobileqq.persistence.OGEntityManager.insertOrReplace(P:1)
09-07 13:53:15.991 30665 30873 E SQLiteDatabase: 	at com.tencent.mobileqq.persistence.EntityManager.persistOrReplace(P:2)
09-07 13:53:15.991 30665 30873 E SQLiteDatabase: 	at com.tencent.mobileqq.zplan.s.a.c(P:3)
09-07 13:53:15.991 30665 30873 E SQLiteDatabase: 	at com.tencent.mobileqq.zplan.s.a.e(P:2)
09-07 13:53:15.991 30665 30873 E SQLiteDatabase: 	at com.tencent.mobileqq.zplan.s.c.h(P:3)
09-07 13:53:15.991 30665 30873 E SQLiteDatabase: 	at com.tencent.mobileqq.zplan.push.ZPlanProfileProcessor.onGetProfileDetailResponse(P:20)
09-07 13:53:15.991 30665 30873 E SQLiteDatabase: 	at com.tencent.mobileqq.profilecommon.api.impl.ProfileCommonServiceImpl.responseGetProfileDetail(P:8)
09-07 13:53:15.991 30665 30873 E SQLiteDatabase: 	at com.tencent.mobileqq.d2.a.a.U4(P:17)
09-07 13:53:15.991 30665 30873 E SQLiteDatabase: 	at com.tencent.mobileqq.d2.a.a.onReceive(P:4)
09-07 13:53:15.991 30665 30873 E SQLiteDatabase: 	at com.tencent.mobileqq.service.MobileQQServiceBase.dispatchToHandler(P:6)
09-07 13:53:15.991 30665 30873 E SQLiteDatabase: 	at com.tencent.mobileqq.service.MobileQQServiceBase.handleResponse(P:16)
09-07 13:53:15.991 30665 30873 E SQLiteDatabase: 	at com.tencent.mobileqq.service.b.handleResponse(P:2)
09-07 13:53:15.991 30665 30873 E SQLiteDatabase: 	at com.tencent.common.app.AppInterface.receiveToService(P:2)
09-07 13:53:15.991 30665 30873 E SQLiteDatabase: 	at com.tencent.mobileqq.app.QQAppInterface.receiveToService(P:1)
09-07 13:53:15.991 30665 30873 E SQLiteDatabase: 	at com.tencent.mobileqq.x.a.onReceive(P:5)
09-07 13:53:15.991 30665 30873 E SQLiteDatabase: 	at mqq.app.MSFServlet.onReceive(P:2)
09-07 13:53:15.991 30665 30873 E SQLiteDatabase: 	at mqq.app.ServletContainer.notifyMSFServlet(P:2)
09-07 13:53:15.991 30665 30873 E SQLiteDatabase: 	at mqq.app.MainService.receiveMessageFromMSF(P:33)
09-07 13:53:15.991 30665 30873 E SQLiteDatabase: 	at mqq.app.MainService.access$500(P:1)
09-07 13:53:15.991 30665 30873 E SQLiteDatabase: 	at mqq.app.MainService$2.onRecvResp(P:1)
09-07 13:53:15.991 30665 30873 E SQLiteDatabase: 	at com.tencent.mobileqq.msf.sdk.MsfRespHandleUtil.handleRespMsg(P:139)
09-07 13:53:15.991 30665 30873 E SQLiteDatabase: 	at mqq.app.msghandle.MSFRespHandleTask.doHandleResp(P:2)
09-07 13:53:15.991 30665 30873 E SQLiteDatabase: 	at mqq.app.msghandle.MSFRespHandleTask.handleCommonMsg(P:1)
09-07 13:53:15.991 30665 30873 E SQLiteDatabase: 	at mqq.app.msghandle.MSFRespHandleTask.run(P:5)
09-07 13:53:15.991 30665 30873 E SQLiteDatabase: 	at android.os.Handler.handleCallback(Handler.java:873)
09-07 13:53:15.991 30665 30873 E SQLiteDatabase: 	at android.os.Handler.dispatchMessage(Handler.java:99)
09-07 13:53:15.991 30665 30873 E SQLiteDatabase: 	at android.os.Looper.loop(Looper.java:224)
09-07 13:53:15.991 30665 30873 E SQLiteDatabase: 	at android.os.HandlerThread.run(HandlerThread.java:65)
09-07 13:53:15.991 30665 30873 E EntityManager: replace or insert error with -1 true
09-07 13:53:16.004 30665 30873 E vip_ptt.SttManagerApiImpl.: it have change the account so init ptt state value
09-07 13:53:16.008 30665 30873 E QVipConfigProcessor: com.tencent.mobileqq.vas.config.business.qvip.QVipAutoPttProcessor.parsed content count=3
09-07 13:53:16.008 30665 30873 E VasIPCModule: onCall missing action = com.tencent.mobileqq.vip.o$isSVip
09-07 13:53:16.008 30665 30873 E vip_ptt.SttManagerApiImpl.: ignore initAutoToTextSwitch is svip=false stage=3
09-07 13:53:16.008 30665 30873 E vip_ptt.SttManagerApiImpl.: initAutoToTextSwitch enable=false
09-07 13:53:16.009 30665 30873 E VasIPCModule: onCall missing action = com.tencent.mobileqq.vip.o$isSVip
09-07 13:53:16.016 30665 30873 E RecentUserCacheHelper: update: msgBoxRecentUsers.isEmpty()
09-07 13:53:16.018 30665 30873 I chatty  : uid=10315(com.tencent.mobileqq) identical 2 lines
09-07 13:53:16.018 30665 30873 E RecentUserCacheHelper: update: msgBoxRecentUsers.isEmpty()
09-07 13:53:16.073 30665 30967 E ZPlanAvatarImageManager: requestBannerStaticImgInfo failed, callback invalid!
09-07 13:53:16.404 30665 31198 E VasIPCModule: onCall missing action = com.tencent.mobileqq.vas.api.impl.AppIconSwitchManager$checkAndSwitchIcon
09-07 13:53:16.431 30665 31267 E QWalletHelperImpl: error msg in qqpay-impl module: java.lang.NumberFormatException: s == null
09-07 13:53:16.431 30665 31267 E QWalletHelperImpl: 	at java.lang.Integer.parseInt(Integer.java:577)
09-07 13:53:16.431 30665 31267 E QWalletHelperImpl: 	at java.lang.Integer.parseInt(Integer.java:650)
09-07 13:53:16.431 30665 31267 E QWalletHelperImpl: 	at cooperation.qwallet.plugin.impl.QWalletHelperImpl.updateHongBaoSpeedWitch(P:1)
09-07 13:53:16.431 30665 31267 E QWalletHelperImpl: 	at com.tencent.mobileqq.config.splashlogo.ConfigServlet.V(P:88)
09-07 13:53:16.431 30665 31267 E QWalletHelperImpl: 	at com.tencent.mobileqq.config.splashlogo.ConfigServlet.T1(P:283)
09-07 13:53:16.431 30665 31267 E QWalletHelperImpl: 	at com.tencent.mobileqq.config.a.a.g(P:1)
09-07 13:53:16.431 30665 31267 E QWalletHelperImpl: 	at com.tencent.mobileqq.config.QConfigServlet.g(P:16)
09-07 13:53:16.431 30665 31267 E QWalletHelperImpl: 	at com.tencent.mobileqq.config.QConfigServlet.i(P:23)
09-07 13:53:16.431 30665 31267 E QWalletHelperImpl: 	at com.tencent.mobileqq.config.QConfigServlet$1.run(P:1)
09-07 13:53:16.431 30665 31267 E QWalletHelperImpl: 	at android.os.Handler.handleCallback(Handler.java:873)
09-07 13:53:16.431 30665 31267 E QWalletHelperImpl: 	at android.os.Handler.dispatchMessage(Handler.java:99)
09-07 13:53:16.431 30665 31267 E QWalletHelperImpl: 	at android.os.Looper.loop(Looper.java:224)
09-07 13:53:16.431 30665 31267 E QWalletHelperImpl: 	at android.os.HandlerThread.run(HandlerThread.java:65)
09-07 13:53:16.441 30665 31198 E CommonUsedSystemEmojiManager: mergeAndSortSystemEmojiInfo  list2 = NULL
09-07 13:53:16.544 30665 30873 E [cmshow]ApolloManager: handleAio2dBubbleAdv, data empty
09-07 13:53:16.545 30665 30873 E [cmshow]ApolloManager: handleKapuDownloadAdv, data empty
09-07 13:53:16.545 30665 30873 E [cmshow]ApolloManager: handleAio3dBubbleAdv, data empty
09-07 13:53:16.546 30665 30873 E [cmshow]ApolloManager: handleAio2dNewActionTipsAdv, data empty
09-07 13:53:16.546 30665 30873 E [cmshow]ApolloManager: handleAio3dNewActionTipsAdv, data empty
09-07 13:53:16.546 30665 30873 E [cmshow]ApolloManager: handleDrawerBubbleAdv, data empty
09-07 13:53:16.547 30665 30873 E [cmshow]ApolloManager: handleDrawerBubbleAdv, data empty
09-07 13:53:23.604 12460 12821 E awcn.TnetSpdySession: |[seq:umeng:546d7dd7fd98c58fc800082c.AWCN151_1] connect host:https://umengacs.m.taobao.com ip:203.119.128.124 port:80 sessionId:1662530003604 SpdyProtocol,:http2_0rtt_acs proxyIp,: proxyPort,:0
09-07 13:53:23.605 12460 12821 E awcn.Session: |[seq:umeng:546d7dd7fd98c58fc800082c.AWCN151_1] notifyStatus status:CONNECTING
09-07 13:53:23.643 12460 12820 E awcn.Session: |[seq:umeng:546d7dd7fd98c58fc800082c.AWCN151_1] notifyStatus status:CONNECTED
09-07 13:53:23.643 12460 12820 E NAccs.InAppConn_default:  auth URL:https://umengacs.m.taobao.com/accs/auth?1=Yxb4jenW6G8DAAMnawpgwtMM&2=2d3350db2a0721d3256994f9db4c3489eaf3cf26598dc122a583a1dbc724421e&3=umeng:546d7dd7fd98c58fc800082c&5=1&6=wifi&7=null&8=1.1.2&9=1662462114044&10=1&11=28&12=cn.missevan&13=5.7.3&14=android@umeng&15=vivo+X21A&16=vivo&17=221&19=0&20=
09-07 13:53:23.644 12460 12820 E awcn.TnetSpdySession: |[seq:umeng:546d7dd7fd98c58fc800082c.AWCN151_1] spdySessionConnectCB connect connectTime:35 sslTime:0
09-07 13:53:23.649  1710  2342 E SyncManager: Bind attempt failed - target: ComponentInfo{com.tencent.android.qqdownloader/com.live.sync.YYBLiveSyncService}
09-07 13:53:23.683 12460 12820 E NAccs.InAppConn_default:  auth httpStatusCode:200
09-07 13:53:23.683 12460 12820 E awcn.Session: |[seq:umeng:546d7dd7fd98c58fc800082c.AWCN151_1] notifyStatus status:AUTH_SUCC
09-07 13:53:23.684 12460 12843 E awcn.SessionRequest:  sendConnectInfoToAccsByService
09-07 13:53:23.687 12460 12843 E awcn.SessionRequest:  sendConnectInfoToAccsByCallBack
09-07 13:53:23.696 12460 12460 E NAccs.MsgDistribute:  distribMessage dataId:
09-07 13:53:23.696 12460 22263 E NAccs.MsgDistribute:  distribute ready action:com.taobao.accs.intent.action.RECEIVE dataId: serviceId:
09-07 13:53:23.696 12460 22263 E NAccs.MsgDistribute:  handBroadCastMsg command:103
09-07 13:53:23.701 12460 12821 E NAccs.InAppConn_default:  onConnectionChanged currentHost:https://umengacs.m.taobao.com changeHost:https://umengacs.m.taobao.com state:true
09-07 13:53:23.911  8163 31305 E libc    : Access denied finding property "net.dns1"
09-07 13:53:23.911  8163 31305 E libc    : Access denied finding property "net.dns2"
09-07 13:53:25.124 30665 31309 E RMonitor_manager_PluginMng: can not find plugin {name: device, id: 131, mode: 0, entrance: com.tencent.rmonitor.device.DeviceInfoMonitor}java.lang.ClassNotFoundException: com.tencent.rmonitor.device.DeviceInfoMonitor
09-07 13:53:25.124 30665 31309 E RMonitor_manager_PluginMng: 	at java.lang.Class.classForName(Native Method)
09-07 13:53:25.124 30665 31309 E RMonitor_manager_PluginMng: 	at java.lang.Class.forName(Class.java:453)
09-07 13:53:25.124 30665 31309 E RMonitor_manager_PluginMng: 	at java.lang.Class.forName(Class.java:378)
09-07 13:53:25.124 30665 31309 E RMonitor_manager_PluginMng: 	at com.tencent.rmonitor.c.d.g(P:2)
09-07 13:53:25.124 30665 31309 E RMonitor_manager_PluginMng: 	at com.tencent.rmonitor.c.d.h(P:2)
09-07 13:53:25.124 30665 31309 E RMonitor_manager_PluginMng: 	at com.tencent.rmonitor.c.d.c(P:5)
09-07 13:53:25.124 30665 31309 E RMonitor_manager_PluginMng: 	at com.tencent.rmonitor.c.c.f(P:9)
09-07 13:53:25.124 30665 31309 E RMonitor_manager_PluginMng: 	at com.tencent.rmonitor.Magnifier$1.run(P:3)
09-07 13:53:25.124 30665 31309 E RMonitor_manager_PluginMng: 	at android.os.Handler.handleCallback(Handler.java:873)
09-07 13:53:25.124 30665 31309 E RMonitor_manager_PluginMng: 	at android.os.Handler.dispatchMessage(Handler.java:99)
09-07 13:53:25.124 30665 31309 E RMonitor_manager_PluginMng: 	at android.os.Looper.loop(Looper.java:224)
09-07 13:53:25.124 30665 31309 E RMonitor_manager_PluginMng: 	at android.os.HandlerThread.run(HandlerThread.java:65)
09-07 13:53:25.124 30665 31309 E RMonitor_manager_PluginMng: Caused by: java.lang.ClassNotFoundException: Didn't find class "com.tencent.rmonitor.device.DeviceInfoMonitor" on path: DexPathList[[zip file "/system/framework/org.apache.http.legacy.boot.jar", zip file "/data/app/com.tencent.mobileqq-9NPNTOx62ULAduw2aTKEhw==/base.apk"],nativeLibraryDirectories=[/data/app/com.tencent.mobileqq-9NPNTOx62ULAduw2aTKEhw==/lib/arm64, /data/app/com.tencent.mobileqq-9NPNTOx62ULAduw2aTKEhw==/base.apk!/lib/arm64-v8a, /system/lib64]]
09-07 13:53:25.124 30665 31309 E RMonitor_manager_PluginMng: 	at dalvik.system.BaseDexClassLoader.findClass(BaseDexClassLoader.java:134)
09-07 13:53:25.124 30665 31309 E RMonitor_manager_PluginMng: 	at java.lang.ClassLoader.loadClass(ClassLoader.java:379)
09-07 13:53:25.124 30665 31309 E RMonitor_manager_PluginMng: 	at java.lang.ClassLoader.loadClass(ClassLoader.java:312)
09-07 13:53:25.124 30665 31309 E RMonitor_manager_PluginMng: 	... 12 more
09-07 13:53:25.131   588   588 E SELinux : avc:  denied  { find } for interface=android.hardware.memtrack::IMemtrack sid=u:r:untrusted_app_27:s0:c512,c768 pid=30665 scontext=u:r:untrusted_app_27:s0:c512,c768 tcontext=u:object_r:hal_memtrack_hwservice:s0 tclass=hwservice_manager permissive=0
09-07 13:53:25.132 30665 31314 E memtrack: Couldn't load memtrack module
09-07 13:53:25.226 30665 31309 E memtrack: Couldn't load memtrack module
09-07 13:53:25.230 30665 31314 E RMonitor_report_QuantileReporter: reportQuantileEvent fail! errorCode = 800, errorMsg =
09-07 13:53:25.757 30665 31319 E PlayerCore: loadLibDefault failed to load TPCore-master,dalvik.system.PathClassLoader[DexPathList[[zip file "/system/framework/org.apache.http.legacy.boot.jar", zip file "/data/app/com.tencent.mobileqq-9NPNTOx62ULAduw2aTKEhw==/base.apk"],nativeLibraryDirectories=[/data/app/com.tencent.mobileqq-9NPNTOx62ULAduw2aTKEhw==/lib/arm64, /data/app/com.tencent.mobileqq-9NPNTOx62ULAduw2aTKEhw==/base.apk!/lib/arm64-v8a, /system/lib64]]] couldn't find "libTPCore-master.so"
09-07 13:53:25.757 30665 31319 E PlayerCore: Failed to load native libs
09-07 13:53:25.757 30665 31319 E PlayerCore: TPNativeLibraryLoader isLibLoaded error:Failed to load native library
09-07 13:53:25.758 30665 31318 E PlayerCore: loadLibDefault failed to load TPCore-master,dalvik.system.PathClassLoader[DexPathList[[zip file "/system/framework/org.apache.http.legacy.boot.jar", zip file "/data/app/com.tencent.mobileqq-9NPNTOx62ULAduw2aTKEhw==/base.apk"],nativeLibraryDirectories=[/data/app/com.tencent.mobileqq-9NPNTOx62ULAduw2aTKEhw==/lib/arm64, /data/app/com.tencent.mobileqq-9NPNTOx62ULAduw2aTKEhw==/base.apk!/lib/arm64-v8a, /system/lib64]]] couldn't find "libTPCore-master.so"
09-07 13:53:25.758 30665 31318 E PlayerCore: Failed to load native libs
09-07 13:53:25.758 30665 31318 E PlayerCore: TPNativeLibraryLoader isLibLoaded error:Failed to load native library
09-07 13:53:25.861 30665 31198 E Ilive   :  isVersionChange = false
09-07 13:53:25.909 30665 31198 E QVipConfigProcessor: com.tencent.mobileqq.vas.config.business.qvip.QVipPersonalIconProcessor.parsed content count=1
09-07 13:53:26.012 30665 31198 E SQLiteLog: (1) no such table: mr_friend_45B4F8ABE6C172CAB391E43E1E0E6611_New
09-07 13:53:26.015 30665 31198 E IAutomator: [CameraCategoryMaterialStep] doStep....
09-07 13:53:26.087 30665 31323 E PlayerCore: loadLibDefault failed to load TPCore-master,dalvik.system.PathClassLoader[DexPathList[[zip file "/system/framework/org.apache.http.legacy.boot.jar", zip file "/data/app/com.tencent.mobileqq-9NPNTOx62ULAduw2aTKEhw==/base.apk"],nativeLibraryDirectories=[/data/app/com.tencent.mobileqq-9NPNTOx62ULAduw2aTKEhw==/lib/arm64, /data/app/com.tencent.mobileqq-9NPNTOx62ULAduw2aTKEhw==/base.apk!/lib/arm64-v8a, /system/lib64]]] couldn't find "libTPCore-master.so"
09-07 13:53:26.087 30665 31323 E PlayerCore: Failed to load native libs
09-07 13:53:26.087 30665 31323 E PlayerCore: TPNativeLibraryLoader isLibLoaded error:Failed to load native library
09-07 13:53:43.869  1710  2037 E ActivityManager: Sending non-protected broadcast com.vivo.aiengine.intent.action.SMART_SCHEDULER from system uid 1000 pkg com.vivo.aiengine
09-07 13:53:43.881  1710  2037 E ActivityManager: Sending non-protected broadcast com.vivo.aiengine.intent.action.SMART_SCHEDULER from system uid 1000 pkg com.vivo.aiengine
09-07 13:53:43.883  1710  2037 E ActivityManager: Sending non-protected broadcast com.vivo.pem.power from system uid 1000 pkg com.vivo.pem
09-07 13:53:43.955  2635  3033 E PowerMonitor: exception In sysProcTransDectect java.lang.NoSuchMethodException: vivoGetNetworkStatsUidDetailWithPackInfo [int]
09-07 13:53:43.965  1710  2029 E ActivityManager: Sending non-protected broadcast action.vivo.powercontrol from system 2635:com.vivo.pem/1000 pkg com.vivo.pem
09-07 13:53:43.966  1710  2029 E ActivityManager: Sending non-protected broadcast action.vivo.powercontrol from system 2635:com.vivo.pem/1000 pkg com.vivo.pem
09-07 13:53:43.995  1004  3051 E Netd    : tether checkPermission, pid:1710 uid:1000
09-07 13:53:44.013  4383  4437 E BitmapFactory: Unable to decode stream: java.io.FileNotFoundException: /oem/etc/theme/icons/dynamic_icon/com.android.BBKClock/res/drawable-sw360dp-xxhdpi/clock_hour.png (No such file or directory)
09-07 13:53:44.014  4383  4437 E BitmapFactory: Unable to decode stream: java.io.FileNotFoundException: /oem/etc/theme/icons/dynamic_icon/com.android.BBKClock/res/drawable-sw360dp-xxhdpi/clock_minute.png (No such file or directory)
09-07 13:53:44.017  4383  4437 E BitmapFactory: Unable to decode stream: java.io.FileNotFoundException: /oem/etc/theme/icons/dynamic_icon/com.android.BBKClock/res/drawable-sw360dp-xxhdpi/clock_dial.png (No such file or directory)
09-07 13:53:44.020  4383  4437 E BitmapFactory: Unable to decode stream: java.io.FileNotFoundException: /oem/etc/theme/icons/dynamic_icon/com.android.BBKClock/res/drawable-sw360dp-xxhdpi/clock_dial_center.png (No such file or directory)
09-07 13:53:44.085 30665 30688 E SQLiteLog: (1) no such table: mr_friend_BBBCA2C74347FFE57DBAFDBABFCB5DF0_New
09-07 13:54:14.153 31346 31346 E nt.mobileqq:MS: Not starting debugger since process cannot load the jdwp agent.
09-07 13:54:14.933 31369 31369 E encent.mobileq: Not starting debugger since process cannot load the jdwp agent.
09-07 13:55:05.321 31369 31369 E PandoraEx.ConfigManager: initDefaultConfig initLevel is defaultConfig
09-07 13:55:55.407 31369 31369 E 2g.outt : init
09-07 13:55:55.407 31369 31369 E 2g.outt : sync
09-07 13:55:55.432 31369 31369 E qiqili  : InitMemoryCache BaseApplicationImpl.sProcessId =1BaseApplicationImpl.processName=com.tencent.mobileqq
09-07 13:55:55.575 31369 31421 E System  :  ******** DEPRECATED FUNCTIONALITY ********
09-07 13:55:55.576 31369 31421 E System  :  * The implementation of the KeyFactory.RSA algorithm from
09-07 13:55:55.576 31369 31421 E System  :  * the BC provider is deprecated in this version of Android.
09-07 13:55:55.576 31369 31421 E System  :  * It will be removed in a future version of Android and your
09-07 13:55:55.576 31369 31421 E System  :  * application will no longer be able to request it.  Please see
09-07 13:55:55.576 31369 31421 E System  :  * https://android-developers.googleblog.com/2018/03/cryptography-changes-in-android-p.html
09-07 13:55:55.576 31369 31421 E System  :  * for more details.
09-07 13:55:55.725 31346 31346 E PandoraEx.ConfigManager: initDefaultConfig initLevel is defaultConfig
09-07 13:55:56.044 31346 31346 E MSF.C.NativeConfigStore: loadso msfbootV2 true resultCode=262144 cost=4
09-07 13:56:46.156  1710  2037 E ActivityManager: Sending non-protected broadcast com.vivo.pem.power from system uid 1000 pkg com.vivo.pem
09-07 13:56:46.159  1710  2037 E ActivityManager: Sending non-protected broadcast com.vivo.aiengine.intent.action.SMART_SCHEDULER from system uid 1000 pkg com.vivo.aiengine
09-07 13:56:46.165  1004  3051 E Netd    : tether checkPermission, pid:1710 uid:1000
09-07 13:56:46.237  4383  4437 E BitmapFactory: Unable to decode stream: java.io.FileNotFoundException: /oem/etc/theme/icons/dynamic_icon/com.android.BBKClock/res/drawable-sw360dp-xxhdpi/clock_hour.png (No such file or directory)
09-07 13:56:46.238  4383  4437 E BitmapFactory: Unable to decode stream: java.io.FileNotFoundException: /oem/etc/theme/icons/dynamic_icon/com.android.BBKClock/res/drawable-sw360dp-xxhdpi/clock_minute.png (No such file or directory)
09-07 13:56:46.239  4383  4437 E BitmapFactory: Unable to decode stream: java.io.FileNotFoundException: /oem/etc/theme/icons/dynamic_icon/com.android.BBKClock/res/drawable-sw360dp-xxhdpi/clock_dial.png (No such file or directory)
09-07 13:56:46.244  4383  4437 E BitmapFactory: Unable to decode stream: java.io.FileNotFoundException: /oem/etc/theme/icons/dynamic_icon/com.android.BBKClock/res/drawable-sw360dp-xxhdpi/clock_dial_center.png (No such file or directory)
09-07 13:56:46.326  2635  3033 E PowerMonitor: exception In sysProcTransDectect java.lang.NoSuchMethodException: vivoGetNetworkStatsUidDetailWithPackInfo [int]
09-07 13:56:46.353  1710  5749 E ActivityManager: Sending non-protected broadcast action.vivo.powercontrol from system 2635:com.vivo.pem/1000 pkg com.vivo.pem
09-07 13:56:46.356  1710  5749 E ActivityManager: Sending non-protected broadcast action.vivo.powercontrol from system 2635:com.vivo.pem/1000 pkg com.vivo.pem
09-07 13:56:54.355 31484 31484 E nt.mobileqq:MS: Not starting debugger since process cannot load the jdwp agent.
09-07 13:57:36.561 31503 31503 E encent.mobileq: Not starting debugger since process cannot load the jdwp agent.
09-07 13:58:27.114 12460 12820 E awcn.TnetSpdySession: |[seq:umeng:546d7dd7fd98c58fc800082c.AWCN151_1] spdySessionCloseCallback  errorCode::-2032
09-07 13:58:27.115 12460 12820 E awcn.Session: |[seq:umeng:546d7dd7fd98c58fc800082c.AWCN151_1] notifyStatus status:DISCONNECTED
09-07 13:58:27.115 12460 12843 E awcn.SessionRequest:  sendConnectInfoToAccsByService
09-07 13:58:27.119 12460 12843 E awcn.SessionRequest:  sendConnectInfoToAccsByCallBack
09-07 13:58:27.119 12460 12821 E NAccs.InAppConn_default:  onConnectionChanged currentHost:https://umengacs.m.taobao.com changeHost:https://umengacs.m.taobao.com state:false
09-07 13:58:27.128 12460 12460 E NAccs.MsgDistribute:  distribMessage dataId:
09-07 13:58:27.129 12460 22263 E NAccs.MsgDistribute:  distribute ready action:com.taobao.accs.intent.action.RECEIVE dataId: serviceId:
09-07 13:58:27.129 12460 22263 E NAccs.MsgDistribute:  handBroadCastMsg command:103
09-07 13:58:27.226 31503 31503 E PandoraEx.ConfigManager: initDefaultConfig initLevel is defaultConfig
09-07 13:58:27.319 31503 31503 E 2g.outt : init
09-07 13:58:27.319 31503 31503 E 2g.outt : sync
09-07 13:58:27.346 31503 31503 E qiqili  : InitMemoryCache BaseApplicationImpl.sProcessId =1BaseApplicationImpl.processName=com.tencent.mobileqq
09-07 13:58:36.906 31503 31548 E System  :  ******** DEPRECATED FUNCTIONALITY ********
09-07 13:58:36.906 31503 31548 E System  :  * The implementation of the KeyFactory.RSA algorithm from
09-07 13:58:36.907 31503 31548 E System  :  * the BC provider is deprecated in this version of Android.
09-07 13:58:36.907 31503 31548 E System  :  * It will be removed in a future version of Android and your
09-07 13:58:36.907 31503 31548 E System  :  * application will no longer be able to request it.  Please see
09-07 13:58:36.907 31503 31548 E System  :  * https://android-developers.googleblog.com/2018/03/cryptography-changes-in-android-p.html
09-07 13:58:36.907 31503 31548 E System  :  * for more details.
09-07 13:58:37.048 31484 31484 E PandoraEx.ConfigManager: initDefaultConfig initLevel is defaultConfig
09-07 13:58:37.365 31484 31484 E MSF.C.NativeConfigStore: loadso msfbootV2 true resultCode=262144 cost=3
09-07 13:58:37.803 31484 31484 E MSF.C.CodecWarpper: loadso codecwrapperV2 true resultCode=262144 cost=4
09-07 13:58:37.880 31484 31484 E 2g.outt : init
09-07 13:58:37.880 31484 31484 E 2g.outt : sync
09-07 13:58:37.962 31484 31653 E System  :  ******** DEPRECATED FUNCTIONALITY ********
09-07 13:58:37.962 31484 31653 E System  :  * The implementation of the KeyFactory.RSA algorithm from
09-07 13:58:37.962 31484 31653 E System  :  * the BC provider is deprecated in this version of Android.
09-07 13:58:37.962 31484 31653 E System  :  * It will be removed in a future version of Android and your
09-07 13:58:37.962 31484 31653 E System  :  * application will no longer be able to request it.  Please see
09-07 13:58:37.962 31484 31653 E System  :  * https://android-developers.googleblog.com/2018/03/cryptography-changes-in-android-p.html
09-07 13:58:37.962 31484 31653 E System  :  * for more details.
09-07 14:00:02.155 12460 12821 E awcn.TnetSpdySession: |[seq:umeng:546d7dd7fd98c58fc800082c.AWCN152_1] connect host:https://umengacs.m.taobao.com ip:203.119.128.124 port:80 sessionId:1662530402155 SpdyProtocol,:http2_0rtt_acs proxyIp,: proxyPort,:0
09-07 14:00:02.156 12460 12821 E awcn.Session: |[seq:umeng:546d7dd7fd98c58fc800082c.AWCN152_1] notifyStatus status:CONNECTING
09-07 14:00:02.198 12460 12820 E awcn.Session: |[seq:umeng:546d7dd7fd98c58fc800082c.AWCN152_1] notifyStatus status:CONNECTED
09-07 14:00:02.199 12460 12820 E NAccs.InAppConn_default:  auth URL:https://umengacs.m.taobao.com/accs/auth?1=Yxb4jenW6G8DAAMnawpgwtMM&2=2d3350db2a0721d3256994f9db4c3489eaf3cf26598dc122a583a1dbc724421e&3=umeng:546d7dd7fd98c58fc800082c&5=1&6=wifi&7=null&8=1.1.2&9=1662462114044&10=1&11=28&12=cn.missevan&13=5.7.3&14=android@umeng&15=vivo+X21A&16=vivo&17=221&19=0&20=
09-07 14:00:02.201 12460 12820 E awcn.TnetSpdySession: |[seq:umeng:546d7dd7fd98c58fc800082c.AWCN152_1] spdySessionConnectCB connect connectTime:42 sslTime:0
09-07 14:00:02.248 12460 12820 E NAccs.InAppConn_default:  auth httpStatusCode:200
09-07 14:00:02.248 12460 12820 E awcn.Session: |[seq:umeng:546d7dd7fd98c58fc800082c.AWCN152_1] notifyStatus status:AUTH_SUCC
09-07 14:00:02.249 12460 12843 E awcn.SessionRequest:  sendConnectInfoToAccsByService
09-07 14:00:02.269  1710  2037 E ActivityManager: Sending non-protected broadcast com.vivo.pem.power from system uid 1000 pkg com.vivo.pem
09-07 14:00:02.296 12460 12843 E awcn.SessionRequest:  sendConnectInfoToAccsByCallBack
09-07 14:00:02.298  2635  3033 E PowerMonitor: exception In sysProcTransDectect java.lang.NoSuchMethodException: vivoGetNetworkStatsUidDetailWithPackInfo [int]
09-07 14:00:02.300  1004  3051 E Netd    : tether checkPermission, pid:1710 uid:1000
09-07 14:00:02.300 12460 12821 E NAccs.InAppConn_default:  onConnectionChanged currentHost:https://umengacs.m.taobao.com changeHost:https://umengacs.m.taobao.com state:true
09-07 14:00:02.306 12460 12460 E NAccs.MsgDistribute:  distribMessage dataId:
09-07 14:00:02.307 12460 22263 E NAccs.MsgDistribute:  distribute ready action:com.taobao.accs.intent.action.RECEIVE dataId: serviceId:
09-07 14:00:02.308 12460 22263 E NAccs.MsgDistribute:  handBroadCastMsg command:103
09-07 14:00:02.349  1710  5747 E ActivityManager: Sending non-protected broadcast action.vivo.powercontrol from system 2635:com.vivo.pem/1000 pkg com.vivo.pem
09-07 14:00:02.350  1710  5747 E ActivityManager: Sending non-protected broadcast action.vivo.powercontrol from system 2635:com.vivo.pem/1000 pkg com.vivo.pem
09-07 14:00:02.365 31484 31484 E MD5     : loadso msfbootV2 true resultCode=262144 cost=1
09-07 14:00:02.399  4383  4437 E BitmapFactory: Unable to decode stream: java.io.FileNotFoundException: /oem/etc/theme/icons/dynamic_icon/com.android.BBKClock/res/drawable-sw360dp-xxhdpi/clock_hour.png (No such file or directory)
09-07 14:00:02.400  4383  4437 E BitmapFactory: Unable to decode stream: java.io.FileNotFoundException: /oem/etc/theme/icons/dynamic_icon/com.android.BBKClock/res/drawable-sw360dp-xxhdpi/clock_minute.png (No such file or directory)
