09-07 13:02:49.956 25012 25616 E RMonitor_manager_PluginMng: can not find plugin {name: device, id: 131, mode: 0, entrance: com.tencent.rmonitor.device.DeviceInfoMonitor}java.lang.ClassNotFoundException: com.tencent.rmonitor.device.DeviceInfoMonitor
09-07 13:02:49.956 25012 25616 E RMonitor_manager_PluginMng: 	at java.lang.Class.classForName(Native Method)
09-07 13:02:49.956 25012 25616 E RMonitor_manager_PluginMng: 	at java.lang.Class.forName(Class.java:453)
09-07 13:02:49.956 25012 25616 E RMonitor_manager_PluginMng: 	at java.lang.Class.forName(Class.java:378)
09-07 13:02:49.956 25012 25616 E RMonitor_manager_PluginMng: 	at com.tencent.rmonitor.c.d.g(P:2)
09-07 13:02:49.956 25012 25616 E RMonitor_manager_PluginMng: 	at com.tencent.rmonitor.c.d.h(P:2)
09-07 13:02:49.956 25012 25616 E RMonitor_manager_PluginMng: 	at com.tencent.rmonitor.c.d.c(P:5)
09-07 13:02:49.956 25012 25616 E RMonitor_manager_PluginMng: 	at com.tencent.rmonitor.c.c.f(P:9)
09-07 13:02:49.956 25012 25616 E RMonitor_manager_PluginMng: 	at com.tencent.rmonitor.Magnifier$1.run(P:3)
09-07 13:02:49.956 25012 25616 E RMonitor_manager_PluginMng: 	at android.os.Handler.handleCallback(Handler.java:873)
09-07 13:02:49.956 25012 25616 E RMonitor_manager_PluginMng: 	at android.os.Handler.dispatchMessage(Handler.java:99)
09-07 13:02:49.956 25012 25616 E RMonitor_manager_PluginMng: 	at android.os.Looper.loop(Looper.java:224)
09-07 13:02:49.956 25012 25616 E RMonitor_manager_PluginMng: 	at android.os.HandlerThread.run(HandlerThread.java:65)
09-07 13:02:49.956 25012 25616 E RMonitor_manager_PluginMng: Caused by: java.lang.ClassNotFoundException: Didn't find class "com.tencent.rmonitor.device.DeviceInfoMonitor" on path: DexPathList[[zip file "/system/framework/org.apache.http.legacy.boot.jar", zip file "/data/app/com.tencent.mobileqq-9NPNTOx62ULAduw2aTKEhw==/base.apk"],nativeLibraryDirectories=[/data/app/com.tencent.mobileqq-9NPNTOx62ULAduw2aTKEhw==/lib/arm64, /data/app/com.tencent.mobileqq-9NPNTOx62ULAduw2aTKEhw==/base.apk!/lib/arm64-v8a, /system/lib64]]
09-07 13:02:49.956 25012 25616 E RMonitor_manager_PluginMng: 	at dalvik.system.BaseDexClassLoader.findClass(BaseDexClassLoader.java:134)
09-07 13:02:49.956 25012 25616 E RMonitor_manager_PluginMng: 	at java.lang.ClassLoader.loadClass(ClassLoader.java:379)
09-07 13:02:49.956 25012 25616 E RMonitor_manager_PluginMng: 	at java.lang.ClassLoader.loadClass(ClassLoader.java:312)
09-07 13:02:49.956 25012 25616 E RMonitor_manager_PluginMng: 	... 12 more
09-07 13:02:49.962 25029 25613 E VasIPCModule: onCall missing action = com.tencent.mobileqq.vip.o$getPrivilegeFlags
09-07 13:02:49.971 25029 25613 E IndividuationUrlHelper: parseJson, startIndex < endIndex, element={"platformId":"0","minVersion":"7.9.7","maxVersion":"99.99.99","startIndex":0,"endIndex":9,"min":0,"max":9,"url":"https:\/\/zb.vip.qq.com\/v2\/pages\/widgetMall?_wv=5123&client=[client]&version=[version]&platformId=[platformId]&device=[device]&system=[system]&uin=[uin]&adtag=[adtag]","whiteUser":"","isDefault":1,"business":"FriendToDIYPendant","userType":7}
09-07 13:02:49.971 25029 25613 E IndividuationUrlHelper: parseJson, startIndex < endIndex, element={"platformId":"0","minVersion":"7.9.7","maxVersion":"99.99.99","startIndex":0,"endIndex":9,"min":0,"max":9,"url":"https:\/\/zb.vip.qq.com\/sonic\/widget\/home?uin=[uin]&client=[client]&version=[version]&=[platformId]&device=[device]&system=[system]&adtag=index.h5&_wv=16778243&sharefri=[sharefri]","whiteUser":"","isDefault":1,"business":"FriendToPendant","userType":7}
09-07 13:02:49.972 25029 25613 E VasIPCModule: onCall missing action = com.tencent.mobileqq.vip.o$getPrivilegeFlags
09-07 13:02:50.019 25029 25629 E VasIPCModule: onCall missing action = com.tencent.mobileqq.vip.o$getPrivilegeFlags
09-07 13:02:50.228 25029 25613 E [QcirclePublish]QCirclePreLoadManager: getInstance
09-07 13:02:50.231 25029 25261 E SwiftWebViewUtils: Config is not valid: {"platformId":"0","minVersion":"7.2.5.000","maxVersion":"9.9.9.9999","startIndex":1,"endIndex":1,"min":0,"max":9,"business":"sonicWhiteList","businessId":"1","configs":{"qun.qq.com":["\/qqweb\/m\/qunopen\/appstore\/index.html"],"buluo.qq.com":["\/mobile\/buluoindex.html","\/mobile\/v2\/buluoindex.html"],"now.qq.com":["*"],"ti.qq.com":["*"],"mma.qq.com":["*"],"qim.qq.com":["*"],"qvq.qq.com":["*"],"im.qq.com":["*"],"mmatest.qq.com":["*"],"m.egame.qq.com":["*"],"cdn.egame.qq.com":["*"],"yundong.qq.com":["\/sonic\/*"],"nearby.qq.com":["*"],"lgame.qq.com":["*"],"umall.vip.qq.com":["*"],"h5.cmshow.qq.com":["*"]}}
09-07 13:02:50.231 25029 25261 E SwiftWebViewUtils: Config is not valid: {"platformId":"0","minVersion":"7.2.5.000","maxVersion":"9.9.9.9999","startIndex":1,"endIndex":1,"min":0,"max":9,"business":"sonicWhiteList","businessId":"1","configs":{"qun.qq.com":["\/qqweb\/m\/qunopen\/appstore\/index.html"],"buluo.qq.com":["\/mobile\/buluoindex.html","\/mobile\/v2\/buluoindex.html"],"now.qq.com":["*"],"ti.qq.com":["*"],"mma.qq.com":["*"],"qim.qq.com":["*"],"qvq.qq.com":["*"],"im.qq.com":["*"],"mmatest.qq.com":["*"],"m.egame.qq.com":["*"],"cdn.egame.qq.com":["*"],"yundong.qq.com":["\/sonic\/*"],"nearby.qq.com":["*"],"lgame.qq.com":["*"],"umall.vip.qq.com":["*"],"h5.cmshow.qq.com":["*"]}}
09-07 13:02:50.231 25029 25261 E SwiftWebViewUtils: Config is not valid: {"platformId":"2","minVersion":"7.5.5.000","maxVersion":"9.9.9.9999","startIndex":0,"endIndex":1,"min":0,"max":9,"business":"X5Config","businessId":"2","mainThreadControl":0,"enableQuic":1}
09-07 13:02:50.231 25029 25261 E SwiftWebViewUtils: Config is not valid: {"platformId":"2","minVersion":"7.5.5.000","maxVersion":"9.9.9.9999","startIndex":0,"endIndex":1,"min":0,"max":9,"business":"X5Config","businessId":"2","mainThreadControl":0,"enableQuic":1}
09-07 13:02:50.484 25029 25295 E SQLiteLog: (1) table ZPlanUserInfo has no column named gender
09-07 13:02:50.486 25029 25295 E SQLiteDatabase: Error inserting uin=
09-07 13:02:50.486 25029 25295 E SQLiteDatabase: ���� gender=0 appearanceKey= appearanceTimeStamp=0
09-07 13:02:50.486 25029 25295 E SQLiteDatabase: android.database.sqlite.SQLiteException: table ZPlanUserInfo has no column named gender (code 1 SQLITE_ERROR): , while compiling: INSERT OR REPLACE  INTO ZPlanUserInfo(uin,gender,appearanceKey,appearanceTimeStamp) VALUES (?,?,?,?)
09-07 13:02:50.486 25029 25295 E SQLiteDatabase: 	at android.database.sqlite.SQLiteConnection.nativePrepareStatement(Native Method)
09-07 13:02:50.486 25029 25295 E SQLiteDatabase: 	at android.database.sqlite.SQLiteConnection.acquirePreparedStatement(SQLiteConnection.java:946)
09-07 13:02:50.486 25029 25295 E SQLiteDatabase: 	at android.database.sqlite.SQLiteConnection.prepare(SQLiteConnection.java:527)
09-07 13:02:50.486 25029 25295 E SQLiteDatabase: 	at android.database.sqlite.SQLiteSession.prepare(SQLiteSession.java:588)
09-07 13:02:50.486 25029 25295 E SQLiteDatabase: 	at android.database.sqlite.SQLiteProgram.<init>(SQLiteProgram.java:58)
09-07 13:02:50.486 25029 25295 E SQLiteDatabase: 	at android.database.sqlite.SQLiteStatement.<init>(SQLiteStatement.java:31)
09-07 13:02:50.486 25029 25295 E SQLiteDatabase: 	at android.database.sqlite.SQLiteDatabase.insertWithOnConflict(SQLiteDatabase.java:1562)
09-07 13:02:50.486 25029 25295 E SQLiteDatabase: 	at android.database.sqlite.SQLiteDatabase.replace(SQLiteDatabase.java:1480)
09-07 13:02:50.486 25029 25295 E SQLiteDatabase: 	at com.tencent.mobileqq.app.SQLiteDatabase.replace(P:4)
09-07 13:02:50.486 25029 25295 E SQLiteDatabase: 	at com.tencent.mobileqq.persistence.EntityManager.insertOrReplace(P:8)
09-07 13:02:50.486 25029 25295 E SQLiteDatabase: 	at com.tencent.mobileqq.persistence.OGEntityManager.insertOrReplace(P:1)
09-07 13:02:50.486 25029 25295 E SQLiteDatabase: 	at com.tencent.mobileqq.persistence.EntityManager.persistOrReplace(P:2)
09-07 13:02:50.486 25029 25295 E SQLiteDatabase: 	at com.tencent.mobileqq.zplan.s.a.c(P:3)
09-07 13:02:50.486 25029 25295 E SQLiteDatabase: 	at com.tencent.mobileqq.zplan.s.a.e(P:2)
09-07 13:02:50.486 25029 25295 E SQLiteDatabase: 	at com.tencent.mobileqq.zplan.s.c.h(P:3)
09-07 13:02:50.486 25029 25295 E SQLiteDatabase: 	at com.tencent.mobileqq.zplan.push.ZPlanProfileProcessor.onGetProfileDetailResponse(P:20)
09-07 13:02:50.486 25029 25295 E SQLiteDatabase: 	at com.tencent.mobileqq.profilecommon.api.impl.ProfileCommonServiceImpl.responseGetProfileDetail(P:8)
09-07 13:02:50.486 25029 25295 E SQLiteDatabase: 	at com.tencent.mobileqq.d2.a.a.U4(P:17)
09-07 13:02:50.486 25029 25295 E SQLiteDatabase: 	at com.tencent.mobileqq.d2.a.a.onReceive(P:4)
09-07 13:02:50.486 25029 25295 E SQLiteDatabase: 	at com.tencent.mobileqq.service.MobileQQServiceBase.dispatchToHandler(P:6)
09-07 13:02:50.486 25029 25295 E SQLiteDatabase: 	at com.tencent.mobileqq.service.MobileQQServiceBase.handleResponse(P:16)
09-07 13:02:50.486 25029 25295 E SQLiteDatabase: 	at com.tencent.mobileqq.service.b.handleResponse(P:2)
09-07 13:02:50.486 25029 25295 E SQLiteDatabase: 	at com.tencent.common.app.AppInterface.receiveToService(P:2)
09-07 13:02:50.486 25029 25295 E SQLiteDatabase: 	at com.tencent.mobileqq.app.QQAppInterface.receiveToService(P:1)
09-07 13:02:50.486 25029 25295 E SQLiteDatabase: 	at com.tencent.mobileqq.x.a.onReceive(P:5)
09-07 13:02:50.486 25029 25295 E SQLiteDatabase: 	at mqq.app.MSFServlet.onReceive(P:2)
09-07 13:02:50.486 25029 25295 E SQLiteDatabase: 	at mqq.app.ServletContainer.notifyMSFServlet(P:2)
09-07 13:02:50.486 25029 25295 E SQLiteDatabase: 	at mqq.app.MainService.receiveMessageFromMSF(P:33)
09-07 13:02:50.486 25029 25295 E SQLiteDatabase: 	at mqq.app.MainService.access$500(P:1)
09-07 13:02:50.486 25029 25295 E SQLiteDatabase: 	at mqq.app.MainService$2.onRecvResp(P:1)
09-07 13:02:50.486 25029 25295 E SQLiteDatabase: 	at com.tencent.mobileqq.msf.sdk.MsfRespHandleUtil.handleRespMsg(P:139)
09-07 13:02:50.486 25029 25295 E SQLiteDatabase: 	at mqq.app.msghandle.MSFRespHandleTask.doHandleResp(P:2)
09-07 13:02:50.486 25029 25295 E SQLiteDatabase: 	at mqq.app.msghandle.MSFRespHandleTask.handleCommonMsg(P:1)
09-07 13:02:50.486 25029 25295 E SQLiteDatabase: 	at mqq.app.msghandle.MSFRespHandleTask.run(P:5)
09-07 13:02:50.486 25029 25295 E SQLiteDatabase: 	at android.os.Handler.handleCallback(Handler.java:873)
09-07 13:02:50.486 25029 25295 E SQLiteDatabase: 	at android.os.Handler.dispatchMessage(Handler.java:99)
09-07 13:02:50.486 25029 25295 E SQLiteDatabase: 	at android.os.Looper.loop(Looper.java:224)
09-07 13:02:50.486 25029 25295 E SQLiteDatabase: 	at android.os.HandlerThread.run(HandlerThread.java:65)
09-07 13:02:50.487 25029 25295 E SQLiteLog: (1) table ZPlanUserInfo has no column named gender
09-07 13:02:50.489 25029 25295 E SQLiteDatabase: Error inserting uin=
09-07 13:02:50.489 25029 25295 E SQLiteDatabase: ���� gender=0 appearanceKey= appearanceTimeStamp=0
09-07 13:02:50.489 25029 25295 E SQLiteDatabase: android.database.sqlite.SQLiteException: table ZPlanUserInfo has no column named gender (code 1 SQLITE_ERROR): , while compiling: INSERT OR REPLACE  INTO ZPlanUserInfo(uin,gender,appearanceKey,appearanceTimeStamp) VALUES (?,?,?,?)
09-07 13:02:50.489 25029 25295 E SQLiteDatabase: 	at android.database.sqlite.SQLiteConnection.nativePrepareStatement(Native Method)
09-07 13:02:50.489 25029 25295 E SQLiteDatabase: 	at android.database.sqlite.SQLiteConnection.acquirePreparedStatement(SQLiteConnection.java:946)
09-07 13:02:50.489 25029 25295 E SQLiteDatabase: 	at android.database.sqlite.SQLiteConnection.prepare(SQLiteConnection.java:527)
09-07 13:02:50.489 25029 25295 E SQLiteDatabase: 	at android.database.sqlite.SQLiteSession.prepare(SQLiteSession.java:588)
09-07 13:02:50.489 25029 25295 E SQLiteDatabase: 	at android.database.sqlite.SQLiteProgram.<init>(SQLiteProgram.java:58)
09-07 13:02:50.489 25029 25295 E SQLiteDatabase: 	at android.database.sqlite.SQLiteStatement.<init>(SQLiteStatement.java:31)
09-07 13:02:50.489 25029 25295 E SQLiteDatabase: 	at android.database.sqlite.SQLiteDatabase.insertWithOnConflict(SQLiteDatabase.java:1562)
09-07 13:02:50.489 25029 25295 E SQLiteDatabase: 	at android.database.sqlite.SQLiteDatabase.replace(SQLiteDatabase.java:1480)
09-07 13:02:50.489 25029 25295 E SQLiteDatabase: 	at com.tencent.mobileqq.app.SQLiteDatabase.replace(P:4)
09-07 13:02:50.489 25029 25295 E SQLiteDatabase: 	at com.tencent.mobileqq.persistence.EntityManager.insertOrReplace(P:11)
09-07 13:02:50.489 25029 25295 E SQLiteDatabase: 	at com.tencent.mobileqq.persistence.OGEntityManager.insertOrReplace(P:1)
09-07 13:02:50.489 25029 25295 E SQLiteDatabase: 	at com.tencent.mobileqq.persistence.EntityManager.persistOrReplace(P:2)
09-07 13:02:50.489 25029 25295 E SQLiteDatabase: 	at com.tencent.mobileqq.zplan.s.a.c(P:3)
09-07 13:02:50.489 25029 25295 E SQLiteDatabase: 	at com.tencent.mobileqq.zplan.s.a.e(P:2)
09-07 13:02:50.489 25029 25295 E SQLiteDatabase: 	at com.tencent.mobileqq.zplan.s.c.h(P:3)
09-07 13:02:50.489 25029 25295 E SQLiteDatabase: 	at com.tencent.mobileqq.zplan.push.ZPlanProfileProcessor.onGetProfileDetailResponse(P:20)
09-07 13:02:50.489 25029 25295 E SQLiteDatabase: 	at com.tencent.mobileqq.profilecommon.api.impl.ProfileCommonServiceImpl.responseGetProfileDetail(P:8)
09-07 13:02:50.489 25029 25295 E SQLiteDatabase: 	at com.tencent.mobileqq.d2.a.a.U4(P:17)
09-07 13:02:50.489 25029 25295 E SQLiteDatabase: 	at com.tencent.mobileqq.d2.a.a.onReceive(P:4)
09-07 13:02:50.489 25029 25295 E SQLiteDatabase: 	at com.tencent.mobileqq.service.MobileQQServiceBase.dispatchToHandler(P:6)
09-07 13:02:50.489 25029 25295 E SQLiteDatabase: 	at com.tencent.mobileqq.service.MobileQQServiceBase.handleResponse(P:16)
09-07 13:02:50.489 25029 25295 E SQLiteDatabase: 	at com.tencent.mobileqq.service.b.handleResponse(P:2)
09-07 13:02:50.489 25029 25295 E SQLiteDatabase: 	at com.tencent.common.app.AppInterface.receiveToService(P:2)
09-07 13:02:50.489 25029 25295 E SQLiteDatabase: 	at com.tencent.mobileqq.app.QQAppInterface.receiveToService(P:1)
09-07 13:02:50.489 25029 25295 E SQLiteDatabase: 	at com.tencent.mobileqq.x.a.onReceive(P:5)
09-07 13:02:50.489 25029 25295 E SQLiteDatabase: 	at mqq.app.MSFServlet.onReceive(P:2)
09-07 13:02:50.489 25029 25295 E SQLiteDatabase: 	at mqq.app.ServletContainer.notifyMSFServlet(P:2)
09-07 13:02:50.489 25029 25295 E SQLiteDatabase: 	at mqq.app.MainService.receiveMessageFromMSF(P:33)
09-07 13:02:50.489 25029 25295 E SQLiteDatabase: 	at mqq.app.MainService.access$500(P:1)
09-07 13:02:50.489 25029 25295 E SQLiteDatabase: 	at mqq.app.MainService$2.onRecvResp(P:1)
09-07 13:02:50.489 25029 25295 E SQLiteDatabase: 	at com.tencent.mobileqq.msf.sdk.MsfRespHandleUtil.handleRespMsg(P:139)
09-07 13:02:50.489 25029 25295 E SQLiteDatabase: 	at mqq.app.msghandle.MSFRespHandleTask.doHandleResp(P:2)
09-07 13:02:50.489 25029 25295 E SQLiteDatabase: 	at mqq.app.msghandle.MSFRespHandleTask.handleCommonMsg(P:1)
09-07 13:02:50.489 25029 25295 E SQLiteDatabase: 	at mqq.app.msghandle.MSFRespHandleTask.run(P:5)
09-07 13:02:50.489 25029 25295 E SQLiteDatabase: 	at android.os.Handler.handleCallback(Handler.java:873)
09-07 13:02:50.489 25029 25295 E SQLiteDatabase: 	at android.os.Handler.dispatchMessage(Handler.java:99)
09-07 13:02:50.489 25029 25295 E SQLiteDatabase: 	at android.os.Looper.loop(Looper.java:224)
09-07 13:02:50.489 25029 25295 E SQLiteDatabase: 	at android.os.HandlerThread.run(HandlerThread.java:65)
09-07 13:02:50.489 25029 25295 E EntityManager: replace or insert error with -1 true
09-07 13:02:50.517 25029 25295 E vip_ptt.SttManagerApiImpl.: it have change the account so init ptt state value
09-07 13:02:50.524 25029 25295 E QVipConfigProcessor: com.tencent.mobileqq.vas.config.business.qvip.QVipAutoPttProcessor.parsed content count=3
09-07 13:02:50.525 25029 25295 E VasIPCModule: onCall missing action = com.tencent.mobileqq.vip.o$isSVip
09-07 13:02:50.525 25029 25295 E vip_ptt.SttManagerApiImpl.: ignore initAutoToTextSwitch is svip=false stage=3
09-07 13:02:50.525 25029 25295 E vip_ptt.SttManagerApiImpl.: initAutoToTextSwitch enable=false
09-07 13:02:50.526 25029 25295 E VasIPCModule: onCall missing action = com.tencent.mobileqq.vip.o$isSVip
09-07 13:02:50.539 25029 25295 E RecentUserCacheHelper: update: msgBoxRecentUsers.isEmpty()
09-07 13:02:50.541 25029 25295 I chatty  : uid=10315(com.tencent.mobileqq) identical 2 lines
09-07 13:02:50.542 25029 25295 E RecentUserCacheHelper: update: msgBoxRecentUsers.isEmpty()
09-07 13:02:50.588 25029 25388 E ZPlanAvatarImageManager: requestBannerStaticImgInfo failed, callback invalid!
09-07 13:02:50.676 25029 25613 E VasIPCModule: onCall missing action = com.tencent.mobileqq.vas.api.impl.AppIconSwitchManager$checkAndSwitchIcon
09-07 13:02:50.708 25029 25680 E QWalletHelperImpl: error msg in qqpay-impl module: java.lang.NumberFormatException: s == null
09-07 13:02:50.708 25029 25680 E QWalletHelperImpl: 	at java.lang.Integer.parseInt(Integer.java:577)
09-07 13:02:50.708 25029 25680 E QWalletHelperImpl: 	at java.lang.Integer.parseInt(Integer.java:650)
09-07 13:02:50.708 25029 25680 E QWalletHelperImpl: 	at cooperation.qwallet.plugin.impl.QWalletHelperImpl.updateHongBaoSpeedWitch(P:1)
09-07 13:02:50.708 25029 25680 E QWalletHelperImpl: 	at com.tencent.mobileqq.config.splashlogo.ConfigServlet.V(P:88)
09-07 13:02:50.708 25029 25680 E QWalletHelperImpl: 	at com.tencent.mobileqq.config.splashlogo.ConfigServlet.T1(P:283)
09-07 13:02:50.708 25029 25680 E QWalletHelperImpl: 	at com.tencent.mobileqq.config.a.a.g(P:1)
09-07 13:02:50.708 25029 25680 E QWalletHelperImpl: 	at com.tencent.mobileqq.config.QConfigServlet.g(P:16)
09-07 13:02:50.708 25029 25680 E QWalletHelperImpl: 	at com.tencent.mobileqq.config.QConfigServlet.i(P:23)
09-07 13:02:50.708 25029 25680 E QWalletHelperImpl: 	at com.tencent.mobileqq.config.QConfigServlet$1.run(P:1)
09-07 13:02:50.708 25029 25680 E QWalletHelperImpl: 	at android.os.Handler.handleCallback(Handler.java:873)
09-07 13:02:50.708 25029 25680 E QWalletHelperImpl: 	at android.os.Handler.dispatchMessage(Handler.java:99)
09-07 13:02:50.708 25029 25680 E QWalletHelperImpl: 	at android.os.Looper.loop(Looper.java:224)
09-07 13:02:50.708 25029 25680 E QWalletHelperImpl: 	at android.os.HandlerThread.run(HandlerThread.java:65)
09-07 13:02:50.751 25029 25613 E CommonUsedSystemEmojiManager: mergeAndSortSystemEmojiInfo  list2 = NULL
09-07 13:02:50.850 25029 25295 E [cmshow]ApolloManager: handleAio2dBubbleAdv, data empty
09-07 13:02:50.850 25029 25295 E [cmshow]ApolloManager: handleKapuDownloadAdv, data empty
09-07 13:02:50.850 25029 25295 E [cmshow]ApolloManager: handleAio3dBubbleAdv, data empty
09-07 13:02:50.850 25029 25295 E [cmshow]ApolloManager: handleAio2dNewActionTipsAdv, data empty
09-07 13:02:50.850 25029 25295 E [cmshow]ApolloManager: handleAio3dNewActionTipsAdv, data empty
09-07 13:02:50.850 25029 25295 E [cmshow]ApolloManager: handleDrawerBubbleAdv, data empty
09-07 13:02:50.851 25029 25295 E [cmshow]ApolloManager: handleDrawerBubbleAdv, data empty
09-07 13:03:06.879  1710  5424 E ActivityManager: Sending non-protected broadcast vivo.intent.action.bandsignalsone from system 2762:com.android.phone/1001 pkg com.android.phone
09-07 13:03:06.922 25699 25699 E .networkimprov: Not starting debugger since process cannot load the jdwp agent.
09-07 13:03:40.515 25029 25730 E RMonitor_manager_PluginMng: can not find plugin {name: device, id: 131, mode: 0, entrance: com.tencent.rmonitor.device.DeviceInfoMonitor}java.lang.ClassNotFoundException: com.tencent.rmonitor.device.DeviceInfoMonitor
09-07 13:03:40.515 25029 25730 E RMonitor_manager_PluginMng: 	at java.lang.Class.classForName(Native Method)
09-07 13:03:40.515 25029 25730 E RMonitor_manager_PluginMng: 	at java.lang.Class.forName(Class.java:453)
09-07 13:03:40.515 25029 25730 E RMonitor_manager_PluginMng: 	at java.lang.Class.forName(Class.java:378)
09-07 13:03:40.515 25029 25730 E RMonitor_manager_PluginMng: 	at com.tencent.rmonitor.c.d.g(P:2)
09-07 13:03:40.515 25029 25730 E RMonitor_manager_PluginMng: 	at com.tencent.rmonitor.c.d.h(P:2)
09-07 13:03:40.515 25029 25730 E RMonitor_manager_PluginMng: 	at com.tencent.rmonitor.c.d.c(P:5)
09-07 13:03:40.515 25029 25730 E RMonitor_manager_PluginMng: 	at com.tencent.rmonitor.c.c.f(P:9)
09-07 13:03:40.515 25029 25730 E RMonitor_manager_PluginMng: 	at com.tencent.rmonitor.Magnifier$1.run(P:3)
09-07 13:03:40.515 25029 25730 E RMonitor_manager_PluginMng: 	at android.os.Handler.handleCallback(Handler.java:873)
09-07 13:03:40.515 25029 25730 E RMonitor_manager_PluginMng: 	at android.os.Handler.dispatchMessage(Handler.java:99)
09-07 13:03:40.515 25029 25730 E RMonitor_manager_PluginMng: 	at android.os.Looper.loop(Looper.java:224)
09-07 13:03:40.515 25029 25730 E RMonitor_manager_PluginMng: 	at android.os.HandlerThread.run(HandlerThread.java:65)
09-07 13:03:40.515 25029 25730 E RMonitor_manager_PluginMng: Caused by: java.lang.ClassNotFoundException: Didn't find class "com.tencent.rmonitor.device.DeviceInfoMonitor" on path: DexPathList[[zip file "/system/framework/org.apache.http.legacy.boot.jar", zip file "/data/app/com.tencent.mobileqq-9NPNTOx62ULAduw2aTKEhw==/base.apk"],nativeLibraryDirectories=[/data/app/com.tencent.mobileqq-9NPNTOx62ULAduw2aTKEhw==/lib/arm64, /data/app/com.tencent.mobileqq-9NPNTOx62ULAduw2aTKEhw==/base.apk!/lib/arm64-v8a, /system/lib64]]
09-07 13:03:40.515 25029 25730 E RMonitor_manager_PluginMng: 	at dalvik.system.BaseDexClassLoader.findClass(BaseDexClassLoader.java:134)
09-07 13:03:40.515 25029 25730 E RMonitor_manager_PluginMng: 	at java.lang.ClassLoader.loadClass(ClassLoader.java:379)
09-07 13:03:40.515 25029 25730 E RMonitor_manager_PluginMng: 	at java.lang.ClassLoader.loadClass(ClassLoader.java:312)
09-07 13:03:40.515 25029 25730 E RMonitor_manager_PluginMng: 	... 12 more
09-07 13:03:40.525   588   588 E SELinux : avc:  denied  { find } for interface=android.hardware.memtrack::IMemtrack sid=u:r:untrusted_app_27:s0:c512,c768 pid=25029 scontext=u:r:untrusted_app_27:s0:c512,c768 tcontext=u:object_r:hal_memtrack_hwservice:s0 tclass=hwservice_manager permissive=0
09-07 13:03:40.525 25029 25735 E memtrack: Couldn't load memtrack module
09-07 13:03:44.616 25029 25730 E memtrack: Couldn't load memtrack module
09-07 13:03:44.631 25029 25735 E RMonitor_report_QuantileReporter: reportQuantileEvent fail! errorCode = 800, errorMsg =
09-07 13:03:44.760 25029 25740 E PlayerCore: loadLibDefault failed to load TPCore-master,dalvik.system.PathClassLoader[DexPathList[[zip file "/system/framework/org.apache.http.legacy.boot.jar", zip file "/data/app/com.tencent.mobileqq-9NPNTOx62ULAduw2aTKEhw==/base.apk"],nativeLibraryDirectories=[/data/app/com.tencent.mobileqq-9NPNTOx62ULAduw2aTKEhw==/lib/arm64, /data/app/com.tencent.mobileqq-9NPNTOx62ULAduw2aTKEhw==/base.apk!/lib/arm64-v8a, /system/lib64]]] couldn't find "libTPCore-master.so"
09-07 13:03:44.760 25029 25740 E PlayerCore: Failed to load native libs
09-07 13:03:44.760 25029 25740 E PlayerCore: TPNativeLibraryLoader isLibLoaded error:Failed to load native library
09-07 13:03:44.761 25029 25739 E PlayerCore: loadLibDefault failed to load TPCore-master,dalvik.system.PathClassLoader[DexPathList[[zip file "/system/framework/org.apache.http.legacy.boot.jar", zip file "/data/app/com.tencent.mobileqq-9NPNTOx62ULAduw2aTKEhw==/base.apk"],nativeLibraryDirectories=[/data/app/com.tencent.mobileqq-9NPNTOx62ULAduw2aTKEhw==/lib/arm64, /data/app/com.tencent.mobileqq-9NPNTOx62ULAduw2aTKEhw==/base.apk!/lib/arm64-v8a, /system/lib64]]] couldn't find "libTPCore-master.so"
09-07 13:03:44.761 25029 25739 E PlayerCore: Failed to load native libs
09-07 13:03:44.761 25029 25739 E PlayerCore: TPNativeLibraryLoader isLibLoaded error:Failed to load native library
09-07 13:03:44.765 25029 25613 E Ilive   :  isVersionChange = false
09-07 13:03:44.874 25029 25613 E SQLiteLog: (1) no such table: mr_friend_45B4F8ABE6C172CAB391E43E1E0E6611_New
09-07 13:03:44.877 25029 25613 E IAutomator: [CameraCategoryMaterialStep] doStep....
09-07 13:03:44.900 25029 25745 E PlayerCore: loadLibDefault failed to load TPCore-master,dalvik.system.PathClassLoader[DexPathList[[zip file "/system/framework/org.apache.http.legacy.boot.jar", zip file "/data/app/com.tencent.mobileqq-9NPNTOx62ULAduw2aTKEhw==/base.apk"],nativeLibraryDirectories=[/data/app/com.tencent.mobileqq-9NPNTOx62ULAduw2aTKEhw==/lib/arm64, /data/app/com.tencent.mobileqq-9NPNTOx62ULAduw2aTKEhw==/base.apk!/lib/arm64-v8a, /system/lib64]]] couldn't find "libTPCore-master.so"
09-07 13:03:44.900 25029 25745 E PlayerCore: Failed to load native libs
09-07 13:03:44.900 25029 25745 E PlayerCore: TPNativeLibraryLoader isLibLoaded error:Failed to load native library
09-07 13:03:45.804 25029 25051 E SQLiteLog: (1) no such table: mr_friend_BBBCA2C74347FFE57DBAFDBABFCB5DF0_New
09-07 13:04:30.298  1710  2037 E ActivityManager: Sending non-protected broadcast com.vivo.aiengine.intent.action.SMART_SCHEDULER from system uid 1000 pkg com.vivo.aiengine
09-07 13:04:30.328  1710  2037 E ActivityManager: Sending non-protected broadcast com.vivo.pem.power from system uid 1000 pkg com.vivo.pem
09-07 13:04:30.404  2635  3033 E PowerMonitor: exception In sysProcTransDectect java.lang.NoSuchMethodException: vivoGetNetworkStatsUidDetailWithPackInfo [int]
09-07 13:04:30.429  1710  5474 E ActivityManager: Sending non-protected broadcast action.vivo.powercontrol from system 2635:com.vivo.pem/1000 pkg com.vivo.pem
09-07 13:04:30.431  1710  5474 E ActivityManager: Sending non-protected broadcast action.vivo.powercontrol from system 2635:com.vivo.pem/1000 pkg com.vivo.pem
09-07 13:04:30.431  1004  3051 E Netd    : tether checkPermission, pid:1710 uid:1000
09-07 13:04:30.465  4383  4437 E BitmapFactory: Unable to decode stream: java.io.FileNotFoundException: /oem/etc/theme/icons/dynamic_icon/com.android.BBKClock/res/drawable-sw360dp-xxhdpi/clock_hour.png (No such file or directory)
09-07 13:04:30.467  4383  4437 E BitmapFactory: Unable to decode stream: java.io.FileNotFoundException: /oem/etc/theme/icons/dynamic_icon/com.android.BBKClock/res/drawable-sw360dp-xxhdpi/clock_minute.png (No such file or directory)
09-07 13:04:30.468  4383  4437 E BitmapFactory: Unable to decode stream: java.io.FileNotFoundException: /oem/etc/theme/icons/dynamic_icon/com.android.BBKClock/res/drawable-sw360dp-xxhdpi/clock_dial.png (No such file or directory)
09-07 13:04:30.473  4383  4437 E BitmapFactory: Unable to decode stream: java.io.FileNotFoundException: /oem/etc/theme/icons/dynamic_icon/com.android.BBKClock/res/drawable-sw360dp-xxhdpi/clock_dial_center.png (No such file or directory)
09-07 13:04:30.579  2762  4075 I chatty  : uid=1001(radio) Binder:2762_7 identical 1 line
09-07 13:05:02.402 25768 25768 E nt.mobileqq:MS: Not starting debugger since process cannot load the jdwp agent.
09-07 13:05:02.818 25785 25785 E encent.mobileq: Not starting debugger since process cannot load the jdwp agent.
09-07 13:05:20.717 12460 12820 E awcn.TnetSpdySession: |[seq:umeng:546d7dd7fd98c58fc800082c.AWCN144_1] spdySessionCloseCallback  errorCode::-2032
09-07 13:05:20.717 12460 12820 E awcn.Session: |[seq:umeng:546d7dd7fd98c58fc800082c.AWCN144_1] notifyStatus status:DISCONNECTED
09-07 13:05:20.718 12460 12843 E awcn.SessionRequest:  sendConnectInfoToAccsByService
09-07 13:05:20.722 12460 12843 E awcn.SessionRequest:  sendConnectInfoToAccsByCallBack
09-07 13:05:20.722 12460 12821 E NAccs.InAppConn_default:  onConnectionChanged currentHost:https://umengacs.m.taobao.com changeHost:https://umengacs.m.taobao.com state:false
09-07 13:05:20.728 12460 12460 E NAccs.MsgDistribute:  distribMessage dataId:
09-07 13:05:20.728 12460 22263 E NAccs.MsgDistribute:  distribute ready action:com.taobao.accs.intent.action.RECEIVE dataId: serviceId:
09-07 13:05:20.729 12460 22263 E NAccs.MsgDistribute:  handBroadCastMsg command:103
09-07 13:05:20.946 25785 25785 E PandoraEx.ConfigManager: initDefaultConfig initLevel is defaultConfig
09-07 13:07:22.002 25785 25785 E 2g.outt : init
09-07 13:07:22.002 25785 25785 E 2g.outt : sync
09-07 13:07:22.033 25785 25785 E qiqili  : InitMemoryCache BaseApplicationImpl.sProcessId =1BaseApplicationImpl.processName=com.tencent.mobileqq
09-07 13:07:22.146 25785 25829 E System  :  ******** DEPRECATED FUNCTIONALITY ********
09-07 13:07:22.147 25785 25829 E System  :  * The implementation of the KeyFactory.RSA algorithm from
09-07 13:07:22.147 25785 25829 E System  :  * the BC provider is deprecated in this version of Android.
09-07 13:07:22.147 25785 25829 E System  :  * It will be removed in a future version of Android and your
09-07 13:07:22.147 25785 25829 E System  :  * application will no longer be able to request it.  Please see
09-07 13:07:22.147 25785 25829 E System  :  * https://android-developers.googleblog.com/2018/03/cryptography-changes-in-android-p.html
09-07 13:07:22.147 25785 25829 E System  :  * for more details.
09-07 13:09:43.911  1710  2037 E ActivityManager: Sending non-protected broadcast com.vivo.aiengine.intent.action.SMART_SCHEDULER from system uid 1000 pkg com.vivo.aiengine
09-07 13:09:43.969  1710  2037 E ActivityManager: Sending non-protected broadcast com.vivo.pem.power from system uid 1000 pkg com.vivo.pem
09-07 13:09:44.007  2635  3033 E PowerMonitor: exception In sysProcTransDectect java.lang.NoSuchMethodException: vivoGetNetworkStatsUidDetailWithPackInfo [int]
09-07 13:09:44.018  1004  3051 E Netd    : tether checkPermission, pid:1710 uid:1000
09-07 13:09:44.034 25768 25768 E PandoraEx.ConfigManager: initDefaultConfig initLevel is defaultConfig
09-07 13:09:44.071  1710  2522 E ActivityManager: Sending non-protected broadcast action.vivo.powercontrol from system 2635:com.vivo.pem/1000 pkg com.vivo.pem
09-07 13:09:44.071  1710  2522 E ActivityManager: Sending non-protected broadcast action.vivo.powercontrol from system 2635:com.vivo.pem/1000 pkg com.vivo.pem
09-07 13:09:44.114  2762  4075 I chatty  : uid=1001(radio) Binder:2762_7 identical 2 lines
09-07 13:09:44.286  4383  4437 E BitmapFactory: Unable to decode stream: java.io.FileNotFoundException: /oem/etc/theme/icons/dynamic_icon/com.android.BBKClock/res/drawable-sw360dp-xxhdpi/clock_hour.png (No such file or directory)
09-07 13:09:44.287  4383  4437 E BitmapFactory: Unable to decode stream: java.io.FileNotFoundException: /oem/etc/theme/icons/dynamic_icon/com.android.BBKClock/res/drawable-sw360dp-xxhdpi/clock_minute.png (No such file or directory)
09-07 13:09:44.288  4383  4437 E BitmapFactory: Unable to decode stream: java.io.FileNotFoundException: /oem/etc/theme/icons/dynamic_icon/com.android.BBKClock/res/drawable-sw360dp-xxhdpi/clock_dial.png (No such file or directory)
09-07 13:09:44.291  4383  4437 E BitmapFactory: Unable to decode stream: java.io.FileNotFoundException: /oem/etc/theme/icons/dynamic_icon/com.android.BBKClock/res/drawable-sw360dp-xxhdpi/clock_dial_center.png (No such file or directory)
09-07 13:09:44.492  1710  2342 E SyncManager: Bind attempt failed - target: ComponentInfo{com.tencent.android.qqdownloader/com.live.sync.YYBLiveSyncService}
09-07 13:09:45.090 31788  5615 E NetworkScheduler.TED: Unable to bind to task service: ComponentInfo{com.android.chrome/org.chromium.chrome.browser.ChromeBackgroundService}
09-07 13:09:45.303 25885 25885 E nt.mobileqq:MS: Not starting debugger since process cannot load the jdwp agent.
09-07 13:09:45.665 31788  5615 E NetworkScheduler.TED: Unable to bind to task service: ComponentInfo{com.android.chrome/org.chromium.chrome.browser.ChromeBackgroundService}
09-07 13:09:45.701 25903 25903 E encent.mobileq: Not starting debugger since process cannot load the jdwp agent.
09-07 13:09:55.583 25903 25903 E PandoraEx.ConfigManager: initDefaultConfig initLevel is defaultConfig
09-07 13:10:46.571 25903 25903 E 2g.outt : init
09-07 13:10:46.571 25903 25903 E 2g.outt : sync
09-07 13:10:46.626 25903 25903 E qiqili  : InitMemoryCache BaseApplicationImpl.sProcessId =1BaseApplicationImpl.processName=com.tencent.mobileqq
09-07 13:10:46.771 25903 25953 E System  :  ******** DEPRECATED FUNCTIONALITY ********
09-07 13:10:46.772 25903 25953 E System  :  * The implementation of the KeyFactory.RSA algorithm from
09-07 13:10:46.772 25903 25953 E System  :  * the BC provider is deprecated in this version of Android.
09-07 13:10:46.772 25903 25953 E System  :  * It will be removed in a future version of Android and your
09-07 13:10:46.772 25903 25953 E System  :  * application will no longer be able to request it.  Please see
09-07 13:10:46.772 25903 25953 E System  :  * https://android-developers.googleblog.com/2018/03/cryptography-changes-in-android-p.html
09-07 13:10:46.772 25903 25953 E System  :  * for more details.
09-07 13:10:46.947 25885 25885 E PandoraEx.ConfigManager: initDefaultConfig initLevel is defaultConfig
09-07 13:10:47.250 25885 25885 E MSF.C.NativeConfigStore: loadso msfbootV2 true resultCode=262144 cost=5
09-07 13:10:47.356 12460 12821 E awcn.TnetSpdySession: |[seq:umeng:546d7dd7fd98c58fc800082c.AWCN145_1] connect host:https://umengacs.m.taobao.com ip:203.119.128.124 port:80 sessionId:1662527447356 SpdyProtocol,:http2_0rtt_acs proxyIp,: proxyPort,:0
09-07 13:10:47.357 12460 12821 E awcn.Session: |[seq:umeng:546d7dd7fd98c58fc800082c.AWCN145_1] notifyStatus status:CONNECTING
09-07 13:10:47.409 12460 12820 E awcn.Session: |[seq:umeng:546d7dd7fd98c58fc800082c.AWCN145_1] notifyStatus status:CONNECTED
09-07 13:10:47.409 12460 12820 E NAccs.InAppConn_default:  auth URL:https://umengacs.m.taobao.com/accs/auth?1=Yxb4jenW6G8DAAMnawpgwtMM&2=2d3350db2a0721d3256994f9db4c3489eaf3cf26598dc122a583a1dbc724421e&3=umeng:546d7dd7fd98c58fc800082c&5=1&6=wifi&7=null&8=1.1.2&9=1662462114044&10=1&11=28&12=cn.missevan&13=5.7.3&14=android@umeng&15=vivo+X21A&16=vivo&17=221&19=0&20=
09-07 13:10:47.410 12460 12820 E awcn.TnetSpdySession: |[seq:umeng:546d7dd7fd98c58fc800082c.AWCN145_1] spdySessionConnectCB connect connectTime:52 sslTime:1
09-07 13:10:47.454 12460 12820 E NAccs.InAppConn_default:  auth httpStatusCode:200
09-07 13:10:47.455 12460 12820 E awcn.Session: |[seq:umeng:546d7dd7fd98c58fc800082c.AWCN145_1] notifyStatus status:AUTH_SUCC
09-07 13:10:47.455 12460 12843 E awcn.SessionRequest:  sendConnectInfoToAccsByService
09-07 13:10:47.459 12460 12843 E awcn.SessionRequest:  sendConnectInfoToAccsByCallBack
09-07 13:10:47.460 12460 12821 E NAccs.InAppConn_default:  onConnectionChanged currentHost:https://umengacs.m.taobao.com changeHost:https://umengacs.m.taobao.com state:true
09-07 13:10:47.469 12460 12460 E NAccs.MsgDistribute:  distribMessage dataId:
09-07 13:10:47.471 12460 22263 E NAccs.MsgDistribute:  distribute ready action:com.taobao.accs.intent.action.RECEIVE dataId: serviceId:
09-07 13:10:47.471 12460 22263 E NAccs.MsgDistribute:  handBroadCastMsg command:103
09-07 13:10:47.684 25885 25885 E MSF.C.CodecWarpper: loadso codecwrapperV2 true resultCode=262144 cost=4
09-07 13:10:47.762 25885 25885 E 2g.outt : init
09-07 13:10:47.763 25885 25885 E 2g.outt : sync
09-07 13:10:47.845 25885 26034 E System  :  ******** DEPRECATED FUNCTIONALITY ********
09-07 13:10:47.845 25885 26034 E System  :  * The implementation of the KeyFactory.RSA algorithm from
09-07 13:10:47.845 25885 26034 E System  :  * the BC provider is deprecated in this version of Android.
09-07 13:10:47.845 25885 26034 E System  :  * It will be removed in a future version of Android and your
09-07 13:10:47.845 25885 26034 E System  :  * application will no longer be able to request it.  Please see
09-07 13:10:47.845 25885 26034 E System  :  * https://android-developers.googleblog.com/2018/03/cryptography-changes-in-android-p.html
09-07 13:10:47.845 25885 26034 E System  :  * for more details.
09-07 13:10:47.922 25885 25885 E MD5     : loadso msfbootV2 true resultCode=262144 cost=1
09-07 13:10:48.010 25885 26038 E MSF.C.NetConnTag.true: [openConn] socket has built, socketEngineID: 0socket: 40506644java.lang.Throwable
09-07 13:10:48.010 25885 26038 E MSF.C.NetConnTag.true: 	at com.tencent.mobileqq.msf.core.net.m.a(P:46)
09-07 13:10:48.010 25885 26038 E MSF.C.NetConnTag.true: 	at com.tencent.mobileqq.msf.core.net.p.a(P:207)
09-07 13:10:48.010 25885 26038 E MSF.C.NetConnTag.true: 	at com.tencent.mobileqq.msf.core.net.p.a(P:203)
09-07 13:10:48.010 25885 26038 E MSF.C.NetConnTag.true: 	at com.tencent.mobileqq.msf.core.net.p.a(P:179)
09-07 13:10:48.010 25885 26038 E MSF.C.NetConnTag.true: 	at com.tencent.mobileqq.msf.core.net.p.b(P:40)
09-07 13:10:48.010 25885 26038 E MSF.C.NetConnTag.true: 	at com.tencent.mobileqq.msf.core.net.p.a(P:108)
09-07 13:10:48.010 25885 26038 E MSF.C.NetConnTag.true: 	at com.tencent.mobileqq.msf.core.net.p.q(P:1)
09-07 13:10:48.010 25885 26038 E MSF.C.NetConnTag.true: 	at com.tencent.mobileqq.msf.core.net.p.a(P:217)
09-07 13:10:48.010 25885 26038 E MSF.C.NetConnTag.true: 	at com.tencent.mobileqq.msf.core.ag$c.run(P:115)
09-07 13:10:48.091 31590 26063 E memtrack: Couldn't load memtrack module
09-07 13:10:48.305 25885 26038 E FEKitSoLoader: download instance missing!!!,use setDownLoader!
09-07 13:10:48.455 25903 26103 E System  :  ******** DEPRECATED FUNCTIONALITY ********
09-07 13:10:48.455 25903 26103 E System  :  * The implementation of the KeyFactory.RSA algorithm from
09-07 13:10:48.455 25903 26103 E System  :  * the BC provider is deprecated in this version of Android.
09-07 13:10:48.455 25903 26103 E System  :  * It will be removed in a future version of Android and your
09-07 13:10:48.455 25903 26103 E System  :  * application will no longer be able to request it.  Please see
09-07 13:10:48.455 25903 26103 E System  :  * https://android-developers.googleblog.com/2018/03/cryptography-changes-in-android-p.html
09-07 13:10:48.455 25903 26103 E System  :  * for more details.
09-07 13:10:48.466 25903 25952 E MD5     : loadso msfbootV2 true resultCode=262144 cost=3
09-07 13:10:48.487 25903 26108 E QQInitHandler.QQManagerFactory: First trigger lazyLoad, name=19
09-07 13:10:48.494 25903 26108 E QQInitHandler.QQManagerFactory: Not Found Manager, name=19
09-07 13:10:48.500 25885 26067 E Android : stop...
09-07 13:10:48.630 25903 26108 E SecurityUtile: loadso true, resultCode:262144 cost:1
09-07 13:10:48.630 25903 26108 E encent.mobileq: The String#value field is not present on Android versions >= 6.0
09-07 13:10:48.631 25903 26115 E encent.mobileq: The String#value field is not present on Android versions >= 6.0
09-07 13:10:48.655 25903 26108 E PreDownloadScheduler:  pre download bSampledLastTime = false
09-07 13:10:48.655 25903 26108 E PreDownloadScheduler:  pre download random = 0.5764392906707851
09-07 13:10:48.656 25903 26108 E PreDownloadScheduler:  pre download set mNeedReport = false
09-07 13:10:48.693 25903 26108 E QCircleConfigHelper: initQCircleTab user tabDataHelper:true
09-07 13:10:48.721 31788 26121 E memtrack: Couldn't load memtrack module
09-07 13:10:48.881 25903 25926 E SQLiteLog: (1) no such table: mr_friend_D005CE7AEEF46BD18515F783FB8E87FA_New
09-07 13:10:48.894 25903 25926 E SQLiteLog: (1) no such table: mr_friend_FCED4F35799409DD854EBEAEA7DB546D_New
09-07 13:10:48.895 25903 25926 E SQLiteLog: (1) no such table: mr_friend_853573B5A907ED8B2F4FEC25A92406A2_New
09-07 13:10:48.940 25903 26170 E QQPermission.QQPermissionFactory: getQQPermission: activity or fragment is null
09-07 13:10:49.086 25903 26115 E SQLiteLog: (1) no such table: mr_friend_B8C4C8B2271787E2F78B5FE2CE193CAA_New
09-07 13:10:49.151 25903 26115 E Q.msg.BaseMessageManager: set sending message FAILED: -----Dump MessageRecord-----,classname:Message,selfUin:*6236,friendUin:*9117,senderUin:*6236,shmsgseq:24950,uid:72057595433841951,time:1636358877,isRead:true,isSend:1,extraFlag:Sending,sendFailCode:0,istroop:0,msgType:-2005,msg:|62,bubbleid:0,subBubbleId:0,uniseq:7028107875966305996,isMultiMsg:false,msgseq:1301569910
09-07 13:10:49.164 25903 26157 E SQLiteLog: (1) no such table: mr_friend_B8C4C8B2271787E2F78B5FE2CE193CAA_New
09-07 13:10:49.180 25903 26197 E QZoneConfigProvider: new QZConfigSqliteManager  uin=256
09-07 13:10:49.470 25903 26118 E yuki    : gameboxAppids:[1104466820, 1106467070, 1106838536]
09-07 13:10:49.530 25903 26119 E RegisterProxyHandler: handleNewRegisterProxyMsg--> decode c2c_msg, hashCode:13251873
09-07 13:10:49.548 25903 26119 E RegisterProxyHandler: handleNewRegisterProxyMsg ,groupNum=0,discussionNum=0
09-07 13:10:49.550 25903 26119 E RegisterProxyHandler: handleNewRegisterProxyMsg--> decode pub_account_msg, hashCode:195279623
09-07 13:10:49.694 25903 26163 E ArkApp.ArkAppCenterUtil: ArkFold.checkArkSize model=vivo X21A,screenWidth=1080,sDisplayWith=1080,scene=1
09-07 13:10:49.696 25903 26223 E RedPointLog.RedTouchManager: cache not ready
09-07 13:10:49.740 25903 26173 E PhoneStatusTools: 1 listen Exceptionjava.lang.NoSuchMethodException: listenGemini [int, class android.telephony.PhoneStateListener, int]
09-07 13:10:49.740 25903 26173 E PhoneStatusTools: 	at java.lang.Class.getMethod(Class.java:2068)
09-07 13:10:49.740 25903 26173 E PhoneStatusTools: 	at java.lang.Class.getMethod(Class.java:1690)
09-07 13:10:49.740 25903 26173 E PhoneStatusTools: 	at com.tencent.mobileqq.utils.kapalaiadapter.f.c(P:2)
09-07 13:10:49.740 25903 26173 E PhoneStatusTools: 	at com.tencent.av.utils.x.r(P:7)
09-07 13:10:49.740 25903 26173 E PhoneStatusTools: 	at com.tencent.av.utils.PhoneStatusMonitor$1.run(P:1)
09-07 13:10:49.740 25903 26173 E PhoneStatusTools: 	at com.tencent.mobileqq.app.Job.run(P:3)
09-07 13:10:49.740 25903 26173 E PhoneStatusTools: 	at java.util.concurrent.ThreadPoolExecutor.runWorker(ThreadPoolExecutor.java:1167)
09-07 13:10:49.740 25903 26173 E PhoneStatusTools: 	at java.util.concurrent.ThreadPoolExecutor$Worker.run(ThreadPoolExecutor.java:641)
09-07 13:10:49.740 25903 26173 E PhoneStatusTools: 	at java.lang.Thread.run(Thread.java:764)
09-07 13:10:49.741 25903 26173 E PhoneStatusTools: 3 listen Exceptionjava.lang.ClassNotFoundException: android.telephony.MSimTelephonyManager
09-07 13:10:49.741 25903 26173 E PhoneStatusTools: 	at java.lang.Class.classForName(Native Method)
09-07 13:10:49.741 25903 26173 E PhoneStatusTools: 	at java.lang.Class.forName(Class.java:453)
09-07 13:10:49.741 25903 26173 E PhoneStatusTools: 	at java.lang.Class.forName(Class.java:378)
09-07 13:10:49.741 25903 26173 E PhoneStatusTools: 	at com.tencent.mobileqq.utils.kapalaiadapter.f.g(P:1)
09-07 13:10:49.741 25903 26173 E PhoneStatusTools: 	at com.tencent.av.utils.x.r(P:23)
09-07 13:10:49.741 25903 26173 E PhoneStatusTools: 	at com.tencent.av.utils.PhoneStatusMonitor$1.run(P:1)
09-07 13:10:49.741 25903 26173 E PhoneStatusTools: 	at com.tencent.mobileqq.app.Job.run(P:3)
09-07 13:10:49.741 25903 26173 E PhoneStatusTools: 	at java.util.concurrent.ThreadPoolExecutor.runWorker(ThreadPoolExecutor.java:1167)
09-07 13:10:49.741 25903 26173 E PhoneStatusTools: 	at java.util.concurrent.ThreadPoolExecutor$Worker.run(ThreadPoolExecutor.java:641)
09-07 13:10:49.741 25903 26173 E PhoneStatusTools: 	at java.lang.Thread.run(Thread.java:764)
09-07 13:10:49.741 25903 26173 E PhoneStatusTools: Caused by: java.lang.ClassNotFoundException: Didn't find class "android.telephony.MSimTelephonyManager" on path: DexPathList[[zip file "/system/framework/org.apache.http.legacy.boot.jar", zip file "/data/app/com.tencent.mobileqq-9NPNTOx62ULAduw2aTKEhw==/base.apk"],nativeLibraryDirectories=[/data/app/com.tencent.mobileqq-9NPNTOx62ULAduw2aTKEhw==/lib/arm64, /data/app/com.tencent.mobileqq-9NPNTOx62ULAduw2aTKEhw==/base.apk!/lib/arm64-v8a, /system/lib64]]
09-07 13:10:49.741 25903 26173 E PhoneStatusTools: 	at dalvik.system.BaseDexClassLoader.findClass(BaseDexClassLoader.java:134)
09-07 13:10:49.741 25903 26173 E PhoneStatusTools: 	at java.lang.ClassLoader.loadClass(ClassLoader.java:379)
09-07 13:10:49.741 25903 26173 E PhoneStatusTools: 	at java.lang.ClassLoader.loadClass(ClassLoader.java:312)
09-07 13:10:49.741 25903 26173 E PhoneStatusTools: 	... 10 more
09-07 13:10:49.784 25903 25926 E VasUtils: json error:{"oac_triggle":"ad_id=960361\u0026busi_info=%7B%22as_ts%22%3A0%2C%22p_size%22%3A1%2C%22pack_time%22%3A2021081200%2C%22policy_id%22%3A3703452%2C%22prc_size%22%3A1%2C%22rc_size%22%3A1%2C%22tianshu_footageid%22%3A77903%7D"}
09-07 13:10:49.792 25903 25926 E weishi895-WSRedDotPreloadManager: [preloadVideoCover] start
09-07 13:10:49.792 25903 25926 E weishi895-WSPushLog: WSRedDotPushMsg = {"feedids":"6YCyTBsSJ1M9EgRgW","pushid":"pushid:467112_videoid:6YCyTBsSJ1M9EgRgW_roma:584105_B:0_date:20210812_batchid:3_tabid:_pushtype:2_dramaid:_type:1_traceid:2370@1628710168@5rinmajs2@1_ifsafe:0_tracestr:2535670@2129432@100000@2129434@2478934@100000_materialid:6YCyTBsSJ1M9EgRgW","strategy_info":{"scheme":"weishi://feed?feed_id=6YCyTBsSJ1M9EgRgW&logsour=&qq_red_point_pull=pushid%3A467112%5Fvideoid%3A6YCyTBsSJ1M9EgRgW%5Froma%3A584105%5FB%3A0%5Fdate%3A20210812%5Fbatchid%3A3%5Ftabid%3A%5Fpushtype%3A2%5Fdramaid%3A%5Ftype%3A1%5Ftraceid%3A2370%401628710168%405rinmajs2%401%5Fifsafe%3A0%5Ftracestr%3A2535670%402129432%40100000%402129434%402478934%40100000%5Fmaterialid%3A6YCyTBsSJ1M9EgRgW","type":1}}
09-07 13:10:49.794 25903 25926 E weishi895-WSFeedsPreloadStrategy: [preloadRedDotData] mHadCleanPreCache:false
09-07 13:10:49.880 25903 25926 E VasUtils: json error:{"oac_triggle":"ad_id=960361\u0026busi_info=%7B%22as_ts%22%3A0%2C%22p_size%22%3A1%2C%22pack_time%22%3A2021081200%2C%22policy_id%22%3A3703452%2C%22prc_size%22%3A1%2C%22rc_size%22%3A1%2C%22tianshu_footageid%22%3A77903%7D"}
09-07 13:10:49.881 25903 25926 E weishi895-WSRedDotPreloadManager: [preloadVideoCover] start
09-07 13:10:49.881 25903 25926 E weishi895-WSPushLog: WSRedDotPushMsg = {"feedids":"6YCyTBsSJ1M9EgRgW","pushid":"pushid:467112_videoid:6YCyTBsSJ1M9EgRgW_roma:584105_B:0_date:20210812_batchid:3_tabid:_pushtype:2_dramaid:_type:1_traceid:2370@1628710168@5rinmajs2@1_ifsafe:0_tracestr:2535670@2129432@100000@2129434@2478934@100000_materialid:6YCyTBsSJ1M9EgRgW","strategy_info":{"scheme":"weishi://feed?feed_id=6YCyTBsSJ1M9EgRgW&logsour=&qq_red_point_pull=pushid%3A467112%5Fvideoid%3A6YCyTBsSJ1M9EgRgW%5Froma%3A584105%5FB%3A0%5Fdate%3A20210812%5Fbatchid%3A3%5Ftabid%3A%5Fpushtype%3A2%5Fdramaid%3A%5Ftype%3A1%5Ftraceid%3A2370%401628710168%405rinmajs2%401%5Fifsafe%3A0%5Ftracestr%3A2535670%402129432%40100000%402129434%402478934%40100000%5Fmaterialid%3A6YCyTBsSJ1M9EgRgW","type":1}}
09-07 13:10:49.882 25903 25926 E weishi895-WSFeedsPreloadStrategy: [preloadRedDotData] mHadCleanPreCache:true
09-07 13:10:49.897 25903 25926 E Q.videostory.config.VSEntranceWidgetHelper: handleStyleConfig error!
09-07 13:10:49.897 25903 25926 E Q.videostory.config.VSEntranceWidgetHelper: handleWidgetConfig error!
09-07 13:10:49.947 25903 26108 E RecentUserCacheHelper: update: msgBoxRecentUsers.isEmpty()
09-07 13:10:49.981 25903 26108 E SQLiteLog: (1) no such table: mr_friend_B8C4C8B2271787E2F78B5FE2CE193CAA_New
09-07 13:10:49.991 25903 26108 E Q.msg.MsgProxy: set sending message FAILED: -----Dump MessageRecord-----,classname:MessageForFile,selfUin:*6236,friendUin:*9117,senderUin:*6236,shmsgseq:24950,uid:72057595433841951,time:1636358877,isRead:true,isSend:1,extraFlag:Sending,sendFailCode:0,istroop:0,msgType:-2005,msg:|62,bubbleid:0,subBubbleId:0,uniseq:7028107875966305996,isMultiMsg:false,msgseq:1301569910
09-07 13:10:50.004 25903 26108 E SQLiteLog: (1) no such table: mr_friend_300ECF93B7224CF439B6DE6EE1D6C200_New
09-07 13:10:50.022 25903 26108 E FlashChat: handleFlashChatConfig failedorg.json.JSONException: End of input at character 0 of
09-07 13:10:50.094 25903 26108 E DatalineMsgDbTransformer: transform.
09-07 13:10:50.139 25903 26108 E QQInitHandler.QQManagerFactory: Not Found Manager, name=6
09-07 13:10:50.147 25903 26173 E SettingRequest: setAllSwitchState2SP get value fail!
09-07 13:10:50.153 25903 26108 E QQInitHandler.QQManagerFactory: Not Found Manager, name=15
09-07 13:10:50.297 25903 26108 E QQInitHandler.QQManagerFactory: Not Found Manager, name=19
09-07 13:10:50.297 25903 26108 E QQInitHandler.QQManagerFactory: Not Found Manager, name=21
09-07 13:10:50.297 25903 26108 E QQInitHandler.QQManagerFactory: Not Found Manager, name=22
09-07 13:10:50.297 25903 26108 E QQInitHandler.QQManagerFactory: Not Found Manager, name=25
09-07 13:10:50.298 25903 26108 E QQInitHandler.QQManagerFactory: Not Found Manager, name=40
09-07 13:10:50.311 25903 26108 E QQInitHandler.QQManagerFactory: Not Found Manager, name=46
09-07 13:10:50.312 25903 26108 E QQInitHandler.QQManagerFactory: Not Found Manager, name=47
09-07 13:10:50.315 25903 26108 E QQInitHandler.QQManagerFactory: Not Found Manager, name=54
09-07 13:10:50.344 25903 26108 E AiKeywordConfig: mArkJsdebuggerDownloadList list size =2
09-07 13:10:50.383 25903 26108 E ArkApp.JNI: JNI_OnLoad return success !!
09-07 13:10:50.425 25903 26108 E QQInitHandler.QQManagerFactory: Not Found Manager, name=81
09-07 13:10:50.425 25903 26108 E QQInitHandler.QQManagerFactory: Not Found Manager, name=82
09-07 13:10:50.444 25903 26108 E QQInitHandler.QQManagerFactory: Not Found Manager, name=92
09-07 13:10:50.445 25903 26108 E QQInitHandler.QQManagerFactory: Not Found Manager, name=95
09-07 13:10:50.445 25903 26108 E QQInitHandler.QQManagerFactory: Not Found Manager, name=98
09-07 13:10:50.445 25903 26108 E QQInitHandler.QQManagerFactory: Not Found Manager, name=101
09-07 13:10:50.445 25903 26108 E QQInitHandler.QQManagerFactory: Not Found Manager, name=102
09-07 13:10:50.451 25903 26115 E VasQuickUpdateManager: initEngine: com.tencent.mobileqq.vas.VasQuickUpdateManager@2f84d2c
09-07 13:10:51.741 25903 26292 E SimpleParser: readConfigs: unknown event type: 4
09-07 13:10:51.754 25903 26292 I chatty  : uid=10315(com.tencent.mobileqq) identical 61 lines
09-07 13:10:51.754 25903 26292 E SimpleParser: readConfigs: unknown event type: 4
09-07 13:10:51.759 25903 26115 E VasUpdate_SeqConfig: loadSeqConfig content = {"seq":443305,"appver":"8.9.5.8845","plver":22,"mPreloadList":[]}
09-07 13:10:51.762 25903 26292 E SimpleParser: readConfigs: unknown event type: 4
09-07 13:10:51.772 25903 26292 I chatty  : uid=10315(com.tencent.mobileqq) identical 94 lines
09-07 13:10:51.772 25903 26292 E SimpleParser: readConfigs: unknown event type: 4
