09-07 13:27:59.109 27530 28190 E QWalletHelperImpl: 	at com.tencent.mobileqq.config.QConfigServlet$1.run(P:1)
09-07 13:27:59.109 27530 28190 E QWalletHelperImpl: 	at android.os.Handler.handleCallback(Handler.java:873)
09-07 13:27:59.109 27530 28190 E QWalletHelperImpl: 	at android.os.Handler.dispatchMessage(Handler.java:99)
09-07 13:27:59.109 27530 28190 E QWalletHelperImpl: 	at android.os.Looper.loop(Looper.java:224)
09-07 13:27:59.109 27530 28190 E QWalletHelperImpl: 	at android.os.HandlerThread.run(HandlerThread.java:65)
09-07 13:27:59.123 27530 28128 E VasIPCModule: onCall missing action = com.tencent.mobileqq.vas.api.impl.AppIconSwitchManager$checkAndSwitchIcon
09-07 13:27:59.162 27530 28128 E CommonUsedSystemEmojiManager: mergeAndSortSystemEmojiInfo  list2 = NULL
09-07 13:27:59.284 27530 27793 E [cmshow]ApolloManager: handleAio2dBubbleAdv, data empty
09-07 13:27:59.284 27530 27793 E [cmshow]ApolloManager: handleKapuDownloadAdv, data empty
09-07 13:27:59.284 27530 27793 E [cmshow]ApolloManager: handleAio3dBubbleAdv, data empty
09-07 13:27:59.284 27530 27793 E [cmshow]ApolloManager: handleAio2dNewActionTipsAdv, data empty
09-07 13:27:59.284 27530 27793 E [cmshow]ApolloManager: handleAio3dNewActionTipsAdv, data empty
09-07 13:27:59.285 27530 27793 E [cmshow]ApolloManager: handleDrawerBubbleAdv, data empty
09-07 13:27:59.285 27530 27793 E [cmshow]ApolloManager: handleDrawerBubbleAdv, data empty
09-07 13:28:04.695 12460 12820 E awcn.TnetSpdySession: |[seq:umeng:546d7dd7fd98c58fc800082c.AWCN147_1] spdySessionCloseCallback  errorCode::-2032
09-07 13:28:04.696 12460 12820 E awcn.Session: |[seq:umeng:546d7dd7fd98c58fc800082c.AWCN147_1] notifyStatus status:DISCONNECTED
09-07 13:28:04.696 12460 12843 E awcn.SessionRequest:  sendConnectInfoToAccsByService
09-07 13:28:04.704 12460 12843 E awcn.SessionRequest:  sendConnectInfoToAccsByCallBack
09-07 13:28:04.704 12460 12821 E NAccs.InAppConn_default:  onConnectionChanged currentHost:https://umengacs.m.taobao.com changeHost:https://umengacs.m.taobao.com state:false
09-07 13:28:04.723 12460 12460 E NAccs.MsgDistribute:  distribMessage dataId:
09-07 13:28:04.724 12460 22263 E NAccs.MsgDistribute:  distribute ready action:com.taobao.accs.intent.action.RECEIVE dataId: serviceId:
09-07 13:28:04.724 12460 22263 E NAccs.MsgDistribute:  handBroadCastMsg command:103
09-07 13:28:06.361  2762  4261 E LocationAccessPolicy: canAccessCellLocation in whitList. uid = 10024, pkgName = com.baidu.map.location
09-07 13:28:06.388  2762  4261 E LocationAccessPolicy: canAccessCellLocation in whitList. uid = 10024, pkgName = com.baidu.map.location
09-07 13:28:06.402   693  5592 E LocSvc_libulp: ulp_brain_transition_all_providers, no QUIPC/GNSS transition logic run due to both engines are OFF
09-07 13:28:06.548 27530 28221 E PlayerCore: loadLibDefault failed to load TPCore-master,dalvik.system.PathClassLoader[DexPathList[[zip file "/system/framework/org.apache.http.legacy.boot.jar", zip file "/data/app/com.tencent.mobileqq-9NPNTOx62ULAduw2aTKEhw==/base.apk"],nativeLibraryDirectories=[/data/app/com.tencent.mobileqq-9NPNTOx62ULAduw2aTKEhw==/lib/arm64, /data/app/com.tencent.mobileqq-9NPNTOx62ULAduw2aTKEhw==/base.apk!/lib/arm64-v8a, /system/lib64]]] couldn't find "libTPCore-master.so"
09-07 13:28:06.548 27530 28221 E PlayerCore: Failed to load native libs
09-07 13:28:06.548 27530 28221 E PlayerCore: TPNativeLibraryLoader isLibLoaded error:Failed to load native library
09-07 13:28:06.549 27530 28220 E PlayerCore: loadLibDefault failed to load TPCore-master,dalvik.system.PathClassLoader[DexPathList[[zip file "/system/framework/org.apache.http.legacy.boot.jar", zip file "/data/app/com.tencent.mobileqq-9NPNTOx62ULAduw2aTKEhw==/base.apk"],nativeLibraryDirectories=[/data/app/com.tencent.mobileqq-9NPNTOx62ULAduw2aTKEhw==/lib/arm64, /data/app/com.tencent.mobileqq-9NPNTOx62ULAduw2aTKEhw==/base.apk!/lib/arm64-v8a, /system/lib64]]] couldn't find "libTPCore-master.so"
09-07 13:28:06.549 27530 28220 E PlayerCore: Failed to load native libs
09-07 13:28:06.549 27530 28220 E PlayerCore: TPNativeLibraryLoader isLibLoaded error:Failed to load native library
09-07 13:28:06.627 27530 28128 E Ilive   :  isVersionChange = false
09-07 13:28:06.676 27530 28128 E QVipConfigProcessor: com.tencent.mobileqq.vas.config.business.qvip.QVipPersonalIconProcessor.parsed content count=1
09-07 13:28:06.810 27530 28128 E SQLiteLog: (1) no such table: mr_friend_45B4F8ABE6C172CAB391E43E1E0E6611_New
09-07 13:28:06.814 27530 28128 E IAutomator: [CameraCategoryMaterialStep] doStep....
09-07 13:28:06.849 27530 27841 E PlayerCore: loadLibDefault failed to load TPCore-master,dalvik.system.PathClassLoader[DexPathList[[zip file "/system/framework/org.apache.http.legacy.boot.jar", zip file "/data/app/com.tencent.mobileqq-9NPNTOx62ULAduw2aTKEhw==/base.apk"],nativeLibraryDirectories=[/data/app/com.tencent.mobileqq-9NPNTOx62ULAduw2aTKEhw==/lib/arm64, /data/app/com.tencent.mobileqq-9NPNTOx62ULAduw2aTKEhw==/base.apk!/lib/arm64-v8a, /system/lib64]]] couldn't find "libTPCore-master.so"
09-07 13:28:06.849 27530 27841 E PlayerCore: Failed to load native libs
09-07 13:28:06.849 27530 27841 E PlayerCore: TPNativeLibraryLoader isLibLoaded error:Failed to load native library
09-07 13:28:26.341 27530 28233 E RMonitor_manager_PluginMng: can not find plugin {name: device, id: 131, mode: 0, entrance: com.tencent.rmonitor.device.DeviceInfoMonitor}java.lang.ClassNotFoundException: com.tencent.rmonitor.device.DeviceInfoMonitor
09-07 13:28:26.341 27530 28233 E RMonitor_manager_PluginMng: 	at java.lang.Class.classForName(Native Method)
09-07 13:28:26.341 27530 28233 E RMonitor_manager_PluginMng: 	at java.lang.Class.forName(Class.java:453)
09-07 13:28:26.341 27530 28233 E RMonitor_manager_PluginMng: 	at java.lang.Class.forName(Class.java:378)
09-07 13:28:26.341 27530 28233 E RMonitor_manager_PluginMng: 	at com.tencent.rmonitor.c.d.g(P:2)
09-07 13:28:26.341 27530 28233 E RMonitor_manager_PluginMng: 	at com.tencent.rmonitor.c.d.h(P:2)
09-07 13:28:26.341 27530 28233 E RMonitor_manager_PluginMng: 	at com.tencent.rmonitor.c.d.c(P:5)
09-07 13:28:26.341 27530 28233 E RMonitor_manager_PluginMng: 	at com.tencent.rmonitor.c.c.f(P:9)
09-07 13:28:26.341 27530 28233 E RMonitor_manager_PluginMng: 	at com.tencent.rmonitor.Magnifier$1.run(P:3)
09-07 13:28:26.341 27530 28233 E RMonitor_manager_PluginMng: 	at android.os.Handler.handleCallback(Handler.java:873)
09-07 13:28:26.341 27530 28233 E RMonitor_manager_PluginMng: 	at android.os.Handler.dispatchMessage(Handler.java:99)
09-07 13:28:26.341 27530 28233 E RMonitor_manager_PluginMng: 	at android.os.Looper.loop(Looper.java:224)
09-07 13:28:26.341 27530 28233 E RMonitor_manager_PluginMng: 	at android.os.HandlerThread.run(HandlerThread.java:65)
09-07 13:28:26.341 27530 28233 E RMonitor_manager_PluginMng: Caused by: java.lang.ClassNotFoundException: Didn't find class "com.tencent.rmonitor.device.DeviceInfoMonitor" on path: DexPathList[[zip file "/system/framework/org.apache.http.legacy.boot.jar", zip file "/data/app/com.tencent.mobileqq-9NPNTOx62ULAduw2aTKEhw==/base.apk"],nativeLibraryDirectories=[/data/app/com.tencent.mobileqq-9NPNTOx62ULAduw2aTKEhw==/lib/arm64, /data/app/com.tencent.mobileqq-9NPNTOx62ULAduw2aTKEhw==/base.apk!/lib/arm64-v8a, /system/lib64]]
09-07 13:28:26.341 27530 28233 E RMonitor_manager_PluginMng: 	at dalvik.system.BaseDexClassLoader.findClass(BaseDexClassLoader.java:134)
09-07 13:28:26.341 27530 28233 E RMonitor_manager_PluginMng: 	at java.lang.ClassLoader.loadClass(ClassLoader.java:379)
09-07 13:28:26.341 27530 28233 E RMonitor_manager_PluginMng: 	at java.lang.ClassLoader.loadClass(ClassLoader.java:312)
09-07 13:28:26.341 27530 28233 E RMonitor_manager_PluginMng: 	... 12 more
09-07 13:28:26.350   588   588 E SELinux : avc:  denied  { find } for interface=android.hardware.memtrack::IMemtrack sid=u:r:untrusted_app_27:s0:c512,c768 pid=27530 scontext=u:r:untrusted_app_27:s0:c512,c768 tcontext=u:object_r:hal_memtrack_hwservice:s0 tclass=hwservice_manager permissive=0
09-07 13:28:26.351 27530 28236 E memtrack: Couldn't load memtrack module
09-07 13:28:36.284 27530 28233 E memtrack: Couldn't load memtrack module
09-07 13:28:36.290 27530 28236 E RMonitor_report_QuantileReporter: reportQuantileEvent fail! errorCode = 800, errorMsg =
09-07 13:28:36.594 12460 12821 E awcn.TnetSpdySession: |[seq:umeng:546d7dd7fd98c58fc800082c.AWCN148_1] connect host:https://umengacs.m.taobao.com ip:203.119.128.124 port:80 sessionId:1662528516594 SpdyProtocol,:http2_0rtt_acs proxyIp,: proxyPort,:0
09-07 13:28:36.595 12460 12821 E awcn.Session: |[seq:umeng:546d7dd7fd98c58fc800082c.AWCN148_1] notifyStatus status:CONNECTING
09-07 13:28:36.633 12460 12820 E awcn.Session: |[seq:umeng:546d7dd7fd98c58fc800082c.AWCN148_1] notifyStatus status:CONNECTED
09-07 13:28:36.634 12460 12820 E NAccs.InAppConn_default:  auth URL:https://umengacs.m.taobao.com/accs/auth?1=Yxb4jenW6G8DAAMnawpgwtMM&2=2d3350db2a0721d3256994f9db4c3489eaf3cf26598dc122a583a1dbc724421e&3=umeng:546d7dd7fd98c58fc800082c&5=1&6=wifi&7=null&8=1.1.2&9=1662462114044&10=1&11=28&12=cn.missevan&13=5.7.3&14=android@umeng&15=vivo+X21A&16=vivo&17=221&19=0&20=
09-07 13:28:36.635 12460 12820 E awcn.TnetSpdySession: |[seq:umeng:546d7dd7fd98c58fc800082c.AWCN148_1] spdySessionConnectCB connect connectTime:38 sslTime:0
09-07 13:28:36.682 12460 12820 E NAccs.InAppConn_default:  auth httpStatusCode:200
09-07 13:28:36.683 12460 12820 E awcn.Session: |[seq:umeng:546d7dd7fd98c58fc800082c.AWCN148_1] notifyStatus status:AUTH_SUCC
09-07 13:28:36.685 12460 12843 E awcn.SessionRequest:  sendConnectInfoToAccsByService
09-07 13:28:36.690 12460 12843 E awcn.SessionRequest:  sendConnectInfoToAccsByCallBack
09-07 13:28:36.690 12460 12821 E NAccs.InAppConn_default:  onConnectionChanged currentHost:https://umengacs.m.taobao.com changeHost:https://umengacs.m.taobao.com state:true
09-07 13:28:36.695 12460 12460 E NAccs.MsgDistribute:  distribMessage dataId:
09-07 13:28:36.696 12460 22263 E NAccs.MsgDistribute:  distribute ready action:com.taobao.accs.intent.action.RECEIVE dataId: serviceId:
09-07 13:28:36.696 12460 22263 E NAccs.MsgDistribute:  handBroadCastMsg command:103
09-07 13:28:38.168 27530 27582 E SQLiteLog: (1) no such table: mr_friend_BBBCA2C74347FFE57DBAFDBABFCB5DF0_New
09-07 13:29:43.925  1710  2037 E ActivityManager: Sending non-protected broadcast com.bbk.updater.remote.daemonService.RESET_TIMES from system uid 1000 pkg com.vivo.daemonService
09-07 13:29:43.931  1710  2037 E ActivityManager: Sending non-protected broadcast com.vivo.aiengine.intent.action.SMART_SCHEDULER from system uid 1000 pkg com.vivo.aiengine
09-07 13:29:43.935  1710  2037 E ActivityManager: Sending non-protected broadcast com.vivo.aiengine.intent.action.SMART_SCHEDULER from system uid 1000 pkg com.vivo.aiengine
09-07 13:29:43.941  1710  2037 E ActivityManager: Sending non-protected broadcast com.vivo.pem.power from system uid 1000 pkg com.vivo.pem
09-07 13:29:43.959  1004  3051 E Netd    : tether checkPermission, pid:1710 uid:1000
09-07 13:29:44.025  4383  4437 E BitmapFactory: Unable to decode stream: java.io.FileNotFoundException: /oem/etc/theme/icons/dynamic_icon/com.android.BBKClock/res/drawable-sw360dp-xxhdpi/clock_hour.png (No such file or directory)
09-07 13:29:44.027  4383  4437 E BitmapFactory: Unable to decode stream: java.io.FileNotFoundException: /oem/etc/theme/icons/dynamic_icon/com.android.BBKClock/res/drawable-sw360dp-xxhdpi/clock_minute.png (No such file or directory)
09-07 13:29:44.028  4383  4437 E BitmapFactory: Unable to decode stream: java.io.FileNotFoundException: /oem/etc/theme/icons/dynamic_icon/com.android.BBKClock/res/drawable-sw360dp-xxhdpi/clock_dial.png (No such file or directory)
09-07 13:29:44.032  4383  4437 E BitmapFactory: Unable to decode stream: java.io.FileNotFoundException: /oem/etc/theme/icons/dynamic_icon/com.android.BBKClock/res/drawable-sw360dp-xxhdpi/clock_dial_center.png (No such file or directory)
09-07 13:29:44.196  1710  5749 E ActivityManager: Sending non-protected broadcast com.vivo.aiengine.action.APP_PREDICT_FINISHED from system 2704:com.vivo.aiengine/1000 pkg com.vivo.aiengine
09-07 13:29:44.218  2635  3033 E PowerMonitor: exception In sysProcTransDectect java.lang.NoSuchMethodException: vivoGetNetworkStatsUidDetailWithPackInfo [int]
09-07 13:29:44.244  1710  5424 E ActivityManager: Sending non-protected broadcast action.vivo.powercontrol from system 2635:com.vivo.pem/1000 pkg com.vivo.pem
09-07 13:29:44.245  1710  5424 E ActivityManager: Sending non-protected broadcast action.vivo.powercontrol from system 2635:com.vivo.pem/1000 pkg com.vivo.pem
09-07 13:29:44.255  1004  3051 E Netd    : tether checkPermission, pid:1710 uid:1000
09-07 13:29:44.355  2762  4075 I chatty  : uid=1001(radio) Binder:2762_7 identical 2 lines
09-07 13:29:45.534 28259 28259 E nt.mobileqq:MS: Not starting debugger since process cannot load the jdwp agent.
09-07 13:30:18.403 28276 28276 E encent.mobileq: Not starting debugger since process cannot load the jdwp agent.
09-07 13:31:00.892  4383  4437 E BitmapFactory: Unable to decode stream: java.io.FileNotFoundException: /oem/etc/theme/icons/dynamic_icon/com.android.BBKClock/res/drawable-sw360dp-xxhdpi/clock_hour.png (No such file or directory)
09-07 13:31:00.893  4383  4437 E BitmapFactory: Unable to decode stream: java.io.FileNotFoundException: /oem/etc/theme/icons/dynamic_icon/com.android.BBKClock/res/drawable-sw360dp-xxhdpi/clock_minute.png (No such file or directory)
09-07 13:31:00.894  4383  4437 E BitmapFactory: Unable to decode stream: java.io.FileNotFoundException: /oem/etc/theme/icons/dynamic_icon/com.android.BBKClock/res/drawable-sw360dp-xxhdpi/clock_dial.png (No such file or directory)
09-07 13:31:00.896  4383  4437 E BitmapFactory: Unable to decode stream: java.io.FileNotFoundException: /oem/etc/theme/icons/dynamic_icon/com.android.BBKClock/res/drawable-sw360dp-xxhdpi/clock_dial_center.png (No such file or directory)
09-07 13:31:01.056 28276 28276 E PandoraEx.ConfigManager: initDefaultConfig initLevel is defaultConfig
09-07 13:31:01.107 28276 28276 E 2g.outt : init
09-07 13:31:01.107 28276 28276 E 2g.outt : sync
09-07 13:31:01.165 28276 28276 E qiqili  : InitMemoryCache BaseApplicationImpl.sProcessId =1BaseApplicationImpl.processName=com.tencent.mobileqq
09-07 13:31:01.302 28276 28331 E System  :  ******** DEPRECATED FUNCTIONALITY ********
09-07 13:31:01.302 28276 28331 E System  :  * The implementation of the KeyFactory.RSA algorithm from
09-07 13:31:01.302 28276 28331 E System  :  * the BC provider is deprecated in this version of Android.
09-07 13:31:01.303 28276 28331 E System  :  * It will be removed in a future version of Android and your
09-07 13:31:01.303 28276 28331 E System  :  * application will no longer be able to request it.  Please see
09-07 13:31:01.303 28276 28331 E System  :  * https://android-developers.googleblog.com/2018/03/cryptography-changes-in-android-p.html
09-07 13:31:01.303 28276 28331 E System  :  * for more details.
09-07 13:31:01.399 28259 28259 E PandoraEx.ConfigManager: initDefaultConfig initLevel is defaultConfig
09-07 13:31:01.669 28259 28259 E MSF.C.NativeConfigStore: loadso msfbootV2 true resultCode=262144 cost=2
09-07 13:31:08.838 28259 28259 E MSF.C.CodecWarpper: loadso codecwrapperV2 true resultCode=262144 cost=3
09-07 13:31:08.946 28259 28259 E 2g.outt : init
09-07 13:31:08.946 28259 28259 E 2g.outt : sync
09-07 13:31:09.032 28259 28407 E System  :  ******** DEPRECATED FUNCTIONALITY ********
09-07 13:31:09.032 28259 28407 E System  :  * The implementation of the KeyFactory.RSA algorithm from
09-07 13:31:09.032 28259 28407 E System  :  * the BC provider is deprecated in this version of Android.
09-07 13:31:09.032 28259 28407 E System  :  * It will be removed in a future version of Android and your
09-07 13:31:09.032 28259 28407 E System  :  * application will no longer be able to request it.  Please see
09-07 13:31:09.032 28259 28407 E System  :  * https://android-developers.googleblog.com/2018/03/cryptography-changes-in-android-p.html
09-07 13:31:09.032 28259 28407 E System  :  * for more details.
09-07 13:31:56.361 28259 28259 E MD5     : loadso msfbootV2 true resultCode=262144 cost=0
09-07 13:31:56.486 28259 28413 E MSF.C.NetConnTag.true: [openConn] socket has built, socketEngineID: 0socket: 11846578java.lang.Throwable
09-07 13:31:56.486 28259 28413 E MSF.C.NetConnTag.true: 	at com.tencent.mobileqq.msf.core.net.m.a(P:46)
09-07 13:31:56.486 28259 28413 E MSF.C.NetConnTag.true: 	at com.tencent.mobileqq.msf.core.net.p.a(P:207)
09-07 13:31:56.486 28259 28413 E MSF.C.NetConnTag.true: 	at com.tencent.mobileqq.msf.core.net.p.a(P:203)
09-07 13:31:56.486 28259 28413 E MSF.C.NetConnTag.true: 	at com.tencent.mobileqq.msf.core.net.p.a(P:179)
09-07 13:31:56.486 28259 28413 E MSF.C.NetConnTag.true: 	at com.tencent.mobileqq.msf.core.net.p.b(P:40)
09-07 13:31:56.486 28259 28413 E MSF.C.NetConnTag.true: 	at com.tencent.mobileqq.msf.core.net.p.a(P:108)
09-07 13:31:56.486 28259 28413 E MSF.C.NetConnTag.true: 	at com.tencent.mobileqq.msf.core.net.p.q(P:1)
09-07 13:31:56.486 28259 28413 E MSF.C.NetConnTag.true: 	at com.tencent.mobileqq.msf.core.net.p.a(P:217)
09-07 13:31:56.486 28259 28413 E MSF.C.NetConnTag.true: 	at com.tencent.mobileqq.msf.core.ag$c.run(P:115)
09-07 13:31:56.779 28259 28413 E FEKitSoLoader: download instance missing!!!,use setDownLoader!
09-07 13:31:56.782  1007  1186 E storaged: getDiskStats failed with result NOT_SUPPORTED and size 0
09-07 13:31:56.914 28276 28478 E System  :  ******** DEPRECATED FUNCTIONALITY ********
09-07 13:31:56.914 28276 28478 E System  :  * The implementation of the KeyFactory.RSA algorithm from
09-07 13:31:56.914 28276 28478 E System  :  * the BC provider is deprecated in this version of Android.
09-07 13:31:56.914 28276 28478 E System  :  * It will be removed in a future version of Android and your
09-07 13:31:56.914 28276 28478 E System  :  * application will no longer be able to request it.  Please see
09-07 13:31:56.914 28276 28478 E System  :  * https://android-developers.googleblog.com/2018/03/cryptography-changes-in-android-p.html
09-07 13:31:56.914 28276 28478 E System  :  * for more details.
09-07 13:31:56.940 28276 28317 E MD5     : loadso msfbootV2 true resultCode=262144 cost=10
09-07 13:31:56.949 28276 28482 E QQInitHandler.QQManagerFactory: First trigger lazyLoad, name=19
09-07 13:31:56.952 28276 28482 E QQInitHandler.QQManagerFactory: Not Found Manager, name=19
09-07 13:31:57.006 28259 28441 E Android : stop...
09-07 13:31:57.032 28276 28482 E SecurityUtile: loadso true, resultCode:262144 cost:3
09-07 13:31:57.033 28276 28482 E encent.mobileq: The String#value field is not present on Android versions >= 6.0
09-07 13:31:57.033 28276 28490 E encent.mobileq: The String#value field is not present on Android versions >= 6.0
09-07 13:31:57.052 28276 28482 E PreDownloadScheduler:  pre download bSampledLastTime = false
09-07 13:31:57.053 28276 28482 E PreDownloadScheduler:  pre download random = 0.9781530784012831
09-07 13:31:57.053 28276 28482 E PreDownloadScheduler:  pre download set mNeedReport = false
09-07 13:31:57.127 28276 28482 E QCircleConfigHelper: initQCircleTab user tabDataHelper:true
09-07 13:31:57.374 28276 28551 E QQPermission.QQPermissionFactory: getQQPermission: activity or fragment is null
09-07 13:31:57.551 28276 28490 E SQLiteLog: (1) no such table: mr_friend_B8C4C8B2271787E2F78B5FE2CE193CAA_New
09-07 13:31:57.610 28276 28490 E Q.msg.BaseMessageManager: set sending message FAILED: -----Dump MessageRecord-----,classname:Message,selfUin:*6236,friendUin:*9117,senderUin:*6236,shmsgseq:24950,uid:72057595433841951,time:1636358877,isRead:true,isSend:1,extraFlag:Sending,sendFailCode:0,istroop:0,msgType:-2005,msg:|62,bubbleid:0,subBubbleId:0,uniseq:7028107875966305996,isMultiMsg:false,msgseq:1301569910
09-07 13:31:57.624 28276 28538 E SQLiteLog: (1) no such table: mr_friend_B8C4C8B2271787E2F78B5FE2CE193CAA_New
09-07 13:31:57.630 28276 28578 E QZoneConfigProvider: new QZConfigSqliteManager  uin=256
09-07 13:31:57.707 28276 28300 E SQLiteLog: (1) no such table: mr_friend_D005CE7AEEF46BD18515F783FB8E87FA_New
09-07 13:31:57.720 28276 28300 E SQLiteLog: (1) no such table: mr_friend_FCED4F35799409DD854EBEAEA7DB546D_New
09-07 13:31:57.725 28276 28300 E SQLiteLog: (1) no such table: mr_friend_853573B5A907ED8B2F4FEC25A92406A2_New
09-07 13:31:57.842 28276 28493 E yuki    : gameboxAppids:[1104466820, 1106467070, 1106838536]
09-07 13:31:57.937 28276 28494 E RegisterProxyHandler: handleNewRegisterProxyMsg--> decode c2c_msg, hashCode:113996791
09-07 13:31:57.954 28276 28494 E RegisterProxyHandler: handleNewRegisterProxyMsg ,groupNum=0,discussionNum=0
09-07 13:31:57.955 28276 28494 E RegisterProxyHandler: handleNewRegisterProxyMsg--> decode pub_account_msg, hashCode:228690306
09-07 13:31:58.074 28276 28555 E ArkApp.ArkAppCenterUtil: ArkFold.checkArkSize model=vivo X21A,screenWidth=1080,sDisplayWith=1080,scene=1
09-07 13:31:58.095 28276 28603 E RedPointLog.RedTouchManager: cache not ready
09-07 13:31:58.114 28276 28551 E PhoneStatusTools: 1 listen Exceptionjava.lang.NoSuchMethodException: listenGemini [int, class android.telephony.PhoneStateListener, int]
09-07 13:31:58.114 28276 28551 E PhoneStatusTools: 	at java.lang.Class.getMethod(Class.java:2068)
09-07 13:31:58.114 28276 28551 E PhoneStatusTools: 	at java.lang.Class.getMethod(Class.java:1690)
09-07 13:31:58.114 28276 28551 E PhoneStatusTools: 	at com.tencent.mobileqq.utils.kapalaiadapter.f.c(P:2)
09-07 13:31:58.114 28276 28551 E PhoneStatusTools: 	at com.tencent.av.utils.x.r(P:7)
09-07 13:31:58.114 28276 28551 E PhoneStatusTools: 	at com.tencent.av.utils.PhoneStatusMonitor$1.run(P:1)
09-07 13:31:58.114 28276 28551 E PhoneStatusTools: 	at com.tencent.mobileqq.app.Job.run(P:3)
09-07 13:31:58.114 28276 28551 E PhoneStatusTools: 	at java.util.concurrent.ThreadPoolExecutor.runWorker(ThreadPoolExecutor.java:1167)
09-07 13:31:58.114 28276 28551 E PhoneStatusTools: 	at java.util.concurrent.ThreadPoolExecutor$Worker.run(ThreadPoolExecutor.java:641)
09-07 13:31:58.114 28276 28551 E PhoneStatusTools: 	at java.lang.Thread.run(Thread.java:764)
09-07 13:31:58.115 28276 28551 E PhoneStatusTools: 3 listen Exceptionjava.lang.ClassNotFoundException: android.telephony.MSimTelephonyManager
09-07 13:31:58.115 28276 28551 E PhoneStatusTools: 	at java.lang.Class.classForName(Native Method)
09-07 13:31:58.115 28276 28551 E PhoneStatusTools: 	at java.lang.Class.forName(Class.java:453)
09-07 13:31:58.115 28276 28551 E PhoneStatusTools: 	at java.lang.Class.forName(Class.java:378)
09-07 13:31:58.115 28276 28551 E PhoneStatusTools: 	at com.tencent.mobileqq.utils.kapalaiadapter.f.g(P:1)
09-07 13:31:58.115 28276 28551 E PhoneStatusTools: 	at com.tencent.av.utils.x.r(P:23)
09-07 13:31:58.115 28276 28551 E PhoneStatusTools: 	at com.tencent.av.utils.PhoneStatusMonitor$1.run(P:1)
09-07 13:31:58.115 28276 28551 E PhoneStatusTools: 	at com.tencent.mobileqq.app.Job.run(P:3)
09-07 13:31:58.115 28276 28551 E PhoneStatusTools: 	at java.util.concurrent.ThreadPoolExecutor.runWorker(ThreadPoolExecutor.java:1167)
09-07 13:31:58.115 28276 28551 E PhoneStatusTools: 	at java.util.concurrent.ThreadPoolExecutor$Worker.run(ThreadPoolExecutor.java:641)
09-07 13:31:58.115 28276 28551 E PhoneStatusTools: 	at java.lang.Thread.run(Thread.java:764)
09-07 13:31:58.115 28276 28551 E PhoneStatusTools: Caused by: java.lang.ClassNotFoundException: Didn't find class "android.telephony.MSimTelephonyManager" on path: DexPathList[[zip file "/system/framework/org.apache.http.legacy.boot.jar", zip file "/data/app/com.tencent.mobileqq-9NPNTOx62ULAduw2aTKEhw==/base.apk"],nativeLibraryDirectories=[/data/app/com.tencent.mobileqq-9NPNTOx62ULAduw2aTKEhw==/lib/arm64, /data/app/com.tencent.mobileqq-9NPNTOx62ULAduw2aTKEhw==/base.apk!/lib/arm64-v8a, /system/lib64]]
09-07 13:31:58.115 28276 28551 E PhoneStatusTools: 	at dalvik.system.BaseDexClassLoader.findClass(BaseDexClassLoader.java:134)
09-07 13:31:58.115 28276 28551 E PhoneStatusTools: 	at java.lang.ClassLoader.loadClass(ClassLoader.java:379)
09-07 13:31:58.115 28276 28551 E PhoneStatusTools: 	at java.lang.ClassLoader.loadClass(ClassLoader.java:312)
09-07 13:31:58.115 28276 28551 E PhoneStatusTools: 	... 10 more
09-07 13:31:58.138 28276 28300 E VasUtils: json error:{"oac_triggle":"ad_id=960361\u0026busi_info=%7B%22as_ts%22%3A0%2C%22p_size%22%3A1%2C%22pack_time%22%3A2021081200%2C%22policy_id%22%3A3703452%2C%22prc_size%22%3A1%2C%22rc_size%22%3A1%2C%22tianshu_footageid%22%3A77903%7D"}
09-07 13:31:58.149 28276 28300 E weishi895-WSRedDotPreloadManager: [preloadVideoCover] start
09-07 13:31:58.150 28276 28300 E weishi895-WSPushLog: WSRedDotPushMsg = {"feedids":"6YCyTBsSJ1M9EgRgW","pushid":"pushid:467112_videoid:6YCyTBsSJ1M9EgRgW_roma:584105_B:0_date:20210812_batchid:3_tabid:_pushtype:2_dramaid:_type:1_traceid:2370@1628710168@5rinmajs2@1_ifsafe:0_tracestr:2535670@2129432@100000@2129434@2478934@100000_materialid:6YCyTBsSJ1M9EgRgW","strategy_info":{"scheme":"weishi://feed?feed_id=6YCyTBsSJ1M9EgRgW&logsour=&qq_red_point_pull=pushid%3A467112%5Fvideoid%3A6YCyTBsSJ1M9EgRgW%5Froma%3A584105%5FB%3A0%5Fdate%3A20210812%5Fbatchid%3A3%5Ftabid%3A%5Fpushtype%3A2%5Fdramaid%3A%5Ftype%3A1%5Ftraceid%3A2370%401628710168%405rinmajs2%401%5Fifsafe%3A0%5Ftracestr%3A2535670%402129432%40100000%402129434%402478934%40100000%5Fmaterialid%3A6YCyTBsSJ1M9EgRgW","type":1}}
09-07 13:31:58.151 28276 28300 E weishi895-WSFeedsPreloadStrategy: [preloadRedDotData] mHadCleanPreCache:false
09-07 13:31:58.256 28276 28300 E VasUtils: json error:{"oac_triggle":"ad_id=960361\u0026busi_info=%7B%22as_ts%22%3A0%2C%22p_size%22%3A1%2C%22pack_time%22%3A2021081200%2C%22policy_id%22%3A3703452%2C%22prc_size%22%3A1%2C%22rc_size%22%3A1%2C%22tianshu_footageid%22%3A77903%7D"}
09-07 13:31:58.256 28276 28300 E weishi895-WSRedDotPreloadManager: [preloadVideoCover] start
09-07 13:31:58.257 28276 28300 E weishi895-WSPushLog: WSRedDotPushMsg = {"feedids":"6YCyTBsSJ1M9EgRgW","pushid":"pushid:467112_videoid:6YCyTBsSJ1M9EgRgW_roma:584105_B:0_date:20210812_batchid:3_tabid:_pushtype:2_dramaid:_type:1_traceid:2370@1628710168@5rinmajs2@1_ifsafe:0_tracestr:2535670@2129432@100000@2129434@2478934@100000_materialid:6YCyTBsSJ1M9EgRgW","strategy_info":{"scheme":"weishi://feed?feed_id=6YCyTBsSJ1M9EgRgW&logsour=&qq_red_point_pull=pushid%3A467112%5Fvideoid%3A6YCyTBsSJ1M9EgRgW%5Froma%3A584105%5FB%3A0%5Fdate%3A20210812%5Fbatchid%3A3%5Ftabid%3A%5Fpushtype%3A2%5Fdramaid%3A%5Ftype%3A1%5Ftraceid%3A2370%401628710168%405rinmajs2%401%5Fifsafe%3A0%5Ftracestr%3A2535670%402129432%40100000%402129434%402478934%40100000%5Fmaterialid%3A6YCyTBsSJ1M9EgRgW","type":1}}
09-07 13:31:58.257 28276 28300 E weishi895-WSFeedsPreloadStrategy: [preloadRedDotData] mHadCleanPreCache:true
09-07 13:31:58.266 28276 28300 E Q.videostory.config.VSEntranceWidgetHelper: handleStyleConfig error!
09-07 13:31:58.266 28276 28300 E Q.videostory.config.VSEntranceWidgetHelper: handleWidgetConfig error!
09-07 13:31:58.327 28276 28482 E RecentUserCacheHelper: update: msgBoxRecentUsers.isEmpty()
09-07 13:31:58.367 28276 28482 E SQLiteLog: (1) no such table: mr_friend_B8C4C8B2271787E2F78B5FE2CE193CAA_New
09-07 13:31:58.377 28276 28482 E Q.msg.MsgProxy: set sending message FAILED: -----Dump MessageRecord-----,classname:MessageForFile,selfUin:*6236,friendUin:*9117,senderUin:*6236,shmsgseq:24950,uid:72057595433841951,time:1636358877,isRead:true,isSend:1,extraFlag:Sending,sendFailCode:0,istroop:0,msgType:-2005,msg:|62,bubbleid:0,subBubbleId:0,uniseq:7028107875966305996,isMultiMsg:false,msgseq:1301569910
09-07 13:31:58.390 28276 28482 E SQLiteLog: (1) no such table: mr_friend_300ECF93B7224CF439B6DE6EE1D6C200_New
09-07 13:31:58.428 28276 28482 E FlashChat: handleFlashChatConfig failedorg.json.JSONException: End of input at character 0 of
09-07 13:31:58.490 28276 28482 E DatalineMsgDbTransformer: transform.
09-07 13:31:58.537 28276 28482 E QQInitHandler.QQManagerFactory: Not Found Manager, name=6
09-07 13:31:58.548 28276 28482 E QQInitHandler.QQManagerFactory: Not Found Manager, name=15
09-07 13:31:58.685 28276 28555 E SettingRequest: setAllSwitchState2SP get value fail!
09-07 13:31:58.694 28276 28482 E QQInitHandler.QQManagerFactory: Not Found Manager, name=19
09-07 13:31:58.694 28276 28482 E QQInitHandler.QQManagerFactory: Not Found Manager, name=21
09-07 13:31:58.694 28276 28482 E QQInitHandler.QQManagerFactory: Not Found Manager, name=22
09-07 13:31:58.695 28276 28482 E QQInitHandler.QQManagerFactory: Not Found Manager, name=25
09-07 13:31:58.696 28276 28482 E QQInitHandler.QQManagerFactory: Not Found Manager, name=40
09-07 13:31:58.710 28276 28482 E QQInitHandler.QQManagerFactory: Not Found Manager, name=46
09-07 13:31:58.711 28276 28482 E QQInitHandler.QQManagerFactory: Not Found Manager, name=47
09-07 13:31:58.713 28276 28482 E QQInitHandler.QQManagerFactory: Not Found Manager, name=54
09-07 13:31:58.740 28276 28482 E AiKeywordConfig: mArkJsdebuggerDownloadList list size =2
09-07 13:31:58.779 28276 28482 E ArkApp.JNI: JNI_OnLoad return success !!
09-07 13:31:58.859 28276 28482 E QQInitHandler.QQManagerFactory: Not Found Manager, name=81
09-07 13:31:58.859 28276 28482 E QQInitHandler.QQManagerFactory: Not Found Manager, name=82
09-07 13:31:58.877 28276 28482 E QQInitHandler.QQManagerFactory: Not Found Manager, name=92
09-07 13:31:58.877 28276 28482 E QQInitHandler.QQManagerFactory: Not Found Manager, name=95
09-07 13:31:58.877 28276 28482 E QQInitHandler.QQManagerFactory: Not Found Manager, name=98
09-07 13:31:58.877 28276 28482 E QQInitHandler.QQManagerFactory: Not Found Manager, name=101
09-07 13:31:58.878 28276 28482 E QQInitHandler.QQManagerFactory: Not Found Manager, name=102
09-07 13:31:58.889 28276 28499 E VasQuickUpdateManager: initEngine: com.tencent.mobileqq.vas.VasQuickUpdateManager@72b4b06
09-07 13:32:00.111 28276 28499 E VasUpdate_System: doSyncTable enable = false
09-07 13:32:00.119 28276 28672 E SimpleParser: readConfigs: unknown event type: 4
09-07 13:32:00.150 28276 28672 I chatty  : uid=10315(com.tencent.mobileqq) identical 168 lines
09-07 13:32:00.150 28276 28672 E SimpleParser: readConfigs: unknown event type: 4
09-07 13:32:00.151 28276 28672 E SimpleObjectParser: readObject: unexpected event type: 4
09-07 13:32:00.152 28276 28677 E VasUpdate_VasUpdateSystemNofify: start  notifyVasUpdateSystemCreate
09-07 13:32:00.152 28276 28672 E SimpleObjectParser: readObject: unexpected event type: 4
09-07 13:32:00.153 28276 28672 I chatty  : uid=10315(com.tencent.mobileqq) identical 17 lines
09-07 13:32:00.153 28276 28672 E SimpleObjectParser: readObject: unexpected event type: 4
09-07 13:32:00.154 28276 28672 E SimpleParser: readConfigs: unknown event type: 4
09-07 13:32:00.200 28276 28672 I chatty  : uid=10315(com.tencent.mobileqq) identical 444 lines
09-07 13:32:00.200 28276 28672 E SimpleParser: readConfigs: unknown event type: 4
09-07 13:32:00.200 28276 28482 E QQInitHandler.QQManagerFactory: Not Found Manager, name=117
09-07 13:32:00.200 28276 28672 E SimpleParser: readConfigs: unknown event type: 4
09-07 13:32:00.200 28276 28672 I chatty  : uid=10315(com.tencent.mobileqq) identical 1 line
09-07 13:32:00.200 28276 28672 E SimpleParser: readConfigs: unknown event type: 4
09-07 13:32:00.200 28276 28482 E QQInitHandler.QQManagerFactory: Not Found Manager, name=119
09-07 13:32:00.200 28276 28672 E SimpleParser: readConfigs: unknown event type: 4
09-07 13:32:00.208 28276 28672 I chatty  : uid=10315(com.tencent.mobileqq) identical 37 lines
09-07 13:32:00.208 28276 28672 E SimpleParser: readConfigs: unknown event type: 4
09-07 13:32:00.270 28276 28482 E QQInitHandler.QQManagerFactory: Not Found Manager, name=124
09-07 13:32:00.271 28276 28482 E QQInitHandler.QQManagerFactory: Not Found Manager, name=128
09-07 13:32:00.271 28276 28482 E QQInitHandler.QQManagerFactory: Not Found Manager, name=129
09-07 13:32:00.273 28276 28482 E QQInitHandler.QQManagerFactory: Not Found Manager, name=135
09-07 13:32:00.279 28276 28482 E QQInitHandler.QQManagerFactory: Not Found Manager, name=139
09-07 13:32:00.279 28276 28482 E QQInitHandler.QQManagerFactory: Not Found Manager, name=141
09-07 13:32:00.279 28276 28482 E QQInitHandler.QQManagerFactory: Not Found Manager, name=142
09-07 13:32:00.279 28276 28482 E QQInitHandler.QQManagerFactory: Not Found Manager, name=146
09-07 13:32:00.340 28276 28482 E QQInitHandler.QQManagerFactory: Not Found Manager, name=154
09-07 13:32:00.355 28276 28300 E TrafficMonitorLibrary: HookSocket_Before_P start
09-07 13:32:00.356 28276 28300 E TrafficMonitorLibrary: HookSocket_Before_P succeed
09-07 13:32:49.474 28276 28482 E QQInitHandler.QQManagerFactory: Not Found Manager, name=168
09-07 13:32:49.482 28276 28482 E QQInitHandler.QQManagerFactory: Not Found Manager, name=171
09-07 13:32:49.482 28276 28482 E QQInitHandler.QQManagerFactory: Not Found Manager, name=172
09-07 13:32:49.482 28276 28482 E QQInitHandler.QQManagerFactory: Not Found Manager, name=173
09-07 13:32:49.482 28276 28482 E QQInitHandler.QQManagerFactory: Not Found Manager, name=174
09-07 13:32:49.492 28276 28482 E QQInitHandler.QQManagerFactory: Not Found Manager, name=185
09-07 13:32:49.497  1710  2037 E ActivityManager: Sending non-protected broadcast com.vivo.aiengine.intent.action.SMART_SCHEDULER from system uid 1000 pkg com.vivo.aiengine
09-07 13:32:49.499  1710  2037 E ActivityManager: Sending non-protected broadcast com.vivo.pem.power from system uid 1000 pkg com.vivo.pem
09-07 13:32:49.526 28276 28482 E QQInitHandler.QQManagerFactory: Not Found Manager, name=206
09-07 13:32:49.526 28276 28482 E QQInitHandler.QQManagerFactory: Not Found Manager, name=207
09-07 13:32:49.546  2635  3033 E PowerMonitor: exception In sysProcTransDectect java.lang.NoSuchMethodException: vivoGetNetworkStatsUidDetailWithPackInfo [int]
09-07 13:32:49.554  1004  3051 E Netd    : tether checkPermission, pid:1710 uid:1000
09-07 13:32:49.556 28276 28276 E com.tencent.component.network.module.common.NetworkState: NetworkStateReceiver ====== android.net.conn.CONNECTIVITY_CHANGE
09-07 13:32:49.564  1710  5746 E ActivityManager: Sending non-protected broadcast action.vivo.powercontrol from system 2635:com.vivo.pem/1000 pkg com.vivo.pem
09-07 13:32:49.565  1710  5746 E ActivityManager: Sending non-protected broadcast action.vivo.powercontrol from system 2635:com.vivo.pem/1000 pkg com.vivo.pem
09-07 13:32:49.603  4383  4437 E BitmapFactory: Unable to decode stream: java.io.FileNotFoundException: /oem/etc/theme/icons/dynamic_icon/com.android.BBKClock/res/drawable-sw360dp-xxhdpi/clock_hour.png (No such file or directory)
09-07 13:32:49.604  4383  4437 E BitmapFactory: Unable to decode stream: java.io.FileNotFoundException: /oem/etc/theme/icons/dynamic_icon/com.android.BBKClock/res/drawable-sw360dp-xxhdpi/clock_minute.png (No such file or directory)
09-07 13:32:49.605  4383  4437 E BitmapFactory: Unable to decode stream: java.io.FileNotFoundException: /oem/etc/theme/icons/dynamic_icon/com.android.BBKClock/res/drawable-sw360dp-xxhdpi/clock_dial.png (No such file or directory)
09-07 13:32:49.608  4383  4437 E BitmapFactory: Unable to decode stream: java.io.FileNotFoundException: /oem/etc/theme/icons/dynamic_icon/com.android.BBKClock/res/drawable-sw360dp-xxhdpi/clock_dial_center.png (No such file or directory)
09-07 13:32:49.677  2762  4075 I chatty  : uid=1001(radio) Binder:2762_7 identical 2 lines
09-07 13:33:01.598 28718 28718 E nt.mobileqq:MS: Not starting debugger since process cannot load the jdwp agent.
09-07 13:33:01.963 28735 28735 E encent.mobileq: Not starting debugger since process cannot load the jdwp agent.
09-07 13:33:40.053 12460 12820 E awcn.TnetSpdySession: |[seq:umeng:546d7dd7fd98c58fc800082c.AWCN148_1] spdySessionCloseCallback  errorCode::-2032
09-07 13:33:40.054 12460 12820 E awcn.Session: |[seq:umeng:546d7dd7fd98c58fc800082c.AWCN148_1] notifyStatus status:DISCONNECTED
09-07 13:33:40.061 12460 12843 E awcn.SessionRequest:  sendConnectInfoToAccsByService
09-07 13:33:40.068 12460 12843 E awcn.SessionRequest:  sendConnectInfoToAccsByCallBack
09-07 13:33:40.074 12460 12821 E NAccs.InAppConn_default:  onConnectionChanged currentHost:https://umengacs.m.taobao.com changeHost:https://umengacs.m.taobao.com state:false
09-07 13:33:40.079 12460 12460 E NAccs.MsgDistribute:  distribMessage dataId:
09-07 13:33:40.081 12460 22263 E NAccs.MsgDistribute:  distribute ready action:com.taobao.accs.intent.action.RECEIVE dataId: serviceId:
09-07 13:33:40.081 12460 22263 E NAccs.MsgDistribute:  handBroadCastMsg command:103
09-07 13:33:40.321 28735 28735 E PandoraEx.ConfigManager: initDefaultConfig initLevel is defaultConfig
09-07 13:35:28.394  1710  2037 E ActivityManager: Sending non-protected broadcast com.vivo.pem.power from system uid 1000 pkg com.vivo.pem
09-07 13:35:28.407  2635  3033 E PowerMonitor: exception In sysProcTransDectect java.lang.NoSuchMethodException: vivoGetNetworkStatsUidDetailWithPackInfo [int]
09-07 13:35:28.445  1710  5421 E ActivityManager: Sending non-protected broadcast action.vivo.powercontrol from system 2635:com.vivo.pem/1000 pkg com.vivo.pem
09-07 13:35:28.446  1710  5421 E ActivityManager: Sending non-protected broadcast action.vivo.powercontrol from system 2635:com.vivo.pem/1000 pkg com.vivo.pem
09-07 13:35:28.527  4383  4437 E BitmapFactory: Unable to decode stream: java.io.FileNotFoundException: /oem/etc/theme/icons/dynamic_icon/com.android.BBKClock/res/drawable-sw360dp-xxhdpi/clock_hour.png (No such file or directory)
09-07 13:35:28.528  4383  4437 E BitmapFactory: Unable to decode stream: java.io.FileNotFoundException: /oem/etc/theme/icons/dynamic_icon/com.android.BBKClock/res/drawable-sw360dp-xxhdpi/clock_minute.png (No such file or directory)
09-07 13:35:28.529  4383  4437 E BitmapFactory: Unable to decode stream: java.io.FileNotFoundException: /oem/etc/theme/icons/dynamic_icon/com.android.BBKClock/res/drawable-sw360dp-xxhdpi/clock_dial.png (No such file or directory)
09-07 13:35:28.534  4383  4437 E BitmapFactory: Unable to decode stream: java.io.FileNotFoundException: /oem/etc/theme/icons/dynamic_icon/com.android.BBKClock/res/drawable-sw360dp-xxhdpi/clock_dial_center.png (No such file or directory)
09-07 13:35:28.547 28760 28760 E encent.mobileq: Not starting debugger since process cannot load the jdwp agent.
09-07 13:35:45.812  1710  1767 E ActivityManager: Sending non-protected broadcast vivo.intent.action.bandsignalsone from system 2762:com.android.phone/1001 pkg com.android.phone
09-07 13:35:45.864 28774 28774 E .networkimprov: Not starting debugger since process cannot load the jdwp agent.
09-07 13:35:46.090 28760 28760 E PandoraEx.ConfigManager: initDefaultConfig initLevel is defaultConfig
09-07 13:35:46.183 28760 28760 E 2g.outt : init
09-07 13:35:46.183 28760 28760 E 2g.outt : sync
09-07 13:35:46.211 28760 28760 E qiqili  : InitMemoryCache BaseApplicationImpl.sProcessId =1BaseApplicationImpl.processName=com.tencent.mobileqq
09-07 13:35:46.274 28820 28820 E nt.mobileqq:MS: Not starting debugger since process cannot load the jdwp agent.
09-07 13:35:46.422 28760 28843 E System  :  ******** DEPRECATED FUNCTIONALITY ********
09-07 13:35:46.422 28760 28843 E System  :  * The implementation of the KeyFactory.RSA algorithm from
09-07 13:35:46.422 28760 28843 E System  :  * the BC provider is deprecated in this version of Android.
09-07 13:35:46.422 28760 28843 E System  :  * It will be removed in a future version of Android and your
09-07 13:35:46.422 28760 28843 E System  :  * application will no longer be able to request it.  Please see
09-07 13:35:46.422 28760 28843 E System  :  * https://android-developers.googleblog.com/2018/03/cryptography-changes-in-android-p.html
09-07 13:35:46.422 28760 28843 E System  :  * for more details.
09-07 13:35:46.646 28820 28820 E PandoraEx.ConfigManager: initDefaultConfig initLevel is defaultConfig
09-07 13:35:46.949 28820 28820 E MSF.C.NativeConfigStore: loadso msfbootV2 true resultCode=262144 cost=4
09-07 13:35:47.325 28820 28820 E MSF.C.CodecWarpper: loadso codecwrapperV2 true resultCode=262144 cost=4
09-07 13:35:47.437 28820 28820 E 2g.outt : init
09-07 13:35:47.437 28820 28820 E 2g.outt : sync
09-07 13:35:47.518 28820 28927 E System  :  ******** DEPRECATED FUNCTIONALITY ********
09-07 13:35:47.518 28820 28927 E System  :  * The implementation of the KeyFactory.RSA algorithm from
09-07 13:35:47.518 28820 28927 E System  :  * the BC provider is deprecated in this version of Android.
09-07 13:35:47.518 28820 28927 E System  :  * It will be removed in a future version of Android and your
09-07 13:35:47.518 28820 28927 E System  :  * application will no longer be able to request it.  Please see
09-07 13:35:47.518 28820 28927 E System  :  * https://android-developers.googleblog.com/2018/03/cryptography-changes-in-android-p.html
09-07 13:35:47.518 28820 28927 E System  :  * for more details.
09-07 13:35:47.670 28820 28820 E MD5     : loadso msfbootV2 true resultCode=262144 cost=1
09-07 13:37:02.596 12460 12821 E awcn.TnetSpdySession: |[seq:umeng:546d7dd7fd98c58fc800082c.AWCN149_1] connect host:https://umengacs.m.taobao.com ip:203.119.128.124 port:80 sessionId:1662529022596 SpdyProtocol,:http2_0rtt_acs proxyIp,: proxyPort,:0
09-07 13:37:02.600 12460 12821 E awcn.Session: |[seq:umeng:546d7dd7fd98c58fc800082c.AWCN149_1] notifyStatus status:CONNECTING
09-07 13:37:02.643 12460 12820 E awcn.Session: |[seq:umeng:546d7dd7fd98c58fc800082c.AWCN149_1] notifyStatus status:CONNECTED
09-07 13:37:02.644 12460 12820 E NAccs.InAppConn_default:  auth URL:https://umengacs.m.taobao.com/accs/auth?1=Yxb4jenW6G8DAAMnawpgwtMM&2=2d3350db2a0721d3256994f9db4c3489eaf3cf26598dc122a583a1dbc724421e&3=umeng:546d7dd7fd98c58fc800082c&5=1&6=wifi&7=null&8=1.1.2&9=1662462114044&10=1&11=28&12=cn.missevan&13=5.7.3&14=android@umeng&15=vivo+X21A&16=vivo&17=221&19=0&20=
09-07 13:37:02.645 12460 12820 E awcn.TnetSpdySession: |[seq:umeng:546d7dd7fd98c58fc800082c.AWCN149_1] spdySessionConnectCB connect connectTime:40 sslTime:1
09-07 13:37:02.653 28820 28933 E MSF.C.NetConnTag.true: [openConn] socket has built, socketEngineID: 0socket: 185549245java.lang.Throwable
09-07 13:37:02.653 28820 28933 E MSF.C.NetConnTag.true: 	at com.tencent.mobileqq.msf.core.net.m.a(P:46)
09-07 13:37:02.653 28820 28933 E MSF.C.NetConnTag.true: 	at com.tencent.mobileqq.msf.core.net.p.a(P:207)
09-07 13:37:02.653 28820 28933 E MSF.C.NetConnTag.true: 	at com.tencent.mobileqq.msf.core.net.p.a(P:203)
09-07 13:37:02.653 28820 28933 E MSF.C.NetConnTag.true: 	at com.tencent.mobileqq.msf.core.net.p.a(P:179)
09-07 13:37:02.653 28820 28933 E MSF.C.NetConnTag.true: 	at com.tencent.mobileqq.msf.core.net.p.b(P:40)
09-07 13:37:02.653 28820 28933 E MSF.C.NetConnTag.true: 	at com.tencent.mobileqq.msf.core.net.p.a(P:108)
09-07 13:37:02.653 28820 28933 E MSF.C.NetConnTag.true: 	at com.tencent.mobileqq.msf.core.net.p.q(P:1)
09-07 13:37:02.653 28820 28933 E MSF.C.NetConnTag.true: 	at com.tencent.mobileqq.msf.core.net.p.a(P:217)
09-07 13:37:02.653 28820 28933 E MSF.C.NetConnTag.true: 	at com.tencent.mobileqq.msf.core.ag$c.run(P:115)
09-07 13:37:02.686 12460 12820 E NAccs.InAppConn_default:  auth httpStatusCode:200
09-07 13:37:02.686 12460 12820 E awcn.Session: |[seq:umeng:546d7dd7fd98c58fc800082c.AWCN149_1] notifyStatus status:AUTH_SUCC
09-07 13:37:02.687 12460 12843 E awcn.SessionRequest:  sendConnectInfoToAccsByService
09-07 13:37:02.690 12460 12843 E awcn.SessionRequest:  sendConnectInfoToAccsByCallBack
09-07 13:37:02.691 12460 12821 E NAccs.InAppConn_default:  onConnectionChanged currentHost:https://umengacs.m.taobao.com changeHost:https://umengacs.m.taobao.com state:true
09-07 13:37:02.698 12460 12460 E NAccs.MsgDistribute:  distribMessage dataId:
09-07 13:37:02.699 12460 22263 E NAccs.MsgDistribute:  distribute ready action:com.taobao.accs.intent.action.RECEIVE dataId: serviceId:
09-07 13:37:02.700 12460 22263 E NAccs.MsgDistribute:  handBroadCastMsg command:103
09-07 13:37:02.949 28820 28933 E FEKitSoLoader: download instance missing!!!,use setDownLoader!
09-07 13:37:03.121 28760 29002 E System  :  ******** DEPRECATED FUNCTIONALITY ********
09-07 13:37:03.121 28760 29002 E System  :  * The implementation of the KeyFactory.RSA algorithm from
09-07 13:37:03.121 28760 29002 E System  :  * the BC provider is deprecated in this version of Android.
09-07 13:37:03.121 28760 29002 E System  :  * It will be removed in a future version of Android and your
09-07 13:37:03.121 28760 29002 E System  :  * application will no longer be able to request it.  Please see
09-07 13:37:03.121 28760 29002 E System  :  * https://android-developers.googleblog.com/2018/03/cryptography-changes-in-android-p.html
09-07 13:37:03.121 28760 29002 E System  :  * for more details.
09-07 13:37:03.130 28760 28836 E MD5     : loadso msfbootV2 true resultCode=262144 cost=4
09-07 13:37:03.139 28820 28960 E Android : stop...
09-07 13:37:03.141 28760 29006 E QQInitHandler.QQManagerFactory: First trigger lazyLoad, name=19
09-07 13:37:03.143 28760 29006 E QQInitHandler.QQManagerFactory: Not Found Manager, name=19
09-07 13:37:03.286 28760 29006 E SecurityUtile: loadso true, resultCode:262144 cost:3
09-07 13:37:03.287 28760 29006 E encent.mobileq: The String#value field is not present on Android versions >= 6.0
09-07 13:37:03.306 28760 29006 E PreDownloadScheduler:  pre download bSampledLastTime = false
09-07 13:37:03.306 28760 29006 E PreDownloadScheduler:  pre download random = 0.7789375604864699
09-07 13:37:03.306 28760 29006 E PreDownloadScheduler:  pre download set mNeedReport = false
09-07 13:37:03.337 28760 29006 E QCircleConfigHelper: initQCircleTab user tabDataHelper:true
09-07 13:37:03.589 28760 29077 E QQPermission.QQPermissionFactory: getQQPermission: activity or fragment is null
09-07 13:37:03.762 28760 29016 E SQLiteLog: (1) no such table: mr_friend_B8C4C8B2271787E2F78B5FE2CE193CAA_New
09-07 13:37:03.793 28760 29106 E QZoneConfigProvider: new QZConfigSqliteManager  uin=256
09-07 13:37:03.822 28760 29016 E Q.msg.BaseMessageManager: set sending message FAILED: -----Dump MessageRecord-----,classname:Message,selfUin:*6236,friendUin:*9117,senderUin:*6236,shmsgseq:24950,uid:72057595433841951,time:1636358877,isRead:true,isSend:1,extraFlag:Sending,sendFailCode:0,istroop:0,msgType:-2005,msg:|62,bubbleid:0,subBubbleId:0,uniseq:7028107875966305996,isMultiMsg:false,msgseq:1301569910
09-07 13:37:03.832 28760 29016 E SQLiteLog: (1) no such table: mr_friend_300ECF93B7224CF439B6DE6EE1D6C200_New
09-07 13:37:03.850 28760 28799 E SQLiteLog: (1) no such table: mr_friend_D005CE7AEEF46BD18515F783FB8E87FA_New
09-07 13:37:03.852 28760 28799 E SQLiteLog: (1) no such table: mr_friend_FCED4F35799409DD854EBEAEA7DB546D_New
09-07 13:37:03.853 28760 28799 E SQLiteLog: (1) no such table: mr_friend_853573B5A907ED8B2F4FEC25A92406A2_New
09-07 13:37:03.855 28760 29062 E SQLiteLog: (1) no such table: mr_friend_B8C4C8B2271787E2F78B5FE2CE193CAA_New
09-07 13:37:04.052 28760 29021 E yuki    : gameboxAppids:[1104466820, 1106467070, 1106838536]
09-07 13:37:04.057 28760 29021 E yuki    : gameboxAppids:[1104466820, 1106467070, 1106838536]
09-07 13:37:04.110 28760 29022 E RegisterProxyHandler: handleNewRegisterProxyMsg--> decode c2c_msg, hashCode:102560820
09-07 13:37:04.121 28760 29022 E RegisterProxyHandler: handleNewRegisterProxyMsg ,groupNum=0,discussionNum=0
09-07 13:37:04.122 28760 29022 E RegisterProxyHandler: handleNewRegisterProxyMsg--> decode pub_account_msg, hashCode:15991389
09-07 13:37:04.276 28760 29130 E RedPointLog.RedTouchManager: cache not ready
09-07 13:37:04.281 28760 29103 E ArkApp.ArkAppCenterUtil: ArkFold.checkArkSize model=vivo X21A,screenWidth=1080,sDisplayWith=1080,scene=1
09-07 13:37:04.315 28760 29077 E PhoneStatusTools: 1 listen Exceptionjava.lang.NoSuchMethodException: listenGemini [int, class android.telephony.PhoneStateListener, int]
09-07 13:37:04.315 28760 29077 E PhoneStatusTools: 	at java.lang.Class.getMethod(Class.java:2068)
09-07 13:37:04.315 28760 29077 E PhoneStatusTools: 	at java.lang.Class.getMethod(Class.java:1690)
09-07 13:37:04.315 28760 29077 E PhoneStatusTools: 	at com.tencent.mobileqq.utils.kapalaiadapter.f.c(P:2)
09-07 13:37:04.315 28760 29077 E PhoneStatusTools: 	at com.tencent.av.utils.x.r(P:7)
09-07 13:37:04.315 28760 29077 E PhoneStatusTools: 	at com.tencent.av.utils.PhoneStatusMonitor$1.run(P:1)
09-07 13:37:04.315 28760 29077 E PhoneStatusTools: 	at com.tencent.mobileqq.app.Job.run(P:3)
09-07 13:37:04.315 28760 29077 E PhoneStatusTools: 	at java.util.concurrent.ThreadPoolExecutor.runWorker(ThreadPoolExecutor.java:1167)
09-07 13:37:04.315 28760 29077 E PhoneStatusTools: 	at java.util.concurrent.ThreadPoolExecutor$Worker.run(ThreadPoolExecutor.java:641)
09-07 13:37:04.315 28760 29077 E PhoneStatusTools: 	at java.lang.Thread.run(Thread.java:764)
09-07 13:37:04.317 28760 29077 E PhoneStatusTools: 3 listen Exceptionjava.lang.ClassNotFoundException: android.telephony.MSimTelephonyManager
09-07 13:37:04.317 28760 29077 E PhoneStatusTools: 	at java.lang.Class.classForName(Native Method)
09-07 13:37:04.317 28760 29077 E PhoneStatusTools: 	at java.lang.Class.forName(Class.java:453)
09-07 13:37:04.317 28760 29077 E PhoneStatusTools: 	at java.lang.Class.forName(Class.java:378)
09-07 13:37:04.317 28760 29077 E PhoneStatusTools: 	at com.tencent.mobileqq.utils.kapalaiadapter.f.g(P:1)
09-07 13:37:04.317 28760 29077 E PhoneStatusTools: 	at com.tencent.av.utils.x.r(P:23)
09-07 13:37:04.317 28760 29077 E PhoneStatusTools: 	at com.tencent.av.utils.PhoneStatusMonitor$1.run(P:1)
09-07 13:37:04.317 28760 29077 E PhoneStatusTools: 	at com.tencent.mobileqq.app.Job.run(P:3)
09-07 13:37:04.317 28760 29077 E PhoneStatusTools: 	at java.util.concurrent.ThreadPoolExecutor.runWorker(ThreadPoolExecutor.java:1167)
09-07 13:37:04.317 28760 29077 E PhoneStatusTools: 	at java.util.concurrent.ThreadPoolExecutor$Worker.run(ThreadPoolExecutor.java:641)
09-07 13:37:04.317 28760 29077 E PhoneStatusTools: 	at java.lang.Thread.run(Thread.java:764)
