09-07 13:37:04.317 28760 29077 E PhoneStatusTools: Caused by: java.lang.ClassNotFoundException: Didn't find class "android.telephony.MSimTelephonyManager" on path: DexPathList[[zip file "/system/framework/org.apache.http.legacy.boot.jar", zip file "/data/app/com.tencent.mobileqq-9NPNTOx62ULAduw2aTKEhw==/base.apk"],nativeLibraryDirectories=[/data/app/com.tencent.mobileqq-9NPNTOx62ULAduw2aTKEhw==/lib/arm64, /data/app/com.tencent.mobileqq-9NPNTOx62ULAduw2aTKEhw==/base.apk!/lib/arm64-v8a, /system/lib64]]
09-07 13:37:04.317 28760 29077 E PhoneStatusTools: 	at dalvik.system.BaseDexClassLoader.findClass(BaseDexClassLoader.java:134)
09-07 13:37:04.317 28760 29077 E PhoneStatusTools: 	at java.lang.ClassLoader.loadClass(ClassLoader.java:379)
09-07 13:37:04.317 28760 29077 E PhoneStatusTools: 	at java.lang.ClassLoader.loadClass(ClassLoader.java:312)
09-07 13:37:04.317 28760 29077 E PhoneStatusTools: 	... 10 more
09-07 13:37:04.318 28760 28799 E VasUtils: json error:{"oac_triggle":"ad_id=960361\u0026busi_info=%7B%22as_ts%22%3A0%2C%22p_size%22%3A1%2C%22pack_time%22%3A2021081200%2C%22policy_id%22%3A3703452%2C%22prc_size%22%3A1%2C%22rc_size%22%3A1%2C%22tianshu_footageid%22%3A77903%7D"}
09-07 13:37:04.345 28760 28799 E weishi895-WSRedDotPreloadManager: [preloadVideoCover] start
09-07 13:37:04.346 28760 28799 E weishi895-WSPushLog: WSRedDotPushMsg = {"feedids":"6YCyTBsSJ1M9EgRgW","pushid":"pushid:467112_videoid:6YCyTBsSJ1M9EgRgW_roma:584105_B:0_date:20210812_batchid:3_tabid:_pushtype:2_dramaid:_type:1_traceid:2370@1628710168@5rinmajs2@1_ifsafe:0_tracestr:2535670@2129432@100000@2129434@2478934@100000_materialid:6YCyTBsSJ1M9EgRgW","strategy_info":{"scheme":"weishi://feed?feed_id=6YCyTBsSJ1M9EgRgW&logsour=&qq_red_point_pull=pushid%3A467112%5Fvideoid%3A6YCyTBsSJ1M9EgRgW%5Froma%3A584105%5FB%3A0%5Fdate%3A20210812%5Fbatchid%3A3%5Ftabid%3A%5Fpushtype%3A2%5Fdramaid%3A%5Ftype%3A1%5Ftraceid%3A2370%401628710168%405rinmajs2%401%5Fifsafe%3A0%5Ftracestr%3A2535670%402129432%40100000%402129434%402478934%40100000%5Fmaterialid%3A6YCyTBsSJ1M9EgRgW","type":1}}
09-07 13:37:04.347 28760 28799 E weishi895-WSFeedsPreloadStrategy: [preloadRedDotData] mHadCleanPreCache:false
09-07 13:37:04.466 28760 28799 E VasUtils: json error:{"oac_triggle":"ad_id=960361\u0026busi_info=%7B%22as_ts%22%3A0%2C%22p_size%22%3A1%2C%22pack_time%22%3A2021081200%2C%22policy_id%22%3A3703452%2C%22prc_size%22%3A1%2C%22rc_size%22%3A1%2C%22tianshu_footageid%22%3A77903%7D"}
09-07 13:37:04.466 28760 28799 E weishi895-WSRedDotPreloadManager: [preloadVideoCover] start
09-07 13:37:04.466 28760 28799 E weishi895-WSPushLog: WSRedDotPushMsg = {"feedids":"6YCyTBsSJ1M9EgRgW","pushid":"pushid:467112_videoid:6YCyTBsSJ1M9EgRgW_roma:584105_B:0_date:20210812_batchid:3_tabid:_pushtype:2_dramaid:_type:1_traceid:2370@1628710168@5rinmajs2@1_ifsafe:0_tracestr:2535670@2129432@100000@2129434@2478934@100000_materialid:6YCyTBsSJ1M9EgRgW","strategy_info":{"scheme":"weishi://feed?feed_id=6YCyTBsSJ1M9EgRgW&logsour=&qq_red_point_pull=pushid%3A467112%5Fvideoid%3A6YCyTBsSJ1M9EgRgW%5Froma%3A584105%5FB%3A0%5Fdate%3A20210812%5Fbatchid%3A3%5Ftabid%3A%5Fpushtype%3A2%5Fdramaid%3A%5Ftype%3A1%5Ftraceid%3A2370%401628710168%405rinmajs2%401%5Fifsafe%3A0%5Ftracestr%3A2535670%402129432%40100000%402129434%402478934%40100000%5Fmaterialid%3A6YCyTBsSJ1M9EgRgW","type":1}}
09-07 13:37:04.466 28760 28799 E weishi895-WSFeedsPreloadStrategy: [preloadRedDotData] mHadCleanPreCache:true
09-07 13:37:04.486 28760 28799 E Q.videostory.config.VSEntranceWidgetHelper: handleStyleConfig error!
09-07 13:37:04.486 28760 28799 E Q.videostory.config.VSEntranceWidgetHelper: handleWidgetConfig error!
09-07 13:37:04.531 28760 29006 E RecentUserCacheHelper: update: msgBoxRecentUsers.isEmpty()
09-07 13:37:04.570 28760 29006 E SQLiteLog: (1) no such table: mr_friend_B8C4C8B2271787E2F78B5FE2CE193CAA_New
09-07 13:37:04.581 28760 29006 E Q.msg.MsgProxy: set sending message FAILED: -----Dump MessageRecord-----,classname:MessageForFile,selfUin:*6236,friendUin:*9117,senderUin:*6236,shmsgseq:24950,uid:72057595433841951,time:1636358877,isRead:true,isSend:1,extraFlag:Sending,sendFailCode:0,istroop:0,msgType:-2005,msg:|62,bubbleid:0,subBubbleId:0,uniseq:7028107875966305996,isMultiMsg:false,msgseq:1301569910
09-07 13:37:04.595 28760 29006 E SQLiteLog: (1) no such table: mr_friend_300ECF93B7224CF439B6DE6EE1D6C200_New
09-07 13:37:04.611 28760 29006 E FlashChat: handleFlashChatConfig failedorg.json.JSONException: End of input at character 0 of
09-07 13:37:04.665 28760 29006 E DatalineMsgDbTransformer: transform.
09-07 13:37:04.712 28760 29006 E QQInitHandler.QQManagerFactory: Not Found Manager, name=6
09-07 13:37:04.727 28760 29077 E SettingRequest: setAllSwitchState2SP get value fail!
09-07 13:37:04.728 28760 29006 E QQInitHandler.QQManagerFactory: Not Found Manager, name=15
09-07 13:37:04.847 28760 29006 E QQInitHandler.QQManagerFactory: Not Found Manager, name=19
09-07 13:37:04.848 28760 29006 E QQInitHandler.QQManagerFactory: Not Found Manager, name=21
09-07 13:37:04.848 28760 29006 E QQInitHandler.QQManagerFactory: Not Found Manager, name=22
09-07 13:37:04.848 28760 29006 E QQInitHandler.QQManagerFactory: Not Found Manager, name=25
09-07 13:37:04.848 28760 29006 E QQInitHandler.QQManagerFactory: Not Found Manager, name=40
09-07 13:37:04.856 28760 29006 E QQInitHandler.QQManagerFactory: Not Found Manager, name=46
09-07 13:37:04.857 28760 29006 E QQInitHandler.QQManagerFactory: Not Found Manager, name=47
09-07 13:37:04.860 28760 29006 E QQInitHandler.QQManagerFactory: Not Found Manager, name=54
09-07 13:37:04.903 28760 29006 E AiKeywordConfig: mArkJsdebuggerDownloadList list size =2
09-07 13:37:04.944 28760 29006 E ArkApp.JNI: JNI_OnLoad return success !!
09-07 13:37:04.985 28760 29006 E QQInitHandler.QQManagerFactory: Not Found Manager, name=81
09-07 13:37:04.985 28760 29006 E QQInitHandler.QQManagerFactory: Not Found Manager, name=82
09-07 13:37:05.006 28760 29006 E QQInitHandler.QQManagerFactory: Not Found Manager, name=92
09-07 13:37:05.006 28760 29006 E QQInitHandler.QQManagerFactory: Not Found Manager, name=95
09-07 13:37:05.006 28760 29006 E QQInitHandler.QQManagerFactory: Not Found Manager, name=98
09-07 13:37:05.007 28760 29006 E QQInitHandler.QQManagerFactory: Not Found Manager, name=101
09-07 13:37:05.007 28760 29006 E QQInitHandler.QQManagerFactory: Not Found Manager, name=102
09-07 13:37:05.013 28760 29027 E VasQuickUpdateManager: initEngine: com.tencent.mobileqq.vas.VasQuickUpdateManager@4259f7e
09-07 13:37:05.056 28760 29197 E SimpleParser: readConfigs: unknown event type: 4
09-07 13:37:05.074 28760 29197 I chatty  : uid=10315(com.tencent.mobileqq) identical 61 lines
09-07 13:37:05.074 28760 29197 E SimpleParser: readConfigs: unknown event type: 4
09-07 13:37:05.075 28760 29027 E VasUpdate_System: doSyncTable enable = false
09-07 13:37:05.093 28760 29197 E SimpleParser: readConfigs: unknown event type: 4
09-07 13:37:05.103 28760 29197 I chatty  : uid=10315(com.tencent.mobileqq) identical 105 lines
09-07 13:37:05.103 28760 29197 E SimpleParser: readConfigs: unknown event type: 4
09-07 13:37:05.106 28760 29197 E SimpleObjectParser: readObject: unexpected event type: 4
09-07 13:37:05.107 28760 29197 I chatty  : uid=10315(com.tencent.mobileqq) identical 18 lines
09-07 13:37:05.107 28760 29197 E SimpleObjectParser: readObject: unexpected event type: 4
09-07 13:37:05.111 28760 29197 E SimpleParser: readConfigs: unknown event type: 4
09-07 13:37:05.114 28760 29197 I chatty  : uid=10315(com.tencent.mobileqq) identical 46 lines
09-07 13:37:05.115 28760 29197 E SimpleParser: readConfigs: unknown event type: 4
09-07 13:37:05.115 28760 29202 E VasUpdate_VasUpdateSystemNofify: start  notifyVasUpdateSystemCreate
09-07 13:37:05.116 28760 29197 E SimpleParser: readConfigs: unknown event type: 4
09-07 13:37:05.195 28760 29197 I chatty  : uid=10315(com.tencent.mobileqq) identical 438 lines
09-07 13:37:05.195 28760 29197 E SimpleParser: readConfigs: unknown event type: 4
09-07 13:37:05.197 28760 29006 E QQInitHandler.QQManagerFactory: Not Found Manager, name=117
09-07 13:37:05.197 28760 29006 E QQInitHandler.QQManagerFactory: Not Found Manager, name=119
09-07 13:37:05.270 28760 29006 E QQInitHandler.QQManagerFactory: Not Found Manager, name=124
09-07 13:37:05.271 28760 29006 E QQInitHandler.QQManagerFactory: Not Found Manager, name=128
09-07 13:37:05.271 28760 29006 E QQInitHandler.QQManagerFactory: Not Found Manager, name=129
09-07 13:37:05.273 28760 29006 E QQInitHandler.QQManagerFactory: Not Found Manager, name=135
09-07 13:37:05.277 28760 29006 E QQInitHandler.QQManagerFactory: Not Found Manager, name=139
09-07 13:37:05.278 28760 29006 E QQInitHandler.QQManagerFactory: Not Found Manager, name=141
09-07 13:37:05.278 28760 29006 E QQInitHandler.QQManagerFactory: Not Found Manager, name=142
09-07 13:37:05.278 28760 29006 E QQInitHandler.QQManagerFactory: Not Found Manager, name=146
09-07 13:37:05.297 28760 29006 E QQInitHandler.QQManagerFactory: Not Found Manager, name=154
09-07 13:37:05.371 28760 29006 E QQInitHandler.QQManagerFactory: Not Found Manager, name=168
09-07 13:37:05.380 28760 29006 E QQInitHandler.QQManagerFactory: Not Found Manager, name=171
09-07 13:37:05.380 28760 29006 E QQInitHandler.QQManagerFactory: Not Found Manager, name=172
09-07 13:37:05.380 28760 29006 E QQInitHandler.QQManagerFactory: Not Found Manager, name=173
09-07 13:37:05.380 28760 29006 E QQInitHandler.QQManagerFactory: Not Found Manager, name=174
09-07 13:37:08.445 28760 29006 E QQInitHandler.QQManagerFactory: Not Found Manager, name=185
09-07 13:37:08.464 28760 29006 E QQInitHandler.QQManagerFactory: Not Found Manager, name=206
09-07 13:37:08.464 28760 29006 E QQInitHandler.QQManagerFactory: Not Found Manager, name=207
09-07 13:37:08.525 28760 28760 E com.tencent.component.network.module.common.NetworkState: NetworkStateReceiver ====== android.net.conn.CONNECTIVITY_CHANGE
09-07 13:37:08.542 28760 28799 E TrafficMonitorLibrary: HookSocket_Before_P start
09-07 13:37:08.543 28760 28799 E TrafficMonitorLibrary: HookSocket_Before_P succeed
09-07 13:37:08.548 28760 29006 E QQInitHandler.QQManagerFactory: Not Found Manager, name=223
09-07 13:37:08.570 28760 29006 E QQInitHandler.QQManagerFactory: Not Found Manager, name=248
09-07 13:37:08.570 28760 29006 E QQInitHandler.QQManagerFactory: Not Found Manager, name=249
09-07 13:37:08.573 28760 29006 E QQInitHandler.QQManagerFactory: Not Found Manager, name=253
09-07 13:37:08.573 28760 29006 E QQInitHandler.QQManagerFactory: Not Found Manager, name=254
09-07 13:37:08.573 28760 29006 E QQInitHandler.QQManagerFactory: Not Found Manager, name=257
09-07 13:37:08.606 28760 29006 E QQInitHandler.QQManagerFactory: Not Found Manager, name=266
09-07 13:37:08.607 28760 29006 E QQInitHandler.QQManagerFactory: Not Found Manager, name=275
09-07 13:37:08.607 28760 29006 E QQInitHandler.QQManagerFactory: Not Found Manager, name=277
09-07 13:37:08.607 28760 29006 E QQInitHandler.QQManagerFactory: Not Found Manager, name=278
09-07 13:37:08.619 28760 29006 E QQInitHandler.QQManagerFactory: Not Found Manager, name=286
09-07 13:37:08.803 28760 29006 E QQInitHandler.QQManagerFactory: Not Found Manager, name=253
09-07 13:37:08.837 28760 29164 E QCircleRedPointManager: isQQCircleCurrentUseEeveeRedPoint: true, ( isEeveeSysTemPolling: true, isQQCircleUseEeveeRedPoint: true )
09-07 13:37:08.854 28760 29208 E HbSkinRepository: updateSkinData: result FREQUENCY_LIMIT
09-07 13:37:08.858 28760 29021 E [cmshow]ApolloManager: [onCreate] init success!
09-07 13:37:08.894 28760 29252 E [zplan][TraceReport]: init error, outside not init config
09-07 13:37:08.909 28760 28799 E [cmshow]ApolloConfigUtils: parseUrlConfig array is null
09-07 13:37:09.020 28760 29184 E ArkApp.ArkAppConfigMgr: ArkSafe.initConfig, appname:com.tencent.gamecenter.newyear.sgame,config:{"ver":40,"name":"王者荣耀春节活动","icon":"","entry":0,"flag":0,"type":0,"urlWhitelist":{"res":["*.gamecenter.qq.com","*.qlogo.cn","imgcache.qq.com","*.gamecenter.qq.com\/*","*.gtimg.cn","*.gtimg.cn\/*","*ptlogin2.qq.com","*htdata.qq.com","*htdata2.qq.com","*pub.idqqimg.com\/qqmobile\/client\/ios\/webview*"],"nav":["*.gamecenter.qq.com","*.qlogo.cn","imgcache.qq.com","*.gamecenter.qq.com\/*","*.gtimg.cn","*.gtimg.cn\/*","*ptlogin2.qq.com","*htdata.qq.com","*htdata2.qq.com","*pub.idqqimg.com\/qqmobile\/client\/ios\/webview*"]},"fwdViews":["*"]} QueueKey:null
09-07 13:37:09.021 28760 29184 E ArkApp.ArkAppConfigMgr: ArkSafe.initConfig, appname:com.tencent.map,config:{"ver":115,"name":"腾讯地图","icon":"https:\/\/map.qq.com\/mobile\/images\/helplogo.png","entry":0,"flag":0,"type":0,"urlWhitelist":{"res":["*.map.gtimg.com","3gimg.qq.com","apis.map.qq.com","clientccos.map.qq.com","confinfo.map.qq.com","liteapp.map.qq.com","micro.map.qq.com","mwg.map.qq.com","rttsub.map.qq.com","shp.qpic.cn","softroute.map.qq.com","syn0.map.qq.com","multimedia.map.qq.com","mapdownload.sparta.html5.qq.com","apis-tj.map.qq.com","h5.map.qq.com","*.sparta.html5.qq.com","*ptlogin2.qq.com","*htdata.qq.com","*htdata2.qq.com","*pub.idqqimg.com\/qqmobile\/client\/ios\/webview*"],"nav":["apis.map.qq.com","map.wap.qq.com","mapdownload.map.qq.com","softroute.map.qq.com","syn0.map.qq.com","3gimg.qq.com","mapdownload.sparta.html5.qq.com","*.map.qq.com","map.qq.com","m.q.qq.com","test.map.qq.com","apis-tj.map.qq.com","map\/*","*ptlogin2.qq.com","*htdata.qq.com","*htdata2.qq.com","*pub.idqqimg.com\/qqmobile\/client\/ios\/webview*"]},"fwdViews":["*"]} QueueKey:null
09-07 13:37:09.021 28760 29184 E ArkApp.ArkAppConfigMgr: ArkSafe.initConfig, appname:com.tencent.structmsg,config:{"ver":76,"name":"结构化消息","icon":"","entry":0,"flag":8,"type":0,"urlWhitelist":{"res":[],"nav":[]},"fwdViews":["*"]} QueueKey:null
09-07 13:37:09.021 28760 29184 E ArkApp.ArkAppConfigMgr: ArkSafe.initConfig, appname:com.tencent.mannounce,config:{"ver":90,"name":"群公告","icon":"","entry":0,"flag":0,"type":0,"urlWhitelist":{"res":["qun.qq.com","gdynamic.qpic.cn","*ptlogin2.qq.com","*htdata.qq.com","*htdata2.qq.com","*pub.idqqimg.com\/qqmobile\/client\/ios\/webview*"],"nav":["web.qun.qq.com","qun\/OpenNounce","*ptlogin2.qq.com","*htdata.qq.com","*htdata2.qq.com","*pub.idqqimg.com\/qqmobile\/client\/ios\/webview*"]},"fwdViews":["*"]} QueueKey:null
09-07 13:37:09.049 28760 29184 E ArkApp.ArkAppConfigMgr: ArkSafe.initConfig, appname:com.tencent.miniapp,config:{"ver":196,"name":"小程序","icon":"","entry":0,"flag":0,"type":0,"urlWhitelist":{"res":["*.picsz.qpic.cn","*.file.myqcloud.com\/*","*.q.qq.com\/*","*.qzone.qq.com\/*","*.core.chinacloudapi.cn\/*","*.qpic.cn","minigame.gtimg.cn","*ptlogin2.qq.com","*htdata.qq.com","*htdata2.qq.com","*pub.idqqimg.com\/qqmobile\/client\/ios\/webview*"],"nav":["open","*.q.qq.com","microapp","miniapp","docs.qq.com","*.qzone.qq.com","mqq.tenpay.com","qpay.qq.com","h5.qianbao.qq.com","i.qianbao.qq.com","myun.tenpay.com","*ptlogin2.qq.com","*htdata.qq.com","*htdata2.qq.com","*pub.idqqimg.com\/qqmobile\/client\/ios\/webview*"]},"fwdViews":["*"]} QueueKey:null
09-07 13:37:09.050 28760 29184 E ArkApp.ArkAppConfigMgr: ArkSafe.initConfig, appname:com.tencent.gamecenter.hebao,config:{"ver":16,"name":"鼓力全开活动","icon":"","entry":0,"flag":0,"type":0,"urlWhitelist":{"res":["i.gtimg.cn","imgcache.gtimg.cn","imgcache.qq.com","vac.gtimg.cn","report.gamecenter.qq.com","hbproxy.qianbao.qq.com","*ptlogin2.qq.com","*htdata.qq.com","*htdata2.qq.com","*pub.idqqimg.com\/qqmobile\/client\/ios\/webview*"],"nav":["i.qianbao.qq.com","*ptlogin2.qq.com","*htdata.qq.com","*htdata2.qq.com","*pub.idqqimg.com\/qqmobile\/client\/ios\/webview*"]},"fwdViews":["*"]} QueueKey:null
09-07 13:37:09.050 28760 29184 E ArkApp.ArkAppConfigMgr: ArkSafe.initConfig, appname:com.tencent.gamecenter.newyear.gp,config:{"ver":32,"name":"和平精英春节活动","icon":"","entry":0,"flag":0,"type":0,"urlWhitelist":{"res":["*.gamecenter.qq.com","*.qlogo.cn","imgcache.qq.com","*.gamecenter.qq.com\/*","*ptlogin2.qq.com","*htdata.qq.com","*htdata2.qq.com","*pub.idqqimg.com\/qqmobile\/client\/ios\/webview*"],"nav":["*.gamecenter.qq.com","*.qlogo.cn","imgcache.qq.com","*.gamecenter.qq.com\/*","*ptlogin2.qq.com","*htdata.qq.com","*htdata2.qq.com","*pub.idqqimg.com\/qqmobile\/client\/ios\/webview*"]},"fwdViews":["*"]} QueueKey:null
09-07 13:37:09.098 28760 29006 E QQPermission.QQPermissionFactory: getQQPermission: activity or fragment is null
09-07 13:37:09.104 28760 29077 E QQPermission.QQPermissionFactory: getQQPermission: activity or fragment is null
09-07 13:37:09.152 28760 29279 E ArkApp.Engine: ApplicationInstance::Destroy, application=0x7e1116ff00, filesystem=0x7e1111ee00 QueueKey: com.tencent.mannounce TheadID: 29279
09-07 13:37:09.164 28760 29281 E ArkApp.Engine: ApplicationInstance::Destroy, application=0x7e11dd3c00, filesystem=0x7e0d6bd040 QueueKey: com.tencent.map TheadID: 29281
09-07 13:37:09.174 28760 29006 E e       : getSystemProperty getprop return fail
09-07 13:37:09.174 28760 29006 I chatty  : uid=10315(com.tencent.mobileqq) identical 4 lines
09-07 13:37:09.174 28760 29006 E e       : getSystemProperty getprop return fail
09-07 13:37:09.201 28760 29284 E ArkApp.Engine: ApplicationInstance::Destroy, application=0x7e0ce37a00, filesystem=0x7e08d616a0 QueueKey: com.tencent.miniapp TheadID: 29284
09-07 13:37:09.203 28760 29284 E ArkApp.Engine: ApplicationInstance::Destroy, application=0x7e0ce37a00, filesystem=0x7e08d616a0 QueueKey: com.tencent.miniapp TheadID: 29284
09-07 13:37:09.206 28760 29006 E YesApiImpl: doWhenQQLogin START - true
09-07 13:37:09.208 28760 29286 E ArkApp.Engine: ApplicationInstance::Destroy, application=0x7e1336b400, filesystem=0x7e11c201a0 QueueKey: com.tencent.structmsg TheadID: 29286
09-07 13:37:09.211 28760 29252 E [cmshow]ApolloSoLoader: [loadAllSo], Notify ark jsc has loaded.
09-07 13:37:09.250 28760 29006 E Leba.CommPluginHandler: getAnotherStyleAllPluginList not enable
09-07 13:37:09.250 28760 28978 E weishi  : session key:MbyQaCkb7w
09-07 13:37:09.262 28760 28978 E weishi-Servlet: onSend occur exception.Exception detail=java.lang.NullPointerException: Attempt to invoke virtual method 'java.lang.String android.net.wifi.WifiInfo.getSSID()' on a null object reference
09-07 13:37:09.262 28760 28978 E weishi-Servlet: 	at com.tencent.qmethod.pandoraex.monitor.NetworkMonitor.getSSID(P:9)
09-07 13:37:09.262 28760 28978 E weishi-Servlet: 	at com.tencent.biz.pubaccount.weishi.report.a.j(P:4)
09-07 13:37:09.262 28760 28978 E weishi-Servlet: 	at com.tencent.biz.pubaccount.weishi.net.k.k(P:34)
09-07 13:37:09.262 28760 28978 E weishi-Servlet: 	at com.tencent.biz.pubaccount.weishi.net.k.getEncodedUniParameter(P:1)
09-07 13:37:09.262 28760 28978 E weishi-Servlet: 	at com.tencent.biz.pubaccount.weishi.net.k.encode(P:4)
09-07 13:37:09.262 28760 28978 E weishi-Servlet: 	at com.tencent.biz.pubaccount.weishi.net.m.onSend(P:6)
09-07 13:37:09.262 28760 28978 E weishi-Servlet: 	at mqq.app.MSFServlet.service(P:2)
09-07 13:37:09.262 28760 28978 E weishi-Servlet: 	at mqq.app.ServletContainer$2.run(P:4)
09-07 13:37:09.262 28760 28978 E weishi-Servlet: 	at java.util.concurrent.ThreadPoolExecutor.runWorker(ThreadPoolExecutor.java:1167)
09-07 13:37:09.262 28760 28978 E weishi-Servlet: 	at java.util.concurrent.ThreadPoolExecutor$Worker.run(ThreadPoolExecutor.java:641)
09-07 13:37:09.262 28760 28978 E weishi-Servlet: 	at java.lang.Thread.run(Thread.java:764)
09-07 13:37:09.339 28760 29021 E Leba.Helper: onGetPluginConfig saveDb end. saveDbSuc=true, isAddNew=false, isChange= false
09-07 13:37:09.458 28760 29006 E QVipConfigProcessor: com.tencent.mobileqq.vas.config.business.qvip.QVipSDKProcessor.parsed content count=1
09-07 13:37:09.602 28760 29103 E SQLiteLog: (1) no such table: mr_friend_17DA67F9FF9BA19F3618F8BC1809F54D_New
09-07 13:37:09.603 28760 29103 E SQLiteLog: (1) no such table: mr_friend_17DA67F9FF9BA19F3618F8BC1809F54D_New
09-07 13:37:09.928 28760 29327 E VasIPCModule: onCall missing action = com.tencent.mobileqq.vip.o$getPrivilegeFlags
09-07 13:37:09.934 28760 29027 E VasIPCModule: onCall missing action = com.tencent.mobileqq.vip.o$getPrivilegeFlags
09-07 13:37:09.935 28760 29327 E IndividuationUrlHelper: parseJson, startIndex < endIndex, element={"platformId":"0","minVersion":"7.9.7","maxVersion":"99.99.99","startIndex":0,"endIndex":9,"min":0,"max":9,"url":"https:\/\/zb.vip.qq.com\/v2\/pages\/widgetMall?_wv=5123&client=[client]&version=[version]&platformId=[platformId]&device=[device]&system=[system]&uin=[uin]&adtag=[adtag]","whiteUser":"","isDefault":1,"business":"FriendToDIYPendant","userType":7}
09-07 13:37:09.935 28760 29327 E IndividuationUrlHelper: parseJson, startIndex < endIndex, element={"platformId":"0","minVersion":"7.9.7","maxVersion":"99.99.99","startIndex":0,"endIndex":9,"min":0,"max":9,"url":"https:\/\/zb.vip.qq.com\/sonic\/widget\/home?uin=[uin]&client=[client]&version=[version]&=[platformId]&device=[device]&system=[system]&adtag=index.h5&_wv=16778243&sharefri=[sharefri]","whiteUser":"","isDefault":1,"business":"FriendToPendant","userType":7}
09-07 13:37:09.936 28760 29327 E VasIPCModule: onCall missing action = com.tencent.mobileqq.vip.o$getPrivilegeFlags
09-07 13:37:10.024 28760 28799 E QQPermission.QQPermissionFactory: getQQPermission: activity or fragment is null
09-07 13:37:10.100 28820 29346 E RMonitor_manager_PluginMng: can not find plugin {name: device, id: 131, mode: 0, entrance: com.tencent.rmonitor.device.DeviceInfoMonitor}java.lang.ClassNotFoundException: com.tencent.rmonitor.device.DeviceInfoMonitor
09-07 13:37:10.100 28820 29346 E RMonitor_manager_PluginMng: 	at java.lang.Class.classForName(Native Method)
09-07 13:37:10.100 28820 29346 E RMonitor_manager_PluginMng: 	at java.lang.Class.forName(Class.java:453)
09-07 13:37:10.100 28820 29346 E RMonitor_manager_PluginMng: 	at java.lang.Class.forName(Class.java:378)
09-07 13:37:10.100 28820 29346 E RMonitor_manager_PluginMng: 	at com.tencent.rmonitor.c.d.g(P:2)
09-07 13:37:10.100 28820 29346 E RMonitor_manager_PluginMng: 	at com.tencent.rmonitor.c.d.h(P:2)
09-07 13:37:10.100 28820 29346 E RMonitor_manager_PluginMng: 	at com.tencent.rmonitor.c.d.c(P:5)
09-07 13:37:10.100 28820 29346 E RMonitor_manager_PluginMng: 	at com.tencent.rmonitor.c.c.f(P:9)
09-07 13:37:10.100 28820 29346 E RMonitor_manager_PluginMng: 	at com.tencent.rmonitor.Magnifier$1.run(P:3)
09-07 13:37:10.100 28820 29346 E RMonitor_manager_PluginMng: 	at android.os.Handler.handleCallback(Handler.java:873)
09-07 13:37:10.100 28820 29346 E RMonitor_manager_PluginMng: 	at android.os.Handler.dispatchMessage(Handler.java:99)
09-07 13:37:10.100 28820 29346 E RMonitor_manager_PluginMng: 	at android.os.Looper.loop(Looper.java:224)
09-07 13:37:10.100 28820 29346 E RMonitor_manager_PluginMng: 	at android.os.HandlerThread.run(HandlerThread.java:65)
09-07 13:37:10.100 28820 29346 E RMonitor_manager_PluginMng: Caused by: java.lang.ClassNotFoundException: Didn't find class "com.tencent.rmonitor.device.DeviceInfoMonitor" on path: DexPathList[[zip file "/system/framework/org.apache.http.legacy.boot.jar", zip file "/data/app/com.tencent.mobileqq-9NPNTOx62ULAduw2aTKEhw==/base.apk"],nativeLibraryDirectories=[/data/app/com.tencent.mobileqq-9NPNTOx62ULAduw2aTKEhw==/lib/arm64, /data/app/com.tencent.mobileqq-9NPNTOx62ULAduw2aTKEhw==/base.apk!/lib/arm64-v8a, /system/lib64]]
09-07 13:37:10.100 28820 29346 E RMonitor_manager_PluginMng: 	at dalvik.system.BaseDexClassLoader.findClass(BaseDexClassLoader.java:134)
09-07 13:37:10.100 28820 29346 E RMonitor_manager_PluginMng: 	at java.lang.ClassLoader.loadClass(ClassLoader.java:379)
09-07 13:37:10.100 28820 29346 E RMonitor_manager_PluginMng: 	at java.lang.ClassLoader.loadClass(ClassLoader.java:312)
09-07 13:37:10.100 28820 29346 E RMonitor_manager_PluginMng: 	... 12 more
09-07 13:37:10.188 28760 29114 E SwiftWebViewUtils: Config is not valid: {"platformId":"0","minVersion":"7.2.5.000","maxVersion":"9.9.9.9999","startIndex":1,"endIndex":1,"min":0,"max":9,"business":"sonicWhiteList","businessId":"1","configs":{"qun.qq.com":["\/qqweb\/m\/qunopen\/appstore\/index.html"],"buluo.qq.com":["\/mobile\/buluoindex.html","\/mobile\/v2\/buluoindex.html"],"now.qq.com":["*"],"ti.qq.com":["*"],"mma.qq.com":["*"],"qim.qq.com":["*"],"qvq.qq.com":["*"],"im.qq.com":["*"],"mmatest.qq.com":["*"],"m.egame.qq.com":["*"],"cdn.egame.qq.com":["*"],"yundong.qq.com":["\/sonic\/*"],"nearby.qq.com":["*"],"lgame.qq.com":["*"],"umall.vip.qq.com":["*"],"h5.cmshow.qq.com":["*"]}}
09-07 13:37:10.188 28760 29114 E SwiftWebViewUtils: Config is not valid: {"platformId":"0","minVersion":"7.2.5.000","maxVersion":"9.9.9.9999","startIndex":1,"endIndex":1,"min":0,"max":9,"business":"sonicWhiteList","businessId":"1","configs":{"qun.qq.com":["\/qqweb\/m\/qunopen\/appstore\/index.html"],"buluo.qq.com":["\/mobile\/buluoindex.html","\/mobile\/v2\/buluoindex.html"],"now.qq.com":["*"],"ti.qq.com":["*"],"mma.qq.com":["*"],"qim.qq.com":["*"],"qvq.qq.com":["*"],"im.qq.com":["*"],"mmatest.qq.com":["*"],"m.egame.qq.com":["*"],"cdn.egame.qq.com":["*"],"yundong.qq.com":["\/sonic\/*"],"nearby.qq.com":["*"],"lgame.qq.com":["*"],"umall.vip.qq.com":["*"],"h5.cmshow.qq.com":["*"]}}
09-07 13:37:10.188 28760 29114 E SwiftWebViewUtils: Config is not valid: {"platformId":"2","minVersion":"7.5.5.000","maxVersion":"9.9.9.9999","startIndex":0,"endIndex":1,"min":0,"max":9,"business":"X5Config","businessId":"2","mainThreadControl":0,"enableQuic":1}
09-07 13:37:10.188 28760 29114 E SwiftWebViewUtils: Config is not valid: {"platformId":"2","minVersion":"7.5.5.000","maxVersion":"9.9.9.9999","startIndex":0,"endIndex":1,"min":0,"max":9,"business":"X5Config","businessId":"2","mainThreadControl":0,"enableQuic":1}
09-07 13:37:10.189 28760 29326 E [QcirclePublish]QCirclePreLoadManager: getInstance
09-07 13:37:10.204 28760 29021 E vip_ptt.SttManagerApiImpl.: it have change the account so init ptt state value
09-07 13:37:10.208 28760 29021 E QVipConfigProcessor: com.tencent.mobileqq.vas.config.business.qvip.QVipAutoPttProcessor.parsed content count=3
09-07 13:37:10.209 28760 29021 E VasIPCModule: onCall missing action = com.tencent.mobileqq.vip.o$isSVip
09-07 13:37:10.209 28760 29021 E vip_ptt.SttManagerApiImpl.: ignore initAutoToTextSwitch is svip=false stage=3
09-07 13:37:10.209 28760 29021 E vip_ptt.SttManagerApiImpl.: initAutoToTextSwitch enable=false
09-07 13:37:10.210 28760 29021 E VasIPCModule: onCall missing action = com.tencent.mobileqq.vip.o$isSVip
09-07 13:37:10.217 28760 29021 E RecentUserCacheHelper: update: msgBoxRecentUsers.isEmpty()
09-07 13:37:10.219 28760 29021 I chatty  : uid=10315(com.tencent.mobileqq) identical 2 lines
09-07 13:37:10.221 28760 29021 E RecentUserCacheHelper: update: msgBoxRecentUsers.isEmpty()
09-07 13:37:10.260 28760 29021 E SQLiteLog: (1) table ZPlanUserInfo has no column named gender
09-07 13:37:10.262 28760 29021 E SQLiteDatabase: Error inserting uin=
09-07 13:37:10.262 28760 29021 E SQLiteDatabase: ���� gender=0 appearanceKey= appearanceTimeStamp=0
09-07 13:37:10.262 28760 29021 E SQLiteDatabase: android.database.sqlite.SQLiteException: table ZPlanUserInfo has no column named gender (code 1 SQLITE_ERROR): , while compiling: INSERT OR REPLACE  INTO ZPlanUserInfo(uin,gender,appearanceKey,appearanceTimeStamp) VALUES (?,?,?,?)
09-07 13:37:10.262 28760 29021 E SQLiteDatabase: 	at android.database.sqlite.SQLiteConnection.nativePrepareStatement(Native Method)
09-07 13:37:10.262 28760 29021 E SQLiteDatabase: 	at android.database.sqlite.SQLiteConnection.acquirePreparedStatement(SQLiteConnection.java:946)
09-07 13:37:10.262 28760 29021 E SQLiteDatabase: 	at android.database.sqlite.SQLiteConnection.prepare(SQLiteConnection.java:527)
09-07 13:37:10.262 28760 29021 E SQLiteDatabase: 	at android.database.sqlite.SQLiteSession.prepare(SQLiteSession.java:588)
09-07 13:37:10.262 28760 29021 E SQLiteDatabase: 	at android.database.sqlite.SQLiteProgram.<init>(SQLiteProgram.java:58)
09-07 13:37:10.262 28760 29021 E SQLiteDatabase: 	at android.database.sqlite.SQLiteStatement.<init>(SQLiteStatement.java:31)
09-07 13:37:10.262 28760 29021 E SQLiteDatabase: 	at android.database.sqlite.SQLiteDatabase.insertWithOnConflict(SQLiteDatabase.java:1562)
09-07 13:37:10.262 28760 29021 E SQLiteDatabase: 	at android.database.sqlite.SQLiteDatabase.replace(SQLiteDatabase.java:1480)
09-07 13:37:10.262 28760 29021 E SQLiteDatabase: 	at com.tencent.mobileqq.app.SQLiteDatabase.replace(P:4)
09-07 13:37:10.262 28760 29021 E SQLiteDatabase: 	at com.tencent.mobileqq.persistence.EntityManager.insertOrReplace(P:8)
09-07 13:37:10.262 28760 29021 E SQLiteDatabase: 	at com.tencent.mobileqq.persistence.OGEntityManager.insertOrReplace(P:1)
09-07 13:37:10.262 28760 29021 E SQLiteDatabase: 	at com.tencent.mobileqq.persistence.EntityManager.persistOrReplace(P:2)
09-07 13:37:10.262 28760 29021 E SQLiteDatabase: 	at com.tencent.mobileqq.zplan.s.a.c(P:3)
09-07 13:37:10.262 28760 29021 E SQLiteDatabase: 	at com.tencent.mobileqq.zplan.s.a.e(P:2)
09-07 13:37:10.262 28760 29021 E SQLiteDatabase: 	at com.tencent.mobileqq.zplan.s.c.h(P:3)
09-07 13:37:10.262 28760 29021 E SQLiteDatabase: 	at com.tencent.mobileqq.zplan.push.ZPlanProfileProcessor.onGetProfileDetailResponse(P:20)
09-07 13:37:10.262 28760 29021 E SQLiteDatabase: 	at com.tencent.mobileqq.profilecommon.api.impl.ProfileCommonServiceImpl.responseGetProfileDetail(P:8)
09-07 13:37:10.262 28760 29021 E SQLiteDatabase: 	at com.tencent.mobileqq.d2.a.a.U4(P:17)
09-07 13:37:10.262 28760 29021 E SQLiteDatabase: 	at com.tencent.mobileqq.d2.a.a.onReceive(P:4)
09-07 13:37:10.262 28760 29021 E SQLiteDatabase: 	at com.tencent.mobileqq.service.MobileQQServiceBase.dispatchToHandler(P:6)
09-07 13:37:10.262 28760 29021 E SQLiteDatabase: 	at com.tencent.mobileqq.service.MobileQQServiceBase.handleResponse(P:16)
09-07 13:37:10.262 28760 29021 E SQLiteDatabase: 	at com.tencent.mobileqq.service.b.handleResponse(P:2)
09-07 13:37:10.262 28760 29021 E SQLiteDatabase: 	at com.tencent.common.app.AppInterface.receiveToService(P:2)
09-07 13:37:10.262 28760 29021 E SQLiteDatabase: 	at com.tencent.mobileqq.app.QQAppInterface.receiveToService(P:1)
09-07 13:37:10.262 28760 29021 E SQLiteDatabase: 	at com.tencent.mobileqq.x.a.onReceive(P:5)
09-07 13:37:10.262 28760 29021 E SQLiteDatabase: 	at mqq.app.MSFServlet.onReceive(P:2)
09-07 13:37:10.262 28760 29021 E SQLiteDatabase: 	at mqq.app.ServletContainer.notifyMSFServlet(P:2)
09-07 13:37:10.262 28760 29021 E SQLiteDatabase: 	at mqq.app.MainService.receiveMessageFromMSF(P:33)
09-07 13:37:10.262 28760 29021 E SQLiteDatabase: 	at mqq.app.MainService.access$500(P:1)
09-07 13:37:10.262 28760 29021 E SQLiteDatabase: 	at mqq.app.MainService$2.onRecvResp(P:1)
09-07 13:37:10.262 28760 29021 E SQLiteDatabase: 	at com.tencent.mobileqq.msf.sdk.MsfRespHandleUtil.handleRespMsg(P:139)
09-07 13:37:10.262 28760 29021 E SQLiteDatabase: 	at mqq.app.msghandle.MSFRespHandleTask.doHandleResp(P:2)
09-07 13:37:10.262 28760 29021 E SQLiteDatabase: 	at mqq.app.msghandle.MSFRespHandleTask.handleCommonMsg(P:1)
09-07 13:37:10.262 28760 29021 E SQLiteDatabase: 	at mqq.app.msghandle.MSFRespHandleTask.run(P:5)
09-07 13:37:10.262 28760 29021 E SQLiteDatabase: 	at android.os.Handler.handleCallback(Handler.java:873)
09-07 13:37:10.262 28760 29021 E SQLiteDatabase: 	at android.os.Handler.dispatchMessage(Handler.java:99)
09-07 13:37:10.262 28760 29021 E SQLiteDatabase: 	at android.os.Looper.loop(Looper.java:224)
09-07 13:37:10.262 28760 29021 E SQLiteDatabase: 	at android.os.HandlerThread.run(HandlerThread.java:65)
09-07 13:37:10.263 28760 29021 E SQLiteLog: (1) table ZPlanUserInfo has no column named gender
09-07 13:37:10.264 28760 29021 E SQLiteDatabase: Error inserting uin=
09-07 13:37:10.264 28760 29021 E SQLiteDatabase: ���� gender=0 appearanceKey= appearanceTimeStamp=0
09-07 13:37:10.264 28760 29021 E SQLiteDatabase: android.database.sqlite.SQLiteException: table ZPlanUserInfo has no column named gender (code 1 SQLITE_ERROR): , while compiling: INSERT OR REPLACE  INTO ZPlanUserInfo(uin,gender,appearanceKey,appearanceTimeStamp) VALUES (?,?,?,?)
09-07 13:37:10.264 28760 29021 E SQLiteDatabase: 	at android.database.sqlite.SQLiteConnection.nativePrepareStatement(Native Method)
09-07 13:37:10.264 28760 29021 E SQLiteDatabase: 	at android.database.sqlite.SQLiteConnection.acquirePreparedStatement(SQLiteConnection.java:946)
09-07 13:37:10.264 28760 29021 E SQLiteDatabase: 	at android.database.sqlite.SQLiteConnection.prepare(SQLiteConnection.java:527)
09-07 13:37:10.264 28760 29021 E SQLiteDatabase: 	at android.database.sqlite.SQLiteSession.prepare(SQLiteSession.java:588)
09-07 13:37:10.264 28760 29021 E SQLiteDatabase: 	at android.database.sqlite.SQLiteProgram.<init>(SQLiteProgram.java:58)
09-07 13:37:10.264 28760 29021 E SQLiteDatabase: 	at android.database.sqlite.SQLiteStatement.<init>(SQLiteStatement.java:31)
09-07 13:37:10.264 28760 29021 E SQLiteDatabase: 	at android.database.sqlite.SQLiteDatabase.insertWithOnConflict(SQLiteDatabase.java:1562)
09-07 13:37:10.264 28760 29021 E SQLiteDatabase: 	at android.database.sqlite.SQLiteDatabase.replace(SQLiteDatabase.java:1480)
09-07 13:37:10.264 28760 29021 E SQLiteDatabase: 	at com.tencent.mobileqq.app.SQLiteDatabase.replace(P:4)
09-07 13:37:10.264 28760 29021 E SQLiteDatabase: 	at com.tencent.mobileqq.persistence.EntityManager.insertOrReplace(P:11)
09-07 13:37:10.264 28760 29021 E SQLiteDatabase: 	at com.tencent.mobileqq.persistence.OGEntityManager.insertOrReplace(P:1)
09-07 13:37:10.264 28760 29021 E SQLiteDatabase: 	at com.tencent.mobileqq.persistence.EntityManager.persistOrReplace(P:2)
09-07 13:37:10.264 28760 29021 E SQLiteDatabase: 	at com.tencent.mobileqq.zplan.s.a.c(P:3)
09-07 13:37:10.264 28760 29021 E SQLiteDatabase: 	at com.tencent.mobileqq.zplan.s.a.e(P:2)
09-07 13:37:10.264 28760 29021 E SQLiteDatabase: 	at com.tencent.mobileqq.zplan.s.c.h(P:3)
09-07 13:37:10.264 28760 29021 E SQLiteDatabase: 	at com.tencent.mobileqq.zplan.push.ZPlanProfileProcessor.onGetProfileDetailResponse(P:20)
09-07 13:37:10.264 28760 29021 E SQLiteDatabase: 	at com.tencent.mobileqq.profilecommon.api.impl.ProfileCommonServiceImpl.responseGetProfileDetail(P:8)
09-07 13:37:10.264 28760 29021 E SQLiteDatabase: 	at com.tencent.mobileqq.d2.a.a.U4(P:17)
09-07 13:37:10.264 28760 29021 E SQLiteDatabase: 	at com.tencent.mobileqq.d2.a.a.onReceive(P:4)
09-07 13:37:10.264 28760 29021 E SQLiteDatabase: 	at com.tencent.mobileqq.service.MobileQQServiceBase.dispatchToHandler(P:6)
09-07 13:37:10.264 28760 29021 E SQLiteDatabase: 	at com.tencent.mobileqq.service.MobileQQServiceBase.handleResponse(P:16)
09-07 13:37:10.264 28760 29021 E SQLiteDatabase: 	at com.tencent.mobileqq.service.b.handleResponse(P:2)
09-07 13:37:10.264 28760 29021 E SQLiteDatabase: 	at com.tencent.common.app.AppInterface.receiveToService(P:2)
09-07 13:37:10.264 28760 29021 E SQLiteDatabase: 	at com.tencent.mobileqq.app.QQAppInterface.receiveToService(P:1)
09-07 13:37:10.264 28760 29021 E SQLiteDatabase: 	at com.tencent.mobileqq.x.a.onReceive(P:5)
09-07 13:37:10.264 28760 29021 E SQLiteDatabase: 	at mqq.app.MSFServlet.onReceive(P:2)
09-07 13:37:10.264 28760 29021 E SQLiteDatabase: 	at mqq.app.ServletContainer.notifyMSFServlet(P:2)
09-07 13:37:10.264 28760 29021 E SQLiteDatabase: 	at mqq.app.MainService.receiveMessageFromMSF(P:33)
09-07 13:37:10.264 28760 29021 E SQLiteDatabase: 	at mqq.app.MainService.access$500(P:1)
09-07 13:37:10.264 28760 29021 E SQLiteDatabase: 	at mqq.app.MainService$2.onRecvResp(P:1)
09-07 13:37:10.264 28760 29021 E SQLiteDatabase: 	at com.tencent.mobileqq.msf.sdk.MsfRespHandleUtil.handleRespMsg(P:139)
09-07 13:37:10.264 28760 29021 E SQLiteDatabase: 	at mqq.app.msghandle.MSFRespHandleTask.doHandleResp(P:2)
09-07 13:37:10.264 28760 29021 E SQLiteDatabase: 	at mqq.app.msghandle.MSFRespHandleTask.handleCommonMsg(P:1)
09-07 13:37:10.264 28760 29021 E SQLiteDatabase: 	at mqq.app.msghandle.MSFRespHandleTask.run(P:5)
09-07 13:37:10.264 28760 29021 E SQLiteDatabase: 	at android.os.Handler.handleCallback(Handler.java:873)
09-07 13:37:10.264 28760 29021 E SQLiteDatabase: 	at android.os.Handler.dispatchMessage(Handler.java:99)
09-07 13:37:10.264 28760 29021 E SQLiteDatabase: 	at android.os.Looper.loop(Looper.java:224)
09-07 13:37:10.264 28760 29021 E SQLiteDatabase: 	at android.os.HandlerThread.run(HandlerThread.java:65)
09-07 13:37:10.264 28760 29021 E EntityManager: replace or insert error with -1 true
09-07 13:37:10.326 28760 29077 E ZPlanAvatarImageManager: requestBannerStaticImgInfo failed, callback invalid!
09-07 13:37:10.361 28760 29327 E VasIPCModule: onCall missing action = com.tencent.mobileqq.vas.api.impl.AppIconSwitchManager$checkAndSwitchIcon
09-07 13:37:10.419 28760 29327 E CommonUsedSystemEmojiManager: mergeAndSortSystemEmojiInfo  list2 = NULL
09-07 13:37:10.477 28760 29021 E [cmshow]ApolloManager: handleAio2dBubbleAdv, data empty
09-07 13:37:10.477 28760 29021 E [cmshow]ApolloManager: handleKapuDownloadAdv, data empty
09-07 13:37:10.477 28760 29021 E [cmshow]ApolloManager: handleAio3dBubbleAdv, data empty
09-07 13:37:10.477 28760 29021 E [cmshow]ApolloManager: handleAio2dNewActionTipsAdv, data empty
09-07 13:37:10.478 28760 29021 E [cmshow]ApolloManager: handleAio3dNewActionTipsAdv, data empty
09-07 13:37:10.479 28760 29021 E [cmshow]ApolloManager: handleDrawerBubbleAdv, data empty
09-07 13:37:10.479 28760 29021 E [cmshow]ApolloManager: handleDrawerBubbleAdv, data empty
09-07 13:37:10.687 28760 29326 E Ilive   :  isVersionChange = false
09-07 13:37:10.697 28760 29080 E PlayerCore: loadLibDefault failed to load TPCore-master,dalvik.system.PathClassLoader[DexPathList[[zip file "/system/framework/org.apache.http.legacy.boot.jar", zip file "/data/app/com.tencent.mobileqq-9NPNTOx62ULAduw2aTKEhw==/base.apk"],nativeLibraryDirectories=[/data/app/com.tencent.mobileqq-9NPNTOx62ULAduw2aTKEhw==/lib/arm64, /data/app/com.tencent.mobileqq-9NPNTOx62ULAduw2aTKEhw==/base.apk!/lib/arm64-v8a, /system/lib64]]] couldn't find "libTPCore-master.so"
09-07 13:37:10.698 28760 29080 E PlayerCore: Failed to load native libs
09-07 13:37:10.698 28760 29080 E PlayerCore: TPNativeLibraryLoader isLibLoaded error:Failed to load native library
09-07 13:37:10.698 28760 29104 E PlayerCore: loadLibDefault failed to load TPCore-master,dalvik.system.PathClassLoader[DexPathList[[zip file "/system/framework/org.apache.http.legacy.boot.jar", zip file "/data/app/com.tencent.mobileqq-9NPNTOx62ULAduw2aTKEhw==/base.apk"],nativeLibraryDirectories=[/data/app/com.tencent.mobileqq-9NPNTOx62ULAduw2aTKEhw==/lib/arm64, /data/app/com.tencent.mobileqq-9NPNTOx62ULAduw2aTKEhw==/base.apk!/lib/arm64-v8a, /system/lib64]]] couldn't find "libTPCore-master.so"
09-07 13:37:10.698 28760 29104 E PlayerCore: Failed to load native libs
09-07 13:37:10.698 28760 29104 E PlayerCore: TPNativeLibraryLoader isLibLoaded error:Failed to load native library
09-07 13:37:10.710 28760 29399 E QWalletHelperImpl: error msg in qqpay-impl module: java.lang.NumberFormatException: s == null
09-07 13:37:10.710 28760 29399 E QWalletHelperImpl: 	at java.lang.Integer.parseInt(Integer.java:577)
09-07 13:37:10.710 28760 29399 E QWalletHelperImpl: 	at java.lang.Integer.parseInt(Integer.java:650)
09-07 13:37:10.710 28760 29399 E QWalletHelperImpl: 	at cooperation.qwallet.plugin.impl.QWalletHelperImpl.updateHongBaoSpeedWitch(P:1)
09-07 13:37:10.710 28760 29399 E QWalletHelperImpl: 	at com.tencent.mobileqq.config.splashlogo.ConfigServlet.V(P:88)
09-07 13:37:10.710 28760 29399 E QWalletHelperImpl: 	at com.tencent.mobileqq.config.splashlogo.ConfigServlet.T1(P:283)
09-07 13:37:10.710 28760 29399 E QWalletHelperImpl: 	at com.tencent.mobileqq.config.a.a.g(P:1)
09-07 13:37:10.710 28760 29399 E QWalletHelperImpl: 	at com.tencent.mobileqq.config.QConfigServlet.g(P:16)
09-07 13:37:10.710 28760 29399 E QWalletHelperImpl: 	at com.tencent.mobileqq.config.QConfigServlet.i(P:23)
09-07 13:37:10.710 28760 29399 E QWalletHelperImpl: 	at com.tencent.mobileqq.config.QConfigServlet$1.run(P:1)
09-07 13:37:10.710 28760 29399 E QWalletHelperImpl: 	at android.os.Handler.handleCallback(Handler.java:873)
09-07 13:37:10.710 28760 29399 E QWalletHelperImpl: 	at android.os.Handler.dispatchMessage(Handler.java:99)
09-07 13:37:10.710 28760 29399 E QWalletHelperImpl: 	at android.os.Looper.loop(Looper.java:224)
09-07 13:37:10.710 28760 29399 E QWalletHelperImpl: 	at android.os.HandlerThread.run(HandlerThread.java:65)
09-07 13:37:10.808 28760 29326 E SQLiteLog: (1) no such table: mr_friend_45B4F8ABE6C172CAB391E43E1E0E6611_New
09-07 13:37:10.810 28760 29326 E IAutomator: [CameraCategoryMaterialStep] doStep....
09-07 13:37:10.846 28760 29073 E PlayerCore: loadLibDefault failed to load TPCore-master,dalvik.system.PathClassLoader[DexPathList[[zip file "/system/framework/org.apache.http.legacy.boot.jar", zip file "/data/app/com.tencent.mobileqq-9NPNTOx62ULAduw2aTKEhw==/base.apk"],nativeLibraryDirectories=[/data/app/com.tencent.mobileqq-9NPNTOx62ULAduw2aTKEhw==/lib/arm64, /data/app/com.tencent.mobileqq-9NPNTOx62ULAduw2aTKEhw==/base.apk!/lib/arm64-v8a, /system/lib64]]] couldn't find "libTPCore-master.so"
09-07 13:37:10.846 28760 29073 E PlayerCore: Failed to load native libs
09-07 13:37:10.846 28760 29073 E PlayerCore: TPNativeLibraryLoader isLibLoaded error:Failed to load native library
09-07 13:37:22.493 29418 29418 E encent.mobileq: Not starting debugger since process cannot load the jdwp agent.
09-07 13:37:44.001  4383  4437 E BitmapFactory: Unable to decode stream: java.io.FileNotFoundException: /oem/etc/theme/icons/dynamic_icon/com.android.BBKClock/res/drawable-sw360dp-xxhdpi/clock_hour.png (No such file or directory)
09-07 13:37:44.002  4383  4437 E BitmapFactory: Unable to decode stream: java.io.FileNotFoundException: /oem/etc/theme/icons/dynamic_icon/com.android.BBKClock/res/drawable-sw360dp-xxhdpi/clock_minute.png (No such file or directory)
09-07 13:37:44.003  4383  4437 E BitmapFactory: Unable to decode stream: java.io.FileNotFoundException: /oem/etc/theme/icons/dynamic_icon/com.android.BBKClock/res/drawable-sw360dp-xxhdpi/clock_dial.png (No such file or directory)
09-07 13:37:44.005  4383  4437 E BitmapFactory: Unable to decode stream: java.io.FileNotFoundException: /oem/etc/theme/icons/dynamic_icon/com.android.BBKClock/res/drawable-sw360dp-xxhdpi/clock_dial_center.png (No such file or directory)
09-07 13:37:53.696 29418 29418 E PandoraEx.ConfigManager: initDefaultConfig initLevel is defaultConfig
09-07 13:37:53.775 29418 29418 E 2g.outt : init
09-07 13:37:53.775 29418 29418 E 2g.outt : sync
09-07 13:37:53.799 29418 29418 E qiqili  : InitMemoryCache BaseApplicationImpl.sProcessId =1BaseApplicationImpl.processName=com.tencent.mobileqq
09-07 13:38:43.983  1710  2037 E ActivityManager: Sending non-protected broadcast com.vivo.aiengine.intent.action.SMART_SCHEDULER from system uid 1000 pkg com.vivo.aiengine
09-07 13:38:43.985  1710  2037 E ActivityManager: Sending non-protected broadcast com.vivo.pem.power from system uid 1000 pkg com.vivo.pem
09-07 13:38:44.056  1004  3051 E Netd    : tether checkPermission, pid:1710 uid:1000
09-07 13:38:44.063 29418 29470 E System  :  ******** DEPRECATED FUNCTIONALITY ********
09-07 13:38:44.063 29418 29470 E System  :  * The implementation of the KeyFactory.RSA algorithm from
09-07 13:38:44.063 29418 29470 E System  :  * the BC provider is deprecated in this version of Android.
09-07 13:38:44.063 29418 29470 E System  :  * It will be removed in a future version of Android and your
09-07 13:38:44.063 29418 29470 E System  :  * application will no longer be able to request it.  Please see
09-07 13:38:44.063 29418 29470 E System  :  * https://android-developers.googleblog.com/2018/03/cryptography-changes-in-android-p.html
09-07 13:38:44.063 29418 29470 E System  :  * for more details.
09-07 13:38:44.117  2635  3033 E PowerMonitor: exception In sysProcTransDectect java.lang.NoSuchMethodException: vivoGetNetworkStatsUidDetailWithPackInfo [int]
09-07 13:38:44.117  1710  2342 E SyncManager: Bind attempt failed - target: ComponentInfo{com.tencent.android.qqdownloader/com.live.sync.YYBLiveSyncService}
09-07 13:38:44.120  4383  4437 E BitmapFactory: Unable to decode stream: java.io.FileNotFoundException: /oem/etc/theme/icons/dynamic_icon/com.android.BBKClock/res/drawable-sw360dp-xxhdpi/clock_hour.png (No such file or directory)
09-07 13:38:44.121  4383  4437 E BitmapFactory: Unable to decode stream: java.io.FileNotFoundException: /oem/etc/theme/icons/dynamic_icon/com.android.BBKClock/res/drawable-sw360dp-xxhdpi/clock_minute.png (No such file or directory)
09-07 13:38:44.122  4383  4437 E BitmapFactory: Unable to decode stream: java.io.FileNotFoundException: /oem/etc/theme/icons/dynamic_icon/com.android.BBKClock/res/drawable-sw360dp-xxhdpi/clock_dial.png (No such file or directory)
09-07 13:38:44.128  4383  4437 E BitmapFactory: Unable to decode stream: java.io.FileNotFoundException: /oem/etc/theme/icons/dynamic_icon/com.android.BBKClock/res/drawable-sw360dp-xxhdpi/clock_dial_center.png (No such file or directory)
09-07 13:38:44.159  1710  5749 E ActivityManager: Sending non-protected broadcast action.vivo.powercontrol from system 2635:com.vivo.pem/1000 pkg com.vivo.pem
09-07 13:38:44.160  1710  5749 E ActivityManager: Sending non-protected broadcast action.vivo.powercontrol from system 2635:com.vivo.pem/1000 pkg com.vivo.pem
09-07 13:38:44.168  2762  4048 I chatty  : uid=1001(radio) Binder:2762_6 identical 1 line
09-07 13:38:44.404 29497 29497 E encent.mobileq: Not starting debugger since process cannot load the jdwp agent.
09-07 13:38:44.729 29497 29497 E PandoraEx.ConfigManager: initDefaultConfig initLevel is defaultConfig
09-07 13:38:44.812 29497 29497 E 2g.outt : init
09-07 13:38:44.812 29497 29497 E 2g.outt : sync
09-07 13:38:44.838 29497 29497 E qiqili  : InitMemoryCache BaseApplicationImpl.sProcessId =1BaseApplicationImpl.processName=com.tencent.mobileqq
09-07 13:38:44.991 29497 29549 E System  :  ******** DEPRECATED FUNCTIONALITY ********
09-07 13:38:44.991 29497 29549 E System  :  * The implementation of the KeyFactory.RSA algorithm from
09-07 13:38:44.991 29497 29549 E System  :  * the BC provider is deprecated in this version of Android.
09-07 13:38:44.991 29497 29549 E System  :  * It will be removed in a future version of Android and your
09-07 13:38:44.991 29497 29549 E System  :  * application will no longer be able to request it.  Please see
09-07 13:38:44.991 29497 29549 E System  :  * https://android-developers.googleblog.com/2018/03/cryptography-changes-in-android-p.html
09-07 13:38:44.991 29497 29549 E System  :  * for more details.
09-07 13:38:54.957 29572 29572 E nt.mobileqq:MS: Not starting debugger since process cannot load the jdwp agent.
09-07 13:38:59.270 29572 29572 E PandoraEx.ConfigManager: initDefaultConfig initLevel is defaultConfig
09-07 13:38:59.577 29572 29572 E MSF.C.NativeConfigStore: loadso msfbootV2 true resultCode=262144 cost=2
09-07 13:39:34.304 29572 29572 E MSF.C.CodecWarpper: loadso codecwrapperV2 true resultCode=262144 cost=3
09-07 13:39:34.417 29572 29572 E 2g.outt : init
09-07 13:39:34.417 29572 29572 E 2g.outt : sync
09-07 13:39:34.498 29572 29644 E System  :  ******** DEPRECATED FUNCTIONALITY ********
09-07 13:39:34.498 29572 29644 E System  :  * The implementation of the KeyFactory.RSA algorithm from
09-07 13:39:34.498 29572 29644 E System  :  * the BC provider is deprecated in this version of Android.
09-07 13:39:34.498 29572 29644 E System  :  * It will be removed in a future version of Android and your
09-07 13:39:34.498 29572 29644 E System  :  * application will no longer be able to request it.  Please see
09-07 13:39:34.498 29572 29644 E System  :  * https://android-developers.googleblog.com/2018/03/cryptography-changes-in-android-p.html
09-07 13:39:34.498 29572 29644 E System  :  * for more details.
09-07 13:39:49.953  1710  2037 E ActivityManager: Sending non-protected broadcast com.vivo.pem.bigdata from system uid 1000 pkg com.vivo.pem
09-07 13:39:50.035  4383  4437 E BitmapFactory: Unable to decode stream: java.io.FileNotFoundException: /oem/etc/theme/icons/dynamic_icon/com.android.BBKClock/res/drawable-sw360dp-xxhdpi/clock_hour.png (No such file or directory)
09-07 13:39:50.036  4383  4437 E BitmapFactory: Unable to decode stream: java.io.FileNotFoundException: /oem/etc/theme/icons/dynamic_icon/com.android.BBKClock/res/drawable-sw360dp-xxhdpi/clock_minute.png (No such file or directory)
09-07 13:39:50.037  4383  4437 E BitmapFactory: Unable to decode stream: java.io.FileNotFoundException: /oem/etc/theme/icons/dynamic_icon/com.android.BBKClock/res/drawable-sw360dp-xxhdpi/clock_dial.png (No such file or directory)
09-07 13:39:50.040  4383  4437 E BitmapFactory: Unable to decode stream: java.io.FileNotFoundException: /oem/etc/theme/icons/dynamic_icon/com.android.BBKClock/res/drawable-sw360dp-xxhdpi/clock_dial_center.png (No such file or directory)
09-07 13:39:50.100 29572 29572 E MD5     : loadso msfbootV2 true resultCode=262144 cost=0
09-07 13:39:50.301 29572 29650 E MSF.C.NetConnTag.true: [openConn] socket has built, socketEngineID: 0socket: 11846578java.lang.Throwable
09-07 13:39:50.301 29572 29650 E MSF.C.NetConnTag.true: 	at com.tencent.mobileqq.msf.core.net.m.a(P:46)
09-07 13:39:50.301 29572 29650 E MSF.C.NetConnTag.true: 	at com.tencent.mobileqq.msf.core.net.p.a(P:207)
09-07 13:39:50.301 29572 29650 E MSF.C.NetConnTag.true: 	at com.tencent.mobileqq.msf.core.net.p.a(P:203)
09-07 13:39:50.301 29572 29650 E MSF.C.NetConnTag.true: 	at com.tencent.mobileqq.msf.core.net.p.a(P:179)
09-07 13:39:50.301 29572 29650 E MSF.C.NetConnTag.true: 	at com.tencent.mobileqq.msf.core.net.p.b(P:40)
09-07 13:39:50.301 29572 29650 E MSF.C.NetConnTag.true: 	at com.tencent.mobileqq.msf.core.net.p.a(P:108)
09-07 13:39:50.301 29572 29650 E MSF.C.NetConnTag.true: 	at com.tencent.mobileqq.msf.core.net.p.q(P:1)
09-07 13:39:50.301 29572 29650 E MSF.C.NetConnTag.true: 	at com.tencent.mobileqq.msf.core.net.p.a(P:217)
09-07 13:39:50.301 29572 29650 E MSF.C.NetConnTag.true: 	at com.tencent.mobileqq.msf.core.ag$c.run(P:115)
