09-07 17:47:23.625 23770 23770 I MonitoringInstr: Activities that are still in CREATED to STOPPED: 0
09-07 17:47:23.630 23770 23787 I appium  : [AppiumUiAutomator2Server] Starting Server
09-07 17:47:23.822   718   718 I SurfaceFlinger: FPS: 49
09-07 17:47:24.016 18564 18564 E adbd    : failed to connect to socket 'tcp:6790': Connection refused
09-07 17:47:24.576  8163 23793 E libc    : Access denied finding property "net.dns1"
09-07 17:47:24.577  8163 23793 E libc    : Access denied finding property "net.dns2"
09-07 17:47:24.631 23770 23787 I appium  : Starting MJPEG Server
09-07 17:47:24.432  1710  2176 I chatty  : uid=1000(system) AutobacklightTh identical 18 lines
09-07 17:47:24.667  1710  1710 V SettingsProvider: Notifying for 0: content://settings/secure/accessibility_enabled
09-07 17:47:24.668  1710  1710 V SettingsProvider: Notifying for 999: content://settings/secure/accessibility_enabled
09-07 17:47:24.698  1710  5746 I chatty  : uid=1000(system) Binder:1710_1D expire 14 lines
09-07 17:47:24.699  1710  1710 I chatty  : uid=1000 system_server expire 55 lines
09-07 17:47:24.700 23770 23787 I appium  : MJPEG Server started
09-07 17:47:24.710 23770 23797 I appium  : ServerSocket created on port 7810
09-07 17:47:24.736 23770 23787 I appium  : AndroidServer created on port 6790
09-07 17:47:24.736 23770 23787 I appium  : io.appium.uiautomator2.server started:
09-07 17:47:24.742  1710  5744 D PowerManagerService: acquireWakeLockInternal: lock=133487556, flags=0x6, tag="UiAutomator2:ScreenKeeper", ws=null, uid=10144, pid=23770
09-07 17:47:24.752 23770 23800 I appium  : Started UiAutomator2 io.appium.uiautomator2.http io.appium.uiautomator2.server on port 6790
09-07 17:47:24.838   718   718 I SurfaceFlinger: FPS: 56
09-07 17:47:24.867 23770 23801 W tomator2.serve: Accessing hidden field Ljava/nio/Buffer;->address:J (light greylist, reflection)
09-07 17:47:24.867 23770 23801 W tomator2.serve: Accessing hidden field Lsun/misc/Unsafe;->theUnsafe:Lsun/misc/Unsafe; (light greylist, reflection)
09-07 17:47:25.130 23770 23803 I appium  : channel read: GET /wd/hub/status
09-07 17:47:25.134 23770 23803 I appium  : Status command
09-07 17:47:25.181 23770 23803 I appium  : AppiumResponse: {"sessionId":"None","value":{"message":"UiAutomator2 Server is ready to accept commands","ready":true}}
09-07 17:47:25.208 23770 23803 I appium  : channel read: POST /wd/hub/session
09-07 17:47:25.212 23770 23803 I appium  : NewSession command
09-07 17:47:25.239 23770 23803 W tomator2.serve: Accessing hidden field Landroid/app/UiAutomation;->mOnAccessibilityEventListener:Landroid/app/UiAutomation$OnAccessibilityEventListener; (dark greylist, reflection)
09-07 17:47:25.240 23770 23803 I appium  : Created the new session with SessionID: 32aabcba-4b62-49ed-b1b7-188b9f8ec279
09-07 17:47:25.268 23770 23803 I appium  : AppiumResponse: {"sessionId":"32aabcba-4b62-49ed-b1b7-188b9f8ec279","value":{"capabilities":{"firstMatch":[{"platform":"LINUX","webStorageEnabled":false,"takesScreenshot":true,"javascriptEnabled":true,"databaseEnabled":false,"networkConnectionEnabled":true,"locationContextEnabled":false,"warnings":{},"desired":{"pl
09-07 17:47:25.291 23770 23803 I appium  : channel read: GET /wd/hub/session/32aabcba-4b62-49ed-b1b7-188b9f8ec279/appium/device/info
09-07 17:47:25.294 23770 23803 I appium  : GetDeviceInfo command
09-07 17:47:25.317 23770 23803 W tomator2.serve: Accessing hidden field Landroid/net/NetworkCapabilities;->mSignalStrength:I (light greylist, reflection)
09-07 17:47:25.318 23770 23803 W tomator2.serve: Accessing hidden field Landroid/net/NetworkCapabilities;->mSSID:Ljava/lang/String; (dark greylist, reflection)
09-07 17:47:25.076  1710  2176 I chatty  : uid=1000(system) AutobacklightTh identical 2 lines
09-07 17:47:25.336  1710  1860 D BluetoothManagerService: MESSAGE_REGISTER_ADAPTER
09-07 17:47:25.366 23770 23803 I appium  : AppiumResponse: {"sessionId":"32aabcba-4b62-49ed-b1b7-188b9f8ec279","value":{"androidId":"924032d81ca599b5","apiVersion":"28","bluetooth":{"state":"ON"},"brand":"vivo","carrierName":"","displayDensity":480,"locale":"zh_CN","manufacturer":"vivo","model":"vivo X21A","networks":[{"capabilities":{"SSID":null,"linkDownB
09-07 17:47:25.598 23770 23803 I appium  : channel read: GET /wd/hub/session/32aabcba-4b62-49ed-b1b7-188b9f8ec279/appium/device/pixel_ratio
09-07 17:47:25.602 23770 23803 I appium  : GetDevicePixelRatio command
09-07 17:47:25.602 23770 23803 I appium  : Get device pixel ratio
09-07 17:47:25.614 23770 23803 I appium  : AppiumResponse: {"sessionId":"32aabcba-4b62-49ed-b1b7-188b9f8ec279","value":3.0}
09-07 17:47:25.635 23770 23803 I appium  : channel read: GET /wd/hub/session/32aabcba-4b62-49ed-b1b7-188b9f8ec279/appium/device/system_bars
09-07 17:47:25.638 23770 23803 I appium  : GetSystemBars command
09-07 17:47:25.638 23770 23803 I appium  : Get status bar height of the device
09-07 17:47:25.649 23770 23803 I appium  : AppiumResponse: {"sessionId":"32aabcba-4b62-49ed-b1b7-188b9f8ec279","value":{"statusBar":84}}
09-07 17:47:25.667 23770 23803 I appium  : channel read: GET /wd/hub/session/32aabcba-4b62-49ed-b1b7-188b9f8ec279/window/current/size
09-07 17:47:25.671 23770 23803 I appium  : GetDeviceSize command
09-07 17:47:25.671 23770 23803 I appium  : Get window size of the device
09-07 17:47:25.685 23770 23803 I appium  : AppiumResponse: {"sessionId":"32aabcba-4b62-49ed-b1b7-188b9f8ec279","value":{"height":2075,"width":1080}}
09-07 17:47:25.799 23770 23803 I appium  : channel read: GET /wd/hub/session/32aabcba-4b62-49ed-b1b7-188b9f8ec279/window/current/size
09-07 17:47:25.802 23770 23803 I appium  : GetDeviceSize command
09-07 17:47:25.802 23770 23803 I appium  : Get window size of the device
09-07 17:47:25.815 23770 23803 I appium  : AppiumResponse: {"sessionId":"32aabcba-4b62-49ed-b1b7-188b9f8ec279","value":{"height":2075,"width":1080}}
09-07 17:47:25.839 23770 23803 I appium  : channel read: GET /wd/hub/session/32aabcba-4b62-49ed-b1b7-188b9f8ec279/window/current/size
09-07 17:47:25.841 23770 23803 I appium  : GetDeviceSize command
09-07 17:47:25.841 23770 23803 I appium  : Get window size of the device
09-07 17:47:25.854 23770 23803 I appium  : AppiumResponse: {"sessionId":"32aabcba-4b62-49ed-b1b7-188b9f8ec279","value":{"height":2075,"width":1080}}
09-07 17:47:25.854   718   718 I SurfaceFlinger: FPS: 55
09-07 17:47:26.340 23770 23803 I appium  : channel read: POST /wd/hub/session/32aabcba-4b62-49ed-b1b7-188b9f8ec279/element
09-07 17:47:26.344 23770 23803 I appium  : FindElement command
09-07 17:47:26.353 23770 23803 I appium  : method: 'id', selector: 'cn.missevan:id/nav_icon_mine', contextId: ''
09-07 17:47:26.367 23770 23803 I appium  : Waiting up to 10000ms for the device to idle
09-07 17:47:26.403 32400 32547 D MemoryCeilingMonitor: [handleMemoryCalculate]
09-07 17:47:26.403 32400 32547 D MemoryCeilingMonitor: [calculate] tot: 3169365, max: 268435456, free: 677461, heap: 2491904, per: 0.009283065795898438
09-07 17:47:26.871   718   718 I SurfaceFlinger: FPS: 50
09-07 17:47:27.275 23770 23803 I appium  : AppiumResponse: {"sessionId":"32aabcba-4b62-49ed-b1b7-188b9f8ec279","value":{"ELEMENT":"2bcf912c-1844-4538-b442-2ef81b9737a4","element-6066-11e4-a52e-4f735466cecf":"2bcf912c-1844-4538-b442-2ef81b9737a4"}}
09-07 17:47:27.299  1710  2069 I chatty  : uid=1000(system) WifiStateMachin expire 15 lines
09-07 17:47:27.824 23770 23803 I appium  : channel read: POST /wd/hub/session/32aabcba-4b62-49ed-b1b7-188b9f8ec279/element
09-07 17:47:27.827 23770 23803 I appium  : FindElement command
09-07 17:47:27.834 23770 23803 I appium  : method: 'id', selector: 'cn.missevan:id/nav_icon_mine', contextId: ''
09-07 17:47:27.835 23770 23803 I appium  : Waiting up to 10000ms for the device to idle
09-07 17:47:27.887   718   718 I SurfaceFlinger: FPS: 56
09-07 17:47:28.904   718   718 I SurfaceFlinger: FPS: 56
09-07 17:47:29.213 23770 23803 I appium  : AppiumResponse: {"sessionId":"32aabcba-4b62-49ed-b1b7-188b9f8ec279","value":{"ELEMENT":"28493eff-6f55-4527-af7a-d3d41ee493da","element-6066-11e4-a52e-4f735466cecf":"28493eff-6f55-4527-af7a-d3d41ee493da"}}
09-07 17:47:29.101  1710  2176 I chatty  : uid=1000(system) AutobacklightTh identical 23 lines
09-07 17:47:29.363  2389  2389 D KeyguardUpdateMonitor: received broadcast android.intent.action.BATTERY_CHANGED
09-07 17:47:29.364  2389  2389 D KeyguardUpdateMonitor: handleBatteryUpdate
09-07 17:47:29.366  1710  5524 I chatty  : uid=1000(system) IzatProvider expire 81 lines
09-07 17:47:29.366  2762  2762 D QtiCarrierConfigHelper: WARNING, no carrier configs on phone Id: 0
09-07 17:47:29.366  2713  2713 I chatty  : uid=1000(system) com.vivo.daemonService expire 12 lines
09-07 17:47:29.367   693   693 V LocSvc_HIDL_IzatSubscription: [batteryLevelUpdate][777] [HS] <<<<= [HC]
09-07 17:47:29.720  1710  1839 D ActivityManager: StartMode packageName = com.bbk.appstore ,callingPid = -1 ,alwaysRestrict = true ,startMode = 2 ,UidRec:UidRecord{e88744d u0a98 CEM  bg:+9h57m12s590ms idle change:cached procs:2 seq(0,0,0)}
09-07 17:47:29.742  1710  1839 I chatty  : uid=1000(system) ActivityManager expire 12 lines
09-07 17:47:29.756 23770 23803 I appium  : channel read: POST /wd/hub/session/32aabcba-4b62-49ed-b1b7-188b9f8ec279/element
09-07 17:47:29.758 23770 23803 I appium  : FindElement command
09-07 17:47:29.763 23770 23803 I appium  : method: 'id', selector: 'cn.missevan:id/nav_icon_mine', contextId: ''
09-07 17:47:29.764 23770 23803 I appium  : Waiting up to 10000ms for the device to idle
09-07 17:47:29.919   718   718 I SurfaceFlinger: FPS: 50
09-07 17:47:30.128 23770 23803 I appium  : AppiumResponse: {"sessionId":"32aabcba-4b62-49ed-b1b7-188b9f8ec279","value":{"ELEMENT":"c45e2969-5d7f-48b1-9830-5494e3b8cba0","element-6066-11e4-a52e-4f735466cecf":"c45e2969-5d7f-48b1-9830-5494e3b8cba0"}}
09-07 17:47:30.664 23770 23803 I appium  : channel read: POST /wd/hub/session/32aabcba-4b62-49ed-b1b7-188b9f8ec279/element
09-07 17:47:30.667 23770 23803 I appium  : FindElement command
09-07 17:47:30.673 23770 23803 I appium  : method: 'id', selector: 'cn.missevan:id/nav_icon_mine', contextId: ''
09-07 17:47:30.674 23770 23803 I appium  : Waiting up to 10000ms for the device to idle
09-07 17:47:30.935   718   718 I SurfaceFlinger: FPS: 54
09-07 17:47:31.954   718   718 I SurfaceFlinger: FPS: 53
09-07 17:47:32.188 23770 23803 I appium  : AppiumResponse: {"sessionId":"32aabcba-4b62-49ed-b1b7-188b9f8ec279","value":{"ELEMENT":"1d023161-732b-49c4-a58c-aac3c907035e","element-6066-11e4-a52e-4f735466cecf":"1d023161-732b-49c4-a58c-aac3c907035e"}}
09-07 17:47:33.003   718   718 I SurfaceFlinger: FPS: 54
09-07 17:47:33.017 23770 23803 I appium  : channel read: GET /wd/hub/session/32aabcba-4b62-49ed-b1b7-188b9f8ec279/screenshot
09-07 17:47:33.019 23770 23803 I appium  : CaptureScreenshot command
09-07 17:47:33.266   718   718 I ConfigStore: android::hardware::configstore::V1_0::ISurfaceFlingerConfigs::hasHDRDisplay retrieved: 0
09-07 17:47:33.268   718   718 I chatty  : uid=1000(system) /system/bin/surfaceflinger identical 4 lines
09-07 17:47:33.269   718   718 I ConfigStore: android::hardware::configstore::V1_0::ISurfaceFlingerConfigs::hasHDRDisplay retrieved: 0
09-07 17:47:33.923 23770 23781 I tomator2.serve: Background concurrent copying GC freed 102(96KB) AllocSpace objects, 6(1036KB) LOS objects, 50% free, 7MB/14MB, paused 5.183ms total 33.320ms
09-07 17:47:33.988 23770 23803 I appium  : AppiumResponse: {"sessionId":"32aabcba-4b62-49ed-b1b7-188b9f8ec279","value":"iVBORw0KGgoAAAANSUhEUgAABDgAAAjoCAYAAAA5jhrUAAAABHNCSVQICAgIfAhkiAAAIABJREFU\neJzs3XlcVOX+B/DPmRkGcNgFCRdEccddcyvRUrPNpU2rn7dMLbsu3Ta1cqnMJZduZiY3bzcztbJF\n03LfU3NBM0UtRRQBQUAYtmEZZub8/qA5McwAwzDDzMDn/Xr50lnOmecgMHM+5/t8H0EURRFERERE\nRERER
09-07 17:47:34.017   718   718 I SurfaceFlinger: FPS: 55
09-07 17:47:33.768  1710  2176 I chatty  : uid=1000(system) AutobacklightTh identical 25 lines
09-07 17:47:34.028  1710  2061 D NetdConnector: RCV <- {601 limit alert globalAlert lo}
09-07 17:47:34.039  1004  3051 E Netd    : tether checkPermission, pid:1710 uid:1000
09-07 17:47:34.119  1710  2064 D NetdConnector: SND -> {1943 bandwidth setglobalalert 2097152}
09-07 17:47:34.120  1710  2061 D NetdConnector: RCV <- {200 1943 Bandwidth command succeeeded}
09-07 17:47:34.120  1710  2064 D NetdConnector: RMV <- {200 1943 Bandwidth command succeeeded}
09-07 17:47:34.585  1710  2256 I chatty  : uid=1000(system) Binder:1710_4 expire 10 lines
09-07 17:47:34.413  1710  2176 I chatty  : uid=1000(system) AutobacklightTh identical 1 line
09-07 17:47:34.588  1710  1839 D ActivityManager: StartMode packageName = com.tencent.mm ,callingPid = -1 ,alwaysRestrict = true ,startMode = 2 ,UidRec:UidRecord{bb14d78 u0a569 SVC  bg:+5d1h28m1s962ms idle change:idle procs:2 seq(0,0,0)}
09-07 17:47:34.961  1710  2256 W ActivityManager: Unable to start service Intent { act=android.security.IKeyChainService cmp=com.android.keychain/.KeyChainService } U=999: not found
09-07 17:47:34.963  2389 23846 I SecurityController: java.lang.AssertionError: could not bind to KeyChainService
09-07 17:47:35.019   718   718 I SurfaceFlinger: FPS: 51
09-07 17:47:36.034   718   718 I SurfaceFlinger: FPS: 54
09-07 17:47:36.413 32400 32547 D MemoryCeilingMonitor: [handleMemoryCalculate]
09-07 17:47:36.413 32400 32547 D MemoryCeilingMonitor: [calculate] tot: 3169365, max: 268435456, free: 644565, heap: 2524800, per: 0.00940561294555664
09-07 17:47:37.049   718   718 I SurfaceFlinger: FPS: 55
09-07 17:47:38.050   718   718 I SurfaceFlinger: FPS: 58
09-07 17:47:39.067   718   718 I SurfaceFlinger: FPS: 51
09-07 17:47:40.081   718   718 I SurfaceFlinger: FPS: 56
09-07 17:47:41.098   718   718 I SurfaceFlinger: FPS: 49
09-07 17:47:41.850 23000 23336 I chatty  : uid=10612(cn.missevan) expire 10 lines
09-07 17:47:42.114   718   718 I SurfaceFlinger: FPS: 50
09-07 17:47:43.129   718   718 I SurfaceFlinger: FPS: 57
09-07 17:47:44.131   718   718 I SurfaceFlinger: FPS: 51
09-07 17:47:45.147   718   718 I SurfaceFlinger: FPS: 47
09-07 17:47:45.780 32400 32562 D WorkerThreadMonitor: Kill MSF check result[ senderSize:0,sendInterval:290647,receiveInterval=20369,addCmdCount=176
09-07 17:47:45.816 27410 27554 E memtrack: Couldn't load memtrack module
09-07 17:47:45.816 27410 27554 W android.os.Debug: failed to get memory consumption info: -1
09-07 17:47:46.161   718   718 I SurfaceFlinger: FPS: 59
09-07 17:47:46.416 32400 32547 D MemoryCeilingMonitor: [handleMemoryCalculate]
09-07 17:47:46.417 32400 32547 D MemoryCeilingMonitor: [calculate] tot: 3169365, max: 268435456, free: 611589, heap: 2557776, per: 0.00952845811843872
09-07 17:47:47.163   718   718 I SurfaceFlinger: FPS: 54
09-07 17:47:47.775  1710  2176 I chatty  : uid=1000(system) AutobacklightTh identical 79 lines
09-07 17:47:48.026  2713  3240 I chatty  : uid=1000(system) NightPearlSubTh expire 130 lines
09-07 17:47:48.032  2389  2389 D KeyguardUpdateMonitor: received broadcast android.intent.action.BATTERY_CHANGED
09-07 17:47:48.033  2389  2389 D KeyguardUpdateMonitor: handleBatteryUpdate
09-07 17:47:48.033  2762  2762 D QtiCarrierConfigHelper: WARNING, no carrier configs on phone Id: 0
09-07 17:47:48.034   693   693 V LocSvc_HIDL_IzatSubscription: [batteryLevelUpdate][777] [HS] <<<<= [HC]
09-07 17:47:48.178   718   718 I SurfaceFlinger: FPS: 52
09-07 17:47:49.193   718   718 I SurfaceFlinger: FPS: 58
09-07 17:47:50.210   718   718 I SurfaceFlinger: FPS: 53
09-07 17:47:50.027  1710  2176 I chatty  : uid=1000(system) AutobacklightTh identical 12 lines
09-07 17:47:50.318  2389  2389 D KeyguardUpdateMonitor: received broadcast android.intent.action.BATTERY_CHANGED
09-07 17:47:50.319   693   693 V LocSvc_HIDL_IzatSubscription: [batteryLevelUpdate][777] [HS] <<<<= [HC]
09-07 17:47:50.320  2389  2389 D KeyguardUpdateMonitor: handleBatteryUpdate
09-07 17:47:50.321  2762  2762 D QtiCarrierConfigHelper: WARNING, no carrier configs on phone Id: 0
09-07 17:47:50.322  2713  2713 I chatty  : uid=1000(system) com.vivo.daemonService expire 150 lines
09-07 17:47:50.338  2389  2389 D KeyguardUpdateMonitor: received broadcast android.intent.action.BATTERY_CHANGED
09-07 17:47:50.339  2389  2389 D KeyguardUpdateMonitor: handleBatteryUpdate
09-07 17:47:50.345  2762  2762 D QtiCarrierConfigHelper: WARNING, no carrier configs on phone Id: 0
09-07 17:47:50.347   693   693 V LocSvc_HIDL_IzatSubscription: [batteryLevelUpdate][777] [HS] <<<<= [HC]
09-07 17:47:50.363  2762  2762 D QtiCarrierConfigHelper: WARNING, no carrier configs on phone Id: 0
09-07 17:47:50.364   693   693 V LocSvc_HIDL_IzatSubscription: [batteryLevelUpdate][777] [HS] <<<<= [HC]
09-07 17:47:50.369  2762  2762 D QtiCarrierConfigHelper: WARNING, no carrier configs on phone Id: 0
09-07 17:47:50.370   693   693 V LocSvc_HIDL_IzatSubscription: [batteryLevelUpdate][777] [HS] <<<<= [HC]
09-07 17:47:50.368  2389  2389 D KeyguardUpdateMonitor: received broadcast android.intent.action.BATTERY_CHANGED
09-07 17:47:50.381  2762  2762 D QtiCarrierConfigHelper: WARNING, no carrier configs on phone Id: 0
09-07 17:47:50.381   693   693 V LocSvc_HIDL_IzatSubscription: [batteryLevelUpdate][777] [HS] <<<<= [HC]
09-07 17:47:50.386  2389  2389 D KeyguardUpdateMonitor: received broadcast android.intent.action.BATTERY_CHANGED
09-07 17:47:50.387  2389  2389 D KeyguardUpdateMonitor: handleBatteryUpdate
09-07 17:47:50.387  2389  2389 D KeyguardUpdateMonitor: received broadcast android.intent.action.BATTERY_CHANGED
09-07 17:47:50.389  2389  2389 D KeyguardUpdateMonitor: handleBatteryUpdate
09-07 17:47:50.389  2389  2389 D KeyguardUpdateMonitor: handleBatteryUpdate
09-07 17:47:50.398  2389  2389 D KeyguardUpdateMonitor: received broadcast android.intent.action.BATTERY_CHANGED
09-07 17:47:50.399  2389  2389 D KeyguardUpdateMonitor: handleBatteryUpdate
09-07 17:47:50.400  2762  2762 D QtiCarrierConfigHelper: WARNING, no carrier configs on phone Id: 0
09-07 17:47:50.396  1710  2248 I chatty  : uid=1000(system) HwBinder:1710_5 identical 1 line
09-07 17:47:50.413  2389  2389 D KeyguardUpdateMonitor: received broadcast android.intent.action.BATTERY_CHANGED
09-07 17:47:50.414  2389  2389 D KeyguardUpdateMonitor: handleBatteryUpdate
09-07 17:47:50.414   693   693 V LocSvc_HIDL_IzatSubscription: [batteryLevelUpdate][777] [HS] <<<<= [HC]
09-07 17:47:50.415  2762  2762 D QtiCarrierConfigHelper: WARNING, no carrier configs on phone Id: 0
09-07 17:47:50.417   693   693 V LocSvc_HIDL_IzatSubscription: [batteryLevelUpdate][777] [HS] <<<<= [HC]
09-07 17:47:50.424  2389  2389 D KeyguardUpdateMonitor: received broadcast android.intent.action.BATTERY_CHANGED
09-07 17:47:50.424   693   693 V LocSvc_HIDL_IzatSubscription: [batteryLevelUpdate][777] [HS] <<<<= [HC]
09-07 17:47:50.424  2389  2389 D KeyguardUpdateMonitor: handleBatteryUpdate
09-07 17:47:50.425  2762  2762 D QtiCarrierConfigHelper: WARNING, no carrier configs on phone Id: 0
09-07 17:47:50.430  2389  2389 D KeyguardUpdateMonitor: received broadcast android.intent.action.BATTERY_CHANGED
09-07 17:47:50.430   693   693 V LocSvc_HIDL_IzatSubscription: [batteryLevelUpdate][777] [HS] <<<<= [HC]
09-07 17:47:50.430  2762  2762 D QtiCarrierConfigHelper: WARNING, no carrier configs on phone Id: 0
09-07 17:47:50.430  2389  2389 D KeyguardUpdateMonitor: handleBatteryUpdate
09-07 17:47:50.434  2389  2389 D KeyguardUpdateMonitor: received broadcast android.intent.action.BATTERY_CHANGED
09-07 17:47:50.435  2389  2389 D KeyguardUpdateMonitor: handleBatteryUpdate
09-07 17:47:50.436  2762  2762 D QtiCarrierConfigHelper: WARNING, no carrier configs on phone Id: 0
09-07 17:47:50.436   693   693 V LocSvc_HIDL_IzatSubscription: [batteryLevelUpdate][777] [HS] <<<<= [HC]
09-07 17:47:50.447  2389  2389 D KeyguardUpdateMonitor: received broadcast android.intent.action.BATTERY_CHANGED
09-07 17:47:50.447  2389  2389 D KeyguardUpdateMonitor: handleBatteryUpdate
09-07 17:47:50.452  2762  2762 D QtiCarrierConfigHelper: WARNING, no carrier configs on phone Id: 0
09-07 17:47:50.453   693   693 V LocSvc_HIDL_IzatSubscription: [batteryLevelUpdate][777] [HS] <<<<= [HC]
09-07 17:47:50.465  2389  2389 D KeyguardUpdateMonitor: received broadcast android.intent.action.BATTERY_CHANGED
09-07 17:47:50.465  2389  2389 D KeyguardUpdateMonitor: handleBatteryUpdate
09-07 17:47:50.466  2762  2762 D QtiCarrierConfigHelper: WARNING, no carrier configs on phone Id: 0
09-07 17:47:50.466   693   693 V LocSvc_HIDL_IzatSubscription: [batteryLevelUpdate][777] [HS] <<<<= [HC]
09-07 17:47:50.479  2762  2762 D QtiCarrierConfigHelper: WARNING, no carrier configs on phone Id: 0
09-07 17:47:50.480   693   693 V LocSvc_HIDL_IzatSubscription: [batteryLevelUpdate][777] [HS] <<<<= [HC]
09-07 17:47:50.480  2389  2389 D KeyguardUpdateMonitor: received broadcast android.intent.action.BATTERY_CHANGED
09-07 17:47:50.484  2389  2389 D KeyguardUpdateMonitor: handleBatteryUpdate
09-07 17:47:50.490  2389  2389 D KeyguardUpdateMonitor: received broadcast android.intent.action.BATTERY_CHANGED
09-07 17:47:50.491  2389  2389 D KeyguardUpdateMonitor: handleBatteryUpdate
09-07 17:47:50.492  2762  2762 D QtiCarrierConfigHelper: WARNING, no carrier configs on phone Id: 0
09-07 17:47:50.492   693   693 V LocSvc_HIDL_IzatSubscription: [batteryLevelUpdate][777] [HS] <<<<= [HC]
09-07 17:47:50.498  2389  2389 D KeyguardUpdateMonitor: received broadcast android.intent.action.BATTERY_CHANGED
09-07 17:47:50.498  2389  2389 D KeyguardUpdateMonitor: handleBatteryUpdate
09-07 17:47:50.499  2762  2762 D QtiCarrierConfigHelper: WARNING, no carrier configs on phone Id: 0
09-07 17:47:50.502   693   693 V LocSvc_HIDL_IzatSubscription: [batteryLevelUpdate][777] [HS] <<<<= [HC]
09-07 17:47:50.526  2389  2389 D KeyguardUpdateMonitor: received broadcast android.intent.action.BATTERY_CHANGED
09-07 17:47:50.526  2389  2389 D KeyguardUpdateMonitor: handleBatteryUpdate
09-07 17:47:50.531  2762  2762 D QtiCarrierConfigHelper: WARNING, no carrier configs on phone Id: 0
09-07 17:47:50.532   693   693 V LocSvc_HIDL_IzatSubscription: [batteryLevelUpdate][777] [HS] <<<<= [HC]
09-07 17:47:50.531  1710  2248 I chatty  : uid=1000(system) HwBinder:1710_5 identical 1 line
09-07 17:47:50.552  2389  2389 D KeyguardUpdateMonitor: received broadcast android.intent.action.BATTERY_CHANGED
09-07 17:47:50.552  2762  2762 D QtiCarrierConfigHelper: WARNING, no carrier configs on phone Id: 0
09-07 17:47:50.553  2389  2389 D KeyguardUpdateMonitor: handleBatteryUpdate
09-07 17:47:50.554   693   693 V LocSvc_HIDL_IzatSubscription: [batteryLevelUpdate][777] [HS] <<<<= [HC]
09-07 17:47:50.566  2389  2389 D KeyguardUpdateMonitor: received broadcast android.intent.action.BATTERY_CHANGED
09-07 17:47:50.566  2389  2389 D KeyguardUpdateMonitor: handleBatteryUpdate
09-07 17:47:50.578  2762  2762 D QtiCarrierConfigHelper: WARNING, no carrier configs on phone Id: 0
09-07 17:47:50.581   693   693 V LocSvc_HIDL_IzatSubscription: [batteryLevelUpdate][777] [HS] <<<<= [HC]
09-07 17:47:50.582  2389  2389 D KeyguardUpdateMonitor: received broadcast android.intent.action.BATTERY_CHANGED
09-07 17:47:50.582  2389  2389 D KeyguardUpdateMonitor: handleBatteryUpdate
09-07 17:47:50.587  2762  2762 D QtiCarrierConfigHelper: WARNING, no carrier configs on phone Id: 0
09-07 17:47:50.588   693   693 V LocSvc_HIDL_IzatSubscription: [batteryLevelUpdate][777] [HS] <<<<= [HC]
09-07 17:47:50.595  2389  2389 D KeyguardUpdateMonitor: received broadcast android.intent.action.BATTERY_CHANGED
09-07 17:47:50.597  2762  2762 D QtiCarrierConfigHelper: WARNING, no carrier configs on phone Id: 0
09-07 17:47:50.597  2389  2389 D KeyguardUpdateMonitor: handleBatteryUpdate
09-07 17:47:50.605   693   693 V LocSvc_HIDL_IzatSubscription: [batteryLevelUpdate][777] [HS] <<<<= [HC]
09-07 17:47:50.605  1710  1710 I chatty  : uid=1000 system_server identical 1 line
09-07 17:47:50.608  2762  2762 D QtiCarrierConfigHelper: WARNING, no carrier configs on phone Id: 0
09-07 17:47:50.611   693   693 V LocSvc_HIDL_IzatSubscription: [batteryLevelUpdate][777] [HS] <<<<= [HC]
09-07 17:47:50.612  2389  2389 D KeyguardUpdateMonitor: received broadcast android.intent.action.BATTERY_CHANGED
09-07 17:47:50.613  2389  2389 D KeyguardUpdateMonitor: handleBatteryUpdate
09-07 17:47:50.833  1710  2176 I chatty  : uid=1000(system) AutobacklightTh identical 1 line
09-07 17:47:51.109  2389  2389 D KeyguardUpdateMonitor: received broadcast android.intent.action.BATTERY_CHANGED
09-07 17:47:51.110  2762  2762 D QtiCarrierConfigHelper: WARNING, no carrier configs on phone Id: 0
09-07 17:47:51.110  2389  2389 D KeyguardUpdateMonitor: handleBatteryUpdate
09-07 17:47:51.111   693   693 V LocSvc_HIDL_IzatSubscription: [batteryLevelUpdate][777] [HS] <<<<= [HC]
09-07 17:47:51.225   718   718 I SurfaceFlinger: FPS: 52
09-07 17:47:51.299  2389  2389 D KeyguardUpdateMonitor: received broadcast android.intent.action.BATTERY_CHANGED
09-07 17:47:51.301  2389  2389 D KeyguardUpdateMonitor: handleBatteryUpdate
09-07 17:47:51.303  2762  2762 D QtiCarrierConfigHelper: WARNING, no carrier configs on phone Id: 0
09-07 17:47:51.303   693   693 V LocSvc_HIDL_IzatSubscription: [batteryLevelUpdate][777] [HS] <<<<= [HC]
09-07 17:47:51.416  1710  2069 I chatty  : uid=1000(system) WifiStateMachin expire 10 lines
09-07 17:47:51.555  2762  2762 D QtiCarrierConfigHelper: WARNING, no carrier configs on phone Id: 0
09-07 17:47:51.556  2389  2389 D KeyguardUpdateMonitor: received broadcast android.intent.action.BATTERY_CHANGED
09-07 17:47:51.556  2389  2389 D KeyguardUpdateMonitor: handleBatteryUpdate
09-07 17:47:51.557   693   693 V LocSvc_HIDL_IzatSubscription: [batteryLevelUpdate][777] [HS] <<<<= [HC]
09-07 17:47:51.799  1710  2176 I chatty  : uid=1000(system) AutobacklightTh identical 1 line
09-07 17:47:52.015  2389  2389 D KeyguardUpdateMonitor: received broadcast android.intent.action.BATTERY_CHANGED
09-07 17:47:52.016  2389  2389 D KeyguardUpdateMonitor: handleBatteryUpdate
09-07 17:47:52.017  2762  2762 D QtiCarrierConfigHelper: WARNING, no carrier configs on phone Id: 0
09-07 17:47:52.018   693   693 V LocSvc_HIDL_IzatSubscription: [batteryLevelUpdate][777] [HS] <<<<= [HC]
09-07 17:47:52.232   716  8224 V APM_AudioPolicyManager: AudioPolicyManager:setRecordSilenced(uid:10478, silenced:1)
09-07 17:47:52.232   716  8224 V AudioFlinger: AudioFlinger::setRecordSilenced(uid:10478, silenced:1)
09-07 17:47:52.241   718   718 I SurfaceFlinger: FPS: 58
09-07 17:47:53.259   718   718 I SurfaceFlinger: FPS: 56
09-07 17:47:54.274   718   718 I SurfaceFlinger: FPS: 48
09-07 17:47:54.539   716  8224 V APM_AudioPolicyManager: AudioPolicyManager:setRecordSilenced(uid:99025, silenced:1)
09-07 17:47:54.539   716  8224 V AudioFlinger: AudioFlinger::setRecordSilenced(uid:99025, silenced:1)
09-07 17:47:54.539   716  8224 V APM_AudioPolicyManager: AudioPolicyManager:setRecordSilenced(uid:10123, silenced:1)
09-07 17:47:54.539   716  8224 V AudioFlinger: AudioFlinger::setRecordSilenced(uid:10123, silenced:1)
09-07 17:47:54.539   716  8224 V APM_AudioPolicyManager: AudioPolicyManager:setRecordSilenced(uid:10097, silenced:1)
09-07 17:47:54.539   716  8224 V AudioFlinger: AudioFlinger::setRecordSilenced(uid:10097, silenced:1)
09-07 17:47:54.539   716  8224 V APM_AudioPolicyManager: AudioPolicyManager:setRecordSilenced(uid:10096, silenced:1)
09-07 17:47:54.539   716  8224 V AudioFlinger: AudioFlinger::setRecordSilenced(uid:10096, silenced:1)
09-07 17:47:54.539   716   909 V APM_AudioPolicyManager: AudioPolicyManager:setRecordSilenced(uid:10069, silenced:1)
09-07 17:47:54.539   716   909 V AudioFlinger: AudioFlinger::setRecordSilenced(uid:10069, silenced:1)
09-07 17:47:55.150  2713  3513 I chatty  : uid=1000(system) Timer-0 expire 10 lines
09-07 17:47:55.290   718   718 I SurfaceFlinger: FPS: 58
09-07 17:47:56.308   718   718 I SurfaceFlinger: FPS: 52
09-07 17:47:56.418 32400 32547 D MemoryCeilingMonitor: [handleMemoryCalculate]
09-07 17:47:56.418 32400 32547 D MemoryCeilingMonitor: [calculate] tot: 3169365, max: 268435456, free: 562293, heap: 2607072, per: 0.0097121000289917
09-07 17:47:57.340   718   718 I SurfaceFlinger: FPS: 54
09-07 17:47:58.357   718   718 I SurfaceFlinger: FPS: 60
09-07 17:47:59.372   718   718 I SurfaceFlinger: FPS: 54
09-07 17:48:00.008  1710  1710 I chatty  : uid=1000 system_server expire 11 lines
09-07 17:48:00.011  2389  2389 D KeyguardUpdateMonitor: handleTimeUpdate
09-07 17:48:00.079  4383  4437 E BitmapFactory: Unable to decode stream: java.io.FileNotFoundException: /oem/etc/theme/icons/dynamic_icon/com.android.BBKClock/res/drawable-sw360dp-xxhdpi/clock_hour.png (No such file or directory)
09-07 17:48:00.080  4383  4437 E BitmapFactory: Unable to decode stream: java.io.FileNotFoundException: /oem/etc/theme/icons/dynamic_icon/com.android.BBKClock/res/drawable-sw360dp-xxhdpi/clock_minute.png (No such file or directory)
09-07 17:48:00.081  4383  4437 E BitmapFactory: Unable to decode stream: java.io.FileNotFoundException: /oem/etc/theme/icons/dynamic_icon/com.android.BBKClock/res/drawable-sw360dp-xxhdpi/clock_dial.png (No such file or directory)
09-07 17:48:00.084  4383  4437 E BitmapFactory: Unable to decode stream: java.io.FileNotFoundException: /oem/etc/theme/icons/dynamic_icon/com.android.BBKClock/res/drawable-sw360dp-xxhdpi/clock_dial_center.png (No such file or directory)
09-07 17:48:00.390   718   718 I SurfaceFlinger: FPS: 50
09-07 17:48:01.405   718   718 I SurfaceFlinger: FPS: 59
09-07 17:48:01.457  1710  2176 I chatty  : uid=1000(system) AutobacklightTh identical 58 lines
09-07 17:48:01.697  1007  1186 E storaged: getDiskStats failed with result NOT_SUPPORTED and size 0
09-07 17:48:02.422   718   718 I SurfaceFlinger: FPS: 51
09-07 17:48:03.438   718   718 I SurfaceFlinger: FPS: 52
09-07 17:48:04.453   718   718 I SurfaceFlinger: FPS: 60
09-07 17:48:04.677  1710  2176 I chatty  : uid=1000(system) AutobacklightTh identical 18 lines
09-07 17:48:04.977  1710  2256 W ActivityManager: Unable to start service Intent { act=android.security.IKeyChainService cmp=com.android.keychain/.KeyChainService } U=999: not found
09-07 17:48:04.980  2389 23868 I SecurityController: java.lang.AssertionError: could not bind to KeyChainService
09-07 17:48:05.469   718   718 I SurfaceFlinger: FPS: 50
09-07 17:48:06.421 32400 32547 D MemoryCeilingMonitor: [handleMemoryCalculate]
09-07 17:48:06.421 32400 32547 D MemoryCeilingMonitor: [calculate] tot: 3169365, max: 268435456, free: 529381, heap: 2639984, per: 0.009834706783294678
09-07 17:48:06.471   718   718 I SurfaceFlinger: FPS: 54
09-07 17:48:06.512  1710  2069 I chatty  : uid=1000(system) WifiStateMachin expire 16 lines
09-07 17:48:07.486   718   718 I SurfaceFlinger: FPS: 57
09-07 17:48:08.503   718   718 I SurfaceFlinger: FPS: 56
09-07 17:48:09.518   718   718 I SurfaceFlinger: FPS: 49
09-07 17:48:10.535   718   718 I SurfaceFlinger: FPS: 58
09-07 17:48:10.552  2935  2935 W rms_memory_cana: type=1400 audit(0.0:63388): avc: denied { read } for name="proc" dev="debugfs" ino=12599 scontext=u:r:system_app:s0 tcontext=u:object_r:kgsl_debugfs:s0 tclass=dir permissive=0
09-07 17:48:11.552   718   718 I SurfaceFlinger: FPS: 49
09-07 17:48:12.566   718   718 I SurfaceFlinger: FPS: 53
09-07 17:48:13.600   718   718 I SurfaceFlinger: FPS: 60
09-07 17:48:14.617   718   718 I SurfaceFlinger: FPS: 53
09-07 17:48:15.631   718   718 I SurfaceFlinger: FPS: 51
09-07 17:48:16.431 32400 32547 D MemoryCeilingMonitor: [handleMemoryCalculate]
09-07 17:48:16.431 32400 32547 D MemoryCeilingMonitor: [calculate] tot: 3169365, max: 268435456, free: 512853, heap: 2656512, per: 0.009896278381347656
09-07 17:48:16.649   718   718 I SurfaceFlinger: FPS: 59
09-07 17:48:16.963   700 28321 D EM_LOG_AtcmdFramework: 614:dpdt_indication_cb(): msg_id = 68, ind_buf_len = 10
09-07 17:48:16.964   700 28321 D EM_LOG_AtcmdFramework: 642:dpdt_indication_cb(): tx_antenna_state_len: 2
09-07 17:48:16.964   700 28321 D EM_LOG_AtcmdFramework: 652:dpdt_indication_cb(): antenna_id_change up up up  old_time: 1662544096
09-07 17:48:16.964   700 28321 W libc    : Unable to set property "sys.dpdt.antenna_id" to "0": connection failed; errno=13 (Permission denied)
09-07 17:48:16.964   700 28321 D EM_LOG_AtcmdFramework: 670:dpdt_indication_cb(): antenna_id[0]: 0 ,,, new_state[0]: 1 ,,, old_state[0]: 0
09-07 17:48:16.952   700   700 W atcmd@1.0-servi: type=1400 audit(0.0:63389): avc: denied { write } for name="property_service" dev="tmpfs" ino=5911 scontext=u:r:hal_atcmd_default:s0 tcontext=u:object_r:property_socket:s0 tclass=sock_file permissive=0
09-07 17:48:16.964   700 28321 D EM_LOG_AtcmdFramework: 670:dpdt_indication_cb(): antenna_id[1]: 1 ,,, new_state[1]: 0 ,,, old_state[1]: 1
09-07 17:48:16.975 23000 23336 I chatty  : uid=10612(cn.missevan) expire 10 lines
09-07 17:48:17.665   718   718 I SurfaceFlinger: FPS: 52
09-07 17:48:18.679   718   718 I SurfaceFlinger: FPS: 51
09-07 17:48:19.697   718   718 I SurfaceFlinger: FPS: 58
09-07 17:48:20.713   718   718 I SurfaceFlinger: FPS: 51
09-07 17:48:21.728   718   718 I SurfaceFlinger: FPS: 51
09-07 17:48:22.745   718   718 I SurfaceFlinger: FPS: 60
09-07 17:48:23.779   718   718 I SurfaceFlinger: FPS: 54
09-07 17:48:24.793   718   718 I SurfaceFlinger: FPS: 51
09-07 17:48:25.811   718   718 I SurfaceFlinger: FPS: 57
09-07 17:48:26.441 32400 32547 D MemoryCeilingMonitor: [handleMemoryCalculate]
09-07 17:48:26.441 32400 32547 D MemoryCeilingMonitor: [calculate] tot: 3169365, max: 268435456, free: 479941, heap: 2689424, per: 0.010018885135650635
09-07 17:48:26.845   718   718 I SurfaceFlinger: FPS: 51
09-07 17:48:27.859   718   718 I SurfaceFlinger: FPS: 58
09-07 17:48:27.996  1710  2256 I chatty  : uid=1000(system) Binder:1710_4 expire 7 lines
09-07 17:48:28.876   718   718 I SurfaceFlinger: FPS: 57
09-07 17:48:29.146  1710  2176 I chatty  : uid=1000(system) AutobacklightTh identical 150 lines
09-07 17:48:29.365  2713  2713 I chatty  : uid=1000(system) com.vivo.daemonService expire 24 lines
09-07 17:48:29.365  2762  2762 D QtiCarrierConfigHelper: WARNING, no carrier configs on phone Id: 0
09-07 17:48:29.365  2389  2389 D KeyguardUpdateMonitor: received broadcast android.intent.action.BATTERY_CHANGED
09-07 17:48:29.366  2389  2389 D KeyguardUpdateMonitor: handleBatteryUpdate
09-07 17:48:29.366  2713  3240 I chatty  : uid=1000(system) NightPearlSubTh expire 14 lines
09-07 17:48:29.367  1710  5524 I chatty  : uid=1000(system) IzatProvider expire 15 lines
09-07 17:48:29.368   693   693 V LocSvc_HIDL_IzatSubscription: [batteryLevelUpdate][777] [HS] <<<<= [HC]
09-07 17:48:29.893   718   718 I SurfaceFlinger: FPS: 48
09-07 17:48:29.962  2935  2935 W rms_memory_cana: type=1400 audit(0.0:63390): avc: denied { read } for name="mem_quick" dev="debugfs" ino=5092746 scontext=u:r:system_app:s0 tcontext=u:object_r:kgsl_debugfs:s0 tclass=file permissive=0
09-07 17:48:30.678  1710  2069 I chatty  : uid=1000(system) WifiStateMachin expire 12 lines
09-07 17:48:30.908   718   718 I SurfaceFlinger: FPS: 53
09-07 17:48:31.925   718   718 I SurfaceFlinger: FPS: 57
09-07 17:48:32.942   718   718 I SurfaceFlinger: FPS: 56
09-07 17:48:33.956   718   718 I SurfaceFlinger: FPS: 53
09-07 17:48:34.033 23770 23803 I appium  : READER_IDLE: closing the channel
09-07 17:48:34.992   718   718 I SurfaceFlinger: FPS: 54
09-07 17:48:34.992  1710  5744 I chatty  : uid=1000(system) Binder:1710_1C expire 13 lines
09-07 17:48:34.778  1710  2176 I chatty  : uid=1000(system) AutobacklightTh identical 33 lines
09-07 17:48:34.993  1710  5744 W ActivityManager: Unable to start service Intent { act=android.security.IKeyChainService cmp=com.android.keychain/.KeyChainService } U=999: not found
09-07 17:48:34.994  2389 23882 I SecurityController: java.lang.AssertionError: could not bind to KeyChainService
09-07 17:48:35.151  2713  3513 I chatty  : uid=1000(system) Timer-0 expire 12 lines
09-07 17:48:36.042   718   718 I SurfaceFlinger: FPS: 53
09-07 17:48:36.443 32400 32547 D MemoryCeilingMonitor: [handleMemoryCalculate]
09-07 17:48:36.443 32400 32547 D MemoryCeilingMonitor: [calculate] tot: 3169365, max: 268435456, free: 463413, heap: 2705952, per: 0.010080456733703613
09-07 17:48:37.054   718   718 I SurfaceFlinger: FPS: 53
09-07 17:48:38.057   718   718 I SurfaceFlinger: FPS: 59
09-07 17:48:39.073   718   718 I SurfaceFlinger: FPS: 54
09-07 17:48:40.087   718   718 I SurfaceFlinger: FPS: 53
09-07 17:48:41.105   718   718 I SurfaceFlinger: FPS: 51
09-07 17:48:41.377  1710  2176 I chatty  : uid=1000(system) AutobacklightTh identical 39 lines
09-07 17:48:41.621  2389  2389 D KeyguardUpdateMonitor: received broadcast android.intent.action.BATTERY_CHANGED
09-07 17:48:41.623  2389  2389 D KeyguardUpdateMonitor: handleBatteryUpdate
09-07 17:48:41.625  2762  2762 D QtiCarrierConfigHelper: WARNING, no carrier configs on phone Id: 0
09-07 17:48:41.626   693   693 V LocSvc_HIDL_IzatSubscription: [batteryLevelUpdate][777] [HS] <<<<= [HC]
09-07 17:48:41.646  2389  2389 D KeyguardUpdateMonitor: received broadcast android.intent.action.BATTERY_CHANGED
09-07 17:48:41.647  2389  2389 D KeyguardUpdateMonitor: handleBatteryUpdate
09-07 17:48:41.647  2713  3240 I chatty  : uid=1000(system) NightPearlSubTh expire 181 lines
09-07 17:48:41.653   693   693 V LocSvc_HIDL_IzatSubscription: [batteryLevelUpdate][777] [HS] <<<<= [HC]
09-07 17:48:41.654  2762  2762 D QtiCarrierConfigHelper: WARNING, no carrier configs on phone Id: 0
09-07 17:48:41.661  2389  2389 D KeyguardUpdateMonitor: received broadcast android.intent.action.BATTERY_CHANGED
09-07 17:48:41.661  2389  2389 D KeyguardUpdateMonitor: handleBatteryUpdate
09-07 17:48:41.668   693   693 V LocSvc_HIDL_IzatSubscription: [batteryLevelUpdate][777] [HS] <<<<= [HC]
09-07 17:48:41.673  2389  2389 D KeyguardUpdateMonitor: received broadcast android.intent.action.BATTERY_CHANGED
09-07 17:48:41.673  2389  2389 D KeyguardUpdateMonitor: handleBatteryUpdate
09-07 17:48:41.674  2713  2713 I chatty  : uid=1000(system) com.vivo.daemonService expire 210 lines
09-07 17:48:41.682   693   693 V LocSvc_HIDL_IzatSubscription: [batteryLevelUpdate][777] [HS] <<<<= [HC]
09-07 17:48:41.682  1710  1710 I chatty  : uid=1000 system_server expire 71 lines
09-07 17:48:41.675  1710  2248 I chatty  : uid=1000(system) HwBinder:1710_5 identical 1 line
09-07 17:48:41.684  2389  2389 D KeyguardUpdateMonitor: received broadcast android.intent.action.BATTERY_CHANGED
09-07 17:48:41.685  2389  2389 D KeyguardUpdateMonitor: handleBatteryUpdate
09-07 17:48:41.687  1710  5524 I chatty  : uid=1000(system) IzatProvider expire 102 lines
09-07 17:48:41.690   693   693 V LocSvc_HIDL_IzatSubscription: [batteryLevelUpdate][777] [HS] <<<<= [HC]
09-07 17:48:41.692  2389  2389 D KeyguardUpdateMonitor: received broadcast android.intent.action.BATTERY_CHANGED
09-07 17:48:41.692  2389  2389 D KeyguardUpdateMonitor: handleBatteryUpdate
09-07 17:48:41.700  2389  2389 D KeyguardUpdateMonitor: received broadcast android.intent.action.BATTERY_CHANGED
09-07 17:48:41.703  2389  2389 D KeyguardUpdateMonitor: handleBatteryUpdate
09-07 17:48:41.705   693   693 V LocSvc_HIDL_IzatSubscription: [batteryLevelUpdate][777] [HS] <<<<= [HC]
09-07 17:48:41.706   693   693 V LocSvc_HIDL_IzatSubscription: [batteryLevelUpdate][777] [HS] <<<<= [HC]
09-07 17:48:41.707  2389  2389 D KeyguardUpdateMonitor: received broadcast android.intent.action.BATTERY_CHANGED
09-07 17:48:41.708   693   693 V LocSvc_HIDL_IzatSubscription: [batteryLevelUpdate][777] [HS] <<<<= [HC]
09-07 17:48:41.708  2389  2389 D KeyguardUpdateMonitor: handleBatteryUpdate
09-07 17:48:41.710  2389  2389 D KeyguardUpdateMonitor: received broadcast android.intent.action.BATTERY_CHANGED
09-07 17:48:41.711  2389  2389 D KeyguardUpdateMonitor: handleBatteryUpdate
09-07 17:48:41.714  2389  2389 D KeyguardUpdateMonitor: received broadcast android.intent.action.BATTERY_CHANGED
09-07 17:48:41.714  2389  2389 D KeyguardUpdateMonitor: handleBatteryUpdate
09-07 17:48:41.714   693   693 V LocSvc_HIDL_IzatSubscription: [batteryLevelUpdate][777] [HS] <<<<= [HC]
09-07 17:48:41.727  2389  2389 D KeyguardUpdateMonitor: received broadcast android.intent.action.BATTERY_CHANGED
09-07 17:48:41.727   693   693 V LocSvc_HIDL_IzatSubscription: [batteryLevelUpdate][777] [HS] <<<<= [HC]
09-07 17:48:41.728  2389  2389 D KeyguardUpdateMonitor: handleBatteryUpdate
09-07 17:48:41.728   693   693 V LocSvc_HIDL_IzatSubscription: [batteryLevelUpdate][777] [HS] <<<<= [HC]
09-07 17:48:41.737  2762  2762 D QtiCarrierConfigHelper: WARNING, no carrier configs on phone Id: 0
09-07 17:48:41.739  2389  2389 D KeyguardUpdateMonitor: received broadcast android.intent.action.BATTERY_CHANGED
09-07 17:48:41.740  2389  2389 D KeyguardUpdateMonitor: handleBatteryUpdate
09-07 17:48:41.741   693   693 V LocSvc_HIDL_IzatSubscription: [batteryLevelUpdate][777] [HS] <<<<= [HC]
09-07 17:48:41.743  2762  2762 D QtiCarrierConfigHelper: WARNING, no carrier configs on phone Id: 0
09-07 17:48:41.744  2762  2762 I chatty  : uid=1001(radio) com.android.phone identical 7 lines
09-07 17:48:41.744  2762  2762 D QtiCarrierConfigHelper: WARNING, no carrier configs on phone Id: 0
09-07 17:48:41.748  2389  2389 D KeyguardUpdateMonitor: received broadcast android.intent.action.BATTERY_CHANGED
09-07 17:48:41.748  2389  2389 D KeyguardUpdateMonitor: handleBatteryUpdate
09-07 17:48:41.750   693   693 V LocSvc_HIDL_IzatSubscription: [batteryLevelUpdate][777] [HS] <<<<= [HC]
09-07 17:48:41.754  2762  2762 D QtiCarrierConfigHelper: WARNING, no carrier configs on phone Id: 0
09-07 17:48:41.761  2389  2389 D KeyguardUpdateMonitor: received broadcast android.intent.action.BATTERY_CHANGED
09-07 17:48:41.761   693   693 V LocSvc_HIDL_IzatSubscription: [batteryLevelUpdate][777] [HS] <<<<= [HC]
09-07 17:48:41.761  2762  2762 D QtiCarrierConfigHelper: WARNING, no carrier configs on phone Id: 0
09-07 17:48:41.762  2389  2389 D KeyguardUpdateMonitor: handleBatteryUpdate
09-07 17:48:41.775  2389  2389 D KeyguardUpdateMonitor: received broadcast android.intent.action.BATTERY_CHANGED
09-07 17:48:41.776   693   693 V LocSvc_HIDL_IzatSubscription: [batteryLevelUpdate][777] [HS] <<<<= [HC]
09-07 17:48:41.777  2762  2762 D QtiCarrierConfigHelper: WARNING, no carrier configs on phone Id: 0
09-07 17:48:41.777  2389  2389 D KeyguardUpdateMonitor: handleBatteryUpdate
09-07 17:48:41.786  2762  2762 D QtiCarrierConfigHelper: WARNING, no carrier configs on phone Id: 0
09-07 17:48:41.790   693   693 V LocSvc_HIDL_IzatSubscription: [batteryLevelUpdate][777] [HS] <<<<= [HC]
09-07 17:48:41.793   693   693 V LocSvc_HIDL_IzatSubscription: [batteryLevelUpdate][777] [HS] <<<<= [HC]
09-07 17:48:41.793  2762  2762 D QtiCarrierConfigHelper: WARNING, no carrier configs on phone Id: 0
09-07 17:48:41.794  2389  2389 D KeyguardUpdateMonitor: received broadcast android.intent.action.BATTERY_CHANGED
09-07 17:48:41.795  2389  2389 D KeyguardUpdateMonitor: received broadcast android.intent.action.BATTERY_CHANGED
09-07 17:48:41.796  2389  2389 D KeyguardUpdateMonitor: handleBatteryUpdate
09-07 17:48:41.796  2389  2389 D KeyguardUpdateMonitor: handleBatteryUpdate
09-07 17:48:41.806  2389  2389 D KeyguardUpdateMonitor: received broadcast android.intent.action.BATTERY_CHANGED
09-07 17:48:41.808  2762  2762 D QtiCarrierConfigHelper: WARNING, no carrier configs on phone Id: 0
09-07 17:48:41.809   693   693 V LocSvc_HIDL_IzatSubscription: [batteryLevelUpdate][777] [HS] <<<<= [HC]
09-07 17:48:41.822  2389  2389 D KeyguardUpdateMonitor: handleBatteryUpdate
09-07 17:48:41.822  2762  2782 I m.android.phon: Background concurrent copying GC freed 49930(2MB) AllocSpace objects, 0(0B) LOS objects, 50% free, 2MB/5MB, paused 215us total 166.420ms
09-07 17:48:41.834  2389  2389 D KeyguardUpdateMonitor: received broadcast android.intent.action.BATTERY_CHANGED
09-07 17:48:41.834  2389  2389 D KeyguardUpdateMonitor: handleBatteryUpdate
09-07 17:48:41.835  2762  2762 D QtiCarrierConfigHelper: WARNING, no carrier configs on phone Id: 0
09-07 17:48:41.844   693   693 V LocSvc_HIDL_IzatSubscription: [batteryLevelUpdate][777] [HS] <<<<= [HC]
09-07 17:48:41.853  2389  2389 D KeyguardUpdateMonitor: received broadcast android.intent.action.BATTERY_CHANGED
09-07 17:48:41.856  2389  2389 D KeyguardUpdateMonitor: handleBatteryUpdate
09-07 17:48:41.861  2762  2762 D QtiCarrierConfigHelper: WARNING, no carrier configs on phone Id: 0
09-07 17:48:41.864   693   693 V LocSvc_HIDL_IzatSubscription: [batteryLevelUpdate][777] [HS] <<<<= [HC]
09-07 17:48:41.871  2389  2389 D KeyguardUpdateMonitor: received broadcast android.intent.action.BATTERY_CHANGED
09-07 17:48:41.872  2389  2389 D KeyguardUpdateMonitor: handleBatteryUpdate
09-07 17:48:41.873   693   693 V LocSvc_HIDL_IzatSubscription: [batteryLevelUpdate][777] [HS] <<<<= [HC]
09-07 17:48:41.874  2762  2762 D QtiCarrierConfigHelper: WARNING, no carrier configs on phone Id: 0
09-07 17:48:41.884  2389  2389 D KeyguardUpdateMonitor: received broadcast android.intent.action.BATTERY_CHANGED
09-07 17:48:41.892  2762  2762 D QtiCarrierConfigHelper: WARNING, no carrier configs on phone Id: 0
09-07 17:48:41.892  2389  2389 D KeyguardUpdateMonitor: handleBatteryUpdate
09-07 17:48:41.893   693   693 V LocSvc_HIDL_IzatSubscription: [batteryLevelUpdate][777] [HS] <<<<= [HC]
09-07 17:48:41.904  2762  2762 D QtiCarrierConfigHelper: WARNING, no carrier configs on phone Id: 0
09-07 17:48:41.905   693   693 V LocSvc_HIDL_IzatSubscription: [batteryLevelUpdate][777] [HS] <<<<= [HC]
09-07 17:48:41.906  2389  2389 D KeyguardUpdateMonitor: received broadcast android.intent.action.BATTERY_CHANGED
09-07 17:48:41.907  2389  2389 D KeyguardUpdateMonitor: handleBatteryUpdate
09-07 17:48:41.909  2389  2389 D KeyguardUpdateMonitor: received broadcast android.intent.action.BATTERY_CHANGED
09-07 17:48:41.910  2389  2389 D KeyguardUpdateMonitor: handleBatteryUpdate
09-07 17:48:41.911  2762  2762 D QtiCarrierConfigHelper: WARNING, no carrier configs on phone Id: 0
09-07 17:48:41.914   693   693 V LocSvc_HIDL_IzatSubscription: [batteryLevelUpdate][777] [HS] <<<<= [HC]
09-07 17:48:41.915  2389  2389 D KeyguardUpdateMonitor: received broadcast android.intent.action.BATTERY_CHANGED
09-07 17:48:41.916  2389  2389 D KeyguardUpdateMonitor: handleBatteryUpdate
09-07 17:48:41.917   693   693 V LocSvc_HIDL_IzatSubscription: [batteryLevelUpdate][777] [HS] <<<<= [HC]
09-07 17:48:41.920  2762  2762 D QtiCarrierConfigHelper: WARNING, no carrier configs on phone Id: 0
09-07 17:48:41.925  2389  2389 D KeyguardUpdateMonitor: received broadcast android.intent.action.BATTERY_CHANGED
09-07 17:48:41.926  2389  2389 D KeyguardUpdateMonitor: handleBatteryUpdate
09-07 17:48:41.926  2762  2762 D QtiCarrierConfigHelper: WARNING, no carrier configs on phone Id: 0
09-07 17:48:41.930   693   693 V LocSvc_HIDL_IzatSubscription: [batteryLevelUpdate][777] [HS] <<<<= [HC]
09-07 17:48:42.119   718   718 I SurfaceFlinger: FPS: 50
09-07 17:48:42.307  2389  2389 D KeyguardUpdateMonitor: received broadcast android.intent.action.BATTERY_CHANGED
09-07 17:48:42.308  2389  2389 D KeyguardUpdateMonitor: handleBatteryUpdate
09-07 17:48:42.311  2762  2762 D QtiCarrierConfigHelper: WARNING, no carrier configs on phone Id: 0
09-07 17:48:42.312   693   693 V LocSvc_HIDL_IzatSubscription: [batteryLevelUpdate][777] [HS] <<<<= [HC]
09-07 17:48:43.135   718   718 I SurfaceFlinger: FPS: 58
09-07 17:48:44.137   718   718 I SurfaceFlinger: FPS: 54
09-07 17:48:45.170   718   718 I SurfaceFlinger: FPS: 54
09-07 17:48:45.563  1710  2176 I chatty  : uid=1000(system) AutobacklightTh identical 20 lines
09-07 17:48:45.781 32400 32562 D WorkerThreadMonitor: Kill MSF check result[ senderSize:0,sendInterval:350648,receiveInterval=20362,addCmdCount=176
09-07 17:48:45.783  2762  2762 D QtiCarrierConfigHelper: WARNING, no carrier configs on phone Id: 0
09-07 17:48:45.785   693   693 V LocSvc_HIDL_IzatSubscription: [batteryLevelUpdate][777] [HS] <<<<= [HC]
09-07 17:48:45.785  2389  2389 D KeyguardUpdateMonitor: received broadcast android.intent.action.BATTERY_CHANGED
09-07 17:48:45.786  2389  2389 D KeyguardUpdateMonitor: handleBatteryUpdate
09-07 17:48:45.799  2389  2389 D KeyguardUpdateMonitor: received broadcast android.intent.action.BATTERY_CHANGED
09-07 17:48:45.800  2389  2389 D KeyguardUpdateMonitor: handleBatteryUpdate
09-07 17:48:45.801  2762  2762 D QtiCarrierConfigHelper: WARNING, no carrier configs on phone Id: 0
09-07 17:48:45.802   693   693 V LocSvc_HIDL_IzatSubscription: [batteryLevelUpdate][777] [HS] <<<<= [HC]
09-07 17:48:45.813  2389  2389 D KeyguardUpdateMonitor: received broadcast android.intent.action.BATTERY_CHANGED
09-07 17:48:45.814  2389  2389 D KeyguardUpdateMonitor: handleBatteryUpdate
09-07 17:48:45.814   693   693 V LocSvc_HIDL_IzatSubscription: [batteryLevelUpdate][777] [HS] <<<<= [HC]
09-07 17:48:45.814  2762  2762 D QtiCarrierConfigHelper: WARNING, no carrier configs on phone Id: 0
09-07 17:48:45.827  2389  2389 D KeyguardUpdateMonitor: received broadcast android.intent.action.BATTERY_CHANGED
09-07 17:48:45.827  2762  2762 D QtiCarrierConfigHelper: WARNING, no carrier configs on phone Id: 0
09-07 17:48:45.827  2389  2389 D KeyguardUpdateMonitor: handleBatteryUpdate
09-07 17:48:45.828   693   693 V LocSvc_HIDL_IzatSubscription: [batteryLevelUpdate][777] [HS] <<<<= [HC]
09-07 17:48:45.839  2762  2762 D QtiCarrierConfigHelper: WARNING, no carrier configs on phone Id: 0
09-07 17:48:45.839  2389  2389 D KeyguardUpdateMonitor: received broadcast android.intent.action.BATTERY_CHANGED
09-07 17:48:45.839   693   693 V LocSvc_HIDL_IzatSubscription: [batteryLevelUpdate][777] [HS] <<<<= [HC]
09-07 17:48:45.840  2389  2389 D KeyguardUpdateMonitor: handleBatteryUpdate
09-07 17:48:45.848  2389  2389 D KeyguardUpdateMonitor: received broadcast android.intent.action.BATTERY_CHANGED
09-07 17:48:45.848  2389  2389 D KeyguardUpdateMonitor: handleBatteryUpdate
09-07 17:48:45.849   693   693 V LocSvc_HIDL_IzatSubscription: [batteryLevelUpdate][777] [HS] <<<<= [HC]
09-07 17:48:45.851  2762  2762 D QtiCarrierConfigHelper: WARNING, no carrier configs on phone Id: 0
