09-07 17:46:45.672  1710  5742 I ActivityManager: Killing 21892:cn.missevan:channel/u0a612 (adj 904): stop by 22939
09-07 17:46:45.677  1710  1840 I chatty  : uid=1000(system) android.ui expire 15 lines
09-07 17:46:45.683  1710  5742 I ActivityManager: Killing 21740:cn.missevan:stats/u0a612 (adj 904): stop by 22939
09-07 17:46:45.688  1710  5742 I ActivityManager: Killing 21364:cn.missevan/u0a612 (adj 0): stop by 22939
09-07 17:46:45.691  1710  5742 W ActivityManager: Force removing ActivityRecord{275c2dd u0 cn.missevan/.activity.MainActivity t137}: app died, no saved state
09-07 17:46:45.691  1710  1843 I chatty  : uid=1000(system) ActivityManager expire 41 lines
09-07 17:46:45.702   716   910 V AudioFlinger: 21629 died, releasing its sessions
09-07 17:46:45.702   716   910 V AudioFlinger:  pid 2713 @ 0
09-07 17:46:45.702   716   910 V AudioFlinger:  pid 26688 @ 1
09-07 17:46:45.702   716   910 V AudioFlinger:  pid 2389 @ 2
09-07 17:46:45.702   716   910 V AudioFlinger:  pid 1000 @ 3
09-07 17:46:45.702   716   910 V AudioFlinger:  pid 2389 @ 4
09-07 17:46:45.702   716   910 V AudioFlinger:  pid 716 @ 5
09-07 17:46:45.702   716   910 V AudioFlinger:  pid 716 @ 6
09-07 17:46:45.702   716   910 V AudioFlinger:  pid 716 @ 7
09-07 17:46:45.702  1710  1710 I chatty  : uid=1000 system_server expire 16 lines
09-07 17:46:45.703  2389  2506 D vol.MediaSessions: onSessionDestroyed cn.missevan
09-07 17:46:45.703  2389  2506 D vol.MediaSessions: updateRemoteControllerH null
09-07 17:46:45.703   977   977 I Zygote  : Process 21629 exited due to signal (9)
09-07 17:46:45.705  5354  5957 D HeadsetService:  isAudioOn: The number of audio connected devices 0
09-07 17:46:45.705  5354  5957 D HeadsetService: isScoOrCallActive(): Call Active:falseCall is Ringing:falseSCO is Active:false
09-07 17:46:45.705  2389  2506 D vol.MediaSessions: onActiveSessionsUpdatedH n=2
09-07 17:46:45.705  5354  5957 D HeadsetService:  isAudioOn: The number of audio connected devices 0
09-07 17:46:45.705  5354  5957 W Avrcp_ext: ActiveSession: updated[android.media.session.MediaController@b8d6e62, android.media.session.MediaController@4a60bf3]
09-07 17:46:45.705   718  3686 W SurfaceFlinger: Attempting to destroy on removed layer: AppWindowToken{73bf523 token=Token{1717e52 ActivityRecord{275c2dd u0 cn.missevan/.activity.MainActivity t137}}}#0
09-07 17:46:45.705   716   910 V APM::AudioPolicyEngine: getDeviceForStrategy() strategy 0, device 2
09-07 17:46:45.705  5354  5957 V Avrcp_ext: ActiveSession: MediaController (com.android.bbkmusic@b8d6e62) null
09-07 17:46:45.706  5354  5957 W Avrcp_ext: playState object null, sending STOPPED
09-07 17:46:45.706  5354  5957 V Avrcp_ext: isBrowseSupported for com.android.bbkmusic: true
09-07 17:46:45.706   716   910 V APM::AudioPolicyEngine: getDeviceForStrategy() strategy 0, device 2
09-07 17:46:45.707  5354  5957 D Avrcp_ext: update #1:MediaPlayerInfo com.android.bbkmusic (as 'i ') Type = 1, SubType = 0, Status = 0 Feature Bits [40 41 42 44 45 47 48 58 59 62 65 67] Controller: MediaController (com.android.bbkmusic@b8d6e62) null
09-07 17:46:45.707  5354  5957 V Avrcp_ext: ActiveSession: MediaController (cn.missevan@4a60bf3) null
09-07 17:46:45.707  5354  5957 V Avrcp_ext: isBrowseSupported for cn.missevan: true
09-07 17:46:45.708  2389  2506 D vol.MediaSessions: Removing FM sentRemote=false
09-07 17:46:45.708  2389  2506 D vol.MediaSessions: onActiveSessionsUpdatedH n=2
09-07 17:46:45.709  5354  5957 D Avrcp_ext: update #13:MediaPlayerInfo cn.missevan (as 'FM') Type = 1, SubType = 0, Status = 0 Feature Bits [40 41 42 44 45 47 48 58 59 62 65 67] Controller: MediaController (cn.missevan@4a60bf3) null
09-07 17:46:45.709   716   910 V APM::AudioPolicyEngine: getDeviceForStrategy() strategy 0, device 2
09-07 17:46:45.709  5354  5957 V Avrcp_ext: updateNewIds: Addressed:13 to 13, Browse:0 to 0
09-07 17:46:45.709  5354  5957 D Avrcp_ext: updateCurrentController: MediaController (cn.missevan@1ab3444) null to MediaController (cn.missevan@4a60bf3) null
09-07 17:46:45.711  1710  1767 I chatty  : uid=1000(system) Binder:1710_1 expire 28 lines
09-07 17:46:45.711  1710  5742 W ActivityManager: vivo occlude resumeTop canOccclude = false next.occlude = false
09-07 17:46:45.714  5354  5957 D PlaybackState: setState position:-1
09-07 17:46:45.715  5354  5957 V Avrcp_ext: updateCurrentMediaState: mMediaController: MediaController (cn.missevan@4a60bf3) null
09-07 17:46:45.716   716   910 V APM::AudioPolicyEngine: getDeviceForStrategy() strategy 0, device 2
09-07 17:46:45.716  5354  5957 V Avrcp_ext: isMusicActive: false getBluetoothPlayState: 0
09-07 17:46:45.717  5354  5957 V Avrcp_ext: updateCurrentMediaState: get media attributes:
09-07 17:46:45.718  5354  5957 I Avrcp_ext: Skipping update due to invalid playback state
09-07 17:46:45.719  5354  5957 V Avrcp_ext: updatePlaybackState, state: PlaybackState {state=0, position=0, buffered position=0, speed=0.0, updated=0, actions=2363190, custom actions=[], active item id=-1, error=null} device: null
09-07 17:46:45.719  5354  5957 V Avrcp_ext: Device: no name:
09-07 17:46:45.719  5354  5957 V Avrcp_ext: Device: no name:
09-07 17:46:45.719  5354  5957 V Avrcp_ext: updatePlayerStateAndPosition, old=PlaybackState {state=0, position=0, buffered position=0, speed=0.0, updated=0, actions=2363190, custom actions=[], active item id=-1, error=null}, state=PlaybackState {state=0, position=0, buffered position=0, speed=0.0, updated=0, actions=2363190, custom actions=[], active item id=-1, error=null}
09-07 17:46:45.719  5354  5957 V Avrcp_ext: old state = PlaybackState {state=0, position=0, buffered position=0, speed=0.0, updated=0, actions=2363190, custom actions=[], active item id=-1, error=null}, new state= PlaybackState {state=0, position=0, buffered position=0, speed=0.0, updated=0, actions=2363190, custom actions=[], active item id=-1, error=null}
09-07 17:46:45.720  5354  5957 D HeadsetService:  isAudioOn: The number of audio connected devices 0
09-07 17:46:45.720  5354  5957 D HeadsetService: isScoOrCallActive(): Call Active:falseCall is Ringing:falseSCO is Active:false
09-07 17:46:45.720  5354  5957 D HeadsetService:  isAudioOn: The number of audio connected devices 0
09-07 17:46:45.720  5354  5957 I Avrcp_ext: updatePlayStatusForDevice: device: null
09-07 17:46:45.720  5354  5957 V Avrcp_ext: updatePlaybackState (1): old=PlaybackState {state=0, position=0, buffered position=0, speed=0.0, updated=0, actions=2363190, custom actions=[], active item id=-1, error=null}(0), new=PlaybackState {state=0, position=0, buffered position=0, speed=0.0, updated=0, actions=2363190, custom actions=[], active item id=-1, error=null}(0)
09-07 17:46:45.720  5354  5957 I Avrcp_ext: Exit updatePlayStatusForDevice
09-07 17:46:45.720  5354  5957 D HeadsetService:  isAudioOn: The number of audio connected devices 0
09-07 17:46:45.720  5354  5957 D HeadsetService: isScoOrCallActive(): Call Active:falseCall is Ringing:falseSCO is Active:false
09-07 17:46:45.731  5354  5957 D HeadsetService:  isAudioOn: The number of audio connected devices 0
09-07 17:46:45.731  5354  5957 I Avrcp_ext: updatePlayStatusForDevice: device: null
09-07 17:46:45.731  5354  5957 V Avrcp_ext: updatePlaybackState (1): old=PlaybackState {state=0, position=0, buffered position=0, speed=0.0, updated=0, actions=2363190, custom actions=[], active item id=-1, error=null}(0), new=PlaybackState {state=0, position=0, buffered position=0, speed=0.0, updated=0, actions=2363190, custom actions=[], active item id=-1, error=null}(0)
09-07 17:46:45.731  5354  5957 I Avrcp_ext: Exit updatePlayStatusForDevice
09-07 17:46:45.731  5354  5957 D Avrcp_ext: sendPlayPosNotificationRsp: Not registered or requesting.
09-07 17:46:45.731  5354  5957 D Avrcp_ext: sendPlayPosNotificationRsp: Not registered or requesting.
09-07 17:46:45.731  5354  5957 V Avrcp_ext: Exit updatePlayerStateAndPosition
09-07 17:46:45.731  5354  5957 W Avrcp_ext: ActiveSession: browseSelectedfalsemBrowsedPlayerExistfalse
09-07 17:46:45.731  5354  5957 W Avrcp_ext: Browse Player killed OR not launched yet !!!!
09-07 17:46:45.731  5354  5957 D PlaybackState: setState position:-1
09-07 17:46:45.731  5354  5957 V Avrcp_ext: updateCurrentMediaState: mMediaController: MediaController (cn.missevan@4a60bf3) null
09-07 17:46:45.732  5354  5957 V Avrcp_ext: isMusicActive: false getBluetoothPlayState: 0
09-07 17:46:45.735  5354  5957 V Avrcp_ext: updateCurrentMediaState: get media attributes:
09-07 17:46:45.739  5354  5957 I Avrcp_ext: Skipping update due to invalid playback state
09-07 17:46:45.740  5354  5957 V Avrcp_ext: updatePlaybackState, state: PlaybackState {state=0, position=0, buffered position=0, speed=0.0, updated=0, actions=2363190, custom actions=[], active item id=-1, error=null} device: null
09-07 17:46:45.740  5354  5957 V Avrcp_ext: Device: no name:
09-07 17:46:45.740  5354  5957 V Avrcp_ext: Device: no name:
09-07 17:46:45.740  5354  5957 V Avrcp_ext: updatePlayerStateAndPosition, old=PlaybackState {state=0, position=0, buffered position=0, speed=0.0, updated=0, actions=2363190, custom actions=[], active item id=-1, error=null}, state=PlaybackState {state=0, position=0, buffered position=0, speed=0.0, updated=0, actions=2363190, custom actions=[], active item id=-1, error=null}
09-07 17:46:45.740  5354  5957 V Avrcp_ext: old state = PlaybackState {state=0, position=0, buffered position=0, speed=0.0, updated=0, actions=2363190, custom actions=[], active item id=-1, error=null}, new state= PlaybackState {state=0, position=0, buffered position=0, speed=0.0, updated=0, actions=2363190, custom actions=[], active item id=-1, error=null}
09-07 17:46:45.740  5354  5957 D HeadsetService:  isAudioOn: The number of audio connected devices 0
09-07 17:46:45.740  5354  5957 D HeadsetService: isScoOrCallActive(): Call Active:falseCall is Ringing:falseSCO is Active:false
09-07 17:46:45.740  5354  5957 D HeadsetService:  isAudioOn: The number of audio connected devices 0
09-07 17:46:45.740  5354  5957 I Avrcp_ext: updatePlayStatusForDevice: device: null
09-07 17:46:45.740  5354  5957 V Avrcp_ext: updatePlaybackState (1): old=PlaybackState {state=0, position=0, buffered position=0, speed=0.0, updated=0, actions=2363190, custom actions=[], active item id=-1, error=null}(0), new=PlaybackState {state=0, position=0, buffered position=0, speed=0.0, updated=0, actions=2363190, custom actions=[], active item id=-1, error=null}(0)
09-07 17:46:45.740  5354  5957 I Avrcp_ext: Exit updatePlayStatusForDevice
09-07 17:46:45.742  5354  5957 D HeadsetService:  isAudioOn: The number of audio connected devices 0
09-07 17:46:45.742  5354  5957 D HeadsetService: isScoOrCallActive(): Call Active:falseCall is Ringing:falseSCO is Active:false
09-07 17:46:45.744  5354  5957 D HeadsetService:  isAudioOn: The number of audio connected devices 0
09-07 17:46:45.744  5354  5957 I Avrcp_ext: updatePlayStatusForDevice: device: null
09-07 17:46:45.744  5354  5957 V Avrcp_ext: updatePlaybackState (1): old=PlaybackState {state=0, position=0, buffered position=0, speed=0.0, updated=0, actions=2363190, custom actions=[], active item id=-1, error=null}(0), new=PlaybackState {state=0, position=0, buffered position=0, speed=0.0, updated=0, actions=2363190, custom actions=[], active item id=-1, error=null}(0)
09-07 17:46:45.744  5354  5957 I Avrcp_ext: Exit updatePlayStatusForDevice
09-07 17:46:45.744  5354  5957 D Avrcp_ext: sendPlayPosNotificationRsp: Not registered or requesting.
09-07 17:46:45.744  5354  5957 D Avrcp_ext: sendPlayPosNotificationRsp: Not registered or requesting.
09-07 17:46:45.744  5354  5957 V Avrcp_ext: Exit updatePlayerStateAndPosition
09-07 17:46:45.746  1710  5742 I ActivityManager: Force stopping cn.missevan appid=10612 user=999: stop by 22939
09-07 17:46:45.746 22935 22935 I app_process: The ClassLoaderContext is a special shared library.
09-07 17:46:45.748   718   804 E         : IProducerListener: malformed binder reply
09-07 17:46:45.748  1710  1767 D ConnectivityService: ConnectivityService NetworkRequestInfo binderDied(NetworkRequest [ TRACK_DEFAULT id=3241, [ Capabilities: INTERNET&NOT_RESTRICTED&TRUSTED Unwanted:  Uid: 10612] ], android.os.BinderProxy@ebb4f67)
09-07 17:46:45.749   977   977 I Zygote  : Process 21892 exited due to signal (9)
09-07 17:46:45.750  1710  2083 D ConnectivityService: releasing NetworkRequest [ TRACK_DEFAULT id=3241, [ Capabilities: INTERNET&NOT_RESTRICTED&TRUSTED Unwanted:  Uid: 10612] ] (release request)
09-07 17:46:45.756   716 23466 V APM_AudioPolicyManager: AudioPolicyManager:setRecordSilenced(uid:10612, silenced:1)
09-07 17:46:45.756   716 23466 V AudioFlinger: AudioFlinger::setRecordSilenced(uid:10612, silenced:1)
09-07 17:46:45.756   716 23466 V APM_AudioPolicyManager: AudioPolicyManager:setRecordSilenced(uid:99025, silenced:0)
09-07 17:46:45.756   716 23466 V AudioFlinger: AudioFlinger::setRecordSilenced(uid:99025, silenced:0)
09-07 17:46:45.756   716 23466 V APM_AudioPolicyManager: AudioPolicyManager:setRecordSilenced(uid:10123, silenced:0)
09-07 17:46:45.756   716 23466 V AudioFlinger: AudioFlinger::setRecordSilenced(uid:10123, silenced:0)
09-07 17:46:45.756   716   910 V APM_AudioPolicyManager: AudioPolicyManager:setRecordSilenced(uid:10097, silenced:0)
09-07 17:46:45.756   716   910 V AudioFlinger: AudioFlinger::setRecordSilenced(uid:10097, silenced:0)
09-07 17:46:45.756   716   910 V APM_AudioPolicyManager: AudioPolicyManager:setRecordSilenced(uid:10096, silenced:0)
09-07 17:46:45.756   716   910 V AudioFlinger: AudioFlinger::setRecordSilenced(uid:10096, silenced:0)
09-07 17:46:45.756   716   910 V APM_AudioPolicyManager: AudioPolicyManager:setRecordSilenced(uid:10069, silenced:0)
09-07 17:46:45.756   716   910 V AudioFlinger: AudioFlinger::setRecordSilenced(uid:10069, silenced:0)
09-07 17:46:45.759  2713 25078 I chatty  : uid=1000(system) Binder:2713_D expire 26 lines
09-07 17:46:45.760  1710  3776 I chatty  : uid=1000(system) Binder:1710_F expire 4 lines
09-07 17:46:45.761  1710  1710 I NotificationService: action=android.intent.action.PACKAGE_RESTARTED removing=false
09-07 17:46:45.761  1710  1710 D NotificationService: handleSavePolicyFile
09-07 17:46:45.767  1710  1839 D ActivityManager: StartMode packageName = com.tencent.android.qqdownloader ,callingPid = -1 ,alwaysRestrict = true ,startMode = 2 ,UidRec:null
09-07 17:46:45.767  1710  1839 W BroadcastQueue: Background execution not allowed: receiving Intent { act=android.intent.action.PACKAGE_RESTARTED dat=package:cn.missevan flg=0x10 (has extras) } to com.tencent.android.qqdownloader/com.tencent.assistant.localres.localapk.PackageChangedReceiver
09-07 17:46:45.767  2713  2713 W ContextImpl: Calling a method in the system process without a qualified user: android.app.ContextImpl.startService:1550 android.content.ContextWrapper.startService:664 com.vivo.daemonService.easyshare.ESAlarmReceiver.a:5 com.vivo.daemonService.easyshare.ESAlarmReceiver.onReceive:2 android.app.LoadedApk$ReceiverDispatcher$Args.lambda$getRunnable$0:1416
09-07 17:46:45.773  1710  1839 D ActivityManager: StartMode packageName = com.vivo.appfilter ,callingPid = -1 ,alwaysRestrict = true ,startMode = 2 ,UidRec:UidRecord{d0d1b3f 1000 PER  procs:34 seq(0,0,0)}
09-07 17:46:45.773  1710  1839 W BroadcastQueue: Background execution not allowed: receiving Intent { act=android.intent.action.PACKAGE_RESTARTED dat=package:cn.missevan flg=0x10 (has extras) } to com.vivo.appfilter/.receiver.VivoBringupPkgReceiver
09-07 17:46:45.773  1710  1839 D ActivityManager: StartMode packageName = com.tencent.android.qqdownloader ,callingPid = -1 ,alwaysRestrict = true ,startMode = 2 ,UidRec:null
09-07 17:46:45.773  1710  1839 W BroadcastQueue: Background execution not allowed: receiving Intent { act=android.intent.action.PACKAGE_RESTARTED dat=package:cn.missevan flg=0x10 (has extras) } to com.tencent.android.qqdownloader/com.qq.AppService.APKReceiver
09-07 17:46:45.774  2762  2762 D CarrierSvcBindHelper: No carrier app for: 0
09-07 17:46:45.775  2762  2762 D CarrierSvcBindHelper: No carrier app for: 1
09-07 17:46:45.778  1710  4298 I chatty  : uid=1000(system) Binder:1710_10 expire 2 lines
09-07 17:46:45.778 32400 32562 D WorkerThreadMonitor: Kill MSF check result[ senderSize:0,sendInterval:230645,receiveInterval=20421,addCmdCount=176
09-07 17:46:45.778   977   977 I Zygote  : Process 21740 exited due to signal (9)
09-07 17:46:45.779  1710  2985 I chatty  : uid=1000(system) Binder:1710_C expire 16 lines
09-07 17:46:45.781  2713  3508 I chatty  : uid=1000(system) GamepadService expire 4 lines
09-07 17:46:45.783  1710  5742 I chatty  : uid=1000(system) Binder:1710_1B expire 12 lines
09-07 17:46:45.785  1710  1768 I chatty  : uid=1000(system) Binder:1710_2 expire 3 lines
09-07 17:46:45.791  2762  2762 D CarrierSvcBindHelper: No carrier app for: 0
09-07 17:46:45.792  2762  2762 D CarrierSvcBindHelper: No carrier app for: 1
09-07 17:46:45.793  1710  5425 I chatty  : uid=1000(system) Binder:1710_18 expire 1 line
09-07 17:46:45.792 22935 22935 W main    : type=1400 audit(0.0:63378): avc: denied { read } for name="u:object_r:vendor_mpctl_prop:s0" dev="tmpfs" ino=5870 scontext=u:r:shell:s0 tcontext=u:object_r:vendor_mpctl_prop:s0 tclass=file permissive=0
09-07 17:46:45.796  4383  4383 D Launcher.LauncherOverlayManager: onResume
09-07 17:46:45.805 22935 22935 E libc    : Access denied finding property "ro.vendor.at_library"
09-07 17:46:45.806  1710  4818 I chatty  : uid=1000(system) Binder:1710_11 expire 11 lines
09-07 17:46:45.819 22935 22935 D AndroidRuntime: Calling main entry com.android.commands.am.Am
09-07 17:46:45.820  1710  1710 I NotificationService: action=android.intent.action.PACKAGE_RESTARTED removing=false
09-07 17:46:45.821  1710  1710 D NotificationService: handleSavePolicyFile
09-07 17:46:45.826   718   804 E         : IProducerListener: malformed binder reply
09-07 17:46:45.842  1710  1768 I ActivityManager: Force stopping io.appium.uiautomator2.server appid=10144 user=0: start instr
09-07 17:46:45.842  4737  4737 D logVersionTime: 20201215
09-07 17:46:45.843  1710  3752 I chatty  : uid=1000(system) Binder:1710_E expire 3 lines
09-07 17:46:45.847  1710  2968 D ConnectivityService: ConnectivityService NetworkRequestInfo binderDied(NetworkRequest [ TRACK_DEFAULT id=3239, [ Capabilities: INTERNET&NOT_RESTRICTED&TRUSTED Unwanted:  Uid: 10612] ], android.os.BinderProxy@50defb2)
09-07 17:46:45.848  1710  2522 D ConnectivityService: ConnectivityService NetworkRequestInfo binderDied(NetworkRequest [ LISTEN id=3240, [ Capabilities: INTERNET&NOT_RESTRICTED&TRUSTED Unwanted:  Uid: 10612] ], android.os.BinderProxy@ba37b03)
09-07 17:46:45.848  1710  2083 D ConnectivityService: releasing NetworkRequest [ TRACK_DEFAULT id=3239, [ Capabilities: INTERNET&NOT_RESTRICTED&TRUSTED Unwanted:  Uid: 10612] ] (release request)
09-07 17:46:45.848  5354  5957 V Avrcp_ext: MediaController session destroyed
09-07 17:46:45.848  5354  5957 V Avrcp_ext: updateNewIds: Addressed:13 to 13, Browse:0 to 0
09-07 17:46:45.849  5354  5354 V Avrcp_ext: updateNewIds: Addressed:13 to 0, Browse:0 to 0
09-07 17:46:45.849  2389  2506 D vol.MediaSessions: onActiveSessionsUpdatedH n=1
09-07 17:46:45.849  5354  5957 D Avrcp_ext: updateCurrentController: MediaController (cn.missevan@4a60bf3) null to null
09-07 17:46:45.849   716 23466 V APM::AudioPolicyEngine: getDeviceForStrategy() strategy 0, device 2
09-07 17:46:45.850  5354  5957 V Avrcp_ext: updateNewIds: Addressed:0 to 13, Browse:0 to 0
09-07 17:46:45.850  5354  5957 D PlaybackState: setState position:-1
09-07 17:46:45.850  5354  5957 V Avrcp_ext: updateCurrentMediaState: mMediaController: null
09-07 17:46:45.850  5354  5957 V Avrcp_ext: isMusicActive: false getBluetoothPlayState: 0
09-07 17:46:45.850  5354  5957 V Avrcp_ext: updateCurrentMediaState: isPlaying = false, ck_play = 241
09-07 17:46:45.850  5354  5957 V Avrcp_ext: updateCurrentMediaState: mMediaController or getPlaybackState() null
09-07 17:46:45.850  5354  5957 D PlaybackState: setState position:-1
09-07 17:46:45.850  5354  5957 D PlaybackState: getActiveQueueItemId Id:-1
09-07 17:46:45.850  5354  5957 V Avrcp_ext: Media update: id 0-1? [MediaAttributes: none] : [MediaAttributes:  -  by  (7000 0/0) ]
09-07 17:46:45.850  5354  5957 V Avrcp_ext: Check if NowPlayingList is updated
09-07 17:46:45.850  5354  5957 V Avrcp_ext: newPlayStatus:2mReportedPlayStatus:-1
09-07 17:46:45.851  5354  5957 D Avrcp_ext: Exit onSessionDestroyed
09-07 17:46:45.851  5354  5354 D Avrcp_ext: updateCurrentController: null to null
09-07 17:46:45.851  5354  5354 V Avrcp_ext: updateNewIds: Addressed:13 to 13, Browse:0 to 0
09-07 17:46:45.851  5354  5354 D PlaybackState: setState position:-1
09-07 17:46:45.851  5354  5354 V Avrcp_ext: updateCurrentMediaState: mMediaController: null
09-07 17:46:45.851  5354  5354 V Avrcp_ext: isMusicActive: false getBluetoothPlayState: 0
09-07 17:46:45.851  5354  5354 V Avrcp_ext: updateCurrentMediaState: isPlaying = false, ck_play = 241
09-07 17:46:45.851  5354  5354 V Avrcp_ext: updateCurrentMediaState: mMediaController or getPlaybackState() null
09-07 17:46:45.851  5354  5354 D PlaybackState: setState position:-1
09-07 17:46:45.851  5354  5354 D PlaybackState: getActiveQueueItemId Id:-1
09-07 17:46:45.851  5354  5354 V Avrcp_ext: Media update: id 0-1? [MediaAttributes: none] : [MediaAttributes:  -  by  (7000 0/0) ]
09-07 17:46:45.851  5354  5354 V Avrcp_ext: Check if NowPlayingList is updated
09-07 17:46:45.851  5354  5354 V Avrcp_ext: newPlayStatus:2mReportedPlayStatus:-1
09-07 17:46:45.852  5354  5957 D HeadsetService:  isAudioOn: The number of audio connected devices 0
09-07 17:46:45.852  5354  5957 D HeadsetService: isScoOrCallActive(): Call Active:falseCall is Ringing:falseSCO is Active:false
09-07 17:46:45.852  5354  5957 D HeadsetService:  isAudioOn: The number of audio connected devices 0
09-07 17:46:45.852  5354  5957 W Avrcp_ext: ActiveSession: updated[android.media.session.MediaController@34950b0]
09-07 17:46:45.854  5354  5957 V Avrcp_ext: ActiveSession: MediaController (com.android.bbkmusic@34950b0) null
09-07 17:46:45.854  5354  5957 W Avrcp_ext: playState object null, sending STOPPED
09-07 17:46:45.854  5354  5957 V Avrcp_ext: isBrowseSupported for com.android.bbkmusic: true
09-07 17:46:45.857  2389  2506 D vol.MediaSessions: Removing FM sentRemote=false
09-07 17:46:45.857  2389  2506 D vol.MediaSessions: updateRemoteControllerH null
09-07 17:46:45.857  2389  2506 D vol.MediaSessions: onActiveSessionsUpdatedH n=1
09-07 17:46:45.857  5354  5957 D Avrcp_ext: update #1:MediaPlayerInfo com.android.bbkmusic (as 'i ') Type = 1, SubType = 0, Status = 0 Feature Bits [40 41 42 44 45 47 48 58 59 62 65 67] Controller: MediaController (com.android.bbkmusic@34950b0) null
09-07 17:46:45.857  5354  5957 W Avrcp_ext: ActiveSession: browseSelectedfalsemBrowsedPlayerExistfalse
09-07 17:46:45.858  5354  5957 W Avrcp_ext: Browse Player killed OR not launched yet !!!!
09-07 17:46:45.858  5354  5957 D PlaybackState: setState position:-1
09-07 17:46:45.858  5354  5957 V Avrcp_ext: updateCurrentMediaState: mMediaController: null
09-07 17:46:45.858   716 23466 V APM::AudioPolicyEngine: getDeviceForStrategy() strategy 0, device 2
09-07 17:46:45.858  5354  5957 V Avrcp_ext: isMusicActive: false getBluetoothPlayState: 0
09-07 17:46:45.858  5354  5957 V Avrcp_ext: updateCurrentMediaState: isPlaying = false, ck_play = 241
09-07 17:46:45.858  5354  5957 V Avrcp_ext: updateCurrentMediaState: mMediaController or getPlaybackState() null
09-07 17:46:45.858  5354  5957 D PlaybackState: setState position:-1
09-07 17:46:45.858  5354  5957 D PlaybackState: getActiveQueueItemId Id:-1
09-07 17:46:45.858  5354  5957 V Avrcp_ext: Media update: id 0-1? [MediaAttributes: none] : [MediaAttributes:  -  by  (7000 0/0) ]
09-07 17:46:45.858  5354  5957 V Avrcp_ext: Check if NowPlayingList is updated
09-07 17:46:45.858  5354  5957 V Avrcp_ext: newPlayStatus:2mReportedPlayStatus:-1
09-07 17:46:45.867   977   977 I Zygote  : Process 21554 exited due to signal (9)
09-07 17:46:45.904 22956 22956 I tomator2.serve: Late-enabling -Xcheck:jni
09-07 17:46:45.910  1710  1841 I ActivityManager: Start proc 22956:io.appium.uiautomator2.server/u0a144 for added application io.appium.uiautomator2.server
09-07 17:46:45.921  2713  3277 I chatty  : uid=1000(system) GameModeHandler expire 19 lines
09-07 17:46:45.931  4737  4737 D MainImeServiceDel: mHandler = 76
09-07 17:46:45.991  1710  2664 I chatty  : uid=1000(system) Binder:1710_8 expire 7 lines
09-07 17:46:45.995   718   718 I SurfaceFlinger: FPS: 55
09-07 17:46:46.000   716   909 V APM_AudioPolicyManager: AudioPolicyManager:setRecordSilenced(uid:10144, silenced:0)
09-07 17:46:46.000   716   909 V AudioFlinger: AudioFlinger::setRecordSilenced(uid:10144, silenced:0)
09-07 17:46:46.029  1710  1710 V SettingsProvider: Notifying for 0: content://settings/global/hidden_api_policy_pre_p_apps
09-07 17:46:46.030  1710  1710 V SettingsProvider: Notifying for 999: content://settings/global/hidden_api_policy_pre_p_apps
09-07 17:46:46.052   716   909 V AudioFlinger: 21364 died, releasing its sessions
09-07 17:46:46.052   716   909 V AudioFlinger:  pid 2713 @ 0
09-07 17:46:46.052   716   909 V AudioFlinger:  pid 26688 @ 1
09-07 17:46:46.052   716   909 V AudioFlinger:  pid 2389 @ 2
09-07 17:46:46.052   716   909 V AudioFlinger:  pid 1000 @ 3
09-07 17:46:46.052   716   909 V AudioFlinger:  pid 2389 @ 4
09-07 17:46:46.052   716   909 V AudioFlinger:  pid 716 @ 5
09-07 17:46:46.052   716   909 V AudioFlinger:  pid 716 @ 6
09-07 17:46:46.052   716   909 V AudioFlinger:  pid 716 @ 7
09-07 17:46:46.053  1710  1768 D ConnectivityService: ConnectivityService NetworkRequestInfo binderDied(NetworkRequest [ TRACK_DEFAULT id=3237, [ Capabilities: INTERNET&NOT_RESTRICTED&TRUSTED Unwanted:  Uid: 10612] ], android.os.BinderProxy@25fc30a)
09-07 17:46:46.053  1710  2985 D ConnectivityService: ConnectivityService NetworkRequestInfo binderDied(NetworkRequest [ LISTEN id=3238, [ Capabilities: INTERNET&NOT_RESTRICTED&TRUSTED Unwanted:  Uid: 10612] ], android.os.BinderProxy@3ef477b)
09-07 17:46:46.053  1710  5747 D ConnectivityService: ConnectivityService NetworkRequestInfo binderDied(NetworkRequest [ TRACK_DEFAULT id=3234, [ Capabilities: INTERNET&NOT_RESTRICTED&TRUSTED Unwanted:  Uid: 10612] ], android.os.BinderProxy@8cb1998)
09-07 17:46:46.053  1710  1863 W ActivityManager: setHasOverlayUi called on unknown pid: 21364
09-07 17:46:46.054  1710  2083 D ConnectivityService: releasing NetworkRequest [ TRACK_DEFAULT id=3237, [ Capabilities: INTERNET&NOT_RESTRICTED&TRUSTED Unwanted:  Uid: 10612] ] (release request)
09-07 17:46:46.056  1710  2083 D ConnectivityService: releasing NetworkRequest [ TRACK_DEFAULT id=3234, [ Capabilities: INTERNET&NOT_RESTRICTED&TRUSTED Unwanted:  Uid: 10612] ] (release request)
09-07 17:46:46.058   977   977 I Zygote  : Process 21364 exited due to signal (9)
09-07 17:46:46.061 22956 22956 I tomator2.serve: The ClassLoaderContext is a special shared library.
09-07 17:46:46.063 22956 22956 I tomator2.serve: The ClassLoaderContext is a special shared library.
09-07 17:46:46.066 22956 22956 W tomator2.serve: ClassLoaderContext classpath element mismatch for position 0. expected=/system/framework/android.test.mock.jar, found=/system/framework/android.test.runner.jar (PCL[/system/framework/android.test.mock.jar*2077058553:/system/framework/android.test.runner.jar*3846605392] | PCL[/system/framework/android.test.runner.jar*3846605392:/system/framework/android.test.mock.jar*2077058553])
09-07 17:46:46.070 22956 22956 W tomator2.serve: ClassLoaderContext classpath size mismatch for position 0. expected=0, found=4 (PCL[] | PCL[/system/framework/android.test.runner.jar*3846605392:/system/framework/android.test.mock.jar*2077058553:/data/app/io.appium.uiautomator2.server.test-K07vq4ZhCm4h6eWbq7B8og==/base.apk*3464038622:/data/app/io.appium.uiautomator2.server.test-K07vq4ZhCm4h6eWbq7B8og==/base.apk!classes2.dex*2170559374])
09-07 17:46:46.071  4383  4693 W OpenGLRenderer: Incorrectly called buildLayer on View: w, destroying layer...
09-07 17:46:46.071  4383  4693 W OpenGLRenderer: Incorrectly called buildLayer on View: w, destroying layer...
09-07 17:46:46.072 22956 22956 W tomator2.serve: Found duplicate classes, falling back to extracting from APK : /data/app/io.appium.uiautomator2.server-hU_If1ssmYNlALRcrtEGLw==/base.apk
09-07 17:46:46.072 22956 22956 W tomator2.serve: NOTE: This wastes RAM and hurts startup performance.
09-07 17:46:46.072 22956 22956 W tomator2.serve: Found duplicated class when checking oat files: 'Ljunit/runner/BaseTestRunner;' in /data/app/io.appium.uiautomator2.server-hU_If1ssmYNlALRcrtEGLw==/base.apk and /system/framework/android.test.runner.jar
09-07 17:46:46.072 22956 22956 W tomator2.serve:
09-07 17:46:46.087  1710  1710 V SettingsProvider: Notifying for 0: content://settings/global/hidden_api_policy_p_apps
09-07 17:46:46.088  1710  1710 V SettingsProvider: Notifying for 999: content://settings/global/hidden_api_policy_p_apps
09-07 17:46:46.121  1710  1710 V SettingsProvider: Notifying for 0: content://settings/global/hidden_api_policy
09-07 17:46:46.121  1710  1710 V SettingsProvider: Notifying for 999: content://settings/global/hidden_api_policy
09-07 17:46:46.326 22956 22956 I Perf    : Connecting to perf service.
09-07 17:46:46.339 18564 18564 E adbd    : failed to connect to socket 'tcp:6790': Connection refused
09-07 17:46:46.356 22956 22956 I tomator2.serve: The ClassLoaderContext is a special shared library.
09-07 17:46:46.358 22956 22956 I tomator2.serve: The ClassLoaderContext is a special shared library.
09-07 17:46:46.363 22956 22956 W tomator2.serve: ClassLoaderContext size mismatch. expected=1, actual=2 (PCL[/system/framework/android.test.mock.jar*2077058553:/system/framework/android.test.runner.jar*3846605392] | PCL[/system/framework/android.test.runner.jar*3846605392:/system/framework/android.test.mock.jar*2077058553];PCL[/system/framework/android.test.runner.jar*3846605392:/system/framework/android.test.mock.jar*2077058553:/data/app/io.appium.uiautomator2.server.test-K07vq4ZhCm4h6eWbq7B8og==/base.apk*3464038622:/data/app/io.appium.uiautomator2.server.test-K07vq4ZhCm4h6eWbq7B8og==/base.apk!classes2.dex*2170559374:/data/app/io.appium.uiautomator2.server-hU_If1ssmYNlALRcrtEGLw==/base.apk*2259969859:/data/app/io.appium.uiautomator2.server-hU_If1ssmYNlALRcrtEGLw==/base.apk!classes2.dex*3854679608])
09-07 17:46:46.363 22956 22956 W tomator2.serve: Found duplicate classes, falling back to extracting from APK : /data/app/io.appium.uiautomator2.server.test-K07vq4ZhCm4h6eWbq7B8og==/base.apk
09-07 17:46:46.363 22956 22956 W tomator2.serve: NOTE: This wastes RAM and hurts startup performance.
09-07 17:46:46.363 22956 22956 W tomator2.serve: Found duplicated class when checking oat files: 'Landroidx/test/espresso/AmbiguousViewMatcherException$1;' in /data/app/io.appium.uiautomator2.server.test-K07vq4ZhCm4h6eWbq7B8og==/base.apk and /data/app/io.appium.uiautomator2.server.test-K07vq4ZhCm4h6eWbq7B8og==/base.apk
09-07 17:46:46.363 22956 22956 W tomator2.serve:
09-07 17:46:46.371 32400 32547 D MemoryCeilingMonitor: [handleMemoryCalculate]
09-07 17:46:46.371 32400 32547 D MemoryCeilingMonitor: [calculate] tot: 3185173, max: 268435456, free: 186965, heap: 2998208, per: 0.011169195175170898
09-07 17:46:46.456 22956 22956 W tomator2.serve: ClassLoaderContext size mismatch. expected=1, actual=2 (PCL[] | PCL[/system/framework/android.test.runner.jar*3846605392:/system/framework/android.test.mock.jar*2077058553:/data/app/io.appium.uiautomator2.server.test-K07vq4ZhCm4h6eWbq7B8og==/base.apk*3464038622:/data/app/io.appium.uiautomator2.server.test-K07vq4ZhCm4h6eWbq7B8og==/base.apk!classes2.dex*2170559374];PCL[/system/framework/android.test.runner.jar*3846605392:/system/framework/android.test.mock.jar*2077058553:/data/app/io.appium.uiautomator2.server.test-K07vq4ZhCm4h6eWbq7B8og==/base.apk*3464038622:/data/app/io.appium.uiautomator2.server.test-K07vq4ZhCm4h6eWbq7B8og==/base.apk!classes2.dex*2170559374:/data/app/io.appium.uiautomator2.server-hU_If1ssmYNlALRcrtEGLw==/base.apk*2259969859:/data/app/io.appium.uiautomator2.server-hU_If1ssmYNlALRcrtEGLw==/base.apk!classes2.dex*3854679608])
09-07 17:46:46.457 22956 22956 W tomator2.serve: Found duplicate classes, falling back to extracting from APK : /data/app/io.appium.uiautomator2.server-hU_If1ssmYNlALRcrtEGLw==/base.apk
09-07 17:46:46.457 22956 22956 W tomator2.serve: NOTE: This wastes RAM and hurts startup performance.
09-07 17:46:46.457 22956 22956 W tomator2.serve: Found duplicated class when checking oat files: 'Landroid_libs/ub_uiautomator/R;' in /data/app/io.appium.uiautomator2.server-hU_If1ssmYNlALRcrtEGLw==/base.apk!classes2.dex and /data/app/io.appium.uiautomator2.server-hU_If1ssmYNlALRcrtEGLw==/base.apk!classes2.dex
09-07 17:46:46.457 22956 22956 W tomator2.serve:
09-07 17:46:46.703  4383  4437 E BitmapFactory: Unable to decode stream: java.io.FileNotFoundException: /oem/etc/theme/icons/dynamic_icon/com.vivo.weather/res/drawable-sw360dp-xxhdpi/dynamic_weather_cloudy.png (No such file or directory)
09-07 17:46:46.707  4383  4437 E BitmapFactory: Unable to decode stream: java.io.FileNotFoundException: /oem/etc/theme/icons/dynamic_icon/com.vivo.weather/res/drawable-sw360dp-xxhdpi/dynamic_weather_degree.png (No such file or directory)
09-07 17:46:46.708  4383  4437 E BitmapFactory: Unable to decode stream: java.io.FileNotFoundException: /oem/etc/theme/icons/dynamic_icon/com.vivo.weather/res/drawable-sw360dp-xxhdpi/dynamic_weather_minus.png (No such file or directory)
09-07 17:46:46.736 22956 22956 W tomator2.serve: Accessing hidden method Landroid/app/Instrumentation;->execStartActivity(Landroid/content/Context;Landroid/os/IBinder;Landroid/os/IBinder;Landroid/app/Activity;Landroid/content/Intent;ILandroid/os/Bundle;)Landroid/app/Instrumentation$ActivityResult; (light greylist, linking)
09-07 17:46:46.736 22956 22956 W tomator2.serve: Accessing hidden method Landroid/app/Instrumentation;->execStartActivity(Landroid/content/Context;Landroid/os/IBinder;Landroid/os/IBinder;Ljava/lang/String;Landroid/content/Intent;ILandroid/os/Bundle;)Landroid/app/Instrumentation$ActivityResult; (light greylist, linking)
09-07 17:46:46.793 22956 22956 I MonitoringInstr: Instrumentation started!
09-07 17:46:46.800 22956 22956 I MonitoringInstr: Setting context classloader to 'dalvik.system.PathClassLoader[DexPathList[[zip file "/system/framework/android.test.runner.jar", zip file "/system/framework/android.test.mock.jar", zip file "/data/app/io.appium.uiautomator2.server.test-K07vq4ZhCm4h6eWbq7B8og==/base.apk", zip file "/data/app/io.appium.uiautomator2.server-hU_If1ssmYNlALRcrtEGLw==/base.apk"],nativeLibraryDirectories=[/data/app/io.appium.uiautomator2.server.test-K07vq4ZhCm4h6eWbq7B8og==/lib/arm64, /data/app/io.appium.uiautomator2.server-hU_If1ssmYNlALRcrtEGLw==/lib/arm64, /system/lib64]]]', Original: 'dalvik.system.PathClassLoader[DexPathList[[zip file "/system/framework/android.test.runner.jar", zip file "/system/framework/android.test.mock.jar", zip file "/data/app/io.appium.uiautomator2.server.test-K07vq4ZhCm4h6eWbq7B8og==/base.apk", zip file "/data/app/io.appium.uiautomator2.server-hU_If1ssmYNlALRcrtEGLw==/base.apk"],nativeLibraryDirectories=[/data/app/io.appium.uiautomator2.server.test-K07vq4ZhCm4h6eWbq7B8og==/lib/arm64, /data/app/io.appium.uiautomator2.server-hU_If1ssmYNlALRcrtEGLw==/lib/arm64, /system/lib64]]]'
09-07 17:46:46.809 22956 22956 I MonitoringInstr: No JSBridge.
09-07 17:46:46.812 22956 22988 I MonitoringInstr: Setting context classloader to 'dalvik.system.PathClassLoader[DexPathList[[zip file "/system/framework/android.test.runner.jar", zip file "/system/framework/android.test.mock.jar", zip file "/data/app/io.appium.uiautomator2.server.test-K07vq4ZhCm4h6eWbq7B8og==/base.apk", zip file "/data/app/io.appium.uiautomator2.server-hU_If1ssmYNlALRcrtEGLw==/base.apk"],nativeLibraryDirectories=[/data/app/io.appium.uiautomator2.server.test-K07vq4ZhCm4h6eWbq7B8og==/lib/arm64, /data/app/io.appium.uiautomator2.server-hU_If1ssmYNlALRcrtEGLw==/lib/arm64, /system/lib64]]]', Original: 'dalvik.system.PathClassLoader[DexPathList[[zip file "/system/framework/android.test.runner.jar", zip file "/system/framework/android.test.mock.jar", zip file "/data/app/io.appium.uiautomator2.server.test-K07vq4ZhCm4h6eWbq7B8og==/base.apk", zip file "/data/app/io.appium.uiautomator2.server-hU_If1ssmYNlALRcrtEGLw==/base.apk"],nativeLibraryDirectories=[/data/app/io.appium.uiautomator2.server.test-K07vq4ZhCm4h6eWbq7B8og==/lib/arm64, /data/app/io.appium.uiautomator2.server-hU_If1ssmYNlALRcrtEGLw==/lib/arm64, /system/lib64]]]'
09-07 17:46:46.844 22956 22988 I UsageTrackerFacilitator: Usage tracking enabled
09-07 17:46:46.852 22956 22988 I TestRequestBuilder: Scanning classpath to find tests in paths [/data/app/io.appium.uiautomator2.server.test-K07vq4ZhCm4h6eWbq7B8og==/base.apk]
09-07 17:46:46.857 22956 22988 W tomator2.serve: Opening an oat file without a class loader. Are you using the deprecated DexFile APIs?
09-07 17:46:47.260   718   718 I SurfaceFlinger: FPS: 13
09-07 17:46:47.094  1710  2176 I chatty  : uid=1000(system) AutobacklightTh identical 3 lines
09-07 17:46:47.297  1710  1840 V WindowOrientationListener: in onTouchEndLocked. proposedRotation=0, oldProposedRotation=0
09-07 17:46:47.305  1710  5746 I chatty  : uid=1000(system) Binder:1710_1D expire 19 lines
09-07 17:46:47.305  1710  5746 I ActivityManager: START u0 {act=android.intent.action.MAIN cat=[android.intent.category.LAUNCHER] flg=0x30200000 cmp=cn.missevan/.activity.SplashActivity bnds=[289,1584][535,1832] (has extras)} from uid 10096
09-07 17:46:47.305  1710  5746 I ActivityManager: send message.
09-07 17:46:47.306  2713  2760 I chatty  : uid=1000(system) Binder:2713_3 expire 17 lines
09-07 17:46:47.306  2713  2760 W ContextImpl: Calling a method in the system process without a qualified user: android.app.ContextImpl.bindService:1645 android.content.ContextWrapper.bindService:698 com.vivo.daemonService.i.c.a:9 com.vivo.daemonService.i.c.a:13 com.vivo.daemonService.IqooSecure.SoftwareLockService$a.activityStarting:5
09-07 17:46:47.308  1710  5746 W ActivityManager: Unable to start service Intent { act=com.vivo.thirdappbehavior.ThirdAppBehaviorService pkg=com.vivo.abe } U=0: not found
09-07 17:46:47.310  1710  5746 I ActivityManager: remove message.
09-07 17:46:47.310  1710  5746 I ActivityManager: send message.
09-07 17:46:47.311  1710  5746 I ActivityManager: remove message.
09-07 17:46:47.311  1710  5746 I ActivityManager: Start ActivityRecord{bfda962 u0 cn.missevan/.activity.SplashActivity t-1} caller=com.bbk.launcher2 called=cn.missevan calledClass=cn.missevan.activity.SplashActivity
09-07 17:46:47.313   588   588 W hwservicemanager: getTransport: Cannot find entry vendor.qti.hardware.iop@2.0::IIop/default in either framework or device manifest.
09-07 17:46:47.334  1710  5746 W ActivityManager: vivo occlude resumeTop canOccclude = false next.occlude = false
09-07 17:46:47.346 18564 18564 E adbd    : failed to connect to socket 'tcp:6790': Connection refused
09-07 17:46:47.349  4383  4383 D Launcher.LauncherOverlayManager: onPause
09-07 17:46:47.355  1710  4818 W ActivityManager: vivo occlude resumeTop canOccclude = false next.occlude = false
09-07 17:46:47.392   718   927 E         : IProducerListener: malformed binder reply
09-07 17:46:47.410  1710  1841 I ActivityManager: Start proc 23000:cn.missevan/u0a612 for activity cn.missevan/.activity.SplashActivity
09-07 17:46:47.413  1710  2023 I Letterbox: null setColorInner, color = fff6f6f6, callers = com.android.server.wm.VivoBaseLetterbox$VivoBaseLetterboxSurface.setColor:66 com.android.server.wm.VivoBaseLetterbox.setColors:46 com.android.server.wm.VivoBaseAppWindowToken.updateLetterboxColor:323 com.android.server.wm.VivoBaseAppWindowToken.onLetterboxCreated:271 com.android.server.wm.VivoBaseAppWindowToken.layoutLetterbox:249
09-07 17:46:47.415 23000 23000 I chatty  : uid=10612(cn.missevan) expire 528 lines
09-07 17:46:47.416  1710  2023 I Letterbox: setColorInner, color = ff000000, callers = com.android.server.wm.VivoBaseLetterbox$VivoBaseLetterboxSurface.onSurfaceCreated:71 com.android.server.wm.Letterbox$LetterboxSurface.createSurface:169 com.android.server.wm.Letterbox$LetterboxSurface.applySurfaceChanges:207 com.android.server.wm.VivoBaseLetterbox.applySurfaceChanges:35 com.android.server.wm.VivoBaseAppWindowToken.updateLetterboxSurface:83
09-07 17:46:47.418  1710  2023 I Letterbox: setColorInner, color = fff6f6f6, callers = com.android.server.wm.VivoBaseLetterbox$VivoBaseLetterboxSurface.onSurfaceCreated:71 com.android.server.wm.Letterbox$LetterboxSurface.createSurface:169 com.android.server.wm.Letterbox$LetterboxSurface.applySurfaceChanges:207 com.android.server.wm.VivoBaseLetterbox.applySurfaceChanges:37 com.android.server.wm.VivoBaseAppWindowToken.updateLetterboxSurface:83
09-07 17:46:47.504  2713  3512 I chatty  : uid=1000(system) MotorModeDaemon expire 3 lines
09-07 17:46:47.508  1710  2975 I chatty  : uid=1000(system) Binder:1710_A expire 43 lines
09-07 17:46:47.514  1710  5744 I chatty  : uid=1000(system) Binder:1710_1C expire 14 lines
09-07 17:46:47.543   716  8224 V APM_AudioPolicyManager: AudioPolicyManager:setRecordSilenced(uid:10612, silenced:0)
09-07 17:46:47.543   716  8224 V AudioFlinger: AudioFlinger::setRecordSilenced(uid:10612, silenced:0)
09-07 17:46:47.545  1710  1710 V SettingsProvider: Notifying for 0: content://settings/system/vivo_fullscreen_flag
09-07 17:46:47.546  2713  2713 I chatty  : uid=1000(system) com.vivo.daemonService expire 15 lines
09-07 17:46:47.560   718   718 I ConfigStore: android::hardware::configstore::V1_0::ISurfaceFlingerConfigs::hasHDRDisplay retrieved: 0
09-07 17:46:47.561   718   718 I ConfigStore: android::hardware::configstore::V1_0::ISurfaceFlingerConfigs::hasHDRDisplay retrieved: 0
09-07 17:46:47.562   718   718 I ConfigStore: android::hardware::configstore::V1_0::ISurfaceFlingerConfigs::hasHDRDisplay retrieved: 0
09-07 17:46:47.628   718   718 I ConfigStore: android::hardware::configstore::V1_0::ISurfaceFlingerConfigs::hasHDRDisplay retrieved: 0
09-07 17:46:47.643   718   718 I ConfigStore: android::hardware::configstore::V1_0::ISurfaceFlingerConfigs::hasHDRDisplay retrieved: 0
09-07 17:46:47.777   718   718 I ConfigStore: android::hardware::configstore::V1_0::ISurfaceFlingerConfigs::hasHDRDisplay retrieved: 0
09-07 17:46:47.780   718   804 W SurfaceFlinger: Attempting to set client state on removed layer: Surface(name=AppWindowToken{e9ae229 token=Token{acf83b0 ActivityRecord{bfda962 u0 cn.missevan/.activity.SplashActivity t138}}})/@0x5e4be9d - animation-leash#0
09-07 17:46:47.780   718   804 W SurfaceFlinger: Attempting to destroy on removed layer: Surface(name=AppWindowToken{e9ae229 token=Token{acf83b0 ActivityRecord{bfda962 u0 cn.missevan/.activity.SplashActivity t138}}})/@0x5e4be9d - animation-leash#0
09-07 17:46:47.869 22956 22988 D TestExecutor: Adding listener androidx.test.internal.runner.listener.LogRunListener
09-07 17:46:47.870 22956 22988 D TestExecutor: Adding listener androidx.test.internal.runner.listener.InstrumentationResultPrinter
09-07 17:46:47.870 22956 22988 D TestExecutor: Adding listener androidx.test.internal.runner.listener.ActivityFinisherRunListener
09-07 17:46:47.874 22956 22988 I TestRunner: run started: 1 tests
09-07 17:46:47.878 22956 22988 I TestRunner: started: startServer(io.appium.uiautomator2.server.test.AppiumUiAutomator2Server)
09-07 17:46:47.883 22956 22956 I MonitoringInstr: Activities that are still in CREATED to STOPPED: 0
09-07 17:46:47.887 22956 22988 I appium  : [AppiumUiAutomator2Server] Starting Server
09-07 17:46:47.789  1710  2023 I chatty  : uid=1000(system) android.anim identical 2 lines
09-07 17:46:48.053  2793  2793 W ContextImpl: Calling a method in the system process without a qualified user: android.app.ContextImpl.startService:1550 android.content.ContextWrapper.startService:664 com.vivo.smartmultiwindow.utils.h$1.handleMessage:39 android.os.Handler.dispatchMessage:106 android.os.Looper.loop:224
09-07 17:46:48.065  1710  2069 I chatty  : uid=1000(system) WifiStateMachin expire 14 lines
09-07 17:46:48.112  1710  1710 V SettingsProvider: Notifying for 0: content://settings/system/vivo_smartmulitwindow_is_allowed_split
09-07 17:46:48.357 18564 18564 E adbd    : failed to connect to socket 'tcp:6790': Connection refused
09-07 17:46:48.887 22956 22988 I appium  : Starting MJPEG Server
09-07 17:46:48.703  1710  2176 I chatty  : uid=1000(system) AutobacklightTh identical 3 lines
09-07 17:46:48.909  1710  1710 V SettingsProvider: Notifying for 0: content://settings/secure/accessibility_enabled
09-07 17:46:48.910  1710  1710 V SettingsProvider: Notifying for 999: content://settings/secure/accessibility_enabled
09-07 17:46:48.915   718   718 I SurfaceFlinger: FPS: 36
09-07 17:46:48.930 22956 22988 I appium  : MJPEG Server started
09-07 17:46:48.934 22956 23023 I appium  : ServerSocket created on port 7810
09-07 17:46:48.959 22956 22988 I appium  : AndroidServer created on port 6790
09-07 17:46:48.959 22956 22988 I appium  : io.appium.uiautomator2.server started:
09-07 17:46:48.963  1710  1767 D PowerManagerService: acquireWakeLockInternal: lock=239494682, flags=0x6, tag="UiAutomator2:ScreenKeeper", ws=null, uid=10144, pid=22956
09-07 17:46:48.971 22956 23025 I appium  : Started UiAutomator2 io.appium.uiautomator2.http io.appium.uiautomator2.server on port 6790
09-07 17:46:49.069 22956 23026 W tomator2.serve: Accessing hidden field Ljava/nio/Buffer;->address:J (light greylist, reflection)
09-07 17:46:49.069 22956 23026 W tomator2.serve: Accessing hidden field Lsun/misc/Unsafe;->theUnsafe:Lsun/misc/Unsafe; (light greylist, reflection)
09-07 17:46:49.541 22956 23028 I appium  : channel read: GET /wd/hub/status
09-07 17:46:49.544 22956 23028 I appium  : Status command
09-07 17:46:49.589 22956 23028 I appium  : AppiumResponse: {"sessionId":"None","value":{"message":"UiAutomator2 Server is ready to accept commands","ready":true}}
09-07 17:46:49.609 22956 23028 I appium  : channel read: POST /wd/hub/session
09-07 17:46:49.612 22956 23028 I appium  : NewSession command
09-07 17:46:49.634 22956 23028 W tomator2.serve: Accessing hidden field Landroid/app/UiAutomation;->mOnAccessibilityEventListener:Landroid/app/UiAutomation$OnAccessibilityEventListener; (dark greylist, reflection)
09-07 17:46:49.635 22956 23028 I appium  : Created the new session with SessionID: cb0575de-e3ed-4da2-9f3b-89be693c3a0f
09-07 17:46:49.658 22956 23028 I appium  : AppiumResponse: {"sessionId":"cb0575de-e3ed-4da2-9f3b-89be693c3a0f","value":{"capabilities":{"firstMatch":[{"platform":"LINUX","webStorageEnabled":false,"takesScreenshot":true,"javascriptEnabled":true,"databaseEnabled":false,"networkConnectionEnabled":true,"locationContextEnabled":false,"warnings":{},"desired":{"pl
09-07 17:46:49.681 22956 23028 I appium  : channel read: GET /wd/hub/session/cb0575de-e3ed-4da2-9f3b-89be693c3a0f/appium/device/info
09-07 17:46:49.683 22956 23028 I appium  : GetDeviceInfo command
09-07 17:46:49.704 22956 23028 W tomator2.serve: Accessing hidden field Landroid/net/NetworkCapabilities;->mSignalStrength:I (light greylist, reflection)
09-07 17:46:49.704 22956 23028 W tomator2.serve: Accessing hidden field Landroid/net/NetworkCapabilities;->mSSID:Ljava/lang/String; (dark greylist, reflection)
09-07 17:46:49.508  1710  2176 I chatty  : uid=1000(system) AutobacklightTh identical 3 lines
09-07 17:46:49.725  1710  1860 D BluetoothManagerService: MESSAGE_REGISTER_ADAPTER
09-07 17:46:49.731  1710  2215 E TaskPersister: File error accessing recents directory (directory doesn't exist?).
09-07 17:46:49.752 22956 23028 I appium  : AppiumResponse: {"sessionId":"cb0575de-e3ed-4da2-9f3b-89be693c3a0f","value":{"androidId":"924032d81ca599b5","apiVersion":"28","bluetooth":{"state":"ON"},"brand":"vivo","carrierName":"","displayDensity":480,"locale":"zh_CN","manufacturer":"vivo","model":"vivo X21A","networks":[{"capabilities":{"SSID":null,"linkDownB
09-07 17:46:50.005 22956 23028 I appium  : channel read: GET /wd/hub/session/cb0575de-e3ed-4da2-9f3b-89be693c3a0f/appium/device/pixel_ratio
09-07 17:46:50.009 22956 23028 I appium  : GetDevicePixelRatio command
09-07 17:46:50.009 22956 23028 I appium  : Get device pixel ratio
09-07 17:46:50.022 22956 23028 I appium  : AppiumResponse: {"sessionId":"cb0575de-e3ed-4da2-9f3b-89be693c3a0f","value":3.0}
09-07 17:46:50.038 22956 23028 I appium  : channel read: GET /wd/hub/session/cb0575de-e3ed-4da2-9f3b-89be693c3a0f/appium/device/system_bars
09-07 17:46:50.041 22956 23028 I appium  : GetSystemBars command
09-07 17:46:50.041 22956 23028 I appium  : Get status bar height of the device
09-07 17:46:50.048 22956 23028 I appium  : AppiumResponse: {"sessionId":"cb0575de-e3ed-4da2-9f3b-89be693c3a0f","value":{"statusBar":84}}
09-07 17:46:50.066 22956 23028 I appium  : channel read: GET /wd/hub/session/cb0575de-e3ed-4da2-9f3b-89be693c3a0f/window/current/size
09-07 17:46:50.068 22956 23028 I appium  : GetDeviceSize command
09-07 17:46:50.068 22956 23028 I appium  : Get window size of the device
09-07 17:46:50.082 22956 23028 I appium  : AppiumResponse: {"sessionId":"cb0575de-e3ed-4da2-9f3b-89be693c3a0f","value":{"height":2075,"width":1080}}
09-07 17:46:50.208 22956 23028 I appium  : channel read: GET /wd/hub/session/cb0575de-e3ed-4da2-9f3b-89be693c3a0f/window/current/size
09-07 17:46:50.210 22956 23028 I appium  : GetDeviceSize command
09-07 17:46:50.210 22956 23028 I appium  : Get window size of the device
09-07 17:46:50.223 22956 23028 I appium  : AppiumResponse: {"sessionId":"cb0575de-e3ed-4da2-9f3b-89be693c3a0f","value":{"height":2075,"width":1080}}
09-07 17:46:50.240 22956 23028 I appium  : channel read: GET /wd/hub/session/cb0575de-e3ed-4da2-9f3b-89be693c3a0f/window/current/size
09-07 17:46:50.243 22956 23028 I appium  : GetDeviceSize command
