09-07 17:46:58.135   716   917 V AudioFlinger: updateWakeLockUids_l() AudioOut_D status 0
09-07 17:46:58.135   716   917 V AudioFlinger: processConfigEvents_l() remaining events 1
09-07 17:46:58.135   716   917 V AudioFlinger: PlaybackThread::ioConfigChanged, thread 0xe2f15e00, event 0
09-07 17:46:58.135   716   919 V AudioFlinger: thread 0xe2b839c0 type 0 TID 919 waking up
09-07 17:46:58.135   716   919 V AudioFlinger: acquireWakeLock_l() AudioOut_15 status 0
09-07 17:46:58.135   716   919 D AudioFlinger: updateWakeLockUids_l AudioOut_15 uids:
09-07 17:46:58.135   716   919 V AudioFlinger: updateWakeLockUids_l() AudioOut_15 status 0
09-07 17:46:58.135   716   919 V AudioFlinger: processConfigEvents_l() remaining events 1
09-07 17:46:58.135   716   919 V AudioFlinger: PlaybackThread::ioConfigChanged, thread 0xe2b839c0, event 0
09-07 17:46:58.135   716   920 V AudioFlinger: thread 0xe2883d00 type 0 TID 920 waking up
09-07 17:46:58.136   716   919 V AudioFlinger: processConfigEvents_l() DONE thread 0xe2b839c0
09-07 17:46:58.136   716   917 V AudioFlinger: processConfigEvents_l() DONE thread 0xe2f15e00
09-07 17:46:58.137   716   920 V AudioFlinger: acquireWakeLock_l() AudioOut_25 status 0
09-07 17:46:58.137   716   920 D AudioFlinger: updateWakeLockUids_l AudioOut_25 uids:
09-07 17:46:58.137   716   920 V AudioFlinger: updateWakeLockUids_l() AudioOut_25 status 0
09-07 17:46:58.137   716   920 V AudioFlinger: processConfigEvents_l() remaining events 1
09-07 17:46:58.137   716   920 V AudioFlinger: PlaybackThread::ioConfigChanged, thread 0xe2883d00, event 0
09-07 17:46:58.137   716   920 V AudioFlinger: processConfigEvents_l() DONE thread 0xe2883d00
09-07 17:46:58.137   716   910 V APM::AudioPolicyEngine: getDeviceForStrategy() strategy 0, device 2
09-07 17:46:58.170  2389  2632 D MediaController: onPlaybackStateChanged start####
09-07 17:46:58.170  2389  2506 D vol.MediaSessions: onPlaybackStateChanged cn.missevan STATE_NONE PlaybackState {state=0, position=0, buffered position=0, speed=0.0, updated=483699983, actions=101376, custom actions=[], active item id=-1, error=null}
09-07 17:46:58.171  2389  2506 D vol.MediaSessions: onMetadataChanged cn.missevan null, null, null
09-07 17:46:58.172  2389  2632 D MediaController: onPlaybackStateChanged start####
09-07 17:46:58.172  2389  2506 D vol.MediaSessions: onPlaybackStateChanged cn.missevan STATE_NONE PlaybackState {state=0, position=0, buffered position=0, speed=0.0, updated=483699987, actions=2461191, custom actions=[], active item id=-1, error=null}
09-07 17:46:58.174  2389  2506 D vol.MediaSessions: onMetadataChanged cn.missevan null, null, null
09-07 17:46:58.175  2389  2506 D vol.MediaSessions: onMetadataChanged cn.missevan null, null, null
09-07 17:46:57.873  1710  2176 I chatty  : uid=1000(system) AutobacklightTh identical 2 lines
09-07 17:46:58.189  1710  1710 D NotificationService: handleSavePolicyFile
09-07 17:46:58.603 23000 23300 I chatty  : uid=10612(cn.missevan) expire 5 lines
09-07 17:46:58.934   718   718 I SurfaceFlinger: FPS: 32
09-07 17:46:59.002 23000 23531 I chatty  : uid=10612(cn.missevan) expire 3 lines
09-07 17:46:59.138   716   920 V AudioFlinger: releaseWakeLock_l() AudioOut_25
09-07 17:46:59.138   716   920 V AudioFlinger: thread 0xe2883d00 type 0 TID 920 going to sleep
09-07 17:46:59.140   716   919 V AudioFlinger: releaseWakeLock_l() AudioOut_15
09-07 17:46:59.140   716   919 V AudioFlinger: thread 0xe2b839c0 type 0 TID 919 going to sleep
09-07 17:46:59.141   716   917 V AudioFlinger: releaseWakeLock_l() AudioOut_D
09-07 17:46:59.141   716   917 V AudioFlinger: thread 0xe2f15e00 type 0 TID 917 going to sleep
09-07 17:46:59.314 23406 23549 I chatty  : uid=10612 cn.missevan:stats expire 1 line
09-07 17:46:59.352 23000 23476 I chatty  : uid=10612(cn.missevan) expire 4 lines
09-07 17:46:59.390 23000 23336 I chatty  : uid=10612(cn.missevan) expire 107 lines
09-07 17:46:59.413 23406 23552 I chatty  : uid=10612 cn.missevan:stats expire 12 lines
09-07 17:46:59.441 23000 23546 I chatty  : uid=10612(cn.missevan) expire 1 line
09-07 17:46:59.539 23000 23548 I chatty  : uid=10612(cn.missevan) expire 1 line
09-07 17:46:59.599 23000 23547 I chatty  : uid=10612(cn.missevan) expire 2 lines
09-07 17:46:59.643 23000 23000 I chatty  : uid=10612(cn.missevan) expire 133 lines
09-07 17:46:59.752 23406 23565 I chatty  : uid=10612 cn.missevan:stats expire 9 lines
09-07 17:46:59.643  1710  2176 I chatty  : uid=1000(system) AutobacklightTh identical 9 lines
09-07 17:46:59.821  1710  2975 W PackageManager: setEnabledSetting  packageName:cn.missevan className:com.taobao.accs.ChannelService newState:1 userId:0 callingPackage:null
09-07 17:46:59.827 23406 23566 I chatty  : uid=10612 cn.missevan:stats expire 12 lines
09-07 17:47:00.000  1710  2037 I chatty  : uid=1000(system) AlarmManager expire 11 lines
09-07 17:47:00.006  2389  2389 D KeyguardUpdateMonitor: handleTimeUpdate
09-07 17:47:00.033   718   718 I SurfaceFlinger: FPS: 10
09-07 17:47:00.076  4383  4437 E BitmapFactory: Unable to decode stream: java.io.FileNotFoundException: /oem/etc/theme/icons/dynamic_icon/com.android.BBKClock/res/drawable-sw360dp-xxhdpi/clock_hour.png (No such file or directory)
09-07 17:47:00.077  4383  4437 E BitmapFactory: Unable to decode stream: java.io.FileNotFoundException: /oem/etc/theme/icons/dynamic_icon/com.android.BBKClock/res/drawable-sw360dp-xxhdpi/clock_minute.png (No such file or directory)
09-07 17:47:00.078  4383  4437 E BitmapFactory: Unable to decode stream: java.io.FileNotFoundException: /oem/etc/theme/icons/dynamic_icon/com.android.BBKClock/res/drawable-sw360dp-xxhdpi/clock_dial.png (No such file or directory)
09-07 17:47:00.081  4383  4437 E BitmapFactory: Unable to decode stream: java.io.FileNotFoundException: /oem/etc/theme/icons/dynamic_icon/com.android.BBKClock/res/drawable-sw360dp-xxhdpi/clock_dial_center.png (No such file or directory)
09-07 17:47:00.095  1710  2069 I chatty  : uid=1000(system) WifiStateMachin expire 10 lines
09-07 17:47:00.116 23406 23571 I chatty  : uid=10612 cn.missevan:stats expire 10 lines
09-07 17:47:00.234 23292 23544 I chatty  : uid=10612 cn.missevan:player expire 1 line
09-07 17:47:00.423 23000 23578 I chatty  : uid=10612(cn.missevan) expire 1 line
09-07 17:47:01.148   718   718 I SurfaceFlinger: FPS: 5
09-07 17:47:01.178 23000 23106 I chatty  : uid=10612(cn.missevan) expire 35 lines
09-07 17:47:00.931  1710  2176 I chatty  : uid=1000(system) AutobacklightTh identical 6 lines
09-07 17:47:01.217  1710  1841 I ActivityManager: Start proc 23583:cn.missevan:channel/u0a612 for service cn.missevan/com.taobao.accs.ChannelService
09-07 17:47:01.228 23583 23583 I chatty  : uid=10612 cn.missevan:channel expire 88 lines
09-07 17:47:01.391  2389  2389 D KeyguardUpdateMonitor: received broadcast android.intent.action.BATTERY_CHANGED
09-07 17:47:01.391  2713  2713 I chatty  : uid=1000(system) com.vivo.daemonService expire 228 lines
09-07 17:47:01.391  2389  2389 D KeyguardUpdateMonitor: handleBatteryUpdate
09-07 17:47:01.394  2762  2762 D QtiCarrierConfigHelper: WARNING, no carrier configs on phone Id: 0
09-07 17:47:01.396   693   693 V LocSvc_HIDL_IzatSubscription: [batteryLevelUpdate][777] [HS] <<<<= [HC]
09-07 17:47:01.403  2762  2762 D QtiCarrierConfigHelper: WARNING, no carrier configs on phone Id: 0
09-07 17:47:01.403   693   693 V LocSvc_HIDL_IzatSubscription: [batteryLevelUpdate][777] [HS] <<<<= [HC]
09-07 17:47:01.408  2389  2389 D KeyguardUpdateMonitor: received broadcast android.intent.action.BATTERY_CHANGED
09-07 17:47:01.409  2389  2389 D KeyguardUpdateMonitor: handleBatteryUpdate
09-07 17:47:01.415  2389  2389 D KeyguardUpdateMonitor: received broadcast android.intent.action.BATTERY_CHANGED
09-07 17:47:01.415  2762  2762 D QtiCarrierConfigHelper: WARNING, no carrier configs on phone Id: 0
09-07 17:47:01.415   693   693 V LocSvc_HIDL_IzatSubscription: [batteryLevelUpdate][777] [HS] <<<<= [HC]
09-07 17:47:01.417  2389  2389 D KeyguardUpdateMonitor: handleBatteryUpdate
09-07 17:47:01.424  2389  2389 D KeyguardUpdateMonitor: received broadcast android.intent.action.BATTERY_CHANGED
09-07 17:47:01.425  2389  2389 D KeyguardUpdateMonitor: handleBatteryUpdate
09-07 17:47:01.427  2762  2762 D QtiCarrierConfigHelper: WARNING, no carrier configs on phone Id: 0
09-07 17:47:01.427   693   693 V LocSvc_HIDL_IzatSubscription: [batteryLevelUpdate][777] [HS] <<<<= [HC]
09-07 17:47:01.435  2389  2389 D KeyguardUpdateMonitor: received broadcast android.intent.action.BATTERY_CHANGED
09-07 17:47:01.436  2389  2389 D KeyguardUpdateMonitor: handleBatteryUpdate
09-07 17:47:01.438  2762  2762 D QtiCarrierConfigHelper: WARNING, no carrier configs on phone Id: 0
09-07 17:47:01.439   693   693 V LocSvc_HIDL_IzatSubscription: [batteryLevelUpdate][777] [HS] <<<<= [HC]
09-07 17:47:01.446  2389  2389 D KeyguardUpdateMonitor: received broadcast android.intent.action.BATTERY_CHANGED
09-07 17:47:01.447  2389  2389 D KeyguardUpdateMonitor: handleBatteryUpdate
09-07 17:47:01.447  2762  2762 D QtiCarrierConfigHelper: WARNING, no carrier configs on phone Id: 0
09-07 17:47:01.448   693   693 V LocSvc_HIDL_IzatSubscription: [batteryLevelUpdate][777] [HS] <<<<= [HC]
09-07 17:47:01.456  2389  2389 D KeyguardUpdateMonitor: received broadcast android.intent.action.BATTERY_CHANGED
09-07 17:47:01.456  2389  2389 D KeyguardUpdateMonitor: handleBatteryUpdate
09-07 17:47:01.457  2762  2762 D QtiCarrierConfigHelper: WARNING, no carrier configs on phone Id: 0
09-07 17:47:01.457   693   693 V LocSvc_HIDL_IzatSubscription: [batteryLevelUpdate][777] [HS] <<<<= [HC]
09-07 17:47:01.468  2389  2389 D KeyguardUpdateMonitor: received broadcast android.intent.action.BATTERY_CHANGED
09-07 17:47:01.468  2762  2762 D QtiCarrierConfigHelper: WARNING, no carrier configs on phone Id: 0
09-07 17:47:01.468  2389  2389 D KeyguardUpdateMonitor: handleBatteryUpdate
09-07 17:47:01.470   693   693 V LocSvc_HIDL_IzatSubscription: [batteryLevelUpdate][777] [HS] <<<<= [HC]
09-07 17:47:01.478  2389  2389 D KeyguardUpdateMonitor: received broadcast android.intent.action.BATTERY_CHANGED
09-07 17:47:01.479  2389  2389 D KeyguardUpdateMonitor: handleBatteryUpdate
09-07 17:47:01.480   693   693 V LocSvc_HIDL_IzatSubscription: [batteryLevelUpdate][777] [HS] <<<<= [HC]
09-07 17:47:01.480  2762  2762 D QtiCarrierConfigHelper: WARNING, no carrier configs on phone Id: 0
09-07 17:47:01.491  2389  2389 D KeyguardUpdateMonitor: received broadcast android.intent.action.BATTERY_CHANGED
09-07 17:47:01.492  2389  2389 D KeyguardUpdateMonitor: handleBatteryUpdate
09-07 17:47:01.492  2762  2762 D QtiCarrierConfigHelper: WARNING, no carrier configs on phone Id: 0
09-07 17:47:01.493   693   693 V LocSvc_HIDL_IzatSubscription: [batteryLevelUpdate][777] [HS] <<<<= [HC]
09-07 17:47:01.500  2389  2389 D KeyguardUpdateMonitor: received broadcast android.intent.action.BATTERY_CHANGED
09-07 17:47:01.501  2389  2389 D KeyguardUpdateMonitor: handleBatteryUpdate
09-07 17:47:01.501   693   693 V LocSvc_HIDL_IzatSubscription: [batteryLevelUpdate][777] [HS] <<<<= [HC]
09-07 17:47:01.502  2762  2762 D QtiCarrierConfigHelper: WARNING, no carrier configs on phone Id: 0
09-07 17:47:01.514  2389  2389 D KeyguardUpdateMonitor: received broadcast android.intent.action.BATTERY_CHANGED
09-07 17:47:01.515  2389  2389 D KeyguardUpdateMonitor: handleBatteryUpdate
09-07 17:47:01.516  2762  2762 D QtiCarrierConfigHelper: WARNING, no carrier configs on phone Id: 0
09-07 17:47:01.516   693   693 V LocSvc_HIDL_IzatSubscription: [batteryLevelUpdate][777] [HS] <<<<= [HC]
09-07 17:47:01.524  2389  2389 D KeyguardUpdateMonitor: received broadcast android.intent.action.BATTERY_CHANGED
09-07 17:47:01.525  2389  2389 D KeyguardUpdateMonitor: handleBatteryUpdate
09-07 17:47:01.526  2762  2762 D QtiCarrierConfigHelper: WARNING, no carrier configs on phone Id: 0
09-07 17:47:01.526   693   693 V LocSvc_HIDL_IzatSubscription: [batteryLevelUpdate][777] [HS] <<<<= [HC]
09-07 17:47:01.535  2389  2389 D KeyguardUpdateMonitor: received broadcast android.intent.action.BATTERY_CHANGED
09-07 17:47:01.536  2389  2389 D KeyguardUpdateMonitor: handleBatteryUpdate
09-07 17:47:01.538   693   693 V LocSvc_HIDL_IzatSubscription: [batteryLevelUpdate][777] [HS] <<<<= [HC]
09-07 17:47:01.538  2762  2762 D QtiCarrierConfigHelper: WARNING, no carrier configs on phone Id: 0
09-07 17:47:01.546  2389  2389 D KeyguardUpdateMonitor: received broadcast android.intent.action.BATTERY_CHANGED
09-07 17:47:01.546  2389  2389 D KeyguardUpdateMonitor: handleBatteryUpdate
09-07 17:47:01.546   693   693 V LocSvc_HIDL_IzatSubscription: [batteryLevelUpdate][777] [HS] <<<<= [HC]
09-07 17:47:01.548  2762  2762 D QtiCarrierConfigHelper: WARNING, no carrier configs on phone Id: 0
09-07 17:47:01.557  2389  2389 D KeyguardUpdateMonitor: received broadcast android.intent.action.BATTERY_CHANGED
09-07 17:47:01.557  2389  2389 D KeyguardUpdateMonitor: handleBatteryUpdate
09-07 17:47:01.559  2762  2762 D QtiCarrierConfigHelper: WARNING, no carrier configs on phone Id: 0
09-07 17:47:01.559   693   693 V LocSvc_HIDL_IzatSubscription: [batteryLevelUpdate][777] [HS] <<<<= [HC]
09-07 17:47:01.568  2389  2389 D KeyguardUpdateMonitor: received broadcast android.intent.action.BATTERY_CHANGED
09-07 17:47:01.569  2389  2389 D KeyguardUpdateMonitor: handleBatteryUpdate
09-07 17:47:01.570  2762  2762 D QtiCarrierConfigHelper: WARNING, no carrier configs on phone Id: 0
09-07 17:47:01.574   693   693 V LocSvc_HIDL_IzatSubscription: [batteryLevelUpdate][777] [HS] <<<<= [HC]
09-07 17:47:01.579  2389  2389 D KeyguardUpdateMonitor: received broadcast android.intent.action.BATTERY_CHANGED
09-07 17:47:01.580  2389  2389 D KeyguardUpdateMonitor: handleBatteryUpdate
09-07 17:47:01.580  2762  2762 D QtiCarrierConfigHelper: WARNING, no carrier configs on phone Id: 0
09-07 17:47:01.581   693   693 V LocSvc_HIDL_IzatSubscription: [batteryLevelUpdate][777] [HS] <<<<= [HC]
09-07 17:47:01.589  2389  2389 D KeyguardUpdateMonitor: received broadcast android.intent.action.BATTERY_CHANGED
09-07 17:47:01.590  2389  2389 D KeyguardUpdateMonitor: handleBatteryUpdate
09-07 17:47:01.590  2762  2762 D QtiCarrierConfigHelper: WARNING, no carrier configs on phone Id: 0
09-07 17:47:01.592   693   693 V LocSvc_HIDL_IzatSubscription: [batteryLevelUpdate][777] [HS] <<<<= [HC]
09-07 17:47:01.601  2389  2389 D KeyguardUpdateMonitor: received broadcast android.intent.action.BATTERY_CHANGED
09-07 17:47:01.602  2389  2389 D KeyguardUpdateMonitor: handleBatteryUpdate
09-07 17:47:01.603  2762  2762 D QtiCarrierConfigHelper: WARNING, no carrier configs on phone Id: 0
09-07 17:47:01.605   693   693 V LocSvc_HIDL_IzatSubscription: [batteryLevelUpdate][777] [HS] <<<<= [HC]
09-07 17:47:01.611  2389  2389 D KeyguardUpdateMonitor: received broadcast android.intent.action.BATTERY_CHANGED
09-07 17:47:01.611  2389  2389 D KeyguardUpdateMonitor: handleBatteryUpdate
09-07 17:47:01.612  2762  2762 D QtiCarrierConfigHelper: WARNING, no carrier configs on phone Id: 0
09-07 17:47:01.613   693   693 V LocSvc_HIDL_IzatSubscription: [batteryLevelUpdate][777] [HS] <<<<= [HC]
09-07 17:47:01.621  2389  2389 D KeyguardUpdateMonitor: received broadcast android.intent.action.BATTERY_CHANGED
09-07 17:47:01.621  2389  2389 D KeyguardUpdateMonitor: handleBatteryUpdate
09-07 17:47:01.622  2762  2762 D QtiCarrierConfigHelper: WARNING, no carrier configs on phone Id: 0
09-07 17:47:01.623   693   693 V LocSvc_HIDL_IzatSubscription: [batteryLevelUpdate][777] [HS] <<<<= [HC]
09-07 17:47:01.633  2389  2389 D KeyguardUpdateMonitor: received broadcast android.intent.action.BATTERY_CHANGED
09-07 17:47:01.635  2389  2389 D KeyguardUpdateMonitor: handleBatteryUpdate
09-07 17:47:01.636  2762  2762 D QtiCarrierConfigHelper: WARNING, no carrier configs on phone Id: 0
09-07 17:47:01.638   693   693 V LocSvc_HIDL_IzatSubscription: [batteryLevelUpdate][777] [HS] <<<<= [HC]
09-07 17:47:01.650  2389  2389 D KeyguardUpdateMonitor: received broadcast android.intent.action.BATTERY_CHANGED
09-07 17:47:01.651  2389  2389 D KeyguardUpdateMonitor: handleBatteryUpdate
09-07 17:47:01.651   693   693 V LocSvc_HIDL_IzatSubscription: [batteryLevelUpdate][777] [HS] <<<<= [HC]
09-07 17:47:01.651  2762  2762 D QtiCarrierConfigHelper: WARNING, no carrier configs on phone Id: 0
09-07 17:47:01.656  2389  2389 D KeyguardUpdateMonitor: received broadcast android.intent.action.BATTERY_CHANGED
09-07 17:47:01.656  2389  2389 D KeyguardUpdateMonitor: handleBatteryUpdate
09-07 17:47:01.658  2762  2762 D QtiCarrierConfigHelper: WARNING, no carrier configs on phone Id: 0
09-07 17:47:01.660   693   693 V LocSvc_HIDL_IzatSubscription: [batteryLevelUpdate][777] [HS] <<<<= [HC]
09-07 17:47:01.666  2389  2389 D KeyguardUpdateMonitor: received broadcast android.intent.action.BATTERY_CHANGED
09-07 17:47:01.667  2389  2389 D KeyguardUpdateMonitor: handleBatteryUpdate
09-07 17:47:01.668  2762  2762 D QtiCarrierConfigHelper: WARNING, no carrier configs on phone Id: 0
09-07 17:47:01.670   693   693 V LocSvc_HIDL_IzatSubscription: [batteryLevelUpdate][777] [HS] <<<<= [HC]
09-07 17:47:01.677  2389  2389 D KeyguardUpdateMonitor: received broadcast android.intent.action.BATTERY_CHANGED
09-07 17:47:01.678  2389  2389 D KeyguardUpdateMonitor: handleBatteryUpdate
09-07 17:47:01.679  2762  2762 D QtiCarrierConfigHelper: WARNING, no carrier configs on phone Id: 0
09-07 17:47:01.680   693   693 V LocSvc_HIDL_IzatSubscription: [batteryLevelUpdate][777] [HS] <<<<= [HC]
09-07 17:47:01.689  2389  2389 D KeyguardUpdateMonitor: received broadcast android.intent.action.BATTERY_CHANGED
09-07 17:47:01.689  2389  2389 D KeyguardUpdateMonitor: handleBatteryUpdate
09-07 17:47:01.690  2762  2762 D QtiCarrierConfigHelper: WARNING, no carrier configs on phone Id: 0
09-07 17:47:01.695   693   693 V LocSvc_HIDL_IzatSubscription: [batteryLevelUpdate][777] [HS] <<<<= [HC]
09-07 17:47:01.696  1007  1186 E storaged: getDiskStats failed with result NOT_SUPPORTED and size 0
09-07 17:47:01.698  2389  2389 D KeyguardUpdateMonitor: received broadcast android.intent.action.BATTERY_CHANGED
09-07 17:47:01.698  2389  2389 D KeyguardUpdateMonitor: handleBatteryUpdate
09-07 17:47:01.699  2762  2762 D QtiCarrierConfigHelper: WARNING, no carrier configs on phone Id: 0
09-07 17:47:01.701   693   693 V LocSvc_HIDL_IzatSubscription: [batteryLevelUpdate][777] [HS] <<<<= [HC]
09-07 17:47:01.709  2389  2389 D KeyguardUpdateMonitor: received broadcast android.intent.action.BATTERY_CHANGED
09-07 17:47:01.709  2389  2389 D KeyguardUpdateMonitor: handleBatteryUpdate
09-07 17:47:01.710  2762  2762 D QtiCarrierConfigHelper: WARNING, no carrier configs on phone Id: 0
09-07 17:47:01.711   693   693 V LocSvc_HIDL_IzatSubscription: [batteryLevelUpdate][777] [HS] <<<<= [HC]
09-07 17:47:01.720  2389  2389 D KeyguardUpdateMonitor: received broadcast android.intent.action.BATTERY_CHANGED
09-07 17:47:01.721  2389  2389 D KeyguardUpdateMonitor: handleBatteryUpdate
09-07 17:47:01.723  2762  2762 D QtiCarrierConfigHelper: WARNING, no carrier configs on phone Id: 0
09-07 17:47:01.724   693   693 V LocSvc_HIDL_IzatSubscription: [batteryLevelUpdate][777] [HS] <<<<= [HC]
09-07 17:47:01.732  2389  2389 D KeyguardUpdateMonitor: received broadcast android.intent.action.BATTERY_CHANGED
09-07 17:47:01.733  2389  2389 D KeyguardUpdateMonitor: handleBatteryUpdate
09-07 17:47:01.733  2762  2762 D QtiCarrierConfigHelper: WARNING, no carrier configs on phone Id: 0
09-07 17:47:01.734   693   693 V LocSvc_HIDL_IzatSubscription: [batteryLevelUpdate][777] [HS] <<<<= [HC]
09-07 17:47:01.744  2389  2389 D KeyguardUpdateMonitor: received broadcast android.intent.action.BATTERY_CHANGED
09-07 17:47:01.744  2389  2389 D KeyguardUpdateMonitor: handleBatteryUpdate
09-07 17:47:01.745  2762  2762 D QtiCarrierConfigHelper: WARNING, no carrier configs on phone Id: 0
09-07 17:47:01.746   693   693 V LocSvc_HIDL_IzatSubscription: [batteryLevelUpdate][777] [HS] <<<<= [HC]
09-07 17:47:01.754  2389  2389 D KeyguardUpdateMonitor: received broadcast android.intent.action.BATTERY_CHANGED
09-07 17:47:01.754  2389  2389 D KeyguardUpdateMonitor: handleBatteryUpdate
09-07 17:47:01.755  2762  2762 D QtiCarrierConfigHelper: WARNING, no carrier configs on phone Id: 0
09-07 17:47:01.757   693   693 V LocSvc_HIDL_IzatSubscription: [batteryLevelUpdate][777] [HS] <<<<= [HC]
09-07 17:47:01.764  2389  2389 D KeyguardUpdateMonitor: received broadcast android.intent.action.BATTERY_CHANGED
09-07 17:47:01.764  2389  2389 D KeyguardUpdateMonitor: handleBatteryUpdate
09-07 17:47:01.767  2762  2762 D QtiCarrierConfigHelper: WARNING, no carrier configs on phone Id: 0
09-07 17:47:01.769   693   693 V LocSvc_HIDL_IzatSubscription: [batteryLevelUpdate][777] [HS] <<<<= [HC]
09-07 17:47:01.776  2389  2389 D KeyguardUpdateMonitor: received broadcast android.intent.action.BATTERY_CHANGED
09-07 17:47:01.777  2389  2389 D KeyguardUpdateMonitor: handleBatteryUpdate
09-07 17:47:01.779  2762  2762 D QtiCarrierConfigHelper: WARNING, no carrier configs on phone Id: 0
09-07 17:47:01.780   693   693 V LocSvc_HIDL_IzatSubscription: [batteryLevelUpdate][777] [HS] <<<<= [HC]
09-07 17:47:01.788  2389  2389 D KeyguardUpdateMonitor: received broadcast android.intent.action.BATTERY_CHANGED
09-07 17:47:01.789  2389  2389 D KeyguardUpdateMonitor: handleBatteryUpdate
09-07 17:47:01.790  2762  2762 D QtiCarrierConfigHelper: WARNING, no carrier configs on phone Id: 0
09-07 17:47:01.792   693   693 V LocSvc_HIDL_IzatSubscription: [batteryLevelUpdate][777] [HS] <<<<= [HC]
09-07 17:47:02.464   718   718 I SurfaceFlinger: FPS: 4
09-07 17:47:03.380 23000 23301 I chatty  : uid=10612(cn.missevan) expire 1 line
09-07 17:47:03.481   718   718 I SurfaceFlinger: FPS: 52
09-07 17:47:04.047  1710  2975 I chatty  : uid=1000(system) Binder:1710_A expire 25 lines
09-07 17:47:04.391 23583 23630 I chatty  : uid=10612 cn.missevan:channel expire 1 line
09-07 17:47:04.463 23583 23633 I chatty  : uid=10612 cn.missevan:channel expire 12 lines
09-07 17:47:04.497   718   718 I SurfaceFlinger: FPS: 58
09-07 17:47:04.740 23583 23646 I chatty  : uid=10612 cn.missevan:channel expire 9 lines
09-07 17:47:04.472  1710  2176 I chatty  : uid=1000(system) AutobacklightTh identical 16 lines
09-07 17:47:04.795  1710  2975 W PackageManager: setEnabledSetting  packageName:cn.missevan className:com.taobao.accs.ChannelService newState:1 userId:0 callingPackage:null
09-07 17:47:04.797 23583 23647 I chatty  : uid=10612 cn.missevan:channel expire 150 lines
09-07 17:47:04.950  1710  2975 W ActivityManager: Unable to start service Intent { act=android.security.IKeyChainService cmp=com.android.keychain/.KeyChainService } U=999: not found
09-07 17:47:04.951  2389 23652 I SecurityController: java.lang.AssertionError: could not bind to KeyChainService
09-07 17:47:05.082 23583 23659 I chatty  : uid=10612 cn.missevan:channel expire 3 lines
09-07 17:47:05.086  1710  2976 D ConnectivityService: requestNetwork for uid/pid:10612/23583 NetworkRequest [ TRACK_DEFAULT id=3249, [ Capabilities: INTERNET&NOT_RESTRICTED&TRUSTED Unwanted:  Uid: 10612] ]
09-07 17:47:05.087  2762  2762 D PhoneSwitcherNetworkRequstListener: got request NetworkRequest [ TRACK_DEFAULT id=3249, [ Capabilities: INTERNET&NOT_RESTRICTED&TRUSTED Unwanted:  Uid: 10612] ] with score 60
09-07 17:47:05.088  1710  2083 D ConnectivityService: isWifiPoorLink:false, nai.everValidated:true, networkType:1, networkDetailedState:CONNECTED, nai.isLingering():false, unneeded(nai, UnneededFor.TEARDOWN):false
09-07 17:47:05.093 23583 23660 I chatty  : uid=10612 cn.missevan:channel expire 1 line
09-07 17:47:05.182 23583 23661 I chatty  : uid=10612 cn.missevan:channel expire 2 lines
09-07 17:47:05.187 23583 23662 I chatty  : uid=10612 cn.missevan:channel expire 29 lines
09-07 17:47:05.499   718   718 I SurfaceFlinger: FPS: 49
09-07 17:47:05.843 23212 23212 I chatty  : uid=10612 cn.missevan:player.main expire 4 lines
09-07 17:47:06.391 32400 32547 D MemoryCeilingMonitor: [handleMemoryCalculate]
09-07 17:47:06.391 32400 32547 D MemoryCeilingMonitor: [calculate] tot: 3185173, max: 268435456, free: 137445, heap: 3047728, per: 0.011353671550750732
09-07 17:47:06.513   718   718 I SurfaceFlinger: FPS: 53
09-07 17:47:06.915 32400 32524 I PERF_LOG: GC.happened gc!!!!!!!!!, 224669 ms interval from last time
09-07 17:47:07.412 23292 23292 I chatty  : uid=10612 cn.missevan:player expire 4 lines
09-07 17:47:07.530   718   718 I SurfaceFlinger: FPS: 59
09-07 17:47:08.548   718   718 I SurfaceFlinger: FPS: 52
09-07 17:47:09.562   718   718 I SurfaceFlinger: FPS: 49
09-07 17:47:09.835 23000 23336 I chatty  : uid=10612(cn.missevan) expire 12 lines
09-07 17:47:09.862 23406 23406 I chatty  : uid=10612 cn.missevan:stats expire 4 lines
09-07 17:47:10.290 23583 23656 I chatty  : uid=10612 cn.missevan:channel expire 23 lines
09-07 17:47:10.595   718   718 I SurfaceFlinger: FPS: 56
09-07 17:47:10.751  1710  2176 I chatty  : uid=1000(system) AutobacklightTh identical 35 lines
09-07 17:47:10.961  2389  2389 D KeyguardUpdateMonitor: received broadcast android.intent.action.BATTERY_CHANGED
09-07 17:47:10.961  1710  5524 I chatty  : uid=1000(system) IzatProvider expire 39 lines
09-07 17:47:10.962   693   693 V LocSvc_HIDL_IzatSubscription: [batteryLevelUpdate][777] [HS] <<<<= [HC]
09-07 17:47:10.963  2762  2762 D QtiCarrierConfigHelper: WARNING, no carrier configs on phone Id: 0
09-07 17:47:10.968  1710  1710 I chatty  : uid=1000 system_server expire 26 lines
09-07 17:47:10.970  2389  2389 D KeyguardUpdateMonitor: handleBatteryUpdate
09-07 17:47:11.612   718   718 I SurfaceFlinger: FPS: 51
09-07 17:47:12.187  1710  2069 I chatty  : uid=1000(system) WifiStateMachin expire 11 lines
09-07 17:47:12.627   718   718 I SurfaceFlinger: FPS: 57
09-07 17:47:12.682  1710  2176 I chatty  : uid=1000(system) AutobacklightTh identical 10 lines
09-07 17:47:12.988  2713  3240 I chatty  : uid=1000(system) NightPearlSubTh expire 65 lines
09-07 17:47:12.989  2389  2389 D KeyguardUpdateMonitor: received broadcast android.intent.action.BATTERY_CHANGED
09-07 17:47:12.989  2389  2389 D KeyguardUpdateMonitor: handleBatteryUpdate
09-07 17:47:12.990  2713  2713 I chatty  : uid=1000(system) com.vivo.daemonService expire 78 lines
09-07 17:47:12.992  2762  2762 D QtiCarrierConfigHelper: WARNING, no carrier configs on phone Id: 0
09-07 17:47:12.995   693   693 V LocSvc_HIDL_IzatSubscription: [batteryLevelUpdate][777] [HS] <<<<= [HC]
09-07 17:47:13.004  2389  2389 D KeyguardUpdateMonitor: received broadcast android.intent.action.BATTERY_CHANGED
09-07 17:47:13.005  2762  2762 D QtiCarrierConfigHelper: WARNING, no carrier configs on phone Id: 0
09-07 17:47:13.005  2389  2389 D KeyguardUpdateMonitor: handleBatteryUpdate
09-07 17:47:13.006   693   693 V LocSvc_HIDL_IzatSubscription: [batteryLevelUpdate][777] [HS] <<<<= [HC]
09-07 17:47:13.018  2389  2389 D KeyguardUpdateMonitor: received broadcast android.intent.action.BATTERY_CHANGED
09-07 17:47:13.018  2389  2389 D KeyguardUpdateMonitor: handleBatteryUpdate
09-07 17:47:13.021  2762  2762 D QtiCarrierConfigHelper: WARNING, no carrier configs on phone Id: 0
09-07 17:47:13.022   693   693 V LocSvc_HIDL_IzatSubscription: [batteryLevelUpdate][777] [HS] <<<<= [HC]
09-07 17:47:13.031  2389  2389 D KeyguardUpdateMonitor: received broadcast android.intent.action.BATTERY_CHANGED
09-07 17:47:13.031  2389  2389 D KeyguardUpdateMonitor: handleBatteryUpdate
09-07 17:47:13.032  2762  2762 D QtiCarrierConfigHelper: WARNING, no carrier configs on phone Id: 0
09-07 17:47:13.034   693   693 V LocSvc_HIDL_IzatSubscription: [batteryLevelUpdate][777] [HS] <<<<= [HC]
09-07 17:47:13.040  2389  2389 D KeyguardUpdateMonitor: received broadcast android.intent.action.BATTERY_CHANGED
09-07 17:47:13.041  2389  2389 D KeyguardUpdateMonitor: handleBatteryUpdate
09-07 17:47:13.042   693   693 V LocSvc_HIDL_IzatSubscription: [batteryLevelUpdate][777] [HS] <<<<= [HC]
09-07 17:47:13.044  2762  2762 D QtiCarrierConfigHelper: WARNING, no carrier configs on phone Id: 0
09-07 17:47:13.052  2389  2389 D KeyguardUpdateMonitor: received broadcast android.intent.action.BATTERY_CHANGED
09-07 17:47:13.052  2389  2389 D KeyguardUpdateMonitor: handleBatteryUpdate
09-07 17:47:13.053  2762  2762 D QtiCarrierConfigHelper: WARNING, no carrier configs on phone Id: 0
09-07 17:47:13.060   693   693 V LocSvc_HIDL_IzatSubscription: [batteryLevelUpdate][777] [HS] <<<<= [HC]
09-07 17:47:13.062  2762  2762 D QtiCarrierConfigHelper: WARNING, no carrier configs on phone Id: 0
09-07 17:47:13.063   693   693 V LocSvc_HIDL_IzatSubscription: [batteryLevelUpdate][777] [HS] <<<<= [HC]
09-07 17:47:13.065  2389  2389 D KeyguardUpdateMonitor: received broadcast android.intent.action.BATTERY_CHANGED
09-07 17:47:13.066  2389  2389 D KeyguardUpdateMonitor: handleBatteryUpdate
09-07 17:47:13.073  2389  2389 D KeyguardUpdateMonitor: received broadcast android.intent.action.BATTERY_CHANGED
09-07 17:47:13.073  2389  2389 D KeyguardUpdateMonitor: handleBatteryUpdate
09-07 17:47:13.074   693   693 V LocSvc_HIDL_IzatSubscription: [batteryLevelUpdate][777] [HS] <<<<= [HC]
09-07 17:47:13.077  2762  2762 D QtiCarrierConfigHelper: WARNING, no carrier configs on phone Id: 0
09-07 17:47:13.085  2389  2389 D KeyguardUpdateMonitor: received broadcast android.intent.action.BATTERY_CHANGED
09-07 17:47:13.086  2389  2389 D KeyguardUpdateMonitor: handleBatteryUpdate
09-07 17:47:13.086  2762  2762 D QtiCarrierConfigHelper: WARNING, no carrier configs on phone Id: 0
09-07 17:47:13.088   693   693 V LocSvc_HIDL_IzatSubscription: [batteryLevelUpdate][777] [HS] <<<<= [HC]
09-07 17:47:13.099  2389  2389 D KeyguardUpdateMonitor: received broadcast android.intent.action.BATTERY_CHANGED
09-07 17:47:13.100  2389  2389 D KeyguardUpdateMonitor: handleBatteryUpdate
09-07 17:47:13.100  2762  2762 D QtiCarrierConfigHelper: WARNING, no carrier configs on phone Id: 0
09-07 17:47:13.101   693   693 V LocSvc_HIDL_IzatSubscription: [batteryLevelUpdate][777] [HS] <<<<= [HC]
09-07 17:47:13.616 23000 23186 I chatty  : uid=10612(cn.missevan) expire 12 lines
09-07 17:47:13.646   718   718 I SurfaceFlinger: FPS: 57
09-07 17:47:13.970  1710  2176 I chatty  : uid=1000(system) AutobacklightTh identical 5 lines
09-07 17:47:14.205  2389  2389 D KeyguardUpdateMonitor: received broadcast android.intent.action.BATTERY_CHANGED
09-07 17:47:14.207  2762  2762 D QtiCarrierConfigHelper: WARNING, no carrier configs on phone Id: 0
09-07 17:47:14.210   693   693 V LocSvc_HIDL_IzatSubscription: [batteryLevelUpdate][777] [HS] <<<<= [HC]
09-07 17:47:14.212  2389  2389 D KeyguardUpdateMonitor: handleBatteryUpdate
09-07 17:47:14.660   718   718 I SurfaceFlinger: FPS: 49
09-07 17:47:14.837 23583 23583 I chatty  : uid=10612 cn.missevan:channel expire 22 lines
09-07 17:47:15.147  2713  3513 I chatty  : uid=1000(system) Timer-0 expire 10 lines
09-07 17:47:15.676   718   718 I SurfaceFlinger: FPS: 53
09-07 17:47:16.063  1710  2176 I chatty  : uid=1000(system) AutobacklightTh identical 11 lines
09-07 17:47:16.315  2389  2389 D KeyguardUpdateMonitor: received broadcast android.intent.action.BATTERY_CHANGED
09-07 17:47:16.316  2389  2389 D KeyguardUpdateMonitor: handleBatteryUpdate
09-07 17:47:16.332  2762  2762 D QtiCarrierConfigHelper: WARNING, no carrier configs on phone Id: 0
09-07 17:47:16.334   693   693 V LocSvc_HIDL_IzatSubscription: [batteryLevelUpdate][777] [HS] <<<<= [HC]
09-07 17:47:16.401 32400 32547 D MemoryCeilingMonitor: [handleMemoryCalculate]
09-07 17:47:16.401 32400 32547 D MemoryCeilingMonitor: [calculate] tot: 3169365, max: 268435456, free: 710357, heap: 2459008, per: 0.009160518646240234
09-07 17:47:16.710   718   718 I SurfaceFlinger: FPS: 57
09-07 17:47:16.708  1710  2176 I chatty  : uid=1000(system) AutobacklightTh identical 2 lines
09-07 17:47:16.887  1710  1710 V SettingsProvider: Notifying for 0: content://settings/global/hidden_api_policy_pre_p_apps
09-07 17:47:16.887  1710  1710 V SettingsProvider: Notifying for 999: content://settings/global/hidden_api_policy_pre_p_apps
09-07 17:47:16.937  1710  1710 V SettingsProvider: Notifying for 0: content://settings/global/hidden_api_policy_p_apps
09-07 17:47:16.937  1710  1710 V SettingsProvider: Notifying for 999: content://settings/global/hidden_api_policy_p_apps
09-07 17:47:16.988  1710  1710 V SettingsProvider: Notifying for 0: content://settings/global/hidden_api_policy
09-07 17:47:16.988  1710  1710 V SettingsProvider: Notifying for 999: content://settings/global/hidden_api_policy
09-07 17:47:17.378  4383  4497 V SingleDBHelper: onOpen
09-07 17:47:17.725   718   718 I SurfaceFlinger: FPS: 52
09-07 17:47:18.741   718   718 I SurfaceFlinger: FPS: 54
09-07 17:47:19.695 22956 23727 I appium  : channel read: GET /wd/hub/sessions
09-07 17:47:19.698 22956 23727 I appium  : GetSessions command
09-07 17:47:19.722 22956 23727 I appium  : AppiumResponse: {"sessionId":"None","value":[{"capabilities":{"appPackage":"cn.missevan","networkConnectionEnabled":true,"noReset":true,"warnings":{},"databaseEnabled":false,"deviceName":"e51ac679","platform":"LINUX","deviceUDID":"e51ac679","appActivity":".activity.MainActivity","desired":{"platformName":"Android",
09-07 17:47:19.755 22956 23728 I appium  : channel read: DELETE /wd/hub/session/undefined
09-07 17:47:19.760 22956 23728 I appium  : DeleteSession command
09-07 17:47:19.603  1710  2176 I chatty  : uid=1000(system) AutobacklightTh identical 16 lines
09-07 17:47:19.766  1710  2975 D PowerManagerService: releaseWakeLockInternal: lock=239494682 [UiAutomator2:ScreenKeeper], flags=0x0
09-07 17:47:19.768 22956 23728 I appium  : Stopping uiautomator2 io.appium.uiautomator2.http io.appium.uiautomator2.server
09-07 17:47:19.774   718   718 I SurfaceFlinger: FPS: 55
09-07 17:47:19.775 22956 23728 I appium  : AppiumResponse: {"sessionId":"undefined","value":null}
09-07 17:47:19.969 22956 22988 I TestRunner: finished: startServer(io.appium.uiautomator2.server.test.AppiumUiAutomator2Server)
09-07 17:47:19.979 22956 22956 I MonitoringInstr: Activities that are still in CREATED to STOPPED: 0
09-07 17:47:19.981 22956 22988 I TestRunner: run finished: 1 tests, 0 failed, 0 ignored
09-07 17:47:19.997 22956 22988 D NetworkSecurityConfig: No Network Security Config specified, using platform default
09-07 17:47:19.999 22956 22988 I DpmTcmClient: RegisterTcmMonitor from: $Proxy0
09-07 17:47:20.443 22956 22956 I MonitoringInstr: Activities that are still in CREATED to STOPPED: 0
09-07 17:47:20.444 22956 22988 I MonitoringInstr: waitForActivitiesToComplete() took: 0ms
09-07 17:47:20.254  1710  2176 I chatty  : uid=1000(system) AutobacklightTh identical 2 lines
09-07 17:47:20.446  1710  2975 W WindowManager: removeWindowToken: Attempted to remove non-existing token: android.os.Binder@a43473c
09-07 17:47:20.448  1710  1710 V SettingsProvider: Notifying for 0: content://settings/secure/accessibility_enabled
09-07 17:47:20.449  1710  1710 V SettingsProvider: Notifying for 999: content://settings/secure/accessibility_enabled
09-07 17:47:20.468  1710  4818 I ActivityManager: Force stopping io.appium.uiautomator2.server appid=10144 user=0: finished inst
09-07 17:47:20.469  1710  4818 I ActivityManager: Killing 22956:io.appium.uiautomator2.server/u0a144 (adj 0): finished inst
09-07 17:47:20.469  1710 23748 I chatty  : uid=1000 system_server expire 1 line
09-07 17:47:20.471  1710  1843 I chatty  : uid=1000(system) ActivityManager expire 11 lines
09-07 17:47:20.473 22935 22935 D AndroidRuntime: Shutting down VM
09-07 17:47:20.499   716  8224 V APM_AudioPolicyManager: AudioPolicyManager:setRecordSilenced(uid:10144, silenced:1)
09-07 17:47:20.499   716  8224 V AudioFlinger: AudioFlinger::setRecordSilenced(uid:10144, silenced:1)
09-07 17:47:20.500  1710  1840 I chatty  : uid=1000(system) android.ui expire 13 lines
09-07 17:47:20.500  1710  2097 I chatty  : uid=1000(system) VivoLocationNot expire 24 lines
09-07 17:47:20.502  2713  3532 I chatty  : uid=1000(system) update-pid expire 8 lines
09-07 17:47:20.507  2713  2760 I chatty  : uid=1000(system) Binder:2713_3 expire 17 lines
09-07 17:47:20.589   977   977 I Zygote  : Process 22956 exited due to signal (9)
09-07 17:47:20.789   718   718 I SurfaceFlinger: FPS: 53
09-07 17:47:20.735  1710  2176 I chatty  : uid=1000(system) AutobacklightTh identical 1 line
09-07 17:47:20.912  1710  5742 D ActivityManager: AMS onShellCommand CallingPid=23752 ,callingUid=2000 ,PackageName=android.uid.shell:2000.Starting command :force-stop io.appium.uiautomator2.server.test
09-07 17:47:20.914  1710  5742 I ActivityManager: Force stopping io.appium.uiautomator2.server.test appid=10145 user=0: stop by 23752
09-07 17:47:20.921  1710  5742 I ActivityManager: Force stopping io.appium.uiautomator2.server.test appid=10145 user=999: stop by 23752
09-07 17:47:20.942  1710  1710 I NotificationService: action=android.intent.action.PACKAGE_RESTARTED removing=false
09-07 17:47:20.943  1710  1710 D NotificationService: handleSavePolicyFile
09-07 17:47:20.943  2713  2713 W ContextImpl: Calling a method in the system process without a qualified user: android.app.ContextImpl.startService:1550 android.content.ContextWrapper.startService:664 com.vivo.daemonService.easyshare.ESAlarmReceiver.a:5 com.vivo.daemonService.easyshare.ESAlarmReceiver.onReceive:2 android.app.LoadedApk$ReceiverDispatcher$Args.lambda$getRunnable$0:1416
09-07 17:47:20.946  2762  2762 D CarrierSvcBindHelper: No carrier app for: 0
09-07 17:47:20.947  1710  1839 D ActivityManager: StartMode packageName = com.tencent.android.qqdownloader ,callingPid = -1 ,alwaysRestrict = true ,startMode = 2 ,UidRec:null
09-07 17:47:20.947  1710  1839 W BroadcastQueue: Background execution not allowed: receiving Intent { act=android.intent.action.PACKAGE_RESTARTED dat=package:io.appium.uiautomator2.server.test flg=0x10 (has extras) } to com.tencent.android.qqdownloader/com.tencent.assistant.localres.localapk.PackageChangedReceiver
09-07 17:47:20.948  2762  2762 D CarrierSvcBindHelper: No carrier app for: 1
09-07 17:47:20.948  2762  2762 D CarrierSvcBindHelper: No carrier app for: 0
09-07 17:47:20.948  2762  2762 D CarrierSvcBindHelper: No carrier app for: 1
09-07 17:47:20.955  1710  1839 D ActivityManager: StartMode packageName = com.vivo.appfilter ,callingPid = -1 ,alwaysRestrict = true ,startMode = 2 ,UidRec:UidRecord{d0d1b3f 1000 PER  procs:34 seq(0,0,0)}
09-07 17:47:20.955  1710  1839 W BroadcastQueue: Background execution not allowed: receiving Intent { act=android.intent.action.PACKAGE_RESTARTED dat=package:io.appium.uiautomator2.server.test flg=0x10 (has extras) } to com.vivo.appfilter/.receiver.VivoBringupPkgReceiver
09-07 17:47:20.955  1710  1839 D ActivityManager: StartMode packageName = com.tencent.android.qqdownloader ,callingPid = -1 ,alwaysRestrict = true ,startMode = 2 ,UidRec:null
09-07 17:47:20.955  1710  1839 W BroadcastQueue: Background execution not allowed: receiving Intent { act=android.intent.action.PACKAGE_RESTARTED dat=package:io.appium.uiautomator2.server.test flg=0x10 (has extras) } to com.tencent.android.qqdownloader/com.qq.AppService.APKReceiver
09-07 17:47:20.958  1710  1710 I NotificationService: action=android.intent.action.PACKAGE_RESTARTED removing=false
09-07 17:47:20.959  1710  1710 D NotificationService: handleSavePolicyFile
09-07 17:47:20.966  2713  4083 I chatty  : uid=1000(system) AlertService expire 6 lines
09-07 17:47:21.278 23754 23754 D AndroidRuntime: >>>>>> START com.android.internal.os.RuntimeInit uid 2000 <<<<<<
09-07 17:47:21.354 23754 23754 I app_process: The ClassLoaderContext is a special shared library.
09-07 17:47:21.372 23754 23754 W main    : type=1400 audit(0.0:63387): avc: denied { read } for name="u:object_r:vendor_mpctl_prop:s0" dev="tmpfs" ino=5870 scontext=u:r:shell:s0 tcontext=u:object_r:vendor_mpctl_prop:s0 tclass=file permissive=0
09-07 17:47:21.382 23754 23754 E libc    : Access denied finding property "ro.vendor.at_library"
09-07 17:47:21.389 23754 23754 D AndroidRuntime: Calling main entry com.android.commands.am.Am
09-07 17:47:21.213  1710  2176 I chatty  : uid=1000(system) AutobacklightTh identical 1 line
09-07 17:47:21.395  1710  5742 I ActivityManager: Force stopping io.appium.uiautomator2.server appid=10144 user=0: start instr
09-07 17:47:21.431  1710  1841 I ActivityManager: Start proc 23770:io.appium.uiautomator2.server/u0a144 for added application io.appium.uiautomator2.server
09-07 17:47:21.439 23770 23770 I tomator2.serve: Late-enabling -Xcheck:jni
09-07 17:47:21.545   716   910 V APM_AudioPolicyManager: AudioPolicyManager:setRecordSilenced(uid:10144, silenced:0)
09-07 17:47:21.545   716   910 V AudioFlinger: AudioFlinger::setRecordSilenced(uid:10144, silenced:0)
09-07 17:47:21.617 23770 23770 I tomator2.serve: The ClassLoaderContext is a special shared library.
09-07 17:47:21.618 23770 23770 I tomator2.serve: The ClassLoaderContext is a special shared library.
09-07 17:47:21.621 23770 23770 W tomator2.serve: ClassLoaderContext classpath element mismatch for position 0. expected=/system/framework/android.test.mock.jar, found=/system/framework/android.test.runner.jar (PCL[/system/framework/android.test.mock.jar*2077058553:/system/framework/android.test.runner.jar*3846605392] | PCL[/system/framework/android.test.runner.jar*3846605392:/system/framework/android.test.mock.jar*2077058553])
09-07 17:47:21.624 23770 23770 W tomator2.serve: ClassLoaderContext classpath size mismatch for position 0. expected=0, found=4 (PCL[] | PCL[/system/framework/android.test.runner.jar*3846605392:/system/framework/android.test.mock.jar*2077058553:/data/app/io.appium.uiautomator2.server.test-K07vq4ZhCm4h6eWbq7B8og==/base.apk*3464038622:/data/app/io.appium.uiautomator2.server.test-K07vq4ZhCm4h6eWbq7B8og==/base.apk!classes2.dex*2170559374])
09-07 17:47:21.626 23770 23770 W tomator2.serve: Found duplicate classes, falling back to extracting from APK : /data/app/io.appium.uiautomator2.server-hU_If1ssmYNlALRcrtEGLw==/base.apk
09-07 17:47:21.626 23770 23770 W tomator2.serve: NOTE: This wastes RAM and hurts startup performance.
09-07 17:47:21.626 23770 23770 W tomator2.serve: Found duplicated class when checking oat files: 'Ljunit/runner/BaseTestRunner;' in /data/app/io.appium.uiautomator2.server-hU_If1ssmYNlALRcrtEGLw==/base.apk and /system/framework/android.test.runner.jar
09-07 17:47:21.626 23770 23770 W tomator2.serve:
09-07 17:47:21.805   718   718 I SurfaceFlinger: FPS: 53
09-07 17:47:21.893 23770 23770 I Perf    : Connecting to perf service.
09-07 17:47:21.917 23770 23770 I tomator2.serve: The ClassLoaderContext is a special shared library.
09-07 17:47:21.920 23770 23770 I tomator2.serve: The ClassLoaderContext is a special shared library.
09-07 17:47:21.924 23770 23770 W tomator2.serve: ClassLoaderContext size mismatch. expected=1, actual=2 (PCL[/system/framework/android.test.mock.jar*2077058553:/system/framework/android.test.runner.jar*3846605392] | PCL[/system/framework/android.test.runner.jar*3846605392:/system/framework/android.test.mock.jar*2077058553];PCL[/system/framework/android.test.runner.jar*3846605392:/system/framework/android.test.mock.jar*2077058553:/data/app/io.appium.uiautomator2.server.test-K07vq4ZhCm4h6eWbq7B8og==/base.apk*3464038622:/data/app/io.appium.uiautomator2.server.test-K07vq4ZhCm4h6eWbq7B8og==/base.apk!classes2.dex*2170559374:/data/app/io.appium.uiautomator2.server-hU_If1ssmYNlALRcrtEGLw==/base.apk*2259969859:/data/app/io.appium.uiautomator2.server-hU_If1ssmYNlALRcrtEGLw==/base.apk!classes2.dex*3854679608])
09-07 17:47:21.925 23770 23770 W tomator2.serve: Found duplicate classes, falling back to extracting from APK : /data/app/io.appium.uiautomator2.server.test-K07vq4ZhCm4h6eWbq7B8og==/base.apk
09-07 17:47:21.925 23770 23770 W tomator2.serve: NOTE: This wastes RAM and hurts startup performance.
09-07 17:47:21.925 23770 23770 W tomator2.serve: Found duplicated class when checking oat files: 'Landroidx/test/espresso/AmbiguousViewMatcherException$1;' in /data/app/io.appium.uiautomator2.server.test-K07vq4ZhCm4h6eWbq7B8og==/base.apk and /data/app/io.appium.uiautomator2.server.test-K07vq4ZhCm4h6eWbq7B8og==/base.apk
09-07 17:47:21.925 23770 23770 W tomator2.serve:
09-07 17:47:21.975 18564 18564 E adbd    : failed to connect to socket 'tcp:6790': Connection refused
09-07 17:47:22.018 23770 23770 W tomator2.serve: ClassLoaderContext size mismatch. expected=1, actual=2 (PCL[] | PCL[/system/framework/android.test.runner.jar*3846605392:/system/framework/android.test.mock.jar*2077058553:/data/app/io.appium.uiautomator2.server.test-K07vq4ZhCm4h6eWbq7B8og==/base.apk*3464038622:/data/app/io.appium.uiautomator2.server.test-K07vq4ZhCm4h6eWbq7B8og==/base.apk!classes2.dex*2170559374];PCL[/system/framework/android.test.runner.jar*3846605392:/system/framework/android.test.mock.jar*2077058553:/data/app/io.appium.uiautomator2.server.test-K07vq4ZhCm4h6eWbq7B8og==/base.apk*3464038622:/data/app/io.appium.uiautomator2.server.test-K07vq4ZhCm4h6eWbq7B8og==/base.apk!classes2.dex*2170559374:/data/app/io.appium.uiautomator2.server-hU_If1ssmYNlALRcrtEGLw==/base.apk*2259969859:/data/app/io.appium.uiautomator2.server-hU_If1ssmYNlALRcrtEGLw==/base.apk!classes2.dex*3854679608])
09-07 17:47:22.019 23770 23770 W tomator2.serve: Found duplicate classes, falling back to extracting from APK : /data/app/io.appium.uiautomator2.server-hU_If1ssmYNlALRcrtEGLw==/base.apk
09-07 17:47:22.019 23770 23770 W tomator2.serve: NOTE: This wastes RAM and hurts startup performance.
09-07 17:47:22.019 23770 23770 W tomator2.serve: Found duplicated class when checking oat files: 'Landroid_libs/ub_uiautomator/R;' in /data/app/io.appium.uiautomator2.server-hU_If1ssmYNlALRcrtEGLw==/base.apk!classes2.dex and /data/app/io.appium.uiautomator2.server-hU_If1ssmYNlALRcrtEGLw==/base.apk!classes2.dex
09-07 17:47:22.019 23770 23770 W tomator2.serve:
09-07 17:47:22.296 23770 23770 W tomator2.serve: Accessing hidden method Landroid/app/Instrumentation;->execStartActivity(Landroid/content/Context;Landroid/os/IBinder;Landroid/os/IBinder;Landroid/app/Activity;Landroid/content/Intent;ILandroid/os/Bundle;)Landroid/app/Instrumentation$ActivityResult; (light greylist, linking)
09-07 17:47:22.296 23770 23770 W tomator2.serve: Accessing hidden method Landroid/app/Instrumentation;->execStartActivity(Landroid/content/Context;Landroid/os/IBinder;Landroid/os/IBinder;Ljava/lang/String;Landroid/content/Intent;ILandroid/os/Bundle;)Landroid/app/Instrumentation$ActivityResult; (light greylist, linking)
09-07 17:47:22.343 23770 23770 I MonitoringInstr: Instrumentation started!
09-07 17:47:22.349 23770 23770 I MonitoringInstr: Setting context classloader to 'dalvik.system.PathClassLoader[DexPathList[[zip file "/system/framework/android.test.runner.jar", zip file "/system/framework/android.test.mock.jar", zip file "/data/app/io.appium.uiautomator2.server.test-K07vq4ZhCm4h6eWbq7B8og==/base.apk", zip file "/data/app/io.appium.uiautomator2.server-hU_If1ssmYNlALRcrtEGLw==/base.apk"],nativeLibraryDirectories=[/data/app/io.appium.uiautomator2.server.test-K07vq4ZhCm4h6eWbq7B8og==/lib/arm64, /data/app/io.appium.uiautomator2.server-hU_If1ssmYNlALRcrtEGLw==/lib/arm64, /system/lib64]]]', Original: 'dalvik.system.PathClassLoader[DexPathList[[zip file "/system/framework/android.test.runner.jar", zip file "/system/framework/android.test.mock.jar", zip file "/data/app/io.appium.uiautomator2.server.test-K07vq4ZhCm4h6eWbq7B8og==/base.apk", zip file "/data/app/io.appium.uiautomator2.server-hU_If1ssmYNlALRcrtEGLw==/base.apk"],nativeLibraryDirectories=[/data/app/io.appium.uiautomator2.server.test-K07vq4ZhCm4h6eWbq7B8og==/lib/arm64, /data/app/io.appium.uiautomator2.server-hU_If1ssmYNlALRcrtEGLw==/lib/arm64, /system/lib64]]]'
09-07 17:47:22.358 23770 23770 I MonitoringInstr: No JSBridge.
09-07 17:47:22.361 23770 23787 I MonitoringInstr: Setting context classloader to 'dalvik.system.PathClassLoader[DexPathList[[zip file "/system/framework/android.test.runner.jar", zip file "/system/framework/android.test.mock.jar", zip file "/data/app/io.appium.uiautomator2.server.test-K07vq4ZhCm4h6eWbq7B8og==/base.apk", zip file "/data/app/io.appium.uiautomator2.server-hU_If1ssmYNlALRcrtEGLw==/base.apk"],nativeLibraryDirectories=[/data/app/io.appium.uiautomator2.server.test-K07vq4ZhCm4h6eWbq7B8og==/lib/arm64, /data/app/io.appium.uiautomator2.server-hU_If1ssmYNlALRcrtEGLw==/lib/arm64, /system/lib64]]]', Original: 'dalvik.system.PathClassLoader[DexPathList[[zip file "/system/framework/android.test.runner.jar", zip file "/system/framework/android.test.mock.jar", zip file "/data/app/io.appium.uiautomator2.server.test-K07vq4ZhCm4h6eWbq7B8og==/base.apk", zip file "/data/app/io.appium.uiautomator2.server-hU_If1ssmYNlALRcrtEGLw==/base.apk"],nativeLibraryDirectories=[/data/app/io.appium.uiautomator2.server.test-K07vq4ZhCm4h6eWbq7B8og==/lib/arm64, /data/app/io.appium.uiautomator2.server-hU_If1ssmYNlALRcrtEGLw==/lib/arm64, /system/lib64]]]'
09-07 17:47:22.393 23770 23787 I UsageTrackerFacilitator: Usage tracking enabled
09-07 17:47:22.403 23770 23787 I TestRequestBuilder: Scanning classpath to find tests in paths [/data/app/io.appium.uiautomator2.server.test-K07vq4ZhCm4h6eWbq7B8og==/base.apk]
09-07 17:47:22.409 23770 23787 W tomator2.serve: Opening an oat file without a class loader. Are you using the deprecated DexFile APIs?
09-07 17:47:22.806   718   718 I SurfaceFlinger: FPS: 56
09-07 17:47:22.985 18564 18564 E adbd    : failed to connect to socket 'tcp:6790': Connection refused
09-07 17:47:23.598 23770 23787 D TestExecutor: Adding listener androidx.test.internal.runner.listener.LogRunListener
09-07 17:47:23.599 23770 23787 D TestExecutor: Adding listener androidx.test.internal.runner.listener.InstrumentationResultPrinter
09-07 17:47:23.599 23770 23787 D TestExecutor: Adding listener androidx.test.internal.runner.listener.ActivityFinisherRunListener
09-07 17:47:23.606 23770 23787 I TestRunner: run started: 1 tests
09-07 17:47:23.618 23770 23787 I TestRunner: started: startServer(io.appium.uiautomator2.server.test.AppiumUiAutomator2Server)
