09-07 17:42:31.508   672  4127 D audio_hw_primary: out_standby: exit
09-07 17:42:31.508   716   919 V AudioFlinger: releaseWakeLock_l() AudioOut_15
09-07 17:42:31.508   716   919 V AudioFlinger: thread 0xe2b839c0 type 0 TID 919 going to sleep
09-07 17:42:31.902   718   718 I SurfaceFlinger: FPS: 53
09-07 17:42:32.934   718   718 I SurfaceFlinger: FPS: 52
09-07 17:42:33.949   718   718 I SurfaceFlinger: FPS: 57
09-07 17:42:34.544  1710  2176 I chatty  : uid=1000(system) AutobacklightTh identical 19 lines
09-07 17:42:34.702   700   700 W atcmd@1.0-servi: type=1400 audit(0.0:63303): avc: denied { write } for name="property_service" dev="tmpfs" ino=5911 scontext=u:r:hal_atcmd_default:s0 tcontext=u:object_r:property_socket:s0 tclass=sock_file permissive=0
09-07 17:42:34.709  1710  5425 W ActivityManager: Unable to start service Intent { act=android.security.IKeyChainService cmp=com.android.keychain/.KeyChainService } U=999: not found
09-07 17:42:34.709  2389 22211 I SecurityController: java.lang.AssertionError: could not bind to KeyChainService
09-07 17:42:34.715   700 28321 D EM_LOG_AtcmdFramework: 614:dpdt_indication_cb(): msg_id = 68, ind_buf_len = 10
09-07 17:42:34.715   700 28321 D EM_LOG_AtcmdFramework: 642:dpdt_indication_cb(): tx_antenna_state_len: 2
09-07 17:42:34.716   700 28321 D EM_LOG_AtcmdFramework: 670:dpdt_indication_cb(): antenna_id[0]: 0 ,,, new_state[0]: 0 ,,, old_state[0]: 1
09-07 17:42:34.716   700 28321 D EM_LOG_AtcmdFramework: 660:dpdt_indication_cb(): antenna_id_change down down down  old_time: 1662543461  dpdt_up_time:434328  time_now:1662543754
09-07 17:42:34.716   700 28321 W libc    : Unable to set property "sys.dpdt.antenna_id" to "1": connection failed; errno=13 (Permission denied)
09-07 17:42:34.716   700 28321 D EM_LOG_AtcmdFramework: 670:dpdt_indication_cb(): antenna_id[1]: 1 ,,, new_state[1]: 1 ,,, old_state[1]: 0
09-07 17:42:34.966   718   718 I SurfaceFlinger: FPS: 51
09-07 17:42:35.134  2713  3513 I chatty  : uid=1000(system) Timer-0 expire 14 lines
09-07 17:42:35.188  1710  2176 I chatty  : uid=1000(system) AutobacklightTh identical 2 lines
09-07 17:42:35.390  1710  1839 D ActivityManager: StartMode packageName = com.tencent.mm ,callingPid = -1 ,alwaysRestrict = true ,startMode = 2 ,UidRec:UidRecord{bb14d78 u0a569 SVC  bg:+5d1h23m2s763ms idle change:idle procs:2 seq(0,0,0)}
09-07 17:42:35.404  1710  1839 I chatty  : uid=1000(system) ActivityManager expire 11 lines
09-07 17:42:35.983   718   718 I SurfaceFlinger: FPS: 48
09-07 17:42:36.174 32400 32547 D MemoryCeilingMonitor: [handleMemoryCalculate]
09-07 17:42:36.174 32400 32547 D MemoryCeilingMonitor: [calculate] tot: 3162453, max: 268435456, free: 610069, heap: 2552384, per: 0.009508371353149414
09-07 17:42:36.799  1710  2176 I chatty  : uid=1000(system) AutobacklightTh identical 8 lines
09-07 17:42:36.999   718   718 I SurfaceFlinger: FPS: 57
09-07 17:42:37.012  2389  2389 D KeyguardUpdateMonitor: received broadcast android.intent.action.BATTERY_CHANGED
09-07 17:42:37.012  2389  2389 D KeyguardUpdateMonitor: handleBatteryUpdate
09-07 17:42:37.015  2762  2762 D QtiCarrierConfigHelper: WARNING, no carrier configs on phone Id: 0
09-07 17:42:37.015  1710  5524 I chatty  : uid=1000(system) IzatProvider expire 15 lines
09-07 17:42:37.016   693   693 V LocSvc_HIDL_IzatSubscription: [batteryLevelUpdate][777] [HS] <<<<= [HC]
09-07 17:42:37.028  2389  2389 D KeyguardUpdateMonitor: received broadcast android.intent.action.BATTERY_CHANGED
09-07 17:42:37.028  2389  2389 D KeyguardUpdateMonitor: handleBatteryUpdate
09-07 17:42:37.032  2762  2762 D QtiCarrierConfigHelper: WARNING, no carrier configs on phone Id: 0
09-07 17:42:37.034   693   693 V LocSvc_HIDL_IzatSubscription: [batteryLevelUpdate][777] [HS] <<<<= [HC]
09-07 17:42:37.045  2389  2389 D KeyguardUpdateMonitor: received broadcast android.intent.action.BATTERY_CHANGED
09-07 17:42:37.045  2389  2389 D KeyguardUpdateMonitor: handleBatteryUpdate
09-07 17:42:37.047  2762  2762 D QtiCarrierConfigHelper: WARNING, no carrier configs on phone Id: 0
09-07 17:42:37.050   693   693 V LocSvc_HIDL_IzatSubscription: [batteryLevelUpdate][777] [HS] <<<<= [HC]
09-07 17:42:37.401  1710  2069 I chatty  : uid=1000(system) WifiStateMachin expire 14 lines
09-07 17:42:37.403  1710  2976 I ActivityManager: Killing 17280:com.iqoo.secure/u0a53 (adj 906): empty for 5486s
09-07 17:42:37.405  1710  1843 I chatty  : uid=1000(system) ActivityManager expire 11 lines
09-07 17:42:37.442   977   977 I Zygote  : Process 17280 exited due to signal (9)
09-07 17:42:37.443  2713 31929 I chatty  : uid=1000(system) Binder:2713_E expire 9 lines
09-07 17:42:37.444  1710  2097 I chatty  : uid=1000(system) VivoLocationNot expire 12 lines
09-07 17:42:37.447  2713  3532 I chatty  : uid=1000(system) update-pid expire 11 lines
09-07 17:42:37.449  2258  7246 I chatty  : uid=1000(system) UsageAppManager expire 6 lines
09-07 17:42:38.014   718   718 I SurfaceFlinger: FPS: 52
09-07 17:42:39.016   718   718 I SurfaceFlinger: FPS: 46
09-07 17:42:40.033   718   718 I SurfaceFlinger: FPS: 59
09-07 17:42:41.049   718   718 I SurfaceFlinger: FPS: 52
09-07 17:42:42.064   718   718 I SurfaceFlinger: FPS: 50
09-07 17:42:43.098   718   718 I SurfaceFlinger: FPS: 61
09-07 17:42:44.113   718   718 I SurfaceFlinger: FPS: 54
09-07 17:42:44.483  1710  1710 I chatty  : uid=1000 system_server expire 10 lines
09-07 17:42:44.852 31788 31788 D BoundBrokerSvc: onUnbind: Intent { act=com.google.android.gms.gmscompliance.service.START dat=chimera-action:com.google.android.gms.gmscompliance.service.START cmp=com.google.android.gms/.chimera.PersistentBoundBrokerService }
09-07 17:42:45.182   718   718 I SurfaceFlinger: FPS: 49
09-07 17:42:45.330  1710  2176 I chatty  : uid=1000(system) AutobacklightTh identical 48 lines
09-07 17:42:45.472 27410 27601 E memtrack: Couldn't load memtrack module
09-07 17:42:45.472 27410 27601 W android.os.Debug: failed to get memory consumption info: -1
09-07 17:42:45.589  2713  3240 I chatty  : uid=1000(system) NightPearlSubTh expire 20 lines
09-07 17:42:45.589  2713  2713 I chatty  : uid=1000(system) com.vivo.daemonService expire 38 lines
09-07 17:42:45.591  2762  2762 D QtiCarrierConfigHelper: WARNING, no carrier configs on phone Id: 0
09-07 17:42:45.591  2389  2389 D KeyguardUpdateMonitor: received broadcast android.intent.action.BATTERY_CHANGED
09-07 17:42:45.592  2389  2389 D KeyguardUpdateMonitor: handleBatteryUpdate
09-07 17:42:45.593   693   693 V LocSvc_HIDL_IzatSubscription: [batteryLevelUpdate][777] [HS] <<<<= [HC]
09-07 17:42:45.741 32400 32562 D WorkerThreadMonitor: Kill MSF check result[ senderSize:0,sendInterval:329946,receiveInterval=29634,addCmdCount=174
09-07 17:42:45.975  1710  2176 I chatty  : uid=1000(system) AutobacklightTh identical 2 lines
09-07 17:42:46.181 32400 32547 D MemoryCeilingMonitor: [handleMemoryCalculate]
09-07 17:42:46.181 32400 32547 D MemoryCeilingMonitor: [calculate] tot: 3162453, max: 268435456, free: 577093, heap: 2585360, per: 0.009631216526031494
09-07 17:42:46.196   718   718 I SurfaceFlinger: FPS: 59
09-07 17:42:46.209  2389  2389 D KeyguardUpdateMonitor: received broadcast android.intent.action.BATTERY_CHANGED
09-07 17:42:46.209  2762  2762 D QtiCarrierConfigHelper: WARNING, no carrier configs on phone Id: 0
09-07 17:42:46.212   693   693 V LocSvc_HIDL_IzatSubscription: [batteryLevelUpdate][777] [HS] <<<<= [HC]
09-07 17:42:46.214  2389  2389 D KeyguardUpdateMonitor: handleBatteryUpdate
09-07 17:42:47.212   718   718 I SurfaceFlinger: FPS: 49
09-07 17:42:48.227   718   718 I SurfaceFlinger: FPS: 49
09-07 17:42:49.229   718   718 I SurfaceFlinger: FPS: 57
09-07 17:42:49.354  1710  2176 I chatty  : uid=1000(system) AutobacklightTh identical 19 lines
09-07 17:42:49.548  3397  3418 I QcrilOemhookMsgTunnel: [0]processOemHookIndication length=151
09-07 17:42:49.548  3397  3418 D QcrilOemhookMsgTunnel: processOemHookIndication unsolId=1028
09-07 17:42:49.548  3397  3418 D QcrilOemhookMsgTunnel: Received RIL_UNSOL_OEM_HOOK_RAW messagelength=151 [4, 4, 0, 0, 81, 79, 69, 77, 72, 79, 79, 75, -44, 7, 8, 0, -125, 0, 0, 0, 11, 66, 83, 58, 52, 54, 48, 48, 48, 58, 1, 3, 4, 3, 127, 127, 127, 127, 1, 3, 4, 3, 127, 127, 127, 127, 1, 3, 4, 3, 127, 127, 127, 127, 1, 3, 4, 3, 127, 127, 127, 127, 1, 3, 4, 3, 127, 127, 127, 127, 1, 3, 4, 3, 127, 127, 127, 127, 1, 3, 4, 3, 127, 127, 127, 127, 1, 3, 4, 3, 127, 127, 127, 127, 1, 3, 4, 3, 127, 127, 127, 127, 1, 3, 4, 3, 127, 127, 127, 127, 1, 3, 4, 3, 127, 127, 127, 127, 1, 3, 4, 3, 127, 127, 127, 127, 1, 3, 4, 3, 127, 127, 127, 127, 1, 3, 4, 3, 127, 127, 127, 127, 1, 3, 4, 3, 127, 127, 127, 1, 127]
09-07 17:42:49.549  3397  3418 D QcrilOemhookMsgTunnel: Oem ID in RIL_UNSOL_OEM_HOOK_RAW is QOEMHOOK
09-07 17:42:49.549  3397  3418 D QcrilOemhookMsgTunnel: OEM ID check Passed
09-07 17:42:49.549  3397  3418 D QcrilOemhookMsgTunnel: Response ID in RIL_UNSOL_OEM_HOOK_RAW is 526292
09-07 17:42:49.549  3397  3418 D QcrilOemhookMsgTunnel: Response ID 526292 is not served in this process.
09-07 17:42:49.549  3397  3418 D QcrilOemhookMsgTunnel: To broadcast an Intent via the notifier to external apps
09-07 17:42:49.549  3397  3418 D QcrilOemhookMsgTunnel: processUnsol: response length=147
09-07 17:42:49.549  3397  3397 D QcrilMsgTunnelIfaceManager: handleMessage what = 0
09-07 17:42:49.554  1710  4818 I PackageManager: ### pkg:Package{1de3198 com.vivo.networkimprove}
09-07 17:42:49.555  1710  1839 D ActivityManager: StartMode packageName = com.vivo.networkimprove ,callingPid = -1 ,alwaysRestrict = true ,startMode = 2 ,UidRec:null
09-07 17:42:49.595  1710  1841 I ActivityManager: Start proc 22428:com.vivo.networkimprove/u0a66 for broadcast com.vivo.networkimprove/.StartupReceiver
09-07 17:42:49.606 22428 22428 E .networkimprov: Not starting debugger since process cannot load the jdwp agent.
09-07 17:42:49.626  1710  2968 I chatty  : uid=1000(system) Binder:1710_9 expire 10 lines
09-07 17:42:49.683 22428 22428 I Perf    : Connecting to perf service.
09-07 17:42:49.698 22428 22428 W BD_CloudData: Encrypt failed.
09-07 17:42:49.698 22428 22428 W BD_CloudData: java.lang.NoSuchMethodException: vivoRSAEncrypt [class [B]
09-07 17:42:49.698 22428 22428 W BD_CloudData: 	at java.lang.Class.getMethod(Class.java:2068)
09-07 17:42:49.698 22428 22428 W BD_CloudData: 	at java.lang.Class.getMethod(Class.java:1690)
09-07 17:42:49.698 22428 22428 W BD_CloudData: 	at com.vivo.analysis.a.a(VivoCloudData.java:243)
09-07 17:42:49.698 22428 22428 W BD_CloudData: 	at com.vivo.analysis.a.<init>(VivoCloudData.java:40)
09-07 17:42:49.698 22428 22428 W BD_CloudData: 	at com.vivo.analysis.a.a(VivoCloudData.java:61)
09-07 17:42:49.698 22428 22428 W BD_CloudData: 	at com.vivo.networkimprove.factory.c.<init>(VivoCloudDataUpload.java:38)
09-07 17:42:49.698 22428 22428 W BD_CloudData: 	at com.vivo.networkimprove.StartupReceiver.onReceive(StartupReceiver.java:168)
09-07 17:42:49.698 22428 22428 W BD_CloudData: 	at android.app.ActivityThread.handleReceiver(ActivityThread.java:3613)
09-07 17:42:49.698 22428 22428 W BD_CloudData: 	at android.app.ActivityThread.access$1300(ActivityThread.java:236)
09-07 17:42:49.698 22428 22428 W BD_CloudData: 	at android.app.ActivityThread$H.handleMessage(ActivityThread.java:1862)
09-07 17:42:49.698 22428 22428 W BD_CloudData: 	at android.os.Handler.dispatchMessage(Handler.java:106)
09-07 17:42:49.698 22428 22428 W BD_CloudData: 	at android.os.Looper.loop(Looper.java:224)
09-07 17:42:49.698 22428 22428 W BD_CloudData: 	at android.app.ActivityThread.main(ActivityThread.java:7042)
09-07 17:42:49.698 22428 22428 W BD_CloudData: 	at java.lang.reflect.Method.invoke(Native Method)
09-07 17:42:49.698 22428 22428 W BD_CloudData: 	at com.android.internal.os.RuntimeInit$MethodAndArgsCaller.run(RuntimeInit.java:536)
09-07 17:42:49.698 22428 22428 W BD_CloudData: 	at com.android.internal.os.ZygoteInit.main(ZygoteInit.java:868)
09-07 17:42:49.726  1710  2968 I ActivityManager: Killing 17494:com.android.camera/u0a80 (adj 906): empty for 5216s
09-07 17:42:49.760   674   791 D CameraVIF@1.0-impl: VIFPath CameraVIF Descontructor
09-07 17:42:49.762  2713 11977 I chatty  : uid=1000(system) Binder:2713_F expire 11 lines
09-07 17:42:49.765  1710  2985 I chatty  : uid=1000(system) Binder:1710_C expire 10 lines
09-07 17:42:49.766  1710  4818 I chatty  : uid=1000(system) Binder:1710_11 expire 23 lines
09-07 17:42:49.766   979   979 I Zygote  : Process 17494 exited due to signal (9)
09-07 17:42:49.780  2713  3579 I chatty  : uid=1000(system) Binder:2713_5 expire 9 lines
09-07 17:42:50.243   718   718 I SurfaceFlinger: FPS: 52
09-07 17:42:50.484  1710  2176 I chatty  : uid=1000(system) AutobacklightTh identical 4 lines
09-07 17:42:50.766  2713  2713 W ContextImpl: Calling a method in the system process without a qualified user: android.app.ContextImpl.sendBroadcast:1024 android.content.ContextWrapper.sendBroadcast:444 com.vivo.daemonService.VivoDaemonServiceApp.ha:6 com.vivo.daemonService.VivoDaemonServiceApp.d:1 com.vivo.daemonService.b.handleMessage:11
09-07 17:42:50.767  1710  1839 D ActivityManager: StartMode packageName = com.android.camera ,callingPid = -1 ,alwaysRestrict = true ,startMode = 2 ,UidRec:null
09-07 17:42:50.768  1710  1839 I BroadcastQueue: toBefiltered is false, action = vivo.intent.action.PRELOAD_VIVOCAM
09-07 17:42:50.802  1710  1841 I ActivityManager: Start proc 22443:com.android.camera/u0a80 for broadcast com.android.camera/.PreloadCameraReceiver
09-07 17:42:50.811 22443 22443 E .android.camer: Not starting debugger since process cannot load the jdwp agent.
09-07 17:42:50.850  1710  4818 I ActivityManager: Killing 17926:com.google.android.gms.unstable/u0a478 (adj 906): empty for 4122s
09-07 17:42:50.852  1710  1843 I chatty  : uid=1000(system) ActivityManager expire 12 lines
09-07 17:42:50.903 22443 22443 I Perf    : Connecting to perf service.
09-07 17:42:50.917  2713  4248 I chatty  : uid=1000(system) Binder:2713_8 expire 2 lines
09-07 17:42:50.918  1710  5425 I chatty  : uid=1000(system) Binder:1710_18 expire 19 lines
09-07 17:42:50.919   977   977 I Zygote  : Process 17926 exited due to signal (9)
09-07 17:42:50.938 22443 22443 I .android.camer: Rejecting re-init on previously-failed class java.lang.Class<com.facebook.imagepipeline.core.ImagePipeline$6>: java.lang.NoClassDefFoundError: Failed resolution of: Lbolts/Continuation;
09-07 17:42:50.938 22443 22443 I .android.camer:   at com.facebook.imagepipeline.core.ImagePipeline com.facebook.imagepipeline.core.ImagePipelineFactory.getImagePipeline() (ImagePipelineFactory.java:229)
09-07 17:42:50.938 22443 22443 I .android.camer:   at void com.facebook.drawee.backends.pipeline.PipelineDraweeControllerBuilderSupplier.<init>(android.content.Context, com.facebook.imagepipeline.core.ImagePipelineFactory, java.util.Set) (PipelineDraweeControllerBuilderSupplier.java:46)
09-07 17:42:50.938 22443 22443 I .android.camer:   at void com.facebook.drawee.backends.pipeline.PipelineDraweeControllerBuilderSupplier.<init>(android.content.Context, com.facebook.imagepipeline.core.ImagePipelineFactory) (PipelineDraweeControllerBuilderSupplier.java:38)
09-07 17:42:50.938 22443 22443 I .android.camer:   at void com.facebook.drawee.backends.pipeline.PipelineDraweeControllerBuilderSupplier.<init>(android.content.Context) (PipelineDraweeControllerBuilderSupplier.java:32)
09-07 17:42:50.938 22443 22443 I .android.camer:   at void com.facebook.drawee.backends.pipeline.Fresco.initializeDrawee(android.content.Context) (Fresco.java:43)
09-07 17:42:50.938 22443 22443 I .android.camer:   at void com.facebook.drawee.backends.pipeline.Fresco.initialize(android.content.Context) (Fresco.java:33)
09-07 17:42:50.938 22443 22443 I .android.camer:   at void com.android.camera.app.CameraApp.k() (CameraApp.java:159)
09-07 17:42:50.938 22443 22443 I .android.camer:   at void com.android.camera.app.CameraApp.onCreate() (CameraApp.java:88)
09-07 17:42:50.938 22443 22443 I .android.camer:   at void android.app.Instrumentation.callApplicationOnCreate(android.app.Application) (Instrumentation.java:1158)
09-07 17:42:50.938 22443 22443 I .android.camer:   at void android.app.ActivityThread.handleBindApplication(android.app.ActivityThread$AppBindData) (ActivityThread.java:6200)
09-07 17:42:50.938 22443 22443 I .android.camer:   at void android.app.ActivityThread.access$1200(android.app.ActivityThread, android.app.ActivityThread$AppBindData) (ActivityThread.java:236)
09-07 17:42:50.938 22443 22443 I .android.camer:   at void android.app.ActivityThread$H.handleMessage(android.os.Message) (ActivityThread.java:1851)
09-07 17:42:50.938 22443 22443 I .android.camer:   at void android.os.Handler.dispatchMessage(android.os.Message) (Handler.java:106)
09-07 17:42:50.938 22443 22443 I .android.camer:   at void android.os.Looper.loop() (Looper.java:224)
09-07 17:42:50.938 22443 22443 I .android.camer:   at void android.app.ActivityThread.main(java.lang.String[]) (ActivityThread.java:7042)
09-07 17:42:50.938 22443 22443 I .android.camer:   at java.lang.Object java.lang.reflect.Method.invoke(java.lang.Object, java.lang.Object[]) (Method.java:-2)
09-07 17:42:50.938 22443 22443 I .android.camer:   at void com.android.internal.os.RuntimeInit$MethodAndArgsCaller.run() (RuntimeInit.java:536)
09-07 17:42:50.938 22443 22443 I .android.camer:   at void com.android.internal.os.ZygoteInit.main(java.lang.String[]) (ZygoteInit.java:868)
09-07 17:42:50.938 22443 22443 I .android.camer: Caused by: java.lang.ClassNotFoundException: Didn't find class "bolts.Continuation" on path: DexPathList[[zip file "/system/app/VivoCamera/VivoCamera.apk"],nativeLibraryDirectories=[/system/app/VivoCamera/lib/arm, /system/app/VivoCamera/VivoCamera.apk!/lib/armeabi-v7a, /system/lib, /system/lib]]
09-07 17:42:50.938 22443 22443 I .android.camer:   at java.lang.Class dalvik.system.BaseDexClassLoader.findClass(java.lang.String) (BaseDexClassLoader.java:134)
09-07 17:42:50.938 22443 22443 I .android.camer:   at java.lang.Class java.lang.ClassLoader.loadClass(java.lang.String, boolean) (ClassLoader.java:379)
09-07 17:42:50.938 22443 22443 I .android.camer:   at java.lang.Class java.lang.ClassLoader.loadClass(java.lang.String) (ClassLoader.java:312)
09-07 17:42:50.939 22443 22443 I .android.camer:   at com.facebook.imagepipeline.core.ImagePipeline com.facebook.imagepipeline.core.ImagePipelineFactory.getImagePipeline() (ImagePipelineFactory.java:229)
09-07 17:42:50.939 22443 22443 I .android.camer:   at void com.facebook.drawee.backends.pipeline.PipelineDraweeControllerBuilderSupplier.<init>(android.content.Context, com.facebook.imagepipeline.core.ImagePipelineFactory, java.util.Set) (PipelineDraweeControllerBuilderSupplier.java:46)
09-07 17:42:50.939 22443 22443 I .android.camer:   at void com.facebook.drawee.backends.pipeline.PipelineDraweeControllerBuilderSupplier.<init>(android.content.Context, com.facebook.imagepipeline.core.ImagePipelineFactory) (PipelineDraweeControllerBuilderSupplier.java:38)
09-07 17:42:50.939 22443 22443 I .android.camer:   at void com.facebook.drawee.backends.pipeline.PipelineDraweeControllerBuilderSupplier.<init>(android.content.Context) (PipelineDraweeControllerBuilderSupplier.java:32)
09-07 17:42:50.939 22443 22443 I .android.camer:   at void com.facebook.drawee.backends.pipeline.Fresco.initializeDrawee(android.content.Context) (Fresco.java:43)
09-07 17:42:50.939 22443 22443 I .android.camer:   at void com.facebook.drawee.backends.pipeline.Fresco.initialize(android.content.Context) (Fresco.java:33)
09-07 17:42:50.939 22443 22443 I .android.camer:   at void com.android.camera.app.CameraApp.k() (CameraApp.java:159)
09-07 17:42:50.939 22443 22443 I .android.camer:   at void com.android.camera.app.CameraApp.onCreate() (CameraApp.java:88)
09-07 17:42:50.939 22443 22443 I .android.camer:   at void android.app.Instrumentation.callApplicationOnCreate(android.app.Application) (Instrumentation.java:1158)
09-07 17:42:50.939 22443 22443 I .android.camer:   at void android.app.ActivityThread.handleBindApplication(android.app.ActivityThread$AppBindData) (ActivityThread.java:6200)
09-07 17:42:50.939 22443 22443 I .android.camer:   at void android.app.ActivityThread.access$1200(android.app.ActivityThread, android.app.ActivityThread$AppBindData) (ActivityThread.java:236)
09-07 17:42:50.939 22443 22443 I .android.camer:   at void android.app.ActivityThread$H.handleMessage(android.os.Message) (ActivityThread.java:1851)
09-07 17:42:50.939 22443 22443 I .android.camer:   at void android.os.Handler.dispatchMessage(android.os.Message) (Handler.java:106)
09-07 17:42:50.939 22443 22443 I .android.camer:   at void android.os.Looper.loop() (Looper.java:224)
09-07 17:42:50.939 22443 22443 I .android.camer:   at void android.app.ActivityThread.main(java.lang.String[]) (ActivityThread.java:7042)
09-07 17:42:50.939 22443 22443 I .android.camer:   at java.lang.Object java.lang.reflect.Method.invoke(java.lang.Object, java.lang.Object[]) (Method.java:-2)
09-07 17:42:50.939 22443 22443 I .android.camer:   at void com.android.internal.os.RuntimeInit$MethodAndArgsCaller.run() (RuntimeInit.java:536)
09-07 17:42:50.939 22443 22443 I .android.camer:   at void com.android.internal.os.ZygoteInit.main(java.lang.String[]) (ZygoteInit.java:868)
09-07 17:42:50.939 22443 22443 I .android.camer:
09-07 17:42:50.940 22443 22443 I .android.camer: Rejecting re-init on previously-failed class java.lang.Class<com.facebook.imagepipeline.core.ImagePipeline$6>: java.lang.NoClassDefFoundError: Failed resolution of: Lbolts/Continuation;
09-07 17:42:50.940 22443 22443 I .android.camer:   at com.facebook.imagepipeline.core.ImagePipeline com.facebook.imagepipeline.core.ImagePipelineFactory.getImagePipeline() (ImagePipelineFactory.java:229)
09-07 17:42:50.940 22443 22443 I .android.camer:   at void com.facebook.drawee.backends.pipeline.PipelineDraweeControllerBuilderSupplier.<init>(android.content.Context, com.facebook.imagepipeline.core.ImagePipelineFactory, java.util.Set) (PipelineDraweeControllerBuilderSupplier.java:46)
09-07 17:42:50.940 22443 22443 I .android.camer:   at void com.facebook.drawee.backends.pipeline.PipelineDraweeControllerBuilderSupplier.<init>(android.content.Context, com.facebook.imagepipeline.core.ImagePipelineFactory) (PipelineDraweeControllerBuilderSupplier.java:38)
09-07 17:42:50.940 22443 22443 I .android.camer:   at void com.facebook.drawee.backends.pipeline.PipelineDraweeControllerBuilderSupplier.<init>(android.content.Context) (PipelineDraweeControllerBuilderSupplier.java:32)
09-07 17:42:50.940 22443 22443 I .android.camer:   at void com.facebook.drawee.backends.pipeline.Fresco.initializeDrawee(android.content.Context) (Fresco.java:43)
09-07 17:42:50.940 22443 22443 I .android.camer:   at void com.facebook.drawee.backends.pipeline.Fresco.initialize(android.content.Context) (Fresco.java:33)
09-07 17:42:50.940 22443 22443 I .android.camer:   at void com.android.camera.app.CameraApp.k() (CameraApp.java:159)
09-07 17:42:50.940 22443 22443 I .android.camer:   at void com.android.camera.app.CameraApp.onCreate() (CameraApp.java:88)
09-07 17:42:50.940 22443 22443 I .android.camer:   at void android.app.Instrumentation.callApplicationOnCreate(android.app.Application) (Instrumentation.java:1158)
09-07 17:42:50.940 22443 22443 I .android.camer:   at void android.app.ActivityThread.handleBindApplication(android.app.ActivityThread$AppBindData) (ActivityThread.java:6200)
09-07 17:42:50.940 22443 22443 I .android.camer:   at void android.app.ActivityThread.access$1200(android.app.ActivityThread, android.app.ActivityThread$AppBindData) (ActivityThread.java:236)
09-07 17:42:50.940 22443 22443 I .android.camer:   at void android.app.ActivityThread$H.handleMessage(android.os.Message) (ActivityThread.java:1851)
09-07 17:42:50.940 22443 22443 I .android.camer:   at void android.os.Handler.dispatchMessage(android.os.Message) (Handler.java:106)
09-07 17:42:50.940 22443 22443 I .android.camer:   at void android.os.Looper.loop() (Looper.java:224)
09-07 17:42:50.940 22443 22443 I .android.camer:   at void android.app.ActivityThread.main(java.lang.String[]) (ActivityThread.java:7042)
09-07 17:42:50.940 22443 22443 I .android.camer:   at java.lang.Object java.lang.reflect.Method.invoke(java.lang.Object, java.lang.Object[]) (Method.java:-2)
09-07 17:42:50.940 22443 22443 I .android.camer:   at void com.android.internal.os.RuntimeInit$MethodAndArgsCaller.run() (RuntimeInit.java:536)
09-07 17:42:50.940 22443 22443 I .android.camer:   at void com.android.internal.os.ZygoteInit.main(java.lang.String[]) (ZygoteInit.java:868)
09-07 17:42:50.940 22443 22443 I .android.camer: Caused by: java.lang.ClassNotFoundException: Didn't find class "bolts.Continuation" on path: DexPathList[[zip file "/system/app/VivoCamera/VivoCamera.apk"],nativeLibraryDirectories=[/system/app/VivoCamera/lib/arm, /system/app/VivoCamera/VivoCamera.apk!/lib/armeabi-v7a, /system/lib, /system/lib]]
09-07 17:42:50.940 22443 22443 I .android.camer:   at java.lang.Class dalvik.system.BaseDexClassLoader.findClass(java.lang.String) (BaseDexClassLoader.java:134)
09-07 17:42:50.940 22443 22443 I .android.camer:   at java.lang.Class java.lang.ClassLoader.loadClass(java.lang.String, boolean) (ClassLoader.java:379)
09-07 17:42:50.940 22443 22443 I .android.camer:   at java.lang.Class java.lang.ClassLoader.loadClass(java.lang.String) (ClassLoader.java:312)
09-07 17:42:50.940 22443 22443 I .android.camer:   at com.facebook.imagepipeline.core.ImagePipeline com.facebook.imagepipeline.core.ImagePipelineFactory.getImagePipeline() (ImagePipelineFactory.java:229)
09-07 17:42:50.940 22443 22443 I .android.camer:   at void com.facebook.drawee.backends.pipeline.PipelineDraweeControllerBuilderSupplier.<init>(android.content.Context, com.facebook.imagepipeline.core.ImagePipelineFactory, java.util.Set) (PipelineDraweeControllerBuilderSupplier.java:46)
09-07 17:42:50.940 22443 22443 I .android.camer:   at void com.facebook.drawee.backends.pipeline.PipelineDraweeControllerBuilderSupplier.<init>(android.content.Context, com.facebook.imagepipeline.core.ImagePipelineFactory) (PipelineDraweeControllerBuilderSupplier.java:38)
09-07 17:42:50.940 22443 22443 I .android.camer:   at void com.facebook.drawee.backends.pipeline.PipelineDraweeControllerBuilderSupplier.<init>(android.content.Context) (PipelineDraweeControllerBuilderSupplier.java:32)
09-07 17:42:50.940 22443 22443 I .android.camer:   at void com.facebook.drawee.backends.pipeline.Fresco.initializeDrawee(android.content.Context) (Fresco.java:43)
09-07 17:42:50.940 22443 22443 I .android.camer:   at void com.facebook.drawee.backends.pipeline.Fresco.initialize(android.content.Context) (Fresco.java:33)
09-07 17:42:50.940 22443 22443 I .android.camer:   at void com.android.camera.app.CameraApp.k() (CameraApp.java:159)
09-07 17:42:50.940 22443 22443 I .android.camer:   at void com.android.camera.app.CameraApp.onCreate() (CameraApp.java:88)
09-07 17:42:50.940 22443 22443 I .android.camer:   at void android.app.Instrumentation.callApplicationOnCreate(android.app.Application) (Instrumentation.java:1158)
09-07 17:42:50.940 22443 22443 I .android.camer:   at void android.app.ActivityThread.handleBindApplication(android.app.ActivityThread$AppBindData) (ActivityThread.java:6200)
09-07 17:42:50.940 22443 22443 I .android.camer:   at void android.app.ActivityThread.access$1200(android.app.ActivityThread, android.app.ActivityThread$AppBindData) (ActivityThread.java:236)
09-07 17:42:50.940 22443 22443 I .android.camer:   at void android.app.ActivityThread$H.handleMessage(android.os.Message) (ActivityThread.java:1851)
09-07 17:42:50.940 22443 22443 I .android.camer:   at void android.os.Handler.dispatchMessage(android.os.Message) (Handler.java:106)
09-07 17:42:50.940 22443 22443 I .android.camer:   at void android.os.Looper.loop() (Looper.java:224)
09-07 17:42:50.940 22443 22443 I .android.camer:   at void android.app.ActivityThread.main(java.lang.String[]) (ActivityThread.java:7042)
09-07 17:42:50.940 22443 22443 I .android.camer:   at java.lang.Object java.lang.reflect.Method.invoke(java.lang.Object, java.lang.Object[]) (Method.java:-2)
09-07 17:42:50.940 22443 22443 I .android.camer:   at void com.android.internal.os.RuntimeInit$MethodAndArgsCaller.run() (RuntimeInit.java:536)
09-07 17:42:50.940 22443 22443 I .android.camer:   at void com.android.internal.os.ZygoteInit.main(java.lang.String[]) (ZygoteInit.java:868)
09-07 17:42:50.940 22443 22443 I .android.camer:
09-07 17:42:50.994 22443 22443 W BD_CloudData: Encrypt failed.
09-07 17:42:50.994 22443 22443 W BD_CloudData: java.lang.NoSuchMethodException: vivoAESEncrypt [class [B]
09-07 17:42:50.994 22443 22443 W BD_CloudData: 	at java.lang.Class.getMethod(Class.java:2068)
09-07 17:42:50.994 22443 22443 W BD_CloudData: 	at java.lang.Class.getMethod(Class.java:1690)
09-07 17:42:50.994 22443 22443 W BD_CloudData: 	at com.vivo.analysis.VivoCloudData.doAesEncrypt(VivoCloudData.java:290)
09-07 17:42:50.994 22443 22443 W BD_CloudData: 	at com.vivo.analysis.VivoCloudData.<init>(VivoCloudData.java:39)
09-07 17:42:50.994 22443 22443 W BD_CloudData: 	at com.vivo.analysis.VivoCloudData.getInstance(VivoCloudData.java:60)
09-07 17:42:50.994 22443 22443 W BD_CloudData: 	at com.android.camera.app.e.a(CrashHandler.java:129)
09-07 17:42:50.994 22443 22443 W BD_CloudData: 	at com.android.camera.app.CameraApp.b(CameraApp.java:145)
09-07 17:42:50.994 22443 22443 W BD_CloudData: 	at com.android.camera.app.CameraApp.onCreate(CameraApp.java:93)
09-07 17:42:50.994 22443 22443 W BD_CloudData: 	at android.app.Instrumentation.callApplicationOnCreate(Instrumentation.java:1158)
09-07 17:42:50.994 22443 22443 W BD_CloudData: 	at android.app.ActivityThread.handleBindApplication(ActivityThread.java:6200)
09-07 17:42:50.994 22443 22443 W BD_CloudData: 	at android.app.ActivityThread.access$1200(ActivityThread.java:236)
09-07 17:42:50.994 22443 22443 W BD_CloudData: 	at android.app.ActivityThread$H.handleMessage(ActivityThread.java:1851)
09-07 17:42:50.994 22443 22443 W BD_CloudData: 	at android.os.Handler.dispatchMessage(Handler.java:106)
09-07 17:42:50.994 22443 22443 W BD_CloudData: 	at android.os.Looper.loop(Looper.java:224)
09-07 17:42:50.994 22443 22443 W BD_CloudData: 	at android.app.ActivityThread.main(ActivityThread.java:7042)
09-07 17:42:50.994 22443 22443 W BD_CloudData: 	at java.lang.reflect.Method.invoke(Native Method)
09-07 17:42:50.994 22443 22443 W BD_CloudData: 	at com.android.internal.os.RuntimeInit$MethodAndArgsCaller.run(RuntimeInit.java:536)
09-07 17:42:50.994 22443 22443 W BD_CloudData: 	at com.android.internal.os.ZygoteInit.main(ZygoteInit.java:868)
09-07 17:42:50.995 22443 22443 I CrashHandler: init
09-07 17:42:51.026 22443 22443 D OpenGLRenderer: Skia GL Pipeline
09-07 17:42:51.038 22443 22443 I FtBuild : getRomVersion mRomVer=9.0
09-07 17:42:51.082 22443 22443 D CAM_CameraSwitchAnimation: new CameraSwitchAnimation
09-07 17:42:51.168 22443 22443 W drawable: Bad element under <shape>: rotate
09-07 17:42:51.172 22443 22443 I chatty  : uid=10080(com.android.camera) identical 1 line
09-07 17:42:51.172 22443 22443 W drawable: Bad element under <shape>: rotate
09-07 17:42:51.214 22443 22443 I android_os_HwBinder: HwBinder: Starting thread pool for default::vendor.vivo.hardware.camera.provider@1.0::IVivoCameraProvider
09-07 17:42:51.218   674   791 D CameraVIF@1.0-impl: VIFPath CameraVIF Contructor
09-07 17:42:51.218   674   791 D CameraVIF@1.0-impl: setcallback
09-07 17:42:51.219   674   791 D CameraVIF@1.0-impl: vendor_id:1
09-07 17:42:51.231  1710  5425 I ActivityManager: Killing 15784:com.google.process.gservices/u0a478 (adj 906): empty for 2400s
09-07 17:42:51.258   977   977 I Zygote  : Process 15784 exited due to signal (9)
09-07 17:42:51.259   718   718 I SurfaceFlinger: FPS: 47
09-07 17:42:52.063 21364 21674 I chatty  : uid=10612(cn.missevan) expire 19 lines
09-07 17:42:52.277   718   718 I SurfaceFlinger: FPS: 60
09-07 17:42:52.561  1710  2069 I chatty  : uid=1000(system) WifiStateMachin expire 10 lines
09-07 17:42:53.293   718   718 I SurfaceFlinger: FPS: 50
09-07 17:42:54.309   718   718 I SurfaceFlinger: FPS: 52
09-07 17:42:54.344  1710  2176 I chatty  : uid=1000(system) AutobacklightTh identical 19 lines
09-07 17:42:54.509  2389  2389 D KeyguardUpdateMonitor: received broadcast android.intent.action.BATTERY_CHANGED
09-07 17:42:54.511  2389  2389 D KeyguardUpdateMonitor: handleBatteryUpdate
09-07 17:42:54.512  2762  2762 D QtiCarrierConfigHelper: WARNING, no carrier configs on phone Id: 0
09-07 17:42:54.515  1710  5524 I chatty  : uid=1000(system) IzatProvider expire 12 lines
09-07 17:42:54.516   693   693 V LocSvc_HIDL_IzatSubscription: [batteryLevelUpdate][777] [HS] <<<<= [HC]
09-07 17:42:54.526  1710  5742 D NotificationService: DEBUG_OVERRIDE_NOTIFY:enqueueNotificationWithTag pkg=com.android.systemui opPkg=com.android.systemuitag=null notification=Notification(channel=GEN pri=0 contentView=null vibrate=null sound=null tick defaults=0x0 flags=0x10 color=0x00000000 vis=PRIVATE internalType=0 internalPriority=0 internalGroupPriority=0 internalFlag=0) userId =0
09-07 17:42:54.526  1710  5742 V NotificationService: enqueueNotificationInternal: pkg=com.android.systemui id=10000 notification=Notification(channel=GEN pri=0 contentView=null vibrate=null sound=null tick defaults=0x0 flags=0x10 color=0x00000000 vis=PRIVATE internalType=0 internalPriority=0 internalGroupPriority=0 internalFlag=0)
09-07 17:42:54.527  1710  1710 D NotificationService: EnqueueNotificationRunnable.run for: 0|com.android.systemui|10000|null|10018
09-07 17:42:54.630  1710  1710 D NotificationService: 0|com.android.systemui|10000|null|10018: updating permissions
09-07 17:42:54.630  1710  1710 D NotificationService: 0|com.android.systemui|10000|null|10018: creating owner
09-07 17:42:54.630  1710  1710 D NotificationService: 0|com.android.systemui|10000|null|10018: granting content://settings/system/notification_sound
09-07 17:42:54.631  1710  1710 D NotificationService: 0|com.android.systemui|10000|null|10018: updating permissions
09-07 17:42:54.631  1710  1710 D NotificationService: 0|com.android.systemui|10000|null|10018: granting content://settings/system/notification_sound
09-07 17:42:54.631  1710  1710 D NotificationService: 0|com.android.systemui|10000|null|10018: updating permissions
09-07 17:42:54.631  1710  1710 D NotificationService: 0|com.android.systemui|10000|null|10018: granting content://settings/system/notification_sound
09-07 17:42:54.631  1710  1710 D NotificationService: 0|com.android.systemui|10000|null|10018: updating permissions
09-07 17:42:54.631  1710  1710 D NotificationService: 0|com.android.systemui|10000|null|10018: granting content://settings/system/notification_sound
09-07 17:42:54.631  1710  1710 D NotificationService: 0|com.android.systemui|10000|null|10018: updating permissions
09-07 17:42:54.632  1710  1710 D NotificationService: 0|com.android.systemui|10000|null|10018: granting content://settings/system/notification_sound
09-07 17:42:54.632  1710  1710 D NotificationService: 0|com.android.systemui|10000|null|10018: updating permissions
09-07 17:42:54.632  1710  1710 D NotificationService: 0|com.android.systemui|10000|null|10018: granting content://settings/system/notification_sound
09-07 17:42:54.632  1710  1710 D NotificationService: 0|com.android.systemui|10000|null|10018: updating permissions
09-07 17:42:54.632  1710  1710 D NotificationService: 0|com.android.systemui|10000|null|10018: granting content://settings/system/notification_sound
09-07 17:42:54.632  1710  1710 D NotificationService: 0|com.android.systemui|10000|null|10018: updating permissions
09-07 17:42:54.632  1710  1710 D NotificationService: 0|com.android.systemui|10000|null|10018: granting content://settings/system/notification_sound
09-07 17:42:54.633  1710  1710 D NotificationService: 0|com.android.systemui|10000|null|10018: updating permissions
09-07 17:42:54.633  1710  1710 D NotificationService: 0|com.android.systemui|10000|null|10018: granting content://settings/system/notification_sound
09-07 17:42:54.633  1710  1710 D NotificationService: 0|com.android.systemui|10000|null|10018: updating permissions
09-07 17:42:54.633  1710  1710 D NotificationService: 0|com.android.systemui|10000|null|10018: granting content://settings/system/notification_sound
09-07 17:42:54.648  1710  1710 D GroupHelper: sbn = StatusBarNotification(pkg=com.android.systemui user=UserHandle{0} id=10000 tag=null key=0|com.android.systemui|10000|null|10018 modified=false: Notification(channel=GEN pri=0 contentView=null vibrate=null sound=null tick defaults=0x0 flags=0x10 color=0x00000000 vis=PRIVATE internalType=0 internalPriority=0 internalGroupPriority=0 internalFlag=0))
09-07 17:42:54.832  1710  2176 I chatty  : uid=1000(system) AutobacklightTh identical 1 line
09-07 17:42:55.077  1710  2037 I PackageManager: ### pkg:Package{483f925 com.vivo.aiengine}
09-07 17:42:55.079  1710  5425 I PackageManager: ### pkg:Package{8fc1a39 com.tencent.mobileqq}
09-07 17:42:55.081  1710  2037 I PackageManager: ### pkg:Package{483f925 com.vivo.aiengine}
09-07 17:42:55.094  2704  2704 D AIE-Bolts-Task: New thread: BoltsBgPool-thread-2989
09-07 17:42:55.112 32400 32586 D MSF.C.ConfigManager: send checkConfig uin=*6236 appid=537129683
09-07 17:42:55.113 32400 32586 D MSF.C.NetConnTag.true: msf can not get ssid
09-07 17:42:55.113 32400 32586 D MSF.C.NetConnTag.true: msf can not get ssid
09-07 17:42:55.114 32400 32586 D MSF.C.NetConnTag.true: encodeRequest cmd: StatSvc.SimpleGet, with version = 11, AppId = 537129683
09-07 17:42:55.114 32400 32586 D MSF.C.NetConnTag.true: pa ok: 20383
09-07 17:42:55.115 32400 32586 D MSF.C.NetConnTag.DualConnContext.true: tryDualConn
09-07 17:42:55.115 32400 32586 D MSF.C.NetConnTag.true: netSend ssoSeq:20383 uin:*6236 cmd:GTcxIAkuJnQZKj0kNj0CPz4 20491 b0f41bd socketEngineID: 0 socket: 185549245
09-07 17:42:55.126  1004  3051 E Netd    : tether checkPermission, pid:1710 uid:1000
09-07 17:42:55.131 32400 32586 D MSF.C.NetConnTag.true: msf can not get ssid
09-07 17:42:55.132 32400 32586 D MSF.C.NetConnTag.true: msf can not get ssid
09-07 17:42:55.132 32400 32586 D MSF.C.NetConnTag.true: encodeRequest cmd: ConfigService.ClientReq, with version = 11, AppId = 537129683
09-07 17:42:55.132 32400 32586 D MSF.C.NetConnTag.true: pa ok: 20384
09-07 17:42:55.132 32400 32586 D MSF.C.NetConnTag.DualConnContext.true: tryDualConn
09-07 17:42:55.133 32400 32586 D MSF.C.NetConnTag.true: netSend ssoSeq:20384 uin:*6236 cmd:CSw+MjM/Fj84NTk3P3YGNiMmPiAIPTQ 20636 b0f41bd socketEngineID: 0 socket: 185549245
09-07 17:42:55.142 32400 32616 D MSF.C.NetConnTag.true: netRecv ssoSeq:20383 uin:*6236 cmd:GTcxIAkuJnQZKj0kNj0CPz4 20503 cross:0 socketEngineID: 0 socket: 185549245
09-07 17:42:55.144  1710  3776 I chatty  : uid=1000(system) Binder:1710_F expire 22 lines
09-07 17:42:55.183 32400 32616 D MSF.C.NetConnTag.true: netRecv ssoSeq:20384 uin:*6236 cmd:CSw+MjM/Fj84NTk3P3YGNiMmPiAIPTQ 20784 cross:0 socketEngineID: 0 socket: 185549245
09-07 17:42:55.183 32400 32616 I MSF.C.ConfigManager: handleConfig before quic_enable=1
09-07 17:42:55.183 32400 32616 D MSF.C.ConfigManager: parse quic_enable config error
09-07 17:42:55.201 32400 32616 D MsfSdkUtils: writeServerConfig processName:com.tencent.mobileqq,configType:1,uin:2567666236
09-07 17:42:55.205  1710  5742 I chatty  : uid=1000(system) Binder:1710_1B expire 10 lines
09-07 17:42:55.213 32400 32616 D MSF.C.ConfigManager: StandbyMode whitelist not be found.
09-07 17:42:55.213 32400 32616 I MSF.C.ConfigManager: handleConfig after quic_enable=1
09-07 17:42:55.235   686   885 W qti_sensors_hal: processInd: angle direction: [0]: 5.000000 [1]: 27.834938 [2]: 13.422702 [3]: 0.000000 [4]: -0.000000 [5]: 0.000000 ts: 483457049649051
09-07 17:42:55.255   686   885 W qti_sensors_hal: processInd: angle direction: [0]: 5.000000 [1]: 27.834938 [2]: 13.422702 [3]: 0.000000 [4]: -0.000000 [5]: 0.000000 ts: 483457069058231
09-07 17:42:55.272 32400 22471 D MSF.C.SsoListManager: [updateSsoListByHttpGet], keyString = socket://180.101.246.202:14000#00000:0:0:8:true:sh:tel:1:false:0
09-07 17:42:55.273 32400 22471 D MSF.C.SsoListManager: [updateSsoListByHttpGet], keyString = socket://183.47.102.165:80#00000:0:0:8:true:sz:tel:1:false:0
09-07 17:42:55.273 32400 22471 D MSF.C.SsoListManager: [updateSsoListByHttpGet], keyString = socket://222.94.109.78:8080#00000:0:0:8:true:sh:tel:1:false:0
09-07 17:42:55.273 32400 22471 D MSF.C.SsoListManager: [updateSsoListByHttpGet], keyString = socket://183.47.102.193:443#00000:0:0:8:true:sz:tel:1:false:0
09-07 17:42:55.273 32400 22471 D MSF.C.SsoListManager: [updateSsoListByHttpGet], keyString = socket://42.81.192.168:80#00000:0:0:8:true:tj:tel:1:false:0
09-07 17:42:55.274 32400 22471 D MSF.C.SsoListManager: [updateSsoListByHttpGet], keyString = socket://180.101.246.123:14000#00000:0:0:8:true:sh:tel:1:false:0
09-07 17:42:55.274   686   885 W qti_sensors_hal: processInd: angle direction: [0]: 5.000000 [1]: 27.834938 [2]: 13.422702 [3]: 0.000000 [4]: -0.000000 [5]: 0.000000 ts: 483457088467411
09-07 17:42:55.275 32400 22471 D MSF.C.SsoListManager: [updateSsoListByHttpGet], keyString = socket://183.47.101.174:443#00000:0:0:8:true:sz:tel:1:false:0
09-07 17:42:55.275 32400 22471 D MSF.C.SsoListManager: [updateSsoListByHttpGet], keyString = socket://42.81.194.38:8080#00000:0:0:8:true:tj:tel:1:false:0
09-07 17:42:55.276 32400 22471 D MSF.C.SsoListManager: [updateSsoListByHttpGet], keyString = socket://msfwifi.3g.qq.com:8080#00000:0:0:8:false:others:others:1:true:0
09-07 17:42:55.276 32400 22471 D MSF.C.SsoListManager: [updateSsoListByHttpGet], keyString = socket://42.81.192.168:80#00000:0:0:8:true:tj:tel:1:false:0
09-07 17:42:55.276 32400 22471 D MSF.C.SsoListManager: [updateSsoListByHttpGet], keyString = http://180.102.59.50:80#00000:0:0:8:false:sh:tel:1:false:0
09-07 17:42:55.276 32400 22471 D MSF.C.SsoListManager: [updateSsoListByHttpGet], keyString = http://119.147.190.37:80#00000:0:0:8:false:sz:tel:1:false:0
09-07 17:42:55.277 32400 22471 D MSF.C.SsoListManager: [updateSsoListByHttpGet], keyString = http://42.81.193.242:80#00000:0:0:8:false:tj:tel:1:false:0
09-07 17:42:55.277 32400 22471 D MSF.C.SsoListManager: [updateSsoListByHttpGet], keyString = http://42.81.193.242:80#00000:0:0:8:false:tj:tel:1:false:0
09-07 17:42:55.278 32400 22471 D MSF.C.SsoListManager: [getSsoListByHttp] bNewConn, 1
09-07 17:42:55.278 32400 22471 D MSF.C.MsfCore: [onNewSsoConnChanged] switch: true
09-07 17:42:55.278 32400 22471 D SenderManager: [enableSubSender] enable: true
09-07 17:42:55.294   686   885 W qti_sensors_hal: processInd: angle direction: [0]: 5.000000 [1]: 27.834938 [2]: 13.422702 [3]: 0.000000 [4]: -0.000000 [5]: 0.000000 ts: 483457107876590
09-07 17:42:55.315   686   885 W qti_sensors_hal: processInd: angle direction: [0]: 5.000000 [1]: 27.834938 [2]: 13.422702 [3]: 0.000000 [4]: -0.000000 [5]: 0.000000 ts: 483457127285770
09-07 17:42:55.326   718   718 I SurfaceFlinger: FPS: 57
09-07 17:42:55.332   686   885 W qti_sensors_hal: processInd: angle direction: [0]: 5.000000 [1]: 27.834938 [2]: 13.422702 [3]: 0.000000 [4]: -0.000000 [5]: 0.000000 ts: 483457146694950
09-07 17:42:55.352   686   885 W qti_sensors_hal: processInd: angle direction: [0]: 5.000000 [1]: 27.834938 [2]: 13.422702 [3]: 0.000000 [4]: -0.000000 [5]: 0.000000 ts: 483457166104129
09-07 17:42:55.371   686   885 W qti_sensors_hal: processInd: angle direction: [0]: 5.000000 [1]: 27.834938 [2]: 13.422702 [3]: 0.000000 [4]: -0.000000 [5]: 0.000000 ts: 483457185513309
09-07 17:42:55.473  1710  2176 I chatty  : uid=1000(system) AutobacklightTh identical 1 line
09-07 17:42:55.701   686   885 W qti_sensors_hal: processInd: angle direction: [0]: 2.000000 [1]: 17.672546 [2]: 27.305096 [3]: 0.000000 [4]: -0.000000 [5]: 0.000000 ts: 483457515530399
09-07 17:42:55.721   686   885 W qti_sensors_hal: processInd: angle direction: [0]: 2.000000 [1]: 17.672546 [2]: 27.305096 [3]: 0.000000 [4]: -0.000000 [5]: 0.000000 ts: 483457534939579
09-07 17:42:55.740   686   885 W qti_sensors_hal: processInd: angle direction: [0]: 2.000000 [1]: 17.672546 [2]: 27.305096 [3]: 0.000000 [4]: -0.000000 [5]: 0.000000 ts: 483457554379276
09-07 17:42:55.760   686   885 W qti_sensors_hal: processInd: angle direction: [0]: 2.000000 [1]: 17.672546 [2]: 27.305096 [3]: 0.000000 [4]: -0.000000 [5]: 0.000000 ts: 483457573788456
09-07 17:42:55.779   686   885 W qti_sensors_hal: processInd: angle direction: [0]: 2.000000 [1]: 17.672546 [2]: 27.305096 [3]: 0.000000 [4]: -0.000000 [5]: 0.000000 ts: 483457593197635
09-07 17:42:55.799   686   885 W qti_sensors_hal: processInd: angle direction: [0]: 2.000000 [1]: 17.672546 [2]: 27.305096 [3]: 0.000000 [4]: -0.000000 [5]: 0.000000 ts: 483457612606815
09-07 17:42:55.818   686   885 W qti_sensors_hal: processInd: angle direction: [0]: 2.000000 [1]: 17.672546 [2]: 27.305096 [3]: 0.000000 [4]: -0.000000 [5]: 0.000000 ts: 483457632015995
09-07 17:42:55.838   686   885 W qti_sensors_hal: processInd: angle direction: [0]: 2.000000 [1]: 17.672546 [2]: 27.305096 [3]: 0.000000 [4]: -0.000000 [5]: 0.000000 ts: 483457651425174
09-07 17:42:55.856   686   885 W qti_sensors_hal: processInd: angle direction: [0]: 3.000000 [1]: 8.057083 [2]: 48.274734 [3]: 0.000000 [4]: -0.000000 [5]: 0.000000 ts: 483457670834354
09-07 17:42:55.876   686   885 W qti_sensors_hal: processInd: angle direction: [0]: 3.000000 [1]: 8.057083 [2]: 48.274734 [3]: 0.000000 [4]: -0.000000 [5]: 0.000000 ts: 483457690243534
09-07 17:42:55.895   686   885 W qti_sensors_hal: processInd: angle direction: [0]: 3.000000 [1]: 8.057083 [2]: 48.274734 [3]: 0.000000 [4]: -0.000000 [5]: 0.000000 ts: 483457709652713
09-07 17:42:55.915   686   885 W qti_sensors_hal: processInd: angle direction: [0]: 3.000000 [1]: 8.057083 [2]: 48.274734 [3]: 0.000000 [4]: -0.000000 [5]: 0.000000 ts: 483457729092411
09-07 17:42:55.934   686   885 W qti_sensors_hal: processInd: angle direction: [0]: 3.000000 [1]: 8.057083 [2]: 48.274734 [3]: 0.000000 [4]: -0.000000 [5]: 0.000000 ts: 483457748501590
09-07 17:42:55.955   686   885 W qti_sensors_hal: processInd: angle direction: [0]: 3.000000 [1]: 8.057083 [2]: 48.274734 [3]: 0.000000 [4]: -0.000000 [5]: 0.000000 ts: 483457767910770
09-07 17:42:55.973   686   885 W qti_sensors_hal: processInd: angle direction: [0]: 3.000000 [1]: 8.057083 [2]: 48.274734 [3]: 0.000000 [4]: -0.000000 [5]: 0.000000 ts: 483457787319950
09-07 17:42:55.996   686   885 W qti_sensors_hal: processInd: angle direction: [0]: 3.000000 [1]: 8.057083 [2]: 48.274734 [3]: 0.000000 [4]: -0.000000 [5]: 0.000000 ts: 483457806729129
09-07 17:42:56.191 32400 32547 D MemoryCeilingMonitor: [handleMemoryCalculate]
09-07 17:42:56.191 32400 32547 D MemoryCeilingMonitor: [calculate] tot: 3162453, max: 268435456, free: 196405, heap: 2966048, per: 0.011049389839172363
09-07 17:42:56.343   718   718 I SurfaceFlinger: FPS: 48
09-07 17:42:57.358   718   718 I SurfaceFlinger: FPS: 52
09-07 17:42:58.375   718   718 I SurfaceFlinger: FPS: 60
09-07 17:42:59.391   718   718 I SurfaceFlinger: FPS: 47
09-07 17:43:00.000  1710  2037 I chatty  : uid=1000(system) AlarmManager expire 11 lines
09-07 17:43:00.006  2389  2389 D KeyguardUpdateMonitor: handleTimeUpdate
09-07 17:43:00.085  4383  4437 E BitmapFactory: Unable to decode stream: java.io.FileNotFoundException: /oem/etc/theme/icons/dynamic_icon/com.android.BBKClock/res/drawable-sw360dp-xxhdpi/clock_hour.png (No such file or directory)
09-07 17:43:00.085  4383  4437 E BitmapFactory: Unable to decode stream: java.io.FileNotFoundException: /oem/etc/theme/icons/dynamic_icon/com.android.BBKClock/res/drawable-sw360dp-xxhdpi/clock_minute.png (No such file or directory)
09-07 17:43:00.086  4383  4437 E BitmapFactory: Unable to decode stream: java.io.FileNotFoundException: /oem/etc/theme/icons/dynamic_icon/com.android.BBKClock/res/drawable-sw360dp-xxhdpi/clock_dial.png (No such file or directory)
09-07 17:43:00.090  4383  4437 E BitmapFactory: Unable to decode stream: java.io.FileNotFoundException: /oem/etc/theme/icons/dynamic_icon/com.android.BBKClock/res/drawable-sw360dp-xxhdpi/clock_dial_center.png (No such file or directory)
09-07 17:43:00.406   718   718 I SurfaceFlinger: FPS: 51
09-07 17:43:00.941  1710  2176 I chatty  : uid=1000(system) AutobacklightTh identical 31 lines
09-07 17:43:01.412   718   718 I SurfaceFlinger: FPS: 57
09-07 17:43:01.693  1007  1186 E storaged: getDiskStats failed with result NOT_SUPPORTED and size 0
09-07 17:43:02.422   718   718 I SurfaceFlinger: FPS: 53
09-07 17:43:03.438   718   718 I SurfaceFlinger: FPS: 52
09-07 17:43:04.215 18564 18564 E adbd    : failed to connect to socket 'tcp:6790': Connection refused
09-07 17:43:04.160  1710  2176 I chatty  : uid=1000(system) AutobacklightTh identical 15 lines
09-07 17:43:04.348  1710  3776 D ActivityManager: AMS onShellCommand CallingPid=22544 ,callingUid=2000 ,PackageName=android.uid.shell:2000.Starting command :force-stop io.appium.uiautomator2.server.test
09-07 17:43:04.350  1710  3776 I ActivityManager: Force stopping io.appium.uiautomator2.server.test appid=10145 user=0: stop by 22544
09-07 17:43:04.359  1710  3776 I ActivityManager: Force stopping io.appium.uiautomator2.server.test appid=10145 user=999: stop by 22544
09-07 17:43:04.373  1710  1710 I NotificationService: action=android.intent.action.PACKAGE_RESTARTED removing=false
09-07 17:43:04.374  2713  2713 I chatty  : uid=1000(system) com.vivo.daemonService expire 10 lines
09-07 17:43:04.375  1710  1710 D NotificationService: handleSavePolicyFile
09-07 17:43:04.375  2713  2713 W ContextImpl: Calling a method in the system process without a qualified user: android.app.ContextImpl.startService:1550 android.content.ContextWrapper.startService:664 com.vivo.daemonService.easyshare.ESAlarmReceiver.a:5 com.vivo.daemonService.easyshare.ESAlarmReceiver.onReceive:2 android.app.LoadedApk$ReceiverDispatcher$Args.lambda$getRunnable$0:1416
